 P5Engine

 Timestamp is 635369c4 (Fri Oct 21 22:55:48 2022)

 Preferred load address is 0000000180000000

 Start         Length     Name                   Class
 0001:00000000 000154e0H .text$mn                CODE
 0001:000154e0 00000040H .text$mn$00             CODE
 0001:00015520 000000ddH .text$x                 CODE
 0002:00000000 00000100H .idata$5                DATA
 0002:00000100 00000028H .00cfg                  DATA
 0002:00000128 00000008H .CRT$XCA                DATA
 0002:00000130 00000008H .CRT$XCZ                DATA
 0002:00000138 00000008H .CRT$XIA                DATA
 0002:00000140 00000008H .CRT$XIZ                DATA
 0002:00000148 00000008H .CRT$XPA                DATA
 0002:00000150 00000008H .CRT$XPZ                DATA
 0002:00000158 00000008H .CRT$XTA                DATA
 0002:00000160 00000010H .CRT$XTZ                DATA
 0002:00000168 00000000H .gehcont$y              DATA
 0002:00000168 00000000H .gfids$y                DATA
 0002:00000170 00000410H .rdata                  DATA
 0002:00000580 00000000H .rdata$CastGuardVftablesA DATA
 0002:00000580 00000000H .rdata$CastGuardVftablesC DATA
 0002:00000580 00000174H .rdata$voltmd           DATA
 0002:000006f4 000002dcH .rdata$zzzdbg           DATA
 0002:000009d0 00000008H .rtc$IAA                DATA
 0002:000009d8 00000008H .rtc$IZZ                DATA
 0002:000009e0 00000008H .rtc$TAA                DATA
 0002:000009e8 00000008H .rtc$TZZ                DATA
 0002:000009f0 00000800H .xdata                  DATA
 0002:000011f0 00000074H .edata                  DATA
 0002:00001264 0000003cH .idata$2                DATA
 0002:000012a0 00000018H .idata$3                DATA
 0002:000012b8 00000100H .idata$4                DATA
 0002:000013b8 00000294H .idata$6                DATA
 0003:00000000 00004040H .data                   DATA
 0003:00004040 0000067cH .bss                    DATA
 0004:00000000 00000b70H .pdata                  DATA
 0005:00000000 0000001cH .msvcjmc                DATA
 0006:00000000 00000060H .rsrc$01                DATA
 0006:00000060 00000098H .rsrc$02                DATA

  Address         Publics by Value              Rva+Base               Lib:Object

 0000:00000000       __hybrid_auxiliary_iat     0000000000000000     <absolute>
 0000:00000000       __arm64x_redirection_metadata 0000000000000000     <absolute>
 0000:00000000       __guard_iat_count          0000000000000000     <absolute>
 0000:00000000       __AbsoluteZero             0000000000000000     <absolute>
 0000:00000000       __guard_longjmp_count      0000000000000000     <absolute>
 0000:00000000       __x64_code_ranges_to_entry_points_count 0000000000000000     <absolute>
 0000:00000000       ___safe_se_handler_table   0000000000000000     <absolute>
 0000:00000000       __guard_check_icall_a64n_fptr 0000000000000000     <absolute>
 0000:00000000       __guard_fids_table         0000000000000000     <absolute>
 0000:00000000       __hybrid_code_map_count    0000000000000000     <absolute>
 0000:00000000       __dynamic_value_reloc_table 0000000000000000     <absolute>
 0000:00000000       __guard_iat_table          0000000000000000     <absolute>
 0000:00000000       __guard_longjmp_table      0000000000000000     <absolute>
 0000:00000000       __x64_code_ranges_to_entry_points 0000000000000000     <absolute>
 0000:00000000       __guard_eh_cont_count      0000000000000000     <absolute>
 0000:00000000       __hybrid_auxiliary_iat_copy 0000000000000000     <absolute>
 0000:00000000       __guard_fids_count         0000000000000000     <absolute>
 0000:00000000       __arm64x_extra_rfe_table   0000000000000000     <absolute>
 0000:00000000       __hybrid_code_map          0000000000000000     <absolute>
 0000:00000000       __arm64x_redirection_metadata_count 0000000000000000     <absolute>
 0000:00000000       __arm64x_native_entrypoint 0000000000000000     <absolute>
 0000:00000000       __enclave_config           0000000000000000     <absolute>
 0000:00000000       ___safe_se_handler_count   0000000000000000     <absolute>
 0000:00000000       __guard_eh_cont_table      0000000000000000     <absolute>
 0000:00000000       __arm64x_extra_rfe_table_size 0000000000000000     <absolute>
 0000:00000100       __guard_flags              0000000000000100     <absolute>
 0000:00000000       __ImageBase                0000000180000000     <linker-defined>
 0001:000092b0       GameUpdateAndRender        000000018000a2b0 f   p5engine.obj
 0001:0000dec0       GameGetSoundSamples        000000018000eec0 f   p5engine.obj
 0001:0000df30       ??D@YA?ATv2@@MT0@@Z        000000018000ef30 f i p5engine.obj
 0001:0000dfb0       ??D@YA?ATv3@@MT0@@Z        000000018000efb0 f i p5engine.obj
 0001:0000e060       ??D@YA?ATv3@@T0@M@Z        000000018000f060 f i p5engine.obj
 0001:0000e0e0       ??D@YA?ATv4@@MT0@@Z        000000018000f0e0 f i p5engine.obj
 0001:0000e1b0       ??G@YA?ATv2@@T0@0@Z        000000018000f1b0 f i p5engine.obj
 0001:0000e230       ??G@YA?ATv3@@T0@0@Z        000000018000f230 f i p5engine.obj
 0001:0000e2f0       ??H@YA?ATv2@@T0@0@Z        000000018000f2f0 f i p5engine.obj
 0001:0000e370       ??H@YA?ATv3@@T0@0@Z        000000018000f370 f i p5engine.obj
 0001:0000e430       ??H@YA?ATv4@@T0@0@Z        000000018000f430 f i p5engine.obj
 0001:0000e510       ??X@YAAEATv3@@AEAT0@M@Z    000000018000f510 f i p5engine.obj
 0001:0000e590       ??Y@YAAEATv2@@AEAT0@T0@@Z  000000018000f590 f i p5engine.obj
 0001:0000e5e0       ??Y@YAAEATv3@@AEAT0@T0@@Z  000000018000f5e0 f i p5engine.obj
 0001:0000e680       ??Y@YAAEATv4@@AEAT0@T0@@Z  000000018000f680 f i p5engine.obj
 0001:0000e720       ??Z@YAAEATv3@@AEAT0@T0@@Z  000000018000f720 f i p5engine.obj
 0001:0000e7c0       ?ATan2@@YAMMM@Z            000000018000f7c0 f i p5engine.obj
 0001:0000e810       ?AbsoluteValue@@YAMM@Z     000000018000f810 f i p5engine.obj
 0001:0000e850       ?AddFlags@@YAXPEAUsim_entity@@I@Z 000000018000f850 f i p5engine.obj
 0001:0000e890       ?AddRadiusTo@@YA?AUrectangle3@@U1@Tv3@@@Z 000000018000f890 f i p5engine.obj
 0001:0000ea00       ?AllResourcesPresent@@YAHPEAUrender_group@@@Z 000000018000fa00 f i p5engine.obj
 0001:0000ea50       ?AreInSameChunk@@YAHPEAUworld@@PEAUworld_position@@1@Z 000000018000fa50 f i p5engine.obj
 0001:0000eb50       ?AtomicCompareExchangeUInt32@@YAIPECIII@Z 000000018000fb50 f i p5engine.obj
 0001:0000eba0       ?BeginAssetLock@@YAXPEAUgame_assets@@@Z 000000018000fba0 f i p5engine.obj
 0001:0000ebe0       ?BeginGeneration@@YAIPEAUgame_assets@@@Z 000000018000fbe0 f i p5engine.obj
 0001:0000ec90       ?BeginTemporaryMemory@@YA?AUtemporary_memory@@PEAUmemory_arena@@@Z 000000018000fc90 f i p5engine.obj
 0001:0000ed30       ?CenteredChunkPoint@@YA?AUworld_position@@III@Z 000000018000fd30 f i p5engine.obj
 0001:0000edc0       ?ChangeEntityLocationRaw@@YAXPEAUmemory_arena@@PEAUworld@@IPEAUworld_position@@2@Z 000000018000fdc0 f i p5engine.obj
 0001:0000f1b0       ?CheckArena@@YAXPEAUmemory_arena@@@Z 00000001800101b0 f i p5engine.obj
 0001:0000f1e0       ?ChunkPositionFromTilePosition@@YA?AUworld_position@@PEAUworld@@HHHTv3@@@Z 00000001800101e0 f i p5engine.obj
 0001:0000f480       ?Clamp01@@YA?ATv2@@T1@@Z   0000000180010480 f i p5engine.obj
 0001:0000f4f0       ?Clamp01@@YAMM@Z           00000001800104f0 f i p5engine.obj
 0001:0000f530       ?Clamp01MapToRange@@YAMMMM@Z 0000000180010530 f i p5engine.obj
 0001:0000f5b0       ?Clamp@@YAMMMM@Z           00000001800105b0 f i p5engine.obj
 0001:0000f620       ?Clear@@YAXPEAUrender_group@@Tv4@@@Z 0000000180010620 f i p5engine.obj
 0001:0000f680       ?ClearFlags@@YAXPEAUsim_entity@@I@Z 0000000180010680 f i p5engine.obj
 0001:0000f6c0       ?DefaultMoveSpec@@YA?AUmove_spec@@XZ 00000001800106c0 f i p5engine.obj
 0001:0000f760       ?EndAssetLock@@YAXPEAUgame_assets@@@Z 0000000180010760 f i p5engine.obj
 0001:0000f790       ?EndGeneration@@YAXPEAUgame_assets@@I@Z 0000000180010790 f i p5engine.obj
 0001:0000f850       ?EndTemporaryMemory@@YAXUtemporary_memory@@@Z 0000000180010850 f i p5engine.obj
 0001:0000f8d0       ?EntityOverlapsRectangle@@YAHTv3@@Usim_entity_collision_volume@@Urectangle3@@@Z 00000001800108d0 f i p5engine.obj
 0001:0000fa60       ?GetAlignmentOffset@@YA_KPEAUmemory_arena@@_K@Z 0000000180010a60 f i p5engine.obj
 0001:0000faf0       ?GetArenaSizeRemaining@@YA_KPEAUmemory_arena@@_K@Z 0000000180010af0 f i p5engine.obj
 0001:0000fb50       ?GetAsset@@YAPEAUasset_memory_header@@PEAUgame_assets@@II@Z 0000000180010b50 f i p5engine.obj
 0001:0000fc20       ?GetBarycentric@@YA?ATv2@@Urectangle2@@T1@@Z 0000000180010c20 f i p5engine.obj
 0001:0000fcd0       ?GetBitmap@@YAPEAUloaded_bitmap@@PEAUgame_assets@@Ubitmap_id@@I@Z 0000000180010cd0 f i p5engine.obj
 0001:0000fcd0       ?GetSound@@YAPEAUloaded_sound@@PEAUgame_assets@@Usound_id@@I@Z 0000000180010cd0 f i p5engine.obj
 0001:0000fd40       ?GetCameraRectangleAtDistance@@YA?AUrectangle2@@PEAUrender_group@@M@Z 0000000180010d40 f i p5engine.obj
 0001:0000fde0       ?GetCameraRectangleAtTarget@@YA?AUrectangle2@@PEAUrender_group@@@Z 0000000180010de0 f i p5engine.obj
 0001:0000fe50       ?GetDim@@YA?ATv2@@Urectangle2@@@Z 0000000180010e50 f i p5engine.obj
 0001:0000fe90       ?GetDim@@YA?ATv3@@Urectangle3@@@Z 0000000180010e90 f i p5engine.obj
 0001:0000ff30       ?GetEntityGroundPoint@@YA?ATv3@@PEAUsim_entity@@@Z 0000000180010f30 f i p5engine.obj
 0001:0000ffb0       ?GetEntityGroundPoint@@YA?ATv3@@PEAUsim_entity@@T1@@Z 0000000180010fb0 f i p5engine.obj
 0001:00010010       ?GetFileHandleFor@@YAPEAUplatform_file_handle@@PEAUgame_assets@@I@Z 0000000180011010 f i p5engine.obj
 0001:00010070       ?GetLowEntity@@YAPEAUlow_entity@@PEAUgame_state@@I@Z 0000000180011070 f i p5engine.obj
 0001:000100e0       ?GetMaxCorner@@YA?ATv3@@Urectangle3@@@Z 00000001800110e0 f i p5engine.obj
 0001:00010140       ?GetMinCorner@@YA?ATv3@@Urectangle3@@@Z 0000000180011140 f i p5engine.obj
 0001:00010190       ?GetNextSoundInChain@@YA?AUsound_id@@PEAUgame_assets@@U1@@Z 0000000180011190 f i p5engine.obj
 0001:00010250       ?GetRenderEntityBasisPos@@YA?AUentity_basis_p_result@@PEAUrender_transform@@Tv3@@@Z 0000000180011250 f i p5engine.obj
 0001:000104f0       ?GetSimSpacePos@@YA?ATv3@@PEAUsim_region@@PEAUlow_entity@@@Z 00000001800114f0 f i p5engine.obj
 0001:000105e0       ?GetSoundInfo@@YAPEAUp5a_sound@@PEAUgame_assets@@Usound_id@@@Z 00000001800115e0 f i p5engine.obj
 0001:00010640       ?GetStairGround@@YAMPEAUsim_entity@@Tv3@@@Z 0000000180011640 f i p5engine.obj
 0001:00010730       ?GetWorldChunk@@YAPEAUworld_chunk@@PEAUworld@@HHHPEAUmemory_arena@@@Z 0000000180011730 f i p5engine.obj
 0001:00010920       ?Hadamard@@YA?ATv2@@T1@0@Z 0000000180011920 f i p5engine.obj
 0001:00010980       ?Hadamard@@YA?ATv3@@T1@0@Z 0000000180011980 f i p5engine.obj
 0001:00010a40       ?HasFlag@@YAHPEAUsim_entity@@I@Z 0000000180011a40 f i p5engine.obj
 0001:00010a80       ?InitializeArena@@YAXPEAUmemory_arena@@_KPEAX@Z 0000000180011a80 f i p5engine.obj
 0001:00010ae0       ?Inner@@YAMTv2@@0@Z        0000000180011ae0 f i p5engine.obj
 0001:00010b30       ?Inner@@YAMTv3@@0@Z        0000000180011b30 f i p5engine.obj
 0001:00010ba0       ?InsertAssetHeaderAtFront@@YAXPEAUgame_assets@@PEAUasset_memory_header@@@Z 0000000180011ba0 f i p5engine.obj
 0001:00010c10       ?Intersect@@YA?AUrectangle2i@@U1@0@Z 0000000180011c10 f i p5engine.obj
 0001:00010d20       ?IsCanonical@@YAHMM@Z      0000000180011d20 f i p5engine.obj
 0001:00010dc0       ?IsCanonical@@YAHPEAUworld@@Tv3@@@Z 0000000180011dc0 f i p5engine.obj
 0001:00010e60       ?IsInRectangle@@YAHUrectangle3@@Tv3@@@Z 0000000180011e60 f i p5engine.obj
 0001:00010f20       ?IsValid@@YAHUsound_id@@@Z 0000000180011f20 f i p5engine.obj
 0001:00010f60       ?IsValid@@YAHUworld_position@@@Z 0000000180011f60 f i p5engine.obj
 0001:00010fb0       ?Length@@YAMTv3@@@Z        0000000180011fb0 f i p5engine.obj
 0001:00011000       ?LengthSq@@YAMTv2@@@Z      0000000180012000 f i p5engine.obj
 0001:00011040       ?LengthSq@@YAMTv3@@@Z      0000000180012040 f i p5engine.obj
 0001:000110b0       ?Lerp@@YAMMMM@Z            00000001800120b0 f i p5engine.obj
 0001:00011110       ?LoadEntityReference@@YAXPEAUgame_state@@PEAUsim_region@@PEATentity_reference@@@Z 0000000180012110 f i p5engine.obj
 0001:00011240       ?MakeEntityNonSpatial@@YAXPEAUsim_entity@@@Z 0000000180012240 f i p5engine.obj
 0001:000112c0       ?MakeEntitySpatial@@YAXPEAUsim_entity@@Tv3@@1@Z 00000001800122c0 f i p5engine.obj
 0001:00011330       ?MapIntoChunkSpace@@YA?AUworld_position@@PEAUworld@@U1@Tv3@@@Z 0000000180012330 f i p5engine.obj
 0001:00011420       ?NullPosition@@YA?AUworld_position@@XZ 0000000180012420 f i p5engine.obj
 0001:00011490       ?Orthographic@@YAXPEAUrender_group@@HHM@Z 0000000180012490 f i p5engine.obj
 0001:00011590       ?Perspective@@YAXPEAUrender_group@@HHMMM@Z 0000000180012590 f i p5engine.obj
 0001:00011680       ?PrefetchSound@@YAXPEAUgame_assets@@Usound_id@@@Z 0000000180012680 f i p5engine.obj
 0001:000116b0       ?PushBitmap@@YAXPEAUrender_group@@PEAUloaded_bitmap@@Tv3@@MTv4@@@Z 00000001800126b0 f i p5engine.obj
 0001:000118e0       ?PushBitmap@@YAXPEAUrender_group@@Ubitmap_id@@Tv3@@MTv4@@@Z 00000001800128e0 f i p5engine.obj
 0001:00011a40       ?PushRect@@YAXPEAUrender_group@@Tv3@@Tv2@@Tv4@@@Z 0000000180012a40 f i p5engine.obj
 0001:00011be0       ?PushRectOutline@@YAXPEAUrender_group@@Tv3@@Tv2@@Tv4@@@Z 0000000180012be0 f i p5engine.obj
 0001:00012070       ?PushRenderElement_@@YAPEAXPEAUrender_group@@IW4render_group_entry_type@@@Z 0000000180013070 f i p5engine.obj
 0001:00012120       ?PushSize_@@YAPEAXPEAUmemory_arena@@_K1@Z 0000000180013120 f i p5engine.obj
 0001:000121f0       ?RandomBetween@@YAMPEAUrandom_series@@MM@Z 00000001800131f0 f i p5engine.obj
 0001:00012240       ?RandomBilateral@@YAMPEAUrandom_series@@@Z 0000000180013240 f i p5engine.obj
 0001:00012290       ?RandomChoice@@YAIPEAUrandom_series@@I@Z 0000000180013290 f i p5engine.obj
 0001:000122d0       ?RandomNextUInt32@@YAIPEAUrandom_series@@@Z 00000001800132d0 f i p5engine.obj
 0001:00012340       ?RandomSeed@@YA?AUrandom_series@@I@Z 0000000180013340 f i p5engine.obj
 0001:000123b0       ?RandomUnilateral@@YAMPEAUrandom_series@@@Z 00000001800133b0 f i p5engine.obj
 0001:00012410       ?RecanonicalizeCoord@@YAXMPEAHPEAM@Z 0000000180013410 f i p5engine.obj
 0001:000124b0       ?RectCenterDim@@YA?AUrectangle2@@Tv2@@0@Z 00000001800134b0 f i p5engine.obj
 0001:00012540       ?RectCenterDim@@YA?AUrectangle3@@Tv3@@0@Z 0000000180013540 f i p5engine.obj
 0001:00012630       ?RectCenterHalfDim@@YA?AUrectangle2@@Tv2@@0@Z 0000000180013630 f i p5engine.obj
 0001:000126e0       ?RectCenterHalfDim@@YA?AUrectangle3@@Tv3@@0@Z 00000001800136e0 f i p5engine.obj
 0001:00012850       ?RectMinMax@@YA?AUrectangle3@@Tv3@@0@Z 0000000180013850 f i p5engine.obj
 0001:000128f0       ?RectanglesIntersect@@YAHUrectangle3@@0@Z 00000001800138f0 f i p5engine.obj
 0001:000129b0       ?RoundReal32ToInt32@@YAHM@Z 00000001800139b0 f i p5engine.obj
 0001:000129f0       ?RoundReal32ToUInt32@@YAIM@Z 00000001800139f0 f i p5engine.obj
 0001:00012a30       ?SafeRatio1@@YAMMM@Z       0000000180013a30 f i p5engine.obj
 0001:00012a80       ?SafeRatioN@@YAMMMM@Z      0000000180013a80 f i p5engine.obj
 0001:00012ae0       ?SignOf@@YAMM@Z            0000000180013ae0 f i p5engine.obj
 0001:00012b40       ?Sin@@YAMM@Z               0000000180013b40 f i p5engine.obj
 0001:00012b80       ?Square@@YAMM@Z            0000000180013b80 f i p5engine.obj
 0001:00012bc0       ?SquareRoot@@YAMM@Z        0000000180013bc0 f i p5engine.obj
 0001:00012c00       ?StoreEntityReference@@YAXPEATentity_reference@@@Z 0000000180013c00 f i p5engine.obj
 0001:00012c40       ?SubArena@@YAXPEAUmemory_arena@@0_K1@Z 0000000180013c40 f i p5engine.obj
 0001:00012cb0       ?ToV3@@YA?ATv3@@Tv2@@M@Z   0000000180013cb0 f i p5engine.obj
 0001:00012d40       ?Unproject@@YA?ATv2@@PEAUrender_group@@T1@M@Z 0000000180013d40 f i p5engine.obj
 0001:00012d90       ?V2@@YA?ATv2@@MM@Z         0000000180013d90 f i p5engine.obj
 0001:00012e00       ?V2i@@YA?ATv2@@HH@Z        0000000180013e00 f i p5engine.obj
 0001:00012e50       ?V3@@YA?ATv3@@MMM@Z        0000000180013e50 f i p5engine.obj
 0001:00012ef0       ?V4@@YA?ATv4@@MMMM@Z       0000000180013ef0 f i p5engine.obj
 0001:00012fa0       ?ZeroSize@@YAX_KPEAX@Z     0000000180013fa0 f i p5engine.obj
 0001:00013000       GetController              0000000180014000 f i p5engine.obj
 0001:00013060       TruncateReal32ToInt32      0000000180014060 f i p5engine.obj
 0001:00013090       ?DrawRectangleQuickly@@YAXPEAUloaded_bitmap@@Tv2@@11Tv4@@0MUrectangle2i@@H@Z 0000000180014090 f   p5engine_optimized.obj
 0001:00013dd0       __CheckForDebuggerJustMyCode 0000000180014dd0 f   MSVCRTD:debugger_jmc.obj
 0001:00013e10       __GSHandlerCheck           0000000180014e10 f   MSVCRTD:gshandler.obj
 0001:00013e50       __GSHandlerCheckCommon     0000000180014e50 f   MSVCRTD:gshandler.obj
 0001:00013f60       _alloca_probe              0000000180014f60 f   MSVCRTD:chkstk.obj
 0001:00013f60       __chkstk                   0000000180014f60 f   MSVCRTD:chkstk.obj
 0001:00013fc0       __security_check_cookie    0000000180014fc0 f   MSVCRTD:amdsecgs.obj
 0001:000143f0       _DllMainCRTStartup         00000001800153f0 f   MSVCRTD:dll_dllmain.obj
 0001:00014430       __raise_securityfailure    0000000180015430 f   MSVCRTD:gs_report.obj
 0001:00014470       __report_gsfailure         0000000180015470 f   MSVCRTD:gs_report.obj
 0001:000146d0       __security_init_cookie     00000001800156d0 f   MSVCRTD:gs_support.obj
 0001:00014750       DllMain                    0000000180015750 f   MSVCRTD:dll_dllmain_stub.obj
 0001:00014790       ?__scrt_initialize_type_info@@YAXXZ 0000000180015790 f   MSVCRTD:tncleanup.obj
 0001:000147b0       ?__scrt_uninitialize_type_info@@YAXXZ 00000001800157b0 f   MSVCRTD:tncleanup.obj
 0001:000147d0       __local_stdio_printf_options 00000001800157d0 f i MSVCRTD:default_local_stdio_options.obj
 0001:000147e0       __local_stdio_scanf_options 00000001800157e0 f i MSVCRTD:default_local_stdio_options.obj
 0001:000147f0       __scrt_initialize_default_local_stdio_options 00000001800157f0 f   MSVCRTD:default_local_stdio_options.obj
 0001:00014840       ?configure_argv@__scrt_narrow_argv_policy@@SAHXZ 0000000180015840 f i MSVCRTD:utility.obj
 0001:00014930       ?initialize_environment@__scrt_narrow_environment_policy@@SAHXZ 0000000180015930 f i MSVCRTD:utility.obj
 0001:000149d0       NtCurrentTeb               00000001800159d0 f i MSVCRTD:utility.obj
 0001:000149e0       __scrt_acquire_startup_lock 00000001800159e0 f   MSVCRTD:utility.obj
 0001:00014a50       __scrt_dllmain_after_initialize_c 0000000180015a50 f   MSVCRTD:utility.obj
 0001:00014a80       __scrt_dllmain_before_initialize_c 0000000180015a80 f   MSVCRTD:utility.obj
 0001:00014aa0       __scrt_dllmain_crt_thread_attach 0000000180015aa0 f   MSVCRTD:utility.obj
 0001:00014ad0       __scrt_dllmain_crt_thread_detach 0000000180015ad0 f   MSVCRTD:utility.obj
 0001:00014af0       __scrt_dllmain_exception_filter 0000000180015af0 f   MSVCRTD:utility.obj
 0001:00014b60       __scrt_dllmain_uninitialize_c 0000000180015b60 f   MSVCRTD:utility.obj
 0001:00014b90       __scrt_dllmain_uninitialize_critical 0000000180015b90 f   MSVCRTD:utility.obj
 0001:00014bb0       __scrt_initialize_crt      0000000180015bb0 f   MSVCRTD:utility.obj
 0001:00014c00       __scrt_initialize_onexit_tables 0000000180015c00 f   MSVCRTD:utility.obj
 0001:00014d10       __scrt_is_nonwritable_in_current_image 0000000180015d10 f   MSVCRTD:utility.obj
 0001:00014da0       __scrt_release_startup_lock 0000000180015da0 f   MSVCRTD:utility.obj
 0001:00014dd0       __scrt_uninitialize_crt    0000000180015dd0 f   MSVCRTD:utility.obj
 0001:00014e10       __scrt_get_dyn_tls_init_callback 0000000180015e10 f   MSVCRTD:dyn_tls_init.obj
 0001:00014e20       __crt_debugger_hook        0000000180015e20 f   MSVCRTD:utility_desktop.obj
 0001:00014e30       __scrt_fastfail            0000000180015e30 f   MSVCRTD:utility_desktop.obj
 0001:00014fd0       _RTC_Initialize            0000000180015fd0 f   MSVCRTD:initsect.obj
 0001:00015020       _RTC_Terminate             0000000180016020 f   MSVCRTD:initsect.obj
 0001:00015070       _guard_check_icall_nop     0000000180016070 f i MSVCRTD:guard_support.obj
 0001:00015080       __isa_available_init       0000000180016080 f   MSVCRTD:cpu_disp.obj
 0001:00015420       _get_startup_argv_mode     0000000180016420 f   MSVCRTD:argv_mode.obj
 0001:00015430       __scrt_is_ucrt_dll_in_use  0000000180016430 f   MSVCRTD:ucrt_detection.obj
 0001:00015460       __C_specific_handler       0000000180016460 f   vcruntimed:VCRUNTIME140D.dll
 0001:00015466       __std_type_info_destroy_list 0000000180016466 f   vcruntimed:VCRUNTIME140D.dll
 0001:0001546c       atan2                      000000018001646c f   ucrtd:ucrtbased.dll
 0001:00015472       sinf                       0000000180016472 f   ucrtd:ucrtbased.dll
 0001:00015478       sqrtf                      0000000180016478 f   ucrtd:ucrtbased.dll
 0001:0001547e       _initterm                  000000018001647e f   ucrtd:ucrtbased.dll
 0001:00015484       _initterm_e                0000000180016484 f   ucrtd:ucrtbased.dll
 0001:0001548a       _seh_filter_dll            000000018001648a f   ucrtd:ucrtbased.dll
 0001:00015490       _configure_narrow_argv     0000000180016490 f   ucrtd:ucrtbased.dll
 0001:00015496       _initialize_narrow_environment 0000000180016496 f   ucrtd:ucrtbased.dll
 0001:0001549c       _initialize_onexit_table   000000018001649c f   ucrtd:ucrtbased.dll
 0001:000154a2       _execute_onexit_table      00000001800164a2 f   ucrtd:ucrtbased.dll
 0001:000154a8       _cexit                     00000001800164a8 f   ucrtd:ucrtbased.dll
 0001:000154b0       __acrt_initialize          00000001800164b0 f   MSVCRTD:ucrt_stubs.obj
 0001:000154b0       __scrt_stub_for_acrt_initialize 00000001800164b0 f   MSVCRTD:ucrt_stubs.obj
 0001:000154b0       __vcrt_thread_attach       00000001800164b0 f   MSVCRTD:ucrt_stubs.obj
 0001:000154b0       __acrt_thread_attach       00000001800164b0 f   MSVCRTD:ucrt_stubs.obj
 0001:000154b0       __vcrt_initialize          00000001800164b0 f   MSVCRTD:ucrt_stubs.obj
 0001:000154b0       __scrt_stub_for_acrt_thread_detach 00000001800164b0 f   MSVCRTD:ucrt_stubs.obj
 0001:000154b0       __acrt_thread_detach       00000001800164b0 f   MSVCRTD:ucrt_stubs.obj
 0001:000154b0       __vcrt_thread_detach       00000001800164b0 f   MSVCRTD:ucrt_stubs.obj
 0001:000154b0       __scrt_stub_for_acrt_thread_attach 00000001800164b0 f   MSVCRTD:ucrt_stubs.obj
 0001:000154c0       __vcrt_uninitialize_critical 00000001800164c0 f   MSVCRTD:ucrt_stubs.obj
 0001:000154c0       __vcrt_uninitialize        00000001800164c0 f   MSVCRTD:ucrt_stubs.obj
 0001:000154c0       __scrt_stub_for_acrt_uninitialize_critical 00000001800164c0 f   MSVCRTD:ucrt_stubs.obj
 0001:000154c0       __scrt_stub_for_acrt_uninitialize 00000001800164c0 f   MSVCRTD:ucrt_stubs.obj
 0001:000154c0       __acrt_uninitialize_critical 00000001800164c0 f   MSVCRTD:ucrt_stubs.obj
 0001:000154c0       __acrt_uninitialize        00000001800164c0 f   MSVCRTD:ucrt_stubs.obj
 0001:000154d0       _is_c_termination_complete 00000001800164d0 f   MSVCRTD:ucrt_stubs.obj
 0001:000154d0       __scrt_stub_for_is_c_termination_complete 00000001800164d0 f   MSVCRTD:ucrt_stubs.obj
 0001:000154f0       _guard_dispatch_icall_nop  00000001800164f0 f   MSVCRTD:guard_dispatch.obj
 0001:00015510       _guard_xfg_dispatch_icall_nop 0000000180016510 f   MSVCRTD:guard_xfg_dispatch.obj
 0002:00000000       __imp_QueryPerformanceCounter 0000000180017000     kernel32:KERNEL32.dll
 0002:00000008       __imp_RtlCaptureContext    0000000180017008     kernel32:KERNEL32.dll
 0002:00000010       __imp_RtlLookupFunctionEntry 0000000180017010     kernel32:KERNEL32.dll
 0002:00000018       __imp_RtlVirtualUnwind     0000000180017018     kernel32:KERNEL32.dll
 0002:00000020       __imp_IsDebuggerPresent    0000000180017020     kernel32:KERNEL32.dll
 0002:00000028       __imp_InitializeSListHead  0000000180017028     kernel32:KERNEL32.dll
 0002:00000030       __imp_DisableThreadLibraryCalls 0000000180017030     kernel32:KERNEL32.dll
 0002:00000038       __imp_GetSystemTimeAsFileTime 0000000180017038     kernel32:KERNEL32.dll
 0002:00000040       __imp_GetCurrentProcessId  0000000180017040     kernel32:KERNEL32.dll
 0002:00000048       __imp_GetCurrentThreadId   0000000180017048     kernel32:KERNEL32.dll
 0002:00000050       __imp_IsProcessorFeaturePresent 0000000180017050     kernel32:KERNEL32.dll
 0002:00000058       __imp_TerminateProcess     0000000180017058     kernel32:KERNEL32.dll
 0002:00000060       __imp_GetCurrentProcess    0000000180017060     kernel32:KERNEL32.dll
 0002:00000068       __imp_SetUnhandledExceptionFilter 0000000180017068     kernel32:KERNEL32.dll
 0002:00000070       __imp_UnhandledExceptionFilter 0000000180017070     kernel32:KERNEL32.dll
 0002:00000078       \177KERNEL32_NULL_THUNK_DATA 0000000180017078     kernel32:KERNEL32.dll
 0002:00000080       __imp___std_type_info_destroy_list 0000000180017080     vcruntimed:VCRUNTIME140D.dll
 0002:00000088       __imp___C_specific_handler 0000000180017088     vcruntimed:VCRUNTIME140D.dll
 0002:00000090       \177VCRUNTIME140D_NULL_THUNK_DATA 0000000180017090     vcruntimed:VCRUNTIME140D.dll
 0002:00000098       __imp__cexit               0000000180017098     ucrtd:ucrtbased.dll
 0002:000000a0       __imp__execute_onexit_table 00000001800170a0     ucrtd:ucrtbased.dll
 0002:000000a8       __imp__initialize_onexit_table 00000001800170a8     ucrtd:ucrtbased.dll
 0002:000000b0       __imp__initialize_narrow_environment 00000001800170b0     ucrtd:ucrtbased.dll
 0002:000000b8       __imp__configure_narrow_argv 00000001800170b8     ucrtd:ucrtbased.dll
 0002:000000c0       __imp__initterm_e          00000001800170c0     ucrtd:ucrtbased.dll
 0002:000000c8       __imp__initterm            00000001800170c8     ucrtd:ucrtbased.dll
 0002:000000d0       __imp_sqrtf                00000001800170d0     ucrtd:ucrtbased.dll
 0002:000000d8       __imp_sinf                 00000001800170d8     ucrtd:ucrtbased.dll
 0002:000000e0       __imp_atan2                00000001800170e0     ucrtd:ucrtbased.dll
 0002:000000e8       __imp_roundf               00000001800170e8     ucrtd:ucrtbased.dll
 0002:000000f0       __imp__seh_filter_dll      00000001800170f0     ucrtd:ucrtbased.dll
 0002:000000f8       \177ucrtbased_NULL_THUNK_DATA 00000001800170f8     ucrtd:ucrtbased.dll
 0002:00000100       __guard_check_icall_fptr   0000000180017100     MSVCRTD:guard_support.obj
 0002:00000108       __guard_xfg_check_icall_fptr 0000000180017108     MSVCRTD:guard_support.obj
 0002:00000110       __guard_dispatch_icall_fptr 0000000180017110     MSVCRTD:guard_support.obj
 0002:00000118       __guard_xfg_dispatch_icall_fptr 0000000180017118     MSVCRTD:guard_support.obj
 0002:00000120       __guard_xfg_table_dispatch_icall_fptr 0000000180017120     MSVCRTD:guard_support.obj
 0002:00000128       __xc_a                     0000000180017128     MSVCRTD:initializers.obj
 0002:00000130       __xc_z                     0000000180017130     MSVCRTD:initializers.obj
 0002:00000138       __xi_a                     0000000180017138     MSVCRTD:initializers.obj
 0002:00000140       __xi_z                     0000000180017140     MSVCRTD:initializers.obj
 0002:00000148       __xp_a                     0000000180017148     MSVCRTD:initializers.obj
 0002:00000150       __xp_z                     0000000180017150     MSVCRTD:initializers.obj
 0002:00000158       __xt_a                     0000000180017158     MSVCRTD:initializers.obj
 0002:00000160       __xt_z                     0000000180017160     MSVCRTD:initializers.obj
 0002:00000208       ??_C@_0BA@NMEIMCEK@InvalidCodePath@ 0000000180017208     p5engine.obj
 0002:00000218       __real@00000000            0000000180017218     p5engine.obj
 0002:0000021c       __real@308992b1            000000018001721c     p5engine.obj
 0002:00000220       __real@3a83126f            0000000180017220     p5engine.obj
 0002:00000224       __real@3c23d70a            0000000180017224     p5engine.obj
 0002:00000228       __real@3cc30c31            0000000180017228     p5engine.obj
 0002:0000022c       __real@3d4ccccd            000000018001722c     p5engine.obj
 0002:00000230       __real@3dcccccd            0000000180017230     p5engine.obj
 0002:00000234       __real@3e4ccccd            0000000180017234     p5engine.obj
 0002:00000238       __real@3e800000            0000000180017238     p5engine.obj
 0002:0000023c       __real@3e99999a            000000018001723c     p5engine.obj
 0002:00000240       __real@3ecccccd            0000000180017240     p5engine.obj
 0002:00000244       __real@3ee147ae            0000000180017244     p5engine.obj
 0002:00000248       __real@3f000000            0000000180017248     p5engine.obj
 0002:0000024c       __real@3f19999a            000000018001724c     p5engine.obj
 0002:00000250       __real@3f228f5c            0000000180017250     p5engine.obj
 0002:00000254       __real@3f333333            0000000180017254     p5engine.obj
 0002:00000258       __real@3f3504f3            0000000180017258     p5engine.obj
 0002:0000025c       __real@3f400000            000000018001725c     p5engine.obj
 0002:00000260       __real@3f666666            0000000180017260     p5engine.obj
 0002:00000264       __real@3f800000            0000000180017264     p5engine.obj
 0002:00000268       __real@3f8ccccd            0000000180017268     p5engine.obj
 0002:0000026c       __real@3f99999a            000000018001726c     p5engine.obj
 0002:00000270       __real@3fa66666            0000000180017270     p5engine.obj
 0002:00000274       __real@3fb33333            0000000180017274     p5engine.obj
 0002:00000278       __real@3fc00000            0000000180017278     p5engine.obj
 0002:0000027c       __real@40000000            000000018001727c     p5engine.obj
 0002:00000280       __real@400ccccd            0000000180017280     p5engine.obj
 0002:00000284       __real@40400000            0000000180017284     p5engine.obj
 0002:00000288       __real@40800000            0000000180017288     p5engine.obj
 0002:0000028c       __real@40a00000            000000018001728c     p5engine.obj
 0002:00000290       __real@40c00000            0000000180017290     p5engine.obj
 0002:00000294       __real@40c90fdb            0000000180017294     p5engine.obj
 0002:00000298       __real@40e00000            0000000180017298     p5engine.obj
 0002:0000029c       __real@41100000            000000018001729c     p5engine.obj
 0002:000002a0       __real@41700000            00000001800172a0     p5engine.obj
 0002:000002a4       __real@41800000            00000001800172a4     p5engine.obj
 0002:000002a8       __real@41880000            00000001800172a8     p5engine.obj
 0002:000002ac       __real@41a00000            00000001800172ac     p5engine.obj
 0002:000002b0       __real@41f00000            00000001800172b0     p5engine.obj
 0002:000002b4       __real@42340000            00000001800172b4     p5engine.obj
 0002:000002b8       __real@437f0000            00000001800172b8     p5engine.obj
 0002:000002bc       __real@461c4000            00000001800172bc     p5engine.obj
 0002:000002c0       __real@47c35000            00000001800172c0     p5engine.obj
 0002:000002c4       __real@49742400            00000001800172c4     p5engine.obj
 0002:000002c8       __real@7f7fffff            00000001800172c8     p5engine.obj
 0002:000002cc       __real@bc23d70a            00000001800172cc     p5engine.obj
 0002:000002d0       __real@bd4ccccd            00000001800172d0     p5engine.obj
 0002:000002d4       __real@be800000            00000001800172d4     p5engine.obj
 0002:000002d8       __real@becccccd            00000001800172d8     p5engine.obj
 0002:000002dc       __real@bf000000            00000001800172dc     p5engine.obj
 0002:000002e0       __real@bf800000            00000001800172e0     p5engine.obj
 0002:000002e4       __real@c0000000            00000001800172e4     p5engine.obj
 0002:000002e8       __real@c0100000            00000001800172e8     p5engine.obj
 0002:000002ec       __real@c0400000            00000001800172ec     p5engine.obj
 0002:000002f0       __real@c11ccccd            00000001800172f0     p5engine.obj
 0002:00000300       __xmm@00000000000000000000000000000000 0000000180017300     p5engine.obj
 0002:00000310       __xmm@3f8000003f8000003f8000003f800000 0000000180017310     p5engine.obj
 0002:00000320       __xmm@7fffffffffffffff7fffffffffffffff 0000000180017320     p5engine.obj
 0002:00000330       __xmm@80000000800000008000000080000000 0000000180017330     p5engine.obj
 0002:00000340       __xmm@000000ff000000ff000000ff000000ff 0000000180017340     p5engine_optimized.obj
 0002:00000350       __xmm@0000ffff0000ffff0000ffff0000ffff 0000000180017350     p5engine_optimized.obj
 0002:00000360       __xmm@00ff00ff00ff00ff00ff00ff00ff00ff 0000000180017360     p5engine_optimized.obj
 0002:00000370       __xmm@3b8080813b8080813b8080813b808081 0000000180017370     p5engine_optimized.obj
 0002:00000380       __xmm@3f0000003f0000003f0000003f000000 0000000180017380     p5engine_optimized.obj
 0002:00000390       __xmm@40800000408000004080000040800000 0000000180017390     p5engine_optimized.obj
 0002:000003a0       __xmm@477e0100477e0100477e0100477e0100 00000001800173a0     p5engine_optimized.obj
 0002:000003b0       __xmm@ffffffffffffffffffffffffffffffff 00000001800173b0     p5engine_optimized.obj
 0002:000003c0       _pDefaultRawDllMain        00000001800173c0     MSVCRTD:dll_dllmain.obj
 0002:000003c0       _pRawDllMain               00000001800173c0     MSVCRTD:dll_dllmain.obj
 0002:00000430       _load_config_used          0000000180017430     MSVCRTD:loadcfg.obj
 0002:00000580       __volatile_metadata        0000000180017580     <linker-defined>
 0002:000009d0       __rtc_iaa                  00000001800179d0     MSVCRTD:initsect.obj
 0002:000009d8       __rtc_izz                  00000001800179d8     MSVCRTD:initsect.obj
 0002:000009e0       __rtc_taa                  00000001800179e0     MSVCRTD:initsect.obj
 0002:000009e8       __rtc_tzz                  00000001800179e8     MSVCRTD:initsect.obj
 0002:00001264       __IMPORT_DESCRIPTOR_VCRUNTIME140D 0000000180018264     vcruntimed:VCRUNTIME140D.dll
 0002:00001278       __IMPORT_DESCRIPTOR_ucrtbased 0000000180018278     ucrtd:ucrtbased.dll
 0002:0000128c       __IMPORT_DESCRIPTOR_KERNEL32 000000018001828c     kernel32:KERNEL32.dll
 0002:000012a0       __NULL_IMPORT_DESCRIPTOR   00000001800182a0     vcruntimed:VCRUNTIME140D.dll
 0003:00004000       __security_cookie_complement 000000018001d000     MSVCRTD:gs_cookie.obj
 0003:00004008       __security_cookie          000000018001d008     MSVCRTD:gs_cookie.obj
 0003:00004010       _fltused                   000000018001d010     MSVCRTD:fltused.obj
 0003:00004014       __scrt_native_dllmain_reason 000000018001d014     MSVCRTD:utility.obj
 0003:00004018       __isa_available            000000018001d018     MSVCRTD:cpu_disp.obj
 0003:0000401c       __isa_enabled              000000018001d01c     MSVCRTD:cpu_disp.obj
 0003:00004020       __memcpy_nt_iters          000000018001d020     MSVCRTD:cpu_disp.obj
 0003:00004028       __memset_nt_iters          000000018001d028     MSVCRTD:cpu_disp.obj
 0003:00004030       __scrt_ucrt_dll_is_in_use  000000018001d030     MSVCRTD:ucrt_stubs.obj
 0003:00004040       DebugGlobalMemory          000000018001d040     p5engine.obj
 0003:00004630       ?__type_info_root_node@@3U__type_info_node@@A 000000018001d630     MSVCRTD:tncleanup.obj
 0003:00004640       ?_OptionsStorage@?1??__local_stdio_printf_options@@9@4_KA 000000018001d640     MSVCRTD:default_local_stdio_options.obj
 0003:00004648       ?_OptionsStorage@?1??__local_stdio_scanf_options@@9@4_KA 000000018001d648     MSVCRTD:default_local_stdio_options.obj
 0003:00004650       __scrt_current_native_startup_state 000000018001d650     MSVCRTD:utility.obj
 0003:00004658       __scrt_native_startup_lock 000000018001d658     MSVCRTD:utility.obj
 0003:00004698       __scrt_debugger_hook_flag  000000018001d698     MSVCRTD:utility_desktop.obj
 0003:000046a0       __castguard_check_failure_os_handled_fptr 000000018001d6a0     MSVCRTD:guard_support.obj
 0003:000046a8       __favor                    000000018001d6a8     MSVCRTD:cpu_disp.obj
 0003:000046b0       __dyn_tls_init_callback    000000018001d6b0     <common>
 0003:000046b8       __DebuggerCurrentSteppingThreadId 000000018001d6b8     <common>

 entry point at        0001:000143f0

 Static symbols

 0000:fffde000       .debug$S                   0000000180000000     P5Engine.exp
 0000:fffde000       .debug$S                   0000000180000000     vcruntimed:VCRUNTIME140D.dll
 0000:fffde000       .debug$S                   0000000180000000     vcruntimed:VCRUNTIME140D.dll
 0000:fffde000       .debug$S                   0000000180000000     vcruntimed:VCRUNTIME140D.dll
 0000:fffde000       .debug$S                   0000000180000000     vcruntimed:VCRUNTIME140D.dll
 0000:fffde000       .debug$S                   0000000180000000     ucrtd:ucrtbased.dll
 0000:fffde000       .debug$S                   0000000180000000     ucrtd:ucrtbased.dll
 0000:fffde000       .debug$S                   0000000180000000     ucrtd:ucrtbased.dll
 0000:fffde000       .debug$S                   0000000180000000     ucrtd:ucrtbased.dll
 0000:fffde000       .debug$S                   0000000180000000     ucrtd:ucrtbased.dll
 0000:fffde000       .debug$S                   0000000180000000     ucrtd:ucrtbased.dll
 0000:fffde000       .debug$S                   0000000180000000     ucrtd:ucrtbased.dll
 0000:fffde000       .debug$S                   0000000180000000     ucrtd:ucrtbased.dll
 0000:fffde000       .debug$S                   0000000180000000     ucrtd:ucrtbased.dll
 0000:fffde000       .debug$S                   0000000180000000     ucrtd:ucrtbased.dll
 0000:fffde000       .debug$S                   0000000180000000     ucrtd:ucrtbased.dll
 0000:fffde000       .debug$S                   0000000180000000     ucrtd:ucrtbased.dll
 0000:fffde000       .debug$S                   0000000180000000     ucrtd:ucrtbased.dll
 0000:fffde000       .debug$S                   0000000180000000     ucrtd:ucrtbased.dll
 0000:fffde000       .debug$S                   0000000180000000     ucrtd:ucrtbased.dll
 0000:fffde000       .debug$S                   0000000180000000     ucrtd:ucrtbased.dll
 0000:fffde000       .debug$S                   0000000180000000     kernel32:KERNEL32.dll
 0000:fffde000       .debug$S                   0000000180000000     kernel32:KERNEL32.dll
 0000:fffde000       .debug$S                   0000000180000000     kernel32:KERNEL32.dll
 0000:fffde000       .debug$S                   0000000180000000     kernel32:KERNEL32.dll
 0000:fffde000       .debug$S                   0000000180000000     kernel32:KERNEL32.dll
 0000:fffde000       .debug$S                   0000000180000000     kernel32:KERNEL32.dll
 0000:fffde000       .debug$S                   0000000180000000     kernel32:KERNEL32.dll
 0000:fffde000       .debug$S                   0000000180000000     kernel32:KERNEL32.dll
 0000:fffde000       .debug$S                   0000000180000000     kernel32:KERNEL32.dll
 0000:fffde000       .debug$S                   0000000180000000     kernel32:KERNEL32.dll
 0000:fffde000       .debug$S                   0000000180000000     kernel32:KERNEL32.dll
 0000:fffde000       .debug$S                   0000000180000000     kernel32:KERNEL32.dll
 0000:fffde000       .debug$S                   0000000180000000     kernel32:KERNEL32.dll
 0000:fffde000       .debug$S                   0000000180000000     kernel32:KERNEL32.dll
 0000:fffde000       .debug$S                   0000000180000000     kernel32:KERNEL32.dll
 0000:fffde000       .debug$S                   0000000180000000     kernel32:KERNEL32.dll
 0000:fffde000       .debug$S                   0000000180000000     kernel32:KERNEL32.dll
 0001:00000000       ?RemoveAssetHeaderFromList@@YAXPEAUasset_memory_header@@@Z 0000000180001000 f   p5engine.obj
 0001:00000070       ?LoadBitmap@@YAXPEAUgame_assets@@Ubitmap_id@@H@Z 0000000180001070 f   p5engine.obj
 0001:000003b0       ?LoadSound@@YAXPEAUgame_assets@@Usound_id@@@Z 00000001800013b0 f   p5engine.obj
 0001:00000650       ?AddCollisionRule@@YAXPEAUgame_state@@IIH@Z 0000000180001650 f   p5engine.obj
 0001:000007d0       ?ClearCollisionRulesFor@@YAXPEAUgame_state@@I@Z 00000001800017d0 f   p5engine.obj
 0001:000008d0       ?BeginTaskWithMemory@@YAPEAUtask_with_memory@@PEAUtransient_state@@@Z 00000001800018d0 f   p5engine.obj
 0001:000009b0       ?EndTaskWithMemory@@YAXPEAUtask_with_memory@@@Z 00000001800019b0 f   p5engine.obj
 0001:00000a10       ?DrawRectangle@@YAXPEAUloaded_bitmap@@Tv2@@1Tv4@@Urectangle2i@@H@Z 0000000180001a10 f   p5engine.obj
 0001:00000cc0       ?RenderGroupToOutput@@YAXPEAUrender_group@@PEAUloaded_bitmap@@Urectangle2i@@H@Z 0000000180001cc0 f   p5engine.obj
 0001:000010b0       ?DoTiledRenderWork@@YAXPEAUplatform_work_queue@@PEAX@Z 00000001800020b0 f   p5engine.obj
 0001:00001160       ?RenderGroupToOutput@@YAXPEAUrender_group@@PEAUloaded_bitmap@@@Z 0000000180002160 f   p5engine.obj
 0001:00001240       ?TiledRenderGroupToOutput@@YAXPEAUplatform_work_queue@@PEAUrender_group@@PEAUloaded_bitmap@@@Z 0000000180002240 f   p5engine.obj
 0001:00001470       ?AllocateRenderGroup@@YAPEAUrender_group@@PEAUgame_assets@@PEAUmemory_arena@@IH@Z 0000000180002470 f   p5engine.obj
 0001:000015c0       ?FinishRenderGroup@@YAXPEAUrender_group@@@Z 00000001800025c0 f   p5engine.obj
 0001:00001600       ?InitializeWorld@@YAXPEAUworld@@Tv3@@@Z 0000000180002600 f   p5engine.obj
 0001:000016a0       ?Subtract@@YA?ATv3@@PEAUworld@@PEAUworld_position@@1@Z 00000001800026a0 f   p5engine.obj
 0001:00001910       ?ChangeEntityLocation@@YAXPEAUmemory_arena@@PEAUworld@@IPEAUlow_entity@@Uworld_position@@@Z 0000000180002910 f   p5engine.obj
 0001:00001aa0       ?GetHashFromStorageIndex@@YAPEAUsim_entity_hash@@PEAUsim_region@@I@Z 0000000180002aa0 f   p5engine.obj
 0001:00001b70       ?AddEntity@@YAPEAUsim_entity@@PEAUgame_state@@PEAUsim_region@@IPEAUlow_entity@@PEATv3@@@Z 0000000180002b70 f   p5engine.obj
 0001:00001cd0       ?AddEntityRaw@@YAPEAUsim_entity@@PEAUgame_state@@PEAUsim_region@@IPEAUlow_entity@@@Z 0000000180002cd0 f   p5engine.obj
 0001:00001e50       ?BeginSim@@YAPEAUsim_region@@PEAUmemory_arena@@PEAUgame_state@@PEAUworld@@Uworld_position@@Urectangle3@@M@Z 0000000180002e50 f   p5engine.obj
 0001:000024c0       ?EndSim@@YAXPEAUsim_region@@PEAUgame_state@@@Z 00000001800034c0 f   p5engine.obj
 0001:00002780       ?CanCollide@@YAHPEAUgame_state@@PEAUsim_entity@@1@Z 0000000180003780 f   p5engine.obj
 0001:000028d0       ?HandleCollision@@YAHPEAUgame_state@@PEAUsim_entity@@1@Z 00000001800038d0 f   p5engine.obj
 0001:000029b0       ?CanOverlap@@YAHPEAUgame_state@@PEAUsim_entity@@1@Z 00000001800039b0 f   p5engine.obj
 0001:00002a10       ?HandleOverlap@@YAXPEAUgame_state@@PEAUsim_entity@@1MPEAM@Z 0000000180003a10 f   p5engine.obj
 0001:00002ab0       ?SpeculativeCollide@@YAHPEAUsim_entity@@0Tv3@@@Z 0000000180003ab0 f   p5engine.obj
 0001:00002bb0       ?EntitiesOverlap@@YAHPEAUsim_entity@@0Tv3@@@Z 0000000180003bb0 f   p5engine.obj
 0001:00002ef0       ?MoveEntity@@YAXPEAUgame_state@@PEAUsim_region@@PEAUsim_entity@@MPEAUmove_spec@@Tv3@@@Z 0000000180003ef0 f   p5engine.obj
 0001:00004850       ?LoadAssetWorkDirectly@@YAXPEAUload_asset_work@@@Z 0000000180005850 f   p5engine.obj
 0001:000048e0       ?LoadAssetWork@@YAXPEAUplatform_work_queue@@PEAX@Z 00000001800058e0 f   p5engine.obj
 0001:00004930       ?InsertBlock@@YAPEAUasset_memory_block@@PEAU1@_KPEAX@Z 0000000180005930 f   p5engine.obj
 0001:000049e0       ?FindBlockForSize@@YAPEAUasset_memory_block@@PEAUgame_assets@@_K@Z 00000001800059e0 f   p5engine.obj
 0001:00004a80       ?MergeIfPossible@@YAHPEAUgame_assets@@PEAUasset_memory_block@@1@Z 0000000180005a80 f   p5engine.obj
 0001:00004b80       ?GenerationHasCompleted@@YAHPEAUgame_assets@@I@Z 0000000180005b80 f   p5engine.obj
 0001:00004c00       ?AcquireAssetMemory@@YAPEAUasset_memory_header@@PEAUgame_assets@@II@Z 0000000180005c00 f   p5engine.obj
 0001:00004eb0       ?GetBestMatchAssetFrom@@YAIPEAUgame_assets@@W4asset_type_id@@PEAUasset_vector@@2@Z 0000000180005eb0 f   p5engine.obj
 0001:000050f0       ?GetRandomAssetFrom@@YAIPEAUgame_assets@@W4asset_type_id@@PEAUrandom_series@@@Z 00000001800060f0 f   p5engine.obj
 0001:00005190       ?GetFirstAssetFrom@@YAIPEAUgame_assets@@W4asset_type_id@@@Z 0000000180006190 f   p5engine.obj
 0001:00005200       ?GetBestMatchBitmapFrom@@YA?AUbitmap_id@@PEAUgame_assets@@W4asset_type_id@@PEAUasset_vector@@2@Z 0000000180006200 f   p5engine.obj
 0001:00005250       ?GetFirstBitmapFrom@@YA?AUbitmap_id@@PEAUgame_assets@@W4asset_type_id@@@Z 0000000180006250 f   p5engine.obj
 0001:00005290       ?GetRandomBitmapFrom@@YA?AUbitmap_id@@PEAUgame_assets@@W4asset_type_id@@PEAUrandom_series@@@Z 0000000180006290 f   p5engine.obj
 0001:000052e0       ?GetRandomSoundFrom@@YA?AUsound_id@@PEAUgame_assets@@W4asset_type_id@@PEAUrandom_series@@@Z 00000001800062e0 f   p5engine.obj
 0001:00005330       ?AllocateGameAssets@@YAPEAUgame_assets@@PEAUmemory_arena@@_KPEAUtransient_state@@@Z 0000000180006330 f   p5engine.obj
 0001:00005c50       ?PlaySound@@YAPEAUplaying_sound@@PEAUaudio_state@@Usound_id@@@Z 0000000180006c50 f   p5engine.obj
 0001:00005d80       ?ChangeVolume@@YAXPEAUaudio_state@@PEAUplaying_sound@@MTv2@@@Z 0000000180006d80 f   p5engine.obj
 0001:00005e50       ?OutputPlayingSounds@@YAXPEAUaudio_state@@PEAUgame_sound_output_buffer@@PEAUgame_assets@@PEAUmemory_arena@@@Z 0000000180006e50 f   p5engine.obj
 0001:00006f60       ?InitializeAudioState@@YAXPEAUaudio_state@@PEAUmemory_arena@@@Z 0000000180007f60 f   p5engine.obj
 0001:00006fe0       ?AddLowEntity@@YA?AUadd_low_entity_result@@PEAUgame_state@@W4entity_type@@Uworld_position@@@Z 0000000180007fe0 f   p5engine.obj
 0001:000071e0       ?AddGroundedEntity@@YA?AUadd_low_entity_result@@PEAUgame_state@@W4entity_type@@Uworld_position@@PEAUsim_entity_collision_volume_group@@@Z 00000001800081e0 f   p5engine.obj
 0001:00007290       ?AddStandardRoom@@YA?AUadd_low_entity_result@@PEAUgame_state@@III@Z 0000000180008290 f   p5engine.obj
 0001:000073f0       ?AddWall@@YA?AUadd_low_entity_result@@PEAUgame_state@@III@Z 00000001800083f0 f   p5engine.obj
 0001:00007550       ?AddStairs@@YA?AUadd_low_entity_result@@PEAUgame_state@@III@Z 0000000180008550 f   p5engine.obj
 0001:000076e0       ?InitHitPoints@@YAXPEAUlow_entity@@I@Z 00000001800086e0 f   p5engine.obj
 0001:00007770       ?AddSword@@YA?AUadd_low_entity_result@@PEAUgame_state@@@Z 0000000180008770 f   p5engine.obj
 0001:00007860       ?AddPlayer@@YA?AUadd_low_entity_result@@PEAUgame_state@@@Z 0000000180008860 f   p5engine.obj
 0001:000079a0       ?AddMonstar@@YA?AUadd_low_entity_result@@PEAUgame_state@@III@Z 00000001800089a0 f   p5engine.obj
 0001:00007b10       ?AddFamiliar@@YA?AUadd_low_entity_result@@PEAUgame_state@@III@Z 0000000180008b10 f   p5engine.obj
 0001:00007c70       ?DrawHitpoints@@YAXPEAUsim_entity@@PEAUrender_group@@@Z 0000000180008c70 f   p5engine.obj
 0001:00007ee0       ?MakeSimpleGroundedCollision@@YAPEAUsim_entity_collision_volume_group@@PEAUgame_state@@MMM@Z 0000000180008ee0 f   p5engine.obj
 0001:00008040       ?MakeNullCollision@@YAPEAUsim_entity_collision_volume_group@@PEAUgame_state@@@Z 0000000180009040 f   p5engine.obj
 0001:00008120       ?FillGroundChunkWork@@YAXPEAUplatform_work_queue@@PEAX@Z 0000000180009120 f   p5engine.obj
 0001:00008180       ?FillGroundChunk@@YAXPEAUtransient_state@@PEAUgame_state@@PEAUground_buffer@@PEAUworld_position@@@Z 0000000180009180 f   p5engine.obj
 0001:00008a00       ?ClearBitmap@@YAXPEAUloaded_bitmap@@@Z 0000000180009a00 f   p5engine.obj
 0001:00008a60       ?MakeEmptyBitmap@@YA?AUloaded_bitmap@@PEAUmemory_arena@@HHH@Z 0000000180009a60 f   p5engine.obj
 0001:00008ba0       ?MakeSphereDiffuseMap@@YAXPEAUloaded_bitmap@@MM@Z 0000000180009ba0 f   p5engine.obj
 0001:00008ed0       ?MakeSphereNormalMap@@YAXPEAUloaded_bitmap@@MMM@Z 0000000180009ed0 f   p5engine.obj
 0001:0000de94       $LN167                     000000018000ee94     p5engine.obj
 0001:00013f50       $$000000                   0000000180014f50     MSVCRTD:chkstk.obj
 0001:00013fb0       $$000000                   0000000180014fb0     MSVCRTD:amdsecgs.obj
 0001:00013fe0       ?dllmain_crt_dispatch@@YAHQEAUHINSTANCE__@@KQEAX@Z 0000000180014fe0 f   MSVCRTD:dll_dllmain.obj
 0001:00014070       ?dllmain_crt_process_attach@@YAHQEAUHINSTANCE__@@QEAX@Z 0000000180015070 f   MSVCRTD:dll_dllmain.obj
 0001:000141b0       ?dllmain_crt_process_detach@@YAH_N@Z 00000001800151b0 f   MSVCRTD:dll_dllmain.obj
 0001:00014250       ?dllmain_dispatch@@YAHQEAUHINSTANCE__@@KQEAX@Z 0000000180015250 f   MSVCRTD:dll_dllmain.obj
 0001:00014390       ?dllmain_raw@@YAHQEAUHINSTANCE__@@KQEAX@Z 0000000180015390 f   MSVCRTD:dll_dllmain.obj
 0001:00014550       capture_previous_context   0000000180015550 f   MSVCRTD:gs_report.obj
 0001:00014610       __get_entropy              0000000180015610 f   MSVCRTD:gs_support.obj
 0001:00014860       ?find_pe_section@@YAPEAU_IMAGE_SECTION_HEADER@@QEAE_K@Z 0000000180015860 f   MSVCRTD:utility.obj
 0001:00014940       ?is_potentially_valid_image_base@@YA_NQEAX@Z 0000000180015940 f   MSVCRTD:utility.obj
 0001:000154e0       $$000000                   00000001800164e0     MSVCRTD:guard_dispatch.obj
 0001:00015500       $$000000                   0000000180016500     MSVCRTD:guard_xfg_dispatch.obj
 0001:00015520       ?fin$0@?0??dllmain_crt_process_attach@@YAHQEAUHINSTANCE__@@QEAX@Z@4HA 0000000180016520 f   MSVCRTD:dll_dllmain.obj
 0001:00015540       ?fin$0@?0??dllmain_crt_process_detach@@YAH_N@Z@4HA 0000000180016540 f   MSVCRTD:dll_dllmain.obj
 0001:0001555a       ?fin$1@?0??dllmain_crt_process_detach@@YAH_N@Z@4HA 000000018001655a f   MSVCRTD:dll_dllmain.obj
 0001:00015570       ?filt$0@?0??dllmain_dispatch@@YAHQEAUHINSTANCE__@@KQEAX@Z@4HA 0000000180016570 f   MSVCRTD:dll_dllmain.obj
 0001:000155c0       __scrt_is_nonwritable_in_current_image$filt$0 00000001800165c0 f   MSVCRTD:utility.obj
 0002:00000170       $SG33081                   0000000180017170     p5engine.obj
 0002:00000198       $SG33083                   0000000180017198     p5engine.obj
 0002:000001b8       $SG33087                   00000001800171b8     p5engine.obj
 0002:000001c8       $SG34350                   00000001800171c8     p5engine.obj
 0002:000001d8       $SG34370                   00000001800171d8     p5engine.obj
 0002:000001e8       $SG31840                   00000001800171e8     p5engine.obj
 0002:000001f8       $SG32267                   00000001800171f8     p5engine.obj
 0002:000003c8       GS_ExceptionPointers       00000001800173c8     MSVCRTD:gs_report.obj
 0002:000009f0       $unwind$?AbsoluteValue@@YAMM@Z 00000001800179f0     p5engine.obj
 0002:000009f0       $unwind$?Clamp01@@YAMM@Z   00000001800179f0     p5engine.obj
 0002:000009f0       $unwind$?RoundReal32ToInt32@@YAHM@Z 00000001800179f0     p5engine.obj
 0002:000009f0       $unwind$?RoundReal32ToUInt32@@YAIM@Z 00000001800179f0     p5engine.obj
 0002:000009f0       $unwind$?SignOf@@YAMM@Z    00000001800179f0     p5engine.obj
 0002:000009f0       $unwind$?Sin@@YAMM@Z       00000001800179f0     p5engine.obj
 0002:000009f0       $unwind$?Square@@YAMM@Z    00000001800179f0     p5engine.obj
 0002:000009f0       $unwind$?SquareRoot@@YAMM@Z 00000001800179f0     p5engine.obj
 0002:000009f0       $unwind$TruncateReal32ToInt32 00000001800179f0     p5engine.obj
 0002:000009f8       $unwind$?EndGeneration@@YAXPEAUgame_assets@@I@Z 00000001800179f8     p5engine.obj
 0002:000009f8       $unwind$?GetFileHandleFor@@YAPEAUplatform_file_handle@@PEAUgame_assets@@I@Z 00000001800179f8     p5engine.obj
 0002:000009f8       $unwind$?GetLowEntity@@YAPEAUlow_entity@@PEAUgame_state@@I@Z 00000001800179f8     p5engine.obj
 0002:000009f8       $unwind$?GetSoundInfo@@YAPEAUp5a_sound@@PEAUgame_assets@@Usound_id@@@Z 00000001800179f8     p5engine.obj
 0002:000009f8       $unwind$?HasFlag@@YAHPEAUsim_entity@@I@Z 00000001800179f8     p5engine.obj
 0002:000009f8       $unwind$?RandomChoice@@YAIPEAUrandom_series@@I@Z 00000001800179f8     p5engine.obj
 0002:000009f8       $unwind$GetController      00000001800179f8     p5engine.obj
 0002:00000a00       $unwind$?InitializeArena@@YAXPEAUmemory_arena@@_KPEAX@Z 0000000180017a00     p5engine.obj
 0002:00000a08       $unwind$?GetAlignmentOffset@@YA_KPEAUmemory_arena@@_K@Z 0000000180017a08     p5engine.obj
 0002:00000a10       $unwind$??Y@YAAEATv2@@AEAT0@T0@@Z 0000000180017a10     p5engine.obj
 0002:00000a10       $unwind$?GetArenaSizeRemaining@@YA_KPEAUmemory_arena@@_K@Z 0000000180017a10     p5engine.obj
 0002:00000a10       $unwind$?Hadamard@@YA?ATv2@@T1@0@Z 0000000180017a10     p5engine.obj
 0002:00000a10       $unwind$?Inner@@YAMTv2@@0@Z 0000000180017a10     p5engine.obj
 0002:00000a10       $unwind$?Inner@@YAMTv3@@0@Z 0000000180017a10     p5engine.obj
 0002:00000a10       $unwind$?InsertAssetHeaderAtFront@@YAXPEAUgame_assets@@PEAUasset_memory_header@@@Z 0000000180017a10     p5engine.obj
 0002:00000a10       $unwind$?IsCanonical@@YAHPEAUworld@@Tv3@@@Z 0000000180017a10     p5engine.obj
 0002:00000a10       $unwind$?IsInRectangle@@YAHUrectangle3@@Tv3@@@Z 0000000180017a10     p5engine.obj
 0002:00000a10       $unwind$?RectanglesIntersect@@YAHUrectangle3@@0@Z 0000000180017a10     p5engine.obj
 0002:00000a10       $unwind$?ZeroSize@@YAX_KPEAX@Z 0000000180017a10     p5engine.obj
 0002:00000a10       $unwind$?find_pe_section@@YAPEAU_IMAGE_SECTION_HEADER@@QEAE_K@Z 0000000180017a10     MSVCRTD:utility.obj
 0002:00000a18       $unwind$?PushSize_@@YAPEAXPEAUmemory_arena@@_K1@Z 0000000180017a18     p5engine.obj
 0002:00000a20       $unwind$?BeginTemporaryMemory@@YA?AUtemporary_memory@@PEAUmemory_arena@@@Z 0000000180017a20     p5engine.obj
 0002:00000a34       $unwind$?AllResourcesPresent@@YAHPEAUrender_group@@@Z 0000000180017a34     p5engine.obj
 0002:00000a34       $unwind$?BeginGeneration@@YAIPEAUgame_assets@@@Z 0000000180017a34     p5engine.obj
 0002:00000a34       $unwind$?EndTemporaryMemory@@YAXUtemporary_memory@@@Z 0000000180017a34     p5engine.obj
 0002:00000a34       $unwind$?GetDim@@YA?ATv2@@Urectangle2@@@Z 0000000180017a34     p5engine.obj
 0002:00000a34       $unwind$?IsValid@@YAHUworld_position@@@Z 0000000180017a34     p5engine.obj
 0002:00000a34       $unwind$?LengthSq@@YAMTv2@@@Z 0000000180017a34     p5engine.obj
 0002:00000a34       $unwind$?RandomBilateral@@YAMPEAUrandom_series@@@Z 0000000180017a34     p5engine.obj
 0002:00000a34       $unwind$?RandomNextUInt32@@YAIPEAUrandom_series@@@Z 0000000180017a34     p5engine.obj
 0002:00000a34       $unwind$?RandomUnilateral@@YAMPEAUrandom_series@@@Z 0000000180017a34     p5engine.obj
 0002:00000a34       $unwind$__CheckForDebuggerJustMyCode 0000000180017a34     MSVCRTD:debugger_jmc.obj
 0002:00000a34       $unwind$__report_gsfailure 0000000180017a34     MSVCRTD:gs_report.obj
 0002:00000a3c       $unwind$?BeginAssetLock@@YAXPEAUgame_assets@@@Z 0000000180017a3c     p5engine.obj
 0002:00000a3c       $unwind$?CheckArena@@YAXPEAUmemory_arena@@@Z 0000000180017a3c     p5engine.obj
 0002:00000a3c       $unwind$?EndAssetLock@@YAXPEAUgame_assets@@@Z 0000000180017a3c     p5engine.obj
 0002:00000a3c       $unwind$?StoreEntityReference@@YAXPEATentity_reference@@@Z 0000000180017a3c     p5engine.obj
 0002:00000a3c       $unwind$__raise_securityfailure 0000000180017a3c     MSVCRTD:gs_report.obj
 0002:00000a3c       $unwind$?is_potentially_valid_image_base@@YA_NQEAX@Z 0000000180017a3c     MSVCRTD:utility.obj
 0002:00000a44       $unwind$?SubArena@@YAXPEAUmemory_arena@@0_K1@Z 0000000180017a44     p5engine.obj
 0002:00000a44       $unwind$__GSHandlerCheck   0000000180017a44     MSVCRTD:gshandler.obj
 0002:00000a4c       $unwind$?AtomicCompareExchangeUInt32@@YAIPECIII@Z 0000000180017a4c     p5engine.obj
 0002:00000a4c       $unwind$?GetAsset@@YAPEAUasset_memory_header@@PEAUgame_assets@@II@Z 0000000180017a4c     p5engine.obj
 0002:00000a4c       $unwind$?PushRenderElement_@@YAPEAXPEAUrender_group@@IW4render_group_entry_type@@@Z 0000000180017a4c     p5engine.obj
 0002:00000a4c       $unwind$?dllmain_crt_dispatch@@YAHQEAUHINSTANCE__@@KQEAX@Z 0000000180017a4c     MSVCRTD:dll_dllmain.obj
 0002:00000a4c       $unwind$?dllmain_raw@@YAHQEAUHINSTANCE__@@KQEAX@Z 0000000180017a4c     MSVCRTD:dll_dllmain.obj
 0002:00000a54       $unwind$?ATan2@@YAMMM@Z    0000000180017a54     p5engine.obj
 0002:00000a54       $unwind$?IsCanonical@@YAHMM@Z 0000000180017a54     p5engine.obj
 0002:00000a54       $unwind$?SafeRatio1@@YAMMM@Z 0000000180017a54     p5engine.obj
 0002:00000a5c       $unwind$?Clamp01MapToRange@@YAMMMM@Z 0000000180017a5c     p5engine.obj
 0002:00000a5c       $unwind$?Clamp@@YAMMMM@Z   0000000180017a5c     p5engine.obj
 0002:00000a5c       $unwind$?Lerp@@YAMMMM@Z    0000000180017a5c     p5engine.obj
 0002:00000a5c       $unwind$?SafeRatioN@@YAMMMM@Z 0000000180017a5c     p5engine.obj
 0002:00000a64       $unwind$?V2@@YA?ATv2@@MM@Z 0000000180017a64     p5engine.obj
 0002:00000a74       $unwind$?V2i@@YA?ATv2@@HH@Z 0000000180017a74     p5engine.obj
 0002:00000a7c       $unwind$??D@YA?ATv2@@MT0@@Z 0000000180017a7c     p5engine.obj
 0002:00000a8c       $unwind$??G@YA?ATv2@@T0@0@Z 0000000180017a8c     p5engine.obj
 0002:00000a8c       $unwind$??H@YA?ATv2@@T0@0@Z 0000000180017a8c     p5engine.obj
 0002:00000a8c       $unwind$?GetBarycentric@@YA?ATv2@@Urectangle2@@T1@@Z 0000000180017a8c     p5engine.obj
 0002:00000a9c       $unwind$?Clamp01@@YA?ATv2@@T1@@Z 0000000180017a9c     p5engine.obj
 0002:00000aac       $unwind$?V3@@YA?ATv3@@MMM@Z 0000000180017aac     p5engine.obj
 0002:00000aac       $unwind$?V4@@YA?ATv4@@MMMM@Z 0000000180017aac     p5engine.obj
 0002:00000ac0       $unwind$??D@YA?ATv3@@MT0@@Z 0000000180017ac0     p5engine.obj
 0002:00000ac0       $unwind$??D@YA?ATv4@@MT0@@Z 0000000180017ac0     p5engine.obj
 0002:00000ac0       $unwind$?ToV3@@YA?ATv3@@Tv2@@M@Z 0000000180017ac0     p5engine.obj
 0002:00000ad4       $unwind$??D@YA?ATv3@@T0@M@Z 0000000180017ad4     p5engine.obj
 0002:00000ad4       $unwind$?GetCameraRectangleAtDistance@@YA?AUrectangle2@@PEAUrender_group@@M@Z 0000000180017ad4     p5engine.obj
 0002:00000ae0       $unwind$??X@YAAEATv3@@AEAT0@M@Z 0000000180017ae0     p5engine.obj
 0002:00000aec       $unwind$??G@YA?ATv3@@T0@0@Z 0000000180017aec     p5engine.obj
 0002:00000aec       $unwind$??H@YA?ATv3@@T0@0@Z 0000000180017aec     p5engine.obj
 0002:00000aec       $unwind$??H@YA?ATv4@@T0@0@Z 0000000180017aec     p5engine.obj
 0002:00000b00       $unwind$??Y@YAAEATv3@@AEAT0@T0@@Z 0000000180017b00     p5engine.obj
 0002:00000b00       $unwind$??Y@YAAEATv4@@AEAT0@T0@@Z 0000000180017b00     p5engine.obj
 0002:00000b00       $unwind$??Z@YAAEATv3@@AEAT0@T0@@Z 0000000180017b00     p5engine.obj
 0002:00000b00       $unwind$?GetDim@@YA?ATv3@@Urectangle3@@@Z 0000000180017b00     p5engine.obj
 0002:00000b0c       $unwind$?AreInSameChunk@@YAHPEAUworld@@PEAUworld_position@@1@Z 0000000180017b0c     p5engine.obj
 0002:00000b0c       $unwind$?Hadamard@@YA?ATv3@@T1@0@Z 0000000180017b0c     p5engine.obj
 0002:00000b0c       $unwind$?RectCenterDim@@YA?AUrectangle2@@Tv2@@0@Z 0000000180017b0c     p5engine.obj
 0002:00000b18       $unwind$?LengthSq@@YAMTv3@@@Z 0000000180017b18     p5engine.obj
 0002:00000b24       $unwind$?Length@@YAMTv3@@@Z 0000000180017b24     p5engine.obj
 0002:00000b24       $unwind$?MakeEntityNonSpatial@@YAXPEAUsim_entity@@@Z 0000000180017b24     p5engine.obj
 0002:00000b30       $unwind$?RectCenterHalfDim@@YA?AUrectangle2@@Tv2@@0@Z 0000000180017b30     p5engine.obj
 0002:00000b44       $unwind$?Intersect@@YA?AUrectangle2i@@U1@0@Z 0000000180017b44     p5engine.obj
 0002:00000b50       $unwind$?Clear@@YAXPEAUrender_group@@Tv4@@@Z 0000000180017b50     p5engine.obj
 0002:00000b50       $unwind$?GetMaxCorner@@YA?ATv3@@Urectangle3@@@Z 0000000180017b50     p5engine.obj
 0002:00000b50       $unwind$?GetMinCorner@@YA?ATv3@@Urectangle3@@@Z 0000000180017b50     p5engine.obj
 0002:00000b5c       $unwind$?RectMinMax@@YA?AUrectangle3@@Tv3@@0@Z 0000000180017b5c     p5engine.obj
 0002:00000b70       $unwind$?AddRadiusTo@@YA?AUrectangle3@@U1@Tv3@@@Z 0000000180017b70     p5engine.obj
 0002:00000b70       $unwind$?RectCenterHalfDim@@YA?AUrectangle3@@Tv3@@0@Z 0000000180017b70     p5engine.obj
 0002:00000b84       $unwind$?RectCenterDim@@YA?AUrectangle3@@Tv3@@0@Z 0000000180017b84     p5engine.obj
 0002:00000b90       $unwind$?RandomSeed@@YA?AUrandom_series@@I@Z 0000000180017b90     p5engine.obj
 0002:00000ba0       $unwind$?RandomBetween@@YAMPEAUrandom_series@@MM@Z 0000000180017ba0     p5engine.obj
 0002:00000ba8       $unwind$?AddFlags@@YAXPEAUsim_entity@@I@Z 0000000180017ba8     p5engine.obj
 0002:00000ba8       $unwind$?ClearFlags@@YAXPEAUsim_entity@@I@Z 0000000180017ba8     p5engine.obj
 0002:00000ba8       $unwind$?PrefetchSound@@YAXPEAUgame_assets@@Usound_id@@@Z 0000000180017ba8     p5engine.obj
 0002:00000bb0       $unwind$?MakeEntitySpatial@@YAXPEAUsim_entity@@Tv3@@1@Z 0000000180017bb0     p5engine.obj
 0002:00000bbc       $unwind$?GetEntityGroundPoint@@YA?ATv3@@PEAUsim_entity@@T1@@Z 0000000180017bbc     p5engine.obj
 0002:00000bc8       $unwind$?GetEntityGroundPoint@@YA?ATv3@@PEAUsim_entity@@@Z 0000000180017bc8     p5engine.obj
 0002:00000bd4       $unwind$?GetStairGround@@YAMPEAUsim_entity@@Tv3@@@Z 0000000180017bd4     p5engine.obj
 0002:00000be0       $unwind$?RemoveAssetHeaderFromList@@YAXPEAUasset_memory_header@@@Z 0000000180017be0     p5engine.obj
 0002:00000be8       $unwind$?LoadBitmap@@YAXPEAUgame_assets@@Ubitmap_id@@H@Z 0000000180017be8     p5engine.obj
 0002:00000bfc       $unwind$?LoadSound@@YAXPEAUgame_assets@@Usound_id@@@Z 0000000180017bfc     p5engine.obj
 0002:00000c10       $unwind$?AddCollisionRule@@YAXPEAUgame_state@@IIH@Z 0000000180017c10     p5engine.obj
 0002:00000c18       $unwind$?ClearCollisionRulesFor@@YAXPEAUgame_state@@I@Z 0000000180017c18     p5engine.obj
 0002:00000c20       $unwind$?BeginTaskWithMemory@@YAPEAUtask_with_memory@@PEAUtransient_state@@@Z 0000000180017c20     p5engine.obj
 0002:00000c2c       $unwind$?EndTaskWithMemory@@YAXPEAUtask_with_memory@@@Z 0000000180017c2c     p5engine.obj
 0002:00000c38       $unwind$?DrawRectangle@@YAXPEAUloaded_bitmap@@Tv2@@1Tv4@@Urectangle2i@@H@Z 0000000180017c38     p5engine.obj
 0002:00000c44       $unwind$?RenderGroupToOutput@@YAXPEAUrender_group@@PEAUloaded_bitmap@@Urectangle2i@@H@Z 0000000180017c44     p5engine.obj
 0002:00000c50       $unwind$?DoTiledRenderWork@@YAXPEAUplatform_work_queue@@PEAX@Z 0000000180017c50     p5engine.obj
 0002:00000c5c       $unwind$?RenderGroupToOutput@@YAXPEAUrender_group@@PEAUloaded_bitmap@@@Z 0000000180017c5c     p5engine.obj
 0002:00000c70       $unwind$?TiledRenderGroupToOutput@@YAXPEAUplatform_work_queue@@PEAUrender_group@@PEAUloaded_bitmap@@@Z 0000000180017c70     p5engine.obj
 0002:00000c84       $unwind$?AllocateRenderGroup@@YAPEAUrender_group@@PEAUgame_assets@@PEAUmemory_arena@@IH@Z 0000000180017c84     p5engine.obj
 0002:00000c90       $unwind$?FinishRenderGroup@@YAXPEAUrender_group@@@Z 0000000180017c90     p5engine.obj
 0002:00000c98       $unwind$?InitializeWorld@@YAXPEAUworld@@Tv3@@@Z 0000000180017c98     p5engine.obj
 0002:00000ca4       $unwind$?Subtract@@YA?ATv3@@PEAUworld@@PEAUworld_position@@1@Z 0000000180017ca4     p5engine.obj
 0002:00000cb8       $unwind$?ChangeEntityLocation@@YAXPEAUmemory_arena@@PEAUworld@@IPEAUlow_entity@@Uworld_position@@@Z 0000000180017cb8     p5engine.obj
 0002:00000cc4       $unwind$?GetHashFromStorageIndex@@YAPEAUsim_entity_hash@@PEAUsim_region@@I@Z 0000000180017cc4     p5engine.obj
 0002:00000ccc       $unwind$?AddEntity@@YAPEAUsim_entity@@PEAUgame_state@@PEAUsim_region@@IPEAUlow_entity@@PEATv3@@@Z 0000000180017ccc     p5engine.obj
 0002:00000cd8       $unwind$?AddEntityRaw@@YAPEAUsim_entity@@PEAUgame_state@@PEAUsim_region@@IPEAUlow_entity@@@Z 0000000180017cd8     p5engine.obj
 0002:00000ce4       $unwind$?BeginSim@@YAPEAUsim_region@@PEAUmemory_arena@@PEAUgame_state@@PEAUworld@@Uworld_position@@Urectangle3@@M@Z 0000000180017ce4     p5engine.obj
 0002:00000cf8       $unwind$?EndSim@@YAXPEAUsim_region@@PEAUgame_state@@@Z 0000000180017cf8     p5engine.obj
 0002:00000d04       $unwind$?CanCollide@@YAHPEAUgame_state@@PEAUsim_entity@@1@Z 0000000180017d04     p5engine.obj
 0002:00000d0c       $unwind$?HandleCollision@@YAHPEAUgame_state@@PEAUsim_entity@@1@Z 0000000180017d0c     p5engine.obj
 0002:00000d14       $unwind$?CanOverlap@@YAHPEAUgame_state@@PEAUsim_entity@@1@Z 0000000180017d14     p5engine.obj
 0002:00000d1c       $unwind$?HandleOverlap@@YAXPEAUgame_state@@PEAUsim_entity@@1MPEAM@Z 0000000180017d1c     p5engine.obj
 0002:00000d28       $unwind$?SpeculativeCollide@@YAHPEAUsim_entity@@0Tv3@@@Z 0000000180017d28     p5engine.obj
 0002:00000d34       $unwind$?EntitiesOverlap@@YAHPEAUsim_entity@@0Tv3@@@Z 0000000180017d34     p5engine.obj
 0002:00000d40       $unwind$?MoveEntity@@YAXPEAUgame_state@@PEAUsim_region@@PEAUsim_entity@@MPEAUmove_spec@@Tv3@@@Z 0000000180017d40     p5engine.obj
 0002:00000d54       $unwind$?LoadAssetWorkDirectly@@YAXPEAUload_asset_work@@@Z 0000000180017d54     p5engine.obj
 0002:00000d5c       $unwind$?LoadAssetWork@@YAXPEAUplatform_work_queue@@PEAX@Z 0000000180017d5c     p5engine.obj
 0002:00000d64       $unwind$?InsertBlock@@YAPEAUasset_memory_block@@PEAU1@_KPEAX@Z 0000000180017d64     p5engine.obj
 0002:00000d6c       $unwind$?FindBlockForSize@@YAPEAUasset_memory_block@@PEAUgame_assets@@_K@Z 0000000180017d6c     p5engine.obj
 0002:00000d74       $unwind$?MergeIfPossible@@YAHPEAUgame_assets@@PEAUasset_memory_block@@1@Z 0000000180017d74     p5engine.obj
 0002:00000d7c       $unwind$?GenerationHasCompleted@@YAHPEAUgame_assets@@I@Z 0000000180017d7c     p5engine.obj
 0002:00000d84       $unwind$?AcquireAssetMemory@@YAPEAUasset_memory_header@@PEAUgame_assets@@II@Z 0000000180017d84     p5engine.obj
 0002:00000d8c       $unwind$?GetBestMatchAssetFrom@@YAIPEAUgame_assets@@W4asset_type_id@@PEAUasset_vector@@2@Z 0000000180017d8c     p5engine.obj
 0002:00000d94       $unwind$?GetRandomAssetFrom@@YAIPEAUgame_assets@@W4asset_type_id@@PEAUrandom_series@@@Z 0000000180017d94     p5engine.obj
 0002:00000d9c       $unwind$?GetFirstAssetFrom@@YAIPEAUgame_assets@@W4asset_type_id@@@Z 0000000180017d9c     p5engine.obj
 0002:00000da4       $unwind$?GetBestMatchBitmapFrom@@YA?AUbitmap_id@@PEAUgame_assets@@W4asset_type_id@@PEAUasset_vector@@2@Z 0000000180017da4     p5engine.obj
 0002:00000dac       $unwind$?GetFirstBitmapFrom@@YA?AUbitmap_id@@PEAUgame_assets@@W4asset_type_id@@@Z 0000000180017dac     p5engine.obj
 0002:00000db4       $unwind$?GetRandomBitmapFrom@@YA?AUbitmap_id@@PEAUgame_assets@@W4asset_type_id@@PEAUrandom_series@@@Z 0000000180017db4     p5engine.obj
 0002:00000dbc       $unwind$?GetRandomSoundFrom@@YA?AUsound_id@@PEAUgame_assets@@W4asset_type_id@@PEAUrandom_series@@@Z 0000000180017dbc     p5engine.obj
 0002:00000dc4       $unwind$?AllocateGameAssets@@YAPEAUgame_assets@@PEAUmemory_arena@@_KPEAUtransient_state@@@Z 0000000180017dc4     p5engine.obj
 0002:00000dd8       $unwind$?PlaySound@@YAPEAUplaying_sound@@PEAUaudio_state@@Usound_id@@@Z 0000000180017dd8     p5engine.obj
 0002:00000de0       $unwind$?ChangeVolume@@YAXPEAUaudio_state@@PEAUplaying_sound@@MTv2@@@Z 0000000180017de0     p5engine.obj
 0002:00000de8       $unwind$?OutputPlayingSounds@@YAXPEAUaudio_state@@PEAUgame_sound_output_buffer@@PEAUgame_assets@@PEAUmemory_arena@@@Z 0000000180017de8     p5engine.obj
 0002:00000dfc       $unwind$?InitializeAudioState@@YAXPEAUaudio_state@@PEAUmemory_arena@@@Z 0000000180017dfc     p5engine.obj
 0002:00000e04       $unwind$?AddLowEntity@@YA?AUadd_low_entity_result@@PEAUgame_state@@W4entity_type@@Uworld_position@@@Z 0000000180017e04     p5engine.obj
 0002:00000e18       $unwind$?AddGroundedEntity@@YA?AUadd_low_entity_result@@PEAUgame_state@@W4entity_type@@Uworld_position@@PEAUsim_entity_collision_volume_group@@@Z 0000000180017e18     p5engine.obj
 0002:00000e24       $unwind$?AddStandardRoom@@YA?AUadd_low_entity_result@@PEAUgame_state@@III@Z 0000000180017e24     p5engine.obj
 0002:00000e30       $unwind$?AddWall@@YA?AUadd_low_entity_result@@PEAUgame_state@@III@Z 0000000180017e30     p5engine.obj
 0002:00000e3c       $unwind$?AddStairs@@YA?AUadd_low_entity_result@@PEAUgame_state@@III@Z 0000000180017e3c     p5engine.obj
 0002:00000e48       $unwind$?InitHitPoints@@YAXPEAUlow_entity@@I@Z 0000000180017e48     p5engine.obj
 0002:00000e50       $unwind$?AddSword@@YA?AUadd_low_entity_result@@PEAUgame_state@@@Z 0000000180017e50     p5engine.obj
 0002:00000e5c       $unwind$?AddPlayer@@YA?AUadd_low_entity_result@@PEAUgame_state@@@Z 0000000180017e5c     p5engine.obj
 0002:00000e68       $unwind$?AddMonstar@@YA?AUadd_low_entity_result@@PEAUgame_state@@III@Z 0000000180017e68     p5engine.obj
 0002:00000e74       $unwind$?AddFamiliar@@YA?AUadd_low_entity_result@@PEAUgame_state@@III@Z 0000000180017e74     p5engine.obj
 0002:00000e80       $unwind$?DrawHitpoints@@YAXPEAUsim_entity@@PEAUrender_group@@@Z 0000000180017e80     p5engine.obj
 0002:00000e94       $unwind$?MakeSimpleGroundedCollision@@YAPEAUsim_entity_collision_volume_group@@PEAUgame_state@@MMM@Z 0000000180017e94     p5engine.obj
 0002:00000ea0       $unwind$?MakeNullCollision@@YAPEAUsim_entity_collision_volume_group@@PEAUgame_state@@@Z 0000000180017ea0     p5engine.obj
 0002:00000eac       $unwind$?FillGroundChunkWork@@YAXPEAUplatform_work_queue@@PEAX@Z 0000000180017eac     p5engine.obj
 0002:00000eb4       $unwind$?FillGroundChunk@@YAXPEAUtransient_state@@PEAUgame_state@@PEAUground_buffer@@PEAUworld_position@@@Z 0000000180017eb4     p5engine.obj
 0002:00000ec8       $unwind$?ClearBitmap@@YAXPEAUloaded_bitmap@@@Z 0000000180017ec8     p5engine.obj
 0002:00000ed0       $unwind$?MakeEmptyBitmap@@YA?AUloaded_bitmap@@PEAUmemory_arena@@HHH@Z 0000000180017ed0     p5engine.obj
 0002:00000ee4       $unwind$?MakeSphereDiffuseMap@@YAXPEAUloaded_bitmap@@MM@Z 0000000180017ee4     p5engine.obj
 0002:00000ef0       $unwind$?MakeSphereNormalMap@@YAXPEAUloaded_bitmap@@MMM@Z 0000000180017ef0     p5engine.obj
 0002:00000efc       $unwind$GameUpdateAndRender 0000000180017efc     p5engine.obj
 0002:00000f10       $unwind$GameGetSoundSamples 0000000180017f10     p5engine.obj
 0002:00000f18       $unwind$?GetBitmap@@YAPEAUloaded_bitmap@@PEAUgame_assets@@Ubitmap_id@@I@Z 0000000180017f18     p5engine.obj
 0002:00000f18       $unwind$?GetSound@@YAPEAUloaded_sound@@PEAUgame_assets@@Usound_id@@I@Z 0000000180017f18     p5engine.obj
 0002:00000f20       $unwind$?IsValid@@YAHUsound_id@@@Z 0000000180017f20     p5engine.obj
 0002:00000f28       $unwind$?GetNextSoundInChain@@YA?AUsound_id@@PEAUgame_assets@@U1@@Z 0000000180017f28     p5engine.obj
 0002:00000f38       $unwind$?GetRenderEntityBasisPos@@YA?AUentity_basis_p_result@@PEAUrender_transform@@Tv3@@@Z 0000000180017f38     p5engine.obj
 0002:00000f4c       $unwind$?PushBitmap@@YAXPEAUrender_group@@PEAUloaded_bitmap@@Tv3@@MTv4@@@Z 0000000180017f4c     p5engine.obj
 0002:00000f58       $unwind$?PushBitmap@@YAXPEAUrender_group@@Ubitmap_id@@Tv3@@MTv4@@@Z 0000000180017f58     p5engine.obj
 0002:00000f64       $unwind$?PushRect@@YAXPEAUrender_group@@Tv3@@Tv2@@Tv4@@@Z 0000000180017f64     p5engine.obj
 0002:00000f70       $unwind$?PushRectOutline@@YAXPEAUrender_group@@Tv3@@Tv2@@Tv4@@@Z 0000000180017f70     p5engine.obj
 0002:00000f7c       $unwind$?Orthographic@@YAXPEAUrender_group@@HHM@Z 0000000180017f7c     p5engine.obj
 0002:00000f7c       $unwind$?Perspective@@YAXPEAUrender_group@@HHMMM@Z 0000000180017f7c     p5engine.obj
 0002:00000f84       $unwind$?RecanonicalizeCoord@@YAXMPEAHPEAM@Z 0000000180017f84     p5engine.obj
 0002:00000f84       $unwind$?Unproject@@YA?ATv2@@PEAUrender_group@@T1@M@Z 0000000180017f84     p5engine.obj
 0002:00000f8c       $unwind$?GetCameraRectangleAtTarget@@YA?AUrectangle2@@PEAUrender_group@@@Z 0000000180017f8c     p5engine.obj
 0002:00000f98       $unwind$?NullPosition@@YA?AUworld_position@@XZ 0000000180017f98     p5engine.obj
 0002:00000fac       $unwind$?GetWorldChunk@@YAPEAUworld_chunk@@PEAUworld@@HHHPEAUmemory_arena@@@Z 0000000180017fac     p5engine.obj
 0002:00000fac       $unwind$__scrt_dllmain_exception_filter 0000000180017fac     MSVCRTD:utility.obj
 0002:00000fb4       $unwind$?MapIntoChunkSpace@@YA?AUworld_position@@PEAUworld@@U1@Tv3@@@Z 0000000180017fb4     p5engine.obj
 0002:00000fc8       $unwind$?ChunkPositionFromTilePosition@@YA?AUworld_position@@PEAUworld@@HHHTv3@@@Z 0000000180017fc8     p5engine.obj
 0002:00000fdc       $unwind$?CenteredChunkPoint@@YA?AUworld_position@@III@Z 0000000180017fdc     p5engine.obj
 0002:00000ff0       $unwind$?ChangeEntityLocationRaw@@YAXPEAUmemory_arena@@PEAUworld@@IPEAUworld_position@@2@Z 0000000180017ff0     p5engine.obj
 0002:00000ffc       $unwind$?GetSimSpacePos@@YA?ATv3@@PEAUsim_region@@PEAUlow_entity@@@Z 0000000180017ffc     p5engine.obj
 0002:00001008       $unwind$?LoadEntityReference@@YAXPEAUgame_state@@PEAUsim_region@@PEATentity_reference@@@Z 0000000180018008     p5engine.obj
 0002:0000101c       $unwind$?EntityOverlapsRectangle@@YAHTv3@@Usim_entity_collision_volume@@Urectangle3@@@Z 000000018001801c     p5engine.obj
 0002:00001028       $unwind$?DefaultMoveSpec@@YA?AUmove_spec@@XZ 0000000180018028     p5engine.obj
 0002:0000103c       $unwind$?DrawRectangleQuickly@@YAXPEAUloaded_bitmap@@Tv2@@11Tv4@@0MUrectangle2i@@H@Z 000000018001803c     p5engine_optimized.obj
 0002:00001064       $chain$9$?DrawRectangleQuickly@@YAXPEAUloaded_bitmap@@Tv2@@11Tv4@@0MUrectangle2i@@H@Z 0000000180018064     p5engine_optimized.obj
 0002:0000109c       $chain$10$?DrawRectangleQuickly@@YAXPEAUloaded_bitmap@@Tv2@@11Tv4@@0MUrectangle2i@@H@Z 000000018001809c     p5engine_optimized.obj
 0002:000010ac       $unwind$__GSHandlerCheckCommon 00000001800180ac     MSVCRTD:gshandler.obj
 0002:000010b8       $xdatasym                  00000001800180b8     MSVCRTD:chkstk.obj
 0002:000010c0       $xdatasym                  00000001800180c0     MSVCRTD:amdsecgs.obj
 0002:000010c4       $unwind$?dllmain_crt_process_attach@@YAHQEAUHINSTANCE__@@QEAX@Z 00000001800180c4     MSVCRTD:dll_dllmain.obj
 0002:000010e4       $unwind$?fin$0@?0??dllmain_crt_process_attach@@YAHQEAUHINSTANCE__@@QEAX@Z@4HA 00000001800180e4     MSVCRTD:dll_dllmain.obj
 0002:000010e4       $unwind$?fin$0@?0??dllmain_crt_process_detach@@YAH_N@Z@4HA 00000001800180e4     MSVCRTD:dll_dllmain.obj
 0002:000010e4       $unwind$?fin$1@?0??dllmain_crt_process_detach@@YAH_N@Z@4HA 00000001800180e4     MSVCRTD:dll_dllmain.obj
 0002:000010e4       $unwind$__scrt_is_nonwritable_in_current_image$filt$0 00000001800180e4     MSVCRTD:utility.obj
 0002:000010ec       $unwind$?dllmain_crt_process_detach@@YAH_N@Z 00000001800180ec     MSVCRTD:dll_dllmain.obj
 0002:0000111c       $unwind$?dllmain_dispatch@@YAHQEAUHINSTANCE__@@KQEAX@Z 000000018001811c     MSVCRTD:dll_dllmain.obj
 0002:0000113c       $unwind$?filt$0@?0??dllmain_dispatch@@YAHQEAUHINSTANCE__@@KQEAX@Z@4HA 000000018001813c     MSVCRTD:dll_dllmain.obj
 0002:00001144       $unwind$_DllMainCRTStartup 0000000180018144     MSVCRTD:dll_dllmain.obj
 0002:00001144       $unwind$DllMain            0000000180018144     MSVCRTD:dll_dllmain_stub.obj
 0002:0000114c       $unwind$capture_previous_context 000000018001814c     MSVCRTD:gs_report.obj
 0002:00001154       $unwind$__scrt_initialize_default_local_stdio_options 0000000180018154     MSVCRTD:default_local_stdio_options.obj
 0002:00001154       $unwind$__security_init_cookie 0000000180018154     MSVCRTD:gs_support.obj
 0002:0000115c       $unwind$__get_entropy      000000018001815c     MSVCRTD:gs_support.obj
 0002:00001164       $unwind$?__scrt_initialize_type_info@@YAXXZ 0000000180018164     MSVCRTD:tncleanup.obj
 0002:00001164       $unwind$?__scrt_uninitialize_type_info@@YAXXZ 0000000180018164     MSVCRTD:tncleanup.obj
 0002:00001164       $unwind$?configure_argv@__scrt_narrow_argv_policy@@SAHXZ 0000000180018164     MSVCRTD:utility.obj
 0002:00001164       $unwind$?initialize_environment@__scrt_narrow_environment_policy@@SAHXZ 0000000180018164     MSVCRTD:utility.obj
 0002:00001164       $unwind$__scrt_dllmain_after_initialize_c 0000000180018164     MSVCRTD:utility.obj
 0002:00001164       $unwind$__scrt_dllmain_before_initialize_c 0000000180018164     MSVCRTD:utility.obj
 0002:00001164       $unwind$__scrt_dllmain_crt_thread_attach 0000000180018164     MSVCRTD:utility.obj
 0002:00001164       $unwind$__scrt_dllmain_crt_thread_detach 0000000180018164     MSVCRTD:utility.obj
 0002:00001164       $unwind$__scrt_dllmain_uninitialize_c 0000000180018164     MSVCRTD:utility.obj
 0002:00001164       $unwind$__scrt_dllmain_uninitialize_critical 0000000180018164     MSVCRTD:utility.obj
 0002:0000116c       $unwind$__scrt_is_nonwritable_in_current_image 000000018001816c     MSVCRTD:utility.obj
 0002:0000118c       $unwind$__scrt_acquire_startup_lock 000000018001818c     MSVCRTD:utility.obj
 0002:00001194       $unwind$__scrt_initialize_crt 0000000180018194     MSVCRTD:utility.obj
 0002:00001194       $unwind$__scrt_release_startup_lock 0000000180018194     MSVCRTD:utility.obj
 0002:0000119c       $unwind$__scrt_uninitialize_crt 000000018001819c     MSVCRTD:utility.obj
 0002:000011a4       $unwind$__scrt_initialize_onexit_tables 00000001800181a4     MSVCRTD:utility.obj
 0002:000011b0       $unwind$__scrt_fastfail    00000001800181b0     MSVCRTD:utility_desktop.obj
 0002:000011bc       $unwind$_RTC_Initialize    00000001800181bc     MSVCRTD:initsect.obj
 0002:000011bc       $unwind$_RTC_Terminate     00000001800181bc     MSVCRTD:initsect.obj
 0002:000011c8       $unwind$__isa_available_init 00000001800181c8     MSVCRTD:cpu_disp.obj
 0002:000011d8       $unwind$__scrt_is_ucrt_dll_in_use 00000001800181d8     MSVCRTD:ucrt_detection.obj
 0002:000011e0       $xdatasym                  00000001800181e0     MSVCRTD:guard_dispatch.obj
 0002:000011e8       $xdatasym                  00000001800181e8     MSVCRTD:guard_xfg_dispatch.obj
 0002:000011f0       .edata                     00000001800181f0     P5Engine.exp
 0002:00001218       rgpv                       0000000180018218     P5Engine.exp
 0002:00001220       rgszName                   0000000180018220     P5Engine.exp
 0002:00001228       rgwOrd                     0000000180018228     P5Engine.exp
 0002:0000122c       szName                     000000018001822c     P5Engine.exp
 0002:00001239       $N00001                    0000000180018239     P5Engine.exp
 0002:0000124d       $N00002                    000000018001824d     P5Engine.exp
 0002:000013f0       .idata$6                   00000001800183f0     vcruntimed:VCRUNTIME140D.dll
 0002:000014ca       .idata$6                   00000001800184ca     ucrtd:ucrtbased.dll
 0002:0000163e       .idata$6                   000000018001863e     kernel32:KERNEL32.dll
 0003:00000000       ?RandomNumberTable@@3PAIA  0000000180019000     p5engine.obj
 0003:00004050       ?Platform@@3Uplatform_api@@A 000000018001d050     p5engine.obj
 0003:000040b0       ?__proc_attached@@3HA      000000018001d0b0     MSVCRTD:dll_dllmain.obj
 0003:000040c0       GS_ExceptionRecord         000000018001d0c0     MSVCRTD:gs_report.obj
 0003:00004160       GS_ContextRecord           000000018001d160     MSVCRTD:gs_report.obj
 0003:00004660       ?is_initialized_as_dll@@3_NA 000000018001d660     MSVCRTD:utility.obj
 0003:00004661       ?module_local_atexit_table_initialized@@3_NA 000000018001d661     MSVCRTD:utility.obj
 0003:00004668       ?module_local_atexit_table@@3U_onexit_table_t@@A 000000018001d668     MSVCRTD:utility.obj
 0003:00004680       ?module_local_at_quick_exit_table@@3U_onexit_table_t@@A 000000018001d680     MSVCRTD:utility.obj
 0005:00000000       __20BB4341_malloc@h        000000018001f000     p5engine.obj
 0005:00000001       __A435B42B_p5engine_types@h 000000018001f001     p5engine.obj
 0005:00000002       __7D4BEAAE_p5engine_platform@h 000000018001f002     p5engine.obj
 0005:00000003       __741AE07E_corecrt_math@h  000000018001f003     p5engine.obj
 0005:00000004       __7BF3FA8A_p5engine_intrinsics@h 000000018001f004     p5engine.obj
 0005:00000005       __87290AA6_p5engine_math@h 000000018001f005     p5engine.obj
 0005:00000006       __B7A387D6_p5engine_random@h 000000018001f006     p5engine.obj
 0005:00000007       __F17FF173_p5engine_entity@h 000000018001f007     p5engine.obj
 0005:00000008       __72A74871_p5engine_asset@h 000000018001f008     p5engine.obj
 0005:00000009       __BD87FD4A_p5engine@h      000000018001f009     p5engine.obj
 0005:0000000a       __6F2BF339_p5engine_render_group@cpp 000000018001f00a     p5engine.obj
 0005:0000000b       __281AC6F8_p5engine_world@cpp 000000018001f00b     p5engine.obj
 0005:0000000c       __B07C4A52_p5engine_sim_region@cpp 000000018001f00c     p5engine.obj
 0005:0000000d       __BDC7FEEB_p5engine_entity@cpp 000000018001f00d     p5engine.obj
 0005:0000000e       __3D4C1499_p5engine_asset@cpp 000000018001f00e     p5engine.obj
 0005:0000000f       __39A8D9B6_p5engine_audio@cpp 000000018001f00f     p5engine.obj
 0005:00000010       __BAF57382_p5engine@cpp    000000018001f010     p5engine.obj
 0005:00000011       __20BB4341_malloc@h        000000018001f011     p5engine_optimized.obj
 0005:00000012       __A435B42B_p5engine_types@h 000000018001f012     p5engine_optimized.obj
 0005:00000013       __7D4BEAAE_p5engine_platform@h 000000018001f013     p5engine_optimized.obj
 0005:00000014       __741AE07E_corecrt_math@h  000000018001f014     p5engine_optimized.obj
 0005:00000015       __7BF3FA8A_p5engine_intrinsics@h 000000018001f015     p5engine_optimized.obj
 0005:00000016       __87290AA6_p5engine_math@h 000000018001f016     p5engine_optimized.obj
 0005:00000017       __B7A387D6_p5engine_random@h 000000018001f017     p5engine_optimized.obj
 0005:00000018       __F17FF173_p5engine_entity@h 000000018001f018     p5engine_optimized.obj
 0005:00000019       __72A74871_p5engine_asset@h 000000018001f019     p5engine_optimized.obj
 0005:0000001a       __BD87FD4A_p5engine@h      000000018001f01a     p5engine_optimized.obj
 0005:0000001b       __03FC23C0_p5engine_optimized@cpp 000000018001f01b     p5engine_optimized.obj
 0006:00000060       $R000000                   0000000180020060     * linker generated manifest res *
