 P5Engine

 Timestamp is 631faf5f (Mon Sep 12 17:14:55 2022)

 Preferred load address is 0000000180000000

 Start         Length     Name                   Class
 0001:00000000 00013c50H .text$mn                CODE
 0001:00013c50 00000040H .text$mn$00             CODE
 0001:00013c90 000000ddH .text$x                 CODE
 0002:00000000 00000110H .idata$5                DATA
 0002:00000110 00000028H .00cfg                  DATA
 0002:00000138 00000008H .CRT$XCA                DATA
 0002:00000140 00000008H .CRT$XCZ                DATA
 0002:00000148 00000008H .CRT$XIA                DATA
 0002:00000150 00000008H .CRT$XIZ                DATA
 0002:00000158 00000008H .CRT$XPA                DATA
 0002:00000160 00000008H .CRT$XPZ                DATA
 0002:00000168 00000008H .CRT$XTA                DATA
 0002:00000170 00000010H .CRT$XTZ                DATA
 0002:00000178 00000000H .gehcont$y              DATA
 0002:00000178 00000000H .gfids$y                DATA
 0002:00000180 00000580H .rdata                  DATA
 0002:00000700 00000000H .rdata$CastGuardVftablesA DATA
 0002:00000700 00000000H .rdata$CastGuardVftablesC DATA
 0002:00000700 00000184H .rdata$voltmd           DATA
 0002:00000884 000002dcH .rdata$zzzdbg           DATA
 0002:00000b60 00000008H .rtc$IAA                DATA
 0002:00000b68 00000008H .rtc$IZZ                DATA
 0002:00000b70 00000008H .rtc$TAA                DATA
 0002:00000b78 00000008H .rtc$TZZ                DATA
 0002:00000b80 00000740H .xdata                  DATA
 0002:000012c0 00000074H .edata                  DATA
 0002:00001334 0000003cH .idata$2                DATA
 0002:00001370 00000018H .idata$3                DATA
 0002:00001388 00000110H .idata$4                DATA
 0002:00001498 000002a6H .idata$6                DATA
 0003:00000000 00004040H .data                   DATA
 0003:00004040 0000062cH .bss                    DATA
 0004:00000000 00000a80H .pdata                  DATA
 0005:00000000 0000000fH .msvcjmc                DATA
 0006:00000000 00000060H .rsrc$01                DATA
 0006:00000060 00000098H .rsrc$02                DATA

  Address         Publics by Value              Rva+Base               Lib:Object

 0000:00000000       __x64_code_ranges_to_entry_points 0000000000000000     <absolute>
 0000:00000000       __arm64x_extra_rfe_table_size 0000000000000000     <absolute>
 0000:00000000       __hybrid_auxiliary_iat_copy 0000000000000000     <absolute>
 0000:00000000       __AbsoluteZero             0000000000000000     <absolute>
 0000:00000000       ___safe_se_handler_table   0000000000000000     <absolute>
 0000:00000000       __hybrid_auxiliary_iat     0000000000000000     <absolute>
 0000:00000000       __hybrid_code_map          0000000000000000     <absolute>
 0000:00000000       __dynamic_value_reloc_table 0000000000000000     <absolute>
 0000:00000000       __arm64x_extra_rfe_table   0000000000000000     <absolute>
 0000:00000000       __guard_eh_cont_count      0000000000000000     <absolute>
 0000:00000000       __guard_check_icall_a64n_fptr 0000000000000000     <absolute>
 0000:00000000       __hybrid_code_map_count    0000000000000000     <absolute>
 0000:00000000       __guard_longjmp_count      0000000000000000     <absolute>
 0000:00000000       __guard_fids_table         0000000000000000     <absolute>
 0000:00000000       __guard_iat_count          0000000000000000     <absolute>
 0000:00000000       __guard_fids_count         0000000000000000     <absolute>
 0000:00000000       __guard_iat_table          0000000000000000     <absolute>
 0000:00000000       ___safe_se_handler_count   0000000000000000     <absolute>
 0000:00000000       __arm64x_redirection_metadata 0000000000000000     <absolute>
 0000:00000000       __guard_longjmp_table      0000000000000000     <absolute>
 0000:00000000       __arm64x_redirection_metadata_count 0000000000000000     <absolute>
 0000:00000000       __x64_code_ranges_to_entry_points_count 0000000000000000     <absolute>
 0000:00000000       __arm64x_native_entrypoint 0000000000000000     <absolute>
 0000:00000000       __enclave_config           0000000000000000     <absolute>
 0000:00000000       __guard_eh_cont_table      0000000000000000     <absolute>
 0000:00000100       __guard_flags              0000000000000100     <absolute>
 0000:00000000       __ImageBase                0000000180000000     <linker-defined>
 0001:00009e90       GameUpdateAndRender        000000018000ae90 f   p5engine.obj
 0001:0000d7b0       GameGetSoundSamples        000000018000e7b0 f   p5engine.obj
 0001:0000d800       ??D@YA?ATv2@@MT0@@Z        000000018000e800 f i p5engine.obj
 0001:0000d880       ??D@YA?ATv3@@MT0@@Z        000000018000e880 f i p5engine.obj
 0001:0000d930       ??D@YA?ATv3@@T0@M@Z        000000018000e930 f i p5engine.obj
 0001:0000d9b0       ??D@YA?ATv4@@MT0@@Z        000000018000e9b0 f i p5engine.obj
 0001:0000da80       ??G@YA?ATv2@@T0@0@Z        000000018000ea80 f i p5engine.obj
 0001:0000db00       ??G@YA?ATv3@@T0@0@Z        000000018000eb00 f i p5engine.obj
 0001:0000dbc0       ??H@YA?ATv2@@T0@0@Z        000000018000ebc0 f i p5engine.obj
 0001:0000dc40       ??H@YA?ATv3@@T0@0@Z        000000018000ec40 f i p5engine.obj
 0001:0000dd00       ??X@YAAEATv3@@AEAT0@M@Z    000000018000ed00 f i p5engine.obj
 0001:0000dd80       ??Y@YAAEATv2@@AEAT0@T0@@Z  000000018000ed80 f i p5engine.obj
 0001:0000ddd0       ??Y@YAAEATv3@@AEAT0@T0@@Z  000000018000edd0 f i p5engine.obj
 0001:0000de70       ??Z@YAAEATv3@@AEAT0@T0@@Z  000000018000ee70 f i p5engine.obj
 0001:0000df10       ?ATan2@@YAMMM@Z            000000018000ef10 f i p5engine.obj
 0001:0000df60       ?AbsoluteValue@@YAMM@Z     000000018000ef60 f i p5engine.obj
 0001:0000dfa0       ?AddFlags@@YAXPEAUsim_entity@@I@Z 000000018000efa0 f i p5engine.obj
 0001:0000dfe0       ?AddRadiusTo@@YA?AUrectangle3@@U1@Tv3@@@Z 000000018000efe0 f i p5engine.obj
 0001:0000e150       ?AllResourcesPresent@@YAHPEAUrender_group@@@Z 000000018000f150 f i p5engine.obj
 0001:0000e1a0       ?AreInSameChunk@@YAHPEAUworld@@PEAUworld_position@@1@Z 000000018000f1a0 f i p5engine.obj
 0001:0000e2a0       ?AtomicCompareExchangeUInt32@@YAIPECIII@Z 000000018000f2a0 f i p5engine.obj
 0001:0000e2f0       ?BeginTemporaryMemory@@YA?AUtemporary_memory@@PEAUmemory_arena@@@Z 000000018000f2f0 f i p5engine.obj
 0001:0000e390       ?CeilReal32ToInt32@@YAHM@Z 000000018000f390 f i p5engine.obj
 0001:0000e3d0       ?CenteredChunkPoint@@YA?AUworld_position@@III@Z 000000018000f3d0 f i p5engine.obj
 0001:0000e460       ?ChangeEntityLocationRaw@@YAXPEAUmemory_arena@@PEAUworld@@IPEAUworld_position@@2@Z 000000018000f460 f i p5engine.obj
 0001:0000e850       ?CheckArena@@YAXPEAUmemory_arena@@@Z 000000018000f850 f i p5engine.obj
 0001:0000e880       ?ChunkPositionFromTilePosition@@YA?AUworld_position@@PEAUworld@@HHHTv3@@@Z 000000018000f880 f i p5engine.obj
 0001:0000eb20       ?Clamp01@@YA?ATv2@@T1@@Z   000000018000fb20 f i p5engine.obj
 0001:0000eb90       ?Clamp01@@YAMM@Z           000000018000fb90 f i p5engine.obj
 0001:0000ebd0       ?Clamp01MapToRange@@YAMMMM@Z 000000018000fbd0 f i p5engine.obj
 0001:0000ec50       ?Clamp@@YAMMMM@Z           000000018000fc50 f i p5engine.obj
 0001:0000ecc0       ?Clear@@YAXPEAUrender_group@@Tv4@@@Z 000000018000fcc0 f i p5engine.obj
 0001:0000ed20       ?ClearFlags@@YAXPEAUsim_entity@@I@Z 000000018000fd20 f i p5engine.obj
 0001:0000ed60       ?DefaultMoveSpec@@YA?AUmove_spec@@XZ 000000018000fd60 f i p5engine.obj
 0001:0000ee00       ?EndTemporaryMemory@@YAXUtemporary_memory@@@Z 000000018000fe00 f i p5engine.obj
 0001:0000ee80       ?EntityOverlapsRectangle@@YAHTv3@@Usim_entity_collision_volume@@Urectangle3@@@Z 000000018000fe80 f i p5engine.obj
 0001:0000f010       ?FindLeastSignificantSetBit@@YA?AUbit_scan_result@@I@Z 0000000180010010 f i p5engine.obj
 0001:0000f080       ?FloorReal32ToInt32@@YAHM@Z 0000000180010080 f i p5engine.obj
 0001:0000f0c0       ?GetAlignmentOffset@@YA_KPEAUmemory_arena@@_K@Z 00000001800100c0 f i p5engine.obj
 0001:0000f150       ?GetArenaSizeRemaining@@YA_KPEAUmemory_arena@@_K@Z 0000000180010150 f i p5engine.obj
 0001:0000f1b0       ?GetBarycentric@@YA?ATv2@@Urectangle2@@T1@@Z 00000001800101b0 f i p5engine.obj
 0001:0000f260       ?GetBitmap@@YAPEAUloaded_bitmap@@PEAUgame_assets@@Ubitmap_id@@@Z 0000000180010260 f i p5engine.obj
 0001:0000f2a0       ?GetCameraRectangleAtDistance@@YA?AUrectangle2@@PEAUrender_group@@M@Z 00000001800102a0 f i p5engine.obj
 0001:0000f340       ?GetCameraRectangleAtTarget@@YA?AUrectangle2@@PEAUrender_group@@@Z 0000000180010340 f i p5engine.obj
 0001:0000f3b0       ?GetClampedRectArea@@YAHUrectangle2i@@@Z 00000001800103b0 f i p5engine.obj
 0001:0000f420       ?GetDim@@YA?ATv2@@Urectangle2@@@Z 0000000180010420 f i p5engine.obj
 0001:0000f460       ?GetDim@@YA?ATv3@@Urectangle3@@@Z 0000000180010460 f i p5engine.obj
 0001:0000f500       ?GetEntityGroundPoint@@YA?ATv3@@PEAUsim_entity@@@Z 0000000180010500 f i p5engine.obj
 0001:0000f580       ?GetEntityGroundPoint@@YA?ATv3@@PEAUsim_entity@@T1@@Z 0000000180010580 f i p5engine.obj
 0001:0000f5e0       ?GetLowEntity@@YAPEAUlow_entity@@PEAUgame_state@@I@Z 00000001800105e0 f i p5engine.obj
 0001:0000f650       ?GetMaxCorner@@YA?ATv3@@Urectangle3@@@Z 0000000180010650 f i p5engine.obj
 0001:0000f6b0       ?GetMinCorner@@YA?ATv3@@Urectangle3@@@Z 00000001800106b0 f i p5engine.obj
 0001:0000f700       ?GetRenderEntityBasisPos@@YA?AUentity_basis_p_result@@PEAUrender_transform@@Tv3@@@Z 0000000180010700 f i p5engine.obj
 0001:0000f9a0       ?GetSimSpacePos@@YA?ATv3@@PEAUsim_region@@PEAUlow_entity@@@Z 00000001800109a0 f i p5engine.obj
 0001:0000fa90       ?GetStairGround@@YAMPEAUsim_entity@@Tv3@@@Z 0000000180010a90 f i p5engine.obj
 0001:0000fb80       ?GetWorldChunk@@YAPEAUworld_chunk@@PEAUworld@@HHHPEAUmemory_arena@@@Z 0000000180010b80 f i p5engine.obj
 0001:0000fd70       ?Hadamard@@YA?ATv2@@T1@0@Z 0000000180010d70 f i p5engine.obj
 0001:0000fdd0       ?Hadamard@@YA?ATv3@@T1@0@Z 0000000180010dd0 f i p5engine.obj
 0001:0000fe90       ?HasArea@@YAHUrectangle2i@@@Z 0000000180010e90 f i p5engine.obj
 0001:0000fef0       ?HasFlag@@YAHPEAUsim_entity@@I@Z 0000000180010ef0 f i p5engine.obj
 0001:0000ff30       ?InitializeArena@@YAXPEAUmemory_arena@@_KPEAX@Z 0000000180010f30 f i p5engine.obj
 0001:0000ff90       ?Inner@@YAMTv2@@0@Z        0000000180010f90 f i p5engine.obj
 0001:0000ffe0       ?Inner@@YAMTv3@@0@Z        0000000180010fe0 f i p5engine.obj
 0001:00010050       ?Intersect@@YA?AUrectangle2i@@U1@0@Z 0000000180011050 f i p5engine.obj
 0001:00010160       ?InvertedInfinityRectangle@@YA?AUrectangle2i@@XZ 0000000180011160 f i p5engine.obj
 0001:000101c0       ?IsCanonical@@YAHMM@Z      00000001800111c0 f i p5engine.obj
 0001:00010260       ?IsCanonical@@YAHPEAUworld@@Tv3@@@Z 0000000180011260 f i p5engine.obj
 0001:00010300       ?IsInRectangle@@YAHUrectangle3@@Tv3@@@Z 0000000180011300 f i p5engine.obj
 0001:000103c0       ?IsValid@@YAHUworld_position@@@Z 00000001800113c0 f i p5engine.obj
 0001:00010410       ?Length@@YAMTv3@@@Z        0000000180011410 f i p5engine.obj
 0001:00010460       ?LengthSq@@YAMTv2@@@Z      0000000180011460 f i p5engine.obj
 0001:000104a0       ?LengthSq@@YAMTv3@@@Z      00000001800114a0 f i p5engine.obj
 0001:00010510       ?Linear1ToSRGB255@@YA?ATv4@@T1@@Z 0000000180011510 f i p5engine.obj
 0001:00010610       ?LoadEntityReference@@YAXPEAUgame_state@@PEAUsim_region@@PEATentity_reference@@@Z 0000000180011610 f i p5engine.obj
 0001:00010740       ?MakeEntityNonSpatial@@YAXPEAUsim_entity@@@Z 0000000180011740 f i p5engine.obj
 0001:000107c0       ?MakeEntitySpatial@@YAXPEAUsim_entity@@Tv3@@1@Z 00000001800117c0 f i p5engine.obj
 0001:00010830       ?MapIntoChunkSpace@@YA?AUworld_position@@PEAUworld@@U1@Tv3@@@Z 0000000180011830 f i p5engine.obj
 0001:00010920       ?NullPosition@@YA?AUworld_position@@XZ 0000000180011920 f i p5engine.obj
 0001:00010990       ?Orthographic@@YAXPEAUrender_group@@HHM@Z 0000000180011990 f i p5engine.obj
 0001:00010a90       ?Perspective@@YAXPEAUrender_group@@HHMMM@Z 0000000180011a90 f i p5engine.obj
 0001:00010b80       ?PushBitmap@@YAXPEAUrender_group@@PEAUloaded_bitmap@@Tv3@@MTv4@@@Z 0000000180011b80 f i p5engine.obj
 0001:00010db0       ?PushBitmap@@YAXPEAUrender_group@@Ubitmap_id@@Tv3@@MTv4@@@Z 0000000180011db0 f i p5engine.obj
 0001:00010e90       ?PushRect@@YAXPEAUrender_group@@Tv3@@Tv2@@Tv4@@@Z 0000000180011e90 f i p5engine.obj
 0001:00011030       ?PushRectOutline@@YAXPEAUrender_group@@Tv3@@Tv2@@Tv4@@@Z 0000000180012030 f i p5engine.obj
 0001:000114c0       ?PushRenderElement_@@YAPEAXPEAUrender_group@@IW4render_group_entry_type@@@Z 00000001800124c0 f i p5engine.obj
 0001:00011570       ?PushSize_@@YAPEAXPEAUmemory_arena@@_K1@Z 0000000180012570 f i p5engine.obj
 0001:00011640       ?RandomBilateral@@YAMPEAUrandom_series@@@Z 0000000180012640 f i p5engine.obj
 0001:00011690       ?RandomChoice@@YAIPEAUrandom_series@@I@Z 0000000180012690 f i p5engine.obj
 0001:000116d0       ?RandomNextUInt32@@YAIPEAUrandom_series@@@Z 00000001800126d0 f i p5engine.obj
 0001:00011740       ?RandomSeed@@YA?AUrandom_series@@I@Z 0000000180012740 f i p5engine.obj
 0001:000117b0       ?RandomUnilateral@@YAMPEAUrandom_series@@@Z 00000001800127b0 f i p5engine.obj
 0001:00011810       ?RecanonicalizeCoord@@YAXMPEAHPEAM@Z 0000000180012810 f i p5engine.obj
 0001:000118b0       ?RectCenterDim@@YA?AUrectangle2@@Tv2@@0@Z 00000001800128b0 f i p5engine.obj
 0001:00011940       ?RectCenterDim@@YA?AUrectangle3@@Tv3@@0@Z 0000000180012940 f i p5engine.obj
 0001:00011a30       ?RectCenterHalfDim@@YA?AUrectangle2@@Tv2@@0@Z 0000000180012a30 f i p5engine.obj
 0001:00011ae0       ?RectCenterHalfDim@@YA?AUrectangle3@@Tv3@@0@Z 0000000180012ae0 f i p5engine.obj
 0001:00011c50       ?RectMinMax@@YA?AUrectangle3@@Tv3@@0@Z 0000000180012c50 f i p5engine.obj
 0001:00011cf0       ?RectanglesIntersect@@YAHUrectangle3@@0@Z 0000000180012cf0 f i p5engine.obj
 0001:00011db0       ?RoundReal32ToInt32@@YAHM@Z 0000000180012db0 f i p5engine.obj
 0001:00011df0       ?RoundReal32ToUInt32@@YAIM@Z 0000000180012df0 f i p5engine.obj
 0001:00011e30       ?SRGB255ToLinear1@@YA?ATv4@@T1@@Z 0000000180012e30 f i p5engine.obj
 0001:00011f10       ?SafeRatio0@@YAMMM@Z       0000000180012f10 f i p5engine.obj
 0001:00011f60       ?SafeRatio1@@YAMMM@Z       0000000180012f60 f i p5engine.obj
 0001:00011fb0       ?SafeRatioN@@YAMMMM@Z      0000000180012fb0 f i p5engine.obj
 0001:00012010       ?Sin@@YAMM@Z               0000000180013010 f i p5engine.obj
 0001:00012050       ?Square@@YAMM@Z            0000000180013050 f i p5engine.obj
 0001:00012090       ?SquareRoot@@YAMM@Z        0000000180013090 f i p5engine.obj
 0001:000120d0       ?StoreEntityReference@@YAXPEATentity_reference@@@Z 00000001800130d0 f i p5engine.obj
 0001:00012110       ?SubArena@@YAXPEAUmemory_arena@@0_K1@Z 0000000180013110 f i p5engine.obj
 0001:00012180       ?ToV3@@YA?ATv3@@Tv2@@M@Z   0000000180013180 f i p5engine.obj
 0001:00012210       ?Unproject@@YA?ATv2@@PEAUrender_group@@T1@M@Z 0000000180013210 f i p5engine.obj
 0001:00012260       ?V2@@YA?ATv2@@MM@Z         0000000180013260 f i p5engine.obj
 0001:000122d0       ?V2i@@YA?ATv2@@HH@Z        00000001800132d0 f i p5engine.obj
 0001:00012320       ?V3@@YA?ATv3@@MMM@Z        0000000180013320 f i p5engine.obj
 0001:000123c0       ?V4@@YA?ATv4@@MMMM@Z       00000001800133c0 f i p5engine.obj
 0001:00012470       ?ZeroSize@@YAX_KPEAX@Z     0000000180013470 f i p5engine.obj
 0001:000124d0       GetController              00000001800134d0 f i p5engine.obj
 0001:00012530       __CheckForDebuggerJustMyCode 0000000180013530 f   MSVCRTD:debugger_jmc.obj
 0001:00012570       __GSHandlerCheck           0000000180013570 f   MSVCRTD:gshandler.obj
 0001:000125b0       __GSHandlerCheckCommon     00000001800135b0 f   MSVCRTD:gshandler.obj
 0001:000126c0       __chkstk                   00000001800136c0 f   MSVCRTD:chkstk.obj
 0001:000126c0       _alloca_probe              00000001800136c0 f   MSVCRTD:chkstk.obj
 0001:00012720       __security_check_cookie    0000000180013720 f   MSVCRTD:amdsecgs.obj
 0001:00012b50       _DllMainCRTStartup         0000000180013b50 f   MSVCRTD:dll_dllmain.obj
 0001:00012b90       __raise_securityfailure    0000000180013b90 f   MSVCRTD:gs_report.obj
 0001:00012bd0       __report_gsfailure         0000000180013bd0 f   MSVCRTD:gs_report.obj
 0001:00012e30       __security_init_cookie     0000000180013e30 f   MSVCRTD:gs_support.obj
 0001:00012eb0       DllMain                    0000000180013eb0 f   MSVCRTD:dll_dllmain_stub.obj
 0001:00012ef0       ?__scrt_initialize_type_info@@YAXXZ 0000000180013ef0 f   MSVCRTD:tncleanup.obj
 0001:00012f10       ?__scrt_uninitialize_type_info@@YAXXZ 0000000180013f10 f   MSVCRTD:tncleanup.obj
 0001:00012f30       __local_stdio_printf_options 0000000180013f30 f i MSVCRTD:default_local_stdio_options.obj
 0001:00012f40       __local_stdio_scanf_options 0000000180013f40 f i MSVCRTD:default_local_stdio_options.obj
 0001:00012f50       __scrt_initialize_default_local_stdio_options 0000000180013f50 f   MSVCRTD:default_local_stdio_options.obj
 0001:00012fa0       ?configure_argv@__scrt_narrow_argv_policy@@SAHXZ 0000000180013fa0 f i MSVCRTD:utility.obj
 0001:00013090       ?initialize_environment@__scrt_narrow_environment_policy@@SAHXZ 0000000180014090 f i MSVCRTD:utility.obj
 0001:00013130       NtCurrentTeb               0000000180014130 f i MSVCRTD:utility.obj
 0001:00013140       __scrt_acquire_startup_lock 0000000180014140 f   MSVCRTD:utility.obj
 0001:000131b0       __scrt_dllmain_after_initialize_c 00000001800141b0 f   MSVCRTD:utility.obj
 0001:000131e0       __scrt_dllmain_before_initialize_c 00000001800141e0 f   MSVCRTD:utility.obj
 0001:00013200       __scrt_dllmain_crt_thread_attach 0000000180014200 f   MSVCRTD:utility.obj
 0001:00013230       __scrt_dllmain_crt_thread_detach 0000000180014230 f   MSVCRTD:utility.obj
 0001:00013250       __scrt_dllmain_exception_filter 0000000180014250 f   MSVCRTD:utility.obj
 0001:000132c0       __scrt_dllmain_uninitialize_c 00000001800142c0 f   MSVCRTD:utility.obj
 0001:000132f0       __scrt_dllmain_uninitialize_critical 00000001800142f0 f   MSVCRTD:utility.obj
 0001:00013310       __scrt_initialize_crt      0000000180014310 f   MSVCRTD:utility.obj
 0001:00013360       __scrt_initialize_onexit_tables 0000000180014360 f   MSVCRTD:utility.obj
 0001:00013470       __scrt_is_nonwritable_in_current_image 0000000180014470 f   MSVCRTD:utility.obj
 0001:00013500       __scrt_release_startup_lock 0000000180014500 f   MSVCRTD:utility.obj
 0001:00013530       __scrt_uninitialize_crt    0000000180014530 f   MSVCRTD:utility.obj
 0001:00013570       __scrt_get_dyn_tls_init_callback 0000000180014570 f   MSVCRTD:dyn_tls_init.obj
 0001:00013580       __crt_debugger_hook        0000000180014580 f   MSVCRTD:utility_desktop.obj
 0001:00013590       __scrt_fastfail            0000000180014590 f   MSVCRTD:utility_desktop.obj
 0001:00013730       _RTC_Initialize            0000000180014730 f   MSVCRTD:initsect.obj
 0001:00013780       _RTC_Terminate             0000000180014780 f   MSVCRTD:initsect.obj
 0001:000137d0       _guard_check_icall_nop     00000001800147d0 f i MSVCRTD:guard_support.obj
 0001:000137e0       __isa_available_init       00000001800147e0 f   MSVCRTD:cpu_disp.obj
 0001:00013b80       _get_startup_argv_mode     0000000180014b80 f   MSVCRTD:argv_mode.obj
 0001:00013b90       __scrt_is_ucrt_dll_in_use  0000000180014b90 f   MSVCRTD:ucrt_detection.obj
 0001:00013bc0       __C_specific_handler       0000000180014bc0 f   vcruntimed:VCRUNTIME140D.dll
 0001:00013bc6       __std_type_info_destroy_list 0000000180014bc6 f   vcruntimed:VCRUNTIME140D.dll
 0001:00013bcc       atan2                      0000000180014bcc f   ucrtd:ucrtbased.dll
 0001:00013bd2       ceilf                      0000000180014bd2 f   ucrtd:ucrtbased.dll
 0001:00013bd8       floorf                     0000000180014bd8 f   ucrtd:ucrtbased.dll
 0001:00013bde       sinf                       0000000180014bde f   ucrtd:ucrtbased.dll
 0001:00013be4       sqrtf                      0000000180014be4 f   ucrtd:ucrtbased.dll
 0001:00013bea       _initterm                  0000000180014bea f   ucrtd:ucrtbased.dll
 0001:00013bf0       _initterm_e                0000000180014bf0 f   ucrtd:ucrtbased.dll
 0001:00013bf6       _seh_filter_dll            0000000180014bf6 f   ucrtd:ucrtbased.dll
 0001:00013bfc       _configure_narrow_argv     0000000180014bfc f   ucrtd:ucrtbased.dll
 0001:00013c02       _initialize_narrow_environment 0000000180014c02 f   ucrtd:ucrtbased.dll
 0001:00013c08       _initialize_onexit_table   0000000180014c08 f   ucrtd:ucrtbased.dll
 0001:00013c0e       _execute_onexit_table      0000000180014c0e f   ucrtd:ucrtbased.dll
 0001:00013c14       _cexit                     0000000180014c14 f   ucrtd:ucrtbased.dll
 0001:00013c20       __acrt_initialize          0000000180014c20 f   MSVCRTD:ucrt_stubs.obj
 0001:00013c20       __vcrt_thread_detach       0000000180014c20 f   MSVCRTD:ucrt_stubs.obj
 0001:00013c20       __vcrt_initialize          0000000180014c20 f   MSVCRTD:ucrt_stubs.obj
 0001:00013c20       __scrt_stub_for_acrt_thread_detach 0000000180014c20 f   MSVCRTD:ucrt_stubs.obj
 0001:00013c20       __vcrt_thread_attach       0000000180014c20 f   MSVCRTD:ucrt_stubs.obj
 0001:00013c20       __acrt_thread_attach       0000000180014c20 f   MSVCRTD:ucrt_stubs.obj
 0001:00013c20       __scrt_stub_for_acrt_initialize 0000000180014c20 f   MSVCRTD:ucrt_stubs.obj
 0001:00013c20       __acrt_thread_detach       0000000180014c20 f   MSVCRTD:ucrt_stubs.obj
 0001:00013c20       __scrt_stub_for_acrt_thread_attach 0000000180014c20 f   MSVCRTD:ucrt_stubs.obj
 0001:00013c30       __acrt_uninitialize        0000000180014c30 f   MSVCRTD:ucrt_stubs.obj
 0001:00013c30       __scrt_stub_for_acrt_uninitialize_critical 0000000180014c30 f   MSVCRTD:ucrt_stubs.obj
 0001:00013c30       __vcrt_uninitialize        0000000180014c30 f   MSVCRTD:ucrt_stubs.obj
 0001:00013c30       __vcrt_uninitialize_critical 0000000180014c30 f   MSVCRTD:ucrt_stubs.obj
 0001:00013c30       __acrt_uninitialize_critical 0000000180014c30 f   MSVCRTD:ucrt_stubs.obj
 0001:00013c30       __scrt_stub_for_acrt_uninitialize 0000000180014c30 f   MSVCRTD:ucrt_stubs.obj
 0001:00013c40       _is_c_termination_complete 0000000180014c40 f   MSVCRTD:ucrt_stubs.obj
 0001:00013c40       __scrt_stub_for_is_c_termination_complete 0000000180014c40 f   MSVCRTD:ucrt_stubs.obj
 0001:00013c60       _guard_dispatch_icall_nop  0000000180014c60 f   MSVCRTD:guard_dispatch.obj
 0001:00013c80       _guard_xfg_dispatch_icall_nop 0000000180014c80 f   MSVCRTD:guard_xfg_dispatch.obj
 0002:00000000       __imp_GetCurrentProcessId  0000000180015000     kernel32:KERNEL32.dll
 0002:00000008       __imp_RtlCaptureContext    0000000180015008     kernel32:KERNEL32.dll
 0002:00000010       __imp_RtlLookupFunctionEntry 0000000180015010     kernel32:KERNEL32.dll
 0002:00000018       __imp_RtlVirtualUnwind     0000000180015018     kernel32:KERNEL32.dll
 0002:00000020       __imp_IsDebuggerPresent    0000000180015020     kernel32:KERNEL32.dll
 0002:00000028       __imp_InitializeSListHead  0000000180015028     kernel32:KERNEL32.dll
 0002:00000030       __imp_DisableThreadLibraryCalls 0000000180015030     kernel32:KERNEL32.dll
 0002:00000038       __imp_GetSystemTimeAsFileTime 0000000180015038     kernel32:KERNEL32.dll
 0002:00000040       __imp_GetCurrentThreadId   0000000180015040     kernel32:KERNEL32.dll
 0002:00000048       __imp_QueryPerformanceCounter 0000000180015048     kernel32:KERNEL32.dll
 0002:00000050       __imp_IsProcessorFeaturePresent 0000000180015050     kernel32:KERNEL32.dll
 0002:00000058       __imp_TerminateProcess     0000000180015058     kernel32:KERNEL32.dll
 0002:00000060       __imp_GetCurrentProcess    0000000180015060     kernel32:KERNEL32.dll
 0002:00000068       __imp_SetUnhandledExceptionFilter 0000000180015068     kernel32:KERNEL32.dll
 0002:00000070       __imp_UnhandledExceptionFilter 0000000180015070     kernel32:KERNEL32.dll
 0002:00000078       \177KERNEL32_NULL_THUNK_DATA 0000000180015078     kernel32:KERNEL32.dll
 0002:00000080       __imp___std_type_info_destroy_list 0000000180015080     vcruntimed:VCRUNTIME140D.dll
 0002:00000088       __imp___C_specific_handler 0000000180015088     vcruntimed:VCRUNTIME140D.dll
 0002:00000090       \177VCRUNTIME140D_NULL_THUNK_DATA 0000000180015090     vcruntimed:VCRUNTIME140D.dll
 0002:00000098       __imp__execute_onexit_table 0000000180015098     ucrtd:ucrtbased.dll
 0002:000000a0       __imp__initialize_onexit_table 00000001800150a0     ucrtd:ucrtbased.dll
 0002:000000a8       __imp__initialize_narrow_environment 00000001800150a8     ucrtd:ucrtbased.dll
 0002:000000b0       __imp__configure_narrow_argv 00000001800150b0     ucrtd:ucrtbased.dll
 0002:000000b8       __imp__seh_filter_dll      00000001800150b8     ucrtd:ucrtbased.dll
 0002:000000c0       __imp__initterm_e          00000001800150c0     ucrtd:ucrtbased.dll
 0002:000000c8       __imp__initterm            00000001800150c8     ucrtd:ucrtbased.dll
 0002:000000d0       __imp_sqrtf                00000001800150d0     ucrtd:ucrtbased.dll
 0002:000000d8       __imp_sinf                 00000001800150d8     ucrtd:ucrtbased.dll
 0002:000000e0       __imp_floorf               00000001800150e0     ucrtd:ucrtbased.dll
 0002:000000e8       __imp_ceilf                00000001800150e8     ucrtd:ucrtbased.dll
 0002:000000f0       __imp_atan2                00000001800150f0     ucrtd:ucrtbased.dll
 0002:000000f8       __imp_roundf               00000001800150f8     ucrtd:ucrtbased.dll
 0002:00000100       __imp__cexit               0000000180015100     ucrtd:ucrtbased.dll
 0002:00000108       \177ucrtbased_NULL_THUNK_DATA 0000000180015108     ucrtd:ucrtbased.dll
 0002:00000110       __guard_check_icall_fptr   0000000180015110     MSVCRTD:guard_support.obj
 0002:00000118       __guard_xfg_check_icall_fptr 0000000180015118     MSVCRTD:guard_support.obj
 0002:00000120       __guard_dispatch_icall_fptr 0000000180015120     MSVCRTD:guard_support.obj
 0002:00000128       __guard_xfg_dispatch_icall_fptr 0000000180015128     MSVCRTD:guard_support.obj
 0002:00000130       __guard_xfg_table_dispatch_icall_fptr 0000000180015130     MSVCRTD:guard_support.obj
 0002:00000138       __xc_a                     0000000180015138     MSVCRTD:initializers.obj
 0002:00000140       __xc_z                     0000000180015140     MSVCRTD:initializers.obj
 0002:00000148       __xi_a                     0000000180015148     MSVCRTD:initializers.obj
 0002:00000150       __xi_z                     0000000180015150     MSVCRTD:initializers.obj
 0002:00000158       __xp_a                     0000000180015158     MSVCRTD:initializers.obj
 0002:00000160       __xp_z                     0000000180015160     MSVCRTD:initializers.obj
 0002:00000168       __xt_a                     0000000180015168     MSVCRTD:initializers.obj
 0002:00000170       __xt_z                     0000000180015170     MSVCRTD:initializers.obj
 0002:00000368       ??_C@_0BA@NMEIMCEK@InvalidCodePath@ 0000000180015368     p5engine.obj
 0002:00000378       __real@00000000            0000000180015378     p5engine.obj
 0002:0000037c       __real@308992b1            000000018001537c     p5engine.obj
 0002:00000380       __real@3a83126f            0000000180015380     p5engine.obj
 0002:00000384       __real@3b808081            0000000180015384     p5engine.obj
 0002:00000388       __real@3c23d70a            0000000180015388     p5engine.obj
 0002:0000038c       __real@3cc30c31            000000018001538c     p5engine.obj
 0002:00000390       __real@3dcccccd            0000000180015390     p5engine.obj
 0002:00000394       __real@3e4ccccd            0000000180015394     p5engine.obj
 0002:00000398       __real@3e800000            0000000180015398     p5engine.obj
 0002:0000039c       __real@3e99999a            000000018001539c     p5engine.obj
 0002:000003a0       __real@3eae4c41            00000001800153a0     p5engine.obj
 0002:000003a4       __real@3ecccccd            00000001800153a4     p5engine.obj
 0002:000003a8       __real@3ee147ae            00000001800153a8     p5engine.obj
 0002:000003ac       __real@3f000000            00000001800153ac     p5engine.obj
 0002:000003b0       __real@3f19999a            00000001800153b0     p5engine.obj
 0002:000003b4       __real@3f228f5c            00000001800153b4     p5engine.obj
 0002:000003b8       __real@3f3504f3            00000001800153b8     p5engine.obj
 0002:000003bc       __real@3f400000            00000001800153bc     p5engine.obj
 0002:000003c0       __real@3f666666            00000001800153c0     p5engine.obj
 0002:000003c4       __real@3f800000            00000001800153c4     p5engine.obj
 0002:000003c8       __real@3f8ba2e9            00000001800153c8     p5engine.obj
 0002:000003cc       __real@3f8ccccd            00000001800153cc     p5engine.obj
 0002:000003d0       __real@3f99999a            00000001800153d0     p5engine.obj
 0002:000003d4       __real@3fa66666            00000001800153d4     p5engine.obj
 0002:000003d8       __real@3fb33333            00000001800153d8     p5engine.obj
 0002:000003dc       __real@3fc00000            00000001800153dc     p5engine.obj
 0002:000003e0       __real@3fc90fdb            00000001800153e0     p5engine.obj
 0002:000003e4       __real@40000000            00000001800153e4     p5engine.obj
 0002:000003e8       __real@400ccccd            00000001800153e8     p5engine.obj
 0002:000003ec       __real@40400000            00000001800153ec     p5engine.obj
 0002:000003f0       __real@40490fdb            00000001800153f0     p5engine.obj
 0002:000003f4       __real@40800000            00000001800153f4     p5engine.obj
 0002:000003f8       __real@4096cbe4            00000001800153f8     p5engine.obj
 0002:000003fc       __real@40a00000            00000001800153fc     p5engine.obj
 0002:00000400       __real@40c00000            0000000180015400     p5engine.obj
 0002:00000404       __real@40c90fdb            0000000180015404     p5engine.obj
 0002:00000408       __real@41100000            0000000180015408     p5engine.obj
 0002:0000040c       __real@41700000            000000018001540c     p5engine.obj
 0002:00000410       __real@41880000            0000000180015410     p5engine.obj
 0002:00000414       __real@41a00000            0000000180015414     p5engine.obj
 0002:00000418       __real@41f00000            0000000180015418     p5engine.obj
 0002:0000041c       __real@42340000            000000018001541c     p5engine.obj
 0002:00000420       __real@437f0000            0000000180015420     p5engine.obj
 0002:00000424       __real@461c4000            0000000180015424     p5engine.obj
 0002:00000428       __real@47c35000            0000000180015428     p5engine.obj
 0002:0000042c       __real@7f7fffff            000000018001542c     p5engine.obj
 0002:00000430       __real@becccccd            0000000180015430     p5engine.obj
 0002:00000434       __real@bf000000            0000000180015434     p5engine.obj
 0002:00000438       __real@bf800000            0000000180015438     p5engine.obj
 0002:0000043c       __real@c0000000            000000018001543c     p5engine.obj
 0002:00000440       __real@c0100000            0000000180015440     p5engine.obj
 0002:00000444       __real@c0400000            0000000180015444     p5engine.obj
 0002:00000448       __real@c11ccccd            0000000180015448     p5engine.obj
 0002:00000450       __xmm@00000000000000000000000000000000 0000000180015450     p5engine.obj
 0002:00000460       __xmm@000000ff000000ff000000ff000000ff 0000000180015460     p5engine.obj
 0002:00000470       __xmm@0000ffff0000ffff0000ffff0000ffff 0000000180015470     p5engine.obj
 0002:00000480       __xmm@00ff00ff00ff00ff00ff00ff00ff00ff 0000000180015480     p5engine.obj
 0002:00000490       __xmm@3b8080813b8080813b8080813b808081 0000000180015490     p5engine.obj
 0002:000004a0       __xmm@3f0000003f0000003f0000003f000000 00000001800154a0     p5engine.obj
 0002:000004b0       __xmm@3f8000003f8000003f8000003f800000 00000001800154b0     p5engine.obj
 0002:000004c0       __xmm@40800000408000004080000040800000 00000001800154c0     p5engine.obj
 0002:000004d0       __xmm@477e0100477e0100477e0100477e0100 00000001800154d0     p5engine.obj
 0002:000004e0       __xmm@7fffffffffffffff7fffffffffffffff 00000001800154e0     p5engine.obj
 0002:000004f0       __xmm@80000000800000008000000080000000 00000001800154f0     p5engine.obj
 0002:00000500       __xmm@ffffffffffffffffffffffffffffffff 0000000180015500     p5engine.obj
 0002:00000510       _pDefaultRawDllMain        0000000180015510     MSVCRTD:dll_dllmain.obj
 0002:00000510       _pRawDllMain               0000000180015510     MSVCRTD:dll_dllmain.obj
 0002:00000580       _load_config_used          0000000180015580     MSVCRTD:loadcfg.obj
 0002:00000700       __volatile_metadata        0000000180015700     <linker-defined>
 0002:00000b60       __rtc_iaa                  0000000180015b60     MSVCRTD:initsect.obj
 0002:00000b68       __rtc_izz                  0000000180015b68     MSVCRTD:initsect.obj
 0002:00000b70       __rtc_taa                  0000000180015b70     MSVCRTD:initsect.obj
 0002:00000b78       __rtc_tzz                  0000000180015b78     MSVCRTD:initsect.obj
 0002:00001334       __IMPORT_DESCRIPTOR_VCRUNTIME140D 0000000180016334     vcruntimed:VCRUNTIME140D.dll
 0002:00001348       __IMPORT_DESCRIPTOR_ucrtbased 0000000180016348     ucrtd:ucrtbased.dll
 0002:0000135c       __IMPORT_DESCRIPTOR_KERNEL32 000000018001635c     kernel32:KERNEL32.dll
 0002:00001370       __NULL_IMPORT_DESCRIPTOR   0000000180016370     vcruntimed:VCRUNTIME140D.dll
 0003:00004000       __security_cookie_complement 000000018001b000     MSVCRTD:gs_cookie.obj
 0003:00004008       __security_cookie          000000018001b008     MSVCRTD:gs_cookie.obj
 0003:00004010       _fltused                   000000018001b010     MSVCRTD:fltused.obj
 0003:00004014       __scrt_native_dllmain_reason 000000018001b014     MSVCRTD:utility.obj
 0003:00004018       __isa_available            000000018001b018     MSVCRTD:cpu_disp.obj
 0003:0000401c       __isa_enabled              000000018001b01c     MSVCRTD:cpu_disp.obj
 0003:00004020       __memcpy_nt_iters          000000018001b020     MSVCRTD:cpu_disp.obj
 0003:00004028       __memset_nt_iters          000000018001b028     MSVCRTD:cpu_disp.obj
 0003:00004030       __scrt_ucrt_dll_is_in_use  000000018001b030     MSVCRTD:ucrt_stubs.obj
 0003:00004040       DebugGlobalMemory          000000018001b040     p5engine.obj
 0003:000045e0       ?__type_info_root_node@@3U__type_info_node@@A 000000018001b5e0     MSVCRTD:tncleanup.obj
 0003:000045f0       ?_OptionsStorage@?1??__local_stdio_printf_options@@9@4_KA 000000018001b5f0     MSVCRTD:default_local_stdio_options.obj
 0003:000045f8       ?_OptionsStorage@?1??__local_stdio_scanf_options@@9@4_KA 000000018001b5f8     MSVCRTD:default_local_stdio_options.obj
 0003:00004600       __scrt_current_native_startup_state 000000018001b600     MSVCRTD:utility.obj
 0003:00004608       __scrt_native_startup_lock 000000018001b608     MSVCRTD:utility.obj
 0003:00004648       __scrt_debugger_hook_flag  000000018001b648     MSVCRTD:utility_desktop.obj
 0003:00004650       __castguard_check_failure_os_handled_fptr 000000018001b650     MSVCRTD:guard_support.obj
 0003:00004658       __favor                    000000018001b658     MSVCRTD:cpu_disp.obj
 0003:00004660       __dyn_tls_init_callback    000000018001b660     <common>
 0003:00004668       __DebuggerCurrentSteppingThreadId 000000018001b668     <common>

 entry point at        0001:00012b50

 Static symbols

 0000:fffe0000       .debug$S                   0000000180000000     P5Engine.exp
 0000:fffe0000       .debug$S                   0000000180000000     vcruntimed:VCRUNTIME140D.dll
 0000:fffe0000       .debug$S                   0000000180000000     vcruntimed:VCRUNTIME140D.dll
 0000:fffe0000       .debug$S                   0000000180000000     vcruntimed:VCRUNTIME140D.dll
 0000:fffe0000       .debug$S                   0000000180000000     vcruntimed:VCRUNTIME140D.dll
 0000:fffe0000       .debug$S                   0000000180000000     ucrtd:ucrtbased.dll
 0000:fffe0000       .debug$S                   0000000180000000     ucrtd:ucrtbased.dll
 0000:fffe0000       .debug$S                   0000000180000000     ucrtd:ucrtbased.dll
 0000:fffe0000       .debug$S                   0000000180000000     ucrtd:ucrtbased.dll
 0000:fffe0000       .debug$S                   0000000180000000     ucrtd:ucrtbased.dll
 0000:fffe0000       .debug$S                   0000000180000000     ucrtd:ucrtbased.dll
 0000:fffe0000       .debug$S                   0000000180000000     ucrtd:ucrtbased.dll
 0000:fffe0000       .debug$S                   0000000180000000     ucrtd:ucrtbased.dll
 0000:fffe0000       .debug$S                   0000000180000000     ucrtd:ucrtbased.dll
 0000:fffe0000       .debug$S                   0000000180000000     ucrtd:ucrtbased.dll
 0000:fffe0000       .debug$S                   0000000180000000     ucrtd:ucrtbased.dll
 0000:fffe0000       .debug$S                   0000000180000000     ucrtd:ucrtbased.dll
 0000:fffe0000       .debug$S                   0000000180000000     ucrtd:ucrtbased.dll
 0000:fffe0000       .debug$S                   0000000180000000     ucrtd:ucrtbased.dll
 0000:fffe0000       .debug$S                   0000000180000000     ucrtd:ucrtbased.dll
 0000:fffe0000       .debug$S                   0000000180000000     ucrtd:ucrtbased.dll
 0000:fffe0000       .debug$S                   0000000180000000     ucrtd:ucrtbased.dll
 0000:fffe0000       .debug$S                   0000000180000000     ucrtd:ucrtbased.dll
 0000:fffe0000       .debug$S                   0000000180000000     kernel32:KERNEL32.dll
 0000:fffe0000       .debug$S                   0000000180000000     kernel32:KERNEL32.dll
 0000:fffe0000       .debug$S                   0000000180000000     kernel32:KERNEL32.dll
 0000:fffe0000       .debug$S                   0000000180000000     kernel32:KERNEL32.dll
 0000:fffe0000       .debug$S                   0000000180000000     kernel32:KERNEL32.dll
 0000:fffe0000       .debug$S                   0000000180000000     kernel32:KERNEL32.dll
 0000:fffe0000       .debug$S                   0000000180000000     kernel32:KERNEL32.dll
 0000:fffe0000       .debug$S                   0000000180000000     kernel32:KERNEL32.dll
 0000:fffe0000       .debug$S                   0000000180000000     kernel32:KERNEL32.dll
 0000:fffe0000       .debug$S                   0000000180000000     kernel32:KERNEL32.dll
 0000:fffe0000       .debug$S                   0000000180000000     kernel32:KERNEL32.dll
 0000:fffe0000       .debug$S                   0000000180000000     kernel32:KERNEL32.dll
 0000:fffe0000       .debug$S                   0000000180000000     kernel32:KERNEL32.dll
 0000:fffe0000       .debug$S                   0000000180000000     kernel32:KERNEL32.dll
 0000:fffe0000       .debug$S                   0000000180000000     kernel32:KERNEL32.dll
 0000:fffe0000       .debug$S                   0000000180000000     kernel32:KERNEL32.dll
 0000:fffe0000       .debug$S                   0000000180000000     kernel32:KERNEL32.dll
 0001:00000000       ?LoadBitmap@@YAXPEAUgame_assets@@Ubitmap_id@@@Z 0000000180001000 f   p5engine.obj
 0001:00000120       ?AddCollisionRule@@YAXPEAUgame_state@@IIH@Z 0000000180001120 f   p5engine.obj
 0001:000002a0       ?ClearCollisionRulesFor@@YAXPEAUgame_state@@I@Z 00000001800012a0 f   p5engine.obj
 0001:000003a0       ?BeginTaskWithMemory@@YAPEAUtask_with_memory@@PEAUtransient_state@@@Z 00000001800013a0 f   p5engine.obj
 0001:00000480       ?EndTaskWithMemory@@YAXPEAUtask_with_memory@@@Z 0000000180001480 f   p5engine.obj
 0001:000004e0       ?DrawRectangle@@YAXPEAUloaded_bitmap@@Tv2@@1Tv4@@Urectangle2i@@H@Z 00000001800014e0 f   p5engine.obj
 0001:000007a0       ?DrawRectangleQuickly@@YAXPEAUloaded_bitmap@@Tv2@@11Tv4@@0MUrectangle2i@@H@Z 00000001800017a0 f   p5engine.obj
 0001:00002c20       ?RenderGroupToOutput@@YAXPEAUrender_group@@PEAUloaded_bitmap@@Urectangle2i@@H@Z 0000000180003c20 f   p5engine.obj
 0001:00003010       ?DoTiledRenderWork@@YAXPEAUplatform_work_queue@@PEAX@Z 0000000180004010 f   p5engine.obj
 0001:000030c0       ?RenderGroupToOutput@@YAXPEAUrender_group@@PEAUloaded_bitmap@@@Z 00000001800040c0 f   p5engine.obj
 0001:000031b0       ?TiledRenderGroupToOutput@@YAXPEAUplatform_work_queue@@PEAUrender_group@@PEAUloaded_bitmap@@@Z 00000001800041b0 f   p5engine.obj
 0001:000033e0       ?AllocateRenderGroup@@YAPEAUrender_group@@PEAUgame_assets@@PEAUmemory_arena@@I@Z 00000001800043e0 f   p5engine.obj
 0001:00003510       ?InitializeWorld@@YAXPEAUworld@@Tv3@@@Z 0000000180004510 f   p5engine.obj
 0001:000035b0       ?Subtract@@YA?ATv3@@PEAUworld@@PEAUworld_position@@1@Z 00000001800045b0 f   p5engine.obj
 0001:00003820       ?ChangeEntityLocation@@YAXPEAUmemory_arena@@PEAUworld@@IPEAUlow_entity@@Uworld_position@@@Z 0000000180004820 f   p5engine.obj
 0001:000039b0       ?GetHashFromStorageIndex@@YAPEAUsim_entity_hash@@PEAUsim_region@@I@Z 00000001800049b0 f   p5engine.obj
 0001:00003a80       ?AddEntity@@YAPEAUsim_entity@@PEAUgame_state@@PEAUsim_region@@IPEAUlow_entity@@PEATv3@@@Z 0000000180004a80 f   p5engine.obj
 0001:00003be0       ?AddEntityRaw@@YAPEAUsim_entity@@PEAUgame_state@@PEAUsim_region@@IPEAUlow_entity@@@Z 0000000180004be0 f   p5engine.obj
 0001:00003d60       ?BeginSim@@YAPEAUsim_region@@PEAUmemory_arena@@PEAUgame_state@@PEAUworld@@Uworld_position@@Urectangle3@@M@Z 0000000180004d60 f   p5engine.obj
 0001:000043d0       ?EndSim@@YAXPEAUsim_region@@PEAUgame_state@@@Z 00000001800053d0 f   p5engine.obj
 0001:00004690       ?CanCollide@@YAHPEAUgame_state@@PEAUsim_entity@@1@Z 0000000180005690 f   p5engine.obj
 0001:000047e0       ?HandleCollision@@YAHPEAUgame_state@@PEAUsim_entity@@1@Z 00000001800057e0 f   p5engine.obj
 0001:000048c0       ?CanOverlap@@YAHPEAUgame_state@@PEAUsim_entity@@1@Z 00000001800058c0 f   p5engine.obj
 0001:00004920       ?HandleOverlap@@YAXPEAUgame_state@@PEAUsim_entity@@1MPEAM@Z 0000000180005920 f   p5engine.obj
 0001:000049c0       ?SpeculativeCollide@@YAHPEAUsim_entity@@0Tv3@@@Z 00000001800059c0 f   p5engine.obj
 0001:00004ac0       ?EntitiesOverlap@@YAHPEAUsim_entity@@0Tv3@@@Z 0000000180005ac0 f   p5engine.obj
 0001:00004e00       ?MoveEntity@@YAXPEAUgame_state@@PEAUsim_region@@PEAUsim_entity@@MPEAUmove_spec@@Tv3@@@Z 0000000180005e00 f   p5engine.obj
 0001:00006760       ?DEBUGLoadBMP@@YA?AUloaded_bitmap@@PEADTv2@@@Z 0000000180007760 f   p5engine.obj
 0001:00006c70       ?LoadBitmapWork@@YAXPEAUplatform_work_queue@@PEAX@Z 0000000180007c70 f   p5engine.obj
 0001:00006d70       ?BestMatchAsset@@YA?AUbitmap_id@@PEAUgame_assets@@W4asset_type_id@@PEAUasset_vector@@2@Z 0000000180007d70 f   p5engine.obj
 0001:00006f20       ?RandomAssetFrom@@YA?AUbitmap_id@@PEAUgame_assets@@W4asset_type_id@@PEAUrandom_series@@@Z 0000000180007f20 f   p5engine.obj
 0001:00007000       ?GetFirstBitmapID@@YA?AUbitmap_id@@PEAUgame_assets@@W4asset_type_id@@@Z 0000000180008000 f   p5engine.obj
 0001:000070a0       ?DEBUGAddBitmapInfo@@YA?AUbitmap_id@@PEAUgame_assets@@PEADTv2@@@Z 00000001800080a0 f   p5engine.obj
 0001:00007150       ?BeginAssetType@@YAXPEAUgame_assets@@W4asset_type_id@@@Z 0000000180008150 f   p5engine.obj
 0001:000071e0       ?AddBitmapAsset@@YAXPEAUgame_assets@@PEADTv2@@@Z 00000001800081e0 f   p5engine.obj
 0001:000072f0       ?AddTag@@YAXPEAUgame_assets@@W4asset_tag_id@@M@Z 00000001800082f0 f   p5engine.obj
 0001:000073b0       ?EndAssetType@@YAXPEAUgame_assets@@@Z 00000001800083b0 f   p5engine.obj
 0001:00007430       ?AllocateGameAssets@@YAPEAUgame_assets@@PEAUmemory_arena@@_KPEAUtransient_state@@@Z 0000000180008430 f   p5engine.obj
 0001:00007b50       ?GameOutputSound@@YAXPEAUgame_state@@PEAUgame_sound_output_buffer@@H@Z 0000000180008b50 f   p5engine.obj
 0001:00007c10       ?AddLowEntity@@YA?AUadd_low_entity_result@@PEAUgame_state@@W4entity_type@@Uworld_position@@@Z 0000000180008c10 f   p5engine.obj
 0001:00007e10       ?AddGroundedEntity@@YA?AUadd_low_entity_result@@PEAUgame_state@@W4entity_type@@Uworld_position@@PEAUsim_entity_collision_volume_group@@@Z 0000000180008e10 f   p5engine.obj
 0001:00007ec0       ?AddStandardRoom@@YA?AUadd_low_entity_result@@PEAUgame_state@@III@Z 0000000180008ec0 f   p5engine.obj
 0001:00008020       ?AddWall@@YA?AUadd_low_entity_result@@PEAUgame_state@@III@Z 0000000180009020 f   p5engine.obj
 0001:00008180       ?AddStairs@@YA?AUadd_low_entity_result@@PEAUgame_state@@III@Z 0000000180009180 f   p5engine.obj
 0001:00008310       ?InitHitPoints@@YAXPEAUlow_entity@@I@Z 0000000180009310 f   p5engine.obj
 0001:000083a0       ?AddSword@@YA?AUadd_low_entity_result@@PEAUgame_state@@@Z 00000001800093a0 f   p5engine.obj
 0001:00008490       ?AddPlayer@@YA?AUadd_low_entity_result@@PEAUgame_state@@@Z 0000000180009490 f   p5engine.obj
 0001:000085d0       ?AddMonstar@@YA?AUadd_low_entity_result@@PEAUgame_state@@III@Z 00000001800095d0 f   p5engine.obj
 0001:00008740       ?AddFamiliar@@YA?AUadd_low_entity_result@@PEAUgame_state@@III@Z 0000000180009740 f   p5engine.obj
 0001:000088a0       ?DrawHitpoints@@YAXPEAUsim_entity@@PEAUrender_group@@@Z 00000001800098a0 f   p5engine.obj
 0001:00008b10       ?MakeSimpleGroundedCollision@@YAPEAUsim_entity_collision_volume_group@@PEAUgame_state@@MMM@Z 0000000180009b10 f   p5engine.obj
 0001:00008c70       ?MakeNullCollision@@YAPEAUsim_entity_collision_volume_group@@PEAUgame_state@@@Z 0000000180009c70 f   p5engine.obj
 0001:00008d50       ?FillGroundChunkWork@@YAXPEAUplatform_work_queue@@PEAX@Z 0000000180009d50 f   p5engine.obj
 0001:00008db0       ?FillGroundChunk@@YAXPEAUtransient_state@@PEAUgame_state@@PEAUground_buffer@@PEAUworld_position@@@Z 0000000180009db0 f   p5engine.obj
 0001:00009630       ?ClearBitmap@@YAXPEAUloaded_bitmap@@@Z 000000018000a630 f   p5engine.obj
 0001:00009690       ?MakeEmptyBitmap@@YA?AUloaded_bitmap@@PEAUmemory_arena@@HHH@Z 000000018000a690 f   p5engine.obj
 0001:00009780       ?MakeSphereDiffuseMap@@YAXPEAUloaded_bitmap@@MM@Z 000000018000a780 f   p5engine.obj
 0001:00009ab0       ?MakeSphereNormalMap@@YAXPEAUloaded_bitmap@@MMM@Z 000000018000aab0 f   p5engine.obj
 0001:0000d788       $LN145                     000000018000e788     p5engine.obj
 0001:000126b0       $$000000                   00000001800136b0     MSVCRTD:chkstk.obj
 0001:00012710       $$000000                   0000000180013710     MSVCRTD:amdsecgs.obj
 0001:00012740       ?dllmain_crt_dispatch@@YAHQEAUHINSTANCE__@@KQEAX@Z 0000000180013740 f   MSVCRTD:dll_dllmain.obj
 0001:000127d0       ?dllmain_crt_process_attach@@YAHQEAUHINSTANCE__@@QEAX@Z 00000001800137d0 f   MSVCRTD:dll_dllmain.obj
 0001:00012910       ?dllmain_crt_process_detach@@YAH_N@Z 0000000180013910 f   MSVCRTD:dll_dllmain.obj
 0001:000129b0       ?dllmain_dispatch@@YAHQEAUHINSTANCE__@@KQEAX@Z 00000001800139b0 f   MSVCRTD:dll_dllmain.obj
 0001:00012af0       ?dllmain_raw@@YAHQEAUHINSTANCE__@@KQEAX@Z 0000000180013af0 f   MSVCRTD:dll_dllmain.obj
 0001:00012cb0       capture_previous_context   0000000180013cb0 f   MSVCRTD:gs_report.obj
 0001:00012d70       __get_entropy              0000000180013d70 f   MSVCRTD:gs_support.obj
 0001:00012fc0       ?find_pe_section@@YAPEAU_IMAGE_SECTION_HEADER@@QEAE_K@Z 0000000180013fc0 f   MSVCRTD:utility.obj
 0001:000130a0       ?is_potentially_valid_image_base@@YA_NQEAX@Z 00000001800140a0 f   MSVCRTD:utility.obj
 0001:00013c50       $$000000                   0000000180014c50     MSVCRTD:guard_dispatch.obj
 0001:00013c70       $$000000                   0000000180014c70     MSVCRTD:guard_xfg_dispatch.obj
 0001:00013c90       ?fin$0@?0??dllmain_crt_process_attach@@YAHQEAUHINSTANCE__@@QEAX@Z@4HA 0000000180014c90 f   MSVCRTD:dll_dllmain.obj
 0001:00013cb0       ?fin$0@?0??dllmain_crt_process_detach@@YAH_N@Z@4HA 0000000180014cb0 f   MSVCRTD:dll_dllmain.obj
 0001:00013cca       ?fin$1@?0??dllmain_crt_process_detach@@YAH_N@Z@4HA 0000000180014cca f   MSVCRTD:dll_dllmain.obj
 0001:00013ce0       ?filt$0@?0??dllmain_dispatch@@YAHQEAUHINSTANCE__@@KQEAX@Z@4HA 0000000180014ce0 f   MSVCRTD:dll_dllmain.obj
 0001:00013d30       __scrt_is_nonwritable_in_current_image$filt$0 0000000180014d30 f   MSVCRTD:utility.obj
 0002:00000180       $SG29819                   0000000180015180     p5engine.obj
 0002:00000190       $SG30246                   0000000180015190     p5engine.obj
 0002:000001a0       $SG31026                   00000001800151a0     p5engine.obj
 0002:000001b8       $SG31027                   00000001800151b8     p5engine.obj
 0002:000001d0       $SG31028                   00000001800151d0     p5engine.obj
 0002:000001e8       $SG31029                   00000001800151e8     p5engine.obj
 0002:000001f8       $SG31030                   00000001800151f8     p5engine.obj
 0002:00000210       $SG31031                   0000000180015210     p5engine.obj
 0002:00000228       $SG31032                   0000000180015228     p5engine.obj
 0002:00000240       $SG31033                   0000000180015240     p5engine.obj
 0002:00000258       $SG31034                   0000000180015258     p5engine.obj
 0002:00000270       $SG31035                   0000000180015270     p5engine.obj
 0002:00000288       $SG31036                   0000000180015288     p5engine.obj
 0002:000002a8       $SG31037                   00000001800152a8     p5engine.obj
 0002:000002c0       $SG31038                   00000001800152c0     p5engine.obj
 0002:000002d8       $SG31039                   00000001800152d8     p5engine.obj
 0002:000002f8       $SG31040                   00000001800152f8     p5engine.obj
 0002:00000310       $SG31041                   0000000180015310     p5engine.obj
 0002:00000328       $SG31042                   0000000180015328     p5engine.obj
 0002:00000340       $SG31043                   0000000180015340     p5engine.obj
 0002:00000358       $SG31981                   0000000180015358     p5engine.obj
 0002:00000518       GS_ExceptionPointers       0000000180015518     MSVCRTD:gs_report.obj
 0002:00000b80       $unwind$?GetBitmap@@YAPEAUloaded_bitmap@@PEAUgame_assets@@Ubitmap_id@@@Z 0000000180015b80     p5engine.obj
 0002:00000b80       $unwind$?GetLowEntity@@YAPEAUlow_entity@@PEAUgame_state@@I@Z 0000000180015b80     p5engine.obj
 0002:00000b80       $unwind$?HasFlag@@YAHPEAUsim_entity@@I@Z 0000000180015b80     p5engine.obj
 0002:00000b80       $unwind$?RandomChoice@@YAIPEAUrandom_series@@I@Z 0000000180015b80     p5engine.obj
 0002:00000b80       $unwind$GetController      0000000180015b80     p5engine.obj
 0002:00000b88       $unwind$?InitializeArena@@YAXPEAUmemory_arena@@_KPEAX@Z 0000000180015b88     p5engine.obj
 0002:00000b90       $unwind$?GetAlignmentOffset@@YA_KPEAUmemory_arena@@_K@Z 0000000180015b90     p5engine.obj
 0002:00000b98       $unwind$??Y@YAAEATv2@@AEAT0@T0@@Z 0000000180015b98     p5engine.obj
 0002:00000b98       $unwind$?GetArenaSizeRemaining@@YA_KPEAUmemory_arena@@_K@Z 0000000180015b98     p5engine.obj
 0002:00000b98       $unwind$?Hadamard@@YA?ATv2@@T1@0@Z 0000000180015b98     p5engine.obj
 0002:00000b98       $unwind$?Inner@@YAMTv2@@0@Z 0000000180015b98     p5engine.obj
 0002:00000b98       $unwind$?Inner@@YAMTv3@@0@Z 0000000180015b98     p5engine.obj
 0002:00000b98       $unwind$?IsCanonical@@YAHPEAUworld@@Tv3@@@Z 0000000180015b98     p5engine.obj
 0002:00000b98       $unwind$?IsInRectangle@@YAHUrectangle3@@Tv3@@@Z 0000000180015b98     p5engine.obj
 0002:00000b98       $unwind$?RectanglesIntersect@@YAHUrectangle3@@0@Z 0000000180015b98     p5engine.obj
 0002:00000b98       $unwind$?ZeroSize@@YAX_KPEAX@Z 0000000180015b98     p5engine.obj
 0002:00000b98       $unwind$?find_pe_section@@YAPEAU_IMAGE_SECTION_HEADER@@QEAE_K@Z 0000000180015b98     MSVCRTD:utility.obj
 0002:00000ba0       $unwind$?PushSize_@@YAPEAXPEAUmemory_arena@@_K1@Z 0000000180015ba0     p5engine.obj
 0002:00000ba8       $unwind$?BeginTemporaryMemory@@YA?AUtemporary_memory@@PEAUmemory_arena@@@Z 0000000180015ba8     p5engine.obj
 0002:00000bbc       $unwind$?AllResourcesPresent@@YAHPEAUrender_group@@@Z 0000000180015bbc     p5engine.obj
 0002:00000bbc       $unwind$?EndTemporaryMemory@@YAXUtemporary_memory@@@Z 0000000180015bbc     p5engine.obj
 0002:00000bbc       $unwind$?GetClampedRectArea@@YAHUrectangle2i@@@Z 0000000180015bbc     p5engine.obj
 0002:00000bbc       $unwind$?GetDim@@YA?ATv2@@Urectangle2@@@Z 0000000180015bbc     p5engine.obj
 0002:00000bbc       $unwind$?HasArea@@YAHUrectangle2i@@@Z 0000000180015bbc     p5engine.obj
 0002:00000bbc       $unwind$?IsValid@@YAHUworld_position@@@Z 0000000180015bbc     p5engine.obj
 0002:00000bbc       $unwind$?LengthSq@@YAMTv2@@@Z 0000000180015bbc     p5engine.obj
 0002:00000bbc       $unwind$?RandomBilateral@@YAMPEAUrandom_series@@@Z 0000000180015bbc     p5engine.obj
 0002:00000bbc       $unwind$?RandomNextUInt32@@YAIPEAUrandom_series@@@Z 0000000180015bbc     p5engine.obj
 0002:00000bbc       $unwind$?RandomUnilateral@@YAMPEAUrandom_series@@@Z 0000000180015bbc     p5engine.obj
 0002:00000bbc       $unwind$__CheckForDebuggerJustMyCode 0000000180015bbc     MSVCRTD:debugger_jmc.obj
 0002:00000bbc       $unwind$__report_gsfailure 0000000180015bbc     MSVCRTD:gs_report.obj
 0002:00000bc4       $unwind$?CheckArena@@YAXPEAUmemory_arena@@@Z 0000000180015bc4     p5engine.obj
 0002:00000bc4       $unwind$?StoreEntityReference@@YAXPEATentity_reference@@@Z 0000000180015bc4     p5engine.obj
 0002:00000bc4       $unwind$__raise_securityfailure 0000000180015bc4     MSVCRTD:gs_report.obj
 0002:00000bc4       $unwind$?is_potentially_valid_image_base@@YA_NQEAX@Z 0000000180015bc4     MSVCRTD:utility.obj
 0002:00000bcc       $unwind$?SubArena@@YAXPEAUmemory_arena@@0_K1@Z 0000000180015bcc     p5engine.obj
 0002:00000bcc       $unwind$__GSHandlerCheck   0000000180015bcc     MSVCRTD:gshandler.obj
 0002:00000bd4       $unwind$?AtomicCompareExchangeUInt32@@YAIPECIII@Z 0000000180015bd4     p5engine.obj
 0002:00000bd4       $unwind$?PushRenderElement_@@YAPEAXPEAUrender_group@@IW4render_group_entry_type@@@Z 0000000180015bd4     p5engine.obj
 0002:00000bd4       $unwind$?dllmain_crt_dispatch@@YAHQEAUHINSTANCE__@@KQEAX@Z 0000000180015bd4     MSVCRTD:dll_dllmain.obj
 0002:00000bd4       $unwind$?dllmain_raw@@YAHQEAUHINSTANCE__@@KQEAX@Z 0000000180015bd4     MSVCRTD:dll_dllmain.obj
 0002:00000bdc       $unwind$?AbsoluteValue@@YAMM@Z 0000000180015bdc     p5engine.obj
 0002:00000bdc       $unwind$?CeilReal32ToInt32@@YAHM@Z 0000000180015bdc     p5engine.obj
 0002:00000bdc       $unwind$?Clamp01@@YAMM@Z   0000000180015bdc     p5engine.obj
 0002:00000bdc       $unwind$?FloorReal32ToInt32@@YAHM@Z 0000000180015bdc     p5engine.obj
 0002:00000bdc       $unwind$?RoundReal32ToInt32@@YAHM@Z 0000000180015bdc     p5engine.obj
 0002:00000bdc       $unwind$?RoundReal32ToUInt32@@YAIM@Z 0000000180015bdc     p5engine.obj
 0002:00000bdc       $unwind$?Sin@@YAMM@Z       0000000180015bdc     p5engine.obj
 0002:00000bdc       $unwind$?Square@@YAMM@Z    0000000180015bdc     p5engine.obj
 0002:00000bdc       $unwind$?SquareRoot@@YAMM@Z 0000000180015bdc     p5engine.obj
 0002:00000be4       $unwind$?ATan2@@YAMMM@Z    0000000180015be4     p5engine.obj
 0002:00000be4       $unwind$?IsCanonical@@YAHMM@Z 0000000180015be4     p5engine.obj
 0002:00000be4       $unwind$?SafeRatio0@@YAMMM@Z 0000000180015be4     p5engine.obj
 0002:00000be4       $unwind$?SafeRatio1@@YAMMM@Z 0000000180015be4     p5engine.obj
 0002:00000bec       $unwind$?FindLeastSignificantSetBit@@YA?AUbit_scan_result@@I@Z 0000000180015bec     p5engine.obj
 0002:00000bec       $unwind$?RandomSeed@@YA?AUrandom_series@@I@Z 0000000180015bec     p5engine.obj
 0002:00000bfc       $unwind$?Clamp01MapToRange@@YAMMMM@Z 0000000180015bfc     p5engine.obj
 0002:00000bfc       $unwind$?Clamp@@YAMMMM@Z   0000000180015bfc     p5engine.obj
 0002:00000bfc       $unwind$?SafeRatioN@@YAMMMM@Z 0000000180015bfc     p5engine.obj
 0002:00000c04       $unwind$?V2@@YA?ATv2@@MM@Z 0000000180015c04     p5engine.obj
 0002:00000c14       $unwind$?V2i@@YA?ATv2@@HH@Z 0000000180015c14     p5engine.obj
 0002:00000c1c       $unwind$??D@YA?ATv2@@MT0@@Z 0000000180015c1c     p5engine.obj
 0002:00000c2c       $unwind$??G@YA?ATv2@@T0@0@Z 0000000180015c2c     p5engine.obj
 0002:00000c2c       $unwind$??H@YA?ATv2@@T0@0@Z 0000000180015c2c     p5engine.obj
 0002:00000c2c       $unwind$?GetBarycentric@@YA?ATv2@@Urectangle2@@T1@@Z 0000000180015c2c     p5engine.obj
 0002:00000c3c       $unwind$?Clamp01@@YA?ATv2@@T1@@Z 0000000180015c3c     p5engine.obj
 0002:00000c4c       $unwind$?V3@@YA?ATv3@@MMM@Z 0000000180015c4c     p5engine.obj
 0002:00000c4c       $unwind$?V4@@YA?ATv4@@MMMM@Z 0000000180015c4c     p5engine.obj
 0002:00000c60       $unwind$??D@YA?ATv3@@MT0@@Z 0000000180015c60     p5engine.obj
 0002:00000c60       $unwind$??D@YA?ATv4@@MT0@@Z 0000000180015c60     p5engine.obj
 0002:00000c60       $unwind$?ToV3@@YA?ATv3@@Tv2@@M@Z 0000000180015c60     p5engine.obj
 0002:00000c74       $unwind$??D@YA?ATv3@@T0@M@Z 0000000180015c74     p5engine.obj
 0002:00000c74       $unwind$?GetCameraRectangleAtDistance@@YA?AUrectangle2@@PEAUrender_group@@M@Z 0000000180015c74     p5engine.obj
 0002:00000c80       $unwind$??X@YAAEATv3@@AEAT0@M@Z 0000000180015c80     p5engine.obj
 0002:00000c8c       $unwind$??G@YA?ATv3@@T0@0@Z 0000000180015c8c     p5engine.obj
 0002:00000c8c       $unwind$??H@YA?ATv3@@T0@0@Z 0000000180015c8c     p5engine.obj
 0002:00000ca0       $unwind$??Y@YAAEATv3@@AEAT0@T0@@Z 0000000180015ca0     p5engine.obj
 0002:00000ca0       $unwind$??Z@YAAEATv3@@AEAT0@T0@@Z 0000000180015ca0     p5engine.obj
 0002:00000ca0       $unwind$?GetDim@@YA?ATv3@@Urectangle3@@@Z 0000000180015ca0     p5engine.obj
 0002:00000cac       $unwind$?AreInSameChunk@@YAHPEAUworld@@PEAUworld_position@@1@Z 0000000180015cac     p5engine.obj
 0002:00000cac       $unwind$?Hadamard@@YA?ATv3@@T1@0@Z 0000000180015cac     p5engine.obj
 0002:00000cac       $unwind$?RectCenterDim@@YA?AUrectangle2@@Tv2@@0@Z 0000000180015cac     p5engine.obj
 0002:00000cb8       $unwind$?LengthSq@@YAMTv3@@@Z 0000000180015cb8     p5engine.obj
 0002:00000cc4       $unwind$?Length@@YAMTv3@@@Z 0000000180015cc4     p5engine.obj
 0002:00000cc4       $unwind$?MakeEntityNonSpatial@@YAXPEAUsim_entity@@@Z 0000000180015cc4     p5engine.obj
 0002:00000cd0       $unwind$?RectCenterHalfDim@@YA?AUrectangle2@@Tv2@@0@Z 0000000180015cd0     p5engine.obj
 0002:00000ce4       $unwind$?Intersect@@YA?AUrectangle2i@@U1@0@Z 0000000180015ce4     p5engine.obj
 0002:00000cf0       $unwind$?InvertedInfinityRectangle@@YA?AUrectangle2i@@XZ 0000000180015cf0     p5engine.obj
 0002:00000cfc       $unwind$?Clear@@YAXPEAUrender_group@@Tv4@@@Z 0000000180015cfc     p5engine.obj
 0002:00000cfc       $unwind$?GetMaxCorner@@YA?ATv3@@Urectangle3@@@Z 0000000180015cfc     p5engine.obj
 0002:00000cfc       $unwind$?GetMinCorner@@YA?ATv3@@Urectangle3@@@Z 0000000180015cfc     p5engine.obj
 0002:00000d08       $unwind$?RectMinMax@@YA?AUrectangle3@@Tv3@@0@Z 0000000180015d08     p5engine.obj
 0002:00000d1c       $unwind$?AddRadiusTo@@YA?AUrectangle3@@U1@Tv3@@@Z 0000000180015d1c     p5engine.obj
 0002:00000d1c       $unwind$?RectCenterHalfDim@@YA?AUrectangle3@@Tv3@@0@Z 0000000180015d1c     p5engine.obj
 0002:00000d30       $unwind$?RectCenterDim@@YA?AUrectangle3@@Tv3@@0@Z 0000000180015d30     p5engine.obj
 0002:00000d3c       $unwind$?AddFlags@@YAXPEAUsim_entity@@I@Z 0000000180015d3c     p5engine.obj
 0002:00000d3c       $unwind$?ClearFlags@@YAXPEAUsim_entity@@I@Z 0000000180015d3c     p5engine.obj
 0002:00000d44       $unwind$?MakeEntitySpatial@@YAXPEAUsim_entity@@Tv3@@1@Z 0000000180015d44     p5engine.obj
 0002:00000d50       $unwind$?GetEntityGroundPoint@@YA?ATv3@@PEAUsim_entity@@T1@@Z 0000000180015d50     p5engine.obj
 0002:00000d5c       $unwind$?GetEntityGroundPoint@@YA?ATv3@@PEAUsim_entity@@@Z 0000000180015d5c     p5engine.obj
 0002:00000d68       $unwind$?GetStairGround@@YAMPEAUsim_entity@@Tv3@@@Z 0000000180015d68     p5engine.obj
 0002:00000d74       $unwind$?LoadBitmap@@YAXPEAUgame_assets@@Ubitmap_id@@@Z 0000000180015d74     p5engine.obj
 0002:00000d7c       $unwind$?AddCollisionRule@@YAXPEAUgame_state@@IIH@Z 0000000180015d7c     p5engine.obj
 0002:00000d84       $unwind$?ClearCollisionRulesFor@@YAXPEAUgame_state@@I@Z 0000000180015d84     p5engine.obj
 0002:00000d8c       $unwind$?BeginTaskWithMemory@@YAPEAUtask_with_memory@@PEAUtransient_state@@@Z 0000000180015d8c     p5engine.obj
 0002:00000d98       $unwind$?EndTaskWithMemory@@YAXPEAUtask_with_memory@@@Z 0000000180015d98     p5engine.obj
 0002:00000da4       $unwind$?DrawRectangle@@YAXPEAUloaded_bitmap@@Tv2@@1Tv4@@Urectangle2i@@H@Z 0000000180015da4     p5engine.obj
 0002:00000db0       $unwind$?DrawRectangleQuickly@@YAXPEAUloaded_bitmap@@Tv2@@11Tv4@@0MUrectangle2i@@H@Z 0000000180015db0     p5engine.obj
 0002:00000dc4       $unwind$?RenderGroupToOutput@@YAXPEAUrender_group@@PEAUloaded_bitmap@@Urectangle2i@@H@Z 0000000180015dc4     p5engine.obj
 0002:00000dd0       $unwind$?DoTiledRenderWork@@YAXPEAUplatform_work_queue@@PEAX@Z 0000000180015dd0     p5engine.obj
 0002:00000ddc       $unwind$?RenderGroupToOutput@@YAXPEAUrender_group@@PEAUloaded_bitmap@@@Z 0000000180015ddc     p5engine.obj
 0002:00000df0       $unwind$?TiledRenderGroupToOutput@@YAXPEAUplatform_work_queue@@PEAUrender_group@@PEAUloaded_bitmap@@@Z 0000000180015df0     p5engine.obj
 0002:00000e04       $unwind$?AllocateRenderGroup@@YAPEAUrender_group@@PEAUgame_assets@@PEAUmemory_arena@@I@Z 0000000180015e04     p5engine.obj
 0002:00000e10       $unwind$?InitializeWorld@@YAXPEAUworld@@Tv3@@@Z 0000000180015e10     p5engine.obj
 0002:00000e1c       $unwind$?Subtract@@YA?ATv3@@PEAUworld@@PEAUworld_position@@1@Z 0000000180015e1c     p5engine.obj
 0002:00000e30       $unwind$?ChangeEntityLocation@@YAXPEAUmemory_arena@@PEAUworld@@IPEAUlow_entity@@Uworld_position@@@Z 0000000180015e30     p5engine.obj
 0002:00000e3c       $unwind$?GetHashFromStorageIndex@@YAPEAUsim_entity_hash@@PEAUsim_region@@I@Z 0000000180015e3c     p5engine.obj
 0002:00000e44       $unwind$?AddEntity@@YAPEAUsim_entity@@PEAUgame_state@@PEAUsim_region@@IPEAUlow_entity@@PEATv3@@@Z 0000000180015e44     p5engine.obj
 0002:00000e50       $unwind$?AddEntityRaw@@YAPEAUsim_entity@@PEAUgame_state@@PEAUsim_region@@IPEAUlow_entity@@@Z 0000000180015e50     p5engine.obj
 0002:00000e5c       $unwind$?BeginSim@@YAPEAUsim_region@@PEAUmemory_arena@@PEAUgame_state@@PEAUworld@@Uworld_position@@Urectangle3@@M@Z 0000000180015e5c     p5engine.obj
 0002:00000e70       $unwind$?EndSim@@YAXPEAUsim_region@@PEAUgame_state@@@Z 0000000180015e70     p5engine.obj
 0002:00000e7c       $unwind$?CanCollide@@YAHPEAUgame_state@@PEAUsim_entity@@1@Z 0000000180015e7c     p5engine.obj
 0002:00000e84       $unwind$?HandleCollision@@YAHPEAUgame_state@@PEAUsim_entity@@1@Z 0000000180015e84     p5engine.obj
 0002:00000e8c       $unwind$?CanOverlap@@YAHPEAUgame_state@@PEAUsim_entity@@1@Z 0000000180015e8c     p5engine.obj
 0002:00000e94       $unwind$?HandleOverlap@@YAXPEAUgame_state@@PEAUsim_entity@@1MPEAM@Z 0000000180015e94     p5engine.obj
 0002:00000ea0       $unwind$?SpeculativeCollide@@YAHPEAUsim_entity@@0Tv3@@@Z 0000000180015ea0     p5engine.obj
 0002:00000eac       $unwind$?EntitiesOverlap@@YAHPEAUsim_entity@@0Tv3@@@Z 0000000180015eac     p5engine.obj
 0002:00000eb8       $unwind$?MoveEntity@@YAXPEAUgame_state@@PEAUsim_region@@PEAUsim_entity@@MPEAUmove_spec@@Tv3@@@Z 0000000180015eb8     p5engine.obj
 0002:00000ecc       $unwind$?DEBUGLoadBMP@@YA?AUloaded_bitmap@@PEADTv2@@@Z 0000000180015ecc     p5engine.obj
 0002:00000ee0       $unwind$?LoadBitmapWork@@YAXPEAUplatform_work_queue@@PEAX@Z 0000000180015ee0     p5engine.obj
 0002:00000eec       $unwind$?BestMatchAsset@@YA?AUbitmap_id@@PEAUgame_assets@@W4asset_type_id@@PEAUasset_vector@@2@Z 0000000180015eec     p5engine.obj
 0002:00000efc       $unwind$?RandomAssetFrom@@YA?AUbitmap_id@@PEAUgame_assets@@W4asset_type_id@@PEAUrandom_series@@@Z 0000000180015efc     p5engine.obj
 0002:00000f0c       $unwind$?GetFirstBitmapID@@YA?AUbitmap_id@@PEAUgame_assets@@W4asset_type_id@@@Z 0000000180015f0c     p5engine.obj
 0002:00000f1c       $unwind$?DEBUGAddBitmapInfo@@YA?AUbitmap_id@@PEAUgame_assets@@PEADTv2@@@Z 0000000180015f1c     p5engine.obj
 0002:00000f24       $unwind$?BeginAssetType@@YAXPEAUgame_assets@@W4asset_type_id@@@Z 0000000180015f24     p5engine.obj
 0002:00000f2c       $unwind$?AddBitmapAsset@@YAXPEAUgame_assets@@PEADTv2@@@Z 0000000180015f2c     p5engine.obj
 0002:00000f34       $unwind$?AddTag@@YAXPEAUgame_assets@@W4asset_tag_id@@M@Z 0000000180015f34     p5engine.obj
 0002:00000f3c       $unwind$?EndAssetType@@YAXPEAUgame_assets@@@Z 0000000180015f3c     p5engine.obj
 0002:00000f44       $unwind$?AllocateGameAssets@@YAPEAUgame_assets@@PEAUmemory_arena@@_KPEAUtransient_state@@@Z 0000000180015f44     p5engine.obj
 0002:00000f4c       $unwind$?GameOutputSound@@YAXPEAUgame_state@@PEAUgame_sound_output_buffer@@H@Z 0000000180015f4c     p5engine.obj
 0002:00000f54       $unwind$?AddLowEntity@@YA?AUadd_low_entity_result@@PEAUgame_state@@W4entity_type@@Uworld_position@@@Z 0000000180015f54     p5engine.obj
 0002:00000f68       $unwind$?AddGroundedEntity@@YA?AUadd_low_entity_result@@PEAUgame_state@@W4entity_type@@Uworld_position@@PEAUsim_entity_collision_volume_group@@@Z 0000000180015f68     p5engine.obj
 0002:00000f74       $unwind$?AddStandardRoom@@YA?AUadd_low_entity_result@@PEAUgame_state@@III@Z 0000000180015f74     p5engine.obj
 0002:00000f80       $unwind$?AddWall@@YA?AUadd_low_entity_result@@PEAUgame_state@@III@Z 0000000180015f80     p5engine.obj
 0002:00000f8c       $unwind$?AddStairs@@YA?AUadd_low_entity_result@@PEAUgame_state@@III@Z 0000000180015f8c     p5engine.obj
 0002:00000f98       $unwind$?InitHitPoints@@YAXPEAUlow_entity@@I@Z 0000000180015f98     p5engine.obj
 0002:00000fa0       $unwind$?AddSword@@YA?AUadd_low_entity_result@@PEAUgame_state@@@Z 0000000180015fa0     p5engine.obj
 0002:00000fac       $unwind$?AddPlayer@@YA?AUadd_low_entity_result@@PEAUgame_state@@@Z 0000000180015fac     p5engine.obj
 0002:00000fb8       $unwind$?AddMonstar@@YA?AUadd_low_entity_result@@PEAUgame_state@@III@Z 0000000180015fb8     p5engine.obj
 0002:00000fc4       $unwind$?AddFamiliar@@YA?AUadd_low_entity_result@@PEAUgame_state@@III@Z 0000000180015fc4     p5engine.obj
 0002:00000fd0       $unwind$?DrawHitpoints@@YAXPEAUsim_entity@@PEAUrender_group@@@Z 0000000180015fd0     p5engine.obj
 0002:00000fe4       $unwind$?MakeSimpleGroundedCollision@@YAPEAUsim_entity_collision_volume_group@@PEAUgame_state@@MMM@Z 0000000180015fe4     p5engine.obj
 0002:00000ff0       $unwind$?MakeNullCollision@@YAPEAUsim_entity_collision_volume_group@@PEAUgame_state@@@Z 0000000180015ff0     p5engine.obj
 0002:00000ffc       $unwind$?FillGroundChunkWork@@YAXPEAUplatform_work_queue@@PEAX@Z 0000000180015ffc     p5engine.obj
 0002:00001004       $unwind$?FillGroundChunk@@YAXPEAUtransient_state@@PEAUgame_state@@PEAUground_buffer@@PEAUworld_position@@@Z 0000000180016004     p5engine.obj
 0002:00001018       $unwind$?ClearBitmap@@YAXPEAUloaded_bitmap@@@Z 0000000180016018     p5engine.obj
 0002:00001020       $unwind$?MakeEmptyBitmap@@YA?AUloaded_bitmap@@PEAUmemory_arena@@HHH@Z 0000000180016020     p5engine.obj
 0002:00001034       $unwind$?MakeSphereDiffuseMap@@YAXPEAUloaded_bitmap@@MM@Z 0000000180016034     p5engine.obj
 0002:00001040       $unwind$?MakeSphereNormalMap@@YAXPEAUloaded_bitmap@@MMM@Z 0000000180016040     p5engine.obj
 0002:0000104c       $unwind$GameUpdateAndRender 000000018001604c     p5engine.obj
 0002:00001060       $unwind$GameGetSoundSamples 0000000180016060     p5engine.obj
 0002:00001068       $unwind$?Linear1ToSRGB255@@YA?ATv4@@T1@@Z 0000000180016068     p5engine.obj
 0002:00001068       $unwind$?SRGB255ToLinear1@@YA?ATv4@@T1@@Z 0000000180016068     p5engine.obj
 0002:0000107c       $unwind$?GetRenderEntityBasisPos@@YA?AUentity_basis_p_result@@PEAUrender_transform@@Tv3@@@Z 000000018001607c     p5engine.obj
 0002:00001090       $unwind$?PushBitmap@@YAXPEAUrender_group@@PEAUloaded_bitmap@@Tv3@@MTv4@@@Z 0000000180016090     p5engine.obj
 0002:0000109c       $unwind$?PushBitmap@@YAXPEAUrender_group@@Ubitmap_id@@Tv3@@MTv4@@@Z 000000018001609c     p5engine.obj
 0002:000010a8       $unwind$?PushRect@@YAXPEAUrender_group@@Tv3@@Tv2@@Tv4@@@Z 00000001800160a8     p5engine.obj
 0002:000010b4       $unwind$?PushRectOutline@@YAXPEAUrender_group@@Tv3@@Tv2@@Tv4@@@Z 00000001800160b4     p5engine.obj
 0002:000010c0       $unwind$?Orthographic@@YAXPEAUrender_group@@HHM@Z 00000001800160c0     p5engine.obj
 0002:000010c0       $unwind$?Perspective@@YAXPEAUrender_group@@HHMMM@Z 00000001800160c0     p5engine.obj
 0002:000010c8       $unwind$?RecanonicalizeCoord@@YAXMPEAHPEAM@Z 00000001800160c8     p5engine.obj
 0002:000010c8       $unwind$?Unproject@@YA?ATv2@@PEAUrender_group@@T1@M@Z 00000001800160c8     p5engine.obj
 0002:000010d0       $unwind$?GetCameraRectangleAtTarget@@YA?AUrectangle2@@PEAUrender_group@@@Z 00000001800160d0     p5engine.obj
 0002:000010dc       $unwind$?NullPosition@@YA?AUworld_position@@XZ 00000001800160dc     p5engine.obj
 0002:000010f0       $unwind$?GetWorldChunk@@YAPEAUworld_chunk@@PEAUworld@@HHHPEAUmemory_arena@@@Z 00000001800160f0     p5engine.obj
 0002:000010f0       $unwind$__scrt_dllmain_exception_filter 00000001800160f0     MSVCRTD:utility.obj
 0002:000010f8       $unwind$?MapIntoChunkSpace@@YA?AUworld_position@@PEAUworld@@U1@Tv3@@@Z 00000001800160f8     p5engine.obj
 0002:0000110c       $unwind$?ChunkPositionFromTilePosition@@YA?AUworld_position@@PEAUworld@@HHHTv3@@@Z 000000018001610c     p5engine.obj
 0002:00001120       $unwind$?CenteredChunkPoint@@YA?AUworld_position@@III@Z 0000000180016120     p5engine.obj
 0002:00001134       $unwind$?ChangeEntityLocationRaw@@YAXPEAUmemory_arena@@PEAUworld@@IPEAUworld_position@@2@Z 0000000180016134     p5engine.obj
 0002:00001140       $unwind$?GetSimSpacePos@@YA?ATv3@@PEAUsim_region@@PEAUlow_entity@@@Z 0000000180016140     p5engine.obj
 0002:0000114c       $unwind$?LoadEntityReference@@YAXPEAUgame_state@@PEAUsim_region@@PEATentity_reference@@@Z 000000018001614c     p5engine.obj
 0002:00001160       $unwind$?EntityOverlapsRectangle@@YAHTv3@@Usim_entity_collision_volume@@Urectangle3@@@Z 0000000180016160     p5engine.obj
 0002:0000116c       $unwind$?DefaultMoveSpec@@YA?AUmove_spec@@XZ 000000018001616c     p5engine.obj
 0002:00001180       $unwind$__GSHandlerCheckCommon 0000000180016180     MSVCRTD:gshandler.obj
 0002:00001188       $xdatasym                  0000000180016188     MSVCRTD:chkstk.obj
 0002:00001190       $xdatasym                  0000000180016190     MSVCRTD:amdsecgs.obj
 0002:00001194       $unwind$?dllmain_crt_process_attach@@YAHQEAUHINSTANCE__@@QEAX@Z 0000000180016194     MSVCRTD:dll_dllmain.obj
 0002:000011b4       $unwind$?fin$0@?0??dllmain_crt_process_attach@@YAHQEAUHINSTANCE__@@QEAX@Z@4HA 00000001800161b4     MSVCRTD:dll_dllmain.obj
 0002:000011b4       $unwind$?fin$0@?0??dllmain_crt_process_detach@@YAH_N@Z@4HA 00000001800161b4     MSVCRTD:dll_dllmain.obj
 0002:000011b4       $unwind$?fin$1@?0??dllmain_crt_process_detach@@YAH_N@Z@4HA 00000001800161b4     MSVCRTD:dll_dllmain.obj
 0002:000011b4       $unwind$__scrt_is_nonwritable_in_current_image$filt$0 00000001800161b4     MSVCRTD:utility.obj
 0002:000011bc       $unwind$?dllmain_crt_process_detach@@YAH_N@Z 00000001800161bc     MSVCRTD:dll_dllmain.obj
 0002:000011ec       $unwind$?dllmain_dispatch@@YAHQEAUHINSTANCE__@@KQEAX@Z 00000001800161ec     MSVCRTD:dll_dllmain.obj
 0002:0000120c       $unwind$?filt$0@?0??dllmain_dispatch@@YAHQEAUHINSTANCE__@@KQEAX@Z@4HA 000000018001620c     MSVCRTD:dll_dllmain.obj
 0002:00001214       $unwind$_DllMainCRTStartup 0000000180016214     MSVCRTD:dll_dllmain.obj
 0002:00001214       $unwind$DllMain            0000000180016214     MSVCRTD:dll_dllmain_stub.obj
 0002:0000121c       $unwind$capture_previous_context 000000018001621c     MSVCRTD:gs_report.obj
 0002:00001224       $unwind$__scrt_initialize_default_local_stdio_options 0000000180016224     MSVCRTD:default_local_stdio_options.obj
 0002:00001224       $unwind$__security_init_cookie 0000000180016224     MSVCRTD:gs_support.obj
 0002:0000122c       $unwind$__get_entropy      000000018001622c     MSVCRTD:gs_support.obj
 0002:00001234       $unwind$?__scrt_initialize_type_info@@YAXXZ 0000000180016234     MSVCRTD:tncleanup.obj
 0002:00001234       $unwind$?__scrt_uninitialize_type_info@@YAXXZ 0000000180016234     MSVCRTD:tncleanup.obj
 0002:00001234       $unwind$?configure_argv@__scrt_narrow_argv_policy@@SAHXZ 0000000180016234     MSVCRTD:utility.obj
 0002:00001234       $unwind$?initialize_environment@__scrt_narrow_environment_policy@@SAHXZ 0000000180016234     MSVCRTD:utility.obj
 0002:00001234       $unwind$__scrt_dllmain_after_initialize_c 0000000180016234     MSVCRTD:utility.obj
 0002:00001234       $unwind$__scrt_dllmain_before_initialize_c 0000000180016234     MSVCRTD:utility.obj
 0002:00001234       $unwind$__scrt_dllmain_crt_thread_attach 0000000180016234     MSVCRTD:utility.obj
 0002:00001234       $unwind$__scrt_dllmain_crt_thread_detach 0000000180016234     MSVCRTD:utility.obj
 0002:00001234       $unwind$__scrt_dllmain_uninitialize_c 0000000180016234     MSVCRTD:utility.obj
 0002:00001234       $unwind$__scrt_dllmain_uninitialize_critical 0000000180016234     MSVCRTD:utility.obj
 0002:0000123c       $unwind$__scrt_is_nonwritable_in_current_image 000000018001623c     MSVCRTD:utility.obj
 0002:0000125c       $unwind$__scrt_acquire_startup_lock 000000018001625c     MSVCRTD:utility.obj
 0002:00001264       $unwind$__scrt_initialize_crt 0000000180016264     MSVCRTD:utility.obj
 0002:00001264       $unwind$__scrt_release_startup_lock 0000000180016264     MSVCRTD:utility.obj
 0002:0000126c       $unwind$__scrt_uninitialize_crt 000000018001626c     MSVCRTD:utility.obj
 0002:00001274       $unwind$__scrt_initialize_onexit_tables 0000000180016274     MSVCRTD:utility.obj
 0002:00001280       $unwind$__scrt_fastfail    0000000180016280     MSVCRTD:utility_desktop.obj
 0002:0000128c       $unwind$_RTC_Initialize    000000018001628c     MSVCRTD:initsect.obj
 0002:0000128c       $unwind$_RTC_Terminate     000000018001628c     MSVCRTD:initsect.obj
 0002:00001298       $unwind$__isa_available_init 0000000180016298     MSVCRTD:cpu_disp.obj
 0002:000012a8       $unwind$__scrt_is_ucrt_dll_in_use 00000001800162a8     MSVCRTD:ucrt_detection.obj
 0002:000012b0       $xdatasym                  00000001800162b0     MSVCRTD:guard_dispatch.obj
 0002:000012b8       $xdatasym                  00000001800162b8     MSVCRTD:guard_xfg_dispatch.obj
 0002:000012c0       .edata                     00000001800162c0     P5Engine.exp
 0002:000012e8       rgpv                       00000001800162e8     P5Engine.exp
 0002:000012f0       rgszName                   00000001800162f0     P5Engine.exp
 0002:000012f8       rgwOrd                     00000001800162f8     P5Engine.exp
 0002:000012fc       szName                     00000001800162fc     P5Engine.exp
 0002:00001309       $N00001                    0000000180016309     P5Engine.exp
 0002:0000131d       $N00002                    000000018001631d     P5Engine.exp
 0002:000014d0       .idata$6                   00000001800164d0     vcruntimed:VCRUNTIME140D.dll
 0002:000015bc       .idata$6                   00000001800165bc     ucrtd:ucrtbased.dll
 0002:00001730       .idata$6                   0000000180016730     kernel32:KERNEL32.dll
 0003:00000000       ?RandomNumberTable@@3PAIA  0000000180017000     p5engine.obj
 0003:00004048       ?PlatformAddEntry@@3P6AXPEAUplatform_work_queue@@P6AX0PEAX@Z1@ZEA 000000018001b048     p5engine.obj
 0003:00004050       ?PlatformCompleteAllWork@@3P6AXPEAUplatform_work_queue@@@ZEA 000000018001b050     p5engine.obj
 0003:00004058       ?PlatformReadEntireFile@@3P6A?AUdebug_read_file_result@@PEAD@ZEA 000000018001b058     p5engine.obj
 0003:00004060       ?__proc_attached@@3HA      000000018001b060     MSVCRTD:dll_dllmain.obj
 0003:00004070       GS_ExceptionRecord         000000018001b070     MSVCRTD:gs_report.obj
 0003:00004110       GS_ContextRecord           000000018001b110     MSVCRTD:gs_report.obj
 0003:00004610       ?is_initialized_as_dll@@3_NA 000000018001b610     MSVCRTD:utility.obj
 0003:00004611       ?module_local_atexit_table_initialized@@3_NA 000000018001b611     MSVCRTD:utility.obj
 0003:00004618       ?module_local_atexit_table@@3U_onexit_table_t@@A 000000018001b618     MSVCRTD:utility.obj
 0003:00004630       ?module_local_at_quick_exit_table@@3U_onexit_table_t@@A 000000018001b630     MSVCRTD:utility.obj
 0005:00000000       __20BB4341_malloc@h        000000018001d000     p5engine.obj
 0005:00000001       __13F3F6DF_p5engine_platform@h 000000018001d001     p5engine.obj
 0005:00000002       __741AE07E_corecrt_math@h  000000018001d002     p5engine.obj
 0005:00000003       __59D680CA_p5engine_intrinsics@h 000000018001d003     p5engine.obj
 0005:00000004       __F7DD5931_p5engine_math@h 000000018001d004     p5engine.obj
 0005:00000005       __3D1D9D14_p5engine_entity@h 000000018001d005     p5engine.obj
 0005:00000006       __1CBCBAC5_p5engine_asset@h 000000018001d006     p5engine.obj
 0005:00000007       __041FA700_p5engine@h      000000018001d007     p5engine.obj
 0005:00000008       __7BC1EBB1_p5engine_random@h 000000018001d008     p5engine.obj
 0005:00000009       __90CAD781_p5engine_render_group@cpp 000000018001d009     p5engine.obj
 0005:0000000a       __FB00506F_p5engine_world@cpp 000000018001d00a     p5engine.obj
 0005:0000000b       __F0D5BF50_p5engine_sim_region@cpp 000000018001d00b     p5engine.obj
 0005:0000000c       __D37FE29A_p5engine_entity@cpp 000000018001d00c     p5engine.obj
 0005:0000000d       __EE56820E_p5engine_asset@cpp 000000018001d00d     p5engine.obj
 0005:0000000e       __3BDDD57F_p5engine@cpp    000000018001d00e     p5engine.obj
 0006:00000060       $R000000                   000000018001e060     * linker generated manifest res *
