 P5Engine

 Timestamp is 632d093e (Thu Sep 22 20:17:50 2022)

 Preferred load address is 0000000180000000

 Start         Length     Name                   Class
 0001:00000000 000163b0H .text$mn                CODE
 0001:000163b0 00000040H .text$mn$00             CODE
 0001:000163f0 000000ddH .text$x                 CODE
 0002:00000000 00000110H .idata$5                DATA
 0002:00000110 00000028H .00cfg                  DATA
 0002:00000138 00000008H .CRT$XCA                DATA
 0002:00000140 00000008H .CRT$XCZ                DATA
 0002:00000148 00000008H .CRT$XIA                DATA
 0002:00000150 00000008H .CRT$XIZ                DATA
 0002:00000158 00000008H .CRT$XPA                DATA
 0002:00000160 00000008H .CRT$XPZ                DATA
 0002:00000168 00000008H .CRT$XTA                DATA
 0002:00000170 00000010H .CRT$XTZ                DATA
 0002:00000178 00000000H .gehcont$y              DATA
 0002:00000178 00000000H .gfids$y                DATA
 0002:00000180 00000780H .rdata                  DATA
 0002:00000900 00000000H .rdata$CastGuardVftablesA DATA
 0002:00000900 00000000H .rdata$CastGuardVftablesC DATA
 0002:00000900 0000017cH .rdata$voltmd           DATA
 0002:00000a7c 000002dcH .rdata$zzzdbg           DATA
 0002:00000d58 00000008H .rtc$IAA                DATA
 0002:00000d60 00000008H .rtc$IZZ                DATA
 0002:00000d68 00000008H .rtc$TAA                DATA
 0002:00000d70 00000008H .rtc$TZZ                DATA
 0002:00000d78 000007b8H .xdata                  DATA
 0002:00001530 00000074H .edata                  DATA
 0002:000015a4 0000003cH .idata$2                DATA
 0002:000015e0 00000018H .idata$3                DATA
 0002:000015f8 00000110H .idata$4                DATA
 0002:00001708 000002a6H .idata$6                DATA
 0003:00000000 00004040H .data                   DATA
 0003:00004040 0000062cH .bss                    DATA
 0004:00000000 00000bacH .pdata                  DATA
 0005:00000000 0000001aH .msvcjmc                DATA
 0006:00000000 00000060H .rsrc$01                DATA
 0006:00000060 00000098H .rsrc$02                DATA

  Address         Publics by Value              Rva+Base               Lib:Object

 0000:00000000       __guard_eh_cont_count      0000000000000000     <absolute>
 0000:00000000       __AbsoluteZero             0000000000000000     <absolute>
 0000:00000000       __guard_iat_table          0000000000000000     <absolute>
 0000:00000000       __x64_code_ranges_to_entry_points 0000000000000000     <absolute>
 0000:00000000       __dynamic_value_reloc_table 0000000000000000     <absolute>
 0000:00000000       __arm64x_redirection_metadata 0000000000000000     <absolute>
 0000:00000000       __guard_check_icall_a64n_fptr 0000000000000000     <absolute>
 0000:00000000       __guard_fids_table         0000000000000000     <absolute>
 0000:00000000       __guard_iat_count          0000000000000000     <absolute>
 0000:00000000       __guard_longjmp_table      0000000000000000     <absolute>
 0000:00000000       __hybrid_code_map          0000000000000000     <absolute>
 0000:00000000       ___safe_se_handler_count   0000000000000000     <absolute>
 0000:00000000       __hybrid_code_map_count    0000000000000000     <absolute>
 0000:00000000       __arm64x_extra_rfe_table   0000000000000000     <absolute>
 0000:00000000       __arm64x_extra_rfe_table_size 0000000000000000     <absolute>
 0000:00000000       __hybrid_auxiliary_iat_copy 0000000000000000     <absolute>
 0000:00000000       ___safe_se_handler_table   0000000000000000     <absolute>
 0000:00000000       __guard_fids_count         0000000000000000     <absolute>
 0000:00000000       __hybrid_auxiliary_iat     0000000000000000     <absolute>
 0000:00000000       __arm64x_redirection_metadata_count 0000000000000000     <absolute>
 0000:00000000       __enclave_config           0000000000000000     <absolute>
 0000:00000000       __x64_code_ranges_to_entry_points_count 0000000000000000     <absolute>
 0000:00000000       __guard_longjmp_count      0000000000000000     <absolute>
 0000:00000000       __arm64x_native_entrypoint 0000000000000000     <absolute>
 0000:00000000       __guard_eh_cont_table      0000000000000000     <absolute>
 0000:00000100       __guard_flags              0000000000000100     <absolute>
 0000:00000000       __ImageBase                0000000180000000     <linker-defined>
 0001:00009bd0       GameUpdateAndRender        000000018000abd0 f   p5engine.obj
 0001:0000d640       GameGetSoundSamples        000000018000e640 f   p5engine.obj
 0001:0000d6b0       ??D@YA?ATv2@@MT0@@Z        000000018000e6b0 f i p5engine.obj
 0001:0000d730       ??D@YA?ATv3@@MT0@@Z        000000018000e730 f i p5engine.obj
 0001:0000d7e0       ??D@YA?ATv3@@T0@M@Z        000000018000e7e0 f i p5engine.obj
 0001:0000d860       ??D@YA?ATv4@@MT0@@Z        000000018000e860 f i p5engine.obj
 0001:0000d930       ??G@YA?ATv2@@T0@0@Z        000000018000e930 f i p5engine.obj
 0001:0000d9b0       ??G@YA?ATv3@@T0@0@Z        000000018000e9b0 f i p5engine.obj
 0001:0000da70       ??H@YA?ATv2@@T0@0@Z        000000018000ea70 f i p5engine.obj
 0001:0000daf0       ??H@YA?ATv3@@T0@0@Z        000000018000eaf0 f i p5engine.obj
 0001:0000dbb0       ??X@YAAEATv3@@AEAT0@M@Z    000000018000ebb0 f i p5engine.obj
 0001:0000dc30       ??Y@YAAEATv2@@AEAT0@T0@@Z  000000018000ec30 f i p5engine.obj
 0001:0000dc80       ??Y@YAAEATv3@@AEAT0@T0@@Z  000000018000ec80 f i p5engine.obj
 0001:0000dd20       ??Z@YAAEATv3@@AEAT0@T0@@Z  000000018000ed20 f i p5engine.obj
 0001:0000ddc0       ?ATan2@@YAMMM@Z            000000018000edc0 f i p5engine.obj
 0001:0000de10       ?AbsoluteValue@@YAMM@Z     000000018000ee10 f i p5engine.obj
 0001:0000de50       ?AddFlags@@YAXPEAUsim_entity@@I@Z 000000018000ee50 f i p5engine.obj
 0001:0000de90       ?AddRadiusTo@@YA?AUrectangle3@@U1@Tv3@@@Z 000000018000ee90 f i p5engine.obj
 0001:0000e000       ?AllResourcesPresent@@YAHPEAUrender_group@@@Z 000000018000f000 f i p5engine.obj
 0001:0000e050       ?AreInSameChunk@@YAHPEAUworld@@PEAUworld_position@@1@Z 000000018000f050 f i p5engine.obj
 0001:0000e150       ?AtomicCompareExchangeUInt32@@YAIPECIII@Z 000000018000f150 f i p5engine.obj
 0001:0000e1a0       ?BeginTemporaryMemory@@YA?AUtemporary_memory@@PEAUmemory_arena@@@Z 000000018000f1a0 f i p5engine.obj
 0001:0000e240       ?CenteredChunkPoint@@YA?AUworld_position@@III@Z 000000018000f240 f i p5engine.obj
 0001:0000e2d0       ?ChangeEntityLocationRaw@@YAXPEAUmemory_arena@@PEAUworld@@IPEAUworld_position@@2@Z 000000018000f2d0 f i p5engine.obj
 0001:0000e6c0       ?CheckArena@@YAXPEAUmemory_arena@@@Z 000000018000f6c0 f i p5engine.obj
 0001:0000e6f0       ?ChunkPositionFromTilePosition@@YA?AUworld_position@@PEAUworld@@HHHTv3@@@Z 000000018000f6f0 f i p5engine.obj
 0001:0000e990       ?Clamp01@@YA?ATv2@@T1@@Z   000000018000f990 f i p5engine.obj
 0001:0000ea00       ?Clamp01@@YAMM@Z           000000018000fa00 f i p5engine.obj
 0001:0000ea40       ?Clamp01MapToRange@@YAMMMM@Z 000000018000fa40 f i p5engine.obj
 0001:0000eac0       ?Clamp@@YAMMMM@Z           000000018000fac0 f i p5engine.obj
 0001:0000eb30       ?Clear@@YAXPEAUrender_group@@Tv4@@@Z 000000018000fb30 f i p5engine.obj
 0001:0000eb90       ?ClearFlags@@YAXPEAUsim_entity@@I@Z 000000018000fb90 f i p5engine.obj
 0001:0000ebd0       ?DefaultMoveSpec@@YA?AUmove_spec@@XZ 000000018000fbd0 f i p5engine.obj
 0001:0000ec70       ?EndTemporaryMemory@@YAXUtemporary_memory@@@Z 000000018000fc70 f i p5engine.obj
 0001:0000ecf0       ?EntityOverlapsRectangle@@YAHTv3@@Usim_entity_collision_volume@@Urectangle3@@@Z 000000018000fcf0 f i p5engine.obj
 0001:0000ee80       ?FindLeastSignificantSetBit@@YA?AUbit_scan_result@@I@Z 000000018000fe80 f i p5engine.obj
 0001:0000eef0       ?GetAlignmentOffset@@YA_KPEAUmemory_arena@@_K@Z 000000018000fef0 f i p5engine.obj
 0001:0000ef80       ?GetArenaSizeRemaining@@YA_KPEAUmemory_arena@@_K@Z 000000018000ff80 f i p5engine.obj
 0001:0000efe0       ?GetBarycentric@@YA?ATv2@@Urectangle2@@T1@@Z 000000018000ffe0 f i p5engine.obj
 0001:0000f090       ?GetBitmap@@YAPEAUloaded_bitmap@@PEAUgame_assets@@Ubitmap_id@@@Z 0000000180010090 f i p5engine.obj
 0001:0000f0f0       ?GetCameraRectangleAtDistance@@YA?AUrectangle2@@PEAUrender_group@@M@Z 00000001800100f0 f i p5engine.obj
 0001:0000f190       ?GetCameraRectangleAtTarget@@YA?AUrectangle2@@PEAUrender_group@@@Z 0000000180010190 f i p5engine.obj
 0001:0000f200       ?GetChunkData@@YAPEAXUriff_iterator@@@Z 0000000180010200 f i p5engine.obj
 0001:0000f230       ?GetChunkDataSize@@YAIUriff_iterator@@@Z 0000000180010230 f i p5engine.obj
 0001:0000f270       ?GetDim@@YA?ATv2@@Urectangle2@@@Z 0000000180010270 f i p5engine.obj
 0001:0000f2b0       ?GetDim@@YA?ATv3@@Urectangle3@@@Z 00000001800102b0 f i p5engine.obj
 0001:0000f350       ?GetEntityGroundPoint@@YA?ATv3@@PEAUsim_entity@@@Z 0000000180010350 f i p5engine.obj
 0001:0000f3d0       ?GetEntityGroundPoint@@YA?ATv3@@PEAUsim_entity@@T1@@Z 00000001800103d0 f i p5engine.obj
 0001:0000f430       ?GetLowEntity@@YAPEAUlow_entity@@PEAUgame_state@@I@Z 0000000180010430 f i p5engine.obj
 0001:0000f4a0       ?GetMaxCorner@@YA?ATv3@@Urectangle3@@@Z 00000001800104a0 f i p5engine.obj
 0001:0000f500       ?GetMinCorner@@YA?ATv3@@Urectangle3@@@Z 0000000180010500 f i p5engine.obj
 0001:0000f550       ?GetRenderEntityBasisPos@@YA?AUentity_basis_p_result@@PEAUrender_transform@@Tv3@@@Z 0000000180010550 f i p5engine.obj
 0001:0000f7f0       ?GetSimSpacePos@@YA?ATv3@@PEAUsim_region@@PEAUlow_entity@@@Z 00000001800107f0 f i p5engine.obj
 0001:0000f8e0       ?GetSound@@YAPEAUloaded_sound@@PEAUgame_assets@@Usound_id@@@Z 00000001800108e0 f i p5engine.obj
 0001:0000f940       ?GetSoundInfo@@YAPEAUasset_sound_info@@PEAUgame_assets@@Usound_id@@@Z 0000000180010940 f i p5engine.obj
 0001:0000f9a0       ?GetStairGround@@YAMPEAUsim_entity@@Tv3@@@Z 00000001800109a0 f i p5engine.obj
 0001:0000fa90       ?GetType@@YAIUriff_iterator@@@Z 0000000180010a90 f i p5engine.obj
 0001:0000fad0       ?GetWorldChunk@@YAPEAUworld_chunk@@PEAUworld@@HHHPEAUmemory_arena@@@Z 0000000180010ad0 f i p5engine.obj
 0001:0000fcc0       ?Hadamard@@YA?ATv2@@T1@0@Z 0000000180010cc0 f i p5engine.obj
 0001:0000fd20       ?Hadamard@@YA?ATv3@@T1@0@Z 0000000180010d20 f i p5engine.obj
 0001:0000fde0       ?HasFlag@@YAHPEAUsim_entity@@I@Z 0000000180010de0 f i p5engine.obj
 0001:0000fe20       ?InitializeArena@@YAXPEAUmemory_arena@@_KPEAX@Z 0000000180010e20 f i p5engine.obj
 0001:0000fe80       ?Inner@@YAMTv2@@0@Z        0000000180010e80 f i p5engine.obj
 0001:0000fed0       ?Inner@@YAMTv3@@0@Z        0000000180010ed0 f i p5engine.obj
 0001:0000ff40       ?Intersect@@YA?AUrectangle2i@@U1@0@Z 0000000180010f40 f i p5engine.obj
 0001:00010050       ?IsCanonical@@YAHMM@Z      0000000180011050 f i p5engine.obj
 0001:000100f0       ?IsCanonical@@YAHPEAUworld@@Tv3@@@Z 00000001800110f0 f i p5engine.obj
 0001:00010190       ?IsInRectangle@@YAHUrectangle3@@Tv3@@@Z 0000000180011190 f i p5engine.obj
 0001:00010250       ?IsValid@@YAHUriff_iterator@@@Z 0000000180011250 f i p5engine.obj
 0001:000102a0       ?IsValid@@YAHUsound_id@@@Z 00000001800112a0 f i p5engine.obj
 0001:000102e0       ?IsValid@@YAHUworld_position@@@Z 00000001800112e0 f i p5engine.obj
 0001:00010330       ?Length@@YAMTv3@@@Z        0000000180011330 f i p5engine.obj
 0001:00010380       ?LengthSq@@YAMTv2@@@Z      0000000180011380 f i p5engine.obj
 0001:000103c0       ?LengthSq@@YAMTv3@@@Z      00000001800113c0 f i p5engine.obj
 0001:00010430       ?Linear1ToSRGB255@@YA?ATv4@@T1@@Z 0000000180011430 f i p5engine.obj
 0001:00010530       ?LoadEntityReference@@YAXPEAUgame_state@@PEAUsim_region@@PEATentity_reference@@@Z 0000000180011530 f i p5engine.obj
 0001:00010660       ?MakeEntityNonSpatial@@YAXPEAUsim_entity@@@Z 0000000180011660 f i p5engine.obj
 0001:000106e0       ?MakeEntitySpatial@@YAXPEAUsim_entity@@Tv3@@1@Z 00000001800116e0 f i p5engine.obj
 0001:00010750       ?MapIntoChunkSpace@@YA?AUworld_position@@PEAUworld@@U1@Tv3@@@Z 0000000180011750 f i p5engine.obj
 0001:00010840       ?NextChunk@@YA?AUriff_iterator@@U1@@Z 0000000180011840 f i p5engine.obj
 0001:000108b0       ?NullPosition@@YA?AUworld_position@@XZ 00000001800118b0 f i p5engine.obj
 0001:00010920       ?Orthographic@@YAXPEAUrender_group@@HHM@Z 0000000180011920 f i p5engine.obj
 0001:00010a20       ?ParseChunkAt@@YA?AUriff_iterator@@PEAX0@Z 0000000180011a20 f i p5engine.obj
 0001:00010a80       ?Perspective@@YAXPEAUrender_group@@HHMMM@Z 0000000180011a80 f i p5engine.obj
 0001:00010b70       ?PrefetchSound@@YAXPEAUgame_assets@@Usound_id@@@Z 0000000180011b70 f i p5engine.obj
 0001:00010ba0       ?PushBitmap@@YAXPEAUrender_group@@PEAUloaded_bitmap@@Tv3@@MTv4@@@Z 0000000180011ba0 f i p5engine.obj
 0001:00010dd0       ?PushBitmap@@YAXPEAUrender_group@@Ubitmap_id@@Tv3@@MTv4@@@Z 0000000180011dd0 f i p5engine.obj
 0001:00010eb0       ?PushRect@@YAXPEAUrender_group@@Tv3@@Tv2@@Tv4@@@Z 0000000180011eb0 f i p5engine.obj
 0001:00011050       ?PushRectOutline@@YAXPEAUrender_group@@Tv3@@Tv2@@Tv4@@@Z 0000000180012050 f i p5engine.obj
 0001:000114e0       ?PushRenderElement_@@YAPEAXPEAUrender_group@@IW4render_group_entry_type@@@Z 00000001800124e0 f i p5engine.obj
 0001:00011590       ?PushSize_@@YAPEAXPEAUmemory_arena@@_K1@Z 0000000180012590 f i p5engine.obj
 0001:00011660       ?PushString@@YAPEADPEAUmemory_arena@@PEAD@Z 0000000180012660 f i p5engine.obj
 0001:00011720       ?RandomBilateral@@YAMPEAUrandom_series@@@Z 0000000180012720 f i p5engine.obj
 0001:00011770       ?RandomChoice@@YAIPEAUrandom_series@@I@Z 0000000180012770 f i p5engine.obj
 0001:000117b0       ?RandomNextUInt32@@YAIPEAUrandom_series@@@Z 00000001800127b0 f i p5engine.obj
 0001:00011820       ?RandomSeed@@YA?AUrandom_series@@I@Z 0000000180012820 f i p5engine.obj
 0001:00011890       ?RandomUnilateral@@YAMPEAUrandom_series@@@Z 0000000180012890 f i p5engine.obj
 0001:000118f0       ?RecanonicalizeCoord@@YAXMPEAHPEAM@Z 00000001800128f0 f i p5engine.obj
 0001:00011990       ?RectCenterDim@@YA?AUrectangle2@@Tv2@@0@Z 0000000180012990 f i p5engine.obj
 0001:00011a20       ?RectCenterDim@@YA?AUrectangle3@@Tv3@@0@Z 0000000180012a20 f i p5engine.obj
 0001:00011b10       ?RectCenterHalfDim@@YA?AUrectangle2@@Tv2@@0@Z 0000000180012b10 f i p5engine.obj
 0001:00011bc0       ?RectCenterHalfDim@@YA?AUrectangle3@@Tv3@@0@Z 0000000180012bc0 f i p5engine.obj
 0001:00011d30       ?RectMinMax@@YA?AUrectangle3@@Tv3@@0@Z 0000000180012d30 f i p5engine.obj
 0001:00011dd0       ?RectanglesIntersect@@YAHUrectangle3@@0@Z 0000000180012dd0 f i p5engine.obj
 0001:00011e90       ?RoundReal32ToInt32@@YAHM@Z 0000000180012e90 f i p5engine.obj
 0001:00011ed0       ?RoundReal32ToUInt32@@YAIM@Z 0000000180012ed0 f i p5engine.obj
 0001:00011f10       ?SRGB255ToLinear1@@YA?ATv4@@T1@@Z 0000000180012f10 f i p5engine.obj
 0001:00011ff0       ?SafeRatio0@@YAMMM@Z       0000000180012ff0 f i p5engine.obj
 0001:00012040       ?SafeRatio1@@YAMMM@Z       0000000180013040 f i p5engine.obj
 0001:00012090       ?SafeRatioN@@YAMMMM@Z      0000000180013090 f i p5engine.obj
 0001:000120f0       ?SignOf@@YAMM@Z            00000001800130f0 f i p5engine.obj
 0001:00012150       ?Sin@@YAMM@Z               0000000180013150 f i p5engine.obj
 0001:00012190       ?Square@@YAMM@Z            0000000180013190 f i p5engine.obj
 0001:000121d0       ?SquareRoot@@YAMM@Z        00000001800131d0 f i p5engine.obj
 0001:00012210       ?StoreEntityReference@@YAXPEATentity_reference@@@Z 0000000180013210 f i p5engine.obj
 0001:00012250       ?SubArena@@YAXPEAUmemory_arena@@0_K1@Z 0000000180013250 f i p5engine.obj
 0001:000122c0       ?ToV3@@YA?ATv3@@Tv2@@M@Z   00000001800132c0 f i p5engine.obj
 0001:00012350       ?Unproject@@YA?ATv2@@PEAUrender_group@@T1@M@Z 0000000180013350 f i p5engine.obj
 0001:000123a0       ?V2@@YA?ATv2@@MM@Z         00000001800133a0 f i p5engine.obj
 0001:00012410       ?V2i@@YA?ATv2@@HH@Z        0000000180013410 f i p5engine.obj
 0001:00012460       ?V3@@YA?ATv3@@MMM@Z        0000000180013460 f i p5engine.obj
 0001:00012500       ?V4@@YA?ATv4@@MMMM@Z       0000000180013500 f i p5engine.obj
 0001:000125b0       ?ZeroSize@@YAX_KPEAX@Z     00000001800135b0 f i p5engine.obj
 0001:00012610       GetController              0000000180013610 f i p5engine.obj
 0001:00012670       ?DrawRectangleQuickly@@YAXPEAUloaded_bitmap@@Tv2@@11Tv4@@0MUrectangle2i@@H@Z 0000000180013670 f   p5engine_optimized.obj
 0001:00014ae0       ?CeilReal32ToInt32@@YAHM@Z 0000000180015ae0 f i p5engine_optimized.obj
 0001:00014b20       ?FloorReal32ToInt32@@YAHM@Z 0000000180015b20 f i p5engine_optimized.obj
 0001:00014b60       ?GetClampedRectArea@@YAHUrectangle2i@@@Z 0000000180015b60 f i p5engine_optimized.obj
 0001:00014bd0       ?HasArea@@YAHUrectangle2i@@@Z 0000000180015bd0 f i p5engine_optimized.obj
 0001:00014c30       ?InvertedInfinityRectangle@@YA?AUrectangle2i@@XZ 0000000180015c30 f i p5engine_optimized.obj
 0001:00014c90       __CheckForDebuggerJustMyCode 0000000180015c90 f   MSVCRTD:debugger_jmc.obj
 0001:00014cd0       __GSHandlerCheck           0000000180015cd0 f   MSVCRTD:gshandler.obj
 0001:00014d10       __GSHandlerCheckCommon     0000000180015d10 f   MSVCRTD:gshandler.obj
 0001:00014e20       _alloca_probe              0000000180015e20 f   MSVCRTD:chkstk.obj
 0001:00014e20       __chkstk                   0000000180015e20 f   MSVCRTD:chkstk.obj
 0001:00014e80       __security_check_cookie    0000000180015e80 f   MSVCRTD:amdsecgs.obj
 0001:000152b0       _DllMainCRTStartup         00000001800162b0 f   MSVCRTD:dll_dllmain.obj
 0001:000152f0       __raise_securityfailure    00000001800162f0 f   MSVCRTD:gs_report.obj
 0001:00015330       __report_gsfailure         0000000180016330 f   MSVCRTD:gs_report.obj
 0001:00015590       __security_init_cookie     0000000180016590 f   MSVCRTD:gs_support.obj
 0001:00015610       DllMain                    0000000180016610 f   MSVCRTD:dll_dllmain_stub.obj
 0001:00015650       ?__scrt_initialize_type_info@@YAXXZ 0000000180016650 f   MSVCRTD:tncleanup.obj
 0001:00015670       ?__scrt_uninitialize_type_info@@YAXXZ 0000000180016670 f   MSVCRTD:tncleanup.obj
 0001:00015690       __local_stdio_printf_options 0000000180016690 f i MSVCRTD:default_local_stdio_options.obj
 0001:000156a0       __local_stdio_scanf_options 00000001800166a0 f i MSVCRTD:default_local_stdio_options.obj
 0001:000156b0       __scrt_initialize_default_local_stdio_options 00000001800166b0 f   MSVCRTD:default_local_stdio_options.obj
 0001:00015700       ?configure_argv@__scrt_narrow_argv_policy@@SAHXZ 0000000180016700 f i MSVCRTD:utility.obj
 0001:000157f0       ?initialize_environment@__scrt_narrow_environment_policy@@SAHXZ 00000001800167f0 f i MSVCRTD:utility.obj
 0001:00015890       NtCurrentTeb               0000000180016890 f i MSVCRTD:utility.obj
 0001:000158a0       __scrt_acquire_startup_lock 00000001800168a0 f   MSVCRTD:utility.obj
 0001:00015910       __scrt_dllmain_after_initialize_c 0000000180016910 f   MSVCRTD:utility.obj
 0001:00015940       __scrt_dllmain_before_initialize_c 0000000180016940 f   MSVCRTD:utility.obj
 0001:00015960       __scrt_dllmain_crt_thread_attach 0000000180016960 f   MSVCRTD:utility.obj
 0001:00015990       __scrt_dllmain_crt_thread_detach 0000000180016990 f   MSVCRTD:utility.obj
 0001:000159b0       __scrt_dllmain_exception_filter 00000001800169b0 f   MSVCRTD:utility.obj
 0001:00015a20       __scrt_dllmain_uninitialize_c 0000000180016a20 f   MSVCRTD:utility.obj
 0001:00015a50       __scrt_dllmain_uninitialize_critical 0000000180016a50 f   MSVCRTD:utility.obj
 0001:00015a70       __scrt_initialize_crt      0000000180016a70 f   MSVCRTD:utility.obj
 0001:00015ac0       __scrt_initialize_onexit_tables 0000000180016ac0 f   MSVCRTD:utility.obj
 0001:00015bd0       __scrt_is_nonwritable_in_current_image 0000000180016bd0 f   MSVCRTD:utility.obj
 0001:00015c60       __scrt_release_startup_lock 0000000180016c60 f   MSVCRTD:utility.obj
 0001:00015c90       __scrt_uninitialize_crt    0000000180016c90 f   MSVCRTD:utility.obj
 0001:00015cd0       __scrt_get_dyn_tls_init_callback 0000000180016cd0 f   MSVCRTD:dyn_tls_init.obj
 0001:00015ce0       __crt_debugger_hook        0000000180016ce0 f   MSVCRTD:utility_desktop.obj
 0001:00015cf0       __scrt_fastfail            0000000180016cf0 f   MSVCRTD:utility_desktop.obj
 0001:00015e90       _RTC_Initialize            0000000180016e90 f   MSVCRTD:initsect.obj
 0001:00015ee0       _RTC_Terminate             0000000180016ee0 f   MSVCRTD:initsect.obj
 0001:00015f30       _guard_check_icall_nop     0000000180016f30 f i MSVCRTD:guard_support.obj
 0001:00015f40       __isa_available_init       0000000180016f40 f   MSVCRTD:cpu_disp.obj
 0001:000162e0       _get_startup_argv_mode     00000001800172e0 f   MSVCRTD:argv_mode.obj
 0001:000162f0       __scrt_is_ucrt_dll_in_use  00000001800172f0 f   MSVCRTD:ucrt_detection.obj
 0001:00016320       __C_specific_handler       0000000180017320 f   vcruntimed:VCRUNTIME140D.dll
 0001:00016326       __std_type_info_destroy_list 0000000180017326 f   vcruntimed:VCRUNTIME140D.dll
 0001:0001632c       atan2                      000000018001732c f   ucrtd:ucrtbased.dll
 0001:00016332       sinf                       0000000180017332 f   ucrtd:ucrtbased.dll
 0001:00016338       sqrtf                      0000000180017338 f   ucrtd:ucrtbased.dll
 0001:0001633e       ceilf                      000000018001733e f   ucrtd:ucrtbased.dll
 0001:00016344       floorf                     0000000180017344 f   ucrtd:ucrtbased.dll
 0001:0001634a       _initterm                  000000018001734a f   ucrtd:ucrtbased.dll
 0001:00016350       _initterm_e                0000000180017350 f   ucrtd:ucrtbased.dll
 0001:00016356       _seh_filter_dll            0000000180017356 f   ucrtd:ucrtbased.dll
 0001:0001635c       _configure_narrow_argv     000000018001735c f   ucrtd:ucrtbased.dll
 0001:00016362       _initialize_narrow_environment 0000000180017362 f   ucrtd:ucrtbased.dll
 0001:00016368       _initialize_onexit_table   0000000180017368 f   ucrtd:ucrtbased.dll
 0001:0001636e       _execute_onexit_table      000000018001736e f   ucrtd:ucrtbased.dll
 0001:00016374       _cexit                     0000000180017374 f   ucrtd:ucrtbased.dll
 0001:00016380       __vcrt_thread_attach       0000000180017380 f   MSVCRTD:ucrt_stubs.obj
 0001:00016380       __scrt_stub_for_acrt_thread_attach 0000000180017380 f   MSVCRTD:ucrt_stubs.obj
 0001:00016380       __acrt_thread_attach       0000000180017380 f   MSVCRTD:ucrt_stubs.obj
 0001:00016380       __acrt_initialize          0000000180017380 f   MSVCRTD:ucrt_stubs.obj
 0001:00016380       __scrt_stub_for_acrt_thread_detach 0000000180017380 f   MSVCRTD:ucrt_stubs.obj
 0001:00016380       __acrt_thread_detach       0000000180017380 f   MSVCRTD:ucrt_stubs.obj
 0001:00016380       __vcrt_initialize          0000000180017380 f   MSVCRTD:ucrt_stubs.obj
 0001:00016380       __scrt_stub_for_acrt_initialize 0000000180017380 f   MSVCRTD:ucrt_stubs.obj
 0001:00016380       __vcrt_thread_detach       0000000180017380 f   MSVCRTD:ucrt_stubs.obj
 0001:00016390       __acrt_uninitialize_critical 0000000180017390 f   MSVCRTD:ucrt_stubs.obj
 0001:00016390       __acrt_uninitialize        0000000180017390 f   MSVCRTD:ucrt_stubs.obj
 0001:00016390       __scrt_stub_for_acrt_uninitialize 0000000180017390 f   MSVCRTD:ucrt_stubs.obj
 0001:00016390       __vcrt_uninitialize        0000000180017390 f   MSVCRTD:ucrt_stubs.obj
 0001:00016390       __vcrt_uninitialize_critical 0000000180017390 f   MSVCRTD:ucrt_stubs.obj
 0001:00016390       __scrt_stub_for_acrt_uninitialize_critical 0000000180017390 f   MSVCRTD:ucrt_stubs.obj
 0001:000163a0       _is_c_termination_complete 00000001800173a0 f   MSVCRTD:ucrt_stubs.obj
 0001:000163a0       __scrt_stub_for_is_c_termination_complete 00000001800173a0 f   MSVCRTD:ucrt_stubs.obj
 0001:000163c0       _guard_dispatch_icall_nop  00000001800173c0 f   MSVCRTD:guard_dispatch.obj
 0001:000163e0       _guard_xfg_dispatch_icall_nop 00000001800173e0 f   MSVCRTD:guard_xfg_dispatch.obj
 0002:00000000       __imp_GetCurrentProcessId  0000000180018000     kernel32:KERNEL32.dll
 0002:00000008       __imp_RtlCaptureContext    0000000180018008     kernel32:KERNEL32.dll
 0002:00000010       __imp_RtlLookupFunctionEntry 0000000180018010     kernel32:KERNEL32.dll
 0002:00000018       __imp_RtlVirtualUnwind     0000000180018018     kernel32:KERNEL32.dll
 0002:00000020       __imp_IsDebuggerPresent    0000000180018020     kernel32:KERNEL32.dll
 0002:00000028       __imp_InitializeSListHead  0000000180018028     kernel32:KERNEL32.dll
 0002:00000030       __imp_DisableThreadLibraryCalls 0000000180018030     kernel32:KERNEL32.dll
 0002:00000038       __imp_GetSystemTimeAsFileTime 0000000180018038     kernel32:KERNEL32.dll
 0002:00000040       __imp_GetCurrentThreadId   0000000180018040     kernel32:KERNEL32.dll
 0002:00000048       __imp_QueryPerformanceCounter 0000000180018048     kernel32:KERNEL32.dll
 0002:00000050       __imp_IsProcessorFeaturePresent 0000000180018050     kernel32:KERNEL32.dll
 0002:00000058       __imp_TerminateProcess     0000000180018058     kernel32:KERNEL32.dll
 0002:00000060       __imp_GetCurrentProcess    0000000180018060     kernel32:KERNEL32.dll
 0002:00000068       __imp_SetUnhandledExceptionFilter 0000000180018068     kernel32:KERNEL32.dll
 0002:00000070       __imp_UnhandledExceptionFilter 0000000180018070     kernel32:KERNEL32.dll
 0002:00000078       \177KERNEL32_NULL_THUNK_DATA 0000000180018078     kernel32:KERNEL32.dll
 0002:00000080       __imp___std_type_info_destroy_list 0000000180018080     vcruntimed:VCRUNTIME140D.dll
 0002:00000088       __imp___C_specific_handler 0000000180018088     vcruntimed:VCRUNTIME140D.dll
 0002:00000090       \177VCRUNTIME140D_NULL_THUNK_DATA 0000000180018090     vcruntimed:VCRUNTIME140D.dll
 0002:00000098       __imp__execute_onexit_table 0000000180018098     ucrtd:ucrtbased.dll
 0002:000000a0       __imp__initialize_onexit_table 00000001800180a0     ucrtd:ucrtbased.dll
 0002:000000a8       __imp__initialize_narrow_environment 00000001800180a8     ucrtd:ucrtbased.dll
 0002:000000b0       __imp__configure_narrow_argv 00000001800180b0     ucrtd:ucrtbased.dll
 0002:000000b8       __imp__seh_filter_dll      00000001800180b8     ucrtd:ucrtbased.dll
 0002:000000c0       __imp__initterm_e          00000001800180c0     ucrtd:ucrtbased.dll
 0002:000000c8       __imp__initterm            00000001800180c8     ucrtd:ucrtbased.dll
 0002:000000d0       __imp_floorf               00000001800180d0     ucrtd:ucrtbased.dll
 0002:000000d8       __imp_ceilf                00000001800180d8     ucrtd:ucrtbased.dll
 0002:000000e0       __imp_sqrtf                00000001800180e0     ucrtd:ucrtbased.dll
 0002:000000e8       __imp_sinf                 00000001800180e8     ucrtd:ucrtbased.dll
 0002:000000f0       __imp_atan2                00000001800180f0     ucrtd:ucrtbased.dll
 0002:000000f8       __imp_roundf               00000001800180f8     ucrtd:ucrtbased.dll
 0002:00000100       __imp__cexit               0000000180018100     ucrtd:ucrtbased.dll
 0002:00000108       \177ucrtbased_NULL_THUNK_DATA 0000000180018108     ucrtd:ucrtbased.dll
 0002:00000110       __guard_check_icall_fptr   0000000180018110     MSVCRTD:guard_support.obj
 0002:00000118       __guard_xfg_check_icall_fptr 0000000180018118     MSVCRTD:guard_support.obj
 0002:00000120       __guard_dispatch_icall_fptr 0000000180018120     MSVCRTD:guard_support.obj
 0002:00000128       __guard_xfg_dispatch_icall_fptr 0000000180018128     MSVCRTD:guard_support.obj
 0002:00000130       __guard_xfg_table_dispatch_icall_fptr 0000000180018130     MSVCRTD:guard_support.obj
 0002:00000138       __xc_a                     0000000180018138     MSVCRTD:initializers.obj
 0002:00000140       __xc_z                     0000000180018140     MSVCRTD:initializers.obj
 0002:00000148       __xi_a                     0000000180018148     MSVCRTD:initializers.obj
 0002:00000150       __xi_z                     0000000180018150     MSVCRTD:initializers.obj
 0002:00000158       __xp_a                     0000000180018158     MSVCRTD:initializers.obj
 0002:00000160       __xp_z                     0000000180018160     MSVCRTD:initializers.obj
 0002:00000168       __xt_a                     0000000180018168     MSVCRTD:initializers.obj
 0002:00000170       __xt_z                     0000000180018170     MSVCRTD:initializers.obj
 0002:00000580       ??_C@_0BA@NMEIMCEK@InvalidCodePath@ 0000000180018580     p5engine.obj
 0002:00000590       __real@00000000            0000000180018590     p5engine.obj
 0002:00000594       __real@308992b1            0000000180018594     p5engine.obj
 0002:00000598       __real@3a83126f            0000000180018598     p5engine.obj
 0002:0000059c       __real@3b808081            000000018001859c     p5engine.obj
 0002:000005a0       __real@3c23d70a            00000001800185a0     p5engine.obj
 0002:000005a4       __real@3cc30c31            00000001800185a4     p5engine.obj
 0002:000005a8       __real@3dcccccd            00000001800185a8     p5engine.obj
 0002:000005ac       __real@3de00000            00000001800185ac     p5engine.obj
 0002:000005b0       __real@3e4ccccd            00000001800185b0     p5engine.obj
 0002:000005b4       __real@3e800000            00000001800185b4     p5engine.obj
 0002:000005b8       __real@3e99999a            00000001800185b8     p5engine.obj
 0002:000005bc       __real@3eae4c41            00000001800185bc     p5engine.obj
 0002:000005c0       __real@3ecccccd            00000001800185c0     p5engine.obj
 0002:000005c4       __real@3ee147ae            00000001800185c4     p5engine.obj
 0002:000005c8       __real@3f000000            00000001800185c8     p5engine.obj
 0002:000005cc       __real@3f19999a            00000001800185cc     p5engine.obj
 0002:000005d0       __real@3f228f5c            00000001800185d0     p5engine.obj
 0002:000005d4       __real@3f3504f3            00000001800185d4     p5engine.obj
 0002:000005d8       __real@3f400000            00000001800185d8     p5engine.obj
 0002:000005dc       __real@3f540000            00000001800185dc     p5engine.obj
 0002:000005e0       __real@3f666666            00000001800185e0     p5engine.obj
 0002:000005e4       __real@3f800000            00000001800185e4     p5engine.obj
 0002:000005e8       __real@3f8ba2e9            00000001800185e8     p5engine.obj
 0002:000005ec       __real@3f8ccccd            00000001800185ec     p5engine.obj
 0002:000005f0       __real@3f99999a            00000001800185f0     p5engine.obj
 0002:000005f4       __real@3fa66666            00000001800185f4     p5engine.obj
 0002:000005f8       __real@3fb33333            00000001800185f8     p5engine.obj
 0002:000005fc       __real@3fc00000            00000001800185fc     p5engine.obj
 0002:00000600       __real@3fc90fdb            0000000180018600     p5engine.obj
 0002:00000604       __real@40000000            0000000180018604     p5engine.obj
 0002:00000608       __real@400ccccd            0000000180018608     p5engine.obj
 0002:0000060c       __real@40400000            000000018001860c     p5engine.obj
 0002:00000610       __real@40490fdb            0000000180018610     p5engine.obj
 0002:00000614       __real@40800000            0000000180018614     p5engine.obj
 0002:00000618       __real@4096cbe4            0000000180018618     p5engine.obj
 0002:0000061c       __real@40a00000            000000018001861c     p5engine.obj
 0002:00000620       __real@40c00000            0000000180018620     p5engine.obj
 0002:00000624       __real@40c90fdb            0000000180018624     p5engine.obj
 0002:00000628       __real@40e00000            0000000180018628     p5engine.obj
 0002:0000062c       __real@41000000            000000018001862c     p5engine.obj
 0002:00000630       __real@41100000            0000000180018630     p5engine.obj
 0002:00000634       __real@41700000            0000000180018634     p5engine.obj
 0002:00000638       __real@41880000            0000000180018638     p5engine.obj
 0002:0000063c       __real@41a00000            000000018001863c     p5engine.obj
 0002:00000640       __real@41f00000            0000000180018640     p5engine.obj
 0002:00000644       __real@42340000            0000000180018644     p5engine.obj
 0002:00000648       __real@437f0000            0000000180018648     p5engine.obj
 0002:0000064c       __real@461c4000            000000018001864c     p5engine.obj
 0002:00000650       __real@47c35000            0000000180018650     p5engine.obj
 0002:00000654       __real@49742400            0000000180018654     p5engine.obj
 0002:00000658       __real@7f7fffff            0000000180018658     p5engine.obj
 0002:0000065c       __real@becccccd            000000018001865c     p5engine.obj
 0002:00000660       __real@bf000000            0000000180018660     p5engine.obj
 0002:00000664       __real@bf800000            0000000180018664     p5engine.obj
 0002:00000668       __real@c0000000            0000000180018668     p5engine.obj
 0002:0000066c       __real@c0100000            000000018001866c     p5engine.obj
 0002:00000670       __real@c0400000            0000000180018670     p5engine.obj
 0002:00000674       __real@c11ccccd            0000000180018674     p5engine.obj
 0002:00000680       __xmm@00000000000000000000000000000000 0000000180018680     p5engine.obj
 0002:00000690       __xmm@7fffffffffffffff7fffffffffffffff 0000000180018690     p5engine.obj
 0002:000006a0       __xmm@80000000800000008000000080000000 00000001800186a0     p5engine.obj
 0002:000006b0       __xmm@000000ff000000ff000000ff000000ff 00000001800186b0     p5engine_optimized.obj
 0002:000006c0       __xmm@0000ffff0000ffff0000ffff0000ffff 00000001800186c0     p5engine_optimized.obj
 0002:000006d0       __xmm@00ff00ff00ff00ff00ff00ff00ff00ff 00000001800186d0     p5engine_optimized.obj
 0002:000006e0       __xmm@3b8080813b8080813b8080813b808081 00000001800186e0     p5engine_optimized.obj
 0002:000006f0       __xmm@3f0000003f0000003f0000003f000000 00000001800186f0     p5engine_optimized.obj
 0002:00000700       __xmm@3f8000003f8000003f8000003f800000 0000000180018700     p5engine_optimized.obj
 0002:00000710       __xmm@40800000408000004080000040800000 0000000180018710     p5engine_optimized.obj
 0002:00000720       __xmm@477e0100477e0100477e0100477e0100 0000000180018720     p5engine_optimized.obj
 0002:00000730       __xmm@ffffffffffffffffffffffffffffffff 0000000180018730     p5engine_optimized.obj
 0002:00000740       _pDefaultRawDllMain        0000000180018740     MSVCRTD:dll_dllmain.obj
 0002:00000740       _pRawDllMain               0000000180018740     MSVCRTD:dll_dllmain.obj
 0002:000007b0       _load_config_used          00000001800187b0     MSVCRTD:loadcfg.obj
 0002:00000900       __volatile_metadata        0000000180018900     <linker-defined>
 0002:00000d58       __rtc_iaa                  0000000180018d58     MSVCRTD:initsect.obj
 0002:00000d60       __rtc_izz                  0000000180018d60     MSVCRTD:initsect.obj
 0002:00000d68       __rtc_taa                  0000000180018d68     MSVCRTD:initsect.obj
 0002:00000d70       __rtc_tzz                  0000000180018d70     MSVCRTD:initsect.obj
 0002:000015a4       __IMPORT_DESCRIPTOR_VCRUNTIME140D 00000001800195a4     vcruntimed:VCRUNTIME140D.dll
 0002:000015b8       __IMPORT_DESCRIPTOR_ucrtbased 00000001800195b8     ucrtd:ucrtbased.dll
 0002:000015cc       __IMPORT_DESCRIPTOR_KERNEL32 00000001800195cc     kernel32:KERNEL32.dll
 0002:000015e0       __NULL_IMPORT_DESCRIPTOR   00000001800195e0     vcruntimed:VCRUNTIME140D.dll
 0003:00004000       __security_cookie_complement 000000018001e000     MSVCRTD:gs_cookie.obj
 0003:00004008       __security_cookie          000000018001e008     MSVCRTD:gs_cookie.obj
 0003:00004010       _fltused                   000000018001e010     MSVCRTD:fltused.obj
 0003:00004014       __scrt_native_dllmain_reason 000000018001e014     MSVCRTD:utility.obj
 0003:00004018       __isa_available            000000018001e018     MSVCRTD:cpu_disp.obj
 0003:0000401c       __isa_enabled              000000018001e01c     MSVCRTD:cpu_disp.obj
 0003:00004020       __memcpy_nt_iters          000000018001e020     MSVCRTD:cpu_disp.obj
 0003:00004028       __memset_nt_iters          000000018001e028     MSVCRTD:cpu_disp.obj
 0003:00004030       __scrt_ucrt_dll_is_in_use  000000018001e030     MSVCRTD:ucrt_stubs.obj
 0003:00004040       DebugGlobalMemory          000000018001e040     p5engine.obj
 0003:000045e0       ?__type_info_root_node@@3U__type_info_node@@A 000000018001e5e0     MSVCRTD:tncleanup.obj
 0003:000045f0       ?_OptionsStorage@?1??__local_stdio_printf_options@@9@4_KA 000000018001e5f0     MSVCRTD:default_local_stdio_options.obj
 0003:000045f8       ?_OptionsStorage@?1??__local_stdio_scanf_options@@9@4_KA 000000018001e5f8     MSVCRTD:default_local_stdio_options.obj
 0003:00004600       __scrt_current_native_startup_state 000000018001e600     MSVCRTD:utility.obj
 0003:00004608       __scrt_native_startup_lock 000000018001e608     MSVCRTD:utility.obj
 0003:00004648       __scrt_debugger_hook_flag  000000018001e648     MSVCRTD:utility_desktop.obj
 0003:00004650       __castguard_check_failure_os_handled_fptr 000000018001e650     MSVCRTD:guard_support.obj
 0003:00004658       __favor                    000000018001e658     MSVCRTD:cpu_disp.obj
 0003:00004660       __dyn_tls_init_callback    000000018001e660     <common>
 0003:00004668       __DebuggerCurrentSteppingThreadId 000000018001e668     <common>

 entry point at        0001:000152b0

 Static symbols

 0000:fffdd000       .debug$S                   0000000180000000     P5Engine.exp
 0000:fffdd000       .debug$S                   0000000180000000     vcruntimed:VCRUNTIME140D.dll
 0000:fffdd000       .debug$S                   0000000180000000     vcruntimed:VCRUNTIME140D.dll
 0000:fffdd000       .debug$S                   0000000180000000     vcruntimed:VCRUNTIME140D.dll
 0000:fffdd000       .debug$S                   0000000180000000     vcruntimed:VCRUNTIME140D.dll
 0000:fffdd000       .debug$S                   0000000180000000     ucrtd:ucrtbased.dll
 0000:fffdd000       .debug$S                   0000000180000000     ucrtd:ucrtbased.dll
 0000:fffdd000       .debug$S                   0000000180000000     ucrtd:ucrtbased.dll
 0000:fffdd000       .debug$S                   0000000180000000     ucrtd:ucrtbased.dll
 0000:fffdd000       .debug$S                   0000000180000000     ucrtd:ucrtbased.dll
 0000:fffdd000       .debug$S                   0000000180000000     ucrtd:ucrtbased.dll
 0000:fffdd000       .debug$S                   0000000180000000     ucrtd:ucrtbased.dll
 0000:fffdd000       .debug$S                   0000000180000000     ucrtd:ucrtbased.dll
 0000:fffdd000       .debug$S                   0000000180000000     ucrtd:ucrtbased.dll
 0000:fffdd000       .debug$S                   0000000180000000     ucrtd:ucrtbased.dll
 0000:fffdd000       .debug$S                   0000000180000000     ucrtd:ucrtbased.dll
 0000:fffdd000       .debug$S                   0000000180000000     ucrtd:ucrtbased.dll
 0000:fffdd000       .debug$S                   0000000180000000     ucrtd:ucrtbased.dll
 0000:fffdd000       .debug$S                   0000000180000000     ucrtd:ucrtbased.dll
 0000:fffdd000       .debug$S                   0000000180000000     ucrtd:ucrtbased.dll
 0000:fffdd000       .debug$S                   0000000180000000     ucrtd:ucrtbased.dll
 0000:fffdd000       .debug$S                   0000000180000000     ucrtd:ucrtbased.dll
 0000:fffdd000       .debug$S                   0000000180000000     ucrtd:ucrtbased.dll
 0000:fffdd000       .debug$S                   0000000180000000     kernel32:KERNEL32.dll
 0000:fffdd000       .debug$S                   0000000180000000     kernel32:KERNEL32.dll
 0000:fffdd000       .debug$S                   0000000180000000     kernel32:KERNEL32.dll
 0000:fffdd000       .debug$S                   0000000180000000     kernel32:KERNEL32.dll
 0000:fffdd000       .debug$S                   0000000180000000     kernel32:KERNEL32.dll
 0000:fffdd000       .debug$S                   0000000180000000     kernel32:KERNEL32.dll
 0000:fffdd000       .debug$S                   0000000180000000     kernel32:KERNEL32.dll
 0000:fffdd000       .debug$S                   0000000180000000     kernel32:KERNEL32.dll
 0000:fffdd000       .debug$S                   0000000180000000     kernel32:KERNEL32.dll
 0000:fffdd000       .debug$S                   0000000180000000     kernel32:KERNEL32.dll
 0000:fffdd000       .debug$S                   0000000180000000     kernel32:KERNEL32.dll
 0000:fffdd000       .debug$S                   0000000180000000     kernel32:KERNEL32.dll
 0000:fffdd000       .debug$S                   0000000180000000     kernel32:KERNEL32.dll
 0000:fffdd000       .debug$S                   0000000180000000     kernel32:KERNEL32.dll
 0000:fffdd000       .debug$S                   0000000180000000     kernel32:KERNEL32.dll
 0000:fffdd000       .debug$S                   0000000180000000     kernel32:KERNEL32.dll
 0000:fffdd000       .debug$S                   0000000180000000     kernel32:KERNEL32.dll
 0001:00000000       ?LoadBitmap@@YAXPEAUgame_assets@@Ubitmap_id@@@Z 0000000180001000 f   p5engine.obj
 0001:00000140       ?LoadSound@@YAXPEAUgame_assets@@Usound_id@@@Z 0000000180001140 f   p5engine.obj
 0001:00000280       ?AddCollisionRule@@YAXPEAUgame_state@@IIH@Z 0000000180001280 f   p5engine.obj
 0001:00000400       ?ClearCollisionRulesFor@@YAXPEAUgame_state@@I@Z 0000000180001400 f   p5engine.obj
 0001:00000500       ?BeginTaskWithMemory@@YAPEAUtask_with_memory@@PEAUtransient_state@@@Z 0000000180001500 f   p5engine.obj
 0001:000005e0       ?EndTaskWithMemory@@YAXPEAUtask_with_memory@@@Z 00000001800015e0 f   p5engine.obj
 0001:00000640       ?DrawRectangle@@YAXPEAUloaded_bitmap@@Tv2@@1Tv4@@Urectangle2i@@H@Z 0000000180001640 f   p5engine.obj
 0001:00000900       ?RenderGroupToOutput@@YAXPEAUrender_group@@PEAUloaded_bitmap@@Urectangle2i@@H@Z 0000000180001900 f   p5engine.obj
 0001:00000cf0       ?DoTiledRenderWork@@YAXPEAUplatform_work_queue@@PEAX@Z 0000000180001cf0 f   p5engine.obj
 0001:00000da0       ?RenderGroupToOutput@@YAXPEAUrender_group@@PEAUloaded_bitmap@@@Z 0000000180001da0 f   p5engine.obj
 0001:00000e90       ?TiledRenderGroupToOutput@@YAXPEAUplatform_work_queue@@PEAUrender_group@@PEAUloaded_bitmap@@@Z 0000000180001e90 f   p5engine.obj
 0001:000010c0       ?AllocateRenderGroup@@YAPEAUrender_group@@PEAUgame_assets@@PEAUmemory_arena@@I@Z 00000001800020c0 f   p5engine.obj
 0001:000011f0       ?InitializeWorld@@YAXPEAUworld@@Tv3@@@Z 00000001800021f0 f   p5engine.obj
 0001:00001290       ?Subtract@@YA?ATv3@@PEAUworld@@PEAUworld_position@@1@Z 0000000180002290 f   p5engine.obj
 0001:00001500       ?ChangeEntityLocation@@YAXPEAUmemory_arena@@PEAUworld@@IPEAUlow_entity@@Uworld_position@@@Z 0000000180002500 f   p5engine.obj
 0001:00001690       ?GetHashFromStorageIndex@@YAPEAUsim_entity_hash@@PEAUsim_region@@I@Z 0000000180002690 f   p5engine.obj
 0001:00001760       ?AddEntity@@YAPEAUsim_entity@@PEAUgame_state@@PEAUsim_region@@IPEAUlow_entity@@PEATv3@@@Z 0000000180002760 f   p5engine.obj
 0001:000018c0       ?AddEntityRaw@@YAPEAUsim_entity@@PEAUgame_state@@PEAUsim_region@@IPEAUlow_entity@@@Z 00000001800028c0 f   p5engine.obj
 0001:00001a40       ?BeginSim@@YAPEAUsim_region@@PEAUmemory_arena@@PEAUgame_state@@PEAUworld@@Uworld_position@@Urectangle3@@M@Z 0000000180002a40 f   p5engine.obj
 0001:000020b0       ?EndSim@@YAXPEAUsim_region@@PEAUgame_state@@@Z 00000001800030b0 f   p5engine.obj
 0001:00002370       ?CanCollide@@YAHPEAUgame_state@@PEAUsim_entity@@1@Z 0000000180003370 f   p5engine.obj
 0001:000024c0       ?HandleCollision@@YAHPEAUgame_state@@PEAUsim_entity@@1@Z 00000001800034c0 f   p5engine.obj
 0001:000025a0       ?CanOverlap@@YAHPEAUgame_state@@PEAUsim_entity@@1@Z 00000001800035a0 f   p5engine.obj
 0001:00002600       ?HandleOverlap@@YAXPEAUgame_state@@PEAUsim_entity@@1MPEAM@Z 0000000180003600 f   p5engine.obj
 0001:000026a0       ?SpeculativeCollide@@YAHPEAUsim_entity@@0Tv3@@@Z 00000001800036a0 f   p5engine.obj
 0001:000027a0       ?EntitiesOverlap@@YAHPEAUsim_entity@@0Tv3@@@Z 00000001800037a0 f   p5engine.obj
 0001:00002ae0       ?MoveEntity@@YAXPEAUgame_state@@PEAUsim_region@@PEAUsim_entity@@MPEAUmove_spec@@Tv3@@@Z 0000000180003ae0 f   p5engine.obj
 0001:00004440       ?DEBUGLoadBMP@@YA?AUloaded_bitmap@@PEADTv2@@@Z 0000000180005440 f   p5engine.obj
 0001:00004950       ?DEBUGLoadWAV@@YA?AUloaded_sound@@PEADII@Z 0000000180005950 f   p5engine.obj
 0001:00004f30       ?LoadBitmapWork@@YAXPEAUplatform_work_queue@@PEAX@Z 0000000180005f30 f   p5engine.obj
 0001:00005030       ?LoadSoundWork@@YAXPEAUplatform_work_queue@@PEAX@Z 0000000180006030 f   p5engine.obj
 0001:00005130       ?GetBestMatchAssetFrom@@YAIPEAUgame_assets@@W4asset_type_id@@PEAUasset_vector@@2@Z 0000000180006130 f   p5engine.obj
 0001:00005370       ?GetRandomAssetFrom@@YAIPEAUgame_assets@@W4asset_type_id@@PEAUrandom_series@@@Z 0000000180006370 f   p5engine.obj
 0001:00005430       ?GetFirstAssetFrom@@YAIPEAUgame_assets@@W4asset_type_id@@@Z 0000000180006430 f   p5engine.obj
 0001:000054b0       ?GetBestMatchBitmapFrom@@YA?AUbitmap_id@@PEAUgame_assets@@W4asset_type_id@@PEAUasset_vector@@2@Z 00000001800064b0 f   p5engine.obj
 0001:00005500       ?GetFirstBitmapFrom@@YA?AUbitmap_id@@PEAUgame_assets@@W4asset_type_id@@@Z 0000000180006500 f   p5engine.obj
 0001:00005540       ?GetRandomBitmapFrom@@YA?AUbitmap_id@@PEAUgame_assets@@W4asset_type_id@@PEAUrandom_series@@@Z 0000000180006540 f   p5engine.obj
 0001:00005590       ?GetFirstSoundFrom@@YA?AUsound_id@@PEAUgame_assets@@W4asset_type_id@@@Z 0000000180006590 f   p5engine.obj
 0001:000055d0       ?GetRandomSoundFrom@@YA?AUsound_id@@PEAUgame_assets@@W4asset_type_id@@PEAUrandom_series@@@Z 00000001800065d0 f   p5engine.obj
 0001:00005620       ?DEBUGAddBitmapInfo@@YA?AUbitmap_id@@PEAUgame_assets@@PEADTv2@@@Z 0000000180006620 f   p5engine.obj
 0001:000056e0       ?DEBUGAddSoundInfo@@YA?AUsound_id@@PEAUgame_assets@@PEADII@Z 00000001800066e0 f   p5engine.obj
 0001:000057c0       ?BeginAssetType@@YAXPEAUgame_assets@@W4asset_type_id@@@Z 00000001800067c0 f   p5engine.obj
 0001:00005860       ?AddBitmapAsset@@YAXPEAUgame_assets@@PEADTv2@@@Z 0000000180006860 f   p5engine.obj
 0001:00005970       ?AddSoundAsset@@YAPEAUasset@@PEAUgame_assets@@PEADII@Z 0000000180006970 f   p5engine.obj
 0001:00005a90       ?AddTag@@YAXPEAUgame_assets@@W4asset_tag_id@@M@Z 0000000180006a90 f   p5engine.obj
 0001:00005b50       ?EndAssetType@@YAXPEAUgame_assets@@@Z 0000000180006b50 f   p5engine.obj
 0001:00005bd0       ?AllocateGameAssets@@YAPEAUgame_assets@@PEAUmemory_arena@@_KPEAUtransient_state@@@Z 0000000180006bd0 f   p5engine.obj
 0001:000064f0       ?PlaySound@@YAPEAUplaying_sound@@PEAUaudio_state@@Usound_id@@@Z 00000001800074f0 f   p5engine.obj
 0001:00006620       ?ChangeVolume@@YAXPEAUaudio_state@@PEAUplaying_sound@@MTv2@@@Z 0000000180007620 f   p5engine.obj
 0001:000066e0       ?OutputPlayingSounds@@YAXPEAUaudio_state@@PEAUgame_sound_output_buffer@@PEAUgame_assets@@PEAUmemory_arena@@@Z 00000001800076e0 f   p5engine.obj
 0001:000078d0       ?InitializeAudioState@@YAXPEAUaudio_state@@PEAUmemory_arena@@@Z 00000001800088d0 f   p5engine.obj
 0001:00007950       ?AddLowEntity@@YA?AUadd_low_entity_result@@PEAUgame_state@@W4entity_type@@Uworld_position@@@Z 0000000180008950 f   p5engine.obj
 0001:00007b50       ?AddGroundedEntity@@YA?AUadd_low_entity_result@@PEAUgame_state@@W4entity_type@@Uworld_position@@PEAUsim_entity_collision_volume_group@@@Z 0000000180008b50 f   p5engine.obj
 0001:00007c00       ?AddStandardRoom@@YA?AUadd_low_entity_result@@PEAUgame_state@@III@Z 0000000180008c00 f   p5engine.obj
 0001:00007d60       ?AddWall@@YA?AUadd_low_entity_result@@PEAUgame_state@@III@Z 0000000180008d60 f   p5engine.obj
 0001:00007ec0       ?AddStairs@@YA?AUadd_low_entity_result@@PEAUgame_state@@III@Z 0000000180008ec0 f   p5engine.obj
 0001:00008050       ?InitHitPoints@@YAXPEAUlow_entity@@I@Z 0000000180009050 f   p5engine.obj
 0001:000080e0       ?AddSword@@YA?AUadd_low_entity_result@@PEAUgame_state@@@Z 00000001800090e0 f   p5engine.obj
 0001:000081d0       ?AddPlayer@@YA?AUadd_low_entity_result@@PEAUgame_state@@@Z 00000001800091d0 f   p5engine.obj
 0001:00008310       ?AddMonstar@@YA?AUadd_low_entity_result@@PEAUgame_state@@III@Z 0000000180009310 f   p5engine.obj
 0001:00008480       ?AddFamiliar@@YA?AUadd_low_entity_result@@PEAUgame_state@@III@Z 0000000180009480 f   p5engine.obj
 0001:000085e0       ?DrawHitpoints@@YAXPEAUsim_entity@@PEAUrender_group@@@Z 00000001800095e0 f   p5engine.obj
 0001:00008850       ?MakeSimpleGroundedCollision@@YAPEAUsim_entity_collision_volume_group@@PEAUgame_state@@MMM@Z 0000000180009850 f   p5engine.obj
 0001:000089b0       ?MakeNullCollision@@YAPEAUsim_entity_collision_volume_group@@PEAUgame_state@@@Z 00000001800099b0 f   p5engine.obj
 0001:00008a90       ?FillGroundChunkWork@@YAXPEAUplatform_work_queue@@PEAX@Z 0000000180009a90 f   p5engine.obj
 0001:00008af0       ?FillGroundChunk@@YAXPEAUtransient_state@@PEAUgame_state@@PEAUground_buffer@@PEAUworld_position@@@Z 0000000180009af0 f   p5engine.obj
 0001:00009370       ?ClearBitmap@@YAXPEAUloaded_bitmap@@@Z 000000018000a370 f   p5engine.obj
 0001:000093d0       ?MakeEmptyBitmap@@YA?AUloaded_bitmap@@PEAUmemory_arena@@HHH@Z 000000018000a3d0 f   p5engine.obj
 0001:000094c0       ?MakeSphereDiffuseMap@@YAXPEAUloaded_bitmap@@MM@Z 000000018000a4c0 f   p5engine.obj
 0001:000097f0       ?MakeSphereNormalMap@@YAXPEAUloaded_bitmap@@MMM@Z 000000018000a7f0 f   p5engine.obj
 0001:0000d618       $LN147                     000000018000e618     p5engine.obj
 0001:00014e10       $$000000                   0000000180015e10     MSVCRTD:chkstk.obj
 0001:00014e70       $$000000                   0000000180015e70     MSVCRTD:amdsecgs.obj
 0001:00014ea0       ?dllmain_crt_dispatch@@YAHQEAUHINSTANCE__@@KQEAX@Z 0000000180015ea0 f   MSVCRTD:dll_dllmain.obj
 0001:00014f30       ?dllmain_crt_process_attach@@YAHQEAUHINSTANCE__@@QEAX@Z 0000000180015f30 f   MSVCRTD:dll_dllmain.obj
 0001:00015070       ?dllmain_crt_process_detach@@YAH_N@Z 0000000180016070 f   MSVCRTD:dll_dllmain.obj
 0001:00015110       ?dllmain_dispatch@@YAHQEAUHINSTANCE__@@KQEAX@Z 0000000180016110 f   MSVCRTD:dll_dllmain.obj
 0001:00015250       ?dllmain_raw@@YAHQEAUHINSTANCE__@@KQEAX@Z 0000000180016250 f   MSVCRTD:dll_dllmain.obj
 0001:00015410       capture_previous_context   0000000180016410 f   MSVCRTD:gs_report.obj
 0001:000154d0       __get_entropy              00000001800164d0 f   MSVCRTD:gs_support.obj
 0001:00015720       ?find_pe_section@@YAPEAU_IMAGE_SECTION_HEADER@@QEAE_K@Z 0000000180016720 f   MSVCRTD:utility.obj
 0001:00015800       ?is_potentially_valid_image_base@@YA_NQEAX@Z 0000000180016800 f   MSVCRTD:utility.obj
 0001:000163b0       $$000000                   00000001800173b0     MSVCRTD:guard_dispatch.obj
 0001:000163d0       $$000000                   00000001800173d0     MSVCRTD:guard_xfg_dispatch.obj
 0001:000163f0       ?fin$0@?0??dllmain_crt_process_attach@@YAHQEAUHINSTANCE__@@QEAX@Z@4HA 00000001800173f0 f   MSVCRTD:dll_dllmain.obj
 0001:00016410       ?fin$0@?0??dllmain_crt_process_detach@@YAH_N@Z@4HA 0000000180017410 f   MSVCRTD:dll_dllmain.obj
 0001:0001642a       ?fin$1@?0??dllmain_crt_process_detach@@YAH_N@Z@4HA 000000018001742a f   MSVCRTD:dll_dllmain.obj
 0001:00016440       ?filt$0@?0??dllmain_dispatch@@YAHQEAUHINSTANCE__@@KQEAX@Z@4HA 0000000180017440 f   MSVCRTD:dll_dllmain.obj
 0001:00016490       __scrt_is_nonwritable_in_current_image$filt$0 0000000180017490 f   MSVCRTD:utility.obj
 0002:00000180       $SG29284                   0000000180018180     p5engine.obj
 0002:00000190       $SG29712                   0000000180018190     p5engine.obj
 0002:000001a0       $SG30493                   00000001800181a0     p5engine.obj
 0002:000001c8       $SG30845                   00000001800181c8     p5engine.obj
 0002:000001e8       $SG30846                   00000001800181e8     p5engine.obj
 0002:00000208       $SG30847                   0000000180018208     p5engine.obj
 0002:00000228       $SG30848                   0000000180018228     p5engine.obj
 0002:00000240       $SG30849                   0000000180018240     p5engine.obj
 0002:00000260       $SG30850                   0000000180018260     p5engine.obj
 0002:00000280       $SG30851                   0000000180018280     p5engine.obj
 0002:000002a0       $SG30852                   00000001800182a0     p5engine.obj
 0002:000002c0       $SG30853                   00000001800182c0     p5engine.obj
 0002:000002e0       $SG30854                   00000001800182e0     p5engine.obj
 0002:00000300       $SG30855                   0000000180018300     p5engine.obj
 0002:00000328       $SG30856                   0000000180018328     p5engine.obj
 0002:00000348       $SG30857                   0000000180018348     p5engine.obj
 0002:00000368       $SG30858                   0000000180018368     p5engine.obj
 0002:00000390       $SG30859                   0000000180018390     p5engine.obj
 0002:000003b0       $SG30860                   00000001800183b0     p5engine.obj
 0002:000003d0       $SG30861                   00000001800183d0     p5engine.obj
 0002:000003f0       $SG30862                   00000001800183f0     p5engine.obj
 0002:00000410       $SG30863                   0000000180018410     p5engine.obj
 0002:00000430       $SG30864                   0000000180018430     p5engine.obj
 0002:00000450       $SG30865                   0000000180018450     p5engine.obj
 0002:00000470       $SG30866                   0000000180018470     p5engine.obj
 0002:00000490       $SG30867                   0000000180018490     p5engine.obj
 0002:000004b0       $SG30868                   00000001800184b0     p5engine.obj
 0002:000004d0       $SG30869                   00000001800184d0     p5engine.obj
 0002:000004f0       $SG30870                   00000001800184f0     p5engine.obj
 0002:00000510       $SG30872                   0000000180018510     p5engine.obj
 0002:00000530       $SG30874                   0000000180018530     p5engine.obj
 0002:00000550       $SG30875                   0000000180018550     p5engine.obj
 0002:00000570       $SG32075                   0000000180018570     p5engine.obj
 0002:00000748       GS_ExceptionPointers       0000000180018748     MSVCRTD:gs_report.obj
 0002:00000d78       $unwind$?GetBitmap@@YAPEAUloaded_bitmap@@PEAUgame_assets@@Ubitmap_id@@@Z 0000000180018d78     p5engine.obj
 0002:00000d78       $unwind$?GetLowEntity@@YAPEAUlow_entity@@PEAUgame_state@@I@Z 0000000180018d78     p5engine.obj
 0002:00000d78       $unwind$?GetSound@@YAPEAUloaded_sound@@PEAUgame_assets@@Usound_id@@@Z 0000000180018d78     p5engine.obj
 0002:00000d78       $unwind$?GetSoundInfo@@YAPEAUasset_sound_info@@PEAUgame_assets@@Usound_id@@@Z 0000000180018d78     p5engine.obj
 0002:00000d78       $unwind$?HasFlag@@YAHPEAUsim_entity@@I@Z 0000000180018d78     p5engine.obj
 0002:00000d78       $unwind$?RandomChoice@@YAIPEAUrandom_series@@I@Z 0000000180018d78     p5engine.obj
 0002:00000d78       $unwind$GetController      0000000180018d78     p5engine.obj
 0002:00000d80       $unwind$?InitializeArena@@YAXPEAUmemory_arena@@_KPEAX@Z 0000000180018d80     p5engine.obj
 0002:00000d88       $unwind$?GetAlignmentOffset@@YA_KPEAUmemory_arena@@_K@Z 0000000180018d88     p5engine.obj
 0002:00000d88       $unwind$?PushString@@YAPEADPEAUmemory_arena@@PEAD@Z 0000000180018d88     p5engine.obj
 0002:00000d90       $unwind$??Y@YAAEATv2@@AEAT0@T0@@Z 0000000180018d90     p5engine.obj
 0002:00000d90       $unwind$?GetArenaSizeRemaining@@YA_KPEAUmemory_arena@@_K@Z 0000000180018d90     p5engine.obj
 0002:00000d90       $unwind$?Hadamard@@YA?ATv2@@T1@0@Z 0000000180018d90     p5engine.obj
 0002:00000d90       $unwind$?Inner@@YAMTv2@@0@Z 0000000180018d90     p5engine.obj
 0002:00000d90       $unwind$?Inner@@YAMTv3@@0@Z 0000000180018d90     p5engine.obj
 0002:00000d90       $unwind$?IsCanonical@@YAHPEAUworld@@Tv3@@@Z 0000000180018d90     p5engine.obj
 0002:00000d90       $unwind$?IsInRectangle@@YAHUrectangle3@@Tv3@@@Z 0000000180018d90     p5engine.obj
 0002:00000d90       $unwind$?RectanglesIntersect@@YAHUrectangle3@@0@Z 0000000180018d90     p5engine.obj
 0002:00000d90       $unwind$?ZeroSize@@YAX_KPEAX@Z 0000000180018d90     p5engine.obj
 0002:00000d90       $unwind$?find_pe_section@@YAPEAU_IMAGE_SECTION_HEADER@@QEAE_K@Z 0000000180018d90     MSVCRTD:utility.obj
 0002:00000d98       $unwind$?PushSize_@@YAPEAXPEAUmemory_arena@@_K1@Z 0000000180018d98     p5engine.obj
 0002:00000da0       $unwind$?BeginTemporaryMemory@@YA?AUtemporary_memory@@PEAUmemory_arena@@@Z 0000000180018da0     p5engine.obj
 0002:00000db4       $unwind$?AllResourcesPresent@@YAHPEAUrender_group@@@Z 0000000180018db4     p5engine.obj
 0002:00000db4       $unwind$?EndTemporaryMemory@@YAXUtemporary_memory@@@Z 0000000180018db4     p5engine.obj
 0002:00000db4       $unwind$?GetChunkData@@YAPEAXUriff_iterator@@@Z 0000000180018db4     p5engine.obj
 0002:00000db4       $unwind$?GetChunkDataSize@@YAIUriff_iterator@@@Z 0000000180018db4     p5engine.obj
 0002:00000db4       $unwind$?GetDim@@YA?ATv2@@Urectangle2@@@Z 0000000180018db4     p5engine.obj
 0002:00000db4       $unwind$?GetType@@YAIUriff_iterator@@@Z 0000000180018db4     p5engine.obj
 0002:00000db4       $unwind$?IsValid@@YAHUriff_iterator@@@Z 0000000180018db4     p5engine.obj
 0002:00000db4       $unwind$?IsValid@@YAHUworld_position@@@Z 0000000180018db4     p5engine.obj
 0002:00000db4       $unwind$?LengthSq@@YAMTv2@@@Z 0000000180018db4     p5engine.obj
 0002:00000db4       $unwind$?RandomBilateral@@YAMPEAUrandom_series@@@Z 0000000180018db4     p5engine.obj
 0002:00000db4       $unwind$?RandomNextUInt32@@YAIPEAUrandom_series@@@Z 0000000180018db4     p5engine.obj
 0002:00000db4       $unwind$?RandomUnilateral@@YAMPEAUrandom_series@@@Z 0000000180018db4     p5engine.obj
 0002:00000db4       $unwind$?GetClampedRectArea@@YAHUrectangle2i@@@Z 0000000180018db4     p5engine_optimized.obj
 0002:00000db4       $unwind$?HasArea@@YAHUrectangle2i@@@Z 0000000180018db4     p5engine_optimized.obj
 0002:00000db4       $unwind$__CheckForDebuggerJustMyCode 0000000180018db4     MSVCRTD:debugger_jmc.obj
 0002:00000db4       $unwind$__report_gsfailure 0000000180018db4     MSVCRTD:gs_report.obj
 0002:00000dbc       $unwind$?CheckArena@@YAXPEAUmemory_arena@@@Z 0000000180018dbc     p5engine.obj
 0002:00000dbc       $unwind$?StoreEntityReference@@YAXPEATentity_reference@@@Z 0000000180018dbc     p5engine.obj
 0002:00000dbc       $unwind$__raise_securityfailure 0000000180018dbc     MSVCRTD:gs_report.obj
 0002:00000dbc       $unwind$?is_potentially_valid_image_base@@YA_NQEAX@Z 0000000180018dbc     MSVCRTD:utility.obj
 0002:00000dc4       $unwind$?SubArena@@YAXPEAUmemory_arena@@0_K1@Z 0000000180018dc4     p5engine.obj
 0002:00000dc4       $unwind$__GSHandlerCheck   0000000180018dc4     MSVCRTD:gshandler.obj
 0002:00000dcc       $unwind$?AtomicCompareExchangeUInt32@@YAIPECIII@Z 0000000180018dcc     p5engine.obj
 0002:00000dcc       $unwind$?PushRenderElement_@@YAPEAXPEAUrender_group@@IW4render_group_entry_type@@@Z 0000000180018dcc     p5engine.obj
 0002:00000dcc       $unwind$?dllmain_crt_dispatch@@YAHQEAUHINSTANCE__@@KQEAX@Z 0000000180018dcc     MSVCRTD:dll_dllmain.obj
 0002:00000dcc       $unwind$?dllmain_raw@@YAHQEAUHINSTANCE__@@KQEAX@Z 0000000180018dcc     MSVCRTD:dll_dllmain.obj
 0002:00000dd4       $unwind$?AbsoluteValue@@YAMM@Z 0000000180018dd4     p5engine.obj
 0002:00000dd4       $unwind$?Clamp01@@YAMM@Z   0000000180018dd4     p5engine.obj
 0002:00000dd4       $unwind$?RoundReal32ToInt32@@YAHM@Z 0000000180018dd4     p5engine.obj
 0002:00000dd4       $unwind$?RoundReal32ToUInt32@@YAIM@Z 0000000180018dd4     p5engine.obj
 0002:00000dd4       $unwind$?SignOf@@YAMM@Z    0000000180018dd4     p5engine.obj
 0002:00000dd4       $unwind$?Sin@@YAMM@Z       0000000180018dd4     p5engine.obj
 0002:00000dd4       $unwind$?Square@@YAMM@Z    0000000180018dd4     p5engine.obj
 0002:00000dd4       $unwind$?SquareRoot@@YAMM@Z 0000000180018dd4     p5engine.obj
 0002:00000dd4       $unwind$?CeilReal32ToInt32@@YAHM@Z 0000000180018dd4     p5engine_optimized.obj
 0002:00000dd4       $unwind$?FloorReal32ToInt32@@YAHM@Z 0000000180018dd4     p5engine_optimized.obj
 0002:00000ddc       $unwind$?ATan2@@YAMMM@Z    0000000180018ddc     p5engine.obj
 0002:00000ddc       $unwind$?IsCanonical@@YAHMM@Z 0000000180018ddc     p5engine.obj
 0002:00000ddc       $unwind$?SafeRatio0@@YAMMM@Z 0000000180018ddc     p5engine.obj
 0002:00000ddc       $unwind$?SafeRatio1@@YAMMM@Z 0000000180018ddc     p5engine.obj
 0002:00000de4       $unwind$?FindLeastSignificantSetBit@@YA?AUbit_scan_result@@I@Z 0000000180018de4     p5engine.obj
 0002:00000de4       $unwind$?RandomSeed@@YA?AUrandom_series@@I@Z 0000000180018de4     p5engine.obj
 0002:00000df4       $unwind$?Clamp01MapToRange@@YAMMMM@Z 0000000180018df4     p5engine.obj
 0002:00000df4       $unwind$?Clamp@@YAMMMM@Z   0000000180018df4     p5engine.obj
 0002:00000df4       $unwind$?SafeRatioN@@YAMMMM@Z 0000000180018df4     p5engine.obj
 0002:00000dfc       $unwind$?V2@@YA?ATv2@@MM@Z 0000000180018dfc     p5engine.obj
 0002:00000e0c       $unwind$?V2i@@YA?ATv2@@HH@Z 0000000180018e0c     p5engine.obj
 0002:00000e14       $unwind$??D@YA?ATv2@@MT0@@Z 0000000180018e14     p5engine.obj
 0002:00000e24       $unwind$??G@YA?ATv2@@T0@0@Z 0000000180018e24     p5engine.obj
 0002:00000e24       $unwind$??H@YA?ATv2@@T0@0@Z 0000000180018e24     p5engine.obj
 0002:00000e24       $unwind$?GetBarycentric@@YA?ATv2@@Urectangle2@@T1@@Z 0000000180018e24     p5engine.obj
 0002:00000e34       $unwind$?Clamp01@@YA?ATv2@@T1@@Z 0000000180018e34     p5engine.obj
 0002:00000e44       $unwind$?V3@@YA?ATv3@@MMM@Z 0000000180018e44     p5engine.obj
 0002:00000e44       $unwind$?V4@@YA?ATv4@@MMMM@Z 0000000180018e44     p5engine.obj
 0002:00000e58       $unwind$??D@YA?ATv3@@MT0@@Z 0000000180018e58     p5engine.obj
 0002:00000e58       $unwind$??D@YA?ATv4@@MT0@@Z 0000000180018e58     p5engine.obj
 0002:00000e58       $unwind$?ToV3@@YA?ATv3@@Tv2@@M@Z 0000000180018e58     p5engine.obj
 0002:00000e6c       $unwind$??D@YA?ATv3@@T0@M@Z 0000000180018e6c     p5engine.obj
 0002:00000e6c       $unwind$?GetCameraRectangleAtDistance@@YA?AUrectangle2@@PEAUrender_group@@M@Z 0000000180018e6c     p5engine.obj
 0002:00000e78       $unwind$??X@YAAEATv3@@AEAT0@M@Z 0000000180018e78     p5engine.obj
 0002:00000e84       $unwind$??G@YA?ATv3@@T0@0@Z 0000000180018e84     p5engine.obj
 0002:00000e84       $unwind$??H@YA?ATv3@@T0@0@Z 0000000180018e84     p5engine.obj
 0002:00000e98       $unwind$??Y@YAAEATv3@@AEAT0@T0@@Z 0000000180018e98     p5engine.obj
 0002:00000e98       $unwind$??Z@YAAEATv3@@AEAT0@T0@@Z 0000000180018e98     p5engine.obj
 0002:00000e98       $unwind$?GetDim@@YA?ATv3@@Urectangle3@@@Z 0000000180018e98     p5engine.obj
 0002:00000ea4       $unwind$?AreInSameChunk@@YAHPEAUworld@@PEAUworld_position@@1@Z 0000000180018ea4     p5engine.obj
 0002:00000ea4       $unwind$?Hadamard@@YA?ATv3@@T1@0@Z 0000000180018ea4     p5engine.obj
 0002:00000ea4       $unwind$?RectCenterDim@@YA?AUrectangle2@@Tv2@@0@Z 0000000180018ea4     p5engine.obj
 0002:00000eb0       $unwind$?LengthSq@@YAMTv3@@@Z 0000000180018eb0     p5engine.obj
 0002:00000ebc       $unwind$?Length@@YAMTv3@@@Z 0000000180018ebc     p5engine.obj
 0002:00000ebc       $unwind$?MakeEntityNonSpatial@@YAXPEAUsim_entity@@@Z 0000000180018ebc     p5engine.obj
 0002:00000ec8       $unwind$?RectCenterHalfDim@@YA?AUrectangle2@@Tv2@@0@Z 0000000180018ec8     p5engine.obj
 0002:00000edc       $unwind$?Intersect@@YA?AUrectangle2i@@U1@0@Z 0000000180018edc     p5engine.obj
 0002:00000ee8       $unwind$?Clear@@YAXPEAUrender_group@@Tv4@@@Z 0000000180018ee8     p5engine.obj
 0002:00000ee8       $unwind$?GetMaxCorner@@YA?ATv3@@Urectangle3@@@Z 0000000180018ee8     p5engine.obj
 0002:00000ee8       $unwind$?GetMinCorner@@YA?ATv3@@Urectangle3@@@Z 0000000180018ee8     p5engine.obj
 0002:00000ee8       $unwind$?NextChunk@@YA?AUriff_iterator@@U1@@Z 0000000180018ee8     p5engine.obj
 0002:00000ef4       $unwind$?RectMinMax@@YA?AUrectangle3@@Tv3@@0@Z 0000000180018ef4     p5engine.obj
 0002:00000f08       $unwind$?AddRadiusTo@@YA?AUrectangle3@@U1@Tv3@@@Z 0000000180018f08     p5engine.obj
 0002:00000f08       $unwind$?RectCenterHalfDim@@YA?AUrectangle3@@Tv3@@0@Z 0000000180018f08     p5engine.obj
 0002:00000f1c       $unwind$?RectCenterDim@@YA?AUrectangle3@@Tv3@@0@Z 0000000180018f1c     p5engine.obj
 0002:00000f28       $unwind$?AddFlags@@YAXPEAUsim_entity@@I@Z 0000000180018f28     p5engine.obj
 0002:00000f28       $unwind$?ClearFlags@@YAXPEAUsim_entity@@I@Z 0000000180018f28     p5engine.obj
 0002:00000f28       $unwind$?PrefetchSound@@YAXPEAUgame_assets@@Usound_id@@@Z 0000000180018f28     p5engine.obj
 0002:00000f30       $unwind$?MakeEntitySpatial@@YAXPEAUsim_entity@@Tv3@@1@Z 0000000180018f30     p5engine.obj
 0002:00000f3c       $unwind$?GetEntityGroundPoint@@YA?ATv3@@PEAUsim_entity@@T1@@Z 0000000180018f3c     p5engine.obj
 0002:00000f3c       $unwind$?ParseChunkAt@@YA?AUriff_iterator@@PEAX0@Z 0000000180018f3c     p5engine.obj
 0002:00000f48       $unwind$?GetEntityGroundPoint@@YA?ATv3@@PEAUsim_entity@@@Z 0000000180018f48     p5engine.obj
 0002:00000f54       $unwind$?GetStairGround@@YAMPEAUsim_entity@@Tv3@@@Z 0000000180018f54     p5engine.obj
 0002:00000f60       $unwind$?IsValid@@YAHUsound_id@@@Z 0000000180018f60     p5engine.obj
 0002:00000f68       $unwind$?LoadBitmap@@YAXPEAUgame_assets@@Ubitmap_id@@@Z 0000000180018f68     p5engine.obj
 0002:00000f70       $unwind$?LoadSound@@YAXPEAUgame_assets@@Usound_id@@@Z 0000000180018f70     p5engine.obj
 0002:00000f78       $unwind$?AddCollisionRule@@YAXPEAUgame_state@@IIH@Z 0000000180018f78     p5engine.obj
 0002:00000f80       $unwind$?ClearCollisionRulesFor@@YAXPEAUgame_state@@I@Z 0000000180018f80     p5engine.obj
 0002:00000f88       $unwind$?BeginTaskWithMemory@@YAPEAUtask_with_memory@@PEAUtransient_state@@@Z 0000000180018f88     p5engine.obj
 0002:00000f94       $unwind$?EndTaskWithMemory@@YAXPEAUtask_with_memory@@@Z 0000000180018f94     p5engine.obj
 0002:00000fa0       $unwind$?DrawRectangle@@YAXPEAUloaded_bitmap@@Tv2@@1Tv4@@Urectangle2i@@H@Z 0000000180018fa0     p5engine.obj
 0002:00000fac       $unwind$?RenderGroupToOutput@@YAXPEAUrender_group@@PEAUloaded_bitmap@@Urectangle2i@@H@Z 0000000180018fac     p5engine.obj
 0002:00000fb8       $unwind$?DoTiledRenderWork@@YAXPEAUplatform_work_queue@@PEAX@Z 0000000180018fb8     p5engine.obj
 0002:00000fc4       $unwind$?RenderGroupToOutput@@YAXPEAUrender_group@@PEAUloaded_bitmap@@@Z 0000000180018fc4     p5engine.obj
 0002:00000fd8       $unwind$?TiledRenderGroupToOutput@@YAXPEAUplatform_work_queue@@PEAUrender_group@@PEAUloaded_bitmap@@@Z 0000000180018fd8     p5engine.obj
 0002:00000fec       $unwind$?AllocateRenderGroup@@YAPEAUrender_group@@PEAUgame_assets@@PEAUmemory_arena@@I@Z 0000000180018fec     p5engine.obj
 0002:00000ff8       $unwind$?InitializeWorld@@YAXPEAUworld@@Tv3@@@Z 0000000180018ff8     p5engine.obj
 0002:00001004       $unwind$?Subtract@@YA?ATv3@@PEAUworld@@PEAUworld_position@@1@Z 0000000180019004     p5engine.obj
 0002:00001018       $unwind$?ChangeEntityLocation@@YAXPEAUmemory_arena@@PEAUworld@@IPEAUlow_entity@@Uworld_position@@@Z 0000000180019018     p5engine.obj
 0002:00001024       $unwind$?GetHashFromStorageIndex@@YAPEAUsim_entity_hash@@PEAUsim_region@@I@Z 0000000180019024     p5engine.obj
 0002:0000102c       $unwind$?AddEntity@@YAPEAUsim_entity@@PEAUgame_state@@PEAUsim_region@@IPEAUlow_entity@@PEATv3@@@Z 000000018001902c     p5engine.obj
 0002:00001038       $unwind$?AddEntityRaw@@YAPEAUsim_entity@@PEAUgame_state@@PEAUsim_region@@IPEAUlow_entity@@@Z 0000000180019038     p5engine.obj
 0002:00001044       $unwind$?BeginSim@@YAPEAUsim_region@@PEAUmemory_arena@@PEAUgame_state@@PEAUworld@@Uworld_position@@Urectangle3@@M@Z 0000000180019044     p5engine.obj
 0002:00001058       $unwind$?EndSim@@YAXPEAUsim_region@@PEAUgame_state@@@Z 0000000180019058     p5engine.obj
 0002:00001064       $unwind$?CanCollide@@YAHPEAUgame_state@@PEAUsim_entity@@1@Z 0000000180019064     p5engine.obj
 0002:0000106c       $unwind$?HandleCollision@@YAHPEAUgame_state@@PEAUsim_entity@@1@Z 000000018001906c     p5engine.obj
 0002:00001074       $unwind$?CanOverlap@@YAHPEAUgame_state@@PEAUsim_entity@@1@Z 0000000180019074     p5engine.obj
 0002:0000107c       $unwind$?HandleOverlap@@YAXPEAUgame_state@@PEAUsim_entity@@1MPEAM@Z 000000018001907c     p5engine.obj
 0002:00001088       $unwind$?SpeculativeCollide@@YAHPEAUsim_entity@@0Tv3@@@Z 0000000180019088     p5engine.obj
 0002:00001094       $unwind$?EntitiesOverlap@@YAHPEAUsim_entity@@0Tv3@@@Z 0000000180019094     p5engine.obj
 0002:000010a0       $unwind$?MoveEntity@@YAXPEAUgame_state@@PEAUsim_region@@PEAUsim_entity@@MPEAUmove_spec@@Tv3@@@Z 00000001800190a0     p5engine.obj
 0002:000010b4       $unwind$?DEBUGLoadBMP@@YA?AUloaded_bitmap@@PEADTv2@@@Z 00000001800190b4     p5engine.obj
 0002:000010c8       $unwind$?DEBUGLoadWAV@@YA?AUloaded_sound@@PEADII@Z 00000001800190c8     p5engine.obj
 0002:000010dc       $unwind$?LoadBitmapWork@@YAXPEAUplatform_work_queue@@PEAX@Z 00000001800190dc     p5engine.obj
 0002:000010e8       $unwind$?LoadSoundWork@@YAXPEAUplatform_work_queue@@PEAX@Z 00000001800190e8     p5engine.obj
 0002:000010f4       $unwind$?GetBestMatchAssetFrom@@YAIPEAUgame_assets@@W4asset_type_id@@PEAUasset_vector@@2@Z 00000001800190f4     p5engine.obj
 0002:000010fc       $unwind$?GetRandomAssetFrom@@YAIPEAUgame_assets@@W4asset_type_id@@PEAUrandom_series@@@Z 00000001800190fc     p5engine.obj
 0002:00001104       $unwind$?GetFirstAssetFrom@@YAIPEAUgame_assets@@W4asset_type_id@@@Z 0000000180019104     p5engine.obj
 0002:0000110c       $unwind$?GetBestMatchBitmapFrom@@YA?AUbitmap_id@@PEAUgame_assets@@W4asset_type_id@@PEAUasset_vector@@2@Z 000000018001910c     p5engine.obj
 0002:00001114       $unwind$?GetFirstBitmapFrom@@YA?AUbitmap_id@@PEAUgame_assets@@W4asset_type_id@@@Z 0000000180019114     p5engine.obj
 0002:0000111c       $unwind$?GetRandomBitmapFrom@@YA?AUbitmap_id@@PEAUgame_assets@@W4asset_type_id@@PEAUrandom_series@@@Z 000000018001911c     p5engine.obj
 0002:00001124       $unwind$?GetFirstSoundFrom@@YA?AUsound_id@@PEAUgame_assets@@W4asset_type_id@@@Z 0000000180019124     p5engine.obj
 0002:0000112c       $unwind$?GetRandomSoundFrom@@YA?AUsound_id@@PEAUgame_assets@@W4asset_type_id@@PEAUrandom_series@@@Z 000000018001912c     p5engine.obj
 0002:00001134       $unwind$?DEBUGAddBitmapInfo@@YA?AUbitmap_id@@PEAUgame_assets@@PEADTv2@@@Z 0000000180019134     p5engine.obj
 0002:0000113c       $unwind$?DEBUGAddSoundInfo@@YA?AUsound_id@@PEAUgame_assets@@PEADII@Z 000000018001913c     p5engine.obj
 0002:00001144       $unwind$?BeginAssetType@@YAXPEAUgame_assets@@W4asset_type_id@@@Z 0000000180019144     p5engine.obj
 0002:0000114c       $unwind$?AddBitmapAsset@@YAXPEAUgame_assets@@PEADTv2@@@Z 000000018001914c     p5engine.obj
 0002:00001154       $unwind$?AddSoundAsset@@YAPEAUasset@@PEAUgame_assets@@PEADII@Z 0000000180019154     p5engine.obj
 0002:0000115c       $unwind$?AddTag@@YAXPEAUgame_assets@@W4asset_tag_id@@M@Z 000000018001915c     p5engine.obj
 0002:00001164       $unwind$?EndAssetType@@YAXPEAUgame_assets@@@Z 0000000180019164     p5engine.obj
 0002:0000116c       $unwind$?AllocateGameAssets@@YAPEAUgame_assets@@PEAUmemory_arena@@_KPEAUtransient_state@@@Z 000000018001916c     p5engine.obj
 0002:00001174       $unwind$?PlaySound@@YAPEAUplaying_sound@@PEAUaudio_state@@Usound_id@@@Z 0000000180019174     p5engine.obj
 0002:0000117c       $unwind$?ChangeVolume@@YAXPEAUaudio_state@@PEAUplaying_sound@@MTv2@@@Z 000000018001917c     p5engine.obj
 0002:00001184       $unwind$?OutputPlayingSounds@@YAXPEAUaudio_state@@PEAUgame_sound_output_buffer@@PEAUgame_assets@@PEAUmemory_arena@@@Z 0000000180019184     p5engine.obj
 0002:00001198       $unwind$?InitializeAudioState@@YAXPEAUaudio_state@@PEAUmemory_arena@@@Z 0000000180019198     p5engine.obj
 0002:000011a0       $unwind$?AddLowEntity@@YA?AUadd_low_entity_result@@PEAUgame_state@@W4entity_type@@Uworld_position@@@Z 00000001800191a0     p5engine.obj
 0002:000011b4       $unwind$?AddGroundedEntity@@YA?AUadd_low_entity_result@@PEAUgame_state@@W4entity_type@@Uworld_position@@PEAUsim_entity_collision_volume_group@@@Z 00000001800191b4     p5engine.obj
 0002:000011c0       $unwind$?AddStandardRoom@@YA?AUadd_low_entity_result@@PEAUgame_state@@III@Z 00000001800191c0     p5engine.obj
 0002:000011cc       $unwind$?AddWall@@YA?AUadd_low_entity_result@@PEAUgame_state@@III@Z 00000001800191cc     p5engine.obj
 0002:000011d8       $unwind$?AddStairs@@YA?AUadd_low_entity_result@@PEAUgame_state@@III@Z 00000001800191d8     p5engine.obj
 0002:000011e4       $unwind$?InitHitPoints@@YAXPEAUlow_entity@@I@Z 00000001800191e4     p5engine.obj
 0002:000011ec       $unwind$?AddSword@@YA?AUadd_low_entity_result@@PEAUgame_state@@@Z 00000001800191ec     p5engine.obj
 0002:000011f8       $unwind$?AddPlayer@@YA?AUadd_low_entity_result@@PEAUgame_state@@@Z 00000001800191f8     p5engine.obj
 0002:00001204       $unwind$?AddMonstar@@YA?AUadd_low_entity_result@@PEAUgame_state@@III@Z 0000000180019204     p5engine.obj
 0002:00001210       $unwind$?AddFamiliar@@YA?AUadd_low_entity_result@@PEAUgame_state@@III@Z 0000000180019210     p5engine.obj
 0002:0000121c       $unwind$?DrawHitpoints@@YAXPEAUsim_entity@@PEAUrender_group@@@Z 000000018001921c     p5engine.obj
 0002:00001230       $unwind$?MakeSimpleGroundedCollision@@YAPEAUsim_entity_collision_volume_group@@PEAUgame_state@@MMM@Z 0000000180019230     p5engine.obj
 0002:0000123c       $unwind$?MakeNullCollision@@YAPEAUsim_entity_collision_volume_group@@PEAUgame_state@@@Z 000000018001923c     p5engine.obj
 0002:00001248       $unwind$?FillGroundChunkWork@@YAXPEAUplatform_work_queue@@PEAX@Z 0000000180019248     p5engine.obj
 0002:00001250       $unwind$?FillGroundChunk@@YAXPEAUtransient_state@@PEAUgame_state@@PEAUground_buffer@@PEAUworld_position@@@Z 0000000180019250     p5engine.obj
 0002:00001264       $unwind$?ClearBitmap@@YAXPEAUloaded_bitmap@@@Z 0000000180019264     p5engine.obj
 0002:0000126c       $unwind$?MakeEmptyBitmap@@YA?AUloaded_bitmap@@PEAUmemory_arena@@HHH@Z 000000018001926c     p5engine.obj
 0002:00001280       $unwind$?MakeSphereDiffuseMap@@YAXPEAUloaded_bitmap@@MM@Z 0000000180019280     p5engine.obj
 0002:0000128c       $unwind$?MakeSphereNormalMap@@YAXPEAUloaded_bitmap@@MMM@Z 000000018001928c     p5engine.obj
 0002:00001298       $unwind$GameUpdateAndRender 0000000180019298     p5engine.obj
 0002:000012ac       $unwind$GameGetSoundSamples 00000001800192ac     p5engine.obj
 0002:000012b4       $unwind$?Linear1ToSRGB255@@YA?ATv4@@T1@@Z 00000001800192b4     p5engine.obj
 0002:000012b4       $unwind$?SRGB255ToLinear1@@YA?ATv4@@T1@@Z 00000001800192b4     p5engine.obj
 0002:000012c8       $unwind$?GetRenderEntityBasisPos@@YA?AUentity_basis_p_result@@PEAUrender_transform@@Tv3@@@Z 00000001800192c8     p5engine.obj
 0002:000012dc       $unwind$?PushBitmap@@YAXPEAUrender_group@@PEAUloaded_bitmap@@Tv3@@MTv4@@@Z 00000001800192dc     p5engine.obj
 0002:000012e8       $unwind$?PushBitmap@@YAXPEAUrender_group@@Ubitmap_id@@Tv3@@MTv4@@@Z 00000001800192e8     p5engine.obj
 0002:000012f4       $unwind$?PushRect@@YAXPEAUrender_group@@Tv3@@Tv2@@Tv4@@@Z 00000001800192f4     p5engine.obj
 0002:00001300       $unwind$?PushRectOutline@@YAXPEAUrender_group@@Tv3@@Tv2@@Tv4@@@Z 0000000180019300     p5engine.obj
 0002:0000130c       $unwind$?Orthographic@@YAXPEAUrender_group@@HHM@Z 000000018001930c     p5engine.obj
 0002:0000130c       $unwind$?Perspective@@YAXPEAUrender_group@@HHMMM@Z 000000018001930c     p5engine.obj
 0002:00001314       $unwind$?RecanonicalizeCoord@@YAXMPEAHPEAM@Z 0000000180019314     p5engine.obj
 0002:00001314       $unwind$?Unproject@@YA?ATv2@@PEAUrender_group@@T1@M@Z 0000000180019314     p5engine.obj
 0002:0000131c       $unwind$?GetCameraRectangleAtTarget@@YA?AUrectangle2@@PEAUrender_group@@@Z 000000018001931c     p5engine.obj
 0002:00001328       $unwind$?NullPosition@@YA?AUworld_position@@XZ 0000000180019328     p5engine.obj
 0002:0000133c       $unwind$?GetWorldChunk@@YAPEAUworld_chunk@@PEAUworld@@HHHPEAUmemory_arena@@@Z 000000018001933c     p5engine.obj
 0002:0000133c       $unwind$__scrt_dllmain_exception_filter 000000018001933c     MSVCRTD:utility.obj
 0002:00001344       $unwind$?MapIntoChunkSpace@@YA?AUworld_position@@PEAUworld@@U1@Tv3@@@Z 0000000180019344     p5engine.obj
 0002:00001358       $unwind$?ChunkPositionFromTilePosition@@YA?AUworld_position@@PEAUworld@@HHHTv3@@@Z 0000000180019358     p5engine.obj
 0002:0000136c       $unwind$?CenteredChunkPoint@@YA?AUworld_position@@III@Z 000000018001936c     p5engine.obj
 0002:00001380       $unwind$?ChangeEntityLocationRaw@@YAXPEAUmemory_arena@@PEAUworld@@IPEAUworld_position@@2@Z 0000000180019380     p5engine.obj
 0002:0000138c       $unwind$?GetSimSpacePos@@YA?ATv3@@PEAUsim_region@@PEAUlow_entity@@@Z 000000018001938c     p5engine.obj
 0002:00001398       $unwind$?LoadEntityReference@@YAXPEAUgame_state@@PEAUsim_region@@PEATentity_reference@@@Z 0000000180019398     p5engine.obj
 0002:000013ac       $unwind$?EntityOverlapsRectangle@@YAHTv3@@Usim_entity_collision_volume@@Urectangle3@@@Z 00000001800193ac     p5engine.obj
 0002:000013b8       $unwind$?DefaultMoveSpec@@YA?AUmove_spec@@XZ 00000001800193b8     p5engine.obj
 0002:000013cc       $unwind$?InvertedInfinityRectangle@@YA?AUrectangle2i@@XZ 00000001800193cc     p5engine_optimized.obj
 0002:000013d8       $unwind$?DrawRectangleQuickly@@YAXPEAUloaded_bitmap@@Tv2@@11Tv4@@0MUrectangle2i@@H@Z 00000001800193d8     p5engine_optimized.obj
 0002:000013ec       $unwind$__GSHandlerCheckCommon 00000001800193ec     MSVCRTD:gshandler.obj
 0002:000013f8       $xdatasym                  00000001800193f8     MSVCRTD:chkstk.obj
 0002:00001400       $xdatasym                  0000000180019400     MSVCRTD:amdsecgs.obj
 0002:00001404       $unwind$?dllmain_crt_process_attach@@YAHQEAUHINSTANCE__@@QEAX@Z 0000000180019404     MSVCRTD:dll_dllmain.obj
 0002:00001424       $unwind$?fin$0@?0??dllmain_crt_process_attach@@YAHQEAUHINSTANCE__@@QEAX@Z@4HA 0000000180019424     MSVCRTD:dll_dllmain.obj
 0002:00001424       $unwind$?fin$0@?0??dllmain_crt_process_detach@@YAH_N@Z@4HA 0000000180019424     MSVCRTD:dll_dllmain.obj
 0002:00001424       $unwind$?fin$1@?0??dllmain_crt_process_detach@@YAH_N@Z@4HA 0000000180019424     MSVCRTD:dll_dllmain.obj
 0002:00001424       $unwind$__scrt_is_nonwritable_in_current_image$filt$0 0000000180019424     MSVCRTD:utility.obj
 0002:0000142c       $unwind$?dllmain_crt_process_detach@@YAH_N@Z 000000018001942c     MSVCRTD:dll_dllmain.obj
 0002:0000145c       $unwind$?dllmain_dispatch@@YAHQEAUHINSTANCE__@@KQEAX@Z 000000018001945c     MSVCRTD:dll_dllmain.obj
 0002:0000147c       $unwind$?filt$0@?0??dllmain_dispatch@@YAHQEAUHINSTANCE__@@KQEAX@Z@4HA 000000018001947c     MSVCRTD:dll_dllmain.obj
 0002:00001484       $unwind$_DllMainCRTStartup 0000000180019484     MSVCRTD:dll_dllmain.obj
 0002:00001484       $unwind$DllMain            0000000180019484     MSVCRTD:dll_dllmain_stub.obj
 0002:0000148c       $unwind$capture_previous_context 000000018001948c     MSVCRTD:gs_report.obj
 0002:00001494       $unwind$__scrt_initialize_default_local_stdio_options 0000000180019494     MSVCRTD:default_local_stdio_options.obj
 0002:00001494       $unwind$__security_init_cookie 0000000180019494     MSVCRTD:gs_support.obj
 0002:0000149c       $unwind$__get_entropy      000000018001949c     MSVCRTD:gs_support.obj
 0002:000014a4       $unwind$?__scrt_initialize_type_info@@YAXXZ 00000001800194a4     MSVCRTD:tncleanup.obj
 0002:000014a4       $unwind$?__scrt_uninitialize_type_info@@YAXXZ 00000001800194a4     MSVCRTD:tncleanup.obj
 0002:000014a4       $unwind$?configure_argv@__scrt_narrow_argv_policy@@SAHXZ 00000001800194a4     MSVCRTD:utility.obj
 0002:000014a4       $unwind$?initialize_environment@__scrt_narrow_environment_policy@@SAHXZ 00000001800194a4     MSVCRTD:utility.obj
 0002:000014a4       $unwind$__scrt_dllmain_after_initialize_c 00000001800194a4     MSVCRTD:utility.obj
 0002:000014a4       $unwind$__scrt_dllmain_before_initialize_c 00000001800194a4     MSVCRTD:utility.obj
 0002:000014a4       $unwind$__scrt_dllmain_crt_thread_attach 00000001800194a4     MSVCRTD:utility.obj
 0002:000014a4       $unwind$__scrt_dllmain_crt_thread_detach 00000001800194a4     MSVCRTD:utility.obj
 0002:000014a4       $unwind$__scrt_dllmain_uninitialize_c 00000001800194a4     MSVCRTD:utility.obj
 0002:000014a4       $unwind$__scrt_dllmain_uninitialize_critical 00000001800194a4     MSVCRTD:utility.obj
 0002:000014ac       $unwind$__scrt_is_nonwritable_in_current_image 00000001800194ac     MSVCRTD:utility.obj
 0002:000014cc       $unwind$__scrt_acquire_startup_lock 00000001800194cc     MSVCRTD:utility.obj
 0002:000014d4       $unwind$__scrt_initialize_crt 00000001800194d4     MSVCRTD:utility.obj
 0002:000014d4       $unwind$__scrt_release_startup_lock 00000001800194d4     MSVCRTD:utility.obj
 0002:000014dc       $unwind$__scrt_uninitialize_crt 00000001800194dc     MSVCRTD:utility.obj
 0002:000014e4       $unwind$__scrt_initialize_onexit_tables 00000001800194e4     MSVCRTD:utility.obj
 0002:000014f0       $unwind$__scrt_fastfail    00000001800194f0     MSVCRTD:utility_desktop.obj
 0002:000014fc       $unwind$_RTC_Initialize    00000001800194fc     MSVCRTD:initsect.obj
 0002:000014fc       $unwind$_RTC_Terminate     00000001800194fc     MSVCRTD:initsect.obj
 0002:00001508       $unwind$__isa_available_init 0000000180019508     MSVCRTD:cpu_disp.obj
 0002:00001518       $unwind$__scrt_is_ucrt_dll_in_use 0000000180019518     MSVCRTD:ucrt_detection.obj
 0002:00001520       $xdatasym                  0000000180019520     MSVCRTD:guard_dispatch.obj
 0002:00001528       $xdatasym                  0000000180019528     MSVCRTD:guard_xfg_dispatch.obj
 0002:00001530       .edata                     0000000180019530     P5Engine.exp
 0002:00001558       rgpv                       0000000180019558     P5Engine.exp
 0002:00001560       rgszName                   0000000180019560     P5Engine.exp
 0002:00001568       rgwOrd                     0000000180019568     P5Engine.exp
 0002:0000156c       szName                     000000018001956c     P5Engine.exp
 0002:00001579       $N00001                    0000000180019579     P5Engine.exp
 0002:0000158d       $N00002                    000000018001958d     P5Engine.exp
 0002:00001740       .idata$6                   0000000180019740     vcruntimed:VCRUNTIME140D.dll
 0002:0000182c       .idata$6                   000000018001982c     ucrtd:ucrtbased.dll
 0002:000019a0       .idata$6                   00000001800199a0     kernel32:KERNEL32.dll
 0003:00000000       ?RandomNumberTable@@3PAIA  000000018001a000     p5engine.obj
 0003:00004048       ?PlatformAddEntry@@3P6AXPEAUplatform_work_queue@@P6AX0PEAX@Z1@ZEA 000000018001e048     p5engine.obj
 0003:00004050       ?PlatformCompleteAllWork@@3P6AXPEAUplatform_work_queue@@@ZEA 000000018001e050     p5engine.obj
 0003:00004058       ?PlatformReadEntireFile@@3P6A?AUdebug_read_file_result@@PEAD@ZEA 000000018001e058     p5engine.obj
 0003:00004060       ?__proc_attached@@3HA      000000018001e060     MSVCRTD:dll_dllmain.obj
 0003:00004070       GS_ExceptionRecord         000000018001e070     MSVCRTD:gs_report.obj
 0003:00004110       GS_ContextRecord           000000018001e110     MSVCRTD:gs_report.obj
 0003:00004610       ?is_initialized_as_dll@@3_NA 000000018001e610     MSVCRTD:utility.obj
 0003:00004611       ?module_local_atexit_table_initialized@@3_NA 000000018001e611     MSVCRTD:utility.obj
 0003:00004618       ?module_local_atexit_table@@3U_onexit_table_t@@A 000000018001e618     MSVCRTD:utility.obj
 0003:00004630       ?module_local_at_quick_exit_table@@3U_onexit_table_t@@A 000000018001e630     MSVCRTD:utility.obj
 0005:00000000       __20BB4341_malloc@h        0000000180020000     p5engine.obj
 0005:00000001       __7D4BEAAE_p5engine_platform@h 0000000180020001     p5engine.obj
 0005:00000002       __741AE07E_corecrt_math@h  0000000180020002     p5engine.obj
 0005:00000003       __7BF3FA8A_p5engine_intrinsics@h 0000000180020003     p5engine.obj
 0005:00000004       __87290AA6_p5engine_math@h 0000000180020004     p5engine.obj
 0005:00000005       __B7A387D6_p5engine_random@h 0000000180020005     p5engine.obj
 0005:00000006       __F17FF173_p5engine_entity@h 0000000180020006     p5engine.obj
 0005:00000007       __72A74871_p5engine_asset@h 0000000180020007     p5engine.obj
 0005:00000008       __BD87FD4A_p5engine@h      0000000180020008     p5engine.obj
 0005:00000009       __6F2BF339_p5engine_render_group@cpp 0000000180020009     p5engine.obj
 0005:0000000a       __281AC6F8_p5engine_world@cpp 000000018002000a     p5engine.obj
 0005:0000000b       __B07C4A52_p5engine_sim_region@cpp 000000018002000b     p5engine.obj
 0005:0000000c       __BDC7FEEB_p5engine_entity@cpp 000000018002000c     p5engine.obj
 0005:0000000d       __3D4C1499_p5engine_asset@cpp 000000018002000d     p5engine.obj
 0005:0000000e       __39A8D9B6_p5engine_audio@cpp 000000018002000e     p5engine.obj
 0005:0000000f       __BAF57382_p5engine@cpp    000000018002000f     p5engine.obj
 0005:00000010       __20BB4341_malloc@h        0000000180020010     p5engine_optimized.obj
 0005:00000011       __7D4BEAAE_p5engine_platform@h 0000000180020011     p5engine_optimized.obj
 0005:00000012       __741AE07E_corecrt_math@h  0000000180020012     p5engine_optimized.obj
 0005:00000013       __7BF3FA8A_p5engine_intrinsics@h 0000000180020013     p5engine_optimized.obj
 0005:00000014       __87290AA6_p5engine_math@h 0000000180020014     p5engine_optimized.obj
 0005:00000015       __B7A387D6_p5engine_random@h 0000000180020015     p5engine_optimized.obj
 0005:00000016       __F17FF173_p5engine_entity@h 0000000180020016     p5engine_optimized.obj
 0005:00000017       __72A74871_p5engine_asset@h 0000000180020017     p5engine_optimized.obj
 0005:00000018       __BD87FD4A_p5engine@h      0000000180020018     p5engine_optimized.obj
 0005:00000019       __03FC23C0_p5engine_optimized@cpp 0000000180020019     p5engine_optimized.obj
 0006:00000060       $R000000                   0000000180021060     * linker generated manifest res *
