 P5Engine

 Timestamp is 62e49e75 (Fri Jul 29 21:59:01 2022)

 Preferred load address is 0000000180000000

 Start         Length     Name                   Class
 0001:00000000 00009710H .text$mn                CODE
 0001:00009710 00000040H .text$mn$00             CODE
 0001:00009750 000000ddH .text$x                 CODE
 0002:00000000 000000f8H .idata$5                DATA
 0002:000000f8 00000028H .00cfg                  DATA
 0002:00000120 00000008H .CRT$XCA                DATA
 0002:00000128 00000008H .CRT$XCZ                DATA
 0002:00000130 00000008H .CRT$XIA                DATA
 0002:00000138 00000008H .CRT$XIZ                DATA
 0002:00000140 00000008H .CRT$XPA                DATA
 0002:00000148 00000008H .CRT$XPZ                DATA
 0002:00000150 00000008H .CRT$XTA                DATA
 0002:00000158 00000008H .CRT$XTZ                DATA
 0002:00000160 00000000H .gehcont$y              DATA
 0002:00000160 00000000H .gfids$y                DATA
 0002:00000160 000005a0H .rdata                  DATA
 0002:00000700 00000000H .rdata$CastGuardVftablesA DATA
 0002:00000700 00000000H .rdata$CastGuardVftablesC DATA
 0002:00000700 00000020H .rdata$voltmd           DATA
 0002:00000720 000002d8H .rdata$zzzdbg           DATA
 0002:000009f8 00000008H .rtc$IAA                DATA
 0002:00000a00 00000008H .rtc$IZZ                DATA
 0002:00000a08 00000008H .rtc$TAA                DATA
 0002:00000a10 00000008H .rtc$TZZ                DATA
 0002:00000a18 000006f8H .xdata                  DATA
 0002:00001110 00000074H .edata                  DATA
 0002:00001184 0000003cH .idata$2                DATA
 0002:000011c0 00000018H .idata$3                DATA
 0002:000011d8 000000f8H .idata$4                DATA
 0002:000012d0 0000028eH .idata$6                DATA
 0003:00000000 00004040H .data                   DATA
 0003:00004040 0000060cH .bss                    DATA
 0004:00000000 00000504H .pdata                  DATA
 0005:00000000 0000000dH .msvcjmc                DATA
 0006:00000000 00000060H .rsrc$01                DATA
 0006:00000060 00000098H .rsrc$02                DATA

  Address         Publics by Value              Rva+Base               Lib:Object

 0000:00000000       __x64_code_ranges_to_entry_points_count 0000000000000000     <absolute>
 0000:00000000       __guard_iat_count          0000000000000000     <absolute>
 0000:00000000       __dynamic_value_reloc_table 0000000000000000     <absolute>
 0000:00000000       __hybrid_auxiliary_iat     0000000000000000     <absolute>
 0000:00000000       __guard_iat_table          0000000000000000     <absolute>
 0000:00000000       __hybrid_auxiliary_iat_copy 0000000000000000     <absolute>
 0000:00000000       __arm64x_redirection_metadata 0000000000000000     <absolute>
 0000:00000000       __hybrid_code_map_count    0000000000000000     <absolute>
 0000:00000000       ___safe_se_handler_table   0000000000000000     <absolute>
 0000:00000000       __AbsoluteZero             0000000000000000     <absolute>
 0000:00000000       __guard_longjmp_count      0000000000000000     <absolute>
 0000:00000000       __guard_longjmp_table      0000000000000000     <absolute>
 0000:00000000       __guard_check_icall_a64n_fptr 0000000000000000     <absolute>
 0000:00000000       __guard_fids_table         0000000000000000     <absolute>
 0000:00000000       __guard_eh_cont_count      0000000000000000     <absolute>
 0000:00000000       __arm64x_native_entrypoint 0000000000000000     <absolute>
 0000:00000000       __guard_eh_cont_table      0000000000000000     <absolute>
 0000:00000000       __x64_code_ranges_to_entry_points 0000000000000000     <absolute>
 0000:00000000       __guard_fids_count         0000000000000000     <absolute>
 0000:00000000       __arm64x_extra_rfe_table   0000000000000000     <absolute>
 0000:00000000       __hybrid_code_map          0000000000000000     <absolute>
 0000:00000000       __enclave_config           0000000000000000     <absolute>
 0000:00000000       __arm64x_redirection_metadata_count 0000000000000000     <absolute>
 0000:00000000       ___safe_se_handler_count   0000000000000000     <absolute>
 0000:00000000       __arm64x_extra_rfe_table_size 0000000000000000     <absolute>
 0000:00000100       __guard_flags              0000000000000100     <absolute>
 0000:00000000       __ImageBase                0000000180000000     <linker-defined>
 0001:00000000       ??X@YAAEATv3@@AEAT0@M@Z    0000000180001000 f i p5engine.obj
 0001:00000d40       ?ChangeEntityLocationRaw@@YAXPEAUmemory_arena@@PEAUworld@@IPEAUworld_position@@2@Z 0000000180001d40 f i p5engine.obj
 0001:000010b0       ?ChunkPositionFromTilePosition@@YA?AUworld_position@@PEAUworld@@HHHTv3@@@Z 00000001800020b0 f i p5engine.obj
 0001:000035c0       ?EntityOverlapsRectangle@@YAHTv3@@Usim_entity_collision_volume@@Urectangle3@@@Z 00000001800045c0 f i p5engine.obj
 0001:00003770       ?GetRenderEntityBasisPos@@YA?AUentity_basis_p_result@@PEAUrender_group@@PEAUrender_entity_basis@@Tv2@@@Z 0000000180004770 f i p5engine.obj
 0001:000038f0       ?GetSimSpacePos@@YA?ATv3@@PEAUsim_region@@PEAUlow_entity@@@Z 00000001800048f0 f i p5engine.obj
 0001:00003a20       ?GetStairGround@@YAMPEAUsim_entity@@Tv3@@@Z 0000000180004a20 f i p5engine.obj
 0001:00003bb0       ?GetWorldChunk@@YAPEAUworld_chunk@@PEAUworld@@HHHPEAUmemory_arena@@@Z 0000000180004bb0 f i p5engine.obj
 0001:00003cf0       ?IsCanonical@@YAHMM@Z      0000000180004cf0 f i p5engine.obj
 0001:00004e10       ?PushRect@@YAXPEAUrender_group@@Tv3@@Tv2@@Tv4@@@Z 0000000180005e10 f i p5engine.obj
 0001:00004f50       ?PushSize_@@YAPEAXPEAUmemory_arena@@_K@Z 0000000180005f50 f i p5engine.obj
 0001:00004fb0       ?RecanonicalizeCoord@@YAXMPEAHPEAM@Z 0000000180005fb0 f i p5engine.obj
 0001:00005690       ?SRGBBilinearBlend@@YA?ATv4@@Ubilinear_sample@@MM@Z 0000000180006690 f i p5engine.obj
 0001:00005a10       GameGetSoundSamples        0000000180006a10 f   p5engine.obj
 0001:00005a50       GameUpdateAndRender        0000000180006a50 f   p5engine.obj
 0001:00008060       __CheckForDebuggerJustMyCode 0000000180009060 f   MSVCRTD:debugger_jmc.obj
 0001:000080a0       __GSHandlerCheck           00000001800090a0 f   MSVCRTD:gshandler.obj
 0001:000080e0       __GSHandlerCheckCommon     00000001800090e0 f   MSVCRTD:gshandler.obj
 0001:000081f0       __security_check_cookie    00000001800091f0 f   MSVCRTD:amdsecgs.obj
 0001:00008620       _DllMainCRTStartup         0000000180009620 f   MSVCRTD:dll_dllmain.obj
 0001:00008660       __raise_securityfailure    0000000180009660 f   MSVCRTD:gs_report.obj
 0001:000086a0       __report_gsfailure         00000001800096a0 f   MSVCRTD:gs_report.obj
 0001:00008900       __security_init_cookie     0000000180009900 f   MSVCRTD:gs_support.obj
 0001:00008980       DllMain                    0000000180009980 f   MSVCRTD:dll_dllmain_stub.obj
 0001:000089c0       ?__scrt_initialize_type_info@@YAXXZ 00000001800099c0 f   MSVCRTD:tncleanup.obj
 0001:000089e0       ?__scrt_uninitialize_type_info@@YAXXZ 00000001800099e0 f   MSVCRTD:tncleanup.obj
 0001:00008a00       __local_stdio_printf_options 0000000180009a00 f i MSVCRTD:default_local_stdio_options.obj
 0001:00008a10       __local_stdio_scanf_options 0000000180009a10 f i MSVCRTD:default_local_stdio_options.obj
 0001:00008a20       __scrt_initialize_default_local_stdio_options 0000000180009a20 f   MSVCRTD:default_local_stdio_options.obj
 0001:00008a70       ?configure_argv@__scrt_narrow_argv_policy@@SAHXZ 0000000180009a70 f i MSVCRTD:utility.obj
 0001:00008b60       ?initialize_environment@__scrt_narrow_environment_policy@@SAHXZ 0000000180009b60 f i MSVCRTD:utility.obj
 0001:00008c00       NtCurrentTeb               0000000180009c00 f i MSVCRTD:utility.obj
 0001:00008c10       __scrt_acquire_startup_lock 0000000180009c10 f   MSVCRTD:utility.obj
 0001:00008c80       __scrt_dllmain_after_initialize_c 0000000180009c80 f   MSVCRTD:utility.obj
 0001:00008cb0       __scrt_dllmain_before_initialize_c 0000000180009cb0 f   MSVCRTD:utility.obj
 0001:00008cd0       __scrt_dllmain_crt_thread_attach 0000000180009cd0 f   MSVCRTD:utility.obj
 0001:00008d00       __scrt_dllmain_crt_thread_detach 0000000180009d00 f   MSVCRTD:utility.obj
 0001:00008d20       __scrt_dllmain_exception_filter 0000000180009d20 f   MSVCRTD:utility.obj
 0001:00008d90       __scrt_dllmain_uninitialize_c 0000000180009d90 f   MSVCRTD:utility.obj
 0001:00008dc0       __scrt_dllmain_uninitialize_critical 0000000180009dc0 f   MSVCRTD:utility.obj
 0001:00008de0       __scrt_initialize_crt      0000000180009de0 f   MSVCRTD:utility.obj
 0001:00008e30       __scrt_initialize_onexit_tables 0000000180009e30 f   MSVCRTD:utility.obj
 0001:00008f40       __scrt_is_nonwritable_in_current_image 0000000180009f40 f   MSVCRTD:utility.obj
 0001:00008fd0       __scrt_release_startup_lock 0000000180009fd0 f   MSVCRTD:utility.obj
 0001:00009000       __scrt_uninitialize_crt    000000018000a000 f   MSVCRTD:utility.obj
 0001:00009040       __scrt_get_dyn_tls_init_callback 000000018000a040 f   MSVCRTD:dyn_tls_init.obj
 0001:00009050       __crt_debugger_hook        000000018000a050 f   MSVCRTD:utility_desktop.obj
 0001:00009060       __scrt_fastfail            000000018000a060 f   MSVCRTD:utility_desktop.obj
 0001:00009200       _RTC_Initialize            000000018000a200 f   MSVCRTD:initsect.obj
 0001:00009250       _RTC_Terminate             000000018000a250 f   MSVCRTD:initsect.obj
 0001:000092a0       _guard_check_icall_nop     000000018000a2a0 f i MSVCRTD:guard_support.obj
 0001:000092b0       __isa_available_init       000000018000a2b0 f   MSVCRTD:cpu_disp.obj
 0001:00009650       _get_startup_argv_mode     000000018000a650 f   MSVCRTD:argv_mode.obj
 0001:00009660       __scrt_is_ucrt_dll_in_use  000000018000a660 f   MSVCRTD:ucrt_detection.obj
 0001:00009690       memset                     000000018000a690 f   vcruntimed:VCRUNTIME140D.dll
 0001:00009696       __C_specific_handler       000000018000a696 f   vcruntimed:VCRUNTIME140D.dll
 0001:0000969c       __std_type_info_destroy_list 000000018000a69c f   vcruntimed:VCRUNTIME140D.dll
 0001:000096a2       sinf                       000000018000a6a2 f   ucrtd:ucrtbased.dll
 0001:000096a8       _initterm                  000000018000a6a8 f   ucrtd:ucrtbased.dll
 0001:000096ae       _initterm_e                000000018000a6ae f   ucrtd:ucrtbased.dll
 0001:000096b4       _seh_filter_dll            000000018000a6b4 f   ucrtd:ucrtbased.dll
 0001:000096ba       _configure_narrow_argv     000000018000a6ba f   ucrtd:ucrtbased.dll
 0001:000096c0       _initialize_narrow_environment 000000018000a6c0 f   ucrtd:ucrtbased.dll
 0001:000096c6       _initialize_onexit_table   000000018000a6c6 f   ucrtd:ucrtbased.dll
 0001:000096cc       _execute_onexit_table      000000018000a6cc f   ucrtd:ucrtbased.dll
 0001:000096d2       _cexit                     000000018000a6d2 f   ucrtd:ucrtbased.dll
 0001:000096e0       __vcrt_thread_attach       000000018000a6e0 f   MSVCRTD:ucrt_stubs.obj
 0001:000096e0       __acrt_thread_attach       000000018000a6e0 f   MSVCRTD:ucrt_stubs.obj
 0001:000096e0       __vcrt_initialize          000000018000a6e0 f   MSVCRTD:ucrt_stubs.obj
 0001:000096e0       __scrt_stub_for_acrt_thread_attach 000000018000a6e0 f   MSVCRTD:ucrt_stubs.obj
 0001:000096e0       __scrt_stub_for_acrt_initialize 000000018000a6e0 f   MSVCRTD:ucrt_stubs.obj
 0001:000096e0       __vcrt_thread_detach       000000018000a6e0 f   MSVCRTD:ucrt_stubs.obj
 0001:000096e0       __acrt_thread_detach       000000018000a6e0 f   MSVCRTD:ucrt_stubs.obj
 0001:000096e0       __acrt_initialize          000000018000a6e0 f   MSVCRTD:ucrt_stubs.obj
 0001:000096e0       __scrt_stub_for_acrt_thread_detach 000000018000a6e0 f   MSVCRTD:ucrt_stubs.obj
 0001:000096f0       __scrt_stub_for_acrt_uninitialize_critical 000000018000a6f0 f   MSVCRTD:ucrt_stubs.obj
 0001:000096f0       __scrt_stub_for_acrt_uninitialize 000000018000a6f0 f   MSVCRTD:ucrt_stubs.obj
 0001:000096f0       __vcrt_uninitialize        000000018000a6f0 f   MSVCRTD:ucrt_stubs.obj
 0001:000096f0       __acrt_uninitialize        000000018000a6f0 f   MSVCRTD:ucrt_stubs.obj
 0001:000096f0       __acrt_uninitialize_critical 000000018000a6f0 f   MSVCRTD:ucrt_stubs.obj
 0001:000096f0       __vcrt_uninitialize_critical 000000018000a6f0 f   MSVCRTD:ucrt_stubs.obj
 0001:00009700       __scrt_stub_for_is_c_termination_complete 000000018000a700 f   MSVCRTD:ucrt_stubs.obj
 0001:00009700       _is_c_termination_complete 000000018000a700 f   MSVCRTD:ucrt_stubs.obj
 0001:00009720       _guard_dispatch_icall_nop  000000018000a720 f   MSVCRTD:guard_dispatch.obj
 0001:00009740       _guard_xfg_dispatch_icall_nop 000000018000a740 f   MSVCRTD:guard_xfg_dispatch.obj
 0002:00000000       __imp_GetCurrentProcessId  000000018000b000     kernel32:KERNEL32.dll
 0002:00000008       __imp_GetCurrentThreadId   000000018000b008     kernel32:KERNEL32.dll
 0002:00000010       __imp_RtlLookupFunctionEntry 000000018000b010     kernel32:KERNEL32.dll
 0002:00000018       __imp_RtlVirtualUnwind     000000018000b018     kernel32:KERNEL32.dll
 0002:00000020       __imp_UnhandledExceptionFilter 000000018000b020     kernel32:KERNEL32.dll
 0002:00000028       __imp_IsDebuggerPresent    000000018000b028     kernel32:KERNEL32.dll
 0002:00000030       __imp_InitializeSListHead  000000018000b030     kernel32:KERNEL32.dll
 0002:00000038       __imp_DisableThreadLibraryCalls 000000018000b038     kernel32:KERNEL32.dll
 0002:00000040       __imp_GetSystemTimeAsFileTime 000000018000b040     kernel32:KERNEL32.dll
 0002:00000048       __imp_RtlCaptureContext    000000018000b048     kernel32:KERNEL32.dll
 0002:00000050       __imp_QueryPerformanceCounter 000000018000b050     kernel32:KERNEL32.dll
 0002:00000058       __imp_IsProcessorFeaturePresent 000000018000b058     kernel32:KERNEL32.dll
 0002:00000060       __imp_TerminateProcess     000000018000b060     kernel32:KERNEL32.dll
 0002:00000068       __imp_GetCurrentProcess    000000018000b068     kernel32:KERNEL32.dll
 0002:00000070       __imp_SetUnhandledExceptionFilter 000000018000b070     kernel32:KERNEL32.dll
 0002:00000078       \177KERNEL32_NULL_THUNK_DATA 000000018000b078     kernel32:KERNEL32.dll
 0002:00000080       __imp_memset               000000018000b080     vcruntimed:VCRUNTIME140D.dll
 0002:00000088       __imp___std_type_info_destroy_list 000000018000b088     vcruntimed:VCRUNTIME140D.dll
 0002:00000090       __imp___C_specific_handler 000000018000b090     vcruntimed:VCRUNTIME140D.dll
 0002:00000098       \177VCRUNTIME140D_NULL_THUNK_DATA 000000018000b098     vcruntimed:VCRUNTIME140D.dll
 0002:000000a0       __imp__cexit               000000018000b0a0     ucrtd:ucrtbased.dll
 0002:000000a8       __imp__execute_onexit_table 000000018000b0a8     ucrtd:ucrtbased.dll
 0002:000000b0       __imp__initialize_onexit_table 000000018000b0b0     ucrtd:ucrtbased.dll
 0002:000000b8       __imp__initialize_narrow_environment 000000018000b0b8     ucrtd:ucrtbased.dll
 0002:000000c0       __imp__seh_filter_dll      000000018000b0c0     ucrtd:ucrtbased.dll
 0002:000000c8       __imp__initterm_e          000000018000b0c8     ucrtd:ucrtbased.dll
 0002:000000d0       __imp__initterm            000000018000b0d0     ucrtd:ucrtbased.dll
 0002:000000d8       __imp_sinf                 000000018000b0d8     ucrtd:ucrtbased.dll
 0002:000000e0       __imp_roundf               000000018000b0e0     ucrtd:ucrtbased.dll
 0002:000000e8       __imp__configure_narrow_argv 000000018000b0e8     ucrtd:ucrtbased.dll
 0002:000000f0       \177ucrtbased_NULL_THUNK_DATA 000000018000b0f0     ucrtd:ucrtbased.dll
 0002:000000f8       __guard_check_icall_fptr   000000018000b0f8     MSVCRTD:guard_support.obj
 0002:00000100       __guard_xfg_check_icall_fptr 000000018000b100     MSVCRTD:guard_support.obj
 0002:00000108       __guard_dispatch_icall_fptr 000000018000b108     MSVCRTD:guard_support.obj
 0002:00000110       __guard_xfg_dispatch_icall_fptr 000000018000b110     MSVCRTD:guard_support.obj
 0002:00000118       __guard_xfg_table_dispatch_icall_fptr 000000018000b118     MSVCRTD:guard_support.obj
 0002:00000120       __xc_a                     000000018000b120     MSVCRTD:initializers.obj
 0002:00000128       __xc_z                     000000018000b128     MSVCRTD:initializers.obj
 0002:00000130       __xi_a                     000000018000b130     MSVCRTD:initializers.obj
 0002:00000138       __xi_z                     000000018000b138     MSVCRTD:initializers.obj
 0002:00000140       __xp_a                     000000018000b140     MSVCRTD:initializers.obj
 0002:00000148       __xp_z                     000000018000b148     MSVCRTD:initializers.obj
 0002:00000150       __xt_a                     000000018000b150     MSVCRTD:initializers.obj
 0002:00000158       __xt_z                     000000018000b158     MSVCRTD:initializers.obj
 0002:00000160       ??_C@_0BM@PJPBBIHG@?4?4?1P5Engine?1data?1grass1?4bmp@ 000000018000b160     p5engine.obj
 0002:00000180       ??_C@_0BL@KMKJHMBG@?4?4?1P5Engine?1data?1soil1?4bmp@ 000000018000b180     p5engine.obj
 0002:000001a0       ??_C@_0BL@CKDNAOLI@?4?4?1P5Engine?1data?1soil2?4bmp@ 000000018000b1a0     p5engine.obj
 0002:000001c0       ??_C@_0BL@OBGBNNBN@?4?4?1P5Engine?1data?1soil3?4bmp@ 000000018000b1c0     p5engine.obj
 0002:000001e0       ??_C@_0BL@PKIKGPIF@?4?4?1P5Engine?1data?1tuft1?4bmp@ 000000018000b1e0     p5engine.obj
 0002:00000200       ??_C@_0BL@HMBOBNCL@?4?4?1P5Engine?1data?1tuft2?4bmp@ 000000018000b200     p5engine.obj
 0002:00000220       ??_C@_0BI@LLDOGEFD@?4?4?1P5Engine?1data?1bg?4bmp@ 000000018000b220     p5engine.obj
 0002:00000238       ??_C@_0BM@NIFDJJOH@?4?4?1P5Engine?1data?1shadow?4bmp@ 000000018000b238     p5engine.obj
 0002:00000258       ??_C@_0BM@ODFMFCEI@?4?4?1P5Engine?1data?1stairs?4bmp@ 000000018000b258     p5engine.obj
 0002:00000278       ??_C@_0BK@OBLCJJGP@?4?4?1P5Engine?1data?1tree?4bmp@ 000000018000b278     p5engine.obj
 0002:00000298       ??_C@_0BL@IDLBAPAA@?4?4?1P5Engine?1data?1enemy?4bmp@ 000000018000b298     p5engine.obj
 0002:000002b8       ??_C@_0BJ@NKABLOEO@?4?4?1P5Engine?1data?1orb?4bmp@ 000000018000b2b8     p5engine.obj
 0002:000002d8       ??_C@_0CC@LMFPELMM@?4?4?1P5Engine?1data?1char?9right?90?4b@ 000000018000b2d8     p5engine.obj
 0002:00000300       ??_C@_0CB@PEKICNDL@?4?4?1P5Engine?1data?1char?9back?90?4bm@ 000000018000b300     p5engine.obj
 0002:00000328       ??_C@_0CB@EADJMAIP@?4?4?1P5Engine?1data?1char?9left?90?4bm@ 000000018000b328     p5engine.obj
 0002:00000350       ??_C@_0CC@FOFLOHLO@?4?4?1P5Engine?1data?1char?9front?90?4b@ 000000018000b350     p5engine.obj
 0002:00000378       ??_C@_0CB@KNGGMNCB@?4?4?1P5Engine?1data?1sword?9right?4bm@ 000000018000b378     p5engine.obj
 0002:000003a0       ??_C@_0CA@LOPACOB@?4?4?1P5Engine?1data?1sword?9back?4bmp@ 000000018000b3a0     p5engine.obj
 0002:000003c0       ??_C@_0CA@OHNPEIGA@?4?4?1P5Engine?1data?1sword?9left?4bmp@ 000000018000b3c0     p5engine.obj
 0002:000003e0       ??_C@_0CB@BNIDBOJA@?4?4?1P5Engine?1data?1sword?9front?4bm@ 000000018000b3e0     p5engine.obj
 0002:00000404       __real@37810183            000000018000b404     p5engine.obj
 0002:00000408       __real@3a83126f            000000018000b408     p5engine.obj
 0002:0000040c       __real@3b03126f            000000018000b40c     p5engine.obj
 0002:00000410       __real@3b808081            000000018000b410     p5engine.obj
 0002:00000414       __real@3c23d70a            000000018000b414     p5engine.obj
 0002:00000418       __real@3c40c0c2            000000018000b418     p5engine.obj
 0002:0000041c       __real@3dcccccd            000000018000b41c     p5engine.obj
 0002:00000420       __real@3e4ccccd            000000018000b420     p5engine.obj
 0002:00000424       __real@3e800000            000000018000b424     p5engine.obj
 0002:00000428       __real@3f000000            000000018000b428     p5engine.obj
 0002:0000042c       __real@3f3504f3            000000018000b42c     p5engine.obj
 0002:00000430       __real@3f666666            000000018000b430     p5engine.obj
 0002:00000434       __real@3f800000            000000018000b434     p5engine.obj
 0002:00000438       __real@3f8ccccd            000000018000b438     p5engine.obj
 0002:0000043c       __real@3f99999a            000000018000b43c     p5engine.obj
 0002:00000440       __real@3fb33333            000000018000b440     p5engine.obj
 0002:00000444       __real@3fc00000            000000018000b444     p5engine.obj
 0002:00000448       __real@40000000            000000018000b448     p5engine.obj
 0002:0000044c       __real@40333333            000000018000b44c     p5engine.obj
 0002:00000450       __real@40400000            000000018000b450     p5engine.obj
 0002:00000454       __real@40a00000            000000018000b454     p5engine.obj
 0002:00000458       __real@40c90fdb            000000018000b458     p5engine.obj
 0002:0000045c       __real@411ccccd            000000018000b45c     p5engine.obj
 0002:00000460       __real@41499999            000000018000b460     p5engine.obj
 0002:00000464       __real@41700000            000000018000b464     p5engine.obj
 0002:00000468       __real@41a00000            000000018000b468     p5engine.obj
 0002:0000046c       __real@41be6666            000000018000b46c     p5engine.obj
 0002:00000470       __real@41f00000            000000018000b470     p5engine.obj
 0002:00000474       __real@42ff0000            000000018000b474     p5engine.obj
 0002:00000478       __real@43000000            000000018000b478     p5engine.obj
 0002:0000047c       __real@437f0000            000000018000b47c     p5engine.obj
 0002:00000480       __real@461c4000            000000018000b480     p5engine.obj
 0002:00000484       __real@47c35000            000000018000b484     p5engine.obj
 0002:00000488       __real@becccccd            000000018000b488     p5engine.obj
 0002:0000048c       __real@bf000000            000000018000b48c     p5engine.obj
 0002:00000490       __real@bf800000            000000018000b490     p5engine.obj
 0002:00000494       __real@c1700000            000000018000b494     p5engine.obj
 0002:000004a0       __xmm@000000003e8000003e8000003e800000 000000018000b4a0     p5engine.obj
 0002:000004b0       __xmm@3f800000000000003f0000003f800000 000000018000b4b0     p5engine.obj
 0002:000004c0       __xmm@3f800000000000003f8000003f800000 000000018000b4c0     p5engine.obj
 0002:000004d0       __xmm@3f8000003f0000003f0000003f000000 000000018000b4d0     p5engine.obj
 0002:000004e0       __xmm@3f8000003f8000003f0000003f800000 000000018000b4e0     p5engine.obj
 0002:000004f0       __xmm@7fffffff7fffffff7fffffff7fffffff 000000018000b4f0     p5engine.obj
 0002:00000500       __xmm@80000000800000008000000080000000 000000018000b500     p5engine.obj
 0002:00000510       _pRawDllMain               000000018000b510     MSVCRTD:dll_dllmain.obj
 0002:00000510       _pDefaultRawDllMain        000000018000b510     MSVCRTD:dll_dllmain.obj
 0002:00000580       _load_config_used          000000018000b580     MSVCRTD:loadcfg.obj
 0002:00000700       __volatile_metadata        000000018000b700     <linker-defined>
 0002:000009f8       __rtc_iaa                  000000018000b9f8     MSVCRTD:initsect.obj
 0002:00000a00       __rtc_izz                  000000018000ba00     MSVCRTD:initsect.obj
 0002:00000a08       __rtc_taa                  000000018000ba08     MSVCRTD:initsect.obj
 0002:00000a10       __rtc_tzz                  000000018000ba10     MSVCRTD:initsect.obj
 0002:00001184       __IMPORT_DESCRIPTOR_VCRUNTIME140D 000000018000c184     vcruntimed:VCRUNTIME140D.dll
 0002:00001198       __IMPORT_DESCRIPTOR_ucrtbased 000000018000c198     ucrtd:ucrtbased.dll
 0002:000011ac       __IMPORT_DESCRIPTOR_KERNEL32 000000018000c1ac     kernel32:KERNEL32.dll
 0002:000011c0       __NULL_IMPORT_DESCRIPTOR   000000018000c1c0     vcruntimed:VCRUNTIME140D.dll
 0003:00004000       __security_cookie_complement 0000000180011000     MSVCRTD:gs_cookie.obj
 0003:00004008       __security_cookie          0000000180011008     MSVCRTD:gs_cookie.obj
 0003:00004010       _fltused                   0000000180011010     MSVCRTD:fltused.obj
 0003:00004014       __scrt_native_dllmain_reason 0000000180011014     MSVCRTD:utility.obj
 0003:00004018       __isa_available            0000000180011018     MSVCRTD:cpu_disp.obj
 0003:0000401c       __isa_enabled              000000018001101c     MSVCRTD:cpu_disp.obj
 0003:00004020       __memcpy_nt_iters          0000000180011020     MSVCRTD:cpu_disp.obj
 0003:00004028       __memset_nt_iters          0000000180011028     MSVCRTD:cpu_disp.obj
 0003:00004030       __scrt_ucrt_dll_is_in_use  0000000180011030     MSVCRTD:ucrt_stubs.obj
 0003:000045c0       ?__type_info_root_node@@3U__type_info_node@@A 00000001800115c0     MSVCRTD:tncleanup.obj
 0003:000045d0       ?_OptionsStorage@?1??__local_stdio_printf_options@@9@4_KA 00000001800115d0     MSVCRTD:default_local_stdio_options.obj
 0003:000045d8       ?_OptionsStorage@?1??__local_stdio_scanf_options@@9@4_KA 00000001800115d8     MSVCRTD:default_local_stdio_options.obj
 0003:000045e0       __scrt_current_native_startup_state 00000001800115e0     MSVCRTD:utility.obj
 0003:000045e8       __scrt_native_startup_lock 00000001800115e8     MSVCRTD:utility.obj
 0003:00004628       __scrt_debugger_hook_flag  0000000180011628     MSVCRTD:utility_desktop.obj
 0003:00004630       __castguard_check_failure_os_handled_fptr 0000000180011630     MSVCRTD:guard_support.obj
 0003:00004638       __favor                    0000000180011638     MSVCRTD:cpu_disp.obj
 0003:00004640       __dyn_tls_init_callback    0000000180011640     <common>
 0003:00004648       __DebuggerCurrentSteppingThreadId 0000000180011648     <common>

 entry point at        0001:00008620

 Static symbols

 0000:fffea000       .debug$S                   0000000180000000     P5Engine.exp
 0000:fffea000       .debug$S                   0000000180000000     vcruntimed:VCRUNTIME140D.dll
 0000:fffea000       .debug$S                   0000000180000000     vcruntimed:VCRUNTIME140D.dll
 0000:fffea000       .debug$S                   0000000180000000     vcruntimed:VCRUNTIME140D.dll
 0000:fffea000       .debug$S                   0000000180000000     vcruntimed:VCRUNTIME140D.dll
 0000:fffea000       .debug$S                   0000000180000000     vcruntimed:VCRUNTIME140D.dll
 0000:fffea000       .debug$S                   0000000180000000     ucrtd:ucrtbased.dll
 0000:fffea000       .debug$S                   0000000180000000     ucrtd:ucrtbased.dll
 0000:fffea000       .debug$S                   0000000180000000     ucrtd:ucrtbased.dll
 0000:fffea000       .debug$S                   0000000180000000     ucrtd:ucrtbased.dll
 0000:fffea000       .debug$S                   0000000180000000     ucrtd:ucrtbased.dll
 0000:fffea000       .debug$S                   0000000180000000     ucrtd:ucrtbased.dll
 0000:fffea000       .debug$S                   0000000180000000     ucrtd:ucrtbased.dll
 0000:fffea000       .debug$S                   0000000180000000     ucrtd:ucrtbased.dll
 0000:fffea000       .debug$S                   0000000180000000     ucrtd:ucrtbased.dll
 0000:fffea000       .debug$S                   0000000180000000     ucrtd:ucrtbased.dll
 0000:fffea000       .debug$S                   0000000180000000     ucrtd:ucrtbased.dll
 0000:fffea000       .debug$S                   0000000180000000     ucrtd:ucrtbased.dll
 0000:fffea000       .debug$S                   0000000180000000     ucrtd:ucrtbased.dll
 0000:fffea000       .debug$S                   0000000180000000     ucrtd:ucrtbased.dll
 0000:fffea000       .debug$S                   0000000180000000     kernel32:KERNEL32.dll
 0000:fffea000       .debug$S                   0000000180000000     kernel32:KERNEL32.dll
 0000:fffea000       .debug$S                   0000000180000000     kernel32:KERNEL32.dll
 0000:fffea000       .debug$S                   0000000180000000     kernel32:KERNEL32.dll
 0000:fffea000       .debug$S                   0000000180000000     kernel32:KERNEL32.dll
 0000:fffea000       .debug$S                   0000000180000000     kernel32:KERNEL32.dll
 0000:fffea000       .debug$S                   0000000180000000     kernel32:KERNEL32.dll
 0000:fffea000       .debug$S                   0000000180000000     kernel32:KERNEL32.dll
 0000:fffea000       .debug$S                   0000000180000000     kernel32:KERNEL32.dll
 0000:fffea000       .debug$S                   0000000180000000     kernel32:KERNEL32.dll
 0000:fffea000       .debug$S                   0000000180000000     kernel32:KERNEL32.dll
 0000:fffea000       .debug$S                   0000000180000000     kernel32:KERNEL32.dll
 0000:fffea000       .debug$S                   0000000180000000     kernel32:KERNEL32.dll
 0000:fffea000       .debug$S                   0000000180000000     kernel32:KERNEL32.dll
 0000:fffea000       .debug$S                   0000000180000000     kernel32:KERNEL32.dll
 0000:fffea000       .debug$S                   0000000180000000     kernel32:KERNEL32.dll
 0000:fffea000       .debug$S                   0000000180000000     kernel32:KERNEL32.dll
 0001:00000060       ?AddCollisionRule@@YAXPEAUgame_state@@IIH@Z 0000000180001060 f   p5engine.obj
 0001:00000140       ?AddEntity@@YAPEAUsim_entity@@PEAUgame_state@@PEAUsim_region@@IPEAUlow_entity@@PEATv3@@@Z 0000000180001140 f   p5engine.obj
 0001:000003b0       ?AddLowEntity@@YA?AUadd_low_entity_result@@PEAUgame_state@@W4entity_type@@Uworld_position@@@Z 00000001800013b0 f   p5engine.obj
 0001:00000500       ?BeginSim@@YAPEAUsim_region@@PEAUmemory_arena@@PEAUgame_state@@PEAUworld@@Uworld_position@@Urectangle3@@M@Z 0000000180001500 f   p5engine.obj
 0001:00000c60       ?ChangeEntityLocation@@YAXPEAUmemory_arena@@PEAUworld@@IPEAUlow_entity@@Uworld_position@@@Z 0000000180001c60 f   p5engine.obj
 0001:00001280       ?DEBUGLoadBMP@@YA?AUloaded_bitmap@@PEAUthread_context@@P6A?AUdebug_read_file_result@@0PEAD@Z1HH@Z 0000000180002280 f   p5engine.obj
 0001:000015f0       ?DrawHitpoints@@YAXPEAUsim_entity@@PEAUrender_group@@@Z 00000001800025f0 f   p5engine.obj
 0001:00001830       ?DrawRectangle@@YAXPEAUloaded_bitmap@@Tv2@@1Tv4@@@Z 0000000180002830 f   p5engine.obj
 0001:000019b0       ?DrawRectangleSlowly@@YAXPEAUloaded_bitmap@@Tv2@@11Tv4@@00PEAUenvironment_map@@33M@Z 00000001800029b0 f   p5engine.obj
 0001:00003020       ?EndSim@@YAXPEAUsim_region@@PEAUgame_state@@@Z 0000000180004020 f   p5engine.obj
 0001:00003320       ?EntitiesOverlap@@YAHPEAUsim_entity@@0Tv3@@@Z 0000000180004320 f   p5engine.obj
 0001:00003700       ?GetHashFromStorageIndex@@YAPEAUsim_entity_hash@@PEAUsim_region@@I@Z 0000000180004700 f   p5engine.obj
 0001:00003d60       ?MakeSimpleGroundedCollision@@YAPEAUsim_entity_collision_volume_group@@PEAUgame_state@@MMM@Z 0000000180004d60 f   p5engine.obj
 0001:00003e60       ?MoveEntity@@YAXPEAUgame_state@@PEAUsim_region@@PEAUsim_entity@@MPEAUmove_spec@@Tv3@@@Z 0000000180004e60 f   p5engine.obj
 0001:00005030       ?RenderGroupToOutput@@YAXPEAUrender_group@@PEAUloaded_bitmap@@@Z 0000000180006030 f   p5engine.obj
 0001:0000803c       $LN772                     000000018000903c     p5engine.obj
 0001:000081e0       $$000000                   00000001800091e0     MSVCRTD:amdsecgs.obj
 0001:00008210       ?dllmain_crt_dispatch@@YAHQEAUHINSTANCE__@@KQEAX@Z 0000000180009210 f   MSVCRTD:dll_dllmain.obj
 0001:000082a0       ?dllmain_crt_process_attach@@YAHQEAUHINSTANCE__@@QEAX@Z 00000001800092a0 f   MSVCRTD:dll_dllmain.obj
 0001:000083e0       ?dllmain_crt_process_detach@@YAH_N@Z 00000001800093e0 f   MSVCRTD:dll_dllmain.obj
 0001:00008480       ?dllmain_dispatch@@YAHQEAUHINSTANCE__@@KQEAX@Z 0000000180009480 f   MSVCRTD:dll_dllmain.obj
 0001:000085c0       ?dllmain_raw@@YAHQEAUHINSTANCE__@@KQEAX@Z 00000001800095c0 f   MSVCRTD:dll_dllmain.obj
 0001:00008780       capture_previous_context   0000000180009780 f   MSVCRTD:gs_report.obj
 0001:00008840       __get_entropy              0000000180009840 f   MSVCRTD:gs_support.obj
 0001:00008a90       ?find_pe_section@@YAPEAU_IMAGE_SECTION_HEADER@@QEAE_K@Z 0000000180009a90 f   MSVCRTD:utility.obj
 0001:00008b70       ?is_potentially_valid_image_base@@YA_NQEAX@Z 0000000180009b70 f   MSVCRTD:utility.obj
 0001:00009710       $$000000                   000000018000a710     MSVCRTD:guard_dispatch.obj
 0001:00009730       $$000000                   000000018000a730     MSVCRTD:guard_xfg_dispatch.obj
 0001:00009750       ?fin$0@?0??dllmain_crt_process_attach@@YAHQEAUHINSTANCE__@@QEAX@Z@4HA 000000018000a750 f   MSVCRTD:dll_dllmain.obj
 0001:00009770       ?fin$0@?0??dllmain_crt_process_detach@@YAH_N@Z@4HA 000000018000a770 f   MSVCRTD:dll_dllmain.obj
 0001:0000978a       ?fin$1@?0??dllmain_crt_process_detach@@YAH_N@Z@4HA 000000018000a78a f   MSVCRTD:dll_dllmain.obj
 0001:000097a0       ?filt$0@?0??dllmain_dispatch@@YAHQEAUHINSTANCE__@@KQEAX@Z@4HA 000000018000a7a0 f   MSVCRTD:dll_dllmain.obj
 0001:000097f0       __scrt_is_nonwritable_in_current_image$filt$0 000000018000a7f0 f   MSVCRTD:utility.obj
 0002:00000518       GS_ExceptionPointers       000000018000b518     MSVCRTD:gs_report.obj
 0002:00000a18       $unwind$?GetHashFromStorageIndex@@YAPEAUsim_entity_hash@@PEAUsim_region@@I@Z 000000018000ba18     p5engine.obj
 0002:00000a18       $unwind$?PushSize_@@YAPEAXPEAUmemory_arena@@_K@Z 000000018000ba18     p5engine.obj
 0002:00000a18       $unwind$_RTC_Initialize    000000018000ba18     MSVCRTD:initsect.obj
 0002:00000a18       $unwind$_RTC_Terminate     000000018000ba18     MSVCRTD:initsect.obj
 0002:00000a24       $unwind$??X@YAAEATv3@@AEAT0@M@Z 000000018000ba24     p5engine.obj
 0002:00000a30       $unwind$?GetStairGround@@YAMPEAUsim_entity@@Tv3@@@Z 000000018000ba30     p5engine.obj
 0002:00000a3c       $unwind$?AddCollisionRule@@YAXPEAUgame_state@@IIH@Z 000000018000ba3c     p5engine.obj
 0002:00000a3c       $unwind$?GetWorldChunk@@YAPEAUworld_chunk@@PEAUworld@@HHHPEAUmemory_arena@@@Z 000000018000ba3c     p5engine.obj
 0002:00000a50       $unwind$?DrawRectangle@@YAXPEAUloaded_bitmap@@Tv2@@1Tv4@@@Z 000000018000ba50     p5engine.obj
 0002:00000a6c       $unwind$?SRGBBilinearBlend@@YA?ATv4@@Ubilinear_sample@@MM@Z 000000018000ba6c     p5engine.obj
 0002:00000aa0       $unwind$?DrawRectangleSlowly@@YAXPEAUloaded_bitmap@@Tv2@@11Tv4@@00PEAUenvironment_map@@33M@Z 000000018000baa0     p5engine.obj
 0002:00000ad8       $chain$1$?DrawRectangleSlowly@@YAXPEAUloaded_bitmap@@Tv2@@11Tv4@@00PEAUenvironment_map@@33M@Z 000000018000bad8     p5engine.obj
 0002:00000af0       $chain$2$?DrawRectangleSlowly@@YAXPEAUloaded_bitmap@@Tv2@@11Tv4@@00PEAUenvironment_map@@33M@Z 000000018000baf0     p5engine.obj
 0002:00000b00       $unwind$?PushRect@@YAXPEAUrender_group@@Tv3@@Tv2@@Tv4@@@Z 000000018000bb00     p5engine.obj
 0002:00000b14       $unwind$?GetRenderEntityBasisPos@@YA?AUentity_basis_p_result@@PEAUrender_group@@PEAUrender_entity_basis@@Tv2@@@Z 000000018000bb14     p5engine.obj
 0002:00000b24       $unwind$?RenderGroupToOutput@@YAXPEAUrender_group@@PEAUloaded_bitmap@@@Z 000000018000bb24     p5engine.obj
 0002:00000b3c       $chain$3$?RenderGroupToOutput@@YAXPEAUrender_group@@PEAUloaded_bitmap@@@Z 000000018000bb3c     p5engine.obj
 0002:00000b5c       $chain$4$?RenderGroupToOutput@@YAXPEAUrender_group@@PEAUloaded_bitmap@@@Z 000000018000bb5c     p5engine.obj
 0002:00000b6c       $unwind$?IsCanonical@@YAHMM@Z 000000018000bb6c     p5engine.obj
 0002:00000b7c       $unwind$?RecanonicalizeCoord@@YAXMPEAHPEAM@Z 000000018000bb7c     p5engine.obj
 0002:00000b8c       $unwind$?ChunkPositionFromTilePosition@@YA?AUworld_position@@PEAUworld@@HHHTv3@@@Z 000000018000bb8c     p5engine.obj
 0002:00000bb0       $unwind$?ChangeEntityLocationRaw@@YAXPEAUmemory_arena@@PEAUworld@@IPEAUworld_position@@2@Z 000000018000bbb0     p5engine.obj
 0002:00000bc8       $unwind$?ChangeEntityLocation@@YAXPEAUmemory_arena@@PEAUworld@@IPEAUlow_entity@@Uworld_position@@@Z 000000018000bbc8     p5engine.obj
 0002:00000bdc       $unwind$?GetSimSpacePos@@YA?ATv3@@PEAUsim_region@@PEAUlow_entity@@@Z 000000018000bbdc     p5engine.obj
 0002:00000bec       $chain$0$?GetSimSpacePos@@YA?ATv3@@PEAUsim_region@@PEAUlow_entity@@@Z 000000018000bbec     p5engine.obj
 0002:00000c00       $chain$1$?GetSimSpacePos@@YA?ATv3@@PEAUsim_region@@PEAUlow_entity@@@Z 000000018000bc00     p5engine.obj
 0002:00000c10       $unwind$?AddEntity@@YAPEAUsim_entity@@PEAUgame_state@@PEAUsim_region@@IPEAUlow_entity@@PEATv3@@@Z 000000018000bc10     p5engine.obj
 0002:00000c2c       $chain$0$?AddEntity@@YAPEAUsim_entity@@PEAUgame_state@@PEAUsim_region@@IPEAUlow_entity@@PEATv3@@@Z 000000018000bc2c     p5engine.obj
 0002:00000c40       $chain$1$?AddEntity@@YAPEAUsim_entity@@PEAUgame_state@@PEAUsim_region@@IPEAUlow_entity@@PEATv3@@@Z 000000018000bc40     p5engine.obj
 0002:00000c54       $chain$2$?AddEntity@@YAPEAUsim_entity@@PEAUgame_state@@PEAUsim_region@@IPEAUlow_entity@@PEATv3@@@Z 000000018000bc54     p5engine.obj
 0002:00000c68       $chain$3$?AddEntity@@YAPEAUsim_entity@@PEAUgame_state@@PEAUsim_region@@IPEAUlow_entity@@PEATv3@@@Z 000000018000bc68     p5engine.obj
 0002:00000c78       $chain$4$?AddEntity@@YAPEAUsim_entity@@PEAUgame_state@@PEAUsim_region@@IPEAUlow_entity@@PEATv3@@@Z 000000018000bc78     p5engine.obj
 0002:00000c88       $chain$5$?AddEntity@@YAPEAUsim_entity@@PEAUgame_state@@PEAUsim_region@@IPEAUlow_entity@@PEATv3@@@Z 000000018000bc88     p5engine.obj
 0002:00000c88       $chain$7$?AddEntity@@YAPEAUsim_entity@@PEAUgame_state@@PEAUsim_region@@IPEAUlow_entity@@PEATv3@@@Z 000000018000bc88     p5engine.obj
 0002:00000c98       $chain$6$?AddEntity@@YAPEAUsim_entity@@PEAUgame_state@@PEAUsim_region@@IPEAUlow_entity@@PEATv3@@@Z 000000018000bc98     p5engine.obj
 0002:00000cac       $unwind$?EntityOverlapsRectangle@@YAHTv3@@Usim_entity_collision_volume@@Urectangle3@@@Z 000000018000bcac     p5engine.obj
 0002:00000cd4       $unwind$?BeginSim@@YAPEAUsim_region@@PEAUmemory_arena@@PEAUgame_state@@PEAUworld@@Uworld_position@@Urectangle3@@M@Z 000000018000bcd4     p5engine.obj
 0002:00000d04       $chain$3$?BeginSim@@YAPEAUsim_region@@PEAUmemory_arena@@PEAUgame_state@@PEAUworld@@Uworld_position@@Urectangle3@@M@Z 000000018000bd04     p5engine.obj
 0002:00000d24       $chain$4$?BeginSim@@YAPEAUsim_region@@PEAUmemory_arena@@PEAUgame_state@@PEAUworld@@Uworld_position@@Urectangle3@@M@Z 000000018000bd24     p5engine.obj
 0002:00000d34       $unwind$?EndSim@@YAXPEAUsim_region@@PEAUgame_state@@@Z 000000018000bd34     p5engine.obj
 0002:00000d48       $chain$5$?EndSim@@YAXPEAUsim_region@@PEAUgame_state@@@Z 000000018000bd48     p5engine.obj
 0002:00000d70       $chain$6$?EndSim@@YAXPEAUsim_region@@PEAUgame_state@@@Z 000000018000bd70     p5engine.obj
 0002:00000d80       $unwind$?EntitiesOverlap@@YAHPEAUsim_entity@@0Tv3@@@Z 000000018000bd80     p5engine.obj
 0002:00000dc8       $unwind$?MoveEntity@@YAXPEAUgame_state@@PEAUsim_region@@PEAUsim_entity@@MPEAUmove_spec@@Tv3@@@Z 000000018000bdc8     p5engine.obj
 0002:00000e14       $unwind$?DEBUGLoadBMP@@YA?AUloaded_bitmap@@PEAUthread_context@@P6A?AUdebug_read_file_result@@0PEAD@Z1HH@Z 000000018000be14     p5engine.obj
 0002:00000e2c       $chain$3$?DEBUGLoadBMP@@YA?AUloaded_bitmap@@PEAUthread_context@@P6A?AUdebug_read_file_result@@0PEAD@Z1HH@Z 000000018000be2c     p5engine.obj
 0002:00000e4c       $chain$6$?DEBUGLoadBMP@@YA?AUloaded_bitmap@@PEAUthread_context@@P6A?AUdebug_read_file_result@@0PEAD@Z1HH@Z 000000018000be4c     p5engine.obj
 0002:00000e68       $chain$7$?DEBUGLoadBMP@@YA?AUloaded_bitmap@@PEAUthread_context@@P6A?AUdebug_read_file_result@@0PEAD@Z1HH@Z 000000018000be68     p5engine.obj
 0002:00000e78       $chain$8$?DEBUGLoadBMP@@YA?AUloaded_bitmap@@PEAUthread_context@@P6A?AUdebug_read_file_result@@0PEAD@Z1HH@Z 000000018000be78     p5engine.obj
 0002:00000e88       $unwind$?AddLowEntity@@YA?AUadd_low_entity_result@@PEAUgame_state@@W4entity_type@@Uworld_position@@@Z 000000018000be88     p5engine.obj
 0002:00000ea4       $unwind$?DrawHitpoints@@YAXPEAUsim_entity@@PEAUrender_group@@@Z 000000018000bea4     p5engine.obj
 0002:00000ebc       $unwind$?MakeSimpleGroundedCollision@@YAPEAUsim_entity_collision_volume_group@@PEAUgame_state@@MMM@Z 000000018000bebc     p5engine.obj
 0002:00000ed0       $unwind$GameUpdateAndRender 000000018000bed0     p5engine.obj
 0002:00000ee4       $chain$11$GameUpdateAndRender 000000018000bee4     p5engine.obj
 0002:00000f24       $chain$15$GameUpdateAndRender 000000018000bf24     p5engine.obj
 0002:00000f44       $chain$16$GameUpdateAndRender 000000018000bf44     p5engine.obj
 0002:00000f58       $chain$17$GameUpdateAndRender 000000018000bf58     p5engine.obj
 0002:00000f68       $chain$18$GameUpdateAndRender 000000018000bf68     p5engine.obj
 0002:00000f80       $chain$19$GameUpdateAndRender 000000018000bf80     p5engine.obj
 0002:00000f94       $chain$20$GameUpdateAndRender 000000018000bf94     p5engine.obj
 0002:00000fa4       $unwind$GameGetSoundSamples 000000018000bfa4     p5engine.obj
 0002:00000fac       $unwind$__CheckForDebuggerJustMyCode 000000018000bfac     MSVCRTD:debugger_jmc.obj
 0002:00000fac       $unwind$__report_gsfailure 000000018000bfac     MSVCRTD:gs_report.obj
 0002:00000fb4       $unwind$__GSHandlerCheckCommon 000000018000bfb4     MSVCRTD:gshandler.obj
 0002:00000fbc       $unwind$__GSHandlerCheck   000000018000bfbc     MSVCRTD:gshandler.obj
 0002:00000fc8       $xdatasym                  000000018000bfc8     MSVCRTD:amdsecgs.obj
 0002:00000fcc       $unwind$?dllmain_crt_process_attach@@YAHQEAUHINSTANCE__@@QEAX@Z 000000018000bfcc     MSVCRTD:dll_dllmain.obj
 0002:00000fec       $unwind$?fin$0@?0??dllmain_crt_process_attach@@YAHQEAUHINSTANCE__@@QEAX@Z@4HA 000000018000bfec     MSVCRTD:dll_dllmain.obj
 0002:00000fec       $unwind$?fin$0@?0??dllmain_crt_process_detach@@YAH_N@Z@4HA 000000018000bfec     MSVCRTD:dll_dllmain.obj
 0002:00000fec       $unwind$?fin$1@?0??dllmain_crt_process_detach@@YAH_N@Z@4HA 000000018000bfec     MSVCRTD:dll_dllmain.obj
 0002:00000fec       $unwind$__scrt_is_nonwritable_in_current_image$filt$0 000000018000bfec     MSVCRTD:utility.obj
 0002:00000ff4       $unwind$?dllmain_crt_process_detach@@YAH_N@Z 000000018000bff4     MSVCRTD:dll_dllmain.obj
 0002:00001024       $unwind$?dllmain_crt_dispatch@@YAHQEAUHINSTANCE__@@KQEAX@Z 000000018000c024     MSVCRTD:dll_dllmain.obj
 0002:00001024       $unwind$?dllmain_raw@@YAHQEAUHINSTANCE__@@KQEAX@Z 000000018000c024     MSVCRTD:dll_dllmain.obj
 0002:0000102c       $unwind$?dllmain_dispatch@@YAHQEAUHINSTANCE__@@KQEAX@Z 000000018000c02c     MSVCRTD:dll_dllmain.obj
 0002:0000104c       $unwind$?filt$0@?0??dllmain_dispatch@@YAHQEAUHINSTANCE__@@KQEAX@Z@4HA 000000018000c04c     MSVCRTD:dll_dllmain.obj
 0002:00001054       $unwind$_DllMainCRTStartup 000000018000c054     MSVCRTD:dll_dllmain.obj
 0002:00001054       $unwind$DllMain            000000018000c054     MSVCRTD:dll_dllmain_stub.obj
 0002:0000105c       $unwind$capture_previous_context 000000018000c05c     MSVCRTD:gs_report.obj
 0002:00001064       $unwind$__raise_securityfailure 000000018000c064     MSVCRTD:gs_report.obj
 0002:00001064       $unwind$?is_potentially_valid_image_base@@YA_NQEAX@Z 000000018000c064     MSVCRTD:utility.obj
 0002:0000106c       $unwind$__scrt_initialize_default_local_stdio_options 000000018000c06c     MSVCRTD:default_local_stdio_options.obj
 0002:0000106c       $unwind$__security_init_cookie 000000018000c06c     MSVCRTD:gs_support.obj
 0002:00001074       $unwind$__get_entropy      000000018000c074     MSVCRTD:gs_support.obj
 0002:0000107c       $unwind$?__scrt_initialize_type_info@@YAXXZ 000000018000c07c     MSVCRTD:tncleanup.obj
 0002:0000107c       $unwind$?__scrt_uninitialize_type_info@@YAXXZ 000000018000c07c     MSVCRTD:tncleanup.obj
 0002:0000107c       $unwind$?configure_argv@__scrt_narrow_argv_policy@@SAHXZ 000000018000c07c     MSVCRTD:utility.obj
 0002:0000107c       $unwind$?initialize_environment@__scrt_narrow_environment_policy@@SAHXZ 000000018000c07c     MSVCRTD:utility.obj
 0002:0000107c       $unwind$__scrt_dllmain_after_initialize_c 000000018000c07c     MSVCRTD:utility.obj
 0002:0000107c       $unwind$__scrt_dllmain_before_initialize_c 000000018000c07c     MSVCRTD:utility.obj
 0002:0000107c       $unwind$__scrt_dllmain_crt_thread_attach 000000018000c07c     MSVCRTD:utility.obj
 0002:0000107c       $unwind$__scrt_dllmain_crt_thread_detach 000000018000c07c     MSVCRTD:utility.obj
 0002:0000107c       $unwind$__scrt_dllmain_uninitialize_c 000000018000c07c     MSVCRTD:utility.obj
 0002:0000107c       $unwind$__scrt_dllmain_uninitialize_critical 000000018000c07c     MSVCRTD:utility.obj
 0002:00001084       $unwind$__scrt_is_nonwritable_in_current_image 000000018000c084     MSVCRTD:utility.obj
 0002:000010a4       $unwind$__scrt_acquire_startup_lock 000000018000c0a4     MSVCRTD:utility.obj
 0002:000010ac       $unwind$__scrt_initialize_crt 000000018000c0ac     MSVCRTD:utility.obj
 0002:000010ac       $unwind$__scrt_release_startup_lock 000000018000c0ac     MSVCRTD:utility.obj
 0002:000010b4       $unwind$__scrt_uninitialize_crt 000000018000c0b4     MSVCRTD:utility.obj
 0002:000010bc       $unwind$__scrt_initialize_onexit_tables 000000018000c0bc     MSVCRTD:utility.obj
 0002:000010c8       $unwind$__scrt_dllmain_exception_filter 000000018000c0c8     MSVCRTD:utility.obj
 0002:000010d0       $unwind$?find_pe_section@@YAPEAU_IMAGE_SECTION_HEADER@@QEAE_K@Z 000000018000c0d0     MSVCRTD:utility.obj
 0002:000010d8       $unwind$__scrt_fastfail    000000018000c0d8     MSVCRTD:utility_desktop.obj
 0002:000010e4       $unwind$__isa_available_init 000000018000c0e4     MSVCRTD:cpu_disp.obj
 0002:000010f4       $unwind$__scrt_is_ucrt_dll_in_use 000000018000c0f4     MSVCRTD:ucrt_detection.obj
 0002:00001100       $xdatasym                  000000018000c100     MSVCRTD:guard_dispatch.obj
 0002:00001108       $xdatasym                  000000018000c108     MSVCRTD:guard_xfg_dispatch.obj
 0002:00001110       .edata                     000000018000c110     P5Engine.exp
 0002:00001138       rgpv                       000000018000c138     P5Engine.exp
 0002:00001140       rgszName                   000000018000c140     P5Engine.exp
 0002:00001148       rgwOrd                     000000018000c148     P5Engine.exp
 0002:0000114c       szName                     000000018000c14c     P5Engine.exp
 0002:00001159       $N00001                    000000018000c159     P5Engine.exp
 0002:0000116d       $N00002                    000000018000c16d     P5Engine.exp
 0002:00001312       .idata$6                   000000018000c312     vcruntimed:VCRUNTIME140D.dll
 0002:000013dc       .idata$6                   000000018000c3dc     ucrtd:ucrtbased.dll
 0002:00001550       .idata$6                   000000018000c550     kernel32:KERNEL32.dll
 0003:00000000       ?RandomNumberTable@@3PAIA  000000018000d000     p5engine.obj
 0003:00004040       ?__proc_attached@@3HA      0000000180011040     MSVCRTD:dll_dllmain.obj
 0003:00004050       GS_ExceptionRecord         0000000180011050     MSVCRTD:gs_report.obj
 0003:000040f0       GS_ContextRecord           00000001800110f0     MSVCRTD:gs_report.obj
 0003:000045f0       ?is_initialized_as_dll@@3_NA 00000001800115f0     MSVCRTD:utility.obj
 0003:000045f1       ?module_local_atexit_table_initialized@@3_NA 00000001800115f1     MSVCRTD:utility.obj
 0003:000045f8       ?module_local_atexit_table@@3U_onexit_table_t@@A 00000001800115f8     MSVCRTD:utility.obj
 0003:00004610       ?module_local_at_quick_exit_table@@3U_onexit_table_t@@A 0000000180011610     MSVCRTD:utility.obj
 0005:00000000       __13F3F6DF_p5engine_platform@h 0000000180013000     p5engine.obj
 0005:00000001       __741AE07E_corecrt_math@h  0000000180013001     p5engine.obj
 0005:00000002       __20BB4341_malloc@h        0000000180013002     p5engine.obj
 0005:00000003       __59D680CA_p5engine_intrinsics@h 0000000180013003     p5engine.obj
 0005:00000004       __F7DD5931_p5engine_math@h 0000000180013004     p5engine.obj
 0005:00000005       __3D1D9D14_p5engine_entity@h 0000000180013005     p5engine.obj
 0005:00000006       __041FA700_p5engine@h      0000000180013006     p5engine.obj
 0005:00000007       __90CAD781_p5engine_render_group@cpp 0000000180013007     p5engine.obj
 0005:00000008       __FB00506F_p5engine_world@cpp 0000000180013008     p5engine.obj
 0005:00000009       __F0D5BF50_p5engine_sim_region@cpp 0000000180013009     p5engine.obj
 0005:0000000a       __D37FE29A_p5engine_entity@cpp 000000018001300a     p5engine.obj
 0005:0000000b       __7BC1EBB1_p5engine_random@h 000000018001300b     p5engine.obj
 0005:0000000c       __3BDDD57F_p5engine@cpp    000000018001300c     p5engine.obj
 0006:00000060       $R000000                   0000000180014060     * linker generated manifest res *
