 P5Engine

 Timestamp is 64d3340e (Wed Aug  9 01:37:02 2023)

 Preferred load address is 0000000180000000

 Start         Length     Name                   Class
 0001:00000000 00017250H .text$mn                CODE
 0001:00017250 00000040H .text$mn$00             CODE
 0001:00017290 0000043dH .text$x                 CODE
 0002:00000000 00000118H .idata$5                DATA
 0002:00000118 00000028H .00cfg                  DATA
 0002:00000140 00000008H .CRT$XCA                DATA
 0002:00000148 00000008H .CRT$XCZ                DATA
 0002:00000150 00000008H .CRT$XIA                DATA
 0002:00000158 00000008H .CRT$XIZ                DATA
 0002:00000160 00000008H .CRT$XPA                DATA
 0002:00000168 00000008H .CRT$XPZ                DATA
 0002:00000170 00000008H .CRT$XTA                DATA
 0002:00000178 00000008H .CRT$XTZ                DATA
 0002:00000180 00000000H .gehcont$y              DATA
 0002:00000180 00000000H .gfids$y                DATA
 0002:00000180 00001200H .rdata                  DATA
 0002:00001380 00000000H .rdata$CastGuardVftablesA DATA
 0002:00001380 00000000H .rdata$CastGuardVftablesC DATA
 0002:00001380 00000240H .rdata$voltmd           DATA
 0002:000015c0 000002d8H .rdata$zzzdbg           DATA
 0002:00001898 00000008H .rtc$IAA                DATA
 0002:000018a0 00000008H .rtc$IZZ                DATA
 0002:000018a8 00000008H .rtc$TAA                DATA
 0002:000018b0 00000008H .rtc$TZZ                DATA
 0002:000018b8 00000db8H .xdata                  DATA
 0002:00002670 00000090H .edata                  DATA
 0002:00002700 00000050H .idata$2                DATA
 0002:00002750 00000018H .idata$3                DATA
 0002:00002768 00000118H .idata$4                DATA
 0002:00002880 000002dcH .idata$6                DATA
 0003:00000000 00004060H .data                   DATA
 0003:00004060 406006b4H .bss                    DATA
 0004:00000000 00000e10H .pdata                  DATA
 0005:00000000 00000020H .msvcjmc                DATA
 0006:00000000 00000060H .rsrc$01                DATA
 0006:00000060 00000098H .rsrc$02                DATA

  Address         Publics by Value              Rva+Base               Lib:Object

 0000:00000000       __guard_eh_cont_count      0000000000000000     <absolute>
 0000:00000000       __guard_fids_count         0000000000000000     <absolute>
 0000:00000000       __AbsoluteZero             0000000000000000     <absolute>
 0000:00000000       __dynamic_value_reloc_table 0000000000000000     <absolute>
 0000:00000000       __x64_code_ranges_to_entry_points 0000000000000000     <absolute>
 0000:00000000       ___safe_se_handler_count   0000000000000000     <absolute>
 0000:00000000       __arm64x_redirection_metadata 0000000000000000     <absolute>
 0000:00000000       __guard_check_icall_a64n_fptr 0000000000000000     <absolute>
 0000:00000000       __guard_longjmp_table      0000000000000000     <absolute>
 0000:00000000       __guard_fids_table         0000000000000000     <absolute>
 0000:00000000       __hybrid_code_map_count    0000000000000000     <absolute>
 0000:00000000       __arm64x_extra_rfe_table_size 0000000000000000     <absolute>
 0000:00000000       __arm64x_extra_rfe_table   0000000000000000     <absolute>
 0000:00000000       __guard_longjmp_count      0000000000000000     <absolute>
 0000:00000000       __guard_iat_count          0000000000000000     <absolute>
 0000:00000000       ___safe_se_handler_table   0000000000000000     <absolute>
 0000:00000000       __hybrid_auxiliary_iat_copy 0000000000000000     <absolute>
 0000:00000000       __guard_iat_table          0000000000000000     <absolute>
 0000:00000000       __hybrid_auxiliary_iat     0000000000000000     <absolute>
 0000:00000000       __x64_code_ranges_to_entry_points_count 0000000000000000     <absolute>
 0000:00000000       __hybrid_code_map          0000000000000000     <absolute>
 0000:00000000       __arm64x_redirection_metadata_count 0000000000000000     <absolute>
 0000:00000000       __arm64x_native_entrypoint 0000000000000000     <absolute>
 0000:00000000       __enclave_config           0000000000000000     <absolute>
 0000:00000000       __guard_eh_cont_table      0000000000000000     <absolute>
 0000:00000100       __guard_flags              0000000000000100     <absolute>
 0000:00000000       __ImageBase                0000000180000000     <linker-defined>
 0001:0000adb0       GameUpdateAndRender        000000018000bdb0 f   p5engine.obj
 0001:0000e950       GameGetSoundSamples        000000018000f950 f   p5engine.obj
 0001:0000f2d0       GameDEBUGFrameEnd          00000001800102d0 f   p5engine.obj
 0001:0000f410       ??$_snprintf_s@$0BAA@@@YAHAEAY0BAA@D_KPEBDZZ 0000000180010410 f i p5engine.obj
 0001:0000f490       ??0timed_block@@QEAA@HPEADH0H@Z 0000000180010490 f i p5engine.obj
 0001:0000f530       ??1timed_block@@QEAA@XZ    0000000180010530 f i p5engine.obj
 0001:0000f560       ??D@YA?ATv2@@MT0@@Z        0000000180010560 f i p5engine.obj
 0001:0000f5e0       ??D@YA?ATv3@@MT0@@Z        00000001800105e0 f i p5engine.obj
 0001:0000f690       ??D@YA?ATv3@@T0@M@Z        0000000180010690 f i p5engine.obj
 0001:0000f710       ??D@YA?ATv4@@MT0@@Z        0000000180010710 f i p5engine.obj
 0001:0000f7e0       ??G@YA?ATv2@@T0@0@Z        00000001800107e0 f i p5engine.obj
 0001:0000f860       ??G@YA?ATv3@@T0@0@Z        0000000180010860 f i p5engine.obj
 0001:0000f920       ??G@YA?ATv3@@T0@@Z         0000000180010920 f i p5engine.obj
 0001:0000f9d0       ??H@YA?ATv2@@T0@0@Z        00000001800109d0 f i p5engine.obj
 0001:0000fa50       ??H@YA?ATv3@@T0@0@Z        0000000180010a50 f i p5engine.obj
 0001:0000fb10       ??X@YAAEATv3@@AEAT0@M@Z    0000000180010b10 f i p5engine.obj
 0001:0000fb90       ??Y@YAAEATv2@@AEAT0@T0@@Z  0000000180010b90 f i p5engine.obj
 0001:0000fbe0       ??Y@YAAEATv3@@AEAT0@T0@@Z  0000000180010be0 f i p5engine.obj
 0001:0000fc80       ??Z@YAAEATv3@@AEAT0@T0@@Z  0000000180010c80 f i p5engine.obj
 0001:0000fd20       ?ATan2@@YAMMM@Z            0000000180010d20 f i p5engine.obj
 0001:0000fd70       ?AbsoluteValue@@YAMM@Z     0000000180010d70 f i p5engine.obj
 0001:0000fdb0       ?AccumDebugStatistic@@YAXPEAUdebug_statistic@@N@Z 0000000180010db0 f i p5engine.obj
 0001:0000fe40       ?AddFlags@@YAXPEAUsim_entity@@I@Z 0000000180010e40 f i p5engine.obj
 0001:0000fe80       ?AddRadiusTo@@YA?AUrectangle3@@U1@Tv3@@@Z 0000000180010e80 f i p5engine.obj
 0001:0000fff0       ?AllResourcesPresent@@YAHPEAUrender_group@@@Z 0000000180010ff0 f i p5engine.obj
 0001:00010040       ?AreInSameChunk@@YAHPEAUworld@@PEAUworld_position@@1@Z 0000000180011040 f i p5engine.obj
 0001:00010140       ?BeginAssetLock@@YAXPEAUgame_assets@@@Z 0000000180011140 f i p5engine.obj
 0001:00010180       ?BeginDebugStatistic@@YAXPEAUdebug_statistic@@@Z 0000000180011180 f i p5engine.obj
 0001:000101e0       ?BeginGeneration@@YAIPEAUgame_assets@@@Z 00000001800111e0 f i p5engine.obj
 0001:00010290       ?BeginTemporaryMemory@@YA?AUtemporary_memory@@PEAUmemory_arena@@@Z 0000000180011290 f i p5engine.obj
 0001:00010330       ?CenteredChunkPoint@@YA?AUworld_position@@III@Z 0000000180011330 f i p5engine.obj
 0001:000103c0       ?ChangeEntityLocationRaw@@YAXPEAUmemory_arena@@PEAUworld@@IPEAUworld_position@@2@Z 00000001800113c0 f i p5engine.obj
 0001:00010820       ?CheckArena@@YAXPEAUmemory_arena@@@Z 0000000180011820 f i p5engine.obj
 0001:00010850       ?ChunkPositionFromTilePosition@@YA?AUworld_position@@PEAUworld@@HHHTv3@@@Z 0000000180011850 f i p5engine.obj
 0001:00010af0       ?Clamp01@@YA?ATv2@@T1@@Z   0000000180011af0 f i p5engine.obj
 0001:00010b60       ?Clamp01@@YAMM@Z           0000000180011b60 f i p5engine.obj
 0001:00010ba0       ?Clamp01MapToRange@@YAMMMM@Z 0000000180011ba0 f i p5engine.obj
 0001:00010c20       ?Clamp@@YAMMMM@Z           0000000180011c20 f i p5engine.obj
 0001:00010c90       ?Clear@@YAXPEAUrender_group@@Tv4@@@Z 0000000180011c90 f i p5engine.obj
 0001:00010cf0       ?ClearFlags@@YAXPEAUsim_entity@@I@Z 0000000180011cf0 f i p5engine.obj
 0001:00010d30       ?DefaultMoveSpec@@YA?AUmove_spec@@XZ 0000000180011d30 f i p5engine.obj
 0001:00010dd0       ?EndAssetLock@@YAXPEAUgame_assets@@@Z 0000000180011dd0 f i p5engine.obj
 0001:00010e00       ?EndDebugStatistic@@YAXPEAUdebug_statistic@@@Z 0000000180011e00 f i p5engine.obj
 0001:00010e70       ?EndGeneration@@YAXPEAUgame_assets@@I@Z 0000000180011e70 f i p5engine.obj
 0001:00010f30       ?EndTemporaryMemory@@YAXUtemporary_memory@@@Z 0000000180011f30 f i p5engine.obj
 0001:00010fb0       ?EntityOverlapsRectangle@@YAHTv3@@Usim_entity_collision_volume@@Urectangle3@@@Z 0000000180011fb0 f i p5engine.obj
 0001:00011140       ?GetAlignmentOffset@@YA_KPEAUmemory_arena@@_K@Z 0000000180012140 f i p5engine.obj
 0001:000111d0       ?GetArenaSizeRemaining@@YA_KPEAUmemory_arena@@_K@Z 00000001800121d0 f i p5engine.obj
 0001:00011230       ?GetAsset@@YAPEAUasset_memory_header@@PEAUgame_assets@@II@Z 0000000180012230 f i p5engine.obj
 0001:00011300       ?GetBarycentric@@YA?ATv2@@Urectangle2@@T1@@Z 0000000180012300 f i p5engine.obj
 0001:000113b0       ?GetFont@@YAPEAUloaded_font@@PEAUgame_assets@@Ufont_id@@I@Z 00000001800123b0 f i p5engine.obj
 0001:000113b0       ?GetBitmap@@YAPEAUloaded_bitmap@@PEAUgame_assets@@Ubitmap_id@@I@Z 00000001800123b0 f i p5engine.obj
 0001:000113b0       ?GetSound@@YAPEAUloaded_sound@@PEAUgame_assets@@Usound_id@@I@Z 00000001800123b0 f i p5engine.obj
 0001:00011420       ?GetSoundInfo@@YAPEAUp5a_sound@@PEAUgame_assets@@Usound_id@@@Z 0000000180012420 f i p5engine.obj
 0001:00011420       ?GetFontInfo@@YAPEAUp5a_font@@PEAUgame_assets@@Ufont_id@@@Z 0000000180012420 f i p5engine.obj
 0001:00011420       ?GetBitmapInfo@@YAPEAUp5a_bitmap@@PEAUgame_assets@@Ubitmap_id@@@Z 0000000180012420 f i p5engine.obj
 0001:00011480       ?GetCameraRectangleAtDistance@@YA?AUrectangle2@@PEAUrender_group@@M@Z 0000000180012480 f i p5engine.obj
 0001:00011520       ?GetCameraRectangleAtTarget@@YA?AUrectangle2@@PEAUrender_group@@@Z 0000000180012520 f i p5engine.obj
 0001:00011590       ?GetDim@@YA?ATv2@@Urectangle2@@@Z 0000000180012590 f i p5engine.obj
 0001:000115d0       ?GetDim@@YA?ATv3@@Urectangle3@@@Z 00000001800125d0 f i p5engine.obj
 0001:00011670       ?GetEntityGroundPoint@@YA?ATv3@@PEAUsim_entity@@@Z 0000000180012670 f i p5engine.obj
 0001:000116f0       ?GetEntityGroundPoint@@YA?ATv3@@PEAUsim_entity@@T1@@Z 00000001800126f0 f i p5engine.obj
 0001:00011750       ?GetFile@@YAPEAUasset_file@@PEAUgame_assets@@I@Z 0000000180012750 f i p5engine.obj
 0001:000117b0       ?GetFileHandleFor@@YAPEAUplatform_file_handle@@PEAUgame_assets@@I@Z 00000001800127b0 f i p5engine.obj
 0001:00011810       ?GetGlyphFromCodepoint@@YAIPEAUp5a_font@@PEAUloaded_font@@I@Z 0000000180012810 f i p5engine.obj
 0001:00011880       ?GetHex@@YAID@Z            0000000180012880 f i p5engine.obj
 0001:000118f0       ?GetLowEntity@@YAPEAUlow_entity@@PEAUgame_state@@I@Z 00000001800128f0 f i p5engine.obj
 0001:00011960       ?GetMaxCorner@@YA?ATv3@@Urectangle3@@@Z 0000000180012960 f i p5engine.obj
 0001:000119c0       ?GetMinCorner@@YA?ATv3@@Urectangle3@@@Z 00000001800129c0 f i p5engine.obj
 0001:00011a10       ?GetNextSoundInChain@@YA?AUsound_id@@PEAUgame_assets@@U1@@Z 0000000180012a10 f i p5engine.obj
 0001:00011ad0       ?GetRenderEntityBasisPos@@YA?AUentity_basis_p_result@@PEAUrender_transform@@Tv3@@@Z 0000000180012ad0 f i p5engine.obj
 0001:00011de0       ?GetSimSpacePos@@YA?ATv3@@PEAUsim_region@@PEAUlow_entity@@@Z 0000000180012de0 f i p5engine.obj
 0001:00011ed0       ?GetStairGround@@YAMPEAUsim_entity@@Tv3@@@Z 0000000180012ed0 f i p5engine.obj
 0001:00011fc0       ?GetWorldChunk@@YAPEAUworld_chunk@@PEAUworld@@HHHPEAUmemory_arena@@@Z 0000000180012fc0 f i p5engine.obj
 0001:00012230       ?Hadamard@@YA?ATv2@@T1@0@Z 0000000180013230 f i p5engine.obj
 0001:00012290       ?Hadamard@@YA?ATv3@@T1@0@Z 0000000180013290 f i p5engine.obj
 0001:00012350       ?HasFlag@@YAHPEAUsim_entity@@I@Z 0000000180013350 f i p5engine.obj
 0001:00012390       ?InitializeArena@@YAXPEAUmemory_arena@@_KPEAX@Z 0000000180013390 f i p5engine.obj
 0001:000123f0       ?Inner@@YAMTv2@@0@Z        00000001800133f0 f i p5engine.obj
 0001:00012440       ?Inner@@YAMTv3@@0@Z        0000000180013440 f i p5engine.obj
 0001:000124b0       ?InsertAssetHeaderAtFront@@YAXPEAUgame_assets@@PEAUasset_memory_header@@@Z 00000001800134b0 f i p5engine.obj
 0001:00012520       ?Intersect@@YA?AUrectangle2i@@U1@0@Z 0000000180013520 f i p5engine.obj
 0001:00012630       ?IsCanonical@@YAHMM@Z      0000000180013630 f i p5engine.obj
 0001:000126d0       ?IsCanonical@@YAHPEAUworld@@Tv3@@@Z 00000001800136d0 f i p5engine.obj
 0001:00012770       ?IsHex@@YAHD@Z             0000000180013770 f i p5engine.obj
 0001:000127d0       ?IsInRectangle@@YAHUrectangle3@@Tv3@@@Z 00000001800137d0 f i p5engine.obj
 0001:00012890       ?IsValid@@YAHUsound_id@@@Z 0000000180013890 f i p5engine.obj
 0001:000128d0       ?IsValid@@YAHUworld_position@@@Z 00000001800138d0 f i p5engine.obj
 0001:00012920       ?Length@@YAMTv3@@@Z        0000000180013920 f i p5engine.obj
 0001:00012970       ?LengthSq@@YAMTv2@@@Z      0000000180013970 f i p5engine.obj
 0001:000129b0       ?LengthSq@@YAMTv3@@@Z      00000001800139b0 f i p5engine.obj
 0001:00012a20       ?LoadEntityReference@@YAXPEAUgame_state@@PEAUsim_region@@PEATentity_reference@@@Z 0000000180013a20 f i p5engine.obj
 0001:00012b50       ?MakeEntityNonSpatial@@YAXPEAUsim_entity@@@Z 0000000180013b50 f i p5engine.obj
 0001:00012bd0       ?MakeEntitySpatial@@YAXPEAUsim_entity@@Tv3@@1@Z 0000000180013bd0 f i p5engine.obj
 0001:00012c40       ?MapIntoChunkSpace@@YA?AUworld_position@@PEAUworld@@U1@Tv3@@@Z 0000000180013c40 f i p5engine.obj
 0001:00012d30       ?NullPosition@@YA?AUworld_position@@XZ 0000000180013d30 f i p5engine.obj
 0001:00012da0       ?Orthographic@@YAXPEAUrender_group@@HHM@Z 0000000180013da0 f i p5engine.obj
 0001:00012ea0       ?Perspective@@YAXPEAUrender_group@@HHMMM@Z 0000000180013ea0 f i p5engine.obj
 0001:00012f90       ?PrefetchSound@@YAXPEAUgame_assets@@Usound_id@@@Z 0000000180013f90 f i p5engine.obj
 0001:00012fc0       ?PushBitmap@@YAXPEAUrender_group@@PEAUloaded_bitmap@@Tv3@@MTv4@@@Z 0000000180013fc0 f i p5engine.obj
 0001:000131f0       ?PushBitmap@@YAXPEAUrender_group@@Ubitmap_id@@Tv3@@MTv4@@@Z 00000001800141f0 f i p5engine.obj
 0001:00013350       ?PushFont@@YAPEAUloaded_font@@PEAUrender_group@@Ufont_id@@@Z 0000000180014350 f i p5engine.obj
 0001:000133e0       ?PushRect@@YAXPEAUrender_group@@Tv3@@Tv2@@Tv4@@@Z 00000001800143e0 f i p5engine.obj
 0001:00013580       ?PushRectOutline@@YAXPEAUrender_group@@Tv3@@Tv2@@Tv4@@@Z 0000000180014580 f i p5engine.obj
 0001:00013a10       ?PushRenderElement_@@YAPEAXPEAUrender_group@@IW4render_group_entry_type@@@Z 0000000180014a10 f i p5engine.obj
 0001:00013b40       ?PushSize_@@YAPEAXPEAUmemory_arena@@_K1@Z 0000000180014b40 f i p5engine.obj
 0001:00013c10       ?RandomBilateral@@YAMPEAUrandom_series@@@Z 0000000180014c10 f i p5engine.obj
 0001:00013c60       ?RandomChoice@@YAIPEAUrandom_series@@I@Z 0000000180014c60 f i p5engine.obj
 0001:00013ca0       ?RandomNextUInt32@@YAIPEAUrandom_series@@@Z 0000000180014ca0 f i p5engine.obj
 0001:00013d10       ?RandomSeed@@YA?AUrandom_series@@I@Z 0000000180014d10 f i p5engine.obj
 0001:00013d80       ?RandomUnilateral@@YAMPEAUrandom_series@@@Z 0000000180014d80 f i p5engine.obj
 0001:00013de0       ?RecanonicalizeCoord@@YAXMPEAHPEAM@Z 0000000180014de0 f i p5engine.obj
 0001:00013e80       ?RectCenterDim@@YA?AUrectangle2@@Tv2@@0@Z 0000000180014e80 f i p5engine.obj
 0001:00013f10       ?RectCenterDim@@YA?AUrectangle3@@Tv3@@0@Z 0000000180014f10 f i p5engine.obj
 0001:00014000       ?RectCenterHalfDim@@YA?AUrectangle2@@Tv2@@0@Z 0000000180015000 f i p5engine.obj
 0001:000140b0       ?RectCenterHalfDim@@YA?AUrectangle3@@Tv3@@0@Z 00000001800150b0 f i p5engine.obj
 0001:00014220       ?RectMinMax@@YA?AUrectangle3@@Tv3@@0@Z 0000000180015220 f i p5engine.obj
 0001:000142c0       ?RectanglesIntersect@@YAHUrectangle3@@0@Z 00000001800152c0 f i p5engine.obj
 0001:00014380       ?RoundReal32ToInt32@@YAHM@Z 0000000180015380 f i p5engine.obj
 0001:000143c0       ?RoundReal32ToUInt32@@YAIM@Z 00000001800153c0 f i p5engine.obj
 0001:00014400       ?SafeRatio1@@YAMMM@Z       0000000180015400 f i p5engine.obj
 0001:00014450       ?SafeRatioN@@YAMMMM@Z      0000000180015450 f i p5engine.obj
 0001:000144b0       ?SignOf@@YAMM@Z            00000001800154b0 f i p5engine.obj
 0001:00014510       ?Sin@@YAMM@Z               0000000180015510 f i p5engine.obj
 0001:00014550       ?Square@@YAMM@Z            0000000180015550 f i p5engine.obj
 0001:00014590       ?SquareRoot@@YAMM@Z        0000000180015590 f i p5engine.obj
 0001:000145d0       ?StoreEntityReference@@YAXPEATentity_reference@@@Z 00000001800155d0 f i p5engine.obj
 0001:00014610       ?SubArena@@YAXPEAUmemory_arena@@0_K1@Z 0000000180015610 f i p5engine.obj
 0001:00014680       ?ToV3@@YA?ATv3@@Tv2@@M@Z   0000000180015680 f i p5engine.obj
 0001:00014710       ?Unproject@@YA?ATv2@@PEAUrender_group@@T1@M@Z 0000000180015710 f i p5engine.obj
 0001:00014760       ?V2@@YA?ATv2@@MM@Z         0000000180015760 f i p5engine.obj
 0001:000147d0       ?V2i@@YA?ATv2@@HH@Z        00000001800157d0 f i p5engine.obj
 0001:00014820       ?V3@@YA?ATv3@@MMM@Z        0000000180015820 f i p5engine.obj
 0001:000148c0       ?V4@@YA?ATv4@@MMMM@Z       00000001800158c0 f i p5engine.obj
 0001:00014970       ?ZeroSize@@YAX_KPEAX@Z     0000000180015970 f i p5engine.obj
 0001:000149d0       AtomicAddU64               00000001800159d0 f i p5engine.obj
 0001:00014a10       AtomicCompareExchangeU32   0000000180015a10 f i p5engine.obj
 0001:00014a60       AtomicExchangeU64          0000000180015a60 f i p5engine.obj
 0001:00014aa0       GetController              0000000180015aa0 f i p5engine.obj
 0001:00014b00       GetThreadID                0000000180015b00 f i p5engine.obj
 0001:00014b40       RecordDebugEvent           0000000180015b40 f i p5engine.obj
 0001:00014c20       __local_stdio_printf_options 0000000180015c20 f i p5engine.obj
 0001:00014c40       _vsnprintf_s               0000000180015c40 f i p5engine.obj
 0001:00014ca0       _vsnprintf_s_l             0000000180015ca0 f i p5engine.obj
 0001:00014d30       ?DrawRectangleQuickly@@YAXPEAUloaded_bitmap@@Tv2@@11Tv4@@0MUrectangle2i@@H@Z 0000000180015d30 f   p5engine_optimized.obj
 0001:00015a90       __CheckForDebuggerJustMyCode 0000000180016a90 f   MSVCRTD:debugger_jmc.obj
 0001:00015ad0       __GSHandlerCheck           0000000180016ad0 f   MSVCRTD:gshandler.obj
 0001:00015b10       __GSHandlerCheckCommon     0000000180016b10 f   MSVCRTD:gshandler.obj
 0001:00015c10       __GSHandlerCheck_EH4       0000000180016c10 f   MSVCRTD:gshandlereh4.obj
 0001:00015cd0       _alloca_probe              0000000180016cd0 f   MSVCRTD:chkstk.obj
 0001:00015cd0       __chkstk                   0000000180016cd0 f   MSVCRTD:chkstk.obj
 0001:00015d30       __security_check_cookie    0000000180016d30 f   MSVCRTD:amdsecgs.obj
 0001:00016160       _DllMainCRTStartup         0000000180017160 f   MSVCRTD:dll_dllmain.obj
 0001:000161a0       __raise_securityfailure    00000001800171a0 f   MSVCRTD:gs_report.obj
 0001:000161e0       __report_gsfailure         00000001800171e0 f   MSVCRTD:gs_report.obj
 0001:00016440       __security_init_cookie     0000000180017440 f   MSVCRTD:gs_support.obj
 0001:000164c0       DllMain                    00000001800174c0 f   MSVCRTD:dll_dllmain_stub.obj
 0001:00016500       ?__scrt_initialize_type_info@@YAXXZ 0000000180017500 f   MSVCRTD:tncleanup.obj
 0001:00016520       ?__scrt_uninitialize_type_info@@YAXXZ 0000000180017520 f   MSVCRTD:tncleanup.obj
 0001:00016540       __local_stdio_scanf_options 0000000180017540 f i MSVCRTD:default_local_stdio_options.obj
 0001:00016550       __scrt_initialize_default_local_stdio_options 0000000180017550 f   MSVCRTD:default_local_stdio_options.obj
 0001:000165a0       ?configure_argv@__scrt_narrow_argv_policy@@SAHXZ 00000001800175a0 f i MSVCRTD:utility.obj
 0001:00016690       ?initialize_environment@__scrt_narrow_environment_policy@@SAHXZ 0000000180017690 f i MSVCRTD:utility.obj
 0001:00016730       NtCurrentTeb               0000000180017730 f i MSVCRTD:utility.obj
 0001:00016740       __scrt_acquire_startup_lock 0000000180017740 f   MSVCRTD:utility.obj
 0001:000167b0       __scrt_dllmain_after_initialize_c 00000001800177b0 f   MSVCRTD:utility.obj
 0001:000167e0       __scrt_dllmain_before_initialize_c 00000001800177e0 f   MSVCRTD:utility.obj
 0001:00016800       __scrt_dllmain_crt_thread_attach 0000000180017800 f   MSVCRTD:utility.obj
 0001:00016830       __scrt_dllmain_crt_thread_detach 0000000180017830 f   MSVCRTD:utility.obj
 0001:00016850       __scrt_dllmain_exception_filter 0000000180017850 f   MSVCRTD:utility.obj
 0001:000168c0       __scrt_dllmain_uninitialize_c 00000001800178c0 f   MSVCRTD:utility.obj
 0001:000168f0       __scrt_dllmain_uninitialize_critical 00000001800178f0 f   MSVCRTD:utility.obj
 0001:00016910       __scrt_initialize_crt      0000000180017910 f   MSVCRTD:utility.obj
 0001:00016960       __scrt_initialize_onexit_tables 0000000180017960 f   MSVCRTD:utility.obj
 0001:00016a70       __scrt_is_nonwritable_in_current_image 0000000180017a70 f   MSVCRTD:utility.obj
 0001:00016b00       __scrt_release_startup_lock 0000000180017b00 f   MSVCRTD:utility.obj
 0001:00016b30       __scrt_uninitialize_crt    0000000180017b30 f   MSVCRTD:utility.obj
 0001:00016b70       __scrt_get_dyn_tls_init_callback 0000000180017b70 f   MSVCRTD:dyn_tls_init.obj
 0001:00016b80       __crt_debugger_hook        0000000180017b80 f   MSVCRTD:utility_desktop.obj
 0001:00016b90       __scrt_fastfail            0000000180017b90 f   MSVCRTD:utility_desktop.obj
 0001:00016d30       _RTC_Initialize            0000000180017d30 f   MSVCRTD:initsect.obj
 0001:00016d80       _RTC_Terminate             0000000180017d80 f   MSVCRTD:initsect.obj
 0001:00016dd0       _guard_check_icall_nop     0000000180017dd0 f i MSVCRTD:guard_support.obj
 0001:00016de0       __isa_available_init       0000000180017de0 f   MSVCRTD:cpu_disp.obj
 0001:00017180       _get_startup_argv_mode     0000000180018180 f   MSVCRTD:argv_mode.obj
 0001:00017190       __scrt_is_ucrt_dll_in_use  0000000180018190 f   MSVCRTD:ucrt_detection.obj
 0001:000171c0       __CxxFrameHandler4         00000001800181c0 f   vcruntimed:VCRUNTIME140_1D.dll
 0001:000171c6       __C_specific_handler       00000001800181c6 f   vcruntimed:VCRUNTIME140D.dll
 0001:000171cc       __std_type_info_destroy_list 00000001800181cc f   vcruntimed:VCRUNTIME140D.dll
 0001:000171d2       atan2                      00000001800181d2 f   ucrtd:ucrtbased.dll
 0001:000171d8       sinf                       00000001800181d8 f   ucrtd:ucrtbased.dll
 0001:000171de       sqrtf                      00000001800181de f   ucrtd:ucrtbased.dll
 0001:000171e4       _initterm                  00000001800181e4 f   ucrtd:ucrtbased.dll
 0001:000171ea       _initterm_e                00000001800181ea f   ucrtd:ucrtbased.dll
 0001:000171f0       _seh_filter_dll            00000001800181f0 f   ucrtd:ucrtbased.dll
 0001:000171f6       _configure_narrow_argv     00000001800181f6 f   ucrtd:ucrtbased.dll
 0001:000171fc       _initialize_narrow_environment 00000001800181fc f   ucrtd:ucrtbased.dll
 0001:00017202       _initialize_onexit_table   0000000180018202 f   ucrtd:ucrtbased.dll
 0001:00017208       _execute_onexit_table      0000000180018208 f   ucrtd:ucrtbased.dll
 0001:0001720e       _cexit                     000000018001820e f   ucrtd:ucrtbased.dll
 0001:00017220       __vcrt_thread_attach       0000000180018220 f   MSVCRTD:ucrt_stubs.obj
 0001:00017220       __vcrt_initialize          0000000180018220 f   MSVCRTD:ucrt_stubs.obj
 0001:00017220       __scrt_stub_for_acrt_initialize 0000000180018220 f   MSVCRTD:ucrt_stubs.obj
 0001:00017220       __vcrt_thread_detach       0000000180018220 f   MSVCRTD:ucrt_stubs.obj
 0001:00017220       __scrt_stub_for_acrt_thread_attach 0000000180018220 f   MSVCRTD:ucrt_stubs.obj
 0001:00017220       __acrt_initialize          0000000180018220 f   MSVCRTD:ucrt_stubs.obj
 0001:00017220       __acrt_thread_detach       0000000180018220 f   MSVCRTD:ucrt_stubs.obj
 0001:00017220       __scrt_stub_for_acrt_thread_detach 0000000180018220 f   MSVCRTD:ucrt_stubs.obj
 0001:00017220       __acrt_thread_attach       0000000180018220 f   MSVCRTD:ucrt_stubs.obj
 0001:00017230       __scrt_stub_for_acrt_uninitialize 0000000180018230 f   MSVCRTD:ucrt_stubs.obj
 0001:00017230       __acrt_uninitialize_critical 0000000180018230 f   MSVCRTD:ucrt_stubs.obj
 0001:00017230       __vcrt_uninitialize        0000000180018230 f   MSVCRTD:ucrt_stubs.obj
 0001:00017230       __acrt_uninitialize        0000000180018230 f   MSVCRTD:ucrt_stubs.obj
 0001:00017230       __scrt_stub_for_acrt_uninitialize_critical 0000000180018230 f   MSVCRTD:ucrt_stubs.obj
 0001:00017230       __vcrt_uninitialize_critical 0000000180018230 f   MSVCRTD:ucrt_stubs.obj
 0001:00017240       _is_c_termination_complete 0000000180018240 f   MSVCRTD:ucrt_stubs.obj
 0001:00017240       __scrt_stub_for_is_c_termination_complete 0000000180018240 f   MSVCRTD:ucrt_stubs.obj
 0001:00017260       _guard_dispatch_icall_nop  0000000180018260 f   MSVCRTD:guard_dispatch.obj
 0001:00017280       _guard_xfg_dispatch_icall_nop 0000000180018280 f   MSVCRTD:guard_xfg_dispatch.obj
 0002:00000000       __imp_GetCurrentProcessId  0000000180019000     kernel32:KERNEL32.dll
 0002:00000008       __imp_RtlCaptureContext    0000000180019008     kernel32:KERNEL32.dll
 0002:00000010       __imp_RtlLookupFunctionEntry 0000000180019010     kernel32:KERNEL32.dll
 0002:00000018       __imp_RtlVirtualUnwind     0000000180019018     kernel32:KERNEL32.dll
 0002:00000020       __imp_UnhandledExceptionFilter 0000000180019020     kernel32:KERNEL32.dll
 0002:00000028       __imp_SetUnhandledExceptionFilter 0000000180019028     kernel32:KERNEL32.dll
 0002:00000030       __imp_IsDebuggerPresent    0000000180019030     kernel32:KERNEL32.dll
 0002:00000038       __imp_InitializeSListHead  0000000180019038     kernel32:KERNEL32.dll
 0002:00000040       __imp_DisableThreadLibraryCalls 0000000180019040     kernel32:KERNEL32.dll
 0002:00000048       __imp_GetSystemTimeAsFileTime 0000000180019048     kernel32:KERNEL32.dll
 0002:00000050       __imp_GetCurrentThreadId   0000000180019050     kernel32:KERNEL32.dll
 0002:00000058       __imp_QueryPerformanceCounter 0000000180019058     kernel32:KERNEL32.dll
 0002:00000060       __imp_IsProcessorFeaturePresent 0000000180019060     kernel32:KERNEL32.dll
 0002:00000068       __imp_TerminateProcess     0000000180019068     kernel32:KERNEL32.dll
 0002:00000070       __imp_GetCurrentProcess    0000000180019070     kernel32:KERNEL32.dll
 0002:00000078       \177KERNEL32_NULL_THUNK_DATA 0000000180019078     kernel32:KERNEL32.dll
 0002:00000080       __imp___std_type_info_destroy_list 0000000180019080     vcruntimed:VCRUNTIME140D.dll
 0002:00000088       __imp___C_specific_handler 0000000180019088     vcruntimed:VCRUNTIME140D.dll
 0002:00000090       \177VCRUNTIME140D_NULL_THUNK_DATA 0000000180019090     vcruntimed:VCRUNTIME140D.dll
 0002:00000098       __imp___CxxFrameHandler4   0000000180019098     vcruntimed:VCRUNTIME140_1D.dll
 0002:000000a0       \177VCRUNTIME140_1D_NULL_THUNK_DATA 00000001800190a0     vcruntimed:VCRUNTIME140_1D.dll
 0002:000000a8       __imp__cexit               00000001800190a8     ucrtd:ucrtbased.dll
 0002:000000b0       __imp__execute_onexit_table 00000001800190b0     ucrtd:ucrtbased.dll
 0002:000000b8       __imp__initialize_onexit_table 00000001800190b8     ucrtd:ucrtbased.dll
 0002:000000c0       __imp__initialize_narrow_environment 00000001800190c0     ucrtd:ucrtbased.dll
 0002:000000c8       __imp__configure_narrow_argv 00000001800190c8     ucrtd:ucrtbased.dll
 0002:000000d0       __imp__initterm_e          00000001800190d0     ucrtd:ucrtbased.dll
 0002:000000d8       __imp__initterm            00000001800190d8     ucrtd:ucrtbased.dll
 0002:000000e0       __imp_sqrtf                00000001800190e0     ucrtd:ucrtbased.dll
 0002:000000e8       __imp_sinf                 00000001800190e8     ucrtd:ucrtbased.dll
 0002:000000f0       __imp_atan2                00000001800190f0     ucrtd:ucrtbased.dll
 0002:000000f8       __imp___stdio_common_vsnprintf_s 00000001800190f8     ucrtd:ucrtbased.dll
 0002:00000100       __imp_roundf               0000000180019100     ucrtd:ucrtbased.dll
 0002:00000108       __imp__seh_filter_dll      0000000180019108     ucrtd:ucrtbased.dll
 0002:00000110       \177ucrtbased_NULL_THUNK_DATA 0000000180019110     ucrtd:ucrtbased.dll
 0002:00000118       __guard_check_icall_fptr   0000000180019118     MSVCRTD:guard_support.obj
 0002:00000120       __guard_xfg_check_icall_fptr 0000000180019120     MSVCRTD:guard_support.obj
 0002:00000128       __guard_dispatch_icall_fptr 0000000180019128     MSVCRTD:guard_support.obj
 0002:00000130       __guard_xfg_dispatch_icall_fptr 0000000180019130     MSVCRTD:guard_support.obj
 0002:00000138       __guard_xfg_table_dispatch_icall_fptr 0000000180019138     MSVCRTD:guard_support.obj
 0002:00000140       __xc_a                     0000000180019140     MSVCRTD:initializers.obj
 0002:00000148       __xc_z                     0000000180019148     MSVCRTD:initializers.obj
 0002:00000150       __xi_a                     0000000180019150     MSVCRTD:initializers.obj
 0002:00000158       __xi_z                     0000000180019158     MSVCRTD:initializers.obj
 0002:00000160       __xp_a                     0000000180019160     MSVCRTD:initializers.obj
 0002:00000168       __xp_z                     0000000180019168     MSVCRTD:initializers.obj
 0002:00000170       __xt_a                     0000000180019170     MSVCRTD:initializers.obj
 0002:00000178       __xt_z                     0000000180019178     MSVCRTD:initializers.obj
 0002:00000e48       ??_C@_0BA@NMEIMCEK@InvalidCodePath@ 0000000180019e48     p5engine.obj
 0002:00000e58       ??_C@_0BI@OKLOPCDD@GetRenderEntityBasisPos@ 0000000180019e58     p5engine.obj
 0002:00000e70       ??_C@_0EJ@PHPNEBOK@C?3?2Users?2pguru?2source?2repos?2p5?9@ 0000000180019e70     p5engine.obj
 0002:00000ec0       ??_C@_0BD@JDBJLMOD@PushRenderElement_@ 0000000180019ec0     p5engine.obj
 0002:00000ed8       ??_C@_0O@NBAOOJGC@GetWorldChunk@ 0000000180019ed8     p5engine.obj
 0002:00000ef0       ??_C@_0EC@FAMPFJPC@C?3?2Users?2pguru?2source?2repos?2p5?9@ 0000000180019ef0     p5engine.obj
 0002:00000f38       ??_C@_0BI@OAEKEAEN@ChangeEntityLocationRaw@ 0000000180019f38     p5engine.obj
 0002:00000f50       __real@00000000            0000000180019f50     p5engine.obj
 0002:00000f58       __real@0000000000000000    0000000180019f58     p5engine.obj
 0002:00000f60       __real@308992b1            0000000180019f60     p5engine.obj
 0002:00000f64       __real@3a83126f            0000000180019f64     p5engine.obj
 0002:00000f68       __real@3c23d70a            0000000180019f68     p5engine.obj
 0002:00000f6c       __real@3cc30c31            0000000180019f6c     p5engine.obj
 0002:00000f70       __real@3dcccccd            0000000180019f70     p5engine.obj
 0002:00000f74       __real@3de38e39            0000000180019f74     p5engine.obj
 0002:00000f78       __real@3e4ccccd            0000000180019f78     p5engine.obj
 0002:00000f7c       __real@3e800000            0000000180019f7c     p5engine.obj
 0002:00000f80       __real@3e99999a            0000000180019f80     p5engine.obj
 0002:00000f84       __real@3ecccccd            0000000180019f84     p5engine.obj
 0002:00000f88       __real@3ee147ae            0000000180019f88     p5engine.obj
 0002:00000f8c       __real@3f000000            0000000180019f8c     p5engine.obj
 0002:00000f90       __real@3f19999a            0000000180019f90     p5engine.obj
 0002:00000f94       __real@3f228f5c            0000000180019f94     p5engine.obj
 0002:00000f98       __real@3f3504f3            0000000180019f98     p5engine.obj
 0002:00000f9c       __real@3f400000            0000000180019f9c     p5engine.obj
 0002:00000fa0       __real@3f666666            0000000180019fa0     p5engine.obj
 0002:00000fa4       __real@3f800000            0000000180019fa4     p5engine.obj
 0002:00000fa8       __real@3f8ccccd            0000000180019fa8     p5engine.obj
 0002:00000fac       __real@3f99999a            0000000180019fac     p5engine.obj
 0002:00000fb0       __real@3fa66666            0000000180019fb0     p5engine.obj
 0002:00000fb4       __real@3fb33333            0000000180019fb4     p5engine.obj
 0002:00000fb8       __real@3fc00000            0000000180019fb8     p5engine.obj
 0002:00000fc0       __real@3fe0000000000000    0000000180019fc0     p5engine.obj
 0002:00000fc8       __real@3ff0000000000000    0000000180019fc8     p5engine.obj
 0002:00000fd0       __real@40000000            0000000180019fd0     p5engine.obj
 0002:00000fd4       __real@400ccccd            0000000180019fd4     p5engine.obj
 0002:00000fd8       __real@40400000            0000000180019fd8     p5engine.obj
 0002:00000fdc       __real@40800000            0000000180019fdc     p5engine.obj
 0002:00000fe0       __real@40a00000            0000000180019fe0     p5engine.obj
 0002:00000fe4       __real@40c00000            0000000180019fe4     p5engine.obj
 0002:00000fe8       __real@40c90fdb            0000000180019fe8     p5engine.obj
 0002:00000fec       __real@41000000            0000000180019fec     p5engine.obj
 0002:00000ff0       __real@41100000            0000000180019ff0     p5engine.obj
 0002:00000ff4       __real@41200000            0000000180019ff4     p5engine.obj
 0002:00000ff8       __real@41700000            0000000180019ff8     p5engine.obj
 0002:00000ffc       __real@41880000            0000000180019ffc     p5engine.obj
 0002:00001000       __real@41a00000            000000018001a000     p5engine.obj
 0002:00001004       __real@41f00000            000000018001a004     p5engine.obj
 0002:00001008       __real@41f00625            000000018001a008     p5engine.obj
 0002:0000100c       __real@42340000            000000018001a00c     p5engine.obj
 0002:00001010       __real@42f00000            000000018001a010     p5engine.obj
 0002:00001014       __real@43520000            000000018001a014     p5engine.obj
 0002:00001018       __real@437f0000            000000018001a018     p5engine.obj
 0002:0000101c       __real@43960000            000000018001a01c     p5engine.obj
 0002:00001020       __real@461c4000            000000018001a020     p5engine.obj
 0002:00001024       __real@47c35000            000000018001a024     p5engine.obj
 0002:00001028       __real@47efffffe0000000    000000018001a028     p5engine.obj
 0002:00001030       __real@49742400            000000018001a030     p5engine.obj
 0002:00001034       __real@7f7fffff            000000018001a034     p5engine.obj
 0002:00001038       __real@becccccd            000000018001a038     p5engine.obj
 0002:0000103c       __real@bf000000            000000018001a03c     p5engine.obj
 0002:00001040       __real@bf800000            000000018001a040     p5engine.obj
 0002:00001044       __real@c0000000            000000018001a044     p5engine.obj
 0002:00001048       __real@c0100000            000000018001a048     p5engine.obj
 0002:0000104c       __real@c0400000            000000018001a04c     p5engine.obj
 0002:00001050       __real@c11ccccd            000000018001a050     p5engine.obj
 0002:00001058       __real@c7efffffe0000000    000000018001a058     p5engine.obj
 0002:00001060       __xmm@00000000000000000000000000000000 000000018001a060     p5engine.obj
 0002:00001070       __xmm@3f8000003f8000003f8000003f800000 000000018001a070     p5engine.obj
 0002:00001080       __xmm@7fffffffffffffff7fffffffffffffff 000000018001a080     p5engine.obj
 0002:00001090       __xmm@80000000800000008000000080000000 000000018001a090     p5engine.obj
 0002:000010a0       ??_C@_0BF@IHBADFJI@DrawRectangleQuickly@ 000000018001a0a0     p5engine_optimized.obj
 0002:000010c0       ??_C@_0EG@JEOCENLP@C?3?2Users?2pguru?2source?2repos?2p5?9@ 000000018001a0c0     p5engine_optimized.obj
 0002:00001108       ??_C@_09JFLEADPH@PixelFill@ 000000018001a108     p5engine_optimized.obj
 0002:00001120       __xmm@000000ff000000ff000000ff000000ff 000000018001a120     p5engine_optimized.obj
 0002:00001130       __xmm@0000ffff0000ffff0000ffff0000ffff 000000018001a130     p5engine_optimized.obj
 0002:00001140       __xmm@00ff00ff00ff00ff00ff00ff00ff00ff 000000018001a140     p5engine_optimized.obj
 0002:00001150       __xmm@3b8080813b8080813b8080813b808081 000000018001a150     p5engine_optimized.obj
 0002:00001160       __xmm@3f0000003f0000003f0000003f000000 000000018001a160     p5engine_optimized.obj
 0002:00001170       __xmm@40800000408000004080000040800000 000000018001a170     p5engine_optimized.obj
 0002:00001180       __xmm@477e0100477e0100477e0100477e0100 000000018001a180     p5engine_optimized.obj
 0002:00001190       __xmm@ffffffffffffffffffffffffffffffff 000000018001a190     p5engine_optimized.obj
 0002:000011a0       _pDefaultRawDllMain        000000018001a1a0     MSVCRTD:dll_dllmain.obj
 0002:000011a0       _pRawDllMain               000000018001a1a0     MSVCRTD:dll_dllmain.obj
 0002:00001210       _load_config_used          000000018001a210     MSVCRTD:loadcfg.obj
 0002:00001380       __volatile_metadata        000000018001a380     <linker-defined>
 0002:00001898       __rtc_iaa                  000000018001a898     MSVCRTD:initsect.obj
 0002:000018a0       __rtc_izz                  000000018001a8a0     MSVCRTD:initsect.obj
 0002:000018a8       __rtc_taa                  000000018001a8a8     MSVCRTD:initsect.obj
 0002:000018b0       __rtc_tzz                  000000018001a8b0     MSVCRTD:initsect.obj
 0002:00002700       __IMPORT_DESCRIPTOR_VCRUNTIME140_1D 000000018001b700     vcruntimed:VCRUNTIME140_1D.dll
 0002:00002714       __IMPORT_DESCRIPTOR_VCRUNTIME140D 000000018001b714     vcruntimed:VCRUNTIME140D.dll
 0002:00002728       __IMPORT_DESCRIPTOR_ucrtbased 000000018001b728     ucrtd:ucrtbased.dll
 0002:0000273c       __IMPORT_DESCRIPTOR_KERNEL32 000000018001b73c     kernel32:KERNEL32.dll
 0002:00002750       __NULL_IMPORT_DESCRIPTOR   000000018001b750     vcruntimed:VCRUNTIME140D.dll
 0003:00000000       GlobalDebugTable           000000018001c000     p5engine.obj
 0003:00004010       ?DebugRecords_Optimized_Count@@3IA 0000000180020010     p5engine_optimized.obj
 0003:00004020       __security_cookie_complement 0000000180020020     MSVCRTD:gs_cookie.obj
 0003:00004028       __security_cookie          0000000180020028     MSVCRTD:gs_cookie.obj
 0003:00004030       _fltused                   0000000180020030     MSVCRTD:fltused.obj
 0003:00004034       __scrt_native_dllmain_reason 0000000180020034     MSVCRTD:utility.obj
 0003:00004038       __isa_available            0000000180020038     MSVCRTD:cpu_disp.obj
 0003:0000403c       __isa_enabled              000000018002003c     MSVCRTD:cpu_disp.obj
 0003:00004040       __memcpy_nt_iters          0000000180020040     MSVCRTD:cpu_disp.obj
 0003:00004048       __memset_nt_iters          0000000180020048     MSVCRTD:cpu_disp.obj
 0003:00004050       __scrt_ucrt_dll_is_in_use  0000000180020050     MSVCRTD:ucrt_stubs.obj
 0003:00004060       DebugGlobalMemory          0000000180020060     p5engine.obj
 0003:40604108       ?_OptionsStorage@?1??__local_stdio_printf_options@@9@4_KA 00000001c0620108     p5engine.obj
 0003:40604690       ?__type_info_root_node@@3U__type_info_node@@A 00000001c0620690     MSVCRTD:tncleanup.obj
 0003:406046a0       ?_OptionsStorage@?1??__local_stdio_scanf_options@@9@4_KA 00000001c06206a0     MSVCRTD:default_local_stdio_options.obj
 0003:406046a8       __scrt_current_native_startup_state 00000001c06206a8     MSVCRTD:utility.obj
 0003:406046b0       __scrt_native_startup_lock 00000001c06206b0     MSVCRTD:utility.obj
 0003:406046f0       __scrt_debugger_hook_flag  00000001c06206f0     MSVCRTD:utility_desktop.obj
 0003:406046f8       __castguard_check_failure_os_handled_fptr 00000001c06206f8     MSVCRTD:guard_support.obj
 0003:40604700       __favor                    00000001c0620700     MSVCRTD:cpu_disp.obj
 0003:40604708       __dyn_tls_init_callback    00000001c0620708     <common>
 0003:40604710       __DebuggerCurrentSteppingThreadId 00000001c0620710     <common>

 entry point at        0001:00016160

 Static symbols

 0000:bf9db000       .debug$S                   0000000180000000     P5Engine.exp
 0000:bf9db000       .debug$S                   0000000180000000     vcruntimed:VCRUNTIME140D.dll
 0000:bf9db000       .debug$S                   0000000180000000     vcruntimed:VCRUNTIME140D.dll
 0000:bf9db000       .debug$S                   0000000180000000     vcruntimed:VCRUNTIME140D.dll
 0000:bf9db000       .debug$S                   0000000180000000     vcruntimed:VCRUNTIME140D.dll
 0000:bf9db000       .debug$S                   0000000180000000     vcruntimed:VCRUNTIME140_1D.dll
 0000:bf9db000       .debug$S                   0000000180000000     ucrtd:ucrtbased.dll
 0000:bf9db000       .debug$S                   0000000180000000     ucrtd:ucrtbased.dll
 0000:bf9db000       .debug$S                   0000000180000000     ucrtd:ucrtbased.dll
 0000:bf9db000       .debug$S                   0000000180000000     ucrtd:ucrtbased.dll
 0000:bf9db000       .debug$S                   0000000180000000     ucrtd:ucrtbased.dll
 0000:bf9db000       .debug$S                   0000000180000000     ucrtd:ucrtbased.dll
 0000:bf9db000       .debug$S                   0000000180000000     ucrtd:ucrtbased.dll
 0000:bf9db000       .debug$S                   0000000180000000     ucrtd:ucrtbased.dll
 0000:bf9db000       .debug$S                   0000000180000000     ucrtd:ucrtbased.dll
 0000:bf9db000       .debug$S                   0000000180000000     ucrtd:ucrtbased.dll
 0000:bf9db000       .debug$S                   0000000180000000     ucrtd:ucrtbased.dll
 0000:bf9db000       .debug$S                   0000000180000000     ucrtd:ucrtbased.dll
 0000:bf9db000       .debug$S                   0000000180000000     ucrtd:ucrtbased.dll
 0000:bf9db000       .debug$S                   0000000180000000     ucrtd:ucrtbased.dll
 0000:bf9db000       .debug$S                   0000000180000000     ucrtd:ucrtbased.dll
 0000:bf9db000       .debug$S                   0000000180000000     ucrtd:ucrtbased.dll
 0000:bf9db000       .debug$S                   0000000180000000     ucrtd:ucrtbased.dll
 0000:bf9db000       .debug$S                   0000000180000000     kernel32:KERNEL32.dll
 0000:bf9db000       .debug$S                   0000000180000000     kernel32:KERNEL32.dll
 0000:bf9db000       .debug$S                   0000000180000000     kernel32:KERNEL32.dll
 0000:bf9db000       .debug$S                   0000000180000000     kernel32:KERNEL32.dll
 0000:bf9db000       .debug$S                   0000000180000000     kernel32:KERNEL32.dll
 0000:bf9db000       .debug$S                   0000000180000000     kernel32:KERNEL32.dll
 0000:bf9db000       .debug$S                   0000000180000000     kernel32:KERNEL32.dll
 0000:bf9db000       .debug$S                   0000000180000000     kernel32:KERNEL32.dll
 0000:bf9db000       .debug$S                   0000000180000000     kernel32:KERNEL32.dll
 0000:bf9db000       .debug$S                   0000000180000000     kernel32:KERNEL32.dll
 0000:bf9db000       .debug$S                   0000000180000000     kernel32:KERNEL32.dll
 0000:bf9db000       .debug$S                   0000000180000000     kernel32:KERNEL32.dll
 0000:bf9db000       .debug$S                   0000000180000000     kernel32:KERNEL32.dll
 0000:bf9db000       .debug$S                   0000000180000000     kernel32:KERNEL32.dll
 0000:bf9db000       .debug$S                   0000000180000000     kernel32:KERNEL32.dll
 0000:bf9db000       .debug$S                   0000000180000000     kernel32:KERNEL32.dll
 0000:bf9db000       .debug$S                   0000000180000000     kernel32:KERNEL32.dll
 0001:00000000       ?RemoveAssetHeaderFromList@@YAXPEAUasset_memory_header@@@Z 0000000180001000 f   p5engine.obj
 0001:00000070       ?LoadBitmap@@YAXPEAUgame_assets@@Ubitmap_id@@H@Z 0000000180001070 f   p5engine.obj
 0001:00000430       ?LoadSound@@YAXPEAUgame_assets@@Usound_id@@@Z 0000000180001430 f   p5engine.obj
 0001:00000730       ?LoadFont@@YAXPEAUgame_assets@@Ufont_id@@H@Z 0000000180001730 f   p5engine.obj
 0001:00000a90       ?DEBUGReset@@YAXPEAUgame_assets@@II@Z 0000000180001a90 f   p5engine.obj
 0001:00000c60       ?DEBUGOverlay@@YAXPEAUgame_memory@@@Z 0000000180001c60 f   p5engine.obj
 0001:00001530       ?AddCollisionRule@@YAXPEAUgame_state@@IIH@Z 0000000180002530 f   p5engine.obj
 0001:000016b0       ?ClearCollisionRulesFor@@YAXPEAUgame_state@@I@Z 00000001800026b0 f   p5engine.obj
 0001:000017b0       ?BeginTaskWithMemory@@YAPEAUtask_with_memory@@PEAUtransient_state@@@Z 00000001800027b0 f   p5engine.obj
 0001:00001890       ?EndTaskWithMemory@@YAXPEAUtask_with_memory@@@Z 0000000180002890 f   p5engine.obj
 0001:000018f0       ?DrawRectangle@@YAXPEAUloaded_bitmap@@Tv2@@1Tv4@@Urectangle2i@@H@Z 00000001800028f0 f   p5engine.obj
 0001:00001c10       ?RenderGroupToOutput@@YAXPEAUrender_group@@PEAUloaded_bitmap@@Urectangle2i@@H@Z 0000000180002c10 f   p5engine.obj
 0001:00001fe0       ?DoTiledRenderWork@@YAXPEAUplatform_work_queue@@PEAX@Z 0000000180002fe0 f   p5engine.obj
 0001:00002090       ?RenderGroupToOutput@@YAXPEAUrender_group@@PEAUloaded_bitmap@@@Z 0000000180003090 f   p5engine.obj
 0001:000021d0       ?TiledRenderGroupToOutput@@YAXPEAUplatform_work_queue@@PEAUrender_group@@PEAUloaded_bitmap@@@Z 00000001800031d0 f   p5engine.obj
 0001:00002460       ?AllocateRenderGroup@@YAPEAUrender_group@@PEAUgame_assets@@PEAUmemory_arena@@IH@Z 0000000180003460 f   p5engine.obj
 0001:000025b0       ?BeginRender@@YAXPEAUrender_group@@@Z 00000001800035b0 f   p5engine.obj
 0001:00002670       ?EndRender@@YAXPEAUrender_group@@@Z 0000000180003670 f   p5engine.obj
 0001:00002740       ?InitializeWorld@@YAXPEAUworld@@Tv3@@@Z 0000000180003740 f   p5engine.obj
 0001:000027e0       ?Subtract@@YA?ATv3@@PEAUworld@@PEAUworld_position@@1@Z 00000001800037e0 f   p5engine.obj
 0001:00002a50       ?ChangeEntityLocation@@YAXPEAUmemory_arena@@PEAUworld@@IPEAUlow_entity@@Uworld_position@@@Z 0000000180003a50 f   p5engine.obj
 0001:00002c40       ?GetHashFromStorageIndex@@YAPEAUsim_entity_hash@@PEAUsim_region@@I@Z 0000000180003c40 f   p5engine.obj
 0001:00002d10       ?AddEntity@@YAPEAUsim_entity@@PEAUgame_state@@PEAUsim_region@@IPEAUlow_entity@@PEATv3@@@Z 0000000180003d10 f   p5engine.obj
 0001:00002e70       ?AddEntityRaw@@YAPEAUsim_entity@@PEAUgame_state@@PEAUsim_region@@IPEAUlow_entity@@@Z 0000000180003e70 f   p5engine.obj
 0001:00003090       ?BeginSim@@YAPEAUsim_region@@PEAUmemory_arena@@PEAUgame_state@@PEAUworld@@Uworld_position@@Urectangle3@@M@Z 0000000180004090 f   p5engine.obj
 0001:00003750       ?EndSim@@YAXPEAUsim_region@@PEAUgame_state@@@Z 0000000180004750 f   p5engine.obj
 0001:00003a70       ?CanCollide@@YAHPEAUgame_state@@PEAUsim_entity@@1@Z 0000000180004a70 f   p5engine.obj
 0001:00003bc0       ?HandleCollision@@YAHPEAUgame_state@@PEAUsim_entity@@1@Z 0000000180004bc0 f   p5engine.obj
 0001:00003ca0       ?CanOverlap@@YAHPEAUgame_state@@PEAUsim_entity@@1@Z 0000000180004ca0 f   p5engine.obj
 0001:00003d00       ?HandleOverlap@@YAXPEAUgame_state@@PEAUsim_entity@@1MPEAM@Z 0000000180004d00 f   p5engine.obj
 0001:00003da0       ?SpeculativeCollide@@YAHPEAUsim_entity@@0Tv3@@@Z 0000000180004da0 f   p5engine.obj
 0001:00003f10       ?EntitiesOverlap@@YAHPEAUsim_entity@@0Tv3@@@Z 0000000180004f10 f   p5engine.obj
 0001:000042d0       ?MoveEntity@@YAXPEAUgame_state@@PEAUsim_region@@PEAUsim_entity@@MPEAUmove_spec@@Tv3@@@Z 00000001800052d0 f   p5engine.obj
 0001:00005c70       ?LoadAssetWorkDirectly@@YAXPEAUload_asset_work@@@Z 0000000180006c70 f   p5engine.obj
 0001:00005e60       ?LoadAssetWork@@YAXPEAUplatform_work_queue@@PEAX@Z 0000000180006e60 f   p5engine.obj
 0001:00005eb0       ?InsertBlock@@YAPEAUasset_memory_block@@PEAU1@_KPEAX@Z 0000000180006eb0 f   p5engine.obj
 0001:00005f60       ?FindBlockForSize@@YAPEAUasset_memory_block@@PEAUgame_assets@@_K@Z 0000000180006f60 f   p5engine.obj
 0001:00006000       ?MergeIfPossible@@YAHPEAUgame_assets@@PEAUasset_memory_block@@1@Z 0000000180007000 f   p5engine.obj
 0001:00006100       ?GenerationHasCompleted@@YAHPEAUgame_assets@@I@Z 0000000180007100 f   p5engine.obj
 0001:00006180       ?AcquireAssetMemory@@YAPEAUasset_memory_header@@PEAUgame_assets@@II@Z 0000000180007180 f   p5engine.obj
 0001:000064d0       ?GetBestMatchAssetFrom@@YAIPEAUgame_assets@@W4asset_type_id@@PEAUasset_vector@@2@Z 00000001800074d0 f   p5engine.obj
 0001:00006780       ?GetRandomAssetFrom@@YAIPEAUgame_assets@@W4asset_type_id@@PEAUrandom_series@@@Z 0000000180007780 f   p5engine.obj
 0001:00006880       ?GetFirstAssetFrom@@YAIPEAUgame_assets@@W4asset_type_id@@@Z 0000000180007880 f   p5engine.obj
 0001:00006950       ?GetBestMatchBitmapFrom@@YA?AUbitmap_id@@PEAUgame_assets@@W4asset_type_id@@PEAUasset_vector@@2@Z 0000000180007950 f   p5engine.obj
 0001:000069a0       ?GetFirstBitmapFrom@@YA?AUbitmap_id@@PEAUgame_assets@@W4asset_type_id@@@Z 00000001800079a0 f   p5engine.obj
 0001:000069e0       ?GetRandomBitmapFrom@@YA?AUbitmap_id@@PEAUgame_assets@@W4asset_type_id@@PEAUrandom_series@@@Z 00000001800079e0 f   p5engine.obj
 0001:00006a30       ?GetRandomSoundFrom@@YA?AUsound_id@@PEAUgame_assets@@W4asset_type_id@@PEAUrandom_series@@@Z 0000000180007a30 f   p5engine.obj
 0001:00006a80       ?GetBestMatchFontFrom@@YA?AUfont_id@@PEAUgame_assets@@W4asset_type_id@@PEAUasset_vector@@2@Z 0000000180007a80 f   p5engine.obj
 0001:00006ad0       ?AllocateGameAssets@@YAPEAUgame_assets@@PEAUmemory_arena@@_KPEAUtransient_state@@@Z 0000000180007ad0 f   p5engine.obj
 0001:00007490       ?GetHorizontalAdvanceForPair@@YAMPEAUp5a_font@@PEAUloaded_font@@II@Z 0000000180008490 f   p5engine.obj
 0001:00007520       ?GetBitmapForGlyph@@YA?AUbitmap_id@@PEAUgame_assets@@PEAUp5a_font@@PEAUloaded_font@@I@Z 0000000180008520 f   p5engine.obj
 0001:000075a0       ?GetLineAdvanceFor@@YAMPEAUp5a_font@@@Z 00000001800085a0 f   p5engine.obj
 0001:000075f0       ?GetStartingBaselineY@@YAMPEAUp5a_font@@@Z 00000001800085f0 f   p5engine.obj
 0001:00007630       ?PlaySound@@YAPEAUplaying_sound@@PEAUaudio_state@@Usound_id@@@Z 0000000180008630 f   p5engine.obj
 0001:000077c0       ?ChangeVolume@@YAXPEAUaudio_state@@PEAUplaying_sound@@MTv2@@@Z 00000001800087c0 f   p5engine.obj
 0001:00007890       ?OutputPlayingSounds@@YAXPEAUaudio_state@@PEAUgame_sound_output_buffer@@PEAUgame_assets@@PEAUmemory_arena@@@Z 0000000180008890 f   p5engine.obj
 0001:00008a10       ?InitializeAudioState@@YAXPEAUaudio_state@@PEAUmemory_arena@@@Z 0000000180009a10 f   p5engine.obj
 0001:00008a90       ?AddLowEntity@@YA?AUadd_low_entity_result@@PEAUgame_state@@W4entity_type@@Uworld_position@@@Z 0000000180009a90 f   p5engine.obj
 0001:00008c90       ?AddGroundedEntity@@YA?AUadd_low_entity_result@@PEAUgame_state@@W4entity_type@@Uworld_position@@PEAUsim_entity_collision_volume_group@@@Z 0000000180009c90 f   p5engine.obj
 0001:00008d40       ?AddStandardRoom@@YA?AUadd_low_entity_result@@PEAUgame_state@@III@Z 0000000180009d40 f   p5engine.obj
 0001:00008ea0       ?AddWall@@YA?AUadd_low_entity_result@@PEAUgame_state@@III@Z 0000000180009ea0 f   p5engine.obj
 0001:00009000       ?AddStairs@@YA?AUadd_low_entity_result@@PEAUgame_state@@III@Z 000000018000a000 f   p5engine.obj
 0001:00009190       ?InitHitPoints@@YAXPEAUlow_entity@@I@Z 000000018000a190 f   p5engine.obj
 0001:00009220       ?AddSword@@YA?AUadd_low_entity_result@@PEAUgame_state@@@Z 000000018000a220 f   p5engine.obj
 0001:00009310       ?AddPlayer@@YA?AUadd_low_entity_result@@PEAUgame_state@@@Z 000000018000a310 f   p5engine.obj
 0001:00009450       ?AddMonstar@@YA?AUadd_low_entity_result@@PEAUgame_state@@III@Z 000000018000a450 f   p5engine.obj
 0001:000095c0       ?AddFamiliar@@YA?AUadd_low_entity_result@@PEAUgame_state@@III@Z 000000018000a5c0 f   p5engine.obj
 0001:00009720       ?DrawHitpoints@@YAXPEAUsim_entity@@PEAUrender_group@@@Z 000000018000a720 f   p5engine.obj
 0001:00009990       ?MakeSimpleGroundedCollision@@YAPEAUsim_entity_collision_volume_group@@PEAUgame_state@@MMM@Z 000000018000a990 f   p5engine.obj
 0001:00009af0       ?MakeNullCollision@@YAPEAUsim_entity_collision_volume_group@@PEAUgame_state@@@Z 000000018000aaf0 f   p5engine.obj
 0001:00009bd0       ?FillGroundChunkWork@@YAXPEAUplatform_work_queue@@PEAX@Z 000000018000abd0 f   p5engine.obj
 0001:0000a400       ?FillGroundChunk@@YAXPEAUtransient_state@@PEAUgame_state@@PEAUground_buffer@@PEAUworld_position@@@Z 000000018000b400 f   p5engine.obj
 0001:0000a500       ?ClearBitmap@@YAXPEAUloaded_bitmap@@@Z 000000018000b500 f   p5engine.obj
 0001:0000a560       ?MakeEmptyBitmap@@YA?AUloaded_bitmap@@PEAUmemory_arena@@HHH@Z 000000018000b560 f   p5engine.obj
 0001:0000a6a0       ?MakeSphereDiffuseMap@@YAXPEAUloaded_bitmap@@MM@Z 000000018000b6a0 f   p5engine.obj
 0001:0000a9d0       ?MakeSphereNormalMap@@YAXPEAUloaded_bitmap@@MMM@Z 000000018000b9d0 f   p5engine.obj
 0001:0000e924       $LN151                     000000018000f924     p5engine.obj
 0001:0000e9c0       ?DEBUGTextLine@@YAXPEAD@Z  000000018000f9c0 f   p5engine.obj
 0001:0000eff0       ?CollateDebugRecords@@YAXPEAUdebug_state@@IPEAUdebug_event@@@Z 000000018000fff0 f   p5engine.obj
 0001:00015cc0       $$000000                   0000000180016cc0     MSVCRTD:chkstk.obj
 0001:00015d20       $$000000                   0000000180016d20     MSVCRTD:amdsecgs.obj
 0001:00015d50       ?dllmain_crt_dispatch@@YAHQEAUHINSTANCE__@@KQEAX@Z 0000000180016d50 f   MSVCRTD:dll_dllmain.obj
 0001:00015de0       ?dllmain_crt_process_attach@@YAHQEAUHINSTANCE__@@QEAX@Z 0000000180016de0 f   MSVCRTD:dll_dllmain.obj
 0001:00015f20       ?dllmain_crt_process_detach@@YAH_N@Z 0000000180016f20 f   MSVCRTD:dll_dllmain.obj
 0001:00015fc0       ?dllmain_dispatch@@YAHQEAUHINSTANCE__@@KQEAX@Z 0000000180016fc0 f   MSVCRTD:dll_dllmain.obj
 0001:00016100       ?dllmain_raw@@YAHQEAUHINSTANCE__@@KQEAX@Z 0000000180017100 f   MSVCRTD:dll_dllmain.obj
 0001:000162c0       capture_previous_context   00000001800172c0 f   MSVCRTD:gs_report.obj
 0001:00016380       __get_entropy              0000000180017380 f   MSVCRTD:gs_support.obj
 0001:000165c0       ?find_pe_section@@YAPEAU_IMAGE_SECTION_HEADER@@QEAE_K@Z 00000001800175c0 f   MSVCRTD:utility.obj
 0001:000166a0       ?is_potentially_valid_image_base@@YA_NQEAX@Z 00000001800176a0 f   MSVCRTD:utility.obj
 0001:00017250       $$000000                   0000000180018250     MSVCRTD:guard_dispatch.obj
 0001:00017270       $$000000                   0000000180018270     MSVCRTD:guard_xfg_dispatch.obj
 0001:00017290       ?dtor$0@?0??LoadBitmap@@YAXPEAUgame_assets@@Ubitmap_id@@H@Z@4HA 0000000180018290 f   p5engine.obj
 0001:000172ab       ?dtor$0@?0??LoadSound@@YAXPEAUgame_assets@@Usound_id@@@Z@4HA 00000001800182ab f   p5engine.obj
 0001:000172c6       ?dtor$0@?0??LoadFont@@YAXPEAUgame_assets@@Ufont_id@@H@Z@4HA 00000001800182c6 f   p5engine.obj
 0001:000172e1       ?dtor$0@?0??DEBUGReset@@YAXPEAUgame_assets@@II@Z@4HA 00000001800182e1 f   p5engine.obj
 0001:000172f9       ?dtor$0@?0??DrawRectangle@@YAXPEAUloaded_bitmap@@Tv2@@1Tv4@@Urectangle2i@@H@Z@4HA 00000001800182f9 f   p5engine.obj
 0001:00017314       ?dtor$0@?0??RenderGroupToOutput@@YAXPEAUrender_group@@PEAUloaded_bitmap@@Urectangle2i@@H@Z@4HA 0000000180018314 f   p5engine.obj
 0001:0001732f       ?dtor$0@?0??RenderGroupToOutput@@YAXPEAUrender_group@@PEAUloaded_bitmap@@@Z@4HA 000000018001832f f   p5engine.obj
 0001:00017347       ?dtor$0@?0??TiledRenderGroupToOutput@@YAXPEAUplatform_work_queue@@PEAUrender_group@@PEAUloaded_bitmap@@@Z@4HA 0000000180018347 f   p5engine.obj
 0001:00017362       ?dtor$0@?0??BeginRender@@YAXPEAUrender_group@@@Z@4HA 0000000180018362 f   p5engine.obj
 0001:0001737a       ?dtor$0@?0??EndRender@@YAXPEAUrender_group@@@Z@4HA 000000018001837a f   p5engine.obj
 0001:00017392       ?dtor$0@?0??ChangeEntityLocation@@YAXPEAUmemory_arena@@PEAUworld@@IPEAUlow_entity@@Uworld_position@@@Z@4HA 0000000180018392 f   p5engine.obj
 0001:000173ad       ?dtor$0@?0??AddEntityRaw@@YAPEAUsim_entity@@PEAUgame_state@@PEAUsim_region@@IPEAUlow_entity@@@Z@4HA 00000001800183ad f   p5engine.obj
 0001:000173c5       ?dtor$0@?0??BeginSim@@YAPEAUsim_region@@PEAUmemory_arena@@PEAUgame_state@@PEAUworld@@Uworld_position@@Urectangle3@@M@Z@4HA 00000001800183c5 f   p5engine.obj
 0001:000173e0       ?dtor$0@?0??EndSim@@YAXPEAUsim_region@@PEAUgame_state@@@Z@4HA 00000001800183e0 f   p5engine.obj
 0001:000173fb       ?dtor$0@?0??SpeculativeCollide@@YAHPEAUsim_entity@@0Tv3@@@Z@4HA 00000001800183fb f   p5engine.obj
 0001:00017416       ?dtor$0@?0??EntitiesOverlap@@YAHPEAUsim_entity@@0Tv3@@@Z@4HA 0000000180018416 f   p5engine.obj
 0001:00017431       ?dtor$0@?0??MoveEntity@@YAXPEAUgame_state@@PEAUsim_region@@PEAUsim_entity@@MPEAUmove_spec@@Tv3@@@Z@4HA 0000000180018431 f   p5engine.obj
 0001:0001744c       ?dtor$0@?0??LoadAssetWorkDirectly@@YAXPEAUload_asset_work@@@Z@4HA 000000018001844c f   p5engine.obj
 0001:00017464       ?dtor$0@?0??AcquireAssetMemory@@YAPEAUasset_memory_header@@PEAUgame_assets@@II@Z@4HA 0000000180018464 f   p5engine.obj
 0001:0001747c       ?dtor$0@?0??GetBestMatchAssetFrom@@YAIPEAUgame_assets@@W4asset_type_id@@PEAUasset_vector@@2@Z@4HA 000000018001847c f   p5engine.obj
 0001:00017497       ?dtor$0@?0??GetRandomAssetFrom@@YAIPEAUgame_assets@@W4asset_type_id@@PEAUrandom_series@@@Z@4HA 0000000180018497 f   p5engine.obj
 0001:000174af       ?dtor$0@?0??GetFirstAssetFrom@@YAIPEAUgame_assets@@W4asset_type_id@@@Z@4HA 00000001800184af f   p5engine.obj
 0001:000174c7       ?dtor$0@?0??AllocateGameAssets@@YAPEAUgame_assets@@PEAUmemory_arena@@_KPEAUtransient_state@@@Z@4HA 00000001800184c7 f   p5engine.obj
 0001:000174e2       ?dtor$0@?0??PlaySound@@YAPEAUplaying_sound@@PEAUaudio_state@@Usound_id@@@Z@4HA 00000001800184e2 f   p5engine.obj
 0001:000174fa       ?dtor$0@?0??OutputPlayingSounds@@YAXPEAUaudio_state@@PEAUgame_sound_output_buffer@@PEAUgame_assets@@PEAUmemory_arena@@@Z@4HA 00000001800184fa f   p5engine.obj
 0001:00017515       ?dtor$0@?0??FillGroundChunkWork@@YAXPEAUplatform_work_queue@@PEAX@Z@4HA 0000000180018515 f   p5engine.obj
 0001:00017530       GameUpdateAndRender$dtor$0 0000000180018530 f   p5engine.obj
 0001:0001754b       GameUpdateAndRender$dtor$1 000000018001854b f   p5engine.obj
 0001:00017570       ?dtor$0@?0??ChangeEntityLocationRaw@@YAXPEAUmemory_arena@@PEAUworld@@IPEAUworld_position@@2@Z@4HA 0000000180018570 f   p5engine.obj
 0001:00017590       ?dtor$0@?0??GetRenderEntityBasisPos@@YA?AUentity_basis_p_result@@PEAUrender_transform@@Tv3@@@Z@4HA 0000000180018590 f   p5engine.obj
 0001:000175b0       ?dtor$0@?0??GetWorldChunk@@YAPEAUworld_chunk@@PEAUworld@@HHHPEAUmemory_arena@@@Z@4HA 00000001800185b0 f   p5engine.obj
 0001:000175b0       ?dtor$0@?0??PushRenderElement_@@YAPEAXPEAUrender_group@@IW4render_group_entry_type@@@Z@4HA 00000001800185b0 f   p5engine.obj
 0001:000175d0       ?dtor$0@?0??DrawRectangleQuickly@@YAXPEAUloaded_bitmap@@Tv2@@11Tv4@@0MUrectangle2i@@H@Z@4HA 00000001800185d0 f   p5engine_optimized.obj
 0001:000175e0       ?dtor$1@?0??DrawRectangleQuickly@@YAXPEAUloaded_bitmap@@Tv2@@11Tv4@@0MUrectangle2i@@H@Z@4HA 00000001800185e0 f   p5engine_optimized.obj
 0001:000175f0       ?fin$0@?0??dllmain_crt_process_attach@@YAHQEAUHINSTANCE__@@QEAX@Z@4HA 00000001800185f0 f   MSVCRTD:dll_dllmain.obj
 0001:00017610       ?fin$0@?0??dllmain_crt_process_detach@@YAH_N@Z@4HA 0000000180018610 f   MSVCRTD:dll_dllmain.obj
 0001:0001762a       ?fin$1@?0??dllmain_crt_process_detach@@YAH_N@Z@4HA 000000018001862a f   MSVCRTD:dll_dllmain.obj
 0001:00017640       ?filt$0@?0??dllmain_dispatch@@YAHQEAUHINSTANCE__@@KQEAX@Z@4HA 0000000180018640 f   MSVCRTD:dll_dllmain.obj
 0001:00017690       __scrt_is_nonwritable_in_current_image$filt$0 0000000180018690 f   MSVCRTD:utility.obj
 0002:00000180       $SG32790                   0000000180019180     p5engine.obj
 0002:000001a0       $SG32791                   00000001800191a0     p5engine.obj
 0002:000001e8       $SG32828                   00000001800191e8     p5engine.obj
 0002:000001f8       $SG33068                   00000001800191f8     p5engine.obj
 0002:00000210       $SG32829                   0000000180019210     p5engine.obj
 0002:00000258       $SG32983                   0000000180019258     p5engine.obj
 0002:00000268       $SG33165                   0000000180019268     p5engine.obj
 0002:00000280       $SG32984                   0000000180019280     p5engine.obj
 0002:000002c8       $SG33349                   00000001800192c8     p5engine.obj
 0002:000002e0       $SG33069                   00000001800192e0     p5engine.obj
 0002:00000328       $SG33216                   0000000180019328     p5engine.obj
 0002:00000338       $SG33364                   0000000180019338     p5engine.obj
 0002:00000350       $SG33166                   0000000180019350     p5engine.obj
 0002:00000398       $SG33376                   0000000180019398     p5engine.obj
 0002:000003b0       $SG33217                   00000001800193b0     p5engine.obj
 0002:000003f8       $SG33253                   00000001800193f8     p5engine.obj
 0002:00000408       $SG33522                   0000000180019408     p5engine.obj
 0002:00000420       $SG33254                   0000000180019420     p5engine.obj
 0002:00000468       $SG33291                   0000000180019468     p5engine.obj
 0002:00000478       $SG33525                   0000000180019478     p5engine.obj
 0002:000004a0       $SG33292                   00000001800194a0     p5engine.obj
 0002:000004e8       $SG33527                   00000001800194e8     p5engine.obj
 0002:00000508       $SG33836                   0000000180019508     p5engine.obj
 0002:00000520       $SG33350                   0000000180019520     p5engine.obj
 0002:00000568       $SG33531                   0000000180019568     p5engine.obj
 0002:00000578       $SG34190                   0000000180019578     p5engine.obj
 0002:00000590       $SG33365                   0000000180019590     p5engine.obj
 0002:000005d8       $SG34191                   00000001800195d8     p5engine.obj
 0002:00000614       $SG32685                   0000000180019614     p5engine.obj
 0002:00000620       $SG33377                   0000000180019620     p5engine.obj
 0002:00000668       $SG34677                   0000000180019668     p5engine.obj
 0002:00000680       $SG33523                   0000000180019680     p5engine.obj
 0002:000006c8       $SG33603                   00000001800196c8     p5engine.obj
 0002:000006d8       $SG34678                   00000001800196d8     p5engine.obj
 0002:00000720       $SG33604                   0000000180019720     p5engine.obj
 0002:00000770       $SG33837                   0000000180019770     p5engine.obj
 0002:000007b8       $SG34765                   00000001800197b8     p5engine.obj
 0002:000007c8       $SG34767                   00000001800197c8     p5engine.obj
 0002:000007e0       $SG34768                   00000001800197e0     p5engine.obj
 0002:00000820       $SG37115                   0000000180019820     p5engine.obj
 0002:00000830       $SG37116                   0000000180019830     p5engine.obj
 0002:00000878       $SG37269                   0000000180019878     p5engine.obj
 0002:00000898       $SG31349                   0000000180019898     p5engine.obj
 0002:000008b0       $SG31350                   00000001800198b0     p5engine.obj
 0002:00000900       $SG31668                   0000000180019900     p5engine.obj
 0002:00000920       $SG31669                   0000000180019920     p5engine.obj
 0002:00000970       $SG31724                   0000000180019970     p5engine.obj
 0002:00000990       $SG31725                   0000000180019990     p5engine.obj
 0002:000009e0       $SG31775                   00000001800199e0     p5engine.obj
 0002:000009f0       $SG31776                   00000001800199f0     p5engine.obj
 0002:00000a40       $SG31838                   0000000180019a40     p5engine.obj
 0002:00000a50       $SG31839                   0000000180019a50     p5engine.obj
 0002:00000aa0       $SG32087                   0000000180019aa0     p5engine.obj
 0002:00000ac0       $SG32088                   0000000180019ac0     p5engine.obj
 0002:00000b10       $SG32096                   0000000180019b10     p5engine.obj
 0002:00000b20       $SG32130                   0000000180019b20     p5engine.obj
 0002:00000b40       $SG32131                   0000000180019b40     p5engine.obj
 0002:00000b90       $SG32159                   0000000180019b90     p5engine.obj
 0002:00000bb0       $SG32160                   0000000180019bb0     p5engine.obj
 0002:00000c00       $SG32183                   0000000180019c00     p5engine.obj
 0002:00000c10       $SG32184                   0000000180019c10     p5engine.obj
 0002:00000c60       $SG32192                   0000000180019c60     p5engine.obj
 0002:00000c70       $SG32193                   0000000180019c70     p5engine.obj
 0002:00000cc0       $SG32476                   0000000180019cc0     p5engine.obj
 0002:00000ce0       $SG32477                   0000000180019ce0     p5engine.obj
 0002:00000d28       $SG32550                   0000000180019d28     p5engine.obj
 0002:00000d40       $SG32551                   0000000180019d40     p5engine.obj
 0002:00000d88       $SG32559                   0000000180019d88     p5engine.obj
 0002:00000d98       $SG32653                   0000000180019d98     p5engine.obj
 0002:00000db0       $SG32654                   0000000180019db0     p5engine.obj
 0002:00000e00       $SG32686                   0000000180019e00     p5engine.obj
 0002:000011a8       GS_ExceptionPointers       000000018001a1a8     MSVCRTD:gs_report.obj
 0002:000018b8       $unwind$?GetAsset@@YAPEAUasset_memory_header@@PEAUgame_assets@@II@Z 000000018001a8b8     p5engine.obj
 0002:000018b8       $unwind$AtomicCompareExchangeU32 000000018001a8b8     p5engine.obj
 0002:000018b8       $unwind$?dllmain_crt_dispatch@@YAHQEAUHINSTANCE__@@KQEAX@Z 000000018001a8b8     MSVCRTD:dll_dllmain.obj
 0002:000018b8       $unwind$?dllmain_raw@@YAHQEAUHINSTANCE__@@KQEAX@Z 000000018001a8b8     MSVCRTD:dll_dllmain.obj
 0002:000018c0       $unwind$??Y@YAAEATv2@@AEAT0@T0@@Z 000000018001a8c0     p5engine.obj
 0002:000018c0       $unwind$?GetArenaSizeRemaining@@YA_KPEAUmemory_arena@@_K@Z 000000018001a8c0     p5engine.obj
 0002:000018c0       $unwind$?Hadamard@@YA?ATv2@@T1@0@Z 000000018001a8c0     p5engine.obj
 0002:000018c0       $unwind$?Inner@@YAMTv2@@0@Z 000000018001a8c0     p5engine.obj
 0002:000018c0       $unwind$?Inner@@YAMTv3@@0@Z 000000018001a8c0     p5engine.obj
 0002:000018c0       $unwind$?InsertAssetHeaderAtFront@@YAXPEAUgame_assets@@PEAUasset_memory_header@@@Z 000000018001a8c0     p5engine.obj
 0002:000018c0       $unwind$?IsCanonical@@YAHPEAUworld@@Tv3@@@Z 000000018001a8c0     p5engine.obj
 0002:000018c0       $unwind$?IsInRectangle@@YAHUrectangle3@@Tv3@@@Z 000000018001a8c0     p5engine.obj
 0002:000018c0       $unwind$?RectanglesIntersect@@YAHUrectangle3@@0@Z 000000018001a8c0     p5engine.obj
 0002:000018c0       $unwind$?ZeroSize@@YAX_KPEAX@Z 000000018001a8c0     p5engine.obj
 0002:000018c0       $unwind$AtomicAddU64       000000018001a8c0     p5engine.obj
 0002:000018c0       $unwind$AtomicExchangeU64  000000018001a8c0     p5engine.obj
 0002:000018c0       $unwind$?find_pe_section@@YAPEAU_IMAGE_SECTION_HEADER@@QEAE_K@Z 000000018001a8c0     MSVCRTD:utility.obj
 0002:000018c8       $unwind$GetThreadID        000000018001a8c8     p5engine.obj
 0002:000018c8       $unwind$__scrt_initialize_default_local_stdio_options 000000018001a8c8     MSVCRTD:default_local_stdio_options.obj
 0002:000018c8       $unwind$__security_init_cookie 000000018001a8c8     MSVCRTD:gs_support.obj
 0002:000018d0       $unwind$?EndGeneration@@YAXPEAUgame_assets@@I@Z 000000018001a8d0     p5engine.obj
 0002:000018d0       $unwind$?GetBitmapInfo@@YAPEAUp5a_bitmap@@PEAUgame_assets@@Ubitmap_id@@@Z 000000018001a8d0     p5engine.obj
 0002:000018d0       $unwind$?GetFile@@YAPEAUasset_file@@PEAUgame_assets@@I@Z 000000018001a8d0     p5engine.obj
 0002:000018d0       $unwind$?GetFileHandleFor@@YAPEAUplatform_file_handle@@PEAUgame_assets@@I@Z 000000018001a8d0     p5engine.obj
 0002:000018d0       $unwind$?GetFontInfo@@YAPEAUp5a_font@@PEAUgame_assets@@Ufont_id@@@Z 000000018001a8d0     p5engine.obj
 0002:000018d0       $unwind$?GetLowEntity@@YAPEAUlow_entity@@PEAUgame_state@@I@Z 000000018001a8d0     p5engine.obj
 0002:000018d0       $unwind$?GetSoundInfo@@YAPEAUp5a_sound@@PEAUgame_assets@@Usound_id@@@Z 000000018001a8d0     p5engine.obj
 0002:000018d0       $unwind$?HasFlag@@YAHPEAUsim_entity@@I@Z 000000018001a8d0     p5engine.obj
 0002:000018d0       $unwind$?PushFont@@YAPEAUloaded_font@@PEAUrender_group@@Ufont_id@@@Z 000000018001a8d0     p5engine.obj
 0002:000018d0       $unwind$?RandomChoice@@YAIPEAUrandom_series@@I@Z 000000018001a8d0     p5engine.obj
 0002:000018d0       $unwind$GetController      000000018001a8d0     p5engine.obj
 0002:000018d8       $unwind$RecordDebugEvent   000000018001a8d8     p5engine.obj
 0002:000018e0       $unwind$??0timed_block@@QEAA@HPEADH0H@Z 000000018001a8e0     p5engine.obj
 0002:000018e0       $unwind$__scrt_dllmain_exception_filter 000000018001a8e0     MSVCRTD:utility.obj
 0002:000018e8       $unwind$??1timed_block@@QEAA@XZ 000000018001a8e8     p5engine.obj
 0002:000018f8       $cppxdata$??$_snprintf_s@$0BAA@@@YAHAEAY0BAA@D_KPEBDZZ 000000018001a8f8     p5engine.obj
 0002:000018f8       $cppxdata$??1timed_block@@QEAA@XZ 000000018001a8f8     p5engine.obj
 0002:000018fd       $ip2state$??$_snprintf_s@$0BAA@@@YAHAEAY0BAA@D_KPEBDZZ 000000018001a8fd     p5engine.obj
 0002:000018fd       $ip2state$??1timed_block@@QEAA@XZ 000000018001a8fd     p5engine.obj
 0002:00001900       $unwind$?InitializeArena@@YAXPEAUmemory_arena@@_KPEAX@Z 000000018001a900     p5engine.obj
 0002:00001908       $unwind$?GetAlignmentOffset@@YA_KPEAUmemory_arena@@_K@Z 000000018001a908     p5engine.obj
 0002:00001910       $unwind$?PushSize_@@YAPEAXPEAUmemory_arena@@_K1@Z 000000018001a910     p5engine.obj
 0002:00001918       $unwind$??G@YA?ATv3@@T0@@Z 000000018001a918     p5engine.obj
 0002:00001918       $unwind$?BeginTemporaryMemory@@YA?AUtemporary_memory@@PEAUmemory_arena@@@Z 000000018001a918     p5engine.obj
 0002:0000192c       $unwind$?AllResourcesPresent@@YAHPEAUrender_group@@@Z 000000018001a92c     p5engine.obj
 0002:0000192c       $unwind$?BeginGeneration@@YAIPEAUgame_assets@@@Z 000000018001a92c     p5engine.obj
 0002:0000192c       $unwind$?EndTemporaryMemory@@YAXUtemporary_memory@@@Z 000000018001a92c     p5engine.obj
 0002:0000192c       $unwind$?GetDim@@YA?ATv2@@Urectangle2@@@Z 000000018001a92c     p5engine.obj
 0002:0000192c       $unwind$?IsValid@@YAHUworld_position@@@Z 000000018001a92c     p5engine.obj
 0002:0000192c       $unwind$?LengthSq@@YAMTv2@@@Z 000000018001a92c     p5engine.obj
 0002:0000192c       $unwind$?RandomBilateral@@YAMPEAUrandom_series@@@Z 000000018001a92c     p5engine.obj
 0002:0000192c       $unwind$?RandomNextUInt32@@YAIPEAUrandom_series@@@Z 000000018001a92c     p5engine.obj
 0002:0000192c       $unwind$?RandomUnilateral@@YAMPEAUrandom_series@@@Z 000000018001a92c     p5engine.obj
 0002:0000192c       $unwind$__CheckForDebuggerJustMyCode 000000018001a92c     MSVCRTD:debugger_jmc.obj
 0002:0000192c       $unwind$__report_gsfailure 000000018001a92c     MSVCRTD:gs_report.obj
 0002:00001934       $unwind$?BeginAssetLock@@YAXPEAUgame_assets@@@Z 000000018001a934     p5engine.obj
 0002:00001934       $unwind$?BeginDebugStatistic@@YAXPEAUdebug_statistic@@@Z 000000018001a934     p5engine.obj
 0002:00001934       $unwind$?CheckArena@@YAXPEAUmemory_arena@@@Z 000000018001a934     p5engine.obj
 0002:00001934       $unwind$?EndAssetLock@@YAXPEAUgame_assets@@@Z 000000018001a934     p5engine.obj
 0002:00001934       $unwind$?EndDebugStatistic@@YAXPEAUdebug_statistic@@@Z 000000018001a934     p5engine.obj
 0002:00001934       $unwind$?StoreEntityReference@@YAXPEATentity_reference@@@Z 000000018001a934     p5engine.obj
 0002:00001934       $unwind$__raise_securityfailure 000000018001a934     MSVCRTD:gs_report.obj
 0002:00001934       $unwind$?is_potentially_valid_image_base@@YA_NQEAX@Z 000000018001a934     MSVCRTD:utility.obj
 0002:0000193c       $unwind$?SubArena@@YAXPEAUmemory_arena@@0_K1@Z 000000018001a93c     p5engine.obj
 0002:0000193c       $unwind$__GSHandlerCheck   000000018001a93c     MSVCRTD:gshandler.obj
 0002:00001944       $unwind$?AbsoluteValue@@YAMM@Z 000000018001a944     p5engine.obj
 0002:00001944       $unwind$?Clamp01@@YAMM@Z   000000018001a944     p5engine.obj
 0002:00001944       $unwind$?RoundReal32ToInt32@@YAHM@Z 000000018001a944     p5engine.obj
 0002:00001944       $unwind$?RoundReal32ToUInt32@@YAIM@Z 000000018001a944     p5engine.obj
 0002:00001944       $unwind$?SignOf@@YAMM@Z    000000018001a944     p5engine.obj
 0002:00001944       $unwind$?Sin@@YAMM@Z       000000018001a944     p5engine.obj
 0002:00001944       $unwind$?Square@@YAMM@Z    000000018001a944     p5engine.obj
 0002:00001944       $unwind$?SquareRoot@@YAMM@Z 000000018001a944     p5engine.obj
 0002:0000194c       $unwind$?ATan2@@YAMMM@Z    000000018001a94c     p5engine.obj
 0002:0000194c       $unwind$?IsCanonical@@YAHMM@Z 000000018001a94c     p5engine.obj
 0002:0000194c       $unwind$?SafeRatio1@@YAMMM@Z 000000018001a94c     p5engine.obj
 0002:00001954       $unwind$?Clamp01MapToRange@@YAMMMM@Z 000000018001a954     p5engine.obj
 0002:00001954       $unwind$?Clamp@@YAMMMM@Z   000000018001a954     p5engine.obj
 0002:00001954       $unwind$?SafeRatioN@@YAMMMM@Z 000000018001a954     p5engine.obj
 0002:0000195c       $unwind$?V2@@YA?ATv2@@MM@Z 000000018001a95c     p5engine.obj
 0002:0000196c       $unwind$?V2i@@YA?ATv2@@HH@Z 000000018001a96c     p5engine.obj
 0002:00001974       $unwind$??D@YA?ATv2@@MT0@@Z 000000018001a974     p5engine.obj
 0002:00001984       $unwind$??G@YA?ATv2@@T0@0@Z 000000018001a984     p5engine.obj
 0002:00001984       $unwind$??H@YA?ATv2@@T0@0@Z 000000018001a984     p5engine.obj
 0002:00001984       $unwind$?GetBarycentric@@YA?ATv2@@Urectangle2@@T1@@Z 000000018001a984     p5engine.obj
 0002:00001994       $unwind$?Clamp01@@YA?ATv2@@T1@@Z 000000018001a994     p5engine.obj
 0002:000019a4       $unwind$?V3@@YA?ATv3@@MMM@Z 000000018001a9a4     p5engine.obj
 0002:000019a4       $unwind$?V4@@YA?ATv4@@MMMM@Z 000000018001a9a4     p5engine.obj
 0002:000019b8       $unwind$??D@YA?ATv3@@MT0@@Z 000000018001a9b8     p5engine.obj
 0002:000019b8       $unwind$??D@YA?ATv4@@MT0@@Z 000000018001a9b8     p5engine.obj
 0002:000019b8       $unwind$?ToV3@@YA?ATv3@@Tv2@@M@Z 000000018001a9b8     p5engine.obj
 0002:000019cc       $unwind$??D@YA?ATv3@@T0@M@Z 000000018001a9cc     p5engine.obj
 0002:000019cc       $unwind$?GetCameraRectangleAtDistance@@YA?AUrectangle2@@PEAUrender_group@@M@Z 000000018001a9cc     p5engine.obj
 0002:000019d8       $unwind$??X@YAAEATv3@@AEAT0@M@Z 000000018001a9d8     p5engine.obj
 0002:000019e4       $unwind$??G@YA?ATv3@@T0@0@Z 000000018001a9e4     p5engine.obj
 0002:000019e4       $unwind$??H@YA?ATv3@@T0@0@Z 000000018001a9e4     p5engine.obj
 0002:000019f8       $unwind$??Y@YAAEATv3@@AEAT0@T0@@Z 000000018001a9f8     p5engine.obj
 0002:000019f8       $unwind$??Z@YAAEATv3@@AEAT0@T0@@Z 000000018001a9f8     p5engine.obj
 0002:000019f8       $unwind$?GetDim@@YA?ATv3@@Urectangle3@@@Z 000000018001a9f8     p5engine.obj
 0002:00001a04       $unwind$?AreInSameChunk@@YAHPEAUworld@@PEAUworld_position@@1@Z 000000018001aa04     p5engine.obj
 0002:00001a04       $unwind$?Hadamard@@YA?ATv3@@T1@0@Z 000000018001aa04     p5engine.obj
 0002:00001a04       $unwind$?RectCenterDim@@YA?AUrectangle2@@Tv2@@0@Z 000000018001aa04     p5engine.obj
 0002:00001a10       $unwind$?LengthSq@@YAMTv3@@@Z 000000018001aa10     p5engine.obj
 0002:00001a1c       $unwind$?Length@@YAMTv3@@@Z 000000018001aa1c     p5engine.obj
 0002:00001a1c       $unwind$?MakeEntityNonSpatial@@YAXPEAUsim_entity@@@Z 000000018001aa1c     p5engine.obj
 0002:00001a28       $unwind$?RectCenterHalfDim@@YA?AUrectangle2@@Tv2@@0@Z 000000018001aa28     p5engine.obj
 0002:00001a3c       $unwind$?Intersect@@YA?AUrectangle2i@@U1@0@Z 000000018001aa3c     p5engine.obj
 0002:00001a48       $unwind$?Clear@@YAXPEAUrender_group@@Tv4@@@Z 000000018001aa48     p5engine.obj
 0002:00001a48       $unwind$?GetMaxCorner@@YA?ATv3@@Urectangle3@@@Z 000000018001aa48     p5engine.obj
 0002:00001a48       $unwind$?GetMinCorner@@YA?ATv3@@Urectangle3@@@Z 000000018001aa48     p5engine.obj
 0002:00001a54       $unwind$?RectMinMax@@YA?AUrectangle3@@Tv3@@0@Z 000000018001aa54     p5engine.obj
 0002:00001a68       $unwind$?AddRadiusTo@@YA?AUrectangle3@@U1@Tv3@@@Z 000000018001aa68     p5engine.obj
 0002:00001a68       $unwind$?RectCenterHalfDim@@YA?AUrectangle3@@Tv3@@0@Z 000000018001aa68     p5engine.obj
 0002:00001a7c       $unwind$?RectCenterDim@@YA?AUrectangle3@@Tv3@@0@Z 000000018001aa7c     p5engine.obj
 0002:00001a88       $unwind$?RandomSeed@@YA?AUrandom_series@@I@Z 000000018001aa88     p5engine.obj
 0002:00001a98       $unwind$?AddFlags@@YAXPEAUsim_entity@@I@Z 000000018001aa98     p5engine.obj
 0002:00001a98       $unwind$?ClearFlags@@YAXPEAUsim_entity@@I@Z 000000018001aa98     p5engine.obj
 0002:00001a98       $unwind$?PrefetchSound@@YAXPEAUgame_assets@@Usound_id@@@Z 000000018001aa98     p5engine.obj
 0002:00001aa0       $unwind$?MakeEntitySpatial@@YAXPEAUsim_entity@@Tv3@@1@Z 000000018001aaa0     p5engine.obj
 0002:00001aac       $unwind$?GetEntityGroundPoint@@YA?ATv3@@PEAUsim_entity@@T1@@Z 000000018001aaac     p5engine.obj
 0002:00001ab8       $unwind$?GetEntityGroundPoint@@YA?ATv3@@PEAUsim_entity@@@Z 000000018001aab8     p5engine.obj
 0002:00001ac4       $unwind$?GetStairGround@@YAMPEAUsim_entity@@Tv3@@@Z 000000018001aac4     p5engine.obj
 0002:00001ad0       $unwind$?RemoveAssetHeaderFromList@@YAXPEAUasset_memory_header@@@Z 000000018001aad0     p5engine.obj
 0002:00001ad8       $unwind$?LoadBitmap@@YAXPEAUgame_assets@@Ubitmap_id@@H@Z 000000018001aad8     p5engine.obj
 0002:00001af0       $cppxdata$?LoadBitmap@@YAXPEAUgame_assets@@Ubitmap_id@@H@Z 000000018001aaf0     p5engine.obj
 0002:00001af9       $stateUnwindMap$?LoadBitmap@@YAXPEAUgame_assets@@Ubitmap_id@@H@Z 000000018001aaf9     p5engine.obj
 0002:00001aff       $ip2state$?LoadBitmap@@YAXPEAUgame_assets@@Ubitmap_id@@H@Z 000000018001aaff     p5engine.obj
 0002:00001b07       $cppxdata$?LoadSound@@YAXPEAUgame_assets@@Usound_id@@@Z 000000018001ab07     p5engine.obj
 0002:00001b10       $unwind$?dtor$0@?0??LoadBitmap@@YAXPEAUgame_assets@@Ubitmap_id@@H@Z@4HA 000000018001ab10     p5engine.obj
 0002:00001b18       $unwind$?LoadSound@@YAXPEAUgame_assets@@Usound_id@@@Z 000000018001ab18     p5engine.obj
 0002:00001b30       $stateUnwindMap$?LoadSound@@YAXPEAUgame_assets@@Usound_id@@@Z 000000018001ab30     p5engine.obj
 0002:00001b36       $ip2state$?LoadSound@@YAXPEAUgame_assets@@Usound_id@@@Z 000000018001ab36     p5engine.obj
 0002:00001b3e       $cppxdata$?LoadFont@@YAXPEAUgame_assets@@Ufont_id@@H@Z 000000018001ab3e     p5engine.obj
 0002:00001b47       $cppxdata$?DEBUGReset@@YAXPEAUgame_assets@@II@Z 000000018001ab47     p5engine.obj
 0002:00001b50       $unwind$?dtor$0@?0??LoadSound@@YAXPEAUgame_assets@@Usound_id@@@Z@4HA 000000018001ab50     p5engine.obj
 0002:00001b58       $unwind$?LoadFont@@YAXPEAUgame_assets@@Ufont_id@@H@Z 000000018001ab58     p5engine.obj
 0002:00001b70       $stateUnwindMap$?LoadFont@@YAXPEAUgame_assets@@Ufont_id@@H@Z 000000018001ab70     p5engine.obj
 0002:00001b76       $ip2state$?LoadFont@@YAXPEAUgame_assets@@Ufont_id@@H@Z 000000018001ab76     p5engine.obj
[...]
 0002:0000215c       $unwind$?AddGroundedEntity@@YA?AUadd_low_entity_result@@PEAUgame_state@@W4entity_type@@Uworld_position@@PEAUsim_entity_collision_volume_group@@@Z 000000018001b15c     p5engine.obj
 0002:00002168       $unwind$?AddStandardRoom@@YA?AUadd_low_entity_result@@PEAUgame_state@@III@Z 000000018001b168     p5engine.obj
 0002:00002174       $unwind$?AddWall@@YA?AUadd_low_entity_result@@PEAUgame_state@@III@Z 000000018001b174     p5engine.obj
 0002:00002180       $unwind$?AddStairs@@YA?AUadd_low_entity_result@@PEAUgame_state@@III@Z 000000018001b180     p5engine.obj
 0002:0000218c       $unwind$?InitHitPoints@@YAXPEAUlow_entity@@I@Z 000000018001b18c     p5engine.obj
 0002:00002194       $unwind$?AddSword@@YA?AUadd_low_entity_result@@PEAUgame_state@@@Z 000000018001b194     p5engine.obj
 0002:000021a0       $unwind$?AddPlayer@@YA?AUadd_low_entity_result@@PEAUgame_state@@@Z 000000018001b1a0     p5engine.obj
 0002:000021ac       $unwind$?AddMonstar@@YA?AUadd_low_entity_result@@PEAUgame_state@@III@Z 000000018001b1ac     p5engine.obj
 0002:000021b8       $unwind$?AddFamiliar@@YA?AUadd_low_entity_result@@PEAUgame_state@@III@Z 000000018001b1b8     p5engine.obj
 0002:000021c4       $unwind$?DrawHitpoints@@YAXPEAUsim_entity@@PEAUrender_group@@@Z 000000018001b1c4     p5engine.obj
 0002:000021d8       $unwind$?MakeSimpleGroundedCollision@@YAPEAUsim_entity_collision_volume_group@@PEAUgame_state@@MMM@Z 000000018001b1d8     p5engine.obj
 0002:000021e4       $unwind$?MakeNullCollision@@YAPEAUsim_entity_collision_volume_group@@PEAUgame_state@@@Z 000000018001b1e4     p5engine.obj
 0002:000021f0       $unwind$?FillGroundChunkWork@@YAXPEAUplatform_work_queue@@PEAX@Z 000000018001b1f0     p5engine.obj
 0002:00002208       $stateUnwindMap$?FillGroundChunkWork@@YAXPEAUplatform_work_queue@@PEAX@Z 000000018001b208     p5engine.obj
 0002:0000220e       $ip2state$?FillGroundChunkWork@@YAXPEAUplatform_work_queue@@PEAX@Z 000000018001b20e     p5engine.obj
 0002:00002216       $cppxdata$GameUpdateAndRender 000000018001b216     p5engine.obj
 0002:00002220       $unwind$?dtor$0@?0??FillGroundChunkWork@@YAXPEAUplatform_work_queue@@PEAX@Z@4HA 000000018001b220     p5engine.obj
 0002:00002228       $unwind$?FillGroundChunk@@YAXPEAUtransient_state@@PEAUgame_state@@PEAUground_buffer@@PEAUworld_position@@@Z 000000018001b228     p5engine.obj
 0002:00002234       $unwind$?ClearBitmap@@YAXPEAUloaded_bitmap@@@Z 000000018001b234     p5engine.obj
 0002:0000223c       $unwind$?MakeEmptyBitmap@@YA?AUloaded_bitmap@@PEAUmemory_arena@@HHH@Z 000000018001b23c     p5engine.obj
 0002:00002250       $unwind$?MakeSphereDiffuseMap@@YAXPEAUloaded_bitmap@@MM@Z 000000018001b250     p5engine.obj
 0002:0000225c       $unwind$?MakeSphereNormalMap@@YAXPEAUloaded_bitmap@@MMM@Z 000000018001b25c     p5engine.obj
 0002:00002268       $unwind$GameUpdateAndRender 000000018001b268     p5engine.obj
 0002:00002280       $stateUnwindMap$GameUpdateAndRender 000000018001b280     p5engine.obj
 0002:0000228b       $ip2state$GameUpdateAndRender 000000018001b28b     p5engine.obj
 0002:0000229c       $unwind$GameUpdateAndRender$dtor$0 000000018001b29c     p5engine.obj
 0002:000022a4       $unwind$GameUpdateAndRender$dtor$1 000000018001b2a4     p5engine.obj
 0002:000022ac       $unwind$GameGetSoundSamples 000000018001b2ac     p5engine.obj
 0002:000022b4       $unwind$?DEBUGTextLine@@YAXPEAD@Z 000000018001b2b4     p5engine.obj
 0002:000022c0       $unwind$?CollateDebugRecords@@YAXPEAUdebug_state@@IPEAUdebug_event@@@Z 000000018001b2c0     p5engine.obj
 0002:000022c8       $unwind$GameDEBUGFrameEnd  000000018001b2c8     p5engine.obj
 0002:000022d0       $unwind$?GetBitmap@@YAPEAUloaded_bitmap@@PEAUgame_assets@@Ubitmap_id@@I@Z 000000018001b2d0     p5engine.obj
 0002:000022d0       $unwind$?GetFont@@YAPEAUloaded_font@@PEAUgame_assets@@Ufont_id@@I@Z 000000018001b2d0     p5engine.obj
 0002:000022d0       $unwind$?GetSound@@YAPEAUloaded_sound@@PEAUgame_assets@@Usound_id@@I@Z 000000018001b2d0     p5engine.obj
 0002:000022d8       $unwind$?GetHex@@YAID@Z    000000018001b2d8     p5engine.obj
 0002:000022d8       $unwind$?IsHex@@YAHD@Z     000000018001b2d8     p5engine.obj
 0002:000022d8       $unwind$?IsValid@@YAHUsound_id@@@Z 000000018001b2d8     p5engine.obj
 0002:000022e0       $unwind$?GetNextSoundInChain@@YA?AUsound_id@@PEAUgame_assets@@U1@@Z 000000018001b2e0     p5engine.obj
 0002:000022f0       $unwind$?GetRenderEntityBasisPos@@YA?AUentity_basis_p_result@@PEAUrender_transform@@Tv3@@@Z 000000018001b2f0     p5engine.obj
 0002:00002308       $cppxdata$?GetRenderEntityBasisPos@@YA?AUentity_basis_p_result@@PEAUrender_transform@@Tv3@@@Z 000000018001b308     p5engine.obj
 0002:00002311       $stateUnwindMap$?GetRenderEntityBasisPos@@YA?AUentity_basis_p_result@@PEAUrender_transform@@Tv3@@@Z 000000018001b311     p5engine.obj
 0002:00002317       $ip2state$?GetRenderEntityBasisPos@@YA?AUentity_basis_p_result@@PEAUrender_transform@@Tv3@@@Z 000000018001b317     p5engine.obj
 0002:00002320       $unwind$?dtor$0@?0??ChangeEntityLocationRaw@@YAXPEAUmemory_arena@@PEAUworld@@IPEAUworld_position@@2@Z@4HA 000000018001b320     p5engine.obj
 0002:00002320       $unwind$?dtor$0@?0??GetRenderEntityBasisPos@@YA?AUentity_basis_p_result@@PEAUrender_transform@@Tv3@@@Z@4HA 000000018001b320     p5engine.obj
 0002:00002320       $unwind$?dtor$0@?0??GetWorldChunk@@YAPEAUworld_chunk@@PEAUworld@@HHHPEAUmemory_arena@@@Z@4HA 000000018001b320     p5engine.obj
 0002:00002320       $unwind$?dtor$0@?0??PushRenderElement_@@YAPEAXPEAUrender_group@@IW4render_group_entry_type@@@Z@4HA 000000018001b320     p5engine.obj
 0002:00002320       $unwind$?fin$0@?0??dllmain_crt_process_attach@@YAHQEAUHINSTANCE__@@QEAX@Z@4HA 000000018001b320     MSVCRTD:dll_dllmain.obj
 0002:00002320       $unwind$?fin$0@?0??dllmain_crt_process_detach@@YAH_N@Z@4HA 000000018001b320     MSVCRTD:dll_dllmain.obj
 0002:00002320       $unwind$?fin$1@?0??dllmain_crt_process_detach@@YAH_N@Z@4HA 000000018001b320     MSVCRTD:dll_dllmain.obj
 0002:00002320       $unwind$__scrt_is_nonwritable_in_current_image$filt$0 000000018001b320     MSVCRTD:utility.obj
 0002:00002328       $unwind$?PushRenderElement_@@YAPEAXPEAUrender_group@@IW4render_group_entry_type@@@Z 000000018001b328     p5engine.obj
 0002:0000233c       $cppxdata$?PushRenderElement_@@YAPEAXPEAUrender_group@@IW4render_group_entry_type@@@Z 000000018001b33c     p5engine.obj
 0002:00002345       $stateUnwindMap$?GetWorldChunk@@YAPEAUworld_chunk@@PEAUworld@@HHHPEAUmemory_arena@@@Z 000000018001b345     p5engine.obj
 0002:00002345       $stateUnwindMap$?PushRenderElement_@@YAPEAXPEAUrender_group@@IW4render_group_entry_type@@@Z 000000018001b345     p5engine.obj
 0002:0000234b       $ip2state$?PushRenderElement_@@YAPEAXPEAUrender_group@@IW4render_group_entry_type@@@Z 000000018001b34b     p5engine.obj
 0002:00002354       $unwind$?PushBitmap@@YAXPEAUrender_group@@PEAUloaded_bitmap@@Tv3@@MTv4@@@Z 000000018001b354     p5engine.obj
 0002:00002360       $unwind$?PushBitmap@@YAXPEAUrender_group@@Ubitmap_id@@Tv3@@MTv4@@@Z 000000018001b360     p5engine.obj
 0002:0000236c       $unwind$?PushRect@@YAXPEAUrender_group@@Tv3@@Tv2@@Tv4@@@Z 000000018001b36c     p5engine.obj
 0002:00002378       $unwind$?PushRectOutline@@YAXPEAUrender_group@@Tv3@@Tv2@@Tv4@@@Z 000000018001b378     p5engine.obj
 0002:00002384       $unwind$?Orthographic@@YAXPEAUrender_group@@HHM@Z 000000018001b384     p5engine.obj
 0002:00002384       $unwind$?Perspective@@YAXPEAUrender_group@@HHMMM@Z 000000018001b384     p5engine.obj
 0002:00002384       $unwind$__GSHandlerCheck_EH4 000000018001b384     MSVCRTD:gshandlereh4.obj
 0002:0000238c       $unwind$?RecanonicalizeCoord@@YAXMPEAHPEAM@Z 000000018001b38c     p5engine.obj
 0002:0000238c       $unwind$?Unproject@@YA?ATv2@@PEAUrender_group@@T1@M@Z 000000018001b38c     p5engine.obj
 0002:00002394       $unwind$?GetCameraRectangleAtTarget@@YA?AUrectangle2@@PEAUrender_group@@@Z 000000018001b394     p5engine.obj
 0002:000023a0       $unwind$?NullPosition@@YA?AUworld_position@@XZ 000000018001b3a0     p5engine.obj
 0002:000023b4       $unwind$?GetWorldChunk@@YAPEAUworld_chunk@@PEAUworld@@HHHPEAUmemory_arena@@@Z 000000018001b3b4     p5engine.obj
 0002:000023c8       $cppxdata$?GetWorldChunk@@YAPEAUworld_chunk@@PEAUworld@@HHHPEAUmemory_arena@@@Z 000000018001b3c8     p5engine.obj
 0002:000023d1       $ip2state$?GetWorldChunk@@YAPEAUworld_chunk@@PEAUworld@@HHHPEAUmemory_arena@@@Z 000000018001b3d1     p5engine.obj
 0002:000023dc       $unwind$?MapIntoChunkSpace@@YA?AUworld_position@@PEAUworld@@U1@Tv3@@@Z 000000018001b3dc     p5engine.obj
 0002:000023f0       $unwind$?ChunkPositionFromTilePosition@@YA?AUworld_position@@PEAUworld@@HHHTv3@@@Z 000000018001b3f0     p5engine.obj
 0002:00002404       $unwind$?CenteredChunkPoint@@YA?AUworld_position@@III@Z 000000018001b404     p5engine.obj
 0002:00002418       $unwind$?ChangeEntityLocationRaw@@YAXPEAUmemory_arena@@PEAUworld@@IPEAUworld_position@@2@Z 000000018001b418     p5engine.obj
 0002:00002430       $cppxdata$?ChangeEntityLocationRaw@@YAXPEAUmemory_arena@@PEAUworld@@IPEAUworld_position@@2@Z 000000018001b430     p5engine.obj
 0002:00002439       $stateUnwindMap$?ChangeEntityLocationRaw@@YAXPEAUmemory_arena@@PEAUworld@@IPEAUworld_position@@2@Z 000000018001b439     p5engine.obj
 0002:0000243f       $ip2state$?ChangeEntityLocationRaw@@YAXPEAUmemory_arena@@PEAUworld@@IPEAUworld_position@@2@Z 000000018001b43f     p5engine.obj
 0002:00002448       $unwind$?GetSimSpacePos@@YA?ATv3@@PEAUsim_region@@PEAUlow_entity@@@Z 000000018001b448     p5engine.obj
 0002:00002454       $unwind$?LoadEntityReference@@YAXPEAUgame_state@@PEAUsim_region@@PEATentity_reference@@@Z 000000018001b454     p5engine.obj
 0002:00002468       $unwind$?EntityOverlapsRectangle@@YAHTv3@@Usim_entity_collision_volume@@Urectangle3@@@Z 000000018001b468     p5engine.obj
 0002:00002474       $unwind$?DefaultMoveSpec@@YA?AUmove_spec@@XZ 000000018001b474     p5engine.obj
 0002:00002488       $unwind$?GetGlyphFromCodepoint@@YAIPEAUp5a_font@@PEAUloaded_font@@I@Z 000000018001b488     p5engine.obj
 0002:00002490       $unwind$__local_stdio_printf_options 000000018001b490     p5engine.obj
 0002:00002490       $unwind$?__scrt_initialize_type_info@@YAXXZ 000000018001b490     MSVCRTD:tncleanup.obj
 0002:00002490       $unwind$?__scrt_uninitialize_type_info@@YAXXZ 000000018001b490     MSVCRTD:tncleanup.obj
 0002:00002490       $unwind$?configure_argv@__scrt_narrow_argv_policy@@SAHXZ 000000018001b490     MSVCRTD:utility.obj
 0002:00002490       $unwind$?initialize_environment@__scrt_narrow_environment_policy@@SAHXZ 000000018001b490     MSVCRTD:utility.obj
 0002:00002490       $unwind$__scrt_dllmain_after_initialize_c 000000018001b490     MSVCRTD:utility.obj
 0002:00002490       $unwind$__scrt_dllmain_before_initialize_c 000000018001b490     MSVCRTD:utility.obj
 0002:00002490       $unwind$__scrt_dllmain_crt_thread_attach 000000018001b490     MSVCRTD:utility.obj
 0002:00002490       $unwind$__scrt_dllmain_crt_thread_detach 000000018001b490     MSVCRTD:utility.obj
 0002:00002490       $unwind$__scrt_dllmain_uninitialize_c 000000018001b490     MSVCRTD:utility.obj
 0002:00002490       $unwind$__scrt_dllmain_uninitialize_critical 000000018001b490     MSVCRTD:utility.obj
 0002:00002498       $unwind$_vsnprintf_s_l     000000018001b498     p5engine.obj
 0002:000024a0       $unwind$_vsnprintf_s       000000018001b4a0     p5engine.obj
 0002:000024a8       $unwind$?AccumDebugStatistic@@YAXPEAUdebug_statistic@@N@Z 000000018001b4a8     p5engine.obj
 0002:000024b0       $unwind$??$_snprintf_s@$0BAA@@@YAHAEAY0BAA@D_KPEBDZZ 000000018001b4b0     p5engine.obj
 0002:000024c4       $unwind$?DrawRectangleQuickly@@YAXPEAUloaded_bitmap@@Tv2@@11Tv4@@0MUrectangle2i@@H@Z 000000018001b4c4     p5engine_optimized.obj
 0002:00002518       $cppxdata$?DrawRectangleQuickly@@YAXPEAUloaded_bitmap@@Tv2@@11Tv4@@0MUrectangle2i@@H@Z 000000018001b518     p5engine_optimized.obj
 0002:00002521       $stateUnwindMap$?DrawRectangleQuickly@@YAXPEAUloaded_bitmap@@Tv2@@11Tv4@@0MUrectangle2i@@H@Z 000000018001b521     p5engine_optimized.obj
 0002:0000252e       $ip2state$?DrawRectangleQuickly@@YAXPEAUloaded_bitmap@@Tv2@@11Tv4@@0MUrectangle2i@@H@Z 000000018001b52e     p5engine_optimized.obj
 0002:0000253c       $unwind$__GSHandlerCheckCommon 000000018001b53c     MSVCRTD:gshandler.obj
 0002:00002548       $xdatasym                  000000018001b548     MSVCRTD:chkstk.obj
 0002:00002550       $xdatasym                  000000018001b550     MSVCRTD:amdsecgs.obj
 0002:00002554       $unwind$?dllmain_crt_process_attach@@YAHQEAUHINSTANCE__@@QEAX@Z 000000018001b554     MSVCRTD:dll_dllmain.obj
 0002:00002574       $unwind$?dllmain_crt_process_detach@@YAH_N@Z 000000018001b574     MSVCRTD:dll_dllmain.obj
 0002:000025a4       $unwind$?dllmain_dispatch@@YAHQEAUHINSTANCE__@@KQEAX@Z 000000018001b5a4     MSVCRTD:dll_dllmain.obj
 0002:000025c4       $unwind$?filt$0@?0??dllmain_dispatch@@YAHQEAUHINSTANCE__@@KQEAX@Z@4HA 000000018001b5c4     MSVCRTD:dll_dllmain.obj
 0002:000025cc       $unwind$_DllMainCRTStartup 000000018001b5cc     MSVCRTD:dll_dllmain.obj
 0002:000025cc       $unwind$DllMain            000000018001b5cc     MSVCRTD:dll_dllmain_stub.obj
 0002:000025d4       $unwind$capture_previous_context 000000018001b5d4     MSVCRTD:gs_report.obj
 0002:000025dc       $unwind$__get_entropy      000000018001b5dc     MSVCRTD:gs_support.obj
 0002:000025e4       $unwind$__scrt_is_nonwritable_in_current_image 000000018001b5e4     MSVCRTD:utility.obj
 0002:00002604       $unwind$__scrt_acquire_startup_lock 000000018001b604     MSVCRTD:utility.obj
 0002:0000260c       $unwind$__scrt_initialize_crt 000000018001b60c     MSVCRTD:utility.obj
 0002:0000260c       $unwind$__scrt_release_startup_lock 000000018001b60c     MSVCRTD:utility.obj
 0002:00002614       $unwind$__scrt_uninitialize_crt 000000018001b614     MSVCRTD:utility.obj
 0002:0000261c       $unwind$__scrt_initialize_onexit_tables 000000018001b61c     MSVCRTD:utility.obj
 0002:00002628       $unwind$__scrt_fastfail    000000018001b628     MSVCRTD:utility_desktop.obj
 0002:00002634       $unwind$_RTC_Initialize    000000018001b634     MSVCRTD:initsect.obj
 0002:00002634       $unwind$_RTC_Terminate     000000018001b634     MSVCRTD:initsect.obj
 0002:00002640       $unwind$__isa_available_init 000000018001b640     MSVCRTD:cpu_disp.obj
 0002:00002650       $unwind$__scrt_is_ucrt_dll_in_use 000000018001b650     MSVCRTD:ucrt_detection.obj
 0002:00002658       $xdatasym                  000000018001b658     MSVCRTD:guard_dispatch.obj
 0002:00002660       $xdatasym                  000000018001b660     MSVCRTD:guard_xfg_dispatch.obj
 0002:00002670       .edata                     000000018001b670     P5Engine.exp
 0002:00002698       rgpv                       000000018001b698     P5Engine.exp
 0002:000026a4       rgszName                   000000018001b6a4     P5Engine.exp
 0002:000026b0       rgwOrd                     000000018001b6b0     P5Engine.exp
 0002:000026b6       szName                     000000018001b6b6     P5Engine.exp
 0002:000026c3       $N00001                    000000018001b6c3     P5Engine.exp
 0002:000026d5       $N00002                    000000018001b6d5     P5Engine.exp
 0002:000026e9       $N00003                    000000018001b6e9     P5Engine.exp
 0002:000028ce       .idata$6                   000000018001b8ce     vcruntimed:VCRUNTIME140_1D.dll
 0002:000028e2       .idata$6                   000000018001b8e2     vcruntimed:VCRUNTIME140D.dll
 0002:000029da       .idata$6                   000000018001b9da     ucrtd:ucrtbased.dll
 0002:00002b4e       .idata$6                   000000018001bb4e     kernel32:KERNEL32.dll
 0003:00000010       ?RandomNumberTable@@3PAIA  000000018001c010     p5engine.obj
 0003:00004070       ?GlobalDebugTable_@@3Udebug_table@@A 0000000180020070     p5engine.obj
 0003:40604090       ?DEBUGRenderGroup@@3PEAUrender_group@@EA 00000001c0620090     p5engine.obj
 0003:40604098       ?LeftEdge@@3MA             00000001c0620098     p5engine.obj
 0003:4060409c       ?AtY@@3MA                  00000001c062009c     p5engine.obj
 0003:406040a0       ?Platform@@3Uplatform_api@@A 00000001c06200a0     p5engine.obj
 0003:40604100       ?FontScale@@3MA            00000001c0620100     p5engine.obj
 0003:40604104       ?FontID@@3Ufont_id@@A      00000001c0620104     p5engine.obj
 0003:40604110       ?__proc_attached@@3HA      00000001c0620110     MSVCRTD:dll_dllmain.obj
 0003:40604120       GS_ExceptionRecord         00000001c0620120     MSVCRTD:gs_report.obj
 0003:406041c0       GS_ContextRecord           00000001c06201c0     MSVCRTD:gs_report.obj
 0003:406046b8       ?is_initialized_as_dll@@3_NA 00000001c06206b8     MSVCRTD:utility.obj
 0003:406046b9       ?module_local_atexit_table_initialized@@3_NA 00000001c06206b9     MSVCRTD:utility.obj
 0003:406046c0       ?module_local_atexit_table@@3U_onexit_table_t@@A 00000001c06206c0     MSVCRTD:utility.obj
 0003:406046d8       ?module_local_at_quick_exit_table@@3U_onexit_table_t@@A 00000001c06206d8     MSVCRTD:utility.obj
 0005:00000000       __FA77ED4C_malloc@h        00000001c0622000     p5engine.obj
 0005:00000001       __A435B42B_p5engine_types@h 00000001c0622001     p5engine.obj
 0005:00000002       __7D4BEAAE_p5engine_platform@h 00000001c0622002     p5engine.obj
 0005:00000003       __BB16330F_corecrt_math@h  00000001c0622003     p5engine.obj
 0005:00000004       __7BF3FA8A_p5engine_intrinsics@h 00000001c0622004     p5engine.obj
 0005:00000005       __87290AA6_p5engine_math@h 00000001c0622005     p5engine.obj
 0005:00000006       __B7A387D6_p5engine_random@h 00000001c0622006     p5engine.obj
 0005:00000007       __F17FF173_p5engine_entity@h 00000001c0622007     p5engine.obj
 0005:00000008       __72A74871_p5engine_asset@h 00000001c0622008     p5engine.obj
 0005:00000009       __BD87FD4A_p5engine@h      00000001c0622009     p5engine.obj
 0005:0000000a       __6F2BF339_p5engine_render_group@cpp 00000001c062200a     p5engine.obj
 0005:0000000b       __281AC6F8_p5engine_world@cpp 00000001c062200b     p5engine.obj
 0005:0000000c       __B07C4A52_p5engine_sim_region@cpp 00000001c062200c     p5engine.obj
 0005:0000000d       __BDC7FEEB_p5engine_entity@cpp 00000001c062200d     p5engine.obj
 0005:0000000e       __3D4C1499_p5engine_asset@cpp 00000001c062200e     p5engine.obj
 0005:0000000f       __39A8D9B6_p5engine_audio@cpp 00000001c062200f     p5engine.obj
 0005:00000010       __44420885_corecrt_stdio_config@h 00000001c0622010     p5engine.obj
 0005:00000011       __AB601D8D_corecrt_wstdio@h 00000001c0622011     p5engine.obj
 0005:00000012       __C1EC35D3_stdio@h         00000001c0622012     p5engine.obj
 0005:00000013       __283011C9_p5engine_debug@cpp 00000001c0622013     p5engine.obj
 0005:00000014       __BAF57382_p5engine@cpp    00000001c0622014     p5engine.obj
 0005:00000015       __FA77ED4C_malloc@h        00000001c0622015     p5engine_optimized.obj
 0005:00000016       __A435B42B_p5engine_types@h 00000001c0622016     p5engine_optimized.obj
 0005:00000017       __7D4BEAAE_p5engine_platform@h 00000001c0622017     p5engine_optimized.obj
 0005:00000018       __BB16330F_corecrt_math@h  00000001c0622018     p5engine_optimized.obj
 0005:00000019       __7BF3FA8A_p5engine_intrinsics@h 00000001c0622019     p5engine_optimized.obj
 0005:0000001a       __87290AA6_p5engine_math@h 00000001c062201a     p5engine_optimized.obj
 0005:0000001b       __B7A387D6_p5engine_random@h 00000001c062201b     p5engine_optimized.obj
 0005:0000001c       __F17FF173_p5engine_entity@h 00000001c062201c     p5engine_optimized.obj
 0005:0000001d       __72A74871_p5engine_asset@h 00000001c062201d     p5engine_optimized.obj
 0005:0000001e       __BD87FD4A_p5engine@h      00000001c062201e     p5engine_optimized.obj
 0005:0000001f       __03FC23C0_p5engine_optimized@cpp 00000001c062201f     p5engine_optimized.obj
 0006:00000060       $R000000                   00000001c0623060     * linker generated manifest res *
