 P5Engine

 Timestamp is 633f98ed (Thu Oct  6 22:11:41 2022)

 Preferred load address is 0000000180000000

 Start         Length     Name                   Class
 0001:00000000 00015000H .text$mn                CODE
 0001:00015000 00000040H .text$mn$00             CODE
 0001:00015040 000000ddH .text$x                 CODE
 0002:00000000 00000100H .idata$5                DATA
 0002:00000100 00000028H .00cfg                  DATA
 0002:00000128 00000008H .CRT$XCA                DATA
 0002:00000130 00000008H .CRT$XCZ                DATA
 0002:00000138 00000008H .CRT$XIA                DATA
 0002:00000140 00000008H .CRT$XIZ                DATA
 0002:00000148 00000008H .CRT$XPA                DATA
 0002:00000150 00000008H .CRT$XPZ                DATA
 0002:00000158 00000008H .CRT$XTA                DATA
 0002:00000160 00000010H .CRT$XTZ                DATA
 0002:00000168 00000000H .gehcont$y              DATA
 0002:00000168 00000000H .gfids$y                DATA
 0002:00000170 00000410H .rdata                  DATA
 0002:00000580 00000000H .rdata$CastGuardVftablesA DATA
 0002:00000580 00000000H .rdata$CastGuardVftablesC DATA
 0002:00000580 0000016cH .rdata$voltmd           DATA
 0002:000006ec 000002dcH .rdata$zzzdbg           DATA
 0002:000009c8 00000008H .rtc$IAA                DATA
 0002:000009d0 00000008H .rtc$IZZ                DATA
 0002:000009d8 00000008H .rtc$TAA                DATA
 0002:000009e0 00000008H .rtc$TZZ                DATA
 0002:000009e8 000007d8H .xdata                  DATA
 0002:000011c0 00000074H .edata                  DATA
 0002:00001234 0000003cH .idata$2                DATA
 0002:00001270 00000018H .idata$3                DATA
 0002:00001288 00000100H .idata$4                DATA
 0002:00001388 00000294H .idata$6                DATA
 0003:00000000 00004040H .data                   DATA
 0003:00004040 0000067cH .bss                    DATA
 0004:00000000 00000b64H .pdata                  DATA
 0005:00000000 0000001cH .msvcjmc                DATA
 0006:00000000 00000060H .rsrc$01                DATA
 0006:00000060 00000098H .rsrc$02                DATA

  Address         Publics by Value              Rva+Base               Lib:Object

 0000:00000000       __hybrid_auxiliary_iat     0000000000000000     <absolute>
 0000:00000000       __guard_longjmp_count      0000000000000000     <absolute>
 0000:00000000       __AbsoluteZero             0000000000000000     <absolute>
 0000:00000000       __guard_eh_cont_count      0000000000000000     <absolute>
 0000:00000000       __arm64x_extra_rfe_table   0000000000000000     <absolute>
 0000:00000000       __guard_iat_count          0000000000000000     <absolute>
 0000:00000000       __hybrid_auxiliary_iat_copy 0000000000000000     <absolute>
 0000:00000000       __guard_fids_count         0000000000000000     <absolute>
 0000:00000000       ___safe_se_handler_table   0000000000000000     <absolute>
 0000:00000000       __hybrid_code_map_count    0000000000000000     <absolute>
 0000:00000000       __guard_check_icall_a64n_fptr 0000000000000000     <absolute>
 0000:00000000       __guard_fids_table         0000000000000000     <absolute>
 0000:00000000       ___safe_se_handler_count   0000000000000000     <absolute>
 0000:00000000       __guard_longjmp_table      0000000000000000     <absolute>
 0000:00000000       __arm64x_extra_rfe_table_size 0000000000000000     <absolute>
 0000:00000000       __x64_code_ranges_to_entry_points_count 0000000000000000     <absolute>
 0000:00000000       __hybrid_code_map          0000000000000000     <absolute>
 0000:00000000       __dynamic_value_reloc_table 0000000000000000     <absolute>
 0000:00000000       __guard_iat_table          0000000000000000     <absolute>
 0000:00000000       __arm64x_redirection_metadata 0000000000000000     <absolute>
 0000:00000000       __arm64x_native_entrypoint 0000000000000000     <absolute>
 0000:00000000       __x64_code_ranges_to_entry_points 0000000000000000     <absolute>
 0000:00000000       __arm64x_redirection_metadata_count 0000000000000000     <absolute>
 0000:00000000       __guard_eh_cont_table      0000000000000000     <absolute>
 0000:00000000       __enclave_config           0000000000000000     <absolute>
 0000:00000100       __guard_flags              0000000000000100     <absolute>
 0000:00000000       __ImageBase                0000000180000000     <linker-defined>
 0001:00008e10       GameUpdateAndRender        0000000180009e10 f   p5engine.obj
 0001:0000d9c0       GameGetSoundSamples        000000018000e9c0 f   p5engine.obj
 0001:0000da30       ??D@YA?ATv2@@MT0@@Z        000000018000ea30 f i p5engine.obj
 0001:0000dab0       ??D@YA?ATv3@@MT0@@Z        000000018000eab0 f i p5engine.obj
 0001:0000db60       ??D@YA?ATv3@@T0@M@Z        000000018000eb60 f i p5engine.obj
 0001:0000dbe0       ??D@YA?ATv4@@MT0@@Z        000000018000ebe0 f i p5engine.obj
 0001:0000dcb0       ??G@YA?ATv2@@T0@0@Z        000000018000ecb0 f i p5engine.obj
 0001:0000dd30       ??G@YA?ATv3@@T0@0@Z        000000018000ed30 f i p5engine.obj
 0001:0000ddf0       ??H@YA?ATv2@@T0@0@Z        000000018000edf0 f i p5engine.obj
 0001:0000de70       ??H@YA?ATv3@@T0@0@Z        000000018000ee70 f i p5engine.obj
 0001:0000df30       ??H@YA?ATv4@@T0@0@Z        000000018000ef30 f i p5engine.obj
 0001:0000e010       ??X@YAAEATv3@@AEAT0@M@Z    000000018000f010 f i p5engine.obj
 0001:0000e090       ??Y@YAAEATv2@@AEAT0@T0@@Z  000000018000f090 f i p5engine.obj
 0001:0000e0e0       ??Y@YAAEATv3@@AEAT0@T0@@Z  000000018000f0e0 f i p5engine.obj
 0001:0000e180       ??Y@YAAEATv4@@AEAT0@T0@@Z  000000018000f180 f i p5engine.obj
 0001:0000e220       ??Z@YAAEATv3@@AEAT0@T0@@Z  000000018000f220 f i p5engine.obj
 0001:0000e2c0       ?ATan2@@YAMMM@Z            000000018000f2c0 f i p5engine.obj
 0001:0000e310       ?AbsoluteValue@@YAMM@Z     000000018000f310 f i p5engine.obj
 0001:0000e350       ?AcquireAssetMemory@@YAPEAXPEAUgame_assets@@_K@Z 000000018000f350 f i p5engine.obj
 0001:0000e3b0       ?AddAssetHeaderToList@@YAXPEAUgame_assets@@IUasset_memory_size@@@Z 000000018000f3b0 f i p5engine.obj
 0001:0000e420       ?AddFlags@@YAXPEAUsim_entity@@I@Z 000000018000f420 f i p5engine.obj
 0001:0000e460       ?AddRadiusTo@@YA?AUrectangle3@@U1@Tv3@@@Z 000000018000f460 f i p5engine.obj
 0001:0000e5d0       ?AllResourcesPresent@@YAHPEAUrender_group@@@Z 000000018000f5d0 f i p5engine.obj
 0001:0000e620       ?AreInSameChunk@@YAHPEAUworld@@PEAUworld_position@@1@Z 000000018000f620 f i p5engine.obj
 0001:0000e720       ?AtomicCompareExchangeUInt32@@YAIPECIII@Z 000000018000f720 f i p5engine.obj
 0001:0000e770       ?BeginTemporaryMemory@@YA?AUtemporary_memory@@PEAUmemory_arena@@@Z 000000018000f770 f i p5engine.obj
 0001:0000e810       ?CenteredChunkPoint@@YA?AUworld_position@@III@Z 000000018000f810 f i p5engine.obj
 0001:0000e8a0       ?ChangeEntityLocationRaw@@YAXPEAUmemory_arena@@PEAUworld@@IPEAUworld_position@@2@Z 000000018000f8a0 f i p5engine.obj
 0001:0000ec90       ?CheckArena@@YAXPEAUmemory_arena@@@Z 000000018000fc90 f i p5engine.obj
 0001:0000ecc0       ?ChunkPositionFromTilePosition@@YA?AUworld_position@@PEAUworld@@HHHTv3@@@Z 000000018000fcc0 f i p5engine.obj
 0001:0000ef60       ?Clamp01@@YA?ATv2@@T1@@Z   000000018000ff60 f i p5engine.obj
 0001:0000efd0       ?Clamp01@@YAMM@Z           000000018000ffd0 f i p5engine.obj
 0001:0000f010       ?Clamp01MapToRange@@YAMMMM@Z 0000000180010010 f i p5engine.obj
 0001:0000f090       ?Clamp@@YAMMMM@Z           0000000180010090 f i p5engine.obj
 0001:0000f100       ?Clear@@YAXPEAUrender_group@@Tv4@@@Z 0000000180010100 f i p5engine.obj
 0001:0000f160       ?ClearFlags@@YAXPEAUsim_entity@@I@Z 0000000180010160 f i p5engine.obj
 0001:0000f1a0       ?DefaultMoveSpec@@YA?AUmove_spec@@XZ 00000001800101a0 f i p5engine.obj
 0001:0000f240       ?EndTemporaryMemory@@YAXUtemporary_memory@@@Z 0000000180010240 f i p5engine.obj
 0001:0000f2c0       ?EntityOverlapsRectangle@@YAHTv3@@Usim_entity_collision_volume@@Urectangle3@@@Z 00000001800102c0 f i p5engine.obj
 0001:0000f450       ?GetAlignmentOffset@@YA_KPEAUmemory_arena@@_K@Z 0000000180010450 f i p5engine.obj
 0001:0000f4e0       ?GetArenaSizeRemaining@@YA_KPEAUmemory_arena@@_K@Z 00000001800104e0 f i p5engine.obj
 0001:0000f540       ?GetBarycentric@@YA?ATv2@@Urectangle2@@T1@@Z 0000000180010540 f i p5engine.obj
 0001:0000f5f0       ?GetBitmap@@YAPEAUloaded_bitmap@@PEAUgame_assets@@Ubitmap_id@@H@Z 00000001800105f0 f i p5engine.obj
 0001:0000f6b0       ?GetCameraRectangleAtDistance@@YA?AUrectangle2@@PEAUrender_group@@M@Z 00000001800106b0 f i p5engine.obj
 0001:0000f750       ?GetCameraRectangleAtTarget@@YA?AUrectangle2@@PEAUrender_group@@@Z 0000000180010750 f i p5engine.obj
 0001:0000f7c0       ?GetDim@@YA?ATv2@@Urectangle2@@@Z 00000001800107c0 f i p5engine.obj
 0001:0000f800       ?GetDim@@YA?ATv3@@Urectangle3@@@Z 0000000180010800 f i p5engine.obj
 0001:0000f8a0       ?GetEntityGroundPoint@@YA?ATv3@@PEAUsim_entity@@@Z 00000001800108a0 f i p5engine.obj
 0001:0000f920       ?GetEntityGroundPoint@@YA?ATv3@@PEAUsim_entity@@T1@@Z 0000000180010920 f i p5engine.obj
 0001:0000f980       ?GetFileHandleFor@@YAPEAUplatform_file_handle@@PEAUgame_assets@@I@Z 0000000180010980 f i p5engine.obj
 0001:0000f9e0       ?GetLowEntity@@YAPEAUlow_entity@@PEAUgame_state@@I@Z 00000001800109e0 f i p5engine.obj
 0001:0000fa50       ?GetMaxCorner@@YA?ATv3@@Urectangle3@@@Z 0000000180010a50 f i p5engine.obj
 0001:0000fab0       ?GetMinCorner@@YA?ATv3@@Urectangle3@@@Z 0000000180010ab0 f i p5engine.obj
 0001:0000fb00       ?GetNextSoundInChain@@YA?AUsound_id@@PEAUgame_assets@@U1@@Z 0000000180010b00 f i p5engine.obj
 0001:0000fbc0       ?GetRenderEntityBasisPos@@YA?AUentity_basis_p_result@@PEAUrender_transform@@Tv3@@@Z 0000000180010bc0 f i p5engine.obj
 0001:0000fe60       ?GetSimSpacePos@@YA?ATv3@@PEAUsim_region@@PEAUlow_entity@@@Z 0000000180010e60 f i p5engine.obj
 0001:0000ff50       ?GetSound@@YAPEAUloaded_sound@@PEAUgame_assets@@Usound_id@@@Z 0000000180010f50 f i p5engine.obj
 0001:0000fff0       ?GetSoundInfo@@YAPEAUp5a_sound@@PEAUgame_assets@@Usound_id@@@Z 0000000180010ff0 f i p5engine.obj
 0001:00010050       ?GetStairGround@@YAMPEAUsim_entity@@Tv3@@@Z 0000000180011050 f i p5engine.obj
 0001:00010140       ?GetState@@YAIPEAUasset@@@Z 0000000180011140 f i p5engine.obj
 0001:00010170       ?GetWorldChunk@@YAPEAUworld_chunk@@PEAUworld@@HHHPEAUmemory_arena@@@Z 0000000180011170 f i p5engine.obj
 0001:00010360       ?Hadamard@@YA?ATv2@@T1@0@Z 0000000180011360 f i p5engine.obj
 0001:000103c0       ?Hadamard@@YA?ATv3@@T1@0@Z 00000001800113c0 f i p5engine.obj
 0001:00010480       ?HasFlag@@YAHPEAUsim_entity@@I@Z 0000000180011480 f i p5engine.obj
 0001:000104c0       ?InitializeArena@@YAXPEAUmemory_arena@@_KPEAX@Z 00000001800114c0 f i p5engine.obj
 0001:00010520       ?Inner@@YAMTv2@@0@Z        0000000180011520 f i p5engine.obj
 0001:00010570       ?Inner@@YAMTv3@@0@Z        0000000180011570 f i p5engine.obj
 0001:000105e0       ?InsertAssetHeaderAtFront@@YAXPEAUgame_assets@@PEAUasset_memory_header@@@Z 00000001800115e0 f i p5engine.obj
 0001:00010650       ?Intersect@@YA?AUrectangle2i@@U1@0@Z 0000000180011650 f i p5engine.obj
 0001:00010760       ?IsCanonical@@YAHMM@Z      0000000180011760 f i p5engine.obj
 0001:00010800       ?IsCanonical@@YAHPEAUworld@@Tv3@@@Z 0000000180011800 f i p5engine.obj
 0001:000108a0       ?IsInRectangle@@YAHUrectangle3@@Tv3@@@Z 00000001800118a0 f i p5engine.obj
 0001:00010960       ?IsLocked@@YAHPEAUasset@@@Z 0000000180011960 f i p5engine.obj
 0001:00010990       ?IsValid@@YAHUsound_id@@@Z 0000000180011990 f i p5engine.obj
 0001:000109d0       ?IsValid@@YAHUworld_position@@@Z 00000001800119d0 f i p5engine.obj
 0001:00010a20       ?Length@@YAMTv3@@@Z        0000000180011a20 f i p5engine.obj
 0001:00010a70       ?LengthSq@@YAMTv2@@@Z      0000000180011a70 f i p5engine.obj
 0001:00010ab0       ?LengthSq@@YAMTv3@@@Z      0000000180011ab0 f i p5engine.obj
 0001:00010b20       ?Lerp@@YAMMMM@Z            0000000180011b20 f i p5engine.obj
 0001:00010b80       ?LoadEntityReference@@YAXPEAUgame_state@@PEAUsim_region@@PEATentity_reference@@@Z 0000000180011b80 f i p5engine.obj
 0001:00010cb0       ?MakeEntityNonSpatial@@YAXPEAUsim_entity@@@Z 0000000180011cb0 f i p5engine.obj
 0001:00010d30       ?MakeEntitySpatial@@YAXPEAUsim_entity@@Tv3@@1@Z 0000000180011d30 f i p5engine.obj
 0001:00010da0       ?MapIntoChunkSpace@@YA?AUworld_position@@PEAUworld@@U1@Tv3@@@Z 0000000180011da0 f i p5engine.obj
 0001:00010e90       ?NullPosition@@YA?AUworld_position@@XZ 0000000180011e90 f i p5engine.obj
 0001:00010f00       ?Orthographic@@YAXPEAUrender_group@@HHM@Z 0000000180011f00 f i p5engine.obj
 0001:00011000       ?Perspective@@YAXPEAUrender_group@@HHMMM@Z 0000000180012000 f i p5engine.obj
 0001:000110f0       ?PrefetchSound@@YAXPEAUgame_assets@@Usound_id@@@Z 00000001800120f0 f i p5engine.obj
 0001:00011120       ?PushBitmap@@YAXPEAUrender_group@@PEAUloaded_bitmap@@Tv3@@MTv4@@@Z 0000000180012120 f i p5engine.obj
 0001:00011350       ?PushBitmap@@YAXPEAUrender_group@@Ubitmap_id@@Tv3@@MTv4@@@Z 0000000180012350 f i p5engine.obj
 0001:00011450       ?PushRect@@YAXPEAUrender_group@@Tv3@@Tv2@@Tv4@@@Z 0000000180012450 f i p5engine.obj
 0001:000115f0       ?PushRectOutline@@YAXPEAUrender_group@@Tv3@@Tv2@@Tv4@@@Z 00000001800125f0 f i p5engine.obj
 0001:00011a80       ?PushRenderElement_@@YAPEAXPEAUrender_group@@IW4render_group_entry_type@@@Z 0000000180012a80 f i p5engine.obj
 0001:00011b30       ?PushSize_@@YAPEAXPEAUmemory_arena@@_K1@Z 0000000180012b30 f i p5engine.obj
 0001:00011c00       ?RandomBetween@@YAMPEAUrandom_series@@MM@Z 0000000180012c00 f i p5engine.obj
 0001:00011c50       ?RandomBilateral@@YAMPEAUrandom_series@@@Z 0000000180012c50 f i p5engine.obj
 0001:00011ca0       ?RandomChoice@@YAIPEAUrandom_series@@I@Z 0000000180012ca0 f i p5engine.obj
 0001:00011ce0       ?RandomNextUInt32@@YAIPEAUrandom_series@@@Z 0000000180012ce0 f i p5engine.obj
 0001:00011d50       ?RandomSeed@@YA?AUrandom_series@@I@Z 0000000180012d50 f i p5engine.obj
 0001:00011dc0       ?RandomUnilateral@@YAMPEAUrandom_series@@@Z 0000000180012dc0 f i p5engine.obj
 0001:00011e20       ?RecanonicalizeCoord@@YAXMPEAHPEAM@Z 0000000180012e20 f i p5engine.obj
 0001:00011ec0       ?RectCenterDim@@YA?AUrectangle2@@Tv2@@0@Z 0000000180012ec0 f i p5engine.obj
 0001:00011f50       ?RectCenterDim@@YA?AUrectangle3@@Tv3@@0@Z 0000000180012f50 f i p5engine.obj
 0001:00012040       ?RectCenterHalfDim@@YA?AUrectangle2@@Tv2@@0@Z 0000000180013040 f i p5engine.obj
 0001:000120f0       ?RectCenterHalfDim@@YA?AUrectangle3@@Tv3@@0@Z 00000001800130f0 f i p5engine.obj
 0001:00012260       ?RectMinMax@@YA?AUrectangle3@@Tv3@@0@Z 0000000180013260 f i p5engine.obj
 0001:00012300       ?RectanglesIntersect@@YAHUrectangle3@@0@Z 0000000180013300 f i p5engine.obj
 0001:000123c0       ?ReleaseAssetMemory@@YAXPEAUgame_assets@@_KPEAX@Z 00000001800133c0 f i p5engine.obj
 0001:00012420       ?RemoveAssetHeaderFromList@@YAXPEAUasset_memory_header@@@Z 0000000180013420 f i p5engine.obj
 0001:00012480       ?RoundReal32ToInt32@@YAHM@Z 0000000180013480 f i p5engine.obj
 0001:000124c0       ?RoundReal32ToUInt32@@YAIM@Z 00000001800134c0 f i p5engine.obj
 0001:00012500       ?SafeRatio1@@YAMMM@Z       0000000180013500 f i p5engine.obj
 0001:00012550       ?SafeRatioN@@YAMMMM@Z      0000000180013550 f i p5engine.obj
 0001:000125b0       ?SignOf@@YAMM@Z            00000001800135b0 f i p5engine.obj
 0001:00012610       ?Sin@@YAMM@Z               0000000180013610 f i p5engine.obj
 0001:00012650       ?Square@@YAMM@Z            0000000180013650 f i p5engine.obj
 0001:00012690       ?SquareRoot@@YAMM@Z        0000000180013690 f i p5engine.obj
 0001:000126d0       ?StoreEntityReference@@YAXPEATentity_reference@@@Z 00000001800136d0 f i p5engine.obj
 0001:00012710       ?SubArena@@YAXPEAUmemory_arena@@0_K1@Z 0000000180013710 f i p5engine.obj
 0001:00012780       ?ToV3@@YA?ATv3@@Tv2@@M@Z   0000000180013780 f i p5engine.obj
 0001:00012810       ?TruncateReal32ToInt32@@YAHM@Z 0000000180013810 f i p5engine.obj
 0001:00012840       ?Unproject@@YA?ATv2@@PEAUrender_group@@T1@M@Z 0000000180013840 f i p5engine.obj
 0001:00012890       ?V2@@YA?ATv2@@MM@Z         0000000180013890 f i p5engine.obj
 0001:00012900       ?V2i@@YA?ATv2@@HH@Z        0000000180013900 f i p5engine.obj
 0001:00012950       ?V3@@YA?ATv3@@MMM@Z        0000000180013950 f i p5engine.obj
 0001:000129f0       ?V4@@YA?ATv4@@MMMM@Z       00000001800139f0 f i p5engine.obj
 0001:00012aa0       ?ZeroSize@@YAX_KPEAX@Z     0000000180013aa0 f i p5engine.obj
 0001:00012b00       GetController              0000000180013b00 f i p5engine.obj
 0001:00012b60       SafeTruncateUInt16         0000000180013b60 f i p5engine.obj
 0001:00012bb0       ?DrawRectangleQuickly@@YAXPEAUloaded_bitmap@@Tv2@@11Tv4@@0MUrectangle2i@@H@Z 0000000180013bb0 f   p5engine_optimized.obj
 0001:000138f0       __CheckForDebuggerJustMyCode 00000001800148f0 f   MSVCRTD:debugger_jmc.obj
 0001:00013930       __GSHandlerCheck           0000000180014930 f   MSVCRTD:gshandler.obj
 0001:00013970       __GSHandlerCheckCommon     0000000180014970 f   MSVCRTD:gshandler.obj
 0001:00013a80       __chkstk                   0000000180014a80 f   MSVCRTD:chkstk.obj
 0001:00013a80       _alloca_probe              0000000180014a80 f   MSVCRTD:chkstk.obj
 0001:00013ae0       __security_check_cookie    0000000180014ae0 f   MSVCRTD:amdsecgs.obj
 0001:00013f10       _DllMainCRTStartup         0000000180014f10 f   MSVCRTD:dll_dllmain.obj
 0001:00013f50       __raise_securityfailure    0000000180014f50 f   MSVCRTD:gs_report.obj
 0001:00013f90       __report_gsfailure         0000000180014f90 f   MSVCRTD:gs_report.obj
 0001:000141f0       __security_init_cookie     00000001800151f0 f   MSVCRTD:gs_support.obj
 0001:00014270       DllMain                    0000000180015270 f   MSVCRTD:dll_dllmain_stub.obj
 0001:000142b0       ?__scrt_initialize_type_info@@YAXXZ 00000001800152b0 f   MSVCRTD:tncleanup.obj
 0001:000142d0       ?__scrt_uninitialize_type_info@@YAXXZ 00000001800152d0 f   MSVCRTD:tncleanup.obj
 0001:000142f0       __local_stdio_printf_options 00000001800152f0 f i MSVCRTD:default_local_stdio_options.obj
 0001:00014300       __local_stdio_scanf_options 0000000180015300 f i MSVCRTD:default_local_stdio_options.obj
 0001:00014310       __scrt_initialize_default_local_stdio_options 0000000180015310 f   MSVCRTD:default_local_stdio_options.obj
 0001:00014360       ?configure_argv@__scrt_narrow_argv_policy@@SAHXZ 0000000180015360 f i MSVCRTD:utility.obj
 0001:00014450       ?initialize_environment@__scrt_narrow_environment_policy@@SAHXZ 0000000180015450 f i MSVCRTD:utility.obj
 0001:000144f0       NtCurrentTeb               00000001800154f0 f i MSVCRTD:utility.obj
 0001:00014500       __scrt_acquire_startup_lock 0000000180015500 f   MSVCRTD:utility.obj
 0001:00014570       __scrt_dllmain_after_initialize_c 0000000180015570 f   MSVCRTD:utility.obj
 0001:000145a0       __scrt_dllmain_before_initialize_c 00000001800155a0 f   MSVCRTD:utility.obj
 0001:000145c0       __scrt_dllmain_crt_thread_attach 00000001800155c0 f   MSVCRTD:utility.obj
 0001:000145f0       __scrt_dllmain_crt_thread_detach 00000001800155f0 f   MSVCRTD:utility.obj
 0001:00014610       __scrt_dllmain_exception_filter 0000000180015610 f   MSVCRTD:utility.obj
 0001:00014680       __scrt_dllmain_uninitialize_c 0000000180015680 f   MSVCRTD:utility.obj
 0001:000146b0       __scrt_dllmain_uninitialize_critical 00000001800156b0 f   MSVCRTD:utility.obj
 0001:000146d0       __scrt_initialize_crt      00000001800156d0 f   MSVCRTD:utility.obj
 0001:00014720       __scrt_initialize_onexit_tables 0000000180015720 f   MSVCRTD:utility.obj
 0001:00014830       __scrt_is_nonwritable_in_current_image 0000000180015830 f   MSVCRTD:utility.obj
 0001:000148c0       __scrt_release_startup_lock 00000001800158c0 f   MSVCRTD:utility.obj
 0001:000148f0       __scrt_uninitialize_crt    00000001800158f0 f   MSVCRTD:utility.obj
 0001:00014930       __scrt_get_dyn_tls_init_callback 0000000180015930 f   MSVCRTD:dyn_tls_init.obj
 0001:00014940       __crt_debugger_hook        0000000180015940 f   MSVCRTD:utility_desktop.obj
 0001:00014950       __scrt_fastfail            0000000180015950 f   MSVCRTD:utility_desktop.obj
 0001:00014af0       _RTC_Initialize            0000000180015af0 f   MSVCRTD:initsect.obj
 0001:00014b40       _RTC_Terminate             0000000180015b40 f   MSVCRTD:initsect.obj
 0001:00014b90       _guard_check_icall_nop     0000000180015b90 f i MSVCRTD:guard_support.obj
 0001:00014ba0       __isa_available_init       0000000180015ba0 f   MSVCRTD:cpu_disp.obj
 0001:00014f40       _get_startup_argv_mode     0000000180015f40 f   MSVCRTD:argv_mode.obj
 0001:00014f50       __scrt_is_ucrt_dll_in_use  0000000180015f50 f   MSVCRTD:ucrt_detection.obj
 0001:00014f80       __C_specific_handler       0000000180015f80 f   vcruntimed:VCRUNTIME140D.dll
 0001:00014f86       __std_type_info_destroy_list 0000000180015f86 f   vcruntimed:VCRUNTIME140D.dll
 0001:00014f8c       atan2                      0000000180015f8c f   ucrtd:ucrtbased.dll
 0001:00014f92       sinf                       0000000180015f92 f   ucrtd:ucrtbased.dll
 0001:00014f98       sqrtf                      0000000180015f98 f   ucrtd:ucrtbased.dll
 0001:00014f9e       _initterm                  0000000180015f9e f   ucrtd:ucrtbased.dll
 0001:00014fa4       _initterm_e                0000000180015fa4 f   ucrtd:ucrtbased.dll
 0001:00014faa       _seh_filter_dll            0000000180015faa f   ucrtd:ucrtbased.dll
 0001:00014fb0       _configure_narrow_argv     0000000180015fb0 f   ucrtd:ucrtbased.dll
 0001:00014fb6       _initialize_narrow_environment 0000000180015fb6 f   ucrtd:ucrtbased.dll
 0001:00014fbc       _initialize_onexit_table   0000000180015fbc f   ucrtd:ucrtbased.dll
 0001:00014fc2       _execute_onexit_table      0000000180015fc2 f   ucrtd:ucrtbased.dll
 0001:00014fc8       _cexit                     0000000180015fc8 f   ucrtd:ucrtbased.dll
 0001:00014fd0       __vcrt_thread_attach       0000000180015fd0 f   MSVCRTD:ucrt_stubs.obj
 0001:00014fd0       __scrt_stub_for_acrt_thread_detach 0000000180015fd0 f   MSVCRTD:ucrt_stubs.obj
 0001:00014fd0       __vcrt_thread_detach       0000000180015fd0 f   MSVCRTD:ucrt_stubs.obj
 0001:00014fd0       __vcrt_initialize          0000000180015fd0 f   MSVCRTD:ucrt_stubs.obj
 0001:00014fd0       __acrt_thread_detach       0000000180015fd0 f   MSVCRTD:ucrt_stubs.obj
 0001:00014fd0       __acrt_initialize          0000000180015fd0 f   MSVCRTD:ucrt_stubs.obj
 0001:00014fd0       __scrt_stub_for_acrt_thread_attach 0000000180015fd0 f   MSVCRTD:ucrt_stubs.obj
 0001:00014fd0       __scrt_stub_for_acrt_initialize 0000000180015fd0 f   MSVCRTD:ucrt_stubs.obj
 0001:00014fd0       __acrt_thread_attach       0000000180015fd0 f   MSVCRTD:ucrt_stubs.obj
 0001:00014fe0       __scrt_stub_for_acrt_uninitialize_critical 0000000180015fe0 f   MSVCRTD:ucrt_stubs.obj
 0001:00014fe0       __acrt_uninitialize        0000000180015fe0 f   MSVCRTD:ucrt_stubs.obj
 0001:00014fe0       __scrt_stub_for_acrt_uninitialize 0000000180015fe0 f   MSVCRTD:ucrt_stubs.obj
 0001:00014fe0       __acrt_uninitialize_critical 0000000180015fe0 f   MSVCRTD:ucrt_stubs.obj
 0001:00014fe0       __vcrt_uninitialize        0000000180015fe0 f   MSVCRTD:ucrt_stubs.obj
 0001:00014fe0       __vcrt_uninitialize_critical 0000000180015fe0 f   MSVCRTD:ucrt_stubs.obj
 0001:00014ff0       __scrt_stub_for_is_c_termination_complete 0000000180015ff0 f   MSVCRTD:ucrt_stubs.obj
 0001:00014ff0       _is_c_termination_complete 0000000180015ff0 f   MSVCRTD:ucrt_stubs.obj
 0001:00015010       _guard_dispatch_icall_nop  0000000180016010 f   MSVCRTD:guard_dispatch.obj
 0001:00015030       _guard_xfg_dispatch_icall_nop 0000000180016030 f   MSVCRTD:guard_xfg_dispatch.obj
 0002:00000000       __imp_QueryPerformanceCounter 0000000180017000     kernel32:KERNEL32.dll
 0002:00000008       __imp_RtlCaptureContext    0000000180017008     kernel32:KERNEL32.dll
 0002:00000010       __imp_RtlLookupFunctionEntry 0000000180017010     kernel32:KERNEL32.dll
 0002:00000018       __imp_RtlVirtualUnwind     0000000180017018     kernel32:KERNEL32.dll
 0002:00000020       __imp_IsDebuggerPresent    0000000180017020     kernel32:KERNEL32.dll
 0002:00000028       __imp_InitializeSListHead  0000000180017028     kernel32:KERNEL32.dll
 0002:00000030       __imp_DisableThreadLibraryCalls 0000000180017030     kernel32:KERNEL32.dll
 0002:00000038       __imp_GetSystemTimeAsFileTime 0000000180017038     kernel32:KERNEL32.dll
 0002:00000040       __imp_GetCurrentProcessId  0000000180017040     kernel32:KERNEL32.dll
 0002:00000048       __imp_GetCurrentThreadId   0000000180017048     kernel32:KERNEL32.dll
 0002:00000050       __imp_IsProcessorFeaturePresent 0000000180017050     kernel32:KERNEL32.dll
 0002:00000058       __imp_TerminateProcess     0000000180017058     kernel32:KERNEL32.dll
 0002:00000060       __imp_GetCurrentProcess    0000000180017060     kernel32:KERNEL32.dll
 0002:00000068       __imp_SetUnhandledExceptionFilter 0000000180017068     kernel32:KERNEL32.dll
 0002:00000070       __imp_UnhandledExceptionFilter 0000000180017070     kernel32:KERNEL32.dll
 0002:00000078       \177KERNEL32_NULL_THUNK_DATA 0000000180017078     kernel32:KERNEL32.dll
 0002:00000080       __imp___std_type_info_destroy_list 0000000180017080     vcruntimed:VCRUNTIME140D.dll
 0002:00000088       __imp___C_specific_handler 0000000180017088     vcruntimed:VCRUNTIME140D.dll
 0002:00000090       \177VCRUNTIME140D_NULL_THUNK_DATA 0000000180017090     vcruntimed:VCRUNTIME140D.dll
 0002:00000098       __imp__cexit               0000000180017098     ucrtd:ucrtbased.dll
 0002:000000a0       __imp__execute_onexit_table 00000001800170a0     ucrtd:ucrtbased.dll
 0002:000000a8       __imp__initialize_onexit_table 00000001800170a8     ucrtd:ucrtbased.dll
 0002:000000b0       __imp__initialize_narrow_environment 00000001800170b0     ucrtd:ucrtbased.dll
 0002:000000b8       __imp__configure_narrow_argv 00000001800170b8     ucrtd:ucrtbased.dll
 0002:000000c0       __imp__initterm_e          00000001800170c0     ucrtd:ucrtbased.dll
 0002:000000c8       __imp__initterm            00000001800170c8     ucrtd:ucrtbased.dll
 0002:000000d0       __imp_sqrtf                00000001800170d0     ucrtd:ucrtbased.dll
 0002:000000d8       __imp_sinf                 00000001800170d8     ucrtd:ucrtbased.dll
 0002:000000e0       __imp_atan2                00000001800170e0     ucrtd:ucrtbased.dll
 0002:000000e8       __imp_roundf               00000001800170e8     ucrtd:ucrtbased.dll
 0002:000000f0       __imp__seh_filter_dll      00000001800170f0     ucrtd:ucrtbased.dll
 0002:000000f8       \177ucrtbased_NULL_THUNK_DATA 00000001800170f8     ucrtd:ucrtbased.dll
 0002:00000100       __guard_check_icall_fptr   0000000180017100     MSVCRTD:guard_support.obj
 0002:00000108       __guard_xfg_check_icall_fptr 0000000180017108     MSVCRTD:guard_support.obj
 0002:00000110       __guard_dispatch_icall_fptr 0000000180017110     MSVCRTD:guard_support.obj
 0002:00000118       __guard_xfg_dispatch_icall_fptr 0000000180017118     MSVCRTD:guard_support.obj
 0002:00000120       __guard_xfg_table_dispatch_icall_fptr 0000000180017120     MSVCRTD:guard_support.obj
 0002:00000128       __xc_a                     0000000180017128     MSVCRTD:initializers.obj
 0002:00000130       __xc_z                     0000000180017130     MSVCRTD:initializers.obj
 0002:00000138       __xi_a                     0000000180017138     MSVCRTD:initializers.obj
 0002:00000140       __xi_z                     0000000180017140     MSVCRTD:initializers.obj
 0002:00000148       __xp_a                     0000000180017148     MSVCRTD:initializers.obj
 0002:00000150       __xp_z                     0000000180017150     MSVCRTD:initializers.obj
 0002:00000158       __xt_a                     0000000180017158     MSVCRTD:initializers.obj
 0002:00000160       __xt_z                     0000000180017160     MSVCRTD:initializers.obj
 0002:00000210       ??_C@_0BA@NMEIMCEK@InvalidCodePath@ 0000000180017210     p5engine.obj
 0002:00000220       __real@00000000            0000000180017220     p5engine.obj
 0002:00000224       __real@308992b1            0000000180017224     p5engine.obj
 0002:00000228       __real@3a83126f            0000000180017228     p5engine.obj
 0002:0000022c       __real@3c23d70a            000000018001722c     p5engine.obj
 0002:00000230       __real@3cc30c31            0000000180017230     p5engine.obj
 0002:00000234       __real@3d4ccccd            0000000180017234     p5engine.obj
 0002:00000238       __real@3dcccccd            0000000180017238     p5engine.obj
 0002:0000023c       __real@3e4ccccd            000000018001723c     p5engine.obj
 0002:00000240       __real@3e800000            0000000180017240     p5engine.obj
 0002:00000244       __real@3e99999a            0000000180017244     p5engine.obj
 0002:00000248       __real@3ecccccd            0000000180017248     p5engine.obj
 0002:0000024c       __real@3ee147ae            000000018001724c     p5engine.obj
 0002:00000250       __real@3f000000            0000000180017250     p5engine.obj
 0002:00000254       __real@3f19999a            0000000180017254     p5engine.obj
 0002:00000258       __real@3f228f5c            0000000180017258     p5engine.obj
 0002:0000025c       __real@3f333333            000000018001725c     p5engine.obj
 0002:00000260       __real@3f3504f3            0000000180017260     p5engine.obj
 0002:00000264       __real@3f400000            0000000180017264     p5engine.obj
 0002:00000268       __real@3f666666            0000000180017268     p5engine.obj
 0002:0000026c       __real@3f800000            000000018001726c     p5engine.obj
 0002:00000270       __real@3f8ccccd            0000000180017270     p5engine.obj
 0002:00000274       __real@3f99999a            0000000180017274     p5engine.obj
 0002:00000278       __real@3fa66666            0000000180017278     p5engine.obj
 0002:0000027c       __real@3fb33333            000000018001727c     p5engine.obj
 0002:00000280       __real@3fc00000            0000000180017280     p5engine.obj
 0002:00000284       __real@40000000            0000000180017284     p5engine.obj
 0002:00000288       __real@400ccccd            0000000180017288     p5engine.obj
 0002:0000028c       __real@40400000            000000018001728c     p5engine.obj
 0002:00000290       __real@40800000            0000000180017290     p5engine.obj
 0002:00000294       __real@40a00000            0000000180017294     p5engine.obj
 0002:00000298       __real@40c00000            0000000180017298     p5engine.obj
 0002:0000029c       __real@40c90fdb            000000018001729c     p5engine.obj
 0002:000002a0       __real@40e00000            00000001800172a0     p5engine.obj
 0002:000002a4       __real@41100000            00000001800172a4     p5engine.obj
 0002:000002a8       __real@41700000            00000001800172a8     p5engine.obj
 0002:000002ac       __real@41880000            00000001800172ac     p5engine.obj
 0002:000002b0       __real@41a00000            00000001800172b0     p5engine.obj
 0002:000002b4       __real@41f00000            00000001800172b4     p5engine.obj
 0002:000002b8       __real@42000000            00000001800172b8     p5engine.obj
 0002:000002bc       __real@42340000            00000001800172bc     p5engine.obj
 0002:000002c0       __real@437f0000            00000001800172c0     p5engine.obj
 0002:000002c4       __real@461c4000            00000001800172c4     p5engine.obj
 0002:000002c8       __real@47c35000            00000001800172c8     p5engine.obj
 0002:000002cc       __real@49742400            00000001800172cc     p5engine.obj
 0002:000002d0       __real@7f7fffff            00000001800172d0     p5engine.obj
 0002:000002d4       __real@bc23d70a            00000001800172d4     p5engine.obj
 0002:000002d8       __real@bd4ccccd            00000001800172d8     p5engine.obj
 0002:000002dc       __real@be800000            00000001800172dc     p5engine.obj
 0002:000002e0       __real@becccccd            00000001800172e0     p5engine.obj
 0002:000002e4       __real@bf000000            00000001800172e4     p5engine.obj
 0002:000002e8       __real@bf800000            00000001800172e8     p5engine.obj
 0002:000002ec       __real@c0000000            00000001800172ec     p5engine.obj
 0002:000002f0       __real@c0100000            00000001800172f0     p5engine.obj
 0002:000002f4       __real@c0400000            00000001800172f4     p5engine.obj
 0002:000002f8       __real@c11ccccd            00000001800172f8     p5engine.obj
 0002:00000300       __xmm@00000000000000000000000000000000 0000000180017300     p5engine.obj
 0002:00000310       __xmm@3f8000003f8000003f8000003f800000 0000000180017310     p5engine.obj
 0002:00000320       __xmm@7fffffffffffffff7fffffffffffffff 0000000180017320     p5engine.obj
 0002:00000330       __xmm@80000000800000008000000080000000 0000000180017330     p5engine.obj
 0002:00000340       __xmm@000000ff000000ff000000ff000000ff 0000000180017340     p5engine_optimized.obj
 0002:00000350       __xmm@0000ffff0000ffff0000ffff0000ffff 0000000180017350     p5engine_optimized.obj
 0002:00000360       __xmm@00ff00ff00ff00ff00ff00ff00ff00ff 0000000180017360     p5engine_optimized.obj
 0002:00000370       __xmm@3b8080813b8080813b8080813b808081 0000000180017370     p5engine_optimized.obj
 0002:00000380       __xmm@3f0000003f0000003f0000003f000000 0000000180017380     p5engine_optimized.obj
 0002:00000390       __xmm@40800000408000004080000040800000 0000000180017390     p5engine_optimized.obj
 0002:000003a0       __xmm@477e0100477e0100477e0100477e0100 00000001800173a0     p5engine_optimized.obj
 0002:000003b0       __xmm@ffffffffffffffffffffffffffffffff 00000001800173b0     p5engine_optimized.obj
 0002:000003c0       _pRawDllMain               00000001800173c0     MSVCRTD:dll_dllmain.obj
 0002:000003c0       _pDefaultRawDllMain        00000001800173c0     MSVCRTD:dll_dllmain.obj
 0002:00000430       _load_config_used          0000000180017430     MSVCRTD:loadcfg.obj
 0002:00000580       __volatile_metadata        0000000180017580     <linker-defined>
 0002:000009c8       __rtc_iaa                  00000001800179c8     MSVCRTD:initsect.obj
 0002:000009d0       __rtc_izz                  00000001800179d0     MSVCRTD:initsect.obj
 0002:000009d8       __rtc_taa                  00000001800179d8     MSVCRTD:initsect.obj
 0002:000009e0       __rtc_tzz                  00000001800179e0     MSVCRTD:initsect.obj
 0002:00001234       __IMPORT_DESCRIPTOR_VCRUNTIME140D 0000000180018234     vcruntimed:VCRUNTIME140D.dll
 0002:00001248       __IMPORT_DESCRIPTOR_ucrtbased 0000000180018248     ucrtd:ucrtbased.dll
 0002:0000125c       __IMPORT_DESCRIPTOR_KERNEL32 000000018001825c     kernel32:KERNEL32.dll
 0002:00001270       __NULL_IMPORT_DESCRIPTOR   0000000180018270     vcruntimed:VCRUNTIME140D.dll
 0003:00004000       __security_cookie_complement 000000018001d000     MSVCRTD:gs_cookie.obj
 0003:00004008       __security_cookie          000000018001d008     MSVCRTD:gs_cookie.obj
 0003:00004010       _fltused                   000000018001d010     MSVCRTD:fltused.obj
 0003:00004014       __scrt_native_dllmain_reason 000000018001d014     MSVCRTD:utility.obj
 0003:00004018       __isa_available            000000018001d018     MSVCRTD:cpu_disp.obj
 0003:0000401c       __isa_enabled              000000018001d01c     MSVCRTD:cpu_disp.obj
 0003:00004020       __memcpy_nt_iters          000000018001d020     MSVCRTD:cpu_disp.obj
 0003:00004028       __memset_nt_iters          000000018001d028     MSVCRTD:cpu_disp.obj
 0003:00004030       __scrt_ucrt_dll_is_in_use  000000018001d030     MSVCRTD:ucrt_stubs.obj
 0003:00004040       DebugGlobalMemory          000000018001d040     p5engine.obj
 0003:00004630       ?__type_info_root_node@@3U__type_info_node@@A 000000018001d630     MSVCRTD:tncleanup.obj
 0003:00004640       ?_OptionsStorage@?1??__local_stdio_printf_options@@9@4_KA 000000018001d640     MSVCRTD:default_local_stdio_options.obj
 0003:00004648       ?_OptionsStorage@?1??__local_stdio_scanf_options@@9@4_KA 000000018001d648     MSVCRTD:default_local_stdio_options.obj
 0003:00004650       __scrt_current_native_startup_state 000000018001d650     MSVCRTD:utility.obj
 0003:00004658       __scrt_native_startup_lock 000000018001d658     MSVCRTD:utility.obj
 0003:00004698       __scrt_debugger_hook_flag  000000018001d698     MSVCRTD:utility_desktop.obj
 0003:000046a0       __castguard_check_failure_os_handled_fptr 000000018001d6a0     MSVCRTD:guard_support.obj
 0003:000046a8       __favor                    000000018001d6a8     MSVCRTD:cpu_disp.obj
 0003:000046b0       __dyn_tls_init_callback    000000018001d6b0     <common>
 0003:000046b8       __DebuggerCurrentSteppingThreadId 000000018001d6b8     <common>

 entry point at        0001:00013f10

 Static symbols

 0000:fffde000       .debug$S                   0000000180000000     P5Engine.exp
 0000:fffde000       .debug$S                   0000000180000000     vcruntimed:VCRUNTIME140D.dll
 0000:fffde000       .debug$S                   0000000180000000     vcruntimed:VCRUNTIME140D.dll
 0000:fffde000       .debug$S                   0000000180000000     vcruntimed:VCRUNTIME140D.dll
 0000:fffde000       .debug$S                   0000000180000000     vcruntimed:VCRUNTIME140D.dll
 0000:fffde000       .debug$S                   0000000180000000     ucrtd:ucrtbased.dll
 0000:fffde000       .debug$S                   0000000180000000     ucrtd:ucrtbased.dll
 0000:fffde000       .debug$S                   0000000180000000     ucrtd:ucrtbased.dll
 0000:fffde000       .debug$S                   0000000180000000     ucrtd:ucrtbased.dll
 0000:fffde000       .debug$S                   0000000180000000     ucrtd:ucrtbased.dll
 0000:fffde000       .debug$S                   0000000180000000     ucrtd:ucrtbased.dll
 0000:fffde000       .debug$S                   0000000180000000     ucrtd:ucrtbased.dll
 0000:fffde000       .debug$S                   0000000180000000     ucrtd:ucrtbased.dll
 0000:fffde000       .debug$S                   0000000180000000     ucrtd:ucrtbased.dll
 0000:fffde000       .debug$S                   0000000180000000     ucrtd:ucrtbased.dll
 0000:fffde000       .debug$S                   0000000180000000     ucrtd:ucrtbased.dll
 0000:fffde000       .debug$S                   0000000180000000     ucrtd:ucrtbased.dll
 0000:fffde000       .debug$S                   0000000180000000     ucrtd:ucrtbased.dll
 0000:fffde000       .debug$S                   0000000180000000     ucrtd:ucrtbased.dll
 0000:fffde000       .debug$S                   0000000180000000     ucrtd:ucrtbased.dll
 0000:fffde000       .debug$S                   0000000180000000     ucrtd:ucrtbased.dll
 0000:fffde000       .debug$S                   0000000180000000     kernel32:KERNEL32.dll
 0000:fffde000       .debug$S                   0000000180000000     kernel32:KERNEL32.dll
 0000:fffde000       .debug$S                   0000000180000000     kernel32:KERNEL32.dll
 0000:fffde000       .debug$S                   0000000180000000     kernel32:KERNEL32.dll
 0000:fffde000       .debug$S                   0000000180000000     kernel32:KERNEL32.dll
 0000:fffde000       .debug$S                   0000000180000000     kernel32:KERNEL32.dll
 0000:fffde000       .debug$S                   0000000180000000     kernel32:KERNEL32.dll
 0000:fffde000       .debug$S                   0000000180000000     kernel32:KERNEL32.dll
 0000:fffde000       .debug$S                   0000000180000000     kernel32:KERNEL32.dll
 0000:fffde000       .debug$S                   0000000180000000     kernel32:KERNEL32.dll
 0000:fffde000       .debug$S                   0000000180000000     kernel32:KERNEL32.dll
 0000:fffde000       .debug$S                   0000000180000000     kernel32:KERNEL32.dll
 0000:fffde000       .debug$S                   0000000180000000     kernel32:KERNEL32.dll
 0000:fffde000       .debug$S                   0000000180000000     kernel32:KERNEL32.dll
 0000:fffde000       .debug$S                   0000000180000000     kernel32:KERNEL32.dll
 0000:fffde000       .debug$S                   0000000180000000     kernel32:KERNEL32.dll
 0000:fffde000       .debug$S                   0000000180000000     kernel32:KERNEL32.dll
 0001:00000000       ?MoveHeaderToFront@@YAXPEAUgame_assets@@PEAUasset@@@Z 0000000180001000 f   p5engine.obj
 0001:00000060       ?LoadBitmap@@YAXPEAUgame_assets@@Ubitmap_id@@H@Z 0000000180001060 f   p5engine.obj
 0001:000003f0       ?LoadSound@@YAXPEAUgame_assets@@Usound_id@@@Z 00000001800013f0 f   p5engine.obj
 0001:000006f0       ?AddCollisionRule@@YAXPEAUgame_state@@IIH@Z 00000001800016f0 f   p5engine.obj
 0001:00000870       ?ClearCollisionRulesFor@@YAXPEAUgame_state@@I@Z 0000000180001870 f   p5engine.obj
 0001:00000970       ?BeginTaskWithMemory@@YAPEAUtask_with_memory@@PEAUtransient_state@@@Z 0000000180001970 f   p5engine.obj
 0001:00000a50       ?EndTaskWithMemory@@YAXPEAUtask_with_memory@@@Z 0000000180001a50 f   p5engine.obj
 0001:00000ab0       ?DrawRectangle@@YAXPEAUloaded_bitmap@@Tv2@@1Tv4@@Urectangle2i@@H@Z 0000000180001ab0 f   p5engine.obj
 0001:00000d70       ?RenderGroupToOutput@@YAXPEAUrender_group@@PEAUloaded_bitmap@@Urectangle2i@@H@Z 0000000180001d70 f   p5engine.obj
 0001:00001170       ?DoTiledRenderWork@@YAXPEAUplatform_work_queue@@PEAX@Z 0000000180002170 f   p5engine.obj
 0001:00001220       ?RenderGroupToOutput@@YAXPEAUrender_group@@PEAUloaded_bitmap@@@Z 0000000180002220 f   p5engine.obj
 0001:00001310       ?TiledRenderGroupToOutput@@YAXPEAUplatform_work_queue@@PEAUrender_group@@PEAUloaded_bitmap@@@Z 0000000180002310 f   p5engine.obj
 0001:00001550       ?AllocateRenderGroup@@YAPEAUrender_group@@PEAUgame_assets@@PEAUmemory_arena@@IH@Z 0000000180002550 f   p5engine.obj
 0001:00001690       ?InitializeWorld@@YAXPEAUworld@@Tv3@@@Z 0000000180002690 f   p5engine.obj
 0001:00001730       ?Subtract@@YA?ATv3@@PEAUworld@@PEAUworld_position@@1@Z 0000000180002730 f   p5engine.obj
 0001:000019a0       ?ChangeEntityLocation@@YAXPEAUmemory_arena@@PEAUworld@@IPEAUlow_entity@@Uworld_position@@@Z 00000001800029a0 f   p5engine.obj
 0001:00001b30       ?GetHashFromStorageIndex@@YAPEAUsim_entity_hash@@PEAUsim_region@@I@Z 0000000180002b30 f   p5engine.obj
 0001:00001c00       ?AddEntity@@YAPEAUsim_entity@@PEAUgame_state@@PEAUsim_region@@IPEAUlow_entity@@PEATv3@@@Z 0000000180002c00 f   p5engine.obj
 0001:00001d60       ?AddEntityRaw@@YAPEAUsim_entity@@PEAUgame_state@@PEAUsim_region@@IPEAUlow_entity@@@Z 0000000180002d60 f   p5engine.obj
 0001:00001ee0       ?BeginSim@@YAPEAUsim_region@@PEAUmemory_arena@@PEAUgame_state@@PEAUworld@@Uworld_position@@Urectangle3@@M@Z 0000000180002ee0 f   p5engine.obj
 0001:00002550       ?EndSim@@YAXPEAUsim_region@@PEAUgame_state@@@Z 0000000180003550 f   p5engine.obj
 0001:00002810       ?CanCollide@@YAHPEAUgame_state@@PEAUsim_entity@@1@Z 0000000180003810 f   p5engine.obj
 0001:00002960       ?HandleCollision@@YAHPEAUgame_state@@PEAUsim_entity@@1@Z 0000000180003960 f   p5engine.obj
 0001:00002a40       ?CanOverlap@@YAHPEAUgame_state@@PEAUsim_entity@@1@Z 0000000180003a40 f   p5engine.obj
 0001:00002aa0       ?HandleOverlap@@YAXPEAUgame_state@@PEAUsim_entity@@1MPEAM@Z 0000000180003aa0 f   p5engine.obj
 0001:00002b40       ?SpeculativeCollide@@YAHPEAUsim_entity@@0Tv3@@@Z 0000000180003b40 f   p5engine.obj
 0001:00002c40       ?EntitiesOverlap@@YAHPEAUsim_entity@@0Tv3@@@Z 0000000180003c40 f   p5engine.obj
 0001:00002f80       ?MoveEntity@@YAXPEAUgame_state@@PEAUsim_region@@PEAUsim_entity@@MPEAUmove_spec@@Tv3@@@Z 0000000180003f80 f   p5engine.obj
 0001:000048e0       ?LoadAssetWork@@YAXPEAUplatform_work_queue@@PEAX@Z 00000001800058e0 f   p5engine.obj
 0001:00004990       ?GetBestMatchAssetFrom@@YAIPEAUgame_assets@@W4asset_type_id@@PEAUasset_vector@@2@Z 0000000180005990 f   p5engine.obj
 0001:00004bd0       ?GetRandomAssetFrom@@YAIPEAUgame_assets@@W4asset_type_id@@PEAUrandom_series@@@Z 0000000180005bd0 f   p5engine.obj
 0001:00004c70       ?GetFirstAssetFrom@@YAIPEAUgame_assets@@W4asset_type_id@@@Z 0000000180005c70 f   p5engine.obj
 0001:00004ce0       ?GetBestMatchBitmapFrom@@YA?AUbitmap_id@@PEAUgame_assets@@W4asset_type_id@@PEAUasset_vector@@2@Z 0000000180005ce0 f   p5engine.obj
 0001:00004d30       ?GetFirstBitmapFrom@@YA?AUbitmap_id@@PEAUgame_assets@@W4asset_type_id@@@Z 0000000180005d30 f   p5engine.obj
 0001:00004d70       ?GetRandomBitmapFrom@@YA?AUbitmap_id@@PEAUgame_assets@@W4asset_type_id@@PEAUrandom_series@@@Z 0000000180005d70 f   p5engine.obj
 0001:00004dc0       ?GetFirstSoundFrom@@YA?AUsound_id@@PEAUgame_assets@@W4asset_type_id@@@Z 0000000180005dc0 f   p5engine.obj
 0001:00004e00       ?GetRandomSoundFrom@@YA?AUsound_id@@PEAUgame_assets@@W4asset_type_id@@PEAUrandom_series@@@Z 0000000180005e00 f   p5engine.obj
 0001:00004e50       ?AllocateGameAssets@@YAPEAUgame_assets@@PEAUmemory_arena@@_KPEAUtransient_state@@@Z 0000000180005e50 f   p5engine.obj
 0001:000056b0       ?EvictAsset@@YAXPEAUgame_assets@@PEAUasset_memory_header@@@Z 00000001800066b0 f   p5engine.obj
 0001:00005770       ?EvictAssetsAsNecessary@@YAXPEAUgame_assets@@@Z 0000000180006770 f   p5engine.obj
 0001:00005820       ?PlaySound@@YAPEAUplaying_sound@@PEAUaudio_state@@Usound_id@@@Z 0000000180006820 f   p5engine.obj
 0001:00005950       ?ChangeVolume@@YAXPEAUaudio_state@@PEAUplaying_sound@@MTv2@@@Z 0000000180006950 f   p5engine.obj
 0001:00005a20       ?OutputPlayingSounds@@YAXPEAUaudio_state@@PEAUgame_sound_output_buffer@@PEAUgame_assets@@PEAUmemory_arena@@@Z 0000000180006a20 f   p5engine.obj
 0001:00006b10       ?InitializeAudioState@@YAXPEAUaudio_state@@PEAUmemory_arena@@@Z 0000000180007b10 f   p5engine.obj
 0001:00006b90       ?AddLowEntity@@YA?AUadd_low_entity_result@@PEAUgame_state@@W4entity_type@@Uworld_position@@@Z 0000000180007b90 f   p5engine.obj
 0001:00006d90       ?AddGroundedEntity@@YA?AUadd_low_entity_result@@PEAUgame_state@@W4entity_type@@Uworld_position@@PEAUsim_entity_collision_volume_group@@@Z 0000000180007d90 f   p5engine.obj
 0001:00006e40       ?AddStandardRoom@@YA?AUadd_low_entity_result@@PEAUgame_state@@III@Z 0000000180007e40 f   p5engine.obj
 0001:00006fa0       ?AddWall@@YA?AUadd_low_entity_result@@PEAUgame_state@@III@Z 0000000180007fa0 f   p5engine.obj
 0001:00007100       ?AddStairs@@YA?AUadd_low_entity_result@@PEAUgame_state@@III@Z 0000000180008100 f   p5engine.obj
 0001:00007290       ?InitHitPoints@@YAXPEAUlow_entity@@I@Z 0000000180008290 f   p5engine.obj
 0001:00007320       ?AddSword@@YA?AUadd_low_entity_result@@PEAUgame_state@@@Z 0000000180008320 f   p5engine.obj
 0001:00007410       ?AddPlayer@@YA?AUadd_low_entity_result@@PEAUgame_state@@@Z 0000000180008410 f   p5engine.obj
 0001:00007550       ?AddMonstar@@YA?AUadd_low_entity_result@@PEAUgame_state@@III@Z 0000000180008550 f   p5engine.obj
 0001:000076c0       ?AddFamiliar@@YA?AUadd_low_entity_result@@PEAUgame_state@@III@Z 00000001800086c0 f   p5engine.obj
 0001:00007820       ?DrawHitpoints@@YAXPEAUsim_entity@@PEAUrender_group@@@Z 0000000180008820 f   p5engine.obj
 0001:00007a90       ?MakeSimpleGroundedCollision@@YAPEAUsim_entity_collision_volume_group@@PEAUgame_state@@MMM@Z 0000000180008a90 f   p5engine.obj
 0001:00007bf0       ?MakeNullCollision@@YAPEAUsim_entity_collision_volume_group@@PEAUgame_state@@@Z 0000000180008bf0 f   p5engine.obj
 0001:00007cd0       ?FillGroundChunkWork@@YAXPEAUplatform_work_queue@@PEAX@Z 0000000180008cd0 f   p5engine.obj
 0001:00007d30       ?FillGroundChunk@@YAXPEAUtransient_state@@PEAUgame_state@@PEAUground_buffer@@PEAUworld_position@@@Z 0000000180008d30 f   p5engine.obj
 0001:000085b0       ?ClearBitmap@@YAXPEAUloaded_bitmap@@@Z 00000001800095b0 f   p5engine.obj
 0001:00008610       ?MakeEmptyBitmap@@YA?AUloaded_bitmap@@PEAUmemory_arena@@HHH@Z 0000000180009610 f   p5engine.obj
 0001:00008700       ?MakeSphereDiffuseMap@@YAXPEAUloaded_bitmap@@MM@Z 0000000180009700 f   p5engine.obj
 0001:00008a30       ?MakeSphereNormalMap@@YAXPEAUloaded_bitmap@@MMM@Z 0000000180009a30 f   p5engine.obj
 0001:0000d990       $LN167                     000000018000e990     p5engine.obj
 0001:00013a70       $$000000                   0000000180014a70     MSVCRTD:chkstk.obj
 0001:00013ad0       $$000000                   0000000180014ad0     MSVCRTD:amdsecgs.obj
 0001:00013b00       ?dllmain_crt_dispatch@@YAHQEAUHINSTANCE__@@KQEAX@Z 0000000180014b00 f   MSVCRTD:dll_dllmain.obj
 0001:00013b90       ?dllmain_crt_process_attach@@YAHQEAUHINSTANCE__@@QEAX@Z 0000000180014b90 f   MSVCRTD:dll_dllmain.obj
 0001:00013cd0       ?dllmain_crt_process_detach@@YAH_N@Z 0000000180014cd0 f   MSVCRTD:dll_dllmain.obj
 0001:00013d70       ?dllmain_dispatch@@YAHQEAUHINSTANCE__@@KQEAX@Z 0000000180014d70 f   MSVCRTD:dll_dllmain.obj
 0001:00013eb0       ?dllmain_raw@@YAHQEAUHINSTANCE__@@KQEAX@Z 0000000180014eb0 f   MSVCRTD:dll_dllmain.obj
 0001:00014070       capture_previous_context   0000000180015070 f   MSVCRTD:gs_report.obj
 0001:00014130       __get_entropy              0000000180015130 f   MSVCRTD:gs_support.obj
 0001:00014380       ?find_pe_section@@YAPEAU_IMAGE_SECTION_HEADER@@QEAE_K@Z 0000000180015380 f   MSVCRTD:utility.obj
 0001:00014460       ?is_potentially_valid_image_base@@YA_NQEAX@Z 0000000180015460 f   MSVCRTD:utility.obj
 0001:00015000       $$000000                   0000000180016000     MSVCRTD:guard_dispatch.obj
 0001:00015020       $$000000                   0000000180016020     MSVCRTD:guard_xfg_dispatch.obj
 0001:00015040       ?fin$0@?0??dllmain_crt_process_attach@@YAHQEAUHINSTANCE__@@QEAX@Z@4HA 0000000180016040 f   MSVCRTD:dll_dllmain.obj
 0001:00015060       ?fin$0@?0??dllmain_crt_process_detach@@YAH_N@Z@4HA 0000000180016060 f   MSVCRTD:dll_dllmain.obj
 0001:0001507a       ?fin$1@?0??dllmain_crt_process_detach@@YAH_N@Z@4HA 000000018001607a f   MSVCRTD:dll_dllmain.obj
 0001:00015090       ?filt$0@?0??dllmain_dispatch@@YAHQEAUHINSTANCE__@@KQEAX@Z@4HA 0000000180016090 f   MSVCRTD:dll_dllmain.obj
 0001:000150e0       __scrt_is_nonwritable_in_current_image$filt$0 00000001800160e0 f   MSVCRTD:utility.obj
 0002:00000170       $SG29526                   0000000180017170     p5engine.obj
 0002:00000180       $SG29955                   0000000180017180     p5engine.obj
 0002:00000190       $SG30738                   0000000180017190     p5engine.obj
 0002:00000198       $SG30740                   0000000180017198     p5engine.obj
 0002:000001c0       $SG30742                   00000001800171c0     p5engine.obj
 0002:000001e0       $SG30746                   00000001800171e0     p5engine.obj
 0002:000001f0       $SG30782                   00000001800171f0     p5engine.obj
 0002:00000200       $SG32086                   0000000180017200     p5engine.obj
 0002:000003c8       GS_ExceptionPointers       00000001800173c8     MSVCRTD:gs_report.obj
 0002:000009e8       $unwind$?IsValid@@YAHUsound_id@@@Z 00000001800179e8     p5engine.obj
 0002:000009e8       $unwind$SafeTruncateUInt16 00000001800179e8     p5engine.obj
 0002:000009f0       $unwind$?GetFileHandleFor@@YAPEAUplatform_file_handle@@PEAUgame_assets@@I@Z 00000001800179f0     p5engine.obj
 0002:000009f0       $unwind$?GetLowEntity@@YAPEAUlow_entity@@PEAUgame_state@@I@Z 00000001800179f0     p5engine.obj
 0002:000009f0       $unwind$?GetSound@@YAPEAUloaded_sound@@PEAUgame_assets@@Usound_id@@@Z 00000001800179f0     p5engine.obj
 0002:000009f0       $unwind$?GetSoundInfo@@YAPEAUp5a_sound@@PEAUgame_assets@@Usound_id@@@Z 00000001800179f0     p5engine.obj
 0002:000009f0       $unwind$?HasFlag@@YAHPEAUsim_entity@@I@Z 00000001800179f0     p5engine.obj
 0002:000009f0       $unwind$?RandomChoice@@YAIPEAUrandom_series@@I@Z 00000001800179f0     p5engine.obj
 0002:000009f0       $unwind$GetController      00000001800179f0     p5engine.obj
 0002:000009f8       $unwind$?InitializeArena@@YAXPEAUmemory_arena@@_KPEAX@Z 00000001800179f8     p5engine.obj
 0002:00000a00       $unwind$?GetAlignmentOffset@@YA_KPEAUmemory_arena@@_K@Z 0000000180017a00     p5engine.obj
 0002:00000a08       $unwind$??Y@YAAEATv2@@AEAT0@T0@@Z 0000000180017a08     p5engine.obj
 0002:00000a08       $unwind$?AcquireAssetMemory@@YAPEAXPEAUgame_assets@@_K@Z 0000000180017a08     p5engine.obj
 0002:00000a08       $unwind$?GetArenaSizeRemaining@@YA_KPEAUmemory_arena@@_K@Z 0000000180017a08     p5engine.obj
 0002:00000a08       $unwind$?Hadamard@@YA?ATv2@@T1@0@Z 0000000180017a08     p5engine.obj
 0002:00000a08       $unwind$?Inner@@YAMTv2@@0@Z 0000000180017a08     p5engine.obj
 0002:00000a08       $unwind$?Inner@@YAMTv3@@0@Z 0000000180017a08     p5engine.obj
 0002:00000a08       $unwind$?InsertAssetHeaderAtFront@@YAXPEAUgame_assets@@PEAUasset_memory_header@@@Z 0000000180017a08     p5engine.obj
 0002:00000a08       $unwind$?IsCanonical@@YAHPEAUworld@@Tv3@@@Z 0000000180017a08     p5engine.obj
 0002:00000a08       $unwind$?IsInRectangle@@YAHUrectangle3@@Tv3@@@Z 0000000180017a08     p5engine.obj
 0002:00000a08       $unwind$?RectanglesIntersect@@YAHUrectangle3@@0@Z 0000000180017a08     p5engine.obj
 0002:00000a08       $unwind$?ZeroSize@@YAX_KPEAX@Z 0000000180017a08     p5engine.obj
 0002:00000a08       $unwind$?find_pe_section@@YAPEAU_IMAGE_SECTION_HEADER@@QEAE_K@Z 0000000180017a08     MSVCRTD:utility.obj
 0002:00000a10       $unwind$?PushSize_@@YAPEAXPEAUmemory_arena@@_K1@Z 0000000180017a10     p5engine.obj
 0002:00000a18       $unwind$?BeginTemporaryMemory@@YA?AUtemporary_memory@@PEAUmemory_arena@@@Z 0000000180017a18     p5engine.obj
 0002:00000a2c       $unwind$?AllResourcesPresent@@YAHPEAUrender_group@@@Z 0000000180017a2c     p5engine.obj
 0002:00000a2c       $unwind$?EndTemporaryMemory@@YAXUtemporary_memory@@@Z 0000000180017a2c     p5engine.obj
 0002:00000a2c       $unwind$?GetDim@@YA?ATv2@@Urectangle2@@@Z 0000000180017a2c     p5engine.obj
 0002:00000a2c       $unwind$?GetState@@YAIPEAUasset@@@Z 0000000180017a2c     p5engine.obj
 0002:00000a2c       $unwind$?IsLocked@@YAHPEAUasset@@@Z 0000000180017a2c     p5engine.obj
 0002:00000a2c       $unwind$?IsValid@@YAHUworld_position@@@Z 0000000180017a2c     p5engine.obj
 0002:00000a2c       $unwind$?LengthSq@@YAMTv2@@@Z 0000000180017a2c     p5engine.obj
 0002:00000a2c       $unwind$?RandomBilateral@@YAMPEAUrandom_series@@@Z 0000000180017a2c     p5engine.obj
 0002:00000a2c       $unwind$?RandomNextUInt32@@YAIPEAUrandom_series@@@Z 0000000180017a2c     p5engine.obj
 0002:00000a2c       $unwind$?RandomUnilateral@@YAMPEAUrandom_series@@@Z 0000000180017a2c     p5engine.obj
 0002:00000a2c       $unwind$__CheckForDebuggerJustMyCode 0000000180017a2c     MSVCRTD:debugger_jmc.obj
 0002:00000a2c       $unwind$__report_gsfailure 0000000180017a2c     MSVCRTD:gs_report.obj
 0002:00000a34       $unwind$?CheckArena@@YAXPEAUmemory_arena@@@Z 0000000180017a34     p5engine.obj
 0002:00000a34       $unwind$?RemoveAssetHeaderFromList@@YAXPEAUasset_memory_header@@@Z 0000000180017a34     p5engine.obj
 0002:00000a34       $unwind$?StoreEntityReference@@YAXPEATentity_reference@@@Z 0000000180017a34     p5engine.obj
 0002:00000a34       $unwind$__raise_securityfailure 0000000180017a34     MSVCRTD:gs_report.obj
 0002:00000a34       $unwind$?is_potentially_valid_image_base@@YA_NQEAX@Z 0000000180017a34     MSVCRTD:utility.obj
 0002:00000a3c       $unwind$?SubArena@@YAXPEAUmemory_arena@@0_K1@Z 0000000180017a3c     p5engine.obj
 0002:00000a3c       $unwind$__GSHandlerCheck   0000000180017a3c     MSVCRTD:gshandler.obj
 0002:00000a44       $unwind$?AddAssetHeaderToList@@YAXPEAUgame_assets@@IUasset_memory_size@@@Z 0000000180017a44     p5engine.obj
 0002:00000a44       $unwind$?AtomicCompareExchangeUInt32@@YAIPECIII@Z 0000000180017a44     p5engine.obj
 0002:00000a44       $unwind$?GetBitmap@@YAPEAUloaded_bitmap@@PEAUgame_assets@@Ubitmap_id@@H@Z 0000000180017a44     p5engine.obj
 0002:00000a44       $unwind$?PushRenderElement_@@YAPEAXPEAUrender_group@@IW4render_group_entry_type@@@Z 0000000180017a44     p5engine.obj
 0002:00000a44       $unwind$?dllmain_crt_dispatch@@YAHQEAUHINSTANCE__@@KQEAX@Z 0000000180017a44     MSVCRTD:dll_dllmain.obj
 0002:00000a44       $unwind$?dllmain_raw@@YAHQEAUHINSTANCE__@@KQEAX@Z 0000000180017a44     MSVCRTD:dll_dllmain.obj
 0002:00000a4c       $unwind$?AbsoluteValue@@YAMM@Z 0000000180017a4c     p5engine.obj
 0002:00000a4c       $unwind$?Clamp01@@YAMM@Z   0000000180017a4c     p5engine.obj
 0002:00000a4c       $unwind$?RoundReal32ToInt32@@YAHM@Z 0000000180017a4c     p5engine.obj
 0002:00000a4c       $unwind$?RoundReal32ToUInt32@@YAIM@Z 0000000180017a4c     p5engine.obj
 0002:00000a4c       $unwind$?SignOf@@YAMM@Z    0000000180017a4c     p5engine.obj
 0002:00000a4c       $unwind$?Sin@@YAMM@Z       0000000180017a4c     p5engine.obj
 0002:00000a4c       $unwind$?Square@@YAMM@Z    0000000180017a4c     p5engine.obj
 0002:00000a4c       $unwind$?SquareRoot@@YAMM@Z 0000000180017a4c     p5engine.obj
 0002:00000a4c       $unwind$?TruncateReal32ToInt32@@YAHM@Z 0000000180017a4c     p5engine.obj
 0002:00000a54       $unwind$?ATan2@@YAMMM@Z    0000000180017a54     p5engine.obj
 0002:00000a54       $unwind$?IsCanonical@@YAHMM@Z 0000000180017a54     p5engine.obj
 0002:00000a54       $unwind$?SafeRatio1@@YAMMM@Z 0000000180017a54     p5engine.obj
 0002:00000a5c       $unwind$?Clamp01MapToRange@@YAMMMM@Z 0000000180017a5c     p5engine.obj
 0002:00000a5c       $unwind$?Clamp@@YAMMMM@Z   0000000180017a5c     p5engine.obj
 0002:00000a5c       $unwind$?Lerp@@YAMMMM@Z    0000000180017a5c     p5engine.obj
 0002:00000a5c       $unwind$?SafeRatioN@@YAMMMM@Z 0000000180017a5c     p5engine.obj
 0002:00000a64       $unwind$?V2@@YA?ATv2@@MM@Z 0000000180017a64     p5engine.obj
 0002:00000a74       $unwind$?V2i@@YA?ATv2@@HH@Z 0000000180017a74     p5engine.obj
 0002:00000a7c       $unwind$??D@YA?ATv2@@MT0@@Z 0000000180017a7c     p5engine.obj
 0002:00000a8c       $unwind$??G@YA?ATv2@@T0@0@Z 0000000180017a8c     p5engine.obj
 0002:00000a8c       $unwind$??H@YA?ATv2@@T0@0@Z 0000000180017a8c     p5engine.obj
 0002:00000a8c       $unwind$?GetBarycentric@@YA?ATv2@@Urectangle2@@T1@@Z 0000000180017a8c     p5engine.obj
 0002:00000a9c       $unwind$?Clamp01@@YA?ATv2@@T1@@Z 0000000180017a9c     p5engine.obj
 0002:00000aac       $unwind$?V3@@YA?ATv3@@MMM@Z 0000000180017aac     p5engine.obj
 0002:00000aac       $unwind$?V4@@YA?ATv4@@MMMM@Z 0000000180017aac     p5engine.obj
 0002:00000ac0       $unwind$??D@YA?ATv3@@MT0@@Z 0000000180017ac0     p5engine.obj
 0002:00000ac0       $unwind$??D@YA?ATv4@@MT0@@Z 0000000180017ac0     p5engine.obj
 0002:00000ac0       $unwind$?ToV3@@YA?ATv3@@Tv2@@M@Z 0000000180017ac0     p5engine.obj
 0002:00000ad4       $unwind$??D@YA?ATv3@@T0@M@Z 0000000180017ad4     p5engine.obj
 0002:00000ad4       $unwind$?GetCameraRectangleAtDistance@@YA?AUrectangle2@@PEAUrender_group@@M@Z 0000000180017ad4     p5engine.obj
 0002:00000ae0       $unwind$??X@YAAEATv3@@AEAT0@M@Z 0000000180017ae0     p5engine.obj
 0002:00000aec       $unwind$??G@YA?ATv3@@T0@0@Z 0000000180017aec     p5engine.obj
 0002:00000aec       $unwind$??H@YA?ATv3@@T0@0@Z 0000000180017aec     p5engine.obj
 0002:00000aec       $unwind$??H@YA?ATv4@@T0@0@Z 0000000180017aec     p5engine.obj
 0002:00000b00       $unwind$??Y@YAAEATv3@@AEAT0@T0@@Z 0000000180017b00     p5engine.obj
 0002:00000b00       $unwind$??Y@YAAEATv4@@AEAT0@T0@@Z 0000000180017b00     p5engine.obj
 0002:00000b00       $unwind$??Z@YAAEATv3@@AEAT0@T0@@Z 0000000180017b00     p5engine.obj
 0002:00000b00       $unwind$?GetDim@@YA?ATv3@@Urectangle3@@@Z 0000000180017b00     p5engine.obj
 0002:00000b0c       $unwind$?AreInSameChunk@@YAHPEAUworld@@PEAUworld_position@@1@Z 0000000180017b0c     p5engine.obj
 0002:00000b0c       $unwind$?Hadamard@@YA?ATv3@@T1@0@Z 0000000180017b0c     p5engine.obj
 0002:00000b0c       $unwind$?RectCenterDim@@YA?AUrectangle2@@Tv2@@0@Z 0000000180017b0c     p5engine.obj
 0002:00000b18       $unwind$?LengthSq@@YAMTv3@@@Z 0000000180017b18     p5engine.obj
 0002:00000b24       $unwind$?Length@@YAMTv3@@@Z 0000000180017b24     p5engine.obj
 0002:00000b24       $unwind$?MakeEntityNonSpatial@@YAXPEAUsim_entity@@@Z 0000000180017b24     p5engine.obj
 0002:00000b30       $unwind$?RectCenterHalfDim@@YA?AUrectangle2@@Tv2@@0@Z 0000000180017b30     p5engine.obj
 0002:00000b44       $unwind$?Intersect@@YA?AUrectangle2i@@U1@0@Z 0000000180017b44     p5engine.obj
 0002:00000b50       $unwind$?Clear@@YAXPEAUrender_group@@Tv4@@@Z 0000000180017b50     p5engine.obj
 0002:00000b50       $unwind$?GetMaxCorner@@YA?ATv3@@Urectangle3@@@Z 0000000180017b50     p5engine.obj
 0002:00000b50       $unwind$?GetMinCorner@@YA?ATv3@@Urectangle3@@@Z 0000000180017b50     p5engine.obj
 0002:00000b5c       $unwind$?RectMinMax@@YA?AUrectangle3@@Tv3@@0@Z 0000000180017b5c     p5engine.obj
 0002:00000b70       $unwind$?AddRadiusTo@@YA?AUrectangle3@@U1@Tv3@@@Z 0000000180017b70     p5engine.obj
 0002:00000b70       $unwind$?RectCenterHalfDim@@YA?AUrectangle3@@Tv3@@0@Z 0000000180017b70     p5engine.obj
 0002:00000b84       $unwind$?RectCenterDim@@YA?AUrectangle3@@Tv3@@0@Z 0000000180017b84     p5engine.obj
 0002:00000b90       $unwind$?RandomSeed@@YA?AUrandom_series@@I@Z 0000000180017b90     p5engine.obj
 0002:00000ba0       $unwind$?RandomBetween@@YAMPEAUrandom_series@@MM@Z 0000000180017ba0     p5engine.obj
 0002:00000ba8       $unwind$?AddFlags@@YAXPEAUsim_entity@@I@Z 0000000180017ba8     p5engine.obj
 0002:00000ba8       $unwind$?ClearFlags@@YAXPEAUsim_entity@@I@Z 0000000180017ba8     p5engine.obj
 0002:00000ba8       $unwind$?PrefetchSound@@YAXPEAUgame_assets@@Usound_id@@@Z 0000000180017ba8     p5engine.obj
 0002:00000bb0       $unwind$?MakeEntitySpatial@@YAXPEAUsim_entity@@Tv3@@1@Z 0000000180017bb0     p5engine.obj
 0002:00000bbc       $unwind$?GetEntityGroundPoint@@YA?ATv3@@PEAUsim_entity@@T1@@Z 0000000180017bbc     p5engine.obj
 0002:00000bc8       $unwind$?GetEntityGroundPoint@@YA?ATv3@@PEAUsim_entity@@@Z 0000000180017bc8     p5engine.obj
 0002:00000bd4       $unwind$?GetStairGround@@YAMPEAUsim_entity@@Tv3@@@Z 0000000180017bd4     p5engine.obj
 0002:00000be0       $unwind$?MoveHeaderToFront@@YAXPEAUgame_assets@@PEAUasset@@@Z 0000000180017be0     p5engine.obj
 0002:00000be8       $unwind$?LoadBitmap@@YAXPEAUgame_assets@@Ubitmap_id@@H@Z 0000000180017be8     p5engine.obj
 0002:00000bfc       $unwind$?LoadSound@@YAXPEAUgame_assets@@Usound_id@@@Z 0000000180017bfc     p5engine.obj
 0002:00000c10       $unwind$?AddCollisionRule@@YAXPEAUgame_state@@IIH@Z 0000000180017c10     p5engine.obj
 0002:00000c18       $unwind$?ClearCollisionRulesFor@@YAXPEAUgame_state@@I@Z 0000000180017c18     p5engine.obj
 0002:00000c20       $unwind$?BeginTaskWithMemory@@YAPEAUtask_with_memory@@PEAUtransient_state@@@Z 0000000180017c20     p5engine.obj
 0002:00000c2c       $unwind$?EndTaskWithMemory@@YAXPEAUtask_with_memory@@@Z 0000000180017c2c     p5engine.obj
 0002:00000c38       $unwind$?DrawRectangle@@YAXPEAUloaded_bitmap@@Tv2@@1Tv4@@Urectangle2i@@H@Z 0000000180017c38     p5engine.obj
 0002:00000c44       $unwind$?RenderGroupToOutput@@YAXPEAUrender_group@@PEAUloaded_bitmap@@Urectangle2i@@H@Z 0000000180017c44     p5engine.obj
 0002:00000c50       $unwind$?DoTiledRenderWork@@YAXPEAUplatform_work_queue@@PEAX@Z 0000000180017c50     p5engine.obj
 0002:00000c5c       $unwind$?RenderGroupToOutput@@YAXPEAUrender_group@@PEAUloaded_bitmap@@@Z 0000000180017c5c     p5engine.obj
 0002:00000c70       $unwind$?TiledRenderGroupToOutput@@YAXPEAUplatform_work_queue@@PEAUrender_group@@PEAUloaded_bitmap@@@Z 0000000180017c70     p5engine.obj
 0002:00000c84       $unwind$?AllocateRenderGroup@@YAPEAUrender_group@@PEAUgame_assets@@PEAUmemory_arena@@IH@Z 0000000180017c84     p5engine.obj
 0002:00000c90       $unwind$?InitializeWorld@@YAXPEAUworld@@Tv3@@@Z 0000000180017c90     p5engine.obj
 0002:00000c9c       $unwind$?Subtract@@YA?ATv3@@PEAUworld@@PEAUworld_position@@1@Z 0000000180017c9c     p5engine.obj
 0002:00000cb0       $unwind$?ChangeEntityLocation@@YAXPEAUmemory_arena@@PEAUworld@@IPEAUlow_entity@@Uworld_position@@@Z 0000000180017cb0     p5engine.obj
 0002:00000cbc       $unwind$?GetHashFromStorageIndex@@YAPEAUsim_entity_hash@@PEAUsim_region@@I@Z 0000000180017cbc     p5engine.obj
 0002:00000cc4       $unwind$?AddEntity@@YAPEAUsim_entity@@PEAUgame_state@@PEAUsim_region@@IPEAUlow_entity@@PEATv3@@@Z 0000000180017cc4     p5engine.obj
 0002:00000cd0       $unwind$?AddEntityRaw@@YAPEAUsim_entity@@PEAUgame_state@@PEAUsim_region@@IPEAUlow_entity@@@Z 0000000180017cd0     p5engine.obj
 0002:00000cdc       $unwind$?BeginSim@@YAPEAUsim_region@@PEAUmemory_arena@@PEAUgame_state@@PEAUworld@@Uworld_position@@Urectangle3@@M@Z 0000000180017cdc     p5engine.obj
 0002:00000cf0       $unwind$?EndSim@@YAXPEAUsim_region@@PEAUgame_state@@@Z 0000000180017cf0     p5engine.obj
 0002:00000cfc       $unwind$?CanCollide@@YAHPEAUgame_state@@PEAUsim_entity@@1@Z 0000000180017cfc     p5engine.obj
 0002:00000d04       $unwind$?HandleCollision@@YAHPEAUgame_state@@PEAUsim_entity@@1@Z 0000000180017d04     p5engine.obj
 0002:00000d0c       $unwind$?CanOverlap@@YAHPEAUgame_state@@PEAUsim_entity@@1@Z 0000000180017d0c     p5engine.obj
 0002:00000d14       $unwind$?HandleOverlap@@YAXPEAUgame_state@@PEAUsim_entity@@1MPEAM@Z 0000000180017d14     p5engine.obj
 0002:00000d20       $unwind$?SpeculativeCollide@@YAHPEAUsim_entity@@0Tv3@@@Z 0000000180017d20     p5engine.obj
 0002:00000d2c       $unwind$?EntitiesOverlap@@YAHPEAUsim_entity@@0Tv3@@@Z 0000000180017d2c     p5engine.obj
 0002:00000d38       $unwind$?MoveEntity@@YAXPEAUgame_state@@PEAUsim_region@@PEAUsim_entity@@MPEAUmove_spec@@Tv3@@@Z 0000000180017d38     p5engine.obj
 0002:00000d4c       $unwind$?LoadAssetWork@@YAXPEAUplatform_work_queue@@PEAX@Z 0000000180017d4c     p5engine.obj
 0002:00000d54       $unwind$?GetBestMatchAssetFrom@@YAIPEAUgame_assets@@W4asset_type_id@@PEAUasset_vector@@2@Z 0000000180017d54     p5engine.obj
 0002:00000d5c       $unwind$?GetRandomAssetFrom@@YAIPEAUgame_assets@@W4asset_type_id@@PEAUrandom_series@@@Z 0000000180017d5c     p5engine.obj
 0002:00000d64       $unwind$?GetFirstAssetFrom@@YAIPEAUgame_assets@@W4asset_type_id@@@Z 0000000180017d64     p5engine.obj
 0002:00000d6c       $unwind$?GetBestMatchBitmapFrom@@YA?AUbitmap_id@@PEAUgame_assets@@W4asset_type_id@@PEAUasset_vector@@2@Z 0000000180017d6c     p5engine.obj
 0002:00000d74       $unwind$?GetFirstBitmapFrom@@YA?AUbitmap_id@@PEAUgame_assets@@W4asset_type_id@@@Z 0000000180017d74     p5engine.obj
 0002:00000d7c       $unwind$?GetRandomBitmapFrom@@YA?AUbitmap_id@@PEAUgame_assets@@W4asset_type_id@@PEAUrandom_series@@@Z 0000000180017d7c     p5engine.obj
 0002:00000d84       $unwind$?GetFirstSoundFrom@@YA?AUsound_id@@PEAUgame_assets@@W4asset_type_id@@@Z 0000000180017d84     p5engine.obj
 0002:00000d8c       $unwind$?GetRandomSoundFrom@@YA?AUsound_id@@PEAUgame_assets@@W4asset_type_id@@PEAUrandom_series@@@Z 0000000180017d8c     p5engine.obj
 0002:00000d94       $unwind$?AllocateGameAssets@@YAPEAUgame_assets@@PEAUmemory_arena@@_KPEAUtransient_state@@@Z 0000000180017d94     p5engine.obj
 0002:00000da0       $unwind$?EvictAsset@@YAXPEAUgame_assets@@PEAUasset_memory_header@@@Z 0000000180017da0     p5engine.obj
 0002:00000da8       $unwind$?EvictAssetsAsNecessary@@YAXPEAUgame_assets@@@Z 0000000180017da8     p5engine.obj
 0002:00000db0       $unwind$?PlaySound@@YAPEAUplaying_sound@@PEAUaudio_state@@Usound_id@@@Z 0000000180017db0     p5engine.obj
 0002:00000db8       $unwind$?ChangeVolume@@YAXPEAUaudio_state@@PEAUplaying_sound@@MTv2@@@Z 0000000180017db8     p5engine.obj
 0002:00000dc0       $unwind$?OutputPlayingSounds@@YAXPEAUaudio_state@@PEAUgame_sound_output_buffer@@PEAUgame_assets@@PEAUmemory_arena@@@Z 0000000180017dc0     p5engine.obj
 0002:00000dd4       $unwind$?InitializeAudioState@@YAXPEAUaudio_state@@PEAUmemory_arena@@@Z 0000000180017dd4     p5engine.obj
 0002:00000ddc       $unwind$?AddLowEntity@@YA?AUadd_low_entity_result@@PEAUgame_state@@W4entity_type@@Uworld_position@@@Z 0000000180017ddc     p5engine.obj
 0002:00000df0       $unwind$?AddGroundedEntity@@YA?AUadd_low_entity_result@@PEAUgame_state@@W4entity_type@@Uworld_position@@PEAUsim_entity_collision_volume_group@@@Z 0000000180017df0     p5engine.obj
 0002:00000dfc       $unwind$?AddStandardRoom@@YA?AUadd_low_entity_result@@PEAUgame_state@@III@Z 0000000180017dfc     p5engine.obj
 0002:00000e08       $unwind$?AddWall@@YA?AUadd_low_entity_result@@PEAUgame_state@@III@Z 0000000180017e08     p5engine.obj
 0002:00000e14       $unwind$?AddStairs@@YA?AUadd_low_entity_result@@PEAUgame_state@@III@Z 0000000180017e14     p5engine.obj
 0002:00000e20       $unwind$?InitHitPoints@@YAXPEAUlow_entity@@I@Z 0000000180017e20     p5engine.obj
 0002:00000e28       $unwind$?AddSword@@YA?AUadd_low_entity_result@@PEAUgame_state@@@Z 0000000180017e28     p5engine.obj
 0002:00000e34       $unwind$?AddPlayer@@YA?AUadd_low_entity_result@@PEAUgame_state@@@Z 0000000180017e34     p5engine.obj
 0002:00000e40       $unwind$?AddMonstar@@YA?AUadd_low_entity_result@@PEAUgame_state@@III@Z 0000000180017e40     p5engine.obj
 0002:00000e4c       $unwind$?AddFamiliar@@YA?AUadd_low_entity_result@@PEAUgame_state@@III@Z 0000000180017e4c     p5engine.obj
 0002:00000e58       $unwind$?DrawHitpoints@@YAXPEAUsim_entity@@PEAUrender_group@@@Z 0000000180017e58     p5engine.obj
 0002:00000e6c       $unwind$?MakeSimpleGroundedCollision@@YAPEAUsim_entity_collision_volume_group@@PEAUgame_state@@MMM@Z 0000000180017e6c     p5engine.obj
 0002:00000e78       $unwind$?MakeNullCollision@@YAPEAUsim_entity_collision_volume_group@@PEAUgame_state@@@Z 0000000180017e78     p5engine.obj
 0002:00000e84       $unwind$?FillGroundChunkWork@@YAXPEAUplatform_work_queue@@PEAX@Z 0000000180017e84     p5engine.obj
 0002:00000e8c       $unwind$?FillGroundChunk@@YAXPEAUtransient_state@@PEAUgame_state@@PEAUground_buffer@@PEAUworld_position@@@Z 0000000180017e8c     p5engine.obj
 0002:00000ea0       $unwind$?ClearBitmap@@YAXPEAUloaded_bitmap@@@Z 0000000180017ea0     p5engine.obj
 0002:00000ea8       $unwind$?MakeEmptyBitmap@@YA?AUloaded_bitmap@@PEAUmemory_arena@@HHH@Z 0000000180017ea8     p5engine.obj
 0002:00000ebc       $unwind$?MakeSphereDiffuseMap@@YAXPEAUloaded_bitmap@@MM@Z 0000000180017ebc     p5engine.obj
 0002:00000ec8       $unwind$?MakeSphereNormalMap@@YAXPEAUloaded_bitmap@@MMM@Z 0000000180017ec8     p5engine.obj
 0002:00000ed4       $unwind$GameUpdateAndRender 0000000180017ed4     p5engine.obj
 0002:00000ee8       $unwind$GameGetSoundSamples 0000000180017ee8     p5engine.obj
 0002:00000ef0       $unwind$?GetNextSoundInChain@@YA?AUsound_id@@PEAUgame_assets@@U1@@Z 0000000180017ef0     p5engine.obj
 0002:00000f00       $unwind$?GetRenderEntityBasisPos@@YA?AUentity_basis_p_result@@PEAUrender_transform@@Tv3@@@Z 0000000180017f00     p5engine.obj
 0002:00000f14       $unwind$?PushBitmap@@YAXPEAUrender_group@@PEAUloaded_bitmap@@Tv3@@MTv4@@@Z 0000000180017f14     p5engine.obj
 0002:00000f20       $unwind$?PushBitmap@@YAXPEAUrender_group@@Ubitmap_id@@Tv3@@MTv4@@@Z 0000000180017f20     p5engine.obj
 0002:00000f2c       $unwind$?PushRect@@YAXPEAUrender_group@@Tv3@@Tv2@@Tv4@@@Z 0000000180017f2c     p5engine.obj
 0002:00000f38       $unwind$?PushRectOutline@@YAXPEAUrender_group@@Tv3@@Tv2@@Tv4@@@Z 0000000180017f38     p5engine.obj
 0002:00000f44       $unwind$?Orthographic@@YAXPEAUrender_group@@HHM@Z 0000000180017f44     p5engine.obj
 0002:00000f44       $unwind$?Perspective@@YAXPEAUrender_group@@HHMMM@Z 0000000180017f44     p5engine.obj
 0002:00000f4c       $unwind$?RecanonicalizeCoord@@YAXMPEAHPEAM@Z 0000000180017f4c     p5engine.obj
 0002:00000f4c       $unwind$?Unproject@@YA?ATv2@@PEAUrender_group@@T1@M@Z 0000000180017f4c     p5engine.obj
 0002:00000f54       $unwind$?GetCameraRectangleAtTarget@@YA?AUrectangle2@@PEAUrender_group@@@Z 0000000180017f54     p5engine.obj
 0002:00000f60       $unwind$?NullPosition@@YA?AUworld_position@@XZ 0000000180017f60     p5engine.obj
 0002:00000f74       $unwind$?GetWorldChunk@@YAPEAUworld_chunk@@PEAUworld@@HHHPEAUmemory_arena@@@Z 0000000180017f74     p5engine.obj
 0002:00000f74       $unwind$__scrt_dllmain_exception_filter 0000000180017f74     MSVCRTD:utility.obj
 0002:00000f7c       $unwind$?MapIntoChunkSpace@@YA?AUworld_position@@PEAUworld@@U1@Tv3@@@Z 0000000180017f7c     p5engine.obj
 0002:00000f90       $unwind$?ChunkPositionFromTilePosition@@YA?AUworld_position@@PEAUworld@@HHHTv3@@@Z 0000000180017f90     p5engine.obj
 0002:00000fa4       $unwind$?CenteredChunkPoint@@YA?AUworld_position@@III@Z 0000000180017fa4     p5engine.obj
 0002:00000fb8       $unwind$?ChangeEntityLocationRaw@@YAXPEAUmemory_arena@@PEAUworld@@IPEAUworld_position@@2@Z 0000000180017fb8     p5engine.obj
 0002:00000fc4       $unwind$?GetSimSpacePos@@YA?ATv3@@PEAUsim_region@@PEAUlow_entity@@@Z 0000000180017fc4     p5engine.obj
 0002:00000fd0       $unwind$?LoadEntityReference@@YAXPEAUgame_state@@PEAUsim_region@@PEATentity_reference@@@Z 0000000180017fd0     p5engine.obj
 0002:00000fe4       $unwind$?EntityOverlapsRectangle@@YAHTv3@@Usim_entity_collision_volume@@Urectangle3@@@Z 0000000180017fe4     p5engine.obj
 0002:00000ff0       $unwind$?DefaultMoveSpec@@YA?AUmove_spec@@XZ 0000000180017ff0     p5engine.obj
 0002:00001004       $unwind$?ReleaseAssetMemory@@YAXPEAUgame_assets@@_KPEAX@Z 0000000180018004     p5engine.obj
 0002:0000100c       $unwind$?DrawRectangleQuickly@@YAXPEAUloaded_bitmap@@Tv2@@11Tv4@@0MUrectangle2i@@H@Z 000000018001800c     p5engine_optimized.obj
 0002:00001034       $chain$9$?DrawRectangleQuickly@@YAXPEAUloaded_bitmap@@Tv2@@11Tv4@@0MUrectangle2i@@H@Z 0000000180018034     p5engine_optimized.obj
 0002:0000106c       $chain$10$?DrawRectangleQuickly@@YAXPEAUloaded_bitmap@@Tv2@@11Tv4@@0MUrectangle2i@@H@Z 000000018001806c     p5engine_optimized.obj
 0002:0000107c       $unwind$__GSHandlerCheckCommon 000000018001807c     MSVCRTD:gshandler.obj
 0002:00001088       $xdatasym                  0000000180018088     MSVCRTD:chkstk.obj
 0002:00001090       $xdatasym                  0000000180018090     MSVCRTD:amdsecgs.obj
 0002:00001094       $unwind$?dllmain_crt_process_attach@@YAHQEAUHINSTANCE__@@QEAX@Z 0000000180018094     MSVCRTD:dll_dllmain.obj
 0002:000010b4       $unwind$?fin$0@?0??dllmain_crt_process_attach@@YAHQEAUHINSTANCE__@@QEAX@Z@4HA 00000001800180b4     MSVCRTD:dll_dllmain.obj
 0002:000010b4       $unwind$?fin$0@?0??dllmain_crt_process_detach@@YAH_N@Z@4HA 00000001800180b4     MSVCRTD:dll_dllmain.obj
 0002:000010b4       $unwind$?fin$1@?0??dllmain_crt_process_detach@@YAH_N@Z@4HA 00000001800180b4     MSVCRTD:dll_dllmain.obj
 0002:000010b4       $unwind$__scrt_is_nonwritable_in_current_image$filt$0 00000001800180b4     MSVCRTD:utility.obj
 0002:000010bc       $unwind$?dllmain_crt_process_detach@@YAH_N@Z 00000001800180bc     MSVCRTD:dll_dllmain.obj
 0002:000010ec       $unwind$?dllmain_dispatch@@YAHQEAUHINSTANCE__@@KQEAX@Z 00000001800180ec     MSVCRTD:dll_dllmain.obj
 0002:0000110c       $unwind$?filt$0@?0??dllmain_dispatch@@YAHQEAUHINSTANCE__@@KQEAX@Z@4HA 000000018001810c     MSVCRTD:dll_dllmain.obj
 0002:00001114       $unwind$_DllMainCRTStartup 0000000180018114     MSVCRTD:dll_dllmain.obj
 0002:00001114       $unwind$DllMain            0000000180018114     MSVCRTD:dll_dllmain_stub.obj
 0002:0000111c       $unwind$capture_previous_context 000000018001811c     MSVCRTD:gs_report.obj
 0002:00001124       $unwind$__scrt_initialize_default_local_stdio_options 0000000180018124     MSVCRTD:default_local_stdio_options.obj
 0002:00001124       $unwind$__security_init_cookie 0000000180018124     MSVCRTD:gs_support.obj
 0002:0000112c       $unwind$__get_entropy      000000018001812c     MSVCRTD:gs_support.obj
 0002:00001134       $unwind$?__scrt_initialize_type_info@@YAXXZ 0000000180018134     MSVCRTD:tncleanup.obj
 0002:00001134       $unwind$?__scrt_uninitialize_type_info@@YAXXZ 0000000180018134     MSVCRTD:tncleanup.obj
 0002:00001134       $unwind$?configure_argv@__scrt_narrow_argv_policy@@SAHXZ 0000000180018134     MSVCRTD:utility.obj
 0002:00001134       $unwind$?initialize_environment@__scrt_narrow_environment_policy@@SAHXZ 0000000180018134     MSVCRTD:utility.obj
 0002:00001134       $unwind$__scrt_dllmain_after_initialize_c 0000000180018134     MSVCRTD:utility.obj
 0002:00001134       $unwind$__scrt_dllmain_before_initialize_c 0000000180018134     MSVCRTD:utility.obj
 0002:00001134       $unwind$__scrt_dllmain_crt_thread_attach 0000000180018134     MSVCRTD:utility.obj
 0002:00001134       $unwind$__scrt_dllmain_crt_thread_detach 0000000180018134     MSVCRTD:utility.obj
 0002:00001134       $unwind$__scrt_dllmain_uninitialize_c 0000000180018134     MSVCRTD:utility.obj
 0002:00001134       $unwind$__scrt_dllmain_uninitialize_critical 0000000180018134     MSVCRTD:utility.obj
 0002:0000113c       $unwind$__scrt_is_nonwritable_in_current_image 000000018001813c     MSVCRTD:utility.obj
 0002:0000115c       $unwind$__scrt_acquire_startup_lock 000000018001815c     MSVCRTD:utility.obj
 0002:00001164       $unwind$__scrt_initialize_crt 0000000180018164     MSVCRTD:utility.obj
 0002:00001164       $unwind$__scrt_release_startup_lock 0000000180018164     MSVCRTD:utility.obj
 0002:0000116c       $unwind$__scrt_uninitialize_crt 000000018001816c     MSVCRTD:utility.obj
 0002:00001174       $unwind$__scrt_initialize_onexit_tables 0000000180018174     MSVCRTD:utility.obj
 0002:00001180       $unwind$__scrt_fastfail    0000000180018180     MSVCRTD:utility_desktop.obj
 0002:0000118c       $unwind$_RTC_Initialize    000000018001818c     MSVCRTD:initsect.obj
 0002:0000118c       $unwind$_RTC_Terminate     000000018001818c     MSVCRTD:initsect.obj
 0002:00001198       $unwind$__isa_available_init 0000000180018198     MSVCRTD:cpu_disp.obj
 0002:000011a8       $unwind$__scrt_is_ucrt_dll_in_use 00000001800181a8     MSVCRTD:ucrt_detection.obj
 0002:000011b0       $xdatasym                  00000001800181b0     MSVCRTD:guard_dispatch.obj
 0002:000011b8       $xdatasym                  00000001800181b8     MSVCRTD:guard_xfg_dispatch.obj
 0002:000011c0       .edata                     00000001800181c0     P5Engine.exp
 0002:000011e8       rgpv                       00000001800181e8     P5Engine.exp
 0002:000011f0       rgszName                   00000001800181f0     P5Engine.exp
 0002:000011f8       rgwOrd                     00000001800181f8     P5Engine.exp
 0002:000011fc       szName                     00000001800181fc     P5Engine.exp
 0002:00001209       $N00001                    0000000180018209     P5Engine.exp
 0002:0000121d       $N00002                    000000018001821d     P5Engine.exp
 0002:000013c0       .idata$6                   00000001800183c0     vcruntimed:VCRUNTIME140D.dll
 0002:0000149a       .idata$6                   000000018001849a     ucrtd:ucrtbased.dll
 0002:0000160e       .idata$6                   000000018001860e     kernel32:KERNEL32.dll
 0003:00000000       ?RandomNumberTable@@3PAIA  0000000180019000     p5engine.obj
 0003:00004050       ?Platform@@3Uplatform_api@@A 000000018001d050     p5engine.obj
 0003:000040b0       ?__proc_attached@@3HA      000000018001d0b0     MSVCRTD:dll_dllmain.obj
 0003:000040c0       GS_ExceptionRecord         000000018001d0c0     MSVCRTD:gs_report.obj
 0003:00004160       GS_ContextRecord           000000018001d160     MSVCRTD:gs_report.obj
 0003:00004660       ?is_initialized_as_dll@@3_NA 000000018001d660     MSVCRTD:utility.obj
 0003:00004661       ?module_local_atexit_table_initialized@@3_NA 000000018001d661     MSVCRTD:utility.obj
 0003:00004668       ?module_local_atexit_table@@3U_onexit_table_t@@A 000000018001d668     MSVCRTD:utility.obj
 0003:00004680       ?module_local_at_quick_exit_table@@3U_onexit_table_t@@A 000000018001d680     MSVCRTD:utility.obj
 0005:00000000       __20BB4341_malloc@h        000000018001f000     p5engine.obj
 0005:00000001       __A435B42B_p5engine_types@h 000000018001f001     p5engine.obj
 0005:00000002       __7D4BEAAE_p5engine_platform@h 000000018001f002     p5engine.obj
 0005:00000003       __741AE07E_corecrt_math@h  000000018001f003     p5engine.obj
 0005:00000004       __7BF3FA8A_p5engine_intrinsics@h 000000018001f004     p5engine.obj
 0005:00000005       __87290AA6_p5engine_math@h 000000018001f005     p5engine.obj
 0005:00000006       __B7A387D6_p5engine_random@h 000000018001f006     p5engine.obj
 0005:00000007       __F17FF173_p5engine_entity@h 000000018001f007     p5engine.obj
 0005:00000008       __72A74871_p5engine_asset@h 000000018001f008     p5engine.obj
 0005:00000009       __BD87FD4A_p5engine@h      000000018001f009     p5engine.obj
 0005:0000000a       __6F2BF339_p5engine_render_group@cpp 000000018001f00a     p5engine.obj
 0005:0000000b       __281AC6F8_p5engine_world@cpp 000000018001f00b     p5engine.obj
 0005:0000000c       __B07C4A52_p5engine_sim_region@cpp 000000018001f00c     p5engine.obj
 0005:0000000d       __BDC7FEEB_p5engine_entity@cpp 000000018001f00d     p5engine.obj
 0005:0000000e       __3D4C1499_p5engine_asset@cpp 000000018001f00e     p5engine.obj
 0005:0000000f       __39A8D9B6_p5engine_audio@cpp 000000018001f00f     p5engine.obj
 0005:00000010       __BAF57382_p5engine@cpp    000000018001f010     p5engine.obj
 0005:00000011       __20BB4341_malloc@h        000000018001f011     p5engine_optimized.obj
 0005:00000012       __A435B42B_p5engine_types@h 000000018001f012     p5engine_optimized.obj
 0005:00000013       __7D4BEAAE_p5engine_platform@h 000000018001f013     p5engine_optimized.obj
 0005:00000014       __741AE07E_corecrt_math@h  000000018001f014     p5engine_optimized.obj
 0005:00000015       __7BF3FA8A_p5engine_intrinsics@h 000000018001f015     p5engine_optimized.obj
 0005:00000016       __87290AA6_p5engine_math@h 000000018001f016     p5engine_optimized.obj
 0005:00000017       __B7A387D6_p5engine_random@h 000000018001f017     p5engine_optimized.obj
 0005:00000018       __F17FF173_p5engine_entity@h 000000018001f018     p5engine_optimized.obj
 0005:00000019       __72A74871_p5engine_asset@h 000000018001f019     p5engine_optimized.obj
 0005:0000001a       __BD87FD4A_p5engine@h      000000018001f01a     p5engine_optimized.obj
 0005:0000001b       __03FC23C0_p5engine_optimized@cpp 000000018001f01b     p5engine_optimized.obj
 0006:00000060       $R000000                   0000000180020060     * linker generated manifest res *
