 P5Engine

 Timestamp is 62bbd41a (Tue Jun 28 23:24:58 2022)

 Preferred load address is 0000000180000000

 Start         Length     Name                   Class
 0001:00000000 00010000H .textbss                DATA
 0002:00000000 00017b30H .text$mn                CODE
 0002:00017b30 00001040H .text$mn$00             CODE
 0002:00018b70 0000110fH .text$x                 CODE
 0003:00000000 00000110H .CRT$XCA                DATA
 0003:00000110 00000110H .CRT$XCZ                DATA
 0003:00000220 00000110H .CRT$XIA                DATA
 0003:00000330 00000110H .CRT$XIZ                DATA
 0003:00000440 00000110H .CRT$XPA                DATA
 0003:00000550 00000110H .CRT$XPZ                DATA
 0003:00000660 00000110H .CRT$XTA                DATA
 0003:00000770 00000110H .CRT$XTZ                DATA
 0003:00000880 00000700H .rdata                  DATA
 0003:00000f80 00000110H .rdata$CastGuardVftablesA DATA
 0003:00001090 0000010cH .rdata$CastGuardVftablesC DATA
 0003:0000119c 0000017cH .rdata$zzzdbg           DATA
 0003:00001318 00000110H .rtc$IAA                DATA
 0003:00001428 00000110H .rtc$IZZ                DATA
 0003:00001538 00000110H .rtc$TAA                DATA
 0003:00001648 00000110H .rtc$TZZ                DATA
 0003:00001758 000011a8H .xdata                  DATA
 0003:00002900 00000187H .edata                  DATA
 0004:00000000 00004e20H .data                   DATA
 0004:00004e20 00000768H .bss                    DATA
 0005:00000000 00002700H .pdata                  DATA
 0006:00000000 00000278H .idata$5                DATA
 0006:00000278 0000003cH .idata$2                DATA
 0006:000002b4 00000014H .idata$3                DATA
 0006:000002c8 00000278H .idata$4                DATA
 0006:00000540 000004a9H .idata$6                DATA
 0007:00000000 0000010fH .msvcjmc                DATA
 0008:00000000 00000151H .00cfg                  DATA
 0009:00000000 00000170H .rsrc$01                DATA
 0009:00000170 000001b6H .rsrc$02                DATA

  Address         Publics by Value              Rva+Base               Lib:Object

 0000:00000000       __guard_fids_count         0000000000000000     <absolute>
 0000:00000000       __AbsoluteZero             0000000000000000     <absolute>
 0000:00000000       __hybrid_code_map          0000000000000000     <absolute>
 0000:00000000       __x64_code_ranges_to_entry_points 0000000000000000     <absolute>
 0000:00000000       __hybrid_auxiliary_iat_copy 0000000000000000     <absolute>
 0000:00000000       ___safe_se_handler_table   0000000000000000     <absolute>
 0000:00000000       __hybrid_auxiliary_iat     0000000000000000     <absolute>
 0000:00000000       __arm64x_extra_rfe_table   0000000000000000     <absolute>
 0000:00000000       ___safe_se_handler_count   0000000000000000     <absolute>
 0000:00000000       __hybrid_code_map_count    0000000000000000     <absolute>
 0000:00000000       __guard_check_icall_a64n_fptr 0000000000000000     <absolute>
 0000:00000000       __guard_fids_table         0000000000000000     <absolute>
 0000:00000000       __x64_code_ranges_to_entry_points_count 0000000000000000     <absolute>
 0000:00000000       __dynamic_value_reloc_table 0000000000000000     <absolute>
 0000:00000000       __guard_longjmp_count      0000000000000000     <absolute>
 0000:00000000       __guard_iat_count          0000000000000000     <absolute>
 0000:00000000       __guard_eh_cont_count      0000000000000000     <absolute>
 0000:00000000       __guard_iat_table          0000000000000000     <absolute>
 0000:00000000       __arm64x_native_entrypoint 0000000000000000     <absolute>
 0000:00000000       __guard_longjmp_table      0000000000000000     <absolute>
 0000:00000000       __volatile_metadata        0000000000000000     <absolute>
 0000:00000000       __guard_eh_cont_table      0000000000000000     <absolute>
 0000:00000000       __arm64x_redirection_metadata 0000000000000000     <absolute>
 0000:00000000       __arm64x_extra_rfe_table_size 0000000000000000     <absolute>
 0000:00000000       __arm64x_redirection_metadata_count 0000000000000000     <absolute>
 0000:00000000       __enclave_config           0000000000000000     <absolute>
 0000:00000100       __guard_flags              0000000000000100     <absolute>
 0000:00000000       __ImageBase                0000000180000000     <linker-defined>
 0001:00000000       __enc$textbss$begin        0000000180001000     <linker-defined>
 0001:00010000       __enc$textbss$end          0000000180011000     <linker-defined>
 0002:00000940       ??D@YA?ATv2@@MT0@@Z        0000000180011940 f i p5engine.obj
 0002:000009e0       ??D@YA?ATv3@@MT0@@Z        00000001800119e0 f i p5engine.obj
 0002:00000ae0       ??D@YA?ATv3@@T0@M@Z        0000000180011ae0 f i p5engine.obj
 0002:00000b90       ??D@YA?ATv4@@MT0@@Z        0000000180011b90 f i p5engine.obj
 0002:00000cb0       ??G@YA?ATv2@@T0@0@Z        0000000180011cb0 f i p5engine.obj
 0002:00000d50       ??G@YA?ATv2@@T0@@Z         0000000180011d50 f i p5engine.obj
 0002:00000de0       ??G@YA?ATv3@@T0@0@Z        0000000180011de0 f i p5engine.obj
 0002:00000ee0       ??H@YA?ATv2@@T0@0@Z        0000000180011ee0 f i p5engine.obj
 0002:00000f80       ??H@YA?ATv3@@T0@0@Z        0000000180011f80 f i p5engine.obj
 0002:00001080       ??H@YA?ATv4@@T0@0@Z        0000000180012080 f i p5engine.obj
 0002:000011b0       ??K@YA?ATv3@@T0@M@Z        00000001800121b0 f i p5engine.obj
 0002:000012b0       ??X@YAAEATv3@@AEAT0@M@Z    00000001800122b0 f i p5engine.obj
 0002:00001360       ??Y@YAAEATv2@@AEAT0@T0@@Z  0000000180012360 f i p5engine.obj
 0002:000013c0       ??Y@YAAEATv3@@AEAT0@T0@@Z  00000001800123c0 f i p5engine.obj
 0002:00001480       ??Z@YAAEATv3@@AEAT0@T0@@Z  0000000180012480 f i p5engine.obj
 0002:00001540       ?AbsoluteValue@@YAMM@Z     0000000180012540 f i p5engine.obj
 0002:00001c80       ?AddFlags@@YAXPEAUsim_entity@@I@Z 0000000180012c80 f i p5engine.obj
 0002:00002320       ?AddRadiusTo@@YA?AUrectangle3@@U1@Tv3@@@Z 0000000180013320 f i p5engine.obj
 0002:00002c50       ?AreInSameChunk@@YAHPEAUworld@@PEAUworld_position@@1@Z 0000000180013c50 f i p5engine.obj
 0002:000034d0       ?BeginTemporaryMemory@@YA?AUtemporary_memory@@PEAUmemory_arena@@@Z 00000001800144d0 f i p5engine.obj
 0002:000035a0       ?BilinearSample@@YA?AUbilinear_sample@@PEAUloaded_bitmap@@HH@Z 00000001800145a0 f i p5engine.obj
 0002:00003910       ?CeilReal32ToInt32@@YAHM@Z 0000000180014910 f i p5engine.obj
 0002:00003960       ?CenteredChunkPoint@@YA?AUworld_position@@III@Z 0000000180014960 f i p5engine.obj
 0002:00003bf0       ?ChangeEntityLocationRaw@@YAXPEAUmemory_arena@@PEAUworld@@IPEAUworld_position@@2@Z 0000000180014bf0 f i p5engine.obj
 0002:000044f0       ?CheckArena@@YAXPEAUmemory_arena@@@Z 00000001800154f0 f i p5engine.obj
 0002:00004540       ?ChunkPositionFromTilePosition@@YA?AUworld_position@@PEAUworld@@HHHTv3@@@Z 0000000180015540 f i p5engine.obj
 0002:00004860       ?Clamp01@@YA?ATv2@@T1@@Z   0000000180015860 f i p5engine.obj
 0002:000048f0       ?Clamp01@@YA?ATv3@@T1@@Z   00000001800158f0 f i p5engine.obj
 0002:000049e0       ?Clamp01@@YAMM@Z           00000001800159e0 f i p5engine.obj
 0002:00004a40       ?Clamp@@YAMMMM@Z           0000000180015a40 f i p5engine.obj
 0002:00004ad0       ?Clear@@YAXPEAUrender_group@@Tv4@@@Z 0000000180015ad0 f i p5engine.obj
 0002:00004cc0       ?ClearFlags@@YAXPEAUsim_entity@@I@Z 0000000180015cc0 f i p5engine.obj
 0002:00004d10       ?CoordinateSystem@@YAPEAUrender_entry_coordinate_system@@PEAUrender_group@@Tv2@@11Tv4@@PEAUloaded_bitmap@@3PEAUenvironment_map@@44@Z 0000000180015d10 f i p5engine.obj
 0002:00004e30       ?Cos@@YAMM@Z               0000000180015e30 f i p5engine.obj
 0002:000053f0       ?DefaultMoveSpec@@YA?AUmove_spec@@XZ 00000001800163f0 f i p5engine.obj
 0002:00007170       ?EndTemporaryMemory@@YAXUtemporary_memory@@@Z 0000000180018170 f i p5engine.obj
 0002:000075e0       ?EntityOverlapsRectangle@@YAHTv3@@Usim_entity_collision_volume@@Urectangle3@@@Z 00000001800185e0 f i p5engine.obj
 0002:00007f80       ?FindLeastSignificantSetBit@@YA?AUbit_scan_result@@I@Z 0000000180018f80 f i p5engine.obj
 0002:00008000       ?FloorReal32ToInt32@@YAHM@Z 0000000180019000 f i p5engine.obj
 0002:00008120       ?GetBarycentric@@YA?ATv2@@Urectangle2@@T1@@Z 0000000180019120 f i p5engine.obj
 0002:000081f0       ?GetEntityGroundPoint@@YA?ATv3@@PEAUsim_entity@@@Z 00000001800191f0 f i p5engine.obj
 0002:000082a0       ?GetEntityGroundPoint@@YA?ATv3@@PEAUsim_entity@@T1@@Z 00000001800192a0 f i p5engine.obj
 0002:00008400       ?GetLowEntity@@YAPEAUlow_entity@@PEAUgame_state@@I@Z 0000000180019400 f i p5engine.obj
 0002:00008480       ?GetMaxCorner@@YA?ATv3@@Urectangle3@@@Z 0000000180019480 f i p5engine.obj
 0002:000084f0       ?GetMinCorner@@YA?ATv3@@Urectangle3@@@Z 00000001800194f0 f i p5engine.obj
 0002:00008560       ?GetRenderEntityBasisPos@@YA?ATv2@@PEAUrender_group@@PEAUrender_entity_basis@@T1@@Z 0000000180019560 f i p5engine.obj
 0002:00008700       ?GetSimSpacePos@@YA?ATv3@@PEAUsim_region@@PEAUlow_entity@@@Z 0000000180019700 f i p5engine.obj
 0002:00008830       ?GetStairGround@@YAMPEAUsim_entity@@Tv3@@@Z 0000000180019830 f i p5engine.obj
 0002:00008950       ?GetWorldChunk@@YAPEAUworld_chunk@@PEAUworld@@HHHPEAUmemory_arena@@@Z 0000000180019950 f i p5engine.obj
 0002:00008b90       ?Hadamard@@YA?ATv3@@T1@0@Z 0000000180019b90 f i p5engine.obj
 0002:00008c90       ?Hadamard@@YA?ATv4@@T1@0@Z 0000000180019c90 f i p5engine.obj
 0002:00008f60       ?HasFlag@@YAHPEAUsim_entity@@I@Z 0000000180019f60 f i p5engine.obj
 0002:00009060       ?InitializeArena@@YAXPEAUmemory_arena@@_KPEAX@Z 000000018001a060 f i p5engine.obj
 0002:00009180       ?Inner@@YAMTv2@@0@Z        000000018001a180 f i p5engine.obj
 0002:000091e0       ?Inner@@YAMTv3@@0@Z        000000018001a1e0 f i p5engine.obj
 0002:00009270       ?IsCanonical@@YAHMM@Z      000000018001a270 f i p5engine.obj
 0002:00009320       ?IsCanonical@@YAHPEAUworld@@Tv3@@@Z 000000018001a320 f i p5engine.obj
 0002:000093e0       ?IsInRectangle@@YAHUrectangle3@@Tv3@@@Z 000000018001a3e0 f i p5engine.obj
 0002:000094c0       ?IsValid@@YAHUworld_position@@@Z 000000018001a4c0 f i p5engine.obj
 0002:00009520       ?Length@@YAMTv3@@@Z        000000018001a520 f i p5engine.obj
 0002:00009590       ?LengthSq@@YAMTv2@@@Z      000000018001a590 f i p5engine.obj
 0002:000095e0       ?LengthSq@@YAMTv3@@@Z      000000018001a5e0 f i p5engine.obj
 0002:00009670       ?Lerp@@YA?ATv3@@T1@M0@Z    000000018001a670 f i p5engine.obj
 0002:00009810       ?Lerp@@YA?ATv4@@T1@M0@Z    000000018001a810 f i p5engine.obj
 0002:000099b0       ?Linear1ToSRGB255@@YA?ATv4@@T1@@Z 000000018001a9b0 f i p5engine.obj
 0002:00009af0       ?LoadEntityReference@@YAXPEAUgame_state@@PEAUsim_region@@PEATentity_reference@@@Z 000000018001aaf0 f i p5engine.obj
 0002:00009d60       ?MakeEntityNonSpatial@@YAXPEAUsim_entity@@@Z 000000018001ad60 f i p5engine.obj
 0002:00009e10       ?MakeEntitySpatial@@YAXPEAUsim_entity@@Tv3@@1@Z 000000018001ae10 f i p5engine.obj
 0002:0000a550       ?MapIntoChunkSpace@@YA?AUworld_position@@PEAUworld@@U1@Tv3@@@Z 000000018001b550 f i p5engine.obj
 0002:0000c510       ?Normalize@@YA?ATv3@@T1@@Z 000000018001d510 f i p5engine.obj
 0002:0000c610       ?NullPosition@@YA?AUworld_position@@XZ 000000018001d610 f i p5engine.obj
 0002:0000c6b0       ?Perp@@YA?ATv2@@T1@@Z      000000018001d6b0 f i p5engine.obj
 0002:0000c700       ?PushBitmap@@YAXPEAUrender_group@@PEAUloaded_bitmap@@Tv2@@M2MM@Z 000000018001d700 f i p5engine.obj
 0002:0000c840       ?PushEntry@@YAXPEAUrender_group@@PEAUloaded_bitmap@@Tv2@@2M2Tv4@@M@Z 000000018001d840 f i p5engine.obj
 0002:0000c9a0       ?PushRect@@YAXPEAUrender_group@@Tv2@@M1Tv4@@M@Z 000000018001d9a0 f i p5engine.obj
 0002:0000cb40       ?PushRectOutline@@YAXPEAUrender_group@@Tv2@@M1Tv4@@M@Z 000000018001db40 f i p5engine.obj
 0002:0000ceb0       ?PushRenderElement_@@YAPEAXPEAUrender_group@@IW4render_group_entry_type@@@Z 000000018001deb0 f i p5engine.obj
 0002:0000cf80       ?PushSize_@@YAPEAXPEAUmemory_arena@@_K@Z 000000018001df80 f i p5engine.obj
 0002:0000d010       ?RandomChoice@@YAIPEAUrandom_series@@I@Z 000000018001e010 f i p5engine.obj
 0002:0000d060       ?RandomNextUInt32@@YAIPEAUrandom_series@@@Z 000000018001e060 f i p5engine.obj
 0002:0000d0e0       ?RandomSeed@@YA?AUrandom_series@@I@Z 000000018001e0e0 f i p5engine.obj
 0002:0000d160       ?RandomUnilateral@@YAMPEAUrandom_series@@@Z 000000018001e160 f i p5engine.obj
 0002:0000d1d0       ?RecanonicalizeCoord@@YAXMPEAHPEAM@Z 000000018001e1d0 f i p5engine.obj
 0002:0000d290       ?RectCenterDim@@YA?AUrectangle2@@Tv2@@0@Z 000000018001e290 f i p5engine.obj
 0002:0000d340       ?RectCenterDim@@YA?AUrectangle3@@Tv3@@0@Z 000000018001e340 f i p5engine.obj
 0002:0000d470       ?RectCenterHalfDim@@YA?AUrectangle2@@Tv2@@0@Z 000000018001e470 f i p5engine.obj
 0002:0000d560       ?RectCenterHalfDim@@YA?AUrectangle3@@Tv3@@0@Z 000000018001e560 f i p5engine.obj
 0002:0000d720       ?RectanglesIntersect@@YAHUrectangle3@@0@Z 000000018001e720 f i p5engine.obj
 0002:0000ded0       ?RoundReal32ToInt32@@YAHM@Z 000000018001eed0 f i p5engine.obj
 0002:0000df20       ?RoundReal32ToUInt32@@YAIM@Z 000000018001ef20 f i p5engine.obj
 0002:0000df70       ?SRGB255ToLinear1@@YA?ATv4@@T1@@Z 000000018001ef70 f i p5engine.obj
 0002:0000e090       ?SRGBBilinearBlend@@YA?ATv4@@Ubilinear_sample@@MM@Z 000000018001f090 f i p5engine.obj
 0002:0000e560       ?SampleEnvironmentMap@@YA?ATv3@@Tv2@@T1@MPEAUenvironment_map@@@Z 000000018001f560 f i p5engine.obj
 0002:0000e800       ?Sin@@YAMM@Z               000000018001f800 f i p5engine.obj
 0002:0000e990       ?Square@@YAMM@Z            000000018001f990 f i p5engine.obj
 0002:0000e9e0       ?SquareRoot@@YAMM@Z        000000018001f9e0 f i p5engine.obj
 0002:0000ea30       ?StoreEntityReference@@YAXPEATentity_reference@@@Z 000000018001fa30 f i p5engine.obj
 0002:0000ed60       ?ToV4@@YA?ATv4@@Tv3@@M@Z   000000018001fd60 f i p5engine.obj
 0002:0000ede0       ?Unpack4x8@@YA?ATv4@@I@Z   000000018001fde0 f i p5engine.obj
 0002:0000eee0       ?UnscaleAndBiasNormal@@YA?ATv4@@T1@@Z 000000018001fee0 f i p5engine.obj
 0002:0000f060       ?V2@@YA?ATv2@@MM@Z         0000000180020060 f i p5engine.obj
 0002:0000f0f0       ?V2i@@YA?ATv2@@HH@Z        00000001800200f0 f i p5engine.obj
 0002:0000f150       ?V3@@YA?ATv3@@MMM@Z        0000000180020150 f i p5engine.obj
 0002:0000f220       ?V4@@YA?ATv4@@MMMM@Z       0000000180020220 f i p5engine.obj
 0002:0000f310       ?ZeroSize@@YAX_KPEAX@Z     0000000180020310 f i p5engine.obj
 0002:0000f390       GameGetSoundSamples        0000000180020390 f   p5engine.obj
 0002:0000f3f0       GameUpdateAndRender        00000001800203f0 f   p5engine.obj
 0002:00013e10       GetController              0000000180024e10 f i p5engine.obj
 0002:00013e80       __JustMyCode_Default       0000000180024e80 f i p5engine.obj
 0002:00013e90       __CheckForDebuggerJustMyCode 0000000180024e90 f   MSVCRTD:debugger_jmc.obj
 0002:00013ee0       __GSHandlerCheck           0000000180024ee0 f   MSVCRTD:gshandler.obj
 0002:00013f30       __GSHandlerCheckCommon     0000000180024f30 f   MSVCRTD:gshandler.obj
 0002:00014080       __chkstk                   0000000180025080 f   MSVCRTD:chkstk.obj
 0002:00014080       _alloca_probe              0000000180025080 f   MSVCRTD:chkstk.obj
 0002:00014100       __security_check_cookie    0000000180025100 f   MSVCRTD:amdsecgs.obj
 0002:00014630       _CRT_INIT                  0000000180025630 f   MSVCRTD:dll_dllmain.obj
 0002:00014670       _DllMainCRTStartup         0000000180025670 f   MSVCRTD:dll_dllmain.obj
 0002:000146c0       __raise_securityfailure    00000001800256c0 f   MSVCRTD:gs_report.obj
 0002:00014710       __report_gsfailure         0000000180025710 f   MSVCRTD:gs_report.obj
 0002:00014820       __report_rangecheckfailure 0000000180025820 f   MSVCRTD:gs_report.obj
 0002:00014840       __report_securityfailure   0000000180025840 f   MSVCRTD:gs_report.obj
 0002:00014910       __report_securityfailureEx 0000000180025910 f   MSVCRTD:gs_report.obj
 0002:00014d00       __security_init_cookie     0000000180025d00 f   MSVCRTD:gs_support.obj
 0002:00014da0       DllMain                    0000000180025da0 f   MSVCRTD:dll_dllmain_stub.obj
 0002:00014df0       ?__scrt_initialize_type_info@@YAXXZ 0000000180025df0 f   MSVCRTD:tncleanup.obj
 0002:00014e10       ?__scrt_uninitialize_type_info@@YAXXZ 0000000180025e10 f   MSVCRTD:tncleanup.obj
 0002:00014e30       __local_stdio_printf_options 0000000180025e30 f i MSVCRTD:default_local_stdio_options.obj
 0002:00014e40       __local_stdio_scanf_options 0000000180025e40 f i MSVCRTD:default_local_stdio_options.obj
 0002:00014e50       __scrt_initialize_default_local_stdio_options 0000000180025e50 f   MSVCRTD:default_local_stdio_options.obj
 0002:00014eb0       ?configure_argv@__scrt_narrow_argv_policy@@SAHXZ 0000000180025eb0 f i MSVCRTD:utility.obj
 0002:00014fd0       ?initialize_environment@__scrt_narrow_environment_policy@@SAHXZ 0000000180025fd0 f i MSVCRTD:utility.obj
 0002:000150a0       NtCurrentTeb               00000001800260a0 f i MSVCRTD:utility.obj
 0002:000150b0       __scrt_acquire_startup_lock 00000001800260b0 f   MSVCRTD:utility.obj
 0002:00015130       __scrt_dllmain_after_initialize_c 0000000180026130 f   MSVCRTD:utility.obj
 0002:00015170       __scrt_dllmain_before_initialize_c 0000000180026170 f   MSVCRTD:utility.obj
 0002:000151a0       __scrt_dllmain_crt_thread_attach 00000001800261a0 f   MSVCRTD:utility.obj
 0002:000151e0       __scrt_dllmain_crt_thread_detach 00000001800261e0 f   MSVCRTD:utility.obj
 0002:00015200       __scrt_dllmain_exception_filter 0000000180026200 f   MSVCRTD:utility.obj
 0002:00015280       __scrt_dllmain_uninitialize_c 0000000180026280 f   MSVCRTD:utility.obj
 0002:000152c0       __scrt_dllmain_uninitialize_critical 00000001800262c0 f   MSVCRTD:utility.obj
 0002:000152e0       __scrt_initialize_crt      00000001800262e0 f   MSVCRTD:utility.obj
 0002:00015340       __scrt_initialize_onexit_tables 0000000180026340 f   MSVCRTD:utility.obj
 0002:00015490       __scrt_is_nonwritable_in_current_image 0000000180026490 f   MSVCRTD:utility.obj
 0002:00015540       __scrt_release_startup_lock 0000000180026540 f   MSVCRTD:utility.obj
 0002:00015580       __scrt_uninitialize_crt    0000000180026580 f   MSVCRTD:utility.obj
 0002:000155d0       _onexit                    00000001800265d0 f   MSVCRTD:utility.obj
 0002:00015670       at_quick_exit              0000000180026670 f   MSVCRTD:utility.obj
 0002:000156d0       atexit                     00000001800266d0 f   MSVCRTD:utility.obj
 0002:00015710       __scrt_get_dyn_tls_init_callback 0000000180026710 f   MSVCRTD:dyn_tls_init.obj
 0002:00015720       __crt_debugger_hook        0000000180026720 f   MSVCRTD:utility_desktop.obj
 0002:00015740       __scrt_fastfail            0000000180026740 f   MSVCRTD:utility_desktop.obj
 0002:00015940       __scrt_get_show_window_mode 0000000180026940 f   MSVCRTD:utility_desktop.obj
 0002:000159b0       __scrt_initialize_mta      00000001800269b0 f   MSVCRTD:utility_desktop.obj
 0002:000159d0       __scrt_initialize_winrt    00000001800269d0 f   MSVCRTD:utility_desktop.obj
 0002:000159e0       __scrt_is_managed_app      00000001800269e0 f   MSVCRTD:utility_desktop.obj
 0002:00015ab0       __scrt_set_unhandled_exception_filter 0000000180026ab0 f   MSVCRTD:utility_desktop.obj
 0002:00015ad0       __scrt_exe_initialize_mta  0000000180026ad0 f   MSVCRTD:utility_desktop.obj
 0002:00015ad0       __scrt_stub_for_initialize_mta 0000000180026ad0 f   MSVCRTD:utility_desktop.obj
 0002:00015ae0       __scrt_unhandled_exception_filter 0000000180026ae0 f   MSVCRTD:utility_desktop.obj
 0002:00015ba0       _RTC_Initialize            0000000180026ba0 f   MSVCRTD:initsect.obj
 0002:00015c00       _RTC_Terminate             0000000180026c00 f   MSVCRTD:initsect.obj
 0002:00015c60       _guard_check_icall_nop     0000000180026c60 f i MSVCRTD:guard_support.obj
 0002:00015c70       ReadNoFence64              0000000180026c70 f i MSVCRTD:guard_support.obj
 0002:00015ca0       ReadPointerNoFence         0000000180026ca0 f i MSVCRTD:guard_support.obj
 0002:00015cc0       __castguard_check_failure_debugbreak 0000000180026cc0 f i MSVCRTD:guard_support.obj
 0002:00015cf0       __castguard_check_failure_fastfail 0000000180026cf0 f i MSVCRTD:guard_support.obj
 0002:00015d20       __castguard_check_failure_nop 0000000180026d20 f i MSVCRTD:guard_support.obj
 0002:00015d30       __castguard_check_failure_os_handled 0000000180026d30 f i MSVCRTD:guard_support.obj
 0002:00015e20       __castguard_slow_path_check_debugbreak 0000000180026e20 f i MSVCRTD:guard_support.obj
 0002:00015e70       __castguard_slow_path_check_fastfail 0000000180026e70 f i MSVCRTD:guard_support.obj
 0002:00015ed0       __castguard_slow_path_check_nop 0000000180026ed0 f i MSVCRTD:guard_support.obj
 0002:00015ef0       __castguard_slow_path_check_os_handled 0000000180026ef0 f i MSVCRTD:guard_support.obj
 0002:00016000       _guard_icall_checks_enforced 0000000180027000 f i MSVCRTD:guard_support.obj
 0002:00016050       _guard_rf_checks_enforced  0000000180027050 f i MSVCRTD:guard_support.obj
 0002:00016060       __isa_available_init       0000000180027060 f   MSVCRTD:cpu_disp.obj
 0002:000164e0       _get_startup_argv_mode     00000001800274e0 f   MSVCRTD:argv_mode.obj
 0002:000164f0       __scrt_is_ucrt_dll_in_use  00000001800274f0 f   MSVCRTD:ucrt_detection.obj
 0002:00016520       __C_specific_handler       0000000180027520 f   vcruntimed:VCRUNTIME140D.dll
 0002:00016526       __std_type_info_destroy_list 0000000180027526 f   vcruntimed:VCRUNTIME140D.dll
 0002:0001652c       __current_exception        000000018002752c f   vcruntimed:VCRUNTIME140D.dll
 0002:00016532       __current_exception_context 0000000180027532 f   vcruntimed:VCRUNTIME140D.dll
 0002:00016538       fabs                       0000000180027538 f   ucrtd:ucrtbased.dll
 0002:0001653e       roundf                     000000018002753e f   ucrtd:ucrtbased.dll
 0002:00016544       ceilf                      0000000180027544 f   ucrtd:ucrtbased.dll
 0002:0001654a       cosf                       000000018002754a f   ucrtd:ucrtbased.dll
 0002:00016550       floorf                     0000000180027550 f   ucrtd:ucrtbased.dll
 0002:00016556       sinf                       0000000180027556 f   ucrtd:ucrtbased.dll
 0002:0001655c       sqrtf                      000000018002755c f   ucrtd:ucrtbased.dll
 0002:00016562       _initterm                  0000000180027562 f   ucrtd:ucrtbased.dll
 0002:00016568       _initterm_e                0000000180027568 f   ucrtd:ucrtbased.dll
 0002:0001656e       _seh_filter_dll            000000018002756e f   ucrtd:ucrtbased.dll
 0002:00016574       _configure_narrow_argv     0000000180027574 f   ucrtd:ucrtbased.dll
 0002:0001657a       _initialize_narrow_environment 000000018002757a f   ucrtd:ucrtbased.dll
 0002:00016580       _initialize_onexit_table   0000000180027580 f   ucrtd:ucrtbased.dll
 0002:00016586       _register_onexit_function  0000000180027586 f   ucrtd:ucrtbased.dll
 0002:0001658c       _execute_onexit_table      000000018002758c f   ucrtd:ucrtbased.dll
 0002:00016592       _crt_atexit                0000000180027592 f   ucrtd:ucrtbased.dll
 0002:00016598       _crt_at_quick_exit         0000000180027598 f   ucrtd:ucrtbased.dll
 0002:0001659e       _cexit                     000000018002759e f   ucrtd:ucrtbased.dll
 0002:000165a4       terminate                  00000001800275a4 f   ucrtd:ucrtbased.dll
 0002:000165aa       GetCurrentThreadId         00000001800275aa f   kernel32:KERNEL32.dll
 0002:000165b0       RtlCaptureContext          00000001800275b0 f   kernel32:KERNEL32.dll
 0002:000165b6       RtlLookupFunctionEntry     00000001800275b6 f   kernel32:KERNEL32.dll
 0002:000165bc       RtlVirtualUnwind           00000001800275bc f   kernel32:KERNEL32.dll
 0002:000165c2       UnhandledExceptionFilter   00000001800275c2 f   kernel32:KERNEL32.dll
 0002:000165c8       SetUnhandledExceptionFilter 00000001800275c8 f   kernel32:KERNEL32.dll
 0002:000165ce       GetCurrentProcess          00000001800275ce f   kernel32:KERNEL32.dll
 0002:000165d4       TerminateProcess           00000001800275d4 f   kernel32:KERNEL32.dll
 0002:000165da       IsProcessorFeaturePresent  00000001800275da f   kernel32:KERNEL32.dll
 0002:000165e0       QueryPerformanceCounter    00000001800275e0 f   kernel32:KERNEL32.dll
 0002:000165e6       GetCurrentProcessId        00000001800275e6 f   kernel32:KERNEL32.dll
 0002:000165ec       GetSystemTimeAsFileTime    00000001800275ec f   kernel32:KERNEL32.dll
 0002:000165f2       DisableThreadLibraryCalls  00000001800275f2 f   kernel32:KERNEL32.dll
 0002:000165f8       InitializeSListHead        00000001800275f8 f   kernel32:KERNEL32.dll
 0002:000165fe       IsDebuggerPresent          00000001800275fe f   kernel32:KERNEL32.dll
 0002:00016604       GetStartupInfoW            0000000180027604 f   kernel32:KERNEL32.dll
 0002:0001660a       GetModuleHandleW           000000018002760a f   kernel32:KERNEL32.dll
 0002:00016610       __vcrt_initialize          0000000180027610 f   MSVCRTD:ucrt_stubs.obj
 0002:00016610       __scrt_stub_for_acrt_initialize 0000000180027610 f   MSVCRTD:ucrt_stubs.obj
 0002:00016610       __acrt_initialize          0000000180027610 f   MSVCRTD:ucrt_stubs.obj
 0002:00016620       __scrt_stub_for_acrt_thread_attach 0000000180027620 f   MSVCRTD:ucrt_stubs.obj
 0002:00016620       __vcrt_thread_attach       0000000180027620 f   MSVCRTD:ucrt_stubs.obj
 0002:00016620       __acrt_thread_attach       0000000180027620 f   MSVCRTD:ucrt_stubs.obj
 0002:00016630       __acrt_thread_detach       0000000180027630 f   MSVCRTD:ucrt_stubs.obj
 0002:00016630       __vcrt_thread_detach       0000000180027630 f   MSVCRTD:ucrt_stubs.obj
 0002:00016630       __scrt_stub_for_acrt_thread_detach 0000000180027630 f   MSVCRTD:ucrt_stubs.obj
 0002:00016640       __acrt_uninitialize        0000000180027640 f   MSVCRTD:ucrt_stubs.obj
 0002:00016640       __vcrt_uninitialize        0000000180027640 f   MSVCRTD:ucrt_stubs.obj
 0002:00016640       __scrt_stub_for_acrt_uninitialize 0000000180027640 f   MSVCRTD:ucrt_stubs.obj
 0002:00016650       __scrt_stub_for_acrt_uninitialize_critical 0000000180027650 f   MSVCRTD:ucrt_stubs.obj
 0002:00016650       __vcrt_uninitialize_critical 0000000180027650 f   MSVCRTD:ucrt_stubs.obj
 0002:00016650       __acrt_uninitialize_critical 0000000180027650 f   MSVCRTD:ucrt_stubs.obj
 0002:00016660       __scrt_stub_for_is_c_termination_complete 0000000180027660 f   MSVCRTD:ucrt_stubs.obj
 0002:00016660       _is_c_termination_complete 0000000180027660 f   MSVCRTD:ucrt_stubs.obj
 0002:00017b40       _guard_dispatch_icall_nop  0000000180028b40 f   MSVCRTD:guard_dispatch.obj
 0002:00017b60       _guard_xfg_dispatch_icall_nop 0000000180028b60 f   MSVCRTD:guard_xfg_dispatch.obj
 0003:00000000       __xc_a                     000000018002b000     MSVCRTD:initializers.obj
 0003:00000110       __xc_z                     000000018002b110     MSVCRTD:initializers.obj
 0003:00000220       __xi_a                     000000018002b220     MSVCRTD:initializers.obj
 0003:00000330       __xi_z                     000000018002b330     MSVCRTD:initializers.obj
 0003:00000440       __xp_a                     000000018002b440     MSVCRTD:initializers.obj
 0003:00000550       __xp_z                     000000018002b550     MSVCRTD:initializers.obj
 0003:00000660       __xt_a                     000000018002b660     MSVCRTD:initializers.obj
 0003:00000770       __xt_z                     000000018002b770     MSVCRTD:initializers.obj
 0003:00000880       ??_C@_0BA@NMEIMCEK@InvalidCodePath@ 000000018002b880     p5engine.obj
 0003:00000898       ??_C@_0BJ@GOOPBPNK@P5Engine?1data?1grass1?4bmp@ 000000018002b898     p5engine.obj
 0003:000008b8       ??_C@_0BI@GAHHFIBN@P5Engine?1data?1soil1?4bmp@ 000000018002b8b8     p5engine.obj
 0003:000008d8       ??_C@_0BI@OGODCKLD@P5Engine?1data?1soil2?4bmp@ 000000018002b8d8     p5engine.obj
 0003:000008f8       ??_C@_0BI@CNLPPJBG@P5Engine?1data?1soil3?4bmp@ 000000018002b8f8     p5engine.obj
 0003:00000918       ??_C@_0BI@DGFEELIO@P5Engine?1data?1tuft1?4bmp@ 000000018002b918     p5engine.obj
 0003:00000938       ??_C@_0BI@LAMADJCA@P5Engine?1data?1tuft2?4bmp@ 000000018002b938     p5engine.obj
 0003:00000958       ??_C@_0BF@HOIOEMCL@P5Engine?1data?1bg?4bmp@ 000000018002b958     p5engine.obj
 0003:00000978       ??_C@_0BJ@EPENJOEL@P5Engine?1data?1shadow?4bmp@ 000000018002b978     p5engine.obj
 0003:00000998       ??_C@_0BJ@HEECFFOE@P5Engine?1data?1stairs?4bmp@ 000000018002b998     p5engine.obj
 0003:000009b8       ??_C@_0BH@DDOBAHNL@P5Engine?1data?1tree?4bmp@ 000000018002b9b8     p5engine.obj
 0003:000009d8       ??_C@_0BI@EPGPCLAL@P5Engine?1data?1enemy?4bmp@ 000000018002b9d8     p5engine.obj
 0003:000009f8       ??_C@_0BG@IEBKPHGI@P5Engine?1data?1orb?4bmp@ 000000018002b9f8     p5engine.obj
 0003:00000a18       ??_C@_0BP@CIDLMIJA@P5Engine?1data?1char?9right?90?4bmp@ 000000018002ba18     p5engine.obj
 0003:00000a40       ??_C@_0BO@PEBAPFLC@P5Engine?1data?1char?9back?90?4bmp@ 000000018002ba40     p5engine.obj
 0003:00000a68       ??_C@_0BO@EAIBBIAG@P5Engine?1data?1char?9left?90?4bmp@ 000000018002ba68     p5engine.obj
 0003:00000a90       ??_C@_0BP@MKDPGEOC@P5Engine?1data?1char?9front?90?4bmp@ 000000018002ba90     p5engine.obj
 0003:00000ab8       ??_C@_0BO@KNNOBFKI@P5Engine?1data?1sword?9right?4bmp@ 000000018002bab8     p5engine.obj
 0003:00000ae0       ??_C@_0BN@LDDHILOB@P5Engine?1data?1sword?9back?4bmp@ 000000018002bae0     p5engine.obj
 0003:00000b08       ??_C@_0BN@FPAHMBGA@P5Engine?1data?1sword?9left?4bmp@ 000000018002bb08     p5engine.obj
 0003:00000b30       ??_C@_0BO@BNDLMGBJ@P5Engine?1data?1sword?9front?4bmp@ 000000018002bb30     p5engine.obj
 0003:00000b54       __real@00000000            000000018002bb54     p5engine.obj
 0003:00000b58       __real@308992b1            000000018002bb58     p5engine.obj
 0003:00000b5c       __real@3a83126f            000000018002bb5c     p5engine.obj
 0003:00000b60       __real@3b808081            000000018002bb60     p5engine.obj
 0003:00000b64       __real@3c23d70a            000000018002bb64     p5engine.obj
 0003:00000b68       __real@3dcccccd            000000018002bb68     p5engine.obj
 0003:00000b6c       __real@3e4ccccd            000000018002bb6c     p5engine.obj
 0003:00000b70       __real@3e800000            000000018002bb70     p5engine.obj
 0003:00000b74       __real@3eaaaaab            000000018002bb74     p5engine.obj
 0003:00000b78       __real@3f000000            000000018002bb78     p5engine.obj
 0003:00000b7c       __real@3f666666            000000018002bb7c     p5engine.obj
 0003:00000b80       __real@3f800000            000000018002bb80     p5engine.obj
 0003:00000b84       __real@3f8ccccd            000000018002bb84     p5engine.obj
 0003:00000b88       __real@3f99999a            000000018002bb88     p5engine.obj
 0003:00000b8c       __real@3fb33333            000000018002bb8c     p5engine.obj
 0003:00000b90       __real@3fc00000            000000018002bb90     p5engine.obj
 0003:00000b94       __real@40000000            000000018002bb94     p5engine.obj
 0003:00000b98       __real@400ccccd            000000018002bb98     p5engine.obj
 0003:00000ba0       __real@401921fb60000000    000000018002bba0     p5engine.obj
 0003:00000bac       __real@40400000            000000018002bbac     p5engine.obj
 0003:00000bb0       __real@40a00000            000000018002bbb0     p5engine.obj
 0003:00000bb4       __real@40c00000            000000018002bbb4     p5engine.obj
 0003:00000bb8       __real@40c90fdb            000000018002bbb8     p5engine.obj
 0003:00000bbc       __real@41200000            000000018002bbbc     p5engine.obj
 0003:00000bc0       __real@41700000            000000018002bbc0     p5engine.obj
 0003:00000bc4       __real@41880000            000000018002bbc4     p5engine.obj
 0003:00000bc8       __real@41a00000            000000018002bbc8     p5engine.obj
 0003:00000bcc       __real@41c00000            000000018002bbcc     p5engine.obj
 0003:00000bd0       __real@41f00000            000000018002bbd0     p5engine.obj
 0003:00000bd4       __real@42000000            000000018002bbd4     p5engine.obj
 0003:00000bd8       __real@422c0000            000000018002bbd8     p5engine.obj
 0003:00000bdc       __real@42340000            000000018002bbdc     p5engine.obj
 0003:00000be0       __real@42600000            000000018002bbe0     p5engine.obj
 0003:00000be4       __real@42800000            000000018002bbe4     p5engine.obj
 0003:00000be8       __real@42960000            000000018002bbe8     p5engine.obj
 0003:00000bec       __real@42c80000            000000018002bbec     p5engine.obj
 0003:00000bf0       __real@437f0000            000000018002bbf0     p5engine.obj
 0003:00000bf4       __real@461c4000            000000018002bbf4     p5engine.obj
 0003:00000bf8       __real@47c35000            000000018002bbf8     p5engine.obj
 0003:00000bfc       __real@7f7fffff            000000018002bbfc     p5engine.obj
 0003:00000c00       __real@becccccd            000000018002bc00     p5engine.obj
 0003:00000c04       __real@bf000000            000000018002bc04     p5engine.obj
 0003:00000c08       __real@bf800000            000000018002bc08     p5engine.obj
 0003:00000c0c       __real@c11ccccd            000000018002bc0c     p5engine.obj
 0003:00000c10       __xmm@80000000800000008000000080000000 000000018002bc10     p5engine.obj
 0003:00000c28       _pDefaultRawDllMain        000000018002bc28     MSVCRTD:dll_dllmain.obj
 0003:00000c28       _pRawDllMain               000000018002bc28     MSVCRTD:dll_dllmain.obj
 0003:00000c90       _load_config_used          000000018002bc90     MSVCRTD:loadcfg.obj
 0003:00000f80       __CastGuardVftablesStart   000000018002bf80     MSVCRTD:guard_support.obj
 0003:00001090       __CastGuardVftablesEnd     000000018002c090     MSVCRTD:guard_support.obj
 0003:00001318       __rtc_iaa                  000000018002c318     MSVCRTD:initsect.obj
 0003:00001428       __rtc_izz                  000000018002c428     MSVCRTD:initsect.obj
 0003:00001538       __rtc_taa                  000000018002c538     MSVCRTD:initsect.obj
 0003:00001648       __rtc_tzz                  000000018002c648     MSVCRTD:initsect.obj
 0004:00004cd0       __security_cookie_complement 0000000180032cd0     MSVCRTD:gs_cookie.obj
 0004:00004cd8       __security_cookie          0000000180032cd8     MSVCRTD:gs_cookie.obj
 0004:00004ce4       _fltused                   0000000180032ce4     MSVCRTD:fltused.obj
 0004:00004ce8       __scrt_native_dllmain_reason 0000000180032ce8     MSVCRTD:utility.obj
 0004:00004cf0       __isa_available            0000000180032cf0     MSVCRTD:cpu_disp.obj
 0004:00004cf4       __isa_enabled              0000000180032cf4     MSVCRTD:cpu_disp.obj
 0004:00004cf8       __memcpy_nt_iters          0000000180032cf8     MSVCRTD:cpu_disp.obj
 0004:00004d00       __memset_nt_iters          0000000180032d00     MSVCRTD:cpu_disp.obj
 0004:00004d10       __scrt_ucrt_dll_is_in_use  0000000180032d10     MSVCRTD:ucrt_stubs.obj
 0004:000054c0       ?__type_info_root_node@@3U__type_info_node@@A 00000001800334c0     MSVCRTD:tncleanup.obj
 0004:000054d8       ?_OptionsStorage@?1??__local_stdio_printf_options@@9@4_KA 00000001800334d8     MSVCRTD:default_local_stdio_options.obj
 0004:000054e8       ?_OptionsStorage@?1??__local_stdio_scanf_options@@9@4_KA 00000001800334e8     MSVCRTD:default_local_stdio_options.obj
 0004:000054f8       __scrt_current_native_startup_state 00000001800334f8     MSVCRTD:utility.obj
 0004:00005500       __scrt_native_startup_lock 0000000180033500     MSVCRTD:utility.obj
 0004:00005550       __scrt_debugger_hook_flag  0000000180033550     MSVCRTD:utility_desktop.obj
 0004:00005558       __castguard_check_failure_os_handled_fptr 0000000180033558     MSVCRTD:guard_support.obj
 0004:00005564       __favor                    0000000180033564     MSVCRTD:cpu_disp.obj
 0004:00005568       __dyn_tls_init_callback    0000000180033568     <common>
 0004:0000557c       __DebuggerCurrentSteppingThreadId 000000018003357c     <common>
 0006:00000000       __imp_GetCurrentProcessId  0000000180037000     kernel32:KERNEL32.dll
 0006:00000008       __imp_RtlCaptureContext    0000000180037008     kernel32:KERNEL32.dll
 0006:00000010       __imp_RtlLookupFunctionEntry 0000000180037010     kernel32:KERNEL32.dll
 0006:00000018       __imp_RtlVirtualUnwind     0000000180037018     kernel32:KERNEL32.dll
 0006:00000020       __imp_GetModuleHandleW     0000000180037020     kernel32:KERNEL32.dll
 0006:00000028       __imp_GetStartupInfoW      0000000180037028     kernel32:KERNEL32.dll
 0006:00000030       __imp_IsDebuggerPresent    0000000180037030     kernel32:KERNEL32.dll
 0006:00000038       __imp_InitializeSListHead  0000000180037038     kernel32:KERNEL32.dll
 0006:00000040       __imp_DisableThreadLibraryCalls 0000000180037040     kernel32:KERNEL32.dll
 0006:00000048       __imp_GetSystemTimeAsFileTime 0000000180037048     kernel32:KERNEL32.dll
 0006:00000050       __imp_GetCurrentThreadId   0000000180037050     kernel32:KERNEL32.dll
 0006:00000058       __imp_QueryPerformanceCounter 0000000180037058     kernel32:KERNEL32.dll
 0006:00000060       __imp_IsProcessorFeaturePresent 0000000180037060     kernel32:KERNEL32.dll
 0006:00000068       __imp_TerminateProcess     0000000180037068     kernel32:KERNEL32.dll
 0006:00000070       __imp_GetCurrentProcess    0000000180037070     kernel32:KERNEL32.dll
 0006:00000078       __imp_SetUnhandledExceptionFilter 0000000180037078     kernel32:KERNEL32.dll
 0006:00000080       __imp_UnhandledExceptionFilter 0000000180037080     kernel32:KERNEL32.dll
 0006:00000088       \177KERNEL32_NULL_THUNK_DATA 0000000180037088     kernel32:KERNEL32.dll
 0006:000000f8       __imp___std_type_info_destroy_list 00000001800370f8     vcruntimed:VCRUNTIME140D.dll
 0006:00000100       __imp___current_exception  0000000180037100     vcruntimed:VCRUNTIME140D.dll
 0006:00000108       __imp___current_exception_context 0000000180037108     vcruntimed:VCRUNTIME140D.dll
 0006:00000110       __imp___C_specific_handler 0000000180037110     vcruntimed:VCRUNTIME140D.dll
 0006:00000118       \177VCRUNTIME140D_NULL_THUNK_DATA 0000000180037118     vcruntimed:VCRUNTIME140D.dll
 0006:00000170       __imp_terminate            0000000180037170     ucrtd:ucrtbased.dll
 0006:00000178       __imp__cexit               0000000180037178     ucrtd:ucrtbased.dll
 0006:00000180       __imp__crt_atexit          0000000180037180     ucrtd:ucrtbased.dll
 0006:00000188       __imp__execute_onexit_table 0000000180037188     ucrtd:ucrtbased.dll
 0006:00000190       __imp__register_onexit_function 0000000180037190     ucrtd:ucrtbased.dll
 0006:00000198       __imp__initialize_onexit_table 0000000180037198     ucrtd:ucrtbased.dll
 0006:000001a0       __imp__initialize_narrow_environment 00000001800371a0     ucrtd:ucrtbased.dll
 0006:000001a8       __imp__configure_narrow_argv 00000001800371a8     ucrtd:ucrtbased.dll
 0006:000001b0       __imp__seh_filter_dll      00000001800371b0     ucrtd:ucrtbased.dll
 0006:000001b8       __imp__initterm_e          00000001800371b8     ucrtd:ucrtbased.dll
 0006:000001c0       __imp__initterm            00000001800371c0     ucrtd:ucrtbased.dll
 0006:000001c8       __imp_sqrtf                00000001800371c8     ucrtd:ucrtbased.dll
 0006:000001d0       __imp_sinf                 00000001800371d0     ucrtd:ucrtbased.dll
 0006:000001d8       __imp_floorf               00000001800371d8     ucrtd:ucrtbased.dll
 0006:000001e0       __imp_cosf                 00000001800371e0     ucrtd:ucrtbased.dll
 0006:000001e8       __imp_ceilf                00000001800371e8     ucrtd:ucrtbased.dll
 0006:000001f0       __imp_roundf               00000001800371f0     ucrtd:ucrtbased.dll
 0006:000001f8       __imp_fabs                 00000001800371f8     ucrtd:ucrtbased.dll
 0006:00000200       __imp__crt_at_quick_exit   0000000180037200     ucrtd:ucrtbased.dll
 0006:00000208       \177ucrtbased_NULL_THUNK_DATA 0000000180037208     ucrtd:ucrtbased.dll
 0006:00000278       __IMPORT_DESCRIPTOR_VCRUNTIME140D 0000000180037278     vcruntimed:VCRUNTIME140D.dll
 0006:0000028c       __IMPORT_DESCRIPTOR_ucrtbased 000000018003728c     ucrtd:ucrtbased.dll
 0006:000002a0       __IMPORT_DESCRIPTOR_KERNEL32 00000001800372a0     kernel32:KERNEL32.dll
 0006:000002b4       __NULL_IMPORT_DESCRIPTOR   00000001800372b4     vcruntimed:VCRUNTIME140D.dll
 0008:00000000       __guard_check_icall_fptr   0000000180039000     MSVCRTD:guard_support.obj
 0008:00000010       __guard_xfg_check_icall_fptr 0000000180039010     MSVCRTD:guard_support.obj
 0008:00000020       __guard_dispatch_icall_fptr 0000000180039020     MSVCRTD:guard_support.obj
 0008:00000030       __guard_xfg_dispatch_icall_fptr 0000000180039030     MSVCRTD:guard_support.obj
 0008:00000040       __guard_xfg_table_dispatch_icall_fptr 0000000180039040     MSVCRTD:guard_support.obj

 entry point at        0002:0000000f

 Static symbols

 0000:fffc4000       .debug$S                   0000000180000000     P5Engine.exp
 0000:fffc7000       _volmd                     0000000180000000     p5engine.obj
 0000:fffc7000       _volmd                     0000000180000000     p5engine.obj
 0000:fffc7000       _volmd                     0000000180000000     p5engine.obj
 0000:fffc7000       _volmd                     0000000180000000     p5engine.obj
 0000:fffc7000       _volmd                     0000000180000000     p5engine.obj
 0000:fffc7000       _volmd                     0000000180000000     p5engine.obj
 0000:fffc7000       _volmd                     0000000180000000     p5engine.obj
 0000:fffc7000       _volmd                     0000000180000000     p5engine.obj
 0000:fffc7000       _volmd                     0000000180000000     p5engine.obj
 0000:fffc7000       _volmd                     0000000180000000     p5engine.obj
 0000:fffc7000       _volmd                     0000000180000000     p5engine.obj
 0000:fffc7000       _volmd                     0000000180000000     p5engine.obj
 0000:fffc7000       _volmd                     0000000180000000     p5engine.obj
 0000:fffc7000       _volmd                     0000000180000000     p5engine.obj
 0000:fffc7000       _volmd                     0000000180000000     p5engine.obj
 0000:fffc7000       _volmd                     0000000180000000     p5engine.obj
 0000:fffc7000       _volmd                     0000000180000000     p5engine.obj
 0000:fffc7000       _volmd                     0000000180000000     p5engine.obj
 0000:fffc7000       _volmd                     0000000180000000     p5engine.obj
 0000:fffc7000       _volmd                     0000000180000000     p5engine.obj
 0000:fffc7000       _volmd                     0000000180000000     p5engine.obj
 0000:fffc7000       _volmd                     0000000180000000     p5engine.obj
 0000:fffc7000       _volmd                     0000000180000000     p5engine.obj
 0000:fffc7000       _volmd                     0000000180000000     p5engine.obj
 0000:fffc7000       _volmd                     0000000180000000     p5engine.obj
 0000:fffc7000       _volmd                     0000000180000000     p5engine.obj
 0000:fffc7000       _volmd                     0000000180000000     p5engine.obj
 0000:fffc7000       _volmd                     0000000180000000     p5engine.obj
 0000:fffc7000       _volmd                     0000000180000000     p5engine.obj
 0000:fffc7000       _volmd                     0000000180000000     p5engine.obj
 0000:fffc7000       _volmd                     0000000180000000     p5engine.obj
 0000:fffc7000       _volmd                     0000000180000000     p5engine.obj
 0000:fffc7000       _volmd                     0000000180000000     p5engine.obj
 0000:fffc7000       _volmd                     0000000180000000     p5engine.obj
 0000:fffc7000       _volmd                     0000000180000000     p5engine.obj
 0000:fffc7000       _volmd                     0000000180000000     p5engine.obj
 0000:fffc7000       _volmd                     0000000180000000     p5engine.obj
 0000:fffc7000       _volmd                     0000000180000000     p5engine.obj
 0000:fffc7000       _volmd                     0000000180000000     p5engine.obj
 0000:fffc7000       _volmd                     0000000180000000     p5engine.obj
 0000:fffc7000       _volmd                     0000000180000000     p5engine.obj
 0000:fffc7000       _volmd                     0000000180000000     p5engine.obj
 0000:fffc7000       _volmd                     0000000180000000     p5engine.obj
 0000:fffc7000       _volmd                     0000000180000000     MSVCRTD:cpu_disp.obj
 0000:fffc8000       __guard_ehcont_?dllmain_dispatch@@YAHQEAUHINSTANCE__@@KQEAX@Z 0000000180000000     MSVCRTD:dll_dllmain.obj
 0000:fffc8000       __guard_fids_?dllmain_dispatch@@YAHQEAUHINSTANCE__@@KQEAX@Z 0000000180000000     MSVCRTD:dll_dllmain.obj
 0000:fffc7000       _volmd                     0000000180000000     MSVCRTD:gs_report.obj
 0000:fffc7000       _volmd                     0000000180000000     MSVCRTD:gs_report.obj
 0000:fffc7000       _volmd                     0000000180000000     MSVCRTD:gs_report.obj
 0000:fffc8000       __guard_fids__             0000000180000000     MSVCRTD:guard_support.obj
 0000:fffc8000       __guard_fids__             0000000180000000     MSVCRTD:guard_support.obj
 0000:fffc8000       __guard_fids__guard_icall_checks_enforced 0000000180000000     MSVCRTD:guard_support.obj
 0000:fffc7000       _volmd                     0000000180000000     MSVCRTD:guard_support.obj
 0000:fffc7000       _volmd                     0000000180000000     MSVCRTD:guard_support.obj
 0000:fffc7000       _volmd                     0000000180000000     MSVCRTD:guard_support.obj
 0000:fffc8000       __guard_ehcont___scrt_is_nonwritable_in_current_image 0000000180000000     MSVCRTD:utility.obj
 0000:fffc7000       _volmd                     0000000180000000     MSVCRTD:utility.obj
 0000:fffc7000       _volmd                     0000000180000000     MSVCRTD:utility.obj
 0000:fffc7000       _volmd                     0000000180000000     MSVCRTD:utility.obj
 0000:fffc8000       __guard_fids___scrt_set_unhandled_exception_filter 0000000180000000     MSVCRTD:utility_desktop.obj
 0000:fffc7000       _volmd                     0000000180000000     MSVCRTD:utility_desktop.obj
 0000:fffc4000       .debug$S                   0000000180000000     vcruntimed:VCRUNTIME140D.dll
 0000:fffc4000       .debug$S                   0000000180000000     vcruntimed:VCRUNTIME140D.dll
 0000:fffc4000       .debug$S                   0000000180000000     vcruntimed:VCRUNTIME140D.dll
 0000:fffc4000       .debug$S                   0000000180000000     vcruntimed:VCRUNTIME140D.dll
 0000:fffc4000       .debug$S                   0000000180000000     ucrtd:ucrtbased.dll
 0000:fffc4000       .debug$S                   0000000180000000     ucrtd:ucrtbased.dll
 0000:fffc4000       .debug$S                   0000000180000000     ucrtd:ucrtbased.dll
 0000:fffc4000       .debug$S                   0000000180000000     ucrtd:ucrtbased.dll
 0000:fffc4000       .debug$S                   0000000180000000     ucrtd:ucrtbased.dll
 0000:fffc4000       .debug$S                   0000000180000000     ucrtd:ucrtbased.dll
 0000:fffc4000       .debug$S                   0000000180000000     ucrtd:ucrtbased.dll
 0000:fffc4000       .debug$S                   0000000180000000     ucrtd:ucrtbased.dll
 0000:fffc4000       .debug$S                   0000000180000000     ucrtd:ucrtbased.dll
 0000:fffc4000       .debug$S                   0000000180000000     ucrtd:ucrtbased.dll
 0000:fffc4000       .debug$S                   0000000180000000     ucrtd:ucrtbased.dll
 0000:fffc4000       .debug$S                   0000000180000000     ucrtd:ucrtbased.dll
 0000:fffc4000       .debug$S                   0000000180000000     ucrtd:ucrtbased.dll
 0000:fffc4000       .debug$S                   0000000180000000     ucrtd:ucrtbased.dll
 0000:fffc4000       .debug$S                   0000000180000000     ucrtd:ucrtbased.dll
 0000:fffc4000       .debug$S                   0000000180000000     ucrtd:ucrtbased.dll
 0000:fffc4000       .debug$S                   0000000180000000     ucrtd:ucrtbased.dll
 0000:fffc4000       .debug$S                   0000000180000000     ucrtd:ucrtbased.dll
 0000:fffc4000       .debug$S                   0000000180000000     ucrtd:ucrtbased.dll
 0000:fffc4000       .debug$S                   0000000180000000     kernel32:KERNEL32.dll
 0000:fffc4000       .debug$S                   0000000180000000     kernel32:KERNEL32.dll
 0000:fffc4000       .debug$S                   0000000180000000     kernel32:KERNEL32.dll
 0000:fffc4000       .debug$S                   0000000180000000     kernel32:KERNEL32.dll
 0000:fffc4000       .debug$S                   0000000180000000     kernel32:KERNEL32.dll
 0000:fffc4000       .debug$S                   0000000180000000     kernel32:KERNEL32.dll
 0000:fffc4000       .debug$S                   0000000180000000     kernel32:KERNEL32.dll
 0000:fffc4000       .debug$S                   0000000180000000     kernel32:KERNEL32.dll
 0000:fffc4000       .debug$S                   0000000180000000     kernel32:KERNEL32.dll
 0000:fffc4000       .debug$S                   0000000180000000     kernel32:KERNEL32.dll
 0000:fffc4000       .debug$S                   0000000180000000     kernel32:KERNEL32.dll
 0000:fffc4000       .debug$S                   0000000180000000     kernel32:KERNEL32.dll
 0000:fffc4000       .debug$S                   0000000180000000     kernel32:KERNEL32.dll
 0000:fffc4000       .debug$S                   0000000180000000     kernel32:KERNEL32.dll
 0000:fffc4000       .debug$S                   0000000180000000     kernel32:KERNEL32.dll
 0000:fffc4000       .debug$S                   0000000180000000     kernel32:KERNEL32.dll
 0000:fffc4000       .debug$S                   0000000180000000     kernel32:KERNEL32.dll
 0002:00001590       ?AddCollisionRule@@YAXPEAUgame_state@@IIH@Z 0000000180012590 f   p5engine.obj
 0002:00001740       ?AddEntity@@YAPEAUsim_entity@@PEAUgame_state@@PEAUsim_region@@IPEAUlow_entity@@PEATv3@@@Z 0000000180012740 f   p5engine.obj
 0002:000018d0       ?AddEntityRaw@@YAPEAUsim_entity@@PEAUgame_state@@PEAUsim_region@@IPEAUlow_entity@@@Z 00000001800128d0 f   p5engine.obj
 0002:00001ad0       ?AddFamiliar@@YA?AUadd_low_entity_result@@PEAUgame_state@@III@Z 0000000180012ad0 f   p5engine.obj
 0002:00001cd0       ?AddGroundedEntity@@YA?AUadd_low_entity_result@@PEAUgame_state@@W4entity_type@@Uworld_position@@PEAUsim_entity_collision_volume_group@@@Z 0000000180012cd0 f   p5engine.obj
 0002:00001da0       ?AddLowEntity@@YA?AUadd_low_entity_result@@PEAUgame_state@@W4entity_type@@Uworld_position@@@Z 0000000180012da0 f   p5engine.obj
 0002:00001fe0       ?AddMonstar@@YA?AUadd_low_entity_result@@PEAUgame_state@@III@Z 0000000180012fe0 f   p5engine.obj
 0002:000021a0       ?AddPlayer@@YA?AUadd_low_entity_result@@PEAUgame_state@@@Z 00000001800131a0 f   p5engine.obj
 0002:000024e0       ?AddStairs@@YA?AUadd_low_entity_result@@PEAUgame_state@@III@Z 00000001800134e0 f   p5engine.obj
 0002:000026c0       ?AddStandardRoom@@YA?AUadd_low_entity_result@@PEAUgame_state@@III@Z 00000001800136c0 f   p5engine.obj
 0002:00002870       ?AddSword@@YA?AUadd_low_entity_result@@PEAUgame_state@@@Z 0000000180013870 f   p5engine.obj
 0002:00002980       ?AddWall@@YA?AUadd_low_entity_result@@PEAUgame_state@@III@Z 0000000180013980 f   p5engine.obj
 0002:00002b30       ?AllocateRenderGroup@@YAPEAUrender_group@@PEAUmemory_arena@@IM@Z 0000000180013b30 f   p5engine.obj
 0002:00002d90       ?BeginSim@@YAPEAUsim_region@@PEAUmemory_arena@@PEAUgame_state@@PEAUworld@@Uworld_position@@Urectangle3@@M@Z 0000000180013d90 f   p5engine.obj
 0002:000036e0       ?CanCollide@@YAHPEAUgame_state@@PEAUsim_entity@@1@Z 00000001800146e0 f   p5engine.obj
 0002:000038a0       ?CanOverlap@@YAHPEAUgame_state@@PEAUsim_entity@@1@Z 00000001800148a0 f   p5engine.obj
 0002:00003a20       ?ChangeEntityLocation@@YAXPEAUmemory_arena@@PEAUworld@@IPEAUlow_entity@@Uworld_position@@@Z 0000000180014a20 f   p5engine.obj
 0002:00004080       ?ChangeSaturation@@YAXPEAUloaded_bitmap@@M@Z 0000000180015080 f   p5engine.obj
 0002:00004b40       ?ClearBitmap@@YAXPEAUloaded_bitmap@@@Z 0000000180015b40 f   p5engine.obj
 0002:00004bb0       ?ClearCollisionRulesFor@@YAXPEAUgame_state@@I@Z 0000000180015bb0 f   p5engine.obj
 0002:00004e80       ?DEBUGLoadBMP@@YA?AUloaded_bitmap@@PEAUthread_context@@P6A?AUdebug_read_file_result@@0PEAD@Z1@Z 0000000180015e80 f   p5engine.obj
 0002:000054b0       ?DrawHitpoints@@YAXPEAUsim_entity@@PEAUrender_group@@@Z 00000001800164b0 f   p5engine.obj
 0002:00005750       ?DrawRectangle@@YAXPEAUloaded_bitmap@@Tv2@@1Tv4@@@Z 0000000180016750 f   p5engine.obj
 0002:00005a10       ?DrawRectangleSlowly@@YAXPEAUloaded_bitmap@@Tv2@@11Tv4@@00PEAUenvironment_map@@33@Z 0000000180016a10 f   p5engine.obj
 0002:00006df0       ?EndSim@@YAXPEAUsim_region@@PEAUgame_state@@@Z 0000000180017df0 f   p5engine.obj
 0002:00007210       ?EntitiesOverlap@@YAHPEAUsim_entity@@0Tv3@@@Z 0000000180018210 f   p5engine.obj
 0002:000077d0       ?FillGroundChunk@@YAXPEAUtransient_state@@PEAUgame_state@@PEAUground_buffer@@PEAUworld_position@@@Z 00000001800187d0 f   p5engine.obj
 0002:00008050       ?GameOutputSound@@YAXPEAUgame_state@@PEAUgame_sound_output_buffer@@H@Z 0000000180019050 f   p5engine.obj
 0002:00008310       ?GetHashFromStorageIndex@@YAPEAUsim_entity_hash@@PEAUsim_region@@I@Z 0000000180019310 f   p5engine.obj
 0002:00008db0       ?HandleCollision@@YAHPEAUgame_state@@PEAUsim_entity@@1@Z 0000000180019db0 f   p5engine.obj
 0002:00008ea0       ?HandleOverlap@@YAXPEAUgame_state@@PEAUsim_entity@@1MPEAM@Z 0000000180019ea0 f   p5engine.obj
 0002:00008fb0       ?InitHitPoints@@YAXPEAUlow_entity@@I@Z 0000000180019fb0 f   p5engine.obj
 0002:000090d0       ?InitializeWorld@@YAXPEAUworld@@Tv3@@@Z 000000018001a0d0 f   p5engine.obj
 0002:00009c50       ?MakeEmptyBitmap@@YA?AUloaded_bitmap@@PEAUmemory_arena@@HHH@Z 000000018001ac50 f   p5engine.obj
 0002:00009e90       ?MakeNullCollision@@YAPEAUsim_entity_collision_volume_group@@PEAUgame_state@@@Z 000000018001ae90 f   p5engine.obj
 0002:00009f90       ?MakeSimpleGroundedCollision@@YAPEAUsim_entity_collision_volume_group@@PEAUgame_state@@MMM@Z 000000018001af90 f   p5engine.obj
 0002:0000a110       ?MakeSphereNormalMap@@YAXPEAUloaded_bitmap@@M@Z 000000018001b110 f   p5engine.obj
 0002:0000a680       ?MoveEntity@@YAXPEAUgame_state@@PEAUsim_region@@PEAUsim_entity@@MPEAUmove_spec@@Tv3@@@Z 000000018001b680 f   p5engine.obj
 0002:0000d800       ?RenderGroupToOutput@@YAXPEAUrender_group@@PEAUloaded_bitmap@@@Z 000000018001e800 f   p5engine.obj
 0002:0000e850       ?SpeculativeCollide@@YAHPEAUsim_entity@@0Tv3@@@Z 000000018001f850 f   p5engine.obj
 0002:0000ea80       ?Subtract@@YA?ATv3@@PEAUworld@@PEAUworld_position@@1@Z 000000018001fa80 f   p5engine.obj
 0002:00012f20       $LN157                     0000000180023f20     p5engine.obj
 0002:00014070       $$000000                   0000000180025070     MSVCRTD:chkstk.obj
 0002:000140f0       $$000000                   00000001800250f0     MSVCRTD:amdsecgs.obj
 0002:00014130       ?dllmain_crt_dispatch@@YAHQEAUHINSTANCE__@@KQEAX@Z 0000000180025130 f   MSVCRTD:dll_dllmain.obj
 0002:000141e0       ?dllmain_crt_process_attach@@YAHQEAUHINSTANCE__@@QEAX@Z 00000001800251e0 f   MSVCRTD:dll_dllmain.obj
 0002:00014370       ?dllmain_crt_process_detach@@YAH_N@Z 0000000180025370 f   MSVCRTD:dll_dllmain.obj
 0002:00014430       ?dllmain_dispatch@@YAHQEAUHINSTANCE__@@KQEAX@Z 0000000180025430 f   MSVCRTD:dll_dllmain.obj
 0002:000145c0       ?dllmain_raw@@YAHQEAUHINSTANCE__@@KQEAX@Z 00000001800255c0 f   MSVCRTD:dll_dllmain.obj
 0002:00014a70       capture_current_context    0000000180025a70 f   MSVCRTD:gs_report.obj
 0002:00014b30       capture_previous_context   0000000180025b30 f   MSVCRTD:gs_report.obj
 0002:00014c10       __get_entropy              0000000180025c10 f   MSVCRTD:gs_support.obj
 0002:00014ed0       ?find_pe_section@@YAPEAU_IMAGE_SECTION_HEADER@@QEAE_K@Z 0000000180025ed0 f   MSVCRTD:utility.obj
 0002:00014ff0       ?is_potentially_valid_image_base@@YA_NQEAX@Z 0000000180025ff0 f   MSVCRTD:utility.obj
 0002:00015d90       __castguard_compat_check   0000000180026d90 f   MSVCRTD:guard_support.obj
 0002:00015f70       __castguard_slow_path_compat_check 0000000180026f70 f   MSVCRTD:guard_support.obj
 0002:00017b30       $$000000                   0000000180028b30     MSVCRTD:guard_dispatch.obj
 0002:00017b50       $$000000                   0000000180028b50     MSVCRTD:guard_xfg_dispatch.obj
 0002:00018b70       ?fin$0@?0??dllmain_crt_process_attach@@YAHQEAUHINSTANCE__@@QEAX@Z@4HA 0000000180029b70 f   MSVCRTD:dll_dllmain.obj
 0002:00018b90       ?fin$0@?0??dllmain_crt_process_detach@@YAH_N@Z@4HA 0000000180029b90 f   MSVCRTD:dll_dllmain.obj
 0002:00018baa       ?fin$1@?0??dllmain_crt_process_detach@@YAH_N@Z@4HA 0000000180029baa f   MSVCRTD:dll_dllmain.obj
 0002:00018bd0       ?filt$0@?0??dllmain_dispatch@@YAHQEAUHINSTANCE__@@KQEAX@Z@4HA 0000000180029bd0 f   MSVCRTD:dll_dllmain.obj
 0002:00018c30       __scrt_is_nonwritable_in_current_image$filt$0 0000000180029c30 f   MSVCRTD:utility.obj
 0003:00000c38       GS_ExceptionPointers       000000018002bc38     MSVCRTD:gs_report.obj
 0003:00001758       $unwind$GetController      000000018002c758     p5engine.obj
 0003:00001768       $unwind$?InitializeArena@@YAXPEAUmemory_arena@@_KPEAX@Z 000000018002c768     p5engine.obj
 0003:00001778       $unwind$?PushSize_@@YAPEAXPEAUmemory_arena@@_K@Z 000000018002c778     p5engine.obj
 0003:00001788       $unwind$?BeginTemporaryMemory@@YA?AUtemporary_memory@@PEAUmemory_arena@@@Z 000000018002c788     p5engine.obj
 0003:000017a4       $unwind$?EndTemporaryMemory@@YAXUtemporary_memory@@@Z 000000018002c7a4     p5engine.obj
 0003:000017b4       $unwind$?CheckArena@@YAXPEAUmemory_arena@@@Z 000000018002c7b4     p5engine.obj
 0003:000017c4       $unwind$?ZeroSize@@YAX_KPEAX@Z 000000018002c7c4     p5engine.obj
 0003:000017d4       $unwind$?SquareRoot@@YAMM@Z 000000018002c7d4     p5engine.obj
 0003:000017e4       $unwind$?AbsoluteValue@@YAMM@Z 000000018002c7e4     p5engine.obj
 0003:000017f4       $unwind$?RoundReal32ToInt32@@YAHM@Z 000000018002c7f4     p5engine.obj
 0003:00001804       $unwind$?RoundReal32ToUInt32@@YAIM@Z 000000018002c804     p5engine.obj
 0003:00001814       $unwind$?FloorReal32ToInt32@@YAHM@Z 000000018002c814     p5engine.obj
 0003:00001824       $unwind$?CeilReal32ToInt32@@YAHM@Z 000000018002c824     p5engine.obj
 0003:00001834       $unwind$?Sin@@YAMM@Z       000000018002c834     p5engine.obj
 0003:00001844       $unwind$?Cos@@YAMM@Z       000000018002c844     p5engine.obj
 0003:00001854       $unwind$?FindLeastSignificantSetBit@@YA?AUbit_scan_result@@I@Z 000000018002c854     p5engine.obj
 0003:0000186c       $unwind$?Square@@YAMM@Z    000000018002c86c     p5engine.obj
 0003:0000187c       $unwind$?Clamp@@YAMMMM@Z   000000018002c87c     p5engine.obj
 0003:0000188c       $unwind$?Clamp01@@YAMM@Z   000000018002c88c     p5engine.obj
 0003:0000189c       $unwind$?V2@@YA?ATv2@@MM@Z 000000018002c89c     p5engine.obj
 0003:000018b4       $unwind$?V2i@@YA?ATv2@@HH@Z 000000018002c8b4     p5engine.obj
 0003:000018c4       $unwind$??D@YA?ATv2@@MT0@@Z 000000018002c8c4     p5engine.obj
 0003:000018dc       $unwind$??G@YA?ATv2@@T0@@Z 000000018002c8dc     p5engine.obj
 0003:000018f4       $unwind$??H@YA?ATv2@@T0@0@Z 000000018002c8f4     p5engine.obj
 0003:0000190c       $unwind$??Y@YAAEATv2@@AEAT0@T0@@Z 000000018002c90c     p5engine.obj
 0003:0000191c       $unwind$??G@YA?ATv2@@T0@0@Z 000000018002c91c     p5engine.obj
 0003:00001934       $unwind$?Inner@@YAMTv2@@0@Z 000000018002c934     p5engine.obj
 0003:00001944       $unwind$?LengthSq@@YAMTv2@@@Z 000000018002c944     p5engine.obj
 0003:00001954       $unwind$?Clamp01@@YA?ATv2@@T1@@Z 000000018002c954     p5engine.obj
 0003:0000196c       $unwind$?Perp@@YA?ATv2@@T1@@Z 000000018002c96c     p5engine.obj
 0003:0000197c       $unwind$?V3@@YA?ATv3@@MMM@Z 000000018002c97c     p5engine.obj
 0003:00001998       $unwind$??D@YA?ATv3@@MT0@@Z 000000018002c998     p5engine.obj
 0003:000019b4       $unwind$??D@YA?ATv3@@T0@M@Z 000000018002c9b4     p5engine.obj
 0003:000019c8       $unwind$??X@YAAEATv3@@AEAT0@M@Z 000000018002c9c8     p5engine.obj
 0003:000019dc       $unwind$??K@YA?ATv3@@T0@M@Z 000000018002c9dc     p5engine.obj
 0003:000019f8       $unwind$??H@YA?ATv3@@T0@0@Z 000000018002c9f8     p5engine.obj
 0003:00001a14       $unwind$??Y@YAAEATv3@@AEAT0@T0@@Z 000000018002ca14     p5engine.obj
 0003:00001a28       $unwind$??G@YA?ATv3@@T0@0@Z 000000018002ca28     p5engine.obj
 0003:00001a44       $unwind$??Z@YAAEATv3@@AEAT0@T0@@Z 000000018002ca44     p5engine.obj
 0003:00001a58       $unwind$?Hadamard@@YA?ATv3@@T1@0@Z 000000018002ca58     p5engine.obj
 0003:00001a6c       $unwind$?Inner@@YAMTv3@@0@Z 000000018002ca6c     p5engine.obj
 0003:00001a7c       $unwind$?LengthSq@@YAMTv3@@@Z 000000018002ca7c     p5engine.obj
 0003:00001a90       $unwind$?Length@@YAMTv3@@@Z 000000018002ca90     p5engine.obj
 0003:00001aa4       $unwind$?Normalize@@YA?ATv3@@T1@@Z 000000018002caa4     p5engine.obj
 0003:00001ab8       $unwind$?Clamp01@@YA?ATv3@@T1@@Z 000000018002cab8     p5engine.obj
 0003:00001ad4       $unwind$?Lerp@@YA?ATv3@@T1@M0@Z 000000018002cad4     p5engine.obj
 0003:00001ae8       $unwind$?V4@@YA?ATv4@@MMMM@Z 000000018002cae8     p5engine.obj
 0003:00001b04       $unwind$?ToV4@@YA?ATv4@@Tv3@@M@Z 000000018002cb04     p5engine.obj
 0003:00001b18       $unwind$??D@YA?ATv4@@MT0@@Z 000000018002cb18     p5engine.obj
 0003:00001b34       $unwind$??H@YA?ATv4@@T0@0@Z 000000018002cb34     p5engine.obj
 0003:00001b50       $unwind$?Hadamard@@YA?ATv4@@T1@0@Z 000000018002cb50     p5engine.obj
 0003:00001b64       $unwind$?Lerp@@YA?ATv4@@T1@M0@Z 000000018002cb64     p5engine.obj
 0003:00001b78       $unwind$?RectCenterHalfDim@@YA?AUrectangle2@@Tv2@@0@Z 000000018002cb78     p5engine.obj
 0003:00001b94       $unwind$?RectCenterDim@@YA?AUrectangle2@@Tv2@@0@Z 000000018002cb94     p5engine.obj
 0003:00001ba8       $unwind$?GetBarycentric@@YA?ATv2@@Urectangle2@@T1@@Z 000000018002cba8     p5engine.obj
 0003:00001bc0       $unwind$?GetMinCorner@@YA?ATv3@@Urectangle3@@@Z 000000018002cbc0     p5engine.obj
 0003:00001bd4       $unwind$?GetMaxCorner@@YA?ATv3@@Urectangle3@@@Z 000000018002cbd4     p5engine.obj
 0003:00001be8       $unwind$?RectCenterHalfDim@@YA?AUrectangle3@@Tv3@@0@Z 000000018002cbe8     p5engine.obj
 0003:00001c04       $unwind$?AddRadiusTo@@YA?AUrectangle3@@U1@Tv3@@@Z 000000018002cc04     p5engine.obj
 0003:00001c20       $unwind$?RectCenterDim@@YA?AUrectangle3@@Tv3@@0@Z 000000018002cc20     p5engine.obj
 0003:00001c34       $unwind$?IsInRectangle@@YAHUrectangle3@@Tv3@@@Z 000000018002cc34     p5engine.obj
 0003:00001c44       $unwind$?RectanglesIntersect@@YAHUrectangle3@@0@Z 000000018002cc44     p5engine.obj
 0003:00001c54       $unwind$?HasFlag@@YAHPEAUsim_entity@@I@Z 000000018002cc54     p5engine.obj
 0003:00001c64       $unwind$?AddFlags@@YAXPEAUsim_entity@@I@Z 000000018002cc64     p5engine.obj
 0003:00001c74       $unwind$?ClearFlags@@YAXPEAUsim_entity@@I@Z 000000018002cc74     p5engine.obj
 0003:00001c84       $unwind$?MakeEntityNonSpatial@@YAXPEAUsim_entity@@@Z 000000018002cc84     p5engine.obj
 0003:00001c98       $unwind$?MakeEntitySpatial@@YAXPEAUsim_entity@@Tv3@@1@Z 000000018002cc98     p5engine.obj
 0003:00001cac       $unwind$?GetEntityGroundPoint@@YA?ATv3@@PEAUsim_entity@@T1@@Z 000000018002ccac     p5engine.obj
 0003:00001cc0       $unwind$?GetEntityGroundPoint@@YA?ATv3@@PEAUsim_entity@@@Z 000000018002ccc0     p5engine.obj
 0003:00001cd4       $unwind$?GetStairGround@@YAMPEAUsim_entity@@Tv3@@@Z 000000018002ccd4     p5engine.obj
 0003:00001ce8       $unwind$?GetLowEntity@@YAPEAUlow_entity@@PEAUgame_state@@I@Z 000000018002cce8     p5engine.obj
 0003:00001cf8       $unwind$?AddCollisionRule@@YAXPEAUgame_state@@IIH@Z 000000018002ccf8     p5engine.obj
 0003:00001d08       $unwind$?ClearCollisionRulesFor@@YAXPEAUgame_state@@I@Z 000000018002cd08     p5engine.obj
 0003:00001d18       $unwind$?Unpack4x8@@YA?ATv4@@I@Z 000000018002cd18     p5engine.obj
 0003:00001d2c       $unwind$?SRGB255ToLinear1@@YA?ATv4@@T1@@Z 000000018002cd2c     p5engine.obj
 0003:00001d48       $unwind$?Linear1ToSRGB255@@YA?ATv4@@T1@@Z 000000018002cd48     p5engine.obj
 0003:00001d64       $unwind$?UnscaleAndBiasNormal@@YA?ATv4@@T1@@Z 000000018002cd64     p5engine.obj
 0003:00001d80       $unwind$?DrawRectangle@@YAXPEAUloaded_bitmap@@Tv2@@1Tv4@@@Z 000000018002cd80     p5engine.obj
 0003:00001d90       $unwind$?BilinearSample@@YA?AUbilinear_sample@@PEAUloaded_bitmap@@HH@Z 000000018002cd90     p5engine.obj
 0003:00001dac       $unwind$?SRGBBilinearBlend@@YA?ATv4@@Ubilinear_sample@@MM@Z 000000018002cdac     p5engine.obj
 0003:00001dc8       $unwind$?SampleEnvironmentMap@@YA?ATv3@@Tv2@@T1@MPEAUenvironment_map@@@Z 000000018002cdc8     p5engine.obj
 0003:00001ddc       $unwind$?DrawRectangleSlowly@@YAXPEAUloaded_bitmap@@Tv2@@11Tv4@@00PEAUenvironment_map@@33@Z 000000018002cddc     p5engine.obj
 0003:00001df0       $unwind$?ChangeSaturation@@YAXPEAUloaded_bitmap@@M@Z 000000018002cdf0     p5engine.obj
 0003:00001e04       $unwind$?PushRenderElement_@@YAPEAXPEAUrender_group@@IW4render_group_entry_type@@@Z 000000018002ce04     p5engine.obj
 0003:00001e14       $unwind$?PushEntry@@YAXPEAUrender_group@@PEAUloaded_bitmap@@Tv2@@2M2Tv4@@M@Z 000000018002ce14     p5engine.obj
 0003:00001e28       $unwind$?PushBitmap@@YAXPEAUrender_group@@PEAUloaded_bitmap@@Tv2@@M2MM@Z 000000018002ce28     p5engine.obj
 0003:00001e3c       $unwind$?PushRect@@YAXPEAUrender_group@@Tv2@@M1Tv4@@M@Z 000000018002ce3c     p5engine.obj
 0003:00001e50       $unwind$?PushRectOutline@@YAXPEAUrender_group@@Tv2@@M1Tv4@@M@Z 000000018002ce50     p5engine.obj
 0003:00001e64       $unwind$?Clear@@YAXPEAUrender_group@@Tv4@@@Z 000000018002ce64     p5engine.obj
 0003:00001e78       $unwind$?CoordinateSystem@@YAPEAUrender_entry_coordinate_system@@PEAUrender_group@@Tv2@@11Tv4@@PEAUloaded_bitmap@@3PEAUenvironment_map@@44@Z 000000018002ce78     p5engine.obj
 0003:00001e8c       $unwind$?GetRenderEntityBasisPos@@YA?ATv2@@PEAUrender_group@@PEAUrender_entity_basis@@T1@@Z 000000018002ce8c     p5engine.obj
 0003:00001ea0       $unwind$?RenderGroupToOutput@@YAXPEAUrender_group@@PEAUloaded_bitmap@@@Z 000000018002cea0     p5engine.obj
 0003:00001eb4       $unwind$?AllocateRenderGroup@@YAPEAUrender_group@@PEAUmemory_arena@@IM@Z 000000018002ceb4     p5engine.obj
 0003:00001ec8       $unwind$?NullPosition@@YA?AUworld_position@@XZ 000000018002cec8     p5engine.obj
 0003:00001ee4       $unwind$?IsValid@@YAHUworld_position@@@Z 000000018002cee4     p5engine.obj
 0003:00001ef4       $unwind$?IsCanonical@@YAHMM@Z 000000018002cef4     p5engine.obj
 0003:00001f04       $unwind$?IsCanonical@@YAHPEAUworld@@Tv3@@@Z 000000018002cf04     p5engine.obj
 0003:00001f14       $unwind$?AreInSameChunk@@YAHPEAUworld@@PEAUworld_position@@1@Z 000000018002cf14     p5engine.obj
 0003:00001f28       $unwind$?GetWorldChunk@@YAPEAUworld_chunk@@PEAUworld@@HHHPEAUmemory_arena@@@Z 000000018002cf28     p5engine.obj
 0003:00001f38       $unwind$?InitializeWorld@@YAXPEAUworld@@Tv3@@@Z 000000018002cf38     p5engine.obj
 0003:00001f4c       $unwind$?RecanonicalizeCoord@@YAXMPEAHPEAM@Z 000000018002cf4c     p5engine.obj
 0003:00001f5c       $unwind$?MapIntoChunkSpace@@YA?AUworld_position@@PEAUworld@@U1@Tv3@@@Z 000000018002cf5c     p5engine.obj
 0003:00001f78       $unwind$?ChunkPositionFromTilePosition@@YA?AUworld_position@@PEAUworld@@HHHTv3@@@Z 000000018002cf78     p5engine.obj
 0003:00001f94       $unwind$?Subtract@@YA?ATv3@@PEAUworld@@PEAUworld_position@@1@Z 000000018002cf94     p5engine.obj
 0003:00001fb0       $unwind$?CenteredChunkPoint@@YA?AUworld_position@@III@Z 000000018002cfb0     p5engine.obj
 0003:00001fcc       $unwind$?ChangeEntityLocationRaw@@YAXPEAUmemory_arena@@PEAUworld@@IPEAUworld_position@@2@Z 000000018002cfcc     p5engine.obj
 0003:00001fe0       $unwind$?ChangeEntityLocation@@YAXPEAUmemory_arena@@PEAUworld@@IPEAUlow_entity@@Uworld_position@@@Z 000000018002cfe0     p5engine.obj
 0003:00001ff4       $unwind$?GetHashFromStorageIndex@@YAPEAUsim_entity_hash@@PEAUsim_region@@I@Z 000000018002cff4     p5engine.obj
 0003:00002004       $unwind$?GetSimSpacePos@@YA?ATv3@@PEAUsim_region@@PEAUlow_entity@@@Z 000000018002d004     p5engine.obj
 0003:00002018       $unwind$?AddEntity@@YAPEAUsim_entity@@PEAUgame_state@@PEAUsim_region@@IPEAUlow_entity@@PEATv3@@@Z 000000018002d018     p5engine.obj
 0003:0000202c       $unwind$?LoadEntityReference@@YAXPEAUgame_state@@PEAUsim_region@@PEATentity_reference@@@Z 000000018002d02c     p5engine.obj
 0003:00002048       $unwind$?StoreEntityReference@@YAXPEATentity_reference@@@Z 000000018002d048     p5engine.obj
 0003:00002058       $unwind$?AddEntityRaw@@YAPEAUsim_entity@@PEAUgame_state@@PEAUsim_region@@IPEAUlow_entity@@@Z 000000018002d058     p5engine.obj
 0003:0000206c       $unwind$?EntityOverlapsRectangle@@YAHTv3@@Usim_entity_collision_volume@@Urectangle3@@@Z 000000018002d06c     p5engine.obj
 0003:00002080       $unwind$?BeginSim@@YAPEAUsim_region@@PEAUmemory_arena@@PEAUgame_state@@PEAUworld@@Uworld_position@@Urectangle3@@M@Z 000000018002d080     p5engine.obj
 0003:0000209c       $unwind$?EndSim@@YAXPEAUsim_region@@PEAUgame_state@@@Z 000000018002d09c     p5engine.obj
 0003:000020b8       $unwind$?CanCollide@@YAHPEAUgame_state@@PEAUsim_entity@@1@Z 000000018002d0b8     p5engine.obj
 0003:000020c8       $unwind$?HandleCollision@@YAHPEAUgame_state@@PEAUsim_entity@@1@Z 000000018002d0c8     p5engine.obj
 0003:000020d8       $unwind$?CanOverlap@@YAHPEAUgame_state@@PEAUsim_entity@@1@Z 000000018002d0d8     p5engine.obj
 0003:000020e8       $unwind$?HandleOverlap@@YAXPEAUgame_state@@PEAUsim_entity@@1MPEAM@Z 000000018002d0e8     p5engine.obj
 0003:000020fc       $unwind$?SpeculativeCollide@@YAHPEAUsim_entity@@0Tv3@@@Z 000000018002d0fc     p5engine.obj
 0003:00002110       $unwind$?EntitiesOverlap@@YAHPEAUsim_entity@@0Tv3@@@Z 000000018002d110     p5engine.obj
 0003:00002124       $unwind$?MoveEntity@@YAXPEAUgame_state@@PEAUsim_region@@PEAUsim_entity@@MPEAUmove_spec@@Tv3@@@Z 000000018002d124     p5engine.obj
 0003:00002140       $unwind$?DefaultMoveSpec@@YA?AUmove_spec@@XZ 000000018002d140     p5engine.obj
 0003:0000215c       $unwind$?RandomSeed@@YA?AUrandom_series@@I@Z 000000018002d15c     p5engine.obj
 0003:00002174       $unwind$?RandomNextUInt32@@YAIPEAUrandom_series@@@Z 000000018002d174     p5engine.obj
 0003:00002184       $unwind$?RandomChoice@@YAIPEAUrandom_series@@I@Z 000000018002d184     p5engine.obj
 0003:00002194       $unwind$?RandomUnilateral@@YAMPEAUrandom_series@@@Z 000000018002d194     p5engine.obj
 0003:000021a4       $unwind$?GameOutputSound@@YAXPEAUgame_state@@PEAUgame_sound_output_buffer@@H@Z 000000018002d1a4     p5engine.obj
 0003:000021b4       $unwind$?DEBUGLoadBMP@@YA?AUloaded_bitmap@@PEAUthread_context@@P6A?AUdebug_read_file_result@@0PEAD@Z1@Z 000000018002d1b4     p5engine.obj
 0003:000021d0       $unwind$?AddLowEntity@@YA?AUadd_low_entity_result@@PEAUgame_state@@W4entity_type@@Uworld_position@@@Z 000000018002d1d0     p5engine.obj
 0003:000021ec       $unwind$?AddGroundedEntity@@YA?AUadd_low_entity_result@@PEAUgame_state@@W4entity_type@@Uworld_position@@PEAUsim_entity_collision_volume_group@@@Z 000000018002d1ec     p5engine.obj
 0003:00002200       $unwind$?AddStandardRoom@@YA?AUadd_low_entity_result@@PEAUgame_state@@III@Z 000000018002d200     p5engine.obj
 0003:00002214       $unwind$?AddWall@@YA?AUadd_low_entity_result@@PEAUgame_state@@III@Z 000000018002d214     p5engine.obj
 0003:00002228       $unwind$?AddStairs@@YA?AUadd_low_entity_result@@PEAUgame_state@@III@Z 000000018002d228     p5engine.obj
 0003:0000223c       $unwind$?InitHitPoints@@YAXPEAUlow_entity@@I@Z 000000018002d23c     p5engine.obj
 0003:0000224c       $unwind$?AddSword@@YA?AUadd_low_entity_result@@PEAUgame_state@@@Z 000000018002d24c     p5engine.obj
 0003:00002260       $unwind$?AddPlayer@@YA?AUadd_low_entity_result@@PEAUgame_state@@@Z 000000018002d260     p5engine.obj
 0003:00002274       $unwind$?AddMonstar@@YA?AUadd_low_entity_result@@PEAUgame_state@@III@Z 000000018002d274     p5engine.obj
 0003:00002288       $unwind$?AddFamiliar@@YA?AUadd_low_entity_result@@PEAUgame_state@@III@Z 000000018002d288     p5engine.obj
 0003:0000229c       $unwind$?DrawHitpoints@@YAXPEAUsim_entity@@PEAUrender_group@@@Z 000000018002d29c     p5engine.obj
 0003:000022b8       $unwind$?MakeSimpleGroundedCollision@@YAPEAUsim_entity_collision_volume_group@@PEAUgame_state@@MMM@Z 000000018002d2b8     p5engine.obj
 0003:000022cc       $unwind$?MakeNullCollision@@YAPEAUsim_entity_collision_volume_group@@PEAUgame_state@@@Z 000000018002d2cc     p5engine.obj
 0003:000022e0       $unwind$?FillGroundChunk@@YAXPEAUtransient_state@@PEAUgame_state@@PEAUground_buffer@@PEAUworld_position@@@Z 000000018002d2e0     p5engine.obj
 0003:000022fc       $unwind$?ClearBitmap@@YAXPEAUloaded_bitmap@@@Z 000000018002d2fc     p5engine.obj
 0003:0000230c       $unwind$?MakeEmptyBitmap@@YA?AUloaded_bitmap@@PEAUmemory_arena@@HHH@Z 000000018002d30c     p5engine.obj
 0003:00002328       $unwind$?MakeSphereNormalMap@@YAXPEAUloaded_bitmap@@M@Z 000000018002d328     p5engine.obj
 0003:0000233c       $unwind$GameUpdateAndRender 000000018002d33c     p5engine.obj
 0003:00002358       $unwind$GameGetSoundSamples 000000018002d358     p5engine.obj
 0003:00002368       $unwind$__CheckForDebuggerJustMyCode 000000018002d368     MSVCRTD:debugger_jmc.obj
 0003:00002370       $unwind$__GSHandlerCheckCommon 000000018002d370     MSVCRTD:gshandler.obj
 0003:00002378       $unwind$__GSHandlerCheck   000000018002d378     MSVCRTD:gshandler.obj
 0003:00002380       $xdatasym                  000000018002d380     MSVCRTD:chkstk.obj
 0003:00002388       $xdatasym                  000000018002d388     MSVCRTD:amdsecgs.obj
 0003:0000238c       $unwind$?dllmain_crt_process_attach@@YAHQEAUHINSTANCE__@@QEAX@Z 000000018002d38c     MSVCRTD:dll_dllmain.obj
 0003:000023b0       $unwind$?fin$0@?0??dllmain_crt_process_attach@@YAHQEAUHINSTANCE__@@QEAX@Z@4HA 000000018002d3b0     MSVCRTD:dll_dllmain.obj
 0003:000023b8       $unwind$?dllmain_crt_process_detach@@YAH_N@Z 000000018002d3b8     MSVCRTD:dll_dllmain.obj
 0003:000023ec       $unwind$?fin$0@?0??dllmain_crt_process_detach@@YAH_N@Z@4HA 000000018002d3ec     MSVCRTD:dll_dllmain.obj
 0003:000023f4       $unwind$?fin$1@?0??dllmain_crt_process_detach@@YAH_N@Z@4HA 000000018002d3f4     MSVCRTD:dll_dllmain.obj
 0003:000023fc       $unwind$?dllmain_crt_dispatch@@YAHQEAUHINSTANCE__@@KQEAX@Z 000000018002d3fc     MSVCRTD:dll_dllmain.obj
 0003:00002404       $unwind$_CRT_INIT          000000018002d404     MSVCRTD:dll_dllmain.obj
 0003:0000240c       $unwind$?dllmain_raw@@YAHQEAUHINSTANCE__@@KQEAX@Z 000000018002d40c     MSVCRTD:dll_dllmain.obj
 0003:00002414       $unwind$?dllmain_dispatch@@YAHQEAUHINSTANCE__@@KQEAX@Z 000000018002d414     MSVCRTD:dll_dllmain.obj
 0003:00002438       $unwind$?filt$0@?0??dllmain_dispatch@@YAHQEAUHINSTANCE__@@KQEAX@Z@4HA 000000018002d438     MSVCRTD:dll_dllmain.obj
 0003:00002440       $unwind$_DllMainCRTStartup 000000018002d440     MSVCRTD:dll_dllmain.obj
 0003:00002448       $unwind$__report_securityfailure 000000018002d448     MSVCRTD:gs_report.obj
 0003:00002450       $unwind$__report_securityfailureEx 000000018002d450     MSVCRTD:gs_report.obj
 0003:00002458       $unwind$__report_rangecheckfailure 000000018002d458     MSVCRTD:gs_report.obj
 0003:00002460       $unwind$__report_gsfailure 000000018002d460     MSVCRTD:gs_report.obj
 0003:00002468       $unwind$capture_current_context 000000018002d468     MSVCRTD:gs_report.obj
 0003:00002470       $unwind$capture_previous_context 000000018002d470     MSVCRTD:gs_report.obj
 0003:00002478       $unwind$__raise_securityfailure 000000018002d478     MSVCRTD:gs_report.obj
 0003:00002480       $unwind$__security_init_cookie 000000018002d480     MSVCRTD:gs_support.obj
 0003:00002488       $unwind$__get_entropy      000000018002d488     MSVCRTD:gs_support.obj
 0003:00002490       $unwind$DllMain            000000018002d490     MSVCRTD:dll_dllmain_stub.obj
 0003:00002498       $unwind$?__scrt_initialize_type_info@@YAXXZ 000000018002d498     MSVCRTD:tncleanup.obj
 0003:000024a0       $unwind$?__scrt_uninitialize_type_info@@YAXXZ 000000018002d4a0     MSVCRTD:tncleanup.obj
 0003:000024a8       $unwind$__scrt_initialize_default_local_stdio_options 000000018002d4a8     MSVCRTD:default_local_stdio_options.obj
 0003:000024b0       $unwind$atexit             000000018002d4b0     MSVCRTD:utility.obj
 0003:000024b8       $unwind$_onexit            000000018002d4b8     MSVCRTD:utility.obj
 0003:000024c0       $unwind$at_quick_exit      000000018002d4c0     MSVCRTD:utility.obj
 0003:000024c8       $unwind$__scrt_is_nonwritable_in_current_image 000000018002d4c8     MSVCRTD:utility.obj
 0003:000024ec       $unwind$__scrt_is_nonwritable_in_current_image$filt$0 000000018002d4ec     MSVCRTD:utility.obj
 0003:000024f4       $unwind$__scrt_acquire_startup_lock 000000018002d4f4     MSVCRTD:utility.obj
 0003:000024fc       $unwind$__scrt_release_startup_lock 000000018002d4fc     MSVCRTD:utility.obj
 0003:00002504       $unwind$__scrt_initialize_crt 000000018002d504     MSVCRTD:utility.obj
 0003:0000250c       $unwind$__scrt_uninitialize_crt 000000018002d50c     MSVCRTD:utility.obj
 0003:00002514       $unwind$__scrt_initialize_onexit_tables 000000018002d514     MSVCRTD:utility.obj
 0003:00002524       $unwind$__scrt_dllmain_exception_filter 000000018002d524     MSVCRTD:utility.obj
 0003:0000252c       $unwind$__scrt_dllmain_before_initialize_c 000000018002d52c     MSVCRTD:utility.obj
 0003:00002534       $unwind$__scrt_dllmain_after_initialize_c 000000018002d534     MSVCRTD:utility.obj
 0003:0000253c       $unwind$__scrt_dllmain_uninitialize_c 000000018002d53c     MSVCRTD:utility.obj
 0003:00002544       $unwind$__scrt_dllmain_uninitialize_critical 000000018002d544     MSVCRTD:utility.obj
 0003:0000254c       $unwind$__scrt_dllmain_crt_thread_attach 000000018002d54c     MSVCRTD:utility.obj
 0003:00002554       $unwind$__scrt_dllmain_crt_thread_detach 000000018002d554     MSVCRTD:utility.obj
 0003:0000255c       $unwind$?configure_argv@__scrt_narrow_argv_policy@@SAHXZ 000000018002d55c     MSVCRTD:utility.obj
 0003:00002564       $unwind$?initialize_environment@__scrt_narrow_environment_policy@@SAHXZ 000000018002d564     MSVCRTD:utility.obj
 0003:0000256c       $unwind$?is_potentially_valid_image_base@@YA_NQEAX@Z 000000018002d56c     MSVCRTD:utility.obj
 0003:00002574       $unwind$?find_pe_section@@YAPEAU_IMAGE_SECTION_HEADER@@QEAE_K@Z 000000018002d574     MSVCRTD:utility.obj
 0003:0000257c       $unwind$__scrt_get_show_window_mode 000000018002d57c     MSVCRTD:utility_desktop.obj
 0003:0000258c       $unwind$__scrt_is_managed_app 000000018002d58c     MSVCRTD:utility_desktop.obj
 0003:00002594       $unwind$__scrt_initialize_mta 000000018002d594     MSVCRTD:utility_desktop.obj
 0003:0000259c       $unwind$__scrt_set_unhandled_exception_filter 000000018002d59c     MSVCRTD:utility_desktop.obj
 0003:000025a4       $unwind$__scrt_fastfail    000000018002d5a4     MSVCRTD:utility_desktop.obj
 0003:000025b4       $unwind$__scrt_unhandled_exception_filter 000000018002d5b4     MSVCRTD:utility_desktop.obj
 0003:000025bc       $unwind$_RTC_Initialize    000000018002d5bc     MSVCRTD:initsect.obj
 0003:000025cc       $unwind$_RTC_Terminate     000000018002d5cc     MSVCRTD:initsect.obj
 0003:000025dc       $unwind$ReadNoFence64      000000018002d5dc     MSVCRTD:guard_support.obj
 0003:000025e4       $unwind$ReadPointerNoFence 000000018002d5e4     MSVCRTD:guard_support.obj
 0003:000025ec       $unwind$_guard_icall_checks_enforced 000000018002d5ec     MSVCRTD:guard_support.obj
 0003:000025f4       $unwind$__castguard_compat_check 000000018002d5f4     MSVCRTD:guard_support.obj
 0003:000025fc       $unwind$__castguard_check_failure_debugbreak 000000018002d5fc     MSVCRTD:guard_support.obj
 0003:00002604       $unwind$__castguard_check_failure_fastfail 000000018002d604     MSVCRTD:guard_support.obj
 0003:0000260c       $unwind$__castguard_check_failure_os_handled 000000018002d60c     MSVCRTD:guard_support.obj
 0003:00002614       $unwind$__castguard_slow_path_compat_check 000000018002d614     MSVCRTD:guard_support.obj
 0003:0000261c       $unwind$__castguard_slow_path_check_debugbreak 000000018002d61c     MSVCRTD:guard_support.obj
 0003:00002624       $unwind$__castguard_slow_path_check_fastfail 000000018002d624     MSVCRTD:guard_support.obj
 0003:0000262c       $unwind$__castguard_slow_path_check_os_handled 000000018002d62c     MSVCRTD:guard_support.obj
 0003:00002634       $unwind$__isa_available_init 000000018002d634     MSVCRTD:cpu_disp.obj
 0003:00002648       $unwind$__scrt_is_ucrt_dll_in_use 000000018002d648     MSVCRTD:ucrt_detection.obj
 0003:00002650       $xdatasym                  000000018002d650     MSVCRTD:guard_dispatch.obj
 0003:00002658       $xdatasym                  000000018002d658     MSVCRTD:guard_xfg_dispatch.obj
 0003:00002900       .edata                     000000018002d900     P5Engine.exp
 0003:00002928       rgpv                       000000018002d928     P5Engine.exp
 0003:00002930       rgszName                   000000018002d930     P5Engine.exp
 0003:00002938       rgwOrd                     000000018002d938     P5Engine.exp
 0003:0000293c       szName                     000000018002d93c     P5Engine.exp
 0003:00002949       $N00001                    000000018002d949     P5Engine.exp
 0003:0000295d       $N00002                    000000018002d95d     P5Engine.exp
 0004:00000000       ?RandomNumberTable@@3PAIA  000000018002e000     p5engine.obj
 0004:00004e20       ?__proc_attached@@3HA      0000000180032e20     MSVCRTD:dll_dllmain.obj
 0004:00004e30       GS_ExceptionRecord         0000000180032e30     MSVCRTD:gs_report.obj
 0004:00004ed0       GS_ContextRecord           0000000180032ed0     MSVCRTD:gs_report.obj
 0004:00005508       ?is_initialized_as_dll@@3_NA 0000000180033508     MSVCRTD:utility.obj
 0004:00005509       ?module_local_atexit_table_initialized@@3_NA 0000000180033509     MSVCRTD:utility.obj
 0004:00005510       ?module_local_atexit_table@@3U_onexit_table_t@@A 0000000180033510     MSVCRTD:utility.obj
 0004:00005528       ?module_local_at_quick_exit_table@@3U_onexit_table_t@@A 0000000180033528     MSVCRTD:utility.obj
 0006:000005ac       .idata$6                   00000001800375ac     vcruntimed:VCRUNTIME140D.dll
 0006:000006ec       .idata$6                   00000001800376ec     ucrtd:ucrtbased.dll
 0006:00000886       .idata$6                   0000000180037886     kernel32:KERNEL32.dll
 0007:00000000       __5C0B09BC_p5engine_platform@h 0000000180038000     p5engine.obj
 0007:00000001       __09340588_corecrt_math@h  0000000180038001     p5engine.obj
 0007:00000002       __B0C4CEA9_malloc@h        0000000180038002     p5engine.obj
 0007:00000003       __3A0418DB_p5engine_intrinsics@h 0000000180038003     p5engine.obj
 0007:00000004       __6D6C9F34_p5engine_math@h 0000000180038004     p5engine.obj
 0007:00000005       __326D9465_p5engine_entity@h 0000000180038005     p5engine.obj
 0007:00000006       __B7D51BCB_p5engine@h      0000000180038006     p5engine.obj
 0007:00000007       __ECDA994C_p5engine_render_group@cpp 0000000180038007     p5engine.obj
 0007:00000008       __DC0D61CC_p5engine_world@cpp 0000000180038008     p5engine.obj
 0007:00000009       __5DD8E4E4_p5engine_sim_region@cpp 0000000180038009     p5engine.obj
 0007:0000000a       __9C871DF9_p5engine_entity@cpp 000000018003800a     p5engine.obj
 0007:0000000b       __74B1E2C0_p5engine_random@h 000000018003800b     p5engine.obj
 0007:0000000c       __D1049797_p5engine@cpp    000000018003800c     p5engine.obj
 0009:00000170       $R000000                   000000018003a170     * linker generated manifest res *
