 P5Engine

 Timestamp is 61273488 (Wed Aug 25 23:28:24 2021)

 Preferred load address is 0000000180000000

 Start         Length     Name                   Class
 0001:00000000 00010000H .textbss                DATA
 0002:00000000 0000f3a0H .text$mn                CODE
 0002:0000f3a0 00001040H .text$mn$00             CODE
 0002:000103e0 00001141H .text$x                 CODE
 0003:00000000 00000110H .CRT$XCA                DATA
 0003:00000110 00000110H .CRT$XCZ                DATA
 0003:00000220 00000110H .CRT$XIA                DATA
 0003:00000330 00000110H .CRT$XIZ                DATA
 0003:00000440 00000110H .CRT$XPA                DATA
 0003:00000550 00000110H .CRT$XPZ                DATA
 0003:00000660 00000110H .CRT$XTA                DATA
 0003:00000770 00000110H .CRT$XTZ                DATA
 0003:00000880 00002e00H .rdata                  DATA
 0003:00003680 00000110H .rdata$CastGuardVftablesA DATA
 0003:00003790 0000010cH .rdata$CastGuardVftablesC DATA
 0003:0000389c 0000017cH .rdata$zzzdbg           DATA
 0003:00003a18 00000110H .rtc$IAA                DATA
 0003:00003b28 00000110H .rtc$IMZ                DATA
 0003:00003c38 00000110H .rtc$IZZ                DATA
 0003:00003d48 00000110H .rtc$TAA                DATA
 0003:00003e58 00000110H .rtc$TMZ                DATA
 0003:00003f68 00000110H .rtc$TZZ                DATA
 0003:00004078 00000f58H .xdata                  DATA
 0003:00004fd0 00000187H .edata                  DATA
 0004:00000000 00004e40H .data                   DATA
 0004:00004e40 00000788H .bss                    DATA
 0005:00000000 0000252cH .pdata                  DATA
 0006:00000000 00000340H .idata$5                DATA
 0006:00000340 0000003cH .idata$2                DATA
 0006:0000037c 00000014H .idata$3                DATA
 0006:00000390 00000340H .idata$4                DATA
 0006:000006d0 00000656H .idata$6                DATA
 0007:00000000 0000010dH .msvcjmc                DATA
 0008:00000000 00000151H .00cfg                  DATA
 0009:00000000 00000170H .rsrc$01                DATA
 0009:00000170 000001b6H .rsrc$02                DATA

  Address         Publics by Value              Rva+Base               Lib:Object

 0000:00000000       __guard_longjmp_table      0000000000000000     <absolute>
 0000:00000000       __AbsoluteZero             0000000000000000     <absolute>
 0000:00000000       __guard_fids_count         0000000000000000     <absolute>
 0000:00000000       __hybrid_auxiliary_iat_copy 0000000000000000     <absolute>
 0000:00000000       __x64_code_ranges_to_entry_points 0000000000000000     <absolute>
 0000:00000000       __arm64x_extra_rfe_table   0000000000000000     <absolute>
 0000:00000000       __hybrid_code_map          0000000000000000     <absolute>
 0000:00000000       __volatile_metadata        0000000000000000     <absolute>
 0000:00000000       __guard_iat_table          0000000000000000     <absolute>
 0000:00000000       __hybrid_code_map_count    0000000000000000     <absolute>
 0000:00000000       __arm64x_extra_rfe_table_size 0000000000000000     <absolute>
 0000:00000000       __hybrid_auxiliary_iat     0000000000000000     <absolute>
 0000:00000000       __arm64x_redirection_metadata 0000000000000000     <absolute>
 0000:00000000       __guard_check_icall_a64n_fptr 0000000000000000     <absolute>
 0000:00000000       __guard_iat_count          0000000000000000     <absolute>
 0000:00000000       __guard_longjmp_count      0000000000000000     <absolute>
 0000:00000000       ___safe_se_handler_count   0000000000000000     <absolute>
 0000:00000000       __guard_fids_table         0000000000000000     <absolute>
 0000:00000000       __arm64x_native_entrypoint 0000000000000000     <absolute>
 0000:00000000       ___safe_se_handler_table   0000000000000000     <absolute>
 0000:00000000       __x64_code_ranges_to_entry_points_count 0000000000000000     <absolute>
 0000:00000000       __arm64x_redirection_metadata_count 0000000000000000     <absolute>
 0000:00000000       __guard_eh_cont_table      0000000000000000     <absolute>
 0000:00000000       __guard_eh_cont_count      0000000000000000     <absolute>
 0000:00000000       __dynamic_value_reloc_table 0000000000000000     <absolute>
 0000:00000000       __enclave_config           0000000000000000     <absolute>
 0000:00000100       __guard_flags              0000000000000100     <absolute>
 0000:00000000       __ImageBase                0000000180000000     <linker-defined>
 0001:00000000       __enc$textbss$begin        0000000180001000     <linker-defined>
 0001:00010000       __enc$textbss$end          0000000180011000     <linker-defined>
 0002:000008f0       ??D@YA?ATv2@@MT0@@Z        00000001800118f0 f i p5engine.obj
 0002:000009e0       ??D@YA?ATv2@@T0@M@Z        00000001800119e0 f i p5engine.obj
 0002:00000a80       ??D@YA?ATv3@@MT0@@Z        0000000180011a80 f i p5engine.obj
 0002:00000bc0       ??G@YA?ATv2@@T0@0@Z        0000000180011bc0 f i p5engine.obj
 0002:00000cb0       ??H@YA?ATv2@@T0@0@Z        0000000180011cb0 f i p5engine.obj
 0002:00000da0       ??X@YAAEATv2@@AEAT0@M@Z    0000000180011da0 f i p5engine.obj
 0002:00000e20       ??X@YAAEATv3@@AEAT0@M@Z    0000000180011e20 f i p5engine.obj
 0002:00000ee0       ??Y@YAAEATv2@@AEAT0@T0@@Z  0000000180011ee0 f i p5engine.obj
 0002:00000f60       ??Z@YAAEATv2@@AEAT0@T0@@Z  0000000180011f60 f i p5engine.obj
 0002:00000fe0       ?AbsoluteValue@@YAMM@Z     0000000180011fe0 f i p5engine.obj
 0002:00001500       ?AddFlag@@YAXPEAUsim_entity@@W4entity_flag@@@Z 0000000180012500 f i p5engine.obj
 0002:00001b50       ?AddRadiusTo@@YA?AUrectangle2@@U1@MM@Z 0000000180012b50 f i p5engine.obj
 0002:00001f90       ?AreInSameChunk@@YAHPEAUworld@@PEAUworld_position@@1@Z 0000000180012f90 f i p5engine.obj
 0002:00002800       ?ChangeEntityLocationRaw@@YAXPEAUmemory_arena@@PEAUworld@@IPEAUworld_position@@2@Z 0000000180013800 f i p5engine.obj
 0002:00002d00       ?ChunkPositionFromTilePosition@@YA?AUworld_position@@PEAUworld@@HHH@Z 0000000180013d00 f i p5engine.obj
 0002:00002ec0       ?ClearFlag@@YAXPEAUsim_entity@@W4entity_flag@@@Z 0000000180013ec0 f i p5engine.obj
 0002:000033b0       ?DefaultMoveSpec@@YA?AUmove_spec@@XZ 00000001800143b0 f i p5engine.obj
 0002:00004340       ?FindLeastSignificantSetBit@@YA?AUbit_scan_result@@I@Z 0000000180015340 f i p5engine.obj
 0002:00004610       ?GetLowEntity@@YAPEAUlow_entity@@PEAUgame_state@@I@Z 0000000180015610 f i p5engine.obj
 0002:000046b0       ?GetMaxCorner@@YA?ATv2@@Urectangle2@@@Z 00000001800156b0 f i p5engine.obj
 0002:00004740       ?GetMinCorner@@YA?ATv2@@Urectangle2@@@Z 0000000180015740 f i p5engine.obj
 0002:000047d0       ?GetSimSpacePos@@YA?ATv2@@PEAUsim_region@@PEAUlow_entity@@@Z 00000001800157d0 f i p5engine.obj
 0002:00004900       ?GetWorldChunk@@YAPEAUworld_chunk@@PEAUworld@@HHHPEAUmemory_arena@@@Z 0000000180015900 f i p5engine.obj
 0002:00004b80       ?HasFlag@@YAHPEAUsim_entity@@W4entity_flag@@@Z 0000000180015b80 f i p5engine.obj
 0002:00004ca0       ?InitializeArena@@YAXPEAUmemory_arena@@_KPEAX@Z 0000000180015ca0 f i p5engine.obj
 0002:00004e10       ?Inner@@YAMTv2@@0@Z        0000000180015e10 f i p5engine.obj
 0002:00004e90       ?IsCanonical@@YAHPEAUworld@@M@Z 0000000180015e90 f i p5engine.obj
 0002:00004f70       ?IsCanonical@@YAHPEAUworld@@Tv2@@@Z 0000000180015f70 f i p5engine.obj
 0002:00005010       ?IsInRectangle@@YAHUrectangle2@@Tv2@@@Z 0000000180016010 f i p5engine.obj
 0002:000050e0       ?IsValid@@YAHUworld_position@@@Z 00000001800160e0 f i p5engine.obj
 0002:00005150       ?Length@@YAMTv2@@@Z        0000000180016150 f i p5engine.obj
 0002:000051b0       ?LengthSq@@YAMTv2@@@Z      00000001800161b0 f i p5engine.obj
 0002:00005210       ?LoadEntityReference@@YAXPEAUgame_state@@PEAUsim_region@@PEATentity_reference@@@Z 0000000180016210 f i p5engine.obj
 0002:00005390       ?MakeEntityNonSpatial@@YAXPEAUsim_entity@@@Z 0000000180016390 f i p5engine.obj
 0002:00005420       ?MakeEntitySpatial@@YAXPEAUsim_entity@@Tv2@@1@Z 0000000180016420 f i p5engine.obj
 0002:000054b0       ?MapIntoChunkSpace@@YA?AUworld_position@@PEAUworld@@U1@Tv2@@@Z 00000001800164b0 f i p5engine.obj
 0002:000061c0       ?NullPosition@@YA?AUworld_position@@XZ 00000001800171c0 f i p5engine.obj
 0002:000062a0       ?PushBitmap@@YAXPEAUentity_visible_piece_group@@PEAUloaded_bitmap@@Tv2@@M2MM@Z 00000001800172a0 f i p5engine.obj
 0002:00006440       ?PushPiece@@YAXPEAUentity_visible_piece_group@@PEAUloaded_bitmap@@Tv2@@2M2Tv4@@M@Z 0000000180017440 f i p5engine.obj
 0002:00006660       ?PushRect@@YAXPEAUentity_visible_piece_group@@Tv2@@M1Tv4@@M@Z 0000000180017660 f i p5engine.obj
 0002:00006750       ?PushSize_@@YAPEAXPEAUmemory_arena@@_K@Z 0000000180017750 f i p5engine.obj
 0002:00006810       ?RecanonicalizeCoord@@YAXPEAUworld@@PEAHPEAM@Z 0000000180017810 f i p5engine.obj
 0002:00006900       ?RectCenterDim@@YA?AUrectangle2@@Tv2@@0@Z 0000000180017900 f i p5engine.obj
 0002:00006a00       ?RectCenterHalfDim@@YA?AUrectangle2@@Tv2@@0@Z 0000000180017a00 f i p5engine.obj
 0002:00006b40       ?RotateLeft@@YAIIH@Z       0000000180017b40 f i p5engine.obj
 0002:00006ba0       ?RoundReal32ToInt32@@YAHM@Z 0000000180017ba0 f i p5engine.obj
 0002:00006c00       ?RoundReal32ToUInt32@@YAIM@Z 0000000180017c00 f i p5engine.obj
 0002:00006c60       ?Sin@@YAMM@Z               0000000180017c60 f i p5engine.obj
 0002:00006cc0       ?Square@@YAMM@Z            0000000180017cc0 f i p5engine.obj
 0002:00006d20       ?SquareRoot@@YAMM@Z        0000000180017d20 f i p5engine.obj
 0002:00006d80       ?StoreEntityReference@@YAXPEATentity_reference@@@Z 0000000180017d80 f i p5engine.obj
 0002:000071b0       ?V2@@YA?ATv2@@MM@Z         00000001800181b0 f i p5engine.obj
 0002:00007280       ?V3@@YA?ATv3@@MMM@Z        0000000180018280 f i p5engine.obj
 0002:000073a0       ?V4@@YA?ATv4@@MMMM@Z       00000001800183a0 f i p5engine.obj
 0002:000074d0       ?ZeroSize@@YAX_KPEAX@Z     00000001800184d0 f i p5engine.obj
 0002:00007570       GameGetSoundSamples        0000000180018570 f   p5engine.obj
 0002:000075e0       GameUpdateAndRender        00000001800185e0 f   p5engine.obj
 0002:00009dc0       GetController              000000018001adc0 f i p5engine.obj
 0002:00009e40       __JustMyCode_Default       000000018001ae40 f i p5engine.obj
 0002:00009e50       _RTC_AllocaHelper          000000018001ae50 f   MSVCRTD:stack.obj
 0002:00009ea0       _RTC_CheckStackVars        000000018001aea0 f   MSVCRTD:stack.obj
 0002:00009f50       _RTC_CheckStackVars2       000000018001af50 f   MSVCRTD:stack.obj
 0002:0000a0a0       _CRT_RTC_INIT              000000018001b0a0 f   MSVCRTD:init.obj
 0002:0000a0b0       _CRT_RTC_INITW             000000018001b0b0 f   MSVCRTD:init.obj
 0002:0000a0c0       _RTC_InitBase              000000018001b0c0 f   MSVCRTD:init.obj
 0002:0000a110       _RTC_Shutdown              000000018001b110 f   MSVCRTD:init.obj
 0002:0000a140       __CheckForDebuggerJustMyCode 000000018001b140 f   MSVCRTD:debugger_jmc.obj
 0002:0000a190       __GSHandlerCheck           000000018001b190 f   MSVCRTD:gshandler.obj
 0002:0000a1e0       __GSHandlerCheckCommon     000000018001b1e0 f   MSVCRTD:gshandler.obj
 0002:0000a330       _alloca_probe              000000018001b330 f   MSVCRTD:chkstk.obj
 0002:0000a330       __chkstk                   000000018001b330 f   MSVCRTD:chkstk.obj
 0002:0000a3b0       __security_check_cookie    000000018001b3b0 f   MSVCRTD:amdsecgs.obj
 0002:0000a8e0       _CRT_INIT                  000000018001b8e0 f   MSVCRTD:dll_dllmain.obj
 0002:0000a920       _DllMainCRTStartup         000000018001b920 f   MSVCRTD:dll_dllmain.obj
 0002:0000aa20       ?_RTC_AllocaFailure@@YAXPEAXPEAU_RTC_ALLOCA_NODE@@H@Z 000000018001ba20 f   MSVCRTD:error.obj
 0002:0000abd0       ?_RTC_Failure@@YAXPEAXH@Z  000000018001bbd0 f   MSVCRTD:error.obj
 0002:0000ac40       ?_RTC_StackFailure@@YAXPEAXPEBD@Z 000000018001bc40 f   MSVCRTD:error.obj
 0002:0000b180       _RTC_UninitUse             000000018001c180 f   MSVCRTD:error.obj
 0002:0000b280       __local_stdio_printf_options 000000018001c280 f i MSVCRTD:error.obj
 0002:0000b290       _vsprintf_s_l              000000018001c290 f i MSVCRTD:error.obj
 0002:0000b310       sprintf_s                  000000018001c310 f i MSVCRTD:error.obj
 0002:0000b340       ?_RTC_GetErrorFunc@@YAP6AHHPEBDH00ZZPEBX@Z 000000018001c340 f   MSVCRTD:userapi.obj
 0002:0000b350       ?_RTC_GetErrorFuncW@@YAP6AHHPEB_WH00ZZPEBX@Z 000000018001c350 f   MSVCRTD:userapi.obj
 0002:0000b360       _RTC_GetErrDesc            000000018001c360 f   MSVCRTD:userapi.obj
 0002:0000b380       _RTC_NumErrors             000000018001c380 f   MSVCRTD:userapi.obj
 0002:0000b390       _RTC_SetErrorFunc          000000018001c390 f   MSVCRTD:userapi.obj
 0002:0000b3b0       _RTC_SetErrorFuncW         000000018001c3b0 f   MSVCRTD:userapi.obj
 0002:0000b3d0       _RTC_SetErrorType          000000018001c3d0 f   MSVCRTD:userapi.obj
 0002:0000b400       __raise_securityfailure    000000018001c400 f   MSVCRTD:gs_report.obj
 0002:0000b450       __report_gsfailure         000000018001c450 f   MSVCRTD:gs_report.obj
 0002:0000b560       __report_rangecheckfailure 000000018001c560 f   MSVCRTD:gs_report.obj
 0002:0000b580       __report_securityfailure   000000018001c580 f   MSVCRTD:gs_report.obj
 0002:0000b650       __report_securityfailureEx 000000018001c650 f   MSVCRTD:gs_report.obj
 0002:0000ba40       __security_init_cookie     000000018001ca40 f   MSVCRTD:gs_support.obj
 0002:0000bae0       DllMain                    000000018001cae0 f   MSVCRTD:dll_dllmain_stub.obj
 0002:0000bb30       ?__scrt_initialize_type_info@@YAXXZ 000000018001cb30 f   MSVCRTD:tncleanup.obj
 0002:0000bb50       ?__scrt_uninitialize_type_info@@YAXXZ 000000018001cb50 f   MSVCRTD:tncleanup.obj
 0002:0000bb70       __local_stdio_scanf_options 000000018001cb70 f i MSVCRTD:default_local_stdio_options.obj
 0002:0000bb80       __scrt_initialize_default_local_stdio_options 000000018001cb80 f   MSVCRTD:default_local_stdio_options.obj
 0002:0000bbe0       ?configure_argv@__scrt_narrow_argv_policy@@SAHXZ 000000018001cbe0 f i MSVCRTD:utility.obj
 0002:0000bd00       ?initialize_environment@__scrt_narrow_environment_policy@@SAHXZ 000000018001cd00 f i MSVCRTD:utility.obj
 0002:0000bdd0       NtCurrentTeb               000000018001cdd0 f i MSVCRTD:utility.obj
 0002:0000bde0       __scrt_acquire_startup_lock 000000018001cde0 f   MSVCRTD:utility.obj
 0002:0000be60       __scrt_dllmain_after_initialize_c 000000018001ce60 f   MSVCRTD:utility.obj
 0002:0000bea0       __scrt_dllmain_before_initialize_c 000000018001cea0 f   MSVCRTD:utility.obj
 0002:0000bed0       __scrt_dllmain_crt_thread_attach 000000018001ced0 f   MSVCRTD:utility.obj
 0002:0000bf10       __scrt_dllmain_crt_thread_detach 000000018001cf10 f   MSVCRTD:utility.obj
 0002:0000bf30       __scrt_dllmain_exception_filter 000000018001cf30 f   MSVCRTD:utility.obj
 0002:0000bfb0       __scrt_dllmain_uninitialize_c 000000018001cfb0 f   MSVCRTD:utility.obj
 0002:0000bff0       __scrt_dllmain_uninitialize_critical 000000018001cff0 f   MSVCRTD:utility.obj
 0002:0000c010       __scrt_initialize_crt      000000018001d010 f   MSVCRTD:utility.obj
 0002:0000c070       __scrt_initialize_onexit_tables 000000018001d070 f   MSVCRTD:utility.obj
 0002:0000c1c0       __scrt_is_nonwritable_in_current_image 000000018001d1c0 f   MSVCRTD:utility.obj
 0002:0000c270       __scrt_release_startup_lock 000000018001d270 f   MSVCRTD:utility.obj
 0002:0000c2b0       __scrt_uninitialize_crt    000000018001d2b0 f   MSVCRTD:utility.obj
 0002:0000c300       _onexit                    000000018001d300 f   MSVCRTD:utility.obj
 0002:0000c3a0       at_quick_exit              000000018001d3a0 f   MSVCRTD:utility.obj
 0002:0000c400       atexit                     000000018001d400 f   MSVCRTD:utility.obj
 0002:0000c440       __scrt_get_dyn_tls_init_callback 000000018001d440 f   MSVCRTD:dyn_tls_init.obj
 0002:0000c450       __crt_debugger_hook        000000018001d450 f   MSVCRTD:utility_desktop.obj
 0002:0000c470       __scrt_fastfail            000000018001d470 f   MSVCRTD:utility_desktop.obj
 0002:0000c670       __scrt_get_show_window_mode 000000018001d670 f   MSVCRTD:utility_desktop.obj
 0002:0000c6e0       __scrt_initialize_mta      000000018001d6e0 f   MSVCRTD:utility_desktop.obj
 0002:0000c700       __scrt_initialize_winrt    000000018001d700 f   MSVCRTD:utility_desktop.obj
 0002:0000c710       __scrt_is_managed_app      000000018001d710 f   MSVCRTD:utility_desktop.obj
 0002:0000c7e0       __scrt_set_unhandled_exception_filter 000000018001d7e0 f   MSVCRTD:utility_desktop.obj
 0002:0000c800       __scrt_stub_for_initialize_mta 000000018001d800 f   MSVCRTD:utility_desktop.obj
 0002:0000c800       __scrt_exe_initialize_mta  000000018001d800 f   MSVCRTD:utility_desktop.obj
 0002:0000c810       __scrt_unhandled_exception_filter 000000018001d810 f   MSVCRTD:utility_desktop.obj
 0002:0000c8d0       _RTC_Initialize            000000018001d8d0 f   MSVCRTD:initsect.obj
 0002:0000c930       _RTC_Terminate             000000018001d930 f   MSVCRTD:initsect.obj
 0002:0000c990       _guard_check_icall_nop     000000018001d990 f i MSVCRTD:guard_support.obj
 0002:0000c9a0       ReadNoFence64              000000018001d9a0 f i MSVCRTD:guard_support.obj
 0002:0000c9d0       ReadPointerNoFence         000000018001d9d0 f i MSVCRTD:guard_support.obj
 0002:0000c9f0       __castguard_check_failure_debugbreak 000000018001d9f0 f i MSVCRTD:guard_support.obj
 0002:0000ca20       __castguard_check_failure_fastfail 000000018001da20 f i MSVCRTD:guard_support.obj
 0002:0000ca50       __castguard_check_failure_nop 000000018001da50 f i MSVCRTD:guard_support.obj
 0002:0000ca60       __castguard_check_failure_os_handled 000000018001da60 f i MSVCRTD:guard_support.obj
 0002:0000cb50       __castguard_slow_path_check_debugbreak 000000018001db50 f i MSVCRTD:guard_support.obj
 0002:0000cba0       __castguard_slow_path_check_fastfail 000000018001dba0 f i MSVCRTD:guard_support.obj
 0002:0000cc00       __castguard_slow_path_check_nop 000000018001dc00 f i MSVCRTD:guard_support.obj
 0002:0000cc20       __castguard_slow_path_check_os_handled 000000018001dc20 f i MSVCRTD:guard_support.obj
 0002:0000cd30       _guard_icall_checks_enforced 000000018001dd30 f i MSVCRTD:guard_support.obj
 0002:0000cd80       _guard_rf_checks_enforced  000000018001dd80 f i MSVCRTD:guard_support.obj
 0002:0000d3e0       ?_RTC_GetSrcLine@@YAHPEAEPEA_WKPEAH1K@Z 000000018001e3e0 f   MSVCRTD:pdblkup.obj
 0002:0000d8a0       __isa_available_init       000000018001e8a0 f   MSVCRTD:cpu_disp.obj
 0002:0000dd20       _get_startup_argv_mode     000000018001ed20 f   MSVCRTD:argv_mode.obj
 0002:0000dd30       __scrt_is_ucrt_dll_in_use  000000018001ed30 f   MSVCRTD:ucrt_detection.obj
 0002:0000dd60       __C_specific_handler       000000018001ed60 f   vcruntimed:VCRUNTIME140D.dll
 0002:0000dd66       __C_specific_handler_noexcept 000000018001ed66 f   vcruntimed:VCRUNTIME140D.dll
 0002:0000dd6c       __std_type_info_destroy_list 000000018001ed6c f   vcruntimed:VCRUNTIME140D.dll
 0002:0000dd72       __current_exception        000000018001ed72 f   vcruntimed:VCRUNTIME140D.dll
 0002:0000dd78       __current_exception_context 000000018001ed78 f   vcruntimed:VCRUNTIME140D.dll
 0002:0000dd7e       __vcrt_GetModuleFileNameW  000000018001ed7e f   vcruntimed:VCRUNTIME140D.dll
 0002:0000dd84       __vcrt_GetModuleHandleW    000000018001ed84 f   vcruntimed:VCRUNTIME140D.dll
 0002:0000dd8a       __vcrt_LoadLibraryExW      000000018001ed8a f   vcruntimed:VCRUNTIME140D.dll
 0002:0000dd90       fabs                       000000018001ed90 f   ucrtd:ucrtbased.dll
 0002:0000dd96       roundf                     000000018001ed96 f   ucrtd:ucrtbased.dll
 0002:0000dd9c       sinf                       000000018001ed9c f   ucrtd:ucrtbased.dll
 0002:0000dda2       sqrtf                      000000018001eda2 f   ucrtd:ucrtbased.dll
 0002:0000dda8       _rotl                      000000018001eda8 f   ucrtd:ucrtbased.dll
 0002:0000ddae       _CrtDbgReport              000000018001edae f   ucrtd:ucrtbased.dll
 0002:0000ddb4       _CrtDbgReportW             000000018001edb4 f   ucrtd:ucrtbased.dll
 0002:0000ddba       _initterm                  000000018001edba f   ucrtd:ucrtbased.dll
 0002:0000ddc0       _initterm_e                000000018001edc0 f   ucrtd:ucrtbased.dll
 0002:0000ddc6       strcpy_s                   000000018001edc6 f   ucrtd:ucrtbased.dll
 0002:0000ddcc       strcat_s                   000000018001edcc f   ucrtd:ucrtbased.dll
 0002:0000ddd2       __stdio_common_vsprintf_s  000000018001edd2 f   ucrtd:ucrtbased.dll
 0002:0000ddd8       _seh_filter_dll            000000018001edd8 f   ucrtd:ucrtbased.dll
 0002:0000ddde       _configure_narrow_argv     000000018001edde f   ucrtd:ucrtbased.dll
 0002:0000dde4       _initialize_narrow_environment 000000018001ede4 f   ucrtd:ucrtbased.dll
 0002:0000ddea       _initialize_onexit_table   000000018001edea f   ucrtd:ucrtbased.dll
 0002:0000ddf0       _register_onexit_function  000000018001edf0 f   ucrtd:ucrtbased.dll
 0002:0000ddf6       _execute_onexit_table      000000018001edf6 f   ucrtd:ucrtbased.dll
 0002:0000ddfc       _crt_atexit                000000018001edfc f   ucrtd:ucrtbased.dll
 0002:0000de02       _crt_at_quick_exit         000000018001ee02 f   ucrtd:ucrtbased.dll
 0002:0000de08       _cexit                     000000018001ee08 f   ucrtd:ucrtbased.dll
 0002:0000de0e       terminate                  000000018001ee0e f   ucrtd:ucrtbased.dll
 0002:0000de14       _wmakepath_s               000000018001ee14 f   ucrtd:ucrtbased.dll
 0002:0000de1a       _wsplitpath_s              000000018001ee1a f   ucrtd:ucrtbased.dll
 0002:0000de20       wcscpy_s                   000000018001ee20 f   ucrtd:ucrtbased.dll
 0002:0000de26       GetCurrentThreadId         000000018001ee26 f   kernel32:KERNEL32.dll
 0002:0000de2c       IsDebuggerPresent          000000018001ee2c f   kernel32:KERNEL32.dll
 0002:0000de32       RaiseException             000000018001ee32 f   kernel32:KERNEL32.dll
 0002:0000de38       MultiByteToWideChar        000000018001ee38 f   kernel32:KERNEL32.dll
 0002:0000de3e       WideCharToMultiByte        000000018001ee3e f   kernel32:KERNEL32.dll
 0002:0000de44       RtlCaptureContext          000000018001ee44 f   kernel32:KERNEL32.dll
 0002:0000de4a       RtlLookupFunctionEntry     000000018001ee4a f   kernel32:KERNEL32.dll
 0002:0000de50       RtlVirtualUnwind           000000018001ee50 f   kernel32:KERNEL32.dll
 0002:0000de56       UnhandledExceptionFilter   000000018001ee56 f   kernel32:KERNEL32.dll
 0002:0000de5c       SetUnhandledExceptionFilter 000000018001ee5c f   kernel32:KERNEL32.dll
 0002:0000de62       GetCurrentProcess          000000018001ee62 f   kernel32:KERNEL32.dll
 0002:0000de68       TerminateProcess           000000018001ee68 f   kernel32:KERNEL32.dll
 0002:0000de6e       IsProcessorFeaturePresent  000000018001ee6e f   kernel32:KERNEL32.dll
 0002:0000de74       QueryPerformanceCounter    000000018001ee74 f   kernel32:KERNEL32.dll
 0002:0000de7a       GetCurrentProcessId        000000018001ee7a f   kernel32:KERNEL32.dll
 0002:0000de80       GetSystemTimeAsFileTime    000000018001ee80 f   kernel32:KERNEL32.dll
 0002:0000de86       DisableThreadLibraryCalls  000000018001ee86 f   kernel32:KERNEL32.dll
 0002:0000de8c       InitializeSListHead        000000018001ee8c f   kernel32:KERNEL32.dll
 0002:0000de92       GetStartupInfoW            000000018001ee92 f   kernel32:KERNEL32.dll
 0002:0000de98       GetModuleHandleW           000000018001ee98 f   kernel32:KERNEL32.dll
 0002:0000de9e       GetLastError               000000018001ee9e f   kernel32:KERNEL32.dll
 0002:0000dea4       HeapAlloc                  000000018001eea4 f   kernel32:KERNEL32.dll
 0002:0000deaa       HeapFree                   000000018001eeaa f   kernel32:KERNEL32.dll
 0002:0000deb0       GetProcessHeap             000000018001eeb0 f   kernel32:KERNEL32.dll
 0002:0000deb6       VirtualQuery               000000018001eeb6 f   kernel32:KERNEL32.dll
 0002:0000debc       FreeLibrary                000000018001eebc f   kernel32:KERNEL32.dll
 0002:0000dec2       GetProcAddress             000000018001eec2 f   kernel32:KERNEL32.dll
 0002:0000ded0       __scrt_stub_for_acrt_initialize 000000018001eed0 f   MSVCRTD:ucrt_stubs.obj
 0002:0000ded0       __acrt_initialize          000000018001eed0 f   MSVCRTD:ucrt_stubs.obj
 0002:0000ded0       __vcrt_initialize          000000018001eed0 f   MSVCRTD:ucrt_stubs.obj
 0002:0000dee0       __scrt_stub_for_acrt_thread_attach 000000018001eee0 f   MSVCRTD:ucrt_stubs.obj
 0002:0000dee0       __acrt_thread_attach       000000018001eee0 f   MSVCRTD:ucrt_stubs.obj
 0002:0000dee0       __vcrt_thread_attach       000000018001eee0 f   MSVCRTD:ucrt_stubs.obj
 0002:0000def0       __vcrt_thread_detach       000000018001eef0 f   MSVCRTD:ucrt_stubs.obj
 0002:0000def0       __scrt_stub_for_acrt_thread_detach 000000018001eef0 f   MSVCRTD:ucrt_stubs.obj
 0002:0000def0       __acrt_thread_detach       000000018001eef0 f   MSVCRTD:ucrt_stubs.obj
 0002:0000df00       __acrt_uninitialize        000000018001ef00 f   MSVCRTD:ucrt_stubs.obj
 0002:0000df00       __scrt_stub_for_acrt_uninitialize 000000018001ef00 f   MSVCRTD:ucrt_stubs.obj
 0002:0000df00       __vcrt_uninitialize        000000018001ef00 f   MSVCRTD:ucrt_stubs.obj
 0002:0000df10       __acrt_uninitialize_critical 000000018001ef10 f   MSVCRTD:ucrt_stubs.obj
 0002:0000df10       __scrt_stub_for_acrt_uninitialize_critical 000000018001ef10 f   MSVCRTD:ucrt_stubs.obj
 0002:0000df10       __vcrt_uninitialize_critical 000000018001ef10 f   MSVCRTD:ucrt_stubs.obj
 0002:0000df20       _is_c_termination_complete 000000018001ef20 f   MSVCRTD:ucrt_stubs.obj
 0002:0000df20       __scrt_stub_for_is_c_termination_complete 000000018001ef20 f   MSVCRTD:ucrt_stubs.obj
 0002:0000f3b0       _guard_dispatch_icall_nop  00000001800203b0 f   MSVCRTD:guard_dispatch.obj
 0002:0000f3d0       _guard_xfg_dispatch_icall_nop 00000001800203d0 f   MSVCRTD:guard_xfg_dispatch.obj
 0003:00000000       __xc_a                     0000000180023000     MSVCRTD:initializers.obj
 0003:00000110       __xc_z                     0000000180023110     MSVCRTD:initializers.obj
 0003:00000220       __xi_a                     0000000180023220     MSVCRTD:initializers.obj
 0003:00000330       __xi_z                     0000000180023330     MSVCRTD:initializers.obj
 0003:00000440       __xp_a                     0000000180023440     MSVCRTD:initializers.obj
 0003:00000550       __xp_z                     0000000180023550     MSVCRTD:initializers.obj
 0003:00000660       __xt_a                     0000000180023660     MSVCRTD:initializers.obj
 0003:00000770       __xt_z                     0000000180023770     MSVCRTD:initializers.obj
 0003:00002600       ??_C@_0BA@NMEIMCEK@InvalidCodePath@ 0000000180025600     p5engine.obj
 0003:00002618       ??_C@_0BF@HOIOEMCL@P5Engine?1data?1bg?4bmp@ 0000000180025618     p5engine.obj
 0003:00002638       ??_C@_0BJ@EPENJOEL@P5Engine?1data?1shadow?4bmp@ 0000000180025638     p5engine.obj
 0003:00002658       ??_C@_0BH@DDOBAHNL@P5Engine?1data?1tree?4bmp@ 0000000180025658     p5engine.obj
 0003:00002678       ??_C@_0BI@EPGPCLAL@P5Engine?1data?1enemy?4bmp@ 0000000180025678     p5engine.obj
 0003:00002698       ??_C@_0BG@IEBKPHGI@P5Engine?1data?1orb?4bmp@ 0000000180025698     p5engine.obj
 0003:000026b8       ??_C@_0BP@CIDLMIJA@P5Engine?1data?1char?9right?90?4bmp@ 00000001800256b8     p5engine.obj
 0003:000026e0       ??_C@_0BO@PEBAPFLC@P5Engine?1data?1char?9back?90?4bmp@ 00000001800256e0     p5engine.obj
 0003:00002708       ??_C@_0BO@EAIBBIAG@P5Engine?1data?1char?9left?90?4bmp@ 0000000180025708     p5engine.obj
 0003:00002730       ??_C@_0BP@MKDPGEOC@P5Engine?1data?1char?9front?90?4bmp@ 0000000180025730     p5engine.obj
 0003:00002758       ??_C@_0BO@KNNOBFKI@P5Engine?1data?1sword?9right?4bmp@ 0000000180025758     p5engine.obj
 0003:00002780       ??_C@_0BN@LDDHILOB@P5Engine?1data?1sword?9back?4bmp@ 0000000180025780     p5engine.obj
 0003:000027a8       ??_C@_0BN@FPAHMBGA@P5Engine?1data?1sword?9left?4bmp@ 00000001800257a8     p5engine.obj
 0003:000027d0       ??_C@_0BO@BNDLMGBJ@P5Engine?1data?1sword?9front?4bmp@ 00000001800257d0     p5engine.obj
 0003:000027f4       __real@00000000            00000001800257f4     p5engine.obj
 0003:000027f8       __real@38d1b717            00000001800257f8     p5engine.obj
 0003:000027fc       __real@3a83126f            00000001800257fc     p5engine.obj
 0003:00002800       __real@3e4ccccd            0000000180025800     p5engine.obj
 0003:00002804       __real@3e800000            0000000180025804     p5engine.obj
 0003:00002808       __real@3f000000            0000000180025808     p5engine.obj
 0003:0000280c       __real@3f400000            000000018002580c     p5engine.obj
 0003:00002810       __real@3f800000            0000000180025810     p5engine.obj
 0003:00002814       __real@3fb33333            0000000180025814     p5engine.obj
 0003:00002818       __real@3fc00000            0000000180025818     p5engine.obj
 0003:0000281c       __real@40000000            000000018002581c     p5engine.obj
 0003:00002820       __real@400ccccd            0000000180025820     p5engine.obj
 0003:00002824       __real@40a00000            0000000180025824     p5engine.obj
 0003:00002828       __real@40c00000            0000000180025828     p5engine.obj
 0003:0000282c       __real@40c90fdb            000000018002582c     p5engine.obj
 0003:00002830       __real@40e00000            0000000180025830     p5engine.obj
 0003:00002834       __real@41200000            0000000180025834     p5engine.obj
 0003:00002838       __real@41800000            0000000180025838     p5engine.obj
 0003:0000283c       __real@41880000            000000018002583c     p5engine.obj
 0003:00002840       __real@41a00000            0000000180025840     p5engine.obj
 0003:00002844       __real@41c00000            0000000180025844     p5engine.obj
 0003:00002848       __real@42000000            0000000180025848     p5engine.obj
 0003:0000284c       __real@42600000            000000018002584c     p5engine.obj
 0003:00002850       __real@42800000            0000000180025850     p5engine.obj
 0003:00002854       __real@42820000            0000000180025854     p5engine.obj
 0003:00002858       __real@42960000            0000000180025858     p5engine.obj
 0003:0000285c       __real@437f0000            000000018002585c     p5engine.obj
 0003:00002860       __real@47c35000            0000000180025860     p5engine.obj
 0003:00002864       __real@becccccd            0000000180025864     p5engine.obj
 0003:00002868       __real@bf000000            0000000180025868     p5engine.obj
 0003:0000286c       __real@bf800000            000000018002586c     p5engine.obj
 0003:00002870       __real@c1f00000            0000000180025870     p5engine.obj
 0003:00002880       __xmm@80000000800000008000000080000000 0000000180025880     p5engine.obj
 0003:00002898       _pRawDllMain               0000000180025898     MSVCRTD:dll_dllmain.obj
 0003:00002898       _pDefaultRawDllMain        0000000180025898     MSVCRTD:dll_dllmain.obj
 0003:00002990       ??_C@_0NN@JMPELKLB@The?5value?5of?5ESP?5was?5not?5proper@ 0000000180025990     MSVCRTD:error.obj
 0003:00002aa0       ??_C@_0BBN@ELNNILBE@A?5cast?5to?5a?5smaller?5data?5type?5h@ 0000000180025aa0     MSVCRTD:error.obj
 0003:00002bf8       ??_C@_0BN@BPOGFMJL@Stack?5memory?5was?5corrupted?$AN?6@ 0000000180025bf8     MSVCRTD:error.obj
 0003:00002c20       ??_C@_0DG@DAJCDLPN@A?5local?5variable?5was?5used?5befor@ 0000000180025c20     MSVCRTD:error.obj
 0003:00002c60       ??_C@_0CM@JMIDGKLA@Stack?5memory?5around?5_alloca?5was@ 0000000180025c60     MSVCRTD:error.obj
 0003:00002c98       ??_C@_0BO@CHIONIOI@Unknown?5Runtime?5Check?5Error?$AN?6@ 0000000180025c98     MSVCRTD:error.obj
 0003:00002cc0       ??_C@_1GM@CNOOJIHC@?$AAR?$AAu?$AAn?$AAt?$AAi?$AAm?$AAe?$AA?5?$AAC?$AAh?$AAe?$AAc?$AAk?$AA?5?$AAE@ 0000000180025cc0     MSVCRTD:error.obj
 0003:00002d50       ??_C@_1EA@NFKNIFJP@?$AAR?$AAu?$AAn?$AA?9?$AAT?$AAi?$AAm?$AAe?$AA?5?$AAC?$AAh?$AAe?$AAc?$AAk?$AA?5@ 0000000180025d50     MSVCRTD:error.obj
 0003:00002da0       ??_C@_0BB@PFFGGCJP@Unknown?5Filename@ 0000000180025da0     MSVCRTD:error.obj
 0003:00002db8       ??_C@_0BE@GNBOBNCK@Unknown?5Module?5Name@ 0000000180025db8     MSVCRTD:error.obj
 0003:00002dd0       ??_C@_0CA@IODNCDPG@Run?9Time?5Check?5Failure?5?$CD?$CFd?5?9?5?$CFs@ 0000000180025dd0     MSVCRTD:error.obj
 0003:00002df8       ??_C@_0CG@IAFNJNEE@Stack?5corrupted?5near?5unknown?5va@ 0000000180025df8     MSVCRTD:error.obj
 0003:00002e28       ??_C@_05MKKEDADM@?$CF?42X?5@ 0000000180025e28     MSVCRTD:error.obj
 0003:00002e30       ??_C@_0EJ@LJKNEOLN@Stack?5area?5around?5_alloca?5memor@ 0000000180025e30     MSVCRTD:error.obj
 0003:00002e88       ??_C@_01EEMJAFIK@?6@       0000000180025e88     MSVCRTD:error.obj
 0003:00002e8c       ??_C@_02LLMPMKNF@?$DO?5@   0000000180025e8c     MSVCRTD:error.obj
 0003:00002e90       ??_C@_08OMAHNMHJ@?6Data?3?5?$DM@ 0000000180025e90     MSVCRTD:error.obj
 0003:00002ea0       ??_C@_0CK@DKGBICFE@?6Allocation?5number?5within?5this?5@ 0000000180025ea0     MSVCRTD:error.obj
 0003:00002ed8       ??_C@_07DFDJCKFN@?6Size?3?5@ 0000000180025ed8     MSVCRTD:error.obj
 0003:00002ee8       ??_C@_0N@MHFFIMFG@?6Address?3?50x@ 0000000180025ee8     MSVCRTD:error.obj
 0003:00002f00       ??_C@_0EI@CLEPFNGI@Stack?5area?5around?5_alloca?5memor@ 0000000180025f00     MSVCRTD:error.obj
 0003:00002f58       ??_C@_0BK@ODNDAGKB@?$CFs?$CFs?$CFp?$CFs?$CFzd?$CFs?$CFd?$CFs?$CFs?$CFs?$CFs?$CFs@ 0000000180025f58     MSVCRTD:error.obj
 0003:00002f78       ??_C@_0DE@OHJBPMBP@A?5variable?5is?5being?5used?5withou@ 0000000180025f78     MSVCRTD:error.obj
 0003:00002fe8       ??_C@_0BJ@HEGAHDFO@Stack?5pointer?5corruption@ 0000000180025fe8     MSVCRTD:userapi.obj
 0003:00003008       ??_C@_0CK@FEGOIOPB@Cast?5to?5smaller?5type?5causing?5lo@ 0000000180026008     MSVCRTD:userapi.obj
 0003:00003040       ??_C@_0BI@CIGMDCBH@Stack?5memory?5corruption@ 0000000180026040     MSVCRTD:userapi.obj
 0003:00003060       ??_C@_0CK@CNLNOEPB@Local?5variable?5used?5before?5init@ 0000000180026060     MSVCRTD:userapi.obj
 0003:00003098       ??_C@_0BP@OGBCLIBO@Stack?5around?5_alloca?5corrupted@ 0000000180026098     MSVCRTD:userapi.obj
 0003:00003140       ??_C@_1EI@MLPKHBGE@?$AAa?$AAp?$AAi?$AA?9?$AAm?$AAs?$AA?9?$AAw?$AAi?$AAn?$AA?9?$AAc?$AAo?$AAr?$AAe@ 0000000180026140     MSVCRTD:pdblkup.obj
 0003:00003198       ??_C@_1BK@JHLNAEJL@?$AAa?$AAd?$AAv?$AAa?$AAp?$AAi?$AA3?$AA2?$AA?4?$AAd?$AAl?$AAl@ 0000000180026198     MSVCRTD:pdblkup.obj
 0003:000031b8       ??_C@_0O@COHOBMLB@RegOpenKeyExW@ 00000001800261b8     MSVCRTD:pdblkup.obj
 0003:000031c8       ??_C@_0BB@GLNAEDBD@RegQueryValueExW@ 00000001800261c8     MSVCRTD:pdblkup.obj
 0003:000031e0       ??_C@_0M@HLOHPNFA@RegCloseKey@ 00000001800261e0     MSVCRTD:pdblkup.obj
 0003:000031f0       ??_C@_1HE@EBEAGLFB@?$AAS?$AAO?$AAF?$AAT?$AAW?$AAA?$AAR?$AAE?$AA?2?$AAW?$AAo?$AAw?$AA6?$AA4?$AA3@ 00000001800261f0     MSVCRTD:pdblkup.obj
 0003:00003280       ??_C@_1BG@EABPBLLF@?$AAP?$AAr?$AAo?$AAd?$AAu?$AAc?$AAt?$AAD?$AAi?$AAr@ 0000000180026280     MSVCRTD:pdblkup.obj
 0003:000032c8       ??_C@_1BC@JINFINNJ@?$AAM?$AAS?$AAP?$AAD?$AAB?$AA1?$AA4?$AA0@ 00000001800262c8     MSVCRTD:pdblkup.obj
 0003:000032e0       ??_C@_0BB@KCIACLNC@PDBOpenValidate5@ 00000001800262e0     MSVCRTD:pdblkup.obj
 0003:000032f4       ??_C@_01KDCPPGHE@r@        00000001800262f4     MSVCRTD:pdblkup.obj
 0003:00003330       _load_config_used          0000000180026330     MSVCRTD:loadcfg.obj
 0003:00003680       __CastGuardVftablesStart   0000000180026680     MSVCRTD:guard_support.obj
 0003:00003790       __CastGuardVftablesEnd     0000000180026790     MSVCRTD:guard_support.obj
 0003:00003a18       __rtc_iaa                  0000000180026a18     MSVCRTD:initsect.obj
 0003:00003c38       __rtc_izz                  0000000180026c38     MSVCRTD:initsect.obj
 0003:00003d48       __rtc_taa                  0000000180026d48     MSVCRTD:initsect.obj
 0003:00003f68       __rtc_tzz                  0000000180026f68     MSVCRTD:initsect.obj
 0004:00004cd0       __security_cookie_complement 000000018002dcd0     MSVCRTD:gs_cookie.obj
 0004:00004cd8       __security_cookie          000000018002dcd8     MSVCRTD:gs_cookie.obj
 0004:00004ce4       _fltused                   000000018002dce4     MSVCRTD:fltused.obj
 0004:00004ce8       ?_RTC_ErrorLevels@@3PAHA   000000018002dce8     MSVCRTD:error.obj
 0004:00004d00       __scrt_native_dllmain_reason 000000018002dd00     MSVCRTD:utility.obj
 0004:00004d08       __isa_available            000000018002dd08     MSVCRTD:cpu_disp.obj
 0004:00004d0c       __isa_enabled              000000018002dd0c     MSVCRTD:cpu_disp.obj
 0004:00004d10       __memcpy_nt_iters          000000018002dd10     MSVCRTD:cpu_disp.obj
 0004:00004d18       __memset_nt_iters          000000018002dd18     MSVCRTD:cpu_disp.obj
 0004:00004d30       __scrt_ucrt_dll_is_in_use  000000018002dd30     MSVCRTD:ucrt_stubs.obj
 0004:00004e48       ?_OptionsStorage@?1??__local_stdio_printf_options@@9@4_KA 000000018002de48     MSVCRTD:error.obj
 0004:00005500       ?__type_info_root_node@@3U__type_info_node@@A 000000018002e500     MSVCRTD:tncleanup.obj
 0004:00005518       ?_OptionsStorage@?1??__local_stdio_scanf_options@@9@4_KA 000000018002e518     MSVCRTD:default_local_stdio_options.obj
 0004:00005528       __scrt_current_native_startup_state 000000018002e528     MSVCRTD:utility.obj
 0004:00005530       __scrt_native_startup_lock 000000018002e530     MSVCRTD:utility.obj
 0004:00005580       __scrt_debugger_hook_flag  000000018002e580     MSVCRTD:utility_desktop.obj
 0004:00005588       __castguard_check_failure_os_handled_fptr 000000018002e588     MSVCRTD:guard_support.obj
 0004:000055a4       __favor                    000000018002e5a4     MSVCRTD:cpu_disp.obj
 0004:000055a8       __dyn_tls_init_callback    000000018002e5a8     <common>
 0004:000055bc       __DebuggerCurrentSteppingThreadId 000000018002e5bc     <common>
 0006:00000000       __imp_DisableThreadLibraryCalls 0000000180032000     kernel32:KERNEL32.dll
 0006:00000008       __imp_IsDebuggerPresent    0000000180032008     kernel32:KERNEL32.dll
 0006:00000010       __imp_RaiseException       0000000180032010     kernel32:KERNEL32.dll
 0006:00000018       __imp_MultiByteToWideChar  0000000180032018     kernel32:KERNEL32.dll
 0006:00000020       __imp_WideCharToMultiByte  0000000180032020     kernel32:KERNEL32.dll
 0006:00000028       __imp_RtlCaptureContext    0000000180032028     kernel32:KERNEL32.dll
 0006:00000030       __imp_RtlLookupFunctionEntry 0000000180032030     kernel32:KERNEL32.dll
 0006:00000038       __imp_RtlVirtualUnwind     0000000180032038     kernel32:KERNEL32.dll
 0006:00000040       __imp_GetProcAddress       0000000180032040     kernel32:KERNEL32.dll
 0006:00000048       __imp_FreeLibrary          0000000180032048     kernel32:KERNEL32.dll
 0006:00000050       __imp_VirtualQuery         0000000180032050     kernel32:KERNEL32.dll
 0006:00000058       __imp_GetProcessHeap       0000000180032058     kernel32:KERNEL32.dll
 0006:00000060       __imp_HeapFree             0000000180032060     kernel32:KERNEL32.dll
 0006:00000068       __imp_HeapAlloc            0000000180032068     kernel32:KERNEL32.dll
 0006:00000070       __imp_GetLastError         0000000180032070     kernel32:KERNEL32.dll
 0006:00000078       __imp_GetModuleHandleW     0000000180032078     kernel32:KERNEL32.dll
 0006:00000080       __imp_GetStartupInfoW      0000000180032080     kernel32:KERNEL32.dll
 0006:00000088       __imp_InitializeSListHead  0000000180032088     kernel32:KERNEL32.dll
 0006:00000090       __imp_GetCurrentThreadId   0000000180032090     kernel32:KERNEL32.dll
 0006:00000098       __imp_GetSystemTimeAsFileTime 0000000180032098     kernel32:KERNEL32.dll
 0006:000000a0       __imp_GetCurrentProcessId  00000001800320a0     kernel32:KERNEL32.dll
 0006:000000a8       __imp_QueryPerformanceCounter 00000001800320a8     kernel32:KERNEL32.dll
 0006:000000b0       __imp_IsProcessorFeaturePresent 00000001800320b0     kernel32:KERNEL32.dll
 0006:000000b8       __imp_TerminateProcess     00000001800320b8     kernel32:KERNEL32.dll
 0006:000000c0       __imp_GetCurrentProcess    00000001800320c0     kernel32:KERNEL32.dll
 0006:000000c8       __imp_SetUnhandledExceptionFilter 00000001800320c8     kernel32:KERNEL32.dll
 0006:000000d0       __imp_UnhandledExceptionFilter 00000001800320d0     kernel32:KERNEL32.dll
 0006:000000d8       \177KERNEL32_NULL_THUNK_DATA 00000001800320d8     kernel32:KERNEL32.dll
 0006:00000158       __imp___vcrt_GetModuleHandleW 0000000180032158     vcruntimed:VCRUNTIME140D.dll
 0006:00000160       __imp___vcrt_GetModuleFileNameW 0000000180032160     vcruntimed:VCRUNTIME140D.dll
 0006:00000168       __imp___current_exception_context 0000000180032168     vcruntimed:VCRUNTIME140D.dll
 0006:00000170       __imp___C_specific_handler 0000000180032170     vcruntimed:VCRUNTIME140D.dll
 0006:00000178       __imp___current_exception  0000000180032178     vcruntimed:VCRUNTIME140D.dll
 0006:00000180       __imp___std_type_info_destroy_list 0000000180032180     vcruntimed:VCRUNTIME140D.dll
 0006:00000188       __imp___C_specific_handler_noexcept 0000000180032188     vcruntimed:VCRUNTIME140D.dll
 0006:00000190       __imp___vcrt_LoadLibraryExW 0000000180032190     vcruntimed:VCRUNTIME140D.dll
 0006:00000198       \177VCRUNTIME140D_NULL_THUNK_DATA 0000000180032198     vcruntimed:VCRUNTIME140D.dll
 0006:000001f8       __imp_wcscpy_s             00000001800321f8     ucrtd:ucrtbased.dll
 0006:00000200       __imp__wsplitpath_s        0000000180032200     ucrtd:ucrtbased.dll
 0006:00000208       __imp_terminate            0000000180032208     ucrtd:ucrtbased.dll
 0006:00000210       __imp__cexit               0000000180032210     ucrtd:ucrtbased.dll
 0006:00000218       __imp__crt_at_quick_exit   0000000180032218     ucrtd:ucrtbased.dll
 0006:00000220       __imp__crt_atexit          0000000180032220     ucrtd:ucrtbased.dll
 0006:00000228       __imp__execute_onexit_table 0000000180032228     ucrtd:ucrtbased.dll
 0006:00000230       __imp__register_onexit_function 0000000180032230     ucrtd:ucrtbased.dll
 0006:00000238       __imp__initialize_onexit_table 0000000180032238     ucrtd:ucrtbased.dll
 0006:00000240       __imp__initialize_narrow_environment 0000000180032240     ucrtd:ucrtbased.dll
 0006:00000248       __imp__configure_narrow_argv 0000000180032248     ucrtd:ucrtbased.dll
 0006:00000250       __imp__seh_filter_dll      0000000180032250     ucrtd:ucrtbased.dll
 0006:00000258       __imp__wmakepath_s         0000000180032258     ucrtd:ucrtbased.dll
 0006:00000260       __imp_strcat_s             0000000180032260     ucrtd:ucrtbased.dll
 0006:00000268       __imp_strcpy_s             0000000180032268     ucrtd:ucrtbased.dll
 0006:00000270       __imp__initterm_e          0000000180032270     ucrtd:ucrtbased.dll
 0006:00000278       __imp__initterm            0000000180032278     ucrtd:ucrtbased.dll
 0006:00000280       __imp__CrtDbgReportW       0000000180032280     ucrtd:ucrtbased.dll
 0006:00000288       __imp__CrtDbgReport        0000000180032288     ucrtd:ucrtbased.dll
 0006:00000290       __imp__rotl                0000000180032290     ucrtd:ucrtbased.dll
 0006:00000298       __imp_sqrtf                0000000180032298     ucrtd:ucrtbased.dll
 0006:000002a0       __imp_sinf                 00000001800322a0     ucrtd:ucrtbased.dll
 0006:000002a8       __imp_roundf               00000001800322a8     ucrtd:ucrtbased.dll
 0006:000002b0       __imp_fabs                 00000001800322b0     ucrtd:ucrtbased.dll
 0006:000002b8       __imp___stdio_common_vsprintf_s 00000001800322b8     ucrtd:ucrtbased.dll
 0006:000002c0       \177ucrtbased_NULL_THUNK_DATA 00000001800322c0     ucrtd:ucrtbased.dll
 0006:00000340       __IMPORT_DESCRIPTOR_VCRUNTIME140D 0000000180032340     vcruntimed:VCRUNTIME140D.dll
 0006:00000354       __IMPORT_DESCRIPTOR_ucrtbased 0000000180032354     ucrtd:ucrtbased.dll
 0006:00000368       __IMPORT_DESCRIPTOR_KERNEL32 0000000180032368     kernel32:KERNEL32.dll
 0006:0000037c       __NULL_IMPORT_DESCRIPTOR   000000018003237c     vcruntimed:VCRUNTIME140D.dll
 0008:00000000       __guard_check_icall_fptr   0000000180034000     MSVCRTD:guard_support.obj
 0008:00000010       __guard_xfg_check_icall_fptr 0000000180034010     MSVCRTD:guard_support.obj
 0008:00000020       __guard_dispatch_icall_fptr 0000000180034020     MSVCRTD:guard_support.obj
 0008:00000030       __guard_xfg_dispatch_icall_fptr 0000000180034030     MSVCRTD:guard_support.obj
 0008:00000040       __guard_xfg_table_dispatch_icall_fptr 0000000180034040     MSVCRTD:guard_support.obj

 entry point at        0002:0000000f

 Static symbols

 0000:fffc9000       .debug$S                   0000000180000000     P5Engine.exp
 0000:fffcc000       _volmd                     0000000180000000     p5engine.obj
 0000:fffcc000       _volmd                     0000000180000000     p5engine.obj
 0000:fffcc000       _volmd                     0000000180000000     p5engine.obj
 0000:fffcc000       _volmd                     0000000180000000     p5engine.obj
 0000:fffcc000       _volmd                     0000000180000000     p5engine.obj
 0000:fffcc000       _volmd                     0000000180000000     p5engine.obj
 0000:fffcc000       _volmd                     0000000180000000     p5engine.obj
 0000:fffcc000       _volmd                     0000000180000000     p5engine.obj
 0000:fffcc000       _volmd                     0000000180000000     p5engine.obj
 0000:fffcc000       _volmd                     0000000180000000     p5engine.obj
 0000:fffcc000       _volmd                     0000000180000000     p5engine.obj
 0000:fffcc000       _volmd                     0000000180000000     p5engine.obj
 0000:fffcc000       _volmd                     0000000180000000     p5engine.obj
 0000:fffcc000       _volmd                     0000000180000000     p5engine.obj
 0000:fffcc000       _volmd                     0000000180000000     p5engine.obj
 0000:fffcc000       _volmd                     0000000180000000     p5engine.obj
 0000:fffcc000       _volmd                     0000000180000000     p5engine.obj
 0000:fffcc000       _volmd                     0000000180000000     p5engine.obj
 0000:fffcc000       _volmd                     0000000180000000     p5engine.obj
 0000:fffcc000       _volmd                     0000000180000000     p5engine.obj
 0000:fffcc000       _volmd                     0000000180000000     p5engine.obj
 0000:fffcc000       _volmd                     0000000180000000     MSVCRTD:cpu_disp.obj
 0000:fffcd000       __guard_ehcont_?dllmain_dispatch@@YAHQEAUHINSTANCE__@@KQEAX@Z 0000000180000000     MSVCRTD:dll_dllmain.obj
 0000:fffcd000       __guard_fids_?dllmain_dispatch@@YAHQEAUHINSTANCE__@@KQEAX@Z 0000000180000000     MSVCRTD:dll_dllmain.obj
 0000:fffcd000       __guard_ehcont_?notify_debugger@@YAXAEBUtagEXCEPTION_VISUALCPP_DEBUG_INFO@@@Z 0000000180000000     MSVCRTD:error.obj
 0000:fffcc000       _volmd                     0000000180000000     MSVCRTD:gs_report.obj
 0000:fffcc000       _volmd                     0000000180000000     MSVCRTD:gs_report.obj
 0000:fffcc000       _volmd                     0000000180000000     MSVCRTD:gs_report.obj
 0000:fffcd000       __guard_fids__             0000000180000000     MSVCRTD:guard_support.obj
 0000:fffcd000       __guard_fids__             0000000180000000     MSVCRTD:guard_support.obj
 0000:fffcd000       __guard_fids__guard_icall_checks_enforced 0000000180000000     MSVCRTD:guard_support.obj
 0000:fffcc000       _volmd                     0000000180000000     MSVCRTD:guard_support.obj
 0000:fffcc000       _volmd                     0000000180000000     MSVCRTD:guard_support.obj
 0000:fffcc000       _volmd                     0000000180000000     MSVCRTD:guard_support.obj
 0000:fffcd000       __guard_fids__CRT_RTC_INIT 0000000180000000     MSVCRTD:init.obj
 0000:fffcd000       __guard_fids__CRT_RTC_INITW 0000000180000000     MSVCRTD:init.obj
 0000:fffcd000       __guard_ehcont___scrt_is_nonwritable_in_current_image 0000000180000000     MSVCRTD:utility.obj
 0000:fffcc000       _volmd                     0000000180000000     MSVCRTD:utility.obj
 0000:fffcc000       _volmd                     0000000180000000     MSVCRTD:utility.obj
 0000:fffcc000       _volmd                     0000000180000000     MSVCRTD:utility.obj
 0000:fffcd000       __guard_fids___scrt_set_unhandled_exception_filter 0000000180000000     MSVCRTD:utility_desktop.obj
 0000:fffcc000       _volmd                     0000000180000000     MSVCRTD:utility_desktop.obj
 0000:fffc9000       .debug$S                   0000000180000000     vcruntimed:VCRUNTIME140D.dll
 0000:fffc9000       .debug$S                   0000000180000000     vcruntimed:VCRUNTIME140D.dll
 0000:fffc9000       .debug$S                   0000000180000000     vcruntimed:VCRUNTIME140D.dll
 0000:fffc9000       .debug$S                   0000000180000000     vcruntimed:VCRUNTIME140D.dll
 0000:fffc9000       .debug$S                   0000000180000000     vcruntimed:VCRUNTIME140D.dll
 0000:fffc9000       .debug$S                   0000000180000000     vcruntimed:VCRUNTIME140D.dll
 0000:fffc9000       .debug$S                   0000000180000000     vcruntimed:VCRUNTIME140D.dll
 0000:fffc9000       .debug$S                   0000000180000000     vcruntimed:VCRUNTIME140D.dll
 0000:fffc9000       .debug$S                   0000000180000000     ucrtd:ucrtbased.dll
 0000:fffc9000       .debug$S                   0000000180000000     ucrtd:ucrtbased.dll
 0000:fffc9000       .debug$S                   0000000180000000     ucrtd:ucrtbased.dll
 0000:fffc9000       .debug$S                   0000000180000000     ucrtd:ucrtbased.dll
 0000:fffc9000       .debug$S                   0000000180000000     ucrtd:ucrtbased.dll
 0000:fffc9000       .debug$S                   0000000180000000     ucrtd:ucrtbased.dll
 0000:fffc9000       .debug$S                   0000000180000000     ucrtd:ucrtbased.dll
 0000:fffc9000       .debug$S                   0000000180000000     ucrtd:ucrtbased.dll
 0000:fffc9000       .debug$S                   0000000180000000     ucrtd:ucrtbased.dll
 0000:fffc9000       .debug$S                   0000000180000000     ucrtd:ucrtbased.dll
 0000:fffc9000       .debug$S                   0000000180000000     ucrtd:ucrtbased.dll
 0000:fffc9000       .debug$S                   0000000180000000     ucrtd:ucrtbased.dll
 0000:fffc9000       .debug$S                   0000000180000000     ucrtd:ucrtbased.dll
 0000:fffc9000       .debug$S                   0000000180000000     ucrtd:ucrtbased.dll
 0000:fffc9000       .debug$S                   0000000180000000     ucrtd:ucrtbased.dll
 0000:fffc9000       .debug$S                   0000000180000000     ucrtd:ucrtbased.dll
 0000:fffc9000       .debug$S                   0000000180000000     ucrtd:ucrtbased.dll
 0000:fffc9000       .debug$S                   0000000180000000     ucrtd:ucrtbased.dll
 0000:fffc9000       .debug$S                   0000000180000000     ucrtd:ucrtbased.dll
 0000:fffc9000       .debug$S                   0000000180000000     ucrtd:ucrtbased.dll
 0000:fffc9000       .debug$S                   0000000180000000     ucrtd:ucrtbased.dll
 0000:fffc9000       .debug$S                   0000000180000000     ucrtd:ucrtbased.dll
 0000:fffc9000       .debug$S                   0000000180000000     ucrtd:ucrtbased.dll
 0000:fffc9000       .debug$S                   0000000180000000     ucrtd:ucrtbased.dll
 0000:fffc9000       .debug$S                   0000000180000000     ucrtd:ucrtbased.dll
 0000:fffc9000       .debug$S                   0000000180000000     kernel32:KERNEL32.dll
 0000:fffc9000       .debug$S                   0000000180000000     kernel32:KERNEL32.dll
 0000:fffc9000       .debug$S                   0000000180000000     kernel32:KERNEL32.dll
 0000:fffc9000       .debug$S                   0000000180000000     kernel32:KERNEL32.dll
 0000:fffc9000       .debug$S                   0000000180000000     kernel32:KERNEL32.dll
 0000:fffc9000       .debug$S                   0000000180000000     kernel32:KERNEL32.dll
 0000:fffc9000       .debug$S                   0000000180000000     kernel32:KERNEL32.dll
 0000:fffc9000       .debug$S                   0000000180000000     kernel32:KERNEL32.dll
 0000:fffc9000       .debug$S                   0000000180000000     kernel32:KERNEL32.dll
 0000:fffc9000       .debug$S                   0000000180000000     kernel32:KERNEL32.dll
 0000:fffc9000       .debug$S                   0000000180000000     kernel32:KERNEL32.dll
 0000:fffc9000       .debug$S                   0000000180000000     kernel32:KERNEL32.dll
 0000:fffc9000       .debug$S                   0000000180000000     kernel32:KERNEL32.dll
 0000:fffc9000       .debug$S                   0000000180000000     kernel32:KERNEL32.dll
 0000:fffc9000       .debug$S                   0000000180000000     kernel32:KERNEL32.dll
 0000:fffc9000       .debug$S                   0000000180000000     kernel32:KERNEL32.dll
 0000:fffc9000       .debug$S                   0000000180000000     kernel32:KERNEL32.dll
 0000:fffc9000       .debug$S                   0000000180000000     kernel32:KERNEL32.dll
 0000:fffc9000       .debug$S                   0000000180000000     kernel32:KERNEL32.dll
 0000:fffc9000       .debug$S                   0000000180000000     kernel32:KERNEL32.dll
 0000:fffc9000       .debug$S                   0000000180000000     kernel32:KERNEL32.dll
 0000:fffc9000       .debug$S                   0000000180000000     kernel32:KERNEL32.dll
 0000:fffc9000       .debug$S                   0000000180000000     kernel32:KERNEL32.dll
 0000:fffc9000       .debug$S                   0000000180000000     kernel32:KERNEL32.dll
 0000:fffc9000       .debug$S                   0000000180000000     kernel32:KERNEL32.dll
 0000:fffc9000       .debug$S                   0000000180000000     kernel32:KERNEL32.dll
 0000:fffc9000       .debug$S                   0000000180000000     kernel32:KERNEL32.dll
 0002:00001040       ?AddEntity@@YAPEAUsim_entity@@PEAUgame_state@@PEAUsim_region@@IPEAUlow_entity@@PEATv2@@@Z 0000000180012040 f   p5engine.obj
 0002:00001170       ?AddEntityRaw@@YAPEAUsim_entity@@PEAUgame_state@@PEAUsim_region@@IPEAUlow_entity@@@Z 0000000180012170 f   p5engine.obj
 0002:00001380       ?AddFamiliar@@YA?AUadd_low_entity_result@@PEAUgame_state@@III@Z 0000000180012380 f   p5engine.obj
 0002:00001560       ?AddLowEntity@@YA?AUadd_low_entity_result@@PEAUgame_state@@W4entity_type@@Uworld_position@@@Z 0000000180012560 f   p5engine.obj
 0002:000017d0       ?AddMonstar@@YA?AUadd_low_entity_result@@PEAUgame_state@@III@Z 00000001800127d0 f   p5engine.obj
 0002:00001980       ?AddPlayer@@YA?AUadd_low_entity_result@@PEAUgame_state@@@Z 0000000180012980 f   p5engine.obj
 0002:00001cb0       ?AddSword@@YA?AUadd_low_entity_result@@PEAUgame_state@@@Z 0000000180012cb0 f   p5engine.obj
 0002:00001df0       ?AddWall@@YA?AUadd_low_entity_result@@PEAUworld@@PEAUgame_state@@III@Z 0000000180012df0 f   p5engine.obj
 0002:000020b0       ?BeginSim@@YAPEAUsim_region@@PEAUmemory_arena@@PEAUgame_state@@PEAUworld@@Uworld_position@@Urectangle2@@@Z 00000001800130b0 f   p5engine.obj
 0002:00002620       ?ChangeEntityLocation@@YAXPEAUmemory_arena@@PEAUworld@@IPEAUlow_entity@@Uworld_position@@@Z 0000000180013620 f   p5engine.obj
 0002:00002f20       ?DEBUGLoadBMP@@YA?AUloaded_bitmap@@PEAUthread_context@@P6A?AUdebug_read_file_result@@0PEAD@Z1@Z 0000000180013f20 f   p5engine.obj
 0002:000034c0       ?DrawBitmap@@YAXPEAUgame_offscreen_buffer@@PEAUloaded_bitmap@@MMM@Z 00000001800144c0 f   p5engine.obj
 0002:00003a40       ?DrawHitpoints@@YAXPEAUsim_entity@@PEAUentity_visible_piece_group@@@Z 0000000180014a40 f   p5engine.obj
 0002:00003d40       ?DrawRectangle@@YAXPEAUgame_offscreen_buffer@@Tv2@@1MMM@Z 0000000180014d40 f   p5engine.obj
 0002:00003fe0       ?EndSim@@YAXPEAUsim_region@@PEAUgame_state@@@Z 0000000180014fe0 f   p5engine.obj
 0002:00004410       ?GameOutputSound@@YAXPEAUgame_state@@PEAUgame_sound_output_buffer@@H@Z 0000000180015410 f   p5engine.obj
 0002:00004500       ?GetHashFromStorageIndex@@YAPEAUsim_entity_hash@@PEAUsim_region@@I@Z 0000000180015500 f   p5engine.obj
 0002:00004be0       ?InitHitPoints@@YAXPEAUlow_entity@@I@Z 0000000180015be0 f   p5engine.obj
 0002:00004d20       ?InitializeWorld@@YAXPEAUworld@@M@Z 0000000180015d20 f   p5engine.obj
 0002:000055e0       ?MoveEntity@@YAXPEAUsim_region@@PEAUsim_entity@@MPEAUmove_spec@@Tv2@@@Z 00000001800165e0 f   p5engine.obj
 0002:00006de0       ?Subtract@@YA?ATv3@@PEAUworld@@PEAUworld_position@@1@Z 0000000180017de0 f   p5engine.obj
 0002:00007030       ?TestWall@@YAHMMMMMPEAMMM@Z 0000000180018030 f   p5engine.obj
 0002:0000a320       $$000000                   000000018001b320     MSVCRTD:chkstk.obj
 0002:0000a3a0       $$000000                   000000018001b3a0     MSVCRTD:amdsecgs.obj
 0002:0000a3e0       ?dllmain_crt_dispatch@@YAHQEAUHINSTANCE__@@KQEAX@Z 000000018001b3e0 f   MSVCRTD:dll_dllmain.obj
 0002:0000a490       ?dllmain_crt_process_attach@@YAHQEAUHINSTANCE__@@QEAX@Z 000000018001b490 f   MSVCRTD:dll_dllmain.obj
 0002:0000a620       ?dllmain_crt_process_detach@@YAH_N@Z 000000018001b620 f   MSVCRTD:dll_dllmain.obj
 0002:0000a6e0       ?dllmain_dispatch@@YAHQEAUHINSTANCE__@@KQEAX@Z 000000018001b6e0 f   MSVCRTD:dll_dllmain.obj
 0002:0000a870       ?dllmain_raw@@YAHQEAUHINSTANCE__@@KQEAX@Z 000000018001b870 f   MSVCRTD:dll_dllmain.obj
 0002:0000a970       ?DebuggerProbe@@YA_NK@Z    000000018001b970 f   MSVCRTD:error.obj
 0002:0000a9c0       ?DebuggerRuntime@@YA_NKHPEAXPEB_W@Z 000000018001b9c0 f   MSVCRTD:error.obj
 0002:0000ad50       ?_getMemBlockDataString@@YAXPEAD0PEBD_K@Z 000000018001bd50 f   MSVCRTD:error.obj
 0002:0000ae30       ?_strlen_priv@@YA_KPEBD@Z  000000018001be30 f   MSVCRTD:error.obj
 0002:0000ae50       ?failwithmessage@@YAXPEAXHHPEBD@Z 000000018001be50 f   MSVCRTD:error.obj
 0002:0000b150       ?notify_debugger@@YAXAEBUtagEXCEPTION_VISUALCPP_DEBUG_INFO@@@Z 000000018001c150 f   MSVCRTD:error.obj
 0002:0000b7b0       capture_current_context    000000018001c7b0 f   MSVCRTD:gs_report.obj
 0002:0000b870       capture_previous_context   000000018001c870 f   MSVCRTD:gs_report.obj
 0002:0000b950       __get_entropy              000000018001c950 f   MSVCRTD:gs_support.obj
 0002:0000bc00       ?find_pe_section@@YAPEAU_IMAGE_SECTION_HEADER@@QEAE_K@Z 000000018001cc00 f   MSVCRTD:utility.obj
 0002:0000bd20       ?is_potentially_valid_image_base@@YA_NQEAX@Z 000000018001cd20 f   MSVCRTD:utility.obj
 0002:0000cac0       __castguard_compat_check   000000018001dac0 f   MSVCRTD:guard_support.obj
 0002:0000cca0       __castguard_slow_path_compat_check 000000018001dca0 f   MSVCRTD:guard_support.obj
 0002:0000cd90       ?GetPdbDll@@YAPEAUHINSTANCE__@@XZ 000000018001dd90 f   MSVCRTD:pdblkup.obj
 0002:0000cf30       ?GetPdbDllFromInstallPath@@YAPEAUHINSTANCE__@@XZ 000000018001df30 f   MSVCRTD:pdblkup.obj
 0002:0000d290       ?GetPdbDllPathFromFilePath@@YAHPEB_WPEA_W_K@Z 000000018001e290 f   MSVCRTD:pdblkup.obj
 0002:0000f3a0       $$000000                   00000001800203a0     MSVCRTD:guard_dispatch.obj
 0002:0000f3c0       $$000000                   00000001800203c0     MSVCRTD:guard_xfg_dispatch.obj
 0002:000103e0       ?fin$0@?0??dllmain_crt_process_attach@@YAHQEAUHINSTANCE__@@QEAX@Z@4HA 00000001800213e0 f   MSVCRTD:dll_dllmain.obj
 0002:00010400       ?fin$0@?0??dllmain_crt_process_detach@@YAH_N@Z@4HA 0000000180021400 f   MSVCRTD:dll_dllmain.obj
 0002:0001041a       ?fin$1@?0??dllmain_crt_process_detach@@YAH_N@Z@4HA 000000018002141a f   MSVCRTD:dll_dllmain.obj
 0002:00010440       ?filt$0@?0??dllmain_dispatch@@YAHQEAUHINSTANCE__@@KQEAX@Z@4HA 0000000180021440 f   MSVCRTD:dll_dllmain.obj
 0002:000104a0       ?filt$0@?0??notify_debugger@@YAXAEBUtagEXCEPTION_VISUALCPP_DEBUG_INFO@@@Z@4HA 00000001800214a0 f   MSVCRTD:error.obj
 0002:000104d0       __scrt_is_nonwritable_in_current_image$filt$0 00000001800214d0 f   MSVCRTD:utility.obj
 0003:00000880       ?FindLeastSignificantSetBit@@YA?AUbit_scan_result@@I@Z$rtcName$0 0000000180023880     p5engine.obj
 0003:00000890       ?FindLeastSignificantSetBit@@YA?AUbit_scan_result@@I@Z$rtcVarDesc 0000000180023890     p5engine.obj
 0003:000008d0       ?FindLeastSignificantSetBit@@YA?AUbit_scan_result@@I@Z$rtcFrameData 00000001800238d0     p5engine.obj
 0003:00000900       ?V2@@YA?ATv2@@MM@Z$rtcName$0 0000000180023900     p5engine.obj
 0003:00000910       ?V2@@YA?ATv2@@MM@Z$rtcVarDesc 0000000180023910     p5engine.obj
 0003:00000950       ?V2@@YA?ATv2@@MM@Z$rtcFrameData 0000000180023950     p5engine.obj
 0003:00000980       ?V3@@YA?ATv3@@MMM@Z$rtcName$0 0000000180023980     p5engine.obj
 0003:00000990       ?V3@@YA?ATv3@@MMM@Z$rtcVarDesc 0000000180023990     p5engine.obj
 0003:000009d0       ?V3@@YA?ATv3@@MMM@Z$rtcFrameData 00000001800239d0     p5engine.obj
 0003:00000a00       ?V4@@YA?ATv4@@MMMM@Z$rtcName$0 0000000180023a00     p5engine.obj
 0003:00000a10       ?V4@@YA?ATv4@@MMMM@Z$rtcVarDesc 0000000180023a10     p5engine.obj
 0003:00000a50       ?V4@@YA?ATv4@@MMMM@Z$rtcFrameData 0000000180023a50     p5engine.obj
 0003:00000a80       ??D@YA?ATv2@@MT0@@Z$rtcName$0 0000000180023a80     p5engine.obj
 0003:00000a90       ??D@YA?ATv2@@MT0@@Z$rtcVarDesc 0000000180023a90     p5engine.obj
 0003:00000ad0       ??D@YA?ATv2@@MT0@@Z$rtcFrameData 0000000180023ad0     p5engine.obj
 0003:00000b00       ??D@YA?ATv3@@MT0@@Z$rtcName$0 0000000180023b00     p5engine.obj
 0003:00000b10       ??D@YA?ATv3@@MT0@@Z$rtcVarDesc 0000000180023b10     p5engine.obj
 0003:00000b50       ??D@YA?ATv3@@MT0@@Z$rtcFrameData 0000000180023b50     p5engine.obj
 0003:00000b80       ??D@YA?ATv2@@T0@M@Z$rtcName$0 0000000180023b80     p5engine.obj
 0003:00000b90       ??D@YA?ATv2@@T0@M@Z$rtcVarDesc 0000000180023b90     p5engine.obj
 0003:00000bd0       ??D@YA?ATv2@@T0@M@Z$rtcFrameData 0000000180023bd0     p5engine.obj
 0003:00000c00       ??H@YA?ATv2@@T0@0@Z$rtcName$0 0000000180023c00     p5engine.obj
 0003:00000c10       ??H@YA?ATv2@@T0@0@Z$rtcVarDesc 0000000180023c10     p5engine.obj
 0003:00000c50       ??H@YA?ATv2@@T0@0@Z$rtcFrameData 0000000180023c50     p5engine.obj
 0003:00000c80       ??G@YA?ATv2@@T0@0@Z$rtcName$0 0000000180023c80     p5engine.obj
 0003:00000c90       ??G@YA?ATv2@@T0@0@Z$rtcVarDesc 0000000180023c90     p5engine.obj
 0003:00000cd0       ??G@YA?ATv2@@T0@0@Z$rtcFrameData 0000000180023cd0     p5engine.obj
 0003:00000d00       ?GetMinCorner@@YA?ATv2@@Urectangle2@@@Z$rtcName$0 0000000180023d00     p5engine.obj
 0003:00000d10       ?GetMinCorner@@YA?ATv2@@Urectangle2@@@Z$rtcVarDesc 0000000180023d10     p5engine.obj
 0003:00000d50       ?GetMinCorner@@YA?ATv2@@Urectangle2@@@Z$rtcFrameData 0000000180023d50     p5engine.obj
 0003:00000d80       ?GetMaxCorner@@YA?ATv2@@Urectangle2@@@Z$rtcName$0 0000000180023d80     p5engine.obj
 0003:00000d90       ?GetMaxCorner@@YA?ATv2@@Urectangle2@@@Z$rtcVarDesc 0000000180023d90     p5engine.obj
 0003:00000dd0       ?GetMaxCorner@@YA?ATv2@@Urectangle2@@@Z$rtcFrameData 0000000180023dd0     p5engine.obj
 0003:00000e00       ?RectCenterHalfDim@@YA?AUrectangle2@@Tv2@@0@Z$rtcName$0 0000000180023e00     p5engine.obj
 0003:00000e10       ?RectCenterHalfDim@@YA?AUrectangle2@@Tv2@@0@Z$rtcVarDesc 0000000180023e10     p5engine.obj
 0003:00000e50       ?RectCenterHalfDim@@YA?AUrectangle2@@Tv2@@0@Z$rtcFrameData 0000000180023e50     p5engine.obj
 0003:00000e80       ?AddRadiusTo@@YA?AUrectangle2@@U1@MM@Z$rtcName$0 0000000180023e80     p5engine.obj
 0003:00000e90       ?AddRadiusTo@@YA?AUrectangle2@@U1@MM@Z$rtcVarDesc 0000000180023e90     p5engine.obj
 0003:00000ed0       ?AddRadiusTo@@YA?AUrectangle2@@U1@MM@Z$rtcFrameData 0000000180023ed0     p5engine.obj
 0003:00000f00       ?RectCenterDim@@YA?AUrectangle2@@Tv2@@0@Z$rtcName$0 0000000180023f00     p5engine.obj
 0003:00000f10       ?RectCenterDim@@YA?AUrectangle2@@Tv2@@0@Z$rtcVarDesc 0000000180023f10     p5engine.obj
 0003:00000f50       ?RectCenterDim@@YA?AUrectangle2@@Tv2@@0@Z$rtcFrameData 0000000180023f50     p5engine.obj
 0003:00000f80       ?NullPosition@@YA?AUworld_position@@XZ$rtcName$0 0000000180023f80     p5engine.obj
 0003:00000f90       ?NullPosition@@YA?AUworld_position@@XZ$rtcVarDesc 0000000180023f90     p5engine.obj
 0003:00000fd0       ?NullPosition@@YA?AUworld_position@@XZ$rtcFrameData 0000000180023fd0     p5engine.obj
 0003:00001000       ?MapIntoChunkSpace@@YA?AUworld_position@@PEAUworld@@U1@Tv2@@@Z$rtcName$0 0000000180024000     p5engine.obj
 0003:00001010       ?MapIntoChunkSpace@@YA?AUworld_position@@PEAUworld@@U1@Tv2@@@Z$rtcVarDesc 0000000180024010     p5engine.obj
 0003:00001050       ?MapIntoChunkSpace@@YA?AUworld_position@@PEAUworld@@U1@Tv2@@@Z$rtcFrameData 0000000180024050     p5engine.obj
 0003:00001080       ?ChunkPositionFromTilePosition@@YA?AUworld_position@@PEAUworld@@HHH@Z$rtcName$0 0000000180024080     p5engine.obj
 0003:00001090       ?ChunkPositionFromTilePosition@@YA?AUworld_position@@PEAUworld@@HHH@Z$rtcVarDesc 0000000180024090     p5engine.obj
 0003:000010d0       ?ChunkPositionFromTilePosition@@YA?AUworld_position@@PEAUworld@@HHH@Z$rtcFrameData 00000001800240d0     p5engine.obj
 0003:00001100       ?Subtract@@YA?ATv3@@PEAUworld@@PEAUworld_position@@1@Z$rtcName$0 0000000180024100     p5engine.obj
 0003:00001110       ?Subtract@@YA?ATv3@@PEAUworld@@PEAUworld_position@@1@Z$rtcVarDesc 0000000180024110     p5engine.obj
 0003:00001150       ?Subtract@@YA?ATv3@@PEAUworld@@PEAUworld_position@@1@Z$rtcFrameData 0000000180024150     p5engine.obj
 0003:00001180       ?GetSimSpacePos@@YA?ATv2@@PEAUsim_region@@PEAUlow_entity@@@Z$rtcName$0 0000000180024180     p5engine.obj
 0003:00001188       ?GetSimSpacePos@@YA?ATv2@@PEAUsim_region@@PEAUlow_entity@@@Z$rtcName$1 0000000180024188     p5engine.obj
 0003:00001190       ?GetSimSpacePos@@YA?ATv2@@PEAUsim_region@@PEAUlow_entity@@@Z$rtcVarDesc 0000000180024190     p5engine.obj
 0003:00001210       ?GetSimSpacePos@@YA?ATv2@@PEAUsim_region@@PEAUlow_entity@@@Z$rtcFrameData 0000000180024210     p5engine.obj
 0003:00001240       ?LoadEntityReference@@YAXPEAUgame_state@@PEAUsim_region@@PEATentity_reference@@@Z$rtcName$0 0000000180024240     p5engine.obj
 0003:00001250       ?LoadEntityReference@@YAXPEAUgame_state@@PEAUsim_region@@PEATentity_reference@@@Z$rtcVarDesc 0000000180024250     p5engine.obj
 0003:00001290       ?LoadEntityReference@@YAXPEAUgame_state@@PEAUsim_region@@PEATentity_reference@@@Z$rtcFrameData 0000000180024290     p5engine.obj
 0003:000012c0       ?BeginSim@@YAPEAUsim_region@@PEAUmemory_arena@@PEAUgame_state@@PEAUworld@@Uworld_position@@Urectangle2@@@Z$rtcName$0 00000001800242c0     p5engine.obj
 0003:000012d0       ?BeginSim@@YAPEAUsim_region@@PEAUmemory_arena@@PEAUgame_state@@PEAUworld@@Uworld_position@@Urectangle2@@@Z$rtcName$1 00000001800242d0     p5engine.obj
 0003:000012e0       ?BeginSim@@YAPEAUsim_region@@PEAUmemory_arena@@PEAUgame_state@@PEAUworld@@Uworld_position@@Urectangle2@@@Z$rtcName$2 00000001800242e0     p5engine.obj
 0003:000012f0       ?BeginSim@@YAPEAUsim_region@@PEAUmemory_arena@@PEAUgame_state@@PEAUworld@@Uworld_position@@Urectangle2@@@Z$rtcVarDesc 00000001800242f0     p5engine.obj
 0003:000013b0       ?BeginSim@@YAPEAUsim_region@@PEAUmemory_arena@@PEAUgame_state@@PEAUworld@@Uworld_position@@Urectangle2@@@Z$rtcFrameData 00000001800243b0     p5engine.obj
 0003:00001400       ?EndSim@@YAXPEAUsim_region@@PEAUgame_state@@@Z$rtcName$0 0000000180024400     p5engine.obj
 0003:00001408       ?EndSim@@YAXPEAUsim_region@@PEAUgame_state@@@Z$rtcName$1 0000000180024408     p5engine.obj
 0003:00001420       ?EndSim@@YAXPEAUsim_region@@PEAUgame_state@@@Z$rtcVarDesc 0000000180024420     p5engine.obj
 0003:000014a0       ?EndSim@@YAXPEAUsim_region@@PEAUgame_state@@@Z$rtcFrameData 00000001800244a0     p5engine.obj
 0003:000014e0       ?MoveEntity@@YAXPEAUsim_region@@PEAUsim_entity@@MPEAUmove_spec@@Tv2@@@Z$rtcName$0 00000001800244e0     p5engine.obj
 0003:000014f0       ?MoveEntity@@YAXPEAUsim_region@@PEAUsim_entity@@MPEAUmove_spec@@Tv2@@@Z$rtcName$1 00000001800244f0     p5engine.obj
 0003:000014fc       ?MoveEntity@@YAXPEAUsim_region@@PEAUsim_entity@@MPEAUmove_spec@@Tv2@@@Z$rtcName$8 00000001800244fc     p5engine.obj
 0003:00001500       ?MoveEntity@@YAXPEAUsim_region@@PEAUsim_entity@@MPEAUmove_spec@@Tv2@@@Z$rtcName$2 0000000180024500     p5engine.obj
 0003:0000150c       ?MoveEntity@@YAXPEAUsim_region@@PEAUsim_entity@@MPEAUmove_spec@@Tv2@@@Z$rtcName$3 000000018002450c     p5engine.obj
 0003:00001518       ?MoveEntity@@YAXPEAUsim_region@@PEAUsim_entity@@MPEAUmove_spec@@Tv2@@@Z$rtcName$4 0000000180024518     p5engine.obj
 0003:00001528       ?MoveEntity@@YAXPEAUsim_region@@PEAUsim_entity@@MPEAUmove_spec@@Tv2@@@Z$rtcName$5 0000000180024528     p5engine.obj
 0003:00001538       ?MoveEntity@@YAXPEAUsim_region@@PEAUsim_entity@@MPEAUmove_spec@@Tv2@@@Z$rtcName$6 0000000180024538     p5engine.obj
 0003:00001548       ?MoveEntity@@YAXPEAUsim_region@@PEAUsim_entity@@MPEAUmove_spec@@Tv2@@@Z$rtcName$7 0000000180024548     p5engine.obj
 0003:00001560       ?MoveEntity@@YAXPEAUsim_region@@PEAUsim_entity@@MPEAUmove_spec@@Tv2@@@Z$rtcVarDesc 0000000180024560     p5engine.obj
 0003:000017a0       ?MoveEntity@@YAXPEAUsim_region@@PEAUsim_entity@@MPEAUmove_spec@@Tv2@@@Z$rtcFrameData 00000001800247a0     p5engine.obj
 0003:00001840       ?DefaultMoveSpec@@YA?AUmove_spec@@XZ$rtcName$0 0000000180024840     p5engine.obj
 0003:00001850       ?DefaultMoveSpec@@YA?AUmove_spec@@XZ$rtcVarDesc 0000000180024850     p5engine.obj
 0003:00001890       ?DefaultMoveSpec@@YA?AUmove_spec@@XZ$rtcFrameData 0000000180024890     p5engine.obj
 0003:000018c0       ?DEBUGLoadBMP@@YA?AUloaded_bitmap@@PEAUthread_context@@P6A?AUdebug_read_file_result@@0PEAD@Z1@Z$rtcName$0 00000001800248c0     p5engine.obj
 0003:000018c8       ?DEBUGLoadBMP@@YA?AUloaded_bitmap@@PEAUthread_context@@P6A?AUdebug_read_file_result@@0PEAD@Z1@Z$rtcName$1 00000001800248c8     p5engine.obj
 0003:000018d8       ?DEBUGLoadBMP@@YA?AUloaded_bitmap@@PEAUthread_context@@P6A?AUdebug_read_file_result@@0PEAD@Z1@Z$rtcName$2 00000001800248d8     p5engine.obj
 0003:000018e0       ?DEBUGLoadBMP@@YA?AUloaded_bitmap@@PEAUthread_context@@P6A?AUdebug_read_file_result@@0PEAD@Z1@Z$rtcName$3 00000001800248e0     p5engine.obj
 0003:000018f0       ?DEBUGLoadBMP@@YA?AUloaded_bitmap@@PEAUthread_context@@P6A?AUdebug_read_file_result@@0PEAD@Z1@Z$rtcName$4 00000001800248f0     p5engine.obj
 0003:00001900       ?DEBUGLoadBMP@@YA?AUloaded_bitmap@@PEAUthread_context@@P6A?AUdebug_read_file_result@@0PEAD@Z1@Z$rtcName$5 0000000180024900     p5engine.obj
 0003:00001910       ?DEBUGLoadBMP@@YA?AUloaded_bitmap@@PEAUthread_context@@P6A?AUdebug_read_file_result@@0PEAD@Z1@Z$rtcVarDesc 0000000180024910     p5engine.obj
 0003:00001a90       ?DEBUGLoadBMP@@YA?AUloaded_bitmap@@PEAUthread_context@@P6A?AUdebug_read_file_result@@0PEAD@Z1@Z$rtcFrameData 0000000180024a90     p5engine.obj
 0003:00001b00       ?AddLowEntity@@YA?AUadd_low_entity_result@@PEAUgame_state@@W4entity_type@@Uworld_position@@@Z$rtcName$0 0000000180024b00     p5engine.obj
 0003:00001b10       ?AddLowEntity@@YA?AUadd_low_entity_result@@PEAUgame_state@@W4entity_type@@Uworld_position@@@Z$rtcVarDesc 0000000180024b10     p5engine.obj
 0003:00001b50       ?AddLowEntity@@YA?AUadd_low_entity_result@@PEAUgame_state@@W4entity_type@@Uworld_position@@@Z$rtcFrameData 0000000180024b50     p5engine.obj
 0003:00001b80       ?AddWall@@YA?AUadd_low_entity_result@@PEAUworld@@PEAUgame_state@@III@Z$rtcName$0 0000000180024b80     p5engine.obj
 0003:00001b84       ?AddWall@@YA?AUadd_low_entity_result@@PEAUworld@@PEAUgame_state@@III@Z$rtcName$1 0000000180024b84     p5engine.obj
 0003:00001b90       ?AddWall@@YA?AUadd_low_entity_result@@PEAUworld@@PEAUgame_state@@III@Z$rtcVarDesc 0000000180024b90     p5engine.obj
 0003:00001c10       ?AddWall@@YA?AUadd_low_entity_result@@PEAUworld@@PEAUgame_state@@III@Z$rtcFrameData 0000000180024c10     p5engine.obj
 0003:00001c40       ?AddSword@@YA?AUadd_low_entity_result@@PEAUgame_state@@@Z$rtcName$0 0000000180024c40     p5engine.obj
 0003:00001c50       ?AddSword@@YA?AUadd_low_entity_result@@PEAUgame_state@@@Z$rtcVarDesc 0000000180024c50     p5engine.obj
 0003:00001c90       ?AddSword@@YA?AUadd_low_entity_result@@PEAUgame_state@@@Z$rtcFrameData 0000000180024c90     p5engine.obj
 0003:00001cc0       ?AddPlayer@@YA?AUadd_low_entity_result@@PEAUgame_state@@@Z$rtcName$0 0000000180024cc0     p5engine.obj
 0003:00001cc4       ?AddPlayer@@YA?AUadd_low_entity_result@@PEAUgame_state@@@Z$rtcName$1 0000000180024cc4     p5engine.obj
 0003:00001ccc       ?AddPlayer@@YA?AUadd_low_entity_result@@PEAUgame_state@@@Z$rtcName$2 0000000180024ccc     p5engine.obj
 0003:00001ce0       ?AddPlayer@@YA?AUadd_low_entity_result@@PEAUgame_state@@@Z$rtcVarDesc 0000000180024ce0     p5engine.obj
 0003:00001da0       ?AddPlayer@@YA?AUadd_low_entity_result@@PEAUgame_state@@@Z$rtcFrameData 0000000180024da0     p5engine.obj
 0003:00001de0       ?AddMonstar@@YA?AUadd_low_entity_result@@PEAUgame_state@@III@Z$rtcName$0 0000000180024de0     p5engine.obj
 0003:00001de4       ?AddMonstar@@YA?AUadd_low_entity_result@@PEAUgame_state@@III@Z$rtcName$1 0000000180024de4     p5engine.obj
 0003:00001df0       ?AddMonstar@@YA?AUadd_low_entity_result@@PEAUgame_state@@III@Z$rtcVarDesc 0000000180024df0     p5engine.obj
 0003:00001e70       ?AddMonstar@@YA?AUadd_low_entity_result@@PEAUgame_state@@III@Z$rtcFrameData 0000000180024e70     p5engine.obj
 0003:00001ea0       ?AddFamiliar@@YA?AUadd_low_entity_result@@PEAUgame_state@@III@Z$rtcName$0 0000000180024ea0     p5engine.obj
 0003:00001ea4       ?AddFamiliar@@YA?AUadd_low_entity_result@@PEAUgame_state@@III@Z$rtcName$1 0000000180024ea4     p5engine.obj
 0003:00001eb0       ?AddFamiliar@@YA?AUadd_low_entity_result@@PEAUgame_state@@III@Z$rtcVarDesc 0000000180024eb0     p5engine.obj
 0003:00001f30       ?AddFamiliar@@YA?AUadd_low_entity_result@@PEAUgame_state@@III@Z$rtcFrameData 0000000180024f30     p5engine.obj
 0003:00001f60       ?PushBitmap@@YAXPEAUentity_visible_piece_group@@PEAUloaded_bitmap@@Tv2@@M2MM@Z$rtcName$0 0000000180024f60     p5engine.obj
 0003:00001f64       ?PushBitmap@@YAXPEAUentity_visible_piece_group@@PEAUloaded_bitmap@@Tv2@@M2MM@Z$rtcName$1 0000000180024f64     p5engine.obj
 0003:00001f70       ?PushBitmap@@YAXPEAUentity_visible_piece_group@@PEAUloaded_bitmap@@Tv2@@M2MM@Z$rtcVarDesc 0000000180024f70     p5engine.obj
 0003:00001ff0       ?PushBitmap@@YAXPEAUentity_visible_piece_group@@PEAUloaded_bitmap@@Tv2@@M2MM@Z$rtcFrameData 0000000180024ff0     p5engine.obj
 0003:00002020       ?DrawHitpoints@@YAXPEAUsim_entity@@PEAUentity_visible_piece_group@@@Z$rtcName$0 0000000180025020     p5engine.obj
 0003:0000202c       ?DrawHitpoints@@YAXPEAUsim_entity@@PEAUentity_visible_piece_group@@@Z$rtcName$1 000000018002502c     p5engine.obj
 0003:00002038       ?DrawHitpoints@@YAXPEAUsim_entity@@PEAUentity_visible_piece_group@@@Z$rtcName$2 0000000180025038     p5engine.obj
 0003:00002040       ?DrawHitpoints@@YAXPEAUsim_entity@@PEAUentity_visible_piece_group@@@Z$rtcName$3 0000000180025040     p5engine.obj
 0003:00002048       ?DrawHitpoints@@YAXPEAUsim_entity@@PEAUentity_visible_piece_group@@@Z$rtcFrameData 0000000180025048     p5engine.obj
 0003:00002060       ?DrawHitpoints@@YAXPEAUsim_entity@@PEAUentity_visible_piece_group@@@Z$rtcVarDesc 0000000180025060     p5engine.obj
 0003:000021a0       GameUpdateAndRender$rtcName$0 00000001800251a0     p5engine.obj
 0003:000021b0       GameUpdateAndRender$rtcName$1 00000001800251b0     p5engine.obj
 0003:000021c4       GameUpdateAndRender$rtcName$7 00000001800251c4     p5engine.obj
 0003:000021cc       GameUpdateAndRender$rtcName$10 00000001800251cc     p5engine.obj
 0003:000021d0       GameUpdateAndRender$rtcName$2 00000001800251d0     p5engine.obj
 0003:000021e0       GameUpdateAndRender$rtcName$3 00000001800251e0     p5engine.obj
 0003:000021ec       GameUpdateAndRender$rtcName$6 00000001800251ec     p5engine.obj
 0003:000021f4       GameUpdateAndRender$rtcName$8 00000001800251f4     p5engine.obj
 0003:000021fc       GameUpdateAndRender$rtcName$11 00000001800251fc     p5engine.obj
 0003:00002200       GameUpdateAndRender$rtcName$4 0000000180025200     p5engine.obj
 0003:00002210       GameUpdateAndRender$rtcName$5 0000000180025210     p5engine.obj
 0003:00002220       GameUpdateAndRender$rtcName$9 0000000180025220     p5engine.obj
 0003:00002230       GameUpdateAndRender$rtcVarDesc 0000000180025230     p5engine.obj
 0003:00002530       GameUpdateAndRender$rtcFrameData 0000000180025530     p5engine.obj
 0003:000028a8       ?_RTC_ErrorMessages@@3QBQEBDB 00000001800258a8     MSVCRTD:error.obj
 0003:000028d8       ?_RTC_NoFalsePositives@@3QBHB 00000001800258d8     MSVCRTD:error.obj
 0003:000028f0       ?stack_premsg@@3QBDB       00000001800258f0     MSVCRTD:error.obj
 0003:00002910       ?stack_postmsg@@3QBDB      0000000180025910     MSVCRTD:error.obj
 0003:00002928       ?uninit_premsg@@3QBDB      0000000180025928     MSVCRTD:error.obj
 0003:00002938       ?uninit_postmsg@@3QBDB     0000000180025938     MSVCRTD:error.obj
 0003:00002fb8       ?_RTC_errlist@@3QBQEBDB    0000000180025fb8     MSVCRTD:userapi.obj
 0003:000030c0       GS_ExceptionPointers       00000001800260c0     MSVCRTD:gs_report.obj
 0003:000030d8       ?mspdbName@@3QB_WB         00000001800260d8     MSVCRTD:pdblkup.obj
 0003:00003108       ?debugCrtFileName@@3QB_WB  0000000180026108     MSVCRTD:pdblkup.obj
 0003:000032a0       ?dllExt@?1??GetPdbDllPathFromFilePath@@YAHPEB_WPEA_W_K@Z@4QB_WB 00000001800262a0     MSVCRTD:pdblkup.obj
 0003:000032b0       ?mspdbFilename@?1??GetPdbDllPathFromFilePath@@YAHPEB_WPEA_W_K@Z@4QB_WB 00000001800262b0     MSVCRTD:pdblkup.obj
 0003:00003b28       _RTC_InitBase.rtc$IMZ      0000000180026b28     p5engine.obj
 0003:00003e58       _RTC_Shutdown.rtc$TMZ      0000000180026e58     p5engine.obj
 0003:00004078       $unwind$GetController      0000000180027078     p5engine.obj
 0003:0000408c       $unwind$?InitializeArena@@YAXPEAUmemory_arena@@_KPEAX@Z 000000018002708c     p5engine.obj
 0003:000040a0       $unwind$?PushSize_@@YAPEAXPEAUmemory_arena@@_K@Z 00000001800270a0     p5engine.obj
 0003:000040b4       $unwind$?ZeroSize@@YAX_KPEAX@Z 00000001800270b4     p5engine.obj
 0003:000040c8       $unwind$?SquareRoot@@YAMM@Z 00000001800270c8     p5engine.obj
 0003:000040dc       $unwind$?AbsoluteValue@@YAMM@Z 00000001800270dc     p5engine.obj
 0003:000040f0       $unwind$?RotateLeft@@YAIIH@Z 00000001800270f0     p5engine.obj
 0003:00004104       $unwind$?RoundReal32ToInt32@@YAHM@Z 0000000180027104     p5engine.obj
 0003:00004118       $unwind$?RoundReal32ToUInt32@@YAIM@Z 0000000180027118     p5engine.obj
 0003:0000412c       $unwind$?Sin@@YAMM@Z       000000018002712c     p5engine.obj
 0003:00004140       $unwind$?FindLeastSignificantSetBit@@YA?AUbit_scan_result@@I@Z 0000000180027140     p5engine.obj
 0003:0000415c       $unwind$?V2@@YA?ATv2@@MM@Z 000000018002715c     p5engine.obj
 0003:00004178       $unwind$?V3@@YA?ATv3@@MMM@Z 0000000180027178     p5engine.obj
 0003:00004194       $unwind$?V4@@YA?ATv4@@MMMM@Z 0000000180027194     p5engine.obj
 0003:000041b0       $unwind$??D@YA?ATv2@@MT0@@Z 00000001800271b0     p5engine.obj
 0003:000041cc       $unwind$??D@YA?ATv3@@MT0@@Z 00000001800271cc     p5engine.obj
 0003:000041e8       $unwind$??D@YA?ATv2@@T0@M@Z 00000001800271e8     p5engine.obj
 0003:000041fc       $unwind$??X@YAAEATv2@@AEAT0@M@Z 00000001800271fc     p5engine.obj
 0003:00004210       $unwind$??X@YAAEATv3@@AEAT0@M@Z 0000000180027210     p5engine.obj
 0003:00004224       $unwind$??H@YA?ATv2@@T0@0@Z 0000000180027224     p5engine.obj
[...]
 0003:0000437c       $unwind$?ClearFlag@@YAXPEAUsim_entity@@W4entity_flag@@@Z 000000018002737c     p5engine.obj
 0003:00004390       $unwind$?MakeEntityNonSpatial@@YAXPEAUsim_entity@@@Z 0000000180027390     p5engine.obj
 0003:000043a4       $unwind$?MakeEntitySpatial@@YAXPEAUsim_entity@@Tv2@@1@Z 00000001800273a4     p5engine.obj
 0003:000043b8       $unwind$?GetLowEntity@@YAPEAUlow_entity@@PEAUgame_state@@I@Z 00000001800273b8     p5engine.obj
 0003:000043cc       $unwind$?NullPosition@@YA?AUworld_position@@XZ 00000001800273cc     p5engine.obj
 0003:000043e8       $unwind$?IsValid@@YAHUworld_position@@@Z 00000001800273e8     p5engine.obj
 0003:000043fc       $unwind$?IsCanonical@@YAHPEAUworld@@M@Z 00000001800273fc     p5engine.obj
 0003:00004410       $unwind$?IsCanonical@@YAHPEAUworld@@Tv2@@@Z 0000000180027410     p5engine.obj
 0003:00004424       $unwind$?AreInSameChunk@@YAHPEAUworld@@PEAUworld_position@@1@Z 0000000180027424     p5engine.obj
 0003:00004438       $unwind$?GetWorldChunk@@YAPEAUworld_chunk@@PEAUworld@@HHHPEAUmemory_arena@@@Z 0000000180027438     p5engine.obj
 0003:0000444c       $unwind$?InitializeWorld@@YAXPEAUworld@@M@Z 000000018002744c     p5engine.obj
 0003:00004460       $unwind$?RecanonicalizeCoord@@YAXPEAUworld@@PEAHPEAM@Z 0000000180027460     p5engine.obj
 0003:00004474       $unwind$?MapIntoChunkSpace@@YA?AUworld_position@@PEAUworld@@U1@Tv2@@@Z 0000000180027474     p5engine.obj
 0003:00004490       $unwind$?ChunkPositionFromTilePosition@@YA?AUworld_position@@PEAUworld@@HHH@Z 0000000180027490     p5engine.obj
 0003:000044ac       $unwind$?Subtract@@YA?ATv3@@PEAUworld@@PEAUworld_position@@1@Z 00000001800274ac     p5engine.obj
 0003:000044c8       $unwind$?ChangeEntityLocationRaw@@YAXPEAUmemory_arena@@PEAUworld@@IPEAUworld_position@@2@Z 00000001800274c8     p5engine.obj
 0003:000044dc       $unwind$?ChangeEntityLocation@@YAXPEAUmemory_arena@@PEAUworld@@IPEAUlow_entity@@Uworld_position@@@Z 00000001800274dc     p5engine.obj
 0003:000044f0       $unwind$?GetHashFromStorageIndex@@YAPEAUsim_entity_hash@@PEAUsim_region@@I@Z 00000001800274f0     p5engine.obj
 0003:00004504       $unwind$?GetSimSpacePos@@YA?ATv2@@PEAUsim_region@@PEAUlow_entity@@@Z 0000000180027504     p5engine.obj
 0003:00004518       $unwind$?AddEntity@@YAPEAUsim_entity@@PEAUgame_state@@PEAUsim_region@@IPEAUlow_entity@@PEATv2@@@Z 0000000180027518     p5engine.obj
 0003:0000452c       $unwind$?LoadEntityReference@@YAXPEAUgame_state@@PEAUsim_region@@PEATentity_reference@@@Z 000000018002752c     p5engine.obj
 0003:00004548       $unwind$?StoreEntityReference@@YAXPEATentity_reference@@@Z 0000000180027548     p5engine.obj
 0003:0000455c       $unwind$?AddEntityRaw@@YAPEAUsim_entity@@PEAUgame_state@@PEAUsim_region@@IPEAUlow_entity@@@Z 000000018002755c     p5engine.obj
 0003:00004570       $unwind$?BeginSim@@YAPEAUsim_region@@PEAUmemory_arena@@PEAUgame_state@@PEAUworld@@Uworld_position@@Urectangle2@@@Z 0000000180027570     p5engine.obj
 0003:0000458c       $unwind$?EndSim@@YAXPEAUsim_region@@PEAUgame_state@@@Z 000000018002758c     p5engine.obj
 0003:000045a0       $unwind$?TestWall@@YAHMMMMMPEAMMM@Z 00000001800275a0     p5engine.obj
 0003:000045b4       $unwind$?MoveEntity@@YAXPEAUsim_region@@PEAUsim_entity@@MPEAUmove_spec@@Tv2@@@Z 00000001800275b4     p5engine.obj
 0003:000045d0       $unwind$?DefaultMoveSpec@@YA?AUmove_spec@@XZ 00000001800275d0     p5engine.obj
 0003:000045ec       $unwind$?GameOutputSound@@YAXPEAUgame_state@@PEAUgame_sound_output_buffer@@H@Z 00000001800275ec     p5engine.obj
 0003:00004600       $unwind$?DrawRectangle@@YAXPEAUgame_offscreen_buffer@@Tv2@@1MMM@Z 0000000180027600     p5engine.obj
 0003:00004614       $unwind$?DrawBitmap@@YAXPEAUgame_offscreen_buffer@@PEAUloaded_bitmap@@MMM@Z 0000000180027614     p5engine.obj
 0003:00004628       $unwind$?DEBUGLoadBMP@@YA?AUloaded_bitmap@@PEAUthread_context@@P6A?AUdebug_read_file_result@@0PEAD@Z1@Z 0000000180027628     p5engine.obj
 0003:00004644       $unwind$?AddLowEntity@@YA?AUadd_low_entity_result@@PEAUgame_state@@W4entity_type@@Uworld_position@@@Z 0000000180027644     p5engine.obj
 0003:00004660       $unwind$?AddWall@@YA?AUadd_low_entity_result@@PEAUworld@@PEAUgame_state@@III@Z 0000000180027660     p5engine.obj
 0003:00004674       $unwind$?InitHitPoints@@YAXPEAUlow_entity@@I@Z 0000000180027674     p5engine.obj
 0003:00004688       $unwind$?AddSword@@YA?AUadd_low_entity_result@@PEAUgame_state@@@Z 0000000180027688     p5engine.obj
 0003:0000469c       $unwind$?AddPlayer@@YA?AUadd_low_entity_result@@PEAUgame_state@@@Z 000000018002769c     p5engine.obj
 0003:000046b0       $unwind$?AddMonstar@@YA?AUadd_low_entity_result@@PEAUgame_state@@III@Z 00000001800276b0     p5engine.obj
 0003:000046c4       $unwind$?AddFamiliar@@YA?AUadd_low_entity_result@@PEAUgame_state@@III@Z 00000001800276c4     p5engine.obj
 0003:000046d8       $unwind$?PushPiece@@YAXPEAUentity_visible_piece_group@@PEAUloaded_bitmap@@Tv2@@2M2Tv4@@M@Z 00000001800276d8     p5engine.obj
 0003:000046ec       $unwind$?PushBitmap@@YAXPEAUentity_visible_piece_group@@PEAUloaded_bitmap@@Tv2@@M2MM@Z 00000001800276ec     p5engine.obj
 0003:00004700       $unwind$?PushRect@@YAXPEAUentity_visible_piece_group@@Tv2@@M1Tv4@@M@Z 0000000180027700     p5engine.obj
 0003:00004714       $unwind$?DrawHitpoints@@YAXPEAUsim_entity@@PEAUentity_visible_piece_group@@@Z 0000000180027714     p5engine.obj
 0003:00004730       $unwind$GameUpdateAndRender 0000000180027730     p5engine.obj
 0003:0000474c       $unwind$GameGetSoundSamples 000000018002774c     p5engine.obj
 0003:00004760       $unwind$_RTC_CheckStackVars 0000000180027760     MSVCRTD:stack.obj
 0003:00004774       $chain$0$_RTC_CheckStackVars 0000000180027774     MSVCRTD:stack.obj
 0003:0000478c       $chain$1$_RTC_CheckStackVars 000000018002778c     MSVCRTD:stack.obj
 0003:000047a0       $unwind$_RTC_CheckStackVars2 00000001800277a0     MSVCRTD:stack.obj
 0003:000047b0       $chain$1$_RTC_CheckStackVars2 00000001800277b0     MSVCRTD:stack.obj
 0003:000047cc       $chain$2$_RTC_CheckStackVars2 00000001800277cc     MSVCRTD:stack.obj
 0003:000047e4       $chain$3$_RTC_CheckStackVars2 00000001800277e4     MSVCRTD:stack.obj
 0003:000047fc       $chain$4$_RTC_CheckStackVars2 00000001800277fc     MSVCRTD:stack.obj
 0003:00004810       $chain$5$_RTC_CheckStackVars2 0000000180027810     MSVCRTD:stack.obj
 0003:00004824       $chain$6$_RTC_CheckStackVars2 0000000180027824     MSVCRTD:stack.obj
 0003:00004838       $unwind$_RTC_AllocaHelper  0000000180027838     MSVCRTD:stack.obj
 0003:00004840       $chain$0$_RTC_AllocaHelper 0000000180027840     MSVCRTD:stack.obj
 0003:00004858       $chain$1$_RTC_AllocaHelper 0000000180027858     MSVCRTD:stack.obj
 0003:0000486c       $unwind$_RTC_Shutdown      000000018002786c     MSVCRTD:init.obj
 0003:00004874       $unwind$_RTC_InitBase      0000000180027874     MSVCRTD:init.obj
 0003:0000487c       $unwind$__CheckForDebuggerJustMyCode 000000018002787c     MSVCRTD:debugger_jmc.obj
 0003:00004884       $unwind$__GSHandlerCheckCommon 0000000180027884     MSVCRTD:gshandler.obj
 0003:0000488c       $unwind$__GSHandlerCheck   000000018002788c     MSVCRTD:gshandler.obj
 0003:00004898       $xdatasym                  0000000180027898     MSVCRTD:chkstk.obj
 0003:000048a0       $xdatasym                  00000001800278a0     MSVCRTD:amdsecgs.obj
 0003:000048a4       $unwind$?dllmain_crt_process_attach@@YAHQEAUHINSTANCE__@@QEAX@Z 00000001800278a4     MSVCRTD:dll_dllmain.obj
 0003:000048c8       $unwind$?fin$0@?0??dllmain_crt_process_attach@@YAHQEAUHINSTANCE__@@QEAX@Z@4HA 00000001800278c8     MSVCRTD:dll_dllmain.obj
 0003:000048d0       $unwind$?dllmain_crt_process_detach@@YAH_N@Z 00000001800278d0     MSVCRTD:dll_dllmain.obj
 0003:00004904       $unwind$?fin$0@?0??dllmain_crt_process_detach@@YAH_N@Z@4HA 0000000180027904     MSVCRTD:dll_dllmain.obj
 0003:0000490c       $unwind$?fin$1@?0??dllmain_crt_process_detach@@YAH_N@Z@4HA 000000018002790c     MSVCRTD:dll_dllmain.obj
 0003:00004914       $unwind$?dllmain_crt_dispatch@@YAHQEAUHINSTANCE__@@KQEAX@Z 0000000180027914     MSVCRTD:dll_dllmain.obj
 0003:0000491c       $unwind$_CRT_INIT          000000018002791c     MSVCRTD:dll_dllmain.obj
 0003:00004924       $unwind$?dllmain_raw@@YAHQEAUHINSTANCE__@@KQEAX@Z 0000000180027924     MSVCRTD:dll_dllmain.obj
 0003:0000492c       $unwind$?dllmain_dispatch@@YAHQEAUHINSTANCE__@@KQEAX@Z 000000018002792c     MSVCRTD:dll_dllmain.obj
 0003:00004950       $unwind$?filt$0@?0??dllmain_dispatch@@YAHQEAUHINSTANCE__@@KQEAX@Z@4HA 0000000180027950     MSVCRTD:dll_dllmain.obj
 0003:00004958       $unwind$_DllMainCRTStartup 0000000180027958     MSVCRTD:dll_dllmain.obj
 0003:00004960       $unwind$_RTC_UninitUse     0000000180027960     MSVCRTD:error.obj
 0003:0000497c       $unwind$?_RTC_StackFailure@@YAXPEAXPEBD@Z 000000018002797c     MSVCRTD:error.obj
 0003:0000499c       $unwind$?_RTC_AllocaFailure@@YAXPEAXPEAU_RTC_ALLOCA_NODE@@H@Z 000000018002799c     MSVCRTD:error.obj
 0003:000049b8       $chain$0$?_RTC_AllocaFailure@@YAXPEAXPEAU_RTC_ALLOCA_NODE@@H@Z 00000001800279b8     MSVCRTD:error.obj
 0003:000049d0       $chain$1$?_RTC_AllocaFailure@@YAXPEAXPEAU_RTC_ALLOCA_NODE@@H@Z 00000001800279d0     MSVCRTD:error.obj
 0003:000049e4       $unwind$_vsprintf_s_l      00000001800279e4     MSVCRTD:error.obj
 0003:000049fc       $unwind$sprintf_s          00000001800279fc     MSVCRTD:error.obj
 0003:00004a04       $unwind$?notify_debugger@@YAXAEBUtagEXCEPTION_VISUALCPP_DEBUG_INFO@@@Z 0000000180027a04     MSVCRTD:error.obj
 0003:00004a28       $unwind$?filt$0@?0??notify_debugger@@YAXAEBUtagEXCEPTION_VISUALCPP_DEBUG_INFO@@@Z@4HA 0000000180027a28     MSVCRTD:error.obj
 0003:00004a30       $unwind$?DebuggerProbe@@YA_NK@Z 0000000180027a30     MSVCRTD:error.obj
 0003:00004a38       $unwind$?DebuggerRuntime@@YA_NKHPEAXPEB_W@Z 0000000180027a38     MSVCRTD:error.obj
 0003:00004a40       $unwind$?failwithmessage@@YAXPEAXHHPEBD@Z 0000000180027a40     MSVCRTD:error.obj
 0003:00004a68       $unwind$?_getMemBlockDataString@@YAXPEAD0PEBD_K@Z 0000000180027a68     MSVCRTD:error.obj
 0003:00004a7c       $chain$3$?_getMemBlockDataString@@YAXPEAD0PEBD_K@Z 0000000180027a7c     MSVCRTD:error.obj
 0003:00004aa0       $chain$4$?_getMemBlockDataString@@YAXPEAD0PEBD_K@Z 0000000180027aa0     MSVCRTD:error.obj
 0003:00004ab4       $unwind$__report_securityfailure 0000000180027ab4     MSVCRTD:gs_report.obj
 0003:00004abc       $unwind$__report_securityfailureEx 0000000180027abc     MSVCRTD:gs_report.obj
 0003:00004ac4       $unwind$__report_rangecheckfailure 0000000180027ac4     MSVCRTD:gs_report.obj
 0003:00004acc       $unwind$__report_gsfailure 0000000180027acc     MSVCRTD:gs_report.obj
 0003:00004ad4       $unwind$capture_current_context 0000000180027ad4     MSVCRTD:gs_report.obj
 0003:00004adc       $unwind$capture_previous_context 0000000180027adc     MSVCRTD:gs_report.obj
 0003:00004ae4       $unwind$__raise_securityfailure 0000000180027ae4     MSVCRTD:gs_report.obj
 0003:00004aec       $unwind$__security_init_cookie 0000000180027aec     MSVCRTD:gs_support.obj
 0003:00004af4       $unwind$__get_entropy      0000000180027af4     MSVCRTD:gs_support.obj
 0003:00004afc       $unwind$DllMain            0000000180027afc     MSVCRTD:dll_dllmain_stub.obj
 0003:00004b04       $unwind$?__scrt_initialize_type_info@@YAXXZ 0000000180027b04     MSVCRTD:tncleanup.obj
 0003:00004b0c       $unwind$?__scrt_uninitialize_type_info@@YAXXZ 0000000180027b0c     MSVCRTD:tncleanup.obj
 0003:00004b14       $unwind$__scrt_initialize_default_local_stdio_options 0000000180027b14     MSVCRTD:default_local_stdio_options.obj
 0003:00004b1c       $unwind$atexit             0000000180027b1c     MSVCRTD:utility.obj
 0003:00004b24       $unwind$_onexit            0000000180027b24     MSVCRTD:utility.obj
 0003:00004b2c       $unwind$at_quick_exit      0000000180027b2c     MSVCRTD:utility.obj
 0003:00004b34       $unwind$__scrt_is_nonwritable_in_current_image 0000000180027b34     MSVCRTD:utility.obj
 0003:00004b58       $unwind$__scrt_is_nonwritable_in_current_image$filt$0 0000000180027b58     MSVCRTD:utility.obj
 0003:00004b60       $unwind$__scrt_acquire_startup_lock 0000000180027b60     MSVCRTD:utility.obj
 0003:00004b68       $unwind$__scrt_release_startup_lock 0000000180027b68     MSVCRTD:utility.obj
 0003:00004b70       $unwind$__scrt_initialize_crt 0000000180027b70     MSVCRTD:utility.obj
 0003:00004b78       $unwind$__scrt_uninitialize_crt 0000000180027b78     MSVCRTD:utility.obj
 0003:00004b80       $unwind$__scrt_initialize_onexit_tables 0000000180027b80     MSVCRTD:utility.obj
 0003:00004b90       $unwind$__scrt_dllmain_exception_filter 0000000180027b90     MSVCRTD:utility.obj
 0003:00004b98       $unwind$__scrt_dllmain_before_initialize_c 0000000180027b98     MSVCRTD:utility.obj
 0003:00004ba0       $unwind$__scrt_dllmain_after_initialize_c 0000000180027ba0     MSVCRTD:utility.obj
 0003:00004ba8       $unwind$__scrt_dllmain_uninitialize_c 0000000180027ba8     MSVCRTD:utility.obj
 0003:00004bb0       $unwind$__scrt_dllmain_uninitialize_critical 0000000180027bb0     MSVCRTD:utility.obj
 0003:00004bb8       $unwind$__scrt_dllmain_crt_thread_attach 0000000180027bb8     MSVCRTD:utility.obj
 0003:00004bc0       $unwind$__scrt_dllmain_crt_thread_detach 0000000180027bc0     MSVCRTD:utility.obj
 0003:00004bc8       $unwind$?configure_argv@__scrt_narrow_argv_policy@@SAHXZ 0000000180027bc8     MSVCRTD:utility.obj
 0003:00004bd0       $unwind$?initialize_environment@__scrt_narrow_environment_policy@@SAHXZ 0000000180027bd0     MSVCRTD:utility.obj
 0003:00004bd8       $unwind$?is_potentially_valid_image_base@@YA_NQEAX@Z 0000000180027bd8     MSVCRTD:utility.obj
 0003:00004be0       $unwind$?find_pe_section@@YAPEAU_IMAGE_SECTION_HEADER@@QEAE_K@Z 0000000180027be0     MSVCRTD:utility.obj
 0003:00004be8       $unwind$__scrt_get_show_window_mode 0000000180027be8     MSVCRTD:utility_desktop.obj
 0003:00004bf8       $unwind$__scrt_is_managed_app 0000000180027bf8     MSVCRTD:utility_desktop.obj
 0003:00004c00       $unwind$__scrt_initialize_mta 0000000180027c00     MSVCRTD:utility_desktop.obj
 0003:00004c08       $unwind$__scrt_set_unhandled_exception_filter 0000000180027c08     MSVCRTD:utility_desktop.obj
 0003:00004c10       $unwind$__scrt_fastfail    0000000180027c10     MSVCRTD:utility_desktop.obj
 0003:00004c20       $unwind$__scrt_unhandled_exception_filter 0000000180027c20     MSVCRTD:utility_desktop.obj
 0003:00004c28       $unwind$_RTC_Initialize    0000000180027c28     MSVCRTD:initsect.obj
 0003:00004c38       $unwind$_RTC_Terminate     0000000180027c38     MSVCRTD:initsect.obj
 0003:00004c48       $unwind$ReadNoFence64      0000000180027c48     MSVCRTD:guard_support.obj
 0003:00004c50       $unwind$ReadPointerNoFence 0000000180027c50     MSVCRTD:guard_support.obj
 0003:00004c58       $unwind$_guard_icall_checks_enforced 0000000180027c58     MSVCRTD:guard_support.obj
 0003:00004c60       $unwind$__castguard_compat_check 0000000180027c60     MSVCRTD:guard_support.obj
 0003:00004c68       $unwind$__castguard_check_failure_debugbreak 0000000180027c68     MSVCRTD:guard_support.obj
 0003:00004c70       $unwind$__castguard_check_failure_fastfail 0000000180027c70     MSVCRTD:guard_support.obj
 0003:00004c78       $unwind$__castguard_check_failure_os_handled 0000000180027c78     MSVCRTD:guard_support.obj
 0003:00004c80       $unwind$__castguard_slow_path_compat_check 0000000180027c80     MSVCRTD:guard_support.obj
 0003:00004c88       $unwind$__castguard_slow_path_check_debugbreak 0000000180027c88     MSVCRTD:guard_support.obj
 0003:00004c90       $unwind$__castguard_slow_path_check_fastfail 0000000180027c90     MSVCRTD:guard_support.obj
 0003:00004c98       $unwind$__castguard_slow_path_check_os_handled 0000000180027c98     MSVCRTD:guard_support.obj
 0003:00004ca0       $unwind$?_RTC_GetSrcLine@@YAHPEAEPEA_WKPEAH1K@Z 0000000180027ca0     MSVCRTD:pdblkup.obj
 0003:00004cbc       $unwind$?GetPdbDllFromInstallPath@@YAPEAUHINSTANCE__@@XZ 0000000180027cbc     MSVCRTD:pdblkup.obj
 0003:00004ce4       $unwind$?GetPdbDllPathFromFilePath@@YAHPEB_WPEA_W_K@Z 0000000180027ce4     MSVCRTD:pdblkup.obj
 0003:00004d00       $unwind$?GetPdbDll@@YAPEAUHINSTANCE__@@XZ 0000000180027d00     MSVCRTD:pdblkup.obj
 0003:00004d14       $unwind$__isa_available_init 0000000180027d14     MSVCRTD:cpu_disp.obj
 0003:00004d28       $unwind$__scrt_is_ucrt_dll_in_use 0000000180027d28     MSVCRTD:ucrt_detection.obj
 0003:00004d30       $xdatasym                  0000000180027d30     MSVCRTD:guard_dispatch.obj
 0003:00004d38       $xdatasym                  0000000180027d38     MSVCRTD:guard_xfg_dispatch.obj
 0003:00004fd0       .edata                     0000000180027fd0     P5Engine.exp
 0003:00004ff8       rgpv                       0000000180027ff8     P5Engine.exp
 0003:00005000       rgszName                   0000000180028000     P5Engine.exp
 0003:00005008       rgwOrd                     0000000180028008     P5Engine.exp
 0003:0000500c       szName                     000000018002800c     P5Engine.exp
 0003:00005019       $N00001                    0000000180028019     P5Engine.exp
 0003:0000502d       $N00002                    000000018002802d     P5Engine.exp
 0004:00000000       ?RandomNumberTable@@3PAIA  0000000180029000     p5engine.obj
 0004:00004e40       ?init@?1??_RTC_InitBase@@9@4_NA 000000018002de40     MSVCRTD:init.obj
 0004:00004e44       ?__proc_attached@@3HA      000000018002de44     MSVCRTD:dll_dllmain.obj
 0004:00004e58       ?_RTC_ErrorReportFunc@@3P6AHHPEBDH00ZZEA 000000018002de58     MSVCRTD:userapi.obj
 0004:00004e60       ?_RTC_ErrorReportFuncW@@3P6AHHPEB_WH00ZZEA 000000018002de60     MSVCRTD:userapi.obj
 0004:00004e70       GS_ExceptionRecord         000000018002de70     MSVCRTD:gs_report.obj
 0004:00004f10       GS_ContextRecord           000000018002df10     MSVCRTD:gs_report.obj
 0004:00005538       ?is_initialized_as_dll@@3_NA 000000018002e538     MSVCRTD:utility.obj
 0004:00005539       ?module_local_atexit_table_initialized@@3_NA 000000018002e539     MSVCRTD:utility.obj
 0004:00005540       ?module_local_atexit_table@@3U_onexit_table_t@@A 000000018002e540     MSVCRTD:utility.obj
 0004:00005558       ?module_local_at_quick_exit_table@@3U_onexit_table_t@@A 000000018002e558     MSVCRTD:utility.obj
 0004:00005598       ?mspdb@@3PEAUHINSTANCE__@@EA 000000018002e598     MSVCRTD:pdblkup.obj
 0004:000055a1       ?alreadyTried@?1??GetPdbDll@@YAPEAUHINSTANCE__@@XZ@4_NA 000000018002e5a1     MSVCRTD:pdblkup.obj
 0004:000055a2       ?PDBOK@?1??_RTC_GetSrcLine@@YAHPEAEPEA_WKPEAH1K@Z@4_NA 000000018002e5a2     MSVCRTD:pdblkup.obj
 0006:000007aa       .idata$6                   00000001800327aa     vcruntimed:VCRUNTIME140D.dll
 0006:0000095a       .idata$6                   000000018003295a     ucrtd:ucrtbased.dll
 0006:00000b9c       .idata$6                   0000000180032b9c     kernel32:KERNEL32.dll
 0007:00000000       __5C0B09BC_p5engine_platform@h 0000000180033000     p5engine.obj
 0007:00000001       __09340588_corecrt_math@h  0000000180033001     p5engine.obj
 0007:00000002       __B0C4CEA9_malloc@h        0000000180033002     p5engine.obj
 0007:00000003       __3A0418DB_p5engine_intrinsics@h 0000000180033003     p5engine.obj
 0007:00000004       __6D6C9F34_p5engine_math@h 0000000180033004     p5engine.obj
 0007:00000005       __326D9465_p5engine_entity@h 0000000180033005     p5engine.obj
 0007:00000006       __B7D51BCB_p5engine@h      0000000180033006     p5engine.obj
 0007:00000007       __DC0D61CC_p5engine_world@cpp 0000000180033007     p5engine.obj
 0007:00000008       __5DD8E4E4_p5engine_sim_region@cpp 0000000180033008     p5engine.obj
 0007:00000009       __9C871DF9_p5engine_entity@cpp 0000000180033009     p5engine.obj
 0007:0000000a       __D1049797_p5engine@cpp    000000018003300a     p5engine.obj
 0009:00000170       $R000000                   0000000180035170     * linker generated manifest res *
