 P5Engine

 Timestamp is 61566513 (Thu Sep 30 18:32:03 2021)

 Preferred load address is 0000000180000000

 Start         Length     Name                   Class
 0001:00000000 00010000H .textbss                DATA
 0002:00000000 00016820H .text$mn                CODE
 0002:00016820 00001040H .text$mn$00             CODE
 0002:00017860 00001141H .text$x                 CODE
 0003:00000000 00000110H .CRT$XCA                DATA
 0003:00000110 00000110H .CRT$XCZ                DATA
 0003:00000220 00000110H .CRT$XIA                DATA
 0003:00000330 00000110H .CRT$XIZ                DATA
 0003:00000440 00000110H .CRT$XPA                DATA
 0003:00000550 00000110H .CRT$XPZ                DATA
 0003:00000660 00000110H .CRT$XTA                DATA
 0003:00000770 00000110H .CRT$XTZ                DATA
 0003:00000880 00004900H .rdata                  DATA
 0003:00005180 00000110H .rdata$CastGuardVftablesA DATA
 0003:00005290 0000010cH .rdata$CastGuardVftablesC DATA
 0003:0000539c 0000017cH .rdata$zzzdbg           DATA
 0003:00005518 00000110H .rtc$IAA                DATA
 0003:00005628 00000110H .rtc$IMZ                DATA
 0003:00005738 00000110H .rtc$IZZ                DATA
 0003:00005848 00000110H .rtc$TAA                DATA
 0003:00005958 00000110H .rtc$TMZ                DATA
 0003:00005a68 00000110H .rtc$TZZ                DATA
 0003:00005b78 00001338H .xdata                  DATA
 0003:00006eb0 00000187H .edata                  DATA
 0004:00000000 00004e40H .data                   DATA
 0004:00004e40 00000788H .bss                    DATA
 0005:00000000 0000276cH .pdata                  DATA
 0006:00000000 00000330H .idata$5                DATA
 0006:00000330 0000003cH .idata$2                DATA
 0006:0000036c 00000014H .idata$3                DATA
 0006:00000380 00000330H .idata$4                DATA
 0006:000006b0 0000064dH .idata$6                DATA
 0007:00000000 0000010fH .msvcjmc                DATA
 0008:00000000 00000151H .00cfg                  DATA
 0009:00000000 00000170H .rsrc$01                DATA
 0009:00000170 000001b6H .rsrc$02                DATA

  Address         Publics by Value              Rva+Base               Lib:Object

 0000:00000000       __guard_iat_table          0000000000000000     <absolute>
 0000:00000000       __hybrid_auxiliary_iat_copy 0000000000000000     <absolute>
 0000:00000000       __guard_eh_cont_count      0000000000000000     <absolute>
 0000:00000000       __x64_code_ranges_to_entry_points_count 0000000000000000     <absolute>
 0000:00000000       __x64_code_ranges_to_entry_points 0000000000000000     <absolute>
 0000:00000000       __hybrid_auxiliary_iat     0000000000000000     <absolute>
 0000:00000000       __guard_longjmp_count      0000000000000000     <absolute>
 0000:00000000       __guard_longjmp_table      0000000000000000     <absolute>
 0000:00000000       __arm64x_redirection_metadata_count 0000000000000000     <absolute>
 0000:00000000       __enclave_config           0000000000000000     <absolute>
 0000:00000000       __hybrid_code_map_count    0000000000000000     <absolute>
 0000:00000000       __arm64x_redirection_metadata 0000000000000000     <absolute>
 0000:00000000       __guard_fids_table         0000000000000000     <absolute>
 0000:00000000       __guard_fids_count         0000000000000000     <absolute>
 0000:00000000       __dynamic_value_reloc_table 0000000000000000     <absolute>
 0000:00000000       __arm64x_extra_rfe_table   0000000000000000     <absolute>
 0000:00000000       __hybrid_code_map          0000000000000000     <absolute>
 0000:00000000       __volatile_metadata        0000000000000000     <absolute>
 0000:00000000       __AbsoluteZero             0000000000000000     <absolute>
 0000:00000000       __arm64x_native_entrypoint 0000000000000000     <absolute>
 0000:00000000       __arm64x_extra_rfe_table_size 0000000000000000     <absolute>
 0000:00000000       __guard_check_icall_a64n_fptr 0000000000000000     <absolute>
 0000:00000000       ___safe_se_handler_count   0000000000000000     <absolute>
 0000:00000000       ___safe_se_handler_table   0000000000000000     <absolute>
 0000:00000000       __guard_eh_cont_table      0000000000000000     <absolute>
 0000:00000000       __guard_iat_count          0000000000000000     <absolute>
 0000:00000100       __guard_flags              0000000000000100     <absolute>
 0000:00000000       __ImageBase                0000000180000000     <linker-defined>
 0001:00000000       __enc$textbss$begin        0000000180001000     <linker-defined>
 0001:00010000       __enc$textbss$end          0000000180011000     <linker-defined>
 0002:000009e0       ??D@YA?ATv2@@MT0@@Z        00000001800119e0 f i p5engine.obj
 0002:00000ad0       ??D@YA?ATv3@@MT0@@Z        0000000180011ad0 f i p5engine.obj
 0002:00000c10       ??D@YA?ATv3@@T0@M@Z        0000000180011c10 f i p5engine.obj
 0002:00000d10       ??G@YA?ATv2@@T0@0@Z        0000000180011d10 f i p5engine.obj
 0002:00000e00       ??G@YA?ATv3@@T0@0@Z        0000000180011e00 f i p5engine.obj
 0002:00000f50       ??H@YA?ATv2@@T0@0@Z        0000000180011f50 f i p5engine.obj
 0002:00001040       ??H@YA?ATv3@@T0@0@Z        0000000180012040 f i p5engine.obj
 0002:00001190       ??X@YAAEATv3@@AEAT0@M@Z    0000000180012190 f i p5engine.obj
 0002:00001250       ??Y@YAAEATv2@@AEAT0@T0@@Z  0000000180012250 f i p5engine.obj
 0002:000012d0       ??Y@YAAEATv3@@AEAT0@T0@@Z  00000001800122d0 f i p5engine.obj
 0002:000013b0       ??Z@YAAEATv3@@AEAT0@T0@@Z  00000001800123b0 f i p5engine.obj
 0002:00001490       ?AbsoluteValue@@YAMM@Z     0000000180012490 f i p5engine.obj
 0002:00001c90       ?AddFlags@@YAXPEAUsim_entity@@I@Z 0000000180012c90 f i p5engine.obj
 0002:00002450       ?AddRadiusTo@@YA?AUrectangle3@@U1@Tv3@@@Z 0000000180013450 f i p5engine.obj
 0002:00002f00       ?AreInSameChunk@@YAHPEAUworld@@PEAUworld_position@@1@Z 0000000180013f00 f i p5engine.obj
 0002:00003880       ?BeginTemporaryMemory@@YA?AUtemporary_memory@@PEAUmemory_arena@@@Z 0000000180014880 f i p5engine.obj
 0002:00003c00       ?CenteredChunkPoint@@YA?AUworld_position@@III@Z 0000000180014c00 f i p5engine.obj
 0002:00003ef0       ?ChangeEntityLocationRaw@@YAXPEAUmemory_arena@@PEAUworld@@IPEAUworld_position@@2@Z 0000000180014ef0 f i p5engine.obj
 0002:000043f0       ?CheckArena@@YAXPEAUmemory_arena@@@Z 00000001800153f0 f i p5engine.obj
 0002:00004450       ?ChunkPositionFromTilePosition@@YA?AUworld_position@@PEAUworld@@HHHTv3@@@Z 0000000180015450 f i p5engine.obj
 0002:000047c0       ?Clamp01@@YA?ATv2@@T1@@Z   00000001800157c0 f i p5engine.obj
 0002:000048a0       ?Clamp01@@YAMM@Z           00000001800158a0 f i p5engine.obj
 0002:00004900       ?Clamp@@YAMMMM@Z           0000000180015900 f i p5engine.obj
 0002:00004b60       ?ClearFlags@@YAXPEAUsim_entity@@I@Z 0000000180015b60 f i p5engine.obj
 0002:00005160       ?DefaultMoveSpec@@YA?AUmove_spec@@XZ 0000000180016160 f i p5engine.obj
 0002:000061d0       ?EndTemporaryMemory@@YAXUtemporary_memory@@@Z 00000001800171d0 f i p5engine.obj
 0002:000066b0       ?EntityOverlapsRectangle@@YAHTv3@@Usim_entity_collision_volume@@Urectangle3@@@Z 00000001800176b0 f i p5engine.obj
 0002:00006ff0       ?FindLeastSignificantSetBit@@YA?AUbit_scan_result@@I@Z 0000000180017ff0 f i p5engine.obj
 0002:000071b0       ?GetBarycentric@@YA?ATv2@@Urectangle2@@T1@@Z 00000001800181b0 f i p5engine.obj
 0002:000072f0       ?GetEntityGroundPoint@@YA?ATv3@@PEAUsim_entity@@@Z 00000001800182f0 f i p5engine.obj
 0002:000073f0       ?GetEntityGroundPoint@@YA?ATv3@@PEAUsim_entity@@T1@@Z 00000001800183f0 f i p5engine.obj
 0002:000075c0       ?GetLowEntity@@YAPEAUlow_entity@@PEAUgame_state@@I@Z 00000001800185c0 f i p5engine.obj
 0002:00007660       ?GetMaxCorner@@YA?ATv3@@Urectangle3@@@Z 0000000180018660 f i p5engine.obj
 0002:00007720       ?GetMinCorner@@YA?ATv3@@Urectangle3@@@Z 0000000180018720 f i p5engine.obj
 0002:000077e0       ?GetRenderEntityBasisPos@@YA?ATv2@@PEAUrender_group@@PEAUrender_entity_basis@@T1@@Z 00000001800187e0 f i p5engine.obj
 0002:000079d0       ?GetSimSpacePos@@YA?ATv3@@PEAUsim_region@@PEAUlow_entity@@@Z 00000001800189d0 f i p5engine.obj
 0002:00007b50       ?GetStairGround@@YAMPEAUsim_entity@@Tv3@@@Z 0000000180018b50 f i p5engine.obj
 0002:00007cc0       ?GetWorldChunk@@YAPEAUworld_chunk@@PEAUworld@@HHHPEAUmemory_arena@@@Z 0000000180018cc0 f i p5engine.obj
 0002:00007f40       ?Hadamard@@YA?ATv3@@T1@0@Z 0000000180018f40 f i p5engine.obj
 0002:00008290       ?HasFlag@@YAHPEAUsim_entity@@I@Z 0000000180019290 f i p5engine.obj
 0002:000083b0       ?InitializeArena@@YAXPEAUmemory_arena@@_KPEAX@Z 00000001800193b0 f i p5engine.obj
 0002:00008510       ?Inner@@YAMTv2@@0@Z        0000000180019510 f i p5engine.obj
 0002:00008590       ?Inner@@YAMTv3@@0@Z        0000000180019590 f i p5engine.obj
 0002:00008640       ?IsCanonical@@YAHMM@Z      0000000180019640 f i p5engine.obj
 0002:00008710       ?IsCanonical@@YAHPEAUworld@@Tv3@@@Z 0000000180019710 f i p5engine.obj
 0002:000087f0       ?IsInRectangle@@YAHUrectangle3@@Tv3@@@Z 00000001800197f0 f i p5engine.obj
 0002:00008910       ?IsValid@@YAHUworld_position@@@Z 0000000180019910 f i p5engine.obj
 0002:00008980       ?Length@@YAMTv3@@@Z        0000000180019980 f i p5engine.obj
 0002:00008a00       ?LengthSq@@YAMTv2@@@Z      0000000180019a00 f i p5engine.obj
 0002:00008a60       ?LengthSq@@YAMTv3@@@Z      0000000180019a60 f i p5engine.obj
 0002:00008b00       ?LoadEntityReference@@YAXPEAUgame_state@@PEAUsim_region@@PEATentity_reference@@@Z 0000000180019b00 f i p5engine.obj
 0002:00008df0       ?MakeEntityNonSpatial@@YAXPEAUsim_entity@@@Z 0000000180019df0 f i p5engine.obj
 0002:00008eb0       ?MakeEntitySpatial@@YAXPEAUsim_entity@@Tv3@@1@Z 0000000180019eb0 f i p5engine.obj
 0002:00009210       ?MapIntoChunkSpace@@YA?AUworld_position@@PEAUworld@@U1@Tv3@@@Z 000000018001a210 f i p5engine.obj
 0002:0000b3d0       ?NullPosition@@YA?AUworld_position@@XZ 000000018001c3d0 f i p5engine.obj
 0002:0000b4b0       ?PushBitmap@@YAXPEAUrender_group@@PEAUloaded_bitmap@@Tv2@@M2MM@Z 000000018001c4b0 f i p5engine.obj
 0002:0000b630       ?PushEntry@@YAXPEAUrender_group@@PEAUloaded_bitmap@@Tv2@@2M2Tv4@@M@Z 000000018001c630 f i p5engine.obj
 0002:0000b7f0       ?PushRect@@YAXPEAUrender_group@@Tv2@@M1Tv4@@M@Z 000000018001c7f0 f i p5engine.obj
 0002:0000ba30       ?PushRenderElement_@@YAPEAUrender_group_entry_header@@PEAUrender_group@@IW4render_group_entry_type@@@Z 000000018001ca30 f i p5engine.obj
 0002:0000bb10       ?PushSize_@@YAPEAXPEAUmemory_arena@@_K@Z 000000018001cb10 f i p5engine.obj
 0002:0000bbd0       ?RandomChoice@@YAIPEAUrandom_series@@I@Z 000000018001cbd0 f i p5engine.obj
 0002:0000bc30       ?RandomNextUInt32@@YAIPEAUrandom_series@@@Z 000000018001cc30 f i p5engine.obj
 0002:0000bcd0       ?RandomSeed@@YA?AUrandom_series@@I@Z 000000018001ccd0 f i p5engine.obj
 0002:0000bda0       ?RandomUnilateral@@YAMPEAUrandom_series@@@Z 000000018001cda0 f i p5engine.obj
 0002:0000be20       ?RecanonicalizeCoord@@YAXMPEAHPEAM@Z 000000018001ce20 f i p5engine.obj
 0002:0000bf10       ?RectCenterDim@@YA?AUrectangle2@@Tv2@@0@Z 000000018001cf10 f i p5engine.obj
 0002:0000c010       ?RectCenterDim@@YA?AUrectangle3@@Tv3@@0@Z 000000018001d010 f i p5engine.obj
 0002:0000c180       ?RectCenterHalfDim@@YA?AUrectangle2@@Tv2@@0@Z 000000018001d180 f i p5engine.obj
 0002:0000c2c0       ?RectCenterHalfDim@@YA?AUrectangle3@@Tv3@@0@Z 000000018001d2c0 f i p5engine.obj
 0002:0000c4d0       ?RectanglesIntersect@@YAHUrectangle3@@0@Z 000000018001d4d0 f i p5engine.obj
 0002:0000c910       ?RoundReal32ToInt32@@YAHM@Z 000000018001d910 f i p5engine.obj
 0002:0000c970       ?RoundReal32ToUInt32@@YAIM@Z 000000018001d970 f i p5engine.obj
 0002:0000c9d0       ?Sin@@YAMM@Z               000000018001d9d0 f i p5engine.obj
 0002:0000cbb0       ?Square@@YAMM@Z            000000018001dbb0 f i p5engine.obj
 0002:0000cc10       ?SquareRoot@@YAMM@Z        000000018001dc10 f i p5engine.obj
 0002:0000cc70       ?StoreEntityReference@@YAXPEATentity_reference@@@Z 000000018001dc70 f i p5engine.obj
 0002:0000cff0       ?V2@@YA?ATv2@@MM@Z         000000018001dff0 f i p5engine.obj
 0002:0000d0c0       ?V2i@@YA?ATv2@@HH@Z        000000018001e0c0 f i p5engine.obj
 0002:0000d170       ?V3@@YA?ATv3@@MMM@Z        000000018001e170 f i p5engine.obj
 0002:0000d290       ?V4@@YA?ATv4@@MMMM@Z       000000018001e290 f i p5engine.obj
 0002:0000d3c0       ?ZeroSize@@YAX_KPEAX@Z     000000018001e3c0 f i p5engine.obj
 0002:0000d460       GameGetSoundSamples        000000018001e460 f   p5engine.obj
 0002:0000d4d0       GameUpdateAndRender        000000018001e4d0 f   p5engine.obj
 0002:000111a0       GetController              00000001800221a0 f i p5engine.obj
 0002:00011220       __JustMyCode_Default       0000000180022220 f i p5engine.obj
 0002:00011230       _RTC_AllocaHelper          0000000180022230 f   MSVCRTD:stack.obj
 0002:00011280       _RTC_CheckStackVars        0000000180022280 f   MSVCRTD:stack.obj
 0002:00011330       _RTC_CheckStackVars2       0000000180022330 f   MSVCRTD:stack.obj
 0002:00011480       _CRT_RTC_INIT              0000000180022480 f   MSVCRTD:init.obj
 0002:00011490       _CRT_RTC_INITW             0000000180022490 f   MSVCRTD:init.obj
 0002:000114a0       _RTC_InitBase              00000001800224a0 f   MSVCRTD:init.obj
 0002:000114f0       _RTC_Shutdown              00000001800224f0 f   MSVCRTD:init.obj
 0002:00011520       __CheckForDebuggerJustMyCode 0000000180022520 f   MSVCRTD:debugger_jmc.obj
 0002:00011570       __GSHandlerCheck           0000000180022570 f   MSVCRTD:gshandler.obj
 0002:000115c0       __GSHandlerCheckCommon     00000001800225c0 f   MSVCRTD:gshandler.obj
 0002:00011710       _alloca_probe              0000000180022710 f   MSVCRTD:chkstk.obj
 0002:00011710       __chkstk                   0000000180022710 f   MSVCRTD:chkstk.obj
 0002:00011790       __security_check_cookie    0000000180022790 f   MSVCRTD:amdsecgs.obj
 0002:00011cc0       _CRT_INIT                  0000000180022cc0 f   MSVCRTD:dll_dllmain.obj
 0002:00011d00       _DllMainCRTStartup         0000000180022d00 f   MSVCRTD:dll_dllmain.obj
 0002:00011e00       ?_RTC_AllocaFailure@@YAXPEAXPEAU_RTC_ALLOCA_NODE@@H@Z 0000000180022e00 f   MSVCRTD:error.obj
 0002:00011fb0       ?_RTC_Failure@@YAXPEAXH@Z  0000000180022fb0 f   MSVCRTD:error.obj
 0002:00012020       ?_RTC_StackFailure@@YAXPEAXPEBD@Z 0000000180023020 f   MSVCRTD:error.obj
 0002:00012560       _RTC_UninitUse             0000000180023560 f   MSVCRTD:error.obj
 0002:00012660       __local_stdio_printf_options 0000000180023660 f i MSVCRTD:error.obj
 0002:00012670       _vsprintf_s_l              0000000180023670 f i MSVCRTD:error.obj
 0002:000126f0       sprintf_s                  00000001800236f0 f i MSVCRTD:error.obj
 0002:00012720       ?_RTC_GetErrorFunc@@YAP6AHHPEBDH00ZZPEBX@Z 0000000180023720 f   MSVCRTD:userapi.obj
 0002:00012730       ?_RTC_GetErrorFuncW@@YAP6AHHPEB_WH00ZZPEBX@Z 0000000180023730 f   MSVCRTD:userapi.obj
 0002:00012740       _RTC_GetErrDesc            0000000180023740 f   MSVCRTD:userapi.obj
 0002:00012760       _RTC_NumErrors             0000000180023760 f   MSVCRTD:userapi.obj
 0002:00012770       _RTC_SetErrorFunc          0000000180023770 f   MSVCRTD:userapi.obj
 0002:00012790       _RTC_SetErrorFuncW         0000000180023790 f   MSVCRTD:userapi.obj
 0002:000127b0       _RTC_SetErrorType          00000001800237b0 f   MSVCRTD:userapi.obj
 0002:000127e0       __raise_securityfailure    00000001800237e0 f   MSVCRTD:gs_report.obj
 0002:00012830       __report_gsfailure         0000000180023830 f   MSVCRTD:gs_report.obj
 0002:00012940       __report_rangecheckfailure 0000000180023940 f   MSVCRTD:gs_report.obj
 0002:00012960       __report_securityfailure   0000000180023960 f   MSVCRTD:gs_report.obj
 0002:00012a30       __report_securityfailureEx 0000000180023a30 f   MSVCRTD:gs_report.obj
 0002:00012e20       __security_init_cookie     0000000180023e20 f   MSVCRTD:gs_support.obj
 0002:00012ec0       DllMain                    0000000180023ec0 f   MSVCRTD:dll_dllmain_stub.obj
 0002:00012f10       ?__scrt_initialize_type_info@@YAXXZ 0000000180023f10 f   MSVCRTD:tncleanup.obj
 0002:00012f30       ?__scrt_uninitialize_type_info@@YAXXZ 0000000180023f30 f   MSVCRTD:tncleanup.obj
 0002:00012f50       __local_stdio_scanf_options 0000000180023f50 f i MSVCRTD:default_local_stdio_options.obj
 0002:00012f60       __scrt_initialize_default_local_stdio_options 0000000180023f60 f   MSVCRTD:default_local_stdio_options.obj
 0002:00012fc0       ?configure_argv@__scrt_narrow_argv_policy@@SAHXZ 0000000180023fc0 f i MSVCRTD:utility.obj
 0002:000130e0       ?initialize_environment@__scrt_narrow_environment_policy@@SAHXZ 00000001800240e0 f i MSVCRTD:utility.obj
 0002:000131b0       NtCurrentTeb               00000001800241b0 f i MSVCRTD:utility.obj
 0002:000131c0       __scrt_acquire_startup_lock 00000001800241c0 f   MSVCRTD:utility.obj
 0002:00013240       __scrt_dllmain_after_initialize_c 0000000180024240 f   MSVCRTD:utility.obj
 0002:00013280       __scrt_dllmain_before_initialize_c 0000000180024280 f   MSVCRTD:utility.obj
 0002:000132b0       __scrt_dllmain_crt_thread_attach 00000001800242b0 f   MSVCRTD:utility.obj
 0002:000132f0       __scrt_dllmain_crt_thread_detach 00000001800242f0 f   MSVCRTD:utility.obj
 0002:00013310       __scrt_dllmain_exception_filter 0000000180024310 f   MSVCRTD:utility.obj
 0002:00013390       __scrt_dllmain_uninitialize_c 0000000180024390 f   MSVCRTD:utility.obj
 0002:000133d0       __scrt_dllmain_uninitialize_critical 00000001800243d0 f   MSVCRTD:utility.obj
 0002:000133f0       __scrt_initialize_crt      00000001800243f0 f   MSVCRTD:utility.obj
 0002:00013450       __scrt_initialize_onexit_tables 0000000180024450 f   MSVCRTD:utility.obj
 0002:000135a0       __scrt_is_nonwritable_in_current_image 00000001800245a0 f   MSVCRTD:utility.obj
 0002:00013650       __scrt_release_startup_lock 0000000180024650 f   MSVCRTD:utility.obj
 0002:00013690       __scrt_uninitialize_crt    0000000180024690 f   MSVCRTD:utility.obj
 0002:000136e0       _onexit                    00000001800246e0 f   MSVCRTD:utility.obj
 0002:00013780       at_quick_exit              0000000180024780 f   MSVCRTD:utility.obj
 0002:000137e0       atexit                     00000001800247e0 f   MSVCRTD:utility.obj
 0002:00013820       __scrt_get_dyn_tls_init_callback 0000000180024820 f   MSVCRTD:dyn_tls_init.obj
 0002:00013830       __crt_debugger_hook        0000000180024830 f   MSVCRTD:utility_desktop.obj
 0002:00013850       __scrt_fastfail            0000000180024850 f   MSVCRTD:utility_desktop.obj
 0002:00013a50       __scrt_get_show_window_mode 0000000180024a50 f   MSVCRTD:utility_desktop.obj
 0002:00013ac0       __scrt_initialize_mta      0000000180024ac0 f   MSVCRTD:utility_desktop.obj
 0002:00013ae0       __scrt_initialize_winrt    0000000180024ae0 f   MSVCRTD:utility_desktop.obj
 0002:00013af0       __scrt_is_managed_app      0000000180024af0 f   MSVCRTD:utility_desktop.obj
 0002:00013bc0       __scrt_set_unhandled_exception_filter 0000000180024bc0 f   MSVCRTD:utility_desktop.obj
 0002:00013be0       __scrt_exe_initialize_mta  0000000180024be0 f   MSVCRTD:utility_desktop.obj
 0002:00013be0       __scrt_stub_for_initialize_mta 0000000180024be0 f   MSVCRTD:utility_desktop.obj
 0002:00013bf0       __scrt_unhandled_exception_filter 0000000180024bf0 f   MSVCRTD:utility_desktop.obj
 0002:00013cb0       _RTC_Initialize            0000000180024cb0 f   MSVCRTD:initsect.obj
 0002:00013d10       _RTC_Terminate             0000000180024d10 f   MSVCRTD:initsect.obj
 0002:00013d70       _guard_check_icall_nop     0000000180024d70 f i MSVCRTD:guard_support.obj
 0002:00013d80       ReadNoFence64              0000000180024d80 f i MSVCRTD:guard_support.obj
 0002:00013db0       ReadPointerNoFence         0000000180024db0 f i MSVCRTD:guard_support.obj
 0002:00013dd0       __castguard_check_failure_debugbreak 0000000180024dd0 f i MSVCRTD:guard_support.obj
 0002:00013e00       __castguard_check_failure_fastfail 0000000180024e00 f i MSVCRTD:guard_support.obj
 0002:00013e30       __castguard_check_failure_nop 0000000180024e30 f i MSVCRTD:guard_support.obj
 0002:00013e40       __castguard_check_failure_os_handled 0000000180024e40 f i MSVCRTD:guard_support.obj
 0002:00013f30       __castguard_slow_path_check_debugbreak 0000000180024f30 f i MSVCRTD:guard_support.obj
 0002:00013f80       __castguard_slow_path_check_fastfail 0000000180024f80 f i MSVCRTD:guard_support.obj
 0002:00013fe0       __castguard_slow_path_check_nop 0000000180024fe0 f i MSVCRTD:guard_support.obj
 0002:00014000       __castguard_slow_path_check_os_handled 0000000180025000 f i MSVCRTD:guard_support.obj
 0002:00014110       _guard_icall_checks_enforced 0000000180025110 f i MSVCRTD:guard_support.obj
 0002:00014160       _guard_rf_checks_enforced  0000000180025160 f i MSVCRTD:guard_support.obj
 0002:000147c0       ?_RTC_GetSrcLine@@YAHPEAEPEA_WKPEAH1K@Z 00000001800257c0 f   MSVCRTD:pdblkup.obj
 0002:00014c80       __isa_available_init       0000000180025c80 f   MSVCRTD:cpu_disp.obj
 0002:00015100       _get_startup_argv_mode     0000000180026100 f   MSVCRTD:argv_mode.obj
 0002:00015110       __scrt_is_ucrt_dll_in_use  0000000180026110 f   MSVCRTD:ucrt_detection.obj
 0002:00015140       __C_specific_handler       0000000180026140 f   vcruntimed:VCRUNTIME140D.dll
 0002:00015146       __C_specific_handler_noexcept 0000000180026146 f   vcruntimed:VCRUNTIME140D.dll
 0002:0001514c       __std_type_info_destroy_list 000000018002614c f   vcruntimed:VCRUNTIME140D.dll
 0002:00015152       __current_exception        0000000180026152 f   vcruntimed:VCRUNTIME140D.dll
 0002:00015158       __current_exception_context 0000000180026158 f   vcruntimed:VCRUNTIME140D.dll
 0002:0001515e       __vcrt_GetModuleFileNameW  000000018002615e f   vcruntimed:VCRUNTIME140D.dll
 0002:00015164       __vcrt_GetModuleHandleW    0000000180026164 f   vcruntimed:VCRUNTIME140D.dll
 0002:0001516a       __vcrt_LoadLibraryExW      000000018002616a f   vcruntimed:VCRUNTIME140D.dll
 0002:00015170       fabs                       0000000180026170 f   ucrtd:ucrtbased.dll
 0002:00015176       roundf                     0000000180026176 f   ucrtd:ucrtbased.dll
 0002:0001517c       sinf                       000000018002617c f   ucrtd:ucrtbased.dll
 0002:00015182       sqrtf                      0000000180026182 f   ucrtd:ucrtbased.dll
 0002:00015188       _CrtDbgReport              0000000180026188 f   ucrtd:ucrtbased.dll
 0002:0001518e       _CrtDbgReportW             000000018002618e f   ucrtd:ucrtbased.dll
 0002:00015194       _initterm                  0000000180026194 f   ucrtd:ucrtbased.dll
 0002:0001519a       _initterm_e                000000018002619a f   ucrtd:ucrtbased.dll
 0002:000151a0       strcpy_s                   00000001800261a0 f   ucrtd:ucrtbased.dll
 0002:000151a6       strcat_s                   00000001800261a6 f   ucrtd:ucrtbased.dll
 0002:000151ac       __stdio_common_vsprintf_s  00000001800261ac f   ucrtd:ucrtbased.dll
 0002:000151b2       _seh_filter_dll            00000001800261b2 f   ucrtd:ucrtbased.dll
 0002:000151b8       _configure_narrow_argv     00000001800261b8 f   ucrtd:ucrtbased.dll
 0002:000151be       _initialize_narrow_environment 00000001800261be f   ucrtd:ucrtbased.dll
 0002:000151c4       _initialize_onexit_table   00000001800261c4 f   ucrtd:ucrtbased.dll
 0002:000151ca       _register_onexit_function  00000001800261ca f   ucrtd:ucrtbased.dll
 0002:000151d0       _execute_onexit_table      00000001800261d0 f   ucrtd:ucrtbased.dll
 0002:000151d6       _crt_atexit                00000001800261d6 f   ucrtd:ucrtbased.dll
 0002:000151dc       _crt_at_quick_exit         00000001800261dc f   ucrtd:ucrtbased.dll
 0002:000151e2       _cexit                     00000001800261e2 f   ucrtd:ucrtbased.dll
 0002:000151e8       terminate                  00000001800261e8 f   ucrtd:ucrtbased.dll
 0002:000151ee       _wmakepath_s               00000001800261ee f   ucrtd:ucrtbased.dll
 0002:000151f4       _wsplitpath_s              00000001800261f4 f   ucrtd:ucrtbased.dll
 0002:000151fa       wcscpy_s                   00000001800261fa f   ucrtd:ucrtbased.dll
 0002:00015200       GetCurrentThreadId         0000000180026200 f   kernel32:KERNEL32.dll
 0002:00015206       IsDebuggerPresent          0000000180026206 f   kernel32:KERNEL32.dll
 0002:0001520c       RaiseException             000000018002620c f   kernel32:KERNEL32.dll
 0002:00015212       MultiByteToWideChar        0000000180026212 f   kernel32:KERNEL32.dll
 0002:00015218       WideCharToMultiByte        0000000180026218 f   kernel32:KERNEL32.dll
 0002:0001521e       RtlCaptureContext          000000018002621e f   kernel32:KERNEL32.dll
 0002:00015224       RtlLookupFunctionEntry     0000000180026224 f   kernel32:KERNEL32.dll
 0002:0001522a       RtlVirtualUnwind           000000018002622a f   kernel32:KERNEL32.dll
 0002:00015230       UnhandledExceptionFilter   0000000180026230 f   kernel32:KERNEL32.dll
 0002:00015236       SetUnhandledExceptionFilter 0000000180026236 f   kernel32:KERNEL32.dll
 0002:0001523c       GetCurrentProcess          000000018002623c f   kernel32:KERNEL32.dll
 0002:00015242       TerminateProcess           0000000180026242 f   kernel32:KERNEL32.dll
 0002:00015248       IsProcessorFeaturePresent  0000000180026248 f   kernel32:KERNEL32.dll
 0002:0001524e       QueryPerformanceCounter    000000018002624e f   kernel32:KERNEL32.dll
 0002:00015254       GetCurrentProcessId        0000000180026254 f   kernel32:KERNEL32.dll
 0002:0001525a       GetSystemTimeAsFileTime    000000018002625a f   kernel32:KERNEL32.dll
 0002:00015260       DisableThreadLibraryCalls  0000000180026260 f   kernel32:KERNEL32.dll
 0002:00015266       InitializeSListHead        0000000180026266 f   kernel32:KERNEL32.dll
 0002:0001526c       GetStartupInfoW            000000018002626c f   kernel32:KERNEL32.dll
 0002:00015272       GetModuleHandleW           0000000180026272 f   kernel32:KERNEL32.dll
 0002:00015278       GetLastError               0000000180026278 f   kernel32:KERNEL32.dll
 0002:0001527e       HeapAlloc                  000000018002627e f   kernel32:KERNEL32.dll
 0002:00015284       HeapFree                   0000000180026284 f   kernel32:KERNEL32.dll
 0002:0001528a       GetProcessHeap             000000018002628a f   kernel32:KERNEL32.dll
 0002:00015290       VirtualQuery               0000000180026290 f   kernel32:KERNEL32.dll
 0002:00015296       FreeLibrary                0000000180026296 f   kernel32:KERNEL32.dll
 0002:0001529c       GetProcAddress             000000018002629c f   kernel32:KERNEL32.dll
 0002:000152b0       __scrt_stub_for_acrt_initialize 00000001800262b0 f   MSVCRTD:ucrt_stubs.obj
 0002:000152b0       __acrt_initialize          00000001800262b0 f   MSVCRTD:ucrt_stubs.obj
 0002:000152b0       __vcrt_initialize          00000001800262b0 f   MSVCRTD:ucrt_stubs.obj
 0002:000152c0       __acrt_thread_attach       00000001800262c0 f   MSVCRTD:ucrt_stubs.obj
 0002:000152c0       __scrt_stub_for_acrt_thread_attach 00000001800262c0 f   MSVCRTD:ucrt_stubs.obj
 0002:000152c0       __vcrt_thread_attach       00000001800262c0 f   MSVCRTD:ucrt_stubs.obj
 0002:000152d0       __scrt_stub_for_acrt_thread_detach 00000001800262d0 f   MSVCRTD:ucrt_stubs.obj
 0002:000152d0       __acrt_thread_detach       00000001800262d0 f   MSVCRTD:ucrt_stubs.obj
 0002:000152d0       __vcrt_thread_detach       00000001800262d0 f   MSVCRTD:ucrt_stubs.obj
 0002:000152e0       __vcrt_uninitialize        00000001800262e0 f   MSVCRTD:ucrt_stubs.obj
 0002:000152e0       __scrt_stub_for_acrt_uninitialize 00000001800262e0 f   MSVCRTD:ucrt_stubs.obj
 0002:000152e0       __acrt_uninitialize        00000001800262e0 f   MSVCRTD:ucrt_stubs.obj
 0002:000152f0       __acrt_uninitialize_critical 00000001800262f0 f   MSVCRTD:ucrt_stubs.obj
 0002:000152f0       __vcrt_uninitialize_critical 00000001800262f0 f   MSVCRTD:ucrt_stubs.obj
 0002:000152f0       __scrt_stub_for_acrt_uninitialize_critical 00000001800262f0 f   MSVCRTD:ucrt_stubs.obj
 0002:00015300       _is_c_termination_complete 0000000180026300 f   MSVCRTD:ucrt_stubs.obj
 0002:00015300       __scrt_stub_for_is_c_termination_complete 0000000180026300 f   MSVCRTD:ucrt_stubs.obj
 0002:00016830       _guard_dispatch_icall_nop  0000000180027830 f   MSVCRTD:guard_dispatch.obj
 0002:00016850       _guard_xfg_dispatch_icall_nop 0000000180027850 f   MSVCRTD:guard_xfg_dispatch.obj
 0003:00000000       __xc_a                     000000018002a000     MSVCRTD:initializers.obj
 0003:00000110       __xc_z                     000000018002a110     MSVCRTD:initializers.obj
 0003:00000220       __xi_a                     000000018002a220     MSVCRTD:initializers.obj
 0003:00000330       __xi_z                     000000018002a330     MSVCRTD:initializers.obj
 0003:00000440       __xp_a                     000000018002a440     MSVCRTD:initializers.obj
 0003:00000550       __xp_z                     000000018002a550     MSVCRTD:initializers.obj
 0003:00000660       __xt_a                     000000018002a660     MSVCRTD:initializers.obj
 0003:00000770       __xt_z                     000000018002a770     MSVCRTD:initializers.obj
 0003:00003fb8       ??_C@_0BA@NMEIMCEK@InvalidCodePath@ 000000018002dfb8     p5engine.obj
 0003:00003fd0       ??_C@_0BJ@GOOPBPNK@P5Engine?1data?1grass1?4bmp@ 000000018002dfd0     p5engine.obj
 0003:00003ff0       ??_C@_0BI@GAHHFIBN@P5Engine?1data?1soil1?4bmp@ 000000018002dff0     p5engine.obj
 0003:00004010       ??_C@_0BI@OGODCKLD@P5Engine?1data?1soil2?4bmp@ 000000018002e010     p5engine.obj
 0003:00004030       ??_C@_0BI@CNLPPJBG@P5Engine?1data?1soil3?4bmp@ 000000018002e030     p5engine.obj
 0003:00004050       ??_C@_0BI@DGFEELIO@P5Engine?1data?1tuft1?4bmp@ 000000018002e050     p5engine.obj
 0003:00004070       ??_C@_0BI@LAMADJCA@P5Engine?1data?1tuft2?4bmp@ 000000018002e070     p5engine.obj
 0003:00004090       ??_C@_0BF@HOIOEMCL@P5Engine?1data?1bg?4bmp@ 000000018002e090     p5engine.obj
 0003:000040b0       ??_C@_0BJ@EPENJOEL@P5Engine?1data?1shadow?4bmp@ 000000018002e0b0     p5engine.obj
 0003:000040d0       ??_C@_0BJ@HEECFFOE@P5Engine?1data?1stairs?4bmp@ 000000018002e0d0     p5engine.obj
 0003:000040f0       ??_C@_0BH@DDOBAHNL@P5Engine?1data?1tree?4bmp@ 000000018002e0f0     p5engine.obj
 0003:00004110       ??_C@_0BI@EPGPCLAL@P5Engine?1data?1enemy?4bmp@ 000000018002e110     p5engine.obj
 0003:00004130       ??_C@_0BG@IEBKPHGI@P5Engine?1data?1orb?4bmp@ 000000018002e130     p5engine.obj
 0003:00004150       ??_C@_0BP@CIDLMIJA@P5Engine?1data?1char?9right?90?4bmp@ 000000018002e150     p5engine.obj
 0003:00004178       ??_C@_0BO@PEBAPFLC@P5Engine?1data?1char?9back?90?4bmp@ 000000018002e178     p5engine.obj
 0003:000041a0       ??_C@_0BO@EAIBBIAG@P5Engine?1data?1char?9left?90?4bmp@ 000000018002e1a0     p5engine.obj
 0003:000041c8       ??_C@_0BP@MKDPGEOC@P5Engine?1data?1char?9front?90?4bmp@ 000000018002e1c8     p5engine.obj
 0003:000041f0       ??_C@_0BO@KNNOBFKI@P5Engine?1data?1sword?9right?4bmp@ 000000018002e1f0     p5engine.obj
 0003:00004218       ??_C@_0BN@LDDHILOB@P5Engine?1data?1sword?9back?4bmp@ 000000018002e218     p5engine.obj
 0003:00004240       ??_C@_0BN@FPAHMBGA@P5Engine?1data?1sword?9left?4bmp@ 000000018002e240     p5engine.obj
 0003:00004268       ??_C@_0BO@BNDLMGBJ@P5Engine?1data?1sword?9front?4bmp@ 000000018002e268     p5engine.obj
 0003:0000428c       __real@00000000            000000018002e28c     p5engine.obj
 0003:00004290       __real@308992b1            000000018002e290     p5engine.obj
 0003:00004294       __real@3a83126f            000000018002e294     p5engine.obj
 0003:00004298       __real@3c23d70a            000000018002e298     p5engine.obj
 0003:0000429c       __real@3dcccccd            000000018002e29c     p5engine.obj
 0003:000042a0       __real@3e4ccccd            000000018002e2a0     p5engine.obj
 0003:000042a4       __real@3e800000            000000018002e2a4     p5engine.obj
 0003:000042a8       __real@3f000000            000000018002e2a8     p5engine.obj
 0003:000042ac       __real@3f666666            000000018002e2ac     p5engine.obj
 0003:000042b0       __real@3f800000            000000018002e2b0     p5engine.obj
 0003:000042b4       __real@3f8ccccd            000000018002e2b4     p5engine.obj
 0003:000042b8       __real@3f99999a            000000018002e2b8     p5engine.obj
 0003:000042bc       __real@3fb33333            000000018002e2bc     p5engine.obj
 0003:000042c0       __real@3fc00000            000000018002e2c0     p5engine.obj
 0003:000042c4       __real@40000000            000000018002e2c4     p5engine.obj
 0003:000042c8       __real@400ccccd            000000018002e2c8     p5engine.obj
 0003:000042cc       __real@40400000            000000018002e2cc     p5engine.obj
 0003:000042d0       __real@40a00000            000000018002e2d0     p5engine.obj
 0003:000042d4       __real@40c00000            000000018002e2d4     p5engine.obj
 0003:000042d8       __real@40c90fdb            000000018002e2d8     p5engine.obj
 0003:000042dc       __real@41200000            000000018002e2dc     p5engine.obj
 0003:000042e0       __real@41700000            000000018002e2e0     p5engine.obj
 0003:000042e4       __real@41880000            000000018002e2e4     p5engine.obj
 0003:000042e8       __real@41a00000            000000018002e2e8     p5engine.obj
 0003:000042ec       __real@41c00000            000000018002e2ec     p5engine.obj
 0003:000042f0       __real@41f00000            000000018002e2f0     p5engine.obj
 0003:000042f4       __real@42000000            000000018002e2f4     p5engine.obj
 0003:000042f8       __real@42340000            000000018002e2f8     p5engine.obj
 0003:000042fc       __real@42400000            000000018002e2fc     p5engine.obj
 0003:00004300       __real@42600000            000000018002e300     p5engine.obj
 0003:00004304       __real@42800000            000000018002e304     p5engine.obj
 0003:00004308       __real@42960000            000000018002e308     p5engine.obj
 0003:0000430c       __real@437f0000            000000018002e30c     p5engine.obj
 0003:00004310       __real@461c4000            000000018002e310     p5engine.obj
 0003:00004314       __real@47c35000            000000018002e314     p5engine.obj
 0003:00004318       __real@7f7fffff            000000018002e318     p5engine.obj
 0003:0000431c       __real@becccccd            000000018002e31c     p5engine.obj
 0003:00004320       __real@bf000000            000000018002e320     p5engine.obj
 0003:00004324       __real@bf800000            000000018002e324     p5engine.obj
 0003:00004328       __real@c11ccccd            000000018002e328     p5engine.obj
 0003:00004330       __xmm@80000000800000008000000080000000 000000018002e330     p5engine.obj
 0003:00004348       _pRawDllMain               000000018002e348     MSVCRTD:dll_dllmain.obj
 0003:00004348       _pDefaultRawDllMain        000000018002e348     MSVCRTD:dll_dllmain.obj
 0003:00004440       ??_C@_0NN@JMPELKLB@The?5value?5of?5ESP?5was?5not?5proper@ 000000018002e440     MSVCRTD:error.obj
 0003:00004550       ??_C@_0BBN@ELNNILBE@A?5cast?5to?5a?5smaller?5data?5type?5h@ 000000018002e550     MSVCRTD:error.obj
 0003:000046a8       ??_C@_0BN@BPOGFMJL@Stack?5memory?5was?5corrupted?$AN?6@ 000000018002e6a8     MSVCRTD:error.obj
 0003:000046d0       ??_C@_0DG@DAJCDLPN@A?5local?5variable?5was?5used?5befor@ 000000018002e6d0     MSVCRTD:error.obj
 0003:00004710       ??_C@_0CM@JMIDGKLA@Stack?5memory?5around?5_alloca?5was@ 000000018002e710     MSVCRTD:error.obj
 0003:00004748       ??_C@_0BO@CHIONIOI@Unknown?5Runtime?5Check?5Error?$AN?6@ 000000018002e748     MSVCRTD:error.obj
 0003:00004770       ??_C@_1GM@CNOOJIHC@?$AAR?$AAu?$AAn?$AAt?$AAi?$AAm?$AAe?$AA?5?$AAC?$AAh?$AAe?$AAc?$AAk?$AA?5?$AAE@ 000000018002e770     MSVCRTD:error.obj
 0003:00004800       ??_C@_1EA@NFKNIFJP@?$AAR?$AAu?$AAn?$AA?9?$AAT?$AAi?$AAm?$AAe?$AA?5?$AAC?$AAh?$AAe?$AAc?$AAk?$AA?5@ 000000018002e800     MSVCRTD:error.obj
 0003:00004850       ??_C@_0BB@PFFGGCJP@Unknown?5Filename@ 000000018002e850     MSVCRTD:error.obj
 0003:00004868       ??_C@_0BE@GNBOBNCK@Unknown?5Module?5Name@ 000000018002e868     MSVCRTD:error.obj
 0003:00004880       ??_C@_0CA@IODNCDPG@Run?9Time?5Check?5Failure?5?$CD?$CFd?5?9?5?$CFs@ 000000018002e880     MSVCRTD:error.obj
 0003:000048a8       ??_C@_0CG@IAFNJNEE@Stack?5corrupted?5near?5unknown?5va@ 000000018002e8a8     MSVCRTD:error.obj
 0003:000048d8       ??_C@_05MKKEDADM@?$CF?42X?5@ 000000018002e8d8     MSVCRTD:error.obj
 0003:000048e0       ??_C@_0EJ@LJKNEOLN@Stack?5area?5around?5_alloca?5memor@ 000000018002e8e0     MSVCRTD:error.obj
 0003:00004938       ??_C@_01EEMJAFIK@?6@       000000018002e938     MSVCRTD:error.obj
 0003:0000493c       ??_C@_02LLMPMKNF@?$DO?5@   000000018002e93c     MSVCRTD:error.obj
 0003:00004940       ??_C@_08OMAHNMHJ@?6Data?3?5?$DM@ 000000018002e940     MSVCRTD:error.obj
 0003:00004950       ??_C@_0CK@DKGBICFE@?6Allocation?5number?5within?5this?5@ 000000018002e950     MSVCRTD:error.obj
 0003:00004988       ??_C@_07DFDJCKFN@?6Size?3?5@ 000000018002e988     MSVCRTD:error.obj
 0003:00004998       ??_C@_0N@MHFFIMFG@?6Address?3?50x@ 000000018002e998     MSVCRTD:error.obj
 0003:000049b0       ??_C@_0EI@CLEPFNGI@Stack?5area?5around?5_alloca?5memor@ 000000018002e9b0     MSVCRTD:error.obj
 0003:00004a08       ??_C@_0BK@ODNDAGKB@?$CFs?$CFs?$CFp?$CFs?$CFzd?$CFs?$CFd?$CFs?$CFs?$CFs?$CFs?$CFs@ 000000018002ea08     MSVCRTD:error.obj
 0003:00004a28       ??_C@_0DE@OHJBPMBP@A?5variable?5is?5being?5used?5withou@ 000000018002ea28     MSVCRTD:error.obj
 0003:00004a98       ??_C@_0BJ@HEGAHDFO@Stack?5pointer?5corruption@ 000000018002ea98     MSVCRTD:userapi.obj
 0003:00004ab8       ??_C@_0CK@FEGOIOPB@Cast?5to?5smaller?5type?5causing?5lo@ 000000018002eab8     MSVCRTD:userapi.obj
 0003:00004af0       ??_C@_0BI@CIGMDCBH@Stack?5memory?5corruption@ 000000018002eaf0     MSVCRTD:userapi.obj
 0003:00004b10       ??_C@_0CK@CNLNOEPB@Local?5variable?5used?5before?5init@ 000000018002eb10     MSVCRTD:userapi.obj
 0003:00004b48       ??_C@_0BP@OGBCLIBO@Stack?5around?5_alloca?5corrupted@ 000000018002eb48     MSVCRTD:userapi.obj
 0003:00004bf0       ??_C@_1EI@MLPKHBGE@?$AAa?$AAp?$AAi?$AA?9?$AAm?$AAs?$AA?9?$AAw?$AAi?$AAn?$AA?9?$AAc?$AAo?$AAr?$AAe@ 000000018002ebf0     MSVCRTD:pdblkup.obj
 0003:00004c48       ??_C@_1BK@JHLNAEJL@?$AAa?$AAd?$AAv?$AAa?$AAp?$AAi?$AA3?$AA2?$AA?4?$AAd?$AAl?$AAl@ 000000018002ec48     MSVCRTD:pdblkup.obj
 0003:00004c68       ??_C@_0O@COHOBMLB@RegOpenKeyExW@ 000000018002ec68     MSVCRTD:pdblkup.obj
 0003:00004c78       ??_C@_0BB@GLNAEDBD@RegQueryValueExW@ 000000018002ec78     MSVCRTD:pdblkup.obj
 0003:00004c90       ??_C@_0M@HLOHPNFA@RegCloseKey@ 000000018002ec90     MSVCRTD:pdblkup.obj
 0003:00004ca0       ??_C@_1HE@EBEAGLFB@?$AAS?$AAO?$AAF?$AAT?$AAW?$AAA?$AAR?$AAE?$AA?2?$AAW?$AAo?$AAw?$AA6?$AA4?$AA3@ 000000018002eca0     MSVCRTD:pdblkup.obj
 0003:00004d30       ??_C@_1BG@EABPBLLF@?$AAP?$AAr?$AAo?$AAd?$AAu?$AAc?$AAt?$AAD?$AAi?$AAr@ 000000018002ed30     MSVCRTD:pdblkup.obj
 0003:00004d78       ??_C@_1BC@JINFINNJ@?$AAM?$AAS?$AAP?$AAD?$AAB?$AA1?$AA4?$AA0@ 000000018002ed78     MSVCRTD:pdblkup.obj
 0003:00004d90       ??_C@_0BB@KCIACLNC@PDBOpenValidate5@ 000000018002ed90     MSVCRTD:pdblkup.obj
 0003:00004da4       ??_C@_01KDCPPGHE@r@        000000018002eda4     MSVCRTD:pdblkup.obj
 0003:00004de0       _load_config_used          000000018002ede0     MSVCRTD:loadcfg.obj
 0003:00005180       __CastGuardVftablesStart   000000018002f180     MSVCRTD:guard_support.obj
 0003:00005290       __CastGuardVftablesEnd     000000018002f290     MSVCRTD:guard_support.obj
 0003:00005518       __rtc_iaa                  000000018002f518     MSVCRTD:initsect.obj
 0003:00005738       __rtc_izz                  000000018002f738     MSVCRTD:initsect.obj
 0003:00005848       __rtc_taa                  000000018002f848     MSVCRTD:initsect.obj
 0003:00005a68       __rtc_tzz                  000000018002fa68     MSVCRTD:initsect.obj
 0004:00004cd0       __security_cookie_complement 0000000180036cd0     MSVCRTD:gs_cookie.obj
 0004:00004cd8       __security_cookie          0000000180036cd8     MSVCRTD:gs_cookie.obj
 0004:00004ce4       _fltused                   0000000180036ce4     MSVCRTD:fltused.obj
 0004:00004ce8       ?_RTC_ErrorLevels@@3PAHA   0000000180036ce8     MSVCRTD:error.obj
 0004:00004d00       __scrt_native_dllmain_reason 0000000180036d00     MSVCRTD:utility.obj
 0004:00004d08       __isa_available            0000000180036d08     MSVCRTD:cpu_disp.obj
 0004:00004d0c       __isa_enabled              0000000180036d0c     MSVCRTD:cpu_disp.obj
 0004:00004d10       __memcpy_nt_iters          0000000180036d10     MSVCRTD:cpu_disp.obj
 0004:00004d18       __memset_nt_iters          0000000180036d18     MSVCRTD:cpu_disp.obj
 0004:00004d30       __scrt_ucrt_dll_is_in_use  0000000180036d30     MSVCRTD:ucrt_stubs.obj
 0004:00004e48       ?_OptionsStorage@?1??__local_stdio_printf_options@@9@4_KA 0000000180036e48     MSVCRTD:error.obj
 0004:00005500       ?__type_info_root_node@@3U__type_info_node@@A 0000000180037500     MSVCRTD:tncleanup.obj
 0004:00005518       ?_OptionsStorage@?1??__local_stdio_scanf_options@@9@4_KA 0000000180037518     MSVCRTD:default_local_stdio_options.obj
 0004:00005528       __scrt_current_native_startup_state 0000000180037528     MSVCRTD:utility.obj
 0004:00005530       __scrt_native_startup_lock 0000000180037530     MSVCRTD:utility.obj
 0004:00005580       __scrt_debugger_hook_flag  0000000180037580     MSVCRTD:utility_desktop.obj
 0004:00005588       __castguard_check_failure_os_handled_fptr 0000000180037588     MSVCRTD:guard_support.obj
 0004:000055a4       __favor                    00000001800375a4     MSVCRTD:cpu_disp.obj
 0004:000055a8       __dyn_tls_init_callback    00000001800375a8     <common>
 0004:000055bc       __DebuggerCurrentSteppingThreadId 00000001800375bc     <common>
 0006:00000000       __imp_DisableThreadLibraryCalls 000000018003b000     kernel32:KERNEL32.dll
 0006:00000008       __imp_GetCurrentThreadId   000000018003b008     kernel32:KERNEL32.dll
 0006:00000010       __imp_RaiseException       000000018003b010     kernel32:KERNEL32.dll
 0006:00000018       __imp_MultiByteToWideChar  000000018003b018     kernel32:KERNEL32.dll
 0006:00000020       __imp_WideCharToMultiByte  000000018003b020     kernel32:KERNEL32.dll
 0006:00000028       __imp_RtlCaptureContext    000000018003b028     kernel32:KERNEL32.dll
 0006:00000030       __imp_RtlLookupFunctionEntry 000000018003b030     kernel32:KERNEL32.dll
 0006:00000038       __imp_RtlVirtualUnwind     000000018003b038     kernel32:KERNEL32.dll
 0006:00000040       __imp_GetProcAddress       000000018003b040     kernel32:KERNEL32.dll
 0006:00000048       __imp_FreeLibrary          000000018003b048     kernel32:KERNEL32.dll
 0006:00000050       __imp_VirtualQuery         000000018003b050     kernel32:KERNEL32.dll
 0006:00000058       __imp_GetProcessHeap       000000018003b058     kernel32:KERNEL32.dll
 0006:00000060       __imp_HeapFree             000000018003b060     kernel32:KERNEL32.dll
 0006:00000068       __imp_HeapAlloc            000000018003b068     kernel32:KERNEL32.dll
 0006:00000070       __imp_GetLastError         000000018003b070     kernel32:KERNEL32.dll
 0006:00000078       __imp_GetModuleHandleW     000000018003b078     kernel32:KERNEL32.dll
 0006:00000080       __imp_GetStartupInfoW      000000018003b080     kernel32:KERNEL32.dll
 0006:00000088       __imp_InitializeSListHead  000000018003b088     kernel32:KERNEL32.dll
 0006:00000090       __imp_IsDebuggerPresent    000000018003b090     kernel32:KERNEL32.dll
 0006:00000098       __imp_GetSystemTimeAsFileTime 000000018003b098     kernel32:KERNEL32.dll
 0006:000000a0       __imp_GetCurrentProcessId  000000018003b0a0     kernel32:KERNEL32.dll
 0006:000000a8       __imp_QueryPerformanceCounter 000000018003b0a8     kernel32:KERNEL32.dll
 0006:000000b0       __imp_IsProcessorFeaturePresent 000000018003b0b0     kernel32:KERNEL32.dll
 0006:000000b8       __imp_TerminateProcess     000000018003b0b8     kernel32:KERNEL32.dll
 0006:000000c0       __imp_GetCurrentProcess    000000018003b0c0     kernel32:KERNEL32.dll
 0006:000000c8       __imp_SetUnhandledExceptionFilter 000000018003b0c8     kernel32:KERNEL32.dll
 0006:000000d0       __imp_UnhandledExceptionFilter 000000018003b0d0     kernel32:KERNEL32.dll
 0006:000000d8       \177KERNEL32_NULL_THUNK_DATA 000000018003b0d8     kernel32:KERNEL32.dll
 0006:00000158       __imp___vcrt_GetModuleHandleW 000000018003b158     vcruntimed:VCRUNTIME140D.dll
 0006:00000160       __imp___vcrt_GetModuleFileNameW 000000018003b160     vcruntimed:VCRUNTIME140D.dll
 0006:00000168       __imp___current_exception_context 000000018003b168     vcruntimed:VCRUNTIME140D.dll
 0006:00000170       __imp___C_specific_handler 000000018003b170     vcruntimed:VCRUNTIME140D.dll
 0006:00000178       __imp___current_exception  000000018003b178     vcruntimed:VCRUNTIME140D.dll
 0006:00000180       __imp___std_type_info_destroy_list 000000018003b180     vcruntimed:VCRUNTIME140D.dll
 0006:00000188       __imp___C_specific_handler_noexcept 000000018003b188     vcruntimed:VCRUNTIME140D.dll
 0006:00000190       __imp___vcrt_LoadLibraryExW 000000018003b190     vcruntimed:VCRUNTIME140D.dll
 0006:00000198       \177VCRUNTIME140D_NULL_THUNK_DATA 000000018003b198     vcruntimed:VCRUNTIME140D.dll
 0006:000001f8       __imp_wcscpy_s             000000018003b1f8     ucrtd:ucrtbased.dll
 0006:00000200       __imp__wmakepath_s         000000018003b200     ucrtd:ucrtbased.dll
 0006:00000208       __imp_terminate            000000018003b208     ucrtd:ucrtbased.dll
 0006:00000210       __imp__cexit               000000018003b210     ucrtd:ucrtbased.dll
 0006:00000218       __imp__crt_at_quick_exit   000000018003b218     ucrtd:ucrtbased.dll
 0006:00000220       __imp__crt_atexit          000000018003b220     ucrtd:ucrtbased.dll
 0006:00000228       __imp__execute_onexit_table 000000018003b228     ucrtd:ucrtbased.dll
 0006:00000230       __imp__register_onexit_function 000000018003b230     ucrtd:ucrtbased.dll
 0006:00000238       __imp__initialize_onexit_table 000000018003b238     ucrtd:ucrtbased.dll
 0006:00000240       __imp__initialize_narrow_environment 000000018003b240     ucrtd:ucrtbased.dll
 0006:00000248       __imp__configure_narrow_argv 000000018003b248     ucrtd:ucrtbased.dll
 0006:00000250       __imp__seh_filter_dll      000000018003b250     ucrtd:ucrtbased.dll
 0006:00000258       __imp__wsplitpath_s        000000018003b258     ucrtd:ucrtbased.dll
 0006:00000260       __imp_strcat_s             000000018003b260     ucrtd:ucrtbased.dll
 0006:00000268       __imp_strcpy_s             000000018003b268     ucrtd:ucrtbased.dll
 0006:00000270       __imp__initterm_e          000000018003b270     ucrtd:ucrtbased.dll
 0006:00000278       __imp__initterm            000000018003b278     ucrtd:ucrtbased.dll
 0006:00000280       __imp__CrtDbgReportW       000000018003b280     ucrtd:ucrtbased.dll
 0006:00000288       __imp__CrtDbgReport        000000018003b288     ucrtd:ucrtbased.dll
 0006:00000290       __imp_sqrtf                000000018003b290     ucrtd:ucrtbased.dll
 0006:00000298       __imp_sinf                 000000018003b298     ucrtd:ucrtbased.dll
 0006:000002a0       __imp_roundf               000000018003b2a0     ucrtd:ucrtbased.dll
 0006:000002a8       __imp_fabs                 000000018003b2a8     ucrtd:ucrtbased.dll
 0006:000002b0       __imp___stdio_common_vsprintf_s 000000018003b2b0     ucrtd:ucrtbased.dll
 0006:000002b8       \177ucrtbased_NULL_THUNK_DATA 000000018003b2b8     ucrtd:ucrtbased.dll
 0006:00000330       __IMPORT_DESCRIPTOR_VCRUNTIME140D 000000018003b330     vcruntimed:VCRUNTIME140D.dll
 0006:00000344       __IMPORT_DESCRIPTOR_ucrtbased 000000018003b344     ucrtd:ucrtbased.dll
 0006:00000358       __IMPORT_DESCRIPTOR_KERNEL32 000000018003b358     kernel32:KERNEL32.dll
 0006:0000036c       __NULL_IMPORT_DESCRIPTOR   000000018003b36c     vcruntimed:VCRUNTIME140D.dll
 0008:00000000       __guard_check_icall_fptr   000000018003d000     MSVCRTD:guard_support.obj
 0008:00000010       __guard_xfg_check_icall_fptr 000000018003d010     MSVCRTD:guard_support.obj
 0008:00000020       __guard_dispatch_icall_fptr 000000018003d020     MSVCRTD:guard_support.obj
 0008:00000030       __guard_xfg_dispatch_icall_fptr 000000018003d030     MSVCRTD:guard_support.obj
 0008:00000040       __guard_xfg_table_dispatch_icall_fptr 000000018003d040     MSVCRTD:guard_support.obj

 entry point at        0002:0000000f

 Static symbols

 0000:fffc0000       .debug$S                   0000000180000000     P5Engine.exp
 0000:fffc3000       _volmd                     0000000180000000     p5engine.obj
 0000:fffc3000       _volmd                     0000000180000000     p5engine.obj
 0000:fffc3000       _volmd                     0000000180000000     p5engine.obj
 0000:fffc3000       _volmd                     0000000180000000     p5engine.obj
 0000:fffc3000       _volmd                     0000000180000000     p5engine.obj
 0000:fffc3000       _volmd                     0000000180000000     p5engine.obj
 0000:fffc3000       _volmd                     0000000180000000     p5engine.obj
 0000:fffc3000       _volmd                     0000000180000000     p5engine.obj
 0000:fffc3000       _volmd                     0000000180000000     p5engine.obj
 0000:fffc3000       _volmd                     0000000180000000     p5engine.obj
 0000:fffc3000       _volmd                     0000000180000000     p5engine.obj
 0000:fffc3000       _volmd                     0000000180000000     p5engine.obj
 0000:fffc3000       _volmd                     0000000180000000     p5engine.obj
 0000:fffc3000       _volmd                     0000000180000000     p5engine.obj
 0000:fffc3000       _volmd                     0000000180000000     p5engine.obj
 0000:fffc3000       _volmd                     0000000180000000     p5engine.obj
 0000:fffc3000       _volmd                     0000000180000000     p5engine.obj
 0000:fffc3000       _volmd                     0000000180000000     p5engine.obj
 0000:fffc3000       _volmd                     0000000180000000     p5engine.obj
 0000:fffc3000       _volmd                     0000000180000000     p5engine.obj
 0000:fffc3000       _volmd                     0000000180000000     p5engine.obj
 0000:fffc3000       _volmd                     0000000180000000     p5engine.obj
 0000:fffc3000       _volmd                     0000000180000000     p5engine.obj
 0000:fffc3000       _volmd                     0000000180000000     p5engine.obj
 0000:fffc3000       _volmd                     0000000180000000     p5engine.obj
 0000:fffc3000       _volmd                     0000000180000000     p5engine.obj
 0000:fffc3000       _volmd                     0000000180000000     p5engine.obj
 0000:fffc3000       _volmd                     0000000180000000     p5engine.obj
 0000:fffc3000       _volmd                     0000000180000000     p5engine.obj
 0000:fffc3000       _volmd                     0000000180000000     p5engine.obj
 0000:fffc3000       _volmd                     0000000180000000     p5engine.obj
 0000:fffc3000       _volmd                     0000000180000000     p5engine.obj
 0000:fffc3000       _volmd                     0000000180000000     p5engine.obj
 0000:fffc3000       _volmd                     0000000180000000     MSVCRTD:cpu_disp.obj
 0000:fffc4000       __guard_ehcont_?dllmain_dispatch@@YAHQEAUHINSTANCE__@@KQEAX@Z 0000000180000000     MSVCRTD:dll_dllmain.obj
 0000:fffc4000       __guard_fids_?dllmain_dispatch@@YAHQEAUHINSTANCE__@@KQEAX@Z 0000000180000000     MSVCRTD:dll_dllmain.obj
 0000:fffc4000       __guard_ehcont_?notify_debugger@@YAXAEBUtagEXCEPTION_VISUALCPP_DEBUG_INFO@@@Z 0000000180000000     MSVCRTD:error.obj
 0000:fffc3000       _volmd                     0000000180000000     MSVCRTD:gs_report.obj
 0000:fffc3000       _volmd                     0000000180000000     MSVCRTD:gs_report.obj
 0000:fffc3000       _volmd                     0000000180000000     MSVCRTD:gs_report.obj
 0000:fffc4000       __guard_fids__             0000000180000000     MSVCRTD:guard_support.obj
 0000:fffc4000       __guard_fids__             0000000180000000     MSVCRTD:guard_support.obj
 0000:fffc4000       __guard_fids__guard_icall_checks_enforced 0000000180000000     MSVCRTD:guard_support.obj
 0000:fffc3000       _volmd                     0000000180000000     MSVCRTD:guard_support.obj
 0000:fffc3000       _volmd                     0000000180000000     MSVCRTD:guard_support.obj
 0000:fffc3000       _volmd                     0000000180000000     MSVCRTD:guard_support.obj
 0000:fffc4000       __guard_fids__CRT_RTC_INIT 0000000180000000     MSVCRTD:init.obj
 0000:fffc4000       __guard_fids__CRT_RTC_INITW 0000000180000000     MSVCRTD:init.obj
 0000:fffc4000       __guard_ehcont___scrt_is_nonwritable_in_current_image 0000000180000000     MSVCRTD:utility.obj
 0000:fffc3000       _volmd                     0000000180000000     MSVCRTD:utility.obj
 0000:fffc3000       _volmd                     0000000180000000     MSVCRTD:utility.obj
 0000:fffc3000       _volmd                     0000000180000000     MSVCRTD:utility.obj
 0000:fffc4000       __guard_fids___scrt_set_unhandled_exception_filter 0000000180000000     MSVCRTD:utility_desktop.obj
 0000:fffc3000       _volmd                     0000000180000000     MSVCRTD:utility_desktop.obj
 0000:fffc0000       .debug$S                   0000000180000000     vcruntimed:VCRUNTIME140D.dll
 0000:fffc0000       .debug$S                   0000000180000000     vcruntimed:VCRUNTIME140D.dll
 0000:fffc0000       .debug$S                   0000000180000000     vcruntimed:VCRUNTIME140D.dll
 0000:fffc0000       .debug$S                   0000000180000000     vcruntimed:VCRUNTIME140D.dll
 0000:fffc0000       .debug$S                   0000000180000000     vcruntimed:VCRUNTIME140D.dll
 0000:fffc0000       .debug$S                   0000000180000000     vcruntimed:VCRUNTIME140D.dll
 0000:fffc0000       .debug$S                   0000000180000000     vcruntimed:VCRUNTIME140D.dll
 0000:fffc0000       .debug$S                   0000000180000000     vcruntimed:VCRUNTIME140D.dll
 0000:fffc0000       .debug$S                   0000000180000000     ucrtd:ucrtbased.dll
 0000:fffc0000       .debug$S                   0000000180000000     ucrtd:ucrtbased.dll
 0000:fffc0000       .debug$S                   0000000180000000     ucrtd:ucrtbased.dll
 0000:fffc0000       .debug$S                   0000000180000000     ucrtd:ucrtbased.dll
 0000:fffc0000       .debug$S                   0000000180000000     ucrtd:ucrtbased.dll
 0000:fffc0000       .debug$S                   0000000180000000     ucrtd:ucrtbased.dll
 0000:fffc0000       .debug$S                   0000000180000000     ucrtd:ucrtbased.dll
 0000:fffc0000       .debug$S                   0000000180000000     ucrtd:ucrtbased.dll
 0000:fffc0000       .debug$S                   0000000180000000     ucrtd:ucrtbased.dll
 0000:fffc0000       .debug$S                   0000000180000000     ucrtd:ucrtbased.dll
 0000:fffc0000       .debug$S                   0000000180000000     ucrtd:ucrtbased.dll
 0000:fffc0000       .debug$S                   0000000180000000     ucrtd:ucrtbased.dll
 0000:fffc0000       .debug$S                   0000000180000000     ucrtd:ucrtbased.dll
 0000:fffc0000       .debug$S                   0000000180000000     ucrtd:ucrtbased.dll
 0000:fffc0000       .debug$S                   0000000180000000     ucrtd:ucrtbased.dll
 0000:fffc0000       .debug$S                   0000000180000000     ucrtd:ucrtbased.dll
 0000:fffc0000       .debug$S                   0000000180000000     ucrtd:ucrtbased.dll
 0000:fffc0000       .debug$S                   0000000180000000     ucrtd:ucrtbased.dll
 0000:fffc0000       .debug$S                   0000000180000000     ucrtd:ucrtbased.dll
 0000:fffc0000       .debug$S                   0000000180000000     ucrtd:ucrtbased.dll
 0000:fffc0000       .debug$S                   0000000180000000     ucrtd:ucrtbased.dll
 0000:fffc0000       .debug$S                   0000000180000000     ucrtd:ucrtbased.dll
 0000:fffc0000       .debug$S                   0000000180000000     ucrtd:ucrtbased.dll
 0000:fffc0000       .debug$S                   0000000180000000     ucrtd:ucrtbased.dll
 0000:fffc0000       .debug$S                   0000000180000000     kernel32:KERNEL32.dll
 0000:fffc0000       .debug$S                   0000000180000000     kernel32:KERNEL32.dll
 0000:fffc0000       .debug$S                   0000000180000000     kernel32:KERNEL32.dll
 0000:fffc0000       .debug$S                   0000000180000000     kernel32:KERNEL32.dll
 0000:fffc0000       .debug$S                   0000000180000000     kernel32:KERNEL32.dll
 0000:fffc0000       .debug$S                   0000000180000000     kernel32:KERNEL32.dll
 0000:fffc0000       .debug$S                   0000000180000000     kernel32:KERNEL32.dll
 0000:fffc0000       .debug$S                   0000000180000000     kernel32:KERNEL32.dll
 0000:fffc0000       .debug$S                   0000000180000000     kernel32:KERNEL32.dll
 0000:fffc0000       .debug$S                   0000000180000000     kernel32:KERNEL32.dll
 0000:fffc0000       .debug$S                   0000000180000000     kernel32:KERNEL32.dll
 0000:fffc0000       .debug$S                   0000000180000000     kernel32:KERNEL32.dll
 0000:fffc0000       .debug$S                   0000000180000000     kernel32:KERNEL32.dll
 0000:fffc0000       .debug$S                   0000000180000000     kernel32:KERNEL32.dll
 0000:fffc0000       .debug$S                   0000000180000000     kernel32:KERNEL32.dll
 0000:fffc0000       .debug$S                   0000000180000000     kernel32:KERNEL32.dll
 0000:fffc0000       .debug$S                   0000000180000000     kernel32:KERNEL32.dll
 0000:fffc0000       .debug$S                   0000000180000000     kernel32:KERNEL32.dll
 0000:fffc0000       .debug$S                   0000000180000000     kernel32:KERNEL32.dll
 0000:fffc0000       .debug$S                   0000000180000000     kernel32:KERNEL32.dll
 0000:fffc0000       .debug$S                   0000000180000000     kernel32:KERNEL32.dll
 0000:fffc0000       .debug$S                   0000000180000000     kernel32:KERNEL32.dll
 0000:fffc0000       .debug$S                   0000000180000000     kernel32:KERNEL32.dll
 0000:fffc0000       .debug$S                   0000000180000000     kernel32:KERNEL32.dll
 0000:fffc0000       .debug$S                   0000000180000000     kernel32:KERNEL32.dll
 0000:fffc0000       .debug$S                   0000000180000000     kernel32:KERNEL32.dll
 0000:fffc0000       .debug$S                   0000000180000000     kernel32:KERNEL32.dll
 0002:000014f0       ?AddCollisionRule@@YAXPEAUgame_state@@IIH@Z 00000001800124f0 f   p5engine.obj
 0002:000016f0       ?AddEntity@@YAPEAUsim_entity@@PEAUgame_state@@PEAUsim_region@@IPEAUlow_entity@@PEATv3@@@Z 00000001800126f0 f   p5engine.obj
 0002:00001890       ?AddEntityRaw@@YAPEAUsim_entity@@PEAUgame_state@@PEAUsim_region@@IPEAUlow_entity@@@Z 0000000180012890 f   p5engine.obj
 0002:00001aa0       ?AddFamiliar@@YA?AUadd_low_entity_result@@PEAUgame_state@@III@Z 0000000180012aa0 f   p5engine.obj
 0002:00001cf0       ?AddGroundedEntity@@YA?AUadd_low_entity_result@@PEAUgame_state@@W4entity_type@@Uworld_position@@PEAUsim_entity_collision_volume_group@@@Z 0000000180012cf0 f   p5engine.obj
 0002:00001e10       ?AddLowEntity@@YA?AUadd_low_entity_result@@PEAUgame_state@@W4entity_type@@Uworld_position@@@Z 0000000180012e10 f   p5engine.obj
 0002:00002090       ?AddMonstar@@YA?AUadd_low_entity_result@@PEAUgame_state@@III@Z 0000000180013090 f   p5engine.obj
 0002:00002290       ?AddPlayer@@YA?AUadd_low_entity_result@@PEAUgame_state@@@Z 0000000180013290 f   p5engine.obj
 0002:00002660       ?AddStairs@@YA?AUadd_low_entity_result@@PEAUgame_state@@III@Z 0000000180013660 f   p5engine.obj
 0002:00002890       ?AddStandardRoom@@YA?AUadd_low_entity_result@@PEAUgame_state@@III@Z 0000000180013890 f   p5engine.obj
 0002:00002a80       ?AddSword@@YA?AUadd_low_entity_result@@PEAUgame_state@@@Z 0000000180013a80 f   p5engine.obj
 0002:00002be0       ?AddWall@@YA?AUadd_low_entity_result@@PEAUgame_state@@III@Z 0000000180013be0 f   p5engine.obj
 0002:00002dd0       ?AllocateRenderGroup@@YAPEAUrender_group@@PEAUmemory_arena@@IM@Z 0000000180013dd0 f   p5engine.obj
 0002:00003060       ?BeginSim@@YAPEAUsim_region@@PEAUmemory_arena@@PEAUgame_state@@PEAUworld@@Uworld_position@@Urectangle3@@M@Z 0000000180014060 f   p5engine.obj
 0002:00003990       ?CanCollide@@YAHPEAUgame_state@@PEAUsim_entity@@1@Z 0000000180014990 f   p5engine.obj
 0002:00003b80       ?CanOverlap@@YAHPEAUgame_state@@PEAUsim_entity@@1@Z 0000000180014b80 f   p5engine.obj
 0002:00003d10       ?ChangeEntityLocation@@YAXPEAUmemory_arena@@PEAUworld@@IPEAUlow_entity@@Uworld_position@@@Z 0000000180014d10 f   p5engine.obj
 0002:000049a0       ?ClearBitmap@@YAXPEAUloaded_bitmap@@@Z 00000001800159a0 f   p5engine.obj
 0002:00004a30       ?ClearCollisionRulesFor@@YAXPEAUgame_state@@I@Z 0000000180015a30 f   p5engine.obj
 0002:00004bc0       ?DEBUGLoadBMP@@YA?AUloaded_bitmap@@PEAUthread_context@@P6A?AUdebug_read_file_result@@0PEAD@Z1@Z 0000000180015bc0 f   p5engine.obj
 0002:00005270       ?DrawBitmap@@YAXPEAUloaded_bitmap@@0MMM@Z 0000000180016270 f   p5engine.obj
 0002:00005870       ?DrawHitpoints@@YAXPEAUsim_entity@@PEAUrender_group@@@Z 0000000180016870 f   p5engine.obj
 0002:00005b70       ?DrawRectangle@@YAXPEAUloaded_bitmap@@Tv2@@1MMM@Z 0000000180016b70 f   p5engine.obj
 0002:00005e00       ?EndSim@@YAXPEAUsim_region@@PEAUgame_state@@@Z 0000000180016e00 f   p5engine.obj
 0002:00006290       ?EntitiesOverlap@@YAHPEAUsim_entity@@0Tv3@@@Z 0000000180017290 f   p5engine.obj
 0002:000068e0       ?FillGroundChunk@@YAXPEAUtransient_state@@PEAUgame_state@@PEAUground_buffer@@PEAUworld_position@@@Z 00000001800178e0 f   p5engine.obj
 0002:000070c0       ?GameOutputSound@@YAXPEAUgame_state@@PEAUgame_sound_output_buffer@@H@Z 00000001800180c0 f   p5engine.obj
 0002:000074b0       ?GetHashFromStorageIndex@@YAPEAUsim_entity_hash@@PEAUsim_region@@I@Z 00000001800184b0 f   p5engine.obj
 0002:00008080       ?HandleCollision@@YAHPEAUgame_state@@PEAUsim_entity@@1@Z 0000000180019080 f   p5engine.obj
 0002:000081b0       ?HandleOverlap@@YAXPEAUgame_state@@PEAUsim_entity@@1MPEAM@Z 00000001800191b0 f   p5engine.obj
 0002:000082f0       ?InitHitPoints@@YAXPEAUlow_entity@@I@Z 00000001800192f0 f   p5engine.obj
 0002:00008440       ?InitializeWorld@@YAXPEAUworld@@Tv3@@@Z 0000000180019440 f   p5engine.obj
 0002:00008ca0       ?MakeEmptyBitmap@@YA?AUloaded_bitmap@@PEAUmemory_arena@@HHH@Z 0000000180019ca0 f   p5engine.obj
 0002:00008f50       ?MakeNullCollision@@YAPEAUsim_entity_collision_volume_group@@PEAUgame_state@@@Z 0000000180019f50 f   p5engine.obj
 0002:00009070       ?MakeSimpleGroundedCollision@@YAPEAUsim_entity_collision_volume_group@@PEAUgame_state@@MMM@Z 000000018001a070 f   p5engine.obj
 0002:00009390       ?MoveEntity@@YAXPEAUgame_state@@PEAUsim_region@@PEAUsim_entity@@MPEAUmove_spec@@Tv3@@@Z 000000018001a390 f   p5engine.obj
 0002:0000c600       ?RenderGroupToOutput@@YAXPEAUrender_group@@PEAUloaded_bitmap@@@Z 000000018001d600 f   p5engine.obj
 0002:0000ca30       ?SpeculativeCollide@@YAHPEAUsim_entity@@0Tv3@@@Z 000000018001da30 f   p5engine.obj
 0002:0000ccd0       ?Subtract@@YA?ATv3@@PEAUworld@@PEAUworld_position@@1@Z 000000018001dcd0 f   p5engine.obj
 0002:00010550       $LN129                     0000000180021550     p5engine.obj
 0002:00011700       $$000000                   0000000180022700     MSVCRTD:chkstk.obj
 0002:00011780       $$000000                   0000000180022780     MSVCRTD:amdsecgs.obj
 0002:000117c0       ?dllmain_crt_dispatch@@YAHQEAUHINSTANCE__@@KQEAX@Z 00000001800227c0 f   MSVCRTD:dll_dllmain.obj
 0002:00011870       ?dllmain_crt_process_attach@@YAHQEAUHINSTANCE__@@QEAX@Z 0000000180022870 f   MSVCRTD:dll_dllmain.obj
 0002:00011a00       ?dllmain_crt_process_detach@@YAH_N@Z 0000000180022a00 f   MSVCRTD:dll_dllmain.obj
 0002:00011ac0       ?dllmain_dispatch@@YAHQEAUHINSTANCE__@@KQEAX@Z 0000000180022ac0 f   MSVCRTD:dll_dllmain.obj
 0002:00011c50       ?dllmain_raw@@YAHQEAUHINSTANCE__@@KQEAX@Z 0000000180022c50 f   MSVCRTD:dll_dllmain.obj
 0002:00011d50       ?DebuggerProbe@@YA_NK@Z    0000000180022d50 f   MSVCRTD:error.obj
 0002:00011da0       ?DebuggerRuntime@@YA_NKHPEAXPEB_W@Z 0000000180022da0 f   MSVCRTD:error.obj
 0002:00012130       ?_getMemBlockDataString@@YAXPEAD0PEBD_K@Z 0000000180023130 f   MSVCRTD:error.obj
 0002:00012210       ?_strlen_priv@@YA_KPEBD@Z  0000000180023210 f   MSVCRTD:error.obj
 0002:00012230       ?failwithmessage@@YAXPEAXHHPEBD@Z 0000000180023230 f   MSVCRTD:error.obj
 0002:00012530       ?notify_debugger@@YAXAEBUtagEXCEPTION_VISUALCPP_DEBUG_INFO@@@Z 0000000180023530 f   MSVCRTD:error.obj
 0002:00012b90       capture_current_context    0000000180023b90 f   MSVCRTD:gs_report.obj
 0002:00012c50       capture_previous_context   0000000180023c50 f   MSVCRTD:gs_report.obj
 0002:00012d30       __get_entropy              0000000180023d30 f   MSVCRTD:gs_support.obj
 0002:00012fe0       ?find_pe_section@@YAPEAU_IMAGE_SECTION_HEADER@@QEAE_K@Z 0000000180023fe0 f   MSVCRTD:utility.obj
 0002:00013100       ?is_potentially_valid_image_base@@YA_NQEAX@Z 0000000180024100 f   MSVCRTD:utility.obj
 0002:00013ea0       __castguard_compat_check   0000000180024ea0 f   MSVCRTD:guard_support.obj
 0002:00014080       __castguard_slow_path_compat_check 0000000180025080 f   MSVCRTD:guard_support.obj
 0002:00014170       ?GetPdbDll@@YAPEAUHINSTANCE__@@XZ 0000000180025170 f   MSVCRTD:pdblkup.obj
 0002:00014310       ?GetPdbDllFromInstallPath@@YAPEAUHINSTANCE__@@XZ 0000000180025310 f   MSVCRTD:pdblkup.obj
 0002:00014670       ?GetPdbDllPathFromFilePath@@YAHPEB_WPEA_W_K@Z 0000000180025670 f   MSVCRTD:pdblkup.obj
 0002:00016820       $$000000                   0000000180027820     MSVCRTD:guard_dispatch.obj
 0002:00016840       $$000000                   0000000180027840     MSVCRTD:guard_xfg_dispatch.obj
 0002:00017860       ?fin$0@?0??dllmain_crt_process_attach@@YAHQEAUHINSTANCE__@@QEAX@Z@4HA 0000000180028860 f   MSVCRTD:dll_dllmain.obj
 0002:00017880       ?fin$0@?0??dllmain_crt_process_detach@@YAH_N@Z@4HA 0000000180028880 f   MSVCRTD:dll_dllmain.obj
 0002:0001789a       ?fin$1@?0??dllmain_crt_process_detach@@YAH_N@Z@4HA 000000018002889a f   MSVCRTD:dll_dllmain.obj
 0002:000178c0       ?filt$0@?0??dllmain_dispatch@@YAHQEAUHINSTANCE__@@KQEAX@Z@4HA 00000001800288c0 f   MSVCRTD:dll_dllmain.obj
 0002:00017920       ?filt$0@?0??notify_debugger@@YAXAEBUtagEXCEPTION_VISUALCPP_DEBUG_INFO@@@Z@4HA 0000000180028920 f   MSVCRTD:error.obj
 0002:00017950       __scrt_is_nonwritable_in_current_image$filt$0 0000000180028950 f   MSVCRTD:utility.obj
 0003:00000880       ?BeginTemporaryMemory@@YA?AUtemporary_memory@@PEAUmemory_arena@@@Z$rtcName$0 000000018002a880     p5engine.obj
 0003:00000890       ?BeginTemporaryMemory@@YA?AUtemporary_memory@@PEAUmemory_arena@@@Z$rtcVarDesc 000000018002a890     p5engine.obj
 0003:000008d0       ?BeginTemporaryMemory@@YA?AUtemporary_memory@@PEAUmemory_arena@@@Z$rtcFrameData 000000018002a8d0     p5engine.obj
 0003:00000900       ?FindLeastSignificantSetBit@@YA?AUbit_scan_result@@I@Z$rtcName$0 000000018002a900     p5engine.obj
 0003:00000910       ?FindLeastSignificantSetBit@@YA?AUbit_scan_result@@I@Z$rtcVarDesc 000000018002a910     p5engine.obj
 0003:00000950       ?FindLeastSignificantSetBit@@YA?AUbit_scan_result@@I@Z$rtcFrameData 000000018002a950     p5engine.obj
 0003:00000980       ?V2@@YA?ATv2@@MM@Z$rtcName$0 000000018002a980     p5engine.obj
 0003:00000990       ?V2@@YA?ATv2@@MM@Z$rtcVarDesc 000000018002a990     p5engine.obj
 0003:000009d0       ?V2@@YA?ATv2@@MM@Z$rtcFrameData 000000018002a9d0     p5engine.obj
 0003:00000a00       ?V2i@@YA?ATv2@@HH@Z$rtcName$0 000000018002aa00     p5engine.obj
 0003:00000a10       ?V2i@@YA?ATv2@@HH@Z$rtcVarDesc 000000018002aa10     p5engine.obj
 0003:00000a50       ?V2i@@YA?ATv2@@HH@Z$rtcFrameData 000000018002aa50     p5engine.obj
 0003:00000a80       ??D@YA?ATv2@@MT0@@Z$rtcName$0 000000018002aa80     p5engine.obj
 0003:00000a90       ??D@YA?ATv2@@MT0@@Z$rtcVarDesc 000000018002aa90     p5engine.obj
 0003:00000ad0       ??D@YA?ATv2@@MT0@@Z$rtcFrameData 000000018002aad0     p5engine.obj
 0003:00000b00       ??H@YA?ATv2@@T0@0@Z$rtcName$0 000000018002ab00     p5engine.obj
 0003:00000b10       ??H@YA?ATv2@@T0@0@Z$rtcVarDesc 000000018002ab10     p5engine.obj
 0003:00000b50       ??H@YA?ATv2@@T0@0@Z$rtcFrameData 000000018002ab50     p5engine.obj
 0003:00000b80       ??G@YA?ATv2@@T0@0@Z$rtcName$0 000000018002ab80     p5engine.obj
 0003:00000b90       ??G@YA?ATv2@@T0@0@Z$rtcVarDesc 000000018002ab90     p5engine.obj
 0003:00000bd0       ??G@YA?ATv2@@T0@0@Z$rtcFrameData 000000018002abd0     p5engine.obj
 0003:00000c00       ?Clamp01@@YA?ATv2@@T1@@Z$rtcName$0 000000018002ac00     p5engine.obj
 0003:00000c10       ?Clamp01@@YA?ATv2@@T1@@Z$rtcVarDesc 000000018002ac10     p5engine.obj
 0003:00000c50       ?Clamp01@@YA?ATv2@@T1@@Z$rtcFrameData 000000018002ac50     p5engine.obj
 0003:00000c80       ?V3@@YA?ATv3@@MMM@Z$rtcName$0 000000018002ac80     p5engine.obj
 0003:00000c90       ?V3@@YA?ATv3@@MMM@Z$rtcVarDesc 000000018002ac90     p5engine.obj
 0003:00000cd0       ?V3@@YA?ATv3@@MMM@Z$rtcFrameData 000000018002acd0     p5engine.obj
 0003:00000d00       ??D@YA?ATv3@@MT0@@Z$rtcName$0 000000018002ad00     p5engine.obj
 0003:00000d10       ??D@YA?ATv3@@MT0@@Z$rtcVarDesc 000000018002ad10     p5engine.obj
 0003:00000d50       ??D@YA?ATv3@@MT0@@Z$rtcFrameData 000000018002ad50     p5engine.obj
 0003:00000d80       ??D@YA?ATv3@@T0@M@Z$rtcName$0 000000018002ad80     p5engine.obj
 0003:00000d90       ??D@YA?ATv3@@T0@M@Z$rtcVarDesc 000000018002ad90     p5engine.obj
 0003:00000dd0       ??D@YA?ATv3@@T0@M@Z$rtcFrameData 000000018002add0     p5engine.obj
 0003:00000e00       ??H@YA?ATv3@@T0@0@Z$rtcName$0 000000018002ae00     p5engine.obj
 0003:00000e10       ??H@YA?ATv3@@T0@0@Z$rtcVarDesc 000000018002ae10     p5engine.obj
 0003:00000e50       ??H@YA?ATv3@@T0@0@Z$rtcFrameData 000000018002ae50     p5engine.obj
 0003:00000e80       ??G@YA?ATv3@@T0@0@Z$rtcName$0 000000018002ae80     p5engine.obj
 0003:00000e90       ??G@YA?ATv3@@T0@0@Z$rtcVarDesc 000000018002ae90     p5engine.obj
 0003:00000ed0       ??G@YA?ATv3@@T0@0@Z$rtcFrameData 000000018002aed0     p5engine.obj
 0003:00000f00       ?Hadamard@@YA?ATv3@@T1@0@Z$rtcName$0 000000018002af00     p5engine.obj
 0003:00000f10       ?Hadamard@@YA?ATv3@@T1@0@Z$rtcVarDesc 000000018002af10     p5engine.obj
 0003:00000f50       ?Hadamard@@YA?ATv3@@T1@0@Z$rtcFrameData 000000018002af50     p5engine.obj
 0003:00000f80       ?V4@@YA?ATv4@@MMMM@Z$rtcName$0 000000018002af80     p5engine.obj
 0003:00000f90       ?V4@@YA?ATv4@@MMMM@Z$rtcVarDesc 000000018002af90     p5engine.obj
 0003:00000fd0       ?V4@@YA?ATv4@@MMMM@Z$rtcFrameData 000000018002afd0     p5engine.obj
 0003:00001000       ?RectCenterHalfDim@@YA?AUrectangle2@@Tv2@@0@Z$rtcName$0 000000018002b000     p5engine.obj
 0003:00001010       ?RectCenterHalfDim@@YA?AUrectangle2@@Tv2@@0@Z$rtcVarDesc 000000018002b010     p5engine.obj
 0003:00001050       ?RectCenterHalfDim@@YA?AUrectangle2@@Tv2@@0@Z$rtcFrameData 000000018002b050     p5engine.obj
 0003:00001080       ?RectCenterDim@@YA?AUrectangle2@@Tv2@@0@Z$rtcName$0 000000018002b080     p5engine.obj
 0003:00001090       ?RectCenterDim@@YA?AUrectangle2@@Tv2@@0@Z$rtcVarDesc 000000018002b090     p5engine.obj
 0003:000010d0       ?RectCenterDim@@YA?AUrectangle2@@Tv2@@0@Z$rtcFrameData 000000018002b0d0     p5engine.obj
 0003:00001100       ?GetBarycentric@@YA?ATv2@@Urectangle2@@T1@@Z$rtcName$0 000000018002b100     p5engine.obj
 0003:00001110       ?GetBarycentric@@YA?ATv2@@Urectangle2@@T1@@Z$rtcVarDesc 000000018002b110     p5engine.obj
 0003:00001150       ?GetBarycentric@@YA?ATv2@@Urectangle2@@T1@@Z$rtcFrameData 000000018002b150     p5engine.obj
 0003:00001180       ?GetMinCorner@@YA?ATv3@@Urectangle3@@@Z$rtcName$0 000000018002b180     p5engine.obj
 0003:00001190       ?GetMinCorner@@YA?ATv3@@Urectangle3@@@Z$rtcVarDesc 000000018002b190     p5engine.obj
 0003:000011d0       ?GetMinCorner@@YA?ATv3@@Urectangle3@@@Z$rtcFrameData 000000018002b1d0     p5engine.obj
 0003:00001200       ?GetMaxCorner@@YA?ATv3@@Urectangle3@@@Z$rtcName$0 000000018002b200     p5engine.obj
 0003:00001210       ?GetMaxCorner@@YA?ATv3@@Urectangle3@@@Z$rtcVarDesc 000000018002b210     p5engine.obj
 0003:00001250       ?GetMaxCorner@@YA?ATv3@@Urectangle3@@@Z$rtcFrameData 000000018002b250     p5engine.obj
 0003:00001280       ?RectCenterHalfDim@@YA?AUrectangle3@@Tv3@@0@Z$rtcName$0 000000018002b280     p5engine.obj
 0003:00001290       ?RectCenterHalfDim@@YA?AUrectangle3@@Tv3@@0@Z$rtcVarDesc 000000018002b290     p5engine.obj
 0003:000012d0       ?RectCenterHalfDim@@YA?AUrectangle3@@Tv3@@0@Z$rtcFrameData 000000018002b2d0     p5engine.obj
 0003:00001300       ?AddRadiusTo@@YA?AUrectangle3@@U1@Tv3@@@Z$rtcName$0 000000018002b300     p5engine.obj
 0003:00001310       ?AddRadiusTo@@YA?AUrectangle3@@U1@Tv3@@@Z$rtcVarDesc 000000018002b310     p5engine.obj
 0003:00001350       ?AddRadiusTo@@YA?AUrectangle3@@U1@Tv3@@@Z$rtcFrameData 000000018002b350     p5engine.obj
 0003:00001380       ?RectCenterDim@@YA?AUrectangle3@@Tv3@@0@Z$rtcName$0 000000018002b380     p5engine.obj
 0003:00001390       ?RectCenterDim@@YA?AUrectangle3@@Tv3@@0@Z$rtcVarDesc 000000018002b390     p5engine.obj
 0003:000013d0       ?RectCenterDim@@YA?AUrectangle3@@Tv3@@0@Z$rtcFrameData 000000018002b3d0     p5engine.obj
 0003:00001400       ?GetEntityGroundPoint@@YA?ATv3@@PEAUsim_entity@@T1@@Z$rtcName$0 000000018002b400     p5engine.obj
 0003:00001410       ?GetEntityGroundPoint@@YA?ATv3@@PEAUsim_entity@@T1@@Z$rtcVarDesc 000000018002b410     p5engine.obj
 0003:00001450       ?GetEntityGroundPoint@@YA?ATv3@@PEAUsim_entity@@T1@@Z$rtcFrameData 000000018002b450     p5engine.obj
 0003:00001480       ?GetEntityGroundPoint@@YA?ATv3@@PEAUsim_entity@@@Z$rtcName$0 000000018002b480     p5engine.obj
 0003:00001490       ?GetEntityGroundPoint@@YA?ATv3@@PEAUsim_entity@@@Z$rtcVarDesc 000000018002b490     p5engine.obj
 0003:000014d0       ?GetEntityGroundPoint@@YA?ATv3@@PEAUsim_entity@@@Z$rtcFrameData 000000018002b4d0     p5engine.obj
 0003:00001500       ?GetStairGround@@YAMPEAUsim_entity@@Tv3@@@Z$rtcName$0 000000018002b500     p5engine.obj
 0003:0000150c       ?GetStairGround@@YAMPEAUsim_entity@@Tv3@@@Z$rtcName$1 000000018002b50c     p5engine.obj
 0003:00001520       ?GetStairGround@@YAMPEAUsim_entity@@Tv3@@@Z$rtcVarDesc 000000018002b520     p5engine.obj
 0003:000015a0       ?GetStairGround@@YAMPEAUsim_entity@@Tv3@@@Z$rtcFrameData 000000018002b5a0     p5engine.obj
 0003:000015e0       ?PushBitmap@@YAXPEAUrender_group@@PEAUloaded_bitmap@@Tv2@@M2MM@Z$rtcName$0 000000018002b5e0     p5engine.obj
 0003:000015e4       ?PushBitmap@@YAXPEAUrender_group@@PEAUloaded_bitmap@@Tv2@@M2MM@Z$rtcName$1 000000018002b5e4     p5engine.obj
 0003:000015f0       ?PushBitmap@@YAXPEAUrender_group@@PEAUloaded_bitmap@@Tv2@@M2MM@Z$rtcVarDesc 000000018002b5f0     p5engine.obj
 0003:00001670       ?PushBitmap@@YAXPEAUrender_group@@PEAUloaded_bitmap@@Tv2@@M2MM@Z$rtcFrameData 000000018002b670     p5engine.obj
 0003:000016a0       ?PushRect@@YAXPEAUrender_group@@Tv2@@M1Tv4@@M@Z$rtcName$0 000000018002b6a0     p5engine.obj
 0003:000016b0       ?PushRect@@YAXPEAUrender_group@@Tv2@@M1Tv4@@M@Z$rtcVarDesc 000000018002b6b0     p5engine.obj
 0003:000016f0       ?PushRect@@YAXPEAUrender_group@@Tv2@@M1Tv4@@M@Z$rtcFrameData 000000018002b6f0     p5engine.obj
 0003:00001720       ?GetRenderEntityBasisPos@@YA?ATv2@@PEAUrender_group@@PEAUrender_entity_basis@@T1@@Z$rtcName$0 000000018002b720     p5engine.obj
 0003:00001730       ?GetRenderEntityBasisPos@@YA?ATv2@@PEAUrender_group@@PEAUrender_entity_basis@@T1@@Z$rtcName$1 000000018002b730     p5engine.obj
 0003:00001740       ?GetRenderEntityBasisPos@@YA?ATv2@@PEAUrender_group@@PEAUrender_entity_basis@@T1@@Z$rtcVarDesc 000000018002b740     p5engine.obj
 0003:000017c0       ?GetRenderEntityBasisPos@@YA?ATv2@@PEAUrender_group@@PEAUrender_entity_basis@@T1@@Z$rtcFrameData 000000018002b7c0     p5engine.obj
 0003:00001800       ?RenderGroupToOutput@@YAXPEAUrender_group@@PEAUloaded_bitmap@@@Z$rtcName$0 000000018002b800     p5engine.obj
 0003:00001810       ?RenderGroupToOutput@@YAXPEAUrender_group@@PEAUloaded_bitmap@@@Z$rtcName$1 000000018002b810     p5engine.obj
 0003:00001814       ?RenderGroupToOutput@@YAXPEAUrender_group@@PEAUloaded_bitmap@@@Z$rtcName$2 000000018002b814     p5engine.obj
 0003:00001820       ?RenderGroupToOutput@@YAXPEAUrender_group@@PEAUloaded_bitmap@@@Z$rtcVarDesc 000000018002b820     p5engine.obj
 0003:000018e0       ?RenderGroupToOutput@@YAXPEAUrender_group@@PEAUloaded_bitmap@@@Z$rtcFrameData 000000018002b8e0     p5engine.obj
 0003:00001920       ?NullPosition@@YA?AUworld_position@@XZ$rtcName$0 000000018002b920     p5engine.obj
 0003:00001930       ?NullPosition@@YA?AUworld_position@@XZ$rtcVarDesc 000000018002b930     p5engine.obj
 0003:00001970       ?NullPosition@@YA?AUworld_position@@XZ$rtcFrameData 000000018002b970     p5engine.obj
 0003:000019a0       ?MapIntoChunkSpace@@YA?AUworld_position@@PEAUworld@@U1@Tv3@@@Z$rtcName$0 000000018002b9a0     p5engine.obj
 0003:000019b0       ?MapIntoChunkSpace@@YA?AUworld_position@@PEAUworld@@U1@Tv3@@@Z$rtcVarDesc 000000018002b9b0     p5engine.obj
 0003:000019f0       ?MapIntoChunkSpace@@YA?AUworld_position@@PEAUworld@@U1@Tv3@@@Z$rtcFrameData 000000018002b9f0     p5engine.obj
 0003:00001a20       ?ChunkPositionFromTilePosition@@YA?AUworld_position@@PEAUworld@@HHHTv3@@@Z$rtcName$0 000000018002ba20     p5engine.obj
 0003:00001a28       ?ChunkPositionFromTilePosition@@YA?AUworld_position@@PEAUworld@@HHHTv3@@@Z$rtcName$1 000000018002ba28     p5engine.obj
 0003:00001a30       ?ChunkPositionFromTilePosition@@YA?AUworld_position@@PEAUworld@@HHHTv3@@@Z$rtcName$2 000000018002ba30     p5engine.obj
 0003:00001a38       ?ChunkPositionFromTilePosition@@YA?AUworld_position@@PEAUworld@@HHHTv3@@@Z$rtcName$3 000000018002ba38     p5engine.obj
 0003:00001a40       ?ChunkPositionFromTilePosition@@YA?AUworld_position@@PEAUworld@@HHHTv3@@@Z$rtcVarDesc 000000018002ba40     p5engine.obj
 0003:00001b40       ?ChunkPositionFromTilePosition@@YA?AUworld_position@@PEAUworld@@HHHTv3@@@Z$rtcFrameData 000000018002bb40     p5engine.obj
 0003:00001b90       ?Subtract@@YA?ATv3@@PEAUworld@@PEAUworld_position@@1@Z$rtcName$0 000000018002bb90     p5engine.obj
 0003:00001b98       ?Subtract@@YA?ATv3@@PEAUworld@@PEAUworld_position@@1@Z$rtcName$1 000000018002bb98     p5engine.obj
 0003:00001ba0       ?Subtract@@YA?ATv3@@PEAUworld@@PEAUworld_position@@1@Z$rtcVarDesc 000000018002bba0     p5engine.obj
 0003:00001c20       ?Subtract@@YA?ATv3@@PEAUworld@@PEAUworld_position@@1@Z$rtcFrameData 000000018002bc20     p5engine.obj
 0003:00001c50       ?CenteredChunkPoint@@YA?AUworld_position@@III@Z$rtcName$0 000000018002bc50     p5engine.obj
 0003:00001c60       ?CenteredChunkPoint@@YA?AUworld_position@@III@Z$rtcVarDesc 000000018002bc60     p5engine.obj
 0003:00001ca0       ?CenteredChunkPoint@@YA?AUworld_position@@III@Z$rtcFrameData 000000018002bca0     p5engine.obj
 0003:00001cd0       ?GetSimSpacePos@@YA?ATv3@@PEAUsim_region@@PEAUlow_entity@@@Z$rtcName$0 000000018002bcd0     p5engine.obj
 0003:00001ce0       ?GetSimSpacePos@@YA?ATv3@@PEAUsim_region@@PEAUlow_entity@@@Z$rtcVarDesc 000000018002bce0     p5engine.obj
 0003:00001d20       ?GetSimSpacePos@@YA?ATv3@@PEAUsim_region@@PEAUlow_entity@@@Z$rtcFrameData 000000018002bd20     p5engine.obj
[...]
 0003:00006274       $unwind$?ChangeEntityLocation@@YAXPEAUmemory_arena@@PEAUworld@@IPEAUlow_entity@@Uworld_position@@@Z 0000000180030274     p5engine.obj
 0003:00006288       $unwind$?GetHashFromStorageIndex@@YAPEAUsim_entity_hash@@PEAUsim_region@@I@Z 0000000180030288     p5engine.obj
 0003:0000629c       $unwind$?GetSimSpacePos@@YA?ATv3@@PEAUsim_region@@PEAUlow_entity@@@Z 000000018003029c     p5engine.obj
 0003:000062b0       $unwind$?AddEntity@@YAPEAUsim_entity@@PEAUgame_state@@PEAUsim_region@@IPEAUlow_entity@@PEATv3@@@Z 00000001800302b0     p5engine.obj
 0003:000062c4       $unwind$?LoadEntityReference@@YAXPEAUgame_state@@PEAUsim_region@@PEATentity_reference@@@Z 00000001800302c4     p5engine.obj
 0003:000062e0       $unwind$?StoreEntityReference@@YAXPEATentity_reference@@@Z 00000001800302e0     p5engine.obj
 0003:000062f4       $unwind$?AddEntityRaw@@YAPEAUsim_entity@@PEAUgame_state@@PEAUsim_region@@IPEAUlow_entity@@@Z 00000001800302f4     p5engine.obj
 0003:00006308       $unwind$?EntityOverlapsRectangle@@YAHTv3@@Usim_entity_collision_volume@@Urectangle3@@@Z 0000000180030308     p5engine.obj
 0003:0000631c       $unwind$?BeginSim@@YAPEAUsim_region@@PEAUmemory_arena@@PEAUgame_state@@PEAUworld@@Uworld_position@@Urectangle3@@M@Z 000000018003031c     p5engine.obj
 0003:00006338       $unwind$?EndSim@@YAXPEAUsim_region@@PEAUgame_state@@@Z 0000000180030338     p5engine.obj
 0003:00006354       $unwind$?CanCollide@@YAHPEAUgame_state@@PEAUsim_entity@@1@Z 0000000180030354     p5engine.obj
 0003:00006368       $unwind$?HandleCollision@@YAHPEAUgame_state@@PEAUsim_entity@@1@Z 0000000180030368     p5engine.obj
 0003:0000637c       $unwind$?CanOverlap@@YAHPEAUgame_state@@PEAUsim_entity@@1@Z 000000018003037c     p5engine.obj
 0003:00006390       $unwind$?HandleOverlap@@YAXPEAUgame_state@@PEAUsim_entity@@1MPEAM@Z 0000000180030390     p5engine.obj
 0003:000063a4       $unwind$?SpeculativeCollide@@YAHPEAUsim_entity@@0Tv3@@@Z 00000001800303a4     p5engine.obj
 0003:000063b8       $unwind$?EntitiesOverlap@@YAHPEAUsim_entity@@0Tv3@@@Z 00000001800303b8     p5engine.obj
 0003:000063cc       $unwind$?MoveEntity@@YAXPEAUgame_state@@PEAUsim_region@@PEAUsim_entity@@MPEAUmove_spec@@Tv3@@@Z 00000001800303cc     p5engine.obj
 0003:000063e8       $unwind$?DefaultMoveSpec@@YA?AUmove_spec@@XZ 00000001800303e8     p5engine.obj
 0003:00006404       $unwind$?RandomSeed@@YA?AUrandom_series@@I@Z 0000000180030404     p5engine.obj
 0003:00006420       $unwind$?RandomNextUInt32@@YAIPEAUrandom_series@@@Z 0000000180030420     p5engine.obj
 0003:00006434       $unwind$?RandomChoice@@YAIPEAUrandom_series@@I@Z 0000000180030434     p5engine.obj
 0003:00006448       $unwind$?RandomUnilateral@@YAMPEAUrandom_series@@@Z 0000000180030448     p5engine.obj
 0003:0000645c       $unwind$?GameOutputSound@@YAXPEAUgame_state@@PEAUgame_sound_output_buffer@@H@Z 000000018003045c     p5engine.obj
 0003:00006470       $unwind$?DEBUGLoadBMP@@YA?AUloaded_bitmap@@PEAUthread_context@@P6A?AUdebug_read_file_result@@0PEAD@Z1@Z 0000000180030470     p5engine.obj
 0003:0000648c       $unwind$?AddLowEntity@@YA?AUadd_low_entity_result@@PEAUgame_state@@W4entity_type@@Uworld_position@@@Z 000000018003048c     p5engine.obj
 0003:000064a8       $unwind$?AddGroundedEntity@@YA?AUadd_low_entity_result@@PEAUgame_state@@W4entity_type@@Uworld_position@@PEAUsim_entity_collision_volume_group@@@Z 00000001800304a8     p5engine.obj
 0003:000064bc       $unwind$?AddStandardRoom@@YA?AUadd_low_entity_result@@PEAUgame_state@@III@Z 00000001800304bc     p5engine.obj
 0003:000064d0       $unwind$?AddWall@@YA?AUadd_low_entity_result@@PEAUgame_state@@III@Z 00000001800304d0     p5engine.obj
 0003:000064e4       $unwind$?AddStairs@@YA?AUadd_low_entity_result@@PEAUgame_state@@III@Z 00000001800304e4     p5engine.obj
 0003:000064f8       $unwind$?InitHitPoints@@YAXPEAUlow_entity@@I@Z 00000001800304f8     p5engine.obj
 0003:0000650c       $unwind$?AddSword@@YA?AUadd_low_entity_result@@PEAUgame_state@@@Z 000000018003050c     p5engine.obj
 0003:00006520       $unwind$?AddPlayer@@YA?AUadd_low_entity_result@@PEAUgame_state@@@Z 0000000180030520     p5engine.obj
 0003:00006534       $unwind$?AddMonstar@@YA?AUadd_low_entity_result@@PEAUgame_state@@III@Z 0000000180030534     p5engine.obj
 0003:00006548       $unwind$?AddFamiliar@@YA?AUadd_low_entity_result@@PEAUgame_state@@III@Z 0000000180030548     p5engine.obj
 0003:0000655c       $unwind$?DrawHitpoints@@YAXPEAUsim_entity@@PEAUrender_group@@@Z 000000018003055c     p5engine.obj
 0003:00006578       $unwind$?MakeSimpleGroundedCollision@@YAPEAUsim_entity_collision_volume_group@@PEAUgame_state@@MMM@Z 0000000180030578     p5engine.obj
 0003:0000658c       $unwind$?MakeNullCollision@@YAPEAUsim_entity_collision_volume_group@@PEAUgame_state@@@Z 000000018003058c     p5engine.obj
 0003:000065a0       $unwind$?FillGroundChunk@@YAXPEAUtransient_state@@PEAUgame_state@@PEAUground_buffer@@PEAUworld_position@@@Z 00000001800305a0     p5engine.obj
 0003:000065bc       $unwind$?ClearBitmap@@YAXPEAUloaded_bitmap@@@Z 00000001800305bc     p5engine.obj
 0003:000065d0       $unwind$?MakeEmptyBitmap@@YA?AUloaded_bitmap@@PEAUmemory_arena@@HHH@Z 00000001800305d0     p5engine.obj
 0003:000065ec       $unwind$GameUpdateAndRender 00000001800305ec     p5engine.obj
 0003:00006608       $unwind$GameGetSoundSamples 0000000180030608     p5engine.obj
 0003:0000661c       $unwind$_RTC_CheckStackVars 000000018003061c     MSVCRTD:stack.obj
 0003:00006630       $chain$0$_RTC_CheckStackVars 0000000180030630     MSVCRTD:stack.obj
 0003:00006648       $chain$1$_RTC_CheckStackVars 0000000180030648     MSVCRTD:stack.obj
 0003:0000665c       $unwind$_RTC_CheckStackVars2 000000018003065c     MSVCRTD:stack.obj
 0003:0000666c       $chain$1$_RTC_CheckStackVars2 000000018003066c     MSVCRTD:stack.obj
 0003:00006688       $chain$2$_RTC_CheckStackVars2 0000000180030688     MSVCRTD:stack.obj
 0003:000066a0       $chain$3$_RTC_CheckStackVars2 00000001800306a0     MSVCRTD:stack.obj
 0003:000066b8       $chain$4$_RTC_CheckStackVars2 00000001800306b8     MSVCRTD:stack.obj
 0003:000066cc       $chain$5$_RTC_CheckStackVars2 00000001800306cc     MSVCRTD:stack.obj
 0003:000066e0       $chain$6$_RTC_CheckStackVars2 00000001800306e0     MSVCRTD:stack.obj
 0003:000066f4       $unwind$_RTC_AllocaHelper  00000001800306f4     MSVCRTD:stack.obj
 0003:000066fc       $chain$0$_RTC_AllocaHelper 00000001800306fc     MSVCRTD:stack.obj
 0003:00006714       $chain$1$_RTC_AllocaHelper 0000000180030714     MSVCRTD:stack.obj
 0003:00006728       $unwind$_RTC_Shutdown      0000000180030728     MSVCRTD:init.obj
 0003:00006730       $unwind$_RTC_InitBase      0000000180030730     MSVCRTD:init.obj
 0003:00006738       $unwind$__CheckForDebuggerJustMyCode 0000000180030738     MSVCRTD:debugger_jmc.obj
 0003:00006740       $unwind$__GSHandlerCheckCommon 0000000180030740     MSVCRTD:gshandler.obj
 0003:00006748       $unwind$__GSHandlerCheck   0000000180030748     MSVCRTD:gshandler.obj
 0003:00006750       $xdatasym                  0000000180030750     MSVCRTD:chkstk.obj
 0003:00006758       $xdatasym                  0000000180030758     MSVCRTD:amdsecgs.obj
 0003:0000675c       $unwind$?dllmain_crt_process_attach@@YAHQEAUHINSTANCE__@@QEAX@Z 000000018003075c     MSVCRTD:dll_dllmain.obj
 0003:00006780       $unwind$?fin$0@?0??dllmain_crt_process_attach@@YAHQEAUHINSTANCE__@@QEAX@Z@4HA 0000000180030780     MSVCRTD:dll_dllmain.obj
 0003:00006788       $unwind$?dllmain_crt_process_detach@@YAH_N@Z 0000000180030788     MSVCRTD:dll_dllmain.obj
 0003:000067bc       $unwind$?fin$0@?0??dllmain_crt_process_detach@@YAH_N@Z@4HA 00000001800307bc     MSVCRTD:dll_dllmain.obj
 0003:000067c4       $unwind$?fin$1@?0??dllmain_crt_process_detach@@YAH_N@Z@4HA 00000001800307c4     MSVCRTD:dll_dllmain.obj
 0003:000067cc       $unwind$?dllmain_crt_dispatch@@YAHQEAUHINSTANCE__@@KQEAX@Z 00000001800307cc     MSVCRTD:dll_dllmain.obj
 0003:000067d4       $unwind$_CRT_INIT          00000001800307d4     MSVCRTD:dll_dllmain.obj
 0003:000067dc       $unwind$?dllmain_raw@@YAHQEAUHINSTANCE__@@KQEAX@Z 00000001800307dc     MSVCRTD:dll_dllmain.obj
 0003:000067e4       $unwind$?dllmain_dispatch@@YAHQEAUHINSTANCE__@@KQEAX@Z 00000001800307e4     MSVCRTD:dll_dllmain.obj
 0003:00006808       $unwind$?filt$0@?0??dllmain_dispatch@@YAHQEAUHINSTANCE__@@KQEAX@Z@4HA 0000000180030808     MSVCRTD:dll_dllmain.obj
 0003:00006810       $unwind$_DllMainCRTStartup 0000000180030810     MSVCRTD:dll_dllmain.obj
 0003:00006818       $unwind$_RTC_UninitUse     0000000180030818     MSVCRTD:error.obj
 0003:00006834       $unwind$?_RTC_StackFailure@@YAXPEAXPEBD@Z 0000000180030834     MSVCRTD:error.obj
 0003:00006854       $unwind$?_RTC_AllocaFailure@@YAXPEAXPEAU_RTC_ALLOCA_NODE@@H@Z 0000000180030854     MSVCRTD:error.obj
 0003:00006870       $chain$0$?_RTC_AllocaFailure@@YAXPEAXPEAU_RTC_ALLOCA_NODE@@H@Z 0000000180030870     MSVCRTD:error.obj
 0003:00006888       $chain$1$?_RTC_AllocaFailure@@YAXPEAXPEAU_RTC_ALLOCA_NODE@@H@Z 0000000180030888     MSVCRTD:error.obj
 0003:0000689c       $unwind$_vsprintf_s_l      000000018003089c     MSVCRTD:error.obj
 0003:000068b4       $unwind$sprintf_s          00000001800308b4     MSVCRTD:error.obj
 0003:000068bc       $unwind$?notify_debugger@@YAXAEBUtagEXCEPTION_VISUALCPP_DEBUG_INFO@@@Z 00000001800308bc     MSVCRTD:error.obj
 0003:000068e0       $unwind$?filt$0@?0??notify_debugger@@YAXAEBUtagEXCEPTION_VISUALCPP_DEBUG_INFO@@@Z@4HA 00000001800308e0     MSVCRTD:error.obj
 0003:000068e8       $unwind$?DebuggerProbe@@YA_NK@Z 00000001800308e8     MSVCRTD:error.obj
 0003:000068f0       $unwind$?DebuggerRuntime@@YA_NKHPEAXPEB_W@Z 00000001800308f0     MSVCRTD:error.obj
 0003:000068f8       $unwind$?failwithmessage@@YAXPEAXHHPEBD@Z 00000001800308f8     MSVCRTD:error.obj
 0003:00006920       $unwind$?_getMemBlockDataString@@YAXPEAD0PEBD_K@Z 0000000180030920     MSVCRTD:error.obj
 0003:00006934       $chain$3$?_getMemBlockDataString@@YAXPEAD0PEBD_K@Z 0000000180030934     MSVCRTD:error.obj
 0003:00006958       $chain$4$?_getMemBlockDataString@@YAXPEAD0PEBD_K@Z 0000000180030958     MSVCRTD:error.obj
 0003:0000696c       $unwind$__report_securityfailure 000000018003096c     MSVCRTD:gs_report.obj
 0003:00006974       $unwind$__report_securityfailureEx 0000000180030974     MSVCRTD:gs_report.obj
 0003:0000697c       $unwind$__report_rangecheckfailure 000000018003097c     MSVCRTD:gs_report.obj
 0003:00006984       $unwind$__report_gsfailure 0000000180030984     MSVCRTD:gs_report.obj
 0003:0000698c       $unwind$capture_current_context 000000018003098c     MSVCRTD:gs_report.obj
 0003:00006994       $unwind$capture_previous_context 0000000180030994     MSVCRTD:gs_report.obj
 0003:0000699c       $unwind$__raise_securityfailure 000000018003099c     MSVCRTD:gs_report.obj
 0003:000069a4       $unwind$__security_init_cookie 00000001800309a4     MSVCRTD:gs_support.obj
 0003:000069ac       $unwind$__get_entropy      00000001800309ac     MSVCRTD:gs_support.obj
 0003:000069b4       $unwind$DllMain            00000001800309b4     MSVCRTD:dll_dllmain_stub.obj
 0003:000069bc       $unwind$?__scrt_initialize_type_info@@YAXXZ 00000001800309bc     MSVCRTD:tncleanup.obj
 0003:000069c4       $unwind$?__scrt_uninitialize_type_info@@YAXXZ 00000001800309c4     MSVCRTD:tncleanup.obj
 0003:000069cc       $unwind$__scrt_initialize_default_local_stdio_options 00000001800309cc     MSVCRTD:default_local_stdio_options.obj
 0003:000069d4       $unwind$atexit             00000001800309d4     MSVCRTD:utility.obj
 0003:000069dc       $unwind$_onexit            00000001800309dc     MSVCRTD:utility.obj
 0003:000069e4       $unwind$at_quick_exit      00000001800309e4     MSVCRTD:utility.obj
 0003:000069ec       $unwind$__scrt_is_nonwritable_in_current_image 00000001800309ec     MSVCRTD:utility.obj
 0003:00006a10       $unwind$__scrt_is_nonwritable_in_current_image$filt$0 0000000180030a10     MSVCRTD:utility.obj
 0003:00006a18       $unwind$__scrt_acquire_startup_lock 0000000180030a18     MSVCRTD:utility.obj
 0003:00006a20       $unwind$__scrt_release_startup_lock 0000000180030a20     MSVCRTD:utility.obj
 0003:00006a28       $unwind$__scrt_initialize_crt 0000000180030a28     MSVCRTD:utility.obj
 0003:00006a30       $unwind$__scrt_uninitialize_crt 0000000180030a30     MSVCRTD:utility.obj
 0003:00006a38       $unwind$__scrt_initialize_onexit_tables 0000000180030a38     MSVCRTD:utility.obj
 0003:00006a48       $unwind$__scrt_dllmain_exception_filter 0000000180030a48     MSVCRTD:utility.obj
 0003:00006a50       $unwind$__scrt_dllmain_before_initialize_c 0000000180030a50     MSVCRTD:utility.obj
 0003:00006a58       $unwind$__scrt_dllmain_after_initialize_c 0000000180030a58     MSVCRTD:utility.obj
 0003:00006a60       $unwind$__scrt_dllmain_uninitialize_c 0000000180030a60     MSVCRTD:utility.obj
 0003:00006a68       $unwind$__scrt_dllmain_uninitialize_critical 0000000180030a68     MSVCRTD:utility.obj
 0003:00006a70       $unwind$__scrt_dllmain_crt_thread_attach 0000000180030a70     MSVCRTD:utility.obj
 0003:00006a78       $unwind$__scrt_dllmain_crt_thread_detach 0000000180030a78     MSVCRTD:utility.obj
 0003:00006a80       $unwind$?configure_argv@__scrt_narrow_argv_policy@@SAHXZ 0000000180030a80     MSVCRTD:utility.obj
 0003:00006a88       $unwind$?initialize_environment@__scrt_narrow_environment_policy@@SAHXZ 0000000180030a88     MSVCRTD:utility.obj
 0003:00006a90       $unwind$?is_potentially_valid_image_base@@YA_NQEAX@Z 0000000180030a90     MSVCRTD:utility.obj
 0003:00006a98       $unwind$?find_pe_section@@YAPEAU_IMAGE_SECTION_HEADER@@QEAE_K@Z 0000000180030a98     MSVCRTD:utility.obj
 0003:00006aa0       $unwind$__scrt_get_show_window_mode 0000000180030aa0     MSVCRTD:utility_desktop.obj
 0003:00006ab0       $unwind$__scrt_is_managed_app 0000000180030ab0     MSVCRTD:utility_desktop.obj
 0003:00006ab8       $unwind$__scrt_initialize_mta 0000000180030ab8     MSVCRTD:utility_desktop.obj
 0003:00006ac0       $unwind$__scrt_set_unhandled_exception_filter 0000000180030ac0     MSVCRTD:utility_desktop.obj
 0003:00006ac8       $unwind$__scrt_fastfail    0000000180030ac8     MSVCRTD:utility_desktop.obj
 0003:00006ad8       $unwind$__scrt_unhandled_exception_filter 0000000180030ad8     MSVCRTD:utility_desktop.obj
 0003:00006ae0       $unwind$_RTC_Initialize    0000000180030ae0     MSVCRTD:initsect.obj
 0003:00006af0       $unwind$_RTC_Terminate     0000000180030af0     MSVCRTD:initsect.obj
 0003:00006b00       $unwind$ReadNoFence64      0000000180030b00     MSVCRTD:guard_support.obj
 0003:00006b08       $unwind$ReadPointerNoFence 0000000180030b08     MSVCRTD:guard_support.obj
 0003:00006b10       $unwind$_guard_icall_checks_enforced 0000000180030b10     MSVCRTD:guard_support.obj
 0003:00006b18       $unwind$__castguard_compat_check 0000000180030b18     MSVCRTD:guard_support.obj
 0003:00006b20       $unwind$__castguard_check_failure_debugbreak 0000000180030b20     MSVCRTD:guard_support.obj
 0003:00006b28       $unwind$__castguard_check_failure_fastfail 0000000180030b28     MSVCRTD:guard_support.obj
 0003:00006b30       $unwind$__castguard_check_failure_os_handled 0000000180030b30     MSVCRTD:guard_support.obj
 0003:00006b38       $unwind$__castguard_slow_path_compat_check 0000000180030b38     MSVCRTD:guard_support.obj
 0003:00006b40       $unwind$__castguard_slow_path_check_debugbreak 0000000180030b40     MSVCRTD:guard_support.obj
 0003:00006b48       $unwind$__castguard_slow_path_check_fastfail 0000000180030b48     MSVCRTD:guard_support.obj
 0003:00006b50       $unwind$__castguard_slow_path_check_os_handled 0000000180030b50     MSVCRTD:guard_support.obj
 0003:00006b58       $unwind$?_RTC_GetSrcLine@@YAHPEAEPEA_WKPEAH1K@Z 0000000180030b58     MSVCRTD:pdblkup.obj
 0003:00006b74       $unwind$?GetPdbDllFromInstallPath@@YAPEAUHINSTANCE__@@XZ 0000000180030b74     MSVCRTD:pdblkup.obj
 0003:00006b9c       $unwind$?GetPdbDllPathFromFilePath@@YAHPEB_WPEA_W_K@Z 0000000180030b9c     MSVCRTD:pdblkup.obj
 0003:00006bb8       $unwind$?GetPdbDll@@YAPEAUHINSTANCE__@@XZ 0000000180030bb8     MSVCRTD:pdblkup.obj
 0003:00006bcc       $unwind$__isa_available_init 0000000180030bcc     MSVCRTD:cpu_disp.obj
 0003:00006be0       $unwind$__scrt_is_ucrt_dll_in_use 0000000180030be0     MSVCRTD:ucrt_detection.obj
 0003:00006be8       $xdatasym                  0000000180030be8     MSVCRTD:guard_dispatch.obj
 0003:00006bf0       $xdatasym                  0000000180030bf0     MSVCRTD:guard_xfg_dispatch.obj
 0003:00006eb0       .edata                     0000000180030eb0     P5Engine.exp
 0003:00006ed8       rgpv                       0000000180030ed8     P5Engine.exp
 0003:00006ee0       rgszName                   0000000180030ee0     P5Engine.exp
 0003:00006ee8       rgwOrd                     0000000180030ee8     P5Engine.exp
 0003:00006eec       szName                     0000000180030eec     P5Engine.exp
 0003:00006ef9       $N00001                    0000000180030ef9     P5Engine.exp
 0003:00006f0d       $N00002                    0000000180030f0d     P5Engine.exp
 0004:00000000       ?RandomNumberTable@@3PAIA  0000000180032000     p5engine.obj
 0004:00004e40       ?init@?1??_RTC_InitBase@@9@4_NA 0000000180036e40     MSVCRTD:init.obj
 0004:00004e44       ?__proc_attached@@3HA      0000000180036e44     MSVCRTD:dll_dllmain.obj
 0004:00004e58       ?_RTC_ErrorReportFunc@@3P6AHHPEBDH00ZZEA 0000000180036e58     MSVCRTD:userapi.obj
 0004:00004e60       ?_RTC_ErrorReportFuncW@@3P6AHHPEB_WH00ZZEA 0000000180036e60     MSVCRTD:userapi.obj
 0004:00004e70       GS_ExceptionRecord         0000000180036e70     MSVCRTD:gs_report.obj
 0004:00004f10       GS_ContextRecord           0000000180036f10     MSVCRTD:gs_report.obj
 0004:00005538       ?is_initialized_as_dll@@3_NA 0000000180037538     MSVCRTD:utility.obj
 0004:00005539       ?module_local_atexit_table_initialized@@3_NA 0000000180037539     MSVCRTD:utility.obj
 0004:00005540       ?module_local_atexit_table@@3U_onexit_table_t@@A 0000000180037540     MSVCRTD:utility.obj
 0004:00005558       ?module_local_at_quick_exit_table@@3U_onexit_table_t@@A 0000000180037558     MSVCRTD:utility.obj
 0004:00005598       ?mspdb@@3PEAUHINSTANCE__@@EA 0000000180037598     MSVCRTD:pdblkup.obj
 0004:000055a1       ?alreadyTried@?1??GetPdbDll@@YAPEAUHINSTANCE__@@XZ@4_NA 00000001800375a1     MSVCRTD:pdblkup.obj
 0004:000055a2       ?PDBOK@?1??_RTC_GetSrcLine@@YAHPEAEPEA_WKPEAH1K@Z@4_NA 00000001800375a2     MSVCRTD:pdblkup.obj
 0006:0000078a       .idata$6                   000000018003b78a     vcruntimed:VCRUNTIME140D.dll
 0006:00000932       .idata$6                   000000018003b932     ucrtd:ucrtbased.dll
 0006:00000b74       .idata$6                   000000018003bb74     kernel32:KERNEL32.dll
 0007:00000000       __5C0B09BC_p5engine_platform@h 000000018003c000     p5engine.obj
 0007:00000001       __09340588_corecrt_math@h  000000018003c001     p5engine.obj
 0007:00000002       __B0C4CEA9_malloc@h        000000018003c002     p5engine.obj
 0007:00000003       __3A0418DB_p5engine_intrinsics@h 000000018003c003     p5engine.obj
 0007:00000004       __6D6C9F34_p5engine_math@h 000000018003c004     p5engine.obj
 0007:00000005       __326D9465_p5engine_entity@h 000000018003c005     p5engine.obj
 0007:00000006       __B7D51BCB_p5engine@h      000000018003c006     p5engine.obj
 0007:00000007       __ECDA994C_p5engine_render_group@cpp 000000018003c007     p5engine.obj
 0007:00000008       __DC0D61CC_p5engine_world@cpp 000000018003c008     p5engine.obj
 0007:00000009       __5DD8E4E4_p5engine_sim_region@cpp 000000018003c009     p5engine.obj
 0007:0000000a       __9C871DF9_p5engine_entity@cpp 000000018003c00a     p5engine.obj
 0007:0000000b       __74B1E2C0_p5engine_random@h 000000018003c00b     p5engine.obj
 0007:0000000c       __D1049797_p5engine@cpp    000000018003c00c     p5engine.obj
 0009:00000170       $R000000                   000000018003e170     * linker generated manifest res *
