 P5Engine

 Timestamp is 613c401f (Fri Sep 10 22:35:27 2021)

 Preferred load address is 0000000180000000

 Start         Length     Name                   Class
 0001:00000000 00010000H .textbss                DATA
 0002:00000000 000130d0H .text$mn                CODE
 0002:000130d0 00001040H .text$mn$00             CODE
 0002:00014110 00001141H .text$x                 CODE
 0003:00000000 00000110H .CRT$XCA                DATA
 0003:00000110 00000110H .CRT$XCZ                DATA
 0003:00000220 00000110H .CRT$XIA                DATA
 0003:00000330 00000110H .CRT$XIZ                DATA
 0003:00000440 00000110H .CRT$XPA                DATA
 0003:00000550 00000110H .CRT$XPZ                DATA
 0003:00000660 00000110H .CRT$XTA                DATA
 0003:00000770 00000110H .CRT$XTZ                DATA
 0003:00000880 00003900H .rdata                  DATA
 0003:00004180 00000110H .rdata$CastGuardVftablesA DATA
 0003:00004290 0000010cH .rdata$CastGuardVftablesC DATA
 0003:0000439c 0000017cH .rdata$zzzdbg           DATA
 0003:00004518 00000110H .rtc$IAA                DATA
 0003:00004628 00000110H .rtc$IMZ                DATA
 0003:00004738 00000110H .rtc$IZZ                DATA
 0003:00004848 00000110H .rtc$TAA                DATA
 0003:00004958 00000110H .rtc$TMZ                DATA
 0003:00004a68 00000110H .rtc$TZZ                DATA
 0003:00004b78 00001148H .xdata                  DATA
 0003:00005cc0 00000187H .edata                  DATA
 0004:00000000 00004e40H .data                   DATA
 0004:00004e40 00000788H .bss                    DATA
 0005:00000000 0000264cH .pdata                  DATA
 0006:00000000 00000340H .idata$5                DATA
 0006:00000340 0000003cH .idata$2                DATA
 0006:0000037c 00000014H .idata$3                DATA
 0006:00000390 00000340H .idata$4                DATA
 0006:000006d0 00000656H .idata$6                DATA
 0007:00000000 0000010dH .msvcjmc                DATA
 0008:00000000 00000151H .00cfg                  DATA
 0009:00000000 00000170H .rsrc$01                DATA
 0009:00000170 000001b6H .rsrc$02                DATA

  Address         Publics by Value              Rva+Base               Lib:Object

 0000:00000000       __guard_eh_cont_count      0000000000000000     <absolute>
 0000:00000000       __hybrid_auxiliary_iat_copy 0000000000000000     <absolute>
 0000:00000000       __dynamic_value_reloc_table 0000000000000000     <absolute>
 0000:00000000       __arm64x_redirection_metadata 0000000000000000     <absolute>
 0000:00000000       __guard_iat_table          0000000000000000     <absolute>
 0000:00000000       __x64_code_ranges_to_entry_points_count 0000000000000000     <absolute>
 0000:00000000       __hybrid_auxiliary_iat     0000000000000000     <absolute>
 0000:00000000       ___safe_se_handler_table   0000000000000000     <absolute>
 0000:00000000       __AbsoluteZero             0000000000000000     <absolute>
 0000:00000000       __arm64x_extra_rfe_table_size 0000000000000000     <absolute>
 0000:00000000       __guard_iat_count          0000000000000000     <absolute>
 0000:00000000       __hybrid_code_map_count    0000000000000000     <absolute>
 0000:00000000       ___safe_se_handler_count   0000000000000000     <absolute>
 0000:00000000       __hybrid_code_map          0000000000000000     <absolute>
 0000:00000000       __arm64x_extra_rfe_table   0000000000000000     <absolute>
 0000:00000000       __guard_longjmp_table      0000000000000000     <absolute>
 0000:00000000       __x64_code_ranges_to_entry_points 0000000000000000     <absolute>
 0000:00000000       __arm64x_redirection_metadata_count 0000000000000000     <absolute>
 0000:00000000       __volatile_metadata        0000000000000000     <absolute>
 0000:00000000       __guard_check_icall_a64n_fptr 0000000000000000     <absolute>
 0000:00000000       __arm64x_native_entrypoint 0000000000000000     <absolute>
 0000:00000000       __enclave_config           0000000000000000     <absolute>
 0000:00000000       __guard_fids_count         0000000000000000     <absolute>
 0000:00000000       __guard_fids_table         0000000000000000     <absolute>
 0000:00000000       __guard_eh_cont_table      0000000000000000     <absolute>
 0000:00000000       __guard_longjmp_count      0000000000000000     <absolute>
 0000:00000100       __guard_flags              0000000000000100     <absolute>
 0000:00000000       __ImageBase                0000000180000000     <linker-defined>
 0001:00000000       __enc$textbss$begin        0000000180001000     <linker-defined>
 0001:00010000       __enc$textbss$end          0000000180011000     <linker-defined>
 0002:00000960       ??D@YA?ATv2@@MT0@@Z        0000000180011960 f i p5engine.obj
 0002:00000a50       ??D@YA?ATv3@@MT0@@Z        0000000180011a50 f i p5engine.obj
 0002:00000b90       ??D@YA?ATv3@@T0@M@Z        0000000180011b90 f i p5engine.obj
 0002:00000c90       ??G@YA?ATv2@@T0@0@Z        0000000180011c90 f i p5engine.obj
 0002:00000d80       ??G@YA?ATv3@@T0@0@Z        0000000180011d80 f i p5engine.obj
 0002:00000ed0       ??H@YA?ATv2@@T0@0@Z        0000000180011ed0 f i p5engine.obj
 0002:00000fc0       ??H@YA?ATv3@@T0@0@Z        0000000180011fc0 f i p5engine.obj
 0002:00001110       ??X@YAAEATv3@@AEAT0@M@Z    0000000180012110 f i p5engine.obj
 0002:000011d0       ??Y@YAAEATv2@@AEAT0@T0@@Z  00000001800121d0 f i p5engine.obj
 0002:00001250       ??Y@YAAEATv3@@AEAT0@T0@@Z  0000000180012250 f i p5engine.obj
 0002:00001330       ??Z@YAAEATv3@@AEAT0@T0@@Z  0000000180012330 f i p5engine.obj
 0002:00001410       ?AbsoluteValue@@YAMM@Z     0000000180012410 f i p5engine.obj
 0002:00001c30       ?AddFlags@@YAXPEAUsim_entity@@I@Z 0000000180012c30 f i p5engine.obj
 0002:00002500       ?AddRadiusTo@@YA?AUrectangle3@@U1@Tv3@@@Z 0000000180013500 f i p5engine.obj
 0002:00002d40       ?AreInSameChunk@@YAHPEAUworld@@PEAUworld_position@@1@Z 0000000180013d40 f i p5engine.obj
 0002:00003ac0       ?ChangeEntityLocationRaw@@YAXPEAUmemory_arena@@PEAUworld@@IPEAUworld_position@@2@Z 0000000180014ac0 f i p5engine.obj
 0002:00003fc0       ?ChunkPositionFromTilePosition@@YA?AUworld_position@@PEAUworld@@HHHTv3@@@Z 0000000180014fc0 f i p5engine.obj
 0002:00004320       ?Clamp01@@YA?ATv3@@T1@@Z   0000000180015320 f i p5engine.obj
 0002:00004450       ?Clamp01@@YAMM@Z           0000000180015450 f i p5engine.obj
 0002:000044b0       ?Clamp@@YAMMMM@Z           00000001800154b0 f i p5engine.obj
 0002:00004680       ?ClearFlags@@YAXPEAUsim_entity@@I@Z 0000000180015680 f i p5engine.obj
 0002:00004b70       ?DefaultMoveSpec@@YA?AUmove_spec@@XZ 0000000180015b70 f i p5engine.obj
 0002:00005b60       ?EntityOverlapsRectangle@@YAHTv3@@0Urectangle3@@@Z 0000000180016b60 f i p5engine.obj
 0002:00005d10       ?FindLeastSignificantSetBit@@YA?AUbit_scan_result@@I@Z 0000000180016d10 f i p5engine.obj
 0002:00005ed0       ?GetBarycentric@@YA?ATv3@@Urectangle3@@T1@@Z 0000000180016ed0 f i p5engine.obj
 0002:000061e0       ?GetLowEntity@@YAPEAUlow_entity@@PEAUgame_state@@I@Z 00000001800171e0 f i p5engine.obj
 0002:00006280       ?GetMaxCorner@@YA?ATv3@@Urectangle3@@@Z 0000000180017280 f i p5engine.obj
 0002:00006340       ?GetMinCorner@@YA?ATv3@@Urectangle3@@@Z 0000000180017340 f i p5engine.obj
 0002:00006400       ?GetSimSpacePos@@YA?ATv3@@PEAUsim_region@@PEAUlow_entity@@@Z 0000000180017400 f i p5engine.obj
 0002:00006580       ?GetWorldChunk@@YAPEAUworld_chunk@@PEAUworld@@HHHPEAUmemory_arena@@@Z 0000000180017580 f i p5engine.obj
 0002:00006800       ?Hadamard@@YA?ATv3@@T1@0@Z 0000000180017800 f i p5engine.obj
 0002:00006ca0       ?HasFlag@@YAHPEAUsim_entity@@I@Z 0000000180017ca0 f i p5engine.obj
 0002:00006dc0       ?InitializeArena@@YAXPEAUmemory_arena@@_KPEAX@Z 0000000180017dc0 f i p5engine.obj
 0002:00006fb0       ?Inner@@YAMTv3@@0@Z        0000000180017fb0 f i p5engine.obj
 0002:00007060       ?IsCanonical@@YAHMM@Z      0000000180018060 f i p5engine.obj
 0002:00007130       ?IsCanonical@@YAHPEAUworld@@Tv3@@@Z 0000000180018130 f i p5engine.obj
 0002:00007210       ?IsInRectangle@@YAHUrectangle3@@Tv3@@@Z 0000000180018210 f i p5engine.obj
 0002:00007330       ?IsValid@@YAHUworld_position@@@Z 0000000180018330 f i p5engine.obj
 0002:000073a0       ?Length@@YAMTv3@@@Z        00000001800183a0 f i p5engine.obj
 0002:00007420       ?LengthSq@@YAMTv3@@@Z      0000000180018420 f i p5engine.obj
 0002:000074c0       ?Lerp@@YAMMMM@Z            00000001800184c0 f i p5engine.obj
 0002:00007550       ?LoadEntityReference@@YAXPEAUgame_state@@PEAUsim_region@@PEATentity_reference@@@Z 0000000180018550 f i p5engine.obj
 0002:000076f0       ?MakeEntityNonSpatial@@YAXPEAUsim_entity@@@Z 00000001800186f0 f i p5engine.obj
 0002:000077b0       ?MakeEntitySpatial@@YAXPEAUsim_entity@@Tv3@@1@Z 00000001800187b0 f i p5engine.obj
 0002:00007850       ?MapIntoChunkSpace@@YA?AUworld_position@@PEAUworld@@U1@Tv3@@@Z 0000000180018850 f i p5engine.obj
 0002:00009240       ?NullPosition@@YA?AUworld_position@@XZ 000000018001a240 f i p5engine.obj
 0002:00009320       ?PushBitmap@@YAXPEAUentity_visible_piece_group@@PEAUloaded_bitmap@@Tv2@@M2MM@Z 000000018001a320 f i p5engine.obj
 0002:000094c0       ?PushPiece@@YAXPEAUentity_visible_piece_group@@PEAUloaded_bitmap@@Tv2@@2M2Tv4@@M@Z 000000018001a4c0 f i p5engine.obj
 0002:000096e0       ?PushRect@@YAXPEAUentity_visible_piece_group@@Tv2@@M1Tv4@@M@Z 000000018001a6e0 f i p5engine.obj
 0002:000097d0       ?PushSize_@@YAPEAXPEAUmemory_arena@@_K@Z 000000018001a7d0 f i p5engine.obj
 0002:00009890       ?RecanonicalizeCoord@@YAXMPEAHPEAM@Z 000000018001a890 f i p5engine.obj
 0002:00009980       ?RectCenterDim@@YA?AUrectangle3@@Tv3@@0@Z 000000018001a980 f i p5engine.obj
 0002:00009af0       ?RectCenterHalfDim@@YA?AUrectangle3@@Tv3@@0@Z 000000018001aaf0 f i p5engine.obj
 0002:00009d00       ?RectanglesIntersect@@YAHUrectangle3@@0@Z 000000018001ad00 f i p5engine.obj
 0002:00009e30       ?RotateLeft@@YAIIH@Z       000000018001ae30 f i p5engine.obj
 0002:00009e90       ?RoundReal32ToInt32@@YAHM@Z 000000018001ae90 f i p5engine.obj
 0002:00009ef0       ?RoundReal32ToUInt32@@YAIM@Z 000000018001aef0 f i p5engine.obj
 0002:00009f50       ?SafeRatio0@@YAMMM@Z       000000018001af50 f i p5engine.obj
 0002:00009fc0       ?SafeRatioN@@YAMMMM@Z      000000018001afc0 f i p5engine.obj
 0002:0000a050       ?Sin@@YAMM@Z               000000018001b050 f i p5engine.obj
 0002:0000a360       ?Square@@YAMM@Z            000000018001b360 f i p5engine.obj
 0002:0000a3c0       ?SquareRoot@@YAMM@Z        000000018001b3c0 f i p5engine.obj
 0002:0000a420       ?StoreEntityReference@@YAXPEATentity_reference@@@Z 000000018001b420 f i p5engine.obj
 0002:0000a930       ?V2@@YA?ATv2@@MM@Z         000000018001b930 f i p5engine.obj
 0002:0000aa00       ?V3@@YA?ATv3@@MMM@Z        000000018001ba00 f i p5engine.obj
 0002:0000ab20       ?V4@@YA?ATv4@@MMMM@Z       000000018001bb20 f i p5engine.obj
 0002:0000ac50       ?ZeroSize@@YAX_KPEAX@Z     000000018001bc50 f i p5engine.obj
 0002:0000acf0       GameGetSoundSamples        000000018001bcf0 f   p5engine.obj
 0002:0000ad60       GameUpdateAndRender        000000018001bd60 f   p5engine.obj
 0002:0000dab0       GetController              000000018001eab0 f i p5engine.obj
 0002:0000db30       __JustMyCode_Default       000000018001eb30 f i p5engine.obj
 0002:0000db40       _RTC_AllocaHelper          000000018001eb40 f   MSVCRTD:stack.obj
 0002:0000db90       _RTC_CheckStackVars        000000018001eb90 f   MSVCRTD:stack.obj
 0002:0000dc40       _RTC_CheckStackVars2       000000018001ec40 f   MSVCRTD:stack.obj
 0002:0000dd90       _CRT_RTC_INIT              000000018001ed90 f   MSVCRTD:init.obj
 0002:0000dda0       _CRT_RTC_INITW             000000018001eda0 f   MSVCRTD:init.obj
 0002:0000ddb0       _RTC_InitBase              000000018001edb0 f   MSVCRTD:init.obj
 0002:0000de00       _RTC_Shutdown              000000018001ee00 f   MSVCRTD:init.obj
 0002:0000de30       __CheckForDebuggerJustMyCode 000000018001ee30 f   MSVCRTD:debugger_jmc.obj
 0002:0000de80       __GSHandlerCheck           000000018001ee80 f   MSVCRTD:gshandler.obj
 0002:0000ded0       __GSHandlerCheckCommon     000000018001eed0 f   MSVCRTD:gshandler.obj
 0002:0000e020       __chkstk                   000000018001f020 f   MSVCRTD:chkstk.obj
 0002:0000e020       _alloca_probe              000000018001f020 f   MSVCRTD:chkstk.obj
 0002:0000e0a0       __security_check_cookie    000000018001f0a0 f   MSVCRTD:amdsecgs.obj
 0002:0000e5d0       _CRT_INIT                  000000018001f5d0 f   MSVCRTD:dll_dllmain.obj
 0002:0000e610       _DllMainCRTStartup         000000018001f610 f   MSVCRTD:dll_dllmain.obj
 0002:0000e710       ?_RTC_AllocaFailure@@YAXPEAXPEAU_RTC_ALLOCA_NODE@@H@Z 000000018001f710 f   MSVCRTD:error.obj
 0002:0000e8c0       ?_RTC_Failure@@YAXPEAXH@Z  000000018001f8c0 f   MSVCRTD:error.obj
 0002:0000e930       ?_RTC_StackFailure@@YAXPEAXPEBD@Z 000000018001f930 f   MSVCRTD:error.obj
 0002:0000ee70       _RTC_UninitUse             000000018001fe70 f   MSVCRTD:error.obj
 0002:0000ef70       __local_stdio_printf_options 000000018001ff70 f i MSVCRTD:error.obj
 0002:0000ef80       _vsprintf_s_l              000000018001ff80 f i MSVCRTD:error.obj
 0002:0000f000       sprintf_s                  0000000180020000 f i MSVCRTD:error.obj
 0002:0000f030       ?_RTC_GetErrorFunc@@YAP6AHHPEBDH00ZZPEBX@Z 0000000180020030 f   MSVCRTD:userapi.obj
 0002:0000f040       ?_RTC_GetErrorFuncW@@YAP6AHHPEB_WH00ZZPEBX@Z 0000000180020040 f   MSVCRTD:userapi.obj
 0002:0000f050       _RTC_GetErrDesc            0000000180020050 f   MSVCRTD:userapi.obj
 0002:0000f070       _RTC_NumErrors             0000000180020070 f   MSVCRTD:userapi.obj
 0002:0000f080       _RTC_SetErrorFunc          0000000180020080 f   MSVCRTD:userapi.obj
 0002:0000f0a0       _RTC_SetErrorFuncW         00000001800200a0 f   MSVCRTD:userapi.obj
 0002:0000f0c0       _RTC_SetErrorType          00000001800200c0 f   MSVCRTD:userapi.obj
 0002:0000f0f0       __raise_securityfailure    00000001800200f0 f   MSVCRTD:gs_report.obj
 0002:0000f140       __report_gsfailure         0000000180020140 f   MSVCRTD:gs_report.obj
 0002:0000f250       __report_rangecheckfailure 0000000180020250 f   MSVCRTD:gs_report.obj
 0002:0000f270       __report_securityfailure   0000000180020270 f   MSVCRTD:gs_report.obj
 0002:0000f340       __report_securityfailureEx 0000000180020340 f   MSVCRTD:gs_report.obj
 0002:0000f730       __security_init_cookie     0000000180020730 f   MSVCRTD:gs_support.obj
 0002:0000f7d0       DllMain                    00000001800207d0 f   MSVCRTD:dll_dllmain_stub.obj
 0002:0000f820       ?__scrt_initialize_type_info@@YAXXZ 0000000180020820 f   MSVCRTD:tncleanup.obj
 0002:0000f840       ?__scrt_uninitialize_type_info@@YAXXZ 0000000180020840 f   MSVCRTD:tncleanup.obj
 0002:0000f860       __local_stdio_scanf_options 0000000180020860 f i MSVCRTD:default_local_stdio_options.obj
 0002:0000f870       __scrt_initialize_default_local_stdio_options 0000000180020870 f   MSVCRTD:default_local_stdio_options.obj
 0002:0000f8d0       ?configure_argv@__scrt_narrow_argv_policy@@SAHXZ 00000001800208d0 f i MSVCRTD:utility.obj
 0002:0000f9f0       ?initialize_environment@__scrt_narrow_environment_policy@@SAHXZ 00000001800209f0 f i MSVCRTD:utility.obj
 0002:0000fac0       NtCurrentTeb               0000000180020ac0 f i MSVCRTD:utility.obj
 0002:0000fad0       __scrt_acquire_startup_lock 0000000180020ad0 f   MSVCRTD:utility.obj
 0002:0000fb50       __scrt_dllmain_after_initialize_c 0000000180020b50 f   MSVCRTD:utility.obj
 0002:0000fb90       __scrt_dllmain_before_initialize_c 0000000180020b90 f   MSVCRTD:utility.obj
 0002:0000fbc0       __scrt_dllmain_crt_thread_attach 0000000180020bc0 f   MSVCRTD:utility.obj
 0002:0000fc00       __scrt_dllmain_crt_thread_detach 0000000180020c00 f   MSVCRTD:utility.obj
 0002:0000fc20       __scrt_dllmain_exception_filter 0000000180020c20 f   MSVCRTD:utility.obj
 0002:0000fca0       __scrt_dllmain_uninitialize_c 0000000180020ca0 f   MSVCRTD:utility.obj
 0002:0000fce0       __scrt_dllmain_uninitialize_critical 0000000180020ce0 f   MSVCRTD:utility.obj
 0002:0000fd00       __scrt_initialize_crt      0000000180020d00 f   MSVCRTD:utility.obj
 0002:0000fd60       __scrt_initialize_onexit_tables 0000000180020d60 f   MSVCRTD:utility.obj
 0002:0000feb0       __scrt_is_nonwritable_in_current_image 0000000180020eb0 f   MSVCRTD:utility.obj
 0002:0000ff60       __scrt_release_startup_lock 0000000180020f60 f   MSVCRTD:utility.obj
 0002:0000ffa0       __scrt_uninitialize_crt    0000000180020fa0 f   MSVCRTD:utility.obj
 0002:0000fff0       _onexit                    0000000180020ff0 f   MSVCRTD:utility.obj
 0002:00010090       at_quick_exit              0000000180021090 f   MSVCRTD:utility.obj
 0002:000100f0       atexit                     00000001800210f0 f   MSVCRTD:utility.obj
 0002:00010130       __scrt_get_dyn_tls_init_callback 0000000180021130 f   MSVCRTD:dyn_tls_init.obj
 0002:00010140       __crt_debugger_hook        0000000180021140 f   MSVCRTD:utility_desktop.obj
 0002:00010160       __scrt_fastfail            0000000180021160 f   MSVCRTD:utility_desktop.obj
 0002:00010360       __scrt_get_show_window_mode 0000000180021360 f   MSVCRTD:utility_desktop.obj
 0002:000103d0       __scrt_initialize_mta      00000001800213d0 f   MSVCRTD:utility_desktop.obj
 0002:000103f0       __scrt_initialize_winrt    00000001800213f0 f   MSVCRTD:utility_desktop.obj
 0002:00010400       __scrt_is_managed_app      0000000180021400 f   MSVCRTD:utility_desktop.obj
 0002:000104d0       __scrt_set_unhandled_exception_filter 00000001800214d0 f   MSVCRTD:utility_desktop.obj
 0002:000104f0       __scrt_exe_initialize_mta  00000001800214f0 f   MSVCRTD:utility_desktop.obj
 0002:000104f0       __scrt_stub_for_initialize_mta 00000001800214f0 f   MSVCRTD:utility_desktop.obj
 0002:00010500       __scrt_unhandled_exception_filter 0000000180021500 f   MSVCRTD:utility_desktop.obj
 0002:000105c0       _RTC_Initialize            00000001800215c0 f   MSVCRTD:initsect.obj
 0002:00010620       _RTC_Terminate             0000000180021620 f   MSVCRTD:initsect.obj
 0002:00010680       _guard_check_icall_nop     0000000180021680 f i MSVCRTD:guard_support.obj
 0002:00010690       ReadNoFence64              0000000180021690 f i MSVCRTD:guard_support.obj
 0002:000106c0       ReadPointerNoFence         00000001800216c0 f i MSVCRTD:guard_support.obj
 0002:000106e0       __castguard_check_failure_debugbreak 00000001800216e0 f i MSVCRTD:guard_support.obj
 0002:00010710       __castguard_check_failure_fastfail 0000000180021710 f i MSVCRTD:guard_support.obj
 0002:00010740       __castguard_check_failure_nop 0000000180021740 f i MSVCRTD:guard_support.obj
 0002:00010750       __castguard_check_failure_os_handled 0000000180021750 f i MSVCRTD:guard_support.obj
 0002:00010840       __castguard_slow_path_check_debugbreak 0000000180021840 f i MSVCRTD:guard_support.obj
 0002:00010890       __castguard_slow_path_check_fastfail 0000000180021890 f i MSVCRTD:guard_support.obj
 0002:000108f0       __castguard_slow_path_check_nop 00000001800218f0 f i MSVCRTD:guard_support.obj
 0002:00010910       __castguard_slow_path_check_os_handled 0000000180021910 f i MSVCRTD:guard_support.obj
 0002:00010a20       _guard_icall_checks_enforced 0000000180021a20 f i MSVCRTD:guard_support.obj
 0002:00010a70       _guard_rf_checks_enforced  0000000180021a70 f i MSVCRTD:guard_support.obj
 0002:000110d0       ?_RTC_GetSrcLine@@YAHPEAEPEA_WKPEAH1K@Z 00000001800220d0 f   MSVCRTD:pdblkup.obj
 0002:00011590       __isa_available_init       0000000180022590 f   MSVCRTD:cpu_disp.obj
 0002:00011a10       _get_startup_argv_mode     0000000180022a10 f   MSVCRTD:argv_mode.obj
 0002:00011a20       __scrt_is_ucrt_dll_in_use  0000000180022a20 f   MSVCRTD:ucrt_detection.obj
 0002:00011a50       __C_specific_handler       0000000180022a50 f   vcruntimed:VCRUNTIME140D.dll
 0002:00011a56       __C_specific_handler_noexcept 0000000180022a56 f   vcruntimed:VCRUNTIME140D.dll
 0002:00011a5c       __std_type_info_destroy_list 0000000180022a5c f   vcruntimed:VCRUNTIME140D.dll
 0002:00011a62       __current_exception        0000000180022a62 f   vcruntimed:VCRUNTIME140D.dll
 0002:00011a68       __current_exception_context 0000000180022a68 f   vcruntimed:VCRUNTIME140D.dll
 0002:00011a6e       __vcrt_GetModuleFileNameW  0000000180022a6e f   vcruntimed:VCRUNTIME140D.dll
 0002:00011a74       __vcrt_GetModuleHandleW    0000000180022a74 f   vcruntimed:VCRUNTIME140D.dll
 0002:00011a7a       __vcrt_LoadLibraryExW      0000000180022a7a f   vcruntimed:VCRUNTIME140D.dll
 0002:00011a80       fabs                       0000000180022a80 f   ucrtd:ucrtbased.dll
 0002:00011a86       roundf                     0000000180022a86 f   ucrtd:ucrtbased.dll
 0002:00011a8c       sinf                       0000000180022a8c f   ucrtd:ucrtbased.dll
 0002:00011a92       sqrtf                      0000000180022a92 f   ucrtd:ucrtbased.dll
 0002:00011a98       _rotl                      0000000180022a98 f   ucrtd:ucrtbased.dll
 0002:00011a9e       _CrtDbgReport              0000000180022a9e f   ucrtd:ucrtbased.dll
 0002:00011aa4       _CrtDbgReportW             0000000180022aa4 f   ucrtd:ucrtbased.dll
 0002:00011aaa       _initterm                  0000000180022aaa f   ucrtd:ucrtbased.dll
 0002:00011ab0       _initterm_e                0000000180022ab0 f   ucrtd:ucrtbased.dll
 0002:00011ab6       strcpy_s                   0000000180022ab6 f   ucrtd:ucrtbased.dll
 0002:00011abc       strcat_s                   0000000180022abc f   ucrtd:ucrtbased.dll
 0002:00011ac2       __stdio_common_vsprintf_s  0000000180022ac2 f   ucrtd:ucrtbased.dll
 0002:00011ac8       _seh_filter_dll            0000000180022ac8 f   ucrtd:ucrtbased.dll
 0002:00011ace       _configure_narrow_argv     0000000180022ace f   ucrtd:ucrtbased.dll
 0002:00011ad4       _initialize_narrow_environment 0000000180022ad4 f   ucrtd:ucrtbased.dll
 0002:00011ada       _initialize_onexit_table   0000000180022ada f   ucrtd:ucrtbased.dll
 0002:00011ae0       _register_onexit_function  0000000180022ae0 f   ucrtd:ucrtbased.dll
 0002:00011ae6       _execute_onexit_table      0000000180022ae6 f   ucrtd:ucrtbased.dll
 0002:00011aec       _crt_atexit                0000000180022aec f   ucrtd:ucrtbased.dll
 0002:00011af2       _crt_at_quick_exit         0000000180022af2 f   ucrtd:ucrtbased.dll
 0002:00011af8       _cexit                     0000000180022af8 f   ucrtd:ucrtbased.dll
 0002:00011afe       terminate                  0000000180022afe f   ucrtd:ucrtbased.dll
 0002:00011b04       _wmakepath_s               0000000180022b04 f   ucrtd:ucrtbased.dll
 0002:00011b0a       _wsplitpath_s              0000000180022b0a f   ucrtd:ucrtbased.dll
 0002:00011b10       wcscpy_s                   0000000180022b10 f   ucrtd:ucrtbased.dll
 0002:00011b16       GetCurrentThreadId         0000000180022b16 f   kernel32:KERNEL32.dll
 0002:00011b1c       IsDebuggerPresent          0000000180022b1c f   kernel32:KERNEL32.dll
 0002:00011b22       RaiseException             0000000180022b22 f   kernel32:KERNEL32.dll
 0002:00011b28       MultiByteToWideChar        0000000180022b28 f   kernel32:KERNEL32.dll
 0002:00011b2e       WideCharToMultiByte        0000000180022b2e f   kernel32:KERNEL32.dll
 0002:00011b34       RtlCaptureContext          0000000180022b34 f   kernel32:KERNEL32.dll
 0002:00011b3a       RtlLookupFunctionEntry     0000000180022b3a f   kernel32:KERNEL32.dll
 0002:00011b40       RtlVirtualUnwind           0000000180022b40 f   kernel32:KERNEL32.dll
 0002:00011b46       UnhandledExceptionFilter   0000000180022b46 f   kernel32:KERNEL32.dll
 0002:00011b4c       SetUnhandledExceptionFilter 0000000180022b4c f   kernel32:KERNEL32.dll
 0002:00011b52       GetCurrentProcess          0000000180022b52 f   kernel32:KERNEL32.dll
 0002:00011b58       TerminateProcess           0000000180022b58 f   kernel32:KERNEL32.dll
 0002:00011b5e       IsProcessorFeaturePresent  0000000180022b5e f   kernel32:KERNEL32.dll
 0002:00011b64       QueryPerformanceCounter    0000000180022b64 f   kernel32:KERNEL32.dll
 0002:00011b6a       GetCurrentProcessId        0000000180022b6a f   kernel32:KERNEL32.dll
 0002:00011b70       GetSystemTimeAsFileTime    0000000180022b70 f   kernel32:KERNEL32.dll
 0002:00011b76       DisableThreadLibraryCalls  0000000180022b76 f   kernel32:KERNEL32.dll
 0002:00011b7c       InitializeSListHead        0000000180022b7c f   kernel32:KERNEL32.dll
 0002:00011b82       GetStartupInfoW            0000000180022b82 f   kernel32:KERNEL32.dll
 0002:00011b88       GetModuleHandleW           0000000180022b88 f   kernel32:KERNEL32.dll
 0002:00011b8e       GetLastError               0000000180022b8e f   kernel32:KERNEL32.dll
 0002:00011b94       HeapAlloc                  0000000180022b94 f   kernel32:KERNEL32.dll
 0002:00011b9a       HeapFree                   0000000180022b9a f   kernel32:KERNEL32.dll
 0002:00011ba0       GetProcessHeap             0000000180022ba0 f   kernel32:KERNEL32.dll
 0002:00011ba6       VirtualQuery               0000000180022ba6 f   kernel32:KERNEL32.dll
 0002:00011bac       FreeLibrary                0000000180022bac f   kernel32:KERNEL32.dll
 0002:00011bb2       GetProcAddress             0000000180022bb2 f   kernel32:KERNEL32.dll
 0002:00011bc0       __acrt_initialize          0000000180022bc0 f   MSVCRTD:ucrt_stubs.obj
 0002:00011bc0       __vcrt_initialize          0000000180022bc0 f   MSVCRTD:ucrt_stubs.obj
 0002:00011bc0       __scrt_stub_for_acrt_initialize 0000000180022bc0 f   MSVCRTD:ucrt_stubs.obj
 0002:00011bd0       __acrt_thread_attach       0000000180022bd0 f   MSVCRTD:ucrt_stubs.obj
 0002:00011bd0       __scrt_stub_for_acrt_thread_attach 0000000180022bd0 f   MSVCRTD:ucrt_stubs.obj
 0002:00011bd0       __vcrt_thread_attach       0000000180022bd0 f   MSVCRTD:ucrt_stubs.obj
 0002:00011be0       __acrt_thread_detach       0000000180022be0 f   MSVCRTD:ucrt_stubs.obj
 0002:00011be0       __scrt_stub_for_acrt_thread_detach 0000000180022be0 f   MSVCRTD:ucrt_stubs.obj
 0002:00011be0       __vcrt_thread_detach       0000000180022be0 f   MSVCRTD:ucrt_stubs.obj
 0002:00011bf0       __vcrt_uninitialize        0000000180022bf0 f   MSVCRTD:ucrt_stubs.obj
 0002:00011bf0       __acrt_uninitialize        0000000180022bf0 f   MSVCRTD:ucrt_stubs.obj
 0002:00011bf0       __scrt_stub_for_acrt_uninitialize 0000000180022bf0 f   MSVCRTD:ucrt_stubs.obj
 0002:00011c00       __vcrt_uninitialize_critical 0000000180022c00 f   MSVCRTD:ucrt_stubs.obj
 0002:00011c00       __acrt_uninitialize_critical 0000000180022c00 f   MSVCRTD:ucrt_stubs.obj
 0002:00011c00       __scrt_stub_for_acrt_uninitialize_critical 0000000180022c00 f   MSVCRTD:ucrt_stubs.obj
 0002:00011c10       __scrt_stub_for_is_c_termination_complete 0000000180022c10 f   MSVCRTD:ucrt_stubs.obj
 0002:00011c10       _is_c_termination_complete 0000000180022c10 f   MSVCRTD:ucrt_stubs.obj
 0002:000130e0       _guard_dispatch_icall_nop  00000001800240e0 f   MSVCRTD:guard_dispatch.obj
 0002:00013100       _guard_xfg_dispatch_icall_nop 0000000180024100 f   MSVCRTD:guard_xfg_dispatch.obj
 0003:00000000       __xc_a                     0000000180027000     MSVCRTD:initializers.obj
 0003:00000110       __xc_z                     0000000180027110     MSVCRTD:initializers.obj
 0003:00000220       __xi_a                     0000000180027220     MSVCRTD:initializers.obj
 0003:00000330       __xi_z                     0000000180027330     MSVCRTD:initializers.obj
 0003:00000440       __xp_a                     0000000180027440     MSVCRTD:initializers.obj
 0003:00000550       __xp_z                     0000000180027550     MSVCRTD:initializers.obj
 0003:00000660       __xt_a                     0000000180027660     MSVCRTD:initializers.obj
 0003:00000770       __xt_z                     0000000180027770     MSVCRTD:initializers.obj
 0003:000030a0       ??_C@_0BA@NMEIMCEK@InvalidCodePath@ 000000018002a0a0     p5engine.obj
 0003:000030b8       ??_C@_0BF@HOIOEMCL@P5Engine?1data?1bg?4bmp@ 000000018002a0b8     p5engine.obj
 0003:000030d8       ??_C@_0BJ@EPENJOEL@P5Engine?1data?1shadow?4bmp@ 000000018002a0d8     p5engine.obj
 0003:000030f8       ??_C@_0BJ@HEECFFOE@P5Engine?1data?1stairs?4bmp@ 000000018002a0f8     p5engine.obj
 0003:00003118       ??_C@_0BH@DDOBAHNL@P5Engine?1data?1tree?4bmp@ 000000018002a118     p5engine.obj
 0003:00003138       ??_C@_0BI@EPGPCLAL@P5Engine?1data?1enemy?4bmp@ 000000018002a138     p5engine.obj
 0003:00003158       ??_C@_0BG@IEBKPHGI@P5Engine?1data?1orb?4bmp@ 000000018002a158     p5engine.obj
 0003:00003178       ??_C@_0BP@CIDLMIJA@P5Engine?1data?1char?9right?90?4bmp@ 000000018002a178     p5engine.obj
 0003:000031a0       ??_C@_0BO@PEBAPFLC@P5Engine?1data?1char?9back?90?4bmp@ 000000018002a1a0     p5engine.obj
 0003:000031c8       ??_C@_0BO@EAIBBIAG@P5Engine?1data?1char?9left?90?4bmp@ 000000018002a1c8     p5engine.obj
 0003:000031f0       ??_C@_0BP@MKDPGEOC@P5Engine?1data?1char?9front?90?4bmp@ 000000018002a1f0     p5engine.obj
 0003:00003218       ??_C@_0BO@KNNOBFKI@P5Engine?1data?1sword?9right?4bmp@ 000000018002a218     p5engine.obj
 0003:00003240       ??_C@_0BN@LDDHILOB@P5Engine?1data?1sword?9back?4bmp@ 000000018002a240     p5engine.obj
 0003:00003268       ??_C@_0BN@FPAHMBGA@P5Engine?1data?1sword?9left?4bmp@ 000000018002a268     p5engine.obj
 0003:00003290       ??_C@_0BO@BNDLMGBJ@P5Engine?1data?1sword?9front?4bmp@ 000000018002a290     p5engine.obj
 0003:000032b4       __real@00000000            000000018002a2b4     p5engine.obj
 0003:000032b8       __real@3a83126f            000000018002a2b8     p5engine.obj
 0003:000032bc       __real@3c23d70a            000000018002a2bc     p5engine.obj
 0003:000032c0       __real@3dcccccd            000000018002a2c0     p5engine.obj
 0003:000032c4       __real@3e4ccccd            000000018002a2c4     p5engine.obj
 0003:000032c8       __real@3e800000            000000018002a2c8     p5engine.obj
 0003:000032cc       __real@3f000000            000000018002a2cc     p5engine.obj
 0003:000032d0       __real@3f666666            000000018002a2d0     p5engine.obj
 0003:000032d4       __real@3f800000            000000018002a2d4     p5engine.obj
 0003:000032d8       __real@3f99999a            000000018002a2d8     p5engine.obj
 0003:000032dc       __real@3fb33333            000000018002a2dc     p5engine.obj
 0003:000032e0       __real@3fc00000            000000018002a2e0     p5engine.obj
 0003:000032e4       __real@40000000            000000018002a2e4     p5engine.obj
 0003:000032e8       __real@400ccccd            000000018002a2e8     p5engine.obj
 0003:000032ec       __real@40400000            000000018002a2ec     p5engine.obj
 0003:000032f0       __real@40a00000            000000018002a2f0     p5engine.obj
 0003:000032f4       __real@40c00000            000000018002a2f4     p5engine.obj
 0003:000032f8       __real@40c90fdb            000000018002a2f8     p5engine.obj
 0003:000032fc       __real@41200000            000000018002a2fc     p5engine.obj
 0003:00003300       __real@41800000            000000018002a300     p5engine.obj
 0003:00003304       __real@41880000            000000018002a304     p5engine.obj
 0003:00003308       __real@41a00000            000000018002a308     p5engine.obj
 0003:0000330c       __real@41c00000            000000018002a30c     p5engine.obj
 0003:00003310       __real@41f00000            000000018002a310     p5engine.obj
 0003:00003314       __real@42000000            000000018002a314     p5engine.obj
 0003:00003318       __real@42340000            000000018002a318     p5engine.obj
 0003:0000331c       __real@42600000            000000018002a31c     p5engine.obj
 0003:00003320       __real@42800000            000000018002a320     p5engine.obj
 0003:00003324       __real@42960000            000000018002a324     p5engine.obj
 0003:00003328       __real@437f0000            000000018002a328     p5engine.obj
 0003:0000332c       __real@461c4000            000000018002a32c     p5engine.obj
 0003:00003330       __real@47c35000            000000018002a330     p5engine.obj
 0003:00003334       __real@becccccd            000000018002a334     p5engine.obj
 0003:00003338       __real@bf000000            000000018002a338     p5engine.obj
 0003:0000333c       __real@bf800000            000000018002a33c     p5engine.obj
 0003:00003340       __real@c11ccccd            000000018002a340     p5engine.obj
 0003:00003350       __xmm@80000000800000008000000080000000 000000018002a350     p5engine.obj
 0003:00003368       _pRawDllMain               000000018002a368     MSVCRTD:dll_dllmain.obj
 0003:00003368       _pDefaultRawDllMain        000000018002a368     MSVCRTD:dll_dllmain.obj
 0003:00003460       ??_C@_0NN@JMPELKLB@The?5value?5of?5ESP?5was?5not?5proper@ 000000018002a460     MSVCRTD:error.obj
 0003:00003570       ??_C@_0BBN@ELNNILBE@A?5cast?5to?5a?5smaller?5data?5type?5h@ 000000018002a570     MSVCRTD:error.obj
 0003:000036c8       ??_C@_0BN@BPOGFMJL@Stack?5memory?5was?5corrupted?$AN?6@ 000000018002a6c8     MSVCRTD:error.obj
 0003:000036f0       ??_C@_0DG@DAJCDLPN@A?5local?5variable?5was?5used?5befor@ 000000018002a6f0     MSVCRTD:error.obj
 0003:00003730       ??_C@_0CM@JMIDGKLA@Stack?5memory?5around?5_alloca?5was@ 000000018002a730     MSVCRTD:error.obj
 0003:00003768       ??_C@_0BO@CHIONIOI@Unknown?5Runtime?5Check?5Error?$AN?6@ 000000018002a768     MSVCRTD:error.obj
 0003:00003790       ??_C@_1GM@CNOOJIHC@?$AAR?$AAu?$AAn?$AAt?$AAi?$AAm?$AAe?$AA?5?$AAC?$AAh?$AAe?$AAc?$AAk?$AA?5?$AAE@ 000000018002a790     MSVCRTD:error.obj
 0003:00003820       ??_C@_1EA@NFKNIFJP@?$AAR?$AAu?$AAn?$AA?9?$AAT?$AAi?$AAm?$AAe?$AA?5?$AAC?$AAh?$AAe?$AAc?$AAk?$AA?5@ 000000018002a820     MSVCRTD:error.obj
 0003:00003870       ??_C@_0BB@PFFGGCJP@Unknown?5Filename@ 000000018002a870     MSVCRTD:error.obj
 0003:00003888       ??_C@_0BE@GNBOBNCK@Unknown?5Module?5Name@ 000000018002a888     MSVCRTD:error.obj
 0003:000038a0       ??_C@_0CA@IODNCDPG@Run?9Time?5Check?5Failure?5?$CD?$CFd?5?9?5?$CFs@ 000000018002a8a0     MSVCRTD:error.obj
 0003:000038c8       ??_C@_0CG@IAFNJNEE@Stack?5corrupted?5near?5unknown?5va@ 000000018002a8c8     MSVCRTD:error.obj
 0003:000038f8       ??_C@_05MKKEDADM@?$CF?42X?5@ 000000018002a8f8     MSVCRTD:error.obj
 0003:00003900       ??_C@_0EJ@LJKNEOLN@Stack?5area?5around?5_alloca?5memor@ 000000018002a900     MSVCRTD:error.obj
 0003:00003958       ??_C@_01EEMJAFIK@?6@       000000018002a958     MSVCRTD:error.obj
 0003:0000395c       ??_C@_02LLMPMKNF@?$DO?5@   000000018002a95c     MSVCRTD:error.obj
 0003:00003960       ??_C@_08OMAHNMHJ@?6Data?3?5?$DM@ 000000018002a960     MSVCRTD:error.obj
 0003:00003970       ??_C@_0CK@DKGBICFE@?6Allocation?5number?5within?5this?5@ 000000018002a970     MSVCRTD:error.obj
 0003:000039a8       ??_C@_07DFDJCKFN@?6Size?3?5@ 000000018002a9a8     MSVCRTD:error.obj
 0003:000039b8       ??_C@_0N@MHFFIMFG@?6Address?3?50x@ 000000018002a9b8     MSVCRTD:error.obj
 0003:000039d0       ??_C@_0EI@CLEPFNGI@Stack?5area?5around?5_alloca?5memor@ 000000018002a9d0     MSVCRTD:error.obj
 0003:00003a28       ??_C@_0BK@ODNDAGKB@?$CFs?$CFs?$CFp?$CFs?$CFzd?$CFs?$CFd?$CFs?$CFs?$CFs?$CFs?$CFs@ 000000018002aa28     MSVCRTD:error.obj
 0003:00003a48       ??_C@_0DE@OHJBPMBP@A?5variable?5is?5being?5used?5withou@ 000000018002aa48     MSVCRTD:error.obj
 0003:00003ab8       ??_C@_0BJ@HEGAHDFO@Stack?5pointer?5corruption@ 000000018002aab8     MSVCRTD:userapi.obj
 0003:00003ad8       ??_C@_0CK@FEGOIOPB@Cast?5to?5smaller?5type?5causing?5lo@ 000000018002aad8     MSVCRTD:userapi.obj
 0003:00003b10       ??_C@_0BI@CIGMDCBH@Stack?5memory?5corruption@ 000000018002ab10     MSVCRTD:userapi.obj
 0003:00003b30       ??_C@_0CK@CNLNOEPB@Local?5variable?5used?5before?5init@ 000000018002ab30     MSVCRTD:userapi.obj
 0003:00003b68       ??_C@_0BP@OGBCLIBO@Stack?5around?5_alloca?5corrupted@ 000000018002ab68     MSVCRTD:userapi.obj
 0003:00003c10       ??_C@_1EI@MLPKHBGE@?$AAa?$AAp?$AAi?$AA?9?$AAm?$AAs?$AA?9?$AAw?$AAi?$AAn?$AA?9?$AAc?$AAo?$AAr?$AAe@ 000000018002ac10     MSVCRTD:pdblkup.obj
 0003:00003c68       ??_C@_1BK@JHLNAEJL@?$AAa?$AAd?$AAv?$AAa?$AAp?$AAi?$AA3?$AA2?$AA?4?$AAd?$AAl?$AAl@ 000000018002ac68     MSVCRTD:pdblkup.obj
 0003:00003c88       ??_C@_0O@COHOBMLB@RegOpenKeyExW@ 000000018002ac88     MSVCRTD:pdblkup.obj
 0003:00003c98       ??_C@_0BB@GLNAEDBD@RegQueryValueExW@ 000000018002ac98     MSVCRTD:pdblkup.obj
 0003:00003cb0       ??_C@_0M@HLOHPNFA@RegCloseKey@ 000000018002acb0     MSVCRTD:pdblkup.obj
 0003:00003cc0       ??_C@_1HE@EBEAGLFB@?$AAS?$AAO?$AAF?$AAT?$AAW?$AAA?$AAR?$AAE?$AA?2?$AAW?$AAo?$AAw?$AA6?$AA4?$AA3@ 000000018002acc0     MSVCRTD:pdblkup.obj
 0003:00003d50       ??_C@_1BG@EABPBLLF@?$AAP?$AAr?$AAo?$AAd?$AAu?$AAc?$AAt?$AAD?$AAi?$AAr@ 000000018002ad50     MSVCRTD:pdblkup.obj
 0003:00003d98       ??_C@_1BC@JINFINNJ@?$AAM?$AAS?$AAP?$AAD?$AAB?$AA1?$AA4?$AA0@ 000000018002ad98     MSVCRTD:pdblkup.obj
 0003:00003db0       ??_C@_0BB@KCIACLNC@PDBOpenValidate5@ 000000018002adb0     MSVCRTD:pdblkup.obj
 0003:00003dc4       ??_C@_01KDCPPGHE@r@        000000018002adc4     MSVCRTD:pdblkup.obj
 0003:00003e00       _load_config_used          000000018002ae00     MSVCRTD:loadcfg.obj
 0003:00004180       __CastGuardVftablesStart   000000018002b180     MSVCRTD:guard_support.obj
 0003:00004290       __CastGuardVftablesEnd     000000018002b290     MSVCRTD:guard_support.obj
 0003:00004518       __rtc_iaa                  000000018002b518     MSVCRTD:initsect.obj
 0003:00004738       __rtc_izz                  000000018002b738     MSVCRTD:initsect.obj
 0003:00004848       __rtc_taa                  000000018002b848     MSVCRTD:initsect.obj
 0003:00004a68       __rtc_tzz                  000000018002ba68     MSVCRTD:initsect.obj
 0004:00004cd0       __security_cookie_complement 0000000180031cd0     MSVCRTD:gs_cookie.obj
 0004:00004cd8       __security_cookie          0000000180031cd8     MSVCRTD:gs_cookie.obj
 0004:00004ce4       _fltused                   0000000180031ce4     MSVCRTD:fltused.obj
 0004:00004ce8       ?_RTC_ErrorLevels@@3PAHA   0000000180031ce8     MSVCRTD:error.obj
 0004:00004d00       __scrt_native_dllmain_reason 0000000180031d00     MSVCRTD:utility.obj
 0004:00004d08       __isa_available            0000000180031d08     MSVCRTD:cpu_disp.obj
 0004:00004d0c       __isa_enabled              0000000180031d0c     MSVCRTD:cpu_disp.obj
 0004:00004d10       __memcpy_nt_iters          0000000180031d10     MSVCRTD:cpu_disp.obj
 0004:00004d18       __memset_nt_iters          0000000180031d18     MSVCRTD:cpu_disp.obj
 0004:00004d30       __scrt_ucrt_dll_is_in_use  0000000180031d30     MSVCRTD:ucrt_stubs.obj
 0004:00004e48       ?_OptionsStorage@?1??__local_stdio_printf_options@@9@4_KA 0000000180031e48     MSVCRTD:error.obj
 0004:00005500       ?__type_info_root_node@@3U__type_info_node@@A 0000000180032500     MSVCRTD:tncleanup.obj
 0004:00005518       ?_OptionsStorage@?1??__local_stdio_scanf_options@@9@4_KA 0000000180032518     MSVCRTD:default_local_stdio_options.obj
 0004:00005528       __scrt_current_native_startup_state 0000000180032528     MSVCRTD:utility.obj
 0004:00005530       __scrt_native_startup_lock 0000000180032530     MSVCRTD:utility.obj
 0004:00005580       __scrt_debugger_hook_flag  0000000180032580     MSVCRTD:utility_desktop.obj
 0004:00005588       __castguard_check_failure_os_handled_fptr 0000000180032588     MSVCRTD:guard_support.obj
 0004:000055a4       __favor                    00000001800325a4     MSVCRTD:cpu_disp.obj
 0004:000055a8       __dyn_tls_init_callback    00000001800325a8     <common>
 0004:000055bc       __DebuggerCurrentSteppingThreadId 00000001800325bc     <common>
 0006:00000000       __imp_DisableThreadLibraryCalls 0000000180036000     kernel32:KERNEL32.dll
 0006:00000008       __imp_IsDebuggerPresent    0000000180036008     kernel32:KERNEL32.dll
 0006:00000010       __imp_RaiseException       0000000180036010     kernel32:KERNEL32.dll
 0006:00000018       __imp_MultiByteToWideChar  0000000180036018     kernel32:KERNEL32.dll
 0006:00000020       __imp_WideCharToMultiByte  0000000180036020     kernel32:KERNEL32.dll
 0006:00000028       __imp_RtlCaptureContext    0000000180036028     kernel32:KERNEL32.dll
 0006:00000030       __imp_RtlLookupFunctionEntry 0000000180036030     kernel32:KERNEL32.dll
 0006:00000038       __imp_RtlVirtualUnwind     0000000180036038     kernel32:KERNEL32.dll
 0006:00000040       __imp_GetProcAddress       0000000180036040     kernel32:KERNEL32.dll
 0006:00000048       __imp_FreeLibrary          0000000180036048     kernel32:KERNEL32.dll
 0006:00000050       __imp_VirtualQuery         0000000180036050     kernel32:KERNEL32.dll
 0006:00000058       __imp_GetProcessHeap       0000000180036058     kernel32:KERNEL32.dll
 0006:00000060       __imp_HeapFree             0000000180036060     kernel32:KERNEL32.dll
 0006:00000068       __imp_HeapAlloc            0000000180036068     kernel32:KERNEL32.dll
 0006:00000070       __imp_GetLastError         0000000180036070     kernel32:KERNEL32.dll
 0006:00000078       __imp_GetModuleHandleW     0000000180036078     kernel32:KERNEL32.dll
 0006:00000080       __imp_GetStartupInfoW      0000000180036080     kernel32:KERNEL32.dll
 0006:00000088       __imp_InitializeSListHead  0000000180036088     kernel32:KERNEL32.dll
 0006:00000090       __imp_GetCurrentThreadId   0000000180036090     kernel32:KERNEL32.dll
 0006:00000098       __imp_GetSystemTimeAsFileTime 0000000180036098     kernel32:KERNEL32.dll
 0006:000000a0       __imp_GetCurrentProcessId  00000001800360a0     kernel32:KERNEL32.dll
 0006:000000a8       __imp_QueryPerformanceCounter 00000001800360a8     kernel32:KERNEL32.dll
 0006:000000b0       __imp_IsProcessorFeaturePresent 00000001800360b0     kernel32:KERNEL32.dll
 0006:000000b8       __imp_TerminateProcess     00000001800360b8     kernel32:KERNEL32.dll
 0006:000000c0       __imp_GetCurrentProcess    00000001800360c0     kernel32:KERNEL32.dll
 0006:000000c8       __imp_SetUnhandledExceptionFilter 00000001800360c8     kernel32:KERNEL32.dll
 0006:000000d0       __imp_UnhandledExceptionFilter 00000001800360d0     kernel32:KERNEL32.dll
 0006:000000d8       \177KERNEL32_NULL_THUNK_DATA 00000001800360d8     kernel32:KERNEL32.dll
 0006:00000158       __imp___vcrt_GetModuleHandleW 0000000180036158     vcruntimed:VCRUNTIME140D.dll
 0006:00000160       __imp___vcrt_GetModuleFileNameW 0000000180036160     vcruntimed:VCRUNTIME140D.dll
 0006:00000168       __imp___current_exception_context 0000000180036168     vcruntimed:VCRUNTIME140D.dll
 0006:00000170       __imp___C_specific_handler 0000000180036170     vcruntimed:VCRUNTIME140D.dll
 0006:00000178       __imp___current_exception  0000000180036178     vcruntimed:VCRUNTIME140D.dll
 0006:00000180       __imp___std_type_info_destroy_list 0000000180036180     vcruntimed:VCRUNTIME140D.dll
 0006:00000188       __imp___C_specific_handler_noexcept 0000000180036188     vcruntimed:VCRUNTIME140D.dll
 0006:00000190       __imp___vcrt_LoadLibraryExW 0000000180036190     vcruntimed:VCRUNTIME140D.dll
 0006:00000198       \177VCRUNTIME140D_NULL_THUNK_DATA 0000000180036198     vcruntimed:VCRUNTIME140D.dll
 0006:000001f8       __imp_wcscpy_s             00000001800361f8     ucrtd:ucrtbased.dll
 0006:00000200       __imp__wsplitpath_s        0000000180036200     ucrtd:ucrtbased.dll
 0006:00000208       __imp_terminate            0000000180036208     ucrtd:ucrtbased.dll
 0006:00000210       __imp__cexit               0000000180036210     ucrtd:ucrtbased.dll
 0006:00000218       __imp__crt_at_quick_exit   0000000180036218     ucrtd:ucrtbased.dll
 0006:00000220       __imp__crt_atexit          0000000180036220     ucrtd:ucrtbased.dll
 0006:00000228       __imp__execute_onexit_table 0000000180036228     ucrtd:ucrtbased.dll
 0006:00000230       __imp__register_onexit_function 0000000180036230     ucrtd:ucrtbased.dll
 0006:00000238       __imp__initialize_onexit_table 0000000180036238     ucrtd:ucrtbased.dll
 0006:00000240       __imp__initialize_narrow_environment 0000000180036240     ucrtd:ucrtbased.dll
 0006:00000248       __imp__configure_narrow_argv 0000000180036248     ucrtd:ucrtbased.dll
 0006:00000250       __imp__seh_filter_dll      0000000180036250     ucrtd:ucrtbased.dll
 0006:00000258       __imp__wmakepath_s         0000000180036258     ucrtd:ucrtbased.dll
 0006:00000260       __imp_strcat_s             0000000180036260     ucrtd:ucrtbased.dll
 0006:00000268       __imp_strcpy_s             0000000180036268     ucrtd:ucrtbased.dll
 0006:00000270       __imp__initterm_e          0000000180036270     ucrtd:ucrtbased.dll
 0006:00000278       __imp__initterm            0000000180036278     ucrtd:ucrtbased.dll
 0006:00000280       __imp__CrtDbgReportW       0000000180036280     ucrtd:ucrtbased.dll
 0006:00000288       __imp__CrtDbgReport        0000000180036288     ucrtd:ucrtbased.dll
 0006:00000290       __imp__rotl                0000000180036290     ucrtd:ucrtbased.dll
 0006:00000298       __imp_sqrtf                0000000180036298     ucrtd:ucrtbased.dll
 0006:000002a0       __imp_sinf                 00000001800362a0     ucrtd:ucrtbased.dll
 0006:000002a8       __imp_roundf               00000001800362a8     ucrtd:ucrtbased.dll
 0006:000002b0       __imp_fabs                 00000001800362b0     ucrtd:ucrtbased.dll
 0006:000002b8       __imp___stdio_common_vsprintf_s 00000001800362b8     ucrtd:ucrtbased.dll
 0006:000002c0       \177ucrtbased_NULL_THUNK_DATA 00000001800362c0     ucrtd:ucrtbased.dll
 0006:00000340       __IMPORT_DESCRIPTOR_VCRUNTIME140D 0000000180036340     vcruntimed:VCRUNTIME140D.dll
 0006:00000354       __IMPORT_DESCRIPTOR_ucrtbased 0000000180036354     ucrtd:ucrtbased.dll
 0006:00000368       __IMPORT_DESCRIPTOR_KERNEL32 0000000180036368     kernel32:KERNEL32.dll
 0006:0000037c       __NULL_IMPORT_DESCRIPTOR   000000018003637c     vcruntimed:VCRUNTIME140D.dll
 0008:00000000       __guard_check_icall_fptr   0000000180038000     MSVCRTD:guard_support.obj
 0008:00000010       __guard_xfg_check_icall_fptr 0000000180038010     MSVCRTD:guard_support.obj
 0008:00000020       __guard_dispatch_icall_fptr 0000000180038020     MSVCRTD:guard_support.obj
 0008:00000030       __guard_xfg_dispatch_icall_fptr 0000000180038030     MSVCRTD:guard_support.obj
 0008:00000040       __guard_xfg_table_dispatch_icall_fptr 0000000180038040     MSVCRTD:guard_support.obj

 entry point at        0002:0000000f

 Static symbols

 0000:fffc5000       .debug$S                   0000000180000000     P5Engine.exp
 0000:fffc8000       _volmd                     0000000180000000     p5engine.obj
 0000:fffc8000       _volmd                     0000000180000000     p5engine.obj
 0000:fffc8000       _volmd                     0000000180000000     p5engine.obj
 0000:fffc8000       _volmd                     0000000180000000     p5engine.obj
 0000:fffc8000       _volmd                     0000000180000000     p5engine.obj
 0000:fffc8000       _volmd                     0000000180000000     p5engine.obj
 0000:fffc8000       _volmd                     0000000180000000     p5engine.obj
 0000:fffc8000       _volmd                     0000000180000000     p5engine.obj
 0000:fffc8000       _volmd                     0000000180000000     p5engine.obj
 0000:fffc8000       _volmd                     0000000180000000     p5engine.obj
 0000:fffc8000       _volmd                     0000000180000000     p5engine.obj
 0000:fffc8000       _volmd                     0000000180000000     p5engine.obj
 0000:fffc8000       _volmd                     0000000180000000     p5engine.obj
 0000:fffc8000       _volmd                     0000000180000000     p5engine.obj
 0000:fffc8000       _volmd                     0000000180000000     p5engine.obj
 0000:fffc8000       _volmd                     0000000180000000     p5engine.obj
 0000:fffc8000       _volmd                     0000000180000000     p5engine.obj
 0000:fffc8000       _volmd                     0000000180000000     p5engine.obj
 0000:fffc8000       _volmd                     0000000180000000     p5engine.obj
 0000:fffc8000       _volmd                     0000000180000000     p5engine.obj
 0000:fffc8000       _volmd                     0000000180000000     p5engine.obj
 0000:fffc8000       _volmd                     0000000180000000     p5engine.obj
 0000:fffc8000       _volmd                     0000000180000000     p5engine.obj
 0000:fffc8000       _volmd                     0000000180000000     p5engine.obj
 0000:fffc8000       _volmd                     0000000180000000     p5engine.obj
 0000:fffc8000       _volmd                     0000000180000000     p5engine.obj
 0000:fffc8000       _volmd                     0000000180000000     p5engine.obj
 0000:fffc8000       _volmd                     0000000180000000     p5engine.obj
 0000:fffc8000       _volmd                     0000000180000000     p5engine.obj
 0000:fffc8000       _volmd                     0000000180000000     MSVCRTD:cpu_disp.obj
 0000:fffc9000       __guard_ehcont_?dllmain_dispatch@@YAHQEAUHINSTANCE__@@KQEAX@Z 0000000180000000     MSVCRTD:dll_dllmain.obj
 0000:fffc9000       __guard_fids_?dllmain_dispatch@@YAHQEAUHINSTANCE__@@KQEAX@Z 0000000180000000     MSVCRTD:dll_dllmain.obj
 0000:fffc9000       __guard_ehcont_?notify_debugger@@YAXAEBUtagEXCEPTION_VISUALCPP_DEBUG_INFO@@@Z 0000000180000000     MSVCRTD:error.obj
 0000:fffc8000       _volmd                     0000000180000000     MSVCRTD:gs_report.obj
 0000:fffc8000       _volmd                     0000000180000000     MSVCRTD:gs_report.obj
 0000:fffc8000       _volmd                     0000000180000000     MSVCRTD:gs_report.obj
 0000:fffc9000       __guard_fids__             0000000180000000     MSVCRTD:guard_support.obj
 0000:fffc9000       __guard_fids__             0000000180000000     MSVCRTD:guard_support.obj
 0000:fffc9000       __guard_fids__guard_icall_checks_enforced 0000000180000000     MSVCRTD:guard_support.obj
 0000:fffc8000       _volmd                     0000000180000000     MSVCRTD:guard_support.obj
 0000:fffc8000       _volmd                     0000000180000000     MSVCRTD:guard_support.obj
 0000:fffc8000       _volmd                     0000000180000000     MSVCRTD:guard_support.obj
 0000:fffc9000       __guard_fids__CRT_RTC_INIT 0000000180000000     MSVCRTD:init.obj
 0000:fffc9000       __guard_fids__CRT_RTC_INITW 0000000180000000     MSVCRTD:init.obj
 0000:fffc9000       __guard_ehcont___scrt_is_nonwritable_in_current_image 0000000180000000     MSVCRTD:utility.obj
 0000:fffc8000       _volmd                     0000000180000000     MSVCRTD:utility.obj
 0000:fffc8000       _volmd                     0000000180000000     MSVCRTD:utility.obj
 0000:fffc8000       _volmd                     0000000180000000     MSVCRTD:utility.obj
 0000:fffc9000       __guard_fids___scrt_set_unhandled_exception_filter 0000000180000000     MSVCRTD:utility_desktop.obj
 0000:fffc8000       _volmd                     0000000180000000     MSVCRTD:utility_desktop.obj
 0000:fffc5000       .debug$S                   0000000180000000     vcruntimed:VCRUNTIME140D.dll
 0000:fffc5000       .debug$S                   0000000180000000     vcruntimed:VCRUNTIME140D.dll
 0000:fffc5000       .debug$S                   0000000180000000     vcruntimed:VCRUNTIME140D.dll
 0000:fffc5000       .debug$S                   0000000180000000     vcruntimed:VCRUNTIME140D.dll
 0000:fffc5000       .debug$S                   0000000180000000     vcruntimed:VCRUNTIME140D.dll
 0000:fffc5000       .debug$S                   0000000180000000     vcruntimed:VCRUNTIME140D.dll
 0000:fffc5000       .debug$S                   0000000180000000     vcruntimed:VCRUNTIME140D.dll
 0000:fffc5000       .debug$S                   0000000180000000     vcruntimed:VCRUNTIME140D.dll
 0000:fffc5000       .debug$S                   0000000180000000     ucrtd:ucrtbased.dll
 0000:fffc5000       .debug$S                   0000000180000000     ucrtd:ucrtbased.dll
 0000:fffc5000       .debug$S                   0000000180000000     ucrtd:ucrtbased.dll
 0000:fffc5000       .debug$S                   0000000180000000     ucrtd:ucrtbased.dll
 0000:fffc5000       .debug$S                   0000000180000000     ucrtd:ucrtbased.dll
 0000:fffc5000       .debug$S                   0000000180000000     ucrtd:ucrtbased.dll
 0000:fffc5000       .debug$S                   0000000180000000     ucrtd:ucrtbased.dll
 0000:fffc5000       .debug$S                   0000000180000000     ucrtd:ucrtbased.dll
 0000:fffc5000       .debug$S                   0000000180000000     ucrtd:ucrtbased.dll
 0000:fffc5000       .debug$S                   0000000180000000     ucrtd:ucrtbased.dll
 0000:fffc5000       .debug$S                   0000000180000000     ucrtd:ucrtbased.dll
 0000:fffc5000       .debug$S                   0000000180000000     ucrtd:ucrtbased.dll
 0000:fffc5000       .debug$S                   0000000180000000     ucrtd:ucrtbased.dll
 0000:fffc5000       .debug$S                   0000000180000000     ucrtd:ucrtbased.dll
 0000:fffc5000       .debug$S                   0000000180000000     ucrtd:ucrtbased.dll
 0000:fffc5000       .debug$S                   0000000180000000     ucrtd:ucrtbased.dll
 0000:fffc5000       .debug$S                   0000000180000000     ucrtd:ucrtbased.dll
 0000:fffc5000       .debug$S                   0000000180000000     ucrtd:ucrtbased.dll
 0000:fffc5000       .debug$S                   0000000180000000     ucrtd:ucrtbased.dll
 0000:fffc5000       .debug$S                   0000000180000000     ucrtd:ucrtbased.dll
 0000:fffc5000       .debug$S                   0000000180000000     ucrtd:ucrtbased.dll
 0000:fffc5000       .debug$S                   0000000180000000     ucrtd:ucrtbased.dll
 0000:fffc5000       .debug$S                   0000000180000000     ucrtd:ucrtbased.dll
 0000:fffc5000       .debug$S                   0000000180000000     ucrtd:ucrtbased.dll
 0000:fffc5000       .debug$S                   0000000180000000     ucrtd:ucrtbased.dll
 0000:fffc5000       .debug$S                   0000000180000000     kernel32:KERNEL32.dll
 0000:fffc5000       .debug$S                   0000000180000000     kernel32:KERNEL32.dll
 0000:fffc5000       .debug$S                   0000000180000000     kernel32:KERNEL32.dll
 0000:fffc5000       .debug$S                   0000000180000000     kernel32:KERNEL32.dll
 0000:fffc5000       .debug$S                   0000000180000000     kernel32:KERNEL32.dll
 0000:fffc5000       .debug$S                   0000000180000000     kernel32:KERNEL32.dll
 0000:fffc5000       .debug$S                   0000000180000000     kernel32:KERNEL32.dll
 0000:fffc5000       .debug$S                   0000000180000000     kernel32:KERNEL32.dll
 0000:fffc5000       .debug$S                   0000000180000000     kernel32:KERNEL32.dll
 0000:fffc5000       .debug$S                   0000000180000000     kernel32:KERNEL32.dll
 0000:fffc5000       .debug$S                   0000000180000000     kernel32:KERNEL32.dll
 0000:fffc5000       .debug$S                   0000000180000000     kernel32:KERNEL32.dll
 0000:fffc5000       .debug$S                   0000000180000000     kernel32:KERNEL32.dll
 0000:fffc5000       .debug$S                   0000000180000000     kernel32:KERNEL32.dll
 0000:fffc5000       .debug$S                   0000000180000000     kernel32:KERNEL32.dll
 0000:fffc5000       .debug$S                   0000000180000000     kernel32:KERNEL32.dll
 0000:fffc5000       .debug$S                   0000000180000000     kernel32:KERNEL32.dll
 0000:fffc5000       .debug$S                   0000000180000000     kernel32:KERNEL32.dll
 0000:fffc5000       .debug$S                   0000000180000000     kernel32:KERNEL32.dll
 0000:fffc5000       .debug$S                   0000000180000000     kernel32:KERNEL32.dll
 0000:fffc5000       .debug$S                   0000000180000000     kernel32:KERNEL32.dll
 0000:fffc5000       .debug$S                   0000000180000000     kernel32:KERNEL32.dll
 0000:fffc5000       .debug$S                   0000000180000000     kernel32:KERNEL32.dll
 0000:fffc5000       .debug$S                   0000000180000000     kernel32:KERNEL32.dll
 0000:fffc5000       .debug$S                   0000000180000000     kernel32:KERNEL32.dll
 0000:fffc5000       .debug$S                   0000000180000000     kernel32:KERNEL32.dll
 0000:fffc5000       .debug$S                   0000000180000000     kernel32:KERNEL32.dll
 0002:00001470       ?AddCollisionRule@@YAXPEAUgame_state@@IIH@Z 0000000180012470 f   p5engine.obj
 0002:00001670       ?AddEntity@@YAPEAUsim_entity@@PEAUgame_state@@PEAUsim_region@@IPEAUlow_entity@@PEATv3@@@Z 0000000180012670 f   p5engine.obj
 0002:00001810       ?AddEntityRaw@@YAPEAUsim_entity@@PEAUgame_state@@PEAUsim_region@@IPEAUlow_entity@@@Z 0000000180012810 f   p5engine.obj
 0002:00001a20       ?AddFamiliar@@YA?AUadd_low_entity_result@@PEAUgame_state@@III@Z 0000000180012a20 f   p5engine.obj
 0002:00001c90       ?AddGroundedEntity@@YA?AUadd_low_entity_result@@PEAUgame_state@@W4entity_type@@Uworld_position@@Tv3@@@Z 0000000180012c90 f   p5engine.obj
 0002:00001e80       ?AddLowEntity@@YA?AUadd_low_entity_result@@PEAUgame_state@@W4entity_type@@Uworld_position@@@Z 0000000180012e80 f   p5engine.obj
 0002:000020f0       ?AddMonstar@@YA?AUadd_low_entity_result@@PEAUgame_state@@III@Z 00000001800130f0 f   p5engine.obj
 0002:00002320       ?AddPlayer@@YA?AUadd_low_entity_result@@PEAUgame_state@@@Z 0000000180013320 f   p5engine.obj
 0002:00002710       ?AddStairs@@YA?AUadd_low_entity_result@@PEAUgame_state@@III@Z 0000000180013710 f   p5engine.obj
 0002:00002960       ?AddSword@@YA?AUadd_low_entity_result@@PEAUgame_state@@@Z 0000000180013960 f   p5engine.obj
 0002:00002ae0       ?AddWall@@YA?AUadd_low_entity_result@@PEAUgame_state@@III@Z 0000000180013ae0 f   p5engine.obj
 0002:00002ea0       ?BeginSim@@YAPEAUsim_region@@PEAUmemory_arena@@PEAUgame_state@@PEAUworld@@Uworld_position@@Urectangle3@@M@Z 0000000180013ea0 f   p5engine.obj
 0002:000036b0       ?CanCollide@@YAHPEAUgame_state@@PEAUsim_entity@@1@Z 00000001800146b0 f   p5engine.obj
 0002:00003860       ?CanOverlap@@YAHPEAUgame_state@@PEAUsim_entity@@1@Z 0000000180014860 f   p5engine.obj
 0002:000038e0       ?ChangeEntityLocation@@YAXPEAUmemory_arena@@PEAUworld@@IPEAUlow_entity@@Uworld_position@@@Z 00000001800148e0 f   p5engine.obj
 0002:00004550       ?ClearCollisionRulesFor@@YAXPEAUgame_state@@I@Z 0000000180015550 f   p5engine.obj
 0002:000046e0       ?DEBUGLoadBMP@@YA?AUloaded_bitmap@@PEAUthread_context@@P6A?AUdebug_read_file_result@@0PEAD@Z1@Z 00000001800156e0 f   p5engine.obj
 0002:00004c80       ?DrawBitmap@@YAXPEAUgame_offscreen_buffer@@PEAUloaded_bitmap@@MMM@Z 0000000180015c80 f   p5engine.obj
 0002:00005200       ?DrawHitpoints@@YAXPEAUsim_entity@@PEAUentity_visible_piece_group@@@Z 0000000180016200 f   p5engine.obj
 0002:00005500       ?DrawRectangle@@YAXPEAUgame_offscreen_buffer@@Tv2@@1MMM@Z 0000000180016500 f   p5engine.obj
 0002:000057a0       ?EndSim@@YAXPEAUsim_region@@PEAUgame_state@@@Z 00000001800167a0 f   p5engine.obj
 0002:00005de0       ?GameOutputSound@@YAXPEAUgame_state@@PEAUgame_sound_output_buffer@@H@Z 0000000180016de0 f   p5engine.obj
 0002:000060d0       ?GetHashFromStorageIndex@@YAPEAUsim_entity_hash@@PEAUsim_region@@I@Z 00000001800170d0 f   p5engine.obj
 0002:00006940       ?HandleCollision@@YAHPEAUgame_state@@PEAUsim_entity@@1@Z 0000000180017940 f   p5engine.obj
 0002:00006a70       ?HandleOverlap@@YAXPEAUgame_state@@PEAUsim_entity@@1MPEAM@Z 0000000180017a70 f   p5engine.obj
 0002:00006d00       ?InitHitPoints@@YAXPEAUlow_entity@@I@Z 0000000180017d00 f   p5engine.obj
 0002:00006e40       ?InitializeWorld@@YAXPEAUworld@@MM@Z 0000000180017e40 f   p5engine.obj
 0002:000079d0       ?MoveEntity@@YAXPEAUgame_state@@PEAUsim_region@@PEAUsim_entity@@MPEAUmove_spec@@Tv3@@@Z 00000001800189d0 f   p5engine.obj
 0002:0000a0b0       ?SpeculativeCollide@@YAHPEAUsim_entity@@0@Z 000000018001b0b0 f   p5engine.obj
 0002:0000a480       ?Subtract@@YA?ATv3@@PEAUworld@@PEAUworld_position@@1@Z 000000018001b480 f   p5engine.obj
 0002:0000a7b0       ?TestWall@@YAHMMMMMPEAMMM@Z 000000018001b7b0 f   p5engine.obj
 0002:0000d184       $LN106                     000000018001e184     p5engine.obj
 0002:0000e010       $$000000                   000000018001f010     MSVCRTD:chkstk.obj
 0002:0000e090       $$000000                   000000018001f090     MSVCRTD:amdsecgs.obj
 0002:0000e0d0       ?dllmain_crt_dispatch@@YAHQEAUHINSTANCE__@@KQEAX@Z 000000018001f0d0 f   MSVCRTD:dll_dllmain.obj
 0002:0000e180       ?dllmain_crt_process_attach@@YAHQEAUHINSTANCE__@@QEAX@Z 000000018001f180 f   MSVCRTD:dll_dllmain.obj
 0002:0000e310       ?dllmain_crt_process_detach@@YAH_N@Z 000000018001f310 f   MSVCRTD:dll_dllmain.obj
 0002:0000e3d0       ?dllmain_dispatch@@YAHQEAUHINSTANCE__@@KQEAX@Z 000000018001f3d0 f   MSVCRTD:dll_dllmain.obj
 0002:0000e560       ?dllmain_raw@@YAHQEAUHINSTANCE__@@KQEAX@Z 000000018001f560 f   MSVCRTD:dll_dllmain.obj
 0002:0000e660       ?DebuggerProbe@@YA_NK@Z    000000018001f660 f   MSVCRTD:error.obj
 0002:0000e6b0       ?DebuggerRuntime@@YA_NKHPEAXPEB_W@Z 000000018001f6b0 f   MSVCRTD:error.obj
 0002:0000ea40       ?_getMemBlockDataString@@YAXPEAD0PEBD_K@Z 000000018001fa40 f   MSVCRTD:error.obj
 0002:0000eb20       ?_strlen_priv@@YA_KPEBD@Z  000000018001fb20 f   MSVCRTD:error.obj
 0002:0000eb40       ?failwithmessage@@YAXPEAXHHPEBD@Z 000000018001fb40 f   MSVCRTD:error.obj
 0002:0000ee40       ?notify_debugger@@YAXAEBUtagEXCEPTION_VISUALCPP_DEBUG_INFO@@@Z 000000018001fe40 f   MSVCRTD:error.obj
 0002:0000f4a0       capture_current_context    00000001800204a0 f   MSVCRTD:gs_report.obj
 0002:0000f560       capture_previous_context   0000000180020560 f   MSVCRTD:gs_report.obj
 0002:0000f640       __get_entropy              0000000180020640 f   MSVCRTD:gs_support.obj
 0002:0000f8f0       ?find_pe_section@@YAPEAU_IMAGE_SECTION_HEADER@@QEAE_K@Z 00000001800208f0 f   MSVCRTD:utility.obj
 0002:0000fa10       ?is_potentially_valid_image_base@@YA_NQEAX@Z 0000000180020a10 f   MSVCRTD:utility.obj
 0002:000107b0       __castguard_compat_check   00000001800217b0 f   MSVCRTD:guard_support.obj
 0002:00010990       __castguard_slow_path_compat_check 0000000180021990 f   MSVCRTD:guard_support.obj
 0002:00010a80       ?GetPdbDll@@YAPEAUHINSTANCE__@@XZ 0000000180021a80 f   MSVCRTD:pdblkup.obj
 0002:00010c20       ?GetPdbDllFromInstallPath@@YAPEAUHINSTANCE__@@XZ 0000000180021c20 f   MSVCRTD:pdblkup.obj
 0002:00010f80       ?GetPdbDllPathFromFilePath@@YAHPEB_WPEA_W_K@Z 0000000180021f80 f   MSVCRTD:pdblkup.obj
 0002:000130d0       $$000000                   00000001800240d0     MSVCRTD:guard_dispatch.obj
 0002:000130f0       $$000000                   00000001800240f0     MSVCRTD:guard_xfg_dispatch.obj
 0002:00014110       ?fin$0@?0??dllmain_crt_process_attach@@YAHQEAUHINSTANCE__@@QEAX@Z@4HA 0000000180025110 f   MSVCRTD:dll_dllmain.obj
 0002:00014130       ?fin$0@?0??dllmain_crt_process_detach@@YAH_N@Z@4HA 0000000180025130 f   MSVCRTD:dll_dllmain.obj
 0002:0001414a       ?fin$1@?0??dllmain_crt_process_detach@@YAH_N@Z@4HA 000000018002514a f   MSVCRTD:dll_dllmain.obj
 0002:00014170       ?filt$0@?0??dllmain_dispatch@@YAHQEAUHINSTANCE__@@KQEAX@Z@4HA 0000000180025170 f   MSVCRTD:dll_dllmain.obj
 0002:000141d0       ?filt$0@?0??notify_debugger@@YAXAEBUtagEXCEPTION_VISUALCPP_DEBUG_INFO@@@Z@4HA 00000001800251d0 f   MSVCRTD:error.obj
 0002:00014200       __scrt_is_nonwritable_in_current_image$filt$0 0000000180025200 f   MSVCRTD:utility.obj
 0003:00000880       ?FindLeastSignificantSetBit@@YA?AUbit_scan_result@@I@Z$rtcName$0 0000000180027880     p5engine.obj
 0003:00000890       ?FindLeastSignificantSetBit@@YA?AUbit_scan_result@@I@Z$rtcVarDesc 0000000180027890     p5engine.obj
 0003:000008d0       ?FindLeastSignificantSetBit@@YA?AUbit_scan_result@@I@Z$rtcFrameData 00000001800278d0     p5engine.obj
 0003:00000900       ?V2@@YA?ATv2@@MM@Z$rtcName$0 0000000180027900     p5engine.obj
 0003:00000910       ?V2@@YA?ATv2@@MM@Z$rtcVarDesc 0000000180027910     p5engine.obj
 0003:00000950       ?V2@@YA?ATv2@@MM@Z$rtcFrameData 0000000180027950     p5engine.obj
 0003:00000980       ??D@YA?ATv2@@MT0@@Z$rtcName$0 0000000180027980     p5engine.obj
 0003:00000990       ??D@YA?ATv2@@MT0@@Z$rtcVarDesc 0000000180027990     p5engine.obj
 0003:000009d0       ??D@YA?ATv2@@MT0@@Z$rtcFrameData 00000001800279d0     p5engine.obj
 0003:00000a00       ??H@YA?ATv2@@T0@0@Z$rtcName$0 0000000180027a00     p5engine.obj
 0003:00000a10       ??H@YA?ATv2@@T0@0@Z$rtcVarDesc 0000000180027a10     p5engine.obj
 0003:00000a50       ??H@YA?ATv2@@T0@0@Z$rtcFrameData 0000000180027a50     p5engine.obj
 0003:00000a80       ??G@YA?ATv2@@T0@0@Z$rtcName$0 0000000180027a80     p5engine.obj
 0003:00000a90       ??G@YA?ATv2@@T0@0@Z$rtcVarDesc 0000000180027a90     p5engine.obj
 0003:00000ad0       ??G@YA?ATv2@@T0@0@Z$rtcFrameData 0000000180027ad0     p5engine.obj
 0003:00000b00       ?V3@@YA?ATv3@@MMM@Z$rtcName$0 0000000180027b00     p5engine.obj
 0003:00000b10       ?V3@@YA?ATv3@@MMM@Z$rtcVarDesc 0000000180027b10     p5engine.obj
 0003:00000b50       ?V3@@YA?ATv3@@MMM@Z$rtcFrameData 0000000180027b50     p5engine.obj
 0003:00000b80       ??D@YA?ATv3@@MT0@@Z$rtcName$0 0000000180027b80     p5engine.obj
 0003:00000b90       ??D@YA?ATv3@@MT0@@Z$rtcVarDesc 0000000180027b90     p5engine.obj
 0003:00000bd0       ??D@YA?ATv3@@MT0@@Z$rtcFrameData 0000000180027bd0     p5engine.obj
 0003:00000c00       ??D@YA?ATv3@@T0@M@Z$rtcName$0 0000000180027c00     p5engine.obj
 0003:00000c10       ??D@YA?ATv3@@T0@M@Z$rtcVarDesc 0000000180027c10     p5engine.obj
 0003:00000c50       ??D@YA?ATv3@@T0@M@Z$rtcFrameData 0000000180027c50     p5engine.obj
 0003:00000c80       ??H@YA?ATv3@@T0@0@Z$rtcName$0 0000000180027c80     p5engine.obj
 0003:00000c90       ??H@YA?ATv3@@T0@0@Z$rtcVarDesc 0000000180027c90     p5engine.obj
 0003:00000cd0       ??H@YA?ATv3@@T0@0@Z$rtcFrameData 0000000180027cd0     p5engine.obj
 0003:00000d00       ??G@YA?ATv3@@T0@0@Z$rtcName$0 0000000180027d00     p5engine.obj
 0003:00000d10       ??G@YA?ATv3@@T0@0@Z$rtcVarDesc 0000000180027d10     p5engine.obj
 0003:00000d50       ??G@YA?ATv3@@T0@0@Z$rtcFrameData 0000000180027d50     p5engine.obj
 0003:00000d80       ?Hadamard@@YA?ATv3@@T1@0@Z$rtcName$0 0000000180027d80     p5engine.obj
 0003:00000d90       ?Hadamard@@YA?ATv3@@T1@0@Z$rtcVarDesc 0000000180027d90     p5engine.obj
 0003:00000dd0       ?Hadamard@@YA?ATv3@@T1@0@Z$rtcFrameData 0000000180027dd0     p5engine.obj
 0003:00000e00       ?Clamp01@@YA?ATv3@@T1@@Z$rtcName$0 0000000180027e00     p5engine.obj
 0003:00000e10       ?Clamp01@@YA?ATv3@@T1@@Z$rtcVarDesc 0000000180027e10     p5engine.obj
 0003:00000e50       ?Clamp01@@YA?ATv3@@T1@@Z$rtcFrameData 0000000180027e50     p5engine.obj
 0003:00000e80       ?V4@@YA?ATv4@@MMMM@Z$rtcName$0 0000000180027e80     p5engine.obj
 0003:00000e90       ?V4@@YA?ATv4@@MMMM@Z$rtcVarDesc 0000000180027e90     p5engine.obj
 0003:00000ed0       ?V4@@YA?ATv4@@MMMM@Z$rtcFrameData 0000000180027ed0     p5engine.obj
 0003:00000f00       ?GetMinCorner@@YA?ATv3@@Urectangle3@@@Z$rtcName$0 0000000180027f00     p5engine.obj
 0003:00000f10       ?GetMinCorner@@YA?ATv3@@Urectangle3@@@Z$rtcVarDesc 0000000180027f10     p5engine.obj
 0003:00000f50       ?GetMinCorner@@YA?ATv3@@Urectangle3@@@Z$rtcFrameData 0000000180027f50     p5engine.obj
 0003:00000f80       ?GetMaxCorner@@YA?ATv3@@Urectangle3@@@Z$rtcName$0 0000000180027f80     p5engine.obj
 0003:00000f90       ?GetMaxCorner@@YA?ATv3@@Urectangle3@@@Z$rtcVarDesc 0000000180027f90     p5engine.obj
 0003:00000fd0       ?GetMaxCorner@@YA?ATv3@@Urectangle3@@@Z$rtcFrameData 0000000180027fd0     p5engine.obj
 0003:00001000       ?RectCenterHalfDim@@YA?AUrectangle3@@Tv3@@0@Z$rtcName$0 0000000180028000     p5engine.obj
 0003:00001010       ?RectCenterHalfDim@@YA?AUrectangle3@@Tv3@@0@Z$rtcVarDesc 0000000180028010     p5engine.obj
 0003:00001050       ?RectCenterHalfDim@@YA?AUrectangle3@@Tv3@@0@Z$rtcFrameData 0000000180028050     p5engine.obj
 0003:00001080       ?AddRadiusTo@@YA?AUrectangle3@@U1@Tv3@@@Z$rtcName$0 0000000180028080     p5engine.obj
 0003:00001090       ?AddRadiusTo@@YA?AUrectangle3@@U1@Tv3@@@Z$rtcVarDesc 0000000180028090     p5engine.obj
 0003:000010d0       ?AddRadiusTo@@YA?AUrectangle3@@U1@Tv3@@@Z$rtcFrameData 00000001800280d0     p5engine.obj
 0003:00001100       ?RectCenterDim@@YA?AUrectangle3@@Tv3@@0@Z$rtcName$0 0000000180028100     p5engine.obj
 0003:00001110       ?RectCenterDim@@YA?AUrectangle3@@Tv3@@0@Z$rtcVarDesc 0000000180028110     p5engine.obj
 0003:00001150       ?RectCenterDim@@YA?AUrectangle3@@Tv3@@0@Z$rtcFrameData 0000000180028150     p5engine.obj
 0003:00001180       ?GetBarycentric@@YA?ATv3@@Urectangle3@@T1@@Z$rtcName$0 0000000180028180     p5engine.obj
 0003:00001190       ?GetBarycentric@@YA?ATv3@@Urectangle3@@T1@@Z$rtcVarDesc 0000000180028190     p5engine.obj
 0003:000011d0       ?GetBarycentric@@YA?ATv3@@Urectangle3@@T1@@Z$rtcFrameData 00000001800281d0     p5engine.obj
 0003:00001200       ?NullPosition@@YA?AUworld_position@@XZ$rtcName$0 0000000180028200     p5engine.obj
 0003:00001210       ?NullPosition@@YA?AUworld_position@@XZ$rtcVarDesc 0000000180028210     p5engine.obj
 0003:00001250       ?NullPosition@@YA?AUworld_position@@XZ$rtcFrameData 0000000180028250     p5engine.obj
 0003:00001280       ?MapIntoChunkSpace@@YA?AUworld_position@@PEAUworld@@U1@Tv3@@@Z$rtcName$0 0000000180028280     p5engine.obj
 0003:00001290       ?MapIntoChunkSpace@@YA?AUworld_position@@PEAUworld@@U1@Tv3@@@Z$rtcVarDesc 0000000180028290     p5engine.obj
 0003:000012d0       ?MapIntoChunkSpace@@YA?AUworld_position@@PEAUworld@@U1@Tv3@@@Z$rtcFrameData 00000001800282d0     p5engine.obj
 0003:00001300       ?ChunkPositionFromTilePosition@@YA?AUworld_position@@PEAUworld@@HHHTv3@@@Z$rtcName$0 0000000180028300     p5engine.obj
 0003:00001308       ?ChunkPositionFromTilePosition@@YA?AUworld_position@@PEAUworld@@HHHTv3@@@Z$rtcName$1 0000000180028308     p5engine.obj
 0003:00001310       ?ChunkPositionFromTilePosition@@YA?AUworld_position@@PEAUworld@@HHHTv3@@@Z$rtcName$2 0000000180028310     p5engine.obj
 0003:00001318       ?ChunkPositionFromTilePosition@@YA?AUworld_position@@PEAUworld@@HHHTv3@@@Z$rtcName$3 0000000180028318     p5engine.obj
 0003:00001320       ?ChunkPositionFromTilePosition@@YA?AUworld_position@@PEAUworld@@HHHTv3@@@Z$rtcVarDesc 0000000180028320     p5engine.obj
 0003:00001420       ?ChunkPositionFromTilePosition@@YA?AUworld_position@@PEAUworld@@HHHTv3@@@Z$rtcFrameData 0000000180028420     p5engine.obj
 0003:00001470       ?Subtract@@YA?ATv3@@PEAUworld@@PEAUworld_position@@1@Z$rtcName$0 0000000180028470     p5engine.obj
 0003:00001478       ?Subtract@@YA?ATv3@@PEAUworld@@PEAUworld_position@@1@Z$rtcName$1 0000000180028478     p5engine.obj
 0003:00001480       ?Subtract@@YA?ATv3@@PEAUworld@@PEAUworld_position@@1@Z$rtcVarDesc 0000000180028480     p5engine.obj
 0003:00001500       ?Subtract@@YA?ATv3@@PEAUworld@@PEAUworld_position@@1@Z$rtcFrameData 0000000180028500     p5engine.obj
 0003:00001530       ?GetSimSpacePos@@YA?ATv3@@PEAUsim_region@@PEAUlow_entity@@@Z$rtcName$0 0000000180028530     p5engine.obj
 0003:00001540       ?GetSimSpacePos@@YA?ATv3@@PEAUsim_region@@PEAUlow_entity@@@Z$rtcVarDesc 0000000180028540     p5engine.obj
 0003:00001580       ?GetSimSpacePos@@YA?ATv3@@PEAUsim_region@@PEAUlow_entity@@@Z$rtcFrameData 0000000180028580     p5engine.obj
 0003:000015b0       ?LoadEntityReference@@YAXPEAUgame_state@@PEAUsim_region@@PEATentity_reference@@@Z$rtcName$0 00000001800285b0     p5engine.obj
 0003:000015c0       ?LoadEntityReference@@YAXPEAUgame_state@@PEAUsim_region@@PEATentity_reference@@@Z$rtcVarDesc 00000001800285c0     p5engine.obj
 0003:00001600       ?LoadEntityReference@@YAXPEAUgame_state@@PEAUsim_region@@PEATentity_reference@@@Z$rtcFrameData 0000000180028600     p5engine.obj
 0003:00001630       ?EntityOverlapsRectangle@@YAHTv3@@0Urectangle3@@@Z$rtcName$0 0000000180028630     p5engine.obj
 0003:00001640       ?EntityOverlapsRectangle@@YAHTv3@@0Urectangle3@@@Z$rtcVarDesc 0000000180028640     p5engine.obj
 0003:00001680       ?EntityOverlapsRectangle@@YAHTv3@@0Urectangle3@@@Z$rtcFrameData 0000000180028680     p5engine.obj
 0003:000016b0       ?BeginSim@@YAPEAUsim_region@@PEAUmemory_arena@@PEAUgame_state@@PEAUworld@@Uworld_position@@Urectangle3@@M@Z$rtcName$0 00000001800286b0     p5engine.obj
 0003:000016c0       ?BeginSim@@YAPEAUsim_region@@PEAUmemory_arena@@PEAUgame_state@@PEAUworld@@Uworld_position@@Urectangle3@@M@Z$rtcName$1 00000001800286c0     p5engine.obj
 0003:000016d0       ?BeginSim@@YAPEAUsim_region@@PEAUmemory_arena@@PEAUgame_state@@PEAUworld@@Uworld_position@@Urectangle3@@M@Z$rtcName$2 00000001800286d0     p5engine.obj
 0003:000016e0       ?BeginSim@@YAPEAUsim_region@@PEAUmemory_arena@@PEAUgame_state@@PEAUworld@@Uworld_position@@Urectangle3@@M@Z$rtcVarDesc 00000001800286e0     p5engine.obj
 0003:000017a0       ?BeginSim@@YAPEAUsim_region@@PEAUmemory_arena@@PEAUgame_state@@PEAUworld@@Uworld_position@@Urectangle3@@M@Z$rtcFrameData 00000001800287a0     p5engine.obj
 0003:000017f0       ?EndSim@@YAXPEAUsim_region@@PEAUgame_state@@@Z$rtcName$0 00000001800287f0     p5engine.obj
 0003:000017f8       ?EndSim@@YAXPEAUsim_region@@PEAUgame_state@@@Z$rtcName$1 00000001800287f8     p5engine.obj
 0003:00001810       ?EndSim@@YAXPEAUsim_region@@PEAUgame_state@@@Z$rtcVarDesc 0000000180028810     p5engine.obj
 0003:00001890       ?EndSim@@YAXPEAUsim_region@@PEAUgame_state@@@Z$rtcFrameData 0000000180028890     p5engine.obj
 0003:000018d0       ?HandleOverlap@@YAXPEAUgame_state@@PEAUsim_entity@@1MPEAM@Z$rtcName$0 00000001800288d0     p5engine.obj
 0003:000018dc       ?HandleOverlap@@YAXPEAUgame_state@@PEAUsim_entity@@1MPEAM@Z$rtcName$1 00000001800288dc     p5engine.obj
 0003:000018f0       ?HandleOverlap@@YAXPEAUgame_state@@PEAUsim_entity@@1MPEAM@Z$rtcVarDesc 00000001800288f0     p5engine.obj
 0003:00001970       ?HandleOverlap@@YAXPEAUgame_state@@PEAUsim_entity@@1MPEAM@Z$rtcFrameData 0000000180028970     p5engine.obj
 0003:000019b0       ?SpeculativeCollide@@YAHPEAUsim_entity@@0@Z$rtcName$0 00000001800289b0     p5engine.obj
 0003:000019bc       ?SpeculativeCollide@@YAHPEAUsim_entity@@0@Z$rtcName$1 00000001800289bc     p5engine.obj
 0003:000019d0       ?SpeculativeCollide@@YAHPEAUsim_entity@@0@Z$rtcVarDesc 00000001800289d0     p5engine.obj
 0003:00001a50       ?SpeculativeCollide@@YAHPEAUsim_entity@@0@Z$rtcFrameData 0000000180028a50     p5engine.obj
 0003:00001a90       ?MoveEntity@@YAXPEAUgame_state@@PEAUsim_region@@PEAUsim_entity@@MPEAUmove_spec@@Tv3@@@Z$rtcName$0 0000000180028a90     p5engine.obj
 0003:00001aa0       ?MoveEntity@@YAXPEAUgame_state@@PEAUsim_region@@PEAUsim_entity@@MPEAUmove_spec@@Tv3@@@Z$rtcName$1 0000000180028aa0     p5engine.obj
 0003:00001aac       ?MoveEntity@@YAXPEAUgame_state@@PEAUsim_region@@PEAUsim_entity@@MPEAUmove_spec@@Tv3@@@Z$rtcName$8 0000000180028aac     p5engine.obj
 0003:00001ab0       ?MoveEntity@@YAXPEAUgame_state@@PEAUsim_region@@PEAUsim_entity@@MPEAUmove_spec@@Tv3@@@Z$rtcName$2 0000000180028ab0     p5engine.obj
 0003:00001ac0       ?MoveEntity@@YAXPEAUgame_state@@PEAUsim_region@@PEAUsim_entity@@MPEAUmove_spec@@Tv3@@@Z$rtcName$3 0000000180028ac0     p5engine.obj
 0003:00001ad0       ?MoveEntity@@YAXPEAUgame_state@@PEAUsim_region@@PEAUsim_entity@@MPEAUmove_spec@@Tv3@@@Z$rtcName$4 0000000180028ad0     p5engine.obj
 0003:00001ae0       ?MoveEntity@@YAXPEAUgame_state@@PEAUsim_region@@PEAUsim_entity@@MPEAUmove_spec@@Tv3@@@Z$rtcName$5 0000000180028ae0     p5engine.obj
 0003:00001af8       ?MoveEntity@@YAXPEAUgame_state@@PEAUsim_region@@PEAUsim_entity@@MPEAUmove_spec@@Tv3@@@Z$rtcName$6 0000000180028af8     p5engine.obj
 0003:00001b08       ?MoveEntity@@YAXPEAUgame_state@@PEAUsim_region@@PEAUsim_entity@@MPEAUmove_spec@@Tv3@@@Z$rtcName$7 0000000180028b08     p5engine.obj
 0003:00001b18       ?MoveEntity@@YAXPEAUgame_state@@PEAUsim_region@@PEAUsim_entity@@MPEAUmove_spec@@Tv3@@@Z$rtcName$9 0000000180028b18     p5engine.obj
 0003:00001b24       ?MoveEntity@@YAXPEAUgame_state@@PEAUsim_region@@PEAUsim_entity@@MPEAUmove_spec@@Tv3@@@Z$rtcName$12 0000000180028b24     p5engine.obj
 0003:00001b30       ?MoveEntity@@YAXPEAUgame_state@@PEAUsim_region@@PEAUsim_entity@@MPEAUmove_spec@@Tv3@@@Z$rtcName$10 0000000180028b30     p5engine.obj
 0003:00001b40       ?MoveEntity@@YAXPEAUgame_state@@PEAUsim_region@@PEAUsim_entity@@MPEAUmove_spec@@Tv3@@@Z$rtcName$11 0000000180028b40     p5engine.obj
 0003:00001b48       ?MoveEntity@@YAXPEAUgame_state@@PEAUsim_region@@PEAUsim_entity@@MPEAUmove_spec@@Tv3@@@Z$rtcName$13 0000000180028b48     p5engine.obj
 0003:00001b58       ?MoveEntity@@YAXPEAUgame_state@@PEAUsim_region@@PEAUsim_entity@@MPEAUmove_spec@@Tv3@@@Z$rtcName$14 0000000180028b58     p5engine.obj
 0003:00001b68       ?MoveEntity@@YAXPEAUgame_state@@PEAUsim_region@@PEAUsim_entity@@MPEAUmove_spec@@Tv3@@@Z$rtcFrameData 0000000180028b68     p5engine.obj
 0003:00001b80       ?MoveEntity@@YAXPEAUgame_state@@PEAUsim_region@@PEAUsim_entity@@MPEAUmove_spec@@Tv3@@@Z$rtcVarDesc 0000000180028b80     p5engine.obj
 0003:00001f40       ?AddMonstar@@YA?AUadd_low_entity_result@@PEAUgame_state@@III@Z$rtcName$0 0000000180028f40     p5engine.obj
 0003:00001f44       ?AddMonstar@@YA?AUadd_low_entity_result@@PEAUgame_state@@III@Z$rtcName$1 0000000180028f44     p5engine.obj
 0003:00001f48       ?AddMonstar@@YA?AUadd_low_entity_result@@PEAUgame_state@@III@Z$rtcName$2 0000000180028f48     p5engine.obj
 0003:00001f50       ?AddMonstar@@YA?AUadd_low_entity_result@@PEAUgame_state@@III@Z$rtcVarDesc 0000000180028f50     p5engine.obj
 0003:00002010       ?AddMonstar@@YA?AUadd_low_entity_result@@PEAUgame_state@@III@Z$rtcFrameData 0000000180029010     p5engine.obj
 0003:00002030       ?DefaultMoveSpec@@YA?AUmove_spec@@XZ$rtcName$0 0000000180029030     p5engine.obj
 0003:00002040       ?DefaultMoveSpec@@YA?AUmove_spec@@XZ$rtcVarDesc 0000000180029040     p5engine.obj
 0003:00002080       ?DefaultMoveSpec@@YA?AUmove_spec@@XZ$rtcFrameData 0000000180029080     p5engine.obj
 0003:000020b0       ?DEBUGLoadBMP@@YA?AUloaded_bitmap@@PEAUthread_context@@P6A?AUdebug_read_file_result@@0PEAD@Z1@Z$rtcName$0 00000001800290b0     p5engine.obj
 0003:000020b8       ?DEBUGLoadBMP@@YA?AUloaded_bitmap@@PEAUthread_context@@P6A?AUdebug_read_file_result@@0PEAD@Z1@Z$rtcName$1 00000001800290b8     p5engine.obj
 0003:000020c8       ?DEBUGLoadBMP@@YA?AUloaded_bitmap@@PEAUthread_context@@P6A?AUdebug_read_file_result@@0PEAD@Z1@Z$rtcName$2 00000001800290c8     p5engine.obj
 0003:000020d0       ?DEBUGLoadBMP@@YA?AUloaded_bitmap@@PEAUthread_context@@P6A?AUdebug_read_file_result@@0PEAD@Z1@Z$rtcName$3 00000001800290d0     p5engine.obj
 0003:000020e0       ?DEBUGLoadBMP@@YA?AUloaded_bitmap@@PEAUthread_context@@P6A?AUdebug_read_file_result@@0PEAD@Z1@Z$rtcName$4 00000001800290e0     p5engine.obj
 0003:000020f0       ?DEBUGLoadBMP@@YA?AUloaded_bitmap@@PEAUthread_context@@P6A?AUdebug_read_file_result@@0PEAD@Z1@Z$rtcName$5 00000001800290f0     p5engine.obj
 0003:00002100       ?DEBUGLoadBMP@@YA?AUloaded_bitmap@@PEAUthread_context@@P6A?AUdebug_read_file_result@@0PEAD@Z1@Z$rtcVarDesc 0000000180029100     p5engine.obj
 0003:00002280       ?DEBUGLoadBMP@@YA?AUloaded_bitmap@@PEAUthread_context@@P6A?AUdebug_read_file_result@@0PEAD@Z1@Z$rtcFrameData 0000000180029280     p5engine.obj
 0003:000022f0       ?AddLowEntity@@YA?AUadd_low_entity_result@@PEAUgame_state@@W4entity_type@@Uworld_position@@@Z$rtcName$0 00000001800292f0     p5engine.obj
 0003:00002300       ?AddLowEntity@@YA?AUadd_low_entity_result@@PEAUgame_state@@W4entity_type@@Uworld_position@@@Z$rtcVarDesc 0000000180029300     p5engine.obj
 0003:00002340       ?AddLowEntity@@YA?AUadd_low_entity_result@@PEAUgame_state@@W4entity_type@@Uworld_position@@@Z$rtcFrameData 0000000180029340     p5engine.obj
 0003:00002370       ?AddGroundedEntity@@YA?AUadd_low_entity_result@@PEAUgame_state@@W4entity_type@@Uworld_position@@Tv3@@@Z$rtcName$0 0000000180029370     p5engine.obj
[...]
 0003:00005064       $unwind$?GetWorldChunk@@YAPEAUworld_chunk@@PEAUworld@@HHHPEAUmemory_arena@@@Z 000000018002c064     p5engine.obj
 0003:00005078       $unwind$?InitializeWorld@@YAXPEAUworld@@MM@Z 000000018002c078     p5engine.obj
 0003:0000508c       $unwind$?RecanonicalizeCoord@@YAXMPEAHPEAM@Z 000000018002c08c     p5engine.obj
 0003:000050a0       $unwind$?MapIntoChunkSpace@@YA?AUworld_position@@PEAUworld@@U1@Tv3@@@Z 000000018002c0a0     p5engine.obj
 0003:000050bc       $unwind$?ChunkPositionFromTilePosition@@YA?AUworld_position@@PEAUworld@@HHHTv3@@@Z 000000018002c0bc     p5engine.obj
 0003:000050d8       $unwind$?Subtract@@YA?ATv3@@PEAUworld@@PEAUworld_position@@1@Z 000000018002c0d8     p5engine.obj
 0003:000050f4       $unwind$?ChangeEntityLocationRaw@@YAXPEAUmemory_arena@@PEAUworld@@IPEAUworld_position@@2@Z 000000018002c0f4     p5engine.obj
 0003:00005108       $unwind$?ChangeEntityLocation@@YAXPEAUmemory_arena@@PEAUworld@@IPEAUlow_entity@@Uworld_position@@@Z 000000018002c108     p5engine.obj
 0003:0000511c       $unwind$?GetHashFromStorageIndex@@YAPEAUsim_entity_hash@@PEAUsim_region@@I@Z 000000018002c11c     p5engine.obj
 0003:00005130       $unwind$?GetSimSpacePos@@YA?ATv3@@PEAUsim_region@@PEAUlow_entity@@@Z 000000018002c130     p5engine.obj
 0003:00005144       $unwind$?AddEntity@@YAPEAUsim_entity@@PEAUgame_state@@PEAUsim_region@@IPEAUlow_entity@@PEATv3@@@Z 000000018002c144     p5engine.obj
 0003:00005158       $unwind$?LoadEntityReference@@YAXPEAUgame_state@@PEAUsim_region@@PEATentity_reference@@@Z 000000018002c158     p5engine.obj
 0003:00005174       $unwind$?StoreEntityReference@@YAXPEATentity_reference@@@Z 000000018002c174     p5engine.obj
 0003:00005188       $unwind$?AddEntityRaw@@YAPEAUsim_entity@@PEAUgame_state@@PEAUsim_region@@IPEAUlow_entity@@@Z 000000018002c188     p5engine.obj
 0003:0000519c       $unwind$?EntityOverlapsRectangle@@YAHTv3@@0Urectangle3@@@Z 000000018002c19c     p5engine.obj
 0003:000051b0       $unwind$?BeginSim@@YAPEAUsim_region@@PEAUmemory_arena@@PEAUgame_state@@PEAUworld@@Uworld_position@@Urectangle3@@M@Z 000000018002c1b0     p5engine.obj
 0003:000051cc       $unwind$?EndSim@@YAXPEAUsim_region@@PEAUgame_state@@@Z 000000018002c1cc     p5engine.obj
 0003:000051e8       $unwind$?TestWall@@YAHMMMMMPEAMMM@Z 000000018002c1e8     p5engine.obj
 0003:000051fc       $unwind$?CanCollide@@YAHPEAUgame_state@@PEAUsim_entity@@1@Z 000000018002c1fc     p5engine.obj
 0003:00005210       $unwind$?HandleCollision@@YAHPEAUgame_state@@PEAUsim_entity@@1@Z 000000018002c210     p5engine.obj
 0003:00005224       $unwind$?CanOverlap@@YAHPEAUgame_state@@PEAUsim_entity@@1@Z 000000018002c224     p5engine.obj
 0003:00005238       $unwind$?HandleOverlap@@YAXPEAUgame_state@@PEAUsim_entity@@1MPEAM@Z 000000018002c238     p5engine.obj
 0003:00005254       $unwind$?SpeculativeCollide@@YAHPEAUsim_entity@@0@Z 000000018002c254     p5engine.obj
 0003:00005270       $unwind$?MoveEntity@@YAXPEAUgame_state@@PEAUsim_region@@PEAUsim_entity@@MPEAUmove_spec@@Tv3@@@Z 000000018002c270     p5engine.obj
 0003:0000528c       $unwind$?DefaultMoveSpec@@YA?AUmove_spec@@XZ 000000018002c28c     p5engine.obj
 0003:000052a8       $unwind$?GameOutputSound@@YAXPEAUgame_state@@PEAUgame_sound_output_buffer@@H@Z 000000018002c2a8     p5engine.obj
 0003:000052bc       $unwind$?DrawRectangle@@YAXPEAUgame_offscreen_buffer@@Tv2@@1MMM@Z 000000018002c2bc     p5engine.obj
 0003:000052d0       $unwind$?DrawBitmap@@YAXPEAUgame_offscreen_buffer@@PEAUloaded_bitmap@@MMM@Z 000000018002c2d0     p5engine.obj
 0003:000052e4       $unwind$?DEBUGLoadBMP@@YA?AUloaded_bitmap@@PEAUthread_context@@P6A?AUdebug_read_file_result@@0PEAD@Z1@Z 000000018002c2e4     p5engine.obj
 0003:00005300       $unwind$?AddLowEntity@@YA?AUadd_low_entity_result@@PEAUgame_state@@W4entity_type@@Uworld_position@@@Z 000000018002c300     p5engine.obj
 0003:0000531c       $unwind$?AddGroundedEntity@@YA?AUadd_low_entity_result@@PEAUgame_state@@W4entity_type@@Uworld_position@@Tv3@@@Z 000000018002c31c     p5engine.obj
 0003:00005330       $unwind$?AddWall@@YA?AUadd_low_entity_result@@PEAUgame_state@@III@Z 000000018002c330     p5engine.obj
 0003:00005344       $unwind$?AddStairs@@YA?AUadd_low_entity_result@@PEAUgame_state@@III@Z 000000018002c344     p5engine.obj
 0003:00005358       $unwind$?InitHitPoints@@YAXPEAUlow_entity@@I@Z 000000018002c358     p5engine.obj
 0003:0000536c       $unwind$?AddSword@@YA?AUadd_low_entity_result@@PEAUgame_state@@@Z 000000018002c36c     p5engine.obj
 0003:00005380       $unwind$?AddPlayer@@YA?AUadd_low_entity_result@@PEAUgame_state@@@Z 000000018002c380     p5engine.obj
 0003:00005394       $unwind$?AddMonstar@@YA?AUadd_low_entity_result@@PEAUgame_state@@III@Z 000000018002c394     p5engine.obj
 0003:000053a8       $unwind$?AddFamiliar@@YA?AUadd_low_entity_result@@PEAUgame_state@@III@Z 000000018002c3a8     p5engine.obj
 0003:000053bc       $unwind$?PushPiece@@YAXPEAUentity_visible_piece_group@@PEAUloaded_bitmap@@Tv2@@2M2Tv4@@M@Z 000000018002c3bc     p5engine.obj
 0003:000053d0       $unwind$?PushBitmap@@YAXPEAUentity_visible_piece_group@@PEAUloaded_bitmap@@Tv2@@M2MM@Z 000000018002c3d0     p5engine.obj
 0003:000053e4       $unwind$?PushRect@@YAXPEAUentity_visible_piece_group@@Tv2@@M1Tv4@@M@Z 000000018002c3e4     p5engine.obj
 0003:000053f8       $unwind$?DrawHitpoints@@YAXPEAUsim_entity@@PEAUentity_visible_piece_group@@@Z 000000018002c3f8     p5engine.obj
 0003:00005414       $unwind$GameUpdateAndRender 000000018002c414     p5engine.obj
 0003:00005430       $unwind$GameGetSoundSamples 000000018002c430     p5engine.obj
 0003:00005444       $unwind$_RTC_CheckStackVars 000000018002c444     MSVCRTD:stack.obj
 0003:00005458       $chain$0$_RTC_CheckStackVars 000000018002c458     MSVCRTD:stack.obj
 0003:00005470       $chain$1$_RTC_CheckStackVars 000000018002c470     MSVCRTD:stack.obj
 0003:00005484       $unwind$_RTC_CheckStackVars2 000000018002c484     MSVCRTD:stack.obj
 0003:00005494       $chain$1$_RTC_CheckStackVars2 000000018002c494     MSVCRTD:stack.obj
 0003:000054b0       $chain$2$_RTC_CheckStackVars2 000000018002c4b0     MSVCRTD:stack.obj
 0003:000054c8       $chain$3$_RTC_CheckStackVars2 000000018002c4c8     MSVCRTD:stack.obj
 0003:000054e0       $chain$4$_RTC_CheckStackVars2 000000018002c4e0     MSVCRTD:stack.obj
 0003:000054f4       $chain$5$_RTC_CheckStackVars2 000000018002c4f4     MSVCRTD:stack.obj
 0003:00005508       $chain$6$_RTC_CheckStackVars2 000000018002c508     MSVCRTD:stack.obj
 0003:0000551c       $unwind$_RTC_AllocaHelper  000000018002c51c     MSVCRTD:stack.obj
 0003:00005524       $chain$0$_RTC_AllocaHelper 000000018002c524     MSVCRTD:stack.obj
 0003:0000553c       $chain$1$_RTC_AllocaHelper 000000018002c53c     MSVCRTD:stack.obj
 0003:00005550       $unwind$_RTC_Shutdown      000000018002c550     MSVCRTD:init.obj
 0003:00005558       $unwind$_RTC_InitBase      000000018002c558     MSVCRTD:init.obj
 0003:00005560       $unwind$__CheckForDebuggerJustMyCode 000000018002c560     MSVCRTD:debugger_jmc.obj
 0003:00005568       $unwind$__GSHandlerCheckCommon 000000018002c568     MSVCRTD:gshandler.obj
 0003:00005570       $unwind$__GSHandlerCheck   000000018002c570     MSVCRTD:gshandler.obj
 0003:00005578       $xdatasym                  000000018002c578     MSVCRTD:chkstk.obj
 0003:00005580       $xdatasym                  000000018002c580     MSVCRTD:amdsecgs.obj
 0003:00005584       $unwind$?dllmain_crt_process_attach@@YAHQEAUHINSTANCE__@@QEAX@Z 000000018002c584     MSVCRTD:dll_dllmain.obj
 0003:000055a8       $unwind$?fin$0@?0??dllmain_crt_process_attach@@YAHQEAUHINSTANCE__@@QEAX@Z@4HA 000000018002c5a8     MSVCRTD:dll_dllmain.obj
 0003:000055b0       $unwind$?dllmain_crt_process_detach@@YAH_N@Z 000000018002c5b0     MSVCRTD:dll_dllmain.obj
 0003:000055e4       $unwind$?fin$0@?0??dllmain_crt_process_detach@@YAH_N@Z@4HA 000000018002c5e4     MSVCRTD:dll_dllmain.obj
 0003:000055ec       $unwind$?fin$1@?0??dllmain_crt_process_detach@@YAH_N@Z@4HA 000000018002c5ec     MSVCRTD:dll_dllmain.obj
 0003:000055f4       $unwind$?dllmain_crt_dispatch@@YAHQEAUHINSTANCE__@@KQEAX@Z 000000018002c5f4     MSVCRTD:dll_dllmain.obj
 0003:000055fc       $unwind$_CRT_INIT          000000018002c5fc     MSVCRTD:dll_dllmain.obj
 0003:00005604       $unwind$?dllmain_raw@@YAHQEAUHINSTANCE__@@KQEAX@Z 000000018002c604     MSVCRTD:dll_dllmain.obj
 0003:0000560c       $unwind$?dllmain_dispatch@@YAHQEAUHINSTANCE__@@KQEAX@Z 000000018002c60c     MSVCRTD:dll_dllmain.obj
 0003:00005630       $unwind$?filt$0@?0??dllmain_dispatch@@YAHQEAUHINSTANCE__@@KQEAX@Z@4HA 000000018002c630     MSVCRTD:dll_dllmain.obj
 0003:00005638       $unwind$_DllMainCRTStartup 000000018002c638     MSVCRTD:dll_dllmain.obj
 0003:00005640       $unwind$_RTC_UninitUse     000000018002c640     MSVCRTD:error.obj
 0003:0000565c       $unwind$?_RTC_StackFailure@@YAXPEAXPEBD@Z 000000018002c65c     MSVCRTD:error.obj
 0003:0000567c       $unwind$?_RTC_AllocaFailure@@YAXPEAXPEAU_RTC_ALLOCA_NODE@@H@Z 000000018002c67c     MSVCRTD:error.obj
 0003:00005698       $chain$0$?_RTC_AllocaFailure@@YAXPEAXPEAU_RTC_ALLOCA_NODE@@H@Z 000000018002c698     MSVCRTD:error.obj
 0003:000056b0       $chain$1$?_RTC_AllocaFailure@@YAXPEAXPEAU_RTC_ALLOCA_NODE@@H@Z 000000018002c6b0     MSVCRTD:error.obj
 0003:000056c4       $unwind$_vsprintf_s_l      000000018002c6c4     MSVCRTD:error.obj
 0003:000056dc       $unwind$sprintf_s          000000018002c6dc     MSVCRTD:error.obj
 0003:000056e4       $unwind$?notify_debugger@@YAXAEBUtagEXCEPTION_VISUALCPP_DEBUG_INFO@@@Z 000000018002c6e4     MSVCRTD:error.obj
 0003:00005708       $unwind$?filt$0@?0??notify_debugger@@YAXAEBUtagEXCEPTION_VISUALCPP_DEBUG_INFO@@@Z@4HA 000000018002c708     MSVCRTD:error.obj
 0003:00005710       $unwind$?DebuggerProbe@@YA_NK@Z 000000018002c710     MSVCRTD:error.obj
 0003:00005718       $unwind$?DebuggerRuntime@@YA_NKHPEAXPEB_W@Z 000000018002c718     MSVCRTD:error.obj
 0003:00005720       $unwind$?failwithmessage@@YAXPEAXHHPEBD@Z 000000018002c720     MSVCRTD:error.obj
 0003:00005748       $unwind$?_getMemBlockDataString@@YAXPEAD0PEBD_K@Z 000000018002c748     MSVCRTD:error.obj
 0003:0000575c       $chain$3$?_getMemBlockDataString@@YAXPEAD0PEBD_K@Z 000000018002c75c     MSVCRTD:error.obj
 0003:00005780       $chain$4$?_getMemBlockDataString@@YAXPEAD0PEBD_K@Z 000000018002c780     MSVCRTD:error.obj
 0003:00005794       $unwind$__report_securityfailure 000000018002c794     MSVCRTD:gs_report.obj
 0003:0000579c       $unwind$__report_securityfailureEx 000000018002c79c     MSVCRTD:gs_report.obj
 0003:000057a4       $unwind$__report_rangecheckfailure 000000018002c7a4     MSVCRTD:gs_report.obj
 0003:000057ac       $unwind$__report_gsfailure 000000018002c7ac     MSVCRTD:gs_report.obj
 0003:000057b4       $unwind$capture_current_context 000000018002c7b4     MSVCRTD:gs_report.obj
 0003:000057bc       $unwind$capture_previous_context 000000018002c7bc     MSVCRTD:gs_report.obj
 0003:000057c4       $unwind$__raise_securityfailure 000000018002c7c4     MSVCRTD:gs_report.obj
 0003:000057cc       $unwind$__security_init_cookie 000000018002c7cc     MSVCRTD:gs_support.obj
 0003:000057d4       $unwind$__get_entropy      000000018002c7d4     MSVCRTD:gs_support.obj
 0003:000057dc       $unwind$DllMain            000000018002c7dc     MSVCRTD:dll_dllmain_stub.obj
 0003:000057e4       $unwind$?__scrt_initialize_type_info@@YAXXZ 000000018002c7e4     MSVCRTD:tncleanup.obj
 0003:000057ec       $unwind$?__scrt_uninitialize_type_info@@YAXXZ 000000018002c7ec     MSVCRTD:tncleanup.obj
 0003:000057f4       $unwind$__scrt_initialize_default_local_stdio_options 000000018002c7f4     MSVCRTD:default_local_stdio_options.obj
 0003:000057fc       $unwind$atexit             000000018002c7fc     MSVCRTD:utility.obj
 0003:00005804       $unwind$_onexit            000000018002c804     MSVCRTD:utility.obj
 0003:0000580c       $unwind$at_quick_exit      000000018002c80c     MSVCRTD:utility.obj
 0003:00005814       $unwind$__scrt_is_nonwritable_in_current_image 000000018002c814     MSVCRTD:utility.obj
 0003:00005838       $unwind$__scrt_is_nonwritable_in_current_image$filt$0 000000018002c838     MSVCRTD:utility.obj
 0003:00005840       $unwind$__scrt_acquire_startup_lock 000000018002c840     MSVCRTD:utility.obj
 0003:00005848       $unwind$__scrt_release_startup_lock 000000018002c848     MSVCRTD:utility.obj
 0003:00005850       $unwind$__scrt_initialize_crt 000000018002c850     MSVCRTD:utility.obj
 0003:00005858       $unwind$__scrt_uninitialize_crt 000000018002c858     MSVCRTD:utility.obj
 0003:00005860       $unwind$__scrt_initialize_onexit_tables 000000018002c860     MSVCRTD:utility.obj
 0003:00005870       $unwind$__scrt_dllmain_exception_filter 000000018002c870     MSVCRTD:utility.obj
 0003:00005878       $unwind$__scrt_dllmain_before_initialize_c 000000018002c878     MSVCRTD:utility.obj
 0003:00005880       $unwind$__scrt_dllmain_after_initialize_c 000000018002c880     MSVCRTD:utility.obj
 0003:00005888       $unwind$__scrt_dllmain_uninitialize_c 000000018002c888     MSVCRTD:utility.obj
 0003:00005890       $unwind$__scrt_dllmain_uninitialize_critical 000000018002c890     MSVCRTD:utility.obj
 0003:00005898       $unwind$__scrt_dllmain_crt_thread_attach 000000018002c898     MSVCRTD:utility.obj
 0003:000058a0       $unwind$__scrt_dllmain_crt_thread_detach 000000018002c8a0     MSVCRTD:utility.obj
 0003:000058a8       $unwind$?configure_argv@__scrt_narrow_argv_policy@@SAHXZ 000000018002c8a8     MSVCRTD:utility.obj
 0003:000058b0       $unwind$?initialize_environment@__scrt_narrow_environment_policy@@SAHXZ 000000018002c8b0     MSVCRTD:utility.obj
 0003:000058b8       $unwind$?is_potentially_valid_image_base@@YA_NQEAX@Z 000000018002c8b8     MSVCRTD:utility.obj
 0003:000058c0       $unwind$?find_pe_section@@YAPEAU_IMAGE_SECTION_HEADER@@QEAE_K@Z 000000018002c8c0     MSVCRTD:utility.obj
 0003:000058c8       $unwind$__scrt_get_show_window_mode 000000018002c8c8     MSVCRTD:utility_desktop.obj
 0003:000058d8       $unwind$__scrt_is_managed_app 000000018002c8d8     MSVCRTD:utility_desktop.obj
 0003:000058e0       $unwind$__scrt_initialize_mta 000000018002c8e0     MSVCRTD:utility_desktop.obj
 0003:000058e8       $unwind$__scrt_set_unhandled_exception_filter 000000018002c8e8     MSVCRTD:utility_desktop.obj
 0003:000058f0       $unwind$__scrt_fastfail    000000018002c8f0     MSVCRTD:utility_desktop.obj
 0003:00005900       $unwind$__scrt_unhandled_exception_filter 000000018002c900     MSVCRTD:utility_desktop.obj
 0003:00005908       $unwind$_RTC_Initialize    000000018002c908     MSVCRTD:initsect.obj
 0003:00005918       $unwind$_RTC_Terminate     000000018002c918     MSVCRTD:initsect.obj
 0003:00005928       $unwind$ReadNoFence64      000000018002c928     MSVCRTD:guard_support.obj
 0003:00005930       $unwind$ReadPointerNoFence 000000018002c930     MSVCRTD:guard_support.obj
 0003:00005938       $unwind$_guard_icall_checks_enforced 000000018002c938     MSVCRTD:guard_support.obj
 0003:00005940       $unwind$__castguard_compat_check 000000018002c940     MSVCRTD:guard_support.obj
 0003:00005948       $unwind$__castguard_check_failure_debugbreak 000000018002c948     MSVCRTD:guard_support.obj
 0003:00005950       $unwind$__castguard_check_failure_fastfail 000000018002c950     MSVCRTD:guard_support.obj
 0003:00005958       $unwind$__castguard_check_failure_os_handled 000000018002c958     MSVCRTD:guard_support.obj
 0003:00005960       $unwind$__castguard_slow_path_compat_check 000000018002c960     MSVCRTD:guard_support.obj
 0003:00005968       $unwind$__castguard_slow_path_check_debugbreak 000000018002c968     MSVCRTD:guard_support.obj
 0003:00005970       $unwind$__castguard_slow_path_check_fastfail 000000018002c970     MSVCRTD:guard_support.obj
 0003:00005978       $unwind$__castguard_slow_path_check_os_handled 000000018002c978     MSVCRTD:guard_support.obj
 0003:00005980       $unwind$?_RTC_GetSrcLine@@YAHPEAEPEA_WKPEAH1K@Z 000000018002c980     MSVCRTD:pdblkup.obj
 0003:0000599c       $unwind$?GetPdbDllFromInstallPath@@YAPEAUHINSTANCE__@@XZ 000000018002c99c     MSVCRTD:pdblkup.obj
 0003:000059c4       $unwind$?GetPdbDllPathFromFilePath@@YAHPEB_WPEA_W_K@Z 000000018002c9c4     MSVCRTD:pdblkup.obj
 0003:000059e0       $unwind$?GetPdbDll@@YAPEAUHINSTANCE__@@XZ 000000018002c9e0     MSVCRTD:pdblkup.obj
 0003:000059f4       $unwind$__isa_available_init 000000018002c9f4     MSVCRTD:cpu_disp.obj
 0003:00005a08       $unwind$__scrt_is_ucrt_dll_in_use 000000018002ca08     MSVCRTD:ucrt_detection.obj
 0003:00005a10       $xdatasym                  000000018002ca10     MSVCRTD:guard_dispatch.obj
 0003:00005a18       $xdatasym                  000000018002ca18     MSVCRTD:guard_xfg_dispatch.obj
 0003:00005cc0       .edata                     000000018002ccc0     P5Engine.exp
 0003:00005ce8       rgpv                       000000018002cce8     P5Engine.exp
 0003:00005cf0       rgszName                   000000018002ccf0     P5Engine.exp
 0003:00005cf8       rgwOrd                     000000018002ccf8     P5Engine.exp
 0003:00005cfc       szName                     000000018002ccfc     P5Engine.exp
 0003:00005d09       $N00001                    000000018002cd09     P5Engine.exp
 0003:00005d1d       $N00002                    000000018002cd1d     P5Engine.exp
 0004:00000000       ?RandomNumberTable@@3PAIA  000000018002d000     p5engine.obj
 0004:00004e40       ?init@?1??_RTC_InitBase@@9@4_NA 0000000180031e40     MSVCRTD:init.obj
 0004:00004e44       ?__proc_attached@@3HA      0000000180031e44     MSVCRTD:dll_dllmain.obj
 0004:00004e58       ?_RTC_ErrorReportFunc@@3P6AHHPEBDH00ZZEA 0000000180031e58     MSVCRTD:userapi.obj
 0004:00004e60       ?_RTC_ErrorReportFuncW@@3P6AHHPEB_WH00ZZEA 0000000180031e60     MSVCRTD:userapi.obj
 0004:00004e70       GS_ExceptionRecord         0000000180031e70     MSVCRTD:gs_report.obj
 0004:00004f10       GS_ContextRecord           0000000180031f10     MSVCRTD:gs_report.obj
 0004:00005538       ?is_initialized_as_dll@@3_NA 0000000180032538     MSVCRTD:utility.obj
 0004:00005539       ?module_local_atexit_table_initialized@@3_NA 0000000180032539     MSVCRTD:utility.obj
 0004:00005540       ?module_local_atexit_table@@3U_onexit_table_t@@A 0000000180032540     MSVCRTD:utility.obj
 0004:00005558       ?module_local_at_quick_exit_table@@3U_onexit_table_t@@A 0000000180032558     MSVCRTD:utility.obj
 0004:00005598       ?mspdb@@3PEAUHINSTANCE__@@EA 0000000180032598     MSVCRTD:pdblkup.obj
 0004:000055a1       ?alreadyTried@?1??GetPdbDll@@YAPEAUHINSTANCE__@@XZ@4_NA 00000001800325a1     MSVCRTD:pdblkup.obj
 0004:000055a2       ?PDBOK@?1??_RTC_GetSrcLine@@YAHPEAEPEA_WKPEAH1K@Z@4_NA 00000001800325a2     MSVCRTD:pdblkup.obj
 0006:000007aa       .idata$6                   00000001800367aa     vcruntimed:VCRUNTIME140D.dll
 0006:0000095a       .idata$6                   000000018003695a     ucrtd:ucrtbased.dll
 0006:00000b9c       .idata$6                   0000000180036b9c     kernel32:KERNEL32.dll
 0007:00000000       __5C0B09BC_p5engine_platform@h 0000000180037000     p5engine.obj
 0007:00000001       __09340588_corecrt_math@h  0000000180037001     p5engine.obj
 0007:00000002       __B0C4CEA9_malloc@h        0000000180037002     p5engine.obj
 0007:00000003       __3A0418DB_p5engine_intrinsics@h 0000000180037003     p5engine.obj
 0007:00000004       __6D6C9F34_p5engine_math@h 0000000180037004     p5engine.obj
 0007:00000005       __326D9465_p5engine_entity@h 0000000180037005     p5engine.obj
 0007:00000006       __B7D51BCB_p5engine@h      0000000180037006     p5engine.obj
 0007:00000007       __DC0D61CC_p5engine_world@cpp 0000000180037007     p5engine.obj
 0007:00000008       __5DD8E4E4_p5engine_sim_region@cpp 0000000180037008     p5engine.obj
 0007:00000009       __9C871DF9_p5engine_entity@cpp 0000000180037009     p5engine.obj
 0007:0000000a       __D1049797_p5engine@cpp    000000018003700a     p5engine.obj
 0009:00000170       $R000000                   0000000180039170     * linker generated manifest res *
