 P5Engine

 Timestamp is 61234289 (Sun Aug 22 23:39:05 2021)

 Preferred load address is 0000000180000000

 Start         Length     Name                   Class
 0001:00000000 00010000H .textbss                DATA
 0002:00000000 0000ec10H .text$mn                CODE
 0002:0000ec10 00001040H .text$mn$00             CODE
 0002:0000fc50 00001141H .text$x                 CODE
 0003:00000000 00000110H .CRT$XCA                DATA
 0003:00000110 00000110H .CRT$XCZ                DATA
 0003:00000220 00000110H .CRT$XIA                DATA
 0003:00000330 00000110H .CRT$XIZ                DATA
 0003:00000440 00000110H .CRT$XPA                DATA
 0003:00000550 00000110H .CRT$XPZ                DATA
 0003:00000660 00000110H .CRT$XTA                DATA
 0003:00000770 00000110H .CRT$XTZ                DATA
 0003:00000880 00002e00H .rdata                  DATA
 0003:00003680 00000110H .rdata$CastGuardVftablesA DATA
 0003:00003790 0000010cH .rdata$CastGuardVftablesC DATA
 0003:0000389c 0000017cH .rdata$zzzdbg           DATA
 0003:00003a18 00000110H .rtc$IAA                DATA
 0003:00003b28 00000110H .rtc$IMZ                DATA
 0003:00003c38 00000110H .rtc$IZZ                DATA
 0003:00003d48 00000110H .rtc$TAA                DATA
 0003:00003e58 00000110H .rtc$TMZ                DATA
 0003:00003f68 00000110H .rtc$TZZ                DATA
 0003:00004078 00000f68H .xdata                  DATA
 0003:00004fe0 00000187H .edata                  DATA
 0004:00000000 00004e40H .data                   DATA
 0004:00004e40 00000788H .bss                    DATA
 0005:00000000 00002514H .pdata                  DATA
 0006:00000000 00000340H .idata$5                DATA
 0006:00000340 0000003cH .idata$2                DATA
 0006:0000037c 00000014H .idata$3                DATA
 0006:00000390 00000340H .idata$4                DATA
 0006:000006d0 00000656H .idata$6                DATA
 0007:00000000 0000010cH .msvcjmc                DATA
 0008:00000000 00000151H .00cfg                  DATA
 0009:00000000 00000170H .rsrc$01                DATA
 0009:00000170 000001b6H .rsrc$02                DATA

  Address         Publics by Value              Rva+Base               Lib:Object

 0000:00000000       __hybrid_auxiliary_iat     0000000000000000     <absolute>
 0000:00000000       __arm64x_redirection_metadata 0000000000000000     <absolute>
 0000:00000000       ___safe_se_handler_table   0000000000000000     <absolute>
 0000:00000000       __AbsoluteZero             0000000000000000     <absolute>
 0000:00000000       __guard_iat_table          0000000000000000     <absolute>
 0000:00000000       __guard_longjmp_table      0000000000000000     <absolute>
 0000:00000000       __x64_code_ranges_to_entry_points 0000000000000000     <absolute>
 0000:00000000       __guard_check_icall_a64n_fptr 0000000000000000     <absolute>
 0000:00000000       __guard_fids_count         0000000000000000     <absolute>
 0000:00000000       __guard_fids_table         0000000000000000     <absolute>
 0000:00000000       __hybrid_code_map_count    0000000000000000     <absolute>
 0000:00000000       __hybrid_auxiliary_iat_copy 0000000000000000     <absolute>
 0000:00000000       __arm64x_extra_rfe_table   0000000000000000     <absolute>
 0000:00000000       __dynamic_value_reloc_table 0000000000000000     <absolute>
 0000:00000000       __guard_eh_cont_count      0000000000000000     <absolute>
 0000:00000000       __hybrid_code_map          0000000000000000     <absolute>
 0000:00000000       __volatile_metadata        0000000000000000     <absolute>
 0000:00000000       __arm64x_extra_rfe_table_size 0000000000000000     <absolute>
 0000:00000000       ___safe_se_handler_count   0000000000000000     <absolute>
 0000:00000000       __arm64x_native_entrypoint 0000000000000000     <absolute>
 0000:00000000       __guard_iat_count          0000000000000000     <absolute>
 0000:00000000       __arm64x_redirection_metadata_count 0000000000000000     <absolute>
 0000:00000000       __enclave_config           0000000000000000     <absolute>
 0000:00000000       __guard_eh_cont_table      0000000000000000     <absolute>
 0000:00000000       __guard_longjmp_count      0000000000000000     <absolute>
 0000:00000000       __x64_code_ranges_to_entry_points_count 0000000000000000     <absolute>
 0000:00000100       __guard_flags              0000000000000100     <absolute>
 0000:00000000       __ImageBase                0000000180000000     <linker-defined>
 0001:00000000       __enc$textbss$begin        0000000180001000     <linker-defined>
 0001:00010000       __enc$textbss$end          0000000180011000     <linker-defined>
 0002:000008d0       ??D@YA?ATv2@@MT0@@Z        00000001800118d0 f i p5engine.obj
 0002:000009c0       ??D@YA?ATv2@@T0@M@Z        00000001800119c0 f i p5engine.obj
 0002:00000a60       ??D@YA?ATv3@@MT0@@Z        0000000180011a60 f i p5engine.obj
 0002:00000ba0       ??G@YA?ATv2@@T0@0@Z        0000000180011ba0 f i p5engine.obj
 0002:00000c90       ??H@YA?ATv2@@T0@0@Z        0000000180011c90 f i p5engine.obj
 0002:00000d80       ??X@YAAEATv2@@AEAT0@M@Z    0000000180011d80 f i p5engine.obj
 0002:00000e00       ??X@YAAEATv3@@AEAT0@M@Z    0000000180011e00 f i p5engine.obj
 0002:00000ec0       ??Y@YAAEATv2@@AEAT0@T0@@Z  0000000180011ec0 f i p5engine.obj
 0002:00000f40       ??Z@YAAEATv2@@AEAT0@T0@@Z  0000000180011f40 f i p5engine.obj
 0002:00000fc0       ?AbsoluteValue@@YAMM@Z     0000000180011fc0 f i p5engine.obj
 0002:00001c30       ?AreInSameChunk@@YAHPEAUworld@@PEAUworld_position@@1@Z 0000000180012c30 f i p5engine.obj
 0002:00002300       ?ChangeEntityLocationRaw@@YAXPEAUmemory_arena@@PEAUworld@@IPEAUworld_position@@2@Z 0000000180013300 f i p5engine.obj
 0002:000027d0       ?ChunkPositionFromTilePosition@@YA?AUworld_position@@PEAUworld@@HHH@Z 00000001800137d0 f i p5engine.obj
 0002:00002e20       ?DefaultMoveSpec@@YA?AUmove_spec@@XZ 0000000180013e20 f i p5engine.obj
 0002:00003ca0       ?FindLeastSignificantSetBit@@YA?AUbit_scan_result@@I@Z 0000000180014ca0 f i p5engine.obj
 0002:00003f50       ?GetLowEntity@@YAPEAUlow_entity@@PEAUgame_state@@I@Z 0000000180014f50 f i p5engine.obj
 0002:00003ff0       ?GetMaxCorner@@YA?ATv2@@Urectangle2@@@Z 0000000180014ff0 f i p5engine.obj
 0002:00004080       ?GetMinCorner@@YA?ATv2@@Urectangle2@@@Z 0000000180015080 f i p5engine.obj
 0002:00004110       ?GetSimSpacePos@@YA?ATv2@@PEAUsim_region@@PEAUlow_entity@@@Z 0000000180015110 f i p5engine.obj
 0002:00004230       ?GetWorldChunk@@YAPEAUworld_chunk@@PEAUworld@@HHHPEAUmemory_arena@@@Z 0000000180015230 f i p5engine.obj
 0002:00004570       ?InitializeArena@@YAXPEAUmemory_arena@@_KPEAX@Z 0000000180015570 f i p5engine.obj
 0002:000046e0       ?Inner@@YAMTv2@@0@Z        00000001800156e0 f i p5engine.obj
 0002:00004760       ?IsCanonical@@YAHPEAUworld@@M@Z 0000000180015760 f i p5engine.obj
 0002:00004820       ?IsCanonical@@YAHPEAUworld@@Tv2@@@Z 0000000180015820 f i p5engine.obj
 0002:000048c0       ?IsInRectangle@@YAHUrectangle2@@Tv2@@@Z 00000001800158c0 f i p5engine.obj
 0002:00004990       ?IsValid@@YAHPEAUworld_position@@@Z 0000000180015990 f i p5engine.obj
 0002:00004a00       ?Length@@YAMTv2@@@Z        0000000180015a00 f i p5engine.obj
 0002:00004a60       ?LengthSq@@YAMTv2@@@Z      0000000180015a60 f i p5engine.obj
 0002:00004ac0       ?LoadEntityReference@@YAXPEAUgame_state@@PEAUsim_region@@PEATentity_reference@@@Z 0000000180015ac0 f i p5engine.obj
 0002:00004bc0       ?MapIntoChunkSpace@@YA?AUworld_position@@PEAUworld@@U1@Tv2@@@Z 0000000180015bc0 f i p5engine.obj
 0002:00005800       ?NullPosition@@YA?AUworld_position@@XZ 0000000180016800 f i p5engine.obj
 0002:000058e0       ?PushBitmap@@YAXPEAUentity_visible_piece_group@@PEAUloaded_bitmap@@Tv2@@M2MM@Z 00000001800168e0 f i p5engine.obj
 0002:00005a80       ?PushPiece@@YAXPEAUentity_visible_piece_group@@PEAUloaded_bitmap@@Tv2@@2M2Tv4@@M@Z 0000000180016a80 f i p5engine.obj
 0002:00005ca0       ?PushRect@@YAXPEAUentity_visible_piece_group@@Tv2@@M1Tv4@@M@Z 0000000180016ca0 f i p5engine.obj
 0002:00005d90       ?PushSize_@@YAPEAXPEAUmemory_arena@@_K@Z 0000000180016d90 f i p5engine.obj
 0002:00005e50       ?RecanonicalizeCoord@@YAXPEAUworld@@PEAHPEAM@Z 0000000180016e50 f i p5engine.obj
 0002:00005f40       ?RectCenterDim@@YA?AUrectangle2@@Tv2@@0@Z 0000000180016f40 f i p5engine.obj
 0002:00006040       ?RectCenterHalfDim@@YA?AUrectangle2@@Tv2@@0@Z 0000000180017040 f i p5engine.obj
 0002:00006180       ?RotateLeft@@YAIIH@Z       0000000180017180 f i p5engine.obj
 0002:000061e0       ?RoundReal32ToInt32@@YAHM@Z 00000001800171e0 f i p5engine.obj
 0002:00006240       ?RoundReal32ToUInt32@@YAIM@Z 0000000180017240 f i p5engine.obj
 0002:000062a0       ?Sin@@YAMM@Z               00000001800172a0 f i p5engine.obj
 0002:00006300       ?Square@@YAMM@Z            0000000180017300 f i p5engine.obj
 0002:00006360       ?SquareRoot@@YAMM@Z        0000000180017360 f i p5engine.obj
 0002:000063c0       ?StoreEntityReference@@YAXPEATentity_reference@@@Z 00000001800173c0 f i p5engine.obj
 0002:000067f0       ?UpdateFamiliar@@YAXPEAUsim_region@@PEAUsim_entity@@M@Z 00000001800177f0 f i p5engine.obj
 0002:00006b50       ?UpdateMonster@@YAXPEAUsim_region@@PEAUsim_entity@@M@Z 0000000180017b50 f i p5engine.obj
 0002:00006ba0       ?UpdateSword@@YAXPEAUsim_region@@PEAUsim_entity@@M@Z 0000000180017ba0 f i p5engine.obj
 0002:00006d70       ?V2@@YA?ATv2@@MM@Z         0000000180017d70 f i p5engine.obj
 0002:00006e40       ?V3@@YA?ATv3@@MMM@Z        0000000180017e40 f i p5engine.obj
 0002:00006f60       ?V4@@YA?ATv4@@MMMM@Z       0000000180017f60 f i p5engine.obj
 0002:00007090       ?ZeroSize@@YAX_KPEAX@Z     0000000180018090 f i p5engine.obj
 0002:00007130       GameGetSoundSamples        0000000180018130 f   p5engine.obj
 0002:000071a0       GameUpdateAndRender        00000001800181a0 f   p5engine.obj
 0002:00009640       GetController              000000018001a640 f i p5engine.obj
 0002:000096c0       __JustMyCode_Default       000000018001a6c0 f i p5engine.obj
 0002:000096d0       _RTC_AllocaHelper          000000018001a6d0 f   MSVCRTD:stack.obj
 0002:00009720       _RTC_CheckStackVars        000000018001a720 f   MSVCRTD:stack.obj
 0002:000097d0       _RTC_CheckStackVars2       000000018001a7d0 f   MSVCRTD:stack.obj
 0002:00009920       _CRT_RTC_INIT              000000018001a920 f   MSVCRTD:init.obj
 0002:00009930       _CRT_RTC_INITW             000000018001a930 f   MSVCRTD:init.obj
 0002:00009940       _RTC_InitBase              000000018001a940 f   MSVCRTD:init.obj
 0002:00009990       _RTC_Shutdown              000000018001a990 f   MSVCRTD:init.obj
 0002:000099c0       __CheckForDebuggerJustMyCode 000000018001a9c0 f   MSVCRTD:debugger_jmc.obj
 0002:00009a10       __GSHandlerCheck           000000018001aa10 f   MSVCRTD:gshandler.obj
 0002:00009a60       __GSHandlerCheckCommon     000000018001aa60 f   MSVCRTD:gshandler.obj
 0002:00009bb0       _alloca_probe              000000018001abb0 f   MSVCRTD:chkstk.obj
 0002:00009bb0       __chkstk                   000000018001abb0 f   MSVCRTD:chkstk.obj
 0002:00009c30       __security_check_cookie    000000018001ac30 f   MSVCRTD:amdsecgs.obj
 0002:0000a160       _CRT_INIT                  000000018001b160 f   MSVCRTD:dll_dllmain.obj
 0002:0000a1a0       _DllMainCRTStartup         000000018001b1a0 f   MSVCRTD:dll_dllmain.obj
 0002:0000a2a0       ?_RTC_AllocaFailure@@YAXPEAXPEAU_RTC_ALLOCA_NODE@@H@Z 000000018001b2a0 f   MSVCRTD:error.obj
 0002:0000a450       ?_RTC_Failure@@YAXPEAXH@Z  000000018001b450 f   MSVCRTD:error.obj
 0002:0000a4c0       ?_RTC_StackFailure@@YAXPEAXPEBD@Z 000000018001b4c0 f   MSVCRTD:error.obj
 0002:0000aa00       _RTC_UninitUse             000000018001ba00 f   MSVCRTD:error.obj
 0002:0000ab00       __local_stdio_printf_options 000000018001bb00 f i MSVCRTD:error.obj
 0002:0000ab10       _vsprintf_s_l              000000018001bb10 f i MSVCRTD:error.obj
 0002:0000ab90       sprintf_s                  000000018001bb90 f i MSVCRTD:error.obj
 0002:0000abc0       ?_RTC_GetErrorFunc@@YAP6AHHPEBDH00ZZPEBX@Z 000000018001bbc0 f   MSVCRTD:userapi.obj
 0002:0000abd0       ?_RTC_GetErrorFuncW@@YAP6AHHPEB_WH00ZZPEBX@Z 000000018001bbd0 f   MSVCRTD:userapi.obj
 0002:0000abe0       _RTC_GetErrDesc            000000018001bbe0 f   MSVCRTD:userapi.obj
 0002:0000ac00       _RTC_NumErrors             000000018001bc00 f   MSVCRTD:userapi.obj
 0002:0000ac10       _RTC_SetErrorFunc          000000018001bc10 f   MSVCRTD:userapi.obj
 0002:0000ac30       _RTC_SetErrorFuncW         000000018001bc30 f   MSVCRTD:userapi.obj
 0002:0000ac50       _RTC_SetErrorType          000000018001bc50 f   MSVCRTD:userapi.obj
 0002:0000ac80       __raise_securityfailure    000000018001bc80 f   MSVCRTD:gs_report.obj
 0002:0000acd0       __report_gsfailure         000000018001bcd0 f   MSVCRTD:gs_report.obj
 0002:0000ade0       __report_rangecheckfailure 000000018001bde0 f   MSVCRTD:gs_report.obj
 0002:0000ae00       __report_securityfailure   000000018001be00 f   MSVCRTD:gs_report.obj
 0002:0000aed0       __report_securityfailureEx 000000018001bed0 f   MSVCRTD:gs_report.obj
 0002:0000b2c0       __security_init_cookie     000000018001c2c0 f   MSVCRTD:gs_support.obj
 0002:0000b360       DllMain                    000000018001c360 f   MSVCRTD:dll_dllmain_stub.obj
 0002:0000b3b0       ?__scrt_initialize_type_info@@YAXXZ 000000018001c3b0 f   MSVCRTD:tncleanup.obj
 0002:0000b3d0       ?__scrt_uninitialize_type_info@@YAXXZ 000000018001c3d0 f   MSVCRTD:tncleanup.obj
 0002:0000b3f0       __local_stdio_scanf_options 000000018001c3f0 f i MSVCRTD:default_local_stdio_options.obj
 0002:0000b400       __scrt_initialize_default_local_stdio_options 000000018001c400 f   MSVCRTD:default_local_stdio_options.obj
 0002:0000b460       ?configure_argv@__scrt_narrow_argv_policy@@SAHXZ 000000018001c460 f i MSVCRTD:utility.obj
 0002:0000b580       ?initialize_environment@__scrt_narrow_environment_policy@@SAHXZ 000000018001c580 f i MSVCRTD:utility.obj
 0002:0000b650       NtCurrentTeb               000000018001c650 f i MSVCRTD:utility.obj
 0002:0000b660       __scrt_acquire_startup_lock 000000018001c660 f   MSVCRTD:utility.obj
 0002:0000b6e0       __scrt_dllmain_after_initialize_c 000000018001c6e0 f   MSVCRTD:utility.obj
 0002:0000b720       __scrt_dllmain_before_initialize_c 000000018001c720 f   MSVCRTD:utility.obj
 0002:0000b750       __scrt_dllmain_crt_thread_attach 000000018001c750 f   MSVCRTD:utility.obj
 0002:0000b790       __scrt_dllmain_crt_thread_detach 000000018001c790 f   MSVCRTD:utility.obj
 0002:0000b7b0       __scrt_dllmain_exception_filter 000000018001c7b0 f   MSVCRTD:utility.obj
 0002:0000b830       __scrt_dllmain_uninitialize_c 000000018001c830 f   MSVCRTD:utility.obj
 0002:0000b870       __scrt_dllmain_uninitialize_critical 000000018001c870 f   MSVCRTD:utility.obj
 0002:0000b890       __scrt_initialize_crt      000000018001c890 f   MSVCRTD:utility.obj
 0002:0000b8f0       __scrt_initialize_onexit_tables 000000018001c8f0 f   MSVCRTD:utility.obj
 0002:0000ba40       __scrt_is_nonwritable_in_current_image 000000018001ca40 f   MSVCRTD:utility.obj
 0002:0000baf0       __scrt_release_startup_lock 000000018001caf0 f   MSVCRTD:utility.obj
 0002:0000bb30       __scrt_uninitialize_crt    000000018001cb30 f   MSVCRTD:utility.obj
 0002:0000bb80       _onexit                    000000018001cb80 f   MSVCRTD:utility.obj
 0002:0000bc20       at_quick_exit              000000018001cc20 f   MSVCRTD:utility.obj
 0002:0000bc80       atexit                     000000018001cc80 f   MSVCRTD:utility.obj
 0002:0000bcc0       __scrt_get_dyn_tls_init_callback 000000018001ccc0 f   MSVCRTD:dyn_tls_init.obj
 0002:0000bcd0       __crt_debugger_hook        000000018001ccd0 f   MSVCRTD:utility_desktop.obj
 0002:0000bcf0       __scrt_fastfail            000000018001ccf0 f   MSVCRTD:utility_desktop.obj
 0002:0000bef0       __scrt_get_show_window_mode 000000018001cef0 f   MSVCRTD:utility_desktop.obj
 0002:0000bf60       __scrt_initialize_mta      000000018001cf60 f   MSVCRTD:utility_desktop.obj
 0002:0000bf80       __scrt_initialize_winrt    000000018001cf80 f   MSVCRTD:utility_desktop.obj
 0002:0000bf90       __scrt_is_managed_app      000000018001cf90 f   MSVCRTD:utility_desktop.obj
 0002:0000c060       __scrt_set_unhandled_exception_filter 000000018001d060 f   MSVCRTD:utility_desktop.obj
 0002:0000c080       __scrt_exe_initialize_mta  000000018001d080 f   MSVCRTD:utility_desktop.obj
 0002:0000c080       __scrt_stub_for_initialize_mta 000000018001d080 f   MSVCRTD:utility_desktop.obj
 0002:0000c090       __scrt_unhandled_exception_filter 000000018001d090 f   MSVCRTD:utility_desktop.obj
 0002:0000c150       _RTC_Initialize            000000018001d150 f   MSVCRTD:initsect.obj
 0002:0000c1b0       _RTC_Terminate             000000018001d1b0 f   MSVCRTD:initsect.obj
 0002:0000c210       _guard_check_icall_nop     000000018001d210 f i MSVCRTD:guard_support.obj
 0002:0000c220       ReadNoFence64              000000018001d220 f i MSVCRTD:guard_support.obj
 0002:0000c250       ReadPointerNoFence         000000018001d250 f i MSVCRTD:guard_support.obj
 0002:0000c270       __castguard_check_failure_debugbreak 000000018001d270 f i MSVCRTD:guard_support.obj
 0002:0000c2a0       __castguard_check_failure_fastfail 000000018001d2a0 f i MSVCRTD:guard_support.obj
 0002:0000c2d0       __castguard_check_failure_nop 000000018001d2d0 f i MSVCRTD:guard_support.obj
 0002:0000c2e0       __castguard_check_failure_os_handled 000000018001d2e0 f i MSVCRTD:guard_support.obj
 0002:0000c3d0       __castguard_slow_path_check_debugbreak 000000018001d3d0 f i MSVCRTD:guard_support.obj
 0002:0000c420       __castguard_slow_path_check_fastfail 000000018001d420 f i MSVCRTD:guard_support.obj
 0002:0000c480       __castguard_slow_path_check_nop 000000018001d480 f i MSVCRTD:guard_support.obj
 0002:0000c4a0       __castguard_slow_path_check_os_handled 000000018001d4a0 f i MSVCRTD:guard_support.obj
 0002:0000c5b0       _guard_icall_checks_enforced 000000018001d5b0 f i MSVCRTD:guard_support.obj
 0002:0000c600       _guard_rf_checks_enforced  000000018001d600 f i MSVCRTD:guard_support.obj
 0002:0000cc60       ?_RTC_GetSrcLine@@YAHPEAEPEA_WKPEAH1K@Z 000000018001dc60 f   MSVCRTD:pdblkup.obj
 0002:0000d120       __isa_available_init       000000018001e120 f   MSVCRTD:cpu_disp.obj
 0002:0000d5a0       _get_startup_argv_mode     000000018001e5a0 f   MSVCRTD:argv_mode.obj
 0002:0000d5b0       __scrt_is_ucrt_dll_in_use  000000018001e5b0 f   MSVCRTD:ucrt_detection.obj
 0002:0000d5e0       __C_specific_handler       000000018001e5e0 f   vcruntimed:VCRUNTIME140D.dll
 0002:0000d5e6       __C_specific_handler_noexcept 000000018001e5e6 f   vcruntimed:VCRUNTIME140D.dll
 0002:0000d5ec       __std_type_info_destroy_list 000000018001e5ec f   vcruntimed:VCRUNTIME140D.dll
 0002:0000d5f2       __current_exception        000000018001e5f2 f   vcruntimed:VCRUNTIME140D.dll
 0002:0000d5f8       __current_exception_context 000000018001e5f8 f   vcruntimed:VCRUNTIME140D.dll
 0002:0000d5fe       __vcrt_GetModuleFileNameW  000000018001e5fe f   vcruntimed:VCRUNTIME140D.dll
 0002:0000d604       __vcrt_GetModuleHandleW    000000018001e604 f   vcruntimed:VCRUNTIME140D.dll
 0002:0000d60a       __vcrt_LoadLibraryExW      000000018001e60a f   vcruntimed:VCRUNTIME140D.dll
 0002:0000d610       fabs                       000000018001e610 f   ucrtd:ucrtbased.dll
 0002:0000d616       roundf                     000000018001e616 f   ucrtd:ucrtbased.dll
 0002:0000d61c       sinf                       000000018001e61c f   ucrtd:ucrtbased.dll
 0002:0000d622       sqrtf                      000000018001e622 f   ucrtd:ucrtbased.dll
 0002:0000d628       _rotl                      000000018001e628 f   ucrtd:ucrtbased.dll
 0002:0000d62e       _CrtDbgReport              000000018001e62e f   ucrtd:ucrtbased.dll
 0002:0000d634       _CrtDbgReportW             000000018001e634 f   ucrtd:ucrtbased.dll
 0002:0000d63a       _initterm                  000000018001e63a f   ucrtd:ucrtbased.dll
 0002:0000d640       _initterm_e                000000018001e640 f   ucrtd:ucrtbased.dll
 0002:0000d646       strcpy_s                   000000018001e646 f   ucrtd:ucrtbased.dll
 0002:0000d64c       strcat_s                   000000018001e64c f   ucrtd:ucrtbased.dll
 0002:0000d652       __stdio_common_vsprintf_s  000000018001e652 f   ucrtd:ucrtbased.dll
 0002:0000d658       _seh_filter_dll            000000018001e658 f   ucrtd:ucrtbased.dll
 0002:0000d65e       _configure_narrow_argv     000000018001e65e f   ucrtd:ucrtbased.dll
 0002:0000d664       _initialize_narrow_environment 000000018001e664 f   ucrtd:ucrtbased.dll
 0002:0000d66a       _initialize_onexit_table   000000018001e66a f   ucrtd:ucrtbased.dll
 0002:0000d670       _register_onexit_function  000000018001e670 f   ucrtd:ucrtbased.dll
 0002:0000d676       _execute_onexit_table      000000018001e676 f   ucrtd:ucrtbased.dll
 0002:0000d67c       _crt_atexit                000000018001e67c f   ucrtd:ucrtbased.dll
 0002:0000d682       _crt_at_quick_exit         000000018001e682 f   ucrtd:ucrtbased.dll
 0002:0000d688       _cexit                     000000018001e688 f   ucrtd:ucrtbased.dll
 0002:0000d68e       terminate                  000000018001e68e f   ucrtd:ucrtbased.dll
 0002:0000d694       _wmakepath_s               000000018001e694 f   ucrtd:ucrtbased.dll
 0002:0000d69a       _wsplitpath_s              000000018001e69a f   ucrtd:ucrtbased.dll
 0002:0000d6a0       wcscpy_s                   000000018001e6a0 f   ucrtd:ucrtbased.dll
 0002:0000d6a6       GetCurrentThreadId         000000018001e6a6 f   kernel32:KERNEL32.dll
 0002:0000d6ac       IsDebuggerPresent          000000018001e6ac f   kernel32:KERNEL32.dll
 0002:0000d6b2       RaiseException             000000018001e6b2 f   kernel32:KERNEL32.dll
 0002:0000d6b8       MultiByteToWideChar        000000018001e6b8 f   kernel32:KERNEL32.dll
 0002:0000d6be       WideCharToMultiByte        000000018001e6be f   kernel32:KERNEL32.dll
 0002:0000d6c4       RtlCaptureContext          000000018001e6c4 f   kernel32:KERNEL32.dll
 0002:0000d6ca       RtlLookupFunctionEntry     000000018001e6ca f   kernel32:KERNEL32.dll
 0002:0000d6d0       RtlVirtualUnwind           000000018001e6d0 f   kernel32:KERNEL32.dll
 0002:0000d6d6       UnhandledExceptionFilter   000000018001e6d6 f   kernel32:KERNEL32.dll
 0002:0000d6dc       SetUnhandledExceptionFilter 000000018001e6dc f   kernel32:KERNEL32.dll
 0002:0000d6e2       GetCurrentProcess          000000018001e6e2 f   kernel32:KERNEL32.dll
 0002:0000d6e8       TerminateProcess           000000018001e6e8 f   kernel32:KERNEL32.dll
 0002:0000d6ee       IsProcessorFeaturePresent  000000018001e6ee f   kernel32:KERNEL32.dll
 0002:0000d6f4       QueryPerformanceCounter    000000018001e6f4 f   kernel32:KERNEL32.dll
 0002:0000d6fa       GetCurrentProcessId        000000018001e6fa f   kernel32:KERNEL32.dll
 0002:0000d700       GetSystemTimeAsFileTime    000000018001e700 f   kernel32:KERNEL32.dll
 0002:0000d706       DisableThreadLibraryCalls  000000018001e706 f   kernel32:KERNEL32.dll
 0002:0000d70c       InitializeSListHead        000000018001e70c f   kernel32:KERNEL32.dll
 0002:0000d712       GetStartupInfoW            000000018001e712 f   kernel32:KERNEL32.dll
 0002:0000d718       GetModuleHandleW           000000018001e718 f   kernel32:KERNEL32.dll
 0002:0000d71e       GetLastError               000000018001e71e f   kernel32:KERNEL32.dll
 0002:0000d724       HeapAlloc                  000000018001e724 f   kernel32:KERNEL32.dll
 0002:0000d72a       HeapFree                   000000018001e72a f   kernel32:KERNEL32.dll
 0002:0000d730       GetProcessHeap             000000018001e730 f   kernel32:KERNEL32.dll
 0002:0000d736       VirtualQuery               000000018001e736 f   kernel32:KERNEL32.dll
 0002:0000d73c       FreeLibrary                000000018001e73c f   kernel32:KERNEL32.dll
 0002:0000d742       GetProcAddress             000000018001e742 f   kernel32:KERNEL32.dll
 0002:0000d750       __acrt_initialize          000000018001e750 f   MSVCRTD:ucrt_stubs.obj
 0002:0000d750       __vcrt_initialize          000000018001e750 f   MSVCRTD:ucrt_stubs.obj
 0002:0000d750       __scrt_stub_for_acrt_initialize 000000018001e750 f   MSVCRTD:ucrt_stubs.obj
 0002:0000d760       __acrt_thread_attach       000000018001e760 f   MSVCRTD:ucrt_stubs.obj
 0002:0000d760       __scrt_stub_for_acrt_thread_attach 000000018001e760 f   MSVCRTD:ucrt_stubs.obj
 0002:0000d760       __vcrt_thread_attach       000000018001e760 f   MSVCRTD:ucrt_stubs.obj
 0002:0000d770       __acrt_thread_detach       000000018001e770 f   MSVCRTD:ucrt_stubs.obj
 0002:0000d770       __vcrt_thread_detach       000000018001e770 f   MSVCRTD:ucrt_stubs.obj
 0002:0000d770       __scrt_stub_for_acrt_thread_detach 000000018001e770 f   MSVCRTD:ucrt_stubs.obj
 0002:0000d780       __vcrt_uninitialize        000000018001e780 f   MSVCRTD:ucrt_stubs.obj
 0002:0000d780       __scrt_stub_for_acrt_uninitialize 000000018001e780 f   MSVCRTD:ucrt_stubs.obj
 0002:0000d780       __acrt_uninitialize        000000018001e780 f   MSVCRTD:ucrt_stubs.obj
 0002:0000d790       __acrt_uninitialize_critical 000000018001e790 f   MSVCRTD:ucrt_stubs.obj
 0002:0000d790       __vcrt_uninitialize_critical 000000018001e790 f   MSVCRTD:ucrt_stubs.obj
 0002:0000d790       __scrt_stub_for_acrt_uninitialize_critical 000000018001e790 f   MSVCRTD:ucrt_stubs.obj
 0002:0000d7a0       __scrt_stub_for_is_c_termination_complete 000000018001e7a0 f   MSVCRTD:ucrt_stubs.obj
 0002:0000d7a0       _is_c_termination_complete 000000018001e7a0 f   MSVCRTD:ucrt_stubs.obj
 0002:0000ec20       _guard_dispatch_icall_nop  000000018001fc20 f   MSVCRTD:guard_dispatch.obj
 0002:0000ec40       _guard_xfg_dispatch_icall_nop 000000018001fc40 f   MSVCRTD:guard_xfg_dispatch.obj
 0003:00000000       __xc_a                     0000000180022000     MSVCRTD:initializers.obj
 0003:00000110       __xc_z                     0000000180022110     MSVCRTD:initializers.obj
 0003:00000220       __xi_a                     0000000180022220     MSVCRTD:initializers.obj
 0003:00000330       __xi_z                     0000000180022330     MSVCRTD:initializers.obj
 0003:00000440       __xp_a                     0000000180022440     MSVCRTD:initializers.obj
 0003:00000550       __xp_z                     0000000180022550     MSVCRTD:initializers.obj
 0003:00000660       __xt_a                     0000000180022660     MSVCRTD:initializers.obj
 0003:00000770       __xt_z                     0000000180022770     MSVCRTD:initializers.obj
 0003:000025c0       ??_C@_0BA@NMEIMCEK@InvalidCodePath@ 00000001800245c0     p5engine.obj
 0003:000025d8       ??_C@_0CO@JEPMKJFJ@NEED?5TO?5MAKE?5ENTITIES?5BE?5ABLE?5T@ 00000001800245d8     p5engine.obj
 0003:00002610       ??_C@_0BF@HOIOEMCL@P5Engine?1data?1bg?4bmp@ 0000000180024610     p5engine.obj
 0003:00002630       ??_C@_0BJ@EPENJOEL@P5Engine?1data?1shadow?4bmp@ 0000000180024630     p5engine.obj
 0003:00002650       ??_C@_0BH@DDOBAHNL@P5Engine?1data?1tree?4bmp@ 0000000180024650     p5engine.obj
 0003:00002670       ??_C@_0BI@EPGPCLAL@P5Engine?1data?1enemy?4bmp@ 0000000180024670     p5engine.obj
 0003:00002690       ??_C@_0BG@IEBKPHGI@P5Engine?1data?1orb?4bmp@ 0000000180024690     p5engine.obj
 0003:000026b0       ??_C@_0BP@CIDLMIJA@P5Engine?1data?1char?9right?90?4bmp@ 00000001800246b0     p5engine.obj
 0003:000026d8       ??_C@_0BO@PEBAPFLC@P5Engine?1data?1char?9back?90?4bmp@ 00000001800246d8     p5engine.obj
 0003:00002700       ??_C@_0BO@EAIBBIAG@P5Engine?1data?1char?9left?90?4bmp@ 0000000180024700     p5engine.obj
 0003:00002728       ??_C@_0BP@MKDPGEOC@P5Engine?1data?1char?9front?90?4bmp@ 0000000180024728     p5engine.obj
 0003:00002750       ??_C@_0BO@KNNOBFKI@P5Engine?1data?1sword?9right?4bmp@ 0000000180024750     p5engine.obj
 0003:00002778       ??_C@_0BN@LDDHILOB@P5Engine?1data?1sword?9back?4bmp@ 0000000180024778     p5engine.obj
 0003:000027a0       ??_C@_0BN@FPAHMBGA@P5Engine?1data?1sword?9left?4bmp@ 00000001800247a0     p5engine.obj
 0003:000027c8       ??_C@_0BO@BNDLMGBJ@P5Engine?1data?1sword?9front?4bmp@ 00000001800247c8     p5engine.obj
 0003:000027ec       __real@00000000            00000001800247ec     p5engine.obj
 0003:000027f0       __real@3a83126f            00000001800247f0     p5engine.obj
 0003:000027f4       __real@3e4ccccd            00000001800247f4     p5engine.obj
 0003:000027f8       __real@3e800000            00000001800247f8     p5engine.obj
 0003:000027fc       __real@3f000000            00000001800247fc     p5engine.obj
 0003:00002800       __real@3f400000            0000000180024800     p5engine.obj
 0003:00002804       __real@3f800000            0000000180024804     p5engine.obj
 0003:00002808       __real@3fb33333            0000000180024808     p5engine.obj
 0003:0000280c       __real@3fc00000            000000018002480c     p5engine.obj
 0003:00002810       __real@40000000            0000000180024810     p5engine.obj
 0003:00002814       __real@400ccccd            0000000180024814     p5engine.obj
 0003:00002818       __real@40a00000            0000000180024818     p5engine.obj
 0003:0000281c       __real@40c00000            000000018002481c     p5engine.obj
 0003:00002820       __real@40c90fdb            0000000180024820     p5engine.obj
 0003:00002824       __real@40e00000            0000000180024824     p5engine.obj
 0003:00002828       __real@41200000            0000000180024828     p5engine.obj
 0003:0000282c       __real@41800000            000000018002482c     p5engine.obj
 0003:00002830       __real@41880000            0000000180024830     p5engine.obj
 0003:00002834       __real@41a00000            0000000180024834     p5engine.obj
 0003:00002838       __real@41c00000            0000000180024838     p5engine.obj
 0003:0000283c       __real@42000000            000000018002483c     p5engine.obj
 0003:00002840       __real@42600000            0000000180024840     p5engine.obj
 0003:00002844       __real@42800000            0000000180024844     p5engine.obj
 0003:00002848       __real@42820000            0000000180024848     p5engine.obj
 0003:0000284c       __real@42960000            000000018002484c     p5engine.obj
 0003:00002850       __real@437f0000            0000000180024850     p5engine.obj
 0003:00002854       __real@becccccd            0000000180024854     p5engine.obj
 0003:00002858       __real@bf000000            0000000180024858     p5engine.obj
 0003:0000285c       __real@bf800000            000000018002485c     p5engine.obj
 0003:00002860       __real@c1f00000            0000000180024860     p5engine.obj
 0003:00002870       __xmm@80000000800000008000000080000000 0000000180024870     p5engine.obj
 0003:00002888       _pRawDllMain               0000000180024888     MSVCRTD:dll_dllmain.obj
 0003:00002888       _pDefaultRawDllMain        0000000180024888     MSVCRTD:dll_dllmain.obj
 0003:00002980       ??_C@_0NN@JMPELKLB@The?5value?5of?5ESP?5was?5not?5proper@ 0000000180024980     MSVCRTD:error.obj
 0003:00002a90       ??_C@_0BBN@ELNNILBE@A?5cast?5to?5a?5smaller?5data?5type?5h@ 0000000180024a90     MSVCRTD:error.obj
 0003:00002be8       ??_C@_0BN@BPOGFMJL@Stack?5memory?5was?5corrupted?$AN?6@ 0000000180024be8     MSVCRTD:error.obj
 0003:00002c10       ??_C@_0DG@DAJCDLPN@A?5local?5variable?5was?5used?5befor@ 0000000180024c10     MSVCRTD:error.obj
 0003:00002c50       ??_C@_0CM@JMIDGKLA@Stack?5memory?5around?5_alloca?5was@ 0000000180024c50     MSVCRTD:error.obj
 0003:00002c88       ??_C@_0BO@CHIONIOI@Unknown?5Runtime?5Check?5Error?$AN?6@ 0000000180024c88     MSVCRTD:error.obj
 0003:00002cb0       ??_C@_1GM@CNOOJIHC@?$AAR?$AAu?$AAn?$AAt?$AAi?$AAm?$AAe?$AA?5?$AAC?$AAh?$AAe?$AAc?$AAk?$AA?5?$AAE@ 0000000180024cb0     MSVCRTD:error.obj
 0003:00002d40       ??_C@_1EA@NFKNIFJP@?$AAR?$AAu?$AAn?$AA?9?$AAT?$AAi?$AAm?$AAe?$AA?5?$AAC?$AAh?$AAe?$AAc?$AAk?$AA?5@ 0000000180024d40     MSVCRTD:error.obj
 0003:00002d90       ??_C@_0BB@PFFGGCJP@Unknown?5Filename@ 0000000180024d90     MSVCRTD:error.obj
 0003:00002da8       ??_C@_0BE@GNBOBNCK@Unknown?5Module?5Name@ 0000000180024da8     MSVCRTD:error.obj
 0003:00002dc0       ??_C@_0CA@IODNCDPG@Run?9Time?5Check?5Failure?5?$CD?$CFd?5?9?5?$CFs@ 0000000180024dc0     MSVCRTD:error.obj
 0003:00002de8       ??_C@_0CG@IAFNJNEE@Stack?5corrupted?5near?5unknown?5va@ 0000000180024de8     MSVCRTD:error.obj
 0003:00002e18       ??_C@_05MKKEDADM@?$CF?42X?5@ 0000000180024e18     MSVCRTD:error.obj
 0003:00002e20       ??_C@_0EJ@LJKNEOLN@Stack?5area?5around?5_alloca?5memor@ 0000000180024e20     MSVCRTD:error.obj
 0003:00002e78       ??_C@_01EEMJAFIK@?6@       0000000180024e78     MSVCRTD:error.obj
 0003:00002e7c       ??_C@_02LLMPMKNF@?$DO?5@   0000000180024e7c     MSVCRTD:error.obj
 0003:00002e80       ??_C@_08OMAHNMHJ@?6Data?3?5?$DM@ 0000000180024e80     MSVCRTD:error.obj
 0003:00002e90       ??_C@_0CK@DKGBICFE@?6Allocation?5number?5within?5this?5@ 0000000180024e90     MSVCRTD:error.obj
 0003:00002ec8       ??_C@_07DFDJCKFN@?6Size?3?5@ 0000000180024ec8     MSVCRTD:error.obj
 0003:00002ed8       ??_C@_0N@MHFFIMFG@?6Address?3?50x@ 0000000180024ed8     MSVCRTD:error.obj
 0003:00002ef0       ??_C@_0EI@CLEPFNGI@Stack?5area?5around?5_alloca?5memor@ 0000000180024ef0     MSVCRTD:error.obj
 0003:00002f48       ??_C@_0BK@ODNDAGKB@?$CFs?$CFs?$CFp?$CFs?$CFzd?$CFs?$CFd?$CFs?$CFs?$CFs?$CFs?$CFs@ 0000000180024f48     MSVCRTD:error.obj
 0003:00002f68       ??_C@_0DE@OHJBPMBP@A?5variable?5is?5being?5used?5withou@ 0000000180024f68     MSVCRTD:error.obj
 0003:00002fd8       ??_C@_0BJ@HEGAHDFO@Stack?5pointer?5corruption@ 0000000180024fd8     MSVCRTD:userapi.obj
 0003:00002ff8       ??_C@_0CK@FEGOIOPB@Cast?5to?5smaller?5type?5causing?5lo@ 0000000180024ff8     MSVCRTD:userapi.obj
 0003:00003030       ??_C@_0BI@CIGMDCBH@Stack?5memory?5corruption@ 0000000180025030     MSVCRTD:userapi.obj
 0003:00003050       ??_C@_0CK@CNLNOEPB@Local?5variable?5used?5before?5init@ 0000000180025050     MSVCRTD:userapi.obj
 0003:00003088       ??_C@_0BP@OGBCLIBO@Stack?5around?5_alloca?5corrupted@ 0000000180025088     MSVCRTD:userapi.obj
 0003:00003130       ??_C@_1EI@MLPKHBGE@?$AAa?$AAp?$AAi?$AA?9?$AAm?$AAs?$AA?9?$AAw?$AAi?$AAn?$AA?9?$AAc?$AAo?$AAr?$AAe@ 0000000180025130     MSVCRTD:pdblkup.obj
 0003:00003188       ??_C@_1BK@JHLNAEJL@?$AAa?$AAd?$AAv?$AAa?$AAp?$AAi?$AA3?$AA2?$AA?4?$AAd?$AAl?$AAl@ 0000000180025188     MSVCRTD:pdblkup.obj
 0003:000031a8       ??_C@_0O@COHOBMLB@RegOpenKeyExW@ 00000001800251a8     MSVCRTD:pdblkup.obj
 0003:000031b8       ??_C@_0BB@GLNAEDBD@RegQueryValueExW@ 00000001800251b8     MSVCRTD:pdblkup.obj
 0003:000031d0       ??_C@_0M@HLOHPNFA@RegCloseKey@ 00000001800251d0     MSVCRTD:pdblkup.obj
 0003:000031e0       ??_C@_1HE@EBEAGLFB@?$AAS?$AAO?$AAF?$AAT?$AAW?$AAA?$AAR?$AAE?$AA?2?$AAW?$AAo?$AAw?$AA6?$AA4?$AA3@ 00000001800251e0     MSVCRTD:pdblkup.obj
 0003:00003270       ??_C@_1BG@EABPBLLF@?$AAP?$AAr?$AAo?$AAd?$AAu?$AAc?$AAt?$AAD?$AAi?$AAr@ 0000000180025270     MSVCRTD:pdblkup.obj
 0003:000032b8       ??_C@_1BC@JINFINNJ@?$AAM?$AAS?$AAP?$AAD?$AAB?$AA1?$AA4?$AA0@ 00000001800252b8     MSVCRTD:pdblkup.obj
 0003:000032d0       ??_C@_0BB@KCIACLNC@PDBOpenValidate5@ 00000001800252d0     MSVCRTD:pdblkup.obj
 0003:000032e4       ??_C@_01KDCPPGHE@r@        00000001800252e4     MSVCRTD:pdblkup.obj
 0003:00003320       _load_config_used          0000000180025320     MSVCRTD:loadcfg.obj
 0003:00003680       __CastGuardVftablesStart   0000000180025680     MSVCRTD:guard_support.obj
 0003:00003790       __CastGuardVftablesEnd     0000000180025790     MSVCRTD:guard_support.obj
 0003:00003a18       __rtc_iaa                  0000000180025a18     MSVCRTD:initsect.obj
 0003:00003c38       __rtc_izz                  0000000180025c38     MSVCRTD:initsect.obj
 0003:00003d48       __rtc_taa                  0000000180025d48     MSVCRTD:initsect.obj
 0003:00003f68       __rtc_tzz                  0000000180025f68     MSVCRTD:initsect.obj
 0004:00004cd0       __security_cookie_complement 000000018002ccd0     MSVCRTD:gs_cookie.obj
 0004:00004cd8       __security_cookie          000000018002ccd8     MSVCRTD:gs_cookie.obj
 0004:00004ce4       _fltused                   000000018002cce4     MSVCRTD:fltused.obj
 0004:00004ce8       ?_RTC_ErrorLevels@@3PAHA   000000018002cce8     MSVCRTD:error.obj
 0004:00004d00       __scrt_native_dllmain_reason 000000018002cd00     MSVCRTD:utility.obj
 0004:00004d08       __isa_available            000000018002cd08     MSVCRTD:cpu_disp.obj
 0004:00004d0c       __isa_enabled              000000018002cd0c     MSVCRTD:cpu_disp.obj
 0004:00004d10       __memcpy_nt_iters          000000018002cd10     MSVCRTD:cpu_disp.obj
 0004:00004d18       __memset_nt_iters          000000018002cd18     MSVCRTD:cpu_disp.obj
 0004:00004d30       __scrt_ucrt_dll_is_in_use  000000018002cd30     MSVCRTD:ucrt_stubs.obj
 0004:00004e48       ?_OptionsStorage@?1??__local_stdio_printf_options@@9@4_KA 000000018002ce48     MSVCRTD:error.obj
 0004:00005500       ?__type_info_root_node@@3U__type_info_node@@A 000000018002d500     MSVCRTD:tncleanup.obj
 0004:00005518       ?_OptionsStorage@?1??__local_stdio_scanf_options@@9@4_KA 000000018002d518     MSVCRTD:default_local_stdio_options.obj
 0004:00005528       __scrt_current_native_startup_state 000000018002d528     MSVCRTD:utility.obj
 0004:00005530       __scrt_native_startup_lock 000000018002d530     MSVCRTD:utility.obj
 0004:00005580       __scrt_debugger_hook_flag  000000018002d580     MSVCRTD:utility_desktop.obj
 0004:00005588       __castguard_check_failure_os_handled_fptr 000000018002d588     MSVCRTD:guard_support.obj
 0004:000055a4       __favor                    000000018002d5a4     MSVCRTD:cpu_disp.obj
 0004:000055a8       __dyn_tls_init_callback    000000018002d5a8     <common>
 0004:000055bc       __DebuggerCurrentSteppingThreadId 000000018002d5bc     <common>
 0006:00000000       __imp_DisableThreadLibraryCalls 0000000180031000     kernel32:KERNEL32.dll
 0006:00000008       __imp_IsDebuggerPresent    0000000180031008     kernel32:KERNEL32.dll
 0006:00000010       __imp_RaiseException       0000000180031010     kernel32:KERNEL32.dll
 0006:00000018       __imp_MultiByteToWideChar  0000000180031018     kernel32:KERNEL32.dll
 0006:00000020       __imp_WideCharToMultiByte  0000000180031020     kernel32:KERNEL32.dll
 0006:00000028       __imp_RtlCaptureContext    0000000180031028     kernel32:KERNEL32.dll
 0006:00000030       __imp_RtlLookupFunctionEntry 0000000180031030     kernel32:KERNEL32.dll
 0006:00000038       __imp_RtlVirtualUnwind     0000000180031038     kernel32:KERNEL32.dll
 0006:00000040       __imp_GetProcAddress       0000000180031040     kernel32:KERNEL32.dll
 0006:00000048       __imp_FreeLibrary          0000000180031048     kernel32:KERNEL32.dll
 0006:00000050       __imp_VirtualQuery         0000000180031050     kernel32:KERNEL32.dll
 0006:00000058       __imp_GetProcessHeap       0000000180031058     kernel32:KERNEL32.dll
 0006:00000060       __imp_HeapFree             0000000180031060     kernel32:KERNEL32.dll
 0006:00000068       __imp_HeapAlloc            0000000180031068     kernel32:KERNEL32.dll
 0006:00000070       __imp_GetLastError         0000000180031070     kernel32:KERNEL32.dll
 0006:00000078       __imp_GetModuleHandleW     0000000180031078     kernel32:KERNEL32.dll
 0006:00000080       __imp_GetStartupInfoW      0000000180031080     kernel32:KERNEL32.dll
 0006:00000088       __imp_InitializeSListHead  0000000180031088     kernel32:KERNEL32.dll
 0006:00000090       __imp_GetCurrentThreadId   0000000180031090     kernel32:KERNEL32.dll
 0006:00000098       __imp_GetSystemTimeAsFileTime 0000000180031098     kernel32:KERNEL32.dll
 0006:000000a0       __imp_GetCurrentProcessId  00000001800310a0     kernel32:KERNEL32.dll
 0006:000000a8       __imp_QueryPerformanceCounter 00000001800310a8     kernel32:KERNEL32.dll
 0006:000000b0       __imp_IsProcessorFeaturePresent 00000001800310b0     kernel32:KERNEL32.dll
 0006:000000b8       __imp_TerminateProcess     00000001800310b8     kernel32:KERNEL32.dll
 0006:000000c0       __imp_GetCurrentProcess    00000001800310c0     kernel32:KERNEL32.dll
 0006:000000c8       __imp_SetUnhandledExceptionFilter 00000001800310c8     kernel32:KERNEL32.dll
 0006:000000d0       __imp_UnhandledExceptionFilter 00000001800310d0     kernel32:KERNEL32.dll
 0006:000000d8       \177KERNEL32_NULL_THUNK_DATA 00000001800310d8     kernel32:KERNEL32.dll
 0006:00000158       __imp___vcrt_GetModuleHandleW 0000000180031158     vcruntimed:VCRUNTIME140D.dll
 0006:00000160       __imp___vcrt_GetModuleFileNameW 0000000180031160     vcruntimed:VCRUNTIME140D.dll
 0006:00000168       __imp___current_exception_context 0000000180031168     vcruntimed:VCRUNTIME140D.dll
 0006:00000170       __imp___C_specific_handler 0000000180031170     vcruntimed:VCRUNTIME140D.dll
 0006:00000178       __imp___current_exception  0000000180031178     vcruntimed:VCRUNTIME140D.dll
 0006:00000180       __imp___std_type_info_destroy_list 0000000180031180     vcruntimed:VCRUNTIME140D.dll
 0006:00000188       __imp___C_specific_handler_noexcept 0000000180031188     vcruntimed:VCRUNTIME140D.dll
 0006:00000190       __imp___vcrt_LoadLibraryExW 0000000180031190     vcruntimed:VCRUNTIME140D.dll
 0006:00000198       \177VCRUNTIME140D_NULL_THUNK_DATA 0000000180031198     vcruntimed:VCRUNTIME140D.dll
 0006:000001f8       __imp_wcscpy_s             00000001800311f8     ucrtd:ucrtbased.dll
 0006:00000200       __imp__wsplitpath_s        0000000180031200     ucrtd:ucrtbased.dll
 0006:00000208       __imp_terminate            0000000180031208     ucrtd:ucrtbased.dll
 0006:00000210       __imp__cexit               0000000180031210     ucrtd:ucrtbased.dll
 0006:00000218       __imp__crt_at_quick_exit   0000000180031218     ucrtd:ucrtbased.dll
 0006:00000220       __imp__crt_atexit          0000000180031220     ucrtd:ucrtbased.dll
 0006:00000228       __imp__execute_onexit_table 0000000180031228     ucrtd:ucrtbased.dll
 0006:00000230       __imp__register_onexit_function 0000000180031230     ucrtd:ucrtbased.dll
 0006:00000238       __imp__initialize_onexit_table 0000000180031238     ucrtd:ucrtbased.dll
 0006:00000240       __imp__initialize_narrow_environment 0000000180031240     ucrtd:ucrtbased.dll
 0006:00000248       __imp__configure_narrow_argv 0000000180031248     ucrtd:ucrtbased.dll
 0006:00000250       __imp__seh_filter_dll      0000000180031250     ucrtd:ucrtbased.dll
 0006:00000258       __imp__wmakepath_s         0000000180031258     ucrtd:ucrtbased.dll
 0006:00000260       __imp_strcat_s             0000000180031260     ucrtd:ucrtbased.dll
 0006:00000268       __imp_strcpy_s             0000000180031268     ucrtd:ucrtbased.dll
 0006:00000270       __imp__initterm_e          0000000180031270     ucrtd:ucrtbased.dll
 0006:00000278       __imp__initterm            0000000180031278     ucrtd:ucrtbased.dll
 0006:00000280       __imp__CrtDbgReportW       0000000180031280     ucrtd:ucrtbased.dll
 0006:00000288       __imp__CrtDbgReport        0000000180031288     ucrtd:ucrtbased.dll
 0006:00000290       __imp__rotl                0000000180031290     ucrtd:ucrtbased.dll
 0006:00000298       __imp_sqrtf                0000000180031298     ucrtd:ucrtbased.dll
 0006:000002a0       __imp_sinf                 00000001800312a0     ucrtd:ucrtbased.dll
 0006:000002a8       __imp_roundf               00000001800312a8     ucrtd:ucrtbased.dll
 0006:000002b0       __imp_fabs                 00000001800312b0     ucrtd:ucrtbased.dll
 0006:000002b8       __imp___stdio_common_vsprintf_s 00000001800312b8     ucrtd:ucrtbased.dll
 0006:000002c0       \177ucrtbased_NULL_THUNK_DATA 00000001800312c0     ucrtd:ucrtbased.dll
 0006:00000340       __IMPORT_DESCRIPTOR_VCRUNTIME140D 0000000180031340     vcruntimed:VCRUNTIME140D.dll
 0006:00000354       __IMPORT_DESCRIPTOR_ucrtbased 0000000180031354     ucrtd:ucrtbased.dll
 0006:00000368       __IMPORT_DESCRIPTOR_KERNEL32 0000000180031368     kernel32:KERNEL32.dll
 0006:0000037c       __NULL_IMPORT_DESCRIPTOR   000000018003137c     vcruntimed:VCRUNTIME140D.dll
 0008:00000000       __guard_check_icall_fptr   0000000180033000     MSVCRTD:guard_support.obj
 0008:00000010       __guard_xfg_check_icall_fptr 0000000180033010     MSVCRTD:guard_support.obj
 0008:00000020       __guard_dispatch_icall_fptr 0000000180033020     MSVCRTD:guard_support.obj
 0008:00000030       __guard_xfg_dispatch_icall_fptr 0000000180033030     MSVCRTD:guard_support.obj
 0008:00000040       __guard_xfg_table_dispatch_icall_fptr 0000000180033040     MSVCRTD:guard_support.obj

 entry point at        0002:0000000f

 Static symbols

 0000:fffca000       .debug$S                   0000000180000000     P5Engine.exp
 0000:fffcd000       _volmd                     0000000180000000     p5engine.obj
 0000:fffcd000       _volmd                     0000000180000000     p5engine.obj
 0000:fffcd000       _volmd                     0000000180000000     p5engine.obj
 0000:fffcd000       _volmd                     0000000180000000     p5engine.obj
 0000:fffcd000       _volmd                     0000000180000000     p5engine.obj
 0000:fffcd000       _volmd                     0000000180000000     p5engine.obj
 0000:fffcd000       _volmd                     0000000180000000     p5engine.obj
 0000:fffcd000       _volmd                     0000000180000000     p5engine.obj
 0000:fffcd000       _volmd                     0000000180000000     p5engine.obj
 0000:fffcd000       _volmd                     0000000180000000     p5engine.obj
 0000:fffcd000       _volmd                     0000000180000000     p5engine.obj
 0000:fffcd000       _volmd                     0000000180000000     p5engine.obj
 0000:fffcd000       _volmd                     0000000180000000     p5engine.obj
 0000:fffcd000       _volmd                     0000000180000000     p5engine.obj
 0000:fffcd000       _volmd                     0000000180000000     p5engine.obj
 0000:fffcd000       _volmd                     0000000180000000     p5engine.obj
 0000:fffcd000       _volmd                     0000000180000000     p5engine.obj
 0000:fffcd000       _volmd                     0000000180000000     p5engine.obj
 0000:fffcd000       _volmd                     0000000180000000     p5engine.obj
 0000:fffcd000       _volmd                     0000000180000000     p5engine.obj
 0000:fffcd000       _volmd                     0000000180000000     p5engine.obj
 0000:fffcd000       _volmd                     0000000180000000     p5engine.obj
 0000:fffcd000       _volmd                     0000000180000000     p5engine.obj
 0000:fffcd000       _volmd                     0000000180000000     p5engine.obj
 0000:fffcd000       _volmd                     0000000180000000     p5engine.obj
 0000:fffcd000       _volmd                     0000000180000000     p5engine.obj
 0000:fffcd000       _volmd                     0000000180000000     p5engine.obj
 0000:fffcd000       _volmd                     0000000180000000     p5engine.obj
 0000:fffcd000       _volmd                     0000000180000000     MSVCRTD:cpu_disp.obj
 0000:fffce000       __guard_ehcont_?dllmain_dispatch@@YAHQEAUHINSTANCE__@@KQEAX@Z 0000000180000000     MSVCRTD:dll_dllmain.obj
 0000:fffce000       __guard_fids_?dllmain_dispatch@@YAHQEAUHINSTANCE__@@KQEAX@Z 0000000180000000     MSVCRTD:dll_dllmain.obj
 0000:fffce000       __guard_ehcont_?notify_debugger@@YAXAEBUtagEXCEPTION_VISUALCPP_DEBUG_INFO@@@Z 0000000180000000     MSVCRTD:error.obj
 0000:fffcd000       _volmd                     0000000180000000     MSVCRTD:gs_report.obj
 0000:fffcd000       _volmd                     0000000180000000     MSVCRTD:gs_report.obj
 0000:fffcd000       _volmd                     0000000180000000     MSVCRTD:gs_report.obj
 0000:fffce000       __guard_fids__             0000000180000000     MSVCRTD:guard_support.obj
 0000:fffce000       __guard_fids__             0000000180000000     MSVCRTD:guard_support.obj
 0000:fffce000       __guard_fids__guard_icall_checks_enforced 0000000180000000     MSVCRTD:guard_support.obj
 0000:fffcd000       _volmd                     0000000180000000     MSVCRTD:guard_support.obj
 0000:fffcd000       _volmd                     0000000180000000     MSVCRTD:guard_support.obj
 0000:fffcd000       _volmd                     0000000180000000     MSVCRTD:guard_support.obj
 0000:fffce000       __guard_fids__CRT_RTC_INIT 0000000180000000     MSVCRTD:init.obj
 0000:fffce000       __guard_fids__CRT_RTC_INITW 0000000180000000     MSVCRTD:init.obj
 0000:fffce000       __guard_ehcont___scrt_is_nonwritable_in_current_image 0000000180000000     MSVCRTD:utility.obj
 0000:fffcd000       _volmd                     0000000180000000     MSVCRTD:utility.obj
 0000:fffcd000       _volmd                     0000000180000000     MSVCRTD:utility.obj
 0000:fffcd000       _volmd                     0000000180000000     MSVCRTD:utility.obj
 0000:fffce000       __guard_fids___scrt_set_unhandled_exception_filter 0000000180000000     MSVCRTD:utility_desktop.obj
 0000:fffcd000       _volmd                     0000000180000000     MSVCRTD:utility_desktop.obj
 0000:fffca000       .debug$S                   0000000180000000     vcruntimed:VCRUNTIME140D.dll
 0000:fffca000       .debug$S                   0000000180000000     vcruntimed:VCRUNTIME140D.dll
 0000:fffca000       .debug$S                   0000000180000000     vcruntimed:VCRUNTIME140D.dll
 0000:fffca000       .debug$S                   0000000180000000     vcruntimed:VCRUNTIME140D.dll
 0000:fffca000       .debug$S                   0000000180000000     vcruntimed:VCRUNTIME140D.dll
 0000:fffca000       .debug$S                   0000000180000000     vcruntimed:VCRUNTIME140D.dll
 0000:fffca000       .debug$S                   0000000180000000     vcruntimed:VCRUNTIME140D.dll
 0000:fffca000       .debug$S                   0000000180000000     vcruntimed:VCRUNTIME140D.dll
 0000:fffca000       .debug$S                   0000000180000000     ucrtd:ucrtbased.dll
 0000:fffca000       .debug$S                   0000000180000000     ucrtd:ucrtbased.dll
 0000:fffca000       .debug$S                   0000000180000000     ucrtd:ucrtbased.dll
 0000:fffca000       .debug$S                   0000000180000000     ucrtd:ucrtbased.dll
 0000:fffca000       .debug$S                   0000000180000000     ucrtd:ucrtbased.dll
 0000:fffca000       .debug$S                   0000000180000000     ucrtd:ucrtbased.dll
 0000:fffca000       .debug$S                   0000000180000000     ucrtd:ucrtbased.dll
 0000:fffca000       .debug$S                   0000000180000000     ucrtd:ucrtbased.dll
 0000:fffca000       .debug$S                   0000000180000000     ucrtd:ucrtbased.dll
 0000:fffca000       .debug$S                   0000000180000000     ucrtd:ucrtbased.dll
 0000:fffca000       .debug$S                   0000000180000000     ucrtd:ucrtbased.dll
 0000:fffca000       .debug$S                   0000000180000000     ucrtd:ucrtbased.dll
 0000:fffca000       .debug$S                   0000000180000000     ucrtd:ucrtbased.dll
 0000:fffca000       .debug$S                   0000000180000000     ucrtd:ucrtbased.dll
 0000:fffca000       .debug$S                   0000000180000000     ucrtd:ucrtbased.dll
 0000:fffca000       .debug$S                   0000000180000000     ucrtd:ucrtbased.dll
 0000:fffca000       .debug$S                   0000000180000000     ucrtd:ucrtbased.dll
 0000:fffca000       .debug$S                   0000000180000000     ucrtd:ucrtbased.dll
 0000:fffca000       .debug$S                   0000000180000000     ucrtd:ucrtbased.dll
 0000:fffca000       .debug$S                   0000000180000000     ucrtd:ucrtbased.dll
 0000:fffca000       .debug$S                   0000000180000000     ucrtd:ucrtbased.dll
 0000:fffca000       .debug$S                   0000000180000000     ucrtd:ucrtbased.dll
 0000:fffca000       .debug$S                   0000000180000000     ucrtd:ucrtbased.dll
 0000:fffca000       .debug$S                   0000000180000000     ucrtd:ucrtbased.dll
 0000:fffca000       .debug$S                   0000000180000000     ucrtd:ucrtbased.dll
 0000:fffca000       .debug$S                   0000000180000000     kernel32:KERNEL32.dll
 0000:fffca000       .debug$S                   0000000180000000     kernel32:KERNEL32.dll
 0000:fffca000       .debug$S                   0000000180000000     kernel32:KERNEL32.dll
 0000:fffca000       .debug$S                   0000000180000000     kernel32:KERNEL32.dll
 0000:fffca000       .debug$S                   0000000180000000     kernel32:KERNEL32.dll
 0000:fffca000       .debug$S                   0000000180000000     kernel32:KERNEL32.dll
 0000:fffca000       .debug$S                   0000000180000000     kernel32:KERNEL32.dll
 0000:fffca000       .debug$S                   0000000180000000     kernel32:KERNEL32.dll
 0000:fffca000       .debug$S                   0000000180000000     kernel32:KERNEL32.dll
 0000:fffca000       .debug$S                   0000000180000000     kernel32:KERNEL32.dll
 0000:fffca000       .debug$S                   0000000180000000     kernel32:KERNEL32.dll
 0000:fffca000       .debug$S                   0000000180000000     kernel32:KERNEL32.dll
 0000:fffca000       .debug$S                   0000000180000000     kernel32:KERNEL32.dll
 0000:fffca000       .debug$S                   0000000180000000     kernel32:KERNEL32.dll
 0000:fffca000       .debug$S                   0000000180000000     kernel32:KERNEL32.dll
 0000:fffca000       .debug$S                   0000000180000000     kernel32:KERNEL32.dll
 0000:fffca000       .debug$S                   0000000180000000     kernel32:KERNEL32.dll
 0000:fffca000       .debug$S                   0000000180000000     kernel32:KERNEL32.dll
 0000:fffca000       .debug$S                   0000000180000000     kernel32:KERNEL32.dll
 0000:fffca000       .debug$S                   0000000180000000     kernel32:KERNEL32.dll
 0000:fffca000       .debug$S                   0000000180000000     kernel32:KERNEL32.dll
 0000:fffca000       .debug$S                   0000000180000000     kernel32:KERNEL32.dll
 0000:fffca000       .debug$S                   0000000180000000     kernel32:KERNEL32.dll
 0000:fffca000       .debug$S                   0000000180000000     kernel32:KERNEL32.dll
 0000:fffca000       .debug$S                   0000000180000000     kernel32:KERNEL32.dll
 0000:fffca000       .debug$S                   0000000180000000     kernel32:KERNEL32.dll
 0000:fffca000       .debug$S                   0000000180000000     kernel32:KERNEL32.dll
 0002:00001020       ?AddEntity@@YAPEAUsim_entity@@PEAUgame_state@@PEAUsim_region@@IPEAUlow_entity@@@Z 0000000180012020 f   p5engine.obj
 0002:000011a0       ?AddEntity@@YAPEAUsim_entity@@PEAUgame_state@@PEAUsim_region@@IPEAUlow_entity@@PEATv2@@@Z 00000001800121a0 f   p5engine.obj
 0002:00001280       ?AddFamiliar@@YA?AUadd_low_entity_result@@PEAUgame_state@@III@Z 0000000180012280 f   p5engine.obj
 0002:00001410       ?AddLowEntity@@YA?AUadd_low_entity_result@@PEAUgame_state@@W4entity_type@@PEAUworld_position@@@Z 0000000180012410 f   p5engine.obj
 0002:00001620       ?AddMonstar@@YA?AUadd_low_entity_result@@PEAUgame_state@@III@Z 0000000180012620 f   p5engine.obj
 0002:000017d0       ?AddPlayer@@YA?AUadd_low_entity_result@@PEAUgame_state@@@Z 00000001800127d0 f   p5engine.obj
 0002:00001990       ?AddSword@@YA?AUadd_low_entity_result@@PEAUgame_state@@@Z 0000000180012990 f   p5engine.obj
 0002:00001a90       ?AddWall@@YA?AUadd_low_entity_result@@PEAUworld@@PEAUgame_state@@III@Z 0000000180012a90 f   p5engine.obj
 0002:00001d50       ?BeginSim@@YAPEAUsim_region@@PEAUmemory_arena@@PEAUgame_state@@PEAUworld@@Uworld_position@@Urectangle2@@@Z 0000000180012d50 f   p5engine.obj
 0002:00002210       ?ChangeEntityLocation@@YAXPEAUmemory_arena@@PEAUworld@@IPEAUlow_entity@@PEAUworld_position@@3@Z 0000000180013210 f   p5engine.obj
 0002:00002990       ?DEBUGLoadBMP@@YA?AUloaded_bitmap@@PEAUthread_context@@P6A?AUdebug_read_file_result@@0PEAD@Z1@Z 0000000180013990 f   p5engine.obj
 0002:00002f30       ?DrawBitmap@@YAXPEAUgame_offscreen_buffer@@PEAUloaded_bitmap@@MMM@Z 0000000180013f30 f   p5engine.obj
 0002:000034b0       ?DrawHitpoints@@YAXPEAUsim_entity@@PEAUentity_visible_piece_group@@@Z 00000001800144b0 f   p5engine.obj
 0002:000037b0       ?DrawRectangle@@YAXPEAUgame_offscreen_buffer@@Tv2@@1MMM@Z 00000001800147b0 f   p5engine.obj
 0002:00003a50       ?EndSim@@YAXPEAUsim_region@@PEAUgame_state@@@Z 0000000180014a50 f   p5engine.obj
 0002:00003d70       ?GameOutputSound@@YAXPEAUgame_state@@PEAUgame_sound_output_buffer@@H@Z 0000000180014d70 f   p5engine.obj
 0002:00003e60       ?GetHashFromStorageIndex@@YAPEAUsim_entity_hash@@PEAUsim_region@@I@Z 0000000180014e60 f   p5engine.obj
 0002:000044b0       ?InitHitPoints@@YAXPEAUlow_entity@@I@Z 00000001800154b0 f   p5engine.obj
 0002:000045f0       ?InitializeWorld@@YAXPEAUworld@@M@Z 00000001800155f0 f   p5engine.obj
 0002:00004cf0       ?MapStorageIndexToEntity@@YAXPEAUsim_region@@IPEAUsim_entity@@@Z 0000000180015cf0 f   p5engine.obj
 0002:00004da0       ?MoveEntity@@YAXPEAUsim_region@@PEAUsim_entity@@MPEAUmove_spec@@Tv2@@@Z 0000000180015da0 f   p5engine.obj
 0002:00006420       ?Subtract@@YA?ATv3@@PEAUworld@@PEAUworld_position@@1@Z 0000000180017420 f   p5engine.obj
 0002:00006670       ?TestWall@@YAHMMMMMPEAMMM@Z 0000000180017670 f   p5engine.obj
 0002:00009ba0       $$000000                   000000018001aba0     MSVCRTD:chkstk.obj
 0002:00009c20       $$000000                   000000018001ac20     MSVCRTD:amdsecgs.obj
 0002:00009c60       ?dllmain_crt_dispatch@@YAHQEAUHINSTANCE__@@KQEAX@Z 000000018001ac60 f   MSVCRTD:dll_dllmain.obj
 0002:00009d10       ?dllmain_crt_process_attach@@YAHQEAUHINSTANCE__@@QEAX@Z 000000018001ad10 f   MSVCRTD:dll_dllmain.obj
 0002:00009ea0       ?dllmain_crt_process_detach@@YAH_N@Z 000000018001aea0 f   MSVCRTD:dll_dllmain.obj
 0002:00009f60       ?dllmain_dispatch@@YAHQEAUHINSTANCE__@@KQEAX@Z 000000018001af60 f   MSVCRTD:dll_dllmain.obj
 0002:0000a0f0       ?dllmain_raw@@YAHQEAUHINSTANCE__@@KQEAX@Z 000000018001b0f0 f   MSVCRTD:dll_dllmain.obj
 0002:0000a1f0       ?DebuggerProbe@@YA_NK@Z    000000018001b1f0 f   MSVCRTD:error.obj
 0002:0000a240       ?DebuggerRuntime@@YA_NKHPEAXPEB_W@Z 000000018001b240 f   MSVCRTD:error.obj
 0002:0000a5d0       ?_getMemBlockDataString@@YAXPEAD0PEBD_K@Z 000000018001b5d0 f   MSVCRTD:error.obj
 0002:0000a6b0       ?_strlen_priv@@YA_KPEBD@Z  000000018001b6b0 f   MSVCRTD:error.obj
 0002:0000a6d0       ?failwithmessage@@YAXPEAXHHPEBD@Z 000000018001b6d0 f   MSVCRTD:error.obj
 0002:0000a9d0       ?notify_debugger@@YAXAEBUtagEXCEPTION_VISUALCPP_DEBUG_INFO@@@Z 000000018001b9d0 f   MSVCRTD:error.obj
 0002:0000b030       capture_current_context    000000018001c030 f   MSVCRTD:gs_report.obj
 0002:0000b0f0       capture_previous_context   000000018001c0f0 f   MSVCRTD:gs_report.obj
 0002:0000b1d0       __get_entropy              000000018001c1d0 f   MSVCRTD:gs_support.obj
 0002:0000b480       ?find_pe_section@@YAPEAU_IMAGE_SECTION_HEADER@@QEAE_K@Z 000000018001c480 f   MSVCRTD:utility.obj
 0002:0000b5a0       ?is_potentially_valid_image_base@@YA_NQEAX@Z 000000018001c5a0 f   MSVCRTD:utility.obj
 0002:0000c340       __castguard_compat_check   000000018001d340 f   MSVCRTD:guard_support.obj
 0002:0000c520       __castguard_slow_path_compat_check 000000018001d520 f   MSVCRTD:guard_support.obj
 0002:0000c610       ?GetPdbDll@@YAPEAUHINSTANCE__@@XZ 000000018001d610 f   MSVCRTD:pdblkup.obj
 0002:0000c7b0       ?GetPdbDllFromInstallPath@@YAPEAUHINSTANCE__@@XZ 000000018001d7b0 f   MSVCRTD:pdblkup.obj
 0002:0000cb10       ?GetPdbDllPathFromFilePath@@YAHPEB_WPEA_W_K@Z 000000018001db10 f   MSVCRTD:pdblkup.obj
 0002:0000ec10       $$000000                   000000018001fc10     MSVCRTD:guard_dispatch.obj
 0002:0000ec30       $$000000                   000000018001fc30     MSVCRTD:guard_xfg_dispatch.obj
 0002:0000fc50       ?fin$0@?0??dllmain_crt_process_attach@@YAHQEAUHINSTANCE__@@QEAX@Z@4HA 0000000180020c50 f   MSVCRTD:dll_dllmain.obj
 0002:0000fc70       ?fin$0@?0??dllmain_crt_process_detach@@YAH_N@Z@4HA 0000000180020c70 f   MSVCRTD:dll_dllmain.obj
 0002:0000fc8a       ?fin$1@?0??dllmain_crt_process_detach@@YAH_N@Z@4HA 0000000180020c8a f   MSVCRTD:dll_dllmain.obj
 0002:0000fcb0       ?filt$0@?0??dllmain_dispatch@@YAHQEAUHINSTANCE__@@KQEAX@Z@4HA 0000000180020cb0 f   MSVCRTD:dll_dllmain.obj
 0002:0000fd10       ?filt$0@?0??notify_debugger@@YAXAEBUtagEXCEPTION_VISUALCPP_DEBUG_INFO@@@Z@4HA 0000000180020d10 f   MSVCRTD:error.obj
 0002:0000fd40       __scrt_is_nonwritable_in_current_image$filt$0 0000000180020d40 f   MSVCRTD:utility.obj
 0003:00000880       ?FindLeastSignificantSetBit@@YA?AUbit_scan_result@@I@Z$rtcName$0 0000000180022880     p5engine.obj
 0003:00000890       ?FindLeastSignificantSetBit@@YA?AUbit_scan_result@@I@Z$rtcVarDesc 0000000180022890     p5engine.obj
 0003:000008d0       ?FindLeastSignificantSetBit@@YA?AUbit_scan_result@@I@Z$rtcFrameData 00000001800228d0     p5engine.obj
 0003:00000900       ?V2@@YA?ATv2@@MM@Z$rtcName$0 0000000180022900     p5engine.obj
 0003:00000910       ?V2@@YA?ATv2@@MM@Z$rtcVarDesc 0000000180022910     p5engine.obj
 0003:00000950       ?V2@@YA?ATv2@@MM@Z$rtcFrameData 0000000180022950     p5engine.obj
 0003:00000980       ?V3@@YA?ATv3@@MMM@Z$rtcName$0 0000000180022980     p5engine.obj
 0003:00000990       ?V3@@YA?ATv3@@MMM@Z$rtcVarDesc 0000000180022990     p5engine.obj
 0003:000009d0       ?V3@@YA?ATv3@@MMM@Z$rtcFrameData 00000001800229d0     p5engine.obj
 0003:00000a00       ?V4@@YA?ATv4@@MMMM@Z$rtcName$0 0000000180022a00     p5engine.obj
 0003:00000a10       ?V4@@YA?ATv4@@MMMM@Z$rtcVarDesc 0000000180022a10     p5engine.obj
 0003:00000a50       ?V4@@YA?ATv4@@MMMM@Z$rtcFrameData 0000000180022a50     p5engine.obj
 0003:00000a80       ??D@YA?ATv2@@MT0@@Z$rtcName$0 0000000180022a80     p5engine.obj
 0003:00000a90       ??D@YA?ATv2@@MT0@@Z$rtcVarDesc 0000000180022a90     p5engine.obj
 0003:00000ad0       ??D@YA?ATv2@@MT0@@Z$rtcFrameData 0000000180022ad0     p5engine.obj
 0003:00000b00       ??D@YA?ATv3@@MT0@@Z$rtcName$0 0000000180022b00     p5engine.obj
 0003:00000b10       ??D@YA?ATv3@@MT0@@Z$rtcVarDesc 0000000180022b10     p5engine.obj
 0003:00000b50       ??D@YA?ATv3@@MT0@@Z$rtcFrameData 0000000180022b50     p5engine.obj
 0003:00000b80       ??D@YA?ATv2@@T0@M@Z$rtcName$0 0000000180022b80     p5engine.obj
 0003:00000b90       ??D@YA?ATv2@@T0@M@Z$rtcVarDesc 0000000180022b90     p5engine.obj
 0003:00000bd0       ??D@YA?ATv2@@T0@M@Z$rtcFrameData 0000000180022bd0     p5engine.obj
 0003:00000c00       ??H@YA?ATv2@@T0@0@Z$rtcName$0 0000000180022c00     p5engine.obj
 0003:00000c10       ??H@YA?ATv2@@T0@0@Z$rtcVarDesc 0000000180022c10     p5engine.obj
 0003:00000c50       ??H@YA?ATv2@@T0@0@Z$rtcFrameData 0000000180022c50     p5engine.obj
 0003:00000c80       ??G@YA?ATv2@@T0@0@Z$rtcName$0 0000000180022c80     p5engine.obj
 0003:00000c90       ??G@YA?ATv2@@T0@0@Z$rtcVarDesc 0000000180022c90     p5engine.obj
 0003:00000cd0       ??G@YA?ATv2@@T0@0@Z$rtcFrameData 0000000180022cd0     p5engine.obj
 0003:00000d00       ?GetMinCorner@@YA?ATv2@@Urectangle2@@@Z$rtcName$0 0000000180022d00     p5engine.obj
 0003:00000d10       ?GetMinCorner@@YA?ATv2@@Urectangle2@@@Z$rtcVarDesc 0000000180022d10     p5engine.obj
 0003:00000d50       ?GetMinCorner@@YA?ATv2@@Urectangle2@@@Z$rtcFrameData 0000000180022d50     p5engine.obj
 0003:00000d80       ?GetMaxCorner@@YA?ATv2@@Urectangle2@@@Z$rtcName$0 0000000180022d80     p5engine.obj
 0003:00000d90       ?GetMaxCorner@@YA?ATv2@@Urectangle2@@@Z$rtcVarDesc 0000000180022d90     p5engine.obj
 0003:00000dd0       ?GetMaxCorner@@YA?ATv2@@Urectangle2@@@Z$rtcFrameData 0000000180022dd0     p5engine.obj
 0003:00000e00       ?RectCenterHalfDim@@YA?AUrectangle2@@Tv2@@0@Z$rtcName$0 0000000180022e00     p5engine.obj
 0003:00000e10       ?RectCenterHalfDim@@YA?AUrectangle2@@Tv2@@0@Z$rtcVarDesc 0000000180022e10     p5engine.obj
 0003:00000e50       ?RectCenterHalfDim@@YA?AUrectangle2@@Tv2@@0@Z$rtcFrameData 0000000180022e50     p5engine.obj
 0003:00000e80       ?RectCenterDim@@YA?AUrectangle2@@Tv2@@0@Z$rtcName$0 0000000180022e80     p5engine.obj
 0003:00000e90       ?RectCenterDim@@YA?AUrectangle2@@Tv2@@0@Z$rtcVarDesc 0000000180022e90     p5engine.obj
 0003:00000ed0       ?RectCenterDim@@YA?AUrectangle2@@Tv2@@0@Z$rtcFrameData 0000000180022ed0     p5engine.obj
 0003:00000f00       ?NullPosition@@YA?AUworld_position@@XZ$rtcName$0 0000000180022f00     p5engine.obj
 0003:00000f10       ?NullPosition@@YA?AUworld_position@@XZ$rtcVarDesc 0000000180022f10     p5engine.obj
 0003:00000f50       ?NullPosition@@YA?AUworld_position@@XZ$rtcFrameData 0000000180022f50     p5engine.obj
 0003:00000f80       ?MapIntoChunkSpace@@YA?AUworld_position@@PEAUworld@@U1@Tv2@@@Z$rtcName$0 0000000180022f80     p5engine.obj
 0003:00000f90       ?MapIntoChunkSpace@@YA?AUworld_position@@PEAUworld@@U1@Tv2@@@Z$rtcVarDesc 0000000180022f90     p5engine.obj
 0003:00000fd0       ?MapIntoChunkSpace@@YA?AUworld_position@@PEAUworld@@U1@Tv2@@@Z$rtcFrameData 0000000180022fd0     p5engine.obj
 0003:00001000       ?ChunkPositionFromTilePosition@@YA?AUworld_position@@PEAUworld@@HHH@Z$rtcName$0 0000000180023000     p5engine.obj
 0003:00001010       ?ChunkPositionFromTilePosition@@YA?AUworld_position@@PEAUworld@@HHH@Z$rtcVarDesc 0000000180023010     p5engine.obj
 0003:00001050       ?ChunkPositionFromTilePosition@@YA?AUworld_position@@PEAUworld@@HHH@Z$rtcFrameData 0000000180023050     p5engine.obj
 0003:00001080       ?Subtract@@YA?ATv3@@PEAUworld@@PEAUworld_position@@1@Z$rtcName$0 0000000180023080     p5engine.obj
 0003:00001090       ?Subtract@@YA?ATv3@@PEAUworld@@PEAUworld_position@@1@Z$rtcVarDesc 0000000180023090     p5engine.obj
 0003:000010d0       ?Subtract@@YA?ATv3@@PEAUworld@@PEAUworld_position@@1@Z$rtcFrameData 00000001800230d0     p5engine.obj
 0003:00001100       ?GetSimSpacePos@@YA?ATv2@@PEAUsim_region@@PEAUlow_entity@@@Z$rtcName$0 0000000180023100     p5engine.obj
 0003:00001108       ?GetSimSpacePos@@YA?ATv2@@PEAUsim_region@@PEAUlow_entity@@@Z$rtcName$1 0000000180023108     p5engine.obj
 0003:00001110       ?GetSimSpacePos@@YA?ATv2@@PEAUsim_region@@PEAUlow_entity@@@Z$rtcVarDesc 0000000180023110     p5engine.obj
 0003:00001190       ?GetSimSpacePos@@YA?ATv2@@PEAUsim_region@@PEAUlow_entity@@@Z$rtcFrameData 0000000180023190     p5engine.obj
 0003:000011c0       ?BeginSim@@YAPEAUsim_region@@PEAUmemory_arena@@PEAUgame_state@@PEAUworld@@Uworld_position@@Urectangle2@@@Z$rtcName$0 00000001800231c0     p5engine.obj
 0003:000011d0       ?BeginSim@@YAPEAUsim_region@@PEAUmemory_arena@@PEAUgame_state@@PEAUworld@@Uworld_position@@Urectangle2@@@Z$rtcName$1 00000001800231d0     p5engine.obj
 0003:000011e0       ?BeginSim@@YAPEAUsim_region@@PEAUmemory_arena@@PEAUgame_state@@PEAUworld@@Uworld_position@@Urectangle2@@@Z$rtcName$2 00000001800231e0     p5engine.obj
 0003:000011f0       ?BeginSim@@YAPEAUsim_region@@PEAUmemory_arena@@PEAUgame_state@@PEAUworld@@Uworld_position@@Urectangle2@@@Z$rtcVarDesc 00000001800231f0     p5engine.obj
 0003:000012b0       ?BeginSim@@YAPEAUsim_region@@PEAUmemory_arena@@PEAUgame_state@@PEAUworld@@Uworld_position@@Urectangle2@@@Z$rtcFrameData 00000001800232b0     p5engine.obj
 0003:00001300       ?EndSim@@YAXPEAUsim_region@@PEAUgame_state@@@Z$rtcName$0 0000000180023300     p5engine.obj
 0003:00001308       ?EndSim@@YAXPEAUsim_region@@PEAUgame_state@@@Z$rtcName$1 0000000180023308     p5engine.obj
 0003:00001320       ?EndSim@@YAXPEAUsim_region@@PEAUgame_state@@@Z$rtcVarDesc 0000000180023320     p5engine.obj
 0003:000013a0       ?EndSim@@YAXPEAUsim_region@@PEAUgame_state@@@Z$rtcFrameData 00000001800233a0     p5engine.obj
 0003:000013e0       ?MoveEntity@@YAXPEAUsim_region@@PEAUsim_entity@@MPEAUmove_spec@@Tv2@@@Z$rtcName$0 00000001800233e0     p5engine.obj
 0003:000013f0       ?MoveEntity@@YAXPEAUsim_region@@PEAUsim_entity@@MPEAUmove_spec@@Tv2@@@Z$rtcName$1 00000001800233f0     p5engine.obj
 0003:000013fc       ?MoveEntity@@YAXPEAUsim_region@@PEAUsim_entity@@MPEAUmove_spec@@Tv2@@@Z$rtcName$8 00000001800233fc     p5engine.obj
 0003:00001400       ?MoveEntity@@YAXPEAUsim_region@@PEAUsim_entity@@MPEAUmove_spec@@Tv2@@@Z$rtcName$2 0000000180023400     p5engine.obj
 0003:0000140c       ?MoveEntity@@YAXPEAUsim_region@@PEAUsim_entity@@MPEAUmove_spec@@Tv2@@@Z$rtcName$3 000000018002340c     p5engine.obj
 0003:00001418       ?MoveEntity@@YAXPEAUsim_region@@PEAUsim_entity@@MPEAUmove_spec@@Tv2@@@Z$rtcName$4 0000000180023418     p5engine.obj
 0003:00001428       ?MoveEntity@@YAXPEAUsim_region@@PEAUsim_entity@@MPEAUmove_spec@@Tv2@@@Z$rtcName$5 0000000180023428     p5engine.obj
 0003:00001438       ?MoveEntity@@YAXPEAUsim_region@@PEAUsim_entity@@MPEAUmove_spec@@Tv2@@@Z$rtcName$6 0000000180023438     p5engine.obj
 0003:00001448       ?MoveEntity@@YAXPEAUsim_region@@PEAUsim_entity@@MPEAUmove_spec@@Tv2@@@Z$rtcName$7 0000000180023448     p5engine.obj
 0003:00001460       ?MoveEntity@@YAXPEAUsim_region@@PEAUsim_entity@@MPEAUmove_spec@@Tv2@@@Z$rtcVarDesc 0000000180023460     p5engine.obj
 0003:000016a0       ?MoveEntity@@YAXPEAUsim_region@@PEAUsim_entity@@MPEAUmove_spec@@Tv2@@@Z$rtcFrameData 00000001800236a0     p5engine.obj
 0003:00001740       ?DefaultMoveSpec@@YA?AUmove_spec@@XZ$rtcName$0 0000000180023740     p5engine.obj
 0003:00001750       ?DefaultMoveSpec@@YA?AUmove_spec@@XZ$rtcVarDesc 0000000180023750     p5engine.obj
 0003:00001790       ?DefaultMoveSpec@@YA?AUmove_spec@@XZ$rtcFrameData 0000000180023790     p5engine.obj
 0003:000017c0       ?UpdateFamiliar@@YAXPEAUsim_region@@PEAUsim_entity@@M@Z$rtcName$0 00000001800237c0     p5engine.obj
 0003:000017c4       ?UpdateFamiliar@@YAXPEAUsim_region@@PEAUsim_entity@@M@Z$rtcName$1 00000001800237c4     p5engine.obj
 0003:000017d0       ?UpdateFamiliar@@YAXPEAUsim_region@@PEAUsim_entity@@M@Z$rtcVarDesc 00000001800237d0     p5engine.obj
 0003:00001850       ?UpdateFamiliar@@YAXPEAUsim_region@@PEAUsim_entity@@M@Z$rtcFrameData 0000000180023850     p5engine.obj
 0003:00001880       ?UpdateSword@@YAXPEAUsim_region@@PEAUsim_entity@@M@Z$rtcName$0 0000000180023880     p5engine.obj
 0003:00001888       ?UpdateSword@@YAXPEAUsim_region@@PEAUsim_entity@@M@Z$rtcName$1 0000000180023888     p5engine.obj
 0003:00001890       ?UpdateSword@@YAXPEAUsim_region@@PEAUsim_entity@@M@Z$rtcVarDesc 0000000180023890     p5engine.obj
 0003:00001910       ?UpdateSword@@YAXPEAUsim_region@@PEAUsim_entity@@M@Z$rtcFrameData 0000000180023910     p5engine.obj
 0003:00001940       ?DEBUGLoadBMP@@YA?AUloaded_bitmap@@PEAUthread_context@@P6A?AUdebug_read_file_result@@0PEAD@Z1@Z$rtcName$0 0000000180023940     p5engine.obj
 0003:00001948       ?DEBUGLoadBMP@@YA?AUloaded_bitmap@@PEAUthread_context@@P6A?AUdebug_read_file_result@@0PEAD@Z1@Z$rtcName$1 0000000180023948     p5engine.obj
 0003:00001958       ?DEBUGLoadBMP@@YA?AUloaded_bitmap@@PEAUthread_context@@P6A?AUdebug_read_file_result@@0PEAD@Z1@Z$rtcName$2 0000000180023958     p5engine.obj
 0003:00001960       ?DEBUGLoadBMP@@YA?AUloaded_bitmap@@PEAUthread_context@@P6A?AUdebug_read_file_result@@0PEAD@Z1@Z$rtcName$3 0000000180023960     p5engine.obj
 0003:00001970       ?DEBUGLoadBMP@@YA?AUloaded_bitmap@@PEAUthread_context@@P6A?AUdebug_read_file_result@@0PEAD@Z1@Z$rtcName$4 0000000180023970     p5engine.obj
 0003:00001980       ?DEBUGLoadBMP@@YA?AUloaded_bitmap@@PEAUthread_context@@P6A?AUdebug_read_file_result@@0PEAD@Z1@Z$rtcName$5 0000000180023980     p5engine.obj
 0003:00001990       ?DEBUGLoadBMP@@YA?AUloaded_bitmap@@PEAUthread_context@@P6A?AUdebug_read_file_result@@0PEAD@Z1@Z$rtcVarDesc 0000000180023990     p5engine.obj
 0003:00001b10       ?DEBUGLoadBMP@@YA?AUloaded_bitmap@@PEAUthread_context@@P6A?AUdebug_read_file_result@@0PEAD@Z1@Z$rtcFrameData 0000000180023b10     p5engine.obj
 0003:00001b80       ?AddLowEntity@@YA?AUadd_low_entity_result@@PEAUgame_state@@W4entity_type@@PEAUworld_position@@@Z$rtcName$0 0000000180023b80     p5engine.obj
 0003:00001b90       ?AddLowEntity@@YA?AUadd_low_entity_result@@PEAUgame_state@@W4entity_type@@PEAUworld_position@@@Z$rtcVarDesc 0000000180023b90     p5engine.obj
 0003:00001bd0       ?AddLowEntity@@YA?AUadd_low_entity_result@@PEAUgame_state@@W4entity_type@@PEAUworld_position@@@Z$rtcFrameData 0000000180023bd0     p5engine.obj
 0003:00001c00       ?AddWall@@YA?AUadd_low_entity_result@@PEAUworld@@PEAUgame_state@@III@Z$rtcName$0 0000000180023c00     p5engine.obj
 0003:00001c04       ?AddWall@@YA?AUadd_low_entity_result@@PEAUworld@@PEAUgame_state@@III@Z$rtcName$1 0000000180023c04     p5engine.obj
 0003:00001c10       ?AddWall@@YA?AUadd_low_entity_result@@PEAUworld@@PEAUgame_state@@III@Z$rtcVarDesc 0000000180023c10     p5engine.obj
 0003:00001c90       ?AddWall@@YA?AUadd_low_entity_result@@PEAUworld@@PEAUgame_state@@III@Z$rtcFrameData 0000000180023c90     p5engine.obj
 0003:00001cc0       ?AddSword@@YA?AUadd_low_entity_result@@PEAUgame_state@@@Z$rtcName$0 0000000180023cc0     p5engine.obj
 0003:00001cd0       ?AddSword@@YA?AUadd_low_entity_result@@PEAUgame_state@@@Z$rtcVarDesc 0000000180023cd0     p5engine.obj
 0003:00001d10       ?AddSword@@YA?AUadd_low_entity_result@@PEAUgame_state@@@Z$rtcFrameData 0000000180023d10     p5engine.obj
 0003:00001d40       ?AddPlayer@@YA?AUadd_low_entity_result@@PEAUgame_state@@@Z$rtcName$0 0000000180023d40     p5engine.obj
 0003:00001d44       ?AddPlayer@@YA?AUadd_low_entity_result@@PEAUgame_state@@@Z$rtcName$1 0000000180023d44     p5engine.obj
 0003:00001d4c       ?AddPlayer@@YA?AUadd_low_entity_result@@PEAUgame_state@@@Z$rtcName$2 0000000180023d4c     p5engine.obj
 0003:00001d60       ?AddPlayer@@YA?AUadd_low_entity_result@@PEAUgame_state@@@Z$rtcVarDesc 0000000180023d60     p5engine.obj
 0003:00001e20       ?AddPlayer@@YA?AUadd_low_entity_result@@PEAUgame_state@@@Z$rtcFrameData 0000000180023e20     p5engine.obj
 0003:00001e60       ?AddMonstar@@YA?AUadd_low_entity_result@@PEAUgame_state@@III@Z$rtcName$0 0000000180023e60     p5engine.obj
 0003:00001e64       ?AddMonstar@@YA?AUadd_low_entity_result@@PEAUgame_state@@III@Z$rtcName$1 0000000180023e64     p5engine.obj
 0003:00001e70       ?AddMonstar@@YA?AUadd_low_entity_result@@PEAUgame_state@@III@Z$rtcVarDesc 0000000180023e70     p5engine.obj
 0003:00001ef0       ?AddMonstar@@YA?AUadd_low_entity_result@@PEAUgame_state@@III@Z$rtcFrameData 0000000180023ef0     p5engine.obj
 0003:00001f20       ?AddFamiliar@@YA?AUadd_low_entity_result@@PEAUgame_state@@III@Z$rtcName$0 0000000180023f20     p5engine.obj
 0003:00001f24       ?AddFamiliar@@YA?AUadd_low_entity_result@@PEAUgame_state@@III@Z$rtcName$1 0000000180023f24     p5engine.obj
 0003:00001f30       ?AddFamiliar@@YA?AUadd_low_entity_result@@PEAUgame_state@@III@Z$rtcVarDesc 0000000180023f30     p5engine.obj
 0003:00001fb0       ?AddFamiliar@@YA?AUadd_low_entity_result@@PEAUgame_state@@III@Z$rtcFrameData 0000000180023fb0     p5engine.obj
 0003:00001fe0       ?PushBitmap@@YAXPEAUentity_visible_piece_group@@PEAUloaded_bitmap@@Tv2@@M2MM@Z$rtcName$0 0000000180023fe0     p5engine.obj
 0003:00001fe4       ?PushBitmap@@YAXPEAUentity_visible_piece_group@@PEAUloaded_bitmap@@Tv2@@M2MM@Z$rtcName$1 0000000180023fe4     p5engine.obj
 0003:00001ff0       ?PushBitmap@@YAXPEAUentity_visible_piece_group@@PEAUloaded_bitmap@@Tv2@@M2MM@Z$rtcVarDesc 0000000180023ff0     p5engine.obj
 0003:00002070       ?PushBitmap@@YAXPEAUentity_visible_piece_group@@PEAUloaded_bitmap@@Tv2@@M2MM@Z$rtcFrameData 0000000180024070     p5engine.obj
 0003:000020a0       ?DrawHitpoints@@YAXPEAUsim_entity@@PEAUentity_visible_piece_group@@@Z$rtcName$0 00000001800240a0     p5engine.obj
 0003:000020ac       ?DrawHitpoints@@YAXPEAUsim_entity@@PEAUentity_visible_piece_group@@@Z$rtcName$1 00000001800240ac     p5engine.obj
 0003:000020b8       ?DrawHitpoints@@YAXPEAUsim_entity@@PEAUentity_visible_piece_group@@@Z$rtcName$2 00000001800240b8     p5engine.obj
 0003:000020c0       ?DrawHitpoints@@YAXPEAUsim_entity@@PEAUentity_visible_piece_group@@@Z$rtcName$3 00000001800240c0     p5engine.obj
 0003:000020c8       ?DrawHitpoints@@YAXPEAUsim_entity@@PEAUentity_visible_piece_group@@@Z$rtcFrameData 00000001800240c8     p5engine.obj
 0003:000020e0       ?DrawHitpoints@@YAXPEAUsim_entity@@PEAUentity_visible_piece_group@@@Z$rtcVarDesc 00000001800240e0     p5engine.obj
 0003:00002220       GameUpdateAndRender$rtcName$0 0000000180024220     p5engine.obj
 0003:00002230       GameUpdateAndRender$rtcName$1 0000000180024230     p5engine.obj
 0003:00002244       GameUpdateAndRender$rtcName$6 0000000180024244     p5engine.obj
 0003:0000224c       GameUpdateAndRender$rtcName$8 000000018002424c     p5engine.obj
 0003:00002250       GameUpdateAndRender$rtcName$2 0000000180024250     p5engine.obj
 0003:00002260       GameUpdateAndRender$rtcName$3 0000000180024260     p5engine.obj
 0003:0000226c       GameUpdateAndRender$rtcName$9 000000018002426c     p5engine.obj
 0003:00002270       GameUpdateAndRender$rtcName$4 0000000180024270     p5engine.obj
 0003:0000227c       GameUpdateAndRender$rtcName$5 000000018002427c     p5engine.obj
 0003:00002288       GameUpdateAndRender$rtcName$7 0000000180024288     p5engine.obj
 0003:00002290       GameUpdateAndRender$rtcVarDesc 0000000180024290     p5engine.obj
 0003:00002510       GameUpdateAndRender$rtcFrameData 0000000180024510     p5engine.obj
 0003:00002898       ?_RTC_ErrorMessages@@3QBQEBDB 0000000180024898     MSVCRTD:error.obj
 0003:000028c8       ?_RTC_NoFalsePositives@@3QBHB 00000001800248c8     MSVCRTD:error.obj
 0003:000028e0       ?stack_premsg@@3QBDB       00000001800248e0     MSVCRTD:error.obj
 0003:00002900       ?stack_postmsg@@3QBDB      0000000180024900     MSVCRTD:error.obj
 0003:00002918       ?uninit_premsg@@3QBDB      0000000180024918     MSVCRTD:error.obj
 0003:00002928       ?uninit_postmsg@@3QBDB     0000000180024928     MSVCRTD:error.obj
 0003:00002fa8       ?_RTC_errlist@@3QBQEBDB    0000000180024fa8     MSVCRTD:userapi.obj
 0003:000030b0       GS_ExceptionPointers       00000001800250b0     MSVCRTD:gs_report.obj
 0003:000030c8       ?mspdbName@@3QB_WB         00000001800250c8     MSVCRTD:pdblkup.obj
 0003:000030f8       ?debugCrtFileName@@3QB_WB  00000001800250f8     MSVCRTD:pdblkup.obj
 0003:00003290       ?dllExt@?1??GetPdbDllPathFromFilePath@@YAHPEB_WPEA_W_K@Z@4QB_WB 0000000180025290     MSVCRTD:pdblkup.obj
 0003:000032a0       ?mspdbFilename@?1??GetPdbDllPathFromFilePath@@YAHPEB_WPEA_W_K@Z@4QB_WB 00000001800252a0     MSVCRTD:pdblkup.obj
 0003:00003b28       _RTC_InitBase.rtc$IMZ      0000000180025b28     p5engine.obj
 0003:00003e58       _RTC_Shutdown.rtc$TMZ      0000000180025e58     p5engine.obj
 0003:00004078       $unwind$GetController      0000000180026078     p5engine.obj
 0003:0000408c       $unwind$?InitializeArena@@YAXPEAUmemory_arena@@_KPEAX@Z 000000018002608c     p5engine.obj
 0003:000040a0       $unwind$?PushSize_@@YAPEAXPEAUmemory_arena@@_K@Z 00000001800260a0     p5engine.obj
 0003:000040b4       $unwind$?ZeroSize@@YAX_KPEAX@Z 00000001800260b4     p5engine.obj
 0003:000040c8       $unwind$?SquareRoot@@YAMM@Z 00000001800260c8     p5engine.obj
 0003:000040dc       $unwind$?AbsoluteValue@@YAMM@Z 00000001800260dc     p5engine.obj
 0003:000040f0       $unwind$?RotateLeft@@YAIIH@Z 00000001800260f0     p5engine.obj
 0003:00004104       $unwind$?RoundReal32ToInt32@@YAHM@Z 0000000180026104     p5engine.obj
 0003:00004118       $unwind$?RoundReal32ToUInt32@@YAIM@Z 0000000180026118     p5engine.obj
 0003:0000412c       $unwind$?Sin@@YAMM@Z       000000018002612c     p5engine.obj
 0003:00004140       $unwind$?FindLeastSignificantSetBit@@YA?AUbit_scan_result@@I@Z 0000000180026140     p5engine.obj
 0003:0000415c       $unwind$?V2@@YA?ATv2@@MM@Z 000000018002615c     p5engine.obj
 0003:00004178       $unwind$?V3@@YA?ATv3@@MMM@Z 0000000180026178     p5engine.obj
 0003:00004194       $unwind$?V4@@YA?ATv4@@MMMM@Z 0000000180026194     p5engine.obj
 0003:000041b0       $unwind$??D@YA?ATv2@@MT0@@Z 00000001800261b0     p5engine.obj
[...]
 0003:00004354       $unwind$?NullPosition@@YA?AUworld_position@@XZ 0000000180026354     p5engine.obj
 0003:00004370       $unwind$?IsValid@@YAHPEAUworld_position@@@Z 0000000180026370     p5engine.obj
 0003:00004384       $unwind$?IsCanonical@@YAHPEAUworld@@M@Z 0000000180026384     p5engine.obj
 0003:00004398       $unwind$?IsCanonical@@YAHPEAUworld@@Tv2@@@Z 0000000180026398     p5engine.obj
 0003:000043ac       $unwind$?AreInSameChunk@@YAHPEAUworld@@PEAUworld_position@@1@Z 00000001800263ac     p5engine.obj
 0003:000043c0       $unwind$?GetWorldChunk@@YAPEAUworld_chunk@@PEAUworld@@HHHPEAUmemory_arena@@@Z 00000001800263c0     p5engine.obj
 0003:000043d4       $unwind$?InitializeWorld@@YAXPEAUworld@@M@Z 00000001800263d4     p5engine.obj
 0003:000043e8       $unwind$?RecanonicalizeCoord@@YAXPEAUworld@@PEAHPEAM@Z 00000001800263e8     p5engine.obj
 0003:000043fc       $unwind$?MapIntoChunkSpace@@YA?AUworld_position@@PEAUworld@@U1@Tv2@@@Z 00000001800263fc     p5engine.obj
 0003:00004418       $unwind$?ChunkPositionFromTilePosition@@YA?AUworld_position@@PEAUworld@@HHH@Z 0000000180026418     p5engine.obj
 0003:00004434       $unwind$?Subtract@@YA?ATv3@@PEAUworld@@PEAUworld_position@@1@Z 0000000180026434     p5engine.obj
 0003:00004450       $unwind$?ChangeEntityLocationRaw@@YAXPEAUmemory_arena@@PEAUworld@@IPEAUworld_position@@2@Z 0000000180026450     p5engine.obj
 0003:00004464       $unwind$?ChangeEntityLocation@@YAXPEAUmemory_arena@@PEAUworld@@IPEAUlow_entity@@PEAUworld_position@@3@Z 0000000180026464     p5engine.obj
 0003:00004478       $unwind$?GetHashFromStorageIndex@@YAPEAUsim_entity_hash@@PEAUsim_region@@I@Z 0000000180026478     p5engine.obj
 0003:0000448c       $unwind$?MapStorageIndexToEntity@@YAXPEAUsim_region@@IPEAUsim_entity@@@Z 000000018002648c     p5engine.obj
 0003:000044a0       $unwind$?AddEntity@@YAPEAUsim_entity@@PEAUgame_state@@PEAUsim_region@@IPEAUlow_entity@@@Z 00000001800264a0     p5engine.obj
 0003:000044b4       $unwind$?LoadEntityReference@@YAXPEAUgame_state@@PEAUsim_region@@PEATentity_reference@@@Z 00000001800264b4     p5engine.obj
 0003:000044c8       $unwind$?StoreEntityReference@@YAXPEATentity_reference@@@Z 00000001800264c8     p5engine.obj
 0003:000044dc       $unwind$?GetSimSpacePos@@YA?ATv2@@PEAUsim_region@@PEAUlow_entity@@@Z 00000001800264dc     p5engine.obj
 0003:000044f8       $unwind$?AddEntity@@YAPEAUsim_entity@@PEAUgame_state@@PEAUsim_region@@IPEAUlow_entity@@PEATv2@@@Z 00000001800264f8     p5engine.obj
 0003:0000450c       $unwind$?BeginSim@@YAPEAUsim_region@@PEAUmemory_arena@@PEAUgame_state@@PEAUworld@@Uworld_position@@Urectangle2@@@Z 000000018002650c     p5engine.obj
 0003:00004528       $unwind$?EndSim@@YAXPEAUsim_region@@PEAUgame_state@@@Z 0000000180026528     p5engine.obj
 0003:00004544       $unwind$?TestWall@@YAHMMMMMPEAMMM@Z 0000000180026544     p5engine.obj
 0003:00004558       $unwind$?MoveEntity@@YAXPEAUsim_region@@PEAUsim_entity@@MPEAUmove_spec@@Tv2@@@Z 0000000180026558     p5engine.obj
 0003:00004574       $unwind$?DefaultMoveSpec@@YA?AUmove_spec@@XZ 0000000180026574     p5engine.obj
 0003:00004590       $unwind$?UpdateFamiliar@@YAXPEAUsim_region@@PEAUsim_entity@@M@Z 0000000180026590     p5engine.obj
 0003:000045ac       $unwind$?UpdateMonster@@YAXPEAUsim_region@@PEAUsim_entity@@M@Z 00000001800265ac     p5engine.obj
 0003:000045c0       $unwind$?UpdateSword@@YAXPEAUsim_region@@PEAUsim_entity@@M@Z 00000001800265c0     p5engine.obj
 0003:000045dc       $unwind$?GameOutputSound@@YAXPEAUgame_state@@PEAUgame_sound_output_buffer@@H@Z 00000001800265dc     p5engine.obj
 0003:000045f0       $unwind$?DrawRectangle@@YAXPEAUgame_offscreen_buffer@@Tv2@@1MMM@Z 00000001800265f0     p5engine.obj
 0003:00004604       $unwind$?DrawBitmap@@YAXPEAUgame_offscreen_buffer@@PEAUloaded_bitmap@@MMM@Z 0000000180026604     p5engine.obj
 0003:00004618       $unwind$?DEBUGLoadBMP@@YA?AUloaded_bitmap@@PEAUthread_context@@P6A?AUdebug_read_file_result@@0PEAD@Z1@Z 0000000180026618     p5engine.obj
 0003:00004634       $unwind$?AddLowEntity@@YA?AUadd_low_entity_result@@PEAUgame_state@@W4entity_type@@PEAUworld_position@@@Z 0000000180026634     p5engine.obj
 0003:00004650       $unwind$?AddWall@@YA?AUadd_low_entity_result@@PEAUworld@@PEAUgame_state@@III@Z 0000000180026650     p5engine.obj
 0003:0000466c       $unwind$?InitHitPoints@@YAXPEAUlow_entity@@I@Z 000000018002666c     p5engine.obj
 0003:00004680       $unwind$?AddSword@@YA?AUadd_low_entity_result@@PEAUgame_state@@@Z 0000000180026680     p5engine.obj
 0003:00004694       $unwind$?AddPlayer@@YA?AUadd_low_entity_result@@PEAUgame_state@@@Z 0000000180026694     p5engine.obj
 0003:000046b0       $unwind$?AddMonstar@@YA?AUadd_low_entity_result@@PEAUgame_state@@III@Z 00000001800266b0     p5engine.obj
 0003:000046cc       $unwind$?AddFamiliar@@YA?AUadd_low_entity_result@@PEAUgame_state@@III@Z 00000001800266cc     p5engine.obj
 0003:000046e8       $unwind$?PushPiece@@YAXPEAUentity_visible_piece_group@@PEAUloaded_bitmap@@Tv2@@2M2Tv4@@M@Z 00000001800266e8     p5engine.obj
 0003:000046fc       $unwind$?PushBitmap@@YAXPEAUentity_visible_piece_group@@PEAUloaded_bitmap@@Tv2@@M2MM@Z 00000001800266fc     p5engine.obj
 0003:00004710       $unwind$?PushRect@@YAXPEAUentity_visible_piece_group@@Tv2@@M1Tv4@@M@Z 0000000180026710     p5engine.obj
 0003:00004724       $unwind$?DrawHitpoints@@YAXPEAUsim_entity@@PEAUentity_visible_piece_group@@@Z 0000000180026724     p5engine.obj
 0003:00004740       $unwind$GameUpdateAndRender 0000000180026740     p5engine.obj
 0003:0000475c       $unwind$GameGetSoundSamples 000000018002675c     p5engine.obj
 0003:00004770       $unwind$_RTC_CheckStackVars 0000000180026770     MSVCRTD:stack.obj
 0003:00004784       $chain$0$_RTC_CheckStackVars 0000000180026784     MSVCRTD:stack.obj
 0003:0000479c       $chain$1$_RTC_CheckStackVars 000000018002679c     MSVCRTD:stack.obj
 0003:000047b0       $unwind$_RTC_CheckStackVars2 00000001800267b0     MSVCRTD:stack.obj
 0003:000047c0       $chain$1$_RTC_CheckStackVars2 00000001800267c0     MSVCRTD:stack.obj
 0003:000047dc       $chain$2$_RTC_CheckStackVars2 00000001800267dc     MSVCRTD:stack.obj
 0003:000047f4       $chain$3$_RTC_CheckStackVars2 00000001800267f4     MSVCRTD:stack.obj
 0003:0000480c       $chain$4$_RTC_CheckStackVars2 000000018002680c     MSVCRTD:stack.obj
 0003:00004820       $chain$5$_RTC_CheckStackVars2 0000000180026820     MSVCRTD:stack.obj
 0003:00004834       $chain$6$_RTC_CheckStackVars2 0000000180026834     MSVCRTD:stack.obj
 0003:00004848       $unwind$_RTC_AllocaHelper  0000000180026848     MSVCRTD:stack.obj
 0003:00004850       $chain$0$_RTC_AllocaHelper 0000000180026850     MSVCRTD:stack.obj
 0003:00004868       $chain$1$_RTC_AllocaHelper 0000000180026868     MSVCRTD:stack.obj
 0003:0000487c       $unwind$_RTC_Shutdown      000000018002687c     MSVCRTD:init.obj
 0003:00004884       $unwind$_RTC_InitBase      0000000180026884     MSVCRTD:init.obj
 0003:0000488c       $unwind$__CheckForDebuggerJustMyCode 000000018002688c     MSVCRTD:debugger_jmc.obj
 0003:00004894       $unwind$__GSHandlerCheckCommon 0000000180026894     MSVCRTD:gshandler.obj
 0003:0000489c       $unwind$__GSHandlerCheck   000000018002689c     MSVCRTD:gshandler.obj
 0003:000048a8       $xdatasym                  00000001800268a8     MSVCRTD:chkstk.obj
 0003:000048b0       $xdatasym                  00000001800268b0     MSVCRTD:amdsecgs.obj
 0003:000048b4       $unwind$?dllmain_crt_process_attach@@YAHQEAUHINSTANCE__@@QEAX@Z 00000001800268b4     MSVCRTD:dll_dllmain.obj
 0003:000048d8       $unwind$?fin$0@?0??dllmain_crt_process_attach@@YAHQEAUHINSTANCE__@@QEAX@Z@4HA 00000001800268d8     MSVCRTD:dll_dllmain.obj
 0003:000048e0       $unwind$?dllmain_crt_process_detach@@YAH_N@Z 00000001800268e0     MSVCRTD:dll_dllmain.obj
 0003:00004914       $unwind$?fin$0@?0??dllmain_crt_process_detach@@YAH_N@Z@4HA 0000000180026914     MSVCRTD:dll_dllmain.obj
 0003:0000491c       $unwind$?fin$1@?0??dllmain_crt_process_detach@@YAH_N@Z@4HA 000000018002691c     MSVCRTD:dll_dllmain.obj
 0003:00004924       $unwind$?dllmain_crt_dispatch@@YAHQEAUHINSTANCE__@@KQEAX@Z 0000000180026924     MSVCRTD:dll_dllmain.obj
 0003:0000492c       $unwind$_CRT_INIT          000000018002692c     MSVCRTD:dll_dllmain.obj
 0003:00004934       $unwind$?dllmain_raw@@YAHQEAUHINSTANCE__@@KQEAX@Z 0000000180026934     MSVCRTD:dll_dllmain.obj
 0003:0000493c       $unwind$?dllmain_dispatch@@YAHQEAUHINSTANCE__@@KQEAX@Z 000000018002693c     MSVCRTD:dll_dllmain.obj
 0003:00004960       $unwind$?filt$0@?0??dllmain_dispatch@@YAHQEAUHINSTANCE__@@KQEAX@Z@4HA 0000000180026960     MSVCRTD:dll_dllmain.obj
 0003:00004968       $unwind$_DllMainCRTStartup 0000000180026968     MSVCRTD:dll_dllmain.obj
 0003:00004970       $unwind$_RTC_UninitUse     0000000180026970     MSVCRTD:error.obj
 0003:0000498c       $unwind$?_RTC_StackFailure@@YAXPEAXPEBD@Z 000000018002698c     MSVCRTD:error.obj
 0003:000049ac       $unwind$?_RTC_AllocaFailure@@YAXPEAXPEAU_RTC_ALLOCA_NODE@@H@Z 00000001800269ac     MSVCRTD:error.obj
 0003:000049c8       $chain$0$?_RTC_AllocaFailure@@YAXPEAXPEAU_RTC_ALLOCA_NODE@@H@Z 00000001800269c8     MSVCRTD:error.obj
 0003:000049e0       $chain$1$?_RTC_AllocaFailure@@YAXPEAXPEAU_RTC_ALLOCA_NODE@@H@Z 00000001800269e0     MSVCRTD:error.obj
 0003:000049f4       $unwind$_vsprintf_s_l      00000001800269f4     MSVCRTD:error.obj
 0003:00004a0c       $unwind$sprintf_s          0000000180026a0c     MSVCRTD:error.obj
 0003:00004a14       $unwind$?notify_debugger@@YAXAEBUtagEXCEPTION_VISUALCPP_DEBUG_INFO@@@Z 0000000180026a14     MSVCRTD:error.obj
 0003:00004a38       $unwind$?filt$0@?0??notify_debugger@@YAXAEBUtagEXCEPTION_VISUALCPP_DEBUG_INFO@@@Z@4HA 0000000180026a38     MSVCRTD:error.obj
 0003:00004a40       $unwind$?DebuggerProbe@@YA_NK@Z 0000000180026a40     MSVCRTD:error.obj
 0003:00004a48       $unwind$?DebuggerRuntime@@YA_NKHPEAXPEB_W@Z 0000000180026a48     MSVCRTD:error.obj
 0003:00004a50       $unwind$?failwithmessage@@YAXPEAXHHPEBD@Z 0000000180026a50     MSVCRTD:error.obj
 0003:00004a78       $unwind$?_getMemBlockDataString@@YAXPEAD0PEBD_K@Z 0000000180026a78     MSVCRTD:error.obj
 0003:00004a8c       $chain$3$?_getMemBlockDataString@@YAXPEAD0PEBD_K@Z 0000000180026a8c     MSVCRTD:error.obj
 0003:00004ab0       $chain$4$?_getMemBlockDataString@@YAXPEAD0PEBD_K@Z 0000000180026ab0     MSVCRTD:error.obj
 0003:00004ac4       $unwind$__report_securityfailure 0000000180026ac4     MSVCRTD:gs_report.obj
 0003:00004acc       $unwind$__report_securityfailureEx 0000000180026acc     MSVCRTD:gs_report.obj
 0003:00004ad4       $unwind$__report_rangecheckfailure 0000000180026ad4     MSVCRTD:gs_report.obj
 0003:00004adc       $unwind$__report_gsfailure 0000000180026adc     MSVCRTD:gs_report.obj
 0003:00004ae4       $unwind$capture_current_context 0000000180026ae4     MSVCRTD:gs_report.obj
 0003:00004aec       $unwind$capture_previous_context 0000000180026aec     MSVCRTD:gs_report.obj
 0003:00004af4       $unwind$__raise_securityfailure 0000000180026af4     MSVCRTD:gs_report.obj
 0003:00004afc       $unwind$__security_init_cookie 0000000180026afc     MSVCRTD:gs_support.obj
 0003:00004b04       $unwind$__get_entropy      0000000180026b04     MSVCRTD:gs_support.obj
 0003:00004b0c       $unwind$DllMain            0000000180026b0c     MSVCRTD:dll_dllmain_stub.obj
 0003:00004b14       $unwind$?__scrt_initialize_type_info@@YAXXZ 0000000180026b14     MSVCRTD:tncleanup.obj
 0003:00004b1c       $unwind$?__scrt_uninitialize_type_info@@YAXXZ 0000000180026b1c     MSVCRTD:tncleanup.obj
 0003:00004b24       $unwind$__scrt_initialize_default_local_stdio_options 0000000180026b24     MSVCRTD:default_local_stdio_options.obj
 0003:00004b2c       $unwind$atexit             0000000180026b2c     MSVCRTD:utility.obj
 0003:00004b34       $unwind$_onexit            0000000180026b34     MSVCRTD:utility.obj
 0003:00004b3c       $unwind$at_quick_exit      0000000180026b3c     MSVCRTD:utility.obj
 0003:00004b44       $unwind$__scrt_is_nonwritable_in_current_image 0000000180026b44     MSVCRTD:utility.obj
 0003:00004b68       $unwind$__scrt_is_nonwritable_in_current_image$filt$0 0000000180026b68     MSVCRTD:utility.obj
 0003:00004b70       $unwind$__scrt_acquire_startup_lock 0000000180026b70     MSVCRTD:utility.obj
 0003:00004b78       $unwind$__scrt_release_startup_lock 0000000180026b78     MSVCRTD:utility.obj
 0003:00004b80       $unwind$__scrt_initialize_crt 0000000180026b80     MSVCRTD:utility.obj
 0003:00004b88       $unwind$__scrt_uninitialize_crt 0000000180026b88     MSVCRTD:utility.obj
 0003:00004b90       $unwind$__scrt_initialize_onexit_tables 0000000180026b90     MSVCRTD:utility.obj
 0003:00004ba0       $unwind$__scrt_dllmain_exception_filter 0000000180026ba0     MSVCRTD:utility.obj
 0003:00004ba8       $unwind$__scrt_dllmain_before_initialize_c 0000000180026ba8     MSVCRTD:utility.obj
 0003:00004bb0       $unwind$__scrt_dllmain_after_initialize_c 0000000180026bb0     MSVCRTD:utility.obj
 0003:00004bb8       $unwind$__scrt_dllmain_uninitialize_c 0000000180026bb8     MSVCRTD:utility.obj
 0003:00004bc0       $unwind$__scrt_dllmain_uninitialize_critical 0000000180026bc0     MSVCRTD:utility.obj
 0003:00004bc8       $unwind$__scrt_dllmain_crt_thread_attach 0000000180026bc8     MSVCRTD:utility.obj
 0003:00004bd0       $unwind$__scrt_dllmain_crt_thread_detach 0000000180026bd0     MSVCRTD:utility.obj
 0003:00004bd8       $unwind$?configure_argv@__scrt_narrow_argv_policy@@SAHXZ 0000000180026bd8     MSVCRTD:utility.obj
 0003:00004be0       $unwind$?initialize_environment@__scrt_narrow_environment_policy@@SAHXZ 0000000180026be0     MSVCRTD:utility.obj
 0003:00004be8       $unwind$?is_potentially_valid_image_base@@YA_NQEAX@Z 0000000180026be8     MSVCRTD:utility.obj
 0003:00004bf0       $unwind$?find_pe_section@@YAPEAU_IMAGE_SECTION_HEADER@@QEAE_K@Z 0000000180026bf0     MSVCRTD:utility.obj
 0003:00004bf8       $unwind$__scrt_get_show_window_mode 0000000180026bf8     MSVCRTD:utility_desktop.obj
 0003:00004c08       $unwind$__scrt_is_managed_app 0000000180026c08     MSVCRTD:utility_desktop.obj
 0003:00004c10       $unwind$__scrt_initialize_mta 0000000180026c10     MSVCRTD:utility_desktop.obj
 0003:00004c18       $unwind$__scrt_set_unhandled_exception_filter 0000000180026c18     MSVCRTD:utility_desktop.obj
 0003:00004c20       $unwind$__scrt_fastfail    0000000180026c20     MSVCRTD:utility_desktop.obj
 0003:00004c30       $unwind$__scrt_unhandled_exception_filter 0000000180026c30     MSVCRTD:utility_desktop.obj
 0003:00004c38       $unwind$_RTC_Initialize    0000000180026c38     MSVCRTD:initsect.obj
 0003:00004c48       $unwind$_RTC_Terminate     0000000180026c48     MSVCRTD:initsect.obj
 0003:00004c58       $unwind$ReadNoFence64      0000000180026c58     MSVCRTD:guard_support.obj
 0003:00004c60       $unwind$ReadPointerNoFence 0000000180026c60     MSVCRTD:guard_support.obj
 0003:00004c68       $unwind$_guard_icall_checks_enforced 0000000180026c68     MSVCRTD:guard_support.obj
 0003:00004c70       $unwind$__castguard_compat_check 0000000180026c70     MSVCRTD:guard_support.obj
 0003:00004c78       $unwind$__castguard_check_failure_debugbreak 0000000180026c78     MSVCRTD:guard_support.obj
 0003:00004c80       $unwind$__castguard_check_failure_fastfail 0000000180026c80     MSVCRTD:guard_support.obj
 0003:00004c88       $unwind$__castguard_check_failure_os_handled 0000000180026c88     MSVCRTD:guard_support.obj
 0003:00004c90       $unwind$__castguard_slow_path_compat_check 0000000180026c90     MSVCRTD:guard_support.obj
 0003:00004c98       $unwind$__castguard_slow_path_check_debugbreak 0000000180026c98     MSVCRTD:guard_support.obj
 0003:00004ca0       $unwind$__castguard_slow_path_check_fastfail 0000000180026ca0     MSVCRTD:guard_support.obj
 0003:00004ca8       $unwind$__castguard_slow_path_check_os_handled 0000000180026ca8     MSVCRTD:guard_support.obj
 0003:00004cb0       $unwind$?_RTC_GetSrcLine@@YAHPEAEPEA_WKPEAH1K@Z 0000000180026cb0     MSVCRTD:pdblkup.obj
 0003:00004ccc       $unwind$?GetPdbDllFromInstallPath@@YAPEAUHINSTANCE__@@XZ 0000000180026ccc     MSVCRTD:pdblkup.obj
 0003:00004cf4       $unwind$?GetPdbDllPathFromFilePath@@YAHPEB_WPEA_W_K@Z 0000000180026cf4     MSVCRTD:pdblkup.obj
 0003:00004d10       $unwind$?GetPdbDll@@YAPEAUHINSTANCE__@@XZ 0000000180026d10     MSVCRTD:pdblkup.obj
 0003:00004d24       $unwind$__isa_available_init 0000000180026d24     MSVCRTD:cpu_disp.obj
 0003:00004d38       $unwind$__scrt_is_ucrt_dll_in_use 0000000180026d38     MSVCRTD:ucrt_detection.obj
 0003:00004d40       $xdatasym                  0000000180026d40     MSVCRTD:guard_dispatch.obj
 0003:00004d48       $xdatasym                  0000000180026d48     MSVCRTD:guard_xfg_dispatch.obj
 0003:00004fe0       .edata                     0000000180026fe0     P5Engine.exp
 0003:00005008       rgpv                       0000000180027008     P5Engine.exp
 0003:00005010       rgszName                   0000000180027010     P5Engine.exp
 0003:00005018       rgwOrd                     0000000180027018     P5Engine.exp
 0003:0000501c       szName                     000000018002701c     P5Engine.exp
 0003:00005029       $N00001                    0000000180027029     P5Engine.exp
 0003:0000503d       $N00002                    000000018002703d     P5Engine.exp
 0004:00000000       ?RandomNumberTable@@3PAIA  0000000180028000     p5engine.obj
 0004:00004e40       ?init@?1??_RTC_InitBase@@9@4_NA 000000018002ce40     MSVCRTD:init.obj
 0004:00004e44       ?__proc_attached@@3HA      000000018002ce44     MSVCRTD:dll_dllmain.obj
 0004:00004e58       ?_RTC_ErrorReportFunc@@3P6AHHPEBDH00ZZEA 000000018002ce58     MSVCRTD:userapi.obj
 0004:00004e60       ?_RTC_ErrorReportFuncW@@3P6AHHPEB_WH00ZZEA 000000018002ce60     MSVCRTD:userapi.obj
 0004:00004e70       GS_ExceptionRecord         000000018002ce70     MSVCRTD:gs_report.obj
 0004:00004f10       GS_ContextRecord           000000018002cf10     MSVCRTD:gs_report.obj
 0004:00005538       ?is_initialized_as_dll@@3_NA 000000018002d538     MSVCRTD:utility.obj
 0004:00005539       ?module_local_atexit_table_initialized@@3_NA 000000018002d539     MSVCRTD:utility.obj
 0004:00005540       ?module_local_atexit_table@@3U_onexit_table_t@@A 000000018002d540     MSVCRTD:utility.obj
 0004:00005558       ?module_local_at_quick_exit_table@@3U_onexit_table_t@@A 000000018002d558     MSVCRTD:utility.obj
 0004:00005598       ?mspdb@@3PEAUHINSTANCE__@@EA 000000018002d598     MSVCRTD:pdblkup.obj
 0004:000055a1       ?alreadyTried@?1??GetPdbDll@@YAPEAUHINSTANCE__@@XZ@4_NA 000000018002d5a1     MSVCRTD:pdblkup.obj
 0004:000055a2       ?PDBOK@?1??_RTC_GetSrcLine@@YAHPEAEPEA_WKPEAH1K@Z@4_NA 000000018002d5a2     MSVCRTD:pdblkup.obj
 0006:000007aa       .idata$6                   00000001800317aa     vcruntimed:VCRUNTIME140D.dll
 0006:0000095a       .idata$6                   000000018003195a     ucrtd:ucrtbased.dll
 0006:00000b9c       .idata$6                   0000000180031b9c     kernel32:KERNEL32.dll
 0007:00000000       __5C0B09BC_p5engine_platform@h 0000000180032000     p5engine.obj
 0007:00000001       __09340588_corecrt_math@h  0000000180032001     p5engine.obj
 0007:00000002       __B0C4CEA9_malloc@h        0000000180032002     p5engine.obj
 0007:00000003       __3A0418DB_p5engine_intrinsics@h 0000000180032003     p5engine.obj
 0007:00000004       __6D6C9F34_p5engine_math@h 0000000180032004     p5engine.obj
 0007:00000005       __B7D51BCB_p5engine@h      0000000180032005     p5engine.obj
 0007:00000006       __DC0D61CC_p5engine_world@cpp 0000000180032006     p5engine.obj
 0007:00000007       __B1611D50_p5engine_simulation_region@cpp 0000000180032007     p5engine.obj
 0007:00000008       __9C871DF9_p5engine_entity@cpp 0000000180032008     p5engine.obj
 0007:00000009       __D1049797_p5engine@cpp    0000000180032009     p5engine.obj
 0009:00000170       $R000000                   0000000180034170     * linker generated manifest res *
