 P5Engine

 Timestamp is 62f48a78 (Wed Aug 10 23:50:00 2022)

 Preferred load address is 0000000180000000

 Start         Length     Name                   Class
 0001:00000000 00009590H .text$mn                CODE
 0001:00009590 00000040H .text$mn$00             CODE
 0001:000095d0 000000ddH .text$x                 CODE
 0002:00000000 000000f8H .idata$5                DATA
 0002:000000f8 00000028H .00cfg                  DATA
 0002:00000120 00000008H .CRT$XCA                DATA
 0002:00000128 00000008H .CRT$XCZ                DATA
 0002:00000130 00000008H .CRT$XIA                DATA
 0002:00000138 00000008H .CRT$XIZ                DATA
 0002:00000140 00000008H .CRT$XPA                DATA
 0002:00000148 00000008H .CRT$XPZ                DATA
 0002:00000150 00000008H .CRT$XTA                DATA
 0002:00000158 00000008H .CRT$XTZ                DATA
 0002:00000160 00000000H .gehcont$y              DATA
 0002:00000160 00000000H .gfids$y                DATA
 0002:00000160 000005a0H .rdata                  DATA
 0002:00000700 00000000H .rdata$CastGuardVftablesA DATA
 0002:00000700 00000000H .rdata$CastGuardVftablesC DATA
 0002:00000700 00000020H .rdata$voltmd           DATA
 0002:00000720 000002d8H .rdata$zzzdbg           DATA
 0002:000009f8 00000008H .rtc$IAA                DATA
 0002:00000a00 00000008H .rtc$IZZ                DATA
 0002:00000a08 00000008H .rtc$TAA                DATA
 0002:00000a10 00000008H .rtc$TZZ                DATA
 0002:00000a18 000006c8H .xdata                  DATA
 0002:000010e0 00000074H .edata                  DATA
 0002:00001154 0000003cH .idata$2                DATA
 0002:00001190 00000018H .idata$3                DATA
 0002:000011a8 000000f8H .idata$4                DATA
 0002:000012a0 0000028eH .idata$6                DATA
 0003:00000000 00000040H .data                   DATA
 0003:00000040 0000060cH .bss                    DATA
 0004:00000000 000004c8H .pdata                  DATA
 0005:00000000 0000000dH .msvcjmc                DATA
 0006:00000000 00000060H .rsrc$01                DATA
 0006:00000060 00000098H .rsrc$02                DATA

  Address         Publics by Value              Rva+Base               Lib:Object

 0000:00000000       __x64_code_ranges_to_entry_points_count 0000000000000000     <absolute>
 0000:00000000       __guard_iat_count          0000000000000000     <absolute>
 0000:00000000       __dynamic_value_reloc_table 0000000000000000     <absolute>
 0000:00000000       __hybrid_auxiliary_iat     0000000000000000     <absolute>
 0000:00000000       __guard_iat_table          0000000000000000     <absolute>
 0000:00000000       __hybrid_auxiliary_iat_copy 0000000000000000     <absolute>
 0000:00000000       __arm64x_redirection_metadata 0000000000000000     <absolute>
 0000:00000000       __hybrid_code_map_count    0000000000000000     <absolute>
 0000:00000000       ___safe_se_handler_table   0000000000000000     <absolute>
 0000:00000000       __AbsoluteZero             0000000000000000     <absolute>
 0000:00000000       __guard_longjmp_count      0000000000000000     <absolute>
 0000:00000000       __guard_longjmp_table      0000000000000000     <absolute>
 0000:00000000       __guard_check_icall_a64n_fptr 0000000000000000     <absolute>
 0000:00000000       __guard_fids_table         0000000000000000     <absolute>
 0000:00000000       __guard_eh_cont_count      0000000000000000     <absolute>
 0000:00000000       __arm64x_native_entrypoint 0000000000000000     <absolute>
 0000:00000000       __guard_eh_cont_table      0000000000000000     <absolute>
 0000:00000000       __x64_code_ranges_to_entry_points 0000000000000000     <absolute>
 0000:00000000       __guard_fids_count         0000000000000000     <absolute>
 0000:00000000       __arm64x_extra_rfe_table   0000000000000000     <absolute>
 0000:00000000       __hybrid_code_map          0000000000000000     <absolute>
 0000:00000000       __enclave_config           0000000000000000     <absolute>
 0000:00000000       __arm64x_redirection_metadata_count 0000000000000000     <absolute>
 0000:00000000       ___safe_se_handler_count   0000000000000000     <absolute>
 0000:00000000       __arm64x_extra_rfe_table_size 0000000000000000     <absolute>
 0000:00000100       __guard_flags              0000000000000100     <absolute>
 0000:00000000       __ImageBase                0000000180000000     <linker-defined>
 0001:00000000       ??X@YAAEATv3@@AEAT0@M@Z    0000000180001000 f i p5engine.obj
 0001:00000db0       ?ChangeEntityLocationRaw@@YAXPEAUmemory_arena@@PEAUworld@@IPEAUworld_position@@2@Z 0000000180001db0 f i p5engine.obj
 0001:00001120       ?ChunkPositionFromTilePosition@@YA?AUworld_position@@PEAUworld@@HHHTv3@@@Z 0000000180002120 f i p5engine.obj
 0001:00003620       ?EntityOverlapsRectangle@@YAHTv3@@Usim_entity_collision_volume@@Urectangle3@@@Z 0000000180004620 f i p5engine.obj
 0001:000037d0       ?GetRenderEntityBasisPos@@YA?AUentity_basis_p_result@@PEAUrender_group@@PEAUrender_entity_basis@@Tv2@@@Z 00000001800047d0 f i p5engine.obj
 0001:00003950       ?GetStairGround@@YAMPEAUsim_entity@@Tv3@@@Z 0000000180004950 f i p5engine.obj
 0001:00003ae0       ?GetWorldChunk@@YAPEAUworld_chunk@@PEAUworld@@HHHPEAUmemory_arena@@@Z 0000000180004ae0 f i p5engine.obj
 0001:00003c20       ?IsCanonical@@YAHMM@Z      0000000180004c20 f i p5engine.obj
 0001:00004d40       ?PushSize_@@YAPEAXPEAUmemory_arena@@_K@Z 0000000180005d40 f i p5engine.obj
 0001:00004da0       ?RecanonicalizeCoord@@YAXMPEAHPEAM@Z 0000000180005da0 f i p5engine.obj
 0001:00005510       ?SRGBBilinearBlend@@YA?ATv4@@Ubilinear_sample@@MM@Z 0000000180006510 f i p5engine.obj
 0001:000059a0       GameGetSoundSamples        00000001800069a0 f   p5engine.obj
 0001:000059e0       GameUpdateAndRender        00000001800069e0 f   p5engine.obj
 0001:00007ee0       __CheckForDebuggerJustMyCode 0000000180008ee0 f   MSVCRTD:debugger_jmc.obj
 0001:00007f20       __GSHandlerCheck           0000000180008f20 f   MSVCRTD:gshandler.obj
 0001:00007f60       __GSHandlerCheckCommon     0000000180008f60 f   MSVCRTD:gshandler.obj
 0001:00008070       __security_check_cookie    0000000180009070 f   MSVCRTD:amdsecgs.obj
 0001:000084a0       _DllMainCRTStartup         00000001800094a0 f   MSVCRTD:dll_dllmain.obj
 0001:000084e0       __raise_securityfailure    00000001800094e0 f   MSVCRTD:gs_report.obj
 0001:00008520       __report_gsfailure         0000000180009520 f   MSVCRTD:gs_report.obj
 0001:00008780       __security_init_cookie     0000000180009780 f   MSVCRTD:gs_support.obj
 0001:00008800       DllMain                    0000000180009800 f   MSVCRTD:dll_dllmain_stub.obj
 0001:00008840       ?__scrt_initialize_type_info@@YAXXZ 0000000180009840 f   MSVCRTD:tncleanup.obj
 0001:00008860       ?__scrt_uninitialize_type_info@@YAXXZ 0000000180009860 f   MSVCRTD:tncleanup.obj
 0001:00008880       __local_stdio_printf_options 0000000180009880 f i MSVCRTD:default_local_stdio_options.obj
 0001:00008890       __local_stdio_scanf_options 0000000180009890 f i MSVCRTD:default_local_stdio_options.obj
 0001:000088a0       __scrt_initialize_default_local_stdio_options 00000001800098a0 f   MSVCRTD:default_local_stdio_options.obj
 0001:000088f0       ?configure_argv@__scrt_narrow_argv_policy@@SAHXZ 00000001800098f0 f i MSVCRTD:utility.obj
 0001:000089e0       ?initialize_environment@__scrt_narrow_environment_policy@@SAHXZ 00000001800099e0 f i MSVCRTD:utility.obj
 0001:00008a80       NtCurrentTeb               0000000180009a80 f i MSVCRTD:utility.obj
 0001:00008a90       __scrt_acquire_startup_lock 0000000180009a90 f   MSVCRTD:utility.obj
 0001:00008b00       __scrt_dllmain_after_initialize_c 0000000180009b00 f   MSVCRTD:utility.obj
 0001:00008b30       __scrt_dllmain_before_initialize_c 0000000180009b30 f   MSVCRTD:utility.obj
 0001:00008b50       __scrt_dllmain_crt_thread_attach 0000000180009b50 f   MSVCRTD:utility.obj
 0001:00008b80       __scrt_dllmain_crt_thread_detach 0000000180009b80 f   MSVCRTD:utility.obj
 0001:00008ba0       __scrt_dllmain_exception_filter 0000000180009ba0 f   MSVCRTD:utility.obj
 0001:00008c10       __scrt_dllmain_uninitialize_c 0000000180009c10 f   MSVCRTD:utility.obj
 0001:00008c40       __scrt_dllmain_uninitialize_critical 0000000180009c40 f   MSVCRTD:utility.obj
 0001:00008c60       __scrt_initialize_crt      0000000180009c60 f   MSVCRTD:utility.obj
 0001:00008cb0       __scrt_initialize_onexit_tables 0000000180009cb0 f   MSVCRTD:utility.obj
 0001:00008dc0       __scrt_is_nonwritable_in_current_image 0000000180009dc0 f   MSVCRTD:utility.obj
 0001:00008e50       __scrt_release_startup_lock 0000000180009e50 f   MSVCRTD:utility.obj
 0001:00008e80       __scrt_uninitialize_crt    0000000180009e80 f   MSVCRTD:utility.obj
 0001:00008ec0       __scrt_get_dyn_tls_init_callback 0000000180009ec0 f   MSVCRTD:dyn_tls_init.obj
 0001:00008ed0       __crt_debugger_hook        0000000180009ed0 f   MSVCRTD:utility_desktop.obj
 0001:00008ee0       __scrt_fastfail            0000000180009ee0 f   MSVCRTD:utility_desktop.obj
 0001:00009080       _RTC_Initialize            000000018000a080 f   MSVCRTD:initsect.obj
 0001:000090d0       _RTC_Terminate             000000018000a0d0 f   MSVCRTD:initsect.obj
 0001:00009120       _guard_check_icall_nop     000000018000a120 f i MSVCRTD:guard_support.obj
 0001:00009130       __isa_available_init       000000018000a130 f   MSVCRTD:cpu_disp.obj
 0001:000094d0       _get_startup_argv_mode     000000018000a4d0 f   MSVCRTD:argv_mode.obj
 0001:000094e0       __scrt_is_ucrt_dll_in_use  000000018000a4e0 f   MSVCRTD:ucrt_detection.obj
 0001:00009510       memset                     000000018000a510 f   vcruntimed:VCRUNTIME140D.dll
 0001:00009516       __C_specific_handler       000000018000a516 f   vcruntimed:VCRUNTIME140D.dll
 0001:0000951c       __std_type_info_destroy_list 000000018000a51c f   vcruntimed:VCRUNTIME140D.dll
 0001:00009522       sinf                       000000018000a522 f   ucrtd:ucrtbased.dll
 0001:00009528       _initterm                  000000018000a528 f   ucrtd:ucrtbased.dll
 0001:0000952e       _initterm_e                000000018000a52e f   ucrtd:ucrtbased.dll
 0001:00009534       _seh_filter_dll            000000018000a534 f   ucrtd:ucrtbased.dll
 0001:0000953a       _configure_narrow_argv     000000018000a53a f   ucrtd:ucrtbased.dll
 0001:00009540       _initialize_narrow_environment 000000018000a540 f   ucrtd:ucrtbased.dll
 0001:00009546       _initialize_onexit_table   000000018000a546 f   ucrtd:ucrtbased.dll
 0001:0000954c       _execute_onexit_table      000000018000a54c f   ucrtd:ucrtbased.dll
 0001:00009552       _cexit                     000000018000a552 f   ucrtd:ucrtbased.dll
 0001:00009560       __vcrt_initialize          000000018000a560 f   MSVCRTD:ucrt_stubs.obj
 0001:00009560       __acrt_thread_attach       000000018000a560 f   MSVCRTD:ucrt_stubs.obj
 0001:00009560       __acrt_thread_detach       000000018000a560 f   MSVCRTD:ucrt_stubs.obj
 0001:00009560       __scrt_stub_for_acrt_thread_detach 000000018000a560 f   MSVCRTD:ucrt_stubs.obj
 0001:00009560       __scrt_stub_for_acrt_initialize 000000018000a560 f   MSVCRTD:ucrt_stubs.obj
 0001:00009560       __vcrt_thread_detach       000000018000a560 f   MSVCRTD:ucrt_stubs.obj
 0001:00009560       __acrt_initialize          000000018000a560 f   MSVCRTD:ucrt_stubs.obj
 0001:00009560       __vcrt_thread_attach       000000018000a560 f   MSVCRTD:ucrt_stubs.obj
 0001:00009560       __scrt_stub_for_acrt_thread_attach 000000018000a560 f   MSVCRTD:ucrt_stubs.obj
 0001:00009570       __scrt_stub_for_acrt_uninitialize_critical 000000018000a570 f   MSVCRTD:ucrt_stubs.obj
 0001:00009570       __acrt_uninitialize        000000018000a570 f   MSVCRTD:ucrt_stubs.obj
 0001:00009570       __scrt_stub_for_acrt_uninitialize 000000018000a570 f   MSVCRTD:ucrt_stubs.obj
 0001:00009570       __vcrt_uninitialize        000000018000a570 f   MSVCRTD:ucrt_stubs.obj
 0001:00009570       __acrt_uninitialize_critical 000000018000a570 f   MSVCRTD:ucrt_stubs.obj
 0001:00009570       __vcrt_uninitialize_critical 000000018000a570 f   MSVCRTD:ucrt_stubs.obj
 0001:00009580       _is_c_termination_complete 000000018000a580 f   MSVCRTD:ucrt_stubs.obj
 0001:00009580       __scrt_stub_for_is_c_termination_complete 000000018000a580 f   MSVCRTD:ucrt_stubs.obj
 0001:000095a0       _guard_dispatch_icall_nop  000000018000a5a0 f   MSVCRTD:guard_dispatch.obj
 0001:000095c0       _guard_xfg_dispatch_icall_nop 000000018000a5c0 f   MSVCRTD:guard_xfg_dispatch.obj
 0002:00000000       __imp_GetCurrentProcessId  000000018000b000     kernel32:KERNEL32.dll
 0002:00000008       __imp_GetCurrentThreadId   000000018000b008     kernel32:KERNEL32.dll
 0002:00000010       __imp_RtlLookupFunctionEntry 000000018000b010     kernel32:KERNEL32.dll
 0002:00000018       __imp_RtlVirtualUnwind     000000018000b018     kernel32:KERNEL32.dll
 0002:00000020       __imp_UnhandledExceptionFilter 000000018000b020     kernel32:KERNEL32.dll
 0002:00000028       __imp_IsDebuggerPresent    000000018000b028     kernel32:KERNEL32.dll
 0002:00000030       __imp_InitializeSListHead  000000018000b030     kernel32:KERNEL32.dll
 0002:00000038       __imp_DisableThreadLibraryCalls 000000018000b038     kernel32:KERNEL32.dll
 0002:00000040       __imp_GetSystemTimeAsFileTime 000000018000b040     kernel32:KERNEL32.dll
 0002:00000048       __imp_RtlCaptureContext    000000018000b048     kernel32:KERNEL32.dll
 0002:00000050       __imp_QueryPerformanceCounter 000000018000b050     kernel32:KERNEL32.dll
 0002:00000058       __imp_IsProcessorFeaturePresent 000000018000b058     kernel32:KERNEL32.dll
 0002:00000060       __imp_TerminateProcess     000000018000b060     kernel32:KERNEL32.dll
 0002:00000068       __imp_GetCurrentProcess    000000018000b068     kernel32:KERNEL32.dll
 0002:00000070       __imp_SetUnhandledExceptionFilter 000000018000b070     kernel32:KERNEL32.dll
 0002:00000078       \177KERNEL32_NULL_THUNK_DATA 000000018000b078     kernel32:KERNEL32.dll
 0002:00000080       __imp_memset               000000018000b080     vcruntimed:VCRUNTIME140D.dll
 0002:00000088       __imp___std_type_info_destroy_list 000000018000b088     vcruntimed:VCRUNTIME140D.dll
 0002:00000090       __imp___C_specific_handler 000000018000b090     vcruntimed:VCRUNTIME140D.dll
 0002:00000098       \177VCRUNTIME140D_NULL_THUNK_DATA 000000018000b098     vcruntimed:VCRUNTIME140D.dll
 0002:000000a0       __imp__cexit               000000018000b0a0     ucrtd:ucrtbased.dll
 0002:000000a8       __imp__execute_onexit_table 000000018000b0a8     ucrtd:ucrtbased.dll
 0002:000000b0       __imp__initialize_onexit_table 000000018000b0b0     ucrtd:ucrtbased.dll
 0002:000000b8       __imp__initialize_narrow_environment 000000018000b0b8     ucrtd:ucrtbased.dll
 0002:000000c0       __imp__seh_filter_dll      000000018000b0c0     ucrtd:ucrtbased.dll
 0002:000000c8       __imp__initterm_e          000000018000b0c8     ucrtd:ucrtbased.dll
 0002:000000d0       __imp__initterm            000000018000b0d0     ucrtd:ucrtbased.dll
 0002:000000d8       __imp_sinf                 000000018000b0d8     ucrtd:ucrtbased.dll
 0002:000000e0       __imp_roundf               000000018000b0e0     ucrtd:ucrtbased.dll
 0002:000000e8       __imp__configure_narrow_argv 000000018000b0e8     ucrtd:ucrtbased.dll
 0002:000000f0       \177ucrtbased_NULL_THUNK_DATA 000000018000b0f0     ucrtd:ucrtbased.dll
 0002:000000f8       __guard_check_icall_fptr   000000018000b0f8     MSVCRTD:guard_support.obj
 0002:00000100       __guard_xfg_check_icall_fptr 000000018000b100     MSVCRTD:guard_support.obj
 0002:00000108       __guard_dispatch_icall_fptr 000000018000b108     MSVCRTD:guard_support.obj
 0002:00000110       __guard_xfg_dispatch_icall_fptr 000000018000b110     MSVCRTD:guard_support.obj
 0002:00000118       __guard_xfg_table_dispatch_icall_fptr 000000018000b118     MSVCRTD:guard_support.obj
 0002:00000120       __xc_a                     000000018000b120     MSVCRTD:initializers.obj
 0002:00000128       __xc_z                     000000018000b128     MSVCRTD:initializers.obj
 0002:00000130       __xi_a                     000000018000b130     MSVCRTD:initializers.obj
 0002:00000138       __xi_z                     000000018000b138     MSVCRTD:initializers.obj
 0002:00000140       __xp_a                     000000018000b140     MSVCRTD:initializers.obj
 0002:00000148       __xp_z                     000000018000b148     MSVCRTD:initializers.obj
 0002:00000150       __xt_a                     000000018000b150     MSVCRTD:initializers.obj
 0002:00000158       __xt_z                     000000018000b158     MSVCRTD:initializers.obj
 0002:00000160       ??_C@_0BM@PJPBBIHG@?4?4?1P5Engine?1data?1grass1?4bmp@ 000000018000b160     p5engine.obj
 0002:00000180       ??_C@_0BL@KMKJHMBG@?4?4?1P5Engine?1data?1soil1?4bmp@ 000000018000b180     p5engine.obj
 0002:000001a0       ??_C@_0BL@CKDNAOLI@?4?4?1P5Engine?1data?1soil2?4bmp@ 000000018000b1a0     p5engine.obj
 0002:000001c0       ??_C@_0BL@OBGBNNBN@?4?4?1P5Engine?1data?1soil3?4bmp@ 000000018000b1c0     p5engine.obj
 0002:000001e0       ??_C@_0BL@PKIKGPIF@?4?4?1P5Engine?1data?1tuft1?4bmp@ 000000018000b1e0     p5engine.obj
 0002:00000200       ??_C@_0BL@HMBOBNCL@?4?4?1P5Engine?1data?1tuft2?4bmp@ 000000018000b200     p5engine.obj
 0002:00000220       ??_C@_0BI@LLDOGEFD@?4?4?1P5Engine?1data?1bg?4bmp@ 000000018000b220     p5engine.obj
 0002:00000238       ??_C@_0BM@NIFDJJOH@?4?4?1P5Engine?1data?1shadow?4bmp@ 000000018000b238     p5engine.obj
 0002:00000258       ??_C@_0BM@ODFMFCEI@?4?4?1P5Engine?1data?1stairs?4bmp@ 000000018000b258     p5engine.obj
 0002:00000278       ??_C@_0BK@OBLCJJGP@?4?4?1P5Engine?1data?1tree?4bmp@ 000000018000b278     p5engine.obj
 0002:00000298       ??_C@_0BL@IDLBAPAA@?4?4?1P5Engine?1data?1enemy?4bmp@ 000000018000b298     p5engine.obj
 0002:000002b8       ??_C@_0BJ@NKABLOEO@?4?4?1P5Engine?1data?1orb?4bmp@ 000000018000b2b8     p5engine.obj
 0002:000002d8       ??_C@_0CC@LMFPELMM@?4?4?1P5Engine?1data?1char?9right?90?4b@ 000000018000b2d8     p5engine.obj
 0002:00000300       ??_C@_0CB@PEKICNDL@?4?4?1P5Engine?1data?1char?9back?90?4bm@ 000000018000b300     p5engine.obj
 0002:00000328       ??_C@_0CB@EADJMAIP@?4?4?1P5Engine?1data?1char?9left?90?4bm@ 000000018000b328     p5engine.obj
 0002:00000350       ??_C@_0CC@FOFLOHLO@?4?4?1P5Engine?1data?1char?9front?90?4b@ 000000018000b350     p5engine.obj
 0002:00000378       ??_C@_0CB@KNGGMNCB@?4?4?1P5Engine?1data?1sword?9right?4bm@ 000000018000b378     p5engine.obj
 0002:000003a0       ??_C@_0CA@LOPACOB@?4?4?1P5Engine?1data?1sword?9back?4bmp@ 000000018000b3a0     p5engine.obj
 0002:000003c0       ??_C@_0CA@OHNPEIGA@?4?4?1P5Engine?1data?1sword?9left?4bmp@ 000000018000b3c0     p5engine.obj
 0002:000003e0       ??_C@_0CB@BNIDBOJA@?4?4?1P5Engine?1data?1sword?9front?4bm@ 000000018000b3e0     p5engine.obj
 0002:00000404       __real@37810183            000000018000b404     p5engine.obj
 0002:00000408       __real@3a83126f            000000018000b408     p5engine.obj
 0002:0000040c       __real@3b808081            000000018000b40c     p5engine.obj
 0002:00000410       __real@3c23d70a            000000018000b410     p5engine.obj
 0002:00000414       __real@3c40c0c2            000000018000b414     p5engine.obj
 0002:00000418       __real@3dcccccd            000000018000b418     p5engine.obj
 0002:0000041c       __real@3e4ccccd            000000018000b41c     p5engine.obj
 0002:00000420       __real@3e800000            000000018000b420     p5engine.obj
 0002:00000424       __real@3f000000            000000018000b424     p5engine.obj
 0002:00000428       __real@3f3504f3            000000018000b428     p5engine.obj
 0002:0000042c       __real@3f400000            000000018000b42c     p5engine.obj
 0002:00000430       __real@3f666666            000000018000b430     p5engine.obj
 0002:00000434       __real@3f800000            000000018000b434     p5engine.obj
 0002:00000438       __real@3f8ccccd            000000018000b438     p5engine.obj
 0002:0000043c       __real@3f99999a            000000018000b43c     p5engine.obj
 0002:00000440       __real@3fb33333            000000018000b440     p5engine.obj
 0002:00000444       __real@3fc00000            000000018000b444     p5engine.obj
 0002:00000448       __real@40000000            000000018000b448     p5engine.obj
 0002:0000044c       __real@40333333            000000018000b44c     p5engine.obj
 0002:00000450       __real@40400000            000000018000b450     p5engine.obj
 0002:00000454       __real@40a00000            000000018000b454     p5engine.obj
 0002:00000458       __real@40c90fdb            000000018000b458     p5engine.obj
 0002:0000045c       __real@411ccccd            000000018000b45c     p5engine.obj
 0002:00000460       __real@41499999            000000018000b460     p5engine.obj
 0002:00000464       __real@41700000            000000018000b464     p5engine.obj
 0002:00000468       __real@41a00000            000000018000b468     p5engine.obj
 0002:0000046c       __real@41be6666            000000018000b46c     p5engine.obj
 0002:00000470       __real@41f00000            000000018000b470     p5engine.obj
 0002:00000474       __real@42ff0000            000000018000b474     p5engine.obj
 0002:00000478       __real@43000000            000000018000b478     p5engine.obj
 0002:0000047c       __real@437f0000            000000018000b47c     p5engine.obj
 0002:00000480       __real@461c4000            000000018000b480     p5engine.obj
 0002:00000484       __real@47c35000            000000018000b484     p5engine.obj
 0002:00000488       __real@becccccd            000000018000b488     p5engine.obj
 0002:0000048c       __real@bf000000            000000018000b48c     p5engine.obj
 0002:00000490       __real@bf800000            000000018000b490     p5engine.obj
 0002:00000494       __real@c0000000            000000018000b494     p5engine.obj
 0002:00000498       __real@c0100000            000000018000b498     p5engine.obj
 0002:0000049c       __real@c0400000            000000018000b49c     p5engine.obj
 0002:000004a0       __xmm@000000003e8000003e8000003e800000 000000018000b4a0     p5engine.obj
 0002:000004b0       __xmm@3f800000000000003f0000003f800000 000000018000b4b0     p5engine.obj
 0002:000004c0       __xmm@3f800000000000003f8000003f800000 000000018000b4c0     p5engine.obj
 0002:000004d0       __xmm@3f8000003f0000003f0000003f000000 000000018000b4d0     p5engine.obj
 0002:000004e0       __xmm@7fffffff7fffffff7fffffff7fffffff 000000018000b4e0     p5engine.obj
 0002:000004f0       __xmm@80000000800000008000000080000000 000000018000b4f0     p5engine.obj
 0002:00000500       _pDefaultRawDllMain        000000018000b500     MSVCRTD:dll_dllmain.obj
 0002:00000500       _pRawDllMain               000000018000b500     MSVCRTD:dll_dllmain.obj
 0002:00000570       _load_config_used          000000018000b570     MSVCRTD:loadcfg.obj
 0002:00000700       __volatile_metadata        000000018000b700     <linker-defined>
 0002:000009f8       __rtc_iaa                  000000018000b9f8     MSVCRTD:initsect.obj
 0002:00000a00       __rtc_izz                  000000018000ba00     MSVCRTD:initsect.obj
 0002:00000a08       __rtc_taa                  000000018000ba08     MSVCRTD:initsect.obj
 0002:00000a10       __rtc_tzz                  000000018000ba10     MSVCRTD:initsect.obj
 0002:00001154       __IMPORT_DESCRIPTOR_VCRUNTIME140D 000000018000c154     vcruntimed:VCRUNTIME140D.dll
 0002:00001168       __IMPORT_DESCRIPTOR_ucrtbased 000000018000c168     ucrtd:ucrtbased.dll
 0002:0000117c       __IMPORT_DESCRIPTOR_KERNEL32 000000018000c17c     kernel32:KERNEL32.dll
 0002:00001190       __NULL_IMPORT_DESCRIPTOR   000000018000c190     vcruntimed:VCRUNTIME140D.dll
 0003:00000000       __security_cookie_complement 000000018000d000     MSVCRTD:gs_cookie.obj
 0003:00000008       __security_cookie          000000018000d008     MSVCRTD:gs_cookie.obj
 0003:00000010       _fltused                   000000018000d010     MSVCRTD:fltused.obj
 0003:00000014       __scrt_native_dllmain_reason 000000018000d014     MSVCRTD:utility.obj
 0003:00000018       __isa_available            000000018000d018     MSVCRTD:cpu_disp.obj
 0003:0000001c       __isa_enabled              000000018000d01c     MSVCRTD:cpu_disp.obj
 0003:00000020       __memcpy_nt_iters          000000018000d020     MSVCRTD:cpu_disp.obj
 0003:00000028       __memset_nt_iters          000000018000d028     MSVCRTD:cpu_disp.obj
 0003:00000030       __scrt_ucrt_dll_is_in_use  000000018000d030     MSVCRTD:ucrt_stubs.obj
 0003:000005c0       ?__type_info_root_node@@3U__type_info_node@@A 000000018000d5c0     MSVCRTD:tncleanup.obj
 0003:000005d0       ?_OptionsStorage@?1??__local_stdio_printf_options@@9@4_KA 000000018000d5d0     MSVCRTD:default_local_stdio_options.obj
 0003:000005d8       ?_OptionsStorage@?1??__local_stdio_scanf_options@@9@4_KA 000000018000d5d8     MSVCRTD:default_local_stdio_options.obj
 0003:000005e0       __scrt_current_native_startup_state 000000018000d5e0     MSVCRTD:utility.obj
 0003:000005e8       __scrt_native_startup_lock 000000018000d5e8     MSVCRTD:utility.obj
 0003:00000628       __scrt_debugger_hook_flag  000000018000d628     MSVCRTD:utility_desktop.obj
 0003:00000630       __castguard_check_failure_os_handled_fptr 000000018000d630     MSVCRTD:guard_support.obj
 0003:00000638       __favor                    000000018000d638     MSVCRTD:cpu_disp.obj
 0003:00000640       __dyn_tls_init_callback    000000018000d640     <common>
 0003:00000648       __DebuggerCurrentSteppingThreadId 000000018000d648     <common>

 entry point at        0001:000084a0

 Static symbols

 0000:fffee000       .debug$S                   0000000180000000     P5Engine.exp
 0000:fffee000       .debug$S                   0000000180000000     vcruntimed:VCRUNTIME140D.dll
 0000:fffee000       .debug$S                   0000000180000000     vcruntimed:VCRUNTIME140D.dll
 0000:fffee000       .debug$S                   0000000180000000     vcruntimed:VCRUNTIME140D.dll
 0000:fffee000       .debug$S                   0000000180000000     vcruntimed:VCRUNTIME140D.dll
 0000:fffee000       .debug$S                   0000000180000000     vcruntimed:VCRUNTIME140D.dll
 0000:fffee000       .debug$S                   0000000180000000     ucrtd:ucrtbased.dll
 0000:fffee000       .debug$S                   0000000180000000     ucrtd:ucrtbased.dll
 0000:fffee000       .debug$S                   0000000180000000     ucrtd:ucrtbased.dll
 0000:fffee000       .debug$S                   0000000180000000     ucrtd:ucrtbased.dll
 0000:fffee000       .debug$S                   0000000180000000     ucrtd:ucrtbased.dll
 0000:fffee000       .debug$S                   0000000180000000     ucrtd:ucrtbased.dll
 0000:fffee000       .debug$S                   0000000180000000     ucrtd:ucrtbased.dll
 0000:fffee000       .debug$S                   0000000180000000     ucrtd:ucrtbased.dll
 0000:fffee000       .debug$S                   0000000180000000     ucrtd:ucrtbased.dll
 0000:fffee000       .debug$S                   0000000180000000     ucrtd:ucrtbased.dll
 0000:fffee000       .debug$S                   0000000180000000     ucrtd:ucrtbased.dll
 0000:fffee000       .debug$S                   0000000180000000     ucrtd:ucrtbased.dll
 0000:fffee000       .debug$S                   0000000180000000     ucrtd:ucrtbased.dll
 0000:fffee000       .debug$S                   0000000180000000     ucrtd:ucrtbased.dll
 0000:fffee000       .debug$S                   0000000180000000     kernel32:KERNEL32.dll
 0000:fffee000       .debug$S                   0000000180000000     kernel32:KERNEL32.dll
 0000:fffee000       .debug$S                   0000000180000000     kernel32:KERNEL32.dll
 0000:fffee000       .debug$S                   0000000180000000     kernel32:KERNEL32.dll
 0000:fffee000       .debug$S                   0000000180000000     kernel32:KERNEL32.dll
 0000:fffee000       .debug$S                   0000000180000000     kernel32:KERNEL32.dll
 0000:fffee000       .debug$S                   0000000180000000     kernel32:KERNEL32.dll
 0000:fffee000       .debug$S                   0000000180000000     kernel32:KERNEL32.dll
 0000:fffee000       .debug$S                   0000000180000000     kernel32:KERNEL32.dll
 0000:fffee000       .debug$S                   0000000180000000     kernel32:KERNEL32.dll
 0000:fffee000       .debug$S                   0000000180000000     kernel32:KERNEL32.dll
 0000:fffee000       .debug$S                   0000000180000000     kernel32:KERNEL32.dll
 0000:fffee000       .debug$S                   0000000180000000     kernel32:KERNEL32.dll
 0000:fffee000       .debug$S                   0000000180000000     kernel32:KERNEL32.dll
 0000:fffee000       .debug$S                   0000000180000000     kernel32:KERNEL32.dll
 0000:fffee000       .debug$S                   0000000180000000     kernel32:KERNEL32.dll
 0000:fffee000       .debug$S                   0000000180000000     kernel32:KERNEL32.dll
 0001:00000060       ?AddCollisionRule@@YAXPEAUgame_state@@IIH@Z 0000000180001060 f   p5engine.obj
 0001:00000140       ?AddEntity@@YAPEAUsim_entity@@PEAUgame_state@@PEAUsim_region@@IPEAUlow_entity@@PEATv3@@@Z 0000000180001140 f   p5engine.obj
 0001:00000260       ?AddEntityRaw@@YAPEAUsim_entity@@PEAUgame_state@@PEAUsim_region@@IPEAUlow_entity@@@Z 0000000180001260 f   p5engine.obj
 0001:00000450       ?AddLowEntity@@YA?AUadd_low_entity_result@@PEAUgame_state@@W4entity_type@@Uworld_position@@@Z 0000000180001450 f   p5engine.obj
 0001:000005a0       ?BeginSim@@YAPEAUsim_region@@PEAUmemory_arena@@PEAUgame_state@@PEAUworld@@Uworld_position@@Urectangle3@@M@Z 00000001800015a0 f   p5engine.obj
 0001:00000cd0       ?ChangeEntityLocation@@YAXPEAUmemory_arena@@PEAUworld@@IPEAUlow_entity@@Uworld_position@@@Z 0000000180001cd0 f   p5engine.obj
 0001:000012f0       ?DEBUGLoadBMP@@YA?AUloaded_bitmap@@PEAUthread_context@@P6A?AUdebug_read_file_result@@0PEAD@Z1HH@Z 00000001800022f0 f   p5engine.obj
 0001:00001660       ?DrawHitpoints@@YAXPEAUsim_entity@@PEAUrender_group@@@Z 0000000180002660 f   p5engine.obj
 0001:000018a0       ?DrawRectangle@@YAXPEAUloaded_bitmap@@Tv2@@1Tv4@@@Z 00000001800028a0 f   p5engine.obj
 0001:00001a20       ?DrawRectangleSlowly@@YAXPEAUloaded_bitmap@@Tv2@@11Tv4@@00PEAUenvironment_map@@33M@Z 0000000180002a20 f   p5engine.obj
 0001:00003090       ?EndSim@@YAXPEAUsim_region@@PEAUgame_state@@@Z 0000000180004090 f   p5engine.obj
 0001:00003380       ?EntitiesOverlap@@YAHPEAUsim_entity@@0Tv3@@@Z 0000000180004380 f   p5engine.obj
 0001:00003760       ?GetHashFromStorageIndex@@YAPEAUsim_entity_hash@@PEAUsim_region@@I@Z 0000000180004760 f   p5engine.obj
 0001:00003c90       ?MakeSimpleGroundedCollision@@YAPEAUsim_entity_collision_volume_group@@PEAUgame_state@@MMM@Z 0000000180004c90 f   p5engine.obj
 0001:00003d90       ?MoveEntity@@YAXPEAUgame_state@@PEAUsim_region@@PEAUsim_entity@@MPEAUmove_spec@@Tv3@@@Z 0000000180004d90 f   p5engine.obj
 0001:00004e20       ?RenderGroupToOutput@@YAXPEAUrender_group@@PEAUloaded_bitmap@@@Z 0000000180005e20 f   p5engine.obj
 0001:00005890       ?Subtract@@YA?ATv3@@PEAUworld@@PEAUworld_position@@1@Z 0000000180006890 f   p5engine.obj
 0001:00007eb8       $LN797                     0000000180008eb8     p5engine.obj
 0001:00008060       $$000000                   0000000180009060     MSVCRTD:amdsecgs.obj
 0001:00008090       ?dllmain_crt_dispatch@@YAHQEAUHINSTANCE__@@KQEAX@Z 0000000180009090 f   MSVCRTD:dll_dllmain.obj
 0001:00008120       ?dllmain_crt_process_attach@@YAHQEAUHINSTANCE__@@QEAX@Z 0000000180009120 f   MSVCRTD:dll_dllmain.obj
 0001:00008260       ?dllmain_crt_process_detach@@YAH_N@Z 0000000180009260 f   MSVCRTD:dll_dllmain.obj
 0001:00008300       ?dllmain_dispatch@@YAHQEAUHINSTANCE__@@KQEAX@Z 0000000180009300 f   MSVCRTD:dll_dllmain.obj
 0001:00008440       ?dllmain_raw@@YAHQEAUHINSTANCE__@@KQEAX@Z 0000000180009440 f   MSVCRTD:dll_dllmain.obj
 0001:00008600       capture_previous_context   0000000180009600 f   MSVCRTD:gs_report.obj
 0001:000086c0       __get_entropy              00000001800096c0 f   MSVCRTD:gs_support.obj
 0001:00008910       ?find_pe_section@@YAPEAU_IMAGE_SECTION_HEADER@@QEAE_K@Z 0000000180009910 f   MSVCRTD:utility.obj
 0001:000089f0       ?is_potentially_valid_image_base@@YA_NQEAX@Z 00000001800099f0 f   MSVCRTD:utility.obj
 0001:00009590       $$000000                   000000018000a590     MSVCRTD:guard_dispatch.obj
 0001:000095b0       $$000000                   000000018000a5b0     MSVCRTD:guard_xfg_dispatch.obj
 0001:000095d0       ?fin$0@?0??dllmain_crt_process_attach@@YAHQEAUHINSTANCE__@@QEAX@Z@4HA 000000018000a5d0 f   MSVCRTD:dll_dllmain.obj
 0001:000095f0       ?fin$0@?0??dllmain_crt_process_detach@@YAH_N@Z@4HA 000000018000a5f0 f   MSVCRTD:dll_dllmain.obj
 0001:0000960a       ?fin$1@?0??dllmain_crt_process_detach@@YAH_N@Z@4HA 000000018000a60a f   MSVCRTD:dll_dllmain.obj
 0001:00009620       ?filt$0@?0??dllmain_dispatch@@YAHQEAUHINSTANCE__@@KQEAX@Z@4HA 000000018000a620 f   MSVCRTD:dll_dllmain.obj
 0001:00009670       __scrt_is_nonwritable_in_current_image$filt$0 000000018000a670 f   MSVCRTD:utility.obj
 0002:00000508       GS_ExceptionPointers       000000018000b508     MSVCRTD:gs_report.obj
 0002:00000a18       $unwind$?GetHashFromStorageIndex@@YAPEAUsim_entity_hash@@PEAUsim_region@@I@Z 000000018000ba18     p5engine.obj
 0002:00000a18       $unwind$?PushSize_@@YAPEAXPEAUmemory_arena@@_K@Z 000000018000ba18     p5engine.obj
 0002:00000a18       $unwind$_RTC_Initialize    000000018000ba18     MSVCRTD:initsect.obj
 0002:00000a18       $unwind$_RTC_Terminate     000000018000ba18     MSVCRTD:initsect.obj
 0002:00000a24       $unwind$??X@YAAEATv3@@AEAT0@M@Z 000000018000ba24     p5engine.obj
 0002:00000a30       $unwind$?GetStairGround@@YAMPEAUsim_entity@@Tv3@@@Z 000000018000ba30     p5engine.obj
 0002:00000a3c       $unwind$?AddCollisionRule@@YAXPEAUgame_state@@IIH@Z 000000018000ba3c     p5engine.obj
 0002:00000a3c       $unwind$?GetWorldChunk@@YAPEAUworld_chunk@@PEAUworld@@HHHPEAUmemory_arena@@@Z 000000018000ba3c     p5engine.obj
 0002:00000a50       $unwind$?DrawRectangle@@YAXPEAUloaded_bitmap@@Tv2@@1Tv4@@@Z 000000018000ba50     p5engine.obj
 0002:00000a6c       $unwind$?SRGBBilinearBlend@@YA?ATv4@@Ubilinear_sample@@MM@Z 000000018000ba6c     p5engine.obj
 0002:00000aa0       $unwind$?DrawRectangleSlowly@@YAXPEAUloaded_bitmap@@Tv2@@11Tv4@@00PEAUenvironment_map@@33M@Z 000000018000baa0     p5engine.obj
 0002:00000ad8       $chain$1$?DrawRectangleSlowly@@YAXPEAUloaded_bitmap@@Tv2@@11Tv4@@00PEAUenvironment_map@@33M@Z 000000018000bad8     p5engine.obj
 0002:00000af0       $chain$2$?DrawRectangleSlowly@@YAXPEAUloaded_bitmap@@Tv2@@11Tv4@@00PEAUenvironment_map@@33M@Z 000000018000baf0     p5engine.obj
 0002:00000b00       $unwind$?GetRenderEntityBasisPos@@YA?AUentity_basis_p_result@@PEAUrender_group@@PEAUrender_entity_basis@@Tv2@@@Z 000000018000bb00     p5engine.obj
 0002:00000b1c       $unwind$?RenderGroupToOutput@@YAXPEAUrender_group@@PEAUloaded_bitmap@@@Z 000000018000bb1c     p5engine.obj
 0002:00000b34       $chain$3$?RenderGroupToOutput@@YAXPEAUrender_group@@PEAUloaded_bitmap@@@Z 000000018000bb34     p5engine.obj
 0002:00000b54       $chain$4$?RenderGroupToOutput@@YAXPEAUrender_group@@PEAUloaded_bitmap@@@Z 000000018000bb54     p5engine.obj
 0002:00000b64       $unwind$?IsCanonical@@YAHMM@Z 000000018000bb64     p5engine.obj
 0002:00000b74       $unwind$?RecanonicalizeCoord@@YAXMPEAHPEAM@Z 000000018000bb74     p5engine.obj
 0002:00000b84       $unwind$?ChunkPositionFromTilePosition@@YA?AUworld_position@@PEAUworld@@HHHTv3@@@Z 000000018000bb84     p5engine.obj
 0002:00000ba8       $unwind$?Subtract@@YA?ATv3@@PEAUworld@@PEAUworld_position@@1@Z 000000018000bba8     p5engine.obj
 0002:00000bc0       $unwind$?ChangeEntityLocationRaw@@YAXPEAUmemory_arena@@PEAUworld@@IPEAUworld_position@@2@Z 000000018000bbc0     p5engine.obj
 0002:00000bd8       $unwind$?ChangeEntityLocation@@YAXPEAUmemory_arena@@PEAUworld@@IPEAUlow_entity@@Uworld_position@@@Z 000000018000bbd8     p5engine.obj
 0002:00000bec       $unwind$?AddEntity@@YAPEAUsim_entity@@PEAUgame_state@@PEAUsim_region@@IPEAUlow_entity@@PEATv3@@@Z 000000018000bbec     p5engine.obj
 0002:00000c00       $unwind$?AddEntityRaw@@YAPEAUsim_entity@@PEAUgame_state@@PEAUsim_region@@IPEAUlow_entity@@@Z 000000018000bc00     p5engine.obj
 0002:00000c18       $chain$0$?AddEntityRaw@@YAPEAUsim_entity@@PEAUgame_state@@PEAUsim_region@@IPEAUlow_entity@@@Z 000000018000bc18     p5engine.obj
 0002:00000c2c       $chain$1$?AddEntityRaw@@YAPEAUsim_entity@@PEAUgame_state@@PEAUsim_region@@IPEAUlow_entity@@@Z 000000018000bc2c     p5engine.obj
 0002:00000c40       $chain$2$?AddEntityRaw@@YAPEAUsim_entity@@PEAUgame_state@@PEAUsim_region@@IPEAUlow_entity@@@Z 000000018000bc40     p5engine.obj
 0002:00000c54       $chain$3$?AddEntityRaw@@YAPEAUsim_entity@@PEAUgame_state@@PEAUsim_region@@IPEAUlow_entity@@@Z 000000018000bc54     p5engine.obj
 0002:00000c64       $chain$4$?AddEntityRaw@@YAPEAUsim_entity@@PEAUgame_state@@PEAUsim_region@@IPEAUlow_entity@@@Z 000000018000bc64     p5engine.obj
 0002:00000c74       $chain$5$?AddEntityRaw@@YAPEAUsim_entity@@PEAUgame_state@@PEAUsim_region@@IPEAUlow_entity@@@Z 000000018000bc74     p5engine.obj
 0002:00000c84       $unwind$?EntityOverlapsRectangle@@YAHTv3@@Usim_entity_collision_volume@@Urectangle3@@@Z 000000018000bc84     p5engine.obj
 0002:00000cac       $unwind$?BeginSim@@YAPEAUsim_region@@PEAUmemory_arena@@PEAUgame_state@@PEAUworld@@Uworld_position@@Urectangle3@@M@Z 000000018000bcac     p5engine.obj
 0002:00000cd8       $chain$3$?BeginSim@@YAPEAUsim_region@@PEAUmemory_arena@@PEAUgame_state@@PEAUworld@@Uworld_position@@Urectangle3@@M@Z 000000018000bcd8     p5engine.obj
 0002:00000cf8       $chain$4$?BeginSim@@YAPEAUsim_region@@PEAUmemory_arena@@PEAUgame_state@@PEAUworld@@Uworld_position@@Urectangle3@@M@Z 000000018000bcf8     p5engine.obj
 0002:00000d08       $unwind$?EndSim@@YAXPEAUsim_region@@PEAUgame_state@@@Z 000000018000bd08     p5engine.obj
 0002:00000d1c       $chain$5$?EndSim@@YAXPEAUsim_region@@PEAUgame_state@@@Z 000000018000bd1c     p5engine.obj
 0002:00000d44       $chain$6$?EndSim@@YAXPEAUsim_region@@PEAUgame_state@@@Z 000000018000bd44     p5engine.obj
 0002:00000d54       $unwind$?EntitiesOverlap@@YAHPEAUsim_entity@@0Tv3@@@Z 000000018000bd54     p5engine.obj
 0002:00000d9c       $unwind$?MoveEntity@@YAXPEAUgame_state@@PEAUsim_region@@PEAUsim_entity@@MPEAUmove_spec@@Tv3@@@Z 000000018000bd9c     p5engine.obj
 0002:00000de8       $unwind$?DEBUGLoadBMP@@YA?AUloaded_bitmap@@PEAUthread_context@@P6A?AUdebug_read_file_result@@0PEAD@Z1HH@Z 000000018000bde8     p5engine.obj
 0002:00000e00       $chain$3$?DEBUGLoadBMP@@YA?AUloaded_bitmap@@PEAUthread_context@@P6A?AUdebug_read_file_result@@0PEAD@Z1HH@Z 000000018000be00     p5engine.obj
 0002:00000e20       $chain$6$?DEBUGLoadBMP@@YA?AUloaded_bitmap@@PEAUthread_context@@P6A?AUdebug_read_file_result@@0PEAD@Z1HH@Z 000000018000be20     p5engine.obj
 0002:00000e3c       $chain$7$?DEBUGLoadBMP@@YA?AUloaded_bitmap@@PEAUthread_context@@P6A?AUdebug_read_file_result@@0PEAD@Z1HH@Z 000000018000be3c     p5engine.obj
 0002:00000e4c       $chain$8$?DEBUGLoadBMP@@YA?AUloaded_bitmap@@PEAUthread_context@@P6A?AUdebug_read_file_result@@0PEAD@Z1HH@Z 000000018000be4c     p5engine.obj
 0002:00000e5c       $unwind$?AddLowEntity@@YA?AUadd_low_entity_result@@PEAUgame_state@@W4entity_type@@Uworld_position@@@Z 000000018000be5c     p5engine.obj
 0002:00000e78       $unwind$?DrawHitpoints@@YAXPEAUsim_entity@@PEAUrender_group@@@Z 000000018000be78     p5engine.obj
 0002:00000e90       $unwind$?MakeSimpleGroundedCollision@@YAPEAUsim_entity_collision_volume_group@@PEAUgame_state@@MMM@Z 000000018000be90     p5engine.obj
 0002:00000ea4       $unwind$GameUpdateAndRender 000000018000bea4     p5engine.obj
 0002:00000eb8       $chain$14$GameUpdateAndRender 000000018000beb8     p5engine.obj
 0002:00000f04       $chain$16$GameUpdateAndRender 000000018000bf04     p5engine.obj
 0002:00000f1c       $chain$17$GameUpdateAndRender 000000018000bf1c     p5engine.obj
 0002:00000f38       $chain$18$GameUpdateAndRender 000000018000bf38     p5engine.obj
 0002:00000f50       $chain$19$GameUpdateAndRender 000000018000bf50     p5engine.obj
 0002:00000f64       $chain$20$GameUpdateAndRender 000000018000bf64     p5engine.obj
 0002:00000f74       $unwind$GameGetSoundSamples 000000018000bf74     p5engine.obj
 0002:00000f7c       $unwind$__CheckForDebuggerJustMyCode 000000018000bf7c     MSVCRTD:debugger_jmc.obj
 0002:00000f7c       $unwind$__report_gsfailure 000000018000bf7c     MSVCRTD:gs_report.obj
 0002:00000f84       $unwind$__GSHandlerCheckCommon 000000018000bf84     MSVCRTD:gshandler.obj
 0002:00000f8c       $unwind$__GSHandlerCheck   000000018000bf8c     MSVCRTD:gshandler.obj
 0002:00000f98       $xdatasym                  000000018000bf98     MSVCRTD:amdsecgs.obj
 0002:00000f9c       $unwind$?dllmain_crt_process_attach@@YAHQEAUHINSTANCE__@@QEAX@Z 000000018000bf9c     MSVCRTD:dll_dllmain.obj
 0002:00000fbc       $unwind$?fin$0@?0??dllmain_crt_process_attach@@YAHQEAUHINSTANCE__@@QEAX@Z@4HA 000000018000bfbc     MSVCRTD:dll_dllmain.obj
 0002:00000fbc       $unwind$?fin$0@?0??dllmain_crt_process_detach@@YAH_N@Z@4HA 000000018000bfbc     MSVCRTD:dll_dllmain.obj
 0002:00000fbc       $unwind$?fin$1@?0??dllmain_crt_process_detach@@YAH_N@Z@4HA 000000018000bfbc     MSVCRTD:dll_dllmain.obj
 0002:00000fbc       $unwind$__scrt_is_nonwritable_in_current_image$filt$0 000000018000bfbc     MSVCRTD:utility.obj
 0002:00000fc4       $unwind$?dllmain_crt_process_detach@@YAH_N@Z 000000018000bfc4     MSVCRTD:dll_dllmain.obj
 0002:00000ff4       $unwind$?dllmain_crt_dispatch@@YAHQEAUHINSTANCE__@@KQEAX@Z 000000018000bff4     MSVCRTD:dll_dllmain.obj
 0002:00000ff4       $unwind$?dllmain_raw@@YAHQEAUHINSTANCE__@@KQEAX@Z 000000018000bff4     MSVCRTD:dll_dllmain.obj
 0002:00000ffc       $unwind$?dllmain_dispatch@@YAHQEAUHINSTANCE__@@KQEAX@Z 000000018000bffc     MSVCRTD:dll_dllmain.obj
 0002:0000101c       $unwind$?filt$0@?0??dllmain_dispatch@@YAHQEAUHINSTANCE__@@KQEAX@Z@4HA 000000018000c01c     MSVCRTD:dll_dllmain.obj
 0002:00001024       $unwind$_DllMainCRTStartup 000000018000c024     MSVCRTD:dll_dllmain.obj
 0002:00001024       $unwind$DllMain            000000018000c024     MSVCRTD:dll_dllmain_stub.obj
 0002:0000102c       $unwind$capture_previous_context 000000018000c02c     MSVCRTD:gs_report.obj
 0002:00001034       $unwind$__raise_securityfailure 000000018000c034     MSVCRTD:gs_report.obj
 0002:00001034       $unwind$?is_potentially_valid_image_base@@YA_NQEAX@Z 000000018000c034     MSVCRTD:utility.obj
 0002:0000103c       $unwind$__scrt_initialize_default_local_stdio_options 000000018000c03c     MSVCRTD:default_local_stdio_options.obj
 0002:0000103c       $unwind$__security_init_cookie 000000018000c03c     MSVCRTD:gs_support.obj
 0002:00001044       $unwind$__get_entropy      000000018000c044     MSVCRTD:gs_support.obj
 0002:0000104c       $unwind$?__scrt_initialize_type_info@@YAXXZ 000000018000c04c     MSVCRTD:tncleanup.obj
 0002:0000104c       $unwind$?__scrt_uninitialize_type_info@@YAXXZ 000000018000c04c     MSVCRTD:tncleanup.obj
 0002:0000104c       $unwind$?configure_argv@__scrt_narrow_argv_policy@@SAHXZ 000000018000c04c     MSVCRTD:utility.obj
 0002:0000104c       $unwind$?initialize_environment@__scrt_narrow_environment_policy@@SAHXZ 000000018000c04c     MSVCRTD:utility.obj
 0002:0000104c       $unwind$__scrt_dllmain_after_initialize_c 000000018000c04c     MSVCRTD:utility.obj
 0002:0000104c       $unwind$__scrt_dllmain_before_initialize_c 000000018000c04c     MSVCRTD:utility.obj
 0002:0000104c       $unwind$__scrt_dllmain_crt_thread_attach 000000018000c04c     MSVCRTD:utility.obj
 0002:0000104c       $unwind$__scrt_dllmain_crt_thread_detach 000000018000c04c     MSVCRTD:utility.obj
 0002:0000104c       $unwind$__scrt_dllmain_uninitialize_c 000000018000c04c     MSVCRTD:utility.obj
 0002:0000104c       $unwind$__scrt_dllmain_uninitialize_critical 000000018000c04c     MSVCRTD:utility.obj
 0002:00001054       $unwind$__scrt_is_nonwritable_in_current_image 000000018000c054     MSVCRTD:utility.obj
 0002:00001074       $unwind$__scrt_acquire_startup_lock 000000018000c074     MSVCRTD:utility.obj
 0002:0000107c       $unwind$__scrt_initialize_crt 000000018000c07c     MSVCRTD:utility.obj
 0002:0000107c       $unwind$__scrt_release_startup_lock 000000018000c07c     MSVCRTD:utility.obj
 0002:00001084       $unwind$__scrt_uninitialize_crt 000000018000c084     MSVCRTD:utility.obj
 0002:0000108c       $unwind$__scrt_initialize_onexit_tables 000000018000c08c     MSVCRTD:utility.obj
 0002:00001098       $unwind$__scrt_dllmain_exception_filter 000000018000c098     MSVCRTD:utility.obj
 0002:000010a0       $unwind$?find_pe_section@@YAPEAU_IMAGE_SECTION_HEADER@@QEAE_K@Z 000000018000c0a0     MSVCRTD:utility.obj
 0002:000010a8       $unwind$__scrt_fastfail    000000018000c0a8     MSVCRTD:utility_desktop.obj
 0002:000010b4       $unwind$__isa_available_init 000000018000c0b4     MSVCRTD:cpu_disp.obj
 0002:000010c4       $unwind$__scrt_is_ucrt_dll_in_use 000000018000c0c4     MSVCRTD:ucrt_detection.obj
 0002:000010d0       $xdatasym                  000000018000c0d0     MSVCRTD:guard_dispatch.obj
 0002:000010d8       $xdatasym                  000000018000c0d8     MSVCRTD:guard_xfg_dispatch.obj
 0002:000010e0       .edata                     000000018000c0e0     P5Engine.exp
 0002:00001108       rgpv                       000000018000c108     P5Engine.exp
 0002:00001110       rgszName                   000000018000c110     P5Engine.exp
 0002:00001118       rgwOrd                     000000018000c118     P5Engine.exp
 0002:0000111c       szName                     000000018000c11c     P5Engine.exp
 0002:00001129       $N00001                    000000018000c129     P5Engine.exp
 0002:0000113d       $N00002                    000000018000c13d     P5Engine.exp
 0002:000012e2       .idata$6                   000000018000c2e2     vcruntimed:VCRUNTIME140D.dll
 0002:000013ac       .idata$6                   000000018000c3ac     ucrtd:ucrtbased.dll
 0002:00001520       .idata$6                   000000018000c520     kernel32:KERNEL32.dll
 0003:00000040       ?__proc_attached@@3HA      000000018000d040     MSVCRTD:dll_dllmain.obj
 0003:00000050       GS_ExceptionRecord         000000018000d050     MSVCRTD:gs_report.obj
 0003:000000f0       GS_ContextRecord           000000018000d0f0     MSVCRTD:gs_report.obj
 0003:000005f0       ?is_initialized_as_dll@@3_NA 000000018000d5f0     MSVCRTD:utility.obj
 0003:000005f1       ?module_local_atexit_table_initialized@@3_NA 000000018000d5f1     MSVCRTD:utility.obj
 0003:000005f8       ?module_local_atexit_table@@3U_onexit_table_t@@A 000000018000d5f8     MSVCRTD:utility.obj
 0003:00000610       ?module_local_at_quick_exit_table@@3U_onexit_table_t@@A 000000018000d610     MSVCRTD:utility.obj
 0005:00000000       __7D4BEAAE_p5engine_platform@h 000000018000f000     p5engine.obj
 0005:00000001       __741AE07E_corecrt_math@h  000000018000f001     p5engine.obj
 0005:00000002       __20BB4341_malloc@h        000000018000f002     p5engine.obj
 0005:00000003       __7BF3FA8A_p5engine_intrinsics@h 000000018000f003     p5engine.obj
 0005:00000004       __87290AA6_p5engine_math@h 000000018000f004     p5engine.obj
 0005:00000005       __F17FF173_p5engine_entity@h 000000018000f005     p5engine.obj
 0005:00000006       __BD87FD4A_p5engine@h      000000018000f006     p5engine.obj
 0005:00000007       __6F2BF339_p5engine_render_group@cpp 000000018000f007     p5engine.obj
 0005:00000008       __281AC6F8_p5engine_world@cpp 000000018000f008     p5engine.obj
 0005:00000009       __B07C4A52_p5engine_sim_region@cpp 000000018000f009     p5engine.obj
 0005:0000000a       __BDC7FEEB_p5engine_entity@cpp 000000018000f00a     p5engine.obj
 0005:0000000b       __B7A387D6_p5engine_random@h 000000018000f00b     p5engine.obj
 0005:0000000c       __BAF57382_p5engine@cpp    000000018000f00c     p5engine.obj
 0006:00000060       $R000000                   0000000180010060     * linker generated manifest res *
