 P5Engine

 Timestamp is 6165300c (Mon Oct 11 23:49:48 2021)

 Preferred load address is 0000000180000000

 Start         Length     Name                   Class
 0001:00000000 00010000H .textbss                DATA
 0002:00000000 00015670H .text$mn                CODE
 0002:00015670 00001040H .text$mn$00             CODE
 0002:000166b0 0000110fH .text$x                 CODE
 0003:00000000 00000110H .CRT$XCA                DATA
 0003:00000110 00000110H .CRT$XCZ                DATA
 0003:00000220 00000110H .CRT$XIA                DATA
 0003:00000330 00000110H .CRT$XIZ                DATA
 0003:00000440 00000110H .CRT$XPA                DATA
 0003:00000550 00000110H .CRT$XPZ                DATA
 0003:00000660 00000110H .CRT$XTA                DATA
 0003:00000770 00000110H .CRT$XTZ                DATA
 0003:00000880 00000700H .rdata                  DATA
 0003:00000f80 00000110H .rdata$CastGuardVftablesA DATA
 0003:00001090 0000010cH .rdata$CastGuardVftablesC DATA
 0003:0000119c 0000017cH .rdata$zzzdbg           DATA
 0003:00001318 00000110H .rtc$IAA                DATA
 0003:00001428 00000110H .rtc$IZZ                DATA
 0003:00001538 00000110H .rtc$TAA                DATA
 0003:00001648 00000110H .rtc$TZZ                DATA
 0003:00001758 00001078H .xdata                  DATA
 0003:000027d0 00000187H .edata                  DATA
 0004:00000000 00004e20H .data                   DATA
 0004:00004e20 00000768H .bss                    DATA
 0005:00000000 00002664H .pdata                  DATA
 0006:00000000 00000278H .idata$5                DATA
 0006:00000278 0000003cH .idata$2                DATA
 0006:000002b4 00000014H .idata$3                DATA
 0006:000002c8 00000278H .idata$4                DATA
 0006:00000540 000004a9H .idata$6                DATA
 0007:00000000 0000010fH .msvcjmc                DATA
 0008:00000000 00000151H .00cfg                  DATA
 0009:00000000 00000170H .rsrc$01                DATA
 0009:00000170 000001b6H .rsrc$02                DATA

  Address         Publics by Value              Rva+Base               Lib:Object

 0000:00000000       __guard_iat_count          0000000000000000     <absolute>
 0000:00000000       __guard_eh_cont_count      0000000000000000     <absolute>
 0000:00000000       ___safe_se_handler_table   0000000000000000     <absolute>
 0000:00000000       ___safe_se_handler_count   0000000000000000     <absolute>
 0000:00000000       __arm64x_extra_rfe_table_size 0000000000000000     <absolute>
 0000:00000000       __guard_check_icall_a64n_fptr 0000000000000000     <absolute>
 0000:00000000       __volatile_metadata        0000000000000000     <absolute>
 0000:00000000       __guard_fids_table         0000000000000000     <absolute>
 0000:00000000       __hybrid_code_map_count    0000000000000000     <absolute>
 0000:00000000       __x64_code_ranges_to_entry_points_count 0000000000000000     <absolute>
 0000:00000000       __hybrid_auxiliary_iat_copy 0000000000000000     <absolute>
 0000:00000000       __hybrid_code_map          0000000000000000     <absolute>
 0000:00000000       __hybrid_auxiliary_iat     0000000000000000     <absolute>
 0000:00000000       __arm64x_extra_rfe_table   0000000000000000     <absolute>
 0000:00000000       __dynamic_value_reloc_table 0000000000000000     <absolute>
 0000:00000000       __arm64x_redirection_metadata 0000000000000000     <absolute>
 0000:00000000       __guard_fids_count         0000000000000000     <absolute>
 0000:00000000       __arm64x_native_entrypoint 0000000000000000     <absolute>
 0000:00000000       __guard_longjmp_count      0000000000000000     <absolute>
 0000:00000000       __AbsoluteZero             0000000000000000     <absolute>
 0000:00000000       __guard_eh_cont_table      0000000000000000     <absolute>
 0000:00000000       __guard_iat_table          0000000000000000     <absolute>
 0000:00000000       __x64_code_ranges_to_entry_points 0000000000000000     <absolute>
 0000:00000000       __arm64x_redirection_metadata_count 0000000000000000     <absolute>
 0000:00000000       __enclave_config           0000000000000000     <absolute>
 0000:00000000       __guard_longjmp_table      0000000000000000     <absolute>
 0000:00000100       __guard_flags              0000000000000100     <absolute>
 0000:00000000       __ImageBase                0000000180000000     <linker-defined>
 0001:00000000       __enc$textbss$begin        0000000180001000     <linker-defined>
 0001:00010000       __enc$textbss$end          0000000180011000     <linker-defined>
 0002:000008e0       ??D@YA?ATv2@@MT0@@Z        00000001800118e0 f i p5engine.obj
 0002:00000980       ??D@YA?ATv3@@MT0@@Z        0000000180011980 f i p5engine.obj
 0002:00000a80       ??D@YA?ATv3@@T0@M@Z        0000000180011a80 f i p5engine.obj
 0002:00000b30       ??D@YA?ATv4@@MT0@@Z        0000000180011b30 f i p5engine.obj
 0002:00000c50       ??G@YA?ATv2@@T0@0@Z        0000000180011c50 f i p5engine.obj
 0002:00000cf0       ??G@YA?ATv2@@T0@@Z         0000000180011cf0 f i p5engine.obj
 0002:00000d80       ??G@YA?ATv3@@T0@0@Z        0000000180011d80 f i p5engine.obj
 0002:00000e80       ??H@YA?ATv2@@T0@0@Z        0000000180011e80 f i p5engine.obj
 0002:00000f20       ??H@YA?ATv3@@T0@0@Z        0000000180011f20 f i p5engine.obj
 0002:00001020       ??H@YA?ATv4@@T0@0@Z        0000000180012020 f i p5engine.obj
 0002:00001150       ??X@YAAEATv3@@AEAT0@M@Z    0000000180012150 f i p5engine.obj
 0002:00001200       ??Y@YAAEATv2@@AEAT0@T0@@Z  0000000180012200 f i p5engine.obj
 0002:00001260       ??Y@YAAEATv3@@AEAT0@T0@@Z  0000000180012260 f i p5engine.obj
 0002:00001320       ??Z@YAAEATv3@@AEAT0@T0@@Z  0000000180012320 f i p5engine.obj
 0002:000013e0       ?AbsoluteValue@@YAMM@Z     00000001800123e0 f i p5engine.obj
 0002:00001b20       ?AddFlags@@YAXPEAUsim_entity@@I@Z 0000000180012b20 f i p5engine.obj
 0002:000021c0       ?AddRadiusTo@@YA?AUrectangle3@@U1@Tv3@@@Z 00000001800131c0 f i p5engine.obj
 0002:00002af0       ?AreInSameChunk@@YAHPEAUworld@@PEAUworld_position@@1@Z 0000000180013af0 f i p5engine.obj
 0002:00003370       ?BeginTemporaryMemory@@YA?AUtemporary_memory@@PEAUmemory_arena@@@Z 0000000180014370 f i p5engine.obj
 0002:00003670       ?CeilReal32ToInt32@@YAHM@Z 0000000180014670 f i p5engine.obj
 0002:000036c0       ?CenteredChunkPoint@@YA?AUworld_position@@III@Z 00000001800146c0 f i p5engine.obj
 0002:00003950       ?ChangeEntityLocationRaw@@YAXPEAUmemory_arena@@PEAUworld@@IPEAUworld_position@@2@Z 0000000180014950 f i p5engine.obj
 0002:00003de0       ?CheckArena@@YAXPEAUmemory_arena@@@Z 0000000180014de0 f i p5engine.obj
 0002:00003e30       ?ChunkPositionFromTilePosition@@YA?AUworld_position@@PEAUworld@@HHHTv3@@@Z 0000000180014e30 f i p5engine.obj
 0002:00004150       ?Clamp01@@YA?ATv2@@T1@@Z   0000000180015150 f i p5engine.obj
 0002:000041e0       ?Clamp01@@YAMM@Z           00000001800151e0 f i p5engine.obj
 0002:00004240       ?Clamp@@YAMMMM@Z           0000000180015240 f i p5engine.obj
 0002:000042d0       ?Clear@@YAXPEAUrender_group@@Tv4@@@Z 00000001800152d0 f i p5engine.obj
 0002:000044c0       ?ClearFlags@@YAXPEAUsim_entity@@I@Z 00000001800154c0 f i p5engine.obj
 0002:00004510       ?CoordinateSystem@@YAPEAUrender_entry_coordinate_system@@PEAUrender_group@@Tv2@@11Tv4@@PEAUloaded_bitmap@@@Z 0000000180015510 f i p5engine.obj
 0002:000045e0       ?Cos@@YAMM@Z               00000001800155e0 f i p5engine.obj
 0002:00004ba0       ?DefaultMoveSpec@@YA?AUmove_spec@@XZ 0000000180015ba0 f i p5engine.obj
 0002:00006790       ?EndTemporaryMemory@@YAXUtemporary_memory@@@Z 0000000180017790 f i p5engine.obj
 0002:00006c00       ?EntityOverlapsRectangle@@YAHTv3@@Usim_entity_collision_volume@@Urectangle3@@@Z 0000000180017c00 f i p5engine.obj
 0002:000075a0       ?FindLeastSignificantSetBit@@YA?AUbit_scan_result@@I@Z 00000001800185a0 f i p5engine.obj
 0002:00007620       ?FloorReal32ToInt32@@YAHM@Z 0000000180018620 f i p5engine.obj
 0002:00007740       ?GetBarycentric@@YA?ATv2@@Urectangle2@@T1@@Z 0000000180018740 f i p5engine.obj
 0002:00007810       ?GetEntityGroundPoint@@YA?ATv3@@PEAUsim_entity@@@Z 0000000180018810 f i p5engine.obj
 0002:000078c0       ?GetEntityGroundPoint@@YA?ATv3@@PEAUsim_entity@@T1@@Z 00000001800188c0 f i p5engine.obj
 0002:00007a20       ?GetLowEntity@@YAPEAUlow_entity@@PEAUgame_state@@I@Z 0000000180018a20 f i p5engine.obj
 0002:00007aa0       ?GetMaxCorner@@YA?ATv3@@Urectangle3@@@Z 0000000180018aa0 f i p5engine.obj
 0002:00007b10       ?GetMinCorner@@YA?ATv3@@Urectangle3@@@Z 0000000180018b10 f i p5engine.obj
 0002:00007b80       ?GetRenderEntityBasisPos@@YA?ATv2@@PEAUrender_group@@PEAUrender_entity_basis@@T1@@Z 0000000180018b80 f i p5engine.obj
 0002:00007d20       ?GetSimSpacePos@@YA?ATv3@@PEAUsim_region@@PEAUlow_entity@@@Z 0000000180018d20 f i p5engine.obj
 0002:00007e50       ?GetStairGround@@YAMPEAUsim_entity@@Tv3@@@Z 0000000180018e50 f i p5engine.obj
 0002:00007f70       ?GetWorldChunk@@YAPEAUworld_chunk@@PEAUworld@@HHHPEAUmemory_arena@@@Z 0000000180018f70 f i p5engine.obj
 0002:000081b0       ?Hadamard@@YA?ATv3@@T1@0@Z 00000001800191b0 f i p5engine.obj
 0002:000082b0       ?Hadamard@@YA?ATv4@@T1@0@Z 00000001800192b0 f i p5engine.obj
 0002:00008580       ?HasFlag@@YAHPEAUsim_entity@@I@Z 0000000180019580 f i p5engine.obj
 0002:00008680       ?InitializeArena@@YAXPEAUmemory_arena@@_KPEAX@Z 0000000180019680 f i p5engine.obj
 0002:000087a0       ?Inner@@YAMTv2@@0@Z        00000001800197a0 f i p5engine.obj
 0002:00008800       ?Inner@@YAMTv3@@0@Z        0000000180019800 f i p5engine.obj
 0002:00008890       ?IsCanonical@@YAHMM@Z      0000000180019890 f i p5engine.obj
 0002:00008940       ?IsCanonical@@YAHPEAUworld@@Tv3@@@Z 0000000180019940 f i p5engine.obj
 0002:00008a00       ?IsInRectangle@@YAHUrectangle3@@Tv3@@@Z 0000000180019a00 f i p5engine.obj
 0002:00008ae0       ?IsValid@@YAHUworld_position@@@Z 0000000180019ae0 f i p5engine.obj
 0002:00008b40       ?Length@@YAMTv3@@@Z        0000000180019b40 f i p5engine.obj
 0002:00008bb0       ?LengthSq@@YAMTv2@@@Z      0000000180019bb0 f i p5engine.obj
 0002:00008c00       ?LengthSq@@YAMTv3@@@Z      0000000180019c00 f i p5engine.obj
 0002:00008c90       ?Lerp@@YA?ATv4@@T1@M0@Z    0000000180019c90 f i p5engine.obj
 0002:00008e30       ?Linear1ToSRGB255@@YA?ATv4@@T1@@Z 0000000180019e30 f i p5engine.obj
 0002:00008f70       ?LoadEntityReference@@YAXPEAUgame_state@@PEAUsim_region@@PEATentity_reference@@@Z 0000000180019f70 f i p5engine.obj
 0002:000091e0       ?MakeEntityNonSpatial@@YAXPEAUsim_entity@@@Z 000000018001a1e0 f i p5engine.obj
 0002:00009290       ?MakeEntitySpatial@@YAXPEAUsim_entity@@Tv3@@1@Z 000000018001a290 f i p5engine.obj
 0002:00009590       ?MapIntoChunkSpace@@YA?AUworld_position@@PEAUworld@@U1@Tv3@@@Z 000000018001a590 f i p5engine.obj
 0002:0000b600       ?NullPosition@@YA?AUworld_position@@XZ 000000018001c600 f i p5engine.obj
 0002:0000b6a0       ?Perp@@YA?ATv2@@T1@@Z      000000018001c6a0 f i p5engine.obj
 0002:0000b6f0       ?PushBitmap@@YAXPEAUrender_group@@PEAUloaded_bitmap@@Tv2@@M2MM@Z 000000018001c6f0 f i p5engine.obj
 0002:0000b830       ?PushEntry@@YAXPEAUrender_group@@PEAUloaded_bitmap@@Tv2@@2M2Tv4@@M@Z 000000018001c830 f i p5engine.obj
 0002:0000b9c0       ?PushRect@@YAXPEAUrender_group@@Tv2@@M1Tv4@@M@Z 000000018001c9c0 f i p5engine.obj
 0002:0000bbb0       ?PushRectOutline@@YAXPEAUrender_group@@Tv2@@M1Tv4@@M@Z 000000018001cbb0 f i p5engine.obj
 0002:0000bf20       ?PushRenderElement_@@YAPEAXPEAUrender_group@@IW4render_group_entry_type@@@Z 000000018001cf20 f i p5engine.obj
 0002:0000bff0       ?PushSize_@@YAPEAXPEAUmemory_arena@@_K@Z 000000018001cff0 f i p5engine.obj
 0002:0000c080       ?RandomChoice@@YAIPEAUrandom_series@@I@Z 000000018001d080 f i p5engine.obj
 0002:0000c0d0       ?RandomNextUInt32@@YAIPEAUrandom_series@@@Z 000000018001d0d0 f i p5engine.obj
 0002:0000c150       ?RandomSeed@@YA?AUrandom_series@@I@Z 000000018001d150 f i p5engine.obj
 0002:0000c1d0       ?RandomUnilateral@@YAMPEAUrandom_series@@@Z 000000018001d1d0 f i p5engine.obj
 0002:0000c240       ?RecanonicalizeCoord@@YAXMPEAHPEAM@Z 000000018001d240 f i p5engine.obj
 0002:0000c300       ?RectCenterDim@@YA?AUrectangle2@@Tv2@@0@Z 000000018001d300 f i p5engine.obj
 0002:0000c3b0       ?RectCenterDim@@YA?AUrectangle3@@Tv3@@0@Z 000000018001d3b0 f i p5engine.obj
 0002:0000c4e0       ?RectCenterHalfDim@@YA?AUrectangle2@@Tv2@@0@Z 000000018001d4e0 f i p5engine.obj
 0002:0000c5d0       ?RectCenterHalfDim@@YA?AUrectangle3@@Tv3@@0@Z 000000018001d5d0 f i p5engine.obj
 0002:0000c790       ?RectanglesIntersect@@YAHUrectangle3@@0@Z 000000018001d790 f i p5engine.obj
 0002:0000ce60       ?RoundReal32ToInt32@@YAHM@Z 000000018001de60 f i p5engine.obj
 0002:0000ceb0       ?RoundReal32ToUInt32@@YAIM@Z 000000018001deb0 f i p5engine.obj
 0002:0000cf00       ?SRGB255ToLinear1@@YA?ATv4@@T1@@Z 000000018001df00 f i p5engine.obj
 0002:0000d020       ?Sin@@YAMM@Z               000000018001e020 f i p5engine.obj
 0002:0000d1b0       ?Square@@YAMM@Z            000000018001e1b0 f i p5engine.obj
 0002:0000d200       ?SquareRoot@@YAMM@Z        000000018001e200 f i p5engine.obj
 0002:0000d250       ?StoreEntityReference@@YAXPEATentity_reference@@@Z 000000018001e250 f i p5engine.obj
 0002:0000d580       ?V2@@YA?ATv2@@MM@Z         000000018001e580 f i p5engine.obj
 0002:0000d610       ?V2i@@YA?ATv2@@HH@Z        000000018001e610 f i p5engine.obj
 0002:0000d670       ?V3@@YA?ATv3@@MMM@Z        000000018001e670 f i p5engine.obj
 0002:0000d740       ?V4@@YA?ATv4@@MMMM@Z       000000018001e740 f i p5engine.obj
 0002:0000d830       ?ZeroSize@@YAX_KPEAX@Z     000000018001e830 f i p5engine.obj
 0002:0000d8b0       GameGetSoundSamples        000000018001e8b0 f   p5engine.obj
 0002:0000d910       GameUpdateAndRender        000000018001e910 f   p5engine.obj
 0002:00011990       GetController              0000000180022990 f i p5engine.obj
 0002:00011a00       __JustMyCode_Default       0000000180022a00 f i p5engine.obj
 0002:00011a10       __CheckForDebuggerJustMyCode 0000000180022a10 f   MSVCRTD:debugger_jmc.obj
 0002:00011a60       __GSHandlerCheck           0000000180022a60 f   MSVCRTD:gshandler.obj
 0002:00011ab0       __GSHandlerCheckCommon     0000000180022ab0 f   MSVCRTD:gshandler.obj
 0002:00011c00       _alloca_probe              0000000180022c00 f   MSVCRTD:chkstk.obj
 0002:00011c00       __chkstk                   0000000180022c00 f   MSVCRTD:chkstk.obj
 0002:00011c80       __security_check_cookie    0000000180022c80 f   MSVCRTD:amdsecgs.obj
 0002:000121b0       _CRT_INIT                  00000001800231b0 f   MSVCRTD:dll_dllmain.obj
 0002:000121f0       _DllMainCRTStartup         00000001800231f0 f   MSVCRTD:dll_dllmain.obj
 0002:00012240       __raise_securityfailure    0000000180023240 f   MSVCRTD:gs_report.obj
 0002:00012290       __report_gsfailure         0000000180023290 f   MSVCRTD:gs_report.obj
 0002:000123a0       __report_rangecheckfailure 00000001800233a0 f   MSVCRTD:gs_report.obj
 0002:000123c0       __report_securityfailure   00000001800233c0 f   MSVCRTD:gs_report.obj
 0002:00012490       __report_securityfailureEx 0000000180023490 f   MSVCRTD:gs_report.obj
 0002:00012880       __security_init_cookie     0000000180023880 f   MSVCRTD:gs_support.obj
 0002:00012920       DllMain                    0000000180023920 f   MSVCRTD:dll_dllmain_stub.obj
 0002:00012970       ?__scrt_initialize_type_info@@YAXXZ 0000000180023970 f   MSVCRTD:tncleanup.obj
 0002:00012990       ?__scrt_uninitialize_type_info@@YAXXZ 0000000180023990 f   MSVCRTD:tncleanup.obj
 0002:000129b0       __local_stdio_printf_options 00000001800239b0 f i MSVCRTD:default_local_stdio_options.obj
 0002:000129c0       __local_stdio_scanf_options 00000001800239c0 f i MSVCRTD:default_local_stdio_options.obj
 0002:000129d0       __scrt_initialize_default_local_stdio_options 00000001800239d0 f   MSVCRTD:default_local_stdio_options.obj
 0002:00012a30       ?configure_argv@__scrt_narrow_argv_policy@@SAHXZ 0000000180023a30 f i MSVCRTD:utility.obj
 0002:00012b50       ?initialize_environment@__scrt_narrow_environment_policy@@SAHXZ 0000000180023b50 f i MSVCRTD:utility.obj
 0002:00012c20       NtCurrentTeb               0000000180023c20 f i MSVCRTD:utility.obj
 0002:00012c30       __scrt_acquire_startup_lock 0000000180023c30 f   MSVCRTD:utility.obj
 0002:00012cb0       __scrt_dllmain_after_initialize_c 0000000180023cb0 f   MSVCRTD:utility.obj
 0002:00012cf0       __scrt_dllmain_before_initialize_c 0000000180023cf0 f   MSVCRTD:utility.obj
 0002:00012d20       __scrt_dllmain_crt_thread_attach 0000000180023d20 f   MSVCRTD:utility.obj
 0002:00012d60       __scrt_dllmain_crt_thread_detach 0000000180023d60 f   MSVCRTD:utility.obj
 0002:00012d80       __scrt_dllmain_exception_filter 0000000180023d80 f   MSVCRTD:utility.obj
 0002:00012e00       __scrt_dllmain_uninitialize_c 0000000180023e00 f   MSVCRTD:utility.obj
 0002:00012e40       __scrt_dllmain_uninitialize_critical 0000000180023e40 f   MSVCRTD:utility.obj
 0002:00012e60       __scrt_initialize_crt      0000000180023e60 f   MSVCRTD:utility.obj
 0002:00012ec0       __scrt_initialize_onexit_tables 0000000180023ec0 f   MSVCRTD:utility.obj
 0002:00013010       __scrt_is_nonwritable_in_current_image 0000000180024010 f   MSVCRTD:utility.obj
 0002:000130c0       __scrt_release_startup_lock 00000001800240c0 f   MSVCRTD:utility.obj
 0002:00013100       __scrt_uninitialize_crt    0000000180024100 f   MSVCRTD:utility.obj
 0002:00013150       _onexit                    0000000180024150 f   MSVCRTD:utility.obj
 0002:000131f0       at_quick_exit              00000001800241f0 f   MSVCRTD:utility.obj
 0002:00013250       atexit                     0000000180024250 f   MSVCRTD:utility.obj
 0002:00013290       __scrt_get_dyn_tls_init_callback 0000000180024290 f   MSVCRTD:dyn_tls_init.obj
 0002:000132a0       __crt_debugger_hook        00000001800242a0 f   MSVCRTD:utility_desktop.obj
 0002:000132c0       __scrt_fastfail            00000001800242c0 f   MSVCRTD:utility_desktop.obj
 0002:000134c0       __scrt_get_show_window_mode 00000001800244c0 f   MSVCRTD:utility_desktop.obj
 0002:00013530       __scrt_initialize_mta      0000000180024530 f   MSVCRTD:utility_desktop.obj
 0002:00013550       __scrt_initialize_winrt    0000000180024550 f   MSVCRTD:utility_desktop.obj
 0002:00013560       __scrt_is_managed_app      0000000180024560 f   MSVCRTD:utility_desktop.obj
 0002:00013630       __scrt_set_unhandled_exception_filter 0000000180024630 f   MSVCRTD:utility_desktop.obj
 0002:00013650       __scrt_exe_initialize_mta  0000000180024650 f   MSVCRTD:utility_desktop.obj
 0002:00013650       __scrt_stub_for_initialize_mta 0000000180024650 f   MSVCRTD:utility_desktop.obj
 0002:00013660       __scrt_unhandled_exception_filter 0000000180024660 f   MSVCRTD:utility_desktop.obj
 0002:00013720       _RTC_Initialize            0000000180024720 f   MSVCRTD:initsect.obj
 0002:00013780       _RTC_Terminate             0000000180024780 f   MSVCRTD:initsect.obj
 0002:000137e0       _guard_check_icall_nop     00000001800247e0 f i MSVCRTD:guard_support.obj
 0002:000137f0       ReadNoFence64              00000001800247f0 f i MSVCRTD:guard_support.obj
 0002:00013820       ReadPointerNoFence         0000000180024820 f i MSVCRTD:guard_support.obj
 0002:00013840       __castguard_check_failure_debugbreak 0000000180024840 f i MSVCRTD:guard_support.obj
 0002:00013870       __castguard_check_failure_fastfail 0000000180024870 f i MSVCRTD:guard_support.obj
 0002:000138a0       __castguard_check_failure_nop 00000001800248a0 f i MSVCRTD:guard_support.obj
 0002:000138b0       __castguard_check_failure_os_handled 00000001800248b0 f i MSVCRTD:guard_support.obj
 0002:000139a0       __castguard_slow_path_check_debugbreak 00000001800249a0 f i MSVCRTD:guard_support.obj
 0002:000139f0       __castguard_slow_path_check_fastfail 00000001800249f0 f i MSVCRTD:guard_support.obj
 0002:00013a50       __castguard_slow_path_check_nop 0000000180024a50 f i MSVCRTD:guard_support.obj
 0002:00013a70       __castguard_slow_path_check_os_handled 0000000180024a70 f i MSVCRTD:guard_support.obj
 0002:00013b80       _guard_icall_checks_enforced 0000000180024b80 f i MSVCRTD:guard_support.obj
 0002:00013bd0       _guard_rf_checks_enforced  0000000180024bd0 f i MSVCRTD:guard_support.obj
 0002:00013be0       __isa_available_init       0000000180024be0 f   MSVCRTD:cpu_disp.obj
 0002:00014060       _get_startup_argv_mode     0000000180025060 f   MSVCRTD:argv_mode.obj
 0002:00014070       __scrt_is_ucrt_dll_in_use  0000000180025070 f   MSVCRTD:ucrt_detection.obj
 0002:000140a0       __C_specific_handler       00000001800250a0 f   vcruntimed:VCRUNTIME140D.dll
 0002:000140a6       __std_type_info_destroy_list 00000001800250a6 f   vcruntimed:VCRUNTIME140D.dll
 0002:000140ac       __current_exception        00000001800250ac f   vcruntimed:VCRUNTIME140D.dll
 0002:000140b2       __current_exception_context 00000001800250b2 f   vcruntimed:VCRUNTIME140D.dll
 0002:000140b8       fabs                       00000001800250b8 f   ucrtd:ucrtbased.dll
 0002:000140be       roundf                     00000001800250be f   ucrtd:ucrtbased.dll
 0002:000140c4       ceilf                      00000001800250c4 f   ucrtd:ucrtbased.dll
 0002:000140ca       cosf                       00000001800250ca f   ucrtd:ucrtbased.dll
 0002:000140d0       floorf                     00000001800250d0 f   ucrtd:ucrtbased.dll
 0002:000140d6       sinf                       00000001800250d6 f   ucrtd:ucrtbased.dll
 0002:000140dc       sqrtf                      00000001800250dc f   ucrtd:ucrtbased.dll
 0002:000140e2       _initterm                  00000001800250e2 f   ucrtd:ucrtbased.dll
 0002:000140e8       _initterm_e                00000001800250e8 f   ucrtd:ucrtbased.dll
 0002:000140ee       _seh_filter_dll            00000001800250ee f   ucrtd:ucrtbased.dll
 0002:000140f4       _configure_narrow_argv     00000001800250f4 f   ucrtd:ucrtbased.dll
 0002:000140fa       _initialize_narrow_environment 00000001800250fa f   ucrtd:ucrtbased.dll
 0002:00014100       _initialize_onexit_table   0000000180025100 f   ucrtd:ucrtbased.dll
 0002:00014106       _register_onexit_function  0000000180025106 f   ucrtd:ucrtbased.dll
 0002:0001410c       _execute_onexit_table      000000018002510c f   ucrtd:ucrtbased.dll
 0002:00014112       _crt_atexit                0000000180025112 f   ucrtd:ucrtbased.dll
 0002:00014118       _crt_at_quick_exit         0000000180025118 f   ucrtd:ucrtbased.dll
 0002:0001411e       _cexit                     000000018002511e f   ucrtd:ucrtbased.dll
 0002:00014124       terminate                  0000000180025124 f   ucrtd:ucrtbased.dll
 0002:0001412a       GetCurrentThreadId         000000018002512a f   kernel32:KERNEL32.dll
 0002:00014130       RtlCaptureContext          0000000180025130 f   kernel32:KERNEL32.dll
 0002:00014136       RtlLookupFunctionEntry     0000000180025136 f   kernel32:KERNEL32.dll
 0002:0001413c       RtlVirtualUnwind           000000018002513c f   kernel32:KERNEL32.dll
 0002:00014142       UnhandledExceptionFilter   0000000180025142 f   kernel32:KERNEL32.dll
 0002:00014148       SetUnhandledExceptionFilter 0000000180025148 f   kernel32:KERNEL32.dll
 0002:0001414e       GetCurrentProcess          000000018002514e f   kernel32:KERNEL32.dll
 0002:00014154       TerminateProcess           0000000180025154 f   kernel32:KERNEL32.dll
 0002:0001415a       IsProcessorFeaturePresent  000000018002515a f   kernel32:KERNEL32.dll
 0002:00014160       QueryPerformanceCounter    0000000180025160 f   kernel32:KERNEL32.dll
 0002:00014166       GetCurrentProcessId        0000000180025166 f   kernel32:KERNEL32.dll
 0002:0001416c       GetSystemTimeAsFileTime    000000018002516c f   kernel32:KERNEL32.dll
 0002:00014172       DisableThreadLibraryCalls  0000000180025172 f   kernel32:KERNEL32.dll
 0002:00014178       InitializeSListHead        0000000180025178 f   kernel32:KERNEL32.dll
 0002:0001417e       IsDebuggerPresent          000000018002517e f   kernel32:KERNEL32.dll
 0002:00014184       GetStartupInfoW            0000000180025184 f   kernel32:KERNEL32.dll
 0002:0001418a       GetModuleHandleW           000000018002518a f   kernel32:KERNEL32.dll
 0002:00014190       __vcrt_initialize          0000000180025190 f   MSVCRTD:ucrt_stubs.obj
 0002:00014190       __scrt_stub_for_acrt_initialize 0000000180025190 f   MSVCRTD:ucrt_stubs.obj
 0002:00014190       __acrt_initialize          0000000180025190 f   MSVCRTD:ucrt_stubs.obj
 0002:000141a0       __acrt_thread_attach       00000001800251a0 f   MSVCRTD:ucrt_stubs.obj
 0002:000141a0       __vcrt_thread_attach       00000001800251a0 f   MSVCRTD:ucrt_stubs.obj
 0002:000141a0       __scrt_stub_for_acrt_thread_attach 00000001800251a0 f   MSVCRTD:ucrt_stubs.obj
 0002:000141b0       __acrt_thread_detach       00000001800251b0 f   MSVCRTD:ucrt_stubs.obj
 0002:000141b0       __vcrt_thread_detach       00000001800251b0 f   MSVCRTD:ucrt_stubs.obj
 0002:000141b0       __scrt_stub_for_acrt_thread_detach 00000001800251b0 f   MSVCRTD:ucrt_stubs.obj
 0002:000141c0       __acrt_uninitialize        00000001800251c0 f   MSVCRTD:ucrt_stubs.obj
 0002:000141c0       __scrt_stub_for_acrt_uninitialize 00000001800251c0 f   MSVCRTD:ucrt_stubs.obj
 0002:000141c0       __vcrt_uninitialize        00000001800251c0 f   MSVCRTD:ucrt_stubs.obj
 0002:000141d0       __acrt_uninitialize_critical 00000001800251d0 f   MSVCRTD:ucrt_stubs.obj
 0002:000141d0       __scrt_stub_for_acrt_uninitialize_critical 00000001800251d0 f   MSVCRTD:ucrt_stubs.obj
 0002:000141d0       __vcrt_uninitialize_critical 00000001800251d0 f   MSVCRTD:ucrt_stubs.obj
 0002:000141e0       _is_c_termination_complete 00000001800251e0 f   MSVCRTD:ucrt_stubs.obj
 0002:000141e0       __scrt_stub_for_is_c_termination_complete 00000001800251e0 f   MSVCRTD:ucrt_stubs.obj
 0002:00015680       _guard_dispatch_icall_nop  0000000180026680 f   MSVCRTD:guard_dispatch.obj
 0002:000156a0       _guard_xfg_dispatch_icall_nop 00000001800266a0 f   MSVCRTD:guard_xfg_dispatch.obj
 0003:00000000       __xc_a                     0000000180029000     MSVCRTD:initializers.obj
 0003:00000110       __xc_z                     0000000180029110     MSVCRTD:initializers.obj
 0003:00000220       __xi_a                     0000000180029220     MSVCRTD:initializers.obj
 0003:00000330       __xi_z                     0000000180029330     MSVCRTD:initializers.obj
 0003:00000440       __xp_a                     0000000180029440     MSVCRTD:initializers.obj
 0003:00000550       __xp_z                     0000000180029550     MSVCRTD:initializers.obj
 0003:00000660       __xt_a                     0000000180029660     MSVCRTD:initializers.obj
 0003:00000770       __xt_z                     0000000180029770     MSVCRTD:initializers.obj
 0003:00000880       ??_C@_0BA@NMEIMCEK@InvalidCodePath@ 0000000180029880     p5engine.obj
 0003:00000898       ??_C@_0BJ@GOOPBPNK@P5Engine?1data?1grass1?4bmp@ 0000000180029898     p5engine.obj
 0003:000008b8       ??_C@_0BI@GAHHFIBN@P5Engine?1data?1soil1?4bmp@ 00000001800298b8     p5engine.obj
 0003:000008d8       ??_C@_0BI@OGODCKLD@P5Engine?1data?1soil2?4bmp@ 00000001800298d8     p5engine.obj
 0003:000008f8       ??_C@_0BI@CNLPPJBG@P5Engine?1data?1soil3?4bmp@ 00000001800298f8     p5engine.obj
 0003:00000918       ??_C@_0BI@DGFEELIO@P5Engine?1data?1tuft1?4bmp@ 0000000180029918     p5engine.obj
 0003:00000938       ??_C@_0BI@LAMADJCA@P5Engine?1data?1tuft2?4bmp@ 0000000180029938     p5engine.obj
 0003:00000958       ??_C@_0BF@HOIOEMCL@P5Engine?1data?1bg?4bmp@ 0000000180029958     p5engine.obj
 0003:00000978       ??_C@_0BJ@EPENJOEL@P5Engine?1data?1shadow?4bmp@ 0000000180029978     p5engine.obj
 0003:00000998       ??_C@_0BJ@HEECFFOE@P5Engine?1data?1stairs?4bmp@ 0000000180029998     p5engine.obj
 0003:000009b8       ??_C@_0BH@DDOBAHNL@P5Engine?1data?1tree?4bmp@ 00000001800299b8     p5engine.obj
 0003:000009d8       ??_C@_0BI@EPGPCLAL@P5Engine?1data?1enemy?4bmp@ 00000001800299d8     p5engine.obj
 0003:000009f8       ??_C@_0BG@IEBKPHGI@P5Engine?1data?1orb?4bmp@ 00000001800299f8     p5engine.obj
 0003:00000a18       ??_C@_0BP@CIDLMIJA@P5Engine?1data?1char?9right?90?4bmp@ 0000000180029a18     p5engine.obj
 0003:00000a40       ??_C@_0BO@PEBAPFLC@P5Engine?1data?1char?9back?90?4bmp@ 0000000180029a40     p5engine.obj
 0003:00000a68       ??_C@_0BO@EAIBBIAG@P5Engine?1data?1char?9left?90?4bmp@ 0000000180029a68     p5engine.obj
 0003:00000a90       ??_C@_0BP@MKDPGEOC@P5Engine?1data?1char?9front?90?4bmp@ 0000000180029a90     p5engine.obj
 0003:00000ab8       ??_C@_0BO@KNNOBFKI@P5Engine?1data?1sword?9right?4bmp@ 0000000180029ab8     p5engine.obj
 0003:00000ae0       ??_C@_0BN@LDDHILOB@P5Engine?1data?1sword?9back?4bmp@ 0000000180029ae0     p5engine.obj
 0003:00000b08       ??_C@_0BN@FPAHMBGA@P5Engine?1data?1sword?9left?4bmp@ 0000000180029b08     p5engine.obj
 0003:00000b30       ??_C@_0BO@BNDLMGBJ@P5Engine?1data?1sword?9front?4bmp@ 0000000180029b30     p5engine.obj
 0003:00000b54       __real@00000000            0000000180029b54     p5engine.obj
 0003:00000b58       __real@308992b1            0000000180029b58     p5engine.obj
 0003:00000b5c       __real@3a83126f            0000000180029b5c     p5engine.obj
 0003:00000b60       __real@3b808081            0000000180029b60     p5engine.obj
 0003:00000b64       __real@3c23d70a            0000000180029b64     p5engine.obj
 0003:00000b68       __real@3dcccccd            0000000180029b68     p5engine.obj
 0003:00000b6c       __real@3e4ccccd            0000000180029b6c     p5engine.obj
 0003:00000b70       __real@3e800000            0000000180029b70     p5engine.obj
 0003:00000b74       __real@3f000000            0000000180029b74     p5engine.obj
 0003:00000b78       __real@3f666666            0000000180029b78     p5engine.obj
 0003:00000b7c       __real@3f800000            0000000180029b7c     p5engine.obj
 0003:00000b80       __real@3f8ccccd            0000000180029b80     p5engine.obj
 0003:00000b84       __real@3f99999a            0000000180029b84     p5engine.obj
 0003:00000b88       __real@3fb33333            0000000180029b88     p5engine.obj
 0003:00000b8c       __real@3fc00000            0000000180029b8c     p5engine.obj
 0003:00000b90       __real@40000000            0000000180029b90     p5engine.obj
 0003:00000b94       __real@400ccccd            0000000180029b94     p5engine.obj
 0003:00000b98       __real@40400000            0000000180029b98     p5engine.obj
 0003:00000ba0       __real@401921fb60000000    0000000180029ba0     p5engine.obj
 0003:00000bac       __real@40a00000            0000000180029bac     p5engine.obj
 0003:00000bb0       __real@40c00000            0000000180029bb0     p5engine.obj
 0003:00000bb4       __real@40c90fdb            0000000180029bb4     p5engine.obj
 0003:00000bb8       __real@41200000            0000000180029bb8     p5engine.obj
 0003:00000bbc       __real@41700000            0000000180029bbc     p5engine.obj
 0003:00000bc0       __real@41880000            0000000180029bc0     p5engine.obj
 0003:00000bc4       __real@41a00000            0000000180029bc4     p5engine.obj
 0003:00000bc8       __real@41c00000            0000000180029bc8     p5engine.obj
 0003:00000bcc       __real@41f00000            0000000180029bcc     p5engine.obj
 0003:00000bd0       __real@42000000            0000000180029bd0     p5engine.obj
 0003:00000bd4       __real@422c0000            0000000180029bd4     p5engine.obj
 0003:00000bd8       __real@42340000            0000000180029bd8     p5engine.obj
 0003:00000bdc       __real@42600000            0000000180029bdc     p5engine.obj
 0003:00000be0       __real@42800000            0000000180029be0     p5engine.obj
 0003:00000be4       __real@42960000            0000000180029be4     p5engine.obj
 0003:00000be8       __real@42c80000            0000000180029be8     p5engine.obj
 0003:00000bec       __real@437f0000            0000000180029bec     p5engine.obj
 0003:00000bf0       __real@461c4000            0000000180029bf0     p5engine.obj
 0003:00000bf4       __real@47c35000            0000000180029bf4     p5engine.obj
 0003:00000bf8       __real@7f7fffff            0000000180029bf8     p5engine.obj
 0003:00000bfc       __real@becccccd            0000000180029bfc     p5engine.obj
 0003:00000c00       __real@bf000000            0000000180029c00     p5engine.obj
 0003:00000c04       __real@bf800000            0000000180029c04     p5engine.obj
 0003:00000c08       __real@c11ccccd            0000000180029c08     p5engine.obj
 0003:00000c10       __xmm@80000000800000008000000080000000 0000000180029c10     p5engine.obj
 0003:00000c28       _pDefaultRawDllMain        0000000180029c28     MSVCRTD:dll_dllmain.obj
 0003:00000c28       _pRawDllMain               0000000180029c28     MSVCRTD:dll_dllmain.obj
 0003:00000c90       _load_config_used          0000000180029c90     MSVCRTD:loadcfg.obj
 0003:00000f80       __CastGuardVftablesStart   0000000180029f80     MSVCRTD:guard_support.obj
 0003:00001090       __CastGuardVftablesEnd     000000018002a090     MSVCRTD:guard_support.obj
 0003:00001318       __rtc_iaa                  000000018002a318     MSVCRTD:initsect.obj
 0003:00001428       __rtc_izz                  000000018002a428     MSVCRTD:initsect.obj
 0003:00001538       __rtc_taa                  000000018002a538     MSVCRTD:initsect.obj
 0003:00001648       __rtc_tzz                  000000018002a648     MSVCRTD:initsect.obj
 0004:00004cd0       __security_cookie_complement 0000000180030cd0     MSVCRTD:gs_cookie.obj
 0004:00004cd8       __security_cookie          0000000180030cd8     MSVCRTD:gs_cookie.obj
 0004:00004ce4       _fltused                   0000000180030ce4     MSVCRTD:fltused.obj
 0004:00004ce8       __scrt_native_dllmain_reason 0000000180030ce8     MSVCRTD:utility.obj
 0004:00004cf0       __isa_available            0000000180030cf0     MSVCRTD:cpu_disp.obj
 0004:00004cf4       __isa_enabled              0000000180030cf4     MSVCRTD:cpu_disp.obj
 0004:00004cf8       __memcpy_nt_iters          0000000180030cf8     MSVCRTD:cpu_disp.obj
 0004:00004d00       __memset_nt_iters          0000000180030d00     MSVCRTD:cpu_disp.obj
 0004:00004d10       __scrt_ucrt_dll_is_in_use  0000000180030d10     MSVCRTD:ucrt_stubs.obj
 0004:000054c0       ?__type_info_root_node@@3U__type_info_node@@A 00000001800314c0     MSVCRTD:tncleanup.obj
 0004:000054d8       ?_OptionsStorage@?1??__local_stdio_printf_options@@9@4_KA 00000001800314d8     MSVCRTD:default_local_stdio_options.obj
 0004:000054e8       ?_OptionsStorage@?1??__local_stdio_scanf_options@@9@4_KA 00000001800314e8     MSVCRTD:default_local_stdio_options.obj
 0004:000054f8       __scrt_current_native_startup_state 00000001800314f8     MSVCRTD:utility.obj
 0004:00005500       __scrt_native_startup_lock 0000000180031500     MSVCRTD:utility.obj
 0004:00005550       __scrt_debugger_hook_flag  0000000180031550     MSVCRTD:utility_desktop.obj
 0004:00005558       __castguard_check_failure_os_handled_fptr 0000000180031558     MSVCRTD:guard_support.obj
 0004:00005564       __favor                    0000000180031564     MSVCRTD:cpu_disp.obj
 0004:00005568       __dyn_tls_init_callback    0000000180031568     <common>
 0004:0000557c       __DebuggerCurrentSteppingThreadId 000000018003157c     <common>
 0006:00000000       __imp_GetCurrentProcessId  0000000180035000     kernel32:KERNEL32.dll
 0006:00000008       __imp_RtlCaptureContext    0000000180035008     kernel32:KERNEL32.dll
 0006:00000010       __imp_RtlLookupFunctionEntry 0000000180035010     kernel32:KERNEL32.dll
 0006:00000018       __imp_RtlVirtualUnwind     0000000180035018     kernel32:KERNEL32.dll
 0006:00000020       __imp_GetModuleHandleW     0000000180035020     kernel32:KERNEL32.dll
 0006:00000028       __imp_GetStartupInfoW      0000000180035028     kernel32:KERNEL32.dll
 0006:00000030       __imp_IsDebuggerPresent    0000000180035030     kernel32:KERNEL32.dll
 0006:00000038       __imp_InitializeSListHead  0000000180035038     kernel32:KERNEL32.dll
 0006:00000040       __imp_DisableThreadLibraryCalls 0000000180035040     kernel32:KERNEL32.dll
 0006:00000048       __imp_GetSystemTimeAsFileTime 0000000180035048     kernel32:KERNEL32.dll
 0006:00000050       __imp_GetCurrentThreadId   0000000180035050     kernel32:KERNEL32.dll
 0006:00000058       __imp_QueryPerformanceCounter 0000000180035058     kernel32:KERNEL32.dll
 0006:00000060       __imp_IsProcessorFeaturePresent 0000000180035060     kernel32:KERNEL32.dll
 0006:00000068       __imp_TerminateProcess     0000000180035068     kernel32:KERNEL32.dll
 0006:00000070       __imp_GetCurrentProcess    0000000180035070     kernel32:KERNEL32.dll
 0006:00000078       __imp_SetUnhandledExceptionFilter 0000000180035078     kernel32:KERNEL32.dll
 0006:00000080       __imp_UnhandledExceptionFilter 0000000180035080     kernel32:KERNEL32.dll
 0006:00000088       \177KERNEL32_NULL_THUNK_DATA 0000000180035088     kernel32:KERNEL32.dll
 0006:000000f8       __imp___std_type_info_destroy_list 00000001800350f8     vcruntimed:VCRUNTIME140D.dll
 0006:00000100       __imp___current_exception  0000000180035100     vcruntimed:VCRUNTIME140D.dll
 0006:00000108       __imp___current_exception_context 0000000180035108     vcruntimed:VCRUNTIME140D.dll
 0006:00000110       __imp___C_specific_handler 0000000180035110     vcruntimed:VCRUNTIME140D.dll
 0006:00000118       \177VCRUNTIME140D_NULL_THUNK_DATA 0000000180035118     vcruntimed:VCRUNTIME140D.dll
 0006:00000170       __imp_terminate            0000000180035170     ucrtd:ucrtbased.dll
 0006:00000178       __imp__cexit               0000000180035178     ucrtd:ucrtbased.dll
 0006:00000180       __imp__crt_atexit          0000000180035180     ucrtd:ucrtbased.dll
 0006:00000188       __imp__execute_onexit_table 0000000180035188     ucrtd:ucrtbased.dll
 0006:00000190       __imp__register_onexit_function 0000000180035190     ucrtd:ucrtbased.dll
 0006:00000198       __imp__initialize_onexit_table 0000000180035198     ucrtd:ucrtbased.dll
 0006:000001a0       __imp__initialize_narrow_environment 00000001800351a0     ucrtd:ucrtbased.dll
 0006:000001a8       __imp__configure_narrow_argv 00000001800351a8     ucrtd:ucrtbased.dll
 0006:000001b0       __imp__seh_filter_dll      00000001800351b0     ucrtd:ucrtbased.dll
 0006:000001b8       __imp__initterm_e          00000001800351b8     ucrtd:ucrtbased.dll
 0006:000001c0       __imp__initterm            00000001800351c0     ucrtd:ucrtbased.dll
 0006:000001c8       __imp_sqrtf                00000001800351c8     ucrtd:ucrtbased.dll
 0006:000001d0       __imp_sinf                 00000001800351d0     ucrtd:ucrtbased.dll
 0006:000001d8       __imp_floorf               00000001800351d8     ucrtd:ucrtbased.dll
 0006:000001e0       __imp_cosf                 00000001800351e0     ucrtd:ucrtbased.dll
 0006:000001e8       __imp_ceilf                00000001800351e8     ucrtd:ucrtbased.dll
 0006:000001f0       __imp_roundf               00000001800351f0     ucrtd:ucrtbased.dll
 0006:000001f8       __imp_fabs                 00000001800351f8     ucrtd:ucrtbased.dll
 0006:00000200       __imp__crt_at_quick_exit   0000000180035200     ucrtd:ucrtbased.dll
 0006:00000208       \177ucrtbased_NULL_THUNK_DATA 0000000180035208     ucrtd:ucrtbased.dll
 0006:00000278       __IMPORT_DESCRIPTOR_VCRUNTIME140D 0000000180035278     vcruntimed:VCRUNTIME140D.dll
 0006:0000028c       __IMPORT_DESCRIPTOR_ucrtbased 000000018003528c     ucrtd:ucrtbased.dll
 0006:000002a0       __IMPORT_DESCRIPTOR_KERNEL32 00000001800352a0     kernel32:KERNEL32.dll
 0006:000002b4       __NULL_IMPORT_DESCRIPTOR   00000001800352b4     vcruntimed:VCRUNTIME140D.dll
 0008:00000000       __guard_check_icall_fptr   0000000180037000     MSVCRTD:guard_support.obj
 0008:00000010       __guard_xfg_check_icall_fptr 0000000180037010     MSVCRTD:guard_support.obj
 0008:00000020       __guard_dispatch_icall_fptr 0000000180037020     MSVCRTD:guard_support.obj
 0008:00000030       __guard_xfg_dispatch_icall_fptr 0000000180037030     MSVCRTD:guard_support.obj
 0008:00000040       __guard_xfg_table_dispatch_icall_fptr 0000000180037040     MSVCRTD:guard_support.obj

 entry point at        0002:0000000a

 Static symbols

 0000:fffc6000       .debug$S                   0000000180000000     P5Engine.exp
 0000:fffc9000       _volmd                     0000000180000000     p5engine.obj
 0000:fffc9000       _volmd                     0000000180000000     p5engine.obj
 0000:fffc9000       _volmd                     0000000180000000     p5engine.obj
 0000:fffc9000       _volmd                     0000000180000000     p5engine.obj
 0000:fffc9000       _volmd                     0000000180000000     p5engine.obj
 0000:fffc9000       _volmd                     0000000180000000     p5engine.obj
 0000:fffc9000       _volmd                     0000000180000000     p5engine.obj
 0000:fffc9000       _volmd                     0000000180000000     p5engine.obj
 0000:fffc9000       _volmd                     0000000180000000     p5engine.obj
 0000:fffc9000       _volmd                     0000000180000000     p5engine.obj
 0000:fffc9000       _volmd                     0000000180000000     p5engine.obj
 0000:fffc9000       _volmd                     0000000180000000     p5engine.obj
 0000:fffc9000       _volmd                     0000000180000000     p5engine.obj
 0000:fffc9000       _volmd                     0000000180000000     p5engine.obj
 0000:fffc9000       _volmd                     0000000180000000     p5engine.obj
 0000:fffc9000       _volmd                     0000000180000000     p5engine.obj
 0000:fffc9000       _volmd                     0000000180000000     p5engine.obj
 0000:fffc9000       _volmd                     0000000180000000     p5engine.obj
 0000:fffc9000       _volmd                     0000000180000000     p5engine.obj
 0000:fffc9000       _volmd                     0000000180000000     p5engine.obj
 0000:fffc9000       _volmd                     0000000180000000     p5engine.obj
 0000:fffc9000       _volmd                     0000000180000000     p5engine.obj
 0000:fffc9000       _volmd                     0000000180000000     p5engine.obj
 0000:fffc9000       _volmd                     0000000180000000     p5engine.obj
 0000:fffc9000       _volmd                     0000000180000000     p5engine.obj
 0000:fffc9000       _volmd                     0000000180000000     p5engine.obj
 0000:fffc9000       _volmd                     0000000180000000     p5engine.obj
 0000:fffc9000       _volmd                     0000000180000000     p5engine.obj
 0000:fffc9000       _volmd                     0000000180000000     p5engine.obj
 0000:fffc9000       _volmd                     0000000180000000     p5engine.obj
 0000:fffc9000       _volmd                     0000000180000000     p5engine.obj
 0000:fffc9000       _volmd                     0000000180000000     p5engine.obj
 0000:fffc9000       _volmd                     0000000180000000     p5engine.obj
 0000:fffc9000       _volmd                     0000000180000000     p5engine.obj
 0000:fffc9000       _volmd                     0000000180000000     p5engine.obj
 0000:fffc9000       _volmd                     0000000180000000     p5engine.obj
 0000:fffc9000       _volmd                     0000000180000000     p5engine.obj
 0000:fffc9000       _volmd                     0000000180000000     p5engine.obj
 0000:fffc9000       _volmd                     0000000180000000     MSVCRTD:cpu_disp.obj
 0000:fffca000       __guard_ehcont_?dllmain_dispatch@@YAHQEAUHINSTANCE__@@KQEAX@Z 0000000180000000     MSVCRTD:dll_dllmain.obj
 0000:fffca000       __guard_fids_?dllmain_dispatch@@YAHQEAUHINSTANCE__@@KQEAX@Z 0000000180000000     MSVCRTD:dll_dllmain.obj
 0000:fffc9000       _volmd                     0000000180000000     MSVCRTD:gs_report.obj
 0000:fffc9000       _volmd                     0000000180000000     MSVCRTD:gs_report.obj
 0000:fffc9000       _volmd                     0000000180000000     MSVCRTD:gs_report.obj
 0000:fffca000       __guard_fids__             0000000180000000     MSVCRTD:guard_support.obj
 0000:fffca000       __guard_fids__             0000000180000000     MSVCRTD:guard_support.obj
 0000:fffca000       __guard_fids__guard_icall_checks_enforced 0000000180000000     MSVCRTD:guard_support.obj
 0000:fffc9000       _volmd                     0000000180000000     MSVCRTD:guard_support.obj
 0000:fffc9000       _volmd                     0000000180000000     MSVCRTD:guard_support.obj
 0000:fffc9000       _volmd                     0000000180000000     MSVCRTD:guard_support.obj
 0000:fffca000       __guard_ehcont___scrt_is_nonwritable_in_current_image 0000000180000000     MSVCRTD:utility.obj
 0000:fffc9000       _volmd                     0000000180000000     MSVCRTD:utility.obj
 0000:fffc9000       _volmd                     0000000180000000     MSVCRTD:utility.obj
 0000:fffc9000       _volmd                     0000000180000000     MSVCRTD:utility.obj
 0000:fffca000       __guard_fids___scrt_set_unhandled_exception_filter 0000000180000000     MSVCRTD:utility_desktop.obj
 0000:fffc9000       _volmd                     0000000180000000     MSVCRTD:utility_desktop.obj
 0000:fffc6000       .debug$S                   0000000180000000     vcruntimed:VCRUNTIME140D.dll
 0000:fffc6000       .debug$S                   0000000180000000     vcruntimed:VCRUNTIME140D.dll
 0000:fffc6000       .debug$S                   0000000180000000     vcruntimed:VCRUNTIME140D.dll
 0000:fffc6000       .debug$S                   0000000180000000     vcruntimed:VCRUNTIME140D.dll
 0000:fffc6000       .debug$S                   0000000180000000     ucrtd:ucrtbased.dll
 0000:fffc6000       .debug$S                   0000000180000000     ucrtd:ucrtbased.dll
 0000:fffc6000       .debug$S                   0000000180000000     ucrtd:ucrtbased.dll
 0000:fffc6000       .debug$S                   0000000180000000     ucrtd:ucrtbased.dll
 0000:fffc6000       .debug$S                   0000000180000000     ucrtd:ucrtbased.dll
 0000:fffc6000       .debug$S                   0000000180000000     ucrtd:ucrtbased.dll
 0000:fffc6000       .debug$S                   0000000180000000     ucrtd:ucrtbased.dll
 0000:fffc6000       .debug$S                   0000000180000000     ucrtd:ucrtbased.dll
 0000:fffc6000       .debug$S                   0000000180000000     ucrtd:ucrtbased.dll
 0000:fffc6000       .debug$S                   0000000180000000     ucrtd:ucrtbased.dll
 0000:fffc6000       .debug$S                   0000000180000000     ucrtd:ucrtbased.dll
 0000:fffc6000       .debug$S                   0000000180000000     ucrtd:ucrtbased.dll
 0000:fffc6000       .debug$S                   0000000180000000     ucrtd:ucrtbased.dll
 0000:fffc6000       .debug$S                   0000000180000000     ucrtd:ucrtbased.dll
 0000:fffc6000       .debug$S                   0000000180000000     ucrtd:ucrtbased.dll
 0000:fffc6000       .debug$S                   0000000180000000     ucrtd:ucrtbased.dll
 0000:fffc6000       .debug$S                   0000000180000000     ucrtd:ucrtbased.dll
 0000:fffc6000       .debug$S                   0000000180000000     ucrtd:ucrtbased.dll
 0000:fffc6000       .debug$S                   0000000180000000     ucrtd:ucrtbased.dll
 0000:fffc6000       .debug$S                   0000000180000000     kernel32:KERNEL32.dll
 0000:fffc6000       .debug$S                   0000000180000000     kernel32:KERNEL32.dll
 0000:fffc6000       .debug$S                   0000000180000000     kernel32:KERNEL32.dll
 0000:fffc6000       .debug$S                   0000000180000000     kernel32:KERNEL32.dll
 0000:fffc6000       .debug$S                   0000000180000000     kernel32:KERNEL32.dll
 0000:fffc6000       .debug$S                   0000000180000000     kernel32:KERNEL32.dll
 0000:fffc6000       .debug$S                   0000000180000000     kernel32:KERNEL32.dll
 0000:fffc6000       .debug$S                   0000000180000000     kernel32:KERNEL32.dll
 0000:fffc6000       .debug$S                   0000000180000000     kernel32:KERNEL32.dll
 0000:fffc6000       .debug$S                   0000000180000000     kernel32:KERNEL32.dll
 0000:fffc6000       .debug$S                   0000000180000000     kernel32:KERNEL32.dll
 0000:fffc6000       .debug$S                   0000000180000000     kernel32:KERNEL32.dll
 0000:fffc6000       .debug$S                   0000000180000000     kernel32:KERNEL32.dll
 0000:fffc6000       .debug$S                   0000000180000000     kernel32:KERNEL32.dll
 0000:fffc6000       .debug$S                   0000000180000000     kernel32:KERNEL32.dll
 0000:fffc6000       .debug$S                   0000000180000000     kernel32:KERNEL32.dll
 0000:fffc6000       .debug$S                   0000000180000000     kernel32:KERNEL32.dll
 0002:00001430       ?AddCollisionRule@@YAXPEAUgame_state@@IIH@Z 0000000180012430 f   p5engine.obj
 0002:000015e0       ?AddEntity@@YAPEAUsim_entity@@PEAUgame_state@@PEAUsim_region@@IPEAUlow_entity@@PEATv3@@@Z 00000001800125e0 f   p5engine.obj
 0002:00001770       ?AddEntityRaw@@YAPEAUsim_entity@@PEAUgame_state@@PEAUsim_region@@IPEAUlow_entity@@@Z 0000000180012770 f   p5engine.obj
 0002:00001970       ?AddFamiliar@@YA?AUadd_low_entity_result@@PEAUgame_state@@III@Z 0000000180012970 f   p5engine.obj
 0002:00001b70       ?AddGroundedEntity@@YA?AUadd_low_entity_result@@PEAUgame_state@@W4entity_type@@Uworld_position@@PEAUsim_entity_collision_volume_group@@@Z 0000000180012b70 f   p5engine.obj
 0002:00001c40       ?AddLowEntity@@YA?AUadd_low_entity_result@@PEAUgame_state@@W4entity_type@@Uworld_position@@@Z 0000000180012c40 f   p5engine.obj
 0002:00001e80       ?AddMonstar@@YA?AUadd_low_entity_result@@PEAUgame_state@@III@Z 0000000180012e80 f   p5engine.obj
 0002:00002040       ?AddPlayer@@YA?AUadd_low_entity_result@@PEAUgame_state@@@Z 0000000180013040 f   p5engine.obj
 0002:00002380       ?AddStairs@@YA?AUadd_low_entity_result@@PEAUgame_state@@III@Z 0000000180013380 f   p5engine.obj
 0002:00002560       ?AddStandardRoom@@YA?AUadd_low_entity_result@@PEAUgame_state@@III@Z 0000000180013560 f   p5engine.obj
 0002:00002710       ?AddSword@@YA?AUadd_low_entity_result@@PEAUgame_state@@@Z 0000000180013710 f   p5engine.obj
 0002:00002820       ?AddWall@@YA?AUadd_low_entity_result@@PEAUgame_state@@III@Z 0000000180013820 f   p5engine.obj
 0002:000029d0       ?AllocateRenderGroup@@YAPEAUrender_group@@PEAUmemory_arena@@IM@Z 00000001800139d0 f   p5engine.obj
 0002:00002c30       ?BeginSim@@YAPEAUsim_region@@PEAUmemory_arena@@PEAUgame_state@@PEAUworld@@Uworld_position@@Urectangle3@@M@Z 0000000180013c30 f   p5engine.obj
 0002:00003440       ?CanCollide@@YAHPEAUgame_state@@PEAUsim_entity@@1@Z 0000000180014440 f   p5engine.obj
 0002:00003600       ?CanOverlap@@YAHPEAUgame_state@@PEAUsim_entity@@1@Z 0000000180014600 f   p5engine.obj
 0002:00003780       ?ChangeEntityLocation@@YAXPEAUmemory_arena@@PEAUworld@@IPEAUlow_entity@@Uworld_position@@@Z 0000000180014780 f   p5engine.obj
 0002:00004340       ?ClearBitmap@@YAXPEAUloaded_bitmap@@@Z 0000000180015340 f   p5engine.obj
 0002:000043b0       ?ClearCollisionRulesFor@@YAXPEAUgame_state@@I@Z 00000001800153b0 f   p5engine.obj
 0002:00004630       ?DEBUGLoadBMP@@YA?AUloaded_bitmap@@PEAUthread_context@@P6A?AUdebug_read_file_result@@0PEAD@Z1@Z 0000000180015630 f   p5engine.obj
 0002:00004c60       ?DrawHitpoints@@YAXPEAUsim_entity@@PEAUrender_group@@@Z 0000000180015c60 f   p5engine.obj
 0002:00004f00       ?DrawRectangle@@YAXPEAUloaded_bitmap@@Tv2@@1MMMM@Z 0000000180015f00 f   p5engine.obj
 0002:00005160       ?DrawRectangleSlowly@@YAXPEAUloaded_bitmap@@Tv2@@11Tv4@@0@Z 0000000180016160 f   p5engine.obj
 0002:00006410       ?EndSim@@YAXPEAUsim_region@@PEAUgame_state@@@Z 0000000180017410 f   p5engine.obj
 0002:00006830       ?EntitiesOverlap@@YAHPEAUsim_entity@@0Tv3@@@Z 0000000180017830 f   p5engine.obj
 0002:00006df0       ?FillGroundChunk@@YAXPEAUtransient_state@@PEAUgame_state@@PEAUground_buffer@@PEAUworld_position@@@Z 0000000180017df0 f   p5engine.obj
 0002:00007670       ?GameOutputSound@@YAXPEAUgame_state@@PEAUgame_sound_output_buffer@@H@Z 0000000180018670 f   p5engine.obj
 0002:00007930       ?GetHashFromStorageIndex@@YAPEAUsim_entity_hash@@PEAUsim_region@@I@Z 0000000180018930 f   p5engine.obj
 0002:000083d0       ?HandleCollision@@YAHPEAUgame_state@@PEAUsim_entity@@1@Z 00000001800193d0 f   p5engine.obj
 0002:000084c0       ?HandleOverlap@@YAXPEAUgame_state@@PEAUsim_entity@@1MPEAM@Z 00000001800194c0 f   p5engine.obj
 0002:000085d0       ?InitHitPoints@@YAXPEAUlow_entity@@I@Z 00000001800195d0 f   p5engine.obj
 0002:000086f0       ?InitializeWorld@@YAXPEAUworld@@Tv3@@@Z 00000001800196f0 f   p5engine.obj
 0002:000090d0       ?MakeEmptyBitmap@@YA?AUloaded_bitmap@@PEAUmemory_arena@@HHH@Z 000000018001a0d0 f   p5engine.obj
 0002:00009310       ?MakeNullCollision@@YAPEAUsim_entity_collision_volume_group@@PEAUgame_state@@@Z 000000018001a310 f   p5engine.obj
 0002:00009410       ?MakeSimpleGroundedCollision@@YAPEAUsim_entity_collision_volume_group@@PEAUgame_state@@MMM@Z 000000018001a410 f   p5engine.obj
 0002:000096c0       ?MoveEntity@@YAXPEAUgame_state@@PEAUsim_region@@PEAUsim_entity@@MPEAUmove_spec@@Tv3@@@Z 000000018001a6c0 f   p5engine.obj
 0002:0000c870       ?RenderGroupToOutput@@YAXPEAUrender_group@@PEAUloaded_bitmap@@@Z 000000018001d870 f   p5engine.obj
 0002:0000d070       ?SpeculativeCollide@@YAHPEAUsim_entity@@0Tv3@@@Z 000000018001e070 f   p5engine.obj
 0002:0000d2a0       ?Subtract@@YA?ATv3@@PEAUworld@@PEAUworld_position@@1@Z 000000018001e2a0 f   p5engine.obj
 0002:00010c88       $LN139                     0000000180021c88     p5engine.obj
 0002:00011bf0       $$000000                   0000000180022bf0     MSVCRTD:chkstk.obj
 0002:00011c70       $$000000                   0000000180022c70     MSVCRTD:amdsecgs.obj
 0002:00011cb0       ?dllmain_crt_dispatch@@YAHQEAUHINSTANCE__@@KQEAX@Z 0000000180022cb0 f   MSVCRTD:dll_dllmain.obj
 0002:00011d60       ?dllmain_crt_process_attach@@YAHQEAUHINSTANCE__@@QEAX@Z 0000000180022d60 f   MSVCRTD:dll_dllmain.obj
 0002:00011ef0       ?dllmain_crt_process_detach@@YAH_N@Z 0000000180022ef0 f   MSVCRTD:dll_dllmain.obj
 0002:00011fb0       ?dllmain_dispatch@@YAHQEAUHINSTANCE__@@KQEAX@Z 0000000180022fb0 f   MSVCRTD:dll_dllmain.obj
 0002:00012140       ?dllmain_raw@@YAHQEAUHINSTANCE__@@KQEAX@Z 0000000180023140 f   MSVCRTD:dll_dllmain.obj
 0002:000125f0       capture_current_context    00000001800235f0 f   MSVCRTD:gs_report.obj
 0002:000126b0       capture_previous_context   00000001800236b0 f   MSVCRTD:gs_report.obj
 0002:00012790       __get_entropy              0000000180023790 f   MSVCRTD:gs_support.obj
 0002:00012a50       ?find_pe_section@@YAPEAU_IMAGE_SECTION_HEADER@@QEAE_K@Z 0000000180023a50 f   MSVCRTD:utility.obj
 0002:00012b70       ?is_potentially_valid_image_base@@YA_NQEAX@Z 0000000180023b70 f   MSVCRTD:utility.obj
 0002:00013910       __castguard_compat_check   0000000180024910 f   MSVCRTD:guard_support.obj
 0002:00013af0       __castguard_slow_path_compat_check 0000000180024af0 f   MSVCRTD:guard_support.obj
 0002:00015670       $$000000                   0000000180026670     MSVCRTD:guard_dispatch.obj
 0002:00015690       $$000000                   0000000180026690     MSVCRTD:guard_xfg_dispatch.obj
 0002:000166b0       ?fin$0@?0??dllmain_crt_process_attach@@YAHQEAUHINSTANCE__@@QEAX@Z@4HA 00000001800276b0 f   MSVCRTD:dll_dllmain.obj
 0002:000166d0       ?fin$0@?0??dllmain_crt_process_detach@@YAH_N@Z@4HA 00000001800276d0 f   MSVCRTD:dll_dllmain.obj
 0002:000166ea       ?fin$1@?0??dllmain_crt_process_detach@@YAH_N@Z@4HA 00000001800276ea f   MSVCRTD:dll_dllmain.obj
 0002:00016710       ?filt$0@?0??dllmain_dispatch@@YAHQEAUHINSTANCE__@@KQEAX@Z@4HA 0000000180027710 f   MSVCRTD:dll_dllmain.obj
 0002:00016770       __scrt_is_nonwritable_in_current_image$filt$0 0000000180027770 f   MSVCRTD:utility.obj
 0003:00000c38       GS_ExceptionPointers       0000000180029c38     MSVCRTD:gs_report.obj
 0003:00001758       $unwind$GetController      000000018002a758     p5engine.obj
 0003:00001768       $unwind$?InitializeArena@@YAXPEAUmemory_arena@@_KPEAX@Z 000000018002a768     p5engine.obj
 0003:00001778       $unwind$?PushSize_@@YAPEAXPEAUmemory_arena@@_K@Z 000000018002a778     p5engine.obj
 0003:00001788       $unwind$?BeginTemporaryMemory@@YA?AUtemporary_memory@@PEAUmemory_arena@@@Z 000000018002a788     p5engine.obj
 0003:000017a4       $unwind$?EndTemporaryMemory@@YAXUtemporary_memory@@@Z 000000018002a7a4     p5engine.obj
 0003:000017b4       $unwind$?CheckArena@@YAXPEAUmemory_arena@@@Z 000000018002a7b4     p5engine.obj
 0003:000017c4       $unwind$?ZeroSize@@YAX_KPEAX@Z 000000018002a7c4     p5engine.obj
 0003:000017d4       $unwind$?SquareRoot@@YAMM@Z 000000018002a7d4     p5engine.obj
 0003:000017e4       $unwind$?AbsoluteValue@@YAMM@Z 000000018002a7e4     p5engine.obj
 0003:000017f4       $unwind$?RoundReal32ToInt32@@YAHM@Z 000000018002a7f4     p5engine.obj
 0003:00001804       $unwind$?RoundReal32ToUInt32@@YAIM@Z 000000018002a804     p5engine.obj
 0003:00001814       $unwind$?FloorReal32ToInt32@@YAHM@Z 000000018002a814     p5engine.obj
 0003:00001824       $unwind$?CeilReal32ToInt32@@YAHM@Z 000000018002a824     p5engine.obj
 0003:00001834       $unwind$?Sin@@YAMM@Z       000000018002a834     p5engine.obj
 0003:00001844       $unwind$?Cos@@YAMM@Z       000000018002a844     p5engine.obj
 0003:00001854       $unwind$?FindLeastSignificantSetBit@@YA?AUbit_scan_result@@I@Z 000000018002a854     p5engine.obj
 0003:0000186c       $unwind$?Square@@YAMM@Z    000000018002a86c     p5engine.obj
 0003:0000187c       $unwind$?Clamp@@YAMMMM@Z   000000018002a87c     p5engine.obj
 0003:0000188c       $unwind$?Clamp01@@YAMM@Z   000000018002a88c     p5engine.obj
 0003:0000189c       $unwind$?V2@@YA?ATv2@@MM@Z 000000018002a89c     p5engine.obj
 0003:000018b4       $unwind$?V2i@@YA?ATv2@@HH@Z 000000018002a8b4     p5engine.obj
 0003:000018c4       $unwind$??D@YA?ATv2@@MT0@@Z 000000018002a8c4     p5engine.obj
 0003:000018dc       $unwind$??G@YA?ATv2@@T0@@Z 000000018002a8dc     p5engine.obj
 0003:000018f4       $unwind$??H@YA?ATv2@@T0@0@Z 000000018002a8f4     p5engine.obj
 0003:0000190c       $unwind$??Y@YAAEATv2@@AEAT0@T0@@Z 000000018002a90c     p5engine.obj
 0003:0000191c       $unwind$??G@YA?ATv2@@T0@0@Z 000000018002a91c     p5engine.obj
 0003:00001934       $unwind$?Inner@@YAMTv2@@0@Z 000000018002a934     p5engine.obj
 0003:00001944       $unwind$?LengthSq@@YAMTv2@@@Z 000000018002a944     p5engine.obj
 0003:00001954       $unwind$?Clamp01@@YA?ATv2@@T1@@Z 000000018002a954     p5engine.obj
 0003:0000196c       $unwind$?Perp@@YA?ATv2@@T1@@Z 000000018002a96c     p5engine.obj
 0003:0000197c       $unwind$?V3@@YA?ATv3@@MMM@Z 000000018002a97c     p5engine.obj
 0003:00001998       $unwind$??D@YA?ATv3@@MT0@@Z 000000018002a998     p5engine.obj
 0003:000019b4       $unwind$??D@YA?ATv3@@T0@M@Z 000000018002a9b4     p5engine.obj
 0003:000019c8       $unwind$??X@YAAEATv3@@AEAT0@M@Z 000000018002a9c8     p5engine.obj
 0003:000019dc       $unwind$??H@YA?ATv3@@T0@0@Z 000000018002a9dc     p5engine.obj
 0003:000019f8       $unwind$??Y@YAAEATv3@@AEAT0@T0@@Z 000000018002a9f8     p5engine.obj
 0003:00001a0c       $unwind$??G@YA?ATv3@@T0@0@Z 000000018002aa0c     p5engine.obj
 0003:00001a28       $unwind$??Z@YAAEATv3@@AEAT0@T0@@Z 000000018002aa28     p5engine.obj
 0003:00001a3c       $unwind$?Hadamard@@YA?ATv3@@T1@0@Z 000000018002aa3c     p5engine.obj
 0003:00001a50       $unwind$?Inner@@YAMTv3@@0@Z 000000018002aa50     p5engine.obj
 0003:00001a60       $unwind$?LengthSq@@YAMTv3@@@Z 000000018002aa60     p5engine.obj
 0003:00001a74       $unwind$?Length@@YAMTv3@@@Z 000000018002aa74     p5engine.obj
 0003:00001a88       $unwind$?V4@@YA?ATv4@@MMMM@Z 000000018002aa88     p5engine.obj
 0003:00001aa4       $unwind$??D@YA?ATv4@@MT0@@Z 000000018002aaa4     p5engine.obj
 0003:00001ac0       $unwind$??H@YA?ATv4@@T0@0@Z 000000018002aac0     p5engine.obj
 0003:00001adc       $unwind$?Hadamard@@YA?ATv4@@T1@0@Z 000000018002aadc     p5engine.obj
 0003:00001af0       $unwind$?Lerp@@YA?ATv4@@T1@M0@Z 000000018002aaf0     p5engine.obj
 0003:00001b04       $unwind$?RectCenterHalfDim@@YA?AUrectangle2@@Tv2@@0@Z 000000018002ab04     p5engine.obj
 0003:00001b20       $unwind$?RectCenterDim@@YA?AUrectangle2@@Tv2@@0@Z 000000018002ab20     p5engine.obj
 0003:00001b34       $unwind$?GetBarycentric@@YA?ATv2@@Urectangle2@@T1@@Z 000000018002ab34     p5engine.obj
 0003:00001b4c       $unwind$?GetMinCorner@@YA?ATv3@@Urectangle3@@@Z 000000018002ab4c     p5engine.obj
 0003:00001b60       $unwind$?GetMaxCorner@@YA?ATv3@@Urectangle3@@@Z 000000018002ab60     p5engine.obj
 0003:00001b74       $unwind$?RectCenterHalfDim@@YA?AUrectangle3@@Tv3@@0@Z 000000018002ab74     p5engine.obj
 0003:00001b90       $unwind$?AddRadiusTo@@YA?AUrectangle3@@U1@Tv3@@@Z 000000018002ab90     p5engine.obj
 0003:00001bac       $unwind$?RectCenterDim@@YA?AUrectangle3@@Tv3@@0@Z 000000018002abac     p5engine.obj
 0003:00001bc0       $unwind$?IsInRectangle@@YAHUrectangle3@@Tv3@@@Z 000000018002abc0     p5engine.obj
 0003:00001bd0       $unwind$?RectanglesIntersect@@YAHUrectangle3@@0@Z 000000018002abd0     p5engine.obj
 0003:00001be0       $unwind$?HasFlag@@YAHPEAUsim_entity@@I@Z 000000018002abe0     p5engine.obj
 0003:00001bf0       $unwind$?AddFlags@@YAXPEAUsim_entity@@I@Z 000000018002abf0     p5engine.obj
 0003:00001c00       $unwind$?ClearFlags@@YAXPEAUsim_entity@@I@Z 000000018002ac00     p5engine.obj
 0003:00001c10       $unwind$?MakeEntityNonSpatial@@YAXPEAUsim_entity@@@Z 000000018002ac10     p5engine.obj
 0003:00001c24       $unwind$?MakeEntitySpatial@@YAXPEAUsim_entity@@Tv3@@1@Z 000000018002ac24     p5engine.obj
 0003:00001c38       $unwind$?GetEntityGroundPoint@@YA?ATv3@@PEAUsim_entity@@T1@@Z 000000018002ac38     p5engine.obj
 0003:00001c4c       $unwind$?GetEntityGroundPoint@@YA?ATv3@@PEAUsim_entity@@@Z 000000018002ac4c     p5engine.obj
 0003:00001c60       $unwind$?GetStairGround@@YAMPEAUsim_entity@@Tv3@@@Z 000000018002ac60     p5engine.obj
 0003:00001c74       $unwind$?GetLowEntity@@YAPEAUlow_entity@@PEAUgame_state@@I@Z 000000018002ac74     p5engine.obj
 0003:00001c84       $unwind$?AddCollisionRule@@YAXPEAUgame_state@@IIH@Z 000000018002ac84     p5engine.obj
 0003:00001c94       $unwind$?ClearCollisionRulesFor@@YAXPEAUgame_state@@I@Z 000000018002ac94     p5engine.obj
 0003:00001ca4       $unwind$?SRGB255ToLinear1@@YA?ATv4@@T1@@Z 000000018002aca4     p5engine.obj
 0003:00001cc0       $unwind$?Linear1ToSRGB255@@YA?ATv4@@T1@@Z 000000018002acc0     p5engine.obj
 0003:00001cdc       $unwind$?DrawRectangle@@YAXPEAUloaded_bitmap@@Tv2@@1MMMM@Z 000000018002acdc     p5engine.obj
 0003:00001cec       $unwind$?DrawRectangleSlowly@@YAXPEAUloaded_bitmap@@Tv2@@11Tv4@@0@Z 000000018002acec     p5engine.obj
 0003:00001d00       $unwind$?PushRenderElement_@@YAPEAXPEAUrender_group@@IW4render_group_entry_type@@@Z 000000018002ad00     p5engine.obj
 0003:00001d10       $unwind$?PushEntry@@YAXPEAUrender_group@@PEAUloaded_bitmap@@Tv2@@2M2Tv4@@M@Z 000000018002ad10     p5engine.obj
 0003:00001d20       $unwind$?PushBitmap@@YAXPEAUrender_group@@PEAUloaded_bitmap@@Tv2@@M2MM@Z 000000018002ad20     p5engine.obj
 0003:00001d34       $unwind$?PushRect@@YAXPEAUrender_group@@Tv2@@M1Tv4@@M@Z 000000018002ad34     p5engine.obj
 0003:00001d44       $unwind$?PushRectOutline@@YAXPEAUrender_group@@Tv2@@M1Tv4@@M@Z 000000018002ad44     p5engine.obj
 0003:00001d58       $unwind$?Clear@@YAXPEAUrender_group@@Tv4@@@Z 000000018002ad58     p5engine.obj
 0003:00001d6c       $unwind$?CoordinateSystem@@YAPEAUrender_entry_coordinate_system@@PEAUrender_group@@Tv2@@11Tv4@@PEAUloaded_bitmap@@@Z 000000018002ad6c     p5engine.obj
 0003:00001d80       $unwind$?GetRenderEntityBasisPos@@YA?ATv2@@PEAUrender_group@@PEAUrender_entity_basis@@T1@@Z 000000018002ad80     p5engine.obj
 0003:00001d94       $unwind$?RenderGroupToOutput@@YAXPEAUrender_group@@PEAUloaded_bitmap@@@Z 000000018002ad94     p5engine.obj
 0003:00001da8       $unwind$?AllocateRenderGroup@@YAPEAUrender_group@@PEAUmemory_arena@@IM@Z 000000018002ada8     p5engine.obj
 0003:00001dbc       $unwind$?NullPosition@@YA?AUworld_position@@XZ 000000018002adbc     p5engine.obj
 0003:00001dd8       $unwind$?IsValid@@YAHUworld_position@@@Z 000000018002add8     p5engine.obj
 0003:00001de8       $unwind$?IsCanonical@@YAHMM@Z 000000018002ade8     p5engine.obj
 0003:00001df8       $unwind$?IsCanonical@@YAHPEAUworld@@Tv3@@@Z 000000018002adf8     p5engine.obj
 0003:00001e08       $unwind$?AreInSameChunk@@YAHPEAUworld@@PEAUworld_position@@1@Z 000000018002ae08     p5engine.obj
 0003:00001e1c       $unwind$?GetWorldChunk@@YAPEAUworld_chunk@@PEAUworld@@HHHPEAUmemory_arena@@@Z 000000018002ae1c     p5engine.obj
 0003:00001e2c       $unwind$?InitializeWorld@@YAXPEAUworld@@Tv3@@@Z 000000018002ae2c     p5engine.obj
 0003:00001e40       $unwind$?RecanonicalizeCoord@@YAXMPEAHPEAM@Z 000000018002ae40     p5engine.obj
 0003:00001e50       $unwind$?MapIntoChunkSpace@@YA?AUworld_position@@PEAUworld@@U1@Tv3@@@Z 000000018002ae50     p5engine.obj
 0003:00001e6c       $unwind$?ChunkPositionFromTilePosition@@YA?AUworld_position@@PEAUworld@@HHHTv3@@@Z 000000018002ae6c     p5engine.obj
 0003:00001e88       $unwind$?Subtract@@YA?ATv3@@PEAUworld@@PEAUworld_position@@1@Z 000000018002ae88     p5engine.obj
 0003:00001ea4       $unwind$?CenteredChunkPoint@@YA?AUworld_position@@III@Z 000000018002aea4     p5engine.obj
 0003:00001ec0       $unwind$?ChangeEntityLocationRaw@@YAXPEAUmemory_arena@@PEAUworld@@IPEAUworld_position@@2@Z 000000018002aec0     p5engine.obj
 0003:00001ed4       $unwind$?ChangeEntityLocation@@YAXPEAUmemory_arena@@PEAUworld@@IPEAUlow_entity@@Uworld_position@@@Z 000000018002aed4     p5engine.obj
 0003:00001ee8       $unwind$?GetHashFromStorageIndex@@YAPEAUsim_entity_hash@@PEAUsim_region@@I@Z 000000018002aee8     p5engine.obj
 0003:00001ef8       $unwind$?GetSimSpacePos@@YA?ATv3@@PEAUsim_region@@PEAUlow_entity@@@Z 000000018002aef8     p5engine.obj
 0003:00001f0c       $unwind$?AddEntity@@YAPEAUsim_entity@@PEAUgame_state@@PEAUsim_region@@IPEAUlow_entity@@PEATv3@@@Z 000000018002af0c     p5engine.obj
 0003:00001f20       $unwind$?LoadEntityReference@@YAXPEAUgame_state@@PEAUsim_region@@PEATentity_reference@@@Z 000000018002af20     p5engine.obj
 0003:00001f3c       $unwind$?StoreEntityReference@@YAXPEATentity_reference@@@Z 000000018002af3c     p5engine.obj
 0003:00001f4c       $unwind$?AddEntityRaw@@YAPEAUsim_entity@@PEAUgame_state@@PEAUsim_region@@IPEAUlow_entity@@@Z 000000018002af4c     p5engine.obj
 0003:00001f60       $unwind$?EntityOverlapsRectangle@@YAHTv3@@Usim_entity_collision_volume@@Urectangle3@@@Z 000000018002af60     p5engine.obj
 0003:00001f74       $unwind$?BeginSim@@YAPEAUsim_region@@PEAUmemory_arena@@PEAUgame_state@@PEAUworld@@Uworld_position@@Urectangle3@@M@Z 000000018002af74     p5engine.obj
 0003:00001f90       $unwind$?EndSim@@YAXPEAUsim_region@@PEAUgame_state@@@Z 000000018002af90     p5engine.obj
 0003:00001fac       $unwind$?CanCollide@@YAHPEAUgame_state@@PEAUsim_entity@@1@Z 000000018002afac     p5engine.obj
 0003:00001fbc       $unwind$?HandleCollision@@YAHPEAUgame_state@@PEAUsim_entity@@1@Z 000000018002afbc     p5engine.obj
 0003:00001fcc       $unwind$?CanOverlap@@YAHPEAUgame_state@@PEAUsim_entity@@1@Z 000000018002afcc     p5engine.obj
 0003:00001fdc       $unwind$?HandleOverlap@@YAXPEAUgame_state@@PEAUsim_entity@@1MPEAM@Z 000000018002afdc     p5engine.obj
 0003:00001ff0       $unwind$?SpeculativeCollide@@YAHPEAUsim_entity@@0Tv3@@@Z 000000018002aff0     p5engine.obj
 0003:00002004       $unwind$?EntitiesOverlap@@YAHPEAUsim_entity@@0Tv3@@@Z 000000018002b004     p5engine.obj
 0003:00002018       $unwind$?MoveEntity@@YAXPEAUgame_state@@PEAUsim_region@@PEAUsim_entity@@MPEAUmove_spec@@Tv3@@@Z 000000018002b018     p5engine.obj
 0003:00002034       $unwind$?DefaultMoveSpec@@YA?AUmove_spec@@XZ 000000018002b034     p5engine.obj
 0003:00002050       $unwind$?RandomSeed@@YA?AUrandom_series@@I@Z 000000018002b050     p5engine.obj
 0003:00002068       $unwind$?RandomNextUInt32@@YAIPEAUrandom_series@@@Z 000000018002b068     p5engine.obj
 0003:00002078       $unwind$?RandomChoice@@YAIPEAUrandom_series@@I@Z 000000018002b078     p5engine.obj
 0003:00002088       $unwind$?RandomUnilateral@@YAMPEAUrandom_series@@@Z 000000018002b088     p5engine.obj
 0003:00002098       $unwind$?GameOutputSound@@YAXPEAUgame_state@@PEAUgame_sound_output_buffer@@H@Z 000000018002b098     p5engine.obj
 0003:000020a8       $unwind$?DEBUGLoadBMP@@YA?AUloaded_bitmap@@PEAUthread_context@@P6A?AUdebug_read_file_result@@0PEAD@Z1@Z 000000018002b0a8     p5engine.obj
 0003:000020c4       $unwind$?AddLowEntity@@YA?AUadd_low_entity_result@@PEAUgame_state@@W4entity_type@@Uworld_position@@@Z 000000018002b0c4     p5engine.obj
 0003:000020e0       $unwind$?AddGroundedEntity@@YA?AUadd_low_entity_result@@PEAUgame_state@@W4entity_type@@Uworld_position@@PEAUsim_entity_collision_volume_group@@@Z 000000018002b0e0     p5engine.obj
 0003:000020f4       $unwind$?AddStandardRoom@@YA?AUadd_low_entity_result@@PEAUgame_state@@III@Z 000000018002b0f4     p5engine.obj
 0003:00002108       $unwind$?AddWall@@YA?AUadd_low_entity_result@@PEAUgame_state@@III@Z 000000018002b108     p5engine.obj
 0003:0000211c       $unwind$?AddStairs@@YA?AUadd_low_entity_result@@PEAUgame_state@@III@Z 000000018002b11c     p5engine.obj
 0003:00002130       $unwind$?InitHitPoints@@YAXPEAUlow_entity@@I@Z 000000018002b130     p5engine.obj
 0003:00002140       $unwind$?AddSword@@YA?AUadd_low_entity_result@@PEAUgame_state@@@Z 000000018002b140     p5engine.obj
 0003:00002154       $unwind$?AddPlayer@@YA?AUadd_low_entity_result@@PEAUgame_state@@@Z 000000018002b154     p5engine.obj
 0003:00002168       $unwind$?AddMonstar@@YA?AUadd_low_entity_result@@PEAUgame_state@@III@Z 000000018002b168     p5engine.obj
 0003:0000217c       $unwind$?AddFamiliar@@YA?AUadd_low_entity_result@@PEAUgame_state@@III@Z 000000018002b17c     p5engine.obj
 0003:00002190       $unwind$?DrawHitpoints@@YAXPEAUsim_entity@@PEAUrender_group@@@Z 000000018002b190     p5engine.obj
 0003:000021ac       $unwind$?MakeSimpleGroundedCollision@@YAPEAUsim_entity_collision_volume_group@@PEAUgame_state@@MMM@Z 000000018002b1ac     p5engine.obj
 0003:000021c0       $unwind$?MakeNullCollision@@YAPEAUsim_entity_collision_volume_group@@PEAUgame_state@@@Z 000000018002b1c0     p5engine.obj
 0003:000021d4       $unwind$?FillGroundChunk@@YAXPEAUtransient_state@@PEAUgame_state@@PEAUground_buffer@@PEAUworld_position@@@Z 000000018002b1d4     p5engine.obj
 0003:000021f0       $unwind$?ClearBitmap@@YAXPEAUloaded_bitmap@@@Z 000000018002b1f0     p5engine.obj
 0003:00002200       $unwind$?MakeEmptyBitmap@@YA?AUloaded_bitmap@@PEAUmemory_arena@@HHH@Z 000000018002b200     p5engine.obj
 0003:0000221c       $unwind$GameUpdateAndRender 000000018002b21c     p5engine.obj
 0003:00002238       $unwind$GameGetSoundSamples 000000018002b238     p5engine.obj
 0003:00002248       $unwind$__CheckForDebuggerJustMyCode 000000018002b248     MSVCRTD:debugger_jmc.obj
 0003:00002250       $unwind$__GSHandlerCheckCommon 000000018002b250     MSVCRTD:gshandler.obj
 0003:00002258       $unwind$__GSHandlerCheck   000000018002b258     MSVCRTD:gshandler.obj
 0003:00002260       $xdatasym                  000000018002b260     MSVCRTD:chkstk.obj
 0003:00002268       $xdatasym                  000000018002b268     MSVCRTD:amdsecgs.obj
 0003:0000226c       $unwind$?dllmain_crt_process_attach@@YAHQEAUHINSTANCE__@@QEAX@Z 000000018002b26c     MSVCRTD:dll_dllmain.obj
 0003:00002290       $unwind$?fin$0@?0??dllmain_crt_process_attach@@YAHQEAUHINSTANCE__@@QEAX@Z@4HA 000000018002b290     MSVCRTD:dll_dllmain.obj
 0003:00002298       $unwind$?dllmain_crt_process_detach@@YAH_N@Z 000000018002b298     MSVCRTD:dll_dllmain.obj
 0003:000022cc       $unwind$?fin$0@?0??dllmain_crt_process_detach@@YAH_N@Z@4HA 000000018002b2cc     MSVCRTD:dll_dllmain.obj
 0003:000022d4       $unwind$?fin$1@?0??dllmain_crt_process_detach@@YAH_N@Z@4HA 000000018002b2d4     MSVCRTD:dll_dllmain.obj
 0003:000022dc       $unwind$?dllmain_crt_dispatch@@YAHQEAUHINSTANCE__@@KQEAX@Z 000000018002b2dc     MSVCRTD:dll_dllmain.obj
 0003:000022e4       $unwind$_CRT_INIT          000000018002b2e4     MSVCRTD:dll_dllmain.obj
 0003:000022ec       $unwind$?dllmain_raw@@YAHQEAUHINSTANCE__@@KQEAX@Z 000000018002b2ec     MSVCRTD:dll_dllmain.obj
 0003:000022f4       $unwind$?dllmain_dispatch@@YAHQEAUHINSTANCE__@@KQEAX@Z 000000018002b2f4     MSVCRTD:dll_dllmain.obj
 0003:00002318       $unwind$?filt$0@?0??dllmain_dispatch@@YAHQEAUHINSTANCE__@@KQEAX@Z@4HA 000000018002b318     MSVCRTD:dll_dllmain.obj
 0003:00002320       $unwind$_DllMainCRTStartup 000000018002b320     MSVCRTD:dll_dllmain.obj
 0003:00002328       $unwind$__report_securityfailure 000000018002b328     MSVCRTD:gs_report.obj
 0003:00002330       $unwind$__report_securityfailureEx 000000018002b330     MSVCRTD:gs_report.obj
 0003:00002338       $unwind$__report_rangecheckfailure 000000018002b338     MSVCRTD:gs_report.obj
 0003:00002340       $unwind$__report_gsfailure 000000018002b340     MSVCRTD:gs_report.obj
 0003:00002348       $unwind$capture_current_context 000000018002b348     MSVCRTD:gs_report.obj
 0003:00002350       $unwind$capture_previous_context 000000018002b350     MSVCRTD:gs_report.obj
 0003:00002358       $unwind$__raise_securityfailure 000000018002b358     MSVCRTD:gs_report.obj
 0003:00002360       $unwind$__security_init_cookie 000000018002b360     MSVCRTD:gs_support.obj
 0003:00002368       $unwind$__get_entropy      000000018002b368     MSVCRTD:gs_support.obj
 0003:00002370       $unwind$DllMain            000000018002b370     MSVCRTD:dll_dllmain_stub.obj
 0003:00002378       $unwind$?__scrt_initialize_type_info@@YAXXZ 000000018002b378     MSVCRTD:tncleanup.obj
 0003:00002380       $unwind$?__scrt_uninitialize_type_info@@YAXXZ 000000018002b380     MSVCRTD:tncleanup.obj
 0003:00002388       $unwind$__scrt_initialize_default_local_stdio_options 000000018002b388     MSVCRTD:default_local_stdio_options.obj
 0003:00002390       $unwind$atexit             000000018002b390     MSVCRTD:utility.obj
 0003:00002398       $unwind$_onexit            000000018002b398     MSVCRTD:utility.obj
 0003:000023a0       $unwind$at_quick_exit      000000018002b3a0     MSVCRTD:utility.obj
 0003:000023a8       $unwind$__scrt_is_nonwritable_in_current_image 000000018002b3a8     MSVCRTD:utility.obj
 0003:000023cc       $unwind$__scrt_is_nonwritable_in_current_image$filt$0 000000018002b3cc     MSVCRTD:utility.obj
 0003:000023d4       $unwind$__scrt_acquire_startup_lock 000000018002b3d4     MSVCRTD:utility.obj
 0003:000023dc       $unwind$__scrt_release_startup_lock 000000018002b3dc     MSVCRTD:utility.obj
 0003:000023e4       $unwind$__scrt_initialize_crt 000000018002b3e4     MSVCRTD:utility.obj
 0003:000023ec       $unwind$__scrt_uninitialize_crt 000000018002b3ec     MSVCRTD:utility.obj
 0003:000023f4       $unwind$__scrt_initialize_onexit_tables 000000018002b3f4     MSVCRTD:utility.obj
 0003:00002404       $unwind$__scrt_dllmain_exception_filter 000000018002b404     MSVCRTD:utility.obj
 0003:0000240c       $unwind$__scrt_dllmain_before_initialize_c 000000018002b40c     MSVCRTD:utility.obj
 0003:00002414       $unwind$__scrt_dllmain_after_initialize_c 000000018002b414     MSVCRTD:utility.obj
 0003:0000241c       $unwind$__scrt_dllmain_uninitialize_c 000000018002b41c     MSVCRTD:utility.obj
 0003:00002424       $unwind$__scrt_dllmain_uninitialize_critical 000000018002b424     MSVCRTD:utility.obj
 0003:0000242c       $unwind$__scrt_dllmain_crt_thread_attach 000000018002b42c     MSVCRTD:utility.obj
 0003:00002434       $unwind$__scrt_dllmain_crt_thread_detach 000000018002b434     MSVCRTD:utility.obj
 0003:0000243c       $unwind$?configure_argv@__scrt_narrow_argv_policy@@SAHXZ 000000018002b43c     MSVCRTD:utility.obj
 0003:00002444       $unwind$?initialize_environment@__scrt_narrow_environment_policy@@SAHXZ 000000018002b444     MSVCRTD:utility.obj
 0003:0000244c       $unwind$?is_potentially_valid_image_base@@YA_NQEAX@Z 000000018002b44c     MSVCRTD:utility.obj
 0003:00002454       $unwind$?find_pe_section@@YAPEAU_IMAGE_SECTION_HEADER@@QEAE_K@Z 000000018002b454     MSVCRTD:utility.obj
 0003:0000245c       $unwind$__scrt_get_show_window_mode 000000018002b45c     MSVCRTD:utility_desktop.obj
 0003:0000246c       $unwind$__scrt_is_managed_app 000000018002b46c     MSVCRTD:utility_desktop.obj
 0003:00002474       $unwind$__scrt_initialize_mta 000000018002b474     MSVCRTD:utility_desktop.obj
 0003:0000247c       $unwind$__scrt_set_unhandled_exception_filter 000000018002b47c     MSVCRTD:utility_desktop.obj
 0003:00002484       $unwind$__scrt_fastfail    000000018002b484     MSVCRTD:utility_desktop.obj
 0003:00002494       $unwind$__scrt_unhandled_exception_filter 000000018002b494     MSVCRTD:utility_desktop.obj
 0003:0000249c       $unwind$_RTC_Initialize    000000018002b49c     MSVCRTD:initsect.obj
 0003:000024ac       $unwind$_RTC_Terminate     000000018002b4ac     MSVCRTD:initsect.obj
 0003:000024bc       $unwind$ReadNoFence64      000000018002b4bc     MSVCRTD:guard_support.obj
 0003:000024c4       $unwind$ReadPointerNoFence 000000018002b4c4     MSVCRTD:guard_support.obj
 0003:000024cc       $unwind$_guard_icall_checks_enforced 000000018002b4cc     MSVCRTD:guard_support.obj
 0003:000024d4       $unwind$__castguard_compat_check 000000018002b4d4     MSVCRTD:guard_support.obj
 0003:000024dc       $unwind$__castguard_check_failure_debugbreak 000000018002b4dc     MSVCRTD:guard_support.obj
 0003:000024e4       $unwind$__castguard_check_failure_fastfail 000000018002b4e4     MSVCRTD:guard_support.obj
 0003:000024ec       $unwind$__castguard_check_failure_os_handled 000000018002b4ec     MSVCRTD:guard_support.obj
 0003:000024f4       $unwind$__castguard_slow_path_compat_check 000000018002b4f4     MSVCRTD:guard_support.obj
 0003:000024fc       $unwind$__castguard_slow_path_check_debugbreak 000000018002b4fc     MSVCRTD:guard_support.obj
 0003:00002504       $unwind$__castguard_slow_path_check_fastfail 000000018002b504     MSVCRTD:guard_support.obj
 0003:0000250c       $unwind$__castguard_slow_path_check_os_handled 000000018002b50c     MSVCRTD:guard_support.obj
 0003:00002514       $unwind$__isa_available_init 000000018002b514     MSVCRTD:cpu_disp.obj
 0003:00002528       $unwind$__scrt_is_ucrt_dll_in_use 000000018002b528     MSVCRTD:ucrt_detection.obj
 0003:00002530       $xdatasym                  000000018002b530     MSVCRTD:guard_dispatch.obj
 0003:00002538       $xdatasym                  000000018002b538     MSVCRTD:guard_xfg_dispatch.obj
 0003:000027d0       .edata                     000000018002b7d0     P5Engine.exp
 0003:000027f8       rgpv                       000000018002b7f8     P5Engine.exp
 0003:00002800       rgszName                   000000018002b800     P5Engine.exp
 0003:00002808       rgwOrd                     000000018002b808     P5Engine.exp
 0003:0000280c       szName                     000000018002b80c     P5Engine.exp
 0003:00002819       $N00001                    000000018002b819     P5Engine.exp
 0003:0000282d       $N00002                    000000018002b82d     P5Engine.exp
 0004:00000000       ?RandomNumberTable@@3PAIA  000000018002c000     p5engine.obj
 0004:00004e20       ?__proc_attached@@3HA      0000000180030e20     MSVCRTD:dll_dllmain.obj
 0004:00004e30       GS_ExceptionRecord         0000000180030e30     MSVCRTD:gs_report.obj
 0004:00004ed0       GS_ContextRecord           0000000180030ed0     MSVCRTD:gs_report.obj
 0004:00005508       ?is_initialized_as_dll@@3_NA 0000000180031508     MSVCRTD:utility.obj
 0004:00005509       ?module_local_atexit_table_initialized@@3_NA 0000000180031509     MSVCRTD:utility.obj
 0004:00005510       ?module_local_atexit_table@@3U_onexit_table_t@@A 0000000180031510     MSVCRTD:utility.obj
 0004:00005528       ?module_local_at_quick_exit_table@@3U_onexit_table_t@@A 0000000180031528     MSVCRTD:utility.obj
 0006:000005ac       .idata$6                   00000001800355ac     vcruntimed:VCRUNTIME140D.dll
 0006:000006ec       .idata$6                   00000001800356ec     ucrtd:ucrtbased.dll
 0006:00000886       .idata$6                   0000000180035886     kernel32:KERNEL32.dll
 0007:00000000       __5C0B09BC_p5engine_platform@h 0000000180036000     p5engine.obj
 0007:00000001       __09340588_corecrt_math@h  0000000180036001     p5engine.obj
 0007:00000002       __B0C4CEA9_malloc@h        0000000180036002     p5engine.obj
 0007:00000003       __3A0418DB_p5engine_intrinsics@h 0000000180036003     p5engine.obj
 0007:00000004       __6D6C9F34_p5engine_math@h 0000000180036004     p5engine.obj
 0007:00000005       __326D9465_p5engine_entity@h 0000000180036005     p5engine.obj
 0007:00000006       __B7D51BCB_p5engine@h      0000000180036006     p5engine.obj
 0007:00000007       __ECDA994C_p5engine_render_group@cpp 0000000180036007     p5engine.obj
 0007:00000008       __DC0D61CC_p5engine_world@cpp 0000000180036008     p5engine.obj
 0007:00000009       __5DD8E4E4_p5engine_sim_region@cpp 0000000180036009     p5engine.obj
 0007:0000000a       __9C871DF9_p5engine_entity@cpp 000000018003600a     p5engine.obj
 0007:0000000b       __74B1E2C0_p5engine_random@h 000000018003600b     p5engine.obj
 0007:0000000c       __D1049797_p5engine@cpp    000000018003600c     p5engine.obj
 0009:00000170       $R000000                   0000000180038170     * linker generated manifest res *
