 P5Engine

 Timestamp is 6361b4bc (Tue Nov  1 19:07:24 2022)

 Preferred load address is 0000000180000000

 Start         Length     Name                   Class
 0001:00000000 00014d40H .text$mn                CODE
 0001:00014d40 00000040H .text$mn$00             CODE
 0001:00014d80 000000ddH .text$x                 CODE
 0002:00000000 00000100H .idata$5                DATA
 0002:00000100 00000028H .00cfg                  DATA
 0002:00000128 00000008H .CRT$XCA                DATA
 0002:00000130 00000008H .CRT$XCZ                DATA
 0002:00000138 00000008H .CRT$XIA                DATA
 0002:00000140 00000008H .CRT$XIZ                DATA
 0002:00000148 00000008H .CRT$XPA                DATA
 0002:00000150 00000008H .CRT$XPZ                DATA
 0002:00000158 00000008H .CRT$XTA                DATA
 0002:00000160 00000010H .CRT$XTZ                DATA
 0002:00000168 00000000H .gehcont$y              DATA
 0002:00000168 00000000H .gfids$y                DATA
 0002:00000170 00000490H .rdata                  DATA
 0002:00000600 00000000H .rdata$CastGuardVftablesA DATA
 0002:00000600 00000000H .rdata$CastGuardVftablesC DATA
 0002:00000600 00000180H .rdata$voltmd           DATA
 0002:00000780 000002d8H .rdata$zzzdbg           DATA
 0002:00000a58 00000008H .rtc$IAA                DATA
 0002:00000a60 00000008H .rtc$IZZ                DATA
 0002:00000a68 00000008H .rtc$TAA                DATA
 0002:00000a70 00000008H .rtc$TZZ                DATA
 0002:00000a78 00000848H .xdata                  DATA
 0002:000012c0 00000074H .edata                  DATA
 0002:00001334 0000003cH .idata$2                DATA
 0002:00001370 00000018H .idata$3                DATA
 0002:00001388 00000100H .idata$4                DATA
 0002:00001488 00000294H .idata$6                DATA
 0003:00000000 00004040H .data                   DATA
 0003:00004040 0000067cH .bss                    DATA
 0004:00000000 00000bb8H .pdata                  DATA
 0005:00000000 0000001cH .msvcjmc                DATA
 0006:00000000 00000060H .rsrc$01                DATA
 0006:00000060 00000098H .rsrc$02                DATA

  Address         Publics by Value              Rva+Base               Lib:Object

 0000:00000000       __guard_longjmp_table      0000000000000000     <absolute>
 0000:00000000       __arm64x_extra_rfe_table_size 0000000000000000     <absolute>
 0000:00000000       __hybrid_auxiliary_iat_copy 0000000000000000     <absolute>
 0000:00000000       __x64_code_ranges_to_entry_points_count 0000000000000000     <absolute>
 0000:00000000       ___safe_se_handler_count   0000000000000000     <absolute>
 0000:00000000       __hybrid_auxiliary_iat     0000000000000000     <absolute>
 0000:00000000       __AbsoluteZero             0000000000000000     <absolute>
 0000:00000000       __arm64x_extra_rfe_table   0000000000000000     <absolute>
 0000:00000000       __dynamic_value_reloc_table 0000000000000000     <absolute>
 0000:00000000       __hybrid_code_map_count    0000000000000000     <absolute>
 0000:00000000       __guard_longjmp_count      0000000000000000     <absolute>
 0000:00000000       __guard_fids_count         0000000000000000     <absolute>
 0000:00000000       __guard_iat_count          0000000000000000     <absolute>
 0000:00000000       __guard_check_icall_a64n_fptr 0000000000000000     <absolute>
 0000:00000000       __guard_fids_table         0000000000000000     <absolute>
 0000:00000000       __x64_code_ranges_to_entry_points 0000000000000000     <absolute>
 0000:00000000       __guard_eh_cont_count      0000000000000000     <absolute>
 0000:00000000       ___safe_se_handler_table   0000000000000000     <absolute>
 0000:00000000       __hybrid_code_map          0000000000000000     <absolute>
 0000:00000000       __guard_iat_table          0000000000000000     <absolute>
 0000:00000000       __arm64x_redirection_metadata 0000000000000000     <absolute>
 0000:00000000       __arm64x_native_entrypoint 0000000000000000     <absolute>
 0000:00000000       __arm64x_redirection_metadata_count 0000000000000000     <absolute>
 0000:00000000       __enclave_config           0000000000000000     <absolute>
 0000:00000000       __guard_eh_cont_table      0000000000000000     <absolute>
 0000:00000100       __guard_flags              0000000000000100     <absolute>
 0000:00000000       __ImageBase                0000000180000000     <linker-defined>
 0001:00009c80       GameUpdateAndRender        000000018000ac80 f   p5engine.obj
 0001:0000d810       GameGetSoundSamples        000000018000e810 f   p5engine.obj
 0001:0000d880       ??D@YA?ATv2@@MT0@@Z        000000018000e880 f i p5engine.obj
 0001:0000d900       ??D@YA?ATv3@@MT0@@Z        000000018000e900 f i p5engine.obj
 0001:0000d9b0       ??D@YA?ATv3@@T0@M@Z        000000018000e9b0 f i p5engine.obj
 0001:0000da30       ??D@YA?ATv4@@MT0@@Z        000000018000ea30 f i p5engine.obj
 0001:0000db00       ??G@YA?ATv2@@T0@0@Z        000000018000eb00 f i p5engine.obj
 0001:0000db80       ??G@YA?ATv3@@T0@0@Z        000000018000eb80 f i p5engine.obj
 0001:0000dc40       ??G@YA?ATv3@@T0@@Z         000000018000ec40 f i p5engine.obj
 0001:0000dcf0       ??H@YA?ATv2@@T0@0@Z        000000018000ecf0 f i p5engine.obj
 0001:0000dd70       ??H@YA?ATv3@@T0@0@Z        000000018000ed70 f i p5engine.obj
 0001:0000de30       ??X@YAAEATv3@@AEAT0@M@Z    000000018000ee30 f i p5engine.obj
 0001:0000deb0       ??Y@YAAEATv2@@AEAT0@T0@@Z  000000018000eeb0 f i p5engine.obj
 0001:0000df00       ??Y@YAAEATv3@@AEAT0@T0@@Z  000000018000ef00 f i p5engine.obj
 0001:0000dfa0       ??Z@YAAEATv3@@AEAT0@T0@@Z  000000018000efa0 f i p5engine.obj
 0001:0000e040       ?ATan2@@YAMMM@Z            000000018000f040 f i p5engine.obj
 0001:0000e090       ?AbsoluteValue@@YAMM@Z     000000018000f090 f i p5engine.obj
 0001:0000e0d0       ?AddFlags@@YAXPEAUsim_entity@@I@Z 000000018000f0d0 f i p5engine.obj
 0001:0000e110       ?AddRadiusTo@@YA?AUrectangle3@@U1@Tv3@@@Z 000000018000f110 f i p5engine.obj
 0001:0000e280       ?AllResourcesPresent@@YAHPEAUrender_group@@@Z 000000018000f280 f i p5engine.obj
 0001:0000e2d0       ?AreInSameChunk@@YAHPEAUworld@@PEAUworld_position@@1@Z 000000018000f2d0 f i p5engine.obj
 0001:0000e3d0       ?AtomicCompareExchangeUInt32@@YAIPECIII@Z 000000018000f3d0 f i p5engine.obj
 0001:0000e420       ?BeginAssetLock@@YAXPEAUgame_assets@@@Z 000000018000f420 f i p5engine.obj
 0001:0000e460       ?BeginGeneration@@YAIPEAUgame_assets@@@Z 000000018000f460 f i p5engine.obj
 0001:0000e510       ?BeginTemporaryMemory@@YA?AUtemporary_memory@@PEAUmemory_arena@@@Z 000000018000f510 f i p5engine.obj
 0001:0000e5b0       ?CenteredChunkPoint@@YA?AUworld_position@@III@Z 000000018000f5b0 f i p5engine.obj
 0001:0000e640       ?ChangeEntityLocationRaw@@YAXPEAUmemory_arena@@PEAUworld@@IPEAUworld_position@@2@Z 000000018000f640 f i p5engine.obj
 0001:0000ea30       ?CheckArena@@YAXPEAUmemory_arena@@@Z 000000018000fa30 f i p5engine.obj
 0001:0000ea60       ?ChunkPositionFromTilePosition@@YA?AUworld_position@@PEAUworld@@HHHTv3@@@Z 000000018000fa60 f i p5engine.obj
 0001:0000ed00       ?Clamp01@@YA?ATv2@@T1@@Z   000000018000fd00 f i p5engine.obj
 0001:0000ed70       ?Clamp01@@YAMM@Z           000000018000fd70 f i p5engine.obj
 0001:0000edb0       ?Clamp01MapToRange@@YAMMMM@Z 000000018000fdb0 f i p5engine.obj
 0001:0000ee30       ?Clamp@@YAMMMM@Z           000000018000fe30 f i p5engine.obj
 0001:0000eea0       ?Clear@@YAXPEAUrender_group@@Tv4@@@Z 000000018000fea0 f i p5engine.obj
 0001:0000ef00       ?ClearFlags@@YAXPEAUsim_entity@@I@Z 000000018000ff00 f i p5engine.obj
 0001:0000ef40       ?DefaultMoveSpec@@YA?AUmove_spec@@XZ 000000018000ff40 f i p5engine.obj
 0001:0000efe0       ?EndAssetLock@@YAXPEAUgame_assets@@@Z 000000018000ffe0 f i p5engine.obj
 0001:0000f010       ?EndGeneration@@YAXPEAUgame_assets@@I@Z 0000000180010010 f i p5engine.obj
 0001:0000f0d0       ?EndTemporaryMemory@@YAXUtemporary_memory@@@Z 00000001800100d0 f i p5engine.obj
 0001:0000f150       ?EntityOverlapsRectangle@@YAHTv3@@Usim_entity_collision_volume@@Urectangle3@@@Z 0000000180010150 f i p5engine.obj
 0001:0000f2e0       ?GetAlignmentOffset@@YA_KPEAUmemory_arena@@_K@Z 00000001800102e0 f i p5engine.obj
 0001:0000f370       ?GetArenaSizeRemaining@@YA_KPEAUmemory_arena@@_K@Z 0000000180010370 f i p5engine.obj
 0001:0000f3d0       ?GetAsset@@YAPEAUasset_memory_header@@PEAUgame_assets@@II@Z 00000001800103d0 f i p5engine.obj
 0001:0000f4a0       ?GetBarycentric@@YA?ATv2@@Urectangle2@@T1@@Z 00000001800104a0 f i p5engine.obj
 0001:0000f550       ?GetBitmap@@YAPEAUloaded_bitmap@@PEAUgame_assets@@Ubitmap_id@@I@Z 0000000180010550 f i p5engine.obj
 0001:0000f550       ?GetFont@@YAPEAUloaded_font@@PEAUgame_assets@@Ufont_id@@I@Z 0000000180010550 f i p5engine.obj
 0001:0000f550       ?GetSound@@YAPEAUloaded_sound@@PEAUgame_assets@@Usound_id@@I@Z 0000000180010550 f i p5engine.obj
 0001:0000f5c0       ?GetSoundInfo@@YAPEAUp5a_sound@@PEAUgame_assets@@Usound_id@@@Z 00000001800105c0 f i p5engine.obj
 0001:0000f5c0       ?GetFontInfo@@YAPEAUp5a_font@@PEAUgame_assets@@Ufont_id@@@Z 00000001800105c0 f i p5engine.obj
 0001:0000f5c0       ?GetBitmapInfo@@YAPEAUp5a_bitmap@@PEAUgame_assets@@Ubitmap_id@@@Z 00000001800105c0 f i p5engine.obj
 0001:0000f620       ?GetCameraRectangleAtDistance@@YA?AUrectangle2@@PEAUrender_group@@M@Z 0000000180010620 f i p5engine.obj
 0001:0000f6c0       ?GetCameraRectangleAtTarget@@YA?AUrectangle2@@PEAUrender_group@@@Z 00000001800106c0 f i p5engine.obj
 0001:0000f730       ?GetClampedCodepoint@@YAIPEAUp5a_font@@I@Z 0000000180010730 f i p5engine.obj
 0001:0000f770       ?GetDim@@YA?ATv2@@Urectangle2@@@Z 0000000180010770 f i p5engine.obj
 0001:0000f7b0       ?GetDim@@YA?ATv3@@Urectangle3@@@Z 00000001800107b0 f i p5engine.obj
 0001:0000f850       ?GetEntityGroundPoint@@YA?ATv3@@PEAUsim_entity@@@Z 0000000180010850 f i p5engine.obj
 0001:0000f8d0       ?GetEntityGroundPoint@@YA?ATv3@@PEAUsim_entity@@T1@@Z 00000001800108d0 f i p5engine.obj
 0001:0000f930       ?GetFile@@YAPEAUasset_file@@PEAUgame_assets@@I@Z 0000000180010930 f i p5engine.obj
 0001:0000f990       ?GetFileHandleFor@@YAPEAUplatform_file_handle@@PEAUgame_assets@@I@Z 0000000180010990 f i p5engine.obj
 0001:0000f9f0       ?GetLowEntity@@YAPEAUlow_entity@@PEAUgame_state@@I@Z 00000001800109f0 f i p5engine.obj
 0001:0000fa60       ?GetMaxCorner@@YA?ATv3@@Urectangle3@@@Z 0000000180010a60 f i p5engine.obj
 0001:0000fac0       ?GetMinCorner@@YA?ATv3@@Urectangle3@@@Z 0000000180010ac0 f i p5engine.obj
 0001:0000fb10       ?GetNextSoundInChain@@YA?AUsound_id@@PEAUgame_assets@@U1@@Z 0000000180010b10 f i p5engine.obj
 0001:0000fbd0       ?GetRenderEntityBasisPos@@YA?AUentity_basis_p_result@@PEAUrender_transform@@Tv3@@@Z 0000000180010bd0 f i p5engine.obj
 0001:0000fe70       ?GetSimSpacePos@@YA?ATv3@@PEAUsim_region@@PEAUlow_entity@@@Z 0000000180010e70 f i p5engine.obj
 0001:0000ff60       ?GetStairGround@@YAMPEAUsim_entity@@Tv3@@@Z 0000000180010f60 f i p5engine.obj
 0001:00010050       ?GetWorldChunk@@YAPEAUworld_chunk@@PEAUworld@@HHHPEAUmemory_arena@@@Z 0000000180011050 f i p5engine.obj
 0001:00010240       ?Hadamard@@YA?ATv2@@T1@0@Z 0000000180011240 f i p5engine.obj
 0001:000102a0       ?Hadamard@@YA?ATv3@@T1@0@Z 00000001800112a0 f i p5engine.obj
 0001:00010360       ?HasFlag@@YAHPEAUsim_entity@@I@Z 0000000180011360 f i p5engine.obj
 0001:000103a0       ?InitializeArena@@YAXPEAUmemory_arena@@_KPEAX@Z 00000001800113a0 f i p5engine.obj
 0001:00010400       ?Inner@@YAMTv2@@0@Z        0000000180011400 f i p5engine.obj
 0001:00010450       ?Inner@@YAMTv3@@0@Z        0000000180011450 f i p5engine.obj
 0001:000104c0       ?InsertAssetHeaderAtFront@@YAXPEAUgame_assets@@PEAUasset_memory_header@@@Z 00000001800114c0 f i p5engine.obj
 0001:00010530       ?Intersect@@YA?AUrectangle2i@@U1@0@Z 0000000180011530 f i p5engine.obj
 0001:00010640       ?IsCanonical@@YAHMM@Z      0000000180011640 f i p5engine.obj
 0001:000106e0       ?IsCanonical@@YAHPEAUworld@@Tv3@@@Z 00000001800116e0 f i p5engine.obj
 0001:00010780       ?IsInRectangle@@YAHUrectangle3@@Tv3@@@Z 0000000180011780 f i p5engine.obj
 0001:00010840       ?IsValid@@YAHUsound_id@@@Z 0000000180011840 f i p5engine.obj
 0001:00010880       ?IsValid@@YAHUworld_position@@@Z 0000000180011880 f i p5engine.obj
 0001:000108d0       ?Length@@YAMTv3@@@Z        00000001800118d0 f i p5engine.obj
 0001:00010920       ?LengthSq@@YAMTv2@@@Z      0000000180011920 f i p5engine.obj
 0001:00010960       ?LengthSq@@YAMTv3@@@Z      0000000180011960 f i p5engine.obj
 0001:000109d0       ?LoadEntityReference@@YAXPEAUgame_state@@PEAUsim_region@@PEATentity_reference@@@Z 00000001800119d0 f i p5engine.obj
 0001:00010b00       ?MakeEntityNonSpatial@@YAXPEAUsim_entity@@@Z 0000000180011b00 f i p5engine.obj
 0001:00010b80       ?MakeEntitySpatial@@YAXPEAUsim_entity@@Tv3@@1@Z 0000000180011b80 f i p5engine.obj
 0001:00010bf0       ?MapIntoChunkSpace@@YA?AUworld_position@@PEAUworld@@U1@Tv3@@@Z 0000000180011bf0 f i p5engine.obj
 0001:00010ce0       ?NullPosition@@YA?AUworld_position@@XZ 0000000180011ce0 f i p5engine.obj
 0001:00010d50       ?Orthographic@@YAXPEAUrender_group@@HHM@Z 0000000180011d50 f i p5engine.obj
 0001:00010e50       ?Perspective@@YAXPEAUrender_group@@HHMMM@Z 0000000180011e50 f i p5engine.obj
 0001:00010f40       ?PrefetchSound@@YAXPEAUgame_assets@@Usound_id@@@Z 0000000180011f40 f i p5engine.obj
 0001:00010f70       ?PushBitmap@@YAXPEAUrender_group@@PEAUloaded_bitmap@@Tv3@@MTv4@@@Z 0000000180011f70 f i p5engine.obj
 0001:000111a0       ?PushBitmap@@YAXPEAUrender_group@@Ubitmap_id@@Tv3@@MTv4@@@Z 00000001800121a0 f i p5engine.obj
 0001:00011300       ?PushRect@@YAXPEAUrender_group@@Tv3@@Tv2@@Tv4@@@Z 0000000180012300 f i p5engine.obj
 0001:000114a0       ?PushRectOutline@@YAXPEAUrender_group@@Tv3@@Tv2@@Tv4@@@Z 00000001800124a0 f i p5engine.obj
 0001:00011930       ?PushRenderElement_@@YAPEAXPEAUrender_group@@IW4render_group_entry_type@@@Z 0000000180012930 f i p5engine.obj
 0001:00011a00       ?PushSize_@@YAPEAXPEAUmemory_arena@@_K1@Z 0000000180012a00 f i p5engine.obj
 0001:00011ad0       ?RandomBilateral@@YAMPEAUrandom_series@@@Z 0000000180012ad0 f i p5engine.obj
 0001:00011b20       ?RandomChoice@@YAIPEAUrandom_series@@I@Z 0000000180012b20 f i p5engine.obj
 0001:00011b60       ?RandomNextUInt32@@YAIPEAUrandom_series@@@Z 0000000180012b60 f i p5engine.obj
 0001:00011bd0       ?RandomSeed@@YA?AUrandom_series@@I@Z 0000000180012bd0 f i p5engine.obj
 0001:00011c40       ?RandomUnilateral@@YAMPEAUrandom_series@@@Z 0000000180012c40 f i p5engine.obj
 0001:00011ca0       ?RecanonicalizeCoord@@YAXMPEAHPEAM@Z 0000000180012ca0 f i p5engine.obj
 0001:00011d40       ?RectCenterDim@@YA?AUrectangle2@@Tv2@@0@Z 0000000180012d40 f i p5engine.obj
 0001:00011dd0       ?RectCenterDim@@YA?AUrectangle3@@Tv3@@0@Z 0000000180012dd0 f i p5engine.obj
 0001:00011ec0       ?RectCenterHalfDim@@YA?AUrectangle2@@Tv2@@0@Z 0000000180012ec0 f i p5engine.obj
 0001:00011f70       ?RectCenterHalfDim@@YA?AUrectangle3@@Tv3@@0@Z 0000000180012f70 f i p5engine.obj
 0001:000120e0       ?RectMinMax@@YA?AUrectangle3@@Tv3@@0@Z 00000001800130e0 f i p5engine.obj
 0001:00012180       ?RectanglesIntersect@@YAHUrectangle3@@0@Z 0000000180013180 f i p5engine.obj
 0001:00012240       ?RoundReal32ToInt32@@YAHM@Z 0000000180013240 f i p5engine.obj
 0001:00012280       ?RoundReal32ToUInt32@@YAIM@Z 0000000180013280 f i p5engine.obj
 0001:000122c0       ?SafeRatio1@@YAMMM@Z       00000001800132c0 f i p5engine.obj
 0001:00012310       ?SafeRatioN@@YAMMMM@Z      0000000180013310 f i p5engine.obj
 0001:00012370       ?SignOf@@YAMM@Z            0000000180013370 f i p5engine.obj
 0001:000123d0       ?Sin@@YAMM@Z               00000001800133d0 f i p5engine.obj
 0001:00012410       ?Square@@YAMM@Z            0000000180013410 f i p5engine.obj
 0001:00012450       ?SquareRoot@@YAMM@Z        0000000180013450 f i p5engine.obj
 0001:00012490       ?StoreEntityReference@@YAXPEATentity_reference@@@Z 0000000180013490 f i p5engine.obj
 0001:000124d0       ?SubArena@@YAXPEAUmemory_arena@@0_K1@Z 00000001800134d0 f i p5engine.obj
 0001:00012540       ?ToV3@@YA?ATv3@@Tv2@@M@Z   0000000180013540 f i p5engine.obj
 0001:000125d0       ?Unproject@@YA?ATv2@@PEAUrender_group@@T1@M@Z 00000001800135d0 f i p5engine.obj
 0001:00012620       ?V2@@YA?ATv2@@MM@Z         0000000180013620 f i p5engine.obj
 0001:00012690       ?V2i@@YA?ATv2@@HH@Z        0000000180013690 f i p5engine.obj
 0001:000126e0       ?V3@@YA?ATv3@@MMM@Z        00000001800136e0 f i p5engine.obj
 0001:00012780       ?V4@@YA?ATv4@@MMMM@Z       0000000180013780 f i p5engine.obj
 0001:00012830       ?ZeroSize@@YAX_KPEAX@Z     0000000180013830 f i p5engine.obj
 0001:00012890       GetController              0000000180013890 f i p5engine.obj
 0001:000128f0       ?DrawRectangleQuickly@@YAXPEAUloaded_bitmap@@Tv2@@11Tv4@@0MUrectangle2i@@H@Z 00000001800138f0 f   p5engine_optimized.obj
 0001:00013630       __CheckForDebuggerJustMyCode 0000000180014630 f   MSVCRTD:debugger_jmc.obj
 0001:00013670       __GSHandlerCheck           0000000180014670 f   MSVCRTD:gshandler.obj
 0001:000136b0       __GSHandlerCheckCommon     00000001800146b0 f   MSVCRTD:gshandler.obj
 0001:000137c0       _alloca_probe              00000001800147c0 f   MSVCRTD:chkstk.obj
 0001:000137c0       __chkstk                   00000001800147c0 f   MSVCRTD:chkstk.obj
 0001:00013820       __security_check_cookie    0000000180014820 f   MSVCRTD:amdsecgs.obj
 0001:00013c50       _DllMainCRTStartup         0000000180014c50 f   MSVCRTD:dll_dllmain.obj
 0001:00013c90       __raise_securityfailure    0000000180014c90 f   MSVCRTD:gs_report.obj
 0001:00013cd0       __report_gsfailure         0000000180014cd0 f   MSVCRTD:gs_report.obj
 0001:00013f30       __security_init_cookie     0000000180014f30 f   MSVCRTD:gs_support.obj
 0001:00013fb0       DllMain                    0000000180014fb0 f   MSVCRTD:dll_dllmain_stub.obj
 0001:00013ff0       ?__scrt_initialize_type_info@@YAXXZ 0000000180014ff0 f   MSVCRTD:tncleanup.obj
 0001:00014010       ?__scrt_uninitialize_type_info@@YAXXZ 0000000180015010 f   MSVCRTD:tncleanup.obj
 0001:00014030       __local_stdio_printf_options 0000000180015030 f i MSVCRTD:default_local_stdio_options.obj
 0001:00014040       __local_stdio_scanf_options 0000000180015040 f i MSVCRTD:default_local_stdio_options.obj
 0001:00014050       __scrt_initialize_default_local_stdio_options 0000000180015050 f   MSVCRTD:default_local_stdio_options.obj
 0001:000140a0       ?configure_argv@__scrt_narrow_argv_policy@@SAHXZ 00000001800150a0 f i MSVCRTD:utility.obj
 0001:00014190       ?initialize_environment@__scrt_narrow_environment_policy@@SAHXZ 0000000180015190 f i MSVCRTD:utility.obj
 0001:00014230       NtCurrentTeb               0000000180015230 f i MSVCRTD:utility.obj
 0001:00014240       __scrt_acquire_startup_lock 0000000180015240 f   MSVCRTD:utility.obj
 0001:000142b0       __scrt_dllmain_after_initialize_c 00000001800152b0 f   MSVCRTD:utility.obj
 0001:000142e0       __scrt_dllmain_before_initialize_c 00000001800152e0 f   MSVCRTD:utility.obj
 0001:00014300       __scrt_dllmain_crt_thread_attach 0000000180015300 f   MSVCRTD:utility.obj
 0001:00014330       __scrt_dllmain_crt_thread_detach 0000000180015330 f   MSVCRTD:utility.obj
 0001:00014350       __scrt_dllmain_exception_filter 0000000180015350 f   MSVCRTD:utility.obj
 0001:000143c0       __scrt_dllmain_uninitialize_c 00000001800153c0 f   MSVCRTD:utility.obj
 0001:000143f0       __scrt_dllmain_uninitialize_critical 00000001800153f0 f   MSVCRTD:utility.obj
 0001:00014410       __scrt_initialize_crt      0000000180015410 f   MSVCRTD:utility.obj
 0001:00014460       __scrt_initialize_onexit_tables 0000000180015460 f   MSVCRTD:utility.obj
 0001:00014570       __scrt_is_nonwritable_in_current_image 0000000180015570 f   MSVCRTD:utility.obj
 0001:00014600       __scrt_release_startup_lock 0000000180015600 f   MSVCRTD:utility.obj
 0001:00014630       __scrt_uninitialize_crt    0000000180015630 f   MSVCRTD:utility.obj
 0001:00014670       __scrt_get_dyn_tls_init_callback 0000000180015670 f   MSVCRTD:dyn_tls_init.obj
 0001:00014680       __crt_debugger_hook        0000000180015680 f   MSVCRTD:utility_desktop.obj
 0001:00014690       __scrt_fastfail            0000000180015690 f   MSVCRTD:utility_desktop.obj
 0001:00014830       _RTC_Initialize            0000000180015830 f   MSVCRTD:initsect.obj
 0001:00014880       _RTC_Terminate             0000000180015880 f   MSVCRTD:initsect.obj
 0001:000148d0       _guard_check_icall_nop     00000001800158d0 f i MSVCRTD:guard_support.obj
 0001:000148e0       __isa_available_init       00000001800158e0 f   MSVCRTD:cpu_disp.obj
 0001:00014c80       _get_startup_argv_mode     0000000180015c80 f   MSVCRTD:argv_mode.obj
 0001:00014c90       __scrt_is_ucrt_dll_in_use  0000000180015c90 f   MSVCRTD:ucrt_detection.obj
 0001:00014cc0       __C_specific_handler       0000000180015cc0 f   vcruntimed:VCRUNTIME140D.dll
 0001:00014cc6       __std_type_info_destroy_list 0000000180015cc6 f   vcruntimed:VCRUNTIME140D.dll
 0001:00014ccc       atan2                      0000000180015ccc f   ucrtd:ucrtbased.dll
 0001:00014cd2       sinf                       0000000180015cd2 f   ucrtd:ucrtbased.dll
 0001:00014cd8       sqrtf                      0000000180015cd8 f   ucrtd:ucrtbased.dll
 0001:00014cde       _initterm                  0000000180015cde f   ucrtd:ucrtbased.dll
 0001:00014ce4       _initterm_e                0000000180015ce4 f   ucrtd:ucrtbased.dll
 0001:00014cea       _seh_filter_dll            0000000180015cea f   ucrtd:ucrtbased.dll
 0001:00014cf0       _configure_narrow_argv     0000000180015cf0 f   ucrtd:ucrtbased.dll
 0001:00014cf6       _initialize_narrow_environment 0000000180015cf6 f   ucrtd:ucrtbased.dll
 0001:00014cfc       _initialize_onexit_table   0000000180015cfc f   ucrtd:ucrtbased.dll
 0001:00014d02       _execute_onexit_table      0000000180015d02 f   ucrtd:ucrtbased.dll
 0001:00014d08       _cexit                     0000000180015d08 f   ucrtd:ucrtbased.dll
 0001:00014d10       __vcrt_thread_detach       0000000180015d10 f   MSVCRTD:ucrt_stubs.obj
 0001:00014d10       __vcrt_initialize          0000000180015d10 f   MSVCRTD:ucrt_stubs.obj
 0001:00014d10       __acrt_thread_detach       0000000180015d10 f   MSVCRTD:ucrt_stubs.obj
 0001:00014d10       __vcrt_thread_attach       0000000180015d10 f   MSVCRTD:ucrt_stubs.obj
 0001:00014d10       __acrt_thread_attach       0000000180015d10 f   MSVCRTD:ucrt_stubs.obj
 0001:00014d10       __scrt_stub_for_acrt_thread_detach 0000000180015d10 f   MSVCRTD:ucrt_stubs.obj
 0001:00014d10       __scrt_stub_for_acrt_thread_attach 0000000180015d10 f   MSVCRTD:ucrt_stubs.obj
 0001:00014d10       __acrt_initialize          0000000180015d10 f   MSVCRTD:ucrt_stubs.obj
 0001:00014d10       __scrt_stub_for_acrt_initialize 0000000180015d10 f   MSVCRTD:ucrt_stubs.obj
 0001:00014d20       __acrt_uninitialize        0000000180015d20 f   MSVCRTD:ucrt_stubs.obj
 0001:00014d20       __vcrt_uninitialize        0000000180015d20 f   MSVCRTD:ucrt_stubs.obj
 0001:00014d20       __vcrt_uninitialize_critical 0000000180015d20 f   MSVCRTD:ucrt_stubs.obj
 0001:00014d20       __scrt_stub_for_acrt_uninitialize_critical 0000000180015d20 f   MSVCRTD:ucrt_stubs.obj
 0001:00014d20       __scrt_stub_for_acrt_uninitialize 0000000180015d20 f   MSVCRTD:ucrt_stubs.obj
 0001:00014d20       __acrt_uninitialize_critical 0000000180015d20 f   MSVCRTD:ucrt_stubs.obj
 0001:00014d30       _is_c_termination_complete 0000000180015d30 f   MSVCRTD:ucrt_stubs.obj
 0001:00014d30       __scrt_stub_for_is_c_termination_complete 0000000180015d30 f   MSVCRTD:ucrt_stubs.obj
 0001:00014d50       _guard_dispatch_icall_nop  0000000180015d50 f   MSVCRTD:guard_dispatch.obj
 0001:00014d70       _guard_xfg_dispatch_icall_nop 0000000180015d70 f   MSVCRTD:guard_xfg_dispatch.obj
 0002:00000000       __imp_QueryPerformanceCounter 0000000180016000     kernel32:KERNEL32.dll
 0002:00000008       __imp_RtlCaptureContext    0000000180016008     kernel32:KERNEL32.dll
 0002:00000010       __imp_RtlLookupFunctionEntry 0000000180016010     kernel32:KERNEL32.dll
 0002:00000018       __imp_RtlVirtualUnwind     0000000180016018     kernel32:KERNEL32.dll
 0002:00000020       __imp_IsDebuggerPresent    0000000180016020     kernel32:KERNEL32.dll
 0002:00000028       __imp_InitializeSListHead  0000000180016028     kernel32:KERNEL32.dll
 0002:00000030       __imp_DisableThreadLibraryCalls 0000000180016030     kernel32:KERNEL32.dll
 0002:00000038       __imp_GetSystemTimeAsFileTime 0000000180016038     kernel32:KERNEL32.dll
 0002:00000040       __imp_GetCurrentProcessId  0000000180016040     kernel32:KERNEL32.dll
 0002:00000048       __imp_GetCurrentThreadId   0000000180016048     kernel32:KERNEL32.dll
 0002:00000050       __imp_IsProcessorFeaturePresent 0000000180016050     kernel32:KERNEL32.dll
 0002:00000058       __imp_TerminateProcess     0000000180016058     kernel32:KERNEL32.dll
 0002:00000060       __imp_GetCurrentProcess    0000000180016060     kernel32:KERNEL32.dll
 0002:00000068       __imp_SetUnhandledExceptionFilter 0000000180016068     kernel32:KERNEL32.dll
 0002:00000070       __imp_UnhandledExceptionFilter 0000000180016070     kernel32:KERNEL32.dll
 0002:00000078       \177KERNEL32_NULL_THUNK_DATA 0000000180016078     kernel32:KERNEL32.dll
 0002:00000080       __imp___std_type_info_destroy_list 0000000180016080     vcruntimed:VCRUNTIME140D.dll
 0002:00000088       __imp___C_specific_handler 0000000180016088     vcruntimed:VCRUNTIME140D.dll
 0002:00000090       \177VCRUNTIME140D_NULL_THUNK_DATA 0000000180016090     vcruntimed:VCRUNTIME140D.dll
 0002:00000098       __imp__cexit               0000000180016098     ucrtd:ucrtbased.dll
 0002:000000a0       __imp__execute_onexit_table 00000001800160a0     ucrtd:ucrtbased.dll
 0002:000000a8       __imp__initialize_onexit_table 00000001800160a8     ucrtd:ucrtbased.dll
 0002:000000b0       __imp__initialize_narrow_environment 00000001800160b0     ucrtd:ucrtbased.dll
 0002:000000b8       __imp__configure_narrow_argv 00000001800160b8     ucrtd:ucrtbased.dll
 0002:000000c0       __imp__initterm_e          00000001800160c0     ucrtd:ucrtbased.dll
 0002:000000c8       __imp__initterm            00000001800160c8     ucrtd:ucrtbased.dll
 0002:000000d0       __imp_sqrtf                00000001800160d0     ucrtd:ucrtbased.dll
 0002:000000d8       __imp_sinf                 00000001800160d8     ucrtd:ucrtbased.dll
 0002:000000e0       __imp_atan2                00000001800160e0     ucrtd:ucrtbased.dll
 0002:000000e8       __imp_roundf               00000001800160e8     ucrtd:ucrtbased.dll
 0002:000000f0       __imp__seh_filter_dll      00000001800160f0     ucrtd:ucrtbased.dll
 0002:000000f8       \177ucrtbased_NULL_THUNK_DATA 00000001800160f8     ucrtd:ucrtbased.dll
 0002:00000100       __guard_check_icall_fptr   0000000180016100     MSVCRTD:guard_support.obj
 0002:00000108       __guard_xfg_check_icall_fptr 0000000180016108     MSVCRTD:guard_support.obj
 0002:00000110       __guard_dispatch_icall_fptr 0000000180016110     MSVCRTD:guard_support.obj
 0002:00000118       __guard_xfg_dispatch_icall_fptr 0000000180016118     MSVCRTD:guard_support.obj
 0002:00000120       __guard_xfg_table_dispatch_icall_fptr 0000000180016120     MSVCRTD:guard_support.obj
 0002:00000128       __xc_a                     0000000180016128     MSVCRTD:initializers.obj
 0002:00000130       __xc_z                     0000000180016130     MSVCRTD:initializers.obj
 0002:00000138       __xi_a                     0000000180016138     MSVCRTD:initializers.obj
 0002:00000140       __xi_z                     0000000180016140     MSVCRTD:initializers.obj
 0002:00000148       __xp_a                     0000000180016148     MSVCRTD:initializers.obj
 0002:00000150       __xp_z                     0000000180016150     MSVCRTD:initializers.obj
 0002:00000158       __xt_a                     0000000180016158     MSVCRTD:initializers.obj
 0002:00000160       __xt_z                     0000000180016160     MSVCRTD:initializers.obj
 0002:00000290       ??_C@_0BA@NMEIMCEK@InvalidCodePath@ 0000000180016290     p5engine.obj
 0002:000002a0       __real@00000000            00000001800162a0     p5engine.obj
 0002:000002a4       __real@308992b1            00000001800162a4     p5engine.obj
 0002:000002a8       __real@3a83126f            00000001800162a8     p5engine.obj
 0002:000002ac       __real@3c23d70a            00000001800162ac     p5engine.obj
 0002:000002b0       __real@3cc30c31            00000001800162b0     p5engine.obj
 0002:000002b4       __real@3dcccccd            00000001800162b4     p5engine.obj
 0002:000002b8       __real@3de38e39            00000001800162b8     p5engine.obj
 0002:000002bc       __real@3e4ccccd            00000001800162bc     p5engine.obj
 0002:000002c0       __real@3e800000            00000001800162c0     p5engine.obj
 0002:000002c4       __real@3e99999a            00000001800162c4     p5engine.obj
 0002:000002c8       __real@3ecccccd            00000001800162c8     p5engine.obj
 0002:000002cc       __real@3ee147ae            00000001800162cc     p5engine.obj
 0002:000002d0       __real@3f000000            00000001800162d0     p5engine.obj
 0002:000002d4       __real@3f19999a            00000001800162d4     p5engine.obj
 0002:000002d8       __real@3f228f5c            00000001800162d8     p5engine.obj
 0002:000002dc       __real@3f333333            00000001800162dc     p5engine.obj
 0002:000002e0       __real@3f3504f3            00000001800162e0     p5engine.obj
 0002:000002e4       __real@3f400000            00000001800162e4     p5engine.obj
 0002:000002e8       __real@3f666666            00000001800162e8     p5engine.obj
 0002:000002ec       __real@3f800000            00000001800162ec     p5engine.obj
 0002:000002f0       __real@3f8ccccd            00000001800162f0     p5engine.obj
 0002:000002f4       __real@3f99999a            00000001800162f4     p5engine.obj
 0002:000002f8       __real@3fa66666            00000001800162f8     p5engine.obj
 0002:000002fc       __real@3fb33333            00000001800162fc     p5engine.obj
 0002:00000300       __real@3fc00000            0000000180016300     p5engine.obj
 0002:00000304       __real@40000000            0000000180016304     p5engine.obj
 0002:00000308       __real@400ccccd            0000000180016308     p5engine.obj
 0002:0000030c       __real@40400000            000000018001630c     p5engine.obj
 0002:00000310       __real@40800000            0000000180016310     p5engine.obj
 0002:00000314       __real@40a00000            0000000180016314     p5engine.obj
 0002:00000318       __real@40c00000            0000000180016318     p5engine.obj
 0002:0000031c       __real@40c90fdb            000000018001631c     p5engine.obj
 0002:00000320       __real@41100000            0000000180016320     p5engine.obj
 0002:00000324       __real@41700000            0000000180016324     p5engine.obj
 0002:00000328       __real@41880000            0000000180016328     p5engine.obj
 0002:0000032c       __real@41a00000            000000018001632c     p5engine.obj
 0002:00000330       __real@41f00000            0000000180016330     p5engine.obj
 0002:00000334       __real@42340000            0000000180016334     p5engine.obj
 0002:00000338       __real@437f0000            0000000180016338     p5engine.obj
 0002:0000033c       __real@461c4000            000000018001633c     p5engine.obj
 0002:00000340       __real@47c35000            0000000180016340     p5engine.obj
 0002:00000344       __real@49742400            0000000180016344     p5engine.obj
 0002:00000348       __real@7f7fffff            0000000180016348     p5engine.obj
 0002:0000034c       __real@becccccd            000000018001634c     p5engine.obj
 0002:00000350       __real@bf000000            0000000180016350     p5engine.obj
 0002:00000354       __real@bf800000            0000000180016354     p5engine.obj
 0002:00000358       __real@c0000000            0000000180016358     p5engine.obj
 0002:0000035c       __real@c0100000            000000018001635c     p5engine.obj
 0002:00000360       __real@c0400000            0000000180016360     p5engine.obj
 0002:00000364       __real@c11ccccd            0000000180016364     p5engine.obj
 0002:00000370       __xmm@00000000000000000000000000000000 0000000180016370     p5engine.obj
 0002:00000380       __xmm@3f8000003f8000003f8000003f800000 0000000180016380     p5engine.obj
 0002:00000390       __xmm@7fffffffffffffff7fffffffffffffff 0000000180016390     p5engine.obj
 0002:000003a0       __xmm@80000000800000008000000080000000 00000001800163a0     p5engine.obj
 0002:000003b0       __xmm@000000ff000000ff000000ff000000ff 00000001800163b0     p5engine_optimized.obj
 0002:000003c0       __xmm@0000ffff0000ffff0000ffff0000ffff 00000001800163c0     p5engine_optimized.obj
 0002:000003d0       __xmm@00ff00ff00ff00ff00ff00ff00ff00ff 00000001800163d0     p5engine_optimized.obj
 0002:000003e0       __xmm@3b8080813b8080813b8080813b808081 00000001800163e0     p5engine_optimized.obj
 0002:000003f0       __xmm@3f0000003f0000003f0000003f000000 00000001800163f0     p5engine_optimized.obj
 0002:00000400       __xmm@40800000408000004080000040800000 0000000180016400     p5engine_optimized.obj
 0002:00000410       __xmm@477e0100477e0100477e0100477e0100 0000000180016410     p5engine_optimized.obj
 0002:00000420       __xmm@ffffffffffffffffffffffffffffffff 0000000180016420     p5engine_optimized.obj
 0002:00000430       _pRawDllMain               0000000180016430     MSVCRTD:dll_dllmain.obj
 0002:00000430       _pDefaultRawDllMain        0000000180016430     MSVCRTD:dll_dllmain.obj
 0002:000004a0       _load_config_used          00000001800164a0     MSVCRTD:loadcfg.obj
 0002:00000600       __volatile_metadata        0000000180016600     <linker-defined>
 0002:00000a58       __rtc_iaa                  0000000180016a58     MSVCRTD:initsect.obj
 0002:00000a60       __rtc_izz                  0000000180016a60     MSVCRTD:initsect.obj
 0002:00000a68       __rtc_taa                  0000000180016a68     MSVCRTD:initsect.obj
 0002:00000a70       __rtc_tzz                  0000000180016a70     MSVCRTD:initsect.obj
 0002:00001334       __IMPORT_DESCRIPTOR_VCRUNTIME140D 0000000180017334     vcruntimed:VCRUNTIME140D.dll
 0002:00001348       __IMPORT_DESCRIPTOR_ucrtbased 0000000180017348     ucrtd:ucrtbased.dll
 0002:0000135c       __IMPORT_DESCRIPTOR_KERNEL32 000000018001735c     kernel32:KERNEL32.dll
 0002:00001370       __NULL_IMPORT_DESCRIPTOR   0000000180017370     vcruntimed:VCRUNTIME140D.dll
 0003:00004000       __security_cookie_complement 000000018001c000     MSVCRTD:gs_cookie.obj
 0003:00004008       __security_cookie          000000018001c008     MSVCRTD:gs_cookie.obj
 0003:00004010       _fltused                   000000018001c010     MSVCRTD:fltused.obj
 0003:00004014       __scrt_native_dllmain_reason 000000018001c014     MSVCRTD:utility.obj
 0003:00004018       __isa_available            000000018001c018     MSVCRTD:cpu_disp.obj
 0003:0000401c       __isa_enabled              000000018001c01c     MSVCRTD:cpu_disp.obj
 0003:00004020       __memcpy_nt_iters          000000018001c020     MSVCRTD:cpu_disp.obj
 0003:00004028       __memset_nt_iters          000000018001c028     MSVCRTD:cpu_disp.obj
 0003:00004030       __scrt_ucrt_dll_is_in_use  000000018001c030     MSVCRTD:ucrt_stubs.obj
 0003:00004040       DebugGlobalMemory          000000018001c040     p5engine.obj
 0003:00004630       ?__type_info_root_node@@3U__type_info_node@@A 000000018001c630     MSVCRTD:tncleanup.obj
 0003:00004640       ?_OptionsStorage@?1??__local_stdio_printf_options@@9@4_KA 000000018001c640     MSVCRTD:default_local_stdio_options.obj
 0003:00004648       ?_OptionsStorage@?1??__local_stdio_scanf_options@@9@4_KA 000000018001c648     MSVCRTD:default_local_stdio_options.obj
 0003:00004650       __scrt_current_native_startup_state 000000018001c650     MSVCRTD:utility.obj
 0003:00004658       __scrt_native_startup_lock 000000018001c658     MSVCRTD:utility.obj
 0003:00004698       __scrt_debugger_hook_flag  000000018001c698     MSVCRTD:utility_desktop.obj
 0003:000046a0       __castguard_check_failure_os_handled_fptr 000000018001c6a0     MSVCRTD:guard_support.obj
 0003:000046a8       __favor                    000000018001c6a8     MSVCRTD:cpu_disp.obj
 0003:000046b0       __dyn_tls_init_callback    000000018001c6b0     <common>
 0003:000046b8       __DebuggerCurrentSteppingThreadId 000000018001c6b8     <common>

 entry point at        0001:00013c50

 Static symbols

 0000:fffdf000       .debug$S                   0000000180000000     P5Engine.exp
 0000:fffdf000       .debug$S                   0000000180000000     vcruntimed:VCRUNTIME140D.dll
 0000:fffdf000       .debug$S                   0000000180000000     vcruntimed:VCRUNTIME140D.dll
 0000:fffdf000       .debug$S                   0000000180000000     vcruntimed:VCRUNTIME140D.dll
 0000:fffdf000       .debug$S                   0000000180000000     vcruntimed:VCRUNTIME140D.dll
 0000:fffdf000       .debug$S                   0000000180000000     ucrtd:ucrtbased.dll
 0000:fffdf000       .debug$S                   0000000180000000     ucrtd:ucrtbased.dll
 0000:fffdf000       .debug$S                   0000000180000000     ucrtd:ucrtbased.dll
 0000:fffdf000       .debug$S                   0000000180000000     ucrtd:ucrtbased.dll
 0000:fffdf000       .debug$S                   0000000180000000     ucrtd:ucrtbased.dll
 0000:fffdf000       .debug$S                   0000000180000000     ucrtd:ucrtbased.dll
 0000:fffdf000       .debug$S                   0000000180000000     ucrtd:ucrtbased.dll
 0000:fffdf000       .debug$S                   0000000180000000     ucrtd:ucrtbased.dll
 0000:fffdf000       .debug$S                   0000000180000000     ucrtd:ucrtbased.dll
 0000:fffdf000       .debug$S                   0000000180000000     ucrtd:ucrtbased.dll
 0000:fffdf000       .debug$S                   0000000180000000     ucrtd:ucrtbased.dll
 0000:fffdf000       .debug$S                   0000000180000000     ucrtd:ucrtbased.dll
 0000:fffdf000       .debug$S                   0000000180000000     ucrtd:ucrtbased.dll
 0000:fffdf000       .debug$S                   0000000180000000     ucrtd:ucrtbased.dll
 0000:fffdf000       .debug$S                   0000000180000000     ucrtd:ucrtbased.dll
 0000:fffdf000       .debug$S                   0000000180000000     ucrtd:ucrtbased.dll
 0000:fffdf000       .debug$S                   0000000180000000     kernel32:KERNEL32.dll
 0000:fffdf000       .debug$S                   0000000180000000     kernel32:KERNEL32.dll
 0000:fffdf000       .debug$S                   0000000180000000     kernel32:KERNEL32.dll
 0000:fffdf000       .debug$S                   0000000180000000     kernel32:KERNEL32.dll
 0000:fffdf000       .debug$S                   0000000180000000     kernel32:KERNEL32.dll
 0000:fffdf000       .debug$S                   0000000180000000     kernel32:KERNEL32.dll
 0000:fffdf000       .debug$S                   0000000180000000     kernel32:KERNEL32.dll
 0000:fffdf000       .debug$S                   0000000180000000     kernel32:KERNEL32.dll
 0000:fffdf000       .debug$S                   0000000180000000     kernel32:KERNEL32.dll
 0000:fffdf000       .debug$S                   0000000180000000     kernel32:KERNEL32.dll
 0000:fffdf000       .debug$S                   0000000180000000     kernel32:KERNEL32.dll
 0000:fffdf000       .debug$S                   0000000180000000     kernel32:KERNEL32.dll
 0000:fffdf000       .debug$S                   0000000180000000     kernel32:KERNEL32.dll
 0000:fffdf000       .debug$S                   0000000180000000     kernel32:KERNEL32.dll
 0000:fffdf000       .debug$S                   0000000180000000     kernel32:KERNEL32.dll
 0000:fffdf000       .debug$S                   0000000180000000     kernel32:KERNEL32.dll
 0000:fffdf000       .debug$S                   0000000180000000     kernel32:KERNEL32.dll
 0001:00000000       ?RemoveAssetHeaderFromList@@YAXPEAUasset_memory_header@@@Z 0000000180001000 f   p5engine.obj
 0001:00000070       ?LoadBitmap@@YAXPEAUgame_assets@@Ubitmap_id@@H@Z 0000000180001070 f   p5engine.obj
 0001:000003e0       ?LoadSound@@YAXPEAUgame_assets@@Usound_id@@@Z 00000001800013e0 f   p5engine.obj
 0001:00000680       ?AddCollisionRule@@YAXPEAUgame_state@@IIH@Z 0000000180001680 f   p5engine.obj
 0001:00000800       ?ClearCollisionRulesFor@@YAXPEAUgame_state@@I@Z 0000000180001800 f   p5engine.obj
 0001:00000900       ?BeginTaskWithMemory@@YAPEAUtask_with_memory@@PEAUtransient_state@@@Z 0000000180001900 f   p5engine.obj
 0001:000009e0       ?EndTaskWithMemory@@YAXPEAUtask_with_memory@@@Z 00000001800019e0 f   p5engine.obj
 0001:00000a40       ?DrawRectangle@@YAXPEAUloaded_bitmap@@Tv2@@1Tv4@@Urectangle2i@@H@Z 0000000180001a40 f   p5engine.obj
 0001:00000cf0       ?RenderGroupToOutput@@YAXPEAUrender_group@@PEAUloaded_bitmap@@Urectangle2i@@H@Z 0000000180001cf0 f   p5engine.obj
 0001:000010e0       ?DoTiledRenderWork@@YAXPEAUplatform_work_queue@@PEAX@Z 00000001800020e0 f   p5engine.obj
 0001:00001190       ?RenderGroupToOutput@@YAXPEAUrender_group@@PEAUloaded_bitmap@@@Z 0000000180002190 f   p5engine.obj
 0001:00001290       ?TiledRenderGroupToOutput@@YAXPEAUplatform_work_queue@@PEAUrender_group@@PEAUloaded_bitmap@@@Z 0000000180002290 f   p5engine.obj
 0001:000014e0       ?AllocateRenderGroup@@YAPEAUrender_group@@PEAUgame_assets@@PEAUmemory_arena@@IH@Z 00000001800024e0 f   p5engine.obj
 0001:00001630       ?BeginRender@@YAXPEAUrender_group@@@Z 0000000180002630 f   p5engine.obj
 0001:00001690       ?EndRender@@YAXPEAUrender_group@@@Z 0000000180002690 f   p5engine.obj
 0001:00001710       ?InitializeWorld@@YAXPEAUworld@@Tv3@@@Z 0000000180002710 f   p5engine.obj
 0001:000017b0       ?Subtract@@YA?ATv3@@PEAUworld@@PEAUworld_position@@1@Z 00000001800027b0 f   p5engine.obj
 0001:00001a20       ?ChangeEntityLocation@@YAXPEAUmemory_arena@@PEAUworld@@IPEAUlow_entity@@Uworld_position@@@Z 0000000180002a20 f   p5engine.obj
 0001:00001bb0       ?GetHashFromStorageIndex@@YAPEAUsim_entity_hash@@PEAUsim_region@@I@Z 0000000180002bb0 f   p5engine.obj
 0001:00001c80       ?AddEntity@@YAPEAUsim_entity@@PEAUgame_state@@PEAUsim_region@@IPEAUlow_entity@@PEATv3@@@Z 0000000180002c80 f   p5engine.obj
 0001:00001de0       ?AddEntityRaw@@YAPEAUsim_entity@@PEAUgame_state@@PEAUsim_region@@IPEAUlow_entity@@@Z 0000000180002de0 f   p5engine.obj
 0001:00001f60       ?BeginSim@@YAPEAUsim_region@@PEAUmemory_arena@@PEAUgame_state@@PEAUworld@@Uworld_position@@Urectangle3@@M@Z 0000000180002f60 f   p5engine.obj
 0001:000025d0       ?EndSim@@YAXPEAUsim_region@@PEAUgame_state@@@Z 00000001800035d0 f   p5engine.obj
 0001:00002890       ?CanCollide@@YAHPEAUgame_state@@PEAUsim_entity@@1@Z 0000000180003890 f   p5engine.obj
 0001:000029e0       ?HandleCollision@@YAHPEAUgame_state@@PEAUsim_entity@@1@Z 00000001800039e0 f   p5engine.obj
 0001:00002ac0       ?CanOverlap@@YAHPEAUgame_state@@PEAUsim_entity@@1@Z 0000000180003ac0 f   p5engine.obj
 0001:00002b20       ?HandleOverlap@@YAXPEAUgame_state@@PEAUsim_entity@@1MPEAM@Z 0000000180003b20 f   p5engine.obj
 0001:00002bc0       ?SpeculativeCollide@@YAHPEAUsim_entity@@0Tv3@@@Z 0000000180003bc0 f   p5engine.obj
 0001:00002cc0       ?EntitiesOverlap@@YAHPEAUsim_entity@@0Tv3@@@Z 0000000180003cc0 f   p5engine.obj
 0001:00003000       ?MoveEntity@@YAXPEAUgame_state@@PEAUsim_region@@PEAUsim_entity@@MPEAUmove_spec@@Tv3@@@Z 0000000180004000 f   p5engine.obj
 0001:00004960       ?LoadAssetWorkDirectly@@YAXPEAUload_asset_work@@@Z 0000000180005960 f   p5engine.obj
 0001:000049f0       ?LoadAssetWork@@YAXPEAUplatform_work_queue@@PEAX@Z 00000001800059f0 f   p5engine.obj
 0001:00004a40       ?InsertBlock@@YAPEAUasset_memory_block@@PEAU1@_KPEAX@Z 0000000180005a40 f   p5engine.obj
 0001:00004af0       ?FindBlockForSize@@YAPEAUasset_memory_block@@PEAUgame_assets@@_K@Z 0000000180005af0 f   p5engine.obj
 0001:00004b90       ?MergeIfPossible@@YAHPEAUgame_assets@@PEAUasset_memory_block@@1@Z 0000000180005b90 f   p5engine.obj
 0001:00004c90       ?GenerationHasCompleted@@YAHPEAUgame_assets@@I@Z 0000000180005c90 f   p5engine.obj
 0001:00004d10       ?AcquireAssetMemory@@YAPEAUasset_memory_header@@PEAUgame_assets@@II@Z 0000000180005d10 f   p5engine.obj
 0001:00004fc0       ?GetBestMatchAssetFrom@@YAIPEAUgame_assets@@W4asset_type_id@@PEAUasset_vector@@2@Z 0000000180005fc0 f   p5engine.obj
 0001:00005200       ?GetRandomAssetFrom@@YAIPEAUgame_assets@@W4asset_type_id@@PEAUrandom_series@@@Z 0000000180006200 f   p5engine.obj
 0001:000052a0       ?GetFirstAssetFrom@@YAIPEAUgame_assets@@W4asset_type_id@@@Z 00000001800062a0 f   p5engine.obj
 0001:00005310       ?GetBestMatchBitmapFrom@@YA?AUbitmap_id@@PEAUgame_assets@@W4asset_type_id@@PEAUasset_vector@@2@Z 0000000180006310 f   p5engine.obj
 0001:00005360       ?GetFirstBitmapFrom@@YA?AUbitmap_id@@PEAUgame_assets@@W4asset_type_id@@@Z 0000000180006360 f   p5engine.obj
 0001:000053a0       ?GetRandomBitmapFrom@@YA?AUbitmap_id@@PEAUgame_assets@@W4asset_type_id@@PEAUrandom_series@@@Z 00000001800063a0 f   p5engine.obj
 0001:000053f0       ?GetRandomSoundFrom@@YA?AUsound_id@@PEAUgame_assets@@W4asset_type_id@@PEAUrandom_series@@@Z 00000001800063f0 f   p5engine.obj
 0001:00005440       ?GetBestMatchFontFrom@@YA?AUfont_id@@PEAUgame_assets@@W4asset_type_id@@PEAUasset_vector@@2@Z 0000000180006440 f   p5engine.obj
 0001:00005490       ?AllocateGameAssets@@YAPEAUgame_assets@@PEAUmemory_arena@@_KPEAUtransient_state@@@Z 0000000180006490 f   p5engine.obj
 0001:00005de0       ?GetHorizontalAdvanceForPair@@YAMPEAUp5a_font@@PEAUloaded_font@@II@Z 0000000180006de0 f   p5engine.obj
 0001:00005e70       ?GetBitmapForGlyph@@YA?AUbitmap_id@@PEAUgame_assets@@PEAUp5a_font@@PEAUloaded_font@@I@Z 0000000180006e70 f   p5engine.obj
 0001:00005ee0       ?GetLineAdvanceFor@@YAMPEAUp5a_font@@@Z 0000000180006ee0 f   p5engine.obj
 0001:00005f20       ?PlaySound@@YAPEAUplaying_sound@@PEAUaudio_state@@Usound_id@@@Z 0000000180006f20 f   p5engine.obj
 0001:00006050       ?ChangeVolume@@YAXPEAUaudio_state@@PEAUplaying_sound@@MTv2@@@Z 0000000180007050 f   p5engine.obj
 0001:00006120       ?OutputPlayingSounds@@YAXPEAUaudio_state@@PEAUgame_sound_output_buffer@@PEAUgame_assets@@PEAUmemory_arena@@@Z 0000000180007120 f   p5engine.obj
 0001:00007230       ?InitializeAudioState@@YAXPEAUaudio_state@@PEAUmemory_arena@@@Z 0000000180008230 f   p5engine.obj
 0001:000072b0       ?AddLowEntity@@YA?AUadd_low_entity_result@@PEAUgame_state@@W4entity_type@@Uworld_position@@@Z 00000001800082b0 f   p5engine.obj
 0001:000074b0       ?AddGroundedEntity@@YA?AUadd_low_entity_result@@PEAUgame_state@@W4entity_type@@Uworld_position@@PEAUsim_entity_collision_volume_group@@@Z 00000001800084b0 f   p5engine.obj
 0001:00007560       ?AddStandardRoom@@YA?AUadd_low_entity_result@@PEAUgame_state@@III@Z 0000000180008560 f   p5engine.obj
 0001:000076c0       ?AddWall@@YA?AUadd_low_entity_result@@PEAUgame_state@@III@Z 00000001800086c0 f   p5engine.obj
 0001:00007820       ?AddStairs@@YA?AUadd_low_entity_result@@PEAUgame_state@@III@Z 0000000180008820 f   p5engine.obj
 0001:000079b0       ?InitHitPoints@@YAXPEAUlow_entity@@I@Z 00000001800089b0 f   p5engine.obj
 0001:00007a40       ?AddSword@@YA?AUadd_low_entity_result@@PEAUgame_state@@@Z 0000000180008a40 f   p5engine.obj
 0001:00007b30       ?AddPlayer@@YA?AUadd_low_entity_result@@PEAUgame_state@@@Z 0000000180008b30 f   p5engine.obj
 0001:00007c70       ?AddMonstar@@YA?AUadd_low_entity_result@@PEAUgame_state@@III@Z 0000000180008c70 f   p5engine.obj
 0001:00007de0       ?AddFamiliar@@YA?AUadd_low_entity_result@@PEAUgame_state@@III@Z 0000000180008de0 f   p5engine.obj
 0001:00007f40       ?DrawHitpoints@@YAXPEAUsim_entity@@PEAUrender_group@@@Z 0000000180008f40 f   p5engine.obj
 0001:000081b0       ?MakeSimpleGroundedCollision@@YAPEAUsim_entity_collision_volume_group@@PEAUgame_state@@MMM@Z 00000001800091b0 f   p5engine.obj
 0001:00008310       ?MakeNullCollision@@YAPEAUsim_entity_collision_volume_group@@PEAUgame_state@@@Z 0000000180009310 f   p5engine.obj
 0001:000083f0       ?FillGroundChunkWork@@YAXPEAUplatform_work_queue@@PEAX@Z 00000001800093f0 f   p5engine.obj
 0001:00008be0       ?FillGroundChunk@@YAXPEAUtransient_state@@PEAUgame_state@@PEAUground_buffer@@PEAUworld_position@@@Z 0000000180009be0 f   p5engine.obj
 0001:00008ce0       ?ClearBitmap@@YAXPEAUloaded_bitmap@@@Z 0000000180009ce0 f   p5engine.obj
 0001:00008d40       ?MakeEmptyBitmap@@YA?AUloaded_bitmap@@PEAUmemory_arena@@HHH@Z 0000000180009d40 f   p5engine.obj
 0001:00008e80       ?MakeSphereDiffuseMap@@YAXPEAUloaded_bitmap@@MM@Z 0000000180009e80 f   p5engine.obj
 0001:000091b0       ?MakeSphereNormalMap@@YAXPEAUloaded_bitmap@@MMM@Z 000000018000a1b0 f   p5engine.obj
 0001:00009590       ?DEBUGReset@@YAXII@Z       000000018000a590 f   p5engine.obj
 0001:00009650       ?DEBUGTextLine@@YAXPEAD@Z  000000018000a650 f   p5engine.obj
 0001:00009bc0       ?OverlayCycleCounters@@YAXPEAUgame_memory@@@Z 000000018000abc0 f   p5engine.obj
 0001:0000d7e4       $LN149                     000000018000e7e4     p5engine.obj
 0001:000137b0       $$000000                   00000001800147b0     MSVCRTD:chkstk.obj
 0001:00013810       $$000000                   0000000180014810     MSVCRTD:amdsecgs.obj
 0001:00013840       ?dllmain_crt_dispatch@@YAHQEAUHINSTANCE__@@KQEAX@Z 0000000180014840 f   MSVCRTD:dll_dllmain.obj
 0001:000138d0       ?dllmain_crt_process_attach@@YAHQEAUHINSTANCE__@@QEAX@Z 00000001800148d0 f   MSVCRTD:dll_dllmain.obj
 0001:00013a10       ?dllmain_crt_process_detach@@YAH_N@Z 0000000180014a10 f   MSVCRTD:dll_dllmain.obj
 0001:00013ab0       ?dllmain_dispatch@@YAHQEAUHINSTANCE__@@KQEAX@Z 0000000180014ab0 f   MSVCRTD:dll_dllmain.obj
 0001:00013bf0       ?dllmain_raw@@YAHQEAUHINSTANCE__@@KQEAX@Z 0000000180014bf0 f   MSVCRTD:dll_dllmain.obj
 0001:00013db0       capture_previous_context   0000000180014db0 f   MSVCRTD:gs_report.obj
 0001:00013e70       __get_entropy              0000000180014e70 f   MSVCRTD:gs_support.obj
 0001:000140c0       ?find_pe_section@@YAPEAU_IMAGE_SECTION_HEADER@@QEAE_K@Z 00000001800150c0 f   MSVCRTD:utility.obj
 0001:000141a0       ?is_potentially_valid_image_base@@YA_NQEAX@Z 00000001800151a0 f   MSVCRTD:utility.obj
 0001:00014d40       $$000000                   0000000180015d40     MSVCRTD:guard_dispatch.obj
 0001:00014d60       $$000000                   0000000180015d60     MSVCRTD:guard_xfg_dispatch.obj
 0001:00014d80       ?fin$0@?0??dllmain_crt_process_attach@@YAHQEAUHINSTANCE__@@QEAX@Z@4HA 0000000180015d80 f   MSVCRTD:dll_dllmain.obj
 0001:00014da0       ?fin$0@?0??dllmain_crt_process_detach@@YAH_N@Z@4HA 0000000180015da0 f   MSVCRTD:dll_dllmain.obj
 0001:00014dba       ?fin$1@?0??dllmain_crt_process_detach@@YAH_N@Z@4HA 0000000180015dba f   MSVCRTD:dll_dllmain.obj
 0001:00014dd0       ?filt$0@?0??dllmain_dispatch@@YAHQEAUHINSTANCE__@@KQEAX@Z@4HA 0000000180015dd0 f   MSVCRTD:dll_dllmain.obj
 0001:00014e20       __scrt_is_nonwritable_in_current_image$filt$0 0000000180015e20 f   MSVCRTD:utility.obj
 0002:00000170       $SG33226                   0000000180016170     p5engine.obj
 0002:00000198       $SG33228                   0000000180016198     p5engine.obj
 0002:000001b8       $SG33232                   00000001800161b8     p5engine.obj
 0002:000001c8       $SG34099                   00000001800161c8     p5engine.obj
 0002:000001e0       $SG34100                   00000001800161e0     p5engine.obj
 0002:000001f8       $SG34101                   00000001800161f8     p5engine.obj
 0002:00000210       $SG34102                   0000000180016210     p5engine.obj
 0002:00000220       $SG34103                   0000000180016220     p5engine.obj
 0002:00000238       $SG34104                   0000000180016238     p5engine.obj
 0002:00000260       $SG34525                   0000000180016260     p5engine.obj
 0002:00000270       $SG31902                   0000000180016270     p5engine.obj
 0002:00000280       $SG32341                   0000000180016280     p5engine.obj
 0002:00000438       GS_ExceptionPointers       0000000180016438     MSVCRTD:gs_report.obj
 0002:00000a78       $unwind$?EndGeneration@@YAXPEAUgame_assets@@I@Z 0000000180016a78     p5engine.obj
 0002:00000a78       $unwind$?GetBitmapInfo@@YAPEAUp5a_bitmap@@PEAUgame_assets@@Ubitmap_id@@@Z 0000000180016a78     p5engine.obj
 0002:00000a78       $unwind$?GetClampedCodepoint@@YAIPEAUp5a_font@@I@Z 0000000180016a78     p5engine.obj
 0002:00000a78       $unwind$?GetFile@@YAPEAUasset_file@@PEAUgame_assets@@I@Z 0000000180016a78     p5engine.obj
 0002:00000a78       $unwind$?GetFileHandleFor@@YAPEAUplatform_file_handle@@PEAUgame_assets@@I@Z 0000000180016a78     p5engine.obj
 0002:00000a78       $unwind$?GetFontInfo@@YAPEAUp5a_font@@PEAUgame_assets@@Ufont_id@@@Z 0000000180016a78     p5engine.obj
 0002:00000a78       $unwind$?GetLowEntity@@YAPEAUlow_entity@@PEAUgame_state@@I@Z 0000000180016a78     p5engine.obj
 0002:00000a78       $unwind$?GetSoundInfo@@YAPEAUp5a_sound@@PEAUgame_assets@@Usound_id@@@Z 0000000180016a78     p5engine.obj
 0002:00000a78       $unwind$?HasFlag@@YAHPEAUsim_entity@@I@Z 0000000180016a78     p5engine.obj
 0002:00000a78       $unwind$?RandomChoice@@YAIPEAUrandom_series@@I@Z 0000000180016a78     p5engine.obj
 0002:00000a78       $unwind$GetController      0000000180016a78     p5engine.obj
 0002:00000a80       $unwind$?InitializeArena@@YAXPEAUmemory_arena@@_KPEAX@Z 0000000180016a80     p5engine.obj
 0002:00000a88       $unwind$?GetAlignmentOffset@@YA_KPEAUmemory_arena@@_K@Z 0000000180016a88     p5engine.obj
 0002:00000a90       $unwind$??Y@YAAEATv2@@AEAT0@T0@@Z 0000000180016a90     p5engine.obj
 0002:00000a90       $unwind$?GetArenaSizeRemaining@@YA_KPEAUmemory_arena@@_K@Z 0000000180016a90     p5engine.obj
 0002:00000a90       $unwind$?Hadamard@@YA?ATv2@@T1@0@Z 0000000180016a90     p5engine.obj
 0002:00000a90       $unwind$?Inner@@YAMTv2@@0@Z 0000000180016a90     p5engine.obj
 0002:00000a90       $unwind$?Inner@@YAMTv3@@0@Z 0000000180016a90     p5engine.obj
 0002:00000a90       $unwind$?InsertAssetHeaderAtFront@@YAXPEAUgame_assets@@PEAUasset_memory_header@@@Z 0000000180016a90     p5engine.obj
 0002:00000a90       $unwind$?IsCanonical@@YAHPEAUworld@@Tv3@@@Z 0000000180016a90     p5engine.obj
 0002:00000a90       $unwind$?IsInRectangle@@YAHUrectangle3@@Tv3@@@Z 0000000180016a90     p5engine.obj
 0002:00000a90       $unwind$?RectanglesIntersect@@YAHUrectangle3@@0@Z 0000000180016a90     p5engine.obj
 0002:00000a90       $unwind$?ZeroSize@@YAX_KPEAX@Z 0000000180016a90     p5engine.obj
 0002:00000a90       $unwind$?find_pe_section@@YAPEAU_IMAGE_SECTION_HEADER@@QEAE_K@Z 0000000180016a90     MSVCRTD:utility.obj
 0002:00000a98       $unwind$?PushSize_@@YAPEAXPEAUmemory_arena@@_K1@Z 0000000180016a98     p5engine.obj
 0002:00000aa0       $unwind$??G@YA?ATv3@@T0@@Z 0000000180016aa0     p5engine.obj
 0002:00000aa0       $unwind$?BeginTemporaryMemory@@YA?AUtemporary_memory@@PEAUmemory_arena@@@Z 0000000180016aa0     p5engine.obj
 0002:00000ab4       $unwind$?AllResourcesPresent@@YAHPEAUrender_group@@@Z 0000000180016ab4     p5engine.obj
 0002:00000ab4       $unwind$?BeginGeneration@@YAIPEAUgame_assets@@@Z 0000000180016ab4     p5engine.obj
 0002:00000ab4       $unwind$?EndTemporaryMemory@@YAXUtemporary_memory@@@Z 0000000180016ab4     p5engine.obj
 0002:00000ab4       $unwind$?GetDim@@YA?ATv2@@Urectangle2@@@Z 0000000180016ab4     p5engine.obj
 0002:00000ab4       $unwind$?IsValid@@YAHUworld_position@@@Z 0000000180016ab4     p5engine.obj
 0002:00000ab4       $unwind$?LengthSq@@YAMTv2@@@Z 0000000180016ab4     p5engine.obj
 0002:00000ab4       $unwind$?RandomBilateral@@YAMPEAUrandom_series@@@Z 0000000180016ab4     p5engine.obj
 0002:00000ab4       $unwind$?RandomNextUInt32@@YAIPEAUrandom_series@@@Z 0000000180016ab4     p5engine.obj
 0002:00000ab4       $unwind$?RandomUnilateral@@YAMPEAUrandom_series@@@Z 0000000180016ab4     p5engine.obj
 0002:00000ab4       $unwind$__CheckForDebuggerJustMyCode 0000000180016ab4     MSVCRTD:debugger_jmc.obj
 0002:00000ab4       $unwind$__report_gsfailure 0000000180016ab4     MSVCRTD:gs_report.obj
 0002:00000abc       $unwind$?BeginAssetLock@@YAXPEAUgame_assets@@@Z 0000000180016abc     p5engine.obj
 0002:00000abc       $unwind$?CheckArena@@YAXPEAUmemory_arena@@@Z 0000000180016abc     p5engine.obj
 0002:00000abc       $unwind$?EndAssetLock@@YAXPEAUgame_assets@@@Z 0000000180016abc     p5engine.obj
 0002:00000abc       $unwind$?StoreEntityReference@@YAXPEATentity_reference@@@Z 0000000180016abc     p5engine.obj
 0002:00000abc       $unwind$__raise_securityfailure 0000000180016abc     MSVCRTD:gs_report.obj
 0002:00000abc       $unwind$?is_potentially_valid_image_base@@YA_NQEAX@Z 0000000180016abc     MSVCRTD:utility.obj
 0002:00000ac4       $unwind$?SubArena@@YAXPEAUmemory_arena@@0_K1@Z 0000000180016ac4     p5engine.obj
 0002:00000ac4       $unwind$__GSHandlerCheck   0000000180016ac4     MSVCRTD:gshandler.obj
 0002:00000acc       $unwind$?AtomicCompareExchangeUInt32@@YAIPECIII@Z 0000000180016acc     p5engine.obj
 0002:00000acc       $unwind$?GetAsset@@YAPEAUasset_memory_header@@PEAUgame_assets@@II@Z 0000000180016acc     p5engine.obj
 0002:00000acc       $unwind$?PushRenderElement_@@YAPEAXPEAUrender_group@@IW4render_group_entry_type@@@Z 0000000180016acc     p5engine.obj
 0002:00000acc       $unwind$?dllmain_crt_dispatch@@YAHQEAUHINSTANCE__@@KQEAX@Z 0000000180016acc     MSVCRTD:dll_dllmain.obj
 0002:00000acc       $unwind$?dllmain_raw@@YAHQEAUHINSTANCE__@@KQEAX@Z 0000000180016acc     MSVCRTD:dll_dllmain.obj
 0002:00000ad4       $unwind$?AbsoluteValue@@YAMM@Z 0000000180016ad4     p5engine.obj
 0002:00000ad4       $unwind$?Clamp01@@YAMM@Z   0000000180016ad4     p5engine.obj
 0002:00000ad4       $unwind$?RoundReal32ToInt32@@YAHM@Z 0000000180016ad4     p5engine.obj
 0002:00000ad4       $unwind$?RoundReal32ToUInt32@@YAIM@Z 0000000180016ad4     p5engine.obj
 0002:00000ad4       $unwind$?SignOf@@YAMM@Z    0000000180016ad4     p5engine.obj
 0002:00000ad4       $unwind$?Sin@@YAMM@Z       0000000180016ad4     p5engine.obj
 0002:00000ad4       $unwind$?Square@@YAMM@Z    0000000180016ad4     p5engine.obj
 0002:00000ad4       $unwind$?SquareRoot@@YAMM@Z 0000000180016ad4     p5engine.obj
 0002:00000adc       $unwind$?ATan2@@YAMMM@Z    0000000180016adc     p5engine.obj
 0002:00000adc       $unwind$?IsCanonical@@YAHMM@Z 0000000180016adc     p5engine.obj
 0002:00000adc       $unwind$?SafeRatio1@@YAMMM@Z 0000000180016adc     p5engine.obj
 0002:00000ae4       $unwind$?Clamp01MapToRange@@YAMMMM@Z 0000000180016ae4     p5engine.obj
 0002:00000ae4       $unwind$?Clamp@@YAMMMM@Z   0000000180016ae4     p5engine.obj
 0002:00000ae4       $unwind$?SafeRatioN@@YAMMMM@Z 0000000180016ae4     p5engine.obj
 0002:00000aec       $unwind$?V2@@YA?ATv2@@MM@Z 0000000180016aec     p5engine.obj
 0002:00000afc       $unwind$?V2i@@YA?ATv2@@HH@Z 0000000180016afc     p5engine.obj
 0002:00000b04       $unwind$??D@YA?ATv2@@MT0@@Z 0000000180016b04     p5engine.obj
 0002:00000b14       $unwind$??G@YA?ATv2@@T0@0@Z 0000000180016b14     p5engine.obj
 0002:00000b14       $unwind$??H@YA?ATv2@@T0@0@Z 0000000180016b14     p5engine.obj
 0002:00000b14       $unwind$?GetBarycentric@@YA?ATv2@@Urectangle2@@T1@@Z 0000000180016b14     p5engine.obj
 0002:00000b24       $unwind$?Clamp01@@YA?ATv2@@T1@@Z 0000000180016b24     p5engine.obj
 0002:00000b34       $unwind$?V3@@YA?ATv3@@MMM@Z 0000000180016b34     p5engine.obj
 0002:00000b34       $unwind$?V4@@YA?ATv4@@MMMM@Z 0000000180016b34     p5engine.obj
 0002:00000b48       $unwind$??D@YA?ATv3@@MT0@@Z 0000000180016b48     p5engine.obj
 0002:00000b48       $unwind$??D@YA?ATv4@@MT0@@Z 0000000180016b48     p5engine.obj
 0002:00000b48       $unwind$?ToV3@@YA?ATv3@@Tv2@@M@Z 0000000180016b48     p5engine.obj
 0002:00000b5c       $unwind$??D@YA?ATv3@@T0@M@Z 0000000180016b5c     p5engine.obj
 0002:00000b5c       $unwind$?GetCameraRectangleAtDistance@@YA?AUrectangle2@@PEAUrender_group@@M@Z 0000000180016b5c     p5engine.obj
 0002:00000b68       $unwind$??X@YAAEATv3@@AEAT0@M@Z 0000000180016b68     p5engine.obj
 0002:00000b74       $unwind$??G@YA?ATv3@@T0@0@Z 0000000180016b74     p5engine.obj
 0002:00000b74       $unwind$??H@YA?ATv3@@T0@0@Z 0000000180016b74     p5engine.obj
 0002:00000b88       $unwind$??Y@YAAEATv3@@AEAT0@T0@@Z 0000000180016b88     p5engine.obj
 0002:00000b88       $unwind$??Z@YAAEATv3@@AEAT0@T0@@Z 0000000180016b88     p5engine.obj
 0002:00000b88       $unwind$?GetDim@@YA?ATv3@@Urectangle3@@@Z 0000000180016b88     p5engine.obj
 0002:00000b94       $unwind$?AreInSameChunk@@YAHPEAUworld@@PEAUworld_position@@1@Z 0000000180016b94     p5engine.obj
 0002:00000b94       $unwind$?Hadamard@@YA?ATv3@@T1@0@Z 0000000180016b94     p5engine.obj
 0002:00000b94       $unwind$?RectCenterDim@@YA?AUrectangle2@@Tv2@@0@Z 0000000180016b94     p5engine.obj
 0002:00000ba0       $unwind$?LengthSq@@YAMTv3@@@Z 0000000180016ba0     p5engine.obj
 0002:00000bac       $unwind$?Length@@YAMTv3@@@Z 0000000180016bac     p5engine.obj
 0002:00000bac       $unwind$?MakeEntityNonSpatial@@YAXPEAUsim_entity@@@Z 0000000180016bac     p5engine.obj
 0002:00000bb8       $unwind$?RectCenterHalfDim@@YA?AUrectangle2@@Tv2@@0@Z 0000000180016bb8     p5engine.obj
 0002:00000bcc       $unwind$?Intersect@@YA?AUrectangle2i@@U1@0@Z 0000000180016bcc     p5engine.obj
 0002:00000bd8       $unwind$?Clear@@YAXPEAUrender_group@@Tv4@@@Z 0000000180016bd8     p5engine.obj
 0002:00000bd8       $unwind$?GetMaxCorner@@YA?ATv3@@Urectangle3@@@Z 0000000180016bd8     p5engine.obj
 0002:00000bd8       $unwind$?GetMinCorner@@YA?ATv3@@Urectangle3@@@Z 0000000180016bd8     p5engine.obj
 0002:00000be4       $unwind$?RectMinMax@@YA?AUrectangle3@@Tv3@@0@Z 0000000180016be4     p5engine.obj
 0002:00000bf8       $unwind$?AddRadiusTo@@YA?AUrectangle3@@U1@Tv3@@@Z 0000000180016bf8     p5engine.obj
 0002:00000bf8       $unwind$?RectCenterHalfDim@@YA?AUrectangle3@@Tv3@@0@Z 0000000180016bf8     p5engine.obj
 0002:00000c0c       $unwind$?RectCenterDim@@YA?AUrectangle3@@Tv3@@0@Z 0000000180016c0c     p5engine.obj
 0002:00000c18       $unwind$?RandomSeed@@YA?AUrandom_series@@I@Z 0000000180016c18     p5engine.obj
 0002:00000c28       $unwind$?AddFlags@@YAXPEAUsim_entity@@I@Z 0000000180016c28     p5engine.obj
 0002:00000c28       $unwind$?ClearFlags@@YAXPEAUsim_entity@@I@Z 0000000180016c28     p5engine.obj
 0002:00000c28       $unwind$?PrefetchSound@@YAXPEAUgame_assets@@Usound_id@@@Z 0000000180016c28     p5engine.obj
 0002:00000c30       $unwind$?MakeEntitySpatial@@YAXPEAUsim_entity@@Tv3@@1@Z 0000000180016c30     p5engine.obj
 0002:00000c3c       $unwind$?GetEntityGroundPoint@@YA?ATv3@@PEAUsim_entity@@T1@@Z 0000000180016c3c     p5engine.obj
 0002:00000c48       $unwind$?GetEntityGroundPoint@@YA?ATv3@@PEAUsim_entity@@@Z 0000000180016c48     p5engine.obj
 0002:00000c54       $unwind$?GetStairGround@@YAMPEAUsim_entity@@Tv3@@@Z 0000000180016c54     p5engine.obj
 0002:00000c60       $unwind$?RemoveAssetHeaderFromList@@YAXPEAUasset_memory_header@@@Z 0000000180016c60     p5engine.obj
 0002:00000c68       $unwind$?LoadBitmap@@YAXPEAUgame_assets@@Ubitmap_id@@H@Z 0000000180016c68     p5engine.obj
 0002:00000c7c       $unwind$?LoadSound@@YAXPEAUgame_assets@@Usound_id@@@Z 0000000180016c7c     p5engine.obj
 0002:00000c90       $unwind$?AddCollisionRule@@YAXPEAUgame_state@@IIH@Z 0000000180016c90     p5engine.obj
 0002:00000c98       $unwind$?ClearCollisionRulesFor@@YAXPEAUgame_state@@I@Z 0000000180016c98     p5engine.obj
 0002:00000ca0       $unwind$?BeginTaskWithMemory@@YAPEAUtask_with_memory@@PEAUtransient_state@@@Z 0000000180016ca0     p5engine.obj
 0002:00000cac       $unwind$?EndTaskWithMemory@@YAXPEAUtask_with_memory@@@Z 0000000180016cac     p5engine.obj
 0002:00000cb8       $unwind$?DrawRectangle@@YAXPEAUloaded_bitmap@@Tv2@@1Tv4@@Urectangle2i@@H@Z 0000000180016cb8     p5engine.obj
 0002:00000cc4       $unwind$?RenderGroupToOutput@@YAXPEAUrender_group@@PEAUloaded_bitmap@@Urectangle2i@@H@Z 0000000180016cc4     p5engine.obj
 0002:00000cd0       $unwind$?DoTiledRenderWork@@YAXPEAUplatform_work_queue@@PEAX@Z 0000000180016cd0     p5engine.obj
 0002:00000cdc       $unwind$?RenderGroupToOutput@@YAXPEAUrender_group@@PEAUloaded_bitmap@@@Z 0000000180016cdc     p5engine.obj
 0002:00000cf0       $unwind$?TiledRenderGroupToOutput@@YAXPEAUplatform_work_queue@@PEAUrender_group@@PEAUloaded_bitmap@@@Z 0000000180016cf0     p5engine.obj
 0002:00000d04       $unwind$?AllocateRenderGroup@@YAPEAUrender_group@@PEAUgame_assets@@PEAUmemory_arena@@IH@Z 0000000180016d04     p5engine.obj
 0002:00000d10       $unwind$?BeginRender@@YAXPEAUrender_group@@@Z 0000000180016d10     p5engine.obj
 0002:00000d18       $unwind$?EndRender@@YAXPEAUrender_group@@@Z 0000000180016d18     p5engine.obj
 0002:00000d20       $unwind$?InitializeWorld@@YAXPEAUworld@@Tv3@@@Z 0000000180016d20     p5engine.obj
 0002:00000d2c       $unwind$?Subtract@@YA?ATv3@@PEAUworld@@PEAUworld_position@@1@Z 0000000180016d2c     p5engine.obj
 0002:00000d40       $unwind$?ChangeEntityLocation@@YAXPEAUmemory_arena@@PEAUworld@@IPEAUlow_entity@@Uworld_position@@@Z 0000000180016d40     p5engine.obj
 0002:00000d4c       $unwind$?GetHashFromStorageIndex@@YAPEAUsim_entity_hash@@PEAUsim_region@@I@Z 0000000180016d4c     p5engine.obj
 0002:00000d54       $unwind$?AddEntity@@YAPEAUsim_entity@@PEAUgame_state@@PEAUsim_region@@IPEAUlow_entity@@PEATv3@@@Z 0000000180016d54     p5engine.obj
 0002:00000d60       $unwind$?AddEntityRaw@@YAPEAUsim_entity@@PEAUgame_state@@PEAUsim_region@@IPEAUlow_entity@@@Z 0000000180016d60     p5engine.obj
 0002:00000d6c       $unwind$?BeginSim@@YAPEAUsim_region@@PEAUmemory_arena@@PEAUgame_state@@PEAUworld@@Uworld_position@@Urectangle3@@M@Z 0000000180016d6c     p5engine.obj
 0002:00000d80       $unwind$?EndSim@@YAXPEAUsim_region@@PEAUgame_state@@@Z 0000000180016d80     p5engine.obj
 0002:00000d8c       $unwind$?CanCollide@@YAHPEAUgame_state@@PEAUsim_entity@@1@Z 0000000180016d8c     p5engine.obj
 0002:00000d94       $unwind$?HandleCollision@@YAHPEAUgame_state@@PEAUsim_entity@@1@Z 0000000180016d94     p5engine.obj
 0002:00000d9c       $unwind$?CanOverlap@@YAHPEAUgame_state@@PEAUsim_entity@@1@Z 0000000180016d9c     p5engine.obj
 0002:00000da4       $unwind$?HandleOverlap@@YAXPEAUgame_state@@PEAUsim_entity@@1MPEAM@Z 0000000180016da4     p5engine.obj
 0002:00000db0       $unwind$?SpeculativeCollide@@YAHPEAUsim_entity@@0Tv3@@@Z 0000000180016db0     p5engine.obj
 0002:00000dbc       $unwind$?EntitiesOverlap@@YAHPEAUsim_entity@@0Tv3@@@Z 0000000180016dbc     p5engine.obj
 0002:00000dc8       $unwind$?MoveEntity@@YAXPEAUgame_state@@PEAUsim_region@@PEAUsim_entity@@MPEAUmove_spec@@Tv3@@@Z 0000000180016dc8     p5engine.obj
 0002:00000ddc       $unwind$?LoadAssetWorkDirectly@@YAXPEAUload_asset_work@@@Z 0000000180016ddc     p5engine.obj
 0002:00000de4       $unwind$?LoadAssetWork@@YAXPEAUplatform_work_queue@@PEAX@Z 0000000180016de4     p5engine.obj
 0002:00000dec       $unwind$?InsertBlock@@YAPEAUasset_memory_block@@PEAU1@_KPEAX@Z 0000000180016dec     p5engine.obj
 0002:00000df4       $unwind$?FindBlockForSize@@YAPEAUasset_memory_block@@PEAUgame_assets@@_K@Z 0000000180016df4     p5engine.obj
 0002:00000dfc       $unwind$?MergeIfPossible@@YAHPEAUgame_assets@@PEAUasset_memory_block@@1@Z 0000000180016dfc     p5engine.obj
 0002:00000e04       $unwind$?GenerationHasCompleted@@YAHPEAUgame_assets@@I@Z 0000000180016e04     p5engine.obj
 0002:00000e0c       $unwind$?AcquireAssetMemory@@YAPEAUasset_memory_header@@PEAUgame_assets@@II@Z 0000000180016e0c     p5engine.obj
 0002:00000e14       $unwind$?GetBestMatchAssetFrom@@YAIPEAUgame_assets@@W4asset_type_id@@PEAUasset_vector@@2@Z 0000000180016e14     p5engine.obj
 0002:00000e1c       $unwind$?GetRandomAssetFrom@@YAIPEAUgame_assets@@W4asset_type_id@@PEAUrandom_series@@@Z 0000000180016e1c     p5engine.obj
 0002:00000e24       $unwind$?GetFirstAssetFrom@@YAIPEAUgame_assets@@W4asset_type_id@@@Z 0000000180016e24     p5engine.obj
 0002:00000e2c       $unwind$?GetBestMatchBitmapFrom@@YA?AUbitmap_id@@PEAUgame_assets@@W4asset_type_id@@PEAUasset_vector@@2@Z 0000000180016e2c     p5engine.obj
 0002:00000e34       $unwind$?GetFirstBitmapFrom@@YA?AUbitmap_id@@PEAUgame_assets@@W4asset_type_id@@@Z 0000000180016e34     p5engine.obj
 0002:00000e3c       $unwind$?GetRandomBitmapFrom@@YA?AUbitmap_id@@PEAUgame_assets@@W4asset_type_id@@PEAUrandom_series@@@Z 0000000180016e3c     p5engine.obj
 0002:00000e44       $unwind$?GetRandomSoundFrom@@YA?AUsound_id@@PEAUgame_assets@@W4asset_type_id@@PEAUrandom_series@@@Z 0000000180016e44     p5engine.obj
 0002:00000e4c       $unwind$?GetBestMatchFontFrom@@YA?AUfont_id@@PEAUgame_assets@@W4asset_type_id@@PEAUasset_vector@@2@Z 0000000180016e4c     p5engine.obj
 0002:00000e54       $unwind$?AllocateGameAssets@@YAPEAUgame_assets@@PEAUmemory_arena@@_KPEAUtransient_state@@@Z 0000000180016e54     p5engine.obj
 0002:00000e68       $unwind$?GetHorizontalAdvanceForPair@@YAMPEAUp5a_font@@PEAUloaded_font@@II@Z 0000000180016e68     p5engine.obj
 0002:00000e70       $unwind$?GetBitmapForGlyph@@YA?AUbitmap_id@@PEAUgame_assets@@PEAUp5a_font@@PEAUloaded_font@@I@Z 0000000180016e70     p5engine.obj
 0002:00000e78       $unwind$?GetLineAdvanceFor@@YAMPEAUp5a_font@@@Z 0000000180016e78     p5engine.obj
 0002:00000e80       $unwind$?PlaySound@@YAPEAUplaying_sound@@PEAUaudio_state@@Usound_id@@@Z 0000000180016e80     p5engine.obj
 0002:00000e88       $unwind$?ChangeVolume@@YAXPEAUaudio_state@@PEAUplaying_sound@@MTv2@@@Z 0000000180016e88     p5engine.obj
 0002:00000e90       $unwind$?OutputPlayingSounds@@YAXPEAUaudio_state@@PEAUgame_sound_output_buffer@@PEAUgame_assets@@PEAUmemory_arena@@@Z 0000000180016e90     p5engine.obj
 0002:00000ea4       $unwind$?InitializeAudioState@@YAXPEAUaudio_state@@PEAUmemory_arena@@@Z 0000000180016ea4     p5engine.obj
 0002:00000eac       $unwind$?AddLowEntity@@YA?AUadd_low_entity_result@@PEAUgame_state@@W4entity_type@@Uworld_position@@@Z 0000000180016eac     p5engine.obj
 0002:00000ec0       $unwind$?AddGroundedEntity@@YA?AUadd_low_entity_result@@PEAUgame_state@@W4entity_type@@Uworld_position@@PEAUsim_entity_collision_volume_group@@@Z 0000000180016ec0     p5engine.obj
 0002:00000ecc       $unwind$?AddStandardRoom@@YA?AUadd_low_entity_result@@PEAUgame_state@@III@Z 0000000180016ecc     p5engine.obj
 0002:00000ed8       $unwind$?AddWall@@YA?AUadd_low_entity_result@@PEAUgame_state@@III@Z 0000000180016ed8     p5engine.obj
 0002:00000ee4       $unwind$?AddStairs@@YA?AUadd_low_entity_result@@PEAUgame_state@@III@Z 0000000180016ee4     p5engine.obj
 0002:00000ef0       $unwind$?InitHitPoints@@YAXPEAUlow_entity@@I@Z 0000000180016ef0     p5engine.obj
 0002:00000ef8       $unwind$?AddSword@@YA?AUadd_low_entity_result@@PEAUgame_state@@@Z 0000000180016ef8     p5engine.obj
 0002:00000f04       $unwind$?AddPlayer@@YA?AUadd_low_entity_result@@PEAUgame_state@@@Z 0000000180016f04     p5engine.obj
 0002:00000f10       $unwind$?AddMonstar@@YA?AUadd_low_entity_result@@PEAUgame_state@@III@Z 0000000180016f10     p5engine.obj
 0002:00000f1c       $unwind$?AddFamiliar@@YA?AUadd_low_entity_result@@PEAUgame_state@@III@Z 0000000180016f1c     p5engine.obj
 0002:00000f28       $unwind$?DrawHitpoints@@YAXPEAUsim_entity@@PEAUrender_group@@@Z 0000000180016f28     p5engine.obj
 0002:00000f3c       $unwind$?MakeSimpleGroundedCollision@@YAPEAUsim_entity_collision_volume_group@@PEAUgame_state@@MMM@Z 0000000180016f3c     p5engine.obj
 0002:00000f48       $unwind$?MakeNullCollision@@YAPEAUsim_entity_collision_volume_group@@PEAUgame_state@@@Z 0000000180016f48     p5engine.obj
 0002:00000f54       $unwind$?FillGroundChunkWork@@YAXPEAUplatform_work_queue@@PEAX@Z 0000000180016f54     p5engine.obj
 0002:00000f68       $unwind$?FillGroundChunk@@YAXPEAUtransient_state@@PEAUgame_state@@PEAUground_buffer@@PEAUworld_position@@@Z 0000000180016f68     p5engine.obj
 0002:00000f74       $unwind$?ClearBitmap@@YAXPEAUloaded_bitmap@@@Z 0000000180016f74     p5engine.obj
 0002:00000f7c       $unwind$?MakeEmptyBitmap@@YA?AUloaded_bitmap@@PEAUmemory_arena@@HHH@Z 0000000180016f7c     p5engine.obj
 0002:00000f90       $unwind$?MakeSphereDiffuseMap@@YAXPEAUloaded_bitmap@@MM@Z 0000000180016f90     p5engine.obj
 0002:00000f9c       $unwind$?MakeSphereNormalMap@@YAXPEAUloaded_bitmap@@MMM@Z 0000000180016f9c     p5engine.obj
 0002:00000fa8       $unwind$?DEBUGReset@@YAXII@Z 0000000180016fa8     p5engine.obj
 0002:00000fb0       $unwind$?DEBUGTextLine@@YAXPEAD@Z 0000000180016fb0     p5engine.obj
 0002:00000fc4       $unwind$?OverlayCycleCounters@@YAXPEAUgame_memory@@@Z 0000000180016fc4     p5engine.obj
 0002:00000fcc       $unwind$GameUpdateAndRender 0000000180016fcc     p5engine.obj
 0002:00000fe0       $unwind$GameGetSoundSamples 0000000180016fe0     p5engine.obj
 0002:00000fe8       $unwind$?GetBitmap@@YAPEAUloaded_bitmap@@PEAUgame_assets@@Ubitmap_id@@I@Z 0000000180016fe8     p5engine.obj
 0002:00000fe8       $unwind$?GetFont@@YAPEAUloaded_font@@PEAUgame_assets@@Ufont_id@@I@Z 0000000180016fe8     p5engine.obj
 0002:00000fe8       $unwind$?GetSound@@YAPEAUloaded_sound@@PEAUgame_assets@@Usound_id@@I@Z 0000000180016fe8     p5engine.obj
 0002:00000ff0       $unwind$?IsValid@@YAHUsound_id@@@Z 0000000180016ff0     p5engine.obj
 0002:00000ff8       $unwind$?GetNextSoundInChain@@YA?AUsound_id@@PEAUgame_assets@@U1@@Z 0000000180016ff8     p5engine.obj
 0002:00001008       $unwind$?GetRenderEntityBasisPos@@YA?AUentity_basis_p_result@@PEAUrender_transform@@Tv3@@@Z 0000000180017008     p5engine.obj
 0002:0000101c       $unwind$?PushBitmap@@YAXPEAUrender_group@@PEAUloaded_bitmap@@Tv3@@MTv4@@@Z 000000018001701c     p5engine.obj
 0002:00001028       $unwind$?PushBitmap@@YAXPEAUrender_group@@Ubitmap_id@@Tv3@@MTv4@@@Z 0000000180017028     p5engine.obj
 0002:00001034       $unwind$?PushRect@@YAXPEAUrender_group@@Tv3@@Tv2@@Tv4@@@Z 0000000180017034     p5engine.obj
 0002:00001040       $unwind$?PushRectOutline@@YAXPEAUrender_group@@Tv3@@Tv2@@Tv4@@@Z 0000000180017040     p5engine.obj
 0002:0000104c       $unwind$?Orthographic@@YAXPEAUrender_group@@HHM@Z 000000018001704c     p5engine.obj
 0002:0000104c       $unwind$?Perspective@@YAXPEAUrender_group@@HHMMM@Z 000000018001704c     p5engine.obj
 0002:00001054       $unwind$?RecanonicalizeCoord@@YAXMPEAHPEAM@Z 0000000180017054     p5engine.obj
 0002:00001054       $unwind$?Unproject@@YA?ATv2@@PEAUrender_group@@T1@M@Z 0000000180017054     p5engine.obj
 0002:0000105c       $unwind$?GetCameraRectangleAtTarget@@YA?AUrectangle2@@PEAUrender_group@@@Z 000000018001705c     p5engine.obj
 0002:00001068       $unwind$?NullPosition@@YA?AUworld_position@@XZ 0000000180017068     p5engine.obj
 0002:0000107c       $unwind$?GetWorldChunk@@YAPEAUworld_chunk@@PEAUworld@@HHHPEAUmemory_arena@@@Z 000000018001707c     p5engine.obj
 0002:0000107c       $unwind$__scrt_dllmain_exception_filter 000000018001707c     MSVCRTD:utility.obj
 0002:00001084       $unwind$?MapIntoChunkSpace@@YA?AUworld_position@@PEAUworld@@U1@Tv3@@@Z 0000000180017084     p5engine.obj
 0002:00001098       $unwind$?ChunkPositionFromTilePosition@@YA?AUworld_position@@PEAUworld@@HHHTv3@@@Z 0000000180017098     p5engine.obj
 0002:000010ac       $unwind$?CenteredChunkPoint@@YA?AUworld_position@@III@Z 00000001800170ac     p5engine.obj
 0002:000010c0       $unwind$?ChangeEntityLocationRaw@@YAXPEAUmemory_arena@@PEAUworld@@IPEAUworld_position@@2@Z 00000001800170c0     p5engine.obj
 0002:000010cc       $unwind$?GetSimSpacePos@@YA?ATv3@@PEAUsim_region@@PEAUlow_entity@@@Z 00000001800170cc     p5engine.obj
 0002:000010d8       $unwind$?LoadEntityReference@@YAXPEAUgame_state@@PEAUsim_region@@PEATentity_reference@@@Z 00000001800170d8     p5engine.obj
 0002:000010ec       $unwind$?EntityOverlapsRectangle@@YAHTv3@@Usim_entity_collision_volume@@Urectangle3@@@Z 00000001800170ec     p5engine.obj
 0002:000010f8       $unwind$?DefaultMoveSpec@@YA?AUmove_spec@@XZ 00000001800170f8     p5engine.obj
 0002:0000110c       $unwind$?DrawRectangleQuickly@@YAXPEAUloaded_bitmap@@Tv2@@11Tv4@@0MUrectangle2i@@H@Z 000000018001710c     p5engine_optimized.obj
 0002:00001134       $chain$9$?DrawRectangleQuickly@@YAXPEAUloaded_bitmap@@Tv2@@11Tv4@@0MUrectangle2i@@H@Z 0000000180017134     p5engine_optimized.obj
 0002:0000116c       $chain$10$?DrawRectangleQuickly@@YAXPEAUloaded_bitmap@@Tv2@@11Tv4@@0MUrectangle2i@@H@Z 000000018001716c     p5engine_optimized.obj
 0002:0000117c       $unwind$__GSHandlerCheckCommon 000000018001717c     MSVCRTD:gshandler.obj
 0002:00001188       $xdatasym                  0000000180017188     MSVCRTD:chkstk.obj
 0002:00001190       $xdatasym                  0000000180017190     MSVCRTD:amdsecgs.obj
 0002:00001194       $unwind$?dllmain_crt_process_attach@@YAHQEAUHINSTANCE__@@QEAX@Z 0000000180017194     MSVCRTD:dll_dllmain.obj
 0002:000011b4       $unwind$?fin$0@?0??dllmain_crt_process_attach@@YAHQEAUHINSTANCE__@@QEAX@Z@4HA 00000001800171b4     MSVCRTD:dll_dllmain.obj
 0002:000011b4       $unwind$?fin$0@?0??dllmain_crt_process_detach@@YAH_N@Z@4HA 00000001800171b4     MSVCRTD:dll_dllmain.obj
 0002:000011b4       $unwind$?fin$1@?0??dllmain_crt_process_detach@@YAH_N@Z@4HA 00000001800171b4     MSVCRTD:dll_dllmain.obj
 0002:000011b4       $unwind$__scrt_is_nonwritable_in_current_image$filt$0 00000001800171b4     MSVCRTD:utility.obj
 0002:000011bc       $unwind$?dllmain_crt_process_detach@@YAH_N@Z 00000001800171bc     MSVCRTD:dll_dllmain.obj
 0002:000011ec       $unwind$?dllmain_dispatch@@YAHQEAUHINSTANCE__@@KQEAX@Z 00000001800171ec     MSVCRTD:dll_dllmain.obj
 0002:0000120c       $unwind$?filt$0@?0??dllmain_dispatch@@YAHQEAUHINSTANCE__@@KQEAX@Z@4HA 000000018001720c     MSVCRTD:dll_dllmain.obj
 0002:00001214       $unwind$_DllMainCRTStartup 0000000180017214     MSVCRTD:dll_dllmain.obj
 0002:00001214       $unwind$DllMain            0000000180017214     MSVCRTD:dll_dllmain_stub.obj
 0002:0000121c       $unwind$capture_previous_context 000000018001721c     MSVCRTD:gs_report.obj
 0002:00001224       $unwind$__scrt_initialize_default_local_stdio_options 0000000180017224     MSVCRTD:default_local_stdio_options.obj
 0002:00001224       $unwind$__security_init_cookie 0000000180017224     MSVCRTD:gs_support.obj
 0002:0000122c       $unwind$__get_entropy      000000018001722c     MSVCRTD:gs_support.obj
 0002:00001234       $unwind$?__scrt_initialize_type_info@@YAXXZ 0000000180017234     MSVCRTD:tncleanup.obj
 0002:00001234       $unwind$?__scrt_uninitialize_type_info@@YAXXZ 0000000180017234     MSVCRTD:tncleanup.obj
 0002:00001234       $unwind$?configure_argv@__scrt_narrow_argv_policy@@SAHXZ 0000000180017234     MSVCRTD:utility.obj
 0002:00001234       $unwind$?initialize_environment@__scrt_narrow_environment_policy@@SAHXZ 0000000180017234     MSVCRTD:utility.obj
 0002:00001234       $unwind$__scrt_dllmain_after_initialize_c 0000000180017234     MSVCRTD:utility.obj
 0002:00001234       $unwind$__scrt_dllmain_before_initialize_c 0000000180017234     MSVCRTD:utility.obj
 0002:00001234       $unwind$__scrt_dllmain_crt_thread_attach 0000000180017234     MSVCRTD:utility.obj
 0002:00001234       $unwind$__scrt_dllmain_crt_thread_detach 0000000180017234     MSVCRTD:utility.obj
 0002:00001234       $unwind$__scrt_dllmain_uninitialize_c 0000000180017234     MSVCRTD:utility.obj
 0002:00001234       $unwind$__scrt_dllmain_uninitialize_critical 0000000180017234     MSVCRTD:utility.obj
 0002:0000123c       $unwind$__scrt_is_nonwritable_in_current_image 000000018001723c     MSVCRTD:utility.obj
 0002:0000125c       $unwind$__scrt_acquire_startup_lock 000000018001725c     MSVCRTD:utility.obj
 0002:00001264       $unwind$__scrt_initialize_crt 0000000180017264     MSVCRTD:utility.obj
 0002:00001264       $unwind$__scrt_release_startup_lock 0000000180017264     MSVCRTD:utility.obj
 0002:0000126c       $unwind$__scrt_uninitialize_crt 000000018001726c     MSVCRTD:utility.obj
 0002:00001274       $unwind$__scrt_initialize_onexit_tables 0000000180017274     MSVCRTD:utility.obj
 0002:00001280       $unwind$__scrt_fastfail    0000000180017280     MSVCRTD:utility_desktop.obj
 0002:0000128c       $unwind$_RTC_Initialize    000000018001728c     MSVCRTD:initsect.obj
 0002:0000128c       $unwind$_RTC_Terminate     000000018001728c     MSVCRTD:initsect.obj
 0002:00001298       $unwind$__isa_available_init 0000000180017298     MSVCRTD:cpu_disp.obj
 0002:000012a8       $unwind$__scrt_is_ucrt_dll_in_use 00000001800172a8     MSVCRTD:ucrt_detection.obj
 0002:000012b0       $xdatasym                  00000001800172b0     MSVCRTD:guard_dispatch.obj
 0002:000012b8       $xdatasym                  00000001800172b8     MSVCRTD:guard_xfg_dispatch.obj
 0002:000012c0       .edata                     00000001800172c0     P5Engine.exp
 0002:000012e8       rgpv                       00000001800172e8     P5Engine.exp
 0002:000012f0       rgszName                   00000001800172f0     P5Engine.exp
 0002:000012f8       rgwOrd                     00000001800172f8     P5Engine.exp
 0002:000012fc       szName                     00000001800172fc     P5Engine.exp
 0002:00001309       $N00001                    0000000180017309     P5Engine.exp
 0002:0000131d       $N00002                    000000018001731d     P5Engine.exp
 0002:000014c0       .idata$6                   00000001800174c0     vcruntimed:VCRUNTIME140D.dll
 0002:0000159a       .idata$6                   000000018001759a     ucrtd:ucrtbased.dll
 0002:0000170e       .idata$6                   000000018001770e     kernel32:KERNEL32.dll
 0003:00000000       ?RandomNumberTable@@3PAIA  0000000180018000     p5engine.obj
 0003:00004048       ?DEBUGRenderGroup@@3PEAUrender_group@@EA 000000018001c048     p5engine.obj
 0003:00004050       ?Platform@@3Uplatform_api@@A 000000018001c050     p5engine.obj
 0003:000040b0       ?LeftEdge@@3MA             000000018001c0b0     p5engine.obj
 0003:000040b4       ?AtY@@3MA                  000000018001c0b4     p5engine.obj
 0003:000040b8       ?FontScale@@3MA            000000018001c0b8     p5engine.obj
 0003:000040bc       ?__proc_attached@@3HA      000000018001c0bc     MSVCRTD:dll_dllmain.obj
 0003:000040c0       GS_ExceptionRecord         000000018001c0c0     MSVCRTD:gs_report.obj
 0003:00004160       GS_ContextRecord           000000018001c160     MSVCRTD:gs_report.obj
 0003:00004660       ?is_initialized_as_dll@@3_NA 000000018001c660     MSVCRTD:utility.obj
 0003:00004661       ?module_local_atexit_table_initialized@@3_NA 000000018001c661     MSVCRTD:utility.obj
 0003:00004668       ?module_local_atexit_table@@3U_onexit_table_t@@A 000000018001c668     MSVCRTD:utility.obj
 0003:00004680       ?module_local_at_quick_exit_table@@3U_onexit_table_t@@A 000000018001c680     MSVCRTD:utility.obj
 0005:00000000       __20BB4341_malloc@h        000000018001e000     p5engine.obj
 0005:00000001       __A435B42B_p5engine_types@h 000000018001e001     p5engine.obj
 0005:00000002       __7D4BEAAE_p5engine_platform@h 000000018001e002     p5engine.obj
 0005:00000003       __741AE07E_corecrt_math@h  000000018001e003     p5engine.obj
 0005:00000004       __7BF3FA8A_p5engine_intrinsics@h 000000018001e004     p5engine.obj
 0005:00000005       __87290AA6_p5engine_math@h 000000018001e005     p5engine.obj
 0005:00000006       __B7A387D6_p5engine_random@h 000000018001e006     p5engine.obj
 0005:00000007       __F17FF173_p5engine_entity@h 000000018001e007     p5engine.obj
 0005:00000008       __72A74871_p5engine_asset@h 000000018001e008     p5engine.obj
 0005:00000009       __BD87FD4A_p5engine@h      000000018001e009     p5engine.obj
 0005:0000000a       __6F2BF339_p5engine_render_group@cpp 000000018001e00a     p5engine.obj
 0005:0000000b       __281AC6F8_p5engine_world@cpp 000000018001e00b     p5engine.obj
 0005:0000000c       __B07C4A52_p5engine_sim_region@cpp 000000018001e00c     p5engine.obj
 0005:0000000d       __BDC7FEEB_p5engine_entity@cpp 000000018001e00d     p5engine.obj
 0005:0000000e       __3D4C1499_p5engine_asset@cpp 000000018001e00e     p5engine.obj
 0005:0000000f       __39A8D9B6_p5engine_audio@cpp 000000018001e00f     p5engine.obj
 0005:00000010       __BAF57382_p5engine@cpp    000000018001e010     p5engine.obj
 0005:00000011       __20BB4341_malloc@h        000000018001e011     p5engine_optimized.obj
 0005:00000012       __A435B42B_p5engine_types@h 000000018001e012     p5engine_optimized.obj
 0005:00000013       __7D4BEAAE_p5engine_platform@h 000000018001e013     p5engine_optimized.obj
 0005:00000014       __741AE07E_corecrt_math@h  000000018001e014     p5engine_optimized.obj
 0005:00000015       __7BF3FA8A_p5engine_intrinsics@h 000000018001e015     p5engine_optimized.obj
 0005:00000016       __87290AA6_p5engine_math@h 000000018001e016     p5engine_optimized.obj
 0005:00000017       __B7A387D6_p5engine_random@h 000000018001e017     p5engine_optimized.obj
 0005:00000018       __F17FF173_p5engine_entity@h 000000018001e018     p5engine_optimized.obj
 0005:00000019       __72A74871_p5engine_asset@h 000000018001e019     p5engine_optimized.obj
 0005:0000001a       __BD87FD4A_p5engine@h      000000018001e01a     p5engine_optimized.obj
 0005:0000001b       __03FC23C0_p5engine_optimized@cpp 000000018001e01b     p5engine_optimized.obj
 0006:00000060       $R000000                   000000018001f060     * linker generated manifest res *
