 P5Engine

 Timestamp is 6147e110 (Sun Sep 19 18:17:04 2021)

 Preferred load address is 0000000180000000

 Start         Length     Name                   Class
 0001:00000000 00010000H .textbss                DATA
 0002:00000000 00014ec0H .text$mn                CODE
 0002:00014ec0 00001040H .text$mn$00             CODE
 0002:00015f00 00001141H .text$x                 CODE
 0003:00000000 00000110H .CRT$XCA                DATA
 0003:00000110 00000110H .CRT$XCZ                DATA
 0003:00000220 00000110H .CRT$XIA                DATA
 0003:00000330 00000110H .CRT$XIZ                DATA
 0003:00000440 00000110H .CRT$XPA                DATA
 0003:00000550 00000110H .CRT$XPZ                DATA
 0003:00000660 00000110H .CRT$XTA                DATA
 0003:00000770 00000110H .CRT$XTZ                DATA
 0003:00000880 00004180H .rdata                  DATA
 0003:00004a00 00000110H .rdata$CastGuardVftablesA DATA
 0003:00004b10 0000010cH .rdata$CastGuardVftablesC DATA
 0003:00004c1c 0000017cH .rdata$zzzdbg           DATA
 0003:00004d98 00000110H .rtc$IAA                DATA
 0003:00004ea8 00000110H .rtc$IMZ                DATA
 0003:00004fb8 00000110H .rtc$IZZ                DATA
 0003:000050c8 00000110H .rtc$TAA                DATA
 0003:000051d8 00000110H .rtc$TMZ                DATA
 0003:000052e8 00000110H .rtc$TZZ                DATA
 0003:000053f8 00001258H .xdata                  DATA
 0003:00006650 00000187H .edata                  DATA
 0004:00000000 00004e40H .data                   DATA
 0004:00004e40 00000788H .bss                    DATA
 0005:00000000 000026e8H .pdata                  DATA
 0006:00000000 00000330H .idata$5                DATA
 0006:00000330 0000003cH .idata$2                DATA
 0006:0000036c 00000014H .idata$3                DATA
 0006:00000380 00000330H .idata$4                DATA
 0006:000006b0 0000064dH .idata$6                DATA
 0007:00000000 0000010eH .msvcjmc                DATA
 0008:00000000 00000151H .00cfg                  DATA
 0009:00000000 00000170H .rsrc$01                DATA
 0009:00000170 000001b6H .rsrc$02                DATA

  Address         Publics by Value              Rva+Base               Lib:Object

 0000:00000000       __hybrid_auxiliary_iat     0000000000000000     <absolute>
 0000:00000000       __guard_iat_table          0000000000000000     <absolute>
 0000:00000000       __arm64x_extra_rfe_table   0000000000000000     <absolute>
 0000:00000000       __guard_fids_table         0000000000000000     <absolute>
 0000:00000000       __dynamic_value_reloc_table 0000000000000000     <absolute>
 0000:00000000       __hybrid_code_map          0000000000000000     <absolute>
 0000:00000000       __volatile_metadata        0000000000000000     <absolute>
 0000:00000000       __arm64x_extra_rfe_table_size 0000000000000000     <absolute>
 0000:00000000       __arm64x_redirection_metadata 0000000000000000     <absolute>
 0000:00000000       __guard_iat_count          0000000000000000     <absolute>
 0000:00000000       __hybrid_code_map_count    0000000000000000     <absolute>
 0000:00000000       ___safe_se_handler_count   0000000000000000     <absolute>
 0000:00000000       __guard_fids_count         0000000000000000     <absolute>
 0000:00000000       __hybrid_auxiliary_iat_copy 0000000000000000     <absolute>
 0000:00000000       __AbsoluteZero             0000000000000000     <absolute>
 0000:00000000       __x64_code_ranges_to_entry_points 0000000000000000     <absolute>
 0000:00000000       __guard_longjmp_count      0000000000000000     <absolute>
 0000:00000000       __x64_code_ranges_to_entry_points_count 0000000000000000     <absolute>
 0000:00000000       __guard_longjmp_table      0000000000000000     <absolute>
 0000:00000000       __arm64x_native_entrypoint 0000000000000000     <absolute>
 0000:00000000       ___safe_se_handler_table   0000000000000000     <absolute>
 0000:00000000       __arm64x_redirection_metadata_count 0000000000000000     <absolute>
 0000:00000000       __enclave_config           0000000000000000     <absolute>
 0000:00000000       __guard_eh_cont_table      0000000000000000     <absolute>
 0000:00000000       __guard_eh_cont_count      0000000000000000     <absolute>
 0000:00000000       __guard_check_icall_a64n_fptr 0000000000000000     <absolute>
 0000:00000100       __guard_flags              0000000000000100     <absolute>
 0000:00000000       __ImageBase                0000000180000000     <linker-defined>
 0001:00000000       __enc$textbss$begin        0000000180001000     <linker-defined>
 0001:00010000       __enc$textbss$end          0000000180011000     <linker-defined>
 0002:000009a0       ??D@YA?ATv2@@MT0@@Z        00000001800119a0 f i p5engine.obj
 0002:00000a90       ??D@YA?ATv2@@T0@M@Z        0000000180011a90 f i p5engine.obj
 0002:00000b30       ??D@YA?ATv3@@MT0@@Z        0000000180011b30 f i p5engine.obj
 0002:00000c70       ??D@YA?ATv3@@T0@M@Z        0000000180011c70 f i p5engine.obj
 0002:00000d70       ??G@YA?ATv2@@T0@0@Z        0000000180011d70 f i p5engine.obj
 0002:00000e60       ??G@YA?ATv3@@T0@0@Z        0000000180011e60 f i p5engine.obj
 0002:00000fb0       ??H@YA?ATv2@@T0@0@Z        0000000180011fb0 f i p5engine.obj
 0002:000010a0       ??H@YA?ATv3@@T0@0@Z        00000001800120a0 f i p5engine.obj
 0002:000011f0       ??X@YAAEATv3@@AEAT0@M@Z    00000001800121f0 f i p5engine.obj
 0002:000012b0       ??Y@YAAEATv2@@AEAT0@T0@@Z  00000001800122b0 f i p5engine.obj
 0002:00001330       ??Y@YAAEATv3@@AEAT0@T0@@Z  0000000180012330 f i p5engine.obj
 0002:00001410       ??Z@YAAEATv3@@AEAT0@T0@@Z  0000000180012410 f i p5engine.obj
 0002:000014f0       ?AbsoluteValue@@YAMM@Z     00000001800124f0 f i p5engine.obj
 0002:00001cf0       ?AddFlags@@YAXPEAUsim_entity@@I@Z 0000000180012cf0 f i p5engine.obj
 0002:000024b0       ?AddRadiusTo@@YA?AUrectangle3@@U1@Tv3@@@Z 00000001800134b0 f i p5engine.obj
 0002:00002e30       ?AreInSameChunk@@YAHPEAUworld@@PEAUworld_position@@1@Z 0000000180013e30 f i p5engine.obj
 0002:00003c00       ?ChangeEntityLocationRaw@@YAXPEAUmemory_arena@@PEAUworld@@IPEAUworld_position@@2@Z 0000000180014c00 f i p5engine.obj
 0002:00004100       ?ChunkPositionFromTilePosition@@YA?AUworld_position@@PEAUworld@@HHHTv3@@@Z 0000000180015100 f i p5engine.obj
 0002:00004460       ?Clamp01@@YA?ATv2@@T1@@Z   0000000180015460 f i p5engine.obj
 0002:00004540       ?Clamp01@@YAMM@Z           0000000180015540 f i p5engine.obj
 0002:000045a0       ?Clamp@@YAMMMM@Z           00000001800155a0 f i p5engine.obj
 0002:00004770       ?ClearFlags@@YAXPEAUsim_entity@@I@Z 0000000180015770 f i p5engine.obj
 0002:00004ce0       ?DefaultMoveSpec@@YA?AUmove_spec@@XZ 0000000180015ce0 f i p5engine.obj
 0002:00006490       ?EntityOverlapsRectangle@@YAHTv3@@Usim_entity_collision_volume@@Urectangle3@@@Z 0000000180017490 f i p5engine.obj
 0002:000066c0       ?FindLeastSignificantSetBit@@YA?AUbit_scan_result@@I@Z 00000001800176c0 f i p5engine.obj
 0002:00006880       ?GetBarycentric@@YA?ATv2@@Urectangle2@@T1@@Z 0000000180017880 f i p5engine.obj
 0002:000069c0       ?GetEntityGroundPoint@@YA?ATv3@@PEAUsim_entity@@@Z 00000001800179c0 f i p5engine.obj
 0002:00006b90       ?GetLowEntity@@YAPEAUlow_entity@@PEAUgame_state@@I@Z 0000000180017b90 f i p5engine.obj
 0002:00006c30       ?GetMaxCorner@@YA?ATv3@@Urectangle3@@@Z 0000000180017c30 f i p5engine.obj
 0002:00006cf0       ?GetMinCorner@@YA?ATv3@@Urectangle3@@@Z 0000000180017cf0 f i p5engine.obj
 0002:00006db0       ?GetSimSpacePos@@YA?ATv3@@PEAUsim_region@@PEAUlow_entity@@@Z 0000000180017db0 f i p5engine.obj
 0002:00006f30       ?GetStairGround@@YAMPEAUsim_entity@@Tv3@@@Z 0000000180017f30 f i p5engine.obj
 0002:000070a0       ?GetWorldChunk@@YAPEAUworld_chunk@@PEAUworld@@HHHPEAUmemory_arena@@@Z 00000001800180a0 f i p5engine.obj
 0002:00007320       ?Hadamard@@YA?ATv3@@T1@0@Z 0000000180018320 f i p5engine.obj
 0002:00007670       ?HasFlag@@YAHPEAUsim_entity@@I@Z 0000000180018670 f i p5engine.obj
 0002:00007790       ?InitializeArena@@YAXPEAUmemory_arena@@_KPEAX@Z 0000000180018790 f i p5engine.obj
 0002:00007980       ?Inner@@YAMTv3@@0@Z        0000000180018980 f i p5engine.obj
 0002:00007a30       ?IsCanonical@@YAHMM@Z      0000000180018a30 f i p5engine.obj
 0002:00007b00       ?IsCanonical@@YAHPEAUworld@@Tv3@@@Z 0000000180018b00 f i p5engine.obj
 0002:00007be0       ?IsInRectangle@@YAHUrectangle3@@Tv3@@@Z 0000000180018be0 f i p5engine.obj
 0002:00007d00       ?IsValid@@YAHUworld_position@@@Z 0000000180018d00 f i p5engine.obj
 0002:00007d70       ?Length@@YAMTv3@@@Z        0000000180018d70 f i p5engine.obj
 0002:00007df0       ?LengthSq@@YAMTv3@@@Z      0000000180018df0 f i p5engine.obj
 0002:00007e90       ?LoadEntityReference@@YAXPEAUgame_state@@PEAUsim_region@@PEATentity_reference@@@Z 0000000180018e90 f i p5engine.obj
 0002:00008170       ?MakeEntityNonSpatial@@YAXPEAUsim_entity@@@Z 0000000180019170 f i p5engine.obj
 0002:00008230       ?MakeEntitySpatial@@YAXPEAUsim_entity@@Tv3@@1@Z 0000000180019230 f i p5engine.obj
 0002:00008590       ?MapIntoChunkSpace@@YA?AUworld_position@@PEAUworld@@U1@Tv3@@@Z 0000000180019590 f i p5engine.obj
 0002:0000a720       ?NullPosition@@YA?AUworld_position@@XZ 000000018001b720 f i p5engine.obj
 0002:0000a800       ?PushBitmap@@YAXPEAUentity_visible_piece_group@@PEAUloaded_bitmap@@Tv2@@M2MM@Z 000000018001b800 f i p5engine.obj
 0002:0000a9a0       ?PushPiece@@YAXPEAUentity_visible_piece_group@@PEAUloaded_bitmap@@Tv2@@2M2Tv4@@M@Z 000000018001b9a0 f i p5engine.obj
 0002:0000aba0       ?PushRect@@YAXPEAUentity_visible_piece_group@@Tv2@@M1Tv4@@M@Z 000000018001bba0 f i p5engine.obj
 0002:0000ac90       ?PushSize_@@YAPEAXPEAUmemory_arena@@_K@Z 000000018001bc90 f i p5engine.obj
 0002:0000ad50       ?RandomBilateral@@YAMPEAUrandom_series@@@Z 000000018001bd50 f i p5engine.obj
 0002:0000adc0       ?RandomChoice@@YAIPEAUrandom_series@@I@Z 000000018001bdc0 f i p5engine.obj
 0002:0000ae20       ?RandomNextUInt32@@YAIPEAUrandom_series@@@Z 000000018001be20 f i p5engine.obj
 0002:0000aec0       ?RandomSeed@@YA?AUrandom_series@@I@Z 000000018001bec0 f i p5engine.obj
 0002:0000af90       ?RandomUnilateral@@YAMPEAUrandom_series@@@Z 000000018001bf90 f i p5engine.obj
 0002:0000b010       ?RecanonicalizeCoord@@YAXMPEAHPEAM@Z 000000018001c010 f i p5engine.obj
 0002:0000b100       ?RectCenterDim@@YA?AUrectangle2@@Tv2@@0@Z 000000018001c100 f i p5engine.obj
 0002:0000b200       ?RectCenterDim@@YA?AUrectangle3@@Tv3@@0@Z 000000018001c200 f i p5engine.obj
 0002:0000b370       ?RectCenterHalfDim@@YA?AUrectangle2@@Tv2@@0@Z 000000018001c370 f i p5engine.obj
 0002:0000b4b0       ?RectCenterHalfDim@@YA?AUrectangle3@@Tv3@@0@Z 000000018001c4b0 f i p5engine.obj
 0002:0000b6c0       ?RectanglesIntersect@@YAHUrectangle3@@0@Z 000000018001c6c0 f i p5engine.obj
 0002:0000b7f0       ?RoundReal32ToInt32@@YAHM@Z 000000018001c7f0 f i p5engine.obj
 0002:0000b850       ?RoundReal32ToUInt32@@YAIM@Z 000000018001c850 f i p5engine.obj
 0002:0000b8b0       ?Sin@@YAMM@Z               000000018001c8b0 f i p5engine.obj
 0002:0000ba60       ?Square@@YAMM@Z            000000018001ca60 f i p5engine.obj
 0002:0000bac0       ?SquareRoot@@YAMM@Z        000000018001cac0 f i p5engine.obj
 0002:0000bb20       ?StoreEntityReference@@YAXPEATentity_reference@@@Z 000000018001cb20 f i p5engine.obj
 0002:0000beb0       ?V2@@YA?ATv2@@MM@Z         000000018001ceb0 f i p5engine.obj
 0002:0000bf80       ?V2i@@YA?ATv2@@HH@Z        000000018001cf80 f i p5engine.obj
 0002:0000c030       ?V3@@YA?ATv3@@MMM@Z        000000018001d030 f i p5engine.obj
 0002:0000c150       ?V4@@YA?ATv4@@MMMM@Z       000000018001d150 f i p5engine.obj
 0002:0000c280       ?ZeroSize@@YAX_KPEAX@Z     000000018001d280 f i p5engine.obj
 0002:0000c320       GameGetSoundSamples        000000018001d320 f   p5engine.obj
 0002:0000c390       GameUpdateAndRender        000000018001d390 f   p5engine.obj
 0002:0000f870       GetController              0000000180020870 f i p5engine.obj
 0002:0000f8f0       __JustMyCode_Default       00000001800208f0 f i p5engine.obj
 0002:0000f900       _RTC_AllocaHelper          0000000180020900 f   MSVCRTD:stack.obj
 0002:0000f950       _RTC_CheckStackVars        0000000180020950 f   MSVCRTD:stack.obj
 0002:0000fa00       _RTC_CheckStackVars2       0000000180020a00 f   MSVCRTD:stack.obj
 0002:0000fb50       _CRT_RTC_INIT              0000000180020b50 f   MSVCRTD:init.obj
 0002:0000fb60       _CRT_RTC_INITW             0000000180020b60 f   MSVCRTD:init.obj
 0002:0000fb70       _RTC_InitBase              0000000180020b70 f   MSVCRTD:init.obj
 0002:0000fbc0       _RTC_Shutdown              0000000180020bc0 f   MSVCRTD:init.obj
 0002:0000fbf0       __CheckForDebuggerJustMyCode 0000000180020bf0 f   MSVCRTD:debugger_jmc.obj
 0002:0000fc40       __GSHandlerCheck           0000000180020c40 f   MSVCRTD:gshandler.obj
 0002:0000fc90       __GSHandlerCheckCommon     0000000180020c90 f   MSVCRTD:gshandler.obj
 0002:0000fde0       _alloca_probe              0000000180020de0 f   MSVCRTD:chkstk.obj
 0002:0000fde0       __chkstk                   0000000180020de0 f   MSVCRTD:chkstk.obj
 0002:0000fe60       __security_check_cookie    0000000180020e60 f   MSVCRTD:amdsecgs.obj
 0002:00010390       _CRT_INIT                  0000000180021390 f   MSVCRTD:dll_dllmain.obj
 0002:000103d0       _DllMainCRTStartup         00000001800213d0 f   MSVCRTD:dll_dllmain.obj
 0002:000104d0       ?_RTC_AllocaFailure@@YAXPEAXPEAU_RTC_ALLOCA_NODE@@H@Z 00000001800214d0 f   MSVCRTD:error.obj
 0002:00010680       ?_RTC_Failure@@YAXPEAXH@Z  0000000180021680 f   MSVCRTD:error.obj
 0002:000106f0       ?_RTC_StackFailure@@YAXPEAXPEBD@Z 00000001800216f0 f   MSVCRTD:error.obj
 0002:00010c30       _RTC_UninitUse             0000000180021c30 f   MSVCRTD:error.obj
 0002:00010d30       __local_stdio_printf_options 0000000180021d30 f i MSVCRTD:error.obj
 0002:00010d40       _vsprintf_s_l              0000000180021d40 f i MSVCRTD:error.obj
 0002:00010dc0       sprintf_s                  0000000180021dc0 f i MSVCRTD:error.obj
 0002:00010df0       ?_RTC_GetErrorFunc@@YAP6AHHPEBDH00ZZPEBX@Z 0000000180021df0 f   MSVCRTD:userapi.obj
 0002:00010e00       ?_RTC_GetErrorFuncW@@YAP6AHHPEB_WH00ZZPEBX@Z 0000000180021e00 f   MSVCRTD:userapi.obj
 0002:00010e10       _RTC_GetErrDesc            0000000180021e10 f   MSVCRTD:userapi.obj
 0002:00010e30       _RTC_NumErrors             0000000180021e30 f   MSVCRTD:userapi.obj
 0002:00010e40       _RTC_SetErrorFunc          0000000180021e40 f   MSVCRTD:userapi.obj
 0002:00010e60       _RTC_SetErrorFuncW         0000000180021e60 f   MSVCRTD:userapi.obj
 0002:00010e80       _RTC_SetErrorType          0000000180021e80 f   MSVCRTD:userapi.obj
 0002:00010eb0       __raise_securityfailure    0000000180021eb0 f   MSVCRTD:gs_report.obj
 0002:00010f00       __report_gsfailure         0000000180021f00 f   MSVCRTD:gs_report.obj
 0002:00011010       __report_rangecheckfailure 0000000180022010 f   MSVCRTD:gs_report.obj
 0002:00011030       __report_securityfailure   0000000180022030 f   MSVCRTD:gs_report.obj
 0002:00011100       __report_securityfailureEx 0000000180022100 f   MSVCRTD:gs_report.obj
 0002:000114f0       __security_init_cookie     00000001800224f0 f   MSVCRTD:gs_support.obj
 0002:00011590       DllMain                    0000000180022590 f   MSVCRTD:dll_dllmain_stub.obj
 0002:000115e0       ?__scrt_initialize_type_info@@YAXXZ 00000001800225e0 f   MSVCRTD:tncleanup.obj
 0002:00011600       ?__scrt_uninitialize_type_info@@YAXXZ 0000000180022600 f   MSVCRTD:tncleanup.obj
 0002:00011620       __local_stdio_scanf_options 0000000180022620 f i MSVCRTD:default_local_stdio_options.obj
 0002:00011630       __scrt_initialize_default_local_stdio_options 0000000180022630 f   MSVCRTD:default_local_stdio_options.obj
 0002:00011690       ?configure_argv@__scrt_narrow_argv_policy@@SAHXZ 0000000180022690 f i MSVCRTD:utility.obj
 0002:000117b0       ?initialize_environment@__scrt_narrow_environment_policy@@SAHXZ 00000001800227b0 f i MSVCRTD:utility.obj
 0002:00011880       NtCurrentTeb               0000000180022880 f i MSVCRTD:utility.obj
 0002:00011890       __scrt_acquire_startup_lock 0000000180022890 f   MSVCRTD:utility.obj
 0002:00011910       __scrt_dllmain_after_initialize_c 0000000180022910 f   MSVCRTD:utility.obj
 0002:00011950       __scrt_dllmain_before_initialize_c 0000000180022950 f   MSVCRTD:utility.obj
 0002:00011980       __scrt_dllmain_crt_thread_attach 0000000180022980 f   MSVCRTD:utility.obj
 0002:000119c0       __scrt_dllmain_crt_thread_detach 00000001800229c0 f   MSVCRTD:utility.obj
 0002:000119e0       __scrt_dllmain_exception_filter 00000001800229e0 f   MSVCRTD:utility.obj
 0002:00011a60       __scrt_dllmain_uninitialize_c 0000000180022a60 f   MSVCRTD:utility.obj
 0002:00011aa0       __scrt_dllmain_uninitialize_critical 0000000180022aa0 f   MSVCRTD:utility.obj
 0002:00011ac0       __scrt_initialize_crt      0000000180022ac0 f   MSVCRTD:utility.obj
 0002:00011b20       __scrt_initialize_onexit_tables 0000000180022b20 f   MSVCRTD:utility.obj
 0002:00011c70       __scrt_is_nonwritable_in_current_image 0000000180022c70 f   MSVCRTD:utility.obj
 0002:00011d20       __scrt_release_startup_lock 0000000180022d20 f   MSVCRTD:utility.obj
 0002:00011d60       __scrt_uninitialize_crt    0000000180022d60 f   MSVCRTD:utility.obj
 0002:00011db0       _onexit                    0000000180022db0 f   MSVCRTD:utility.obj
 0002:00011e50       at_quick_exit              0000000180022e50 f   MSVCRTD:utility.obj
 0002:00011eb0       atexit                     0000000180022eb0 f   MSVCRTD:utility.obj
 0002:00011ef0       __scrt_get_dyn_tls_init_callback 0000000180022ef0 f   MSVCRTD:dyn_tls_init.obj
 0002:00011f00       __crt_debugger_hook        0000000180022f00 f   MSVCRTD:utility_desktop.obj
 0002:00011f20       __scrt_fastfail            0000000180022f20 f   MSVCRTD:utility_desktop.obj
 0002:00012120       __scrt_get_show_window_mode 0000000180023120 f   MSVCRTD:utility_desktop.obj
 0002:00012190       __scrt_initialize_mta      0000000180023190 f   MSVCRTD:utility_desktop.obj
 0002:000121b0       __scrt_initialize_winrt    00000001800231b0 f   MSVCRTD:utility_desktop.obj
 0002:000121c0       __scrt_is_managed_app      00000001800231c0 f   MSVCRTD:utility_desktop.obj
 0002:00012290       __scrt_set_unhandled_exception_filter 0000000180023290 f   MSVCRTD:utility_desktop.obj
 0002:000122b0       __scrt_stub_for_initialize_mta 00000001800232b0 f   MSVCRTD:utility_desktop.obj
 0002:000122b0       __scrt_exe_initialize_mta  00000001800232b0 f   MSVCRTD:utility_desktop.obj
 0002:000122c0       __scrt_unhandled_exception_filter 00000001800232c0 f   MSVCRTD:utility_desktop.obj
 0002:00012380       _RTC_Initialize            0000000180023380 f   MSVCRTD:initsect.obj
 0002:000123e0       _RTC_Terminate             00000001800233e0 f   MSVCRTD:initsect.obj
 0002:00012440       _guard_check_icall_nop     0000000180023440 f i MSVCRTD:guard_support.obj
 0002:00012450       ReadNoFence64              0000000180023450 f i MSVCRTD:guard_support.obj
 0002:00012480       ReadPointerNoFence         0000000180023480 f i MSVCRTD:guard_support.obj
 0002:000124a0       __castguard_check_failure_debugbreak 00000001800234a0 f i MSVCRTD:guard_support.obj
 0002:000124d0       __castguard_check_failure_fastfail 00000001800234d0 f i MSVCRTD:guard_support.obj
 0002:00012500       __castguard_check_failure_nop 0000000180023500 f i MSVCRTD:guard_support.obj
 0002:00012510       __castguard_check_failure_os_handled 0000000180023510 f i MSVCRTD:guard_support.obj
 0002:00012600       __castguard_slow_path_check_debugbreak 0000000180023600 f i MSVCRTD:guard_support.obj
 0002:00012650       __castguard_slow_path_check_fastfail 0000000180023650 f i MSVCRTD:guard_support.obj
 0002:000126b0       __castguard_slow_path_check_nop 00000001800236b0 f i MSVCRTD:guard_support.obj
 0002:000126d0       __castguard_slow_path_check_os_handled 00000001800236d0 f i MSVCRTD:guard_support.obj
 0002:000127e0       _guard_icall_checks_enforced 00000001800237e0 f i MSVCRTD:guard_support.obj
 0002:00012830       _guard_rf_checks_enforced  0000000180023830 f i MSVCRTD:guard_support.obj
 0002:00012e90       ?_RTC_GetSrcLine@@YAHPEAEPEA_WKPEAH1K@Z 0000000180023e90 f   MSVCRTD:pdblkup.obj
 0002:00013350       __isa_available_init       0000000180024350 f   MSVCRTD:cpu_disp.obj
 0002:000137d0       _get_startup_argv_mode     00000001800247d0 f   MSVCRTD:argv_mode.obj
 0002:000137e0       __scrt_is_ucrt_dll_in_use  00000001800247e0 f   MSVCRTD:ucrt_detection.obj
 0002:00013810       __C_specific_handler       0000000180024810 f   vcruntimed:VCRUNTIME140D.dll
 0002:00013816       __C_specific_handler_noexcept 0000000180024816 f   vcruntimed:VCRUNTIME140D.dll
 0002:0001381c       __std_type_info_destroy_list 000000018002481c f   vcruntimed:VCRUNTIME140D.dll
 0002:00013822       __current_exception        0000000180024822 f   vcruntimed:VCRUNTIME140D.dll
 0002:00013828       __current_exception_context 0000000180024828 f   vcruntimed:VCRUNTIME140D.dll
 0002:0001382e       __vcrt_GetModuleFileNameW  000000018002482e f   vcruntimed:VCRUNTIME140D.dll
 0002:00013834       __vcrt_GetModuleHandleW    0000000180024834 f   vcruntimed:VCRUNTIME140D.dll
 0002:0001383a       __vcrt_LoadLibraryExW      000000018002483a f   vcruntimed:VCRUNTIME140D.dll
 0002:00013840       fabs                       0000000180024840 f   ucrtd:ucrtbased.dll
 0002:00013846       roundf                     0000000180024846 f   ucrtd:ucrtbased.dll
 0002:0001384c       sinf                       000000018002484c f   ucrtd:ucrtbased.dll
 0002:00013852       sqrtf                      0000000180024852 f   ucrtd:ucrtbased.dll
 0002:00013858       _CrtDbgReport              0000000180024858 f   ucrtd:ucrtbased.dll
 0002:0001385e       _CrtDbgReportW             000000018002485e f   ucrtd:ucrtbased.dll
 0002:00013864       _initterm                  0000000180024864 f   ucrtd:ucrtbased.dll
 0002:0001386a       _initterm_e                000000018002486a f   ucrtd:ucrtbased.dll
 0002:00013870       strcpy_s                   0000000180024870 f   ucrtd:ucrtbased.dll
 0002:00013876       strcat_s                   0000000180024876 f   ucrtd:ucrtbased.dll
 0002:0001387c       __stdio_common_vsprintf_s  000000018002487c f   ucrtd:ucrtbased.dll
 0002:00013882       _seh_filter_dll            0000000180024882 f   ucrtd:ucrtbased.dll
 0002:00013888       _configure_narrow_argv     0000000180024888 f   ucrtd:ucrtbased.dll
 0002:0001388e       _initialize_narrow_environment 000000018002488e f   ucrtd:ucrtbased.dll
 0002:00013894       _initialize_onexit_table   0000000180024894 f   ucrtd:ucrtbased.dll
 0002:0001389a       _register_onexit_function  000000018002489a f   ucrtd:ucrtbased.dll
 0002:000138a0       _execute_onexit_table      00000001800248a0 f   ucrtd:ucrtbased.dll
 0002:000138a6       _crt_atexit                00000001800248a6 f   ucrtd:ucrtbased.dll
 0002:000138ac       _crt_at_quick_exit         00000001800248ac f   ucrtd:ucrtbased.dll
 0002:000138b2       _cexit                     00000001800248b2 f   ucrtd:ucrtbased.dll
 0002:000138b8       terminate                  00000001800248b8 f   ucrtd:ucrtbased.dll
 0002:000138be       _wmakepath_s               00000001800248be f   ucrtd:ucrtbased.dll
 0002:000138c4       _wsplitpath_s              00000001800248c4 f   ucrtd:ucrtbased.dll
 0002:000138ca       wcscpy_s                   00000001800248ca f   ucrtd:ucrtbased.dll
 0002:000138d0       GetCurrentThreadId         00000001800248d0 f   kernel32:KERNEL32.dll
 0002:000138d6       IsDebuggerPresent          00000001800248d6 f   kernel32:KERNEL32.dll
 0002:000138dc       RaiseException             00000001800248dc f   kernel32:KERNEL32.dll
 0002:000138e2       MultiByteToWideChar        00000001800248e2 f   kernel32:KERNEL32.dll
 0002:000138e8       WideCharToMultiByte        00000001800248e8 f   kernel32:KERNEL32.dll
 0002:000138ee       RtlCaptureContext          00000001800248ee f   kernel32:KERNEL32.dll
 0002:000138f4       RtlLookupFunctionEntry     00000001800248f4 f   kernel32:KERNEL32.dll
 0002:000138fa       RtlVirtualUnwind           00000001800248fa f   kernel32:KERNEL32.dll
 0002:00013900       UnhandledExceptionFilter   0000000180024900 f   kernel32:KERNEL32.dll
 0002:00013906       SetUnhandledExceptionFilter 0000000180024906 f   kernel32:KERNEL32.dll
 0002:0001390c       GetCurrentProcess          000000018002490c f   kernel32:KERNEL32.dll
 0002:00013912       TerminateProcess           0000000180024912 f   kernel32:KERNEL32.dll
 0002:00013918       IsProcessorFeaturePresent  0000000180024918 f   kernel32:KERNEL32.dll
 0002:0001391e       QueryPerformanceCounter    000000018002491e f   kernel32:KERNEL32.dll
 0002:00013924       GetCurrentProcessId        0000000180024924 f   kernel32:KERNEL32.dll
 0002:0001392a       GetSystemTimeAsFileTime    000000018002492a f   kernel32:KERNEL32.dll
 0002:00013930       DisableThreadLibraryCalls  0000000180024930 f   kernel32:KERNEL32.dll
 0002:00013936       InitializeSListHead        0000000180024936 f   kernel32:KERNEL32.dll
 0002:0001393c       GetStartupInfoW            000000018002493c f   kernel32:KERNEL32.dll
 0002:00013942       GetModuleHandleW           0000000180024942 f   kernel32:KERNEL32.dll
 0002:00013948       GetLastError               0000000180024948 f   kernel32:KERNEL32.dll
 0002:0001394e       HeapAlloc                  000000018002494e f   kernel32:KERNEL32.dll
 0002:00013954       HeapFree                   0000000180024954 f   kernel32:KERNEL32.dll
 0002:0001395a       GetProcessHeap             000000018002495a f   kernel32:KERNEL32.dll
 0002:00013960       VirtualQuery               0000000180024960 f   kernel32:KERNEL32.dll
 0002:00013966       FreeLibrary                0000000180024966 f   kernel32:KERNEL32.dll
 0002:0001396c       GetProcAddress             000000018002496c f   kernel32:KERNEL32.dll
 0002:00013980       __scrt_stub_for_acrt_initialize 0000000180024980 f   MSVCRTD:ucrt_stubs.obj
 0002:00013980       __vcrt_initialize          0000000180024980 f   MSVCRTD:ucrt_stubs.obj
 0002:00013980       __acrt_initialize          0000000180024980 f   MSVCRTD:ucrt_stubs.obj
 0002:00013990       __scrt_stub_for_acrt_thread_attach 0000000180024990 f   MSVCRTD:ucrt_stubs.obj
 0002:00013990       __vcrt_thread_attach       0000000180024990 f   MSVCRTD:ucrt_stubs.obj
 0002:00013990       __acrt_thread_attach       0000000180024990 f   MSVCRTD:ucrt_stubs.obj
 0002:000139a0       __scrt_stub_for_acrt_thread_detach 00000001800249a0 f   MSVCRTD:ucrt_stubs.obj
 0002:000139a0       __vcrt_thread_detach       00000001800249a0 f   MSVCRTD:ucrt_stubs.obj
 0002:000139a0       __acrt_thread_detach       00000001800249a0 f   MSVCRTD:ucrt_stubs.obj
 0002:000139b0       __scrt_stub_for_acrt_uninitialize 00000001800249b0 f   MSVCRTD:ucrt_stubs.obj
 0002:000139b0       __acrt_uninitialize        00000001800249b0 f   MSVCRTD:ucrt_stubs.obj
 0002:000139b0       __vcrt_uninitialize        00000001800249b0 f   MSVCRTD:ucrt_stubs.obj
 0002:000139c0       __scrt_stub_for_acrt_uninitialize_critical 00000001800249c0 f   MSVCRTD:ucrt_stubs.obj
 0002:000139c0       __acrt_uninitialize_critical 00000001800249c0 f   MSVCRTD:ucrt_stubs.obj
 0002:000139c0       __vcrt_uninitialize_critical 00000001800249c0 f   MSVCRTD:ucrt_stubs.obj
 0002:000139d0       __scrt_stub_for_is_c_termination_complete 00000001800249d0 f   MSVCRTD:ucrt_stubs.obj
 0002:000139d0       _is_c_termination_complete 00000001800249d0 f   MSVCRTD:ucrt_stubs.obj
 0002:00014ed0       _guard_dispatch_icall_nop  0000000180025ed0 f   MSVCRTD:guard_dispatch.obj
 0002:00014ef0       _guard_xfg_dispatch_icall_nop 0000000180025ef0 f   MSVCRTD:guard_xfg_dispatch.obj
 0003:00000000       __xc_a                     0000000180029000     MSVCRTD:initializers.obj
 0003:00000110       __xc_z                     0000000180029110     MSVCRTD:initializers.obj
 0003:00000220       __xi_a                     0000000180029220     MSVCRTD:initializers.obj
 0003:00000330       __xi_z                     0000000180029330     MSVCRTD:initializers.obj
 0003:00000440       __xp_a                     0000000180029440     MSVCRTD:initializers.obj
 0003:00000550       __xp_z                     0000000180029550     MSVCRTD:initializers.obj
 0003:00000660       __xt_a                     0000000180029660     MSVCRTD:initializers.obj
 0003:00000770       __xt_z                     0000000180029770     MSVCRTD:initializers.obj
 0003:00003848       ??_C@_0BA@NMEIMCEK@InvalidCodePath@ 000000018002c848     p5engine.obj
 0003:00003860       ??_C@_0BJ@GOOPBPNK@P5Engine?1data?1grass1?4bmp@ 000000018002c860     p5engine.obj
 0003:00003880       ??_C@_0BI@GAHHFIBN@P5Engine?1data?1soil1?4bmp@ 000000018002c880     p5engine.obj
 0003:000038a0       ??_C@_0BI@OGODCKLD@P5Engine?1data?1soil2?4bmp@ 000000018002c8a0     p5engine.obj
 0003:000038c0       ??_C@_0BI@CNLPPJBG@P5Engine?1data?1soil3?4bmp@ 000000018002c8c0     p5engine.obj
 0003:000038e0       ??_C@_0BI@DGFEELIO@P5Engine?1data?1tuft1?4bmp@ 000000018002c8e0     p5engine.obj
 0003:00003900       ??_C@_0BI@LAMADJCA@P5Engine?1data?1tuft2?4bmp@ 000000018002c900     p5engine.obj
 0003:00003920       ??_C@_0BF@HOIOEMCL@P5Engine?1data?1bg?4bmp@ 000000018002c920     p5engine.obj
 0003:00003940       ??_C@_0BJ@EPENJOEL@P5Engine?1data?1shadow?4bmp@ 000000018002c940     p5engine.obj
 0003:00003960       ??_C@_0BJ@HEECFFOE@P5Engine?1data?1stairs?4bmp@ 000000018002c960     p5engine.obj
 0003:00003980       ??_C@_0BH@DDOBAHNL@P5Engine?1data?1tree?4bmp@ 000000018002c980     p5engine.obj
 0003:000039a0       ??_C@_0BI@EPGPCLAL@P5Engine?1data?1enemy?4bmp@ 000000018002c9a0     p5engine.obj
 0003:000039c0       ??_C@_0BG@IEBKPHGI@P5Engine?1data?1orb?4bmp@ 000000018002c9c0     p5engine.obj
 0003:000039e0       ??_C@_0BP@CIDLMIJA@P5Engine?1data?1char?9right?90?4bmp@ 000000018002c9e0     p5engine.obj
 0003:00003a08       ??_C@_0BO@PEBAPFLC@P5Engine?1data?1char?9back?90?4bmp@ 000000018002ca08     p5engine.obj
 0003:00003a30       ??_C@_0BO@EAIBBIAG@P5Engine?1data?1char?9left?90?4bmp@ 000000018002ca30     p5engine.obj
 0003:00003a58       ??_C@_0BP@MKDPGEOC@P5Engine?1data?1char?9front?90?4bmp@ 000000018002ca58     p5engine.obj
 0003:00003a80       ??_C@_0BO@KNNOBFKI@P5Engine?1data?1sword?9right?4bmp@ 000000018002ca80     p5engine.obj
 0003:00003aa8       ??_C@_0BN@LDDHILOB@P5Engine?1data?1sword?9back?4bmp@ 000000018002caa8     p5engine.obj
 0003:00003ad0       ??_C@_0BN@FPAHMBGA@P5Engine?1data?1sword?9left?4bmp@ 000000018002cad0     p5engine.obj
 0003:00003af8       ??_C@_0BO@BNDLMGBJ@P5Engine?1data?1sword?9front?4bmp@ 000000018002caf8     p5engine.obj
 0003:00003b1c       __real@00000000            000000018002cb1c     p5engine.obj
 0003:00003b20       __real@308992b1            000000018002cb20     p5engine.obj
 0003:00003b24       __real@3a83126f            000000018002cb24     p5engine.obj
 0003:00003b28       __real@3c23d70a            000000018002cb28     p5engine.obj
 0003:00003b2c       __real@3dcccccd            000000018002cb2c     p5engine.obj
 0003:00003b30       __real@3e4ccccd            000000018002cb30     p5engine.obj
 0003:00003b34       __real@3e800000            000000018002cb34     p5engine.obj
 0003:00003b38       __real@3f000000            000000018002cb38     p5engine.obj
 0003:00003b3c       __real@3f666666            000000018002cb3c     p5engine.obj
 0003:00003b40       __real@3f800000            000000018002cb40     p5engine.obj
 0003:00003b44       __real@3f8ccccd            000000018002cb44     p5engine.obj
 0003:00003b48       __real@3f99999a            000000018002cb48     p5engine.obj
 0003:00003b4c       __real@3fb33333            000000018002cb4c     p5engine.obj
 0003:00003b50       __real@3fc00000            000000018002cb50     p5engine.obj
 0003:00003b54       __real@40000000            000000018002cb54     p5engine.obj
 0003:00003b58       __real@400ccccd            000000018002cb58     p5engine.obj
 0003:00003b5c       __real@40400000            000000018002cb5c     p5engine.obj
 0003:00003b60       __real@40a00000            000000018002cb60     p5engine.obj
 0003:00003b64       __real@40c00000            000000018002cb64     p5engine.obj
 0003:00003b68       __real@40c90fdb            000000018002cb68     p5engine.obj
 0003:00003b6c       __real@41200000            000000018002cb6c     p5engine.obj
 0003:00003b70       __real@41800000            000000018002cb70     p5engine.obj
 0003:00003b74       __real@41880000            000000018002cb74     p5engine.obj
 0003:00003b78       __real@41a00000            000000018002cb78     p5engine.obj
 0003:00003b7c       __real@41c00000            000000018002cb7c     p5engine.obj
 0003:00003b80       __real@41f00000            000000018002cb80     p5engine.obj
 0003:00003b84       __real@42000000            000000018002cb84     p5engine.obj
 0003:00003b88       __real@42340000            000000018002cb88     p5engine.obj
 0003:00003b8c       __real@42600000            000000018002cb8c     p5engine.obj
 0003:00003b90       __real@42800000            000000018002cb90     p5engine.obj
 0003:00003b94       __real@42960000            000000018002cb94     p5engine.obj
 0003:00003b98       __real@437f0000            000000018002cb98     p5engine.obj
 0003:00003b9c       __real@461c4000            000000018002cb9c     p5engine.obj
 0003:00003ba0       __real@47c35000            000000018002cba0     p5engine.obj
 0003:00003ba4       __real@becccccd            000000018002cba4     p5engine.obj
 0003:00003ba8       __real@bf000000            000000018002cba8     p5engine.obj
 0003:00003bac       __real@bf800000            000000018002cbac     p5engine.obj
 0003:00003bb0       __real@c11ccccd            000000018002cbb0     p5engine.obj
 0003:00003bc0       __xmm@80000000800000008000000080000000 000000018002cbc0     p5engine.obj
 0003:00003bd8       _pRawDllMain               000000018002cbd8     MSVCRTD:dll_dllmain.obj
 0003:00003bd8       _pDefaultRawDllMain        000000018002cbd8     MSVCRTD:dll_dllmain.obj
 0003:00003cd0       ??_C@_0NN@JMPELKLB@The?5value?5of?5ESP?5was?5not?5proper@ 000000018002ccd0     MSVCRTD:error.obj
 0003:00003de0       ??_C@_0BBN@ELNNILBE@A?5cast?5to?5a?5smaller?5data?5type?5h@ 000000018002cde0     MSVCRTD:error.obj
 0003:00003f38       ??_C@_0BN@BPOGFMJL@Stack?5memory?5was?5corrupted?$AN?6@ 000000018002cf38     MSVCRTD:error.obj
 0003:00003f60       ??_C@_0DG@DAJCDLPN@A?5local?5variable?5was?5used?5befor@ 000000018002cf60     MSVCRTD:error.obj
 0003:00003fa0       ??_C@_0CM@JMIDGKLA@Stack?5memory?5around?5_alloca?5was@ 000000018002cfa0     MSVCRTD:error.obj
 0003:00003fd8       ??_C@_0BO@CHIONIOI@Unknown?5Runtime?5Check?5Error?$AN?6@ 000000018002cfd8     MSVCRTD:error.obj
 0003:00004000       ??_C@_1GM@CNOOJIHC@?$AAR?$AAu?$AAn?$AAt?$AAi?$AAm?$AAe?$AA?5?$AAC?$AAh?$AAe?$AAc?$AAk?$AA?5?$AAE@ 000000018002d000     MSVCRTD:error.obj
 0003:00004090       ??_C@_1EA@NFKNIFJP@?$AAR?$AAu?$AAn?$AA?9?$AAT?$AAi?$AAm?$AAe?$AA?5?$AAC?$AAh?$AAe?$AAc?$AAk?$AA?5@ 000000018002d090     MSVCRTD:error.obj
 0003:000040e0       ??_C@_0BB@PFFGGCJP@Unknown?5Filename@ 000000018002d0e0     MSVCRTD:error.obj
 0003:000040f8       ??_C@_0BE@GNBOBNCK@Unknown?5Module?5Name@ 000000018002d0f8     MSVCRTD:error.obj
 0003:00004110       ??_C@_0CA@IODNCDPG@Run?9Time?5Check?5Failure?5?$CD?$CFd?5?9?5?$CFs@ 000000018002d110     MSVCRTD:error.obj
 0003:00004138       ??_C@_0CG@IAFNJNEE@Stack?5corrupted?5near?5unknown?5va@ 000000018002d138     MSVCRTD:error.obj
 0003:00004168       ??_C@_05MKKEDADM@?$CF?42X?5@ 000000018002d168     MSVCRTD:error.obj
 0003:00004170       ??_C@_0EJ@LJKNEOLN@Stack?5area?5around?5_alloca?5memor@ 000000018002d170     MSVCRTD:error.obj
 0003:000041c8       ??_C@_01EEMJAFIK@?6@       000000018002d1c8     MSVCRTD:error.obj
 0003:000041cc       ??_C@_02LLMPMKNF@?$DO?5@   000000018002d1cc     MSVCRTD:error.obj
 0003:000041d0       ??_C@_08OMAHNMHJ@?6Data?3?5?$DM@ 000000018002d1d0     MSVCRTD:error.obj
 0003:000041e0       ??_C@_0CK@DKGBICFE@?6Allocation?5number?5within?5this?5@ 000000018002d1e0     MSVCRTD:error.obj
 0003:00004218       ??_C@_07DFDJCKFN@?6Size?3?5@ 000000018002d218     MSVCRTD:error.obj
 0003:00004228       ??_C@_0N@MHFFIMFG@?6Address?3?50x@ 000000018002d228     MSVCRTD:error.obj
 0003:00004240       ??_C@_0EI@CLEPFNGI@Stack?5area?5around?5_alloca?5memor@ 000000018002d240     MSVCRTD:error.obj
 0003:00004298       ??_C@_0BK@ODNDAGKB@?$CFs?$CFs?$CFp?$CFs?$CFzd?$CFs?$CFd?$CFs?$CFs?$CFs?$CFs?$CFs@ 000000018002d298     MSVCRTD:error.obj
 0003:000042b8       ??_C@_0DE@OHJBPMBP@A?5variable?5is?5being?5used?5withou@ 000000018002d2b8     MSVCRTD:error.obj
 0003:00004328       ??_C@_0BJ@HEGAHDFO@Stack?5pointer?5corruption@ 000000018002d328     MSVCRTD:userapi.obj
 0003:00004348       ??_C@_0CK@FEGOIOPB@Cast?5to?5smaller?5type?5causing?5lo@ 000000018002d348     MSVCRTD:userapi.obj
 0003:00004380       ??_C@_0BI@CIGMDCBH@Stack?5memory?5corruption@ 000000018002d380     MSVCRTD:userapi.obj
 0003:000043a0       ??_C@_0CK@CNLNOEPB@Local?5variable?5used?5before?5init@ 000000018002d3a0     MSVCRTD:userapi.obj
 0003:000043d8       ??_C@_0BP@OGBCLIBO@Stack?5around?5_alloca?5corrupted@ 000000018002d3d8     MSVCRTD:userapi.obj
 0003:00004480       ??_C@_1EI@MLPKHBGE@?$AAa?$AAp?$AAi?$AA?9?$AAm?$AAs?$AA?9?$AAw?$AAi?$AAn?$AA?9?$AAc?$AAo?$AAr?$AAe@ 000000018002d480     MSVCRTD:pdblkup.obj
 0003:000044d8       ??_C@_1BK@JHLNAEJL@?$AAa?$AAd?$AAv?$AAa?$AAp?$AAi?$AA3?$AA2?$AA?4?$AAd?$AAl?$AAl@ 000000018002d4d8     MSVCRTD:pdblkup.obj
 0003:000044f8       ??_C@_0O@COHOBMLB@RegOpenKeyExW@ 000000018002d4f8     MSVCRTD:pdblkup.obj
 0003:00004508       ??_C@_0BB@GLNAEDBD@RegQueryValueExW@ 000000018002d508     MSVCRTD:pdblkup.obj
 0003:00004520       ??_C@_0M@HLOHPNFA@RegCloseKey@ 000000018002d520     MSVCRTD:pdblkup.obj
 0003:00004530       ??_C@_1HE@EBEAGLFB@?$AAS?$AAO?$AAF?$AAT?$AAW?$AAA?$AAR?$AAE?$AA?2?$AAW?$AAo?$AAw?$AA6?$AA4?$AA3@ 000000018002d530     MSVCRTD:pdblkup.obj
 0003:000045c0       ??_C@_1BG@EABPBLLF@?$AAP?$AAr?$AAo?$AAd?$AAu?$AAc?$AAt?$AAD?$AAi?$AAr@ 000000018002d5c0     MSVCRTD:pdblkup.obj
 0003:00004608       ??_C@_1BC@JINFINNJ@?$AAM?$AAS?$AAP?$AAD?$AAB?$AA1?$AA4?$AA0@ 000000018002d608     MSVCRTD:pdblkup.obj
 0003:00004620       ??_C@_0BB@KCIACLNC@PDBOpenValidate5@ 000000018002d620     MSVCRTD:pdblkup.obj
 0003:00004634       ??_C@_01KDCPPGHE@r@        000000018002d634     MSVCRTD:pdblkup.obj
 0003:00004670       _load_config_used          000000018002d670     MSVCRTD:loadcfg.obj
 0003:00004a00       __CastGuardVftablesStart   000000018002da00     MSVCRTD:guard_support.obj
 0003:00004b10       __CastGuardVftablesEnd     000000018002db10     MSVCRTD:guard_support.obj
 0003:00004d98       __rtc_iaa                  000000018002dd98     MSVCRTD:initsect.obj
 0003:00004fb8       __rtc_izz                  000000018002dfb8     MSVCRTD:initsect.obj
 0003:000050c8       __rtc_taa                  000000018002e0c8     MSVCRTD:initsect.obj
 0003:000052e8       __rtc_tzz                  000000018002e2e8     MSVCRTD:initsect.obj
 0004:00004cd0       __security_cookie_complement 0000000180034cd0     MSVCRTD:gs_cookie.obj
 0004:00004cd8       __security_cookie          0000000180034cd8     MSVCRTD:gs_cookie.obj
 0004:00004ce4       _fltused                   0000000180034ce4     MSVCRTD:fltused.obj
 0004:00004ce8       ?_RTC_ErrorLevels@@3PAHA   0000000180034ce8     MSVCRTD:error.obj
 0004:00004d00       __scrt_native_dllmain_reason 0000000180034d00     MSVCRTD:utility.obj
 0004:00004d08       __isa_available            0000000180034d08     MSVCRTD:cpu_disp.obj
 0004:00004d0c       __isa_enabled              0000000180034d0c     MSVCRTD:cpu_disp.obj
 0004:00004d10       __memcpy_nt_iters          0000000180034d10     MSVCRTD:cpu_disp.obj
 0004:00004d18       __memset_nt_iters          0000000180034d18     MSVCRTD:cpu_disp.obj
 0004:00004d30       __scrt_ucrt_dll_is_in_use  0000000180034d30     MSVCRTD:ucrt_stubs.obj
 0004:00004e48       ?_OptionsStorage@?1??__local_stdio_printf_options@@9@4_KA 0000000180034e48     MSVCRTD:error.obj
 0004:00005500       ?__type_info_root_node@@3U__type_info_node@@A 0000000180035500     MSVCRTD:tncleanup.obj
 0004:00005518       ?_OptionsStorage@?1??__local_stdio_scanf_options@@9@4_KA 0000000180035518     MSVCRTD:default_local_stdio_options.obj
 0004:00005528       __scrt_current_native_startup_state 0000000180035528     MSVCRTD:utility.obj
 0004:00005530       __scrt_native_startup_lock 0000000180035530     MSVCRTD:utility.obj
 0004:00005580       __scrt_debugger_hook_flag  0000000180035580     MSVCRTD:utility_desktop.obj
 0004:00005588       __castguard_check_failure_os_handled_fptr 0000000180035588     MSVCRTD:guard_support.obj
 0004:000055a4       __favor                    00000001800355a4     MSVCRTD:cpu_disp.obj
 0004:000055a8       __dyn_tls_init_callback    00000001800355a8     <common>
 0004:000055bc       __DebuggerCurrentSteppingThreadId 00000001800355bc     <common>
 0006:00000000       __imp_DisableThreadLibraryCalls 0000000180039000     kernel32:KERNEL32.dll
 0006:00000008       __imp_GetCurrentThreadId   0000000180039008     kernel32:KERNEL32.dll
 0006:00000010       __imp_RaiseException       0000000180039010     kernel32:KERNEL32.dll
 0006:00000018       __imp_MultiByteToWideChar  0000000180039018     kernel32:KERNEL32.dll
 0006:00000020       __imp_WideCharToMultiByte  0000000180039020     kernel32:KERNEL32.dll
 0006:00000028       __imp_RtlCaptureContext    0000000180039028     kernel32:KERNEL32.dll
 0006:00000030       __imp_RtlLookupFunctionEntry 0000000180039030     kernel32:KERNEL32.dll
 0006:00000038       __imp_RtlVirtualUnwind     0000000180039038     kernel32:KERNEL32.dll
 0006:00000040       __imp_GetProcAddress       0000000180039040     kernel32:KERNEL32.dll
 0006:00000048       __imp_FreeLibrary          0000000180039048     kernel32:KERNEL32.dll
 0006:00000050       __imp_VirtualQuery         0000000180039050     kernel32:KERNEL32.dll
 0006:00000058       __imp_GetProcessHeap       0000000180039058     kernel32:KERNEL32.dll
 0006:00000060       __imp_HeapFree             0000000180039060     kernel32:KERNEL32.dll
 0006:00000068       __imp_HeapAlloc            0000000180039068     kernel32:KERNEL32.dll
 0006:00000070       __imp_GetLastError         0000000180039070     kernel32:KERNEL32.dll
 0006:00000078       __imp_GetModuleHandleW     0000000180039078     kernel32:KERNEL32.dll
 0006:00000080       __imp_GetStartupInfoW      0000000180039080     kernel32:KERNEL32.dll
 0006:00000088       __imp_InitializeSListHead  0000000180039088     kernel32:KERNEL32.dll
 0006:00000090       __imp_IsDebuggerPresent    0000000180039090     kernel32:KERNEL32.dll
 0006:00000098       __imp_GetSystemTimeAsFileTime 0000000180039098     kernel32:KERNEL32.dll
 0006:000000a0       __imp_GetCurrentProcessId  00000001800390a0     kernel32:KERNEL32.dll
 0006:000000a8       __imp_QueryPerformanceCounter 00000001800390a8     kernel32:KERNEL32.dll
 0006:000000b0       __imp_IsProcessorFeaturePresent 00000001800390b0     kernel32:KERNEL32.dll
 0006:000000b8       __imp_TerminateProcess     00000001800390b8     kernel32:KERNEL32.dll
 0006:000000c0       __imp_GetCurrentProcess    00000001800390c0     kernel32:KERNEL32.dll
 0006:000000c8       __imp_SetUnhandledExceptionFilter 00000001800390c8     kernel32:KERNEL32.dll
 0006:000000d0       __imp_UnhandledExceptionFilter 00000001800390d0     kernel32:KERNEL32.dll
 0006:000000d8       \177KERNEL32_NULL_THUNK_DATA 00000001800390d8     kernel32:KERNEL32.dll
 0006:00000158       __imp___vcrt_GetModuleHandleW 0000000180039158     vcruntimed:VCRUNTIME140D.dll
 0006:00000160       __imp___vcrt_GetModuleFileNameW 0000000180039160     vcruntimed:VCRUNTIME140D.dll
 0006:00000168       __imp___current_exception_context 0000000180039168     vcruntimed:VCRUNTIME140D.dll
 0006:00000170       __imp___C_specific_handler 0000000180039170     vcruntimed:VCRUNTIME140D.dll
 0006:00000178       __imp___current_exception  0000000180039178     vcruntimed:VCRUNTIME140D.dll
 0006:00000180       __imp___std_type_info_destroy_list 0000000180039180     vcruntimed:VCRUNTIME140D.dll
 0006:00000188       __imp___C_specific_handler_noexcept 0000000180039188     vcruntimed:VCRUNTIME140D.dll
 0006:00000190       __imp___vcrt_LoadLibraryExW 0000000180039190     vcruntimed:VCRUNTIME140D.dll
 0006:00000198       \177VCRUNTIME140D_NULL_THUNK_DATA 0000000180039198     vcruntimed:VCRUNTIME140D.dll
 0006:000001f8       __imp_wcscpy_s             00000001800391f8     ucrtd:ucrtbased.dll
 0006:00000200       __imp__wmakepath_s         0000000180039200     ucrtd:ucrtbased.dll
 0006:00000208       __imp_terminate            0000000180039208     ucrtd:ucrtbased.dll
 0006:00000210       __imp__cexit               0000000180039210     ucrtd:ucrtbased.dll
 0006:00000218       __imp__crt_at_quick_exit   0000000180039218     ucrtd:ucrtbased.dll
 0006:00000220       __imp__crt_atexit          0000000180039220     ucrtd:ucrtbased.dll
 0006:00000228       __imp__execute_onexit_table 0000000180039228     ucrtd:ucrtbased.dll
 0006:00000230       __imp__register_onexit_function 0000000180039230     ucrtd:ucrtbased.dll
 0006:00000238       __imp__initialize_onexit_table 0000000180039238     ucrtd:ucrtbased.dll
 0006:00000240       __imp__initialize_narrow_environment 0000000180039240     ucrtd:ucrtbased.dll
 0006:00000248       __imp__configure_narrow_argv 0000000180039248     ucrtd:ucrtbased.dll
 0006:00000250       __imp__seh_filter_dll      0000000180039250     ucrtd:ucrtbased.dll
 0006:00000258       __imp__wsplitpath_s        0000000180039258     ucrtd:ucrtbased.dll
 0006:00000260       __imp_strcat_s             0000000180039260     ucrtd:ucrtbased.dll
 0006:00000268       __imp_strcpy_s             0000000180039268     ucrtd:ucrtbased.dll
 0006:00000270       __imp__initterm_e          0000000180039270     ucrtd:ucrtbased.dll
 0006:00000278       __imp__initterm            0000000180039278     ucrtd:ucrtbased.dll
 0006:00000280       __imp__CrtDbgReportW       0000000180039280     ucrtd:ucrtbased.dll
 0006:00000288       __imp__CrtDbgReport        0000000180039288     ucrtd:ucrtbased.dll
 0006:00000290       __imp_sqrtf                0000000180039290     ucrtd:ucrtbased.dll
 0006:00000298       __imp_sinf                 0000000180039298     ucrtd:ucrtbased.dll
 0006:000002a0       __imp_roundf               00000001800392a0     ucrtd:ucrtbased.dll
 0006:000002a8       __imp_fabs                 00000001800392a8     ucrtd:ucrtbased.dll
 0006:000002b0       __imp___stdio_common_vsprintf_s 00000001800392b0     ucrtd:ucrtbased.dll
 0006:000002b8       \177ucrtbased_NULL_THUNK_DATA 00000001800392b8     ucrtd:ucrtbased.dll
 0006:00000330       __IMPORT_DESCRIPTOR_VCRUNTIME140D 0000000180039330     vcruntimed:VCRUNTIME140D.dll
 0006:00000344       __IMPORT_DESCRIPTOR_ucrtbased 0000000180039344     ucrtd:ucrtbased.dll
 0006:00000358       __IMPORT_DESCRIPTOR_KERNEL32 0000000180039358     kernel32:KERNEL32.dll
 0006:0000036c       __NULL_IMPORT_DESCRIPTOR   000000018003936c     vcruntimed:VCRUNTIME140D.dll
 0008:00000000       __guard_check_icall_fptr   000000018003b000     MSVCRTD:guard_support.obj
 0008:00000010       __guard_xfg_check_icall_fptr 000000018003b010     MSVCRTD:guard_support.obj
 0008:00000020       __guard_dispatch_icall_fptr 000000018003b020     MSVCRTD:guard_support.obj
 0008:00000030       __guard_xfg_dispatch_icall_fptr 000000018003b030     MSVCRTD:guard_support.obj
 0008:00000040       __guard_xfg_table_dispatch_icall_fptr 000000018003b040     MSVCRTD:guard_support.obj

 entry point at        0002:0000000f

 Static symbols

 0000:fffc2000       .debug$S                   0000000180000000     P5Engine.exp
 0000:fffc5000       _volmd                     0000000180000000     p5engine.obj
 0000:fffc5000       _volmd                     0000000180000000     p5engine.obj
 0000:fffc5000       _volmd                     0000000180000000     p5engine.obj
 0000:fffc5000       _volmd                     0000000180000000     p5engine.obj
 0000:fffc5000       _volmd                     0000000180000000     p5engine.obj
 0000:fffc5000       _volmd                     0000000180000000     p5engine.obj
 0000:fffc5000       _volmd                     0000000180000000     p5engine.obj
 0000:fffc5000       _volmd                     0000000180000000     p5engine.obj
 0000:fffc5000       _volmd                     0000000180000000     p5engine.obj
 0000:fffc5000       _volmd                     0000000180000000     p5engine.obj
 0000:fffc5000       _volmd                     0000000180000000     p5engine.obj
 0000:fffc5000       _volmd                     0000000180000000     p5engine.obj
 0000:fffc5000       _volmd                     0000000180000000     p5engine.obj
 0000:fffc5000       _volmd                     0000000180000000     p5engine.obj
 0000:fffc5000       _volmd                     0000000180000000     p5engine.obj
 0000:fffc5000       _volmd                     0000000180000000     p5engine.obj
 0000:fffc5000       _volmd                     0000000180000000     p5engine.obj
 0000:fffc5000       _volmd                     0000000180000000     p5engine.obj
 0000:fffc5000       _volmd                     0000000180000000     p5engine.obj
 0000:fffc5000       _volmd                     0000000180000000     p5engine.obj
 0000:fffc5000       _volmd                     0000000180000000     p5engine.obj
 0000:fffc5000       _volmd                     0000000180000000     p5engine.obj
 0000:fffc5000       _volmd                     0000000180000000     p5engine.obj
 0000:fffc5000       _volmd                     0000000180000000     p5engine.obj
 0000:fffc5000       _volmd                     0000000180000000     p5engine.obj
 0000:fffc5000       _volmd                     0000000180000000     p5engine.obj
 0000:fffc5000       _volmd                     0000000180000000     p5engine.obj
 0000:fffc5000       _volmd                     0000000180000000     p5engine.obj
 0000:fffc5000       _volmd                     0000000180000000     p5engine.obj
 0000:fffc5000       _volmd                     0000000180000000     p5engine.obj
 0000:fffc5000       _volmd                     0000000180000000     p5engine.obj
 0000:fffc5000       _volmd                     0000000180000000     MSVCRTD:cpu_disp.obj
 0000:fffc6000       __guard_ehcont_?dllmain_dispatch@@YAHQEAUHINSTANCE__@@KQEAX@Z 0000000180000000     MSVCRTD:dll_dllmain.obj
 0000:fffc6000       __guard_fids_?dllmain_dispatch@@YAHQEAUHINSTANCE__@@KQEAX@Z 0000000180000000     MSVCRTD:dll_dllmain.obj
 0000:fffc6000       __guard_ehcont_?notify_debugger@@YAXAEBUtagEXCEPTION_VISUALCPP_DEBUG_INFO@@@Z 0000000180000000     MSVCRTD:error.obj
 0000:fffc5000       _volmd                     0000000180000000     MSVCRTD:gs_report.obj
 0000:fffc5000       _volmd                     0000000180000000     MSVCRTD:gs_report.obj
 0000:fffc5000       _volmd                     0000000180000000     MSVCRTD:gs_report.obj
 0000:fffc6000       __guard_fids__             0000000180000000     MSVCRTD:guard_support.obj
 0000:fffc6000       __guard_fids__             0000000180000000     MSVCRTD:guard_support.obj
 0000:fffc6000       __guard_fids__guard_icall_checks_enforced 0000000180000000     MSVCRTD:guard_support.obj
 0000:fffc5000       _volmd                     0000000180000000     MSVCRTD:guard_support.obj
 0000:fffc5000       _volmd                     0000000180000000     MSVCRTD:guard_support.obj
 0000:fffc5000       _volmd                     0000000180000000     MSVCRTD:guard_support.obj
 0000:fffc6000       __guard_fids__CRT_RTC_INIT 0000000180000000     MSVCRTD:init.obj
 0000:fffc6000       __guard_fids__CRT_RTC_INITW 0000000180000000     MSVCRTD:init.obj
 0000:fffc6000       __guard_ehcont___scrt_is_nonwritable_in_current_image 0000000180000000     MSVCRTD:utility.obj
 0000:fffc5000       _volmd                     0000000180000000     MSVCRTD:utility.obj
 0000:fffc5000       _volmd                     0000000180000000     MSVCRTD:utility.obj
 0000:fffc5000       _volmd                     0000000180000000     MSVCRTD:utility.obj
 0000:fffc6000       __guard_fids___scrt_set_unhandled_exception_filter 0000000180000000     MSVCRTD:utility_desktop.obj
 0000:fffc5000       _volmd                     0000000180000000     MSVCRTD:utility_desktop.obj
 0000:fffc2000       .debug$S                   0000000180000000     vcruntimed:VCRUNTIME140D.dll
 0000:fffc2000       .debug$S                   0000000180000000     vcruntimed:VCRUNTIME140D.dll
 0000:fffc2000       .debug$S                   0000000180000000     vcruntimed:VCRUNTIME140D.dll
 0000:fffc2000       .debug$S                   0000000180000000     vcruntimed:VCRUNTIME140D.dll
 0000:fffc2000       .debug$S                   0000000180000000     vcruntimed:VCRUNTIME140D.dll
 0000:fffc2000       .debug$S                   0000000180000000     vcruntimed:VCRUNTIME140D.dll
 0000:fffc2000       .debug$S                   0000000180000000     vcruntimed:VCRUNTIME140D.dll
 0000:fffc2000       .debug$S                   0000000180000000     vcruntimed:VCRUNTIME140D.dll
 0000:fffc2000       .debug$S                   0000000180000000     ucrtd:ucrtbased.dll
 0000:fffc2000       .debug$S                   0000000180000000     ucrtd:ucrtbased.dll
 0000:fffc2000       .debug$S                   0000000180000000     ucrtd:ucrtbased.dll
 0000:fffc2000       .debug$S                   0000000180000000     ucrtd:ucrtbased.dll
 0000:fffc2000       .debug$S                   0000000180000000     ucrtd:ucrtbased.dll
 0000:fffc2000       .debug$S                   0000000180000000     ucrtd:ucrtbased.dll
 0000:fffc2000       .debug$S                   0000000180000000     ucrtd:ucrtbased.dll
 0000:fffc2000       .debug$S                   0000000180000000     ucrtd:ucrtbased.dll
 0000:fffc2000       .debug$S                   0000000180000000     ucrtd:ucrtbased.dll
 0000:fffc2000       .debug$S                   0000000180000000     ucrtd:ucrtbased.dll
 0000:fffc2000       .debug$S                   0000000180000000     ucrtd:ucrtbased.dll
 0000:fffc2000       .debug$S                   0000000180000000     ucrtd:ucrtbased.dll
 0000:fffc2000       .debug$S                   0000000180000000     ucrtd:ucrtbased.dll
 0000:fffc2000       .debug$S                   0000000180000000     ucrtd:ucrtbased.dll
 0000:fffc2000       .debug$S                   0000000180000000     ucrtd:ucrtbased.dll
 0000:fffc2000       .debug$S                   0000000180000000     ucrtd:ucrtbased.dll
 0000:fffc2000       .debug$S                   0000000180000000     ucrtd:ucrtbased.dll
 0000:fffc2000       .debug$S                   0000000180000000     ucrtd:ucrtbased.dll
 0000:fffc2000       .debug$S                   0000000180000000     ucrtd:ucrtbased.dll
 0000:fffc2000       .debug$S                   0000000180000000     ucrtd:ucrtbased.dll
 0000:fffc2000       .debug$S                   0000000180000000     ucrtd:ucrtbased.dll
 0000:fffc2000       .debug$S                   0000000180000000     ucrtd:ucrtbased.dll
 0000:fffc2000       .debug$S                   0000000180000000     ucrtd:ucrtbased.dll
 0000:fffc2000       .debug$S                   0000000180000000     ucrtd:ucrtbased.dll
 0000:fffc2000       .debug$S                   0000000180000000     kernel32:KERNEL32.dll
 0000:fffc2000       .debug$S                   0000000180000000     kernel32:KERNEL32.dll
 0000:fffc2000       .debug$S                   0000000180000000     kernel32:KERNEL32.dll
 0000:fffc2000       .debug$S                   0000000180000000     kernel32:KERNEL32.dll
 0000:fffc2000       .debug$S                   0000000180000000     kernel32:KERNEL32.dll
 0000:fffc2000       .debug$S                   0000000180000000     kernel32:KERNEL32.dll
 0000:fffc2000       .debug$S                   0000000180000000     kernel32:KERNEL32.dll
 0000:fffc2000       .debug$S                   0000000180000000     kernel32:KERNEL32.dll
 0000:fffc2000       .debug$S                   0000000180000000     kernel32:KERNEL32.dll
 0000:fffc2000       .debug$S                   0000000180000000     kernel32:KERNEL32.dll
 0000:fffc2000       .debug$S                   0000000180000000     kernel32:KERNEL32.dll
 0000:fffc2000       .debug$S                   0000000180000000     kernel32:KERNEL32.dll
 0000:fffc2000       .debug$S                   0000000180000000     kernel32:KERNEL32.dll
 0000:fffc2000       .debug$S                   0000000180000000     kernel32:KERNEL32.dll
 0000:fffc2000       .debug$S                   0000000180000000     kernel32:KERNEL32.dll
 0000:fffc2000       .debug$S                   0000000180000000     kernel32:KERNEL32.dll
 0000:fffc2000       .debug$S                   0000000180000000     kernel32:KERNEL32.dll
 0000:fffc2000       .debug$S                   0000000180000000     kernel32:KERNEL32.dll
 0000:fffc2000       .debug$S                   0000000180000000     kernel32:KERNEL32.dll
 0000:fffc2000       .debug$S                   0000000180000000     kernel32:KERNEL32.dll
 0000:fffc2000       .debug$S                   0000000180000000     kernel32:KERNEL32.dll
 0000:fffc2000       .debug$S                   0000000180000000     kernel32:KERNEL32.dll
 0000:fffc2000       .debug$S                   0000000180000000     kernel32:KERNEL32.dll
 0000:fffc2000       .debug$S                   0000000180000000     kernel32:KERNEL32.dll
 0000:fffc2000       .debug$S                   0000000180000000     kernel32:KERNEL32.dll
 0000:fffc2000       .debug$S                   0000000180000000     kernel32:KERNEL32.dll
 0000:fffc2000       .debug$S                   0000000180000000     kernel32:KERNEL32.dll
 0002:00001550       ?AddCollisionRule@@YAXPEAUgame_state@@IIH@Z 0000000180012550 f   p5engine.obj
 0002:00001750       ?AddEntity@@YAPEAUsim_entity@@PEAUgame_state@@PEAUsim_region@@IPEAUlow_entity@@PEATv3@@@Z 0000000180012750 f   p5engine.obj
 0002:000018f0       ?AddEntityRaw@@YAPEAUsim_entity@@PEAUgame_state@@PEAUsim_region@@IPEAUlow_entity@@@Z 00000001800128f0 f   p5engine.obj
 0002:00001b00       ?AddFamiliar@@YA?AUadd_low_entity_result@@PEAUgame_state@@III@Z 0000000180012b00 f   p5engine.obj
 0002:00001d50       ?AddGroundedEntity@@YA?AUadd_low_entity_result@@PEAUgame_state@@W4entity_type@@Uworld_position@@PEAUsim_entity_collision_volume_group@@@Z 0000000180012d50 f   p5engine.obj
 0002:00001e70       ?AddLowEntity@@YA?AUadd_low_entity_result@@PEAUgame_state@@W4entity_type@@Uworld_position@@@Z 0000000180012e70 f   p5engine.obj
 0002:000020f0       ?AddMonstar@@YA?AUadd_low_entity_result@@PEAUgame_state@@III@Z 00000001800130f0 f   p5engine.obj
 0002:000022f0       ?AddPlayer@@YA?AUadd_low_entity_result@@PEAUgame_state@@@Z 00000001800132f0 f   p5engine.obj
 0002:000026c0       ?AddStairs@@YA?AUadd_low_entity_result@@PEAUgame_state@@III@Z 00000001800136c0 f   p5engine.obj
 0002:000028f0       ?AddStandardRoom@@YA?AUadd_low_entity_result@@PEAUgame_state@@III@Z 00000001800138f0 f   p5engine.obj
 0002:00002ae0       ?AddSword@@YA?AUadd_low_entity_result@@PEAUgame_state@@@Z 0000000180013ae0 f   p5engine.obj
 0002:00002c40       ?AddWall@@YA?AUadd_low_entity_result@@PEAUgame_state@@III@Z 0000000180013c40 f   p5engine.obj
 0002:00002f90       ?BeginSim@@YAPEAUsim_region@@PEAUmemory_arena@@PEAUgame_state@@PEAUworld@@Uworld_position@@Urectangle3@@M@Z 0000000180013f90 f   p5engine.obj
 0002:000037b0       ?CanCollide@@YAHPEAUgame_state@@PEAUsim_entity@@1@Z 00000001800147b0 f   p5engine.obj
 0002:000039a0       ?CanOverlap@@YAHPEAUgame_state@@PEAUsim_entity@@1@Z 00000001800149a0 f   p5engine.obj
 0002:00003a20       ?ChangeEntityLocation@@YAXPEAUmemory_arena@@PEAUworld@@IPEAUlow_entity@@Uworld_position@@@Z 0000000180014a20 f   p5engine.obj
 0002:00004640       ?ClearCollisionRulesFor@@YAXPEAUgame_state@@I@Z 0000000180015640 f   p5engine.obj
 0002:000047d0       ?DEBUGLoadBMP@@YA?AUloaded_bitmap@@PEAUthread_context@@P6A?AUdebug_read_file_result@@0PEAD@Z1@Z 00000001800157d0 f   p5engine.obj
 0002:00004df0       ?DrawBitmap@@YAXPEAUloaded_bitmap@@0MMM@Z 0000000180015df0 f   p5engine.obj
 0002:000053a0       ?DrawHitpoints@@YAXPEAUsim_entity@@PEAUentity_visible_piece_group@@@Z 00000001800163a0 f   p5engine.obj
 0002:000056a0       ?DrawRectangle@@YAXPEAUloaded_bitmap@@Tv2@@1MMM@Z 00000001800166a0 f   p5engine.obj
 0002:00005930       ?DrawTestGround@@YAXPEAUgame_state@@PEAUloaded_bitmap@@@Z 0000000180016930 f   p5engine.obj
 0002:00005ca0       ?EndSim@@YAXPEAUsim_region@@PEAUgame_state@@@Z 0000000180016ca0 f   p5engine.obj
 0002:00006070       ?EntitiesOverlap@@YAHPEAUsim_entity@@0Tv3@@@Z 0000000180017070 f   p5engine.obj
 0002:00006790       ?GameOutputSound@@YAXPEAUgame_state@@PEAUgame_sound_output_buffer@@H@Z 0000000180017790 f   p5engine.obj
 0002:00006a80       ?GetHashFromStorageIndex@@YAPEAUsim_entity_hash@@PEAUsim_region@@I@Z 0000000180017a80 f   p5engine.obj
 0002:00007460       ?HandleCollision@@YAHPEAUgame_state@@PEAUsim_entity@@1@Z 0000000180018460 f   p5engine.obj
 0002:00007590       ?HandleOverlap@@YAXPEAUgame_state@@PEAUsim_entity@@1MPEAM@Z 0000000180018590 f   p5engine.obj
 0002:000076d0       ?InitHitPoints@@YAXPEAUlow_entity@@I@Z 00000001800186d0 f   p5engine.obj
 0002:00007810       ?InitializeWorld@@YAXPEAUworld@@MM@Z 0000000180018810 f   p5engine.obj
 0002:00008030       ?MakeEmptyBitmap@@YA?AUloaded_bitmap@@PEAUmemory_arena@@HH@Z 0000000180019030 f   p5engine.obj
 0002:000082d0       ?MakeNullCollision@@YAPEAUsim_entity_collision_volume_group@@PEAUgame_state@@@Z 00000001800192d0 f   p5engine.obj
 0002:000083f0       ?MakeSimpleGroundedCollision@@YAPEAUsim_entity_collision_volume_group@@PEAUgame_state@@MMM@Z 00000001800193f0 f   p5engine.obj
 0002:00008710       ?MoveEntity@@YAXPEAUgame_state@@PEAUsim_region@@PEAUsim_entity@@MPEAUmove_spec@@Tv3@@@Z 0000000180019710 f   p5engine.obj
 0002:0000b910       ?SpeculativeCollide@@YAHPEAUsim_entity@@0@Z 000000018001c910 f   p5engine.obj
 0002:0000bb80       ?Subtract@@YA?ATv3@@PEAUworld@@PEAUworld_position@@1@Z 000000018001cb80 f   p5engine.obj
 0002:0000edb8       $LN105                     000000018001fdb8     p5engine.obj
 0002:0000fdd0       $$000000                   0000000180020dd0     MSVCRTD:chkstk.obj
 0002:0000fe50       $$000000                   0000000180020e50     MSVCRTD:amdsecgs.obj
 0002:0000fe90       ?dllmain_crt_dispatch@@YAHQEAUHINSTANCE__@@KQEAX@Z 0000000180020e90 f   MSVCRTD:dll_dllmain.obj
 0002:0000ff40       ?dllmain_crt_process_attach@@YAHQEAUHINSTANCE__@@QEAX@Z 0000000180020f40 f   MSVCRTD:dll_dllmain.obj
 0002:000100d0       ?dllmain_crt_process_detach@@YAH_N@Z 00000001800210d0 f   MSVCRTD:dll_dllmain.obj
 0002:00010190       ?dllmain_dispatch@@YAHQEAUHINSTANCE__@@KQEAX@Z 0000000180021190 f   MSVCRTD:dll_dllmain.obj
 0002:00010320       ?dllmain_raw@@YAHQEAUHINSTANCE__@@KQEAX@Z 0000000180021320 f   MSVCRTD:dll_dllmain.obj
 0002:00010420       ?DebuggerProbe@@YA_NK@Z    0000000180021420 f   MSVCRTD:error.obj
 0002:00010470       ?DebuggerRuntime@@YA_NKHPEAXPEB_W@Z 0000000180021470 f   MSVCRTD:error.obj
 0002:00010800       ?_getMemBlockDataString@@YAXPEAD0PEBD_K@Z 0000000180021800 f   MSVCRTD:error.obj
 0002:000108e0       ?_strlen_priv@@YA_KPEBD@Z  00000001800218e0 f   MSVCRTD:error.obj
 0002:00010900       ?failwithmessage@@YAXPEAXHHPEBD@Z 0000000180021900 f   MSVCRTD:error.obj
 0002:00010c00       ?notify_debugger@@YAXAEBUtagEXCEPTION_VISUALCPP_DEBUG_INFO@@@Z 0000000180021c00 f   MSVCRTD:error.obj
 0002:00011260       capture_current_context    0000000180022260 f   MSVCRTD:gs_report.obj
 0002:00011320       capture_previous_context   0000000180022320 f   MSVCRTD:gs_report.obj
 0002:00011400       __get_entropy              0000000180022400 f   MSVCRTD:gs_support.obj
 0002:000116b0       ?find_pe_section@@YAPEAU_IMAGE_SECTION_HEADER@@QEAE_K@Z 00000001800226b0 f   MSVCRTD:utility.obj
 0002:000117d0       ?is_potentially_valid_image_base@@YA_NQEAX@Z 00000001800227d0 f   MSVCRTD:utility.obj
 0002:00012570       __castguard_compat_check   0000000180023570 f   MSVCRTD:guard_support.obj
 0002:00012750       __castguard_slow_path_compat_check 0000000180023750 f   MSVCRTD:guard_support.obj
 0002:00012840       ?GetPdbDll@@YAPEAUHINSTANCE__@@XZ 0000000180023840 f   MSVCRTD:pdblkup.obj
 0002:000129e0       ?GetPdbDllFromInstallPath@@YAPEAUHINSTANCE__@@XZ 00000001800239e0 f   MSVCRTD:pdblkup.obj
 0002:00012d40       ?GetPdbDllPathFromFilePath@@YAHPEB_WPEA_W_K@Z 0000000180023d40 f   MSVCRTD:pdblkup.obj
 0002:00014ec0       $$000000                   0000000180025ec0     MSVCRTD:guard_dispatch.obj
 0002:00014ee0       $$000000                   0000000180025ee0     MSVCRTD:guard_xfg_dispatch.obj
 0002:00015f00       ?fin$0@?0??dllmain_crt_process_attach@@YAHQEAUHINSTANCE__@@QEAX@Z@4HA 0000000180026f00 f   MSVCRTD:dll_dllmain.obj
 0002:00015f20       ?fin$0@?0??dllmain_crt_process_detach@@YAH_N@Z@4HA 0000000180026f20 f   MSVCRTD:dll_dllmain.obj
 0002:00015f3a       ?fin$1@?0??dllmain_crt_process_detach@@YAH_N@Z@4HA 0000000180026f3a f   MSVCRTD:dll_dllmain.obj
 0002:00015f60       ?filt$0@?0??dllmain_dispatch@@YAHQEAUHINSTANCE__@@KQEAX@Z@4HA 0000000180026f60 f   MSVCRTD:dll_dllmain.obj
 0002:00015fc0       ?filt$0@?0??notify_debugger@@YAXAEBUtagEXCEPTION_VISUALCPP_DEBUG_INFO@@@Z@4HA 0000000180026fc0 f   MSVCRTD:error.obj
 0002:00015ff0       __scrt_is_nonwritable_in_current_image$filt$0 0000000180026ff0 f   MSVCRTD:utility.obj
 0003:00000880       ?FindLeastSignificantSetBit@@YA?AUbit_scan_result@@I@Z$rtcName$0 0000000180029880     p5engine.obj
 0003:00000890       ?FindLeastSignificantSetBit@@YA?AUbit_scan_result@@I@Z$rtcVarDesc 0000000180029890     p5engine.obj
 0003:000008d0       ?FindLeastSignificantSetBit@@YA?AUbit_scan_result@@I@Z$rtcFrameData 00000001800298d0     p5engine.obj
 0003:00000900       ?V2@@YA?ATv2@@MM@Z$rtcName$0 0000000180029900     p5engine.obj
 0003:00000910       ?V2@@YA?ATv2@@MM@Z$rtcVarDesc 0000000180029910     p5engine.obj
 0003:00000950       ?V2@@YA?ATv2@@MM@Z$rtcFrameData 0000000180029950     p5engine.obj
 0003:00000980       ?V2i@@YA?ATv2@@HH@Z$rtcName$0 0000000180029980     p5engine.obj
 0003:00000990       ?V2i@@YA?ATv2@@HH@Z$rtcVarDesc 0000000180029990     p5engine.obj
 0003:000009d0       ?V2i@@YA?ATv2@@HH@Z$rtcFrameData 00000001800299d0     p5engine.obj
 0003:00000a00       ??D@YA?ATv2@@MT0@@Z$rtcName$0 0000000180029a00     p5engine.obj
 0003:00000a10       ??D@YA?ATv2@@MT0@@Z$rtcVarDesc 0000000180029a10     p5engine.obj
 0003:00000a50       ??D@YA?ATv2@@MT0@@Z$rtcFrameData 0000000180029a50     p5engine.obj
 0003:00000a80       ??D@YA?ATv2@@T0@M@Z$rtcName$0 0000000180029a80     p5engine.obj
 0003:00000a90       ??D@YA?ATv2@@T0@M@Z$rtcVarDesc 0000000180029a90     p5engine.obj
 0003:00000ad0       ??D@YA?ATv2@@T0@M@Z$rtcFrameData 0000000180029ad0     p5engine.obj
 0003:00000b00       ??H@YA?ATv2@@T0@0@Z$rtcName$0 0000000180029b00     p5engine.obj
 0003:00000b10       ??H@YA?ATv2@@T0@0@Z$rtcVarDesc 0000000180029b10     p5engine.obj
 0003:00000b50       ??H@YA?ATv2@@T0@0@Z$rtcFrameData 0000000180029b50     p5engine.obj
 0003:00000b80       ??G@YA?ATv2@@T0@0@Z$rtcName$0 0000000180029b80     p5engine.obj
 0003:00000b90       ??G@YA?ATv2@@T0@0@Z$rtcVarDesc 0000000180029b90     p5engine.obj
 0003:00000bd0       ??G@YA?ATv2@@T0@0@Z$rtcFrameData 0000000180029bd0     p5engine.obj
 0003:00000c00       ?Clamp01@@YA?ATv2@@T1@@Z$rtcName$0 0000000180029c00     p5engine.obj
 0003:00000c10       ?Clamp01@@YA?ATv2@@T1@@Z$rtcVarDesc 0000000180029c10     p5engine.obj
 0003:00000c50       ?Clamp01@@YA?ATv2@@T1@@Z$rtcFrameData 0000000180029c50     p5engine.obj
 0003:00000c80       ?V3@@YA?ATv3@@MMM@Z$rtcName$0 0000000180029c80     p5engine.obj
 0003:00000c90       ?V3@@YA?ATv3@@MMM@Z$rtcVarDesc 0000000180029c90     p5engine.obj
 0003:00000cd0       ?V3@@YA?ATv3@@MMM@Z$rtcFrameData 0000000180029cd0     p5engine.obj
 0003:00000d00       ??D@YA?ATv3@@MT0@@Z$rtcName$0 0000000180029d00     p5engine.obj
 0003:00000d10       ??D@YA?ATv3@@MT0@@Z$rtcVarDesc 0000000180029d10     p5engine.obj
 0003:00000d50       ??D@YA?ATv3@@MT0@@Z$rtcFrameData 0000000180029d50     p5engine.obj
 0003:00000d80       ??D@YA?ATv3@@T0@M@Z$rtcName$0 0000000180029d80     p5engine.obj
 0003:00000d90       ??D@YA?ATv3@@T0@M@Z$rtcVarDesc 0000000180029d90     p5engine.obj
 0003:00000dd0       ??D@YA?ATv3@@T0@M@Z$rtcFrameData 0000000180029dd0     p5engine.obj
 0003:00000e00       ??H@YA?ATv3@@T0@0@Z$rtcName$0 0000000180029e00     p5engine.obj
 0003:00000e10       ??H@YA?ATv3@@T0@0@Z$rtcVarDesc 0000000180029e10     p5engine.obj
 0003:00000e50       ??H@YA?ATv3@@T0@0@Z$rtcFrameData 0000000180029e50     p5engine.obj
 0003:00000e80       ??G@YA?ATv3@@T0@0@Z$rtcName$0 0000000180029e80     p5engine.obj
 0003:00000e90       ??G@YA?ATv3@@T0@0@Z$rtcVarDesc 0000000180029e90     p5engine.obj
 0003:00000ed0       ??G@YA?ATv3@@T0@0@Z$rtcFrameData 0000000180029ed0     p5engine.obj
 0003:00000f00       ?Hadamard@@YA?ATv3@@T1@0@Z$rtcName$0 0000000180029f00     p5engine.obj
 0003:00000f10       ?Hadamard@@YA?ATv3@@T1@0@Z$rtcVarDesc 0000000180029f10     p5engine.obj
 0003:00000f50       ?Hadamard@@YA?ATv3@@T1@0@Z$rtcFrameData 0000000180029f50     p5engine.obj
 0003:00000f80       ?V4@@YA?ATv4@@MMMM@Z$rtcName$0 0000000180029f80     p5engine.obj
 0003:00000f90       ?V4@@YA?ATv4@@MMMM@Z$rtcVarDesc 0000000180029f90     p5engine.obj
 0003:00000fd0       ?V4@@YA?ATv4@@MMMM@Z$rtcFrameData 0000000180029fd0     p5engine.obj
 0003:00001000       ?RectCenterHalfDim@@YA?AUrectangle2@@Tv2@@0@Z$rtcName$0 000000018002a000     p5engine.obj
 0003:00001010       ?RectCenterHalfDim@@YA?AUrectangle2@@Tv2@@0@Z$rtcVarDesc 000000018002a010     p5engine.obj
 0003:00001050       ?RectCenterHalfDim@@YA?AUrectangle2@@Tv2@@0@Z$rtcFrameData 000000018002a050     p5engine.obj
 0003:00001080       ?RectCenterDim@@YA?AUrectangle2@@Tv2@@0@Z$rtcName$0 000000018002a080     p5engine.obj
 0003:00001090       ?RectCenterDim@@YA?AUrectangle2@@Tv2@@0@Z$rtcVarDesc 000000018002a090     p5engine.obj
 0003:000010d0       ?RectCenterDim@@YA?AUrectangle2@@Tv2@@0@Z$rtcFrameData 000000018002a0d0     p5engine.obj
 0003:00001100       ?GetBarycentric@@YA?ATv2@@Urectangle2@@T1@@Z$rtcName$0 000000018002a100     p5engine.obj
 0003:00001110       ?GetBarycentric@@YA?ATv2@@Urectangle2@@T1@@Z$rtcVarDesc 000000018002a110     p5engine.obj
 0003:00001150       ?GetBarycentric@@YA?ATv2@@Urectangle2@@T1@@Z$rtcFrameData 000000018002a150     p5engine.obj
 0003:00001180       ?GetMinCorner@@YA?ATv3@@Urectangle3@@@Z$rtcName$0 000000018002a180     p5engine.obj
 0003:00001190       ?GetMinCorner@@YA?ATv3@@Urectangle3@@@Z$rtcVarDesc 000000018002a190     p5engine.obj
 0003:000011d0       ?GetMinCorner@@YA?ATv3@@Urectangle3@@@Z$rtcFrameData 000000018002a1d0     p5engine.obj
 0003:00001200       ?GetMaxCorner@@YA?ATv3@@Urectangle3@@@Z$rtcName$0 000000018002a200     p5engine.obj
 0003:00001210       ?GetMaxCorner@@YA?ATv3@@Urectangle3@@@Z$rtcVarDesc 000000018002a210     p5engine.obj
 0003:00001250       ?GetMaxCorner@@YA?ATv3@@Urectangle3@@@Z$rtcFrameData 000000018002a250     p5engine.obj
 0003:00001280       ?RectCenterHalfDim@@YA?AUrectangle3@@Tv3@@0@Z$rtcName$0 000000018002a280     p5engine.obj
 0003:00001290       ?RectCenterHalfDim@@YA?AUrectangle3@@Tv3@@0@Z$rtcVarDesc 000000018002a290     p5engine.obj
 0003:000012d0       ?RectCenterHalfDim@@YA?AUrectangle3@@Tv3@@0@Z$rtcFrameData 000000018002a2d0     p5engine.obj
 0003:00001300       ?AddRadiusTo@@YA?AUrectangle3@@U1@Tv3@@@Z$rtcName$0 000000018002a300     p5engine.obj
 0003:00001310       ?AddRadiusTo@@YA?AUrectangle3@@U1@Tv3@@@Z$rtcVarDesc 000000018002a310     p5engine.obj
 0003:00001350       ?AddRadiusTo@@YA?AUrectangle3@@U1@Tv3@@@Z$rtcFrameData 000000018002a350     p5engine.obj
 0003:00001380       ?RectCenterDim@@YA?AUrectangle3@@Tv3@@0@Z$rtcName$0 000000018002a380     p5engine.obj
 0003:00001390       ?RectCenterDim@@YA?AUrectangle3@@Tv3@@0@Z$rtcVarDesc 000000018002a390     p5engine.obj
 0003:000013d0       ?RectCenterDim@@YA?AUrectangle3@@Tv3@@0@Z$rtcFrameData 000000018002a3d0     p5engine.obj
 0003:00001400       ?GetEntityGroundPoint@@YA?ATv3@@PEAUsim_entity@@@Z$rtcName$0 000000018002a400     p5engine.obj
 0003:00001410       ?GetEntityGroundPoint@@YA?ATv3@@PEAUsim_entity@@@Z$rtcVarDesc 000000018002a410     p5engine.obj
 0003:00001450       ?GetEntityGroundPoint@@YA?ATv3@@PEAUsim_entity@@@Z$rtcFrameData 000000018002a450     p5engine.obj
 0003:00001480       ?GetStairGround@@YAMPEAUsim_entity@@Tv3@@@Z$rtcName$0 000000018002a480     p5engine.obj
 0003:0000148c       ?GetStairGround@@YAMPEAUsim_entity@@Tv3@@@Z$rtcName$1 000000018002a48c     p5engine.obj
 0003:000014a0       ?GetStairGround@@YAMPEAUsim_entity@@Tv3@@@Z$rtcVarDesc 000000018002a4a0     p5engine.obj
 0003:00001520       ?GetStairGround@@YAMPEAUsim_entity@@Tv3@@@Z$rtcFrameData 000000018002a520     p5engine.obj
 0003:00001560       ?NullPosition@@YA?AUworld_position@@XZ$rtcName$0 000000018002a560     p5engine.obj
 0003:00001570       ?NullPosition@@YA?AUworld_position@@XZ$rtcVarDesc 000000018002a570     p5engine.obj
 0003:000015b0       ?NullPosition@@YA?AUworld_position@@XZ$rtcFrameData 000000018002a5b0     p5engine.obj
 0003:000015e0       ?MapIntoChunkSpace@@YA?AUworld_position@@PEAUworld@@U1@Tv3@@@Z$rtcName$0 000000018002a5e0     p5engine.obj
 0003:000015f0       ?MapIntoChunkSpace@@YA?AUworld_position@@PEAUworld@@U1@Tv3@@@Z$rtcVarDesc 000000018002a5f0     p5engine.obj
 0003:00001630       ?MapIntoChunkSpace@@YA?AUworld_position@@PEAUworld@@U1@Tv3@@@Z$rtcFrameData 000000018002a630     p5engine.obj
 0003:00001660       ?ChunkPositionFromTilePosition@@YA?AUworld_position@@PEAUworld@@HHHTv3@@@Z$rtcName$0 000000018002a660     p5engine.obj
 0003:00001668       ?ChunkPositionFromTilePosition@@YA?AUworld_position@@PEAUworld@@HHHTv3@@@Z$rtcName$1 000000018002a668     p5engine.obj
 0003:00001670       ?ChunkPositionFromTilePosition@@YA?AUworld_position@@PEAUworld@@HHHTv3@@@Z$rtcName$2 000000018002a670     p5engine.obj
 0003:00001678       ?ChunkPositionFromTilePosition@@YA?AUworld_position@@PEAUworld@@HHHTv3@@@Z$rtcName$3 000000018002a678     p5engine.obj
 0003:00001680       ?ChunkPositionFromTilePosition@@YA?AUworld_position@@PEAUworld@@HHHTv3@@@Z$rtcVarDesc 000000018002a680     p5engine.obj
 0003:00001780       ?ChunkPositionFromTilePosition@@YA?AUworld_position@@PEAUworld@@HHHTv3@@@Z$rtcFrameData 000000018002a780     p5engine.obj
 0003:000017d0       ?Subtract@@YA?ATv3@@PEAUworld@@PEAUworld_position@@1@Z$rtcName$0 000000018002a7d0     p5engine.obj
 0003:000017d8       ?Subtract@@YA?ATv3@@PEAUworld@@PEAUworld_position@@1@Z$rtcName$1 000000018002a7d8     p5engine.obj
 0003:000017e0       ?Subtract@@YA?ATv3@@PEAUworld@@PEAUworld_position@@1@Z$rtcVarDesc 000000018002a7e0     p5engine.obj
 0003:00001860       ?Subtract@@YA?ATv3@@PEAUworld@@PEAUworld_position@@1@Z$rtcFrameData 000000018002a860     p5engine.obj
 0003:00001890       ?GetSimSpacePos@@YA?ATv3@@PEAUsim_region@@PEAUlow_entity@@@Z$rtcName$0 000000018002a890     p5engine.obj
 0003:000018a0       ?GetSimSpacePos@@YA?ATv3@@PEAUsim_region@@PEAUlow_entity@@@Z$rtcVarDesc 000000018002a8a0     p5engine.obj
 0003:000018e0       ?GetSimSpacePos@@YA?ATv3@@PEAUsim_region@@PEAUlow_entity@@@Z$rtcFrameData 000000018002a8e0     p5engine.obj
 0003:00001910       ?LoadEntityReference@@YAXPEAUgame_state@@PEAUsim_region@@PEATentity_reference@@@Z$rtcName$0 000000018002a910     p5engine.obj
 0003:00001920       ?LoadEntityReference@@YAXPEAUgame_state@@PEAUsim_region@@PEATentity_reference@@@Z$rtcVarDesc 000000018002a920     p5engine.obj
 0003:00001960       ?LoadEntityReference@@YAXPEAUgame_state@@PEAUsim_region@@PEATentity_reference@@@Z$rtcFrameData 000000018002a960     p5engine.obj
 0003:00001990       ?EntityOverlapsRectangle@@YAHTv3@@Usim_entity_collision_volume@@Urectangle3@@@Z$rtcName$0 000000018002a990     p5engine.obj
 0003:000019a0       ?EntityOverlapsRectangle@@YAHTv3@@Usim_entity_collision_volume@@Urectangle3@@@Z$rtcVarDesc 000000018002a9a0     p5engine.obj
 0003:000019e0       ?EntityOverlapsRectangle@@YAHTv3@@Usim_entity_collision_volume@@Urectangle3@@@Z$rtcFrameData 000000018002a9e0     p5engine.obj
 0003:00001a10       ?BeginSim@@YAPEAUsim_region@@PEAUmemory_arena@@PEAUgame_state@@PEAUworld@@Uworld_position@@Urectangle3@@M@Z$rtcName$0 000000018002aa10     p5engine.obj
 0003:00001a20       ?BeginSim@@YAPEAUsim_region@@PEAUmemory_arena@@PEAUgame_state@@PEAUworld@@Uworld_position@@Urectangle3@@M@Z$rtcName$1 000000018002aa20     p5engine.obj
 0003:00001a30       ?BeginSim@@YAPEAUsim_region@@PEAUmemory_arena@@PEAUgame_state@@PEAUworld@@Uworld_position@@Urectangle3@@M@Z$rtcName$2 000000018002aa30     p5engine.obj
 0003:00001a40       ?BeginSim@@YAPEAUsim_region@@PEAUmemory_arena@@PEAUgame_state@@PEAUworld@@Uworld_position@@Urectangle3@@M@Z$rtcVarDesc 000000018002aa40     p5engine.obj
 0003:00001b00       ?BeginSim@@YAPEAUsim_region@@PEAUmemory_arena@@PEAUgame_state@@PEAUworld@@Uworld_position@@Urectangle3@@M@Z$rtcFrameData 000000018002ab00     p5engine.obj
 0003:00001b50       ?EndSim@@YAXPEAUsim_region@@PEAUgame_state@@@Z$rtcName$0 000000018002ab50     p5engine.obj
 0003:00001b58       ?EndSim@@YAXPEAUsim_region@@PEAUgame_state@@@Z$rtcName$1 000000018002ab58     p5engine.obj
 0003:00001b70       ?EndSim@@YAXPEAUsim_region@@PEAUgame_state@@@Z$rtcVarDesc 000000018002ab70     p5engine.obj
 0003:00001bf0       ?EndSim@@YAXPEAUsim_region@@PEAUgame_state@@@Z$rtcFrameData 000000018002abf0     p5engine.obj
 0003:00001c30       ?SpeculativeCollide@@YAHPEAUsim_entity@@0@Z$rtcName$0 000000018002ac30     p5engine.obj
 0003:00001c50       ?SpeculativeCollide@@YAHPEAUsim_entity@@0@Z$rtcVarDesc 000000018002ac50     p5engine.obj
 0003:00001c90       ?SpeculativeCollide@@YAHPEAUsim_entity@@0@Z$rtcFrameData 000000018002ac90     p5engine.obj
 0003:00001cc0       ?EntitiesOverlap@@YAHPEAUsim_entity@@0Tv3@@@Z$rtcName$0 000000018002acc0     p5engine.obj
 0003:00001cd0       ?EntitiesOverlap@@YAHPEAUsim_entity@@0Tv3@@@Z$rtcName$1 000000018002acd0     p5engine.obj
 0003:00001ce0       ?EntitiesOverlap@@YAHPEAUsim_entity@@0Tv3@@@Z$rtcVarDesc 000000018002ace0     p5engine.obj
 0003:00001d60       ?EntitiesOverlap@@YAHPEAUsim_entity@@0Tv3@@@Z$rtcFrameData 000000018002ad60     p5engine.obj
 0003:00001da0       ?MoveEntity@@YAXPEAUgame_state@@PEAUsim_region@@PEAUsim_entity@@MPEAUmove_spec@@Tv3@@@Z$rtcName$0 000000018002ada0     p5engine.obj
 0003:00001da8       ?MoveEntity@@YAXPEAUgame_state@@PEAUsim_region@@PEAUsim_entity@@MPEAUmove_spec@@Tv3@@@Z$rtcName$1 000000018002ada8     p5engine.obj
 0003:00001db4       ?MoveEntity@@YAXPEAUgame_state@@PEAUsim_region@@PEAUsim_entity@@MPEAUmove_spec@@Tv3@@@Z$rtcName$11 000000018002adb4     p5engine.obj
 0003:00001db8       ?MoveEntity@@YAXPEAUgame_state@@PEAUsim_region@@PEAUsim_entity@@MPEAUmove_spec@@Tv3@@@Z$rtcName$2 000000018002adb8     p5engine.obj
 0003:00001dc8       ?MoveEntity@@YAXPEAUgame_state@@PEAUsim_region@@PEAUsim_entity@@MPEAUmove_spec@@Tv3@@@Z$rtcName$3 000000018002adc8     p5engine.obj
 0003:00001dd8       ?MoveEntity@@YAXPEAUgame_state@@PEAUsim_region@@PEAUsim_entity@@MPEAUmove_spec@@Tv3@@@Z$rtcName$4 000000018002add8     p5engine.obj
 0003:00001de8       ?MoveEntity@@YAXPEAUgame_state@@PEAUsim_region@@PEAUsim_entity@@MPEAUmove_spec@@Tv3@@@Z$rtcName$5 000000018002ade8     p5engine.obj
 0003:00001df8       ?MoveEntity@@YAXPEAUgame_state@@PEAUsim_region@@PEAUsim_entity@@MPEAUmove_spec@@Tv3@@@Z$rtcName$6 000000018002adf8     p5engine.obj
 0003:00001e08       ?MoveEntity@@YAXPEAUgame_state@@PEAUsim_region@@PEAUsim_entity@@MPEAUmove_spec@@Tv3@@@Z$rtcName$7 000000018002ae08     p5engine.obj
 0003:00001e18       ?MoveEntity@@YAXPEAUgame_state@@PEAUsim_region@@PEAUsim_entity@@MPEAUmove_spec@@Tv3@@@Z$rtcName$8 000000018002ae18     p5engine.obj
[...]
 0003:00005a08       $unwind$?LoadEntityReference@@YAXPEAUgame_state@@PEAUsim_region@@PEATentity_reference@@@Z 000000018002ea08     p5engine.obj
 0003:00005a24       $unwind$?StoreEntityReference@@YAXPEATentity_reference@@@Z 000000018002ea24     p5engine.obj
 0003:00005a38       $unwind$?AddEntityRaw@@YAPEAUsim_entity@@PEAUgame_state@@PEAUsim_region@@IPEAUlow_entity@@@Z 000000018002ea38     p5engine.obj
 0003:00005a4c       $unwind$?EntityOverlapsRectangle@@YAHTv3@@Usim_entity_collision_volume@@Urectangle3@@@Z 000000018002ea4c     p5engine.obj
 0003:00005a60       $unwind$?BeginSim@@YAPEAUsim_region@@PEAUmemory_arena@@PEAUgame_state@@PEAUworld@@Uworld_position@@Urectangle3@@M@Z 000000018002ea60     p5engine.obj
 0003:00005a7c       $unwind$?EndSim@@YAXPEAUsim_region@@PEAUgame_state@@@Z 000000018002ea7c     p5engine.obj
 0003:00005a98       $unwind$?CanCollide@@YAHPEAUgame_state@@PEAUsim_entity@@1@Z 000000018002ea98     p5engine.obj
 0003:00005aac       $unwind$?HandleCollision@@YAHPEAUgame_state@@PEAUsim_entity@@1@Z 000000018002eaac     p5engine.obj
 0003:00005ac0       $unwind$?CanOverlap@@YAHPEAUgame_state@@PEAUsim_entity@@1@Z 000000018002eac0     p5engine.obj
 0003:00005ad4       $unwind$?HandleOverlap@@YAXPEAUgame_state@@PEAUsim_entity@@1MPEAM@Z 000000018002ead4     p5engine.obj
 0003:00005ae8       $unwind$?SpeculativeCollide@@YAHPEAUsim_entity@@0@Z 000000018002eae8     p5engine.obj
 0003:00005afc       $unwind$?EntitiesOverlap@@YAHPEAUsim_entity@@0Tv3@@@Z 000000018002eafc     p5engine.obj
 0003:00005b10       $unwind$?MoveEntity@@YAXPEAUgame_state@@PEAUsim_region@@PEAUsim_entity@@MPEAUmove_spec@@Tv3@@@Z 000000018002eb10     p5engine.obj
 0003:00005b2c       $unwind$?DefaultMoveSpec@@YA?AUmove_spec@@XZ 000000018002eb2c     p5engine.obj
 0003:00005b48       $unwind$?RandomSeed@@YA?AUrandom_series@@I@Z 000000018002eb48     p5engine.obj
 0003:00005b64       $unwind$?RandomNextUInt32@@YAIPEAUrandom_series@@@Z 000000018002eb64     p5engine.obj
 0003:00005b78       $unwind$?RandomChoice@@YAIPEAUrandom_series@@I@Z 000000018002eb78     p5engine.obj
 0003:00005b8c       $unwind$?RandomUnilateral@@YAMPEAUrandom_series@@@Z 000000018002eb8c     p5engine.obj
 0003:00005ba0       $unwind$?RandomBilateral@@YAMPEAUrandom_series@@@Z 000000018002eba0     p5engine.obj
 0003:00005bb4       $unwind$?GameOutputSound@@YAXPEAUgame_state@@PEAUgame_sound_output_buffer@@H@Z 000000018002ebb4     p5engine.obj
 0003:00005bc8       $unwind$?DrawRectangle@@YAXPEAUloaded_bitmap@@Tv2@@1MMM@Z 000000018002ebc8     p5engine.obj
 0003:00005bdc       $unwind$?DrawBitmap@@YAXPEAUloaded_bitmap@@0MMM@Z 000000018002ebdc     p5engine.obj
 0003:00005bf0       $unwind$?DEBUGLoadBMP@@YA?AUloaded_bitmap@@PEAUthread_context@@P6A?AUdebug_read_file_result@@0PEAD@Z1@Z 000000018002ebf0     p5engine.obj
 0003:00005c0c       $unwind$?AddLowEntity@@YA?AUadd_low_entity_result@@PEAUgame_state@@W4entity_type@@Uworld_position@@@Z 000000018002ec0c     p5engine.obj
 0003:00005c28       $unwind$?AddGroundedEntity@@YA?AUadd_low_entity_result@@PEAUgame_state@@W4entity_type@@Uworld_position@@PEAUsim_entity_collision_volume_group@@@Z 000000018002ec28     p5engine.obj
 0003:00005c3c       $unwind$?AddStandardRoom@@YA?AUadd_low_entity_result@@PEAUgame_state@@III@Z 000000018002ec3c     p5engine.obj
 0003:00005c50       $unwind$?AddWall@@YA?AUadd_low_entity_result@@PEAUgame_state@@III@Z 000000018002ec50     p5engine.obj
 0003:00005c64       $unwind$?AddStairs@@YA?AUadd_low_entity_result@@PEAUgame_state@@III@Z 000000018002ec64     p5engine.obj
 0003:00005c78       $unwind$?InitHitPoints@@YAXPEAUlow_entity@@I@Z 000000018002ec78     p5engine.obj
 0003:00005c8c       $unwind$?AddSword@@YA?AUadd_low_entity_result@@PEAUgame_state@@@Z 000000018002ec8c     p5engine.obj
 0003:00005ca0       $unwind$?AddPlayer@@YA?AUadd_low_entity_result@@PEAUgame_state@@@Z 000000018002eca0     p5engine.obj
 0003:00005cb4       $unwind$?AddMonstar@@YA?AUadd_low_entity_result@@PEAUgame_state@@III@Z 000000018002ecb4     p5engine.obj
 0003:00005cc8       $unwind$?AddFamiliar@@YA?AUadd_low_entity_result@@PEAUgame_state@@III@Z 000000018002ecc8     p5engine.obj
 0003:00005cdc       $unwind$?PushPiece@@YAXPEAUentity_visible_piece_group@@PEAUloaded_bitmap@@Tv2@@2M2Tv4@@M@Z 000000018002ecdc     p5engine.obj
 0003:00005cf0       $unwind$?PushBitmap@@YAXPEAUentity_visible_piece_group@@PEAUloaded_bitmap@@Tv2@@M2MM@Z 000000018002ecf0     p5engine.obj
 0003:00005d04       $unwind$?PushRect@@YAXPEAUentity_visible_piece_group@@Tv2@@M1Tv4@@M@Z 000000018002ed04     p5engine.obj
 0003:00005d18       $unwind$?DrawHitpoints@@YAXPEAUsim_entity@@PEAUentity_visible_piece_group@@@Z 000000018002ed18     p5engine.obj
 0003:00005d34       $unwind$?MakeSimpleGroundedCollision@@YAPEAUsim_entity_collision_volume_group@@PEAUgame_state@@MMM@Z 000000018002ed34     p5engine.obj
 0003:00005d48       $unwind$?MakeNullCollision@@YAPEAUsim_entity_collision_volume_group@@PEAUgame_state@@@Z 000000018002ed48     p5engine.obj
 0003:00005d5c       $unwind$?DrawTestGround@@YAXPEAUgame_state@@PEAUloaded_bitmap@@@Z 000000018002ed5c     p5engine.obj
 0003:00005d78       $unwind$?MakeEmptyBitmap@@YA?AUloaded_bitmap@@PEAUmemory_arena@@HH@Z 000000018002ed78     p5engine.obj
 0003:00005d94       $unwind$GameUpdateAndRender 000000018002ed94     p5engine.obj
 0003:00005db0       $unwind$GameGetSoundSamples 000000018002edb0     p5engine.obj
 0003:00005dc4       $unwind$_RTC_CheckStackVars 000000018002edc4     MSVCRTD:stack.obj
 0003:00005dd8       $chain$0$_RTC_CheckStackVars 000000018002edd8     MSVCRTD:stack.obj
 0003:00005df0       $chain$1$_RTC_CheckStackVars 000000018002edf0     MSVCRTD:stack.obj
 0003:00005e04       $unwind$_RTC_CheckStackVars2 000000018002ee04     MSVCRTD:stack.obj
 0003:00005e14       $chain$1$_RTC_CheckStackVars2 000000018002ee14     MSVCRTD:stack.obj
 0003:00005e30       $chain$2$_RTC_CheckStackVars2 000000018002ee30     MSVCRTD:stack.obj
 0003:00005e48       $chain$3$_RTC_CheckStackVars2 000000018002ee48     MSVCRTD:stack.obj
 0003:00005e60       $chain$4$_RTC_CheckStackVars2 000000018002ee60     MSVCRTD:stack.obj
 0003:00005e74       $chain$5$_RTC_CheckStackVars2 000000018002ee74     MSVCRTD:stack.obj
 0003:00005e88       $chain$6$_RTC_CheckStackVars2 000000018002ee88     MSVCRTD:stack.obj
 0003:00005e9c       $unwind$_RTC_AllocaHelper  000000018002ee9c     MSVCRTD:stack.obj
 0003:00005ea4       $chain$0$_RTC_AllocaHelper 000000018002eea4     MSVCRTD:stack.obj
 0003:00005ebc       $chain$1$_RTC_AllocaHelper 000000018002eebc     MSVCRTD:stack.obj
 0003:00005ed0       $unwind$_RTC_Shutdown      000000018002eed0     MSVCRTD:init.obj
 0003:00005ed8       $unwind$_RTC_InitBase      000000018002eed8     MSVCRTD:init.obj
 0003:00005ee0       $unwind$__CheckForDebuggerJustMyCode 000000018002eee0     MSVCRTD:debugger_jmc.obj
 0003:00005ee8       $unwind$__GSHandlerCheckCommon 000000018002eee8     MSVCRTD:gshandler.obj
 0003:00005ef0       $unwind$__GSHandlerCheck   000000018002eef0     MSVCRTD:gshandler.obj
 0003:00005ef8       $xdatasym                  000000018002eef8     MSVCRTD:chkstk.obj
 0003:00005f00       $xdatasym                  000000018002ef00     MSVCRTD:amdsecgs.obj
 0003:00005f04       $unwind$?dllmain_crt_process_attach@@YAHQEAUHINSTANCE__@@QEAX@Z 000000018002ef04     MSVCRTD:dll_dllmain.obj
 0003:00005f28       $unwind$?fin$0@?0??dllmain_crt_process_attach@@YAHQEAUHINSTANCE__@@QEAX@Z@4HA 000000018002ef28     MSVCRTD:dll_dllmain.obj
 0003:00005f30       $unwind$?dllmain_crt_process_detach@@YAH_N@Z 000000018002ef30     MSVCRTD:dll_dllmain.obj
 0003:00005f64       $unwind$?fin$0@?0??dllmain_crt_process_detach@@YAH_N@Z@4HA 000000018002ef64     MSVCRTD:dll_dllmain.obj
 0003:00005f6c       $unwind$?fin$1@?0??dllmain_crt_process_detach@@YAH_N@Z@4HA 000000018002ef6c     MSVCRTD:dll_dllmain.obj
 0003:00005f74       $unwind$?dllmain_crt_dispatch@@YAHQEAUHINSTANCE__@@KQEAX@Z 000000018002ef74     MSVCRTD:dll_dllmain.obj
 0003:00005f7c       $unwind$_CRT_INIT          000000018002ef7c     MSVCRTD:dll_dllmain.obj
 0003:00005f84       $unwind$?dllmain_raw@@YAHQEAUHINSTANCE__@@KQEAX@Z 000000018002ef84     MSVCRTD:dll_dllmain.obj
 0003:00005f8c       $unwind$?dllmain_dispatch@@YAHQEAUHINSTANCE__@@KQEAX@Z 000000018002ef8c     MSVCRTD:dll_dllmain.obj
 0003:00005fb0       $unwind$?filt$0@?0??dllmain_dispatch@@YAHQEAUHINSTANCE__@@KQEAX@Z@4HA 000000018002efb0     MSVCRTD:dll_dllmain.obj
 0003:00005fb8       $unwind$_DllMainCRTStartup 000000018002efb8     MSVCRTD:dll_dllmain.obj
 0003:00005fc0       $unwind$_RTC_UninitUse     000000018002efc0     MSVCRTD:error.obj
 0003:00005fdc       $unwind$?_RTC_StackFailure@@YAXPEAXPEBD@Z 000000018002efdc     MSVCRTD:error.obj
 0003:00005ffc       $unwind$?_RTC_AllocaFailure@@YAXPEAXPEAU_RTC_ALLOCA_NODE@@H@Z 000000018002effc     MSVCRTD:error.obj
 0003:00006018       $chain$0$?_RTC_AllocaFailure@@YAXPEAXPEAU_RTC_ALLOCA_NODE@@H@Z 000000018002f018     MSVCRTD:error.obj
 0003:00006030       $chain$1$?_RTC_AllocaFailure@@YAXPEAXPEAU_RTC_ALLOCA_NODE@@H@Z 000000018002f030     MSVCRTD:error.obj
 0003:00006044       $unwind$_vsprintf_s_l      000000018002f044     MSVCRTD:error.obj
 0003:0000605c       $unwind$sprintf_s          000000018002f05c     MSVCRTD:error.obj
 0003:00006064       $unwind$?notify_debugger@@YAXAEBUtagEXCEPTION_VISUALCPP_DEBUG_INFO@@@Z 000000018002f064     MSVCRTD:error.obj
 0003:00006088       $unwind$?filt$0@?0??notify_debugger@@YAXAEBUtagEXCEPTION_VISUALCPP_DEBUG_INFO@@@Z@4HA 000000018002f088     MSVCRTD:error.obj
 0003:00006090       $unwind$?DebuggerProbe@@YA_NK@Z 000000018002f090     MSVCRTD:error.obj
 0003:00006098       $unwind$?DebuggerRuntime@@YA_NKHPEAXPEB_W@Z 000000018002f098     MSVCRTD:error.obj
 0003:000060a0       $unwind$?failwithmessage@@YAXPEAXHHPEBD@Z 000000018002f0a0     MSVCRTD:error.obj
 0003:000060c8       $unwind$?_getMemBlockDataString@@YAXPEAD0PEBD_K@Z 000000018002f0c8     MSVCRTD:error.obj
 0003:000060dc       $chain$3$?_getMemBlockDataString@@YAXPEAD0PEBD_K@Z 000000018002f0dc     MSVCRTD:error.obj
 0003:00006100       $chain$4$?_getMemBlockDataString@@YAXPEAD0PEBD_K@Z 000000018002f100     MSVCRTD:error.obj
 0003:00006114       $unwind$__report_securityfailure 000000018002f114     MSVCRTD:gs_report.obj
 0003:0000611c       $unwind$__report_securityfailureEx 000000018002f11c     MSVCRTD:gs_report.obj
 0003:00006124       $unwind$__report_rangecheckfailure 000000018002f124     MSVCRTD:gs_report.obj
 0003:0000612c       $unwind$__report_gsfailure 000000018002f12c     MSVCRTD:gs_report.obj
 0003:00006134       $unwind$capture_current_context 000000018002f134     MSVCRTD:gs_report.obj
 0003:0000613c       $unwind$capture_previous_context 000000018002f13c     MSVCRTD:gs_report.obj
 0003:00006144       $unwind$__raise_securityfailure 000000018002f144     MSVCRTD:gs_report.obj
 0003:0000614c       $unwind$__security_init_cookie 000000018002f14c     MSVCRTD:gs_support.obj
 0003:00006154       $unwind$__get_entropy      000000018002f154     MSVCRTD:gs_support.obj
 0003:0000615c       $unwind$DllMain            000000018002f15c     MSVCRTD:dll_dllmain_stub.obj
 0003:00006164       $unwind$?__scrt_initialize_type_info@@YAXXZ 000000018002f164     MSVCRTD:tncleanup.obj
 0003:0000616c       $unwind$?__scrt_uninitialize_type_info@@YAXXZ 000000018002f16c     MSVCRTD:tncleanup.obj
 0003:00006174       $unwind$__scrt_initialize_default_local_stdio_options 000000018002f174     MSVCRTD:default_local_stdio_options.obj
 0003:0000617c       $unwind$atexit             000000018002f17c     MSVCRTD:utility.obj
 0003:00006184       $unwind$_onexit            000000018002f184     MSVCRTD:utility.obj
 0003:0000618c       $unwind$at_quick_exit      000000018002f18c     MSVCRTD:utility.obj
 0003:00006194       $unwind$__scrt_is_nonwritable_in_current_image 000000018002f194     MSVCRTD:utility.obj
 0003:000061b8       $unwind$__scrt_is_nonwritable_in_current_image$filt$0 000000018002f1b8     MSVCRTD:utility.obj
 0003:000061c0       $unwind$__scrt_acquire_startup_lock 000000018002f1c0     MSVCRTD:utility.obj
 0003:000061c8       $unwind$__scrt_release_startup_lock 000000018002f1c8     MSVCRTD:utility.obj
 0003:000061d0       $unwind$__scrt_initialize_crt 000000018002f1d0     MSVCRTD:utility.obj
 0003:000061d8       $unwind$__scrt_uninitialize_crt 000000018002f1d8     MSVCRTD:utility.obj
 0003:000061e0       $unwind$__scrt_initialize_onexit_tables 000000018002f1e0     MSVCRTD:utility.obj
 0003:000061f0       $unwind$__scrt_dllmain_exception_filter 000000018002f1f0     MSVCRTD:utility.obj
 0003:000061f8       $unwind$__scrt_dllmain_before_initialize_c 000000018002f1f8     MSVCRTD:utility.obj
 0003:00006200       $unwind$__scrt_dllmain_after_initialize_c 000000018002f200     MSVCRTD:utility.obj
 0003:00006208       $unwind$__scrt_dllmain_uninitialize_c 000000018002f208     MSVCRTD:utility.obj
 0003:00006210       $unwind$__scrt_dllmain_uninitialize_critical 000000018002f210     MSVCRTD:utility.obj
 0003:00006218       $unwind$__scrt_dllmain_crt_thread_attach 000000018002f218     MSVCRTD:utility.obj
 0003:00006220       $unwind$__scrt_dllmain_crt_thread_detach 000000018002f220     MSVCRTD:utility.obj
 0003:00006228       $unwind$?configure_argv@__scrt_narrow_argv_policy@@SAHXZ 000000018002f228     MSVCRTD:utility.obj
 0003:00006230       $unwind$?initialize_environment@__scrt_narrow_environment_policy@@SAHXZ 000000018002f230     MSVCRTD:utility.obj
 0003:00006238       $unwind$?is_potentially_valid_image_base@@YA_NQEAX@Z 000000018002f238     MSVCRTD:utility.obj
 0003:00006240       $unwind$?find_pe_section@@YAPEAU_IMAGE_SECTION_HEADER@@QEAE_K@Z 000000018002f240     MSVCRTD:utility.obj
 0003:00006248       $unwind$__scrt_get_show_window_mode 000000018002f248     MSVCRTD:utility_desktop.obj
 0003:00006258       $unwind$__scrt_is_managed_app 000000018002f258     MSVCRTD:utility_desktop.obj
 0003:00006260       $unwind$__scrt_initialize_mta 000000018002f260     MSVCRTD:utility_desktop.obj
 0003:00006268       $unwind$__scrt_set_unhandled_exception_filter 000000018002f268     MSVCRTD:utility_desktop.obj
 0003:00006270       $unwind$__scrt_fastfail    000000018002f270     MSVCRTD:utility_desktop.obj
 0003:00006280       $unwind$__scrt_unhandled_exception_filter 000000018002f280     MSVCRTD:utility_desktop.obj
 0003:00006288       $unwind$_RTC_Initialize    000000018002f288     MSVCRTD:initsect.obj
 0003:00006298       $unwind$_RTC_Terminate     000000018002f298     MSVCRTD:initsect.obj
 0003:000062a8       $unwind$ReadNoFence64      000000018002f2a8     MSVCRTD:guard_support.obj
 0003:000062b0       $unwind$ReadPointerNoFence 000000018002f2b0     MSVCRTD:guard_support.obj
 0003:000062b8       $unwind$_guard_icall_checks_enforced 000000018002f2b8     MSVCRTD:guard_support.obj
 0003:000062c0       $unwind$__castguard_compat_check 000000018002f2c0     MSVCRTD:guard_support.obj
 0003:000062c8       $unwind$__castguard_check_failure_debugbreak 000000018002f2c8     MSVCRTD:guard_support.obj
 0003:000062d0       $unwind$__castguard_check_failure_fastfail 000000018002f2d0     MSVCRTD:guard_support.obj
 0003:000062d8       $unwind$__castguard_check_failure_os_handled 000000018002f2d8     MSVCRTD:guard_support.obj
 0003:000062e0       $unwind$__castguard_slow_path_compat_check 000000018002f2e0     MSVCRTD:guard_support.obj
 0003:000062e8       $unwind$__castguard_slow_path_check_debugbreak 000000018002f2e8     MSVCRTD:guard_support.obj
 0003:000062f0       $unwind$__castguard_slow_path_check_fastfail 000000018002f2f0     MSVCRTD:guard_support.obj
 0003:000062f8       $unwind$__castguard_slow_path_check_os_handled 000000018002f2f8     MSVCRTD:guard_support.obj
 0003:00006300       $unwind$?_RTC_GetSrcLine@@YAHPEAEPEA_WKPEAH1K@Z 000000018002f300     MSVCRTD:pdblkup.obj
 0003:0000631c       $unwind$?GetPdbDllFromInstallPath@@YAPEAUHINSTANCE__@@XZ 000000018002f31c     MSVCRTD:pdblkup.obj
 0003:00006344       $unwind$?GetPdbDllPathFromFilePath@@YAHPEB_WPEA_W_K@Z 000000018002f344     MSVCRTD:pdblkup.obj
 0003:00006360       $unwind$?GetPdbDll@@YAPEAUHINSTANCE__@@XZ 000000018002f360     MSVCRTD:pdblkup.obj
 0003:00006374       $unwind$__isa_available_init 000000018002f374     MSVCRTD:cpu_disp.obj
 0003:00006388       $unwind$__scrt_is_ucrt_dll_in_use 000000018002f388     MSVCRTD:ucrt_detection.obj
 0003:00006390       $xdatasym                  000000018002f390     MSVCRTD:guard_dispatch.obj
 0003:00006398       $xdatasym                  000000018002f398     MSVCRTD:guard_xfg_dispatch.obj
 0003:00006650       .edata                     000000018002f650     P5Engine.exp
 0003:00006678       rgpv                       000000018002f678     P5Engine.exp
 0003:00006680       rgszName                   000000018002f680     P5Engine.exp
 0003:00006688       rgwOrd                     000000018002f688     P5Engine.exp
 0003:0000668c       szName                     000000018002f68c     P5Engine.exp
 0003:00006699       $N00001                    000000018002f699     P5Engine.exp
 0003:000066ad       $N00002                    000000018002f6ad     P5Engine.exp
 0004:00000000       ?RandomNumberTable@@3PAIA  0000000180030000     p5engine.obj
 0004:00004e40       ?init@?1??_RTC_InitBase@@9@4_NA 0000000180034e40     MSVCRTD:init.obj
 0004:00004e44       ?__proc_attached@@3HA      0000000180034e44     MSVCRTD:dll_dllmain.obj
 0004:00004e58       ?_RTC_ErrorReportFunc@@3P6AHHPEBDH00ZZEA 0000000180034e58     MSVCRTD:userapi.obj
 0004:00004e60       ?_RTC_ErrorReportFuncW@@3P6AHHPEB_WH00ZZEA 0000000180034e60     MSVCRTD:userapi.obj
 0004:00004e70       GS_ExceptionRecord         0000000180034e70     MSVCRTD:gs_report.obj
 0004:00004f10       GS_ContextRecord           0000000180034f10     MSVCRTD:gs_report.obj
 0004:00005538       ?is_initialized_as_dll@@3_NA 0000000180035538     MSVCRTD:utility.obj
 0004:00005539       ?module_local_atexit_table_initialized@@3_NA 0000000180035539     MSVCRTD:utility.obj
 0004:00005540       ?module_local_atexit_table@@3U_onexit_table_t@@A 0000000180035540     MSVCRTD:utility.obj
 0004:00005558       ?module_local_at_quick_exit_table@@3U_onexit_table_t@@A 0000000180035558     MSVCRTD:utility.obj
 0004:00005598       ?mspdb@@3PEAUHINSTANCE__@@EA 0000000180035598     MSVCRTD:pdblkup.obj
 0004:000055a1       ?alreadyTried@?1??GetPdbDll@@YAPEAUHINSTANCE__@@XZ@4_NA 00000001800355a1     MSVCRTD:pdblkup.obj
 0004:000055a2       ?PDBOK@?1??_RTC_GetSrcLine@@YAHPEAEPEA_WKPEAH1K@Z@4_NA 00000001800355a2     MSVCRTD:pdblkup.obj
 0006:0000078a       .idata$6                   000000018003978a     vcruntimed:VCRUNTIME140D.dll
 0006:00000932       .idata$6                   0000000180039932     ucrtd:ucrtbased.dll
 0006:00000b74       .idata$6                   0000000180039b74     kernel32:KERNEL32.dll
 0007:00000000       __5C0B09BC_p5engine_platform@h 000000018003a000     p5engine.obj
 0007:00000001       __09340588_corecrt_math@h  000000018003a001     p5engine.obj
 0007:00000002       __B0C4CEA9_malloc@h        000000018003a002     p5engine.obj
 0007:00000003       __3A0418DB_p5engine_intrinsics@h 000000018003a003     p5engine.obj
 0007:00000004       __6D6C9F34_p5engine_math@h 000000018003a004     p5engine.obj
 0007:00000005       __326D9465_p5engine_entity@h 000000018003a005     p5engine.obj
 0007:00000006       __B7D51BCB_p5engine@h      000000018003a006     p5engine.obj
 0007:00000007       __DC0D61CC_p5engine_world@cpp 000000018003a007     p5engine.obj
 0007:00000008       __5DD8E4E4_p5engine_sim_region@cpp 000000018003a008     p5engine.obj
 0007:00000009       __9C871DF9_p5engine_entity@cpp 000000018003a009     p5engine.obj
 0007:0000000a       __74B1E2C0_p5engine_random@h 000000018003a00a     p5engine.obj
 0007:0000000b       __D1049797_p5engine@cpp    000000018003a00b     p5engine.obj
 0009:00000170       $R000000                   000000018003c170     * linker generated manifest res *
