 P5Engine

 Timestamp is 614fe725 (Sat Sep 25 20:21:09 2021)

 Preferred load address is 0000000180000000

 Start         Length     Name                   Class
 0001:00000000 00010000H .textbss                DATA
 0002:00000000 00015750H .text$mn                CODE
 0002:00015750 00001040H .text$mn$00             CODE
 0002:00016790 00001141H .text$x                 CODE
 0003:00000000 00000110H .CRT$XCA                DATA
 0003:00000110 00000110H .CRT$XCZ                DATA
 0003:00000220 00000110H .CRT$XIA                DATA
 0003:00000330 00000110H .CRT$XIZ                DATA
 0003:00000440 00000110H .CRT$XPA                DATA
 0003:00000550 00000110H .CRT$XPZ                DATA
 0003:00000660 00000110H .CRT$XTA                DATA
 0003:00000770 00000110H .CRT$XTZ                DATA
 0003:00000880 00004400H .rdata                  DATA
 0003:00004c80 00000110H .rdata$CastGuardVftablesA DATA
 0003:00004d90 0000010cH .rdata$CastGuardVftablesC DATA
 0003:00004e9c 0000017cH .rdata$zzzdbg           DATA
 0003:00005018 00000110H .rtc$IAA                DATA
 0003:00005128 00000110H .rtc$IMZ                DATA
 0003:00005238 00000110H .rtc$IZZ                DATA
 0003:00005348 00000110H .rtc$TAA                DATA
 0003:00005458 00000110H .rtc$TMZ                DATA
 0003:00005568 00000110H .rtc$TZZ                DATA
 0003:00005678 00001288H .xdata                  DATA
 0003:00006900 00000187H .edata                  DATA
 0004:00000000 00004e40H .data                   DATA
 0004:00004e40 00000788H .bss                    DATA
 0005:00000000 00002700H .pdata                  DATA
 0006:00000000 00000330H .idata$5                DATA
 0006:00000330 0000003cH .idata$2                DATA
 0006:0000036c 00000014H .idata$3                DATA
 0006:00000380 00000330H .idata$4                DATA
 0006:000006b0 0000064dH .idata$6                DATA
 0007:00000000 0000010eH .msvcjmc                DATA
 0008:00000000 00000151H .00cfg                  DATA
 0009:00000000 00000170H .rsrc$01                DATA
 0009:00000170 000001b6H .rsrc$02                DATA

  Address         Publics by Value              Rva+Base               Lib:Object

 0000:00000000       __x64_code_ranges_to_entry_points 0000000000000000     <absolute>
 0000:00000000       __hybrid_auxiliary_iat_copy 0000000000000000     <absolute>
 0000:00000000       __guard_fids_count         0000000000000000     <absolute>
 0000:00000000       __hybrid_auxiliary_iat     0000000000000000     <absolute>
 0000:00000000       __guard_fids_table         0000000000000000     <absolute>
 0000:00000000       __dynamic_value_reloc_table 0000000000000000     <absolute>
 0000:00000000       __guard_longjmp_count      0000000000000000     <absolute>
 0000:00000000       __hybrid_code_map          0000000000000000     <absolute>
 0000:00000000       __guard_iat_count          0000000000000000     <absolute>
 0000:00000000       __guard_check_icall_a64n_fptr 0000000000000000     <absolute>
 0000:00000000       __hybrid_code_map_count    0000000000000000     <absolute>
 0000:00000000       __guard_iat_table          0000000000000000     <absolute>
 0000:00000000       __volatile_metadata        0000000000000000     <absolute>
 0000:00000000       __arm64x_redirection_metadata 0000000000000000     <absolute>
 0000:00000000       __arm64x_extra_rfe_table_size 0000000000000000     <absolute>
 0000:00000000       ___safe_se_handler_count   0000000000000000     <absolute>
 0000:00000000       __guard_longjmp_table      0000000000000000     <absolute>
 0000:00000000       __guard_eh_cont_count      0000000000000000     <absolute>
 0000:00000000       __x64_code_ranges_to_entry_points_count 0000000000000000     <absolute>
 0000:00000000       __arm64x_native_entrypoint 0000000000000000     <absolute>
 0000:00000000       ___safe_se_handler_table   0000000000000000     <absolute>
 0000:00000000       __arm64x_redirection_metadata_count 0000000000000000     <absolute>
 0000:00000000       __arm64x_extra_rfe_table   0000000000000000     <absolute>
 0000:00000000       __enclave_config           0000000000000000     <absolute>
 0000:00000000       __guard_eh_cont_table      0000000000000000     <absolute>
 0000:00000000       __AbsoluteZero             0000000000000000     <absolute>
 0000:00000100       __guard_flags              0000000000000100     <absolute>
 0000:00000000       __ImageBase                0000000180000000     <linker-defined>
 0001:00000000       __enc$textbss$begin        0000000180001000     <linker-defined>
 0001:00010000       __enc$textbss$end          0000000180011000     <linker-defined>
 0002:000009b0       ??D@YA?ATv2@@MT0@@Z        00000001800119b0 f i p5engine.obj
 0002:00000aa0       ??D@YA?ATv3@@MT0@@Z        0000000180011aa0 f i p5engine.obj
 0002:00000be0       ??D@YA?ATv3@@T0@M@Z        0000000180011be0 f i p5engine.obj
 0002:00000ce0       ??G@YA?ATv2@@T0@0@Z        0000000180011ce0 f i p5engine.obj
 0002:00000dd0       ??G@YA?ATv3@@T0@0@Z        0000000180011dd0 f i p5engine.obj
 0002:00000f20       ??H@YA?ATv2@@T0@0@Z        0000000180011f20 f i p5engine.obj
 0002:00001010       ??H@YA?ATv3@@T0@0@Z        0000000180012010 f i p5engine.obj
 0002:00001160       ??X@YAAEATv3@@AEAT0@M@Z    0000000180012160 f i p5engine.obj
 0002:00001220       ??Y@YAAEATv2@@AEAT0@T0@@Z  0000000180012220 f i p5engine.obj
 0002:000012a0       ??Y@YAAEATv3@@AEAT0@T0@@Z  00000001800122a0 f i p5engine.obj
 0002:00001380       ??Z@YAAEATv3@@AEAT0@T0@@Z  0000000180012380 f i p5engine.obj
 0002:00001460       ?AbsoluteValue@@YAMM@Z     0000000180012460 f i p5engine.obj
 0002:00001c60       ?AddFlags@@YAXPEAUsim_entity@@I@Z 0000000180012c60 f i p5engine.obj
 0002:00002420       ?AddRadiusTo@@YA?AUrectangle3@@U1@Tv3@@@Z 0000000180013420 f i p5engine.obj
 0002:00002da0       ?AreInSameChunk@@YAHPEAUworld@@PEAUworld_position@@1@Z 0000000180013da0 f i p5engine.obj
 0002:00003720       ?BeginTemporaryMemory@@YA?AUtemporary_memory@@PEAUmemory_arena@@@Z 0000000180014720 f i p5engine.obj
 0002:00003c80       ?ChangeEntityLocationRaw@@YAXPEAUmemory_arena@@PEAUworld@@IPEAUworld_position@@2@Z 0000000180014c80 f i p5engine.obj
 0002:00004180       ?CheckArena@@YAXPEAUmemory_arena@@@Z 0000000180015180 f i p5engine.obj
 0002:000041e0       ?ChunkPositionFromTilePosition@@YA?AUworld_position@@PEAUworld@@HHHTv3@@@Z 00000001800151e0 f i p5engine.obj
 0002:00004540       ?Clamp01@@YA?ATv2@@T1@@Z   0000000180015540 f i p5engine.obj
 0002:00004620       ?Clamp01@@YAMM@Z           0000000180015620 f i p5engine.obj
 0002:00004680       ?Clamp@@YAMMMM@Z           0000000180015680 f i p5engine.obj
 0002:000048e0       ?ClearFlags@@YAXPEAUsim_entity@@I@Z 00000001800158e0 f i p5engine.obj
 0002:00004ee0       ?DefaultMoveSpec@@YA?AUmove_spec@@XZ 0000000180015ee0 f i p5engine.obj
 0002:00005f50       ?EndTemporaryMemory@@YAXUtemporary_memory@@@Z 0000000180016f50 f i p5engine.obj
 0002:00006430       ?EntityOverlapsRectangle@@YAHTv3@@Usim_entity_collision_volume@@Urectangle3@@@Z 0000000180017430 f i p5engine.obj
 0002:00006b40       ?FindLeastSignificantSetBit@@YA?AUbit_scan_result@@I@Z 0000000180017b40 f i p5engine.obj
 0002:00006d00       ?GetBarycentric@@YA?ATv2@@Urectangle2@@T1@@Z 0000000180017d00 f i p5engine.obj
 0002:00006e40       ?GetEntityGroundPoint@@YA?ATv3@@PEAUsim_entity@@@Z 0000000180017e40 f i p5engine.obj
 0002:00007010       ?GetLowEntity@@YAPEAUlow_entity@@PEAUgame_state@@I@Z 0000000180018010 f i p5engine.obj
 0002:000070b0       ?GetMaxCorner@@YA?ATv3@@Urectangle3@@@Z 00000001800180b0 f i p5engine.obj
 0002:00007170       ?GetMinCorner@@YA?ATv3@@Urectangle3@@@Z 0000000180018170 f i p5engine.obj
 0002:00007230       ?GetSimSpacePos@@YA?ATv3@@PEAUsim_region@@PEAUlow_entity@@@Z 0000000180018230 f i p5engine.obj
 0002:000073b0       ?GetStairGround@@YAMPEAUsim_entity@@Tv3@@@Z 00000001800183b0 f i p5engine.obj
 0002:00007520       ?GetWorldChunk@@YAPEAUworld_chunk@@PEAUworld@@HHHPEAUmemory_arena@@@Z 0000000180018520 f i p5engine.obj
 0002:000077a0       ?Hadamard@@YA?ATv3@@T1@0@Z 00000001800187a0 f i p5engine.obj
 0002:00007af0       ?HasFlag@@YAHPEAUsim_entity@@I@Z 0000000180018af0 f i p5engine.obj
 0002:00007c10       ?InitializeArena@@YAXPEAUmemory_arena@@_KPEAX@Z 0000000180018c10 f i p5engine.obj
 0002:00007e10       ?Inner@@YAMTv3@@0@Z        0000000180018e10 f i p5engine.obj
 0002:00007ec0       ?IsCanonical@@YAHMM@Z      0000000180018ec0 f i p5engine.obj
 0002:00007f90       ?IsCanonical@@YAHPEAUworld@@Tv3@@@Z 0000000180018f90 f i p5engine.obj
 0002:00008070       ?IsInRectangle@@YAHUrectangle3@@Tv3@@@Z 0000000180019070 f i p5engine.obj
 0002:00008190       ?IsValid@@YAHUworld_position@@@Z 0000000180019190 f i p5engine.obj
 0002:00008200       ?Length@@YAMTv3@@@Z        0000000180019200 f i p5engine.obj
 0002:00008280       ?LengthSq@@YAMTv3@@@Z      0000000180019280 f i p5engine.obj
 0002:00008320       ?LoadEntityReference@@YAXPEAUgame_state@@PEAUsim_region@@PEATentity_reference@@@Z 0000000180019320 f i p5engine.obj
 0002:00008610       ?MakeEntityNonSpatial@@YAXPEAUsim_entity@@@Z 0000000180019610 f i p5engine.obj
 0002:000086d0       ?MakeEntitySpatial@@YAXPEAUsim_entity@@Tv3@@1@Z 00000001800196d0 f i p5engine.obj
 0002:00008a30       ?MapIntoChunkSpace@@YA?AUworld_position@@PEAUworld@@U1@Tv3@@@Z 0000000180019a30 f i p5engine.obj
 0002:0000abc0       ?NullPosition@@YA?AUworld_position@@XZ 000000018001bbc0 f i p5engine.obj
 0002:0000aca0       ?PushBitmap@@YAXPEAUentity_visible_piece_group@@PEAUloaded_bitmap@@Tv2@@M2MM@Z 000000018001bca0 f i p5engine.obj
 0002:0000ae40       ?PushPiece@@YAXPEAUentity_visible_piece_group@@PEAUloaded_bitmap@@Tv2@@2M2Tv4@@M@Z 000000018001be40 f i p5engine.obj
 0002:0000b040       ?PushRect@@YAXPEAUentity_visible_piece_group@@Tv2@@M1Tv4@@M@Z 000000018001c040 f i p5engine.obj
 0002:0000b130       ?PushSize_@@YAPEAXPEAUmemory_arena@@_K@Z 000000018001c130 f i p5engine.obj
 0002:0000b1f0       ?RandomChoice@@YAIPEAUrandom_series@@I@Z 000000018001c1f0 f i p5engine.obj
 0002:0000b250       ?RandomNextUInt32@@YAIPEAUrandom_series@@@Z 000000018001c250 f i p5engine.obj
 0002:0000b2f0       ?RandomSeed@@YA?AUrandom_series@@I@Z 000000018001c2f0 f i p5engine.obj
 0002:0000b3c0       ?RandomUnilateral@@YAMPEAUrandom_series@@@Z 000000018001c3c0 f i p5engine.obj
 0002:0000b440       ?RecanonicalizeCoord@@YAXMPEAHPEAM@Z 000000018001c440 f i p5engine.obj
 0002:0000b530       ?RectCenterDim@@YA?AUrectangle2@@Tv2@@0@Z 000000018001c530 f i p5engine.obj
 0002:0000b630       ?RectCenterDim@@YA?AUrectangle3@@Tv3@@0@Z 000000018001c630 f i p5engine.obj
 0002:0000b7a0       ?RectCenterHalfDim@@YA?AUrectangle2@@Tv2@@0@Z 000000018001c7a0 f i p5engine.obj
 0002:0000b8e0       ?RectCenterHalfDim@@YA?AUrectangle3@@Tv3@@0@Z 000000018001c8e0 f i p5engine.obj
 0002:0000baf0       ?RectanglesIntersect@@YAHUrectangle3@@0@Z 000000018001caf0 f i p5engine.obj
 0002:0000bc20       ?RoundReal32ToInt32@@YAHM@Z 000000018001cc20 f i p5engine.obj
 0002:0000bc80       ?RoundReal32ToUInt32@@YAIM@Z 000000018001cc80 f i p5engine.obj
 0002:0000bce0       ?Sin@@YAMM@Z               000000018001cce0 f i p5engine.obj
 0002:0000be90       ?Square@@YAMM@Z            000000018001ce90 f i p5engine.obj
 0002:0000bef0       ?SquareRoot@@YAMM@Z        000000018001cef0 f i p5engine.obj
 0002:0000bf50       ?StoreEntityReference@@YAXPEATentity_reference@@@Z 000000018001cf50 f i p5engine.obj
 0002:0000c2e0       ?V2@@YA?ATv2@@MM@Z         000000018001d2e0 f i p5engine.obj
 0002:0000c3b0       ?V2i@@YA?ATv2@@HH@Z        000000018001d3b0 f i p5engine.obj
 0002:0000c460       ?V3@@YA?ATv3@@MMM@Z        000000018001d460 f i p5engine.obj
 0002:0000c580       ?V4@@YA?ATv4@@MMMM@Z       000000018001d580 f i p5engine.obj
 0002:0000c6b0       ?ZeroSize@@YAX_KPEAX@Z     000000018001d6b0 f i p5engine.obj
 0002:0000c750       GameGetSoundSamples        000000018001d750 f   p5engine.obj
 0002:0000c7c0       GameUpdateAndRender        000000018001d7c0 f   p5engine.obj
 0002:000100f0       GetController              00000001800210f0 f i p5engine.obj
 0002:00010170       __JustMyCode_Default       0000000180021170 f i p5engine.obj
 0002:00010180       _RTC_AllocaHelper          0000000180021180 f   MSVCRTD:stack.obj
 0002:000101d0       _RTC_CheckStackVars        00000001800211d0 f   MSVCRTD:stack.obj
 0002:00010280       _RTC_CheckStackVars2       0000000180021280 f   MSVCRTD:stack.obj
 0002:000103d0       _CRT_RTC_INIT              00000001800213d0 f   MSVCRTD:init.obj
 0002:000103e0       _CRT_RTC_INITW             00000001800213e0 f   MSVCRTD:init.obj
 0002:000103f0       _RTC_InitBase              00000001800213f0 f   MSVCRTD:init.obj
 0002:00010440       _RTC_Shutdown              0000000180021440 f   MSVCRTD:init.obj
 0002:00010470       __CheckForDebuggerJustMyCode 0000000180021470 f   MSVCRTD:debugger_jmc.obj
 0002:000104c0       __GSHandlerCheck           00000001800214c0 f   MSVCRTD:gshandler.obj
 0002:00010510       __GSHandlerCheckCommon     0000000180021510 f   MSVCRTD:gshandler.obj
 0002:00010660       __chkstk                   0000000180021660 f   MSVCRTD:chkstk.obj
 0002:00010660       _alloca_probe              0000000180021660 f   MSVCRTD:chkstk.obj
 0002:000106e0       __security_check_cookie    00000001800216e0 f   MSVCRTD:amdsecgs.obj
 0002:00010c10       _CRT_INIT                  0000000180021c10 f   MSVCRTD:dll_dllmain.obj
 0002:00010c50       _DllMainCRTStartup         0000000180021c50 f   MSVCRTD:dll_dllmain.obj
 0002:00010d50       ?_RTC_AllocaFailure@@YAXPEAXPEAU_RTC_ALLOCA_NODE@@H@Z 0000000180021d50 f   MSVCRTD:error.obj
 0002:00010f00       ?_RTC_Failure@@YAXPEAXH@Z  0000000180021f00 f   MSVCRTD:error.obj
 0002:00010f70       ?_RTC_StackFailure@@YAXPEAXPEBD@Z 0000000180021f70 f   MSVCRTD:error.obj
 0002:000114b0       _RTC_UninitUse             00000001800224b0 f   MSVCRTD:error.obj
 0002:000115b0       __local_stdio_printf_options 00000001800225b0 f i MSVCRTD:error.obj
 0002:000115c0       _vsprintf_s_l              00000001800225c0 f i MSVCRTD:error.obj
 0002:00011640       sprintf_s                  0000000180022640 f i MSVCRTD:error.obj
 0002:00011670       ?_RTC_GetErrorFunc@@YAP6AHHPEBDH00ZZPEBX@Z 0000000180022670 f   MSVCRTD:userapi.obj
 0002:00011680       ?_RTC_GetErrorFuncW@@YAP6AHHPEB_WH00ZZPEBX@Z 0000000180022680 f   MSVCRTD:userapi.obj
 0002:00011690       _RTC_GetErrDesc            0000000180022690 f   MSVCRTD:userapi.obj
 0002:000116b0       _RTC_NumErrors             00000001800226b0 f   MSVCRTD:userapi.obj
 0002:000116c0       _RTC_SetErrorFunc          00000001800226c0 f   MSVCRTD:userapi.obj
 0002:000116e0       _RTC_SetErrorFuncW         00000001800226e0 f   MSVCRTD:userapi.obj
 0002:00011700       _RTC_SetErrorType          0000000180022700 f   MSVCRTD:userapi.obj
 0002:00011730       __raise_securityfailure    0000000180022730 f   MSVCRTD:gs_report.obj
 0002:00011780       __report_gsfailure         0000000180022780 f   MSVCRTD:gs_report.obj
 0002:00011890       __report_rangecheckfailure 0000000180022890 f   MSVCRTD:gs_report.obj
 0002:000118b0       __report_securityfailure   00000001800228b0 f   MSVCRTD:gs_report.obj
 0002:00011980       __report_securityfailureEx 0000000180022980 f   MSVCRTD:gs_report.obj
 0002:00011d70       __security_init_cookie     0000000180022d70 f   MSVCRTD:gs_support.obj
 0002:00011e10       DllMain                    0000000180022e10 f   MSVCRTD:dll_dllmain_stub.obj
 0002:00011e60       ?__scrt_initialize_type_info@@YAXXZ 0000000180022e60 f   MSVCRTD:tncleanup.obj
 0002:00011e80       ?__scrt_uninitialize_type_info@@YAXXZ 0000000180022e80 f   MSVCRTD:tncleanup.obj
 0002:00011ea0       __local_stdio_scanf_options 0000000180022ea0 f i MSVCRTD:default_local_stdio_options.obj
 0002:00011eb0       __scrt_initialize_default_local_stdio_options 0000000180022eb0 f   MSVCRTD:default_local_stdio_options.obj
 0002:00011f10       ?configure_argv@__scrt_narrow_argv_policy@@SAHXZ 0000000180022f10 f i MSVCRTD:utility.obj
 0002:00012030       ?initialize_environment@__scrt_narrow_environment_policy@@SAHXZ 0000000180023030 f i MSVCRTD:utility.obj
 0002:00012100       NtCurrentTeb               0000000180023100 f i MSVCRTD:utility.obj
 0002:00012110       __scrt_acquire_startup_lock 0000000180023110 f   MSVCRTD:utility.obj
 0002:00012190       __scrt_dllmain_after_initialize_c 0000000180023190 f   MSVCRTD:utility.obj
 0002:000121d0       __scrt_dllmain_before_initialize_c 00000001800231d0 f   MSVCRTD:utility.obj
 0002:00012200       __scrt_dllmain_crt_thread_attach 0000000180023200 f   MSVCRTD:utility.obj
 0002:00012240       __scrt_dllmain_crt_thread_detach 0000000180023240 f   MSVCRTD:utility.obj
 0002:00012260       __scrt_dllmain_exception_filter 0000000180023260 f   MSVCRTD:utility.obj
 0002:000122e0       __scrt_dllmain_uninitialize_c 00000001800232e0 f   MSVCRTD:utility.obj
 0002:00012320       __scrt_dllmain_uninitialize_critical 0000000180023320 f   MSVCRTD:utility.obj
 0002:00012340       __scrt_initialize_crt      0000000180023340 f   MSVCRTD:utility.obj
 0002:000123a0       __scrt_initialize_onexit_tables 00000001800233a0 f   MSVCRTD:utility.obj
 0002:000124f0       __scrt_is_nonwritable_in_current_image 00000001800234f0 f   MSVCRTD:utility.obj
 0002:000125a0       __scrt_release_startup_lock 00000001800235a0 f   MSVCRTD:utility.obj
 0002:000125e0       __scrt_uninitialize_crt    00000001800235e0 f   MSVCRTD:utility.obj
 0002:00012630       _onexit                    0000000180023630 f   MSVCRTD:utility.obj
 0002:000126d0       at_quick_exit              00000001800236d0 f   MSVCRTD:utility.obj
 0002:00012730       atexit                     0000000180023730 f   MSVCRTD:utility.obj
 0002:00012770       __scrt_get_dyn_tls_init_callback 0000000180023770 f   MSVCRTD:dyn_tls_init.obj
 0002:00012780       __crt_debugger_hook        0000000180023780 f   MSVCRTD:utility_desktop.obj
 0002:000127a0       __scrt_fastfail            00000001800237a0 f   MSVCRTD:utility_desktop.obj
 0002:000129a0       __scrt_get_show_window_mode 00000001800239a0 f   MSVCRTD:utility_desktop.obj
 0002:00012a10       __scrt_initialize_mta      0000000180023a10 f   MSVCRTD:utility_desktop.obj
 0002:00012a30       __scrt_initialize_winrt    0000000180023a30 f   MSVCRTD:utility_desktop.obj
 0002:00012a40       __scrt_is_managed_app      0000000180023a40 f   MSVCRTD:utility_desktop.obj
 0002:00012b10       __scrt_set_unhandled_exception_filter 0000000180023b10 f   MSVCRTD:utility_desktop.obj
 0002:00012b30       __scrt_stub_for_initialize_mta 0000000180023b30 f   MSVCRTD:utility_desktop.obj
 0002:00012b30       __scrt_exe_initialize_mta  0000000180023b30 f   MSVCRTD:utility_desktop.obj
 0002:00012b40       __scrt_unhandled_exception_filter 0000000180023b40 f   MSVCRTD:utility_desktop.obj
 0002:00012c00       _RTC_Initialize            0000000180023c00 f   MSVCRTD:initsect.obj
 0002:00012c60       _RTC_Terminate             0000000180023c60 f   MSVCRTD:initsect.obj
 0002:00012cc0       _guard_check_icall_nop     0000000180023cc0 f i MSVCRTD:guard_support.obj
 0002:00012cd0       ReadNoFence64              0000000180023cd0 f i MSVCRTD:guard_support.obj
 0002:00012d00       ReadPointerNoFence         0000000180023d00 f i MSVCRTD:guard_support.obj
 0002:00012d20       __castguard_check_failure_debugbreak 0000000180023d20 f i MSVCRTD:guard_support.obj
 0002:00012d50       __castguard_check_failure_fastfail 0000000180023d50 f i MSVCRTD:guard_support.obj
 0002:00012d80       __castguard_check_failure_nop 0000000180023d80 f i MSVCRTD:guard_support.obj
 0002:00012d90       __castguard_check_failure_os_handled 0000000180023d90 f i MSVCRTD:guard_support.obj
 0002:00012e80       __castguard_slow_path_check_debugbreak 0000000180023e80 f i MSVCRTD:guard_support.obj
 0002:00012ed0       __castguard_slow_path_check_fastfail 0000000180023ed0 f i MSVCRTD:guard_support.obj
 0002:00012f30       __castguard_slow_path_check_nop 0000000180023f30 f i MSVCRTD:guard_support.obj
 0002:00012f50       __castguard_slow_path_check_os_handled 0000000180023f50 f i MSVCRTD:guard_support.obj
 0002:00013060       _guard_icall_checks_enforced 0000000180024060 f i MSVCRTD:guard_support.obj
 0002:000130b0       _guard_rf_checks_enforced  00000001800240b0 f i MSVCRTD:guard_support.obj
 0002:00013710       ?_RTC_GetSrcLine@@YAHPEAEPEA_WKPEAH1K@Z 0000000180024710 f   MSVCRTD:pdblkup.obj
 0002:00013bd0       __isa_available_init       0000000180024bd0 f   MSVCRTD:cpu_disp.obj
 0002:00014050       _get_startup_argv_mode     0000000180025050 f   MSVCRTD:argv_mode.obj
 0002:00014060       __scrt_is_ucrt_dll_in_use  0000000180025060 f   MSVCRTD:ucrt_detection.obj
 0002:00014090       __C_specific_handler       0000000180025090 f   vcruntimed:VCRUNTIME140D.dll
 0002:00014096       __C_specific_handler_noexcept 0000000180025096 f   vcruntimed:VCRUNTIME140D.dll
 0002:0001409c       __std_type_info_destroy_list 000000018002509c f   vcruntimed:VCRUNTIME140D.dll
 0002:000140a2       __current_exception        00000001800250a2 f   vcruntimed:VCRUNTIME140D.dll
 0002:000140a8       __current_exception_context 00000001800250a8 f   vcruntimed:VCRUNTIME140D.dll
 0002:000140ae       __vcrt_GetModuleFileNameW  00000001800250ae f   vcruntimed:VCRUNTIME140D.dll
 0002:000140b4       __vcrt_GetModuleHandleW    00000001800250b4 f   vcruntimed:VCRUNTIME140D.dll
 0002:000140ba       __vcrt_LoadLibraryExW      00000001800250ba f   vcruntimed:VCRUNTIME140D.dll
 0002:000140c0       fabs                       00000001800250c0 f   ucrtd:ucrtbased.dll
 0002:000140c6       roundf                     00000001800250c6 f   ucrtd:ucrtbased.dll
 0002:000140cc       sinf                       00000001800250cc f   ucrtd:ucrtbased.dll
 0002:000140d2       sqrtf                      00000001800250d2 f   ucrtd:ucrtbased.dll
 0002:000140d8       _CrtDbgReport              00000001800250d8 f   ucrtd:ucrtbased.dll
 0002:000140de       _CrtDbgReportW             00000001800250de f   ucrtd:ucrtbased.dll
 0002:000140e4       _initterm                  00000001800250e4 f   ucrtd:ucrtbased.dll
 0002:000140ea       _initterm_e                00000001800250ea f   ucrtd:ucrtbased.dll
 0002:000140f0       strcpy_s                   00000001800250f0 f   ucrtd:ucrtbased.dll
 0002:000140f6       strcat_s                   00000001800250f6 f   ucrtd:ucrtbased.dll
 0002:000140fc       __stdio_common_vsprintf_s  00000001800250fc f   ucrtd:ucrtbased.dll
 0002:00014102       _seh_filter_dll            0000000180025102 f   ucrtd:ucrtbased.dll
 0002:00014108       _configure_narrow_argv     0000000180025108 f   ucrtd:ucrtbased.dll
 0002:0001410e       _initialize_narrow_environment 000000018002510e f   ucrtd:ucrtbased.dll
 0002:00014114       _initialize_onexit_table   0000000180025114 f   ucrtd:ucrtbased.dll
 0002:0001411a       _register_onexit_function  000000018002511a f   ucrtd:ucrtbased.dll
 0002:00014120       _execute_onexit_table      0000000180025120 f   ucrtd:ucrtbased.dll
 0002:00014126       _crt_atexit                0000000180025126 f   ucrtd:ucrtbased.dll
 0002:0001412c       _crt_at_quick_exit         000000018002512c f   ucrtd:ucrtbased.dll
 0002:00014132       _cexit                     0000000180025132 f   ucrtd:ucrtbased.dll
 0002:00014138       terminate                  0000000180025138 f   ucrtd:ucrtbased.dll
 0002:0001413e       _wmakepath_s               000000018002513e f   ucrtd:ucrtbased.dll
 0002:00014144       _wsplitpath_s              0000000180025144 f   ucrtd:ucrtbased.dll
 0002:0001414a       wcscpy_s                   000000018002514a f   ucrtd:ucrtbased.dll
 0002:00014150       GetCurrentThreadId         0000000180025150 f   kernel32:KERNEL32.dll
 0002:00014156       IsDebuggerPresent          0000000180025156 f   kernel32:KERNEL32.dll
 0002:0001415c       RaiseException             000000018002515c f   kernel32:KERNEL32.dll
 0002:00014162       MultiByteToWideChar        0000000180025162 f   kernel32:KERNEL32.dll
 0002:00014168       WideCharToMultiByte        0000000180025168 f   kernel32:KERNEL32.dll
 0002:0001416e       RtlCaptureContext          000000018002516e f   kernel32:KERNEL32.dll
 0002:00014174       RtlLookupFunctionEntry     0000000180025174 f   kernel32:KERNEL32.dll
 0002:0001417a       RtlVirtualUnwind           000000018002517a f   kernel32:KERNEL32.dll
 0002:00014180       UnhandledExceptionFilter   0000000180025180 f   kernel32:KERNEL32.dll
 0002:00014186       SetUnhandledExceptionFilter 0000000180025186 f   kernel32:KERNEL32.dll
 0002:0001418c       GetCurrentProcess          000000018002518c f   kernel32:KERNEL32.dll
 0002:00014192       TerminateProcess           0000000180025192 f   kernel32:KERNEL32.dll
 0002:00014198       IsProcessorFeaturePresent  0000000180025198 f   kernel32:KERNEL32.dll
 0002:0001419e       QueryPerformanceCounter    000000018002519e f   kernel32:KERNEL32.dll
 0002:000141a4       GetCurrentProcessId        00000001800251a4 f   kernel32:KERNEL32.dll
 0002:000141aa       GetSystemTimeAsFileTime    00000001800251aa f   kernel32:KERNEL32.dll
 0002:000141b0       DisableThreadLibraryCalls  00000001800251b0 f   kernel32:KERNEL32.dll
 0002:000141b6       InitializeSListHead        00000001800251b6 f   kernel32:KERNEL32.dll
 0002:000141bc       GetStartupInfoW            00000001800251bc f   kernel32:KERNEL32.dll
 0002:000141c2       GetModuleHandleW           00000001800251c2 f   kernel32:KERNEL32.dll
 0002:000141c8       GetLastError               00000001800251c8 f   kernel32:KERNEL32.dll
 0002:000141ce       HeapAlloc                  00000001800251ce f   kernel32:KERNEL32.dll
 0002:000141d4       HeapFree                   00000001800251d4 f   kernel32:KERNEL32.dll
 0002:000141da       GetProcessHeap             00000001800251da f   kernel32:KERNEL32.dll
 0002:000141e0       VirtualQuery               00000001800251e0 f   kernel32:KERNEL32.dll
 0002:000141e6       FreeLibrary                00000001800251e6 f   kernel32:KERNEL32.dll
 0002:000141ec       GetProcAddress             00000001800251ec f   kernel32:KERNEL32.dll
 0002:00014200       __vcrt_initialize          0000000180025200 f   MSVCRTD:ucrt_stubs.obj
 0002:00014200       __scrt_stub_for_acrt_initialize 0000000180025200 f   MSVCRTD:ucrt_stubs.obj
 0002:00014200       __acrt_initialize          0000000180025200 f   MSVCRTD:ucrt_stubs.obj
 0002:00014210       __vcrt_thread_attach       0000000180025210 f   MSVCRTD:ucrt_stubs.obj
 0002:00014210       __acrt_thread_attach       0000000180025210 f   MSVCRTD:ucrt_stubs.obj
 0002:00014210       __scrt_stub_for_acrt_thread_attach 0000000180025210 f   MSVCRTD:ucrt_stubs.obj
 0002:00014220       __vcrt_thread_detach       0000000180025220 f   MSVCRTD:ucrt_stubs.obj
 0002:00014220       __scrt_stub_for_acrt_thread_detach 0000000180025220 f   MSVCRTD:ucrt_stubs.obj
 0002:00014220       __acrt_thread_detach       0000000180025220 f   MSVCRTD:ucrt_stubs.obj
 0002:00014230       __acrt_uninitialize        0000000180025230 f   MSVCRTD:ucrt_stubs.obj
 0002:00014230       __scrt_stub_for_acrt_uninitialize 0000000180025230 f   MSVCRTD:ucrt_stubs.obj
 0002:00014230       __vcrt_uninitialize        0000000180025230 f   MSVCRTD:ucrt_stubs.obj
 0002:00014240       __vcrt_uninitialize_critical 0000000180025240 f   MSVCRTD:ucrt_stubs.obj
 0002:00014240       __scrt_stub_for_acrt_uninitialize_critical 0000000180025240 f   MSVCRTD:ucrt_stubs.obj
 0002:00014240       __acrt_uninitialize_critical 0000000180025240 f   MSVCRTD:ucrt_stubs.obj
 0002:00014250       __scrt_stub_for_is_c_termination_complete 0000000180025250 f   MSVCRTD:ucrt_stubs.obj
 0002:00014250       _is_c_termination_complete 0000000180025250 f   MSVCRTD:ucrt_stubs.obj
 0002:00015760       _guard_dispatch_icall_nop  0000000180026760 f   MSVCRTD:guard_dispatch.obj
 0002:00015780       _guard_xfg_dispatch_icall_nop 0000000180026780 f   MSVCRTD:guard_xfg_dispatch.obj
 0003:00000000       __xc_a                     0000000180029000     MSVCRTD:initializers.obj
 0003:00000110       __xc_z                     0000000180029110     MSVCRTD:initializers.obj
 0003:00000220       __xi_a                     0000000180029220     MSVCRTD:initializers.obj
 0003:00000330       __xi_z                     0000000180029330     MSVCRTD:initializers.obj
 0003:00000440       __xp_a                     0000000180029440     MSVCRTD:initializers.obj
 0003:00000550       __xp_z                     0000000180029550     MSVCRTD:initializers.obj
 0003:00000660       __xt_a                     0000000180029660     MSVCRTD:initializers.obj
 0003:00000770       __xt_z                     0000000180029770     MSVCRTD:initializers.obj
 0003:00003ab8       ??_C@_0BA@NMEIMCEK@InvalidCodePath@ 000000018002cab8     p5engine.obj
 0003:00003ad0       ??_C@_0BJ@GOOPBPNK@P5Engine?1data?1grass1?4bmp@ 000000018002cad0     p5engine.obj
 0003:00003af0       ??_C@_0BI@GAHHFIBN@P5Engine?1data?1soil1?4bmp@ 000000018002caf0     p5engine.obj
 0003:00003b10       ??_C@_0BI@OGODCKLD@P5Engine?1data?1soil2?4bmp@ 000000018002cb10     p5engine.obj
 0003:00003b30       ??_C@_0BI@CNLPPJBG@P5Engine?1data?1soil3?4bmp@ 000000018002cb30     p5engine.obj
 0003:00003b50       ??_C@_0BI@DGFEELIO@P5Engine?1data?1tuft1?4bmp@ 000000018002cb50     p5engine.obj
 0003:00003b70       ??_C@_0BI@LAMADJCA@P5Engine?1data?1tuft2?4bmp@ 000000018002cb70     p5engine.obj
 0003:00003b90       ??_C@_0BF@HOIOEMCL@P5Engine?1data?1bg?4bmp@ 000000018002cb90     p5engine.obj
 0003:00003bb0       ??_C@_0BJ@EPENJOEL@P5Engine?1data?1shadow?4bmp@ 000000018002cbb0     p5engine.obj
 0003:00003bd0       ??_C@_0BJ@HEECFFOE@P5Engine?1data?1stairs?4bmp@ 000000018002cbd0     p5engine.obj
 0003:00003bf0       ??_C@_0BH@DDOBAHNL@P5Engine?1data?1tree?4bmp@ 000000018002cbf0     p5engine.obj
 0003:00003c10       ??_C@_0BI@EPGPCLAL@P5Engine?1data?1enemy?4bmp@ 000000018002cc10     p5engine.obj
 0003:00003c30       ??_C@_0BG@IEBKPHGI@P5Engine?1data?1orb?4bmp@ 000000018002cc30     p5engine.obj
 0003:00003c50       ??_C@_0BP@CIDLMIJA@P5Engine?1data?1char?9right?90?4bmp@ 000000018002cc50     p5engine.obj
 0003:00003c78       ??_C@_0BO@PEBAPFLC@P5Engine?1data?1char?9back?90?4bmp@ 000000018002cc78     p5engine.obj
 0003:00003ca0       ??_C@_0BO@EAIBBIAG@P5Engine?1data?1char?9left?90?4bmp@ 000000018002cca0     p5engine.obj
 0003:00003cc8       ??_C@_0BP@MKDPGEOC@P5Engine?1data?1char?9front?90?4bmp@ 000000018002ccc8     p5engine.obj
 0003:00003cf0       ??_C@_0BO@KNNOBFKI@P5Engine?1data?1sword?9right?4bmp@ 000000018002ccf0     p5engine.obj
 0003:00003d18       ??_C@_0BN@LDDHILOB@P5Engine?1data?1sword?9back?4bmp@ 000000018002cd18     p5engine.obj
 0003:00003d40       ??_C@_0BN@FPAHMBGA@P5Engine?1data?1sword?9left?4bmp@ 000000018002cd40     p5engine.obj
 0003:00003d68       ??_C@_0BO@BNDLMGBJ@P5Engine?1data?1sword?9front?4bmp@ 000000018002cd68     p5engine.obj
 0003:00003d8c       __real@00000000            000000018002cd8c     p5engine.obj
 0003:00003d90       __real@308992b1            000000018002cd90     p5engine.obj
 0003:00003d94       __real@3a83126f            000000018002cd94     p5engine.obj
 0003:00003d98       __real@3c23d70a            000000018002cd98     p5engine.obj
 0003:00003d9c       __real@3dcccccd            000000018002cd9c     p5engine.obj
 0003:00003da0       __real@3e4ccccd            000000018002cda0     p5engine.obj
 0003:00003da4       __real@3e800000            000000018002cda4     p5engine.obj
 0003:00003da8       __real@3f000000            000000018002cda8     p5engine.obj
 0003:00003dac       __real@3f666666            000000018002cdac     p5engine.obj
 0003:00003db0       __real@3f800000            000000018002cdb0     p5engine.obj
 0003:00003db4       __real@3f8ccccd            000000018002cdb4     p5engine.obj
 0003:00003db8       __real@3f99999a            000000018002cdb8     p5engine.obj
 0003:00003dbc       __real@3fb33333            000000018002cdbc     p5engine.obj
 0003:00003dc0       __real@3fc00000            000000018002cdc0     p5engine.obj
 0003:00003dc4       __real@40000000            000000018002cdc4     p5engine.obj
 0003:00003dc8       __real@400ccccd            000000018002cdc8     p5engine.obj
 0003:00003dcc       __real@40400000            000000018002cdcc     p5engine.obj
 0003:00003dd0       __real@40a00000            000000018002cdd0     p5engine.obj
 0003:00003dd4       __real@40c00000            000000018002cdd4     p5engine.obj
 0003:00003dd8       __real@40c90fdb            000000018002cdd8     p5engine.obj
 0003:00003ddc       __real@41200000            000000018002cddc     p5engine.obj
 0003:00003de0       __real@41800000            000000018002cde0     p5engine.obj
 0003:00003de4       __real@41880000            000000018002cde4     p5engine.obj
 0003:00003de8       __real@41a00000            000000018002cde8     p5engine.obj
 0003:00003dec       __real@41c00000            000000018002cdec     p5engine.obj
 0003:00003df0       __real@41f00000            000000018002cdf0     p5engine.obj
 0003:00003df4       __real@42000000            000000018002cdf4     p5engine.obj
 0003:00003df8       __real@42340000            000000018002cdf8     p5engine.obj
 0003:00003dfc       __real@42600000            000000018002cdfc     p5engine.obj
 0003:00003e00       __real@42800000            000000018002ce00     p5engine.obj
 0003:00003e04       __real@42960000            000000018002ce04     p5engine.obj
 0003:00003e08       __real@437f0000            000000018002ce08     p5engine.obj
 0003:00003e0c       __real@461c4000            000000018002ce0c     p5engine.obj
 0003:00003e10       __real@47c35000            000000018002ce10     p5engine.obj
 0003:00003e14       __real@becccccd            000000018002ce14     p5engine.obj
 0003:00003e18       __real@bf000000            000000018002ce18     p5engine.obj
 0003:00003e1c       __real@bf800000            000000018002ce1c     p5engine.obj
 0003:00003e20       __real@c11ccccd            000000018002ce20     p5engine.obj
 0003:00003e30       __xmm@80000000800000008000000080000000 000000018002ce30     p5engine.obj
 0003:00003e48       _pRawDllMain               000000018002ce48     MSVCRTD:dll_dllmain.obj
 0003:00003e48       _pDefaultRawDllMain        000000018002ce48     MSVCRTD:dll_dllmain.obj
 0003:00003f40       ??_C@_0NN@JMPELKLB@The?5value?5of?5ESP?5was?5not?5proper@ 000000018002cf40     MSVCRTD:error.obj
 0003:00004050       ??_C@_0BBN@ELNNILBE@A?5cast?5to?5a?5smaller?5data?5type?5h@ 000000018002d050     MSVCRTD:error.obj
 0003:000041a8       ??_C@_0BN@BPOGFMJL@Stack?5memory?5was?5corrupted?$AN?6@ 000000018002d1a8     MSVCRTD:error.obj
 0003:000041d0       ??_C@_0DG@DAJCDLPN@A?5local?5variable?5was?5used?5befor@ 000000018002d1d0     MSVCRTD:error.obj
 0003:00004210       ??_C@_0CM@JMIDGKLA@Stack?5memory?5around?5_alloca?5was@ 000000018002d210     MSVCRTD:error.obj
 0003:00004248       ??_C@_0BO@CHIONIOI@Unknown?5Runtime?5Check?5Error?$AN?6@ 000000018002d248     MSVCRTD:error.obj
 0003:00004270       ??_C@_1GM@CNOOJIHC@?$AAR?$AAu?$AAn?$AAt?$AAi?$AAm?$AAe?$AA?5?$AAC?$AAh?$AAe?$AAc?$AAk?$AA?5?$AAE@ 000000018002d270     MSVCRTD:error.obj
 0003:00004300       ??_C@_1EA@NFKNIFJP@?$AAR?$AAu?$AAn?$AA?9?$AAT?$AAi?$AAm?$AAe?$AA?5?$AAC?$AAh?$AAe?$AAc?$AAk?$AA?5@ 000000018002d300     MSVCRTD:error.obj
 0003:00004350       ??_C@_0BB@PFFGGCJP@Unknown?5Filename@ 000000018002d350     MSVCRTD:error.obj
 0003:00004368       ??_C@_0BE@GNBOBNCK@Unknown?5Module?5Name@ 000000018002d368     MSVCRTD:error.obj
 0003:00004380       ??_C@_0CA@IODNCDPG@Run?9Time?5Check?5Failure?5?$CD?$CFd?5?9?5?$CFs@ 000000018002d380     MSVCRTD:error.obj
 0003:000043a8       ??_C@_0CG@IAFNJNEE@Stack?5corrupted?5near?5unknown?5va@ 000000018002d3a8     MSVCRTD:error.obj
 0003:000043d8       ??_C@_05MKKEDADM@?$CF?42X?5@ 000000018002d3d8     MSVCRTD:error.obj
 0003:000043e0       ??_C@_0EJ@LJKNEOLN@Stack?5area?5around?5_alloca?5memor@ 000000018002d3e0     MSVCRTD:error.obj
 0003:00004438       ??_C@_01EEMJAFIK@?6@       000000018002d438     MSVCRTD:error.obj
 0003:0000443c       ??_C@_02LLMPMKNF@?$DO?5@   000000018002d43c     MSVCRTD:error.obj
 0003:00004440       ??_C@_08OMAHNMHJ@?6Data?3?5?$DM@ 000000018002d440     MSVCRTD:error.obj
 0003:00004450       ??_C@_0CK@DKGBICFE@?6Allocation?5number?5within?5this?5@ 000000018002d450     MSVCRTD:error.obj
 0003:00004488       ??_C@_07DFDJCKFN@?6Size?3?5@ 000000018002d488     MSVCRTD:error.obj
 0003:00004498       ??_C@_0N@MHFFIMFG@?6Address?3?50x@ 000000018002d498     MSVCRTD:error.obj
 0003:000044b0       ??_C@_0EI@CLEPFNGI@Stack?5area?5around?5_alloca?5memor@ 000000018002d4b0     MSVCRTD:error.obj
 0003:00004508       ??_C@_0BK@ODNDAGKB@?$CFs?$CFs?$CFp?$CFs?$CFzd?$CFs?$CFd?$CFs?$CFs?$CFs?$CFs?$CFs@ 000000018002d508     MSVCRTD:error.obj
 0003:00004528       ??_C@_0DE@OHJBPMBP@A?5variable?5is?5being?5used?5withou@ 000000018002d528     MSVCRTD:error.obj
 0003:00004598       ??_C@_0BJ@HEGAHDFO@Stack?5pointer?5corruption@ 000000018002d598     MSVCRTD:userapi.obj
 0003:000045b8       ??_C@_0CK@FEGOIOPB@Cast?5to?5smaller?5type?5causing?5lo@ 000000018002d5b8     MSVCRTD:userapi.obj
 0003:000045f0       ??_C@_0BI@CIGMDCBH@Stack?5memory?5corruption@ 000000018002d5f0     MSVCRTD:userapi.obj
 0003:00004610       ??_C@_0CK@CNLNOEPB@Local?5variable?5used?5before?5init@ 000000018002d610     MSVCRTD:userapi.obj
 0003:00004648       ??_C@_0BP@OGBCLIBO@Stack?5around?5_alloca?5corrupted@ 000000018002d648     MSVCRTD:userapi.obj
 0003:000046f0       ??_C@_1EI@MLPKHBGE@?$AAa?$AAp?$AAi?$AA?9?$AAm?$AAs?$AA?9?$AAw?$AAi?$AAn?$AA?9?$AAc?$AAo?$AAr?$AAe@ 000000018002d6f0     MSVCRTD:pdblkup.obj
 0003:00004748       ??_C@_1BK@JHLNAEJL@?$AAa?$AAd?$AAv?$AAa?$AAp?$AAi?$AA3?$AA2?$AA?4?$AAd?$AAl?$AAl@ 000000018002d748     MSVCRTD:pdblkup.obj
 0003:00004768       ??_C@_0O@COHOBMLB@RegOpenKeyExW@ 000000018002d768     MSVCRTD:pdblkup.obj
 0003:00004778       ??_C@_0BB@GLNAEDBD@RegQueryValueExW@ 000000018002d778     MSVCRTD:pdblkup.obj
 0003:00004790       ??_C@_0M@HLOHPNFA@RegCloseKey@ 000000018002d790     MSVCRTD:pdblkup.obj
 0003:000047a0       ??_C@_1HE@EBEAGLFB@?$AAS?$AAO?$AAF?$AAT?$AAW?$AAA?$AAR?$AAE?$AA?2?$AAW?$AAo?$AAw?$AA6?$AA4?$AA3@ 000000018002d7a0     MSVCRTD:pdblkup.obj
 0003:00004830       ??_C@_1BG@EABPBLLF@?$AAP?$AAr?$AAo?$AAd?$AAu?$AAc?$AAt?$AAD?$AAi?$AAr@ 000000018002d830     MSVCRTD:pdblkup.obj
 0003:00004878       ??_C@_1BC@JINFINNJ@?$AAM?$AAS?$AAP?$AAD?$AAB?$AA1?$AA4?$AA0@ 000000018002d878     MSVCRTD:pdblkup.obj
 0003:00004890       ??_C@_0BB@KCIACLNC@PDBOpenValidate5@ 000000018002d890     MSVCRTD:pdblkup.obj
 0003:000048a4       ??_C@_01KDCPPGHE@r@        000000018002d8a4     MSVCRTD:pdblkup.obj
 0003:000048e0       _load_config_used          000000018002d8e0     MSVCRTD:loadcfg.obj
 0003:00004c80       __CastGuardVftablesStart   000000018002dc80     MSVCRTD:guard_support.obj
 0003:00004d90       __CastGuardVftablesEnd     000000018002dd90     MSVCRTD:guard_support.obj
 0003:00005018       __rtc_iaa                  000000018002e018     MSVCRTD:initsect.obj
 0003:00005238       __rtc_izz                  000000018002e238     MSVCRTD:initsect.obj
 0003:00005348       __rtc_taa                  000000018002e348     MSVCRTD:initsect.obj
 0003:00005568       __rtc_tzz                  000000018002e568     MSVCRTD:initsect.obj
 0004:00004cd0       __security_cookie_complement 0000000180034cd0     MSVCRTD:gs_cookie.obj
 0004:00004cd8       __security_cookie          0000000180034cd8     MSVCRTD:gs_cookie.obj
 0004:00004ce4       _fltused                   0000000180034ce4     MSVCRTD:fltused.obj
 0004:00004ce8       ?_RTC_ErrorLevels@@3PAHA   0000000180034ce8     MSVCRTD:error.obj
 0004:00004d00       __scrt_native_dllmain_reason 0000000180034d00     MSVCRTD:utility.obj
 0004:00004d08       __isa_available            0000000180034d08     MSVCRTD:cpu_disp.obj
 0004:00004d0c       __isa_enabled              0000000180034d0c     MSVCRTD:cpu_disp.obj
 0004:00004d10       __memcpy_nt_iters          0000000180034d10     MSVCRTD:cpu_disp.obj
 0004:00004d18       __memset_nt_iters          0000000180034d18     MSVCRTD:cpu_disp.obj
 0004:00004d30       __scrt_ucrt_dll_is_in_use  0000000180034d30     MSVCRTD:ucrt_stubs.obj
 0004:00004e48       ?_OptionsStorage@?1??__local_stdio_printf_options@@9@4_KA 0000000180034e48     MSVCRTD:error.obj
 0004:00005500       ?__type_info_root_node@@3U__type_info_node@@A 0000000180035500     MSVCRTD:tncleanup.obj
 0004:00005518       ?_OptionsStorage@?1??__local_stdio_scanf_options@@9@4_KA 0000000180035518     MSVCRTD:default_local_stdio_options.obj
 0004:00005528       __scrt_current_native_startup_state 0000000180035528     MSVCRTD:utility.obj
 0004:00005530       __scrt_native_startup_lock 0000000180035530     MSVCRTD:utility.obj
 0004:00005580       __scrt_debugger_hook_flag  0000000180035580     MSVCRTD:utility_desktop.obj
 0004:00005588       __castguard_check_failure_os_handled_fptr 0000000180035588     MSVCRTD:guard_support.obj
 0004:000055a4       __favor                    00000001800355a4     MSVCRTD:cpu_disp.obj
 0004:000055a8       __dyn_tls_init_callback    00000001800355a8     <common>
 0004:000055bc       __DebuggerCurrentSteppingThreadId 00000001800355bc     <common>
 0006:00000000       __imp_DisableThreadLibraryCalls 0000000180039000     kernel32:KERNEL32.dll
 0006:00000008       __imp_GetCurrentThreadId   0000000180039008     kernel32:KERNEL32.dll
 0006:00000010       __imp_RaiseException       0000000180039010     kernel32:KERNEL32.dll
 0006:00000018       __imp_MultiByteToWideChar  0000000180039018     kernel32:KERNEL32.dll
 0006:00000020       __imp_WideCharToMultiByte  0000000180039020     kernel32:KERNEL32.dll
 0006:00000028       __imp_RtlCaptureContext    0000000180039028     kernel32:KERNEL32.dll
 0006:00000030       __imp_RtlLookupFunctionEntry 0000000180039030     kernel32:KERNEL32.dll
 0006:00000038       __imp_RtlVirtualUnwind     0000000180039038     kernel32:KERNEL32.dll
 0006:00000040       __imp_GetProcAddress       0000000180039040     kernel32:KERNEL32.dll
 0006:00000048       __imp_FreeLibrary          0000000180039048     kernel32:KERNEL32.dll
 0006:00000050       __imp_VirtualQuery         0000000180039050     kernel32:KERNEL32.dll
 0006:00000058       __imp_GetProcessHeap       0000000180039058     kernel32:KERNEL32.dll
 0006:00000060       __imp_HeapFree             0000000180039060     kernel32:KERNEL32.dll
 0006:00000068       __imp_HeapAlloc            0000000180039068     kernel32:KERNEL32.dll
 0006:00000070       __imp_GetLastError         0000000180039070     kernel32:KERNEL32.dll
 0006:00000078       __imp_GetModuleHandleW     0000000180039078     kernel32:KERNEL32.dll
 0006:00000080       __imp_GetStartupInfoW      0000000180039080     kernel32:KERNEL32.dll
 0006:00000088       __imp_InitializeSListHead  0000000180039088     kernel32:KERNEL32.dll
 0006:00000090       __imp_IsDebuggerPresent    0000000180039090     kernel32:KERNEL32.dll
 0006:00000098       __imp_GetSystemTimeAsFileTime 0000000180039098     kernel32:KERNEL32.dll
 0006:000000a0       __imp_GetCurrentProcessId  00000001800390a0     kernel32:KERNEL32.dll
 0006:000000a8       __imp_QueryPerformanceCounter 00000001800390a8     kernel32:KERNEL32.dll
 0006:000000b0       __imp_IsProcessorFeaturePresent 00000001800390b0     kernel32:KERNEL32.dll
 0006:000000b8       __imp_TerminateProcess     00000001800390b8     kernel32:KERNEL32.dll
 0006:000000c0       __imp_GetCurrentProcess    00000001800390c0     kernel32:KERNEL32.dll
 0006:000000c8       __imp_SetUnhandledExceptionFilter 00000001800390c8     kernel32:KERNEL32.dll
 0006:000000d0       __imp_UnhandledExceptionFilter 00000001800390d0     kernel32:KERNEL32.dll
 0006:000000d8       \177KERNEL32_NULL_THUNK_DATA 00000001800390d8     kernel32:KERNEL32.dll
 0006:00000158       __imp___vcrt_GetModuleHandleW 0000000180039158     vcruntimed:VCRUNTIME140D.dll
 0006:00000160       __imp___vcrt_GetModuleFileNameW 0000000180039160     vcruntimed:VCRUNTIME140D.dll
 0006:00000168       __imp___current_exception_context 0000000180039168     vcruntimed:VCRUNTIME140D.dll
 0006:00000170       __imp___C_specific_handler 0000000180039170     vcruntimed:VCRUNTIME140D.dll
 0006:00000178       __imp___current_exception  0000000180039178     vcruntimed:VCRUNTIME140D.dll
 0006:00000180       __imp___std_type_info_destroy_list 0000000180039180     vcruntimed:VCRUNTIME140D.dll
 0006:00000188       __imp___C_specific_handler_noexcept 0000000180039188     vcruntimed:VCRUNTIME140D.dll
 0006:00000190       __imp___vcrt_LoadLibraryExW 0000000180039190     vcruntimed:VCRUNTIME140D.dll
 0006:00000198       \177VCRUNTIME140D_NULL_THUNK_DATA 0000000180039198     vcruntimed:VCRUNTIME140D.dll
 0006:000001f8       __imp_wcscpy_s             00000001800391f8     ucrtd:ucrtbased.dll
 0006:00000200       __imp__wmakepath_s         0000000180039200     ucrtd:ucrtbased.dll
 0006:00000208       __imp_terminate            0000000180039208     ucrtd:ucrtbased.dll
 0006:00000210       __imp__cexit               0000000180039210     ucrtd:ucrtbased.dll
 0006:00000218       __imp__crt_at_quick_exit   0000000180039218     ucrtd:ucrtbased.dll
 0006:00000220       __imp__crt_atexit          0000000180039220     ucrtd:ucrtbased.dll
 0006:00000228       __imp__execute_onexit_table 0000000180039228     ucrtd:ucrtbased.dll
 0006:00000230       __imp__register_onexit_function 0000000180039230     ucrtd:ucrtbased.dll
 0006:00000238       __imp__initialize_onexit_table 0000000180039238     ucrtd:ucrtbased.dll
 0006:00000240       __imp__initialize_narrow_environment 0000000180039240     ucrtd:ucrtbased.dll
 0006:00000248       __imp__configure_narrow_argv 0000000180039248     ucrtd:ucrtbased.dll
 0006:00000250       __imp__seh_filter_dll      0000000180039250     ucrtd:ucrtbased.dll
 0006:00000258       __imp__wsplitpath_s        0000000180039258     ucrtd:ucrtbased.dll
 0006:00000260       __imp_strcat_s             0000000180039260     ucrtd:ucrtbased.dll
 0006:00000268       __imp_strcpy_s             0000000180039268     ucrtd:ucrtbased.dll
 0006:00000270       __imp__initterm_e          0000000180039270     ucrtd:ucrtbased.dll
 0006:00000278       __imp__initterm            0000000180039278     ucrtd:ucrtbased.dll
 0006:00000280       __imp__CrtDbgReportW       0000000180039280     ucrtd:ucrtbased.dll
 0006:00000288       __imp__CrtDbgReport        0000000180039288     ucrtd:ucrtbased.dll
 0006:00000290       __imp_sqrtf                0000000180039290     ucrtd:ucrtbased.dll
 0006:00000298       __imp_sinf                 0000000180039298     ucrtd:ucrtbased.dll
 0006:000002a0       __imp_roundf               00000001800392a0     ucrtd:ucrtbased.dll
 0006:000002a8       __imp_fabs                 00000001800392a8     ucrtd:ucrtbased.dll
 0006:000002b0       __imp___stdio_common_vsprintf_s 00000001800392b0     ucrtd:ucrtbased.dll
 0006:000002b8       \177ucrtbased_NULL_THUNK_DATA 00000001800392b8     ucrtd:ucrtbased.dll
 0006:00000330       __IMPORT_DESCRIPTOR_VCRUNTIME140D 0000000180039330     vcruntimed:VCRUNTIME140D.dll
 0006:00000344       __IMPORT_DESCRIPTOR_ucrtbased 0000000180039344     ucrtd:ucrtbased.dll
 0006:00000358       __IMPORT_DESCRIPTOR_KERNEL32 0000000180039358     kernel32:KERNEL32.dll
 0006:0000036c       __NULL_IMPORT_DESCRIPTOR   000000018003936c     vcruntimed:VCRUNTIME140D.dll
 0008:00000000       __guard_check_icall_fptr   000000018003b000     MSVCRTD:guard_support.obj
 0008:00000010       __guard_xfg_check_icall_fptr 000000018003b010     MSVCRTD:guard_support.obj
 0008:00000020       __guard_dispatch_icall_fptr 000000018003b020     MSVCRTD:guard_support.obj
 0008:00000030       __guard_xfg_dispatch_icall_fptr 000000018003b030     MSVCRTD:guard_support.obj
 0008:00000040       __guard_xfg_table_dispatch_icall_fptr 000000018003b040     MSVCRTD:guard_support.obj

 entry point at        0002:0000000f

 Static symbols

 0000:fffc2000       .debug$S                   0000000180000000     P5Engine.exp
 0000:fffc5000       _volmd                     0000000180000000     p5engine.obj
 0000:fffc5000       _volmd                     0000000180000000     p5engine.obj
 0000:fffc5000       _volmd                     0000000180000000     p5engine.obj
 0000:fffc5000       _volmd                     0000000180000000     p5engine.obj
 0000:fffc5000       _volmd                     0000000180000000     p5engine.obj
 0000:fffc5000       _volmd                     0000000180000000     p5engine.obj
 0000:fffc5000       _volmd                     0000000180000000     p5engine.obj
 0000:fffc5000       _volmd                     0000000180000000     p5engine.obj
 0000:fffc5000       _volmd                     0000000180000000     p5engine.obj
 0000:fffc5000       _volmd                     0000000180000000     p5engine.obj
 0000:fffc5000       _volmd                     0000000180000000     p5engine.obj
 0000:fffc5000       _volmd                     0000000180000000     p5engine.obj
 0000:fffc5000       _volmd                     0000000180000000     p5engine.obj
 0000:fffc5000       _volmd                     0000000180000000     p5engine.obj
 0000:fffc5000       _volmd                     0000000180000000     p5engine.obj
 0000:fffc5000       _volmd                     0000000180000000     p5engine.obj
 0000:fffc5000       _volmd                     0000000180000000     p5engine.obj
 0000:fffc5000       _volmd                     0000000180000000     p5engine.obj
 0000:fffc5000       _volmd                     0000000180000000     p5engine.obj
 0000:fffc5000       _volmd                     0000000180000000     p5engine.obj
 0000:fffc5000       _volmd                     0000000180000000     p5engine.obj
 0000:fffc5000       _volmd                     0000000180000000     p5engine.obj
 0000:fffc5000       _volmd                     0000000180000000     p5engine.obj
 0000:fffc5000       _volmd                     0000000180000000     p5engine.obj
 0000:fffc5000       _volmd                     0000000180000000     p5engine.obj
 0000:fffc5000       _volmd                     0000000180000000     p5engine.obj
 0000:fffc5000       _volmd                     0000000180000000     p5engine.obj
 0000:fffc5000       _volmd                     0000000180000000     p5engine.obj
 0000:fffc5000       _volmd                     0000000180000000     p5engine.obj
 0000:fffc5000       _volmd                     0000000180000000     p5engine.obj
 0000:fffc5000       _volmd                     0000000180000000     p5engine.obj
 0000:fffc5000       _volmd                     0000000180000000     p5engine.obj
 0000:fffc5000       _volmd                     0000000180000000     MSVCRTD:cpu_disp.obj
 0000:fffc6000       __guard_ehcont_?dllmain_dispatch@@YAHQEAUHINSTANCE__@@KQEAX@Z 0000000180000000     MSVCRTD:dll_dllmain.obj
 0000:fffc6000       __guard_fids_?dllmain_dispatch@@YAHQEAUHINSTANCE__@@KQEAX@Z 0000000180000000     MSVCRTD:dll_dllmain.obj
 0000:fffc6000       __guard_ehcont_?notify_debugger@@YAXAEBUtagEXCEPTION_VISUALCPP_DEBUG_INFO@@@Z 0000000180000000     MSVCRTD:error.obj
 0000:fffc5000       _volmd                     0000000180000000     MSVCRTD:gs_report.obj
 0000:fffc5000       _volmd                     0000000180000000     MSVCRTD:gs_report.obj
 0000:fffc5000       _volmd                     0000000180000000     MSVCRTD:gs_report.obj
 0000:fffc6000       __guard_fids__             0000000180000000     MSVCRTD:guard_support.obj
 0000:fffc6000       __guard_fids__             0000000180000000     MSVCRTD:guard_support.obj
 0000:fffc6000       __guard_fids__guard_icall_checks_enforced 0000000180000000     MSVCRTD:guard_support.obj
 0000:fffc5000       _volmd                     0000000180000000     MSVCRTD:guard_support.obj
 0000:fffc5000       _volmd                     0000000180000000     MSVCRTD:guard_support.obj
 0000:fffc5000       _volmd                     0000000180000000     MSVCRTD:guard_support.obj
 0000:fffc6000       __guard_fids__CRT_RTC_INIT 0000000180000000     MSVCRTD:init.obj
 0000:fffc6000       __guard_fids__CRT_RTC_INITW 0000000180000000     MSVCRTD:init.obj
 0000:fffc6000       __guard_ehcont___scrt_is_nonwritable_in_current_image 0000000180000000     MSVCRTD:utility.obj
 0000:fffc5000       _volmd                     0000000180000000     MSVCRTD:utility.obj
 0000:fffc5000       _volmd                     0000000180000000     MSVCRTD:utility.obj
 0000:fffc5000       _volmd                     0000000180000000     MSVCRTD:utility.obj
 0000:fffc6000       __guard_fids___scrt_set_unhandled_exception_filter 0000000180000000     MSVCRTD:utility_desktop.obj
 0000:fffc5000       _volmd                     0000000180000000     MSVCRTD:utility_desktop.obj
 0000:fffc2000       .debug$S                   0000000180000000     vcruntimed:VCRUNTIME140D.dll
 0000:fffc2000       .debug$S                   0000000180000000     vcruntimed:VCRUNTIME140D.dll
 0000:fffc2000       .debug$S                   0000000180000000     vcruntimed:VCRUNTIME140D.dll
 0000:fffc2000       .debug$S                   0000000180000000     vcruntimed:VCRUNTIME140D.dll
 0000:fffc2000       .debug$S                   0000000180000000     vcruntimed:VCRUNTIME140D.dll
 0000:fffc2000       .debug$S                   0000000180000000     vcruntimed:VCRUNTIME140D.dll
 0000:fffc2000       .debug$S                   0000000180000000     vcruntimed:VCRUNTIME140D.dll
 0000:fffc2000       .debug$S                   0000000180000000     vcruntimed:VCRUNTIME140D.dll
 0000:fffc2000       .debug$S                   0000000180000000     ucrtd:ucrtbased.dll
 0000:fffc2000       .debug$S                   0000000180000000     ucrtd:ucrtbased.dll
 0000:fffc2000       .debug$S                   0000000180000000     ucrtd:ucrtbased.dll
 0000:fffc2000       .debug$S                   0000000180000000     ucrtd:ucrtbased.dll
 0000:fffc2000       .debug$S                   0000000180000000     ucrtd:ucrtbased.dll
 0000:fffc2000       .debug$S                   0000000180000000     ucrtd:ucrtbased.dll
 0000:fffc2000       .debug$S                   0000000180000000     ucrtd:ucrtbased.dll
 0000:fffc2000       .debug$S                   0000000180000000     ucrtd:ucrtbased.dll
 0000:fffc2000       .debug$S                   0000000180000000     ucrtd:ucrtbased.dll
 0000:fffc2000       .debug$S                   0000000180000000     ucrtd:ucrtbased.dll
 0000:fffc2000       .debug$S                   0000000180000000     ucrtd:ucrtbased.dll
 0000:fffc2000       .debug$S                   0000000180000000     ucrtd:ucrtbased.dll
 0000:fffc2000       .debug$S                   0000000180000000     ucrtd:ucrtbased.dll
 0000:fffc2000       .debug$S                   0000000180000000     ucrtd:ucrtbased.dll
 0000:fffc2000       .debug$S                   0000000180000000     ucrtd:ucrtbased.dll
 0000:fffc2000       .debug$S                   0000000180000000     ucrtd:ucrtbased.dll
 0000:fffc2000       .debug$S                   0000000180000000     ucrtd:ucrtbased.dll
 0000:fffc2000       .debug$S                   0000000180000000     ucrtd:ucrtbased.dll
 0000:fffc2000       .debug$S                   0000000180000000     ucrtd:ucrtbased.dll
 0000:fffc2000       .debug$S                   0000000180000000     ucrtd:ucrtbased.dll
 0000:fffc2000       .debug$S                   0000000180000000     ucrtd:ucrtbased.dll
 0000:fffc2000       .debug$S                   0000000180000000     ucrtd:ucrtbased.dll
 0000:fffc2000       .debug$S                   0000000180000000     ucrtd:ucrtbased.dll
 0000:fffc2000       .debug$S                   0000000180000000     ucrtd:ucrtbased.dll
 0000:fffc2000       .debug$S                   0000000180000000     kernel32:KERNEL32.dll
 0000:fffc2000       .debug$S                   0000000180000000     kernel32:KERNEL32.dll
 0000:fffc2000       .debug$S                   0000000180000000     kernel32:KERNEL32.dll
 0000:fffc2000       .debug$S                   0000000180000000     kernel32:KERNEL32.dll
 0000:fffc2000       .debug$S                   0000000180000000     kernel32:KERNEL32.dll
 0000:fffc2000       .debug$S                   0000000180000000     kernel32:KERNEL32.dll
 0000:fffc2000       .debug$S                   0000000180000000     kernel32:KERNEL32.dll
 0000:fffc2000       .debug$S                   0000000180000000     kernel32:KERNEL32.dll
 0000:fffc2000       .debug$S                   0000000180000000     kernel32:KERNEL32.dll
 0000:fffc2000       .debug$S                   0000000180000000     kernel32:KERNEL32.dll
 0000:fffc2000       .debug$S                   0000000180000000     kernel32:KERNEL32.dll
 0000:fffc2000       .debug$S                   0000000180000000     kernel32:KERNEL32.dll
 0000:fffc2000       .debug$S                   0000000180000000     kernel32:KERNEL32.dll
 0000:fffc2000       .debug$S                   0000000180000000     kernel32:KERNEL32.dll
 0000:fffc2000       .debug$S                   0000000180000000     kernel32:KERNEL32.dll
 0000:fffc2000       .debug$S                   0000000180000000     kernel32:KERNEL32.dll
 0000:fffc2000       .debug$S                   0000000180000000     kernel32:KERNEL32.dll
 0000:fffc2000       .debug$S                   0000000180000000     kernel32:KERNEL32.dll
 0000:fffc2000       .debug$S                   0000000180000000     kernel32:KERNEL32.dll
 0000:fffc2000       .debug$S                   0000000180000000     kernel32:KERNEL32.dll
 0000:fffc2000       .debug$S                   0000000180000000     kernel32:KERNEL32.dll
 0000:fffc2000       .debug$S                   0000000180000000     kernel32:KERNEL32.dll
 0000:fffc2000       .debug$S                   0000000180000000     kernel32:KERNEL32.dll
 0000:fffc2000       .debug$S                   0000000180000000     kernel32:KERNEL32.dll
 0000:fffc2000       .debug$S                   0000000180000000     kernel32:KERNEL32.dll
 0000:fffc2000       .debug$S                   0000000180000000     kernel32:KERNEL32.dll
 0000:fffc2000       .debug$S                   0000000180000000     kernel32:KERNEL32.dll
 0002:000014c0       ?AddCollisionRule@@YAXPEAUgame_state@@IIH@Z 00000001800124c0 f   p5engine.obj
 0002:000016c0       ?AddEntity@@YAPEAUsim_entity@@PEAUgame_state@@PEAUsim_region@@IPEAUlow_entity@@PEATv3@@@Z 00000001800126c0 f   p5engine.obj
 0002:00001860       ?AddEntityRaw@@YAPEAUsim_entity@@PEAUgame_state@@PEAUsim_region@@IPEAUlow_entity@@@Z 0000000180012860 f   p5engine.obj
 0002:00001a70       ?AddFamiliar@@YA?AUadd_low_entity_result@@PEAUgame_state@@III@Z 0000000180012a70 f   p5engine.obj
 0002:00001cc0       ?AddGroundedEntity@@YA?AUadd_low_entity_result@@PEAUgame_state@@W4entity_type@@Uworld_position@@PEAUsim_entity_collision_volume_group@@@Z 0000000180012cc0 f   p5engine.obj
 0002:00001de0       ?AddLowEntity@@YA?AUadd_low_entity_result@@PEAUgame_state@@W4entity_type@@Uworld_position@@@Z 0000000180012de0 f   p5engine.obj
 0002:00002060       ?AddMonstar@@YA?AUadd_low_entity_result@@PEAUgame_state@@III@Z 0000000180013060 f   p5engine.obj
 0002:00002260       ?AddPlayer@@YA?AUadd_low_entity_result@@PEAUgame_state@@@Z 0000000180013260 f   p5engine.obj
 0002:00002630       ?AddStairs@@YA?AUadd_low_entity_result@@PEAUgame_state@@III@Z 0000000180013630 f   p5engine.obj
 0002:00002860       ?AddStandardRoom@@YA?AUadd_low_entity_result@@PEAUgame_state@@III@Z 0000000180013860 f   p5engine.obj
 0002:00002a50       ?AddSword@@YA?AUadd_low_entity_result@@PEAUgame_state@@@Z 0000000180013a50 f   p5engine.obj
 0002:00002bb0       ?AddWall@@YA?AUadd_low_entity_result@@PEAUgame_state@@III@Z 0000000180013bb0 f   p5engine.obj
 0002:00002f00       ?BeginSim@@YAPEAUsim_region@@PEAUmemory_arena@@PEAUgame_state@@PEAUworld@@Uworld_position@@Urectangle3@@M@Z 0000000180013f00 f   p5engine.obj
 0002:00003830       ?CanCollide@@YAHPEAUgame_state@@PEAUsim_entity@@1@Z 0000000180014830 f   p5engine.obj
 0002:00003a20       ?CanOverlap@@YAHPEAUgame_state@@PEAUsim_entity@@1@Z 0000000180014a20 f   p5engine.obj
 0002:00003aa0       ?ChangeEntityLocation@@YAXPEAUmemory_arena@@PEAUworld@@IPEAUlow_entity@@Uworld_position@@@Z 0000000180014aa0 f   p5engine.obj
 0002:00004720       ?ClearBitmap@@YAXPEAUloaded_bitmap@@@Z 0000000180015720 f   p5engine.obj
 0002:000047b0       ?ClearCollisionRulesFor@@YAXPEAUgame_state@@I@Z 00000001800157b0 f   p5engine.obj
 0002:00004940       ?DEBUGLoadBMP@@YA?AUloaded_bitmap@@PEAUthread_context@@P6A?AUdebug_read_file_result@@0PEAD@Z1@Z 0000000180015940 f   p5engine.obj
 0002:00004ff0       ?DrawBitmap@@YAXPEAUloaded_bitmap@@0MMM@Z 0000000180015ff0 f   p5engine.obj
 0002:000055f0       ?DrawHitpoints@@YAXPEAUsim_entity@@PEAUentity_visible_piece_group@@@Z 00000001800165f0 f   p5engine.obj
 0002:000058f0       ?DrawRectangle@@YAXPEAUloaded_bitmap@@Tv2@@1MMM@Z 00000001800168f0 f   p5engine.obj
 0002:00005b80       ?EndSim@@YAXPEAUsim_region@@PEAUgame_state@@@Z 0000000180016b80 f   p5engine.obj
 0002:00006010       ?EntitiesOverlap@@YAHPEAUsim_entity@@0Tv3@@@Z 0000000180017010 f   p5engine.obj
 0002:00006660       ?FillGroundChunk@@YAXPEAUtransient_state@@PEAUgame_state@@PEAUground_buffer@@PEAUworld_position@@@Z 0000000180017660 f   p5engine.obj
 0002:00006c10       ?GameOutputSound@@YAXPEAUgame_state@@PEAUgame_sound_output_buffer@@H@Z 0000000180017c10 f   p5engine.obj
 0002:00006f00       ?GetHashFromStorageIndex@@YAPEAUsim_entity_hash@@PEAUsim_region@@I@Z 0000000180017f00 f   p5engine.obj
 0002:000078e0       ?HandleCollision@@YAHPEAUgame_state@@PEAUsim_entity@@1@Z 00000001800188e0 f   p5engine.obj
 0002:00007a10       ?HandleOverlap@@YAXPEAUgame_state@@PEAUsim_entity@@1MPEAM@Z 0000000180018a10 f   p5engine.obj
 0002:00007b50       ?InitHitPoints@@YAXPEAUlow_entity@@I@Z 0000000180018b50 f   p5engine.obj
 0002:00007ca0       ?InitializeWorld@@YAXPEAUworld@@MM@Z 0000000180018ca0 f   p5engine.obj
 0002:000084c0       ?MakeEmptyBitmap@@YA?AUloaded_bitmap@@PEAUmemory_arena@@HHH@Z 00000001800194c0 f   p5engine.obj
 0002:00008770       ?MakeNullCollision@@YAPEAUsim_entity_collision_volume_group@@PEAUgame_state@@@Z 0000000180019770 f   p5engine.obj
 0002:00008890       ?MakeSimpleGroundedCollision@@YAPEAUsim_entity_collision_volume_group@@PEAUgame_state@@MMM@Z 0000000180019890 f   p5engine.obj
 0002:00008bb0       ?MoveEntity@@YAXPEAUgame_state@@PEAUsim_region@@PEAUsim_entity@@MPEAUmove_spec@@Tv3@@@Z 0000000180019bb0 f   p5engine.obj
 0002:0000bd40       ?SpeculativeCollide@@YAHPEAUsim_entity@@0@Z 000000018001cd40 f   p5engine.obj
 0002:0000bfb0       ?Subtract@@YA?ATv3@@PEAUworld@@PEAUworld_position@@1@Z 000000018001cfb0 f   p5engine.obj
 0002:0000f560       $LN112                     0000000180020560     p5engine.obj
 0002:00010650       $$000000                   0000000180021650     MSVCRTD:chkstk.obj
 0002:000106d0       $$000000                   00000001800216d0     MSVCRTD:amdsecgs.obj
 0002:00010710       ?dllmain_crt_dispatch@@YAHQEAUHINSTANCE__@@KQEAX@Z 0000000180021710 f   MSVCRTD:dll_dllmain.obj
 0002:000107c0       ?dllmain_crt_process_attach@@YAHQEAUHINSTANCE__@@QEAX@Z 00000001800217c0 f   MSVCRTD:dll_dllmain.obj
 0002:00010950       ?dllmain_crt_process_detach@@YAH_N@Z 0000000180021950 f   MSVCRTD:dll_dllmain.obj
 0002:00010a10       ?dllmain_dispatch@@YAHQEAUHINSTANCE__@@KQEAX@Z 0000000180021a10 f   MSVCRTD:dll_dllmain.obj
 0002:00010ba0       ?dllmain_raw@@YAHQEAUHINSTANCE__@@KQEAX@Z 0000000180021ba0 f   MSVCRTD:dll_dllmain.obj
 0002:00010ca0       ?DebuggerProbe@@YA_NK@Z    0000000180021ca0 f   MSVCRTD:error.obj
 0002:00010cf0       ?DebuggerRuntime@@YA_NKHPEAXPEB_W@Z 0000000180021cf0 f   MSVCRTD:error.obj
 0002:00011080       ?_getMemBlockDataString@@YAXPEAD0PEBD_K@Z 0000000180022080 f   MSVCRTD:error.obj
 0002:00011160       ?_strlen_priv@@YA_KPEBD@Z  0000000180022160 f   MSVCRTD:error.obj
 0002:00011180       ?failwithmessage@@YAXPEAXHHPEBD@Z 0000000180022180 f   MSVCRTD:error.obj
 0002:00011480       ?notify_debugger@@YAXAEBUtagEXCEPTION_VISUALCPP_DEBUG_INFO@@@Z 0000000180022480 f   MSVCRTD:error.obj
 0002:00011ae0       capture_current_context    0000000180022ae0 f   MSVCRTD:gs_report.obj
 0002:00011ba0       capture_previous_context   0000000180022ba0 f   MSVCRTD:gs_report.obj
 0002:00011c80       __get_entropy              0000000180022c80 f   MSVCRTD:gs_support.obj
 0002:00011f30       ?find_pe_section@@YAPEAU_IMAGE_SECTION_HEADER@@QEAE_K@Z 0000000180022f30 f   MSVCRTD:utility.obj
 0002:00012050       ?is_potentially_valid_image_base@@YA_NQEAX@Z 0000000180023050 f   MSVCRTD:utility.obj
 0002:00012df0       __castguard_compat_check   0000000180023df0 f   MSVCRTD:guard_support.obj
 0002:00012fd0       __castguard_slow_path_compat_check 0000000180023fd0 f   MSVCRTD:guard_support.obj
 0002:000130c0       ?GetPdbDll@@YAPEAUHINSTANCE__@@XZ 00000001800240c0 f   MSVCRTD:pdblkup.obj
 0002:00013260       ?GetPdbDllFromInstallPath@@YAPEAUHINSTANCE__@@XZ 0000000180024260 f   MSVCRTD:pdblkup.obj
 0002:000135c0       ?GetPdbDllPathFromFilePath@@YAHPEB_WPEA_W_K@Z 00000001800245c0 f   MSVCRTD:pdblkup.obj
 0002:00015750       $$000000                   0000000180026750     MSVCRTD:guard_dispatch.obj
 0002:00015770       $$000000                   0000000180026770     MSVCRTD:guard_xfg_dispatch.obj
 0002:00016790       ?fin$0@?0??dllmain_crt_process_attach@@YAHQEAUHINSTANCE__@@QEAX@Z@4HA 0000000180027790 f   MSVCRTD:dll_dllmain.obj
 0002:000167b0       ?fin$0@?0??dllmain_crt_process_detach@@YAH_N@Z@4HA 00000001800277b0 f   MSVCRTD:dll_dllmain.obj
 0002:000167ca       ?fin$1@?0??dllmain_crt_process_detach@@YAH_N@Z@4HA 00000001800277ca f   MSVCRTD:dll_dllmain.obj
 0002:000167f0       ?filt$0@?0??dllmain_dispatch@@YAHQEAUHINSTANCE__@@KQEAX@Z@4HA 00000001800277f0 f   MSVCRTD:dll_dllmain.obj
 0002:00016850       ?filt$0@?0??notify_debugger@@YAXAEBUtagEXCEPTION_VISUALCPP_DEBUG_INFO@@@Z@4HA 0000000180027850 f   MSVCRTD:error.obj
 0002:00016880       __scrt_is_nonwritable_in_current_image$filt$0 0000000180027880 f   MSVCRTD:utility.obj
 0003:00000880       ?BeginTemporaryMemory@@YA?AUtemporary_memory@@PEAUmemory_arena@@@Z$rtcName$0 0000000180029880     p5engine.obj
 0003:00000890       ?BeginTemporaryMemory@@YA?AUtemporary_memory@@PEAUmemory_arena@@@Z$rtcVarDesc 0000000180029890     p5engine.obj
 0003:000008d0       ?BeginTemporaryMemory@@YA?AUtemporary_memory@@PEAUmemory_arena@@@Z$rtcFrameData 00000001800298d0     p5engine.obj
 0003:00000900       ?FindLeastSignificantSetBit@@YA?AUbit_scan_result@@I@Z$rtcName$0 0000000180029900     p5engine.obj
 0003:00000910       ?FindLeastSignificantSetBit@@YA?AUbit_scan_result@@I@Z$rtcVarDesc 0000000180029910     p5engine.obj
 0003:00000950       ?FindLeastSignificantSetBit@@YA?AUbit_scan_result@@I@Z$rtcFrameData 0000000180029950     p5engine.obj
 0003:00000980       ?V2@@YA?ATv2@@MM@Z$rtcName$0 0000000180029980     p5engine.obj
 0003:00000990       ?V2@@YA?ATv2@@MM@Z$rtcVarDesc 0000000180029990     p5engine.obj
 0003:000009d0       ?V2@@YA?ATv2@@MM@Z$rtcFrameData 00000001800299d0     p5engine.obj
 0003:00000a00       ?V2i@@YA?ATv2@@HH@Z$rtcName$0 0000000180029a00     p5engine.obj
 0003:00000a10       ?V2i@@YA?ATv2@@HH@Z$rtcVarDesc 0000000180029a10     p5engine.obj
 0003:00000a50       ?V2i@@YA?ATv2@@HH@Z$rtcFrameData 0000000180029a50     p5engine.obj
 0003:00000a80       ??D@YA?ATv2@@MT0@@Z$rtcName$0 0000000180029a80     p5engine.obj
 0003:00000a90       ??D@YA?ATv2@@MT0@@Z$rtcVarDesc 0000000180029a90     p5engine.obj
 0003:00000ad0       ??D@YA?ATv2@@MT0@@Z$rtcFrameData 0000000180029ad0     p5engine.obj
 0003:00000b00       ??H@YA?ATv2@@T0@0@Z$rtcName$0 0000000180029b00     p5engine.obj
 0003:00000b10       ??H@YA?ATv2@@T0@0@Z$rtcVarDesc 0000000180029b10     p5engine.obj
 0003:00000b50       ??H@YA?ATv2@@T0@0@Z$rtcFrameData 0000000180029b50     p5engine.obj
 0003:00000b80       ??G@YA?ATv2@@T0@0@Z$rtcName$0 0000000180029b80     p5engine.obj
 0003:00000b90       ??G@YA?ATv2@@T0@0@Z$rtcVarDesc 0000000180029b90     p5engine.obj
 0003:00000bd0       ??G@YA?ATv2@@T0@0@Z$rtcFrameData 0000000180029bd0     p5engine.obj
 0003:00000c00       ?Clamp01@@YA?ATv2@@T1@@Z$rtcName$0 0000000180029c00     p5engine.obj
 0003:00000c10       ?Clamp01@@YA?ATv2@@T1@@Z$rtcVarDesc 0000000180029c10     p5engine.obj
 0003:00000c50       ?Clamp01@@YA?ATv2@@T1@@Z$rtcFrameData 0000000180029c50     p5engine.obj
 0003:00000c80       ?V3@@YA?ATv3@@MMM@Z$rtcName$0 0000000180029c80     p5engine.obj
 0003:00000c90       ?V3@@YA?ATv3@@MMM@Z$rtcVarDesc 0000000180029c90     p5engine.obj
 0003:00000cd0       ?V3@@YA?ATv3@@MMM@Z$rtcFrameData 0000000180029cd0     p5engine.obj
 0003:00000d00       ??D@YA?ATv3@@MT0@@Z$rtcName$0 0000000180029d00     p5engine.obj
 0003:00000d10       ??D@YA?ATv3@@MT0@@Z$rtcVarDesc 0000000180029d10     p5engine.obj
 0003:00000d50       ??D@YA?ATv3@@MT0@@Z$rtcFrameData 0000000180029d50     p5engine.obj
 0003:00000d80       ??D@YA?ATv3@@T0@M@Z$rtcName$0 0000000180029d80     p5engine.obj
 0003:00000d90       ??D@YA?ATv3@@T0@M@Z$rtcVarDesc 0000000180029d90     p5engine.obj
 0003:00000dd0       ??D@YA?ATv3@@T0@M@Z$rtcFrameData 0000000180029dd0     p5engine.obj
 0003:00000e00       ??H@YA?ATv3@@T0@0@Z$rtcName$0 0000000180029e00     p5engine.obj
 0003:00000e10       ??H@YA?ATv3@@T0@0@Z$rtcVarDesc 0000000180029e10     p5engine.obj
 0003:00000e50       ??H@YA?ATv3@@T0@0@Z$rtcFrameData 0000000180029e50     p5engine.obj
 0003:00000e80       ??G@YA?ATv3@@T0@0@Z$rtcName$0 0000000180029e80     p5engine.obj
 0003:00000e90       ??G@YA?ATv3@@T0@0@Z$rtcVarDesc 0000000180029e90     p5engine.obj
 0003:00000ed0       ??G@YA?ATv3@@T0@0@Z$rtcFrameData 0000000180029ed0     p5engine.obj
 0003:00000f00       ?Hadamard@@YA?ATv3@@T1@0@Z$rtcName$0 0000000180029f00     p5engine.obj
 0003:00000f10       ?Hadamard@@YA?ATv3@@T1@0@Z$rtcVarDesc 0000000180029f10     p5engine.obj
 0003:00000f50       ?Hadamard@@YA?ATv3@@T1@0@Z$rtcFrameData 0000000180029f50     p5engine.obj
 0003:00000f80       ?V4@@YA?ATv4@@MMMM@Z$rtcName$0 0000000180029f80     p5engine.obj
 0003:00000f90       ?V4@@YA?ATv4@@MMMM@Z$rtcVarDesc 0000000180029f90     p5engine.obj
 0003:00000fd0       ?V4@@YA?ATv4@@MMMM@Z$rtcFrameData 0000000180029fd0     p5engine.obj
 0003:00001000       ?RectCenterHalfDim@@YA?AUrectangle2@@Tv2@@0@Z$rtcName$0 000000018002a000     p5engine.obj
 0003:00001010       ?RectCenterHalfDim@@YA?AUrectangle2@@Tv2@@0@Z$rtcVarDesc 000000018002a010     p5engine.obj
 0003:00001050       ?RectCenterHalfDim@@YA?AUrectangle2@@Tv2@@0@Z$rtcFrameData 000000018002a050     p5engine.obj
 0003:00001080       ?RectCenterDim@@YA?AUrectangle2@@Tv2@@0@Z$rtcName$0 000000018002a080     p5engine.obj
 0003:00001090       ?RectCenterDim@@YA?AUrectangle2@@Tv2@@0@Z$rtcVarDesc 000000018002a090     p5engine.obj
 0003:000010d0       ?RectCenterDim@@YA?AUrectangle2@@Tv2@@0@Z$rtcFrameData 000000018002a0d0     p5engine.obj
 0003:00001100       ?GetBarycentric@@YA?ATv2@@Urectangle2@@T1@@Z$rtcName$0 000000018002a100     p5engine.obj
 0003:00001110       ?GetBarycentric@@YA?ATv2@@Urectangle2@@T1@@Z$rtcVarDesc 000000018002a110     p5engine.obj
 0003:00001150       ?GetBarycentric@@YA?ATv2@@Urectangle2@@T1@@Z$rtcFrameData 000000018002a150     p5engine.obj
 0003:00001180       ?GetMinCorner@@YA?ATv3@@Urectangle3@@@Z$rtcName$0 000000018002a180     p5engine.obj
 0003:00001190       ?GetMinCorner@@YA?ATv3@@Urectangle3@@@Z$rtcVarDesc 000000018002a190     p5engine.obj
 0003:000011d0       ?GetMinCorner@@YA?ATv3@@Urectangle3@@@Z$rtcFrameData 000000018002a1d0     p5engine.obj
 0003:00001200       ?GetMaxCorner@@YA?ATv3@@Urectangle3@@@Z$rtcName$0 000000018002a200     p5engine.obj
 0003:00001210       ?GetMaxCorner@@YA?ATv3@@Urectangle3@@@Z$rtcVarDesc 000000018002a210     p5engine.obj
 0003:00001250       ?GetMaxCorner@@YA?ATv3@@Urectangle3@@@Z$rtcFrameData 000000018002a250     p5engine.obj
 0003:00001280       ?RectCenterHalfDim@@YA?AUrectangle3@@Tv3@@0@Z$rtcName$0 000000018002a280     p5engine.obj
 0003:00001290       ?RectCenterHalfDim@@YA?AUrectangle3@@Tv3@@0@Z$rtcVarDesc 000000018002a290     p5engine.obj
 0003:000012d0       ?RectCenterHalfDim@@YA?AUrectangle3@@Tv3@@0@Z$rtcFrameData 000000018002a2d0     p5engine.obj
 0003:00001300       ?AddRadiusTo@@YA?AUrectangle3@@U1@Tv3@@@Z$rtcName$0 000000018002a300     p5engine.obj
 0003:00001310       ?AddRadiusTo@@YA?AUrectangle3@@U1@Tv3@@@Z$rtcVarDesc 000000018002a310     p5engine.obj
 0003:00001350       ?AddRadiusTo@@YA?AUrectangle3@@U1@Tv3@@@Z$rtcFrameData 000000018002a350     p5engine.obj
 0003:00001380       ?RectCenterDim@@YA?AUrectangle3@@Tv3@@0@Z$rtcName$0 000000018002a380     p5engine.obj
 0003:00001390       ?RectCenterDim@@YA?AUrectangle3@@Tv3@@0@Z$rtcVarDesc 000000018002a390     p5engine.obj
 0003:000013d0       ?RectCenterDim@@YA?AUrectangle3@@Tv3@@0@Z$rtcFrameData 000000018002a3d0     p5engine.obj
 0003:00001400       ?GetEntityGroundPoint@@YA?ATv3@@PEAUsim_entity@@@Z$rtcName$0 000000018002a400     p5engine.obj
 0003:00001410       ?GetEntityGroundPoint@@YA?ATv3@@PEAUsim_entity@@@Z$rtcVarDesc 000000018002a410     p5engine.obj
 0003:00001450       ?GetEntityGroundPoint@@YA?ATv3@@PEAUsim_entity@@@Z$rtcFrameData 000000018002a450     p5engine.obj
 0003:00001480       ?GetStairGround@@YAMPEAUsim_entity@@Tv3@@@Z$rtcName$0 000000018002a480     p5engine.obj
 0003:0000148c       ?GetStairGround@@YAMPEAUsim_entity@@Tv3@@@Z$rtcName$1 000000018002a48c     p5engine.obj
 0003:000014a0       ?GetStairGround@@YAMPEAUsim_entity@@Tv3@@@Z$rtcVarDesc 000000018002a4a0     p5engine.obj
 0003:00001520       ?GetStairGround@@YAMPEAUsim_entity@@Tv3@@@Z$rtcFrameData 000000018002a520     p5engine.obj
 0003:00001560       ?NullPosition@@YA?AUworld_position@@XZ$rtcName$0 000000018002a560     p5engine.obj
 0003:00001570       ?NullPosition@@YA?AUworld_position@@XZ$rtcVarDesc 000000018002a570     p5engine.obj
 0003:000015b0       ?NullPosition@@YA?AUworld_position@@XZ$rtcFrameData 000000018002a5b0     p5engine.obj
 0003:000015e0       ?MapIntoChunkSpace@@YA?AUworld_position@@PEAUworld@@U1@Tv3@@@Z$rtcName$0 000000018002a5e0     p5engine.obj
 0003:000015f0       ?MapIntoChunkSpace@@YA?AUworld_position@@PEAUworld@@U1@Tv3@@@Z$rtcVarDesc 000000018002a5f0     p5engine.obj
 0003:00001630       ?MapIntoChunkSpace@@YA?AUworld_position@@PEAUworld@@U1@Tv3@@@Z$rtcFrameData 000000018002a630     p5engine.obj
 0003:00001660       ?ChunkPositionFromTilePosition@@YA?AUworld_position@@PEAUworld@@HHHTv3@@@Z$rtcName$0 000000018002a660     p5engine.obj
 0003:00001668       ?ChunkPositionFromTilePosition@@YA?AUworld_position@@PEAUworld@@HHHTv3@@@Z$rtcName$1 000000018002a668     p5engine.obj
 0003:00001670       ?ChunkPositionFromTilePosition@@YA?AUworld_position@@PEAUworld@@HHHTv3@@@Z$rtcName$2 000000018002a670     p5engine.obj
 0003:00001678       ?ChunkPositionFromTilePosition@@YA?AUworld_position@@PEAUworld@@HHHTv3@@@Z$rtcName$3 000000018002a678     p5engine.obj
 0003:00001680       ?ChunkPositionFromTilePosition@@YA?AUworld_position@@PEAUworld@@HHHTv3@@@Z$rtcVarDesc 000000018002a680     p5engine.obj
 0003:00001780       ?ChunkPositionFromTilePosition@@YA?AUworld_position@@PEAUworld@@HHHTv3@@@Z$rtcFrameData 000000018002a780     p5engine.obj
 0003:000017d0       ?Subtract@@YA?ATv3@@PEAUworld@@PEAUworld_position@@1@Z$rtcName$0 000000018002a7d0     p5engine.obj
 0003:000017d8       ?Subtract@@YA?ATv3@@PEAUworld@@PEAUworld_position@@1@Z$rtcName$1 000000018002a7d8     p5engine.obj
 0003:000017e0       ?Subtract@@YA?ATv3@@PEAUworld@@PEAUworld_position@@1@Z$rtcVarDesc 000000018002a7e0     p5engine.obj
 0003:00001860       ?Subtract@@YA?ATv3@@PEAUworld@@PEAUworld_position@@1@Z$rtcFrameData 000000018002a860     p5engine.obj
 0003:00001890       ?GetSimSpacePos@@YA?ATv3@@PEAUsim_region@@PEAUlow_entity@@@Z$rtcName$0 000000018002a890     p5engine.obj
 0003:000018a0       ?GetSimSpacePos@@YA?ATv3@@PEAUsim_region@@PEAUlow_entity@@@Z$rtcVarDesc 000000018002a8a0     p5engine.obj
 0003:000018e0       ?GetSimSpacePos@@YA?ATv3@@PEAUsim_region@@PEAUlow_entity@@@Z$rtcFrameData 000000018002a8e0     p5engine.obj
 0003:00001910       ?LoadEntityReference@@YAXPEAUgame_state@@PEAUsim_region@@PEATentity_reference@@@Z$rtcName$0 000000018002a910     p5engine.obj
 0003:00001920       ?LoadEntityReference@@YAXPEAUgame_state@@PEAUsim_region@@PEATentity_reference@@@Z$rtcVarDesc 000000018002a920     p5engine.obj
 0003:00001960       ?LoadEntityReference@@YAXPEAUgame_state@@PEAUsim_region@@PEATentity_reference@@@Z$rtcFrameData 000000018002a960     p5engine.obj
 0003:00001990       ?EntityOverlapsRectangle@@YAHTv3@@Usim_entity_collision_volume@@Urectangle3@@@Z$rtcName$0 000000018002a990     p5engine.obj
 0003:000019a0       ?EntityOverlapsRectangle@@YAHTv3@@Usim_entity_collision_volume@@Urectangle3@@@Z$rtcVarDesc 000000018002a9a0     p5engine.obj
 0003:000019e0       ?EntityOverlapsRectangle@@YAHTv3@@Usim_entity_collision_volume@@Urectangle3@@@Z$rtcFrameData 000000018002a9e0     p5engine.obj
 0003:00001a10       ?BeginSim@@YAPEAUsim_region@@PEAUmemory_arena@@PEAUgame_state@@PEAUworld@@Uworld_position@@Urectangle3@@M@Z$rtcName$0 000000018002aa10     p5engine.obj
 0003:00001a20       ?BeginSim@@YAPEAUsim_region@@PEAUmemory_arena@@PEAUgame_state@@PEAUworld@@Uworld_position@@Urectangle3@@M@Z$rtcName$1 000000018002aa20     p5engine.obj
 0003:00001a30       ?BeginSim@@YAPEAUsim_region@@PEAUmemory_arena@@PEAUgame_state@@PEAUworld@@Uworld_position@@Urectangle3@@M@Z$rtcName$2 000000018002aa30     p5engine.obj
 0003:00001a40       ?BeginSim@@YAPEAUsim_region@@PEAUmemory_arena@@PEAUgame_state@@PEAUworld@@Uworld_position@@Urectangle3@@M@Z$rtcVarDesc 000000018002aa40     p5engine.obj
 0003:00001b00       ?BeginSim@@YAPEAUsim_region@@PEAUmemory_arena@@PEAUgame_state@@PEAUworld@@Uworld_position@@Urectangle3@@M@Z$rtcFrameData 000000018002ab00     p5engine.obj
 0003:00001b50       ?EndSim@@YAXPEAUsim_region@@PEAUgame_state@@@Z$rtcName$0 000000018002ab50     p5engine.obj
 0003:00001b58       ?EndSim@@YAXPEAUsim_region@@PEAUgame_state@@@Z$rtcName$1 000000018002ab58     p5engine.obj
 0003:00001b70       ?EndSim@@YAXPEAUsim_region@@PEAUgame_state@@@Z$rtcVarDesc 000000018002ab70     p5engine.obj
 0003:00001bf0       ?EndSim@@YAXPEAUsim_region@@PEAUgame_state@@@Z$rtcFrameData 000000018002abf0     p5engine.obj
 0003:00001c30       ?SpeculativeCollide@@YAHPEAUsim_entity@@0@Z$rtcName$0 000000018002ac30     p5engine.obj
 0003:00001c50       ?SpeculativeCollide@@YAHPEAUsim_entity@@0@Z$rtcVarDesc 000000018002ac50     p5engine.obj
 0003:00001c90       ?SpeculativeCollide@@YAHPEAUsim_entity@@0@Z$rtcFrameData 000000018002ac90     p5engine.obj
 0003:00001cc0       ?EntitiesOverlap@@YAHPEAUsim_entity@@0Tv3@@@Z$rtcName$0 000000018002acc0     p5engine.obj
 0003:00001cd0       ?EntitiesOverlap@@YAHPEAUsim_entity@@0Tv3@@@Z$rtcName$1 000000018002acd0     p5engine.obj
 0003:00001ce0       ?EntitiesOverlap@@YAHPEAUsim_entity@@0Tv3@@@Z$rtcVarDesc 000000018002ace0     p5engine.obj
 0003:00001d60       ?EntitiesOverlap@@YAHPEAUsim_entity@@0Tv3@@@Z$rtcFrameData 000000018002ad60     p5engine.obj
 0003:00001da0       ?MoveEntity@@YAXPEAUgame_state@@PEAUsim_region@@PEAUsim_entity@@MPEAUmove_spec@@Tv3@@@Z$rtcName$0 000000018002ada0     p5engine.obj
 0003:00001da8       ?MoveEntity@@YAXPEAUgame_state@@PEAUsim_region@@PEAUsim_entity@@MPEAUmove_spec@@Tv3@@@Z$rtcName$1 000000018002ada8     p5engine.obj
 0003:00001db4       ?MoveEntity@@YAXPEAUgame_state@@PEAUsim_region@@PEAUsim_entity@@MPEAUmove_spec@@Tv3@@@Z$rtcName$11 000000018002adb4     p5engine.obj
 0003:00001db8       ?MoveEntity@@YAXPEAUgame_state@@PEAUsim_region@@PEAUsim_entity@@MPEAUmove_spec@@Tv3@@@Z$rtcName$2 000000018002adb8     p5engine.obj
 0003:00001dc8       ?MoveEntity@@YAXPEAUgame_state@@PEAUsim_region@@PEAUsim_entity@@MPEAUmove_spec@@Tv3@@@Z$rtcName$3 000000018002adc8     p5engine.obj
 0003:00001dd8       ?MoveEntity@@YAXPEAUgame_state@@PEAUsim_region@@PEAUsim_entity@@MPEAUmove_spec@@Tv3@@@Z$rtcName$4 000000018002add8     p5engine.obj
 0003:00001de8       ?MoveEntity@@YAXPEAUgame_state@@PEAUsim_region@@PEAUsim_entity@@MPEAUmove_spec@@Tv3@@@Z$rtcName$5 000000018002ade8     p5engine.obj
[...]
 0003:00005cb8       $unwind$?LoadEntityReference@@YAXPEAUgame_state@@PEAUsim_region@@PEATentity_reference@@@Z 000000018002ecb8     p5engine.obj
 0003:00005cd4       $unwind$?StoreEntityReference@@YAXPEATentity_reference@@@Z 000000018002ecd4     p5engine.obj
 0003:00005ce8       $unwind$?AddEntityRaw@@YAPEAUsim_entity@@PEAUgame_state@@PEAUsim_region@@IPEAUlow_entity@@@Z 000000018002ece8     p5engine.obj
 0003:00005cfc       $unwind$?EntityOverlapsRectangle@@YAHTv3@@Usim_entity_collision_volume@@Urectangle3@@@Z 000000018002ecfc     p5engine.obj
 0003:00005d10       $unwind$?BeginSim@@YAPEAUsim_region@@PEAUmemory_arena@@PEAUgame_state@@PEAUworld@@Uworld_position@@Urectangle3@@M@Z 000000018002ed10     p5engine.obj
 0003:00005d2c       $unwind$?EndSim@@YAXPEAUsim_region@@PEAUgame_state@@@Z 000000018002ed2c     p5engine.obj
 0003:00005d48       $unwind$?CanCollide@@YAHPEAUgame_state@@PEAUsim_entity@@1@Z 000000018002ed48     p5engine.obj
 0003:00005d5c       $unwind$?HandleCollision@@YAHPEAUgame_state@@PEAUsim_entity@@1@Z 000000018002ed5c     p5engine.obj
 0003:00005d70       $unwind$?CanOverlap@@YAHPEAUgame_state@@PEAUsim_entity@@1@Z 000000018002ed70     p5engine.obj
 0003:00005d84       $unwind$?HandleOverlap@@YAXPEAUgame_state@@PEAUsim_entity@@1MPEAM@Z 000000018002ed84     p5engine.obj
 0003:00005d98       $unwind$?SpeculativeCollide@@YAHPEAUsim_entity@@0@Z 000000018002ed98     p5engine.obj
 0003:00005dac       $unwind$?EntitiesOverlap@@YAHPEAUsim_entity@@0Tv3@@@Z 000000018002edac     p5engine.obj
 0003:00005dc0       $unwind$?MoveEntity@@YAXPEAUgame_state@@PEAUsim_region@@PEAUsim_entity@@MPEAUmove_spec@@Tv3@@@Z 000000018002edc0     p5engine.obj
 0003:00005ddc       $unwind$?DefaultMoveSpec@@YA?AUmove_spec@@XZ 000000018002eddc     p5engine.obj
 0003:00005df8       $unwind$?RandomSeed@@YA?AUrandom_series@@I@Z 000000018002edf8     p5engine.obj
 0003:00005e14       $unwind$?RandomNextUInt32@@YAIPEAUrandom_series@@@Z 000000018002ee14     p5engine.obj
 0003:00005e28       $unwind$?RandomChoice@@YAIPEAUrandom_series@@I@Z 000000018002ee28     p5engine.obj
 0003:00005e3c       $unwind$?RandomUnilateral@@YAMPEAUrandom_series@@@Z 000000018002ee3c     p5engine.obj
 0003:00005e50       $unwind$?GameOutputSound@@YAXPEAUgame_state@@PEAUgame_sound_output_buffer@@H@Z 000000018002ee50     p5engine.obj
 0003:00005e64       $unwind$?DrawRectangle@@YAXPEAUloaded_bitmap@@Tv2@@1MMM@Z 000000018002ee64     p5engine.obj
 0003:00005e78       $unwind$?DrawBitmap@@YAXPEAUloaded_bitmap@@0MMM@Z 000000018002ee78     p5engine.obj
 0003:00005e8c       $unwind$?DEBUGLoadBMP@@YA?AUloaded_bitmap@@PEAUthread_context@@P6A?AUdebug_read_file_result@@0PEAD@Z1@Z 000000018002ee8c     p5engine.obj
 0003:00005ea8       $unwind$?AddLowEntity@@YA?AUadd_low_entity_result@@PEAUgame_state@@W4entity_type@@Uworld_position@@@Z 000000018002eea8     p5engine.obj
 0003:00005ec4       $unwind$?AddGroundedEntity@@YA?AUadd_low_entity_result@@PEAUgame_state@@W4entity_type@@Uworld_position@@PEAUsim_entity_collision_volume_group@@@Z 000000018002eec4     p5engine.obj
 0003:00005ed8       $unwind$?AddStandardRoom@@YA?AUadd_low_entity_result@@PEAUgame_state@@III@Z 000000018002eed8     p5engine.obj
 0003:00005eec       $unwind$?AddWall@@YA?AUadd_low_entity_result@@PEAUgame_state@@III@Z 000000018002eeec     p5engine.obj
 0003:00005f00       $unwind$?AddStairs@@YA?AUadd_low_entity_result@@PEAUgame_state@@III@Z 000000018002ef00     p5engine.obj
 0003:00005f14       $unwind$?InitHitPoints@@YAXPEAUlow_entity@@I@Z 000000018002ef14     p5engine.obj
 0003:00005f28       $unwind$?AddSword@@YA?AUadd_low_entity_result@@PEAUgame_state@@@Z 000000018002ef28     p5engine.obj
 0003:00005f3c       $unwind$?AddPlayer@@YA?AUadd_low_entity_result@@PEAUgame_state@@@Z 000000018002ef3c     p5engine.obj
 0003:00005f50       $unwind$?AddMonstar@@YA?AUadd_low_entity_result@@PEAUgame_state@@III@Z 000000018002ef50     p5engine.obj
 0003:00005f64       $unwind$?AddFamiliar@@YA?AUadd_low_entity_result@@PEAUgame_state@@III@Z 000000018002ef64     p5engine.obj
 0003:00005f78       $unwind$?PushPiece@@YAXPEAUentity_visible_piece_group@@PEAUloaded_bitmap@@Tv2@@2M2Tv4@@M@Z 000000018002ef78     p5engine.obj
 0003:00005f8c       $unwind$?PushBitmap@@YAXPEAUentity_visible_piece_group@@PEAUloaded_bitmap@@Tv2@@M2MM@Z 000000018002ef8c     p5engine.obj
 0003:00005fa0       $unwind$?PushRect@@YAXPEAUentity_visible_piece_group@@Tv2@@M1Tv4@@M@Z 000000018002efa0     p5engine.obj
 0003:00005fb4       $unwind$?DrawHitpoints@@YAXPEAUsim_entity@@PEAUentity_visible_piece_group@@@Z 000000018002efb4     p5engine.obj
 0003:00005fd0       $unwind$?MakeSimpleGroundedCollision@@YAPEAUsim_entity_collision_volume_group@@PEAUgame_state@@MMM@Z 000000018002efd0     p5engine.obj
 0003:00005fe4       $unwind$?MakeNullCollision@@YAPEAUsim_entity_collision_volume_group@@PEAUgame_state@@@Z 000000018002efe4     p5engine.obj
 0003:00005ff8       $unwind$?FillGroundChunk@@YAXPEAUtransient_state@@PEAUgame_state@@PEAUground_buffer@@PEAUworld_position@@@Z 000000018002eff8     p5engine.obj
 0003:00006014       $unwind$?ClearBitmap@@YAXPEAUloaded_bitmap@@@Z 000000018002f014     p5engine.obj
 0003:00006028       $unwind$?MakeEmptyBitmap@@YA?AUloaded_bitmap@@PEAUmemory_arena@@HHH@Z 000000018002f028     p5engine.obj
 0003:00006044       $unwind$GameUpdateAndRender 000000018002f044     p5engine.obj
 0003:00006060       $unwind$GameGetSoundSamples 000000018002f060     p5engine.obj
 0003:00006074       $unwind$_RTC_CheckStackVars 000000018002f074     MSVCRTD:stack.obj
 0003:00006088       $chain$0$_RTC_CheckStackVars 000000018002f088     MSVCRTD:stack.obj
 0003:000060a0       $chain$1$_RTC_CheckStackVars 000000018002f0a0     MSVCRTD:stack.obj
 0003:000060b4       $unwind$_RTC_CheckStackVars2 000000018002f0b4     MSVCRTD:stack.obj
 0003:000060c4       $chain$1$_RTC_CheckStackVars2 000000018002f0c4     MSVCRTD:stack.obj
 0003:000060e0       $chain$2$_RTC_CheckStackVars2 000000018002f0e0     MSVCRTD:stack.obj
 0003:000060f8       $chain$3$_RTC_CheckStackVars2 000000018002f0f8     MSVCRTD:stack.obj
 0003:00006110       $chain$4$_RTC_CheckStackVars2 000000018002f110     MSVCRTD:stack.obj
 0003:00006124       $chain$5$_RTC_CheckStackVars2 000000018002f124     MSVCRTD:stack.obj
 0003:00006138       $chain$6$_RTC_CheckStackVars2 000000018002f138     MSVCRTD:stack.obj
 0003:0000614c       $unwind$_RTC_AllocaHelper  000000018002f14c     MSVCRTD:stack.obj
 0003:00006154       $chain$0$_RTC_AllocaHelper 000000018002f154     MSVCRTD:stack.obj
 0003:0000616c       $chain$1$_RTC_AllocaHelper 000000018002f16c     MSVCRTD:stack.obj
 0003:00006180       $unwind$_RTC_Shutdown      000000018002f180     MSVCRTD:init.obj
 0003:00006188       $unwind$_RTC_InitBase      000000018002f188     MSVCRTD:init.obj
 0003:00006190       $unwind$__CheckForDebuggerJustMyCode 000000018002f190     MSVCRTD:debugger_jmc.obj
 0003:00006198       $unwind$__GSHandlerCheckCommon 000000018002f198     MSVCRTD:gshandler.obj
 0003:000061a0       $unwind$__GSHandlerCheck   000000018002f1a0     MSVCRTD:gshandler.obj
 0003:000061a8       $xdatasym                  000000018002f1a8     MSVCRTD:chkstk.obj
 0003:000061b0       $xdatasym                  000000018002f1b0     MSVCRTD:amdsecgs.obj
 0003:000061b4       $unwind$?dllmain_crt_process_attach@@YAHQEAUHINSTANCE__@@QEAX@Z 000000018002f1b4     MSVCRTD:dll_dllmain.obj
 0003:000061d8       $unwind$?fin$0@?0??dllmain_crt_process_attach@@YAHQEAUHINSTANCE__@@QEAX@Z@4HA 000000018002f1d8     MSVCRTD:dll_dllmain.obj
 0003:000061e0       $unwind$?dllmain_crt_process_detach@@YAH_N@Z 000000018002f1e0     MSVCRTD:dll_dllmain.obj
 0003:00006214       $unwind$?fin$0@?0??dllmain_crt_process_detach@@YAH_N@Z@4HA 000000018002f214     MSVCRTD:dll_dllmain.obj
 0003:0000621c       $unwind$?fin$1@?0??dllmain_crt_process_detach@@YAH_N@Z@4HA 000000018002f21c     MSVCRTD:dll_dllmain.obj
 0003:00006224       $unwind$?dllmain_crt_dispatch@@YAHQEAUHINSTANCE__@@KQEAX@Z 000000018002f224     MSVCRTD:dll_dllmain.obj
 0003:0000622c       $unwind$_CRT_INIT          000000018002f22c     MSVCRTD:dll_dllmain.obj
 0003:00006234       $unwind$?dllmain_raw@@YAHQEAUHINSTANCE__@@KQEAX@Z 000000018002f234     MSVCRTD:dll_dllmain.obj
 0003:0000623c       $unwind$?dllmain_dispatch@@YAHQEAUHINSTANCE__@@KQEAX@Z 000000018002f23c     MSVCRTD:dll_dllmain.obj
 0003:00006260       $unwind$?filt$0@?0??dllmain_dispatch@@YAHQEAUHINSTANCE__@@KQEAX@Z@4HA 000000018002f260     MSVCRTD:dll_dllmain.obj
 0003:00006268       $unwind$_DllMainCRTStartup 000000018002f268     MSVCRTD:dll_dllmain.obj
 0003:00006270       $unwind$_RTC_UninitUse     000000018002f270     MSVCRTD:error.obj
 0003:0000628c       $unwind$?_RTC_StackFailure@@YAXPEAXPEBD@Z 000000018002f28c     MSVCRTD:error.obj
 0003:000062ac       $unwind$?_RTC_AllocaFailure@@YAXPEAXPEAU_RTC_ALLOCA_NODE@@H@Z 000000018002f2ac     MSVCRTD:error.obj
 0003:000062c8       $chain$0$?_RTC_AllocaFailure@@YAXPEAXPEAU_RTC_ALLOCA_NODE@@H@Z 000000018002f2c8     MSVCRTD:error.obj
 0003:000062e0       $chain$1$?_RTC_AllocaFailure@@YAXPEAXPEAU_RTC_ALLOCA_NODE@@H@Z 000000018002f2e0     MSVCRTD:error.obj
 0003:000062f4       $unwind$_vsprintf_s_l      000000018002f2f4     MSVCRTD:error.obj
 0003:0000630c       $unwind$sprintf_s          000000018002f30c     MSVCRTD:error.obj
 0003:00006314       $unwind$?notify_debugger@@YAXAEBUtagEXCEPTION_VISUALCPP_DEBUG_INFO@@@Z 000000018002f314     MSVCRTD:error.obj
 0003:00006338       $unwind$?filt$0@?0??notify_debugger@@YAXAEBUtagEXCEPTION_VISUALCPP_DEBUG_INFO@@@Z@4HA 000000018002f338     MSVCRTD:error.obj
 0003:00006340       $unwind$?DebuggerProbe@@YA_NK@Z 000000018002f340     MSVCRTD:error.obj
 0003:00006348       $unwind$?DebuggerRuntime@@YA_NKHPEAXPEB_W@Z 000000018002f348     MSVCRTD:error.obj
 0003:00006350       $unwind$?failwithmessage@@YAXPEAXHHPEBD@Z 000000018002f350     MSVCRTD:error.obj
 0003:00006378       $unwind$?_getMemBlockDataString@@YAXPEAD0PEBD_K@Z 000000018002f378     MSVCRTD:error.obj
 0003:0000638c       $chain$3$?_getMemBlockDataString@@YAXPEAD0PEBD_K@Z 000000018002f38c     MSVCRTD:error.obj
 0003:000063b0       $chain$4$?_getMemBlockDataString@@YAXPEAD0PEBD_K@Z 000000018002f3b0     MSVCRTD:error.obj
 0003:000063c4       $unwind$__report_securityfailure 000000018002f3c4     MSVCRTD:gs_report.obj
 0003:000063cc       $unwind$__report_securityfailureEx 000000018002f3cc     MSVCRTD:gs_report.obj
 0003:000063d4       $unwind$__report_rangecheckfailure 000000018002f3d4     MSVCRTD:gs_report.obj
 0003:000063dc       $unwind$__report_gsfailure 000000018002f3dc     MSVCRTD:gs_report.obj
 0003:000063e4       $unwind$capture_current_context 000000018002f3e4     MSVCRTD:gs_report.obj
 0003:000063ec       $unwind$capture_previous_context 000000018002f3ec     MSVCRTD:gs_report.obj
 0003:000063f4       $unwind$__raise_securityfailure 000000018002f3f4     MSVCRTD:gs_report.obj
 0003:000063fc       $unwind$__security_init_cookie 000000018002f3fc     MSVCRTD:gs_support.obj
 0003:00006404       $unwind$__get_entropy      000000018002f404     MSVCRTD:gs_support.obj
 0003:0000640c       $unwind$DllMain            000000018002f40c     MSVCRTD:dll_dllmain_stub.obj
 0003:00006414       $unwind$?__scrt_initialize_type_info@@YAXXZ 000000018002f414     MSVCRTD:tncleanup.obj
 0003:0000641c       $unwind$?__scrt_uninitialize_type_info@@YAXXZ 000000018002f41c     MSVCRTD:tncleanup.obj
 0003:00006424       $unwind$__scrt_initialize_default_local_stdio_options 000000018002f424     MSVCRTD:default_local_stdio_options.obj
 0003:0000642c       $unwind$atexit             000000018002f42c     MSVCRTD:utility.obj
 0003:00006434       $unwind$_onexit            000000018002f434     MSVCRTD:utility.obj
 0003:0000643c       $unwind$at_quick_exit      000000018002f43c     MSVCRTD:utility.obj
 0003:00006444       $unwind$__scrt_is_nonwritable_in_current_image 000000018002f444     MSVCRTD:utility.obj
 0003:00006468       $unwind$__scrt_is_nonwritable_in_current_image$filt$0 000000018002f468     MSVCRTD:utility.obj
 0003:00006470       $unwind$__scrt_acquire_startup_lock 000000018002f470     MSVCRTD:utility.obj
 0003:00006478       $unwind$__scrt_release_startup_lock 000000018002f478     MSVCRTD:utility.obj
 0003:00006480       $unwind$__scrt_initialize_crt 000000018002f480     MSVCRTD:utility.obj
 0003:00006488       $unwind$__scrt_uninitialize_crt 000000018002f488     MSVCRTD:utility.obj
 0003:00006490       $unwind$__scrt_initialize_onexit_tables 000000018002f490     MSVCRTD:utility.obj
 0003:000064a0       $unwind$__scrt_dllmain_exception_filter 000000018002f4a0     MSVCRTD:utility.obj
 0003:000064a8       $unwind$__scrt_dllmain_before_initialize_c 000000018002f4a8     MSVCRTD:utility.obj
 0003:000064b0       $unwind$__scrt_dllmain_after_initialize_c 000000018002f4b0     MSVCRTD:utility.obj
 0003:000064b8       $unwind$__scrt_dllmain_uninitialize_c 000000018002f4b8     MSVCRTD:utility.obj
 0003:000064c0       $unwind$__scrt_dllmain_uninitialize_critical 000000018002f4c0     MSVCRTD:utility.obj
 0003:000064c8       $unwind$__scrt_dllmain_crt_thread_attach 000000018002f4c8     MSVCRTD:utility.obj
 0003:000064d0       $unwind$__scrt_dllmain_crt_thread_detach 000000018002f4d0     MSVCRTD:utility.obj
 0003:000064d8       $unwind$?configure_argv@__scrt_narrow_argv_policy@@SAHXZ 000000018002f4d8     MSVCRTD:utility.obj
 0003:000064e0       $unwind$?initialize_environment@__scrt_narrow_environment_policy@@SAHXZ 000000018002f4e0     MSVCRTD:utility.obj
 0003:000064e8       $unwind$?is_potentially_valid_image_base@@YA_NQEAX@Z 000000018002f4e8     MSVCRTD:utility.obj
 0003:000064f0       $unwind$?find_pe_section@@YAPEAU_IMAGE_SECTION_HEADER@@QEAE_K@Z 000000018002f4f0     MSVCRTD:utility.obj
 0003:000064f8       $unwind$__scrt_get_show_window_mode 000000018002f4f8     MSVCRTD:utility_desktop.obj
 0003:00006508       $unwind$__scrt_is_managed_app 000000018002f508     MSVCRTD:utility_desktop.obj
 0003:00006510       $unwind$__scrt_initialize_mta 000000018002f510     MSVCRTD:utility_desktop.obj
 0003:00006518       $unwind$__scrt_set_unhandled_exception_filter 000000018002f518     MSVCRTD:utility_desktop.obj
 0003:00006520       $unwind$__scrt_fastfail    000000018002f520     MSVCRTD:utility_desktop.obj
 0003:00006530       $unwind$__scrt_unhandled_exception_filter 000000018002f530     MSVCRTD:utility_desktop.obj
 0003:00006538       $unwind$_RTC_Initialize    000000018002f538     MSVCRTD:initsect.obj
 0003:00006548       $unwind$_RTC_Terminate     000000018002f548     MSVCRTD:initsect.obj
 0003:00006558       $unwind$ReadNoFence64      000000018002f558     MSVCRTD:guard_support.obj
 0003:00006560       $unwind$ReadPointerNoFence 000000018002f560     MSVCRTD:guard_support.obj
 0003:00006568       $unwind$_guard_icall_checks_enforced 000000018002f568     MSVCRTD:guard_support.obj
 0003:00006570       $unwind$__castguard_compat_check 000000018002f570     MSVCRTD:guard_support.obj
 0003:00006578       $unwind$__castguard_check_failure_debugbreak 000000018002f578     MSVCRTD:guard_support.obj
 0003:00006580       $unwind$__castguard_check_failure_fastfail 000000018002f580     MSVCRTD:guard_support.obj
 0003:00006588       $unwind$__castguard_check_failure_os_handled 000000018002f588     MSVCRTD:guard_support.obj
 0003:00006590       $unwind$__castguard_slow_path_compat_check 000000018002f590     MSVCRTD:guard_support.obj
 0003:00006598       $unwind$__castguard_slow_path_check_debugbreak 000000018002f598     MSVCRTD:guard_support.obj
 0003:000065a0       $unwind$__castguard_slow_path_check_fastfail 000000018002f5a0     MSVCRTD:guard_support.obj
 0003:000065a8       $unwind$__castguard_slow_path_check_os_handled 000000018002f5a8     MSVCRTD:guard_support.obj
 0003:000065b0       $unwind$?_RTC_GetSrcLine@@YAHPEAEPEA_WKPEAH1K@Z 000000018002f5b0     MSVCRTD:pdblkup.obj
 0003:000065cc       $unwind$?GetPdbDllFromInstallPath@@YAPEAUHINSTANCE__@@XZ 000000018002f5cc     MSVCRTD:pdblkup.obj
 0003:000065f4       $unwind$?GetPdbDllPathFromFilePath@@YAHPEB_WPEA_W_K@Z 000000018002f5f4     MSVCRTD:pdblkup.obj
 0003:00006610       $unwind$?GetPdbDll@@YAPEAUHINSTANCE__@@XZ 000000018002f610     MSVCRTD:pdblkup.obj
 0003:00006624       $unwind$__isa_available_init 000000018002f624     MSVCRTD:cpu_disp.obj
 0003:00006638       $unwind$__scrt_is_ucrt_dll_in_use 000000018002f638     MSVCRTD:ucrt_detection.obj
 0003:00006640       $xdatasym                  000000018002f640     MSVCRTD:guard_dispatch.obj
 0003:00006648       $xdatasym                  000000018002f648     MSVCRTD:guard_xfg_dispatch.obj
 0003:00006900       .edata                     000000018002f900     P5Engine.exp
 0003:00006928       rgpv                       000000018002f928     P5Engine.exp
 0003:00006930       rgszName                   000000018002f930     P5Engine.exp
 0003:00006938       rgwOrd                     000000018002f938     P5Engine.exp
 0003:0000693c       szName                     000000018002f93c     P5Engine.exp
 0003:00006949       $N00001                    000000018002f949     P5Engine.exp
 0003:0000695d       $N00002                    000000018002f95d     P5Engine.exp
 0004:00000000       ?RandomNumberTable@@3PAIA  0000000180030000     p5engine.obj
 0004:00004e40       ?init@?1??_RTC_InitBase@@9@4_NA 0000000180034e40     MSVCRTD:init.obj
 0004:00004e44       ?__proc_attached@@3HA      0000000180034e44     MSVCRTD:dll_dllmain.obj
 0004:00004e58       ?_RTC_ErrorReportFunc@@3P6AHHPEBDH00ZZEA 0000000180034e58     MSVCRTD:userapi.obj
 0004:00004e60       ?_RTC_ErrorReportFuncW@@3P6AHHPEB_WH00ZZEA 0000000180034e60     MSVCRTD:userapi.obj
 0004:00004e70       GS_ExceptionRecord         0000000180034e70     MSVCRTD:gs_report.obj
 0004:00004f10       GS_ContextRecord           0000000180034f10     MSVCRTD:gs_report.obj
 0004:00005538       ?is_initialized_as_dll@@3_NA 0000000180035538     MSVCRTD:utility.obj
 0004:00005539       ?module_local_atexit_table_initialized@@3_NA 0000000180035539     MSVCRTD:utility.obj
 0004:00005540       ?module_local_atexit_table@@3U_onexit_table_t@@A 0000000180035540     MSVCRTD:utility.obj
 0004:00005558       ?module_local_at_quick_exit_table@@3U_onexit_table_t@@A 0000000180035558     MSVCRTD:utility.obj
 0004:00005598       ?mspdb@@3PEAUHINSTANCE__@@EA 0000000180035598     MSVCRTD:pdblkup.obj
 0004:000055a1       ?alreadyTried@?1??GetPdbDll@@YAPEAUHINSTANCE__@@XZ@4_NA 00000001800355a1     MSVCRTD:pdblkup.obj
 0004:000055a2       ?PDBOK@?1??_RTC_GetSrcLine@@YAHPEAEPEA_WKPEAH1K@Z@4_NA 00000001800355a2     MSVCRTD:pdblkup.obj
 0006:0000078a       .idata$6                   000000018003978a     vcruntimed:VCRUNTIME140D.dll
 0006:00000932       .idata$6                   0000000180039932     ucrtd:ucrtbased.dll
 0006:00000b74       .idata$6                   0000000180039b74     kernel32:KERNEL32.dll
 0007:00000000       __5C0B09BC_p5engine_platform@h 000000018003a000     p5engine.obj
 0007:00000001       __09340588_corecrt_math@h  000000018003a001     p5engine.obj
 0007:00000002       __B0C4CEA9_malloc@h        000000018003a002     p5engine.obj
 0007:00000003       __3A0418DB_p5engine_intrinsics@h 000000018003a003     p5engine.obj
 0007:00000004       __6D6C9F34_p5engine_math@h 000000018003a004     p5engine.obj
 0007:00000005       __326D9465_p5engine_entity@h 000000018003a005     p5engine.obj
 0007:00000006       __B7D51BCB_p5engine@h      000000018003a006     p5engine.obj
 0007:00000007       __DC0D61CC_p5engine_world@cpp 000000018003a007     p5engine.obj
 0007:00000008       __5DD8E4E4_p5engine_sim_region@cpp 000000018003a008     p5engine.obj
 0007:00000009       __9C871DF9_p5engine_entity@cpp 000000018003a009     p5engine.obj
 0007:0000000a       __74B1E2C0_p5engine_random@h 000000018003a00a     p5engine.obj
 0007:0000000b       __D1049797_p5engine@cpp    000000018003a00b     p5engine.obj
 0009:00000170       $R000000                   000000018003c170     * linker generated manifest res *
