 P5Engine

 Timestamp is 6132d885 (Fri Sep  3 19:23:01 2021)

 Preferred load address is 0000000180000000

 Start         Length     Name                   Class
 0001:00000000 00010000H .textbss                DATA
 0002:00000000 00011ee0H .text$mn                CODE
 0002:00011ee0 00001040H .text$mn$00             CODE
 0002:00012f20 00001141H .text$x                 CODE
 0003:00000000 00000110H .CRT$XCA                DATA
 0003:00000110 00000110H .CRT$XCZ                DATA
 0003:00000220 00000110H .CRT$XIA                DATA
 0003:00000330 00000110H .CRT$XIZ                DATA
 0003:00000440 00000110H .CRT$XPA                DATA
 0003:00000550 00000110H .CRT$XPZ                DATA
 0003:00000660 00000110H .CRT$XTA                DATA
 0003:00000770 00000110H .CRT$XTZ                DATA
 0003:00000880 00003380H .rdata                  DATA
 0003:00003c00 00000110H .rdata$CastGuardVftablesA DATA
 0003:00003d10 0000010cH .rdata$CastGuardVftablesC DATA
 0003:00003e1c 0000017cH .rdata$zzzdbg           DATA
 0003:00003f98 00000110H .rtc$IAA                DATA
 0003:000040a8 00000110H .rtc$IMZ                DATA
 0003:000041b8 00000110H .rtc$IZZ                DATA
 0003:000042c8 00000110H .rtc$TAA                DATA
 0003:000043d8 00000110H .rtc$TMZ                DATA
 0003:000044e8 00000110H .rtc$TZZ                DATA
 0003:000045f8 00001048H .xdata                  DATA
 0003:00005640 00000187H .edata                  DATA
 0004:00000000 00004e40H .data                   DATA
 0004:00004e40 00000788H .bss                    DATA
 0005:00000000 000025b0H .pdata                  DATA
 0006:00000000 00000340H .idata$5                DATA
 0006:00000340 0000003cH .idata$2                DATA
 0006:0000037c 00000014H .idata$3                DATA
 0006:00000390 00000340H .idata$4                DATA
 0006:000006d0 00000656H .idata$6                DATA
 0007:00000000 0000010dH .msvcjmc                DATA
 0008:00000000 00000151H .00cfg                  DATA
 0009:00000000 00000170H .rsrc$01                DATA
 0009:00000170 000001b6H .rsrc$02                DATA

  Address         Publics by Value              Rva+Base               Lib:Object

 0000:00000000       __hybrid_auxiliary_iat     0000000000000000     <absolute>
 0000:00000000       __x64_code_ranges_to_entry_points 0000000000000000     <absolute>
 0000:00000000       __AbsoluteZero             0000000000000000     <absolute>
 0000:00000000       __arm64x_extra_rfe_table   0000000000000000     <absolute>
 0000:00000000       __hybrid_code_map          0000000000000000     <absolute>
 0000:00000000       __volatile_metadata        0000000000000000     <absolute>
 0000:00000000       __arm64x_extra_rfe_table_size 0000000000000000     <absolute>
 0000:00000000       ___safe_se_handler_table   0000000000000000     <absolute>
 0000:00000000       __guard_check_icall_a64n_fptr 0000000000000000     <absolute>
 0000:00000000       __guard_iat_table          0000000000000000     <absolute>
 0000:00000000       __hybrid_code_map_count    0000000000000000     <absolute>
 0000:00000000       ___safe_se_handler_count   0000000000000000     <absolute>
 0000:00000000       __arm64x_redirection_metadata 0000000000000000     <absolute>
 0000:00000000       __guard_fids_table         0000000000000000     <absolute>
 0000:00000000       __guard_longjmp_table      0000000000000000     <absolute>
 0000:00000000       __guard_fids_count         0000000000000000     <absolute>
 0000:00000000       __guard_iat_count          0000000000000000     <absolute>
 0000:00000000       __dynamic_value_reloc_table 0000000000000000     <absolute>
 0000:00000000       __guard_longjmp_count      0000000000000000     <absolute>
 0000:00000000       __arm64x_native_entrypoint 0000000000000000     <absolute>
 0000:00000000       __hybrid_auxiliary_iat_copy 0000000000000000     <absolute>
 0000:00000000       __guard_eh_cont_count      0000000000000000     <absolute>
 0000:00000000       __x64_code_ranges_to_entry_points_count 0000000000000000     <absolute>
 0000:00000000       __guard_eh_cont_table      0000000000000000     <absolute>
 0000:00000000       __arm64x_redirection_metadata_count 0000000000000000     <absolute>
 0000:00000000       __enclave_config           0000000000000000     <absolute>
 0000:00000100       __guard_flags              0000000000000100     <absolute>
 0000:00000000       __ImageBase                0000000180000000     <linker-defined>
 0001:00000000       __enc$textbss$begin        0000000180001000     <linker-defined>
 0001:00010000       __enc$textbss$end          0000000180011000     <linker-defined>
 0002:00000920       ??D@YA?ATv2@@MT0@@Z        0000000180011920 f i p5engine.obj
 0002:00000a10       ??D@YA?ATv3@@MT0@@Z        0000000180011a10 f i p5engine.obj
 0002:00000b50       ??D@YA?ATv3@@T0@M@Z        0000000180011b50 f i p5engine.obj
 0002:00000c50       ??G@YA?ATv2@@T0@0@Z        0000000180011c50 f i p5engine.obj
 0002:00000d40       ??G@YA?ATv3@@T0@0@Z        0000000180011d40 f i p5engine.obj
 0002:00000e90       ??H@YA?ATv2@@T0@0@Z        0000000180011e90 f i p5engine.obj
 0002:00000f80       ??H@YA?ATv3@@T0@0@Z        0000000180011f80 f i p5engine.obj
 0002:000010d0       ??X@YAAEATv3@@AEAT0@M@Z    00000001800120d0 f i p5engine.obj
 0002:00001190       ??Y@YAAEATv2@@AEAT0@T0@@Z  0000000180012190 f i p5engine.obj
 0002:00001210       ??Y@YAAEATv3@@AEAT0@T0@@Z  0000000180012210 f i p5engine.obj
 0002:000012f0       ??Z@YAAEATv3@@AEAT0@T0@@Z  00000001800122f0 f i p5engine.obj
 0002:000013d0       ?AbsoluteValue@@YAMM@Z     00000001800123d0 f i p5engine.obj
 0002:00001b60       ?AddFlag@@YAXPEAUsim_entity@@W4entity_flag@@@Z 0000000180012b60 f i p5engine.obj
 0002:000021b0       ?AddRadiusTo@@YA?AUrectangle3@@U1@Tv3@@@Z 00000001800131b0 f i p5engine.obj
 0002:00002850       ?AreInSameChunk@@YAHPEAUworld@@PEAUworld_position@@1@Z 0000000180013850 f i p5engine.obj
 0002:00003360       ?ChangeEntityLocationRaw@@YAXPEAUmemory_arena@@PEAUworld@@IPEAUworld_position@@2@Z 0000000180014360 f i p5engine.obj
 0002:00003860       ?ChunkPositionFromTilePosition@@YA?AUworld_position@@PEAUworld@@HHH@Z 0000000180014860 f i p5engine.obj
 0002:00003c00       ?ClearFlag@@YAXPEAUsim_entity@@W4entity_flag@@@Z 0000000180014c00 f i p5engine.obj
 0002:000040f0       ?DefaultMoveSpec@@YA?AUmove_spec@@XZ 00000001800150f0 f i p5engine.obj
 0002:000050e0       ?EntityOverlapsRectangle@@YAHTv3@@0Urectangle3@@@Z 00000001800160e0 f i p5engine.obj
 0002:00005290       ?FindLeastSignificantSetBit@@YA?AUbit_scan_result@@I@Z 0000000180016290 f i p5engine.obj
 0002:00005560       ?GetLowEntity@@YAPEAUlow_entity@@PEAUgame_state@@I@Z 0000000180016560 f i p5engine.obj
 0002:00005600       ?GetMaxCorner@@YA?ATv3@@Urectangle3@@@Z 0000000180016600 f i p5engine.obj
 0002:000056c0       ?GetMinCorner@@YA?ATv3@@Urectangle3@@@Z 00000001800166c0 f i p5engine.obj
 0002:00005780       ?GetSimSpacePos@@YA?ATv3@@PEAUsim_region@@PEAUlow_entity@@@Z 0000000180016780 f i p5engine.obj
 0002:00005900       ?GetWorldChunk@@YAPEAUworld_chunk@@PEAUworld@@HHHPEAUmemory_arena@@@Z 0000000180016900 f i p5engine.obj
 0002:00005b80       ?Hadamard@@YA?ATv3@@T1@0@Z 0000000180016b80 f i p5engine.obj
 0002:00005dd0       ?HasFlag@@YAHPEAUsim_entity@@W4entity_flag@@@Z 0000000180016dd0 f i p5engine.obj
 0002:00005ef0       ?InitializeArena@@YAXPEAUmemory_arena@@_KPEAX@Z 0000000180016ef0 f i p5engine.obj
 0002:000060d0       ?Inner@@YAMTv3@@0@Z        00000001800170d0 f i p5engine.obj
 0002:00006180       ?IsCanonical@@YAHMM@Z      0000000180017180 f i p5engine.obj
 0002:00006250       ?IsCanonical@@YAHPEAUworld@@Tv3@@@Z 0000000180017250 f i p5engine.obj
 0002:00006330       ?IsInRectangle@@YAHUrectangle3@@Tv3@@@Z 0000000180017330 f i p5engine.obj
 0002:00006450       ?IsValid@@YAHUworld_position@@@Z 0000000180017450 f i p5engine.obj
 0002:000064c0       ?Length@@YAMTv3@@@Z        00000001800174c0 f i p5engine.obj
 0002:00006540       ?LengthSq@@YAMTv3@@@Z      0000000180017540 f i p5engine.obj
 0002:000065e0       ?LoadEntityReference@@YAXPEAUgame_state@@PEAUsim_region@@PEATentity_reference@@@Z 00000001800175e0 f i p5engine.obj
 0002:00006780       ?MakeEntityNonSpatial@@YAXPEAUsim_entity@@@Z 0000000180017780 f i p5engine.obj
 0002:00006840       ?MakeEntitySpatial@@YAXPEAUsim_entity@@Tv3@@1@Z 0000000180017840 f i p5engine.obj
 0002:000068e0       ?MapIntoChunkSpace@@YA?AUworld_position@@PEAUworld@@U1@Tv3@@@Z 00000001800178e0 f i p5engine.obj
 0002:00008200       ?NullPosition@@YA?AUworld_position@@XZ 0000000180019200 f i p5engine.obj
 0002:000082e0       ?PushBitmap@@YAXPEAUentity_visible_piece_group@@PEAUloaded_bitmap@@Tv2@@M2MM@Z 00000001800192e0 f i p5engine.obj
 0002:00008480       ?PushPiece@@YAXPEAUentity_visible_piece_group@@PEAUloaded_bitmap@@Tv2@@2M2Tv4@@M@Z 0000000180019480 f i p5engine.obj
 0002:000086a0       ?PushRect@@YAXPEAUentity_visible_piece_group@@Tv2@@M1Tv4@@M@Z 00000001800196a0 f i p5engine.obj
 0002:00008790       ?PushSize_@@YAPEAXPEAUmemory_arena@@_K@Z 0000000180019790 f i p5engine.obj
 0002:00008850       ?RecanonicalizeCoord@@YAXMPEAHPEAM@Z 0000000180019850 f i p5engine.obj
 0002:00008940       ?RectCenterDim@@YA?AUrectangle3@@Tv3@@0@Z 0000000180019940 f i p5engine.obj
 0002:00008ab0       ?RectCenterHalfDim@@YA?AUrectangle3@@Tv3@@0@Z 0000000180019ab0 f i p5engine.obj
 0002:00008cc0       ?RectanglesIntersect@@YAHUrectangle3@@0@Z 0000000180019cc0 f i p5engine.obj
 0002:00008df0       ?RotateLeft@@YAIIH@Z       0000000180019df0 f i p5engine.obj
 0002:00008e50       ?RoundReal32ToInt32@@YAHM@Z 0000000180019e50 f i p5engine.obj
 0002:00008eb0       ?RoundReal32ToUInt32@@YAIM@Z 0000000180019eb0 f i p5engine.obj
 0002:000090c0       ?Sin@@YAMM@Z               000000018001a0c0 f i p5engine.obj
 0002:00009120       ?Square@@YAMM@Z            000000018001a120 f i p5engine.obj
 0002:00009180       ?SquareRoot@@YAMM@Z        000000018001a180 f i p5engine.obj
 0002:000091e0       ?StoreEntityReference@@YAXPEATentity_reference@@@Z 000000018001a1e0 f i p5engine.obj
 0002:000096f0       ?V2@@YA?ATv2@@MM@Z         000000018001a6f0 f i p5engine.obj
 0002:000097c0       ?V3@@YA?ATv3@@MMM@Z        000000018001a7c0 f i p5engine.obj
 0002:000098e0       ?V4@@YA?ATv4@@MMMM@Z       000000018001a8e0 f i p5engine.obj
 0002:00009a10       ?ZeroSize@@YAX_KPEAX@Z     000000018001aa10 f i p5engine.obj
 0002:00009ab0       GameGetSoundSamples        000000018001aab0 f   p5engine.obj
 0002:00009b20       GameUpdateAndRender        000000018001ab20 f   p5engine.obj
 0002:0000c8e0       GetController              000000018001d8e0 f i p5engine.obj
 0002:0000c960       __JustMyCode_Default       000000018001d960 f i p5engine.obj
 0002:0000c970       _RTC_AllocaHelper          000000018001d970 f   MSVCRTD:stack.obj
 0002:0000c9c0       _RTC_CheckStackVars        000000018001d9c0 f   MSVCRTD:stack.obj
 0002:0000ca70       _RTC_CheckStackVars2       000000018001da70 f   MSVCRTD:stack.obj
 0002:0000cbc0       _CRT_RTC_INIT              000000018001dbc0 f   MSVCRTD:init.obj
 0002:0000cbd0       _CRT_RTC_INITW             000000018001dbd0 f   MSVCRTD:init.obj
 0002:0000cbe0       _RTC_InitBase              000000018001dbe0 f   MSVCRTD:init.obj
 0002:0000cc30       _RTC_Shutdown              000000018001dc30 f   MSVCRTD:init.obj
 0002:0000cc60       __CheckForDebuggerJustMyCode 000000018001dc60 f   MSVCRTD:debugger_jmc.obj
 0002:0000ccb0       __GSHandlerCheck           000000018001dcb0 f   MSVCRTD:gshandler.obj
 0002:0000cd00       __GSHandlerCheckCommon     000000018001dd00 f   MSVCRTD:gshandler.obj
 0002:0000ce50       _alloca_probe              000000018001de50 f   MSVCRTD:chkstk.obj
 0002:0000ce50       __chkstk                   000000018001de50 f   MSVCRTD:chkstk.obj
 0002:0000ced0       __security_check_cookie    000000018001ded0 f   MSVCRTD:amdsecgs.obj
 0002:0000d400       _CRT_INIT                  000000018001e400 f   MSVCRTD:dll_dllmain.obj
 0002:0000d440       _DllMainCRTStartup         000000018001e440 f   MSVCRTD:dll_dllmain.obj
 0002:0000d540       ?_RTC_AllocaFailure@@YAXPEAXPEAU_RTC_ALLOCA_NODE@@H@Z 000000018001e540 f   MSVCRTD:error.obj
 0002:0000d6f0       ?_RTC_Failure@@YAXPEAXH@Z  000000018001e6f0 f   MSVCRTD:error.obj
 0002:0000d760       ?_RTC_StackFailure@@YAXPEAXPEBD@Z 000000018001e760 f   MSVCRTD:error.obj
 0002:0000dca0       _RTC_UninitUse             000000018001eca0 f   MSVCRTD:error.obj
 0002:0000dda0       __local_stdio_printf_options 000000018001eda0 f i MSVCRTD:error.obj
 0002:0000ddb0       _vsprintf_s_l              000000018001edb0 f i MSVCRTD:error.obj
 0002:0000de30       sprintf_s                  000000018001ee30 f i MSVCRTD:error.obj
 0002:0000de60       ?_RTC_GetErrorFunc@@YAP6AHHPEBDH00ZZPEBX@Z 000000018001ee60 f   MSVCRTD:userapi.obj
 0002:0000de70       ?_RTC_GetErrorFuncW@@YAP6AHHPEB_WH00ZZPEBX@Z 000000018001ee70 f   MSVCRTD:userapi.obj
 0002:0000de80       _RTC_GetErrDesc            000000018001ee80 f   MSVCRTD:userapi.obj
 0002:0000dea0       _RTC_NumErrors             000000018001eea0 f   MSVCRTD:userapi.obj
 0002:0000deb0       _RTC_SetErrorFunc          000000018001eeb0 f   MSVCRTD:userapi.obj
 0002:0000ded0       _RTC_SetErrorFuncW         000000018001eed0 f   MSVCRTD:userapi.obj
 0002:0000def0       _RTC_SetErrorType          000000018001eef0 f   MSVCRTD:userapi.obj
 0002:0000df20       __raise_securityfailure    000000018001ef20 f   MSVCRTD:gs_report.obj
 0002:0000df70       __report_gsfailure         000000018001ef70 f   MSVCRTD:gs_report.obj
 0002:0000e080       __report_rangecheckfailure 000000018001f080 f   MSVCRTD:gs_report.obj
 0002:0000e0a0       __report_securityfailure   000000018001f0a0 f   MSVCRTD:gs_report.obj
 0002:0000e170       __report_securityfailureEx 000000018001f170 f   MSVCRTD:gs_report.obj
 0002:0000e560       __security_init_cookie     000000018001f560 f   MSVCRTD:gs_support.obj
 0002:0000e600       DllMain                    000000018001f600 f   MSVCRTD:dll_dllmain_stub.obj
 0002:0000e650       ?__scrt_initialize_type_info@@YAXXZ 000000018001f650 f   MSVCRTD:tncleanup.obj
 0002:0000e670       ?__scrt_uninitialize_type_info@@YAXXZ 000000018001f670 f   MSVCRTD:tncleanup.obj
 0002:0000e690       __local_stdio_scanf_options 000000018001f690 f i MSVCRTD:default_local_stdio_options.obj
 0002:0000e6a0       __scrt_initialize_default_local_stdio_options 000000018001f6a0 f   MSVCRTD:default_local_stdio_options.obj
 0002:0000e700       ?configure_argv@__scrt_narrow_argv_policy@@SAHXZ 000000018001f700 f i MSVCRTD:utility.obj
 0002:0000e820       ?initialize_environment@__scrt_narrow_environment_policy@@SAHXZ 000000018001f820 f i MSVCRTD:utility.obj
 0002:0000e8f0       NtCurrentTeb               000000018001f8f0 f i MSVCRTD:utility.obj
 0002:0000e900       __scrt_acquire_startup_lock 000000018001f900 f   MSVCRTD:utility.obj
 0002:0000e980       __scrt_dllmain_after_initialize_c 000000018001f980 f   MSVCRTD:utility.obj
 0002:0000e9c0       __scrt_dllmain_before_initialize_c 000000018001f9c0 f   MSVCRTD:utility.obj
 0002:0000e9f0       __scrt_dllmain_crt_thread_attach 000000018001f9f0 f   MSVCRTD:utility.obj
 0002:0000ea30       __scrt_dllmain_crt_thread_detach 000000018001fa30 f   MSVCRTD:utility.obj
 0002:0000ea50       __scrt_dllmain_exception_filter 000000018001fa50 f   MSVCRTD:utility.obj
 0002:0000ead0       __scrt_dllmain_uninitialize_c 000000018001fad0 f   MSVCRTD:utility.obj
 0002:0000eb10       __scrt_dllmain_uninitialize_critical 000000018001fb10 f   MSVCRTD:utility.obj
 0002:0000eb30       __scrt_initialize_crt      000000018001fb30 f   MSVCRTD:utility.obj
 0002:0000eb90       __scrt_initialize_onexit_tables 000000018001fb90 f   MSVCRTD:utility.obj
 0002:0000ece0       __scrt_is_nonwritable_in_current_image 000000018001fce0 f   MSVCRTD:utility.obj
 0002:0000ed90       __scrt_release_startup_lock 000000018001fd90 f   MSVCRTD:utility.obj
 0002:0000edd0       __scrt_uninitialize_crt    000000018001fdd0 f   MSVCRTD:utility.obj
 0002:0000ee20       _onexit                    000000018001fe20 f   MSVCRTD:utility.obj
 0002:0000eec0       at_quick_exit              000000018001fec0 f   MSVCRTD:utility.obj
 0002:0000ef20       atexit                     000000018001ff20 f   MSVCRTD:utility.obj
 0002:0000ef60       __scrt_get_dyn_tls_init_callback 000000018001ff60 f   MSVCRTD:dyn_tls_init.obj
 0002:0000ef70       __crt_debugger_hook        000000018001ff70 f   MSVCRTD:utility_desktop.obj
 0002:0000ef90       __scrt_fastfail            000000018001ff90 f   MSVCRTD:utility_desktop.obj
 0002:0000f190       __scrt_get_show_window_mode 0000000180020190 f   MSVCRTD:utility_desktop.obj
 0002:0000f200       __scrt_initialize_mta      0000000180020200 f   MSVCRTD:utility_desktop.obj
 0002:0000f220       __scrt_initialize_winrt    0000000180020220 f   MSVCRTD:utility_desktop.obj
 0002:0000f230       __scrt_is_managed_app      0000000180020230 f   MSVCRTD:utility_desktop.obj
 0002:0000f300       __scrt_set_unhandled_exception_filter 0000000180020300 f   MSVCRTD:utility_desktop.obj
 0002:0000f320       __scrt_stub_for_initialize_mta 0000000180020320 f   MSVCRTD:utility_desktop.obj
 0002:0000f320       __scrt_exe_initialize_mta  0000000180020320 f   MSVCRTD:utility_desktop.obj
 0002:0000f330       __scrt_unhandled_exception_filter 0000000180020330 f   MSVCRTD:utility_desktop.obj
 0002:0000f3f0       _RTC_Initialize            00000001800203f0 f   MSVCRTD:initsect.obj
 0002:0000f450       _RTC_Terminate             0000000180020450 f   MSVCRTD:initsect.obj
 0002:0000f4b0       _guard_check_icall_nop     00000001800204b0 f i MSVCRTD:guard_support.obj
 0002:0000f4c0       ReadNoFence64              00000001800204c0 f i MSVCRTD:guard_support.obj
 0002:0000f4f0       ReadPointerNoFence         00000001800204f0 f i MSVCRTD:guard_support.obj
 0002:0000f510       __castguard_check_failure_debugbreak 0000000180020510 f i MSVCRTD:guard_support.obj
 0002:0000f540       __castguard_check_failure_fastfail 0000000180020540 f i MSVCRTD:guard_support.obj
 0002:0000f570       __castguard_check_failure_nop 0000000180020570 f i MSVCRTD:guard_support.obj
 0002:0000f580       __castguard_check_failure_os_handled 0000000180020580 f i MSVCRTD:guard_support.obj
 0002:0000f670       __castguard_slow_path_check_debugbreak 0000000180020670 f i MSVCRTD:guard_support.obj
 0002:0000f6c0       __castguard_slow_path_check_fastfail 00000001800206c0 f i MSVCRTD:guard_support.obj
 0002:0000f720       __castguard_slow_path_check_nop 0000000180020720 f i MSVCRTD:guard_support.obj
 0002:0000f740       __castguard_slow_path_check_os_handled 0000000180020740 f i MSVCRTD:guard_support.obj
 0002:0000f850       _guard_icall_checks_enforced 0000000180020850 f i MSVCRTD:guard_support.obj
 0002:0000f8a0       _guard_rf_checks_enforced  00000001800208a0 f i MSVCRTD:guard_support.obj
 0002:0000ff00       ?_RTC_GetSrcLine@@YAHPEAEPEA_WKPEAH1K@Z 0000000180020f00 f   MSVCRTD:pdblkup.obj
 0002:000103c0       __isa_available_init       00000001800213c0 f   MSVCRTD:cpu_disp.obj
 0002:00010840       _get_startup_argv_mode     0000000180021840 f   MSVCRTD:argv_mode.obj
 0002:00010850       __scrt_is_ucrt_dll_in_use  0000000180021850 f   MSVCRTD:ucrt_detection.obj
 0002:00010880       __C_specific_handler       0000000180021880 f   vcruntimed:VCRUNTIME140D.dll
 0002:00010886       __C_specific_handler_noexcept 0000000180021886 f   vcruntimed:VCRUNTIME140D.dll
 0002:0001088c       __std_type_info_destroy_list 000000018002188c f   vcruntimed:VCRUNTIME140D.dll
 0002:00010892       __current_exception        0000000180021892 f   vcruntimed:VCRUNTIME140D.dll
 0002:00010898       __current_exception_context 0000000180021898 f   vcruntimed:VCRUNTIME140D.dll
 0002:0001089e       __vcrt_GetModuleFileNameW  000000018002189e f   vcruntimed:VCRUNTIME140D.dll
 0002:000108a4       __vcrt_GetModuleHandleW    00000001800218a4 f   vcruntimed:VCRUNTIME140D.dll
 0002:000108aa       __vcrt_LoadLibraryExW      00000001800218aa f   vcruntimed:VCRUNTIME140D.dll
 0002:000108b0       fabs                       00000001800218b0 f   ucrtd:ucrtbased.dll
 0002:000108b6       roundf                     00000001800218b6 f   ucrtd:ucrtbased.dll
 0002:000108bc       sinf                       00000001800218bc f   ucrtd:ucrtbased.dll
 0002:000108c2       sqrtf                      00000001800218c2 f   ucrtd:ucrtbased.dll
 0002:000108c8       _rotl                      00000001800218c8 f   ucrtd:ucrtbased.dll
 0002:000108ce       _CrtDbgReport              00000001800218ce f   ucrtd:ucrtbased.dll
 0002:000108d4       _CrtDbgReportW             00000001800218d4 f   ucrtd:ucrtbased.dll
 0002:000108da       _initterm                  00000001800218da f   ucrtd:ucrtbased.dll
 0002:000108e0       _initterm_e                00000001800218e0 f   ucrtd:ucrtbased.dll
 0002:000108e6       strcpy_s                   00000001800218e6 f   ucrtd:ucrtbased.dll
 0002:000108ec       strcat_s                   00000001800218ec f   ucrtd:ucrtbased.dll
 0002:000108f2       __stdio_common_vsprintf_s  00000001800218f2 f   ucrtd:ucrtbased.dll
 0002:000108f8       _seh_filter_dll            00000001800218f8 f   ucrtd:ucrtbased.dll
 0002:000108fe       _configure_narrow_argv     00000001800218fe f   ucrtd:ucrtbased.dll
 0002:00010904       _initialize_narrow_environment 0000000180021904 f   ucrtd:ucrtbased.dll
 0002:0001090a       _initialize_onexit_table   000000018002190a f   ucrtd:ucrtbased.dll
 0002:00010910       _register_onexit_function  0000000180021910 f   ucrtd:ucrtbased.dll
 0002:00010916       _execute_onexit_table      0000000180021916 f   ucrtd:ucrtbased.dll
 0002:0001091c       _crt_atexit                000000018002191c f   ucrtd:ucrtbased.dll
 0002:00010922       _crt_at_quick_exit         0000000180021922 f   ucrtd:ucrtbased.dll
 0002:00010928       _cexit                     0000000180021928 f   ucrtd:ucrtbased.dll
 0002:0001092e       terminate                  000000018002192e f   ucrtd:ucrtbased.dll
 0002:00010934       _wmakepath_s               0000000180021934 f   ucrtd:ucrtbased.dll
 0002:0001093a       _wsplitpath_s              000000018002193a f   ucrtd:ucrtbased.dll
 0002:00010940       wcscpy_s                   0000000180021940 f   ucrtd:ucrtbased.dll
 0002:00010946       GetCurrentThreadId         0000000180021946 f   kernel32:KERNEL32.dll
 0002:0001094c       IsDebuggerPresent          000000018002194c f   kernel32:KERNEL32.dll
 0002:00010952       RaiseException             0000000180021952 f   kernel32:KERNEL32.dll
 0002:00010958       MultiByteToWideChar        0000000180021958 f   kernel32:KERNEL32.dll
 0002:0001095e       WideCharToMultiByte        000000018002195e f   kernel32:KERNEL32.dll
 0002:00010964       RtlCaptureContext          0000000180021964 f   kernel32:KERNEL32.dll
 0002:0001096a       RtlLookupFunctionEntry     000000018002196a f   kernel32:KERNEL32.dll
 0002:00010970       RtlVirtualUnwind           0000000180021970 f   kernel32:KERNEL32.dll
 0002:00010976       UnhandledExceptionFilter   0000000180021976 f   kernel32:KERNEL32.dll
 0002:0001097c       SetUnhandledExceptionFilter 000000018002197c f   kernel32:KERNEL32.dll
 0002:00010982       GetCurrentProcess          0000000180021982 f   kernel32:KERNEL32.dll
 0002:00010988       TerminateProcess           0000000180021988 f   kernel32:KERNEL32.dll
 0002:0001098e       IsProcessorFeaturePresent  000000018002198e f   kernel32:KERNEL32.dll
 0002:00010994       QueryPerformanceCounter    0000000180021994 f   kernel32:KERNEL32.dll
 0002:0001099a       GetCurrentProcessId        000000018002199a f   kernel32:KERNEL32.dll
 0002:000109a0       GetSystemTimeAsFileTime    00000001800219a0 f   kernel32:KERNEL32.dll
 0002:000109a6       DisableThreadLibraryCalls  00000001800219a6 f   kernel32:KERNEL32.dll
 0002:000109ac       InitializeSListHead        00000001800219ac f   kernel32:KERNEL32.dll
 0002:000109b2       GetStartupInfoW            00000001800219b2 f   kernel32:KERNEL32.dll
 0002:000109b8       GetModuleHandleW           00000001800219b8 f   kernel32:KERNEL32.dll
 0002:000109be       GetLastError               00000001800219be f   kernel32:KERNEL32.dll
 0002:000109c4       HeapAlloc                  00000001800219c4 f   kernel32:KERNEL32.dll
 0002:000109ca       HeapFree                   00000001800219ca f   kernel32:KERNEL32.dll
 0002:000109d0       GetProcessHeap             00000001800219d0 f   kernel32:KERNEL32.dll
 0002:000109d6       VirtualQuery               00000001800219d6 f   kernel32:KERNEL32.dll
 0002:000109dc       FreeLibrary                00000001800219dc f   kernel32:KERNEL32.dll
 0002:000109e2       GetProcAddress             00000001800219e2 f   kernel32:KERNEL32.dll
 0002:000109f0       __scrt_stub_for_acrt_initialize 00000001800219f0 f   MSVCRTD:ucrt_stubs.obj
 0002:000109f0       __acrt_initialize          00000001800219f0 f   MSVCRTD:ucrt_stubs.obj
 0002:000109f0       __vcrt_initialize          00000001800219f0 f   MSVCRTD:ucrt_stubs.obj
 0002:00010a00       __acrt_thread_attach       0000000180021a00 f   MSVCRTD:ucrt_stubs.obj
 0002:00010a00       __vcrt_thread_attach       0000000180021a00 f   MSVCRTD:ucrt_stubs.obj
 0002:00010a00       __scrt_stub_for_acrt_thread_attach 0000000180021a00 f   MSVCRTD:ucrt_stubs.obj
 0002:00010a10       __scrt_stub_for_acrt_thread_detach 0000000180021a10 f   MSVCRTD:ucrt_stubs.obj
 0002:00010a10       __vcrt_thread_detach       0000000180021a10 f   MSVCRTD:ucrt_stubs.obj
 0002:00010a10       __acrt_thread_detach       0000000180021a10 f   MSVCRTD:ucrt_stubs.obj
 0002:00010a20       __vcrt_uninitialize        0000000180021a20 f   MSVCRTD:ucrt_stubs.obj
 0002:00010a20       __scrt_stub_for_acrt_uninitialize 0000000180021a20 f   MSVCRTD:ucrt_stubs.obj
 0002:00010a20       __acrt_uninitialize        0000000180021a20 f   MSVCRTD:ucrt_stubs.obj
 0002:00010a30       __vcrt_uninitialize_critical 0000000180021a30 f   MSVCRTD:ucrt_stubs.obj
 0002:00010a30       __scrt_stub_for_acrt_uninitialize_critical 0000000180021a30 f   MSVCRTD:ucrt_stubs.obj
 0002:00010a30       __acrt_uninitialize_critical 0000000180021a30 f   MSVCRTD:ucrt_stubs.obj
 0002:00010a40       _is_c_termination_complete 0000000180021a40 f   MSVCRTD:ucrt_stubs.obj
 0002:00010a40       __scrt_stub_for_is_c_termination_complete 0000000180021a40 f   MSVCRTD:ucrt_stubs.obj
 0002:00011ef0       _guard_dispatch_icall_nop  0000000180022ef0 f   MSVCRTD:guard_dispatch.obj
 0002:00011f10       _guard_xfg_dispatch_icall_nop 0000000180022f10 f   MSVCRTD:guard_xfg_dispatch.obj
 0003:00000000       __xc_a                     0000000180026000     MSVCRTD:initializers.obj
 0003:00000110       __xc_z                     0000000180026110     MSVCRTD:initializers.obj
 0003:00000220       __xi_a                     0000000180026220     MSVCRTD:initializers.obj
 0003:00000330       __xi_z                     0000000180026330     MSVCRTD:initializers.obj
 0003:00000440       __xp_a                     0000000180026440     MSVCRTD:initializers.obj
 0003:00000550       __xp_z                     0000000180026550     MSVCRTD:initializers.obj
 0003:00000660       __xt_a                     0000000180026660     MSVCRTD:initializers.obj
 0003:00000770       __xt_z                     0000000180026770     MSVCRTD:initializers.obj
 0003:00002b60       ??_C@_0BA@NMEIMCEK@InvalidCodePath@ 0000000180028b60     p5engine.obj
 0003:00002b78       ??_C@_0BF@HOIOEMCL@P5Engine?1data?1bg?4bmp@ 0000000180028b78     p5engine.obj
 0003:00002b98       ??_C@_0BJ@EPENJOEL@P5Engine?1data?1shadow?4bmp@ 0000000180028b98     p5engine.obj
 0003:00002bb8       ??_C@_0BJ@HEECFFOE@P5Engine?1data?1stairs?4bmp@ 0000000180028bb8     p5engine.obj
 0003:00002bd8       ??_C@_0BH@DDOBAHNL@P5Engine?1data?1tree?4bmp@ 0000000180028bd8     p5engine.obj
 0003:00002bf8       ??_C@_0BI@EPGPCLAL@P5Engine?1data?1enemy?4bmp@ 0000000180028bf8     p5engine.obj
 0003:00002c18       ??_C@_0BG@IEBKPHGI@P5Engine?1data?1orb?4bmp@ 0000000180028c18     p5engine.obj
 0003:00002c38       ??_C@_0BP@CIDLMIJA@P5Engine?1data?1char?9right?90?4bmp@ 0000000180028c38     p5engine.obj
 0003:00002c60       ??_C@_0BO@PEBAPFLC@P5Engine?1data?1char?9back?90?4bmp@ 0000000180028c60     p5engine.obj
 0003:00002c88       ??_C@_0BO@EAIBBIAG@P5Engine?1data?1char?9left?90?4bmp@ 0000000180028c88     p5engine.obj
 0003:00002cb0       ??_C@_0BP@MKDPGEOC@P5Engine?1data?1char?9front?90?4bmp@ 0000000180028cb0     p5engine.obj
 0003:00002cd8       ??_C@_0BO@KNNOBFKI@P5Engine?1data?1sword?9right?4bmp@ 0000000180028cd8     p5engine.obj
 0003:00002d00       ??_C@_0BN@LDDHILOB@P5Engine?1data?1sword?9back?4bmp@ 0000000180028d00     p5engine.obj
 0003:00002d28       ??_C@_0BN@FPAHMBGA@P5Engine?1data?1sword?9left?4bmp@ 0000000180028d28     p5engine.obj
 0003:00002d50       ??_C@_0BO@BNDLMGBJ@P5Engine?1data?1sword?9front?4bmp@ 0000000180028d50     p5engine.obj
 0003:00002d74       __real@00000000            0000000180028d74     p5engine.obj
 0003:00002d78       __real@3a83126f            0000000180028d78     p5engine.obj
 0003:00002d7c       __real@3c23d70a            0000000180028d7c     p5engine.obj
 0003:00002d80       __real@3e4ccccd            0000000180028d80     p5engine.obj
 0003:00002d84       __real@3e800000            0000000180028d84     p5engine.obj
 0003:00002d88       __real@3f000000            0000000180028d88     p5engine.obj
 0003:00002d8c       __real@3f800000            0000000180028d8c     p5engine.obj
 0003:00002d90       __real@3fb33333            0000000180028d90     p5engine.obj
 0003:00002d94       __real@3fc00000            0000000180028d94     p5engine.obj
 0003:00002d98       __real@40000000            0000000180028d98     p5engine.obj
 0003:00002d9c       __real@400ccccd            0000000180028d9c     p5engine.obj
 0003:00002da0       __real@40400000            0000000180028da0     p5engine.obj
 0003:00002da4       __real@40a00000            0000000180028da4     p5engine.obj
 0003:00002da8       __real@40c00000            0000000180028da8     p5engine.obj
 0003:00002dac       __real@40c90fdb            0000000180028dac     p5engine.obj
 0003:00002db0       __real@41200000            0000000180028db0     p5engine.obj
 0003:00002db4       __real@41800000            0000000180028db4     p5engine.obj
 0003:00002db8       __real@41880000            0000000180028db8     p5engine.obj
 0003:00002dbc       __real@41a00000            0000000180028dbc     p5engine.obj
 0003:00002dc0       __real@41c00000            0000000180028dc0     p5engine.obj
 0003:00002dc4       __real@41f00000            0000000180028dc4     p5engine.obj
 0003:00002dc8       __real@42000000            0000000180028dc8     p5engine.obj
 0003:00002dcc       __real@42100000            0000000180028dcc     p5engine.obj
 0003:00002dd0       __real@42600000            0000000180028dd0     p5engine.obj
 0003:00002dd4       __real@42800000            0000000180028dd4     p5engine.obj
 0003:00002dd8       __real@42820000            0000000180028dd8     p5engine.obj
 0003:00002ddc       __real@42960000            0000000180028ddc     p5engine.obj
 0003:00002de0       __real@437f0000            0000000180028de0     p5engine.obj
 0003:00002de4       __real@461c4000            0000000180028de4     p5engine.obj
 0003:00002de8       __real@47c35000            0000000180028de8     p5engine.obj
 0003:00002dec       __real@becccccd            0000000180028dec     p5engine.obj
 0003:00002df0       __real@bf000000            0000000180028df0     p5engine.obj
 0003:00002df4       __real@bf800000            0000000180028df4     p5engine.obj
 0003:00002df8       __real@c11ccccd            0000000180028df8     p5engine.obj
 0003:00002e00       __xmm@80000000800000008000000080000000 0000000180028e00     p5engine.obj
 0003:00002e18       _pRawDllMain               0000000180028e18     MSVCRTD:dll_dllmain.obj
 0003:00002e18       _pDefaultRawDllMain        0000000180028e18     MSVCRTD:dll_dllmain.obj
 0003:00002f10       ??_C@_0NN@JMPELKLB@The?5value?5of?5ESP?5was?5not?5proper@ 0000000180028f10     MSVCRTD:error.obj
 0003:00003020       ??_C@_0BBN@ELNNILBE@A?5cast?5to?5a?5smaller?5data?5type?5h@ 0000000180029020     MSVCRTD:error.obj
 0003:00003178       ??_C@_0BN@BPOGFMJL@Stack?5memory?5was?5corrupted?$AN?6@ 0000000180029178     MSVCRTD:error.obj
 0003:000031a0       ??_C@_0DG@DAJCDLPN@A?5local?5variable?5was?5used?5befor@ 00000001800291a0     MSVCRTD:error.obj
 0003:000031e0       ??_C@_0CM@JMIDGKLA@Stack?5memory?5around?5_alloca?5was@ 00000001800291e0     MSVCRTD:error.obj
 0003:00003218       ??_C@_0BO@CHIONIOI@Unknown?5Runtime?5Check?5Error?$AN?6@ 0000000180029218     MSVCRTD:error.obj
 0003:00003240       ??_C@_1GM@CNOOJIHC@?$AAR?$AAu?$AAn?$AAt?$AAi?$AAm?$AAe?$AA?5?$AAC?$AAh?$AAe?$AAc?$AAk?$AA?5?$AAE@ 0000000180029240     MSVCRTD:error.obj
 0003:000032d0       ??_C@_1EA@NFKNIFJP@?$AAR?$AAu?$AAn?$AA?9?$AAT?$AAi?$AAm?$AAe?$AA?5?$AAC?$AAh?$AAe?$AAc?$AAk?$AA?5@ 00000001800292d0     MSVCRTD:error.obj
 0003:00003320       ??_C@_0BB@PFFGGCJP@Unknown?5Filename@ 0000000180029320     MSVCRTD:error.obj
 0003:00003338       ??_C@_0BE@GNBOBNCK@Unknown?5Module?5Name@ 0000000180029338     MSVCRTD:error.obj
 0003:00003350       ??_C@_0CA@IODNCDPG@Run?9Time?5Check?5Failure?5?$CD?$CFd?5?9?5?$CFs@ 0000000180029350     MSVCRTD:error.obj
 0003:00003378       ??_C@_0CG@IAFNJNEE@Stack?5corrupted?5near?5unknown?5va@ 0000000180029378     MSVCRTD:error.obj
 0003:000033a8       ??_C@_05MKKEDADM@?$CF?42X?5@ 00000001800293a8     MSVCRTD:error.obj
 0003:000033b0       ??_C@_0EJ@LJKNEOLN@Stack?5area?5around?5_alloca?5memor@ 00000001800293b0     MSVCRTD:error.obj
 0003:00003408       ??_C@_01EEMJAFIK@?6@       0000000180029408     MSVCRTD:error.obj
 0003:0000340c       ??_C@_02LLMPMKNF@?$DO?5@   000000018002940c     MSVCRTD:error.obj
 0003:00003410       ??_C@_08OMAHNMHJ@?6Data?3?5?$DM@ 0000000180029410     MSVCRTD:error.obj
 0003:00003420       ??_C@_0CK@DKGBICFE@?6Allocation?5number?5within?5this?5@ 0000000180029420     MSVCRTD:error.obj
 0003:00003458       ??_C@_07DFDJCKFN@?6Size?3?5@ 0000000180029458     MSVCRTD:error.obj
 0003:00003468       ??_C@_0N@MHFFIMFG@?6Address?3?50x@ 0000000180029468     MSVCRTD:error.obj
 0003:00003480       ??_C@_0EI@CLEPFNGI@Stack?5area?5around?5_alloca?5memor@ 0000000180029480     MSVCRTD:error.obj
 0003:000034d8       ??_C@_0BK@ODNDAGKB@?$CFs?$CFs?$CFp?$CFs?$CFzd?$CFs?$CFd?$CFs?$CFs?$CFs?$CFs?$CFs@ 00000001800294d8     MSVCRTD:error.obj
 0003:000034f8       ??_C@_0DE@OHJBPMBP@A?5variable?5is?5being?5used?5withou@ 00000001800294f8     MSVCRTD:error.obj
 0003:00003568       ??_C@_0BJ@HEGAHDFO@Stack?5pointer?5corruption@ 0000000180029568     MSVCRTD:userapi.obj
 0003:00003588       ??_C@_0CK@FEGOIOPB@Cast?5to?5smaller?5type?5causing?5lo@ 0000000180029588     MSVCRTD:userapi.obj
 0003:000035c0       ??_C@_0BI@CIGMDCBH@Stack?5memory?5corruption@ 00000001800295c0     MSVCRTD:userapi.obj
 0003:000035e0       ??_C@_0CK@CNLNOEPB@Local?5variable?5used?5before?5init@ 00000001800295e0     MSVCRTD:userapi.obj
 0003:00003618       ??_C@_0BP@OGBCLIBO@Stack?5around?5_alloca?5corrupted@ 0000000180029618     MSVCRTD:userapi.obj
 0003:000036c0       ??_C@_1EI@MLPKHBGE@?$AAa?$AAp?$AAi?$AA?9?$AAm?$AAs?$AA?9?$AAw?$AAi?$AAn?$AA?9?$AAc?$AAo?$AAr?$AAe@ 00000001800296c0     MSVCRTD:pdblkup.obj
 0003:00003718       ??_C@_1BK@JHLNAEJL@?$AAa?$AAd?$AAv?$AAa?$AAp?$AAi?$AA3?$AA2?$AA?4?$AAd?$AAl?$AAl@ 0000000180029718     MSVCRTD:pdblkup.obj
 0003:00003738       ??_C@_0O@COHOBMLB@RegOpenKeyExW@ 0000000180029738     MSVCRTD:pdblkup.obj
 0003:00003748       ??_C@_0BB@GLNAEDBD@RegQueryValueExW@ 0000000180029748     MSVCRTD:pdblkup.obj
 0003:00003760       ??_C@_0M@HLOHPNFA@RegCloseKey@ 0000000180029760     MSVCRTD:pdblkup.obj
 0003:00003770       ??_C@_1HE@EBEAGLFB@?$AAS?$AAO?$AAF?$AAT?$AAW?$AAA?$AAR?$AAE?$AA?2?$AAW?$AAo?$AAw?$AA6?$AA4?$AA3@ 0000000180029770     MSVCRTD:pdblkup.obj
 0003:00003800       ??_C@_1BG@EABPBLLF@?$AAP?$AAr?$AAo?$AAd?$AAu?$AAc?$AAt?$AAD?$AAi?$AAr@ 0000000180029800     MSVCRTD:pdblkup.obj
 0003:00003848       ??_C@_1BC@JINFINNJ@?$AAM?$AAS?$AAP?$AAD?$AAB?$AA1?$AA4?$AA0@ 0000000180029848     MSVCRTD:pdblkup.obj
 0003:00003860       ??_C@_0BB@KCIACLNC@PDBOpenValidate5@ 0000000180029860     MSVCRTD:pdblkup.obj
 0003:00003874       ??_C@_01KDCPPGHE@r@        0000000180029874     MSVCRTD:pdblkup.obj
 0003:000038b0       _load_config_used          00000001800298b0     MSVCRTD:loadcfg.obj
 0003:00003c00       __CastGuardVftablesStart   0000000180029c00     MSVCRTD:guard_support.obj
 0003:00003d10       __CastGuardVftablesEnd     0000000180029d10     MSVCRTD:guard_support.obj
 0003:00003f98       __rtc_iaa                  0000000180029f98     MSVCRTD:initsect.obj
 0003:000041b8       __rtc_izz                  000000018002a1b8     MSVCRTD:initsect.obj
 0003:000042c8       __rtc_taa                  000000018002a2c8     MSVCRTD:initsect.obj
 0003:000044e8       __rtc_tzz                  000000018002a4e8     MSVCRTD:initsect.obj
 0004:00004cd0       __security_cookie_complement 0000000180030cd0     MSVCRTD:gs_cookie.obj
 0004:00004cd8       __security_cookie          0000000180030cd8     MSVCRTD:gs_cookie.obj
 0004:00004ce4       _fltused                   0000000180030ce4     MSVCRTD:fltused.obj
 0004:00004ce8       ?_RTC_ErrorLevels@@3PAHA   0000000180030ce8     MSVCRTD:error.obj
 0004:00004d00       __scrt_native_dllmain_reason 0000000180030d00     MSVCRTD:utility.obj
 0004:00004d08       __isa_available            0000000180030d08     MSVCRTD:cpu_disp.obj
 0004:00004d0c       __isa_enabled              0000000180030d0c     MSVCRTD:cpu_disp.obj
 0004:00004d10       __memcpy_nt_iters          0000000180030d10     MSVCRTD:cpu_disp.obj
 0004:00004d18       __memset_nt_iters          0000000180030d18     MSVCRTD:cpu_disp.obj
 0004:00004d30       __scrt_ucrt_dll_is_in_use  0000000180030d30     MSVCRTD:ucrt_stubs.obj
 0004:00004e48       ?_OptionsStorage@?1??__local_stdio_printf_options@@9@4_KA 0000000180030e48     MSVCRTD:error.obj
 0004:00005500       ?__type_info_root_node@@3U__type_info_node@@A 0000000180031500     MSVCRTD:tncleanup.obj
 0004:00005518       ?_OptionsStorage@?1??__local_stdio_scanf_options@@9@4_KA 0000000180031518     MSVCRTD:default_local_stdio_options.obj
 0004:00005528       __scrt_current_native_startup_state 0000000180031528     MSVCRTD:utility.obj
 0004:00005530       __scrt_native_startup_lock 0000000180031530     MSVCRTD:utility.obj
 0004:00005580       __scrt_debugger_hook_flag  0000000180031580     MSVCRTD:utility_desktop.obj
 0004:00005588       __castguard_check_failure_os_handled_fptr 0000000180031588     MSVCRTD:guard_support.obj
 0004:000055a4       __favor                    00000001800315a4     MSVCRTD:cpu_disp.obj
 0004:000055a8       __dyn_tls_init_callback    00000001800315a8     <common>
 0004:000055bc       __DebuggerCurrentSteppingThreadId 00000001800315bc     <common>
 0006:00000000       __imp_DisableThreadLibraryCalls 0000000180035000     kernel32:KERNEL32.dll
 0006:00000008       __imp_IsDebuggerPresent    0000000180035008     kernel32:KERNEL32.dll
 0006:00000010       __imp_RaiseException       0000000180035010     kernel32:KERNEL32.dll
 0006:00000018       __imp_MultiByteToWideChar  0000000180035018     kernel32:KERNEL32.dll
 0006:00000020       __imp_WideCharToMultiByte  0000000180035020     kernel32:KERNEL32.dll
 0006:00000028       __imp_RtlCaptureContext    0000000180035028     kernel32:KERNEL32.dll
 0006:00000030       __imp_RtlLookupFunctionEntry 0000000180035030     kernel32:KERNEL32.dll
 0006:00000038       __imp_RtlVirtualUnwind     0000000180035038     kernel32:KERNEL32.dll
 0006:00000040       __imp_GetProcAddress       0000000180035040     kernel32:KERNEL32.dll
 0006:00000048       __imp_FreeLibrary          0000000180035048     kernel32:KERNEL32.dll
 0006:00000050       __imp_VirtualQuery         0000000180035050     kernel32:KERNEL32.dll
 0006:00000058       __imp_GetProcessHeap       0000000180035058     kernel32:KERNEL32.dll
 0006:00000060       __imp_HeapFree             0000000180035060     kernel32:KERNEL32.dll
 0006:00000068       __imp_HeapAlloc            0000000180035068     kernel32:KERNEL32.dll
 0006:00000070       __imp_GetLastError         0000000180035070     kernel32:KERNEL32.dll
 0006:00000078       __imp_GetModuleHandleW     0000000180035078     kernel32:KERNEL32.dll
 0006:00000080       __imp_GetStartupInfoW      0000000180035080     kernel32:KERNEL32.dll
 0006:00000088       __imp_InitializeSListHead  0000000180035088     kernel32:KERNEL32.dll
 0006:00000090       __imp_GetCurrentThreadId   0000000180035090     kernel32:KERNEL32.dll
 0006:00000098       __imp_GetSystemTimeAsFileTime 0000000180035098     kernel32:KERNEL32.dll
 0006:000000a0       __imp_GetCurrentProcessId  00000001800350a0     kernel32:KERNEL32.dll
 0006:000000a8       __imp_QueryPerformanceCounter 00000001800350a8     kernel32:KERNEL32.dll
 0006:000000b0       __imp_IsProcessorFeaturePresent 00000001800350b0     kernel32:KERNEL32.dll
 0006:000000b8       __imp_TerminateProcess     00000001800350b8     kernel32:KERNEL32.dll
 0006:000000c0       __imp_GetCurrentProcess    00000001800350c0     kernel32:KERNEL32.dll
 0006:000000c8       __imp_SetUnhandledExceptionFilter 00000001800350c8     kernel32:KERNEL32.dll
 0006:000000d0       __imp_UnhandledExceptionFilter 00000001800350d0     kernel32:KERNEL32.dll
 0006:000000d8       \177KERNEL32_NULL_THUNK_DATA 00000001800350d8     kernel32:KERNEL32.dll
 0006:00000158       __imp___vcrt_GetModuleHandleW 0000000180035158     vcruntimed:VCRUNTIME140D.dll
 0006:00000160       __imp___vcrt_GetModuleFileNameW 0000000180035160     vcruntimed:VCRUNTIME140D.dll
 0006:00000168       __imp___current_exception_context 0000000180035168     vcruntimed:VCRUNTIME140D.dll
 0006:00000170       __imp___C_specific_handler 0000000180035170     vcruntimed:VCRUNTIME140D.dll
 0006:00000178       __imp___current_exception  0000000180035178     vcruntimed:VCRUNTIME140D.dll
 0006:00000180       __imp___std_type_info_destroy_list 0000000180035180     vcruntimed:VCRUNTIME140D.dll
 0006:00000188       __imp___C_specific_handler_noexcept 0000000180035188     vcruntimed:VCRUNTIME140D.dll
 0006:00000190       __imp___vcrt_LoadLibraryExW 0000000180035190     vcruntimed:VCRUNTIME140D.dll
 0006:00000198       \177VCRUNTIME140D_NULL_THUNK_DATA 0000000180035198     vcruntimed:VCRUNTIME140D.dll
 0006:000001f8       __imp_wcscpy_s             00000001800351f8     ucrtd:ucrtbased.dll
 0006:00000200       __imp__wsplitpath_s        0000000180035200     ucrtd:ucrtbased.dll
 0006:00000208       __imp_terminate            0000000180035208     ucrtd:ucrtbased.dll
 0006:00000210       __imp__cexit               0000000180035210     ucrtd:ucrtbased.dll
 0006:00000218       __imp__crt_at_quick_exit   0000000180035218     ucrtd:ucrtbased.dll
 0006:00000220       __imp__crt_atexit          0000000180035220     ucrtd:ucrtbased.dll
 0006:00000228       __imp__execute_onexit_table 0000000180035228     ucrtd:ucrtbased.dll
 0006:00000230       __imp__register_onexit_function 0000000180035230     ucrtd:ucrtbased.dll
 0006:00000238       __imp__initialize_onexit_table 0000000180035238     ucrtd:ucrtbased.dll
 0006:00000240       __imp__initialize_narrow_environment 0000000180035240     ucrtd:ucrtbased.dll
 0006:00000248       __imp__configure_narrow_argv 0000000180035248     ucrtd:ucrtbased.dll
 0006:00000250       __imp__seh_filter_dll      0000000180035250     ucrtd:ucrtbased.dll
 0006:00000258       __imp__wmakepath_s         0000000180035258     ucrtd:ucrtbased.dll
 0006:00000260       __imp_strcat_s             0000000180035260     ucrtd:ucrtbased.dll
 0006:00000268       __imp_strcpy_s             0000000180035268     ucrtd:ucrtbased.dll
 0006:00000270       __imp__initterm_e          0000000180035270     ucrtd:ucrtbased.dll
 0006:00000278       __imp__initterm            0000000180035278     ucrtd:ucrtbased.dll
 0006:00000280       __imp__CrtDbgReportW       0000000180035280     ucrtd:ucrtbased.dll
 0006:00000288       __imp__CrtDbgReport        0000000180035288     ucrtd:ucrtbased.dll
 0006:00000290       __imp__rotl                0000000180035290     ucrtd:ucrtbased.dll
 0006:00000298       __imp_sqrtf                0000000180035298     ucrtd:ucrtbased.dll
 0006:000002a0       __imp_sinf                 00000001800352a0     ucrtd:ucrtbased.dll
 0006:000002a8       __imp_roundf               00000001800352a8     ucrtd:ucrtbased.dll
 0006:000002b0       __imp_fabs                 00000001800352b0     ucrtd:ucrtbased.dll
 0006:000002b8       __imp___stdio_common_vsprintf_s 00000001800352b8     ucrtd:ucrtbased.dll
 0006:000002c0       \177ucrtbased_NULL_THUNK_DATA 00000001800352c0     ucrtd:ucrtbased.dll
 0006:00000340       __IMPORT_DESCRIPTOR_VCRUNTIME140D 0000000180035340     vcruntimed:VCRUNTIME140D.dll
 0006:00000354       __IMPORT_DESCRIPTOR_ucrtbased 0000000180035354     ucrtd:ucrtbased.dll
 0006:00000368       __IMPORT_DESCRIPTOR_KERNEL32 0000000180035368     kernel32:KERNEL32.dll
 0006:0000037c       __NULL_IMPORT_DESCRIPTOR   000000018003537c     vcruntimed:VCRUNTIME140D.dll
 0008:00000000       __guard_check_icall_fptr   0000000180037000     MSVCRTD:guard_support.obj
 0008:00000010       __guard_xfg_check_icall_fptr 0000000180037010     MSVCRTD:guard_support.obj
 0008:00000020       __guard_dispatch_icall_fptr 0000000180037020     MSVCRTD:guard_support.obj
 0008:00000030       __guard_xfg_dispatch_icall_fptr 0000000180037030     MSVCRTD:guard_support.obj
 0008:00000040       __guard_xfg_table_dispatch_icall_fptr 0000000180037040     MSVCRTD:guard_support.obj

 entry point at        0002:0000000f

 Static symbols

 0000:fffc6000       .debug$S                   0000000180000000     P5Engine.exp
 0000:fffc9000       _volmd                     0000000180000000     p5engine.obj
 0000:fffc9000       _volmd                     0000000180000000     p5engine.obj
 0000:fffc9000       _volmd                     0000000180000000     p5engine.obj
 0000:fffc9000       _volmd                     0000000180000000     p5engine.obj
 0000:fffc9000       _volmd                     0000000180000000     p5engine.obj
 0000:fffc9000       _volmd                     0000000180000000     p5engine.obj
 0000:fffc9000       _volmd                     0000000180000000     p5engine.obj
 0000:fffc9000       _volmd                     0000000180000000     p5engine.obj
 0000:fffc9000       _volmd                     0000000180000000     p5engine.obj
 0000:fffc9000       _volmd                     0000000180000000     p5engine.obj
 0000:fffc9000       _volmd                     0000000180000000     p5engine.obj
 0000:fffc9000       _volmd                     0000000180000000     p5engine.obj
 0000:fffc9000       _volmd                     0000000180000000     p5engine.obj
 0000:fffc9000       _volmd                     0000000180000000     p5engine.obj
 0000:fffc9000       _volmd                     0000000180000000     p5engine.obj
 0000:fffc9000       _volmd                     0000000180000000     p5engine.obj
 0000:fffc9000       _volmd                     0000000180000000     p5engine.obj
 0000:fffc9000       _volmd                     0000000180000000     p5engine.obj
 0000:fffc9000       _volmd                     0000000180000000     p5engine.obj
 0000:fffc9000       _volmd                     0000000180000000     p5engine.obj
 0000:fffc9000       _volmd                     0000000180000000     p5engine.obj
 0000:fffc9000       _volmd                     0000000180000000     p5engine.obj
 0000:fffc9000       _volmd                     0000000180000000     p5engine.obj
 0000:fffc9000       _volmd                     0000000180000000     p5engine.obj
 0000:fffc9000       _volmd                     0000000180000000     p5engine.obj
 0000:fffc9000       _volmd                     0000000180000000     MSVCRTD:cpu_disp.obj
 0000:fffca000       __guard_ehcont_?dllmain_dispatch@@YAHQEAUHINSTANCE__@@KQEAX@Z 0000000180000000     MSVCRTD:dll_dllmain.obj
 0000:fffca000       __guard_fids_?dllmain_dispatch@@YAHQEAUHINSTANCE__@@KQEAX@Z 0000000180000000     MSVCRTD:dll_dllmain.obj
 0000:fffca000       __guard_ehcont_?notify_debugger@@YAXAEBUtagEXCEPTION_VISUALCPP_DEBUG_INFO@@@Z 0000000180000000     MSVCRTD:error.obj
 0000:fffc9000       _volmd                     0000000180000000     MSVCRTD:gs_report.obj
 0000:fffc9000       _volmd                     0000000180000000     MSVCRTD:gs_report.obj
 0000:fffc9000       _volmd                     0000000180000000     MSVCRTD:gs_report.obj
 0000:fffca000       __guard_fids__             0000000180000000     MSVCRTD:guard_support.obj
 0000:fffca000       __guard_fids__             0000000180000000     MSVCRTD:guard_support.obj
 0000:fffca000       __guard_fids__guard_icall_checks_enforced 0000000180000000     MSVCRTD:guard_support.obj
 0000:fffc9000       _volmd                     0000000180000000     MSVCRTD:guard_support.obj
 0000:fffc9000       _volmd                     0000000180000000     MSVCRTD:guard_support.obj
 0000:fffc9000       _volmd                     0000000180000000     MSVCRTD:guard_support.obj
 0000:fffca000       __guard_fids__CRT_RTC_INIT 0000000180000000     MSVCRTD:init.obj
 0000:fffca000       __guard_fids__CRT_RTC_INITW 0000000180000000     MSVCRTD:init.obj
 0000:fffca000       __guard_ehcont___scrt_is_nonwritable_in_current_image 0000000180000000     MSVCRTD:utility.obj
 0000:fffc9000       _volmd                     0000000180000000     MSVCRTD:utility.obj
 0000:fffc9000       _volmd                     0000000180000000     MSVCRTD:utility.obj
 0000:fffc9000       _volmd                     0000000180000000     MSVCRTD:utility.obj
 0000:fffca000       __guard_fids___scrt_set_unhandled_exception_filter 0000000180000000     MSVCRTD:utility_desktop.obj
 0000:fffc9000       _volmd                     0000000180000000     MSVCRTD:utility_desktop.obj
 0000:fffc6000       .debug$S                   0000000180000000     vcruntimed:VCRUNTIME140D.dll
 0000:fffc6000       .debug$S                   0000000180000000     vcruntimed:VCRUNTIME140D.dll
 0000:fffc6000       .debug$S                   0000000180000000     vcruntimed:VCRUNTIME140D.dll
 0000:fffc6000       .debug$S                   0000000180000000     vcruntimed:VCRUNTIME140D.dll
 0000:fffc6000       .debug$S                   0000000180000000     vcruntimed:VCRUNTIME140D.dll
 0000:fffc6000       .debug$S                   0000000180000000     vcruntimed:VCRUNTIME140D.dll
 0000:fffc6000       .debug$S                   0000000180000000     vcruntimed:VCRUNTIME140D.dll
 0000:fffc6000       .debug$S                   0000000180000000     vcruntimed:VCRUNTIME140D.dll
 0000:fffc6000       .debug$S                   0000000180000000     ucrtd:ucrtbased.dll
 0000:fffc6000       .debug$S                   0000000180000000     ucrtd:ucrtbased.dll
 0000:fffc6000       .debug$S                   0000000180000000     ucrtd:ucrtbased.dll
 0000:fffc6000       .debug$S                   0000000180000000     ucrtd:ucrtbased.dll
 0000:fffc6000       .debug$S                   0000000180000000     ucrtd:ucrtbased.dll
 0000:fffc6000       .debug$S                   0000000180000000     ucrtd:ucrtbased.dll
 0000:fffc6000       .debug$S                   0000000180000000     ucrtd:ucrtbased.dll
 0000:fffc6000       .debug$S                   0000000180000000     ucrtd:ucrtbased.dll
 0000:fffc6000       .debug$S                   0000000180000000     ucrtd:ucrtbased.dll
 0000:fffc6000       .debug$S                   0000000180000000     ucrtd:ucrtbased.dll
 0000:fffc6000       .debug$S                   0000000180000000     ucrtd:ucrtbased.dll
 0000:fffc6000       .debug$S                   0000000180000000     ucrtd:ucrtbased.dll
 0000:fffc6000       .debug$S                   0000000180000000     ucrtd:ucrtbased.dll
 0000:fffc6000       .debug$S                   0000000180000000     ucrtd:ucrtbased.dll
 0000:fffc6000       .debug$S                   0000000180000000     ucrtd:ucrtbased.dll
 0000:fffc6000       .debug$S                   0000000180000000     ucrtd:ucrtbased.dll
 0000:fffc6000       .debug$S                   0000000180000000     ucrtd:ucrtbased.dll
 0000:fffc6000       .debug$S                   0000000180000000     ucrtd:ucrtbased.dll
 0000:fffc6000       .debug$S                   0000000180000000     ucrtd:ucrtbased.dll
 0000:fffc6000       .debug$S                   0000000180000000     ucrtd:ucrtbased.dll
 0000:fffc6000       .debug$S                   0000000180000000     ucrtd:ucrtbased.dll
 0000:fffc6000       .debug$S                   0000000180000000     ucrtd:ucrtbased.dll
 0000:fffc6000       .debug$S                   0000000180000000     ucrtd:ucrtbased.dll
 0000:fffc6000       .debug$S                   0000000180000000     ucrtd:ucrtbased.dll
 0000:fffc6000       .debug$S                   0000000180000000     ucrtd:ucrtbased.dll
 0000:fffc6000       .debug$S                   0000000180000000     kernel32:KERNEL32.dll
 0000:fffc6000       .debug$S                   0000000180000000     kernel32:KERNEL32.dll
 0000:fffc6000       .debug$S                   0000000180000000     kernel32:KERNEL32.dll
 0000:fffc6000       .debug$S                   0000000180000000     kernel32:KERNEL32.dll
 0000:fffc6000       .debug$S                   0000000180000000     kernel32:KERNEL32.dll
 0000:fffc6000       .debug$S                   0000000180000000     kernel32:KERNEL32.dll
 0000:fffc6000       .debug$S                   0000000180000000     kernel32:KERNEL32.dll
 0000:fffc6000       .debug$S                   0000000180000000     kernel32:KERNEL32.dll
 0000:fffc6000       .debug$S                   0000000180000000     kernel32:KERNEL32.dll
 0000:fffc6000       .debug$S                   0000000180000000     kernel32:KERNEL32.dll
 0000:fffc6000       .debug$S                   0000000180000000     kernel32:KERNEL32.dll
 0000:fffc6000       .debug$S                   0000000180000000     kernel32:KERNEL32.dll
 0000:fffc6000       .debug$S                   0000000180000000     kernel32:KERNEL32.dll
 0000:fffc6000       .debug$S                   0000000180000000     kernel32:KERNEL32.dll
 0000:fffc6000       .debug$S                   0000000180000000     kernel32:KERNEL32.dll
 0000:fffc6000       .debug$S                   0000000180000000     kernel32:KERNEL32.dll
 0000:fffc6000       .debug$S                   0000000180000000     kernel32:KERNEL32.dll
 0000:fffc6000       .debug$S                   0000000180000000     kernel32:KERNEL32.dll
 0000:fffc6000       .debug$S                   0000000180000000     kernel32:KERNEL32.dll
 0000:fffc6000       .debug$S                   0000000180000000     kernel32:KERNEL32.dll
 0000:fffc6000       .debug$S                   0000000180000000     kernel32:KERNEL32.dll
 0000:fffc6000       .debug$S                   0000000180000000     kernel32:KERNEL32.dll
 0000:fffc6000       .debug$S                   0000000180000000     kernel32:KERNEL32.dll
 0000:fffc6000       .debug$S                   0000000180000000     kernel32:KERNEL32.dll
 0000:fffc6000       .debug$S                   0000000180000000     kernel32:KERNEL32.dll
 0000:fffc6000       .debug$S                   0000000180000000     kernel32:KERNEL32.dll
 0000:fffc6000       .debug$S                   0000000180000000     kernel32:KERNEL32.dll
 0002:00001430       ?AddCollisionRule@@YAXPEAUgame_state@@IIH@Z 0000000180012430 f   p5engine.obj
 0002:00001630       ?AddEntity@@YAPEAUsim_entity@@PEAUgame_state@@PEAUsim_region@@IPEAUlow_entity@@PEATv3@@@Z 0000000180012630 f   p5engine.obj
 0002:000017d0       ?AddEntityRaw@@YAPEAUsim_entity@@PEAUgame_state@@PEAUsim_region@@IPEAUlow_entity@@@Z 00000001800127d0 f   p5engine.obj
 0002:000019e0       ?AddFamiliar@@YA?AUadd_low_entity_result@@PEAUgame_state@@III@Z 00000001800129e0 f   p5engine.obj
 0002:00001bc0       ?AddLowEntity@@YA?AUadd_low_entity_result@@PEAUgame_state@@W4entity_type@@Uworld_position@@@Z 0000000180012bc0 f   p5engine.obj
 0002:00001e30       ?AddMonstar@@YA?AUadd_low_entity_result@@PEAUgame_state@@III@Z 0000000180012e30 f   p5engine.obj
 0002:00001fe0       ?AddPlayer@@YA?AUadd_low_entity_result@@PEAUgame_state@@@Z 0000000180012fe0 f   p5engine.obj
 0002:000023c0       ?AddStairs@@YA?AUadd_low_entity_result@@PEAUgame_state@@III@Z 00000001800133c0 f   p5engine.obj
 0002:00002570       ?AddSword@@YA?AUadd_low_entity_result@@PEAUgame_state@@@Z 0000000180013570 f   p5engine.obj
 0002:000026b0       ?AddWall@@YA?AUadd_low_entity_result@@PEAUgame_state@@III@Z 00000001800136b0 f   p5engine.obj
 0002:000029b0       ?BeginSim@@YAPEAUsim_region@@PEAUmemory_arena@@PEAUgame_state@@PEAUworld@@Uworld_position@@Urectangle3@@M@Z 00000001800139b0 f   p5engine.obj
 0002:00002ff0       ?HandleCollision@@YAHPEAUgame_state@@PEAUsim_entity@@1H@Z 0000000180013ff0 f   p5engine.obj
 0002:00003180       ?ChangeEntityLocation@@YAXPEAUmemory_arena@@PEAUworld@@IPEAUlow_entity@@Uworld_position@@@Z 0000000180014180 f   p5engine.obj
 0002:00003ad0       ?ClearCollisionRulesFor@@YAXPEAUgame_state@@I@Z 0000000180014ad0 f   p5engine.obj
 0002:00003c60       ?DEBUGLoadBMP@@YA?AUloaded_bitmap@@PEAUthread_context@@P6A?AUdebug_read_file_result@@0PEAD@Z1@Z 0000000180014c60 f   p5engine.obj
 0002:00004200       ?DrawBitmap@@YAXPEAUgame_offscreen_buffer@@PEAUloaded_bitmap@@MMM@Z 0000000180015200 f   p5engine.obj
 0002:00004780       ?DrawHitpoints@@YAXPEAUsim_entity@@PEAUentity_visible_piece_group@@@Z 0000000180015780 f   p5engine.obj
 0002:00004a80       ?DrawRectangle@@YAXPEAUgame_offscreen_buffer@@Tv2@@1MMM@Z 0000000180015a80 f   p5engine.obj
 0002:00004d20       ?EndSim@@YAXPEAUsim_region@@PEAUgame_state@@@Z 0000000180015d20 f   p5engine.obj
 0002:00005360       ?GameOutputSound@@YAXPEAUgame_state@@PEAUgame_sound_output_buffer@@H@Z 0000000180016360 f   p5engine.obj
 0002:00005450       ?GetHashFromStorageIndex@@YAPEAUsim_entity_hash@@PEAUsim_region@@I@Z 0000000180016450 f   p5engine.obj
 0002:00005e30       ?InitHitPoints@@YAXPEAUlow_entity@@I@Z 0000000180016e30 f   p5engine.obj
 0002:00005f70       ?InitializeWorld@@YAXPEAUworld@@M@Z 0000000180016f70 f   p5engine.obj
 0002:00006a60       ?MoveEntity@@YAXPEAUgame_state@@PEAUsim_region@@PEAUsim_entity@@MPEAUmove_spec@@Tv3@@@Z 0000000180017a60 f   p5engine.obj
 0002:00008f10       ?ShouldCollide@@YAHPEAUgame_state@@PEAUsim_entity@@1@Z 0000000180019f10 f   p5engine.obj
 0002:00009240       ?Subtract@@YA?ATv3@@PEAUworld@@PEAUworld_position@@1@Z 000000018001a240 f   p5engine.obj
 0002:00009570       ?TestWall@@YAHMMMMMPEAMMM@Z 000000018001a570 f   p5engine.obj
 0002:0000bf98       $LN111                     000000018001cf98     p5engine.obj
 0002:0000ce40       $$000000                   000000018001de40     MSVCRTD:chkstk.obj
 0002:0000cec0       $$000000                   000000018001dec0     MSVCRTD:amdsecgs.obj
 0002:0000cf00       ?dllmain_crt_dispatch@@YAHQEAUHINSTANCE__@@KQEAX@Z 000000018001df00 f   MSVCRTD:dll_dllmain.obj
 0002:0000cfb0       ?dllmain_crt_process_attach@@YAHQEAUHINSTANCE__@@QEAX@Z 000000018001dfb0 f   MSVCRTD:dll_dllmain.obj
 0002:0000d140       ?dllmain_crt_process_detach@@YAH_N@Z 000000018001e140 f   MSVCRTD:dll_dllmain.obj
 0002:0000d200       ?dllmain_dispatch@@YAHQEAUHINSTANCE__@@KQEAX@Z 000000018001e200 f   MSVCRTD:dll_dllmain.obj
 0002:0000d390       ?dllmain_raw@@YAHQEAUHINSTANCE__@@KQEAX@Z 000000018001e390 f   MSVCRTD:dll_dllmain.obj
 0002:0000d490       ?DebuggerProbe@@YA_NK@Z    000000018001e490 f   MSVCRTD:error.obj
 0002:0000d4e0       ?DebuggerRuntime@@YA_NKHPEAXPEB_W@Z 000000018001e4e0 f   MSVCRTD:error.obj
 0002:0000d870       ?_getMemBlockDataString@@YAXPEAD0PEBD_K@Z 000000018001e870 f   MSVCRTD:error.obj
 0002:0000d950       ?_strlen_priv@@YA_KPEBD@Z  000000018001e950 f   MSVCRTD:error.obj
 0002:0000d970       ?failwithmessage@@YAXPEAXHHPEBD@Z 000000018001e970 f   MSVCRTD:error.obj
 0002:0000dc70       ?notify_debugger@@YAXAEBUtagEXCEPTION_VISUALCPP_DEBUG_INFO@@@Z 000000018001ec70 f   MSVCRTD:error.obj
 0002:0000e2d0       capture_current_context    000000018001f2d0 f   MSVCRTD:gs_report.obj
 0002:0000e390       capture_previous_context   000000018001f390 f   MSVCRTD:gs_report.obj
 0002:0000e470       __get_entropy              000000018001f470 f   MSVCRTD:gs_support.obj
 0002:0000e720       ?find_pe_section@@YAPEAU_IMAGE_SECTION_HEADER@@QEAE_K@Z 000000018001f720 f   MSVCRTD:utility.obj
 0002:0000e840       ?is_potentially_valid_image_base@@YA_NQEAX@Z 000000018001f840 f   MSVCRTD:utility.obj
 0002:0000f5e0       __castguard_compat_check   00000001800205e0 f   MSVCRTD:guard_support.obj
 0002:0000f7c0       __castguard_slow_path_compat_check 00000001800207c0 f   MSVCRTD:guard_support.obj
 0002:0000f8b0       ?GetPdbDll@@YAPEAUHINSTANCE__@@XZ 00000001800208b0 f   MSVCRTD:pdblkup.obj
 0002:0000fa50       ?GetPdbDllFromInstallPath@@YAPEAUHINSTANCE__@@XZ 0000000180020a50 f   MSVCRTD:pdblkup.obj
 0002:0000fdb0       ?GetPdbDllPathFromFilePath@@YAHPEB_WPEA_W_K@Z 0000000180020db0 f   MSVCRTD:pdblkup.obj
 0002:00011ee0       $$000000                   0000000180022ee0     MSVCRTD:guard_dispatch.obj
 0002:00011f00       $$000000                   0000000180022f00     MSVCRTD:guard_xfg_dispatch.obj
 0002:00012f20       ?fin$0@?0??dllmain_crt_process_attach@@YAHQEAUHINSTANCE__@@QEAX@Z@4HA 0000000180023f20 f   MSVCRTD:dll_dllmain.obj
 0002:00012f40       ?fin$0@?0??dllmain_crt_process_detach@@YAH_N@Z@4HA 0000000180023f40 f   MSVCRTD:dll_dllmain.obj
 0002:00012f5a       ?fin$1@?0??dllmain_crt_process_detach@@YAH_N@Z@4HA 0000000180023f5a f   MSVCRTD:dll_dllmain.obj
 0002:00012f80       ?filt$0@?0??dllmain_dispatch@@YAHQEAUHINSTANCE__@@KQEAX@Z@4HA 0000000180023f80 f   MSVCRTD:dll_dllmain.obj
 0002:00012fe0       ?filt$0@?0??notify_debugger@@YAXAEBUtagEXCEPTION_VISUALCPP_DEBUG_INFO@@@Z@4HA 0000000180023fe0 f   MSVCRTD:error.obj
 0002:00013010       __scrt_is_nonwritable_in_current_image$filt$0 0000000180024010 f   MSVCRTD:utility.obj
 0003:00000880       ?FindLeastSignificantSetBit@@YA?AUbit_scan_result@@I@Z$rtcName$0 0000000180026880     p5engine.obj
 0003:00000890       ?FindLeastSignificantSetBit@@YA?AUbit_scan_result@@I@Z$rtcVarDesc 0000000180026890     p5engine.obj
 0003:000008d0       ?FindLeastSignificantSetBit@@YA?AUbit_scan_result@@I@Z$rtcFrameData 00000001800268d0     p5engine.obj
 0003:00000900       ?V2@@YA?ATv2@@MM@Z$rtcName$0 0000000180026900     p5engine.obj
 0003:00000910       ?V2@@YA?ATv2@@MM@Z$rtcVarDesc 0000000180026910     p5engine.obj
 0003:00000950       ?V2@@YA?ATv2@@MM@Z$rtcFrameData 0000000180026950     p5engine.obj
 0003:00000980       ??D@YA?ATv2@@MT0@@Z$rtcName$0 0000000180026980     p5engine.obj
 0003:00000990       ??D@YA?ATv2@@MT0@@Z$rtcVarDesc 0000000180026990     p5engine.obj
 0003:000009d0       ??D@YA?ATv2@@MT0@@Z$rtcFrameData 00000001800269d0     p5engine.obj
 0003:00000a00       ??H@YA?ATv2@@T0@0@Z$rtcName$0 0000000180026a00     p5engine.obj
 0003:00000a10       ??H@YA?ATv2@@T0@0@Z$rtcVarDesc 0000000180026a10     p5engine.obj
 0003:00000a50       ??H@YA?ATv2@@T0@0@Z$rtcFrameData 0000000180026a50     p5engine.obj
 0003:00000a80       ??G@YA?ATv2@@T0@0@Z$rtcName$0 0000000180026a80     p5engine.obj
 0003:00000a90       ??G@YA?ATv2@@T0@0@Z$rtcVarDesc 0000000180026a90     p5engine.obj
 0003:00000ad0       ??G@YA?ATv2@@T0@0@Z$rtcFrameData 0000000180026ad0     p5engine.obj
 0003:00000b00       ?V3@@YA?ATv3@@MMM@Z$rtcName$0 0000000180026b00     p5engine.obj
 0003:00000b10       ?V3@@YA?ATv3@@MMM@Z$rtcVarDesc 0000000180026b10     p5engine.obj
 0003:00000b50       ?V3@@YA?ATv3@@MMM@Z$rtcFrameData 0000000180026b50     p5engine.obj
 0003:00000b80       ??D@YA?ATv3@@MT0@@Z$rtcName$0 0000000180026b80     p5engine.obj
 0003:00000b90       ??D@YA?ATv3@@MT0@@Z$rtcVarDesc 0000000180026b90     p5engine.obj
 0003:00000bd0       ??D@YA?ATv3@@MT0@@Z$rtcFrameData 0000000180026bd0     p5engine.obj
 0003:00000c00       ??D@YA?ATv3@@T0@M@Z$rtcName$0 0000000180026c00     p5engine.obj
 0003:00000c10       ??D@YA?ATv3@@T0@M@Z$rtcVarDesc 0000000180026c10     p5engine.obj
 0003:00000c50       ??D@YA?ATv3@@T0@M@Z$rtcFrameData 0000000180026c50     p5engine.obj
 0003:00000c80       ??H@YA?ATv3@@T0@0@Z$rtcName$0 0000000180026c80     p5engine.obj
 0003:00000c90       ??H@YA?ATv3@@T0@0@Z$rtcVarDesc 0000000180026c90     p5engine.obj
 0003:00000cd0       ??H@YA?ATv3@@T0@0@Z$rtcFrameData 0000000180026cd0     p5engine.obj
 0003:00000d00       ??G@YA?ATv3@@T0@0@Z$rtcName$0 0000000180026d00     p5engine.obj
 0003:00000d10       ??G@YA?ATv3@@T0@0@Z$rtcVarDesc 0000000180026d10     p5engine.obj
 0003:00000d50       ??G@YA?ATv3@@T0@0@Z$rtcFrameData 0000000180026d50     p5engine.obj
 0003:00000d80       ?Hadamard@@YA?ATv3@@T1@0@Z$rtcName$0 0000000180026d80     p5engine.obj
 0003:00000d90       ?Hadamard@@YA?ATv3@@T1@0@Z$rtcVarDesc 0000000180026d90     p5engine.obj
 0003:00000dd0       ?Hadamard@@YA?ATv3@@T1@0@Z$rtcFrameData 0000000180026dd0     p5engine.obj
 0003:00000e00       ?V4@@YA?ATv4@@MMMM@Z$rtcName$0 0000000180026e00     p5engine.obj
 0003:00000e10       ?V4@@YA?ATv4@@MMMM@Z$rtcVarDesc 0000000180026e10     p5engine.obj
 0003:00000e50       ?V4@@YA?ATv4@@MMMM@Z$rtcFrameData 0000000180026e50     p5engine.obj
 0003:00000e80       ?GetMinCorner@@YA?ATv3@@Urectangle3@@@Z$rtcName$0 0000000180026e80     p5engine.obj
 0003:00000e90       ?GetMinCorner@@YA?ATv3@@Urectangle3@@@Z$rtcVarDesc 0000000180026e90     p5engine.obj
 0003:00000ed0       ?GetMinCorner@@YA?ATv3@@Urectangle3@@@Z$rtcFrameData 0000000180026ed0     p5engine.obj
 0003:00000f00       ?GetMaxCorner@@YA?ATv3@@Urectangle3@@@Z$rtcName$0 0000000180026f00     p5engine.obj
 0003:00000f10       ?GetMaxCorner@@YA?ATv3@@Urectangle3@@@Z$rtcVarDesc 0000000180026f10     p5engine.obj
 0003:00000f50       ?GetMaxCorner@@YA?ATv3@@Urectangle3@@@Z$rtcFrameData 0000000180026f50     p5engine.obj
 0003:00000f80       ?RectCenterHalfDim@@YA?AUrectangle3@@Tv3@@0@Z$rtcName$0 0000000180026f80     p5engine.obj
 0003:00000f90       ?RectCenterHalfDim@@YA?AUrectangle3@@Tv3@@0@Z$rtcVarDesc 0000000180026f90     p5engine.obj
 0003:00000fd0       ?RectCenterHalfDim@@YA?AUrectangle3@@Tv3@@0@Z$rtcFrameData 0000000180026fd0     p5engine.obj
 0003:00001000       ?AddRadiusTo@@YA?AUrectangle3@@U1@Tv3@@@Z$rtcName$0 0000000180027000     p5engine.obj
 0003:00001010       ?AddRadiusTo@@YA?AUrectangle3@@U1@Tv3@@@Z$rtcVarDesc 0000000180027010     p5engine.obj
 0003:00001050       ?AddRadiusTo@@YA?AUrectangle3@@U1@Tv3@@@Z$rtcFrameData 0000000180027050     p5engine.obj
 0003:00001080       ?RectCenterDim@@YA?AUrectangle3@@Tv3@@0@Z$rtcName$0 0000000180027080     p5engine.obj
 0003:00001090       ?RectCenterDim@@YA?AUrectangle3@@Tv3@@0@Z$rtcVarDesc 0000000180027090     p5engine.obj
 0003:000010d0       ?RectCenterDim@@YA?AUrectangle3@@Tv3@@0@Z$rtcFrameData 00000001800270d0     p5engine.obj
 0003:00001100       ?NullPosition@@YA?AUworld_position@@XZ$rtcName$0 0000000180027100     p5engine.obj
 0003:00001110       ?NullPosition@@YA?AUworld_position@@XZ$rtcVarDesc 0000000180027110     p5engine.obj
 0003:00001150       ?NullPosition@@YA?AUworld_position@@XZ$rtcFrameData 0000000180027150     p5engine.obj
 0003:00001180       ?MapIntoChunkSpace@@YA?AUworld_position@@PEAUworld@@U1@Tv3@@@Z$rtcName$0 0000000180027180     p5engine.obj
 0003:00001190       ?MapIntoChunkSpace@@YA?AUworld_position@@PEAUworld@@U1@Tv3@@@Z$rtcVarDesc 0000000180027190     p5engine.obj
 0003:000011d0       ?MapIntoChunkSpace@@YA?AUworld_position@@PEAUworld@@U1@Tv3@@@Z$rtcFrameData 00000001800271d0     p5engine.obj
 0003:00001200       ?ChunkPositionFromTilePosition@@YA?AUworld_position@@PEAUworld@@HHH@Z$rtcName$0 0000000180027200     p5engine.obj
 0003:00001208       ?ChunkPositionFromTilePosition@@YA?AUworld_position@@PEAUworld@@HHH@Z$rtcName$1 0000000180027208     p5engine.obj
 0003:00001210       ?ChunkPositionFromTilePosition@@YA?AUworld_position@@PEAUworld@@HHH@Z$rtcName$2 0000000180027210     p5engine.obj
 0003:00001220       ?ChunkPositionFromTilePosition@@YA?AUworld_position@@PEAUworld@@HHH@Z$rtcVarDesc 0000000180027220     p5engine.obj
 0003:000012e0       ?ChunkPositionFromTilePosition@@YA?AUworld_position@@PEAUworld@@HHH@Z$rtcFrameData 00000001800272e0     p5engine.obj
 0003:00001320       ?Subtract@@YA?ATv3@@PEAUworld@@PEAUworld_position@@1@Z$rtcName$0 0000000180027320     p5engine.obj
 0003:00001328       ?Subtract@@YA?ATv3@@PEAUworld@@PEAUworld_position@@1@Z$rtcName$1 0000000180027328     p5engine.obj
 0003:00001330       ?Subtract@@YA?ATv3@@PEAUworld@@PEAUworld_position@@1@Z$rtcVarDesc 0000000180027330     p5engine.obj
 0003:000013b0       ?Subtract@@YA?ATv3@@PEAUworld@@PEAUworld_position@@1@Z$rtcFrameData 00000001800273b0     p5engine.obj
 0003:000013e0       ?GetSimSpacePos@@YA?ATv3@@PEAUsim_region@@PEAUlow_entity@@@Z$rtcName$0 00000001800273e0     p5engine.obj
 0003:000013f0       ?GetSimSpacePos@@YA?ATv3@@PEAUsim_region@@PEAUlow_entity@@@Z$rtcVarDesc 00000001800273f0     p5engine.obj
 0003:00001430       ?GetSimSpacePos@@YA?ATv3@@PEAUsim_region@@PEAUlow_entity@@@Z$rtcFrameData 0000000180027430     p5engine.obj
 0003:00001460       ?LoadEntityReference@@YAXPEAUgame_state@@PEAUsim_region@@PEATentity_reference@@@Z$rtcName$0 0000000180027460     p5engine.obj
 0003:00001470       ?LoadEntityReference@@YAXPEAUgame_state@@PEAUsim_region@@PEATentity_reference@@@Z$rtcVarDesc 0000000180027470     p5engine.obj
 0003:000014b0       ?LoadEntityReference@@YAXPEAUgame_state@@PEAUsim_region@@PEATentity_reference@@@Z$rtcFrameData 00000001800274b0     p5engine.obj
 0003:000014e0       ?EntityOverlapsRectangle@@YAHTv3@@0Urectangle3@@@Z$rtcName$0 00000001800274e0     p5engine.obj
 0003:000014f0       ?EntityOverlapsRectangle@@YAHTv3@@0Urectangle3@@@Z$rtcVarDesc 00000001800274f0     p5engine.obj
 0003:00001530       ?EntityOverlapsRectangle@@YAHTv3@@0Urectangle3@@@Z$rtcFrameData 0000000180027530     p5engine.obj
 0003:00001560       ?BeginSim@@YAPEAUsim_region@@PEAUmemory_arena@@PEAUgame_state@@PEAUworld@@Uworld_position@@Urectangle3@@M@Z$rtcName$0 0000000180027560     p5engine.obj
 0003:00001570       ?BeginSim@@YAPEAUsim_region@@PEAUmemory_arena@@PEAUgame_state@@PEAUworld@@Uworld_position@@Urectangle3@@M@Z$rtcName$1 0000000180027570     p5engine.obj
 0003:00001580       ?BeginSim@@YAPEAUsim_region@@PEAUmemory_arena@@PEAUgame_state@@PEAUworld@@Uworld_position@@Urectangle3@@M@Z$rtcName$2 0000000180027580     p5engine.obj
 0003:00001590       ?BeginSim@@YAPEAUsim_region@@PEAUmemory_arena@@PEAUgame_state@@PEAUworld@@Uworld_position@@Urectangle3@@M@Z$rtcVarDesc 0000000180027590     p5engine.obj
 0003:00001650       ?BeginSim@@YAPEAUsim_region@@PEAUmemory_arena@@PEAUgame_state@@PEAUworld@@Uworld_position@@Urectangle3@@M@Z$rtcFrameData 0000000180027650     p5engine.obj
 0003:000016a0       ?EndSim@@YAXPEAUsim_region@@PEAUgame_state@@@Z$rtcName$0 00000001800276a0     p5engine.obj
 0003:000016a8       ?EndSim@@YAXPEAUsim_region@@PEAUgame_state@@@Z$rtcName$1 00000001800276a8     p5engine.obj
 0003:000016c0       ?EndSim@@YAXPEAUsim_region@@PEAUgame_state@@@Z$rtcVarDesc 00000001800276c0     p5engine.obj
 0003:00001740       ?EndSim@@YAXPEAUsim_region@@PEAUgame_state@@@Z$rtcFrameData 0000000180027740     p5engine.obj
 0003:00001780       ?MoveEntity@@YAXPEAUgame_state@@PEAUsim_region@@PEAUsim_entity@@MPEAUmove_spec@@Tv3@@@Z$rtcName$0 0000000180027780     p5engine.obj
 0003:00001790       ?MoveEntity@@YAXPEAUgame_state@@PEAUsim_region@@PEAUsim_entity@@MPEAUmove_spec@@Tv3@@@Z$rtcName$1 0000000180027790     p5engine.obj
 0003:0000179c       ?MoveEntity@@YAXPEAUgame_state@@PEAUsim_region@@PEAUsim_entity@@MPEAUmove_spec@@Tv3@@@Z$rtcName$12 000000018002779c     p5engine.obj
 0003:000017a0       ?MoveEntity@@YAXPEAUgame_state@@PEAUsim_region@@PEAUsim_entity@@MPEAUmove_spec@@Tv3@@@Z$rtcName$2 00000001800277a0     p5engine.obj
 0003:000017b0       ?MoveEntity@@YAXPEAUgame_state@@PEAUsim_region@@PEAUsim_entity@@MPEAUmove_spec@@Tv3@@@Z$rtcName$3 00000001800277b0     p5engine.obj
 0003:000017c8       ?MoveEntity@@YAXPEAUgame_state@@PEAUsim_region@@PEAUsim_entity@@MPEAUmove_spec@@Tv3@@@Z$rtcName$4 00000001800277c8     p5engine.obj
 0003:000017d8       ?MoveEntity@@YAXPEAUgame_state@@PEAUsim_region@@PEAUsim_entity@@MPEAUmove_spec@@Tv3@@@Z$rtcName$5 00000001800277d8     p5engine.obj
 0003:000017e8       ?MoveEntity@@YAXPEAUgame_state@@PEAUsim_region@@PEAUsim_entity@@MPEAUmove_spec@@Tv3@@@Z$rtcName$6 00000001800277e8     p5engine.obj
 0003:000017f0       ?MoveEntity@@YAXPEAUgame_state@@PEAUsim_region@@PEAUsim_entity@@MPEAUmove_spec@@Tv3@@@Z$rtcName$7 00000001800277f0     p5engine.obj
 0003:00001800       ?MoveEntity@@YAXPEAUgame_state@@PEAUsim_region@@PEAUsim_entity@@MPEAUmove_spec@@Tv3@@@Z$rtcName$8 0000000180027800     p5engine.obj
 0003:00001810       ?MoveEntity@@YAXPEAUgame_state@@PEAUsim_region@@PEAUsim_entity@@MPEAUmove_spec@@Tv3@@@Z$rtcName$9 0000000180027810     p5engine.obj
 0003:00001828       ?MoveEntity@@YAXPEAUgame_state@@PEAUsim_region@@PEAUsim_entity@@MPEAUmove_spec@@Tv3@@@Z$rtcName$10 0000000180027828     p5engine.obj
 0003:00001838       ?MoveEntity@@YAXPEAUgame_state@@PEAUsim_region@@PEAUsim_entity@@MPEAUmove_spec@@Tv3@@@Z$rtcName$11 0000000180027838     p5engine.obj
 0003:00001848       ?MoveEntity@@YAXPEAUgame_state@@PEAUsim_region@@PEAUsim_entity@@MPEAUmove_spec@@Tv3@@@Z$rtcFrameData 0000000180027848     p5engine.obj
 0003:00001860       ?MoveEntity@@YAXPEAUgame_state@@PEAUsim_region@@PEAUsim_entity@@MPEAUmove_spec@@Tv3@@@Z$rtcVarDesc 0000000180027860     p5engine.obj
 0003:00001c80       ?DefaultMoveSpec@@YA?AUmove_spec@@XZ$rtcName$0 0000000180027c80     p5engine.obj
 0003:00001c90       ?DefaultMoveSpec@@YA?AUmove_spec@@XZ$rtcVarDesc 0000000180027c90     p5engine.obj
 0003:00001cd0       ?DefaultMoveSpec@@YA?AUmove_spec@@XZ$rtcFrameData 0000000180027cd0     p5engine.obj
 0003:00001d00       ?DEBUGLoadBMP@@YA?AUloaded_bitmap@@PEAUthread_context@@P6A?AUdebug_read_file_result@@0PEAD@Z1@Z$rtcName$0 0000000180027d00     p5engine.obj
 0003:00001d08       ?DEBUGLoadBMP@@YA?AUloaded_bitmap@@PEAUthread_context@@P6A?AUdebug_read_file_result@@0PEAD@Z1@Z$rtcName$1 0000000180027d08     p5engine.obj
 0003:00001d18       ?DEBUGLoadBMP@@YA?AUloaded_bitmap@@PEAUthread_context@@P6A?AUdebug_read_file_result@@0PEAD@Z1@Z$rtcName$2 0000000180027d18     p5engine.obj
 0003:00001d20       ?DEBUGLoadBMP@@YA?AUloaded_bitmap@@PEAUthread_context@@P6A?AUdebug_read_file_result@@0PEAD@Z1@Z$rtcName$3 0000000180027d20     p5engine.obj
 0003:00001d30       ?DEBUGLoadBMP@@YA?AUloaded_bitmap@@PEAUthread_context@@P6A?AUdebug_read_file_result@@0PEAD@Z1@Z$rtcName$4 0000000180027d30     p5engine.obj
 0003:00001d40       ?DEBUGLoadBMP@@YA?AUloaded_bitmap@@PEAUthread_context@@P6A?AUdebug_read_file_result@@0PEAD@Z1@Z$rtcName$5 0000000180027d40     p5engine.obj
 0003:00001d50       ?DEBUGLoadBMP@@YA?AUloaded_bitmap@@PEAUthread_context@@P6A?AUdebug_read_file_result@@0PEAD@Z1@Z$rtcVarDesc 0000000180027d50     p5engine.obj
 0003:00001ed0       ?DEBUGLoadBMP@@YA?AUloaded_bitmap@@PEAUthread_context@@P6A?AUdebug_read_file_result@@0PEAD@Z1@Z$rtcFrameData 0000000180027ed0     p5engine.obj
 0003:00001f40       ?AddLowEntity@@YA?AUadd_low_entity_result@@PEAUgame_state@@W4entity_type@@Uworld_position@@@Z$rtcName$0 0000000180027f40     p5engine.obj
 0003:00001f50       ?AddLowEntity@@YA?AUadd_low_entity_result@@PEAUgame_state@@W4entity_type@@Uworld_position@@@Z$rtcVarDesc 0000000180027f50     p5engine.obj
 0003:00001f90       ?AddLowEntity@@YA?AUadd_low_entity_result@@PEAUgame_state@@W4entity_type@@Uworld_position@@@Z$rtcFrameData 0000000180027f90     p5engine.obj
 0003:00001fc0       ?AddWall@@YA?AUadd_low_entity_result@@PEAUgame_state@@III@Z$rtcName$0 0000000180027fc0     p5engine.obj
 0003:00001fc4       ?AddWall@@YA?AUadd_low_entity_result@@PEAUgame_state@@III@Z$rtcName$1 0000000180027fc4     p5engine.obj
 0003:00001fd0       ?AddWall@@YA?AUadd_low_entity_result@@PEAUgame_state@@III@Z$rtcVarDesc 0000000180027fd0     p5engine.obj
 0003:00002050       ?AddWall@@YA?AUadd_low_entity_result@@PEAUgame_state@@III@Z$rtcFrameData 0000000180028050     p5engine.obj
 0003:00002080       ?AddStairs@@YA?AUadd_low_entity_result@@PEAUgame_state@@III@Z$rtcName$0 0000000180028080     p5engine.obj
 0003:00002084       ?AddStairs@@YA?AUadd_low_entity_result@@PEAUgame_state@@III@Z$rtcName$1 0000000180028084     p5engine.obj
 0003:00002090       ?AddStairs@@YA?AUadd_low_entity_result@@PEAUgame_state@@III@Z$rtcVarDesc 0000000180028090     p5engine.obj
 0003:00002110       ?AddStairs@@YA?AUadd_low_entity_result@@PEAUgame_state@@III@Z$rtcFrameData 0000000180028110     p5engine.obj
 0003:00002140       ?AddSword@@YA?AUadd_low_entity_result@@PEAUgame_state@@@Z$rtcName$0 0000000180028140     p5engine.obj
 0003:00002150       ?AddSword@@YA?AUadd_low_entity_result@@PEAUgame_state@@@Z$rtcVarDesc 0000000180028150     p5engine.obj
 0003:00002190       ?AddSword@@YA?AUadd_low_entity_result@@PEAUgame_state@@@Z$rtcFrameData 0000000180028190     p5engine.obj
 0003:000021c0       ?AddPlayer@@YA?AUadd_low_entity_result@@PEAUgame_state@@@Z$rtcName$0 00000001800281c0     p5engine.obj
 0003:000021c4       ?AddPlayer@@YA?AUadd_low_entity_result@@PEAUgame_state@@@Z$rtcName$1 00000001800281c4     p5engine.obj
 0003:000021cc       ?AddPlayer@@YA?AUadd_low_entity_result@@PEAUgame_state@@@Z$rtcName$2 00000001800281cc     p5engine.obj
 0003:000021e0       ?AddPlayer@@YA?AUadd_low_entity_result@@PEAUgame_state@@@Z$rtcVarDesc 00000001800281e0     p5engine.obj
 0003:000022a0       ?AddPlayer@@YA?AUadd_low_entity_result@@PEAUgame_state@@@Z$rtcFrameData 00000001800282a0     p5engine.obj
 0003:000022e0       ?AddMonstar@@YA?AUadd_low_entity_result@@PEAUgame_state@@III@Z$rtcName$0 00000001800282e0     p5engine.obj
 0003:000022e4       ?AddMonstar@@YA?AUadd_low_entity_result@@PEAUgame_state@@III@Z$rtcName$1 00000001800282e4     p5engine.obj
 0003:000022f0       ?AddMonstar@@YA?AUadd_low_entity_result@@PEAUgame_state@@III@Z$rtcVarDesc 00000001800282f0     p5engine.obj
 0003:00002370       ?AddMonstar@@YA?AUadd_low_entity_result@@PEAUgame_state@@III@Z$rtcFrameData 0000000180028370     p5engine.obj
 0003:000023a0       ?AddFamiliar@@YA?AUadd_low_entity_result@@PEAUgame_state@@III@Z$rtcName$0 00000001800283a0     p5engine.obj
 0003:000023a4       ?AddFamiliar@@YA?AUadd_low_entity_result@@PEAUgame_state@@III@Z$rtcName$1 00000001800283a4     p5engine.obj
 0003:000023b0       ?AddFamiliar@@YA?AUadd_low_entity_result@@PEAUgame_state@@III@Z$rtcVarDesc 00000001800283b0     p5engine.obj
 0003:00002430       ?AddFamiliar@@YA?AUadd_low_entity_result@@PEAUgame_state@@III@Z$rtcFrameData 0000000180028430     p5engine.obj
 0003:00002460       ?PushBitmap@@YAXPEAUentity_visible_piece_group@@PEAUloaded_bitmap@@Tv2@@M2MM@Z$rtcName$0 0000000180028460     p5engine.obj
 0003:00002464       ?PushBitmap@@YAXPEAUentity_visible_piece_group@@PEAUloaded_bitmap@@Tv2@@M2MM@Z$rtcName$1 0000000180028464     p5engine.obj
 0003:00002470       ?PushBitmap@@YAXPEAUentity_visible_piece_group@@PEAUloaded_bitmap@@Tv2@@M2MM@Z$rtcVarDesc 0000000180028470     p5engine.obj
 0003:000024f0       ?PushBitmap@@YAXPEAUentity_visible_piece_group@@PEAUloaded_bitmap@@Tv2@@M2MM@Z$rtcFrameData 00000001800284f0     p5engine.obj
 0003:00002520       ?DrawHitpoints@@YAXPEAUsim_entity@@PEAUentity_visible_piece_group@@@Z$rtcName$0 0000000180028520     p5engine.obj
 0003:0000252c       ?DrawHitpoints@@YAXPEAUsim_entity@@PEAUentity_visible_piece_group@@@Z$rtcName$1 000000018002852c     p5engine.obj
 0003:00002538       ?DrawHitpoints@@YAXPEAUsim_entity@@PEAUentity_visible_piece_group@@@Z$rtcName$2 0000000180028538     p5engine.obj
 0003:00002540       ?DrawHitpoints@@YAXPEAUsim_entity@@PEAUentity_visible_piece_group@@@Z$rtcName$3 0000000180028540     p5engine.obj
 0003:00002548       ?DrawHitpoints@@YAXPEAUsim_entity@@PEAUentity_visible_piece_group@@@Z$rtcFrameData 0000000180028548     p5engine.obj
[...]
 0003:000049d8       $unwind$?NullPosition@@YA?AUworld_position@@XZ 000000018002a9d8     p5engine.obj
 0003:000049f8       $unwind$?IsValid@@YAHUworld_position@@@Z 000000018002a9f8     p5engine.obj
 0003:00004a0c       $unwind$?IsCanonical@@YAHMM@Z 000000018002aa0c     p5engine.obj
 0003:00004a20       $unwind$?IsCanonical@@YAHPEAUworld@@Tv3@@@Z 000000018002aa20     p5engine.obj
 0003:00004a34       $unwind$?AreInSameChunk@@YAHPEAUworld@@PEAUworld_position@@1@Z 000000018002aa34     p5engine.obj
 0003:00004a48       $unwind$?GetWorldChunk@@YAPEAUworld_chunk@@PEAUworld@@HHHPEAUmemory_arena@@@Z 000000018002aa48     p5engine.obj
 0003:00004a5c       $unwind$?InitializeWorld@@YAXPEAUworld@@M@Z 000000018002aa5c     p5engine.obj
 0003:00004a70       $unwind$?RecanonicalizeCoord@@YAXMPEAHPEAM@Z 000000018002aa70     p5engine.obj
 0003:00004a8c       $unwind$?MapIntoChunkSpace@@YA?AUworld_position@@PEAUworld@@U1@Tv3@@@Z 000000018002aa8c     p5engine.obj
 0003:00004aa8       $unwind$?ChunkPositionFromTilePosition@@YA?AUworld_position@@PEAUworld@@HHH@Z 000000018002aaa8     p5engine.obj
 0003:00004ac0       $unwind$?Subtract@@YA?ATv3@@PEAUworld@@PEAUworld_position@@1@Z 000000018002aac0     p5engine.obj
 0003:00004ad8       $unwind$?ChangeEntityLocationRaw@@YAXPEAUmemory_arena@@PEAUworld@@IPEAUworld_position@@2@Z 000000018002aad8     p5engine.obj
 0003:00004aec       $unwind$?ChangeEntityLocation@@YAXPEAUmemory_arena@@PEAUworld@@IPEAUlow_entity@@Uworld_position@@@Z 000000018002aaec     p5engine.obj
 0003:00004b00       $unwind$?GetHashFromStorageIndex@@YAPEAUsim_entity_hash@@PEAUsim_region@@I@Z 000000018002ab00     p5engine.obj
 0003:00004b14       $unwind$?GetSimSpacePos@@YA?ATv3@@PEAUsim_region@@PEAUlow_entity@@@Z 000000018002ab14     p5engine.obj
 0003:00004b28       $unwind$?AddEntity@@YAPEAUsim_entity@@PEAUgame_state@@PEAUsim_region@@IPEAUlow_entity@@PEATv3@@@Z 000000018002ab28     p5engine.obj
 0003:00004b38       $unwind$?LoadEntityReference@@YAXPEAUgame_state@@PEAUsim_region@@PEATentity_reference@@@Z 000000018002ab38     p5engine.obj
 0003:00004b58       $unwind$?StoreEntityReference@@YAXPEATentity_reference@@@Z 000000018002ab58     p5engine.obj
 0003:00004b6c       $unwind$?AddEntityRaw@@YAPEAUsim_entity@@PEAUgame_state@@PEAUsim_region@@IPEAUlow_entity@@@Z 000000018002ab6c     p5engine.obj
 0003:00004b80       $unwind$?EntityOverlapsRectangle@@YAHTv3@@0Urectangle3@@@Z 000000018002ab80     p5engine.obj
 0003:00004b94       $unwind$?BeginSim@@YAPEAUsim_region@@PEAUmemory_arena@@PEAUgame_state@@PEAUworld@@Uworld_position@@Urectangle3@@M@Z 000000018002ab94     p5engine.obj
 0003:00004bb0       $unwind$?EndSim@@YAXPEAUsim_region@@PEAUgame_state@@@Z 000000018002abb0     p5engine.obj
 0003:00004bcc       $unwind$?TestWall@@YAHMMMMMPEAMMM@Z 000000018002abcc     p5engine.obj
 0003:00004be0       $unwind$?ShouldCollide@@YAHPEAUgame_state@@PEAUsim_entity@@1@Z 000000018002abe0     p5engine.obj
 0003:00004bf4       $unwind$?HandleCollision@@YAHPEAUgame_state@@PEAUsim_entity@@1H@Z 000000018002abf4     p5engine.obj
 0003:00004c08       $unwind$?MoveEntity@@YAXPEAUgame_state@@PEAUsim_region@@PEAUsim_entity@@MPEAUmove_spec@@Tv3@@@Z 000000018002ac08     p5engine.obj
 0003:00004c24       $unwind$?DefaultMoveSpec@@YA?AUmove_spec@@XZ 000000018002ac24     p5engine.obj
 0003:00004c40       $unwind$?GameOutputSound@@YAXPEAUgame_state@@PEAUgame_sound_output_buffer@@H@Z 000000018002ac40     p5engine.obj
 0003:00004c54       $unwind$?DrawRectangle@@YAXPEAUgame_offscreen_buffer@@Tv2@@1MMM@Z 000000018002ac54     p5engine.obj
 0003:00004c68       $unwind$?DrawBitmap@@YAXPEAUgame_offscreen_buffer@@PEAUloaded_bitmap@@MMM@Z 000000018002ac68     p5engine.obj
 0003:00004c7c       $unwind$?DEBUGLoadBMP@@YA?AUloaded_bitmap@@PEAUthread_context@@P6A?AUdebug_read_file_result@@0PEAD@Z1@Z 000000018002ac7c     p5engine.obj
 0003:00004c98       $unwind$?AddLowEntity@@YA?AUadd_low_entity_result@@PEAUgame_state@@W4entity_type@@Uworld_position@@@Z 000000018002ac98     p5engine.obj
 0003:00004cb4       $unwind$?AddWall@@YA?AUadd_low_entity_result@@PEAUgame_state@@III@Z 000000018002acb4     p5engine.obj
 0003:00004cc8       $unwind$?AddStairs@@YA?AUadd_low_entity_result@@PEAUgame_state@@III@Z 000000018002acc8     p5engine.obj
 0003:00004cdc       $unwind$?InitHitPoints@@YAXPEAUlow_entity@@I@Z 000000018002acdc     p5engine.obj
 0003:00004cf0       $unwind$?AddSword@@YA?AUadd_low_entity_result@@PEAUgame_state@@@Z 000000018002acf0     p5engine.obj
 0003:00004d04       $unwind$?AddPlayer@@YA?AUadd_low_entity_result@@PEAUgame_state@@@Z 000000018002ad04     p5engine.obj
 0003:00004d18       $unwind$?AddMonstar@@YA?AUadd_low_entity_result@@PEAUgame_state@@III@Z 000000018002ad18     p5engine.obj
 0003:00004d2c       $unwind$?AddFamiliar@@YA?AUadd_low_entity_result@@PEAUgame_state@@III@Z 000000018002ad2c     p5engine.obj
 0003:00004d40       $unwind$?PushPiece@@YAXPEAUentity_visible_piece_group@@PEAUloaded_bitmap@@Tv2@@2M2Tv4@@M@Z 000000018002ad40     p5engine.obj
 0003:00004d54       $unwind$?PushBitmap@@YAXPEAUentity_visible_piece_group@@PEAUloaded_bitmap@@Tv2@@M2MM@Z 000000018002ad54     p5engine.obj
 0003:00004d68       $unwind$?PushRect@@YAXPEAUentity_visible_piece_group@@Tv2@@M1Tv4@@M@Z 000000018002ad68     p5engine.obj
 0003:00004d7c       $unwind$?DrawHitpoints@@YAXPEAUsim_entity@@PEAUentity_visible_piece_group@@@Z 000000018002ad7c     p5engine.obj
 0003:00004d98       $unwind$GameUpdateAndRender 000000018002ad98     p5engine.obj
 0003:00004db4       $unwind$GameGetSoundSamples 000000018002adb4     p5engine.obj
 0003:00004dc8       $unwind$_RTC_CheckStackVars 000000018002adc8     MSVCRTD:stack.obj
 0003:00004ddc       $chain$0$_RTC_CheckStackVars 000000018002addc     MSVCRTD:stack.obj
 0003:00004df4       $chain$1$_RTC_CheckStackVars 000000018002adf4     MSVCRTD:stack.obj
 0003:00004e08       $unwind$_RTC_CheckStackVars2 000000018002ae08     MSVCRTD:stack.obj
 0003:00004e18       $chain$1$_RTC_CheckStackVars2 000000018002ae18     MSVCRTD:stack.obj
 0003:00004e34       $chain$2$_RTC_CheckStackVars2 000000018002ae34     MSVCRTD:stack.obj
 0003:00004e4c       $chain$3$_RTC_CheckStackVars2 000000018002ae4c     MSVCRTD:stack.obj
 0003:00004e64       $chain$4$_RTC_CheckStackVars2 000000018002ae64     MSVCRTD:stack.obj
 0003:00004e78       $chain$5$_RTC_CheckStackVars2 000000018002ae78     MSVCRTD:stack.obj
 0003:00004e8c       $chain$6$_RTC_CheckStackVars2 000000018002ae8c     MSVCRTD:stack.obj
 0003:00004ea0       $unwind$_RTC_AllocaHelper  000000018002aea0     MSVCRTD:stack.obj
 0003:00004ea8       $chain$0$_RTC_AllocaHelper 000000018002aea8     MSVCRTD:stack.obj
 0003:00004ec0       $chain$1$_RTC_AllocaHelper 000000018002aec0     MSVCRTD:stack.obj
 0003:00004ed4       $unwind$_RTC_Shutdown      000000018002aed4     MSVCRTD:init.obj
 0003:00004edc       $unwind$_RTC_InitBase      000000018002aedc     MSVCRTD:init.obj
 0003:00004ee4       $unwind$__CheckForDebuggerJustMyCode 000000018002aee4     MSVCRTD:debugger_jmc.obj
 0003:00004eec       $unwind$__GSHandlerCheckCommon 000000018002aeec     MSVCRTD:gshandler.obj
 0003:00004ef4       $unwind$__GSHandlerCheck   000000018002aef4     MSVCRTD:gshandler.obj
 0003:00004f00       $xdatasym                  000000018002af00     MSVCRTD:chkstk.obj
 0003:00004f08       $xdatasym                  000000018002af08     MSVCRTD:amdsecgs.obj
 0003:00004f0c       $unwind$?dllmain_crt_process_attach@@YAHQEAUHINSTANCE__@@QEAX@Z 000000018002af0c     MSVCRTD:dll_dllmain.obj
 0003:00004f30       $unwind$?fin$0@?0??dllmain_crt_process_attach@@YAHQEAUHINSTANCE__@@QEAX@Z@4HA 000000018002af30     MSVCRTD:dll_dllmain.obj
 0003:00004f38       $unwind$?dllmain_crt_process_detach@@YAH_N@Z 000000018002af38     MSVCRTD:dll_dllmain.obj
 0003:00004f6c       $unwind$?fin$0@?0??dllmain_crt_process_detach@@YAH_N@Z@4HA 000000018002af6c     MSVCRTD:dll_dllmain.obj
 0003:00004f74       $unwind$?fin$1@?0??dllmain_crt_process_detach@@YAH_N@Z@4HA 000000018002af74     MSVCRTD:dll_dllmain.obj
 0003:00004f7c       $unwind$?dllmain_crt_dispatch@@YAHQEAUHINSTANCE__@@KQEAX@Z 000000018002af7c     MSVCRTD:dll_dllmain.obj
 0003:00004f84       $unwind$_CRT_INIT          000000018002af84     MSVCRTD:dll_dllmain.obj
 0003:00004f8c       $unwind$?dllmain_raw@@YAHQEAUHINSTANCE__@@KQEAX@Z 000000018002af8c     MSVCRTD:dll_dllmain.obj
 0003:00004f94       $unwind$?dllmain_dispatch@@YAHQEAUHINSTANCE__@@KQEAX@Z 000000018002af94     MSVCRTD:dll_dllmain.obj
 0003:00004fb8       $unwind$?filt$0@?0??dllmain_dispatch@@YAHQEAUHINSTANCE__@@KQEAX@Z@4HA 000000018002afb8     MSVCRTD:dll_dllmain.obj
 0003:00004fc0       $unwind$_DllMainCRTStartup 000000018002afc0     MSVCRTD:dll_dllmain.obj
 0003:00004fc8       $unwind$_RTC_UninitUse     000000018002afc8     MSVCRTD:error.obj
 0003:00004fe4       $unwind$?_RTC_StackFailure@@YAXPEAXPEBD@Z 000000018002afe4     MSVCRTD:error.obj
 0003:00005004       $unwind$?_RTC_AllocaFailure@@YAXPEAXPEAU_RTC_ALLOCA_NODE@@H@Z 000000018002b004     MSVCRTD:error.obj
 0003:00005020       $chain$0$?_RTC_AllocaFailure@@YAXPEAXPEAU_RTC_ALLOCA_NODE@@H@Z 000000018002b020     MSVCRTD:error.obj
 0003:00005038       $chain$1$?_RTC_AllocaFailure@@YAXPEAXPEAU_RTC_ALLOCA_NODE@@H@Z 000000018002b038     MSVCRTD:error.obj
 0003:0000504c       $unwind$_vsprintf_s_l      000000018002b04c     MSVCRTD:error.obj
 0003:00005064       $unwind$sprintf_s          000000018002b064     MSVCRTD:error.obj
 0003:0000506c       $unwind$?notify_debugger@@YAXAEBUtagEXCEPTION_VISUALCPP_DEBUG_INFO@@@Z 000000018002b06c     MSVCRTD:error.obj
 0003:00005090       $unwind$?filt$0@?0??notify_debugger@@YAXAEBUtagEXCEPTION_VISUALCPP_DEBUG_INFO@@@Z@4HA 000000018002b090     MSVCRTD:error.obj
 0003:00005098       $unwind$?DebuggerProbe@@YA_NK@Z 000000018002b098     MSVCRTD:error.obj
 0003:000050a0       $unwind$?DebuggerRuntime@@YA_NKHPEAXPEB_W@Z 000000018002b0a0     MSVCRTD:error.obj
 0003:000050a8       $unwind$?failwithmessage@@YAXPEAXHHPEBD@Z 000000018002b0a8     MSVCRTD:error.obj
 0003:000050d0       $unwind$?_getMemBlockDataString@@YAXPEAD0PEBD_K@Z 000000018002b0d0     MSVCRTD:error.obj
 0003:000050e4       $chain$3$?_getMemBlockDataString@@YAXPEAD0PEBD_K@Z 000000018002b0e4     MSVCRTD:error.obj
 0003:00005108       $chain$4$?_getMemBlockDataString@@YAXPEAD0PEBD_K@Z 000000018002b108     MSVCRTD:error.obj
 0003:0000511c       $unwind$__report_securityfailure 000000018002b11c     MSVCRTD:gs_report.obj
 0003:00005124       $unwind$__report_securityfailureEx 000000018002b124     MSVCRTD:gs_report.obj
 0003:0000512c       $unwind$__report_rangecheckfailure 000000018002b12c     MSVCRTD:gs_report.obj
 0003:00005134       $unwind$__report_gsfailure 000000018002b134     MSVCRTD:gs_report.obj
 0003:0000513c       $unwind$capture_current_context 000000018002b13c     MSVCRTD:gs_report.obj
 0003:00005144       $unwind$capture_previous_context 000000018002b144     MSVCRTD:gs_report.obj
 0003:0000514c       $unwind$__raise_securityfailure 000000018002b14c     MSVCRTD:gs_report.obj
 0003:00005154       $unwind$__security_init_cookie 000000018002b154     MSVCRTD:gs_support.obj
 0003:0000515c       $unwind$__get_entropy      000000018002b15c     MSVCRTD:gs_support.obj
 0003:00005164       $unwind$DllMain            000000018002b164     MSVCRTD:dll_dllmain_stub.obj
 0003:0000516c       $unwind$?__scrt_initialize_type_info@@YAXXZ 000000018002b16c     MSVCRTD:tncleanup.obj
 0003:00005174       $unwind$?__scrt_uninitialize_type_info@@YAXXZ 000000018002b174     MSVCRTD:tncleanup.obj
 0003:0000517c       $unwind$__scrt_initialize_default_local_stdio_options 000000018002b17c     MSVCRTD:default_local_stdio_options.obj
 0003:00005184       $unwind$atexit             000000018002b184     MSVCRTD:utility.obj
 0003:0000518c       $unwind$_onexit            000000018002b18c     MSVCRTD:utility.obj
 0003:00005194       $unwind$at_quick_exit      000000018002b194     MSVCRTD:utility.obj
 0003:0000519c       $unwind$__scrt_is_nonwritable_in_current_image 000000018002b19c     MSVCRTD:utility.obj
 0003:000051c0       $unwind$__scrt_is_nonwritable_in_current_image$filt$0 000000018002b1c0     MSVCRTD:utility.obj
 0003:000051c8       $unwind$__scrt_acquire_startup_lock 000000018002b1c8     MSVCRTD:utility.obj
 0003:000051d0       $unwind$__scrt_release_startup_lock 000000018002b1d0     MSVCRTD:utility.obj
 0003:000051d8       $unwind$__scrt_initialize_crt 000000018002b1d8     MSVCRTD:utility.obj
 0003:000051e0       $unwind$__scrt_uninitialize_crt 000000018002b1e0     MSVCRTD:utility.obj
 0003:000051e8       $unwind$__scrt_initialize_onexit_tables 000000018002b1e8     MSVCRTD:utility.obj
 0003:000051f8       $unwind$__scrt_dllmain_exception_filter 000000018002b1f8     MSVCRTD:utility.obj
 0003:00005200       $unwind$__scrt_dllmain_before_initialize_c 000000018002b200     MSVCRTD:utility.obj
 0003:00005208       $unwind$__scrt_dllmain_after_initialize_c 000000018002b208     MSVCRTD:utility.obj
 0003:00005210       $unwind$__scrt_dllmain_uninitialize_c 000000018002b210     MSVCRTD:utility.obj
 0003:00005218       $unwind$__scrt_dllmain_uninitialize_critical 000000018002b218     MSVCRTD:utility.obj
 0003:00005220       $unwind$__scrt_dllmain_crt_thread_attach 000000018002b220     MSVCRTD:utility.obj
 0003:00005228       $unwind$__scrt_dllmain_crt_thread_detach 000000018002b228     MSVCRTD:utility.obj
 0003:00005230       $unwind$?configure_argv@__scrt_narrow_argv_policy@@SAHXZ 000000018002b230     MSVCRTD:utility.obj
 0003:00005238       $unwind$?initialize_environment@__scrt_narrow_environment_policy@@SAHXZ 000000018002b238     MSVCRTD:utility.obj
 0003:00005240       $unwind$?is_potentially_valid_image_base@@YA_NQEAX@Z 000000018002b240     MSVCRTD:utility.obj
 0003:00005248       $unwind$?find_pe_section@@YAPEAU_IMAGE_SECTION_HEADER@@QEAE_K@Z 000000018002b248     MSVCRTD:utility.obj
 0003:00005250       $unwind$__scrt_get_show_window_mode 000000018002b250     MSVCRTD:utility_desktop.obj
 0003:00005260       $unwind$__scrt_is_managed_app 000000018002b260     MSVCRTD:utility_desktop.obj
 0003:00005268       $unwind$__scrt_initialize_mta 000000018002b268     MSVCRTD:utility_desktop.obj
 0003:00005270       $unwind$__scrt_set_unhandled_exception_filter 000000018002b270     MSVCRTD:utility_desktop.obj
 0003:00005278       $unwind$__scrt_fastfail    000000018002b278     MSVCRTD:utility_desktop.obj
 0003:00005288       $unwind$__scrt_unhandled_exception_filter 000000018002b288     MSVCRTD:utility_desktop.obj
 0003:00005290       $unwind$_RTC_Initialize    000000018002b290     MSVCRTD:initsect.obj
 0003:000052a0       $unwind$_RTC_Terminate     000000018002b2a0     MSVCRTD:initsect.obj
 0003:000052b0       $unwind$ReadNoFence64      000000018002b2b0     MSVCRTD:guard_support.obj
 0003:000052b8       $unwind$ReadPointerNoFence 000000018002b2b8     MSVCRTD:guard_support.obj
 0003:000052c0       $unwind$_guard_icall_checks_enforced 000000018002b2c0     MSVCRTD:guard_support.obj
 0003:000052c8       $unwind$__castguard_compat_check 000000018002b2c8     MSVCRTD:guard_support.obj
 0003:000052d0       $unwind$__castguard_check_failure_debugbreak 000000018002b2d0     MSVCRTD:guard_support.obj
 0003:000052d8       $unwind$__castguard_check_failure_fastfail 000000018002b2d8     MSVCRTD:guard_support.obj
 0003:000052e0       $unwind$__castguard_check_failure_os_handled 000000018002b2e0     MSVCRTD:guard_support.obj
 0003:000052e8       $unwind$__castguard_slow_path_compat_check 000000018002b2e8     MSVCRTD:guard_support.obj
 0003:000052f0       $unwind$__castguard_slow_path_check_debugbreak 000000018002b2f0     MSVCRTD:guard_support.obj
 0003:000052f8       $unwind$__castguard_slow_path_check_fastfail 000000018002b2f8     MSVCRTD:guard_support.obj
 0003:00005300       $unwind$__castguard_slow_path_check_os_handled 000000018002b300     MSVCRTD:guard_support.obj
 0003:00005308       $unwind$?_RTC_GetSrcLine@@YAHPEAEPEA_WKPEAH1K@Z 000000018002b308     MSVCRTD:pdblkup.obj
 0003:00005324       $unwind$?GetPdbDllFromInstallPath@@YAPEAUHINSTANCE__@@XZ 000000018002b324     MSVCRTD:pdblkup.obj
 0003:0000534c       $unwind$?GetPdbDllPathFromFilePath@@YAHPEB_WPEA_W_K@Z 000000018002b34c     MSVCRTD:pdblkup.obj
 0003:00005368       $unwind$?GetPdbDll@@YAPEAUHINSTANCE__@@XZ 000000018002b368     MSVCRTD:pdblkup.obj
 0003:0000537c       $unwind$__isa_available_init 000000018002b37c     MSVCRTD:cpu_disp.obj
 0003:00005390       $unwind$__scrt_is_ucrt_dll_in_use 000000018002b390     MSVCRTD:ucrt_detection.obj
 0003:00005398       $xdatasym                  000000018002b398     MSVCRTD:guard_dispatch.obj
 0003:000053a0       $xdatasym                  000000018002b3a0     MSVCRTD:guard_xfg_dispatch.obj
 0003:00005640       .edata                     000000018002b640     P5Engine.exp
 0003:00005668       rgpv                       000000018002b668     P5Engine.exp
 0003:00005670       rgszName                   000000018002b670     P5Engine.exp
 0003:00005678       rgwOrd                     000000018002b678     P5Engine.exp
 0003:0000567c       szName                     000000018002b67c     P5Engine.exp
 0003:00005689       $N00001                    000000018002b689     P5Engine.exp
 0003:0000569d       $N00002                    000000018002b69d     P5Engine.exp
 0004:00000000       ?RandomNumberTable@@3PAIA  000000018002c000     p5engine.obj
 0004:00004e40       ?init@?1??_RTC_InitBase@@9@4_NA 0000000180030e40     MSVCRTD:init.obj
 0004:00004e44       ?__proc_attached@@3HA      0000000180030e44     MSVCRTD:dll_dllmain.obj
 0004:00004e58       ?_RTC_ErrorReportFunc@@3P6AHHPEBDH00ZZEA 0000000180030e58     MSVCRTD:userapi.obj
 0004:00004e60       ?_RTC_ErrorReportFuncW@@3P6AHHPEB_WH00ZZEA 0000000180030e60     MSVCRTD:userapi.obj
 0004:00004e70       GS_ExceptionRecord         0000000180030e70     MSVCRTD:gs_report.obj
 0004:00004f10       GS_ContextRecord           0000000180030f10     MSVCRTD:gs_report.obj
 0004:00005538       ?is_initialized_as_dll@@3_NA 0000000180031538     MSVCRTD:utility.obj
 0004:00005539       ?module_local_atexit_table_initialized@@3_NA 0000000180031539     MSVCRTD:utility.obj
 0004:00005540       ?module_local_atexit_table@@3U_onexit_table_t@@A 0000000180031540     MSVCRTD:utility.obj
 0004:00005558       ?module_local_at_quick_exit_table@@3U_onexit_table_t@@A 0000000180031558     MSVCRTD:utility.obj
 0004:00005598       ?mspdb@@3PEAUHINSTANCE__@@EA 0000000180031598     MSVCRTD:pdblkup.obj
 0004:000055a1       ?alreadyTried@?1??GetPdbDll@@YAPEAUHINSTANCE__@@XZ@4_NA 00000001800315a1     MSVCRTD:pdblkup.obj
 0004:000055a2       ?PDBOK@?1??_RTC_GetSrcLine@@YAHPEAEPEA_WKPEAH1K@Z@4_NA 00000001800315a2     MSVCRTD:pdblkup.obj
 0006:000007aa       .idata$6                   00000001800357aa     vcruntimed:VCRUNTIME140D.dll
 0006:0000095a       .idata$6                   000000018003595a     ucrtd:ucrtbased.dll
 0006:00000b9c       .idata$6                   0000000180035b9c     kernel32:KERNEL32.dll
 0007:00000000       __5C0B09BC_p5engine_platform@h 0000000180036000     p5engine.obj
 0007:00000001       __09340588_corecrt_math@h  0000000180036001     p5engine.obj
 0007:00000002       __B0C4CEA9_malloc@h        0000000180036002     p5engine.obj
 0007:00000003       __3A0418DB_p5engine_intrinsics@h 0000000180036003     p5engine.obj
 0007:00000004       __6D6C9F34_p5engine_math@h 0000000180036004     p5engine.obj
 0007:00000005       __326D9465_p5engine_entity@h 0000000180036005     p5engine.obj
 0007:00000006       __B7D51BCB_p5engine@h      0000000180036006     p5engine.obj
 0007:00000007       __DC0D61CC_p5engine_world@cpp 0000000180036007     p5engine.obj
 0007:00000008       __5DD8E4E4_p5engine_sim_region@cpp 0000000180036008     p5engine.obj
 0007:00000009       __9C871DF9_p5engine_entity@cpp 0000000180036009     p5engine.obj
 0007:0000000a       __D1049797_p5engine@cpp    000000018003600a     p5engine.obj
 0009:00000170       $R000000                   0000000180038170     * linker generated manifest res *
