 P5Engine

 Timestamp is 63168ee5 (Mon Sep  5 19:05:57 2022)

 Preferred load address is 0000000180000000

 Start         Length     Name                   Class
 0001:00000000 0000a120H .text$mn                CODE
 0001:0000a120 00000040H .text$mn$00             CODE
 0001:0000a160 000000ddH .text$x                 CODE
 0002:00000000 000000f8H .idata$5                DATA
 0002:000000f8 00000028H .00cfg                  DATA
 0002:00000120 00000008H .CRT$XCA                DATA
 0002:00000128 00000008H .CRT$XCZ                DATA
 0002:00000130 00000008H .CRT$XIA                DATA
 0002:00000138 00000008H .CRT$XIZ                DATA
 0002:00000140 00000008H .CRT$XPA                DATA
 0002:00000148 00000008H .CRT$XPZ                DATA
 0002:00000150 00000008H .CRT$XTA                DATA
 0002:00000158 00000008H .CRT$XTZ                DATA
 0002:00000160 00000000H .gehcont$y              DATA
 0002:00000160 00000000H .gfids$y                DATA
 0002:00000160 00000620H .rdata                  DATA
 0002:00000780 00000000H .rdata$CastGuardVftablesA DATA
 0002:00000780 00000000H .rdata$CastGuardVftablesC DATA
 0002:00000780 00000020H .rdata$voltmd           DATA
 0002:000007a0 000002d8H .rdata$zzzdbg           DATA
 0002:00000a78 00000008H .rtc$IAA                DATA
 0002:00000a80 00000008H .rtc$IZZ                DATA
 0002:00000a88 00000008H .rtc$TAA                DATA
 0002:00000a90 00000008H .rtc$TZZ                DATA
 0002:00000a98 000007d8H .xdata                  DATA
 0002:00001270 00000074H .edata                  DATA
 0002:000012e4 0000003cH .idata$2                DATA
 0002:00001320 00000018H .idata$3                DATA
 0002:00001338 000000f8H .idata$4                DATA
 0002:00001430 0000028eH .idata$6                DATA
 0003:00000000 00004040H .data                   DATA
 0003:00004040 0000061cH .bss                    DATA
 0004:00000000 00000540H .pdata                  DATA
 0005:00000000 0000000dH .msvcjmc                DATA
 0006:00000000 00000060H .rsrc$01                DATA
 0006:00000060 00000098H .rsrc$02                DATA

  Address         Publics by Value              Rva+Base               Lib:Object

 0000:00000000       __guard_fids_table         0000000000000000     <absolute>
 0000:00000000       __hybrid_auxiliary_iat     0000000000000000     <absolute>
 0000:00000000       __arm64x_redirection_metadata 0000000000000000     <absolute>
 0000:00000000       __guard_longjmp_table      0000000000000000     <absolute>
 0000:00000000       __hybrid_auxiliary_iat_copy 0000000000000000     <absolute>
 0000:00000000       __x64_code_ranges_to_entry_points 0000000000000000     <absolute>
 0000:00000000       __guard_longjmp_count      0000000000000000     <absolute>
 0000:00000000       __hybrid_code_map_count    0000000000000000     <absolute>
 0000:00000000       __guard_fids_count         0000000000000000     <absolute>
 0000:00000000       __guard_iat_count          0000000000000000     <absolute>
 0000:00000000       __arm64x_extra_rfe_table   0000000000000000     <absolute>
 0000:00000000       __AbsoluteZero             0000000000000000     <absolute>
 0000:00000000       __hybrid_code_map          0000000000000000     <absolute>
 0000:00000000       __arm64x_extra_rfe_table_size 0000000000000000     <absolute>
 0000:00000000       ___safe_se_handler_count   0000000000000000     <absolute>
 0000:00000000       __guard_iat_table          0000000000000000     <absolute>
 0000:00000000       __guard_check_icall_a64n_fptr 0000000000000000     <absolute>
 0000:00000000       __arm64x_native_entrypoint 0000000000000000     <absolute>
 0000:00000000       __guard_eh_cont_table      0000000000000000     <absolute>
 0000:00000000       __dynamic_value_reloc_table 0000000000000000     <absolute>
 0000:00000000       ___safe_se_handler_table   0000000000000000     <absolute>
 0000:00000000       __x64_code_ranges_to_entry_points_count 0000000000000000     <absolute>
 0000:00000000       __guard_eh_cont_count      0000000000000000     <absolute>
 0000:00000000       __enclave_config           0000000000000000     <absolute>
 0000:00000000       __arm64x_redirection_metadata_count 0000000000000000     <absolute>
 0000:00000100       __guard_flags              0000000000000100     <absolute>
 0000:00000000       __ImageBase                0000000180000000     <linker-defined>
 0001:00000000       ??X@YAAEATv3@@AEAT0@M@Z    0000000180001000 f i p5engine.obj
 0001:000006f0       ?AreInSameChunk@@YAHPEAUworld@@PEAUworld_position@@1@Z 00000001800016f0 f i p5engine.obj
 0001:00001010       ?ChangeEntityLocationRaw@@YAXPEAUmemory_arena@@PEAUworld@@IPEAUworld_position@@2@Z 0000000180002010 f i p5engine.obj
 0001:000012c0       ?ChunkPositionFromTilePosition@@YA?AUworld_position@@PEAUworld@@HHHTv3@@@Z 00000001800022c0 f i p5engine.obj
 0001:00003040       ?EntityOverlapsRectangle@@YAHTv3@@Usim_entity_collision_volume@@Urectangle3@@@Z 0000000180004040 f i p5engine.obj
 0001:000031f0       ?GetRenderEntityBasisPos@@YA?AUentity_basis_p_result@@PEAUrender_transform@@Tv3@@@Z 00000001800041f0 f i p5engine.obj
 0001:00003370       ?GetStairGround@@YAMPEAUsim_entity@@Tv3@@@Z 0000000180004370 f i p5engine.obj
 0001:00003500       ?GetWorldChunk@@YAPEAUworld_chunk@@PEAUworld@@HHHPEAUmemory_arena@@@Z 0000000180004500 f i p5engine.obj
 0001:00003640       ?IsCanonical@@YAHMM@Z      0000000180004640 f i p5engine.obj
 0001:00004760       ?PushBitmap@@YAXPEAUrender_group@@PEAUloaded_bitmap@@Tv3@@MTv4@@@Z 0000000180005760 f i p5engine.obj
 0001:00004970       ?PushRect@@YAXPEAUrender_group@@Tv3@@Tv2@@Tv4@@@Z 0000000180005970 f i p5engine.obj
 0001:00004ad0       ?PushRectOutline@@YAXPEAUrender_group@@Tv3@@Tv2@@Tv4@@@Z 0000000180005ad0 f i p5engine.obj
 0001:00004cd0       ?PushSize_@@YAPEAXPEAUmemory_arena@@_K@Z 0000000180005cd0 f i p5engine.obj
 0001:00004d30       ?RecanonicalizeCoord@@YAXMPEAHPEAM@Z 0000000180005d30 f i p5engine.obj
 0001:00005320       GameGetSoundSamples        0000000180006320 f   p5engine.obj
 0001:00005360       GameUpdateAndRender        0000000180006360 f   p5engine.obj
 0001:00008a70       __CheckForDebuggerJustMyCode 0000000180009a70 f   MSVCRTD:debugger_jmc.obj
 0001:00008ab0       __GSHandlerCheck           0000000180009ab0 f   MSVCRTD:gshandler.obj
 0001:00008af0       __GSHandlerCheckCommon     0000000180009af0 f   MSVCRTD:gshandler.obj
 0001:00008c00       __security_check_cookie    0000000180009c00 f   MSVCRTD:amdsecgs.obj
 0001:00009030       _DllMainCRTStartup         000000018000a030 f   MSVCRTD:dll_dllmain.obj
 0001:00009070       __raise_securityfailure    000000018000a070 f   MSVCRTD:gs_report.obj
 0001:000090b0       __report_gsfailure         000000018000a0b0 f   MSVCRTD:gs_report.obj
 0001:00009310       __security_init_cookie     000000018000a310 f   MSVCRTD:gs_support.obj
 0001:00009390       DllMain                    000000018000a390 f   MSVCRTD:dll_dllmain_stub.obj
 0001:000093d0       ?__scrt_initialize_type_info@@YAXXZ 000000018000a3d0 f   MSVCRTD:tncleanup.obj
 0001:000093f0       ?__scrt_uninitialize_type_info@@YAXXZ 000000018000a3f0 f   MSVCRTD:tncleanup.obj
 0001:00009410       __local_stdio_printf_options 000000018000a410 f i MSVCRTD:default_local_stdio_options.obj
 0001:00009420       __local_stdio_scanf_options 000000018000a420 f i MSVCRTD:default_local_stdio_options.obj
 0001:00009430       __scrt_initialize_default_local_stdio_options 000000018000a430 f   MSVCRTD:default_local_stdio_options.obj
 0001:00009480       ?configure_argv@__scrt_narrow_argv_policy@@SAHXZ 000000018000a480 f i MSVCRTD:utility.obj
 0001:00009570       ?initialize_environment@__scrt_narrow_environment_policy@@SAHXZ 000000018000a570 f i MSVCRTD:utility.obj
 0001:00009610       NtCurrentTeb               000000018000a610 f i MSVCRTD:utility.obj
 0001:00009620       __scrt_acquire_startup_lock 000000018000a620 f   MSVCRTD:utility.obj
 0001:00009690       __scrt_dllmain_after_initialize_c 000000018000a690 f   MSVCRTD:utility.obj
 0001:000096c0       __scrt_dllmain_before_initialize_c 000000018000a6c0 f   MSVCRTD:utility.obj
 0001:000096e0       __scrt_dllmain_crt_thread_attach 000000018000a6e0 f   MSVCRTD:utility.obj
 0001:00009710       __scrt_dllmain_crt_thread_detach 000000018000a710 f   MSVCRTD:utility.obj
 0001:00009730       __scrt_dllmain_exception_filter 000000018000a730 f   MSVCRTD:utility.obj
 0001:000097a0       __scrt_dllmain_uninitialize_c 000000018000a7a0 f   MSVCRTD:utility.obj
 0001:000097d0       __scrt_dllmain_uninitialize_critical 000000018000a7d0 f   MSVCRTD:utility.obj
 0001:000097f0       __scrt_initialize_crt      000000018000a7f0 f   MSVCRTD:utility.obj
 0001:00009840       __scrt_initialize_onexit_tables 000000018000a840 f   MSVCRTD:utility.obj
 0001:00009950       __scrt_is_nonwritable_in_current_image 000000018000a950 f   MSVCRTD:utility.obj
 0001:000099e0       __scrt_release_startup_lock 000000018000a9e0 f   MSVCRTD:utility.obj
 0001:00009a10       __scrt_uninitialize_crt    000000018000aa10 f   MSVCRTD:utility.obj
 0001:00009a50       __scrt_get_dyn_tls_init_callback 000000018000aa50 f   MSVCRTD:dyn_tls_init.obj
 0001:00009a60       __crt_debugger_hook        000000018000aa60 f   MSVCRTD:utility_desktop.obj
 0001:00009a70       __scrt_fastfail            000000018000aa70 f   MSVCRTD:utility_desktop.obj
 0001:00009c10       _RTC_Initialize            000000018000ac10 f   MSVCRTD:initsect.obj
 0001:00009c60       _RTC_Terminate             000000018000ac60 f   MSVCRTD:initsect.obj
 0001:00009cb0       _guard_check_icall_nop     000000018000acb0 f i MSVCRTD:guard_support.obj
 0001:00009cc0       __isa_available_init       000000018000acc0 f   MSVCRTD:cpu_disp.obj
 0001:0000a060       _get_startup_argv_mode     000000018000b060 f   MSVCRTD:argv_mode.obj
 0001:0000a070       __scrt_is_ucrt_dll_in_use  000000018000b070 f   MSVCRTD:ucrt_detection.obj
 0001:0000a0a0       memset                     000000018000b0a0 f   vcruntimed:VCRUNTIME140D.dll
 0001:0000a0a6       __C_specific_handler       000000018000b0a6 f   vcruntimed:VCRUNTIME140D.dll
 0001:0000a0ac       __std_type_info_destroy_list 000000018000b0ac f   vcruntimed:VCRUNTIME140D.dll
 0001:0000a0b2       sinf                       000000018000b0b2 f   ucrtd:ucrtbased.dll
 0001:0000a0b8       _initterm                  000000018000b0b8 f   ucrtd:ucrtbased.dll
 0001:0000a0be       _initterm_e                000000018000b0be f   ucrtd:ucrtbased.dll
 0001:0000a0c4       _seh_filter_dll            000000018000b0c4 f   ucrtd:ucrtbased.dll
 0001:0000a0ca       _configure_narrow_argv     000000018000b0ca f   ucrtd:ucrtbased.dll
 0001:0000a0d0       _initialize_narrow_environment 000000018000b0d0 f   ucrtd:ucrtbased.dll
 0001:0000a0d6       _initialize_onexit_table   000000018000b0d6 f   ucrtd:ucrtbased.dll
 0001:0000a0dc       _execute_onexit_table      000000018000b0dc f   ucrtd:ucrtbased.dll
 0001:0000a0e2       _cexit                     000000018000b0e2 f   ucrtd:ucrtbased.dll
 0001:0000a0f0       __scrt_stub_for_acrt_thread_detach 000000018000b0f0 f   MSVCRTD:ucrt_stubs.obj
 0001:0000a0f0       __vcrt_thread_detach       000000018000b0f0 f   MSVCRTD:ucrt_stubs.obj
 0001:0000a0f0       __acrt_initialize          000000018000b0f0 f   MSVCRTD:ucrt_stubs.obj
 0001:0000a0f0       __vcrt_initialize          000000018000b0f0 f   MSVCRTD:ucrt_stubs.obj
 0001:0000a0f0       __acrt_thread_attach       000000018000b0f0 f   MSVCRTD:ucrt_stubs.obj
 0001:0000a0f0       __vcrt_thread_attach       000000018000b0f0 f   MSVCRTD:ucrt_stubs.obj
 0001:0000a0f0       __scrt_stub_for_acrt_initialize 000000018000b0f0 f   MSVCRTD:ucrt_stubs.obj
 0001:0000a0f0       __acrt_thread_detach       000000018000b0f0 f   MSVCRTD:ucrt_stubs.obj
 0001:0000a0f0       __scrt_stub_for_acrt_thread_attach 000000018000b0f0 f   MSVCRTD:ucrt_stubs.obj
 0001:0000a100       __acrt_uninitialize        000000018000b100 f   MSVCRTD:ucrt_stubs.obj
 0001:0000a100       __vcrt_uninitialize        000000018000b100 f   MSVCRTD:ucrt_stubs.obj
 0001:0000a100       __scrt_stub_for_acrt_uninitialize 000000018000b100 f   MSVCRTD:ucrt_stubs.obj
 0001:0000a100       __scrt_stub_for_acrt_uninitialize_critical 000000018000b100 f   MSVCRTD:ucrt_stubs.obj
 0001:0000a100       __vcrt_uninitialize_critical 000000018000b100 f   MSVCRTD:ucrt_stubs.obj
 0001:0000a100       __acrt_uninitialize_critical 000000018000b100 f   MSVCRTD:ucrt_stubs.obj
 0001:0000a110       __scrt_stub_for_is_c_termination_complete 000000018000b110 f   MSVCRTD:ucrt_stubs.obj
 0001:0000a110       _is_c_termination_complete 000000018000b110 f   MSVCRTD:ucrt_stubs.obj
 0001:0000a130       _guard_dispatch_icall_nop  000000018000b130 f   MSVCRTD:guard_dispatch.obj
 0001:0000a150       _guard_xfg_dispatch_icall_nop 000000018000b150 f   MSVCRTD:guard_xfg_dispatch.obj
 0002:00000000       __imp_GetCurrentProcessId  000000018000c000     kernel32:KERNEL32.dll
 0002:00000008       __imp_GetCurrentThreadId   000000018000c008     kernel32:KERNEL32.dll
 0002:00000010       __imp_RtlLookupFunctionEntry 000000018000c010     kernel32:KERNEL32.dll
 0002:00000018       __imp_RtlVirtualUnwind     000000018000c018     kernel32:KERNEL32.dll
 0002:00000020       __imp_UnhandledExceptionFilter 000000018000c020     kernel32:KERNEL32.dll
 0002:00000028       __imp_IsDebuggerPresent    000000018000c028     kernel32:KERNEL32.dll
 0002:00000030       __imp_InitializeSListHead  000000018000c030     kernel32:KERNEL32.dll
 0002:00000038       __imp_DisableThreadLibraryCalls 000000018000c038     kernel32:KERNEL32.dll
 0002:00000040       __imp_GetSystemTimeAsFileTime 000000018000c040     kernel32:KERNEL32.dll
 0002:00000048       __imp_RtlCaptureContext    000000018000c048     kernel32:KERNEL32.dll
 0002:00000050       __imp_QueryPerformanceCounter 000000018000c050     kernel32:KERNEL32.dll
 0002:00000058       __imp_IsProcessorFeaturePresent 000000018000c058     kernel32:KERNEL32.dll
 0002:00000060       __imp_TerminateProcess     000000018000c060     kernel32:KERNEL32.dll
 0002:00000068       __imp_GetCurrentProcess    000000018000c068     kernel32:KERNEL32.dll
 0002:00000070       __imp_SetUnhandledExceptionFilter 000000018000c070     kernel32:KERNEL32.dll
 0002:00000078       \177KERNEL32_NULL_THUNK_DATA 000000018000c078     kernel32:KERNEL32.dll
 0002:00000080       __imp_memset               000000018000c080     vcruntimed:VCRUNTIME140D.dll
 0002:00000088       __imp___std_type_info_destroy_list 000000018000c088     vcruntimed:VCRUNTIME140D.dll
 0002:00000090       __imp___C_specific_handler 000000018000c090     vcruntimed:VCRUNTIME140D.dll
 0002:00000098       \177VCRUNTIME140D_NULL_THUNK_DATA 000000018000c098     vcruntimed:VCRUNTIME140D.dll
 0002:000000a0       __imp__cexit               000000018000c0a0     ucrtd:ucrtbased.dll
 0002:000000a8       __imp__execute_onexit_table 000000018000c0a8     ucrtd:ucrtbased.dll
 0002:000000b0       __imp__initialize_onexit_table 000000018000c0b0     ucrtd:ucrtbased.dll
 0002:000000b8       __imp__initialize_narrow_environment 000000018000c0b8     ucrtd:ucrtbased.dll
 0002:000000c0       __imp__seh_filter_dll      000000018000c0c0     ucrtd:ucrtbased.dll
 0002:000000c8       __imp__initterm_e          000000018000c0c8     ucrtd:ucrtbased.dll
 0002:000000d0       __imp__initterm            000000018000c0d0     ucrtd:ucrtbased.dll
 0002:000000d8       __imp_sinf                 000000018000c0d8     ucrtd:ucrtbased.dll
 0002:000000e0       __imp_roundf               000000018000c0e0     ucrtd:ucrtbased.dll
 0002:000000e8       __imp__configure_narrow_argv 000000018000c0e8     ucrtd:ucrtbased.dll
 0002:000000f0       \177ucrtbased_NULL_THUNK_DATA 000000018000c0f0     ucrtd:ucrtbased.dll
 0002:000000f8       __guard_check_icall_fptr   000000018000c0f8     MSVCRTD:guard_support.obj
 0002:00000100       __guard_xfg_check_icall_fptr 000000018000c100     MSVCRTD:guard_support.obj
 0002:00000108       __guard_dispatch_icall_fptr 000000018000c108     MSVCRTD:guard_support.obj
 0002:00000110       __guard_xfg_dispatch_icall_fptr 000000018000c110     MSVCRTD:guard_support.obj
 0002:00000118       __guard_xfg_table_dispatch_icall_fptr 000000018000c118     MSVCRTD:guard_support.obj
 0002:00000120       __xc_a                     000000018000c120     MSVCRTD:initializers.obj
 0002:00000128       __xc_z                     000000018000c128     MSVCRTD:initializers.obj
 0002:00000130       __xi_a                     000000018000c130     MSVCRTD:initializers.obj
 0002:00000138       __xi_z                     000000018000c138     MSVCRTD:initializers.obj
 0002:00000140       __xp_a                     000000018000c140     MSVCRTD:initializers.obj
 0002:00000148       __xp_z                     000000018000c148     MSVCRTD:initializers.obj
 0002:00000150       __xt_a                     000000018000c150     MSVCRTD:initializers.obj
 0002:00000158       __xt_z                     000000018000c158     MSVCRTD:initializers.obj
 0002:00000160       ??_C@_0BM@PJPBBIHG@?4?4?1P5Engine?1data?1grass1?4bmp@ 000000018000c160     p5engine.obj
 0002:00000180       ??_C@_0BL@KMKJHMBG@?4?4?1P5Engine?1data?1soil1?4bmp@ 000000018000c180     p5engine.obj
 0002:000001a0       ??_C@_0BL@CKDNAOLI@?4?4?1P5Engine?1data?1soil2?4bmp@ 000000018000c1a0     p5engine.obj
 0002:000001c0       ??_C@_0BL@OBGBNNBN@?4?4?1P5Engine?1data?1soil3?4bmp@ 000000018000c1c0     p5engine.obj
 0002:000001e0       ??_C@_0BL@PKIKGPIF@?4?4?1P5Engine?1data?1tuft1?4bmp@ 000000018000c1e0     p5engine.obj
 0002:00000200       ??_C@_0BL@HMBOBNCL@?4?4?1P5Engine?1data?1tuft2?4bmp@ 000000018000c200     p5engine.obj
 0002:00000220       ??_C@_0BI@LLDOGEFD@?4?4?1P5Engine?1data?1bg?4bmp@ 000000018000c220     p5engine.obj
 0002:00000238       ??_C@_0BM@NIFDJJOH@?4?4?1P5Engine?1data?1shadow?4bmp@ 000000018000c238     p5engine.obj
 0002:00000258       ??_C@_0BM@ODFMFCEI@?4?4?1P5Engine?1data?1stairs?4bmp@ 000000018000c258     p5engine.obj
 0002:00000278       ??_C@_0BK@OBLCJJGP@?4?4?1P5Engine?1data?1tree?4bmp@ 000000018000c278     p5engine.obj
 0002:00000298       ??_C@_0BL@IDLBAPAA@?4?4?1P5Engine?1data?1enemy?4bmp@ 000000018000c298     p5engine.obj
 0002:000002b8       ??_C@_0BJ@NKABLOEO@?4?4?1P5Engine?1data?1orb?4bmp@ 000000018000c2b8     p5engine.obj
 0002:000002d8       ??_C@_0CC@LMFPELMM@?4?4?1P5Engine?1data?1char?9right?90?4b@ 000000018000c2d8     p5engine.obj
 0002:00000300       ??_C@_0CB@PEKICNDL@?4?4?1P5Engine?1data?1char?9back?90?4bm@ 000000018000c300     p5engine.obj
 0002:00000328       ??_C@_0CB@EADJMAIP@?4?4?1P5Engine?1data?1char?9left?90?4bm@ 000000018000c328     p5engine.obj
 0002:00000350       ??_C@_0CC@FOFLOHLO@?4?4?1P5Engine?1data?1char?9front?90?4b@ 000000018000c350     p5engine.obj
 0002:00000378       ??_C@_0CB@KNGGMNCB@?4?4?1P5Engine?1data?1sword?9right?4bm@ 000000018000c378     p5engine.obj
 0002:000003a0       ??_C@_0CA@LOPACOB@?4?4?1P5Engine?1data?1sword?9back?4bmp@ 000000018000c3a0     p5engine.obj
 0002:000003c0       ??_C@_0CA@OHNPEIGA@?4?4?1P5Engine?1data?1sword?9left?4bmp@ 000000018000c3c0     p5engine.obj
 0002:000003e0       ??_C@_0CB@BNIDBOJA@?4?4?1P5Engine?1data?1sword?9front?4bm@ 000000018000c3e0     p5engine.obj
 0002:00000404       __real@37810183            000000018000c404     p5engine.obj
 0002:00000408       __real@3a83126f            000000018000c408     p5engine.obj
 0002:0000040c       __real@3b808081            000000018000c40c     p5engine.obj
 0002:00000410       __real@3c23d70a            000000018000c410     p5engine.obj
 0002:00000414       __real@3dcccccd            000000018000c414     p5engine.obj
 0002:00000418       __real@3e4ccccd            000000018000c418     p5engine.obj
 0002:0000041c       __real@3e800000            000000018000c41c     p5engine.obj
 0002:00000420       __real@3f000000            000000018000c420     p5engine.obj
 0002:00000424       __real@3f19999a            000000018000c424     p5engine.obj
 0002:00000428       __real@3f228f5c            000000018000c428     p5engine.obj
 0002:0000042c       __real@3f3504f3            000000018000c42c     p5engine.obj
 0002:00000430       __real@3f400000            000000018000c430     p5engine.obj
 0002:00000434       __real@3f666666            000000018000c434     p5engine.obj
 0002:00000438       __real@3f800000            000000018000c438     p5engine.obj
 0002:0000043c       __real@3f8ccccd            000000018000c43c     p5engine.obj
 0002:00000440       __real@3f99999a            000000018000c440     p5engine.obj
 0002:00000444       __real@3fb33333            000000018000c444     p5engine.obj
 0002:00000448       __real@3fc00000            000000018000c448     p5engine.obj
 0002:0000044c       __real@3fe66667            000000018000c44c     p5engine.obj
 0002:00000450       __real@40000000            000000018000c450     p5engine.obj
 0002:00000454       __real@40333333            000000018000c454     p5engine.obj
 0002:00000458       __real@40400000            000000018000c458     p5engine.obj
 0002:0000045c       __real@40a00000            000000018000c45c     p5engine.obj
 0002:00000460       __real@40c90fdb            000000018000c460     p5engine.obj
 0002:00000464       __real@411ccccd            000000018000c464     p5engine.obj
 0002:00000468       __real@41499999            000000018000c468     p5engine.obj
 0002:0000046c       __real@41700000            000000018000c46c     p5engine.obj
 0002:00000470       __real@41a00000            000000018000c470     p5engine.obj
 0002:00000474       __real@41be6666            000000018000c474     p5engine.obj
 0002:00000478       __real@41f00000            000000018000c478     p5engine.obj
 0002:0000047c       __real@42480000            000000018000c47c     p5engine.obj
 0002:00000480       __real@42ff0000            000000018000c480     p5engine.obj
 0002:00000484       __real@43000000            000000018000c484     p5engine.obj
 0002:00000488       __real@437f0000            000000018000c488     p5engine.obj
 0002:0000048c       __real@461c4000            000000018000c48c     p5engine.obj
 0002:00000490       __real@47c35000            000000018000c490     p5engine.obj
 0002:00000494       __real@7f7fffff            000000018000c494     p5engine.obj
 0002:00000498       __real@becccccd            000000018000c498     p5engine.obj
 0002:0000049c       __real@bf000000            000000018000c49c     p5engine.obj
 0002:000004a0       __real@bf800000            000000018000c4a0     p5engine.obj
 0002:000004a4       __real@c0000000            000000018000c4a4     p5engine.obj
 0002:000004a8       __real@c0100000            000000018000c4a8     p5engine.obj
 0002:000004ac       __real@c0400000            000000018000c4ac     p5engine.obj
 0002:000004b0       __xmm@000000003e8000003e8000003e800000 000000018000c4b0     p5engine.obj
 0002:000004c0       __xmm@000000ff000000ff000000ff000000ff 000000018000c4c0     p5engine.obj
 0002:000004d0       __xmm@0000ffff0000ffff0000ffff0000ffff 000000018000c4d0     p5engine.obj
 0002:000004e0       __xmm@00ff00ff00ff00ff00ff00ff00ff00ff 000000018000c4e0     p5engine.obj
 0002:000004f0       __xmm@3b8080813b8080813b8080813b808081 000000018000c4f0     p5engine.obj
 0002:00000500       __xmm@3f800000000000003f0000003f800000 000000018000c500     p5engine.obj
 0002:00000510       __xmm@3f800000000000003f8000003f800000 000000018000c510     p5engine.obj
 0002:00000520       __xmm@3f8000003dcccccd3f4000003f000000 000000018000c520     p5engine.obj
 0002:00000530       __xmm@3f8000003f800000000000003f800000 000000018000c530     p5engine.obj
 0002:00000540       __xmm@3f8000003f8000003f80000000000000 000000018000c540     p5engine.obj
 0002:00000550       __xmm@3f8000003f8000003f8000003f800000 000000018000c550     p5engine.obj
 0002:00000560       __xmm@40800000408000004080000040800000 000000018000c560     p5engine.obj
 0002:00000570       __xmm@477e0100477e0100477e0100477e0100 000000018000c570     p5engine.obj
 0002:00000580       __xmm@7fffffff7fffffff7fffffff7fffffff 000000018000c580     p5engine.obj
 0002:00000590       __xmm@80000000800000008000000080000000 000000018000c590     p5engine.obj
 0002:000005a0       __xmm@ffffffffffffffffffffffffffffffff 000000018000c5a0     p5engine.obj
 0002:000005b0       _pDefaultRawDllMain        000000018000c5b0     MSVCRTD:dll_dllmain.obj
 0002:000005b0       _pRawDllMain               000000018000c5b0     MSVCRTD:dll_dllmain.obj
 0002:00000620       _load_config_used          000000018000c620     MSVCRTD:loadcfg.obj
 0002:00000780       __volatile_metadata        000000018000c780     <linker-defined>
 0002:00000a78       __rtc_iaa                  000000018000ca78     MSVCRTD:initsect.obj
 0002:00000a80       __rtc_izz                  000000018000ca80     MSVCRTD:initsect.obj
 0002:00000a88       __rtc_taa                  000000018000ca88     MSVCRTD:initsect.obj
 0002:00000a90       __rtc_tzz                  000000018000ca90     MSVCRTD:initsect.obj
 0002:000012e4       __IMPORT_DESCRIPTOR_VCRUNTIME140D 000000018000d2e4     vcruntimed:VCRUNTIME140D.dll
 0002:000012f8       __IMPORT_DESCRIPTOR_ucrtbased 000000018000d2f8     ucrtd:ucrtbased.dll
 0002:0000130c       __IMPORT_DESCRIPTOR_KERNEL32 000000018000d30c     kernel32:KERNEL32.dll
 0002:00001320       __NULL_IMPORT_DESCRIPTOR   000000018000d320     vcruntimed:VCRUNTIME140D.dll
 0003:00004000       __security_cookie_complement 0000000180012000     MSVCRTD:gs_cookie.obj
 0003:00004008       __security_cookie          0000000180012008     MSVCRTD:gs_cookie.obj
 0003:00004010       _fltused                   0000000180012010     MSVCRTD:fltused.obj
 0003:00004014       __scrt_native_dllmain_reason 0000000180012014     MSVCRTD:utility.obj
 0003:00004018       __isa_available            0000000180012018     MSVCRTD:cpu_disp.obj
 0003:0000401c       __isa_enabled              000000018001201c     MSVCRTD:cpu_disp.obj
 0003:00004020       __memcpy_nt_iters          0000000180012020     MSVCRTD:cpu_disp.obj
 0003:00004028       __memset_nt_iters          0000000180012028     MSVCRTD:cpu_disp.obj
 0003:00004030       __scrt_ucrt_dll_is_in_use  0000000180012030     MSVCRTD:ucrt_stubs.obj
 0003:00004040       DebugGlobalMemory          0000000180012040     p5engine.obj
 0003:000045d0       ?__type_info_root_node@@3U__type_info_node@@A 00000001800125d0     MSVCRTD:tncleanup.obj
 0003:000045e0       ?_OptionsStorage@?1??__local_stdio_printf_options@@9@4_KA 00000001800125e0     MSVCRTD:default_local_stdio_options.obj
 0003:000045e8       ?_OptionsStorage@?1??__local_stdio_scanf_options@@9@4_KA 00000001800125e8     MSVCRTD:default_local_stdio_options.obj
 0003:000045f0       __scrt_current_native_startup_state 00000001800125f0     MSVCRTD:utility.obj
 0003:000045f8       __scrt_native_startup_lock 00000001800125f8     MSVCRTD:utility.obj
 0003:00004638       __scrt_debugger_hook_flag  0000000180012638     MSVCRTD:utility_desktop.obj
 0003:00004640       __castguard_check_failure_os_handled_fptr 0000000180012640     MSVCRTD:guard_support.obj
 0003:00004648       __favor                    0000000180012648     MSVCRTD:cpu_disp.obj
 0003:00004650       __dyn_tls_init_callback    0000000180012650     <common>
 0003:00004658       __DebuggerCurrentSteppingThreadId 0000000180012658     <common>

 entry point at        0001:00009030

 Static symbols

 0000:fffe9000       .debug$S                   0000000180000000     P5Engine.exp
 0000:fffe9000       .debug$S                   0000000180000000     vcruntimed:VCRUNTIME140D.dll
 0000:fffe9000       .debug$S                   0000000180000000     vcruntimed:VCRUNTIME140D.dll
 0000:fffe9000       .debug$S                   0000000180000000     vcruntimed:VCRUNTIME140D.dll
 0000:fffe9000       .debug$S                   0000000180000000     vcruntimed:VCRUNTIME140D.dll
 0000:fffe9000       .debug$S                   0000000180000000     vcruntimed:VCRUNTIME140D.dll
 0000:fffe9000       .debug$S                   0000000180000000     ucrtd:ucrtbased.dll
 0000:fffe9000       .debug$S                   0000000180000000     ucrtd:ucrtbased.dll
 0000:fffe9000       .debug$S                   0000000180000000     ucrtd:ucrtbased.dll
 0000:fffe9000       .debug$S                   0000000180000000     ucrtd:ucrtbased.dll
 0000:fffe9000       .debug$S                   0000000180000000     ucrtd:ucrtbased.dll
 0000:fffe9000       .debug$S                   0000000180000000     ucrtd:ucrtbased.dll
 0000:fffe9000       .debug$S                   0000000180000000     ucrtd:ucrtbased.dll
 0000:fffe9000       .debug$S                   0000000180000000     ucrtd:ucrtbased.dll
 0000:fffe9000       .debug$S                   0000000180000000     ucrtd:ucrtbased.dll
 0000:fffe9000       .debug$S                   0000000180000000     ucrtd:ucrtbased.dll
 0000:fffe9000       .debug$S                   0000000180000000     ucrtd:ucrtbased.dll
 0000:fffe9000       .debug$S                   0000000180000000     ucrtd:ucrtbased.dll
 0000:fffe9000       .debug$S                   0000000180000000     ucrtd:ucrtbased.dll
 0000:fffe9000       .debug$S                   0000000180000000     ucrtd:ucrtbased.dll
 0000:fffe9000       .debug$S                   0000000180000000     kernel32:KERNEL32.dll
 0000:fffe9000       .debug$S                   0000000180000000     kernel32:KERNEL32.dll
 0000:fffe9000       .debug$S                   0000000180000000     kernel32:KERNEL32.dll
 0000:fffe9000       .debug$S                   0000000180000000     kernel32:KERNEL32.dll
 0000:fffe9000       .debug$S                   0000000180000000     kernel32:KERNEL32.dll
 0000:fffe9000       .debug$S                   0000000180000000     kernel32:KERNEL32.dll
 0000:fffe9000       .debug$S                   0000000180000000     kernel32:KERNEL32.dll
 0000:fffe9000       .debug$S                   0000000180000000     kernel32:KERNEL32.dll
 0000:fffe9000       .debug$S                   0000000180000000     kernel32:KERNEL32.dll
 0000:fffe9000       .debug$S                   0000000180000000     kernel32:KERNEL32.dll
 0000:fffe9000       .debug$S                   0000000180000000     kernel32:KERNEL32.dll
 0000:fffe9000       .debug$S                   0000000180000000     kernel32:KERNEL32.dll
 0000:fffe9000       .debug$S                   0000000180000000     kernel32:KERNEL32.dll
 0000:fffe9000       .debug$S                   0000000180000000     kernel32:KERNEL32.dll
 0000:fffe9000       .debug$S                   0000000180000000     kernel32:KERNEL32.dll
 0000:fffe9000       .debug$S                   0000000180000000     kernel32:KERNEL32.dll
 0000:fffe9000       .debug$S                   0000000180000000     kernel32:KERNEL32.dll
 0001:00000060       ?AddCollisionRule@@YAXPEAUgame_state@@IIH@Z 0000000180001060 f   p5engine.obj
 0001:00000140       ?AddEntity@@YAPEAUsim_entity@@PEAUgame_state@@PEAUsim_region@@IPEAUlow_entity@@PEATv3@@@Z 0000000180001140 f   p5engine.obj
 0001:00000260       ?AddEntityRaw@@YAPEAUsim_entity@@PEAUgame_state@@PEAUsim_region@@IPEAUlow_entity@@@Z 0000000180001260 f   p5engine.obj
 0001:00000450       ?AddLowEntity@@YA?AUadd_low_entity_result@@PEAUgame_state@@W4entity_type@@Uworld_position@@@Z 0000000180001450 f   p5engine.obj
 0001:000005a0       ?AllocateRenderGroup@@YAPEAUrender_group@@PEAUmemory_arena@@III@Z 00000001800015a0 f   p5engine.obj
 0001:00000800       ?BeginSim@@YAPEAUsim_region@@PEAUmemory_arena@@PEAUgame_state@@PEAUworld@@Uworld_position@@Urectangle3@@M@Z 0000000180001800 f   p5engine.obj
 0001:00000f30       ?ChangeEntityLocation@@YAXPEAUmemory_arena@@PEAUworld@@IPEAUlow_entity@@Uworld_position@@@Z 0000000180001f30 f   p5engine.obj
 0001:00001490       ?DEBUGLoadBMP@@YA?AUloaded_bitmap@@PEAUthread_context@@P6A?AUdebug_read_file_result@@0PEAD@Z1HH@Z 0000000180002490 f   p5engine.obj
 0001:00001830       ?DoTiledRenderWork@@YAXPEAUplatform_work_queue@@PEAX@Z 0000000180002830 f   p5engine.obj
 0001:00001890       ?DrawHitpoints@@YAXPEAUsim_entity@@PEAUrender_group@@@Z 0000000180002890 f   p5engine.obj
 0001:00001b90       ?DrawRectangle@@YAXPEAUloaded_bitmap@@Tv2@@1Tv4@@Urectangle2i@@H@Z 0000000180002b90 f   p5engine.obj
 0001:00001d90       ?DrawRectangleQuickly@@YAXPEAUloaded_bitmap@@Tv2@@11Tv4@@0MUrectangle2i@@H@Z 0000000180002d90 f   p5engine.obj
 0001:00002ab0       ?EndSim@@YAXPEAUsim_region@@PEAUgame_state@@@Z 0000000180003ab0 f   p5engine.obj
 0001:00002da0       ?EntitiesOverlap@@YAHPEAUsim_entity@@0Tv3@@@Z 0000000180003da0 f   p5engine.obj
 0001:00003180       ?GetHashFromStorageIndex@@YAPEAUsim_entity_hash@@PEAUsim_region@@I@Z 0000000180004180 f   p5engine.obj
 0001:000036b0       ?MakeSimpleGroundedCollision@@YAPEAUsim_entity_collision_volume_group@@PEAUgame_state@@MMM@Z 00000001800046b0 f   p5engine.obj
 0001:000037b0       ?MoveEntity@@YAXPEAUgame_state@@PEAUsim_region@@PEAUsim_entity@@MPEAUmove_spec@@Tv3@@@Z 00000001800047b0 f   p5engine.obj
 0001:00004db0       ?RenderGroupToOutput@@YAXPEAUrender_group@@PEAUloaded_bitmap@@Urectangle2i@@H@Z 0000000180005db0 f   p5engine.obj
 0001:00005010       ?SetTopDownAlign@@YAXPEAUhero_bitmaps@@Tv2@@@Z 0000000180006010 f   p5engine.obj
 0001:000050b0       ?Subtract@@YA?ATv3@@PEAUworld@@PEAUworld_position@@1@Z 00000001800060b0 f   p5engine.obj
 0001:000051c0       ?TiledRenderGroupToOutput@@YAXPEAUplatform_work_queue@@PEAUrender_group@@PEAUloaded_bitmap@@@Z 00000001800061c0 f   p5engine.obj
 0001:00008a48       $LN1031                    0000000180009a48     p5engine.obj
 0001:00008bf0       $$000000                   0000000180009bf0     MSVCRTD:amdsecgs.obj
 0001:00008c20       ?dllmain_crt_dispatch@@YAHQEAUHINSTANCE__@@KQEAX@Z 0000000180009c20 f   MSVCRTD:dll_dllmain.obj
 0001:00008cb0       ?dllmain_crt_process_attach@@YAHQEAUHINSTANCE__@@QEAX@Z 0000000180009cb0 f   MSVCRTD:dll_dllmain.obj
 0001:00008df0       ?dllmain_crt_process_detach@@YAH_N@Z 0000000180009df0 f   MSVCRTD:dll_dllmain.obj
 0001:00008e90       ?dllmain_dispatch@@YAHQEAUHINSTANCE__@@KQEAX@Z 0000000180009e90 f   MSVCRTD:dll_dllmain.obj
 0001:00008fd0       ?dllmain_raw@@YAHQEAUHINSTANCE__@@KQEAX@Z 0000000180009fd0 f   MSVCRTD:dll_dllmain.obj
 0001:00009190       capture_previous_context   000000018000a190 f   MSVCRTD:gs_report.obj
 0001:00009250       __get_entropy              000000018000a250 f   MSVCRTD:gs_support.obj
 0001:000094a0       ?find_pe_section@@YAPEAU_IMAGE_SECTION_HEADER@@QEAE_K@Z 000000018000a4a0 f   MSVCRTD:utility.obj
 0001:00009580       ?is_potentially_valid_image_base@@YA_NQEAX@Z 000000018000a580 f   MSVCRTD:utility.obj
 0001:0000a120       $$000000                   000000018000b120     MSVCRTD:guard_dispatch.obj
 0001:0000a140       $$000000                   000000018000b140     MSVCRTD:guard_xfg_dispatch.obj
 0001:0000a160       ?fin$0@?0??dllmain_crt_process_attach@@YAHQEAUHINSTANCE__@@QEAX@Z@4HA 000000018000b160 f   MSVCRTD:dll_dllmain.obj
 0001:0000a180       ?fin$0@?0??dllmain_crt_process_detach@@YAH_N@Z@4HA 000000018000b180 f   MSVCRTD:dll_dllmain.obj
 0001:0000a19a       ?fin$1@?0??dllmain_crt_process_detach@@YAH_N@Z@4HA 000000018000b19a f   MSVCRTD:dll_dllmain.obj
 0001:0000a1b0       ?filt$0@?0??dllmain_dispatch@@YAHQEAUHINSTANCE__@@KQEAX@Z@4HA 000000018000b1b0 f   MSVCRTD:dll_dllmain.obj
 0001:0000a200       __scrt_is_nonwritable_in_current_image$filt$0 000000018000b200 f   MSVCRTD:utility.obj
 0002:000005b8       GS_ExceptionPointers       000000018000c5b8     MSVCRTD:gs_report.obj
 0002:00000a98       $unwind$?GetHashFromStorageIndex@@YAPEAUsim_entity_hash@@PEAUsim_region@@I@Z 000000018000ca98     p5engine.obj
 0002:00000a98       $unwind$?PushSize_@@YAPEAXPEAUmemory_arena@@_K@Z 000000018000ca98     p5engine.obj
 0002:00000a98       $unwind$_RTC_Initialize    000000018000ca98     MSVCRTD:initsect.obj
 0002:00000a98       $unwind$_RTC_Terminate     000000018000ca98     MSVCRTD:initsect.obj
 0002:00000aa4       $unwind$??X@YAAEATv3@@AEAT0@M@Z 000000018000caa4     p5engine.obj
 0002:00000ab0       $unwind$?GetStairGround@@YAMPEAUsim_entity@@Tv3@@@Z 000000018000cab0     p5engine.obj
 0002:00000abc       $unwind$?AddCollisionRule@@YAXPEAUgame_state@@IIH@Z 000000018000cabc     p5engine.obj
 0002:00000abc       $unwind$?GetWorldChunk@@YAPEAUworld_chunk@@PEAUworld@@HHHPEAUmemory_arena@@@Z 000000018000cabc     p5engine.obj
 0002:00000ad0       $unwind$?DrawRectangle@@YAXPEAUloaded_bitmap@@Tv2@@1Tv4@@Urectangle2i@@H@Z 000000018000cad0     p5engine.obj
 0002:00000afc       $unwind$?DrawRectangleQuickly@@YAXPEAUloaded_bitmap@@Tv2@@11Tv4@@0MUrectangle2i@@H@Z 000000018000cafc     p5engine.obj
 0002:00000b24       $chain$9$?DrawRectangleQuickly@@YAXPEAUloaded_bitmap@@Tv2@@11Tv4@@0MUrectangle2i@@H@Z 000000018000cb24     p5engine.obj
 0002:00000b5c       $chain$10$?DrawRectangleQuickly@@YAXPEAUloaded_bitmap@@Tv2@@11Tv4@@0MUrectangle2i@@H@Z 000000018000cb5c     p5engine.obj
 0002:00000b6c       $unwind$?GetRenderEntityBasisPos@@YA?AUentity_basis_p_result@@PEAUrender_transform@@Tv3@@@Z 000000018000cb6c     p5engine.obj
 0002:00000b84       $unwind$?PushBitmap@@YAXPEAUrender_group@@PEAUloaded_bitmap@@Tv3@@MTv4@@@Z 000000018000cb84     p5engine.obj
 0002:00000b98       $unwind$?PushRect@@YAXPEAUrender_group@@Tv3@@Tv2@@Tv4@@@Z 000000018000cb98     p5engine.obj
 0002:00000ba8       $unwind$?PushRectOutline@@YAXPEAUrender_group@@Tv3@@Tv2@@Tv4@@@Z 000000018000cba8     p5engine.obj
 0002:00000bc4       $unwind$?RenderGroupToOutput@@YAXPEAUrender_group@@PEAUloaded_bitmap@@Urectangle2i@@H@Z 000000018000cbc4     p5engine.obj
 0002:00000be0       $chain$0$?RenderGroupToOutput@@YAXPEAUrender_group@@PEAUloaded_bitmap@@Urectangle2i@@H@Z 000000018000cbe0     p5engine.obj
 0002:00000bf4       $chain$1$?RenderGroupToOutput@@YAXPEAUrender_group@@PEAUloaded_bitmap@@Urectangle2i@@H@Z 000000018000cbf4     p5engine.obj
 0002:00000c04       $unwind$?DoTiledRenderWork@@YAXPEAUplatform_work_queue@@PEAX@Z 000000018000cc04     p5engine.obj
 0002:00000c0c       $unwind$?TiledRenderGroupToOutput@@YAXPEAUplatform_work_queue@@PEAUrender_group@@PEAUloaded_bitmap@@@Z 000000018000cc0c     p5engine.obj
 0002:00000c34       $unwind$?AllocateRenderGroup@@YAPEAUrender_group@@PEAUmemory_arena@@III@Z 000000018000cc34     p5engine.obj
 0002:00000c48       $unwind$?IsCanonical@@YAHMM@Z 000000018000cc48     p5engine.obj
 0002:00000c58       $unwind$?AreInSameChunk@@YAHPEAUworld@@PEAUworld_position@@1@Z 000000018000cc58     p5engine.obj
 0002:00000c68       $unwind$?RecanonicalizeCoord@@YAXMPEAHPEAM@Z 000000018000cc68     p5engine.obj
 0002:00000c78       $unwind$?ChunkPositionFromTilePosition@@YA?AUworld_position@@PEAUworld@@HHHTv3@@@Z 000000018000cc78     p5engine.obj
 0002:00000c9c       $unwind$?Subtract@@YA?ATv3@@PEAUworld@@PEAUworld_position@@1@Z 000000018000cc9c     p5engine.obj
 0002:00000cb4       $unwind$?ChangeEntityLocationRaw@@YAXPEAUmemory_arena@@PEAUworld@@IPEAUworld_position@@2@Z 000000018000ccb4     p5engine.obj
 0002:00000ccc       $unwind$?ChangeEntityLocation@@YAXPEAUmemory_arena@@PEAUworld@@IPEAUlow_entity@@Uworld_position@@@Z 000000018000cccc     p5engine.obj
 0002:00000ce0       $unwind$?AddEntity@@YAPEAUsim_entity@@PEAUgame_state@@PEAUsim_region@@IPEAUlow_entity@@PEATv3@@@Z 000000018000cce0     p5engine.obj
 0002:00000cf4       $unwind$?AddEntityRaw@@YAPEAUsim_entity@@PEAUgame_state@@PEAUsim_region@@IPEAUlow_entity@@@Z 000000018000ccf4     p5engine.obj
 0002:00000d0c       $chain$0$?AddEntityRaw@@YAPEAUsim_entity@@PEAUgame_state@@PEAUsim_region@@IPEAUlow_entity@@@Z 000000018000cd0c     p5engine.obj
 0002:00000d20       $chain$1$?AddEntityRaw@@YAPEAUsim_entity@@PEAUgame_state@@PEAUsim_region@@IPEAUlow_entity@@@Z 000000018000cd20     p5engine.obj
 0002:00000d34       $chain$2$?AddEntityRaw@@YAPEAUsim_entity@@PEAUgame_state@@PEAUsim_region@@IPEAUlow_entity@@@Z 000000018000cd34     p5engine.obj
 0002:00000d48       $chain$3$?AddEntityRaw@@YAPEAUsim_entity@@PEAUgame_state@@PEAUsim_region@@IPEAUlow_entity@@@Z 000000018000cd48     p5engine.obj
 0002:00000d58       $chain$4$?AddEntityRaw@@YAPEAUsim_entity@@PEAUgame_state@@PEAUsim_region@@IPEAUlow_entity@@@Z 000000018000cd58     p5engine.obj
 0002:00000d68       $chain$5$?AddEntityRaw@@YAPEAUsim_entity@@PEAUgame_state@@PEAUsim_region@@IPEAUlow_entity@@@Z 000000018000cd68     p5engine.obj
 0002:00000d78       $unwind$?EntityOverlapsRectangle@@YAHTv3@@Usim_entity_collision_volume@@Urectangle3@@@Z 000000018000cd78     p5engine.obj
 0002:00000da0       $unwind$?BeginSim@@YAPEAUsim_region@@PEAUmemory_arena@@PEAUgame_state@@PEAUworld@@Uworld_position@@Urectangle3@@M@Z 000000018000cda0     p5engine.obj
 0002:00000dcc       $chain$3$?BeginSim@@YAPEAUsim_region@@PEAUmemory_arena@@PEAUgame_state@@PEAUworld@@Uworld_position@@Urectangle3@@M@Z 000000018000cdcc     p5engine.obj
 0002:00000dec       $chain$4$?BeginSim@@YAPEAUsim_region@@PEAUmemory_arena@@PEAUgame_state@@PEAUworld@@Uworld_position@@Urectangle3@@M@Z 000000018000cdec     p5engine.obj
 0002:00000dfc       $unwind$?EndSim@@YAXPEAUsim_region@@PEAUgame_state@@@Z 000000018000cdfc     p5engine.obj
 0002:00000e10       $chain$5$?EndSim@@YAXPEAUsim_region@@PEAUgame_state@@@Z 000000018000ce10     p5engine.obj
 0002:00000e38       $chain$6$?EndSim@@YAXPEAUsim_region@@PEAUgame_state@@@Z 000000018000ce38     p5engine.obj
 0002:00000e48       $unwind$?EntitiesOverlap@@YAHPEAUsim_entity@@0Tv3@@@Z 000000018000ce48     p5engine.obj
 0002:00000e90       $unwind$?MoveEntity@@YAXPEAUgame_state@@PEAUsim_region@@PEAUsim_entity@@MPEAUmove_spec@@Tv3@@@Z 000000018000ce90     p5engine.obj
 0002:00000edc       $unwind$?DEBUGLoadBMP@@YA?AUloaded_bitmap@@PEAUthread_context@@P6A?AUdebug_read_file_result@@0PEAD@Z1HH@Z 000000018000cedc     p5engine.obj
 0002:00000ef4       $chain$3$?DEBUGLoadBMP@@YA?AUloaded_bitmap@@PEAUthread_context@@P6A?AUdebug_read_file_result@@0PEAD@Z1HH@Z 000000018000cef4     p5engine.obj
 0002:00000f14       $chain$6$?DEBUGLoadBMP@@YA?AUloaded_bitmap@@PEAUthread_context@@P6A?AUdebug_read_file_result@@0PEAD@Z1HH@Z 000000018000cf14     p5engine.obj
 0002:00000f30       $chain$7$?DEBUGLoadBMP@@YA?AUloaded_bitmap@@PEAUthread_context@@P6A?AUdebug_read_file_result@@0PEAD@Z1HH@Z 000000018000cf30     p5engine.obj
 0002:00000f40       $chain$8$?DEBUGLoadBMP@@YA?AUloaded_bitmap@@PEAUthread_context@@P6A?AUdebug_read_file_result@@0PEAD@Z1HH@Z 000000018000cf40     p5engine.obj
 0002:00000f50       $unwind$?AddLowEntity@@YA?AUadd_low_entity_result@@PEAUgame_state@@W4entity_type@@Uworld_position@@@Z 000000018000cf50     p5engine.obj
 0002:00000f6c       $unwind$?DrawHitpoints@@YAXPEAUsim_entity@@PEAUrender_group@@@Z 000000018000cf6c     p5engine.obj
 0002:00000f80       $chain$8$?DrawHitpoints@@YAXPEAUsim_entity@@PEAUrender_group@@@Z 000000018000cf80     p5engine.obj
 0002:00000fb4       $chain$9$?DrawHitpoints@@YAXPEAUsim_entity@@PEAUrender_group@@@Z 000000018000cfb4     p5engine.obj
 0002:00000fc4       $unwind$?MakeSimpleGroundedCollision@@YAPEAUsim_entity_collision_volume_group@@PEAUgame_state@@MMM@Z 000000018000cfc4     p5engine.obj
 0002:00000fd8       $unwind$?SetTopDownAlign@@YAXPEAUhero_bitmaps@@Tv2@@@Z 000000018000cfd8     p5engine.obj
 0002:00000fe4       $unwind$GameUpdateAndRender 000000018000cfe4     p5engine.obj
 0002:00000ff8       $chain$15$GameUpdateAndRender 000000018000cff8     p5engine.obj
 0002:00001048       $chain$16$GameUpdateAndRender 000000018000d048     p5engine.obj
 0002:0000105c       $chain$17$GameUpdateAndRender 000000018000d05c     p5engine.obj
 0002:00001078       $chain$18$GameUpdateAndRender 000000018000d078     p5engine.obj
 0002:00001090       $chain$19$GameUpdateAndRender 000000018000d090     p5engine.obj
 0002:000010a4       $chain$20$GameUpdateAndRender 000000018000d0a4     p5engine.obj
 0002:000010b4       $chain$21$GameUpdateAndRender 000000018000d0b4     p5engine.obj
 0002:00001108       $unwind$GameGetSoundSamples 000000018000d108     p5engine.obj
 0002:00001110       $unwind$__CheckForDebuggerJustMyCode 000000018000d110     MSVCRTD:debugger_jmc.obj
 0002:00001110       $unwind$__report_gsfailure 000000018000d110     MSVCRTD:gs_report.obj
 0002:00001118       $unwind$__GSHandlerCheckCommon 000000018000d118     MSVCRTD:gshandler.obj
 0002:00001120       $unwind$__GSHandlerCheck   000000018000d120     MSVCRTD:gshandler.obj
 0002:00001128       $xdatasym                  000000018000d128     MSVCRTD:amdsecgs.obj
 0002:0000112c       $unwind$?dllmain_crt_process_attach@@YAHQEAUHINSTANCE__@@QEAX@Z 000000018000d12c     MSVCRTD:dll_dllmain.obj
 0002:0000114c       $unwind$?fin$0@?0??dllmain_crt_process_attach@@YAHQEAUHINSTANCE__@@QEAX@Z@4HA 000000018000d14c     MSVCRTD:dll_dllmain.obj
 0002:0000114c       $unwind$?fin$0@?0??dllmain_crt_process_detach@@YAH_N@Z@4HA 000000018000d14c     MSVCRTD:dll_dllmain.obj
 0002:0000114c       $unwind$?fin$1@?0??dllmain_crt_process_detach@@YAH_N@Z@4HA 000000018000d14c     MSVCRTD:dll_dllmain.obj
 0002:0000114c       $unwind$__scrt_is_nonwritable_in_current_image$filt$0 000000018000d14c     MSVCRTD:utility.obj
 0002:00001154       $unwind$?dllmain_crt_process_detach@@YAH_N@Z 000000018000d154     MSVCRTD:dll_dllmain.obj
 0002:00001184       $unwind$?dllmain_crt_dispatch@@YAHQEAUHINSTANCE__@@KQEAX@Z 000000018000d184     MSVCRTD:dll_dllmain.obj
 0002:00001184       $unwind$?dllmain_raw@@YAHQEAUHINSTANCE__@@KQEAX@Z 000000018000d184     MSVCRTD:dll_dllmain.obj
 0002:0000118c       $unwind$?dllmain_dispatch@@YAHQEAUHINSTANCE__@@KQEAX@Z 000000018000d18c     MSVCRTD:dll_dllmain.obj
 0002:000011ac       $unwind$?filt$0@?0??dllmain_dispatch@@YAHQEAUHINSTANCE__@@KQEAX@Z@4HA 000000018000d1ac     MSVCRTD:dll_dllmain.obj
 0002:000011b4       $unwind$_DllMainCRTStartup 000000018000d1b4     MSVCRTD:dll_dllmain.obj
 0002:000011b4       $unwind$DllMain            000000018000d1b4     MSVCRTD:dll_dllmain_stub.obj
 0002:000011bc       $unwind$capture_previous_context 000000018000d1bc     MSVCRTD:gs_report.obj
 0002:000011c4       $unwind$__raise_securityfailure 000000018000d1c4     MSVCRTD:gs_report.obj
 0002:000011c4       $unwind$?is_potentially_valid_image_base@@YA_NQEAX@Z 000000018000d1c4     MSVCRTD:utility.obj
 0002:000011cc       $unwind$__scrt_initialize_default_local_stdio_options 000000018000d1cc     MSVCRTD:default_local_stdio_options.obj
 0002:000011cc       $unwind$__security_init_cookie 000000018000d1cc     MSVCRTD:gs_support.obj
 0002:000011d4       $unwind$__get_entropy      000000018000d1d4     MSVCRTD:gs_support.obj
 0002:000011dc       $unwind$?__scrt_initialize_type_info@@YAXXZ 000000018000d1dc     MSVCRTD:tncleanup.obj
 0002:000011dc       $unwind$?__scrt_uninitialize_type_info@@YAXXZ 000000018000d1dc     MSVCRTD:tncleanup.obj
 0002:000011dc       $unwind$?configure_argv@__scrt_narrow_argv_policy@@SAHXZ 000000018000d1dc     MSVCRTD:utility.obj
 0002:000011dc       $unwind$?initialize_environment@__scrt_narrow_environment_policy@@SAHXZ 000000018000d1dc     MSVCRTD:utility.obj
 0002:000011dc       $unwind$__scrt_dllmain_after_initialize_c 000000018000d1dc     MSVCRTD:utility.obj
 0002:000011dc       $unwind$__scrt_dllmain_before_initialize_c 000000018000d1dc     MSVCRTD:utility.obj
 0002:000011dc       $unwind$__scrt_dllmain_crt_thread_attach 000000018000d1dc     MSVCRTD:utility.obj
 0002:000011dc       $unwind$__scrt_dllmain_crt_thread_detach 000000018000d1dc     MSVCRTD:utility.obj
 0002:000011dc       $unwind$__scrt_dllmain_uninitialize_c 000000018000d1dc     MSVCRTD:utility.obj
 0002:000011dc       $unwind$__scrt_dllmain_uninitialize_critical 000000018000d1dc     MSVCRTD:utility.obj
 0002:000011e4       $unwind$__scrt_is_nonwritable_in_current_image 000000018000d1e4     MSVCRTD:utility.obj
 0002:00001204       $unwind$__scrt_acquire_startup_lock 000000018000d204     MSVCRTD:utility.obj
 0002:0000120c       $unwind$__scrt_initialize_crt 000000018000d20c     MSVCRTD:utility.obj
 0002:0000120c       $unwind$__scrt_release_startup_lock 000000018000d20c     MSVCRTD:utility.obj
 0002:00001214       $unwind$__scrt_uninitialize_crt 000000018000d214     MSVCRTD:utility.obj
 0002:0000121c       $unwind$__scrt_initialize_onexit_tables 000000018000d21c     MSVCRTD:utility.obj
 0002:00001228       $unwind$__scrt_dllmain_exception_filter 000000018000d228     MSVCRTD:utility.obj
 0002:00001230       $unwind$?find_pe_section@@YAPEAU_IMAGE_SECTION_HEADER@@QEAE_K@Z 000000018000d230     MSVCRTD:utility.obj
 0002:00001238       $unwind$__scrt_fastfail    000000018000d238     MSVCRTD:utility_desktop.obj
 0002:00001244       $unwind$__isa_available_init 000000018000d244     MSVCRTD:cpu_disp.obj
 0002:00001254       $unwind$__scrt_is_ucrt_dll_in_use 000000018000d254     MSVCRTD:ucrt_detection.obj
 0002:00001260       $xdatasym                  000000018000d260     MSVCRTD:guard_dispatch.obj
 0002:00001268       $xdatasym                  000000018000d268     MSVCRTD:guard_xfg_dispatch.obj
 0002:00001270       .edata                     000000018000d270     P5Engine.exp
 0002:00001298       rgpv                       000000018000d298     P5Engine.exp
 0002:000012a0       rgszName                   000000018000d2a0     P5Engine.exp
 0002:000012a8       rgwOrd                     000000018000d2a8     P5Engine.exp
 0002:000012ac       szName                     000000018000d2ac     P5Engine.exp
 0002:000012b9       $N00001                    000000018000d2b9     P5Engine.exp
 0002:000012cd       $N00002                    000000018000d2cd     P5Engine.exp
 0002:00001472       .idata$6                   000000018000d472     vcruntimed:VCRUNTIME140D.dll
 0002:0000153c       .idata$6                   000000018000d53c     ucrtd:ucrtbased.dll
 0002:000016b0       .idata$6                   000000018000d6b0     kernel32:KERNEL32.dll
 0003:00000000       ?RandomNumberTable@@3PAIA  000000018000e000     p5engine.obj
 0003:00004048       ?PlatformAddEntry@@3P6AXPEAUplatform_work_queue@@P6AX0PEAX@Z1@ZEA 0000000180012048     p5engine.obj
 0003:00004050       ?PlatformCompleteAllWork@@3P6AXPEAUplatform_work_queue@@@ZEA 0000000180012050     p5engine.obj
 0003:00004058       ?__proc_attached@@3HA      0000000180012058     MSVCRTD:dll_dllmain.obj
 0003:00004060       GS_ExceptionRecord         0000000180012060     MSVCRTD:gs_report.obj
 0003:00004100       GS_ContextRecord           0000000180012100     MSVCRTD:gs_report.obj
 0003:00004600       ?is_initialized_as_dll@@3_NA 0000000180012600     MSVCRTD:utility.obj
 0003:00004601       ?module_local_atexit_table_initialized@@3_NA 0000000180012601     MSVCRTD:utility.obj
 0003:00004608       ?module_local_atexit_table@@3U_onexit_table_t@@A 0000000180012608     MSVCRTD:utility.obj
 0003:00004620       ?module_local_at_quick_exit_table@@3U_onexit_table_t@@A 0000000180012620     MSVCRTD:utility.obj
 0005:00000000       __20BB4341_malloc@h        0000000180014000     p5engine.obj
 0005:00000001       __7D4BEAAE_p5engine_platform@h 0000000180014001     p5engine.obj
 0005:00000002       __741AE07E_corecrt_math@h  0000000180014002     p5engine.obj
 0005:00000003       __7BF3FA8A_p5engine_intrinsics@h 0000000180014003     p5engine.obj
 0005:00000004       __87290AA6_p5engine_math@h 0000000180014004     p5engine.obj
 0005:00000005       __F17FF173_p5engine_entity@h 0000000180014005     p5engine.obj
 0005:00000006       __BD87FD4A_p5engine@h      0000000180014006     p5engine.obj
 0005:00000007       __6F2BF339_p5engine_render_group@cpp 0000000180014007     p5engine.obj
 0005:00000008       __281AC6F8_p5engine_world@cpp 0000000180014008     p5engine.obj
 0005:00000009       __B07C4A52_p5engine_sim_region@cpp 0000000180014009     p5engine.obj
 0005:0000000a       __BDC7FEEB_p5engine_entity@cpp 000000018001400a     p5engine.obj
 0005:0000000b       __B7A387D6_p5engine_random@h 000000018001400b     p5engine.obj
 0005:0000000c       __BAF57382_p5engine@cpp    000000018001400c     p5engine.obj
 0006:00000060       $R000000                   0000000180015060     * linker generated manifest res *
