 P5Engine

 Timestamp is 634ec43e (Tue Oct 18 10:20:30 2022)

 Preferred load address is 0000000180000000

 Start         Length     Name                   Class
 0001:00000000 000152c0H .text$mn                CODE
 0001:000152c0 00000040H .text$mn$00             CODE
 0001:00015300 000000ddH .text$x                 CODE
 0002:00000000 00000100H .idata$5                DATA
 0002:00000100 00000028H .00cfg                  DATA
 0002:00000128 00000008H .CRT$XCA                DATA
 0002:00000130 00000008H .CRT$XCZ                DATA
 0002:00000138 00000008H .CRT$XIA                DATA
 0002:00000140 00000008H .CRT$XIZ                DATA
 0002:00000148 00000008H .CRT$XPA                DATA
 0002:00000150 00000008H .CRT$XPZ                DATA
 0002:00000158 00000008H .CRT$XTA                DATA
 0002:00000160 00000010H .CRT$XTZ                DATA
 0002:00000168 00000000H .gehcont$y              DATA
 0002:00000168 00000000H .gfids$y                DATA
 0002:00000170 00000410H .rdata                  DATA
 0002:00000580 00000000H .rdata$CastGuardVftablesA DATA
 0002:00000580 00000000H .rdata$CastGuardVftablesC DATA
 0002:00000580 00000174H .rdata$voltmd           DATA
 0002:000006f4 000002dcH .rdata$zzzdbg           DATA
 0002:000009d0 00000008H .rtc$IAA                DATA
 0002:000009d8 00000008H .rtc$IZZ                DATA
 0002:000009e0 00000008H .rtc$TAA                DATA
 0002:000009e8 00000008H .rtc$TZZ                DATA
 0002:000009f0 000007f0H .xdata                  DATA
 0002:000011e0 00000074H .edata                  DATA
 0002:00001254 0000003cH .idata$2                DATA
 0002:00001290 00000018H .idata$3                DATA
 0002:000012a8 00000100H .idata$4                DATA
 0002:000013a8 00000294H .idata$6                DATA
 0003:00000000 00004040H .data                   DATA
 0003:00004040 0000067cH .bss                    DATA
 0004:00000000 00000b4cH .pdata                  DATA
 0005:00000000 0000001cH .msvcjmc                DATA
 0006:00000000 00000060H .rsrc$01                DATA
 0006:00000060 00000098H .rsrc$02                DATA

  Address         Publics by Value              Rva+Base               Lib:Object

 0000:00000000       __guard_longjmp_table      0000000000000000     <absolute>
 0000:00000000       __arm64x_redirection_metadata 0000000000000000     <absolute>
 0000:00000000       __hybrid_auxiliary_iat     0000000000000000     <absolute>
 0000:00000000       __AbsoluteZero             0000000000000000     <absolute>
 0000:00000000       __guard_iat_count          0000000000000000     <absolute>
 0000:00000000       __guard_longjmp_count      0000000000000000     <absolute>
 0000:00000000       __x64_code_ranges_to_entry_points_count 0000000000000000     <absolute>
 0000:00000000       ___safe_se_handler_table   0000000000000000     <absolute>
 0000:00000000       __guard_check_icall_a64n_fptr 0000000000000000     <absolute>
 0000:00000000       __hybrid_code_map_count    0000000000000000     <absolute>
 0000:00000000       __guard_fids_table         0000000000000000     <absolute>
 0000:00000000       __dynamic_value_reloc_table 0000000000000000     <absolute>
 0000:00000000       __guard_iat_table          0000000000000000     <absolute>
 0000:00000000       __x64_code_ranges_to_entry_points 0000000000000000     <absolute>
 0000:00000000       __guard_eh_cont_count      0000000000000000     <absolute>
 0000:00000000       __hybrid_auxiliary_iat_copy 0000000000000000     <absolute>
 0000:00000000       __guard_fids_count         0000000000000000     <absolute>
 0000:00000000       __arm64x_extra_rfe_table   0000000000000000     <absolute>
 0000:00000000       __hybrid_code_map          0000000000000000     <absolute>
 0000:00000000       __arm64x_redirection_metadata_count 0000000000000000     <absolute>
 0000:00000000       __arm64x_native_entrypoint 0000000000000000     <absolute>
 0000:00000000       __enclave_config           0000000000000000     <absolute>
 0000:00000000       ___safe_se_handler_count   0000000000000000     <absolute>
 0000:00000000       __guard_eh_cont_table      0000000000000000     <absolute>
 0000:00000000       __arm64x_extra_rfe_table_size 0000000000000000     <absolute>
 0000:00000100       __guard_flags              0000000000000100     <absolute>
 0000:00000000       __ImageBase                0000000180000000     <linker-defined>
 0001:000091f0       GameUpdateAndRender        000000018000a1f0 f   p5engine.obj
 0001:0000ddf0       GameGetSoundSamples        000000018000edf0 f   p5engine.obj
 0001:0000de60       ??D@YA?ATv2@@MT0@@Z        000000018000ee60 f i p5engine.obj
 0001:0000dee0       ??D@YA?ATv3@@MT0@@Z        000000018000eee0 f i p5engine.obj
 0001:0000df90       ??D@YA?ATv3@@T0@M@Z        000000018000ef90 f i p5engine.obj
 0001:0000e010       ??D@YA?ATv4@@MT0@@Z        000000018000f010 f i p5engine.obj
 0001:0000e0e0       ??G@YA?ATv2@@T0@0@Z        000000018000f0e0 f i p5engine.obj
 0001:0000e160       ??G@YA?ATv3@@T0@0@Z        000000018000f160 f i p5engine.obj
 0001:0000e220       ??H@YA?ATv2@@T0@0@Z        000000018000f220 f i p5engine.obj
 0001:0000e2a0       ??H@YA?ATv3@@T0@0@Z        000000018000f2a0 f i p5engine.obj
 0001:0000e360       ??H@YA?ATv4@@T0@0@Z        000000018000f360 f i p5engine.obj
 0001:0000e440       ??X@YAAEATv3@@AEAT0@M@Z    000000018000f440 f i p5engine.obj
 0001:0000e4c0       ??Y@YAAEATv2@@AEAT0@T0@@Z  000000018000f4c0 f i p5engine.obj
 0001:0000e510       ??Y@YAAEATv3@@AEAT0@T0@@Z  000000018000f510 f i p5engine.obj
 0001:0000e5b0       ??Y@YAAEATv4@@AEAT0@T0@@Z  000000018000f5b0 f i p5engine.obj
 0001:0000e650       ??Z@YAAEATv3@@AEAT0@T0@@Z  000000018000f650 f i p5engine.obj
 0001:0000e6f0       ?ATan2@@YAMMM@Z            000000018000f6f0 f i p5engine.obj
 0001:0000e740       ?AbsoluteValue@@YAMM@Z     000000018000f740 f i p5engine.obj
 0001:0000e780       ?AddAssetHeaderToList@@YAXPEAUgame_assets@@IUasset_memory_size@@@Z 000000018000f780 f i p5engine.obj
 0001:0000e7f0       ?AddFlags@@YAXPEAUsim_entity@@I@Z 000000018000f7f0 f i p5engine.obj
 0001:0000e830       ?AddRadiusTo@@YA?AUrectangle3@@U1@Tv3@@@Z 000000018000f830 f i p5engine.obj
 0001:0000e9a0       ?AllResourcesPresent@@YAHPEAUrender_group@@@Z 000000018000f9a0 f i p5engine.obj
 0001:0000e9f0       ?AreInSameChunk@@YAHPEAUworld@@PEAUworld_position@@1@Z 000000018000f9f0 f i p5engine.obj
 0001:0000eaf0       ?AtomicCompareExchangeUInt32@@YAIPECIII@Z 000000018000faf0 f i p5engine.obj
 0001:0000eb40       ?BeginTemporaryMemory@@YA?AUtemporary_memory@@PEAUmemory_arena@@@Z 000000018000fb40 f i p5engine.obj
 0001:0000ebe0       ?CenteredChunkPoint@@YA?AUworld_position@@III@Z 000000018000fbe0 f i p5engine.obj
 0001:0000ec70       ?ChangeEntityLocationRaw@@YAXPEAUmemory_arena@@PEAUworld@@IPEAUworld_position@@2@Z 000000018000fc70 f i p5engine.obj
 0001:0000f060       ?CheckArena@@YAXPEAUmemory_arena@@@Z 0000000180010060 f i p5engine.obj
 0001:0000f090       ?ChunkPositionFromTilePosition@@YA?AUworld_position@@PEAUworld@@HHHTv3@@@Z 0000000180010090 f i p5engine.obj
 0001:0000f330       ?Clamp01@@YA?ATv2@@T1@@Z   0000000180010330 f i p5engine.obj
 0001:0000f3a0       ?Clamp01@@YAMM@Z           00000001800103a0 f i p5engine.obj
 0001:0000f3e0       ?Clamp01MapToRange@@YAMMMM@Z 00000001800103e0 f i p5engine.obj
 0001:0000f460       ?Clamp@@YAMMMM@Z           0000000180010460 f i p5engine.obj
 0001:0000f4d0       ?Clear@@YAXPEAUrender_group@@Tv4@@@Z 00000001800104d0 f i p5engine.obj
 0001:0000f530       ?ClearFlags@@YAXPEAUsim_entity@@I@Z 0000000180010530 f i p5engine.obj
 0001:0000f570       ?DefaultMoveSpec@@YA?AUmove_spec@@XZ 0000000180010570 f i p5engine.obj
 0001:0000f610       ?EndTemporaryMemory@@YAXUtemporary_memory@@@Z 0000000180010610 f i p5engine.obj
 0001:0000f690       ?EntityOverlapsRectangle@@YAHTv3@@Usim_entity_collision_volume@@Urectangle3@@@Z 0000000180010690 f i p5engine.obj
 0001:0000f820       ?GetAlignmentOffset@@YA_KPEAUmemory_arena@@_K@Z 0000000180010820 f i p5engine.obj
 0001:0000f8b0       ?GetArenaSizeRemaining@@YA_KPEAUmemory_arena@@_K@Z 00000001800108b0 f i p5engine.obj
 0001:0000f910       ?GetBarycentric@@YA?ATv2@@Urectangle2@@T1@@Z 0000000180010910 f i p5engine.obj
 0001:0000f9c0       ?GetBitmap@@YAPEAUloaded_bitmap@@PEAUgame_assets@@Ubitmap_id@@H@Z 00000001800109c0 f i p5engine.obj
 0001:0000fa80       ?GetCameraRectangleAtDistance@@YA?AUrectangle2@@PEAUrender_group@@M@Z 0000000180010a80 f i p5engine.obj
 0001:0000fb20       ?GetCameraRectangleAtTarget@@YA?AUrectangle2@@PEAUrender_group@@@Z 0000000180010b20 f i p5engine.obj
 0001:0000fb90       ?GetDim@@YA?ATv2@@Urectangle2@@@Z 0000000180010b90 f i p5engine.obj
 0001:0000fbd0       ?GetDim@@YA?ATv3@@Urectangle3@@@Z 0000000180010bd0 f i p5engine.obj
 0001:0000fc70       ?GetEntityGroundPoint@@YA?ATv3@@PEAUsim_entity@@@Z 0000000180010c70 f i p5engine.obj
 0001:0000fcf0       ?GetEntityGroundPoint@@YA?ATv3@@PEAUsim_entity@@T1@@Z 0000000180010cf0 f i p5engine.obj
 0001:0000fd50       ?GetFileHandleFor@@YAPEAUplatform_file_handle@@PEAUgame_assets@@I@Z 0000000180010d50 f i p5engine.obj
 0001:0000fdb0       ?GetLowEntity@@YAPEAUlow_entity@@PEAUgame_state@@I@Z 0000000180010db0 f i p5engine.obj
 0001:0000fe20       ?GetMaxCorner@@YA?ATv3@@Urectangle3@@@Z 0000000180010e20 f i p5engine.obj
 0001:0000fe80       ?GetMinCorner@@YA?ATv3@@Urectangle3@@@Z 0000000180010e80 f i p5engine.obj
 0001:0000fed0       ?GetNextSoundInChain@@YA?AUsound_id@@PEAUgame_assets@@U1@@Z 0000000180010ed0 f i p5engine.obj
 0001:0000ff90       ?GetRenderEntityBasisPos@@YA?AUentity_basis_p_result@@PEAUrender_transform@@Tv3@@@Z 0000000180010f90 f i p5engine.obj
 0001:00010230       ?GetSimSpacePos@@YA?ATv3@@PEAUsim_region@@PEAUlow_entity@@@Z 0000000180011230 f i p5engine.obj
 0001:00010320       ?GetSound@@YAPEAUloaded_sound@@PEAUgame_assets@@Usound_id@@@Z 0000000180011320 f i p5engine.obj
 0001:000103c0       ?GetSoundInfo@@YAPEAUp5a_sound@@PEAUgame_assets@@Usound_id@@@Z 00000001800113c0 f i p5engine.obj
 0001:00010420       ?GetStairGround@@YAMPEAUsim_entity@@Tv3@@@Z 0000000180011420 f i p5engine.obj
 0001:00010510       ?GetState@@YAIPEAUasset@@@Z 0000000180011510 f i p5engine.obj
 0001:00010540       ?GetWorldChunk@@YAPEAUworld_chunk@@PEAUworld@@HHHPEAUmemory_arena@@@Z 0000000180011540 f i p5engine.obj
 0001:00010730       ?Hadamard@@YA?ATv2@@T1@0@Z 0000000180011730 f i p5engine.obj
 0001:00010790       ?Hadamard@@YA?ATv3@@T1@0@Z 0000000180011790 f i p5engine.obj
 0001:00010850       ?HasFlag@@YAHPEAUsim_entity@@I@Z 0000000180011850 f i p5engine.obj
 0001:00010890       ?InitializeArena@@YAXPEAUmemory_arena@@_KPEAX@Z 0000000180011890 f i p5engine.obj
 0001:000108f0       ?Inner@@YAMTv2@@0@Z        00000001800118f0 f i p5engine.obj
 0001:00010940       ?Inner@@YAMTv3@@0@Z        0000000180011940 f i p5engine.obj
 0001:000109b0       ?InsertAssetHeaderAtFront@@YAXPEAUgame_assets@@PEAUasset_memory_header@@@Z 00000001800119b0 f i p5engine.obj
 0001:00010a20       ?Intersect@@YA?AUrectangle2i@@U1@0@Z 0000000180011a20 f i p5engine.obj
 0001:00010b30       ?IsCanonical@@YAHMM@Z      0000000180011b30 f i p5engine.obj
 0001:00010bd0       ?IsCanonical@@YAHPEAUworld@@Tv3@@@Z 0000000180011bd0 f i p5engine.obj
 0001:00010c70       ?IsInRectangle@@YAHUrectangle3@@Tv3@@@Z 0000000180011c70 f i p5engine.obj
 0001:00010d30       ?IsLocked@@YAHPEAUasset@@@Z 0000000180011d30 f i p5engine.obj
 0001:00010d60       ?IsValid@@YAHUsound_id@@@Z 0000000180011d60 f i p5engine.obj
 0001:00010da0       ?IsValid@@YAHUworld_position@@@Z 0000000180011da0 f i p5engine.obj
 0001:00010df0       ?Length@@YAMTv3@@@Z        0000000180011df0 f i p5engine.obj
 0001:00010e40       ?LengthSq@@YAMTv2@@@Z      0000000180011e40 f i p5engine.obj
 0001:00010e80       ?LengthSq@@YAMTv3@@@Z      0000000180011e80 f i p5engine.obj
 0001:00010ef0       ?Lerp@@YAMMMM@Z            0000000180011ef0 f i p5engine.obj
 0001:00010f50       ?LoadEntityReference@@YAXPEAUgame_state@@PEAUsim_region@@PEATentity_reference@@@Z 0000000180011f50 f i p5engine.obj
 0001:00011080       ?MakeEntityNonSpatial@@YAXPEAUsim_entity@@@Z 0000000180012080 f i p5engine.obj
 0001:00011100       ?MakeEntitySpatial@@YAXPEAUsim_entity@@Tv3@@1@Z 0000000180012100 f i p5engine.obj
 0001:00011170       ?MapIntoChunkSpace@@YA?AUworld_position@@PEAUworld@@U1@Tv3@@@Z 0000000180012170 f i p5engine.obj
 0001:00011260       ?NullPosition@@YA?AUworld_position@@XZ 0000000180012260 f i p5engine.obj
 0001:000112d0       ?Orthographic@@YAXPEAUrender_group@@HHM@Z 00000001800122d0 f i p5engine.obj
 0001:000113d0       ?Perspective@@YAXPEAUrender_group@@HHMMM@Z 00000001800123d0 f i p5engine.obj
 0001:000114c0       ?PrefetchSound@@YAXPEAUgame_assets@@Usound_id@@@Z 00000001800124c0 f i p5engine.obj
 0001:000114f0       ?PushBitmap@@YAXPEAUrender_group@@PEAUloaded_bitmap@@Tv3@@MTv4@@@Z 00000001800124f0 f i p5engine.obj
 0001:00011720       ?PushBitmap@@YAXPEAUrender_group@@Ubitmap_id@@Tv3@@MTv4@@@Z 0000000180012720 f i p5engine.obj
 0001:00011820       ?PushRect@@YAXPEAUrender_group@@Tv3@@Tv2@@Tv4@@@Z 0000000180012820 f i p5engine.obj
 0001:000119c0       ?PushRectOutline@@YAXPEAUrender_group@@Tv3@@Tv2@@Tv4@@@Z 00000001800129c0 f i p5engine.obj
 0001:00011e50       ?PushRenderElement_@@YAPEAXPEAUrender_group@@IW4render_group_entry_type@@@Z 0000000180012e50 f i p5engine.obj
 0001:00011f00       ?PushSize_@@YAPEAXPEAUmemory_arena@@_K1@Z 0000000180012f00 f i p5engine.obj
 0001:00011fd0       ?RandomBetween@@YAMPEAUrandom_series@@MM@Z 0000000180012fd0 f i p5engine.obj
 0001:00012020       ?RandomBilateral@@YAMPEAUrandom_series@@@Z 0000000180013020 f i p5engine.obj
 0001:00012070       ?RandomChoice@@YAIPEAUrandom_series@@I@Z 0000000180013070 f i p5engine.obj
 0001:000120b0       ?RandomNextUInt32@@YAIPEAUrandom_series@@@Z 00000001800130b0 f i p5engine.obj
 0001:00012120       ?RandomSeed@@YA?AUrandom_series@@I@Z 0000000180013120 f i p5engine.obj
 0001:00012190       ?RandomUnilateral@@YAMPEAUrandom_series@@@Z 0000000180013190 f i p5engine.obj
 0001:000121f0       ?RecanonicalizeCoord@@YAXMPEAHPEAM@Z 00000001800131f0 f i p5engine.obj
 0001:00012290       ?RectCenterDim@@YA?AUrectangle2@@Tv2@@0@Z 0000000180013290 f i p5engine.obj
 0001:00012320       ?RectCenterDim@@YA?AUrectangle3@@Tv3@@0@Z 0000000180013320 f i p5engine.obj
 0001:00012410       ?RectCenterHalfDim@@YA?AUrectangle2@@Tv2@@0@Z 0000000180013410 f i p5engine.obj
 0001:000124c0       ?RectCenterHalfDim@@YA?AUrectangle3@@Tv3@@0@Z 00000001800134c0 f i p5engine.obj
 0001:00012630       ?RectMinMax@@YA?AUrectangle3@@Tv3@@0@Z 0000000180013630 f i p5engine.obj
 0001:000126d0       ?RectanglesIntersect@@YAHUrectangle3@@0@Z 00000001800136d0 f i p5engine.obj
 0001:00012790       ?RoundReal32ToInt32@@YAHM@Z 0000000180013790 f i p5engine.obj
 0001:000127d0       ?RoundReal32ToUInt32@@YAIM@Z 00000001800137d0 f i p5engine.obj
 0001:00012810       ?SafeRatio1@@YAMMM@Z       0000000180013810 f i p5engine.obj
 0001:00012860       ?SafeRatioN@@YAMMMM@Z      0000000180013860 f i p5engine.obj
 0001:000128c0       ?SignOf@@YAMM@Z            00000001800138c0 f i p5engine.obj
 0001:00012920       ?Sin@@YAMM@Z               0000000180013920 f i p5engine.obj
 0001:00012960       ?Square@@YAMM@Z            0000000180013960 f i p5engine.obj
 0001:000129a0       ?SquareRoot@@YAMM@Z        00000001800139a0 f i p5engine.obj
 0001:000129e0       ?StoreEntityReference@@YAXPEATentity_reference@@@Z 00000001800139e0 f i p5engine.obj
 0001:00012a20       ?SubArena@@YAXPEAUmemory_arena@@0_K1@Z 0000000180013a20 f i p5engine.obj
 0001:00012a90       ?ToV3@@YA?ATv3@@Tv2@@M@Z   0000000180013a90 f i p5engine.obj
 0001:00012b20       ?Unproject@@YA?ATv2@@PEAUrender_group@@T1@M@Z 0000000180013b20 f i p5engine.obj
 0001:00012b70       ?V2@@YA?ATv2@@MM@Z         0000000180013b70 f i p5engine.obj
 0001:00012be0       ?V2i@@YA?ATv2@@HH@Z        0000000180013be0 f i p5engine.obj
 0001:00012c30       ?V3@@YA?ATv3@@MMM@Z        0000000180013c30 f i p5engine.obj
 0001:00012cd0       ?V4@@YA?ATv4@@MMMM@Z       0000000180013cd0 f i p5engine.obj
 0001:00012d80       ?ZeroSize@@YAX_KPEAX@Z     0000000180013d80 f i p5engine.obj
 0001:00012de0       GetController              0000000180013de0 f i p5engine.obj
 0001:00012e40       TruncateReal32ToInt32      0000000180013e40 f i p5engine.obj
 0001:00012e70       ?DrawRectangleQuickly@@YAXPEAUloaded_bitmap@@Tv2@@11Tv4@@0MUrectangle2i@@H@Z 0000000180013e70 f   p5engine_optimized.obj
 0001:00013bb0       __CheckForDebuggerJustMyCode 0000000180014bb0 f   MSVCRTD:debugger_jmc.obj
 0001:00013bf0       __GSHandlerCheck           0000000180014bf0 f   MSVCRTD:gshandler.obj
 0001:00013c30       __GSHandlerCheckCommon     0000000180014c30 f   MSVCRTD:gshandler.obj
 0001:00013d40       _alloca_probe              0000000180014d40 f   MSVCRTD:chkstk.obj
 0001:00013d40       __chkstk                   0000000180014d40 f   MSVCRTD:chkstk.obj
 0001:00013da0       __security_check_cookie    0000000180014da0 f   MSVCRTD:amdsecgs.obj
 0001:000141d0       _DllMainCRTStartup         00000001800151d0 f   MSVCRTD:dll_dllmain.obj
 0001:00014210       __raise_securityfailure    0000000180015210 f   MSVCRTD:gs_report.obj
 0001:00014250       __report_gsfailure         0000000180015250 f   MSVCRTD:gs_report.obj
 0001:000144b0       __security_init_cookie     00000001800154b0 f   MSVCRTD:gs_support.obj
 0001:00014530       DllMain                    0000000180015530 f   MSVCRTD:dll_dllmain_stub.obj
 0001:00014570       ?__scrt_initialize_type_info@@YAXXZ 0000000180015570 f   MSVCRTD:tncleanup.obj
 0001:00014590       ?__scrt_uninitialize_type_info@@YAXXZ 0000000180015590 f   MSVCRTD:tncleanup.obj
 0001:000145b0       __local_stdio_printf_options 00000001800155b0 f i MSVCRTD:default_local_stdio_options.obj
 0001:000145c0       __local_stdio_scanf_options 00000001800155c0 f i MSVCRTD:default_local_stdio_options.obj
 0001:000145d0       __scrt_initialize_default_local_stdio_options 00000001800155d0 f   MSVCRTD:default_local_stdio_options.obj
 0001:00014620       ?configure_argv@__scrt_narrow_argv_policy@@SAHXZ 0000000180015620 f i MSVCRTD:utility.obj
 0001:00014710       ?initialize_environment@__scrt_narrow_environment_policy@@SAHXZ 0000000180015710 f i MSVCRTD:utility.obj
 0001:000147b0       NtCurrentTeb               00000001800157b0 f i MSVCRTD:utility.obj
 0001:000147c0       __scrt_acquire_startup_lock 00000001800157c0 f   MSVCRTD:utility.obj
 0001:00014830       __scrt_dllmain_after_initialize_c 0000000180015830 f   MSVCRTD:utility.obj
 0001:00014860       __scrt_dllmain_before_initialize_c 0000000180015860 f   MSVCRTD:utility.obj
 0001:00014880       __scrt_dllmain_crt_thread_attach 0000000180015880 f   MSVCRTD:utility.obj
 0001:000148b0       __scrt_dllmain_crt_thread_detach 00000001800158b0 f   MSVCRTD:utility.obj
 0001:000148d0       __scrt_dllmain_exception_filter 00000001800158d0 f   MSVCRTD:utility.obj
 0001:00014940       __scrt_dllmain_uninitialize_c 0000000180015940 f   MSVCRTD:utility.obj
 0001:00014970       __scrt_dllmain_uninitialize_critical 0000000180015970 f   MSVCRTD:utility.obj
 0001:00014990       __scrt_initialize_crt      0000000180015990 f   MSVCRTD:utility.obj
 0001:000149e0       __scrt_initialize_onexit_tables 00000001800159e0 f   MSVCRTD:utility.obj
 0001:00014af0       __scrt_is_nonwritable_in_current_image 0000000180015af0 f   MSVCRTD:utility.obj
 0001:00014b80       __scrt_release_startup_lock 0000000180015b80 f   MSVCRTD:utility.obj
 0001:00014bb0       __scrt_uninitialize_crt    0000000180015bb0 f   MSVCRTD:utility.obj
 0001:00014bf0       __scrt_get_dyn_tls_init_callback 0000000180015bf0 f   MSVCRTD:dyn_tls_init.obj
 0001:00014c00       __crt_debugger_hook        0000000180015c00 f   MSVCRTD:utility_desktop.obj
 0001:00014c10       __scrt_fastfail            0000000180015c10 f   MSVCRTD:utility_desktop.obj
 0001:00014db0       _RTC_Initialize            0000000180015db0 f   MSVCRTD:initsect.obj
 0001:00014e00       _RTC_Terminate             0000000180015e00 f   MSVCRTD:initsect.obj
 0001:00014e50       _guard_check_icall_nop     0000000180015e50 f i MSVCRTD:guard_support.obj
 0001:00014e60       __isa_available_init       0000000180015e60 f   MSVCRTD:cpu_disp.obj
 0001:00015200       _get_startup_argv_mode     0000000180016200 f   MSVCRTD:argv_mode.obj
 0001:00015210       __scrt_is_ucrt_dll_in_use  0000000180016210 f   MSVCRTD:ucrt_detection.obj
 0001:00015240       __C_specific_handler       0000000180016240 f   vcruntimed:VCRUNTIME140D.dll
 0001:00015246       __std_type_info_destroy_list 0000000180016246 f   vcruntimed:VCRUNTIME140D.dll
 0001:0001524c       atan2                      000000018001624c f   ucrtd:ucrtbased.dll
 0001:00015252       sinf                       0000000180016252 f   ucrtd:ucrtbased.dll
 0001:00015258       sqrtf                      0000000180016258 f   ucrtd:ucrtbased.dll
 0001:0001525e       _initterm                  000000018001625e f   ucrtd:ucrtbased.dll
 0001:00015264       _initterm_e                0000000180016264 f   ucrtd:ucrtbased.dll
 0001:0001526a       _seh_filter_dll            000000018001626a f   ucrtd:ucrtbased.dll
 0001:00015270       _configure_narrow_argv     0000000180016270 f   ucrtd:ucrtbased.dll
 0001:00015276       _initialize_narrow_environment 0000000180016276 f   ucrtd:ucrtbased.dll
 0001:0001527c       _initialize_onexit_table   000000018001627c f   ucrtd:ucrtbased.dll
 0001:00015282       _execute_onexit_table      0000000180016282 f   ucrtd:ucrtbased.dll
 0001:00015288       _cexit                     0000000180016288 f   ucrtd:ucrtbased.dll
 0001:00015290       __acrt_initialize          0000000180016290 f   MSVCRTD:ucrt_stubs.obj
 0001:00015290       __scrt_stub_for_acrt_thread_detach 0000000180016290 f   MSVCRTD:ucrt_stubs.obj
 0001:00015290       __acrt_thread_detach       0000000180016290 f   MSVCRTD:ucrt_stubs.obj
 0001:00015290       __vcrt_initialize          0000000180016290 f   MSVCRTD:ucrt_stubs.obj
 0001:00015290       __vcrt_thread_attach       0000000180016290 f   MSVCRTD:ucrt_stubs.obj
 0001:00015290       __scrt_stub_for_acrt_thread_attach 0000000180016290 f   MSVCRTD:ucrt_stubs.obj
 0001:00015290       __scrt_stub_for_acrt_initialize 0000000180016290 f   MSVCRTD:ucrt_stubs.obj
 0001:00015290       __acrt_thread_attach       0000000180016290 f   MSVCRTD:ucrt_stubs.obj
 0001:00015290       __vcrt_thread_detach       0000000180016290 f   MSVCRTD:ucrt_stubs.obj
 0001:000152a0       __scrt_stub_for_acrt_uninitialize 00000001800162a0 f   MSVCRTD:ucrt_stubs.obj
 0001:000152a0       __scrt_stub_for_acrt_uninitialize_critical 00000001800162a0 f   MSVCRTD:ucrt_stubs.obj
 0001:000152a0       __acrt_uninitialize        00000001800162a0 f   MSVCRTD:ucrt_stubs.obj
 0001:000152a0       __vcrt_uninitialize_critical 00000001800162a0 f   MSVCRTD:ucrt_stubs.obj
 0001:000152a0       __acrt_uninitialize_critical 00000001800162a0 f   MSVCRTD:ucrt_stubs.obj
 0001:000152a0       __vcrt_uninitialize        00000001800162a0 f   MSVCRTD:ucrt_stubs.obj
 0001:000152b0       __scrt_stub_for_is_c_termination_complete 00000001800162b0 f   MSVCRTD:ucrt_stubs.obj
 0001:000152b0       _is_c_termination_complete 00000001800162b0 f   MSVCRTD:ucrt_stubs.obj
 0001:000152d0       _guard_dispatch_icall_nop  00000001800162d0 f   MSVCRTD:guard_dispatch.obj
 0001:000152f0       _guard_xfg_dispatch_icall_nop 00000001800162f0 f   MSVCRTD:guard_xfg_dispatch.obj
 0002:00000000       __imp_QueryPerformanceCounter 0000000180017000     kernel32:KERNEL32.dll
 0002:00000008       __imp_RtlCaptureContext    0000000180017008     kernel32:KERNEL32.dll
 0002:00000010       __imp_RtlLookupFunctionEntry 0000000180017010     kernel32:KERNEL32.dll
 0002:00000018       __imp_RtlVirtualUnwind     0000000180017018     kernel32:KERNEL32.dll
 0002:00000020       __imp_IsDebuggerPresent    0000000180017020     kernel32:KERNEL32.dll
 0002:00000028       __imp_InitializeSListHead  0000000180017028     kernel32:KERNEL32.dll
 0002:00000030       __imp_DisableThreadLibraryCalls 0000000180017030     kernel32:KERNEL32.dll
 0002:00000038       __imp_GetSystemTimeAsFileTime 0000000180017038     kernel32:KERNEL32.dll
 0002:00000040       __imp_GetCurrentProcessId  0000000180017040     kernel32:KERNEL32.dll
 0002:00000048       __imp_GetCurrentThreadId   0000000180017048     kernel32:KERNEL32.dll
 0002:00000050       __imp_IsProcessorFeaturePresent 0000000180017050     kernel32:KERNEL32.dll
 0002:00000058       __imp_TerminateProcess     0000000180017058     kernel32:KERNEL32.dll
 0002:00000060       __imp_GetCurrentProcess    0000000180017060     kernel32:KERNEL32.dll
 0002:00000068       __imp_SetUnhandledExceptionFilter 0000000180017068     kernel32:KERNEL32.dll
 0002:00000070       __imp_UnhandledExceptionFilter 0000000180017070     kernel32:KERNEL32.dll
 0002:00000078       \177KERNEL32_NULL_THUNK_DATA 0000000180017078     kernel32:KERNEL32.dll
 0002:00000080       __imp___std_type_info_destroy_list 0000000180017080     vcruntimed:VCRUNTIME140D.dll
 0002:00000088       __imp___C_specific_handler 0000000180017088     vcruntimed:VCRUNTIME140D.dll
 0002:00000090       \177VCRUNTIME140D_NULL_THUNK_DATA 0000000180017090     vcruntimed:VCRUNTIME140D.dll
 0002:00000098       __imp__cexit               0000000180017098     ucrtd:ucrtbased.dll
 0002:000000a0       __imp__execute_onexit_table 00000001800170a0     ucrtd:ucrtbased.dll
 0002:000000a8       __imp__initialize_onexit_table 00000001800170a8     ucrtd:ucrtbased.dll
 0002:000000b0       __imp__initialize_narrow_environment 00000001800170b0     ucrtd:ucrtbased.dll
 0002:000000b8       __imp__configure_narrow_argv 00000001800170b8     ucrtd:ucrtbased.dll
 0002:000000c0       __imp__initterm_e          00000001800170c0     ucrtd:ucrtbased.dll
 0002:000000c8       __imp__initterm            00000001800170c8     ucrtd:ucrtbased.dll
 0002:000000d0       __imp_sqrtf                00000001800170d0     ucrtd:ucrtbased.dll
 0002:000000d8       __imp_sinf                 00000001800170d8     ucrtd:ucrtbased.dll
 0002:000000e0       __imp_atan2                00000001800170e0     ucrtd:ucrtbased.dll
 0002:000000e8       __imp_roundf               00000001800170e8     ucrtd:ucrtbased.dll
 0002:000000f0       __imp__seh_filter_dll      00000001800170f0     ucrtd:ucrtbased.dll
 0002:000000f8       \177ucrtbased_NULL_THUNK_DATA 00000001800170f8     ucrtd:ucrtbased.dll
 0002:00000100       __guard_check_icall_fptr   0000000180017100     MSVCRTD:guard_support.obj
 0002:00000108       __guard_xfg_check_icall_fptr 0000000180017108     MSVCRTD:guard_support.obj
 0002:00000110       __guard_dispatch_icall_fptr 0000000180017110     MSVCRTD:guard_support.obj
 0002:00000118       __guard_xfg_dispatch_icall_fptr 0000000180017118     MSVCRTD:guard_support.obj
 0002:00000120       __guard_xfg_table_dispatch_icall_fptr 0000000180017120     MSVCRTD:guard_support.obj
 0002:00000128       __xc_a                     0000000180017128     MSVCRTD:initializers.obj
 0002:00000130       __xc_z                     0000000180017130     MSVCRTD:initializers.obj
 0002:00000138       __xi_a                     0000000180017138     MSVCRTD:initializers.obj
 0002:00000140       __xi_z                     0000000180017140     MSVCRTD:initializers.obj
 0002:00000148       __xp_a                     0000000180017148     MSVCRTD:initializers.obj
 0002:00000150       __xp_z                     0000000180017150     MSVCRTD:initializers.obj
 0002:00000158       __xt_a                     0000000180017158     MSVCRTD:initializers.obj
 0002:00000160       __xt_z                     0000000180017160     MSVCRTD:initializers.obj
 0002:00000208       ??_C@_0BA@NMEIMCEK@InvalidCodePath@ 0000000180017208     p5engine.obj
 0002:00000218       __real@00000000            0000000180017218     p5engine.obj
 0002:0000021c       __real@308992b1            000000018001721c     p5engine.obj
 0002:00000220       __real@3a83126f            0000000180017220     p5engine.obj
 0002:00000224       __real@3c23d70a            0000000180017224     p5engine.obj
 0002:00000228       __real@3cc30c31            0000000180017228     p5engine.obj
 0002:0000022c       __real@3d4ccccd            000000018001722c     p5engine.obj
 0002:00000230       __real@3dcccccd            0000000180017230     p5engine.obj
 0002:00000234       __real@3e4ccccd            0000000180017234     p5engine.obj
 0002:00000238       __real@3e800000            0000000180017238     p5engine.obj
 0002:0000023c       __real@3e99999a            000000018001723c     p5engine.obj
 0002:00000240       __real@3ecccccd            0000000180017240     p5engine.obj
 0002:00000244       __real@3ee147ae            0000000180017244     p5engine.obj
 0002:00000248       __real@3f000000            0000000180017248     p5engine.obj
 0002:0000024c       __real@3f19999a            000000018001724c     p5engine.obj
 0002:00000250       __real@3f228f5c            0000000180017250     p5engine.obj
 0002:00000254       __real@3f333333            0000000180017254     p5engine.obj
 0002:00000258       __real@3f3504f3            0000000180017258     p5engine.obj
 0002:0000025c       __real@3f400000            000000018001725c     p5engine.obj
 0002:00000260       __real@3f666666            0000000180017260     p5engine.obj
 0002:00000264       __real@3f800000            0000000180017264     p5engine.obj
 0002:00000268       __real@3f8ccccd            0000000180017268     p5engine.obj
 0002:0000026c       __real@3f99999a            000000018001726c     p5engine.obj
 0002:00000270       __real@3fa66666            0000000180017270     p5engine.obj
 0002:00000274       __real@3fb33333            0000000180017274     p5engine.obj
 0002:00000278       __real@3fc00000            0000000180017278     p5engine.obj
 0002:0000027c       __real@40000000            000000018001727c     p5engine.obj
 0002:00000280       __real@400ccccd            0000000180017280     p5engine.obj
 0002:00000284       __real@40400000            0000000180017284     p5engine.obj
 0002:00000288       __real@40800000            0000000180017288     p5engine.obj
 0002:0000028c       __real@40a00000            000000018001728c     p5engine.obj
 0002:00000290       __real@40c00000            0000000180017290     p5engine.obj
 0002:00000294       __real@40c90fdb            0000000180017294     p5engine.obj
 0002:00000298       __real@40e00000            0000000180017298     p5engine.obj
 0002:0000029c       __real@41100000            000000018001729c     p5engine.obj
 0002:000002a0       __real@41700000            00000001800172a0     p5engine.obj
 0002:000002a4       __real@41800000            00000001800172a4     p5engine.obj
 0002:000002a8       __real@41880000            00000001800172a8     p5engine.obj
 0002:000002ac       __real@41a00000            00000001800172ac     p5engine.obj
 0002:000002b0       __real@41f00000            00000001800172b0     p5engine.obj
 0002:000002b4       __real@42340000            00000001800172b4     p5engine.obj
 0002:000002b8       __real@437f0000            00000001800172b8     p5engine.obj
 0002:000002bc       __real@461c4000            00000001800172bc     p5engine.obj
 0002:000002c0       __real@47c35000            00000001800172c0     p5engine.obj
 0002:000002c4       __real@49742400            00000001800172c4     p5engine.obj
 0002:000002c8       __real@7f7fffff            00000001800172c8     p5engine.obj
 0002:000002cc       __real@bc23d70a            00000001800172cc     p5engine.obj
 0002:000002d0       __real@bd4ccccd            00000001800172d0     p5engine.obj
 0002:000002d4       __real@be800000            00000001800172d4     p5engine.obj
 0002:000002d8       __real@becccccd            00000001800172d8     p5engine.obj
 0002:000002dc       __real@bf000000            00000001800172dc     p5engine.obj
 0002:000002e0       __real@bf800000            00000001800172e0     p5engine.obj
 0002:000002e4       __real@c0000000            00000001800172e4     p5engine.obj
 0002:000002e8       __real@c0100000            00000001800172e8     p5engine.obj
 0002:000002ec       __real@c0400000            00000001800172ec     p5engine.obj
 0002:000002f0       __real@c11ccccd            00000001800172f0     p5engine.obj
 0002:00000300       __xmm@00000000000000000000000000000000 0000000180017300     p5engine.obj
 0002:00000310       __xmm@3f8000003f8000003f8000003f800000 0000000180017310     p5engine.obj
 0002:00000320       __xmm@7fffffffffffffff7fffffffffffffff 0000000180017320     p5engine.obj
 0002:00000330       __xmm@80000000800000008000000080000000 0000000180017330     p5engine.obj
 0002:00000340       __xmm@000000ff000000ff000000ff000000ff 0000000180017340     p5engine_optimized.obj
 0002:00000350       __xmm@0000ffff0000ffff0000ffff0000ffff 0000000180017350     p5engine_optimized.obj
 0002:00000360       __xmm@00ff00ff00ff00ff00ff00ff00ff00ff 0000000180017360     p5engine_optimized.obj
 0002:00000370       __xmm@3b8080813b8080813b8080813b808081 0000000180017370     p5engine_optimized.obj
 0002:00000380       __xmm@3f0000003f0000003f0000003f000000 0000000180017380     p5engine_optimized.obj
 0002:00000390       __xmm@40800000408000004080000040800000 0000000180017390     p5engine_optimized.obj
 0002:000003a0       __xmm@477e0100477e0100477e0100477e0100 00000001800173a0     p5engine_optimized.obj
 0002:000003b0       __xmm@ffffffffffffffffffffffffffffffff 00000001800173b0     p5engine_optimized.obj
 0002:000003c0       _pDefaultRawDllMain        00000001800173c0     MSVCRTD:dll_dllmain.obj
 0002:000003c0       _pRawDllMain               00000001800173c0     MSVCRTD:dll_dllmain.obj
 0002:00000430       _load_config_used          0000000180017430     MSVCRTD:loadcfg.obj
 0002:00000580       __volatile_metadata        0000000180017580     <linker-defined>
 0002:000009d0       __rtc_iaa                  00000001800179d0     MSVCRTD:initsect.obj
 0002:000009d8       __rtc_izz                  00000001800179d8     MSVCRTD:initsect.obj
 0002:000009e0       __rtc_taa                  00000001800179e0     MSVCRTD:initsect.obj
 0002:000009e8       __rtc_tzz                  00000001800179e8     MSVCRTD:initsect.obj
 0002:00001254       __IMPORT_DESCRIPTOR_VCRUNTIME140D 0000000180018254     vcruntimed:VCRUNTIME140D.dll
 0002:00001268       __IMPORT_DESCRIPTOR_ucrtbased 0000000180018268     ucrtd:ucrtbased.dll
 0002:0000127c       __IMPORT_DESCRIPTOR_KERNEL32 000000018001827c     kernel32:KERNEL32.dll
 0002:00001290       __NULL_IMPORT_DESCRIPTOR   0000000180018290     vcruntimed:VCRUNTIME140D.dll
 0003:00004000       __security_cookie_complement 000000018001d000     MSVCRTD:gs_cookie.obj
 0003:00004008       __security_cookie          000000018001d008     MSVCRTD:gs_cookie.obj
 0003:00004010       _fltused                   000000018001d010     MSVCRTD:fltused.obj
 0003:00004014       __scrt_native_dllmain_reason 000000018001d014     MSVCRTD:utility.obj
 0003:00004018       __isa_available            000000018001d018     MSVCRTD:cpu_disp.obj
 0003:0000401c       __isa_enabled              000000018001d01c     MSVCRTD:cpu_disp.obj
 0003:00004020       __memcpy_nt_iters          000000018001d020     MSVCRTD:cpu_disp.obj
 0003:00004028       __memset_nt_iters          000000018001d028     MSVCRTD:cpu_disp.obj
 0003:00004030       __scrt_ucrt_dll_is_in_use  000000018001d030     MSVCRTD:ucrt_stubs.obj
 0003:00004040       DebugGlobalMemory          000000018001d040     p5engine.obj
 0003:00004630       ?__type_info_root_node@@3U__type_info_node@@A 000000018001d630     MSVCRTD:tncleanup.obj
 0003:00004640       ?_OptionsStorage@?1??__local_stdio_printf_options@@9@4_KA 000000018001d640     MSVCRTD:default_local_stdio_options.obj
 0003:00004648       ?_OptionsStorage@?1??__local_stdio_scanf_options@@9@4_KA 000000018001d648     MSVCRTD:default_local_stdio_options.obj
 0003:00004650       __scrt_current_native_startup_state 000000018001d650     MSVCRTD:utility.obj
 0003:00004658       __scrt_native_startup_lock 000000018001d658     MSVCRTD:utility.obj
 0003:00004698       __scrt_debugger_hook_flag  000000018001d698     MSVCRTD:utility_desktop.obj
 0003:000046a0       __castguard_check_failure_os_handled_fptr 000000018001d6a0     MSVCRTD:guard_support.obj
 0003:000046a8       __favor                    000000018001d6a8     MSVCRTD:cpu_disp.obj
 0003:000046b0       __dyn_tls_init_callback    000000018001d6b0     <common>
 0003:000046b8       __DebuggerCurrentSteppingThreadId 000000018001d6b8     <common>

 entry point at        0001:000141d0

 Static symbols

 0000:fffde000       .debug$S                   0000000180000000     P5Engine.exp
 0000:fffde000       .debug$S                   0000000180000000     vcruntimed:VCRUNTIME140D.dll
 0000:fffde000       .debug$S                   0000000180000000     vcruntimed:VCRUNTIME140D.dll
 0000:fffde000       .debug$S                   0000000180000000     vcruntimed:VCRUNTIME140D.dll
 0000:fffde000       .debug$S                   0000000180000000     vcruntimed:VCRUNTIME140D.dll
 0000:fffde000       .debug$S                   0000000180000000     ucrtd:ucrtbased.dll
 0000:fffde000       .debug$S                   0000000180000000     ucrtd:ucrtbased.dll
 0000:fffde000       .debug$S                   0000000180000000     ucrtd:ucrtbased.dll
 0000:fffde000       .debug$S                   0000000180000000     ucrtd:ucrtbased.dll
 0000:fffde000       .debug$S                   0000000180000000     ucrtd:ucrtbased.dll
 0000:fffde000       .debug$S                   0000000180000000     ucrtd:ucrtbased.dll
 0000:fffde000       .debug$S                   0000000180000000     ucrtd:ucrtbased.dll
 0000:fffde000       .debug$S                   0000000180000000     ucrtd:ucrtbased.dll
 0000:fffde000       .debug$S                   0000000180000000     ucrtd:ucrtbased.dll
 0000:fffde000       .debug$S                   0000000180000000     ucrtd:ucrtbased.dll
 0000:fffde000       .debug$S                   0000000180000000     ucrtd:ucrtbased.dll
 0000:fffde000       .debug$S                   0000000180000000     ucrtd:ucrtbased.dll
 0000:fffde000       .debug$S                   0000000180000000     ucrtd:ucrtbased.dll
 0000:fffde000       .debug$S                   0000000180000000     ucrtd:ucrtbased.dll
 0000:fffde000       .debug$S                   0000000180000000     ucrtd:ucrtbased.dll
 0000:fffde000       .debug$S                   0000000180000000     ucrtd:ucrtbased.dll
 0000:fffde000       .debug$S                   0000000180000000     kernel32:KERNEL32.dll
 0000:fffde000       .debug$S                   0000000180000000     kernel32:KERNEL32.dll
 0000:fffde000       .debug$S                   0000000180000000     kernel32:KERNEL32.dll
 0000:fffde000       .debug$S                   0000000180000000     kernel32:KERNEL32.dll
 0000:fffde000       .debug$S                   0000000180000000     kernel32:KERNEL32.dll
 0000:fffde000       .debug$S                   0000000180000000     kernel32:KERNEL32.dll
 0000:fffde000       .debug$S                   0000000180000000     kernel32:KERNEL32.dll
 0000:fffde000       .debug$S                   0000000180000000     kernel32:KERNEL32.dll
 0000:fffde000       .debug$S                   0000000180000000     kernel32:KERNEL32.dll
 0000:fffde000       .debug$S                   0000000180000000     kernel32:KERNEL32.dll
 0000:fffde000       .debug$S                   0000000180000000     kernel32:KERNEL32.dll
 0000:fffde000       .debug$S                   0000000180000000     kernel32:KERNEL32.dll
 0000:fffde000       .debug$S                   0000000180000000     kernel32:KERNEL32.dll
 0000:fffde000       .debug$S                   0000000180000000     kernel32:KERNEL32.dll
 0000:fffde000       .debug$S                   0000000180000000     kernel32:KERNEL32.dll
 0000:fffde000       .debug$S                   0000000180000000     kernel32:KERNEL32.dll
 0000:fffde000       .debug$S                   0000000180000000     kernel32:KERNEL32.dll
 0001:00000000       ?MoveHeaderToFront@@YAXPEAUgame_assets@@PEAUasset@@@Z 0000000180001000 f   p5engine.obj
 0001:00000060       ?LoadBitmap@@YAXPEAUgame_assets@@Ubitmap_id@@H@Z 0000000180001060 f   p5engine.obj
 0001:000003f0       ?LoadSound@@YAXPEAUgame_assets@@Usound_id@@@Z 00000001800013f0 f   p5engine.obj
 0001:000006d0       ?AddCollisionRule@@YAXPEAUgame_state@@IIH@Z 00000001800016d0 f   p5engine.obj
 0001:00000850       ?ClearCollisionRulesFor@@YAXPEAUgame_state@@I@Z 0000000180001850 f   p5engine.obj
 0001:00000950       ?BeginTaskWithMemory@@YAPEAUtask_with_memory@@PEAUtransient_state@@@Z 0000000180001950 f   p5engine.obj
 0001:00000a30       ?EndTaskWithMemory@@YAXPEAUtask_with_memory@@@Z 0000000180001a30 f   p5engine.obj
 0001:00000a90       ?DrawRectangle@@YAXPEAUloaded_bitmap@@Tv2@@1Tv4@@Urectangle2i@@H@Z 0000000180001a90 f   p5engine.obj
 0001:00000d40       ?RenderGroupToOutput@@YAXPEAUrender_group@@PEAUloaded_bitmap@@Urectangle2i@@H@Z 0000000180001d40 f   p5engine.obj
 0001:00001130       ?DoTiledRenderWork@@YAXPEAUplatform_work_queue@@PEAX@Z 0000000180002130 f   p5engine.obj
 0001:000011e0       ?RenderGroupToOutput@@YAXPEAUrender_group@@PEAUloaded_bitmap@@@Z 00000001800021e0 f   p5engine.obj
 0001:000012c0       ?TiledRenderGroupToOutput@@YAXPEAUplatform_work_queue@@PEAUrender_group@@PEAUloaded_bitmap@@@Z 00000001800022c0 f   p5engine.obj
 0001:000014f0       ?AllocateRenderGroup@@YAPEAUrender_group@@PEAUgame_assets@@PEAUmemory_arena@@IH@Z 00000001800024f0 f   p5engine.obj
 0001:00001630       ?InitializeWorld@@YAXPEAUworld@@Tv3@@@Z 0000000180002630 f   p5engine.obj
 0001:000016d0       ?Subtract@@YA?ATv3@@PEAUworld@@PEAUworld_position@@1@Z 00000001800026d0 f   p5engine.obj
 0001:00001940       ?ChangeEntityLocation@@YAXPEAUmemory_arena@@PEAUworld@@IPEAUlow_entity@@Uworld_position@@@Z 0000000180002940 f   p5engine.obj
 0001:00001ad0       ?GetHashFromStorageIndex@@YAPEAUsim_entity_hash@@PEAUsim_region@@I@Z 0000000180002ad0 f   p5engine.obj
 0001:00001ba0       ?AddEntity@@YAPEAUsim_entity@@PEAUgame_state@@PEAUsim_region@@IPEAUlow_entity@@PEATv3@@@Z 0000000180002ba0 f   p5engine.obj
 0001:00001d00       ?AddEntityRaw@@YAPEAUsim_entity@@PEAUgame_state@@PEAUsim_region@@IPEAUlow_entity@@@Z 0000000180002d00 f   p5engine.obj
 0001:00001e80       ?BeginSim@@YAPEAUsim_region@@PEAUmemory_arena@@PEAUgame_state@@PEAUworld@@Uworld_position@@Urectangle3@@M@Z 0000000180002e80 f   p5engine.obj
 0001:000024f0       ?EndSim@@YAXPEAUsim_region@@PEAUgame_state@@@Z 00000001800034f0 f   p5engine.obj
 0001:000027b0       ?CanCollide@@YAHPEAUgame_state@@PEAUsim_entity@@1@Z 00000001800037b0 f   p5engine.obj
 0001:00002900       ?HandleCollision@@YAHPEAUgame_state@@PEAUsim_entity@@1@Z 0000000180003900 f   p5engine.obj
 0001:000029e0       ?CanOverlap@@YAHPEAUgame_state@@PEAUsim_entity@@1@Z 00000001800039e0 f   p5engine.obj
 0001:00002a40       ?HandleOverlap@@YAXPEAUgame_state@@PEAUsim_entity@@1MPEAM@Z 0000000180003a40 f   p5engine.obj
 0001:00002ae0       ?SpeculativeCollide@@YAHPEAUsim_entity@@0Tv3@@@Z 0000000180003ae0 f   p5engine.obj
 0001:00002be0       ?EntitiesOverlap@@YAHPEAUsim_entity@@0Tv3@@@Z 0000000180003be0 f   p5engine.obj
 0001:00002f20       ?MoveEntity@@YAXPEAUgame_state@@PEAUsim_region@@PEAUsim_entity@@MPEAUmove_spec@@Tv3@@@Z 0000000180003f20 f   p5engine.obj
 0001:00004880       ?LoadAssetWork@@YAXPEAUplatform_work_queue@@PEAX@Z 0000000180005880 f   p5engine.obj
 0001:00004930       ?InsertBlock@@YAPEAUasset_memory_block@@PEAU1@_KPEAX@Z 0000000180005930 f   p5engine.obj
 0001:000049e0       ?RemoveAssetHeaderFromList@@YAXPEAUasset_memory_header@@@Z 00000001800059e0 f   p5engine.obj
 0001:00004a50       ?FindBlockForSize@@YAPEAUasset_memory_block@@PEAUgame_assets@@_K@Z 0000000180005a50 f   p5engine.obj
 0001:00004af0       ?MergeIfPossible@@YAHPEAUgame_assets@@PEAUasset_memory_block@@1@Z 0000000180005af0 f   p5engine.obj
 0001:00004bf0       ?AcquireAssetMemory@@YAPEAXPEAUgame_assets@@_K@Z 0000000180005bf0 f   p5engine.obj
 0001:00004e60       ?GetBestMatchAssetFrom@@YAIPEAUgame_assets@@W4asset_type_id@@PEAUasset_vector@@2@Z 0000000180005e60 f   p5engine.obj
 0001:000050a0       ?GetRandomAssetFrom@@YAIPEAUgame_assets@@W4asset_type_id@@PEAUrandom_series@@@Z 00000001800060a0 f   p5engine.obj
 0001:00005140       ?GetFirstAssetFrom@@YAIPEAUgame_assets@@W4asset_type_id@@@Z 0000000180006140 f   p5engine.obj
 0001:000051b0       ?GetBestMatchBitmapFrom@@YA?AUbitmap_id@@PEAUgame_assets@@W4asset_type_id@@PEAUasset_vector@@2@Z 00000001800061b0 f   p5engine.obj
 0001:00005200       ?GetFirstBitmapFrom@@YA?AUbitmap_id@@PEAUgame_assets@@W4asset_type_id@@@Z 0000000180006200 f   p5engine.obj
 0001:00005240       ?GetRandomBitmapFrom@@YA?AUbitmap_id@@PEAUgame_assets@@W4asset_type_id@@PEAUrandom_series@@@Z 0000000180006240 f   p5engine.obj
 0001:00005290       ?GetRandomSoundFrom@@YA?AUsound_id@@PEAUgame_assets@@W4asset_type_id@@PEAUrandom_series@@@Z 0000000180006290 f   p5engine.obj
 0001:000052e0       ?AllocateGameAssets@@YAPEAUgame_assets@@PEAUmemory_arena@@_KPEAUtransient_state@@@Z 00000001800062e0 f   p5engine.obj
 0001:00005bc0       ?PlaySound@@YAPEAUplaying_sound@@PEAUaudio_state@@Usound_id@@@Z 0000000180006bc0 f   p5engine.obj
 0001:00005cf0       ?ChangeVolume@@YAXPEAUaudio_state@@PEAUplaying_sound@@MTv2@@@Z 0000000180006cf0 f   p5engine.obj
 0001:00005dc0       ?OutputPlayingSounds@@YAXPEAUaudio_state@@PEAUgame_sound_output_buffer@@PEAUgame_assets@@PEAUmemory_arena@@@Z 0000000180006dc0 f   p5engine.obj
 0001:00006ea0       ?InitializeAudioState@@YAXPEAUaudio_state@@PEAUmemory_arena@@@Z 0000000180007ea0 f   p5engine.obj
 0001:00006f20       ?AddLowEntity@@YA?AUadd_low_entity_result@@PEAUgame_state@@W4entity_type@@Uworld_position@@@Z 0000000180007f20 f   p5engine.obj
 0001:00007120       ?AddGroundedEntity@@YA?AUadd_low_entity_result@@PEAUgame_state@@W4entity_type@@Uworld_position@@PEAUsim_entity_collision_volume_group@@@Z 0000000180008120 f   p5engine.obj
 0001:000071d0       ?AddStandardRoom@@YA?AUadd_low_entity_result@@PEAUgame_state@@III@Z 00000001800081d0 f   p5engine.obj
 0001:00007330       ?AddWall@@YA?AUadd_low_entity_result@@PEAUgame_state@@III@Z 0000000180008330 f   p5engine.obj
 0001:00007490       ?AddStairs@@YA?AUadd_low_entity_result@@PEAUgame_state@@III@Z 0000000180008490 f   p5engine.obj
 0001:00007620       ?InitHitPoints@@YAXPEAUlow_entity@@I@Z 0000000180008620 f   p5engine.obj
 0001:000076b0       ?AddSword@@YA?AUadd_low_entity_result@@PEAUgame_state@@@Z 00000001800086b0 f   p5engine.obj
 0001:000077a0       ?AddPlayer@@YA?AUadd_low_entity_result@@PEAUgame_state@@@Z 00000001800087a0 f   p5engine.obj
 0001:000078e0       ?AddMonstar@@YA?AUadd_low_entity_result@@PEAUgame_state@@III@Z 00000001800088e0 f   p5engine.obj
 0001:00007a50       ?AddFamiliar@@YA?AUadd_low_entity_result@@PEAUgame_state@@III@Z 0000000180008a50 f   p5engine.obj
 0001:00007bb0       ?DrawHitpoints@@YAXPEAUsim_entity@@PEAUrender_group@@@Z 0000000180008bb0 f   p5engine.obj
 0001:00007e20       ?MakeSimpleGroundedCollision@@YAPEAUsim_entity_collision_volume_group@@PEAUgame_state@@MMM@Z 0000000180008e20 f   p5engine.obj
 0001:00007f80       ?MakeNullCollision@@YAPEAUsim_entity_collision_volume_group@@PEAUgame_state@@@Z 0000000180008f80 f   p5engine.obj
 0001:00008060       ?FillGroundChunkWork@@YAXPEAUplatform_work_queue@@PEAX@Z 0000000180009060 f   p5engine.obj
 0001:000080c0       ?FillGroundChunk@@YAXPEAUtransient_state@@PEAUgame_state@@PEAUground_buffer@@PEAUworld_position@@@Z 00000001800090c0 f   p5engine.obj
 0001:00008940       ?ClearBitmap@@YAXPEAUloaded_bitmap@@@Z 0000000180009940 f   p5engine.obj
 0001:000089a0       ?MakeEmptyBitmap@@YA?AUloaded_bitmap@@PEAUmemory_arena@@HHH@Z 00000001800099a0 f   p5engine.obj
 0001:00008ae0       ?MakeSphereDiffuseMap@@YAXPEAUloaded_bitmap@@MM@Z 0000000180009ae0 f   p5engine.obj
 0001:00008e10       ?MakeSphereNormalMap@@YAXPEAUloaded_bitmap@@MMM@Z 0000000180009e10 f   p5engine.obj
 0001:0000ddc8       $LN167                     000000018000edc8     p5engine.obj
 0001:00013d30       $$000000                   0000000180014d30     MSVCRTD:chkstk.obj
 0001:00013d90       $$000000                   0000000180014d90     MSVCRTD:amdsecgs.obj
 0001:00013dc0       ?dllmain_crt_dispatch@@YAHQEAUHINSTANCE__@@KQEAX@Z 0000000180014dc0 f   MSVCRTD:dll_dllmain.obj
 0001:00013e50       ?dllmain_crt_process_attach@@YAHQEAUHINSTANCE__@@QEAX@Z 0000000180014e50 f   MSVCRTD:dll_dllmain.obj
 0001:00013f90       ?dllmain_crt_process_detach@@YAH_N@Z 0000000180014f90 f   MSVCRTD:dll_dllmain.obj
 0001:00014030       ?dllmain_dispatch@@YAHQEAUHINSTANCE__@@KQEAX@Z 0000000180015030 f   MSVCRTD:dll_dllmain.obj
 0001:00014170       ?dllmain_raw@@YAHQEAUHINSTANCE__@@KQEAX@Z 0000000180015170 f   MSVCRTD:dll_dllmain.obj
 0001:00014330       capture_previous_context   0000000180015330 f   MSVCRTD:gs_report.obj
 0001:000143f0       __get_entropy              00000001800153f0 f   MSVCRTD:gs_support.obj
 0001:00014640       ?find_pe_section@@YAPEAU_IMAGE_SECTION_HEADER@@QEAE_K@Z 0000000180015640 f   MSVCRTD:utility.obj
 0001:00014720       ?is_potentially_valid_image_base@@YA_NQEAX@Z 0000000180015720 f   MSVCRTD:utility.obj
 0001:000152c0       $$000000                   00000001800162c0     MSVCRTD:guard_dispatch.obj
 0001:000152e0       $$000000                   00000001800162e0     MSVCRTD:guard_xfg_dispatch.obj
 0001:00015300       ?fin$0@?0??dllmain_crt_process_attach@@YAHQEAUHINSTANCE__@@QEAX@Z@4HA 0000000180016300 f   MSVCRTD:dll_dllmain.obj
 0001:00015320       ?fin$0@?0??dllmain_crt_process_detach@@YAH_N@Z@4HA 0000000180016320 f   MSVCRTD:dll_dllmain.obj
 0001:0001533a       ?fin$1@?0??dllmain_crt_process_detach@@YAH_N@Z@4HA 000000018001633a f   MSVCRTD:dll_dllmain.obj
 0001:00015350       ?filt$0@?0??dllmain_dispatch@@YAHQEAUHINSTANCE__@@KQEAX@Z@4HA 0000000180016350 f   MSVCRTD:dll_dllmain.obj
 0001:000153a0       __scrt_is_nonwritable_in_current_image$filt$0 00000001800163a0 f   MSVCRTD:utility.obj
 0002:00000170       $SG33038                   0000000180017170     p5engine.obj
 0002:00000198       $SG33040                   0000000180017198     p5engine.obj
 0002:000001b8       $SG33044                   00000001800171b8     p5engine.obj
 0002:000001c8       $SG34312                   00000001800171c8     p5engine.obj
 0002:000001d8       $SG34332                   00000001800171d8     p5engine.obj
 0002:000001e8       $SG31799                   00000001800171e8     p5engine.obj
 0002:000001f8       $SG32222                   00000001800171f8     p5engine.obj
 0002:000003c8       GS_ExceptionPointers       00000001800173c8     MSVCRTD:gs_report.obj
 0002:000009f0       $unwind$?AbsoluteValue@@YAMM@Z 00000001800179f0     p5engine.obj
 0002:000009f0       $unwind$?Clamp01@@YAMM@Z   00000001800179f0     p5engine.obj
 0002:000009f0       $unwind$?RoundReal32ToInt32@@YAHM@Z 00000001800179f0     p5engine.obj
 0002:000009f0       $unwind$?RoundReal32ToUInt32@@YAIM@Z 00000001800179f0     p5engine.obj
 0002:000009f0       $unwind$?SignOf@@YAMM@Z    00000001800179f0     p5engine.obj
 0002:000009f0       $unwind$?Sin@@YAMM@Z       00000001800179f0     p5engine.obj
 0002:000009f0       $unwind$?Square@@YAMM@Z    00000001800179f0     p5engine.obj
 0002:000009f0       $unwind$?SquareRoot@@YAMM@Z 00000001800179f0     p5engine.obj
 0002:000009f0       $unwind$TruncateReal32ToInt32 00000001800179f0     p5engine.obj
 0002:000009f8       $unwind$?GetFileHandleFor@@YAPEAUplatform_file_handle@@PEAUgame_assets@@I@Z 00000001800179f8     p5engine.obj
 0002:000009f8       $unwind$?GetLowEntity@@YAPEAUlow_entity@@PEAUgame_state@@I@Z 00000001800179f8     p5engine.obj
 0002:000009f8       $unwind$?GetSound@@YAPEAUloaded_sound@@PEAUgame_assets@@Usound_id@@@Z 00000001800179f8     p5engine.obj
 0002:000009f8       $unwind$?GetSoundInfo@@YAPEAUp5a_sound@@PEAUgame_assets@@Usound_id@@@Z 00000001800179f8     p5engine.obj
 0002:000009f8       $unwind$?HasFlag@@YAHPEAUsim_entity@@I@Z 00000001800179f8     p5engine.obj
 0002:000009f8       $unwind$?RandomChoice@@YAIPEAUrandom_series@@I@Z 00000001800179f8     p5engine.obj
 0002:000009f8       $unwind$GetController      00000001800179f8     p5engine.obj
 0002:00000a00       $unwind$?InitializeArena@@YAXPEAUmemory_arena@@_KPEAX@Z 0000000180017a00     p5engine.obj
 0002:00000a08       $unwind$?GetAlignmentOffset@@YA_KPEAUmemory_arena@@_K@Z 0000000180017a08     p5engine.obj
 0002:00000a10       $unwind$??Y@YAAEATv2@@AEAT0@T0@@Z 0000000180017a10     p5engine.obj
 0002:00000a10       $unwind$?GetArenaSizeRemaining@@YA_KPEAUmemory_arena@@_K@Z 0000000180017a10     p5engine.obj
 0002:00000a10       $unwind$?Hadamard@@YA?ATv2@@T1@0@Z 0000000180017a10     p5engine.obj
 0002:00000a10       $unwind$?Inner@@YAMTv2@@0@Z 0000000180017a10     p5engine.obj
 0002:00000a10       $unwind$?Inner@@YAMTv3@@0@Z 0000000180017a10     p5engine.obj
 0002:00000a10       $unwind$?InsertAssetHeaderAtFront@@YAXPEAUgame_assets@@PEAUasset_memory_header@@@Z 0000000180017a10     p5engine.obj
 0002:00000a10       $unwind$?IsCanonical@@YAHPEAUworld@@Tv3@@@Z 0000000180017a10     p5engine.obj
 0002:00000a10       $unwind$?IsInRectangle@@YAHUrectangle3@@Tv3@@@Z 0000000180017a10     p5engine.obj
 0002:00000a10       $unwind$?RectanglesIntersect@@YAHUrectangle3@@0@Z 0000000180017a10     p5engine.obj
 0002:00000a10       $unwind$?ZeroSize@@YAX_KPEAX@Z 0000000180017a10     p5engine.obj
 0002:00000a10       $unwind$?find_pe_section@@YAPEAU_IMAGE_SECTION_HEADER@@QEAE_K@Z 0000000180017a10     MSVCRTD:utility.obj
 0002:00000a18       $unwind$?PushSize_@@YAPEAXPEAUmemory_arena@@_K1@Z 0000000180017a18     p5engine.obj
 0002:00000a20       $unwind$?BeginTemporaryMemory@@YA?AUtemporary_memory@@PEAUmemory_arena@@@Z 0000000180017a20     p5engine.obj
 0002:00000a34       $unwind$?AllResourcesPresent@@YAHPEAUrender_group@@@Z 0000000180017a34     p5engine.obj
 0002:00000a34       $unwind$?EndTemporaryMemory@@YAXUtemporary_memory@@@Z 0000000180017a34     p5engine.obj
 0002:00000a34       $unwind$?GetDim@@YA?ATv2@@Urectangle2@@@Z 0000000180017a34     p5engine.obj
 0002:00000a34       $unwind$?GetState@@YAIPEAUasset@@@Z 0000000180017a34     p5engine.obj
 0002:00000a34       $unwind$?IsLocked@@YAHPEAUasset@@@Z 0000000180017a34     p5engine.obj
 0002:00000a34       $unwind$?IsValid@@YAHUworld_position@@@Z 0000000180017a34     p5engine.obj
 0002:00000a34       $unwind$?LengthSq@@YAMTv2@@@Z 0000000180017a34     p5engine.obj
 0002:00000a34       $unwind$?RandomBilateral@@YAMPEAUrandom_series@@@Z 0000000180017a34     p5engine.obj
 0002:00000a34       $unwind$?RandomNextUInt32@@YAIPEAUrandom_series@@@Z 0000000180017a34     p5engine.obj
 0002:00000a34       $unwind$?RandomUnilateral@@YAMPEAUrandom_series@@@Z 0000000180017a34     p5engine.obj
 0002:00000a34       $unwind$__CheckForDebuggerJustMyCode 0000000180017a34     MSVCRTD:debugger_jmc.obj
 0002:00000a34       $unwind$__report_gsfailure 0000000180017a34     MSVCRTD:gs_report.obj
 0002:00000a3c       $unwind$?CheckArena@@YAXPEAUmemory_arena@@@Z 0000000180017a3c     p5engine.obj
 0002:00000a3c       $unwind$?StoreEntityReference@@YAXPEATentity_reference@@@Z 0000000180017a3c     p5engine.obj
 0002:00000a3c       $unwind$__raise_securityfailure 0000000180017a3c     MSVCRTD:gs_report.obj
 0002:00000a3c       $unwind$?is_potentially_valid_image_base@@YA_NQEAX@Z 0000000180017a3c     MSVCRTD:utility.obj
 0002:00000a44       $unwind$?SubArena@@YAXPEAUmemory_arena@@0_K1@Z 0000000180017a44     p5engine.obj
 0002:00000a44       $unwind$__GSHandlerCheck   0000000180017a44     MSVCRTD:gshandler.obj
 0002:00000a4c       $unwind$?AddAssetHeaderToList@@YAXPEAUgame_assets@@IUasset_memory_size@@@Z 0000000180017a4c     p5engine.obj
 0002:00000a4c       $unwind$?AtomicCompareExchangeUInt32@@YAIPECIII@Z 0000000180017a4c     p5engine.obj
 0002:00000a4c       $unwind$?GetBitmap@@YAPEAUloaded_bitmap@@PEAUgame_assets@@Ubitmap_id@@H@Z 0000000180017a4c     p5engine.obj
 0002:00000a4c       $unwind$?PushRenderElement_@@YAPEAXPEAUrender_group@@IW4render_group_entry_type@@@Z 0000000180017a4c     p5engine.obj
 0002:00000a4c       $unwind$?dllmain_crt_dispatch@@YAHQEAUHINSTANCE__@@KQEAX@Z 0000000180017a4c     MSVCRTD:dll_dllmain.obj
 0002:00000a4c       $unwind$?dllmain_raw@@YAHQEAUHINSTANCE__@@KQEAX@Z 0000000180017a4c     MSVCRTD:dll_dllmain.obj
 0002:00000a54       $unwind$?ATan2@@YAMMM@Z    0000000180017a54     p5engine.obj
 0002:00000a54       $unwind$?IsCanonical@@YAHMM@Z 0000000180017a54     p5engine.obj
 0002:00000a54       $unwind$?SafeRatio1@@YAMMM@Z 0000000180017a54     p5engine.obj
 0002:00000a5c       $unwind$?Clamp01MapToRange@@YAMMMM@Z 0000000180017a5c     p5engine.obj
 0002:00000a5c       $unwind$?Clamp@@YAMMMM@Z   0000000180017a5c     p5engine.obj
 0002:00000a5c       $unwind$?Lerp@@YAMMMM@Z    0000000180017a5c     p5engine.obj
 0002:00000a5c       $unwind$?SafeRatioN@@YAMMMM@Z 0000000180017a5c     p5engine.obj
 0002:00000a64       $unwind$?V2@@YA?ATv2@@MM@Z 0000000180017a64     p5engine.obj
 0002:00000a74       $unwind$?V2i@@YA?ATv2@@HH@Z 0000000180017a74     p5engine.obj
 0002:00000a7c       $unwind$??D@YA?ATv2@@MT0@@Z 0000000180017a7c     p5engine.obj
 0002:00000a8c       $unwind$??G@YA?ATv2@@T0@0@Z 0000000180017a8c     p5engine.obj
 0002:00000a8c       $unwind$??H@YA?ATv2@@T0@0@Z 0000000180017a8c     p5engine.obj
 0002:00000a8c       $unwind$?GetBarycentric@@YA?ATv2@@Urectangle2@@T1@@Z 0000000180017a8c     p5engine.obj
 0002:00000a9c       $unwind$?Clamp01@@YA?ATv2@@T1@@Z 0000000180017a9c     p5engine.obj
 0002:00000aac       $unwind$?V3@@YA?ATv3@@MMM@Z 0000000180017aac     p5engine.obj
 0002:00000aac       $unwind$?V4@@YA?ATv4@@MMMM@Z 0000000180017aac     p5engine.obj
 0002:00000ac0       $unwind$??D@YA?ATv3@@MT0@@Z 0000000180017ac0     p5engine.obj
 0002:00000ac0       $unwind$??D@YA?ATv4@@MT0@@Z 0000000180017ac0     p5engine.obj
 0002:00000ac0       $unwind$?ToV3@@YA?ATv3@@Tv2@@M@Z 0000000180017ac0     p5engine.obj
 0002:00000ad4       $unwind$??D@YA?ATv3@@T0@M@Z 0000000180017ad4     p5engine.obj
 0002:00000ad4       $unwind$?GetCameraRectangleAtDistance@@YA?AUrectangle2@@PEAUrender_group@@M@Z 0000000180017ad4     p5engine.obj
 0002:00000ae0       $unwind$??X@YAAEATv3@@AEAT0@M@Z 0000000180017ae0     p5engine.obj
 0002:00000aec       $unwind$??G@YA?ATv3@@T0@0@Z 0000000180017aec     p5engine.obj
 0002:00000aec       $unwind$??H@YA?ATv3@@T0@0@Z 0000000180017aec     p5engine.obj
 0002:00000aec       $unwind$??H@YA?ATv4@@T0@0@Z 0000000180017aec     p5engine.obj
 0002:00000b00       $unwind$??Y@YAAEATv3@@AEAT0@T0@@Z 0000000180017b00     p5engine.obj
 0002:00000b00       $unwind$??Y@YAAEATv4@@AEAT0@T0@@Z 0000000180017b00     p5engine.obj
 0002:00000b00       $unwind$??Z@YAAEATv3@@AEAT0@T0@@Z 0000000180017b00     p5engine.obj
 0002:00000b00       $unwind$?GetDim@@YA?ATv3@@Urectangle3@@@Z 0000000180017b00     p5engine.obj
 0002:00000b0c       $unwind$?AreInSameChunk@@YAHPEAUworld@@PEAUworld_position@@1@Z 0000000180017b0c     p5engine.obj
 0002:00000b0c       $unwind$?Hadamard@@YA?ATv3@@T1@0@Z 0000000180017b0c     p5engine.obj
 0002:00000b0c       $unwind$?RectCenterDim@@YA?AUrectangle2@@Tv2@@0@Z 0000000180017b0c     p5engine.obj
 0002:00000b18       $unwind$?LengthSq@@YAMTv3@@@Z 0000000180017b18     p5engine.obj
 0002:00000b24       $unwind$?Length@@YAMTv3@@@Z 0000000180017b24     p5engine.obj
 0002:00000b24       $unwind$?MakeEntityNonSpatial@@YAXPEAUsim_entity@@@Z 0000000180017b24     p5engine.obj
 0002:00000b30       $unwind$?RectCenterHalfDim@@YA?AUrectangle2@@Tv2@@0@Z 0000000180017b30     p5engine.obj
 0002:00000b44       $unwind$?Intersect@@YA?AUrectangle2i@@U1@0@Z 0000000180017b44     p5engine.obj
 0002:00000b50       $unwind$?Clear@@YAXPEAUrender_group@@Tv4@@@Z 0000000180017b50     p5engine.obj
 0002:00000b50       $unwind$?GetMaxCorner@@YA?ATv3@@Urectangle3@@@Z 0000000180017b50     p5engine.obj
 0002:00000b50       $unwind$?GetMinCorner@@YA?ATv3@@Urectangle3@@@Z 0000000180017b50     p5engine.obj
 0002:00000b5c       $unwind$?RectMinMax@@YA?AUrectangle3@@Tv3@@0@Z 0000000180017b5c     p5engine.obj
 0002:00000b70       $unwind$?AddRadiusTo@@YA?AUrectangle3@@U1@Tv3@@@Z 0000000180017b70     p5engine.obj
 0002:00000b70       $unwind$?RectCenterHalfDim@@YA?AUrectangle3@@Tv3@@0@Z 0000000180017b70     p5engine.obj
 0002:00000b84       $unwind$?RectCenterDim@@YA?AUrectangle3@@Tv3@@0@Z 0000000180017b84     p5engine.obj
 0002:00000b90       $unwind$?RandomSeed@@YA?AUrandom_series@@I@Z 0000000180017b90     p5engine.obj
 0002:00000ba0       $unwind$?RandomBetween@@YAMPEAUrandom_series@@MM@Z 0000000180017ba0     p5engine.obj
 0002:00000ba8       $unwind$?AddFlags@@YAXPEAUsim_entity@@I@Z 0000000180017ba8     p5engine.obj
 0002:00000ba8       $unwind$?ClearFlags@@YAXPEAUsim_entity@@I@Z 0000000180017ba8     p5engine.obj
 0002:00000ba8       $unwind$?PrefetchSound@@YAXPEAUgame_assets@@Usound_id@@@Z 0000000180017ba8     p5engine.obj
 0002:00000bb0       $unwind$?MakeEntitySpatial@@YAXPEAUsim_entity@@Tv3@@1@Z 0000000180017bb0     p5engine.obj
 0002:00000bbc       $unwind$?GetEntityGroundPoint@@YA?ATv3@@PEAUsim_entity@@T1@@Z 0000000180017bbc     p5engine.obj
 0002:00000bc8       $unwind$?GetEntityGroundPoint@@YA?ATv3@@PEAUsim_entity@@@Z 0000000180017bc8     p5engine.obj
 0002:00000bd4       $unwind$?GetStairGround@@YAMPEAUsim_entity@@Tv3@@@Z 0000000180017bd4     p5engine.obj
 0002:00000be0       $unwind$?MoveHeaderToFront@@YAXPEAUgame_assets@@PEAUasset@@@Z 0000000180017be0     p5engine.obj
 0002:00000be8       $unwind$?LoadBitmap@@YAXPEAUgame_assets@@Ubitmap_id@@H@Z 0000000180017be8     p5engine.obj
 0002:00000bfc       $unwind$?LoadSound@@YAXPEAUgame_assets@@Usound_id@@@Z 0000000180017bfc     p5engine.obj
 0002:00000c10       $unwind$?AddCollisionRule@@YAXPEAUgame_state@@IIH@Z 0000000180017c10     p5engine.obj
 0002:00000c18       $unwind$?ClearCollisionRulesFor@@YAXPEAUgame_state@@I@Z 0000000180017c18     p5engine.obj
 0002:00000c20       $unwind$?BeginTaskWithMemory@@YAPEAUtask_with_memory@@PEAUtransient_state@@@Z 0000000180017c20     p5engine.obj
 0002:00000c2c       $unwind$?EndTaskWithMemory@@YAXPEAUtask_with_memory@@@Z 0000000180017c2c     p5engine.obj
 0002:00000c38       $unwind$?DrawRectangle@@YAXPEAUloaded_bitmap@@Tv2@@1Tv4@@Urectangle2i@@H@Z 0000000180017c38     p5engine.obj
 0002:00000c44       $unwind$?RenderGroupToOutput@@YAXPEAUrender_group@@PEAUloaded_bitmap@@Urectangle2i@@H@Z 0000000180017c44     p5engine.obj
 0002:00000c50       $unwind$?DoTiledRenderWork@@YAXPEAUplatform_work_queue@@PEAX@Z 0000000180017c50     p5engine.obj
 0002:00000c5c       $unwind$?RenderGroupToOutput@@YAXPEAUrender_group@@PEAUloaded_bitmap@@@Z 0000000180017c5c     p5engine.obj
 0002:00000c70       $unwind$?TiledRenderGroupToOutput@@YAXPEAUplatform_work_queue@@PEAUrender_group@@PEAUloaded_bitmap@@@Z 0000000180017c70     p5engine.obj
 0002:00000c84       $unwind$?AllocateRenderGroup@@YAPEAUrender_group@@PEAUgame_assets@@PEAUmemory_arena@@IH@Z 0000000180017c84     p5engine.obj
 0002:00000c90       $unwind$?InitializeWorld@@YAXPEAUworld@@Tv3@@@Z 0000000180017c90     p5engine.obj
 0002:00000c9c       $unwind$?Subtract@@YA?ATv3@@PEAUworld@@PEAUworld_position@@1@Z 0000000180017c9c     p5engine.obj
 0002:00000cb0       $unwind$?ChangeEntityLocation@@YAXPEAUmemory_arena@@PEAUworld@@IPEAUlow_entity@@Uworld_position@@@Z 0000000180017cb0     p5engine.obj
 0002:00000cbc       $unwind$?GetHashFromStorageIndex@@YAPEAUsim_entity_hash@@PEAUsim_region@@I@Z 0000000180017cbc     p5engine.obj
 0002:00000cc4       $unwind$?AddEntity@@YAPEAUsim_entity@@PEAUgame_state@@PEAUsim_region@@IPEAUlow_entity@@PEATv3@@@Z 0000000180017cc4     p5engine.obj
 0002:00000cd0       $unwind$?AddEntityRaw@@YAPEAUsim_entity@@PEAUgame_state@@PEAUsim_region@@IPEAUlow_entity@@@Z 0000000180017cd0     p5engine.obj
 0002:00000cdc       $unwind$?BeginSim@@YAPEAUsim_region@@PEAUmemory_arena@@PEAUgame_state@@PEAUworld@@Uworld_position@@Urectangle3@@M@Z 0000000180017cdc     p5engine.obj
 0002:00000cf0       $unwind$?EndSim@@YAXPEAUsim_region@@PEAUgame_state@@@Z 0000000180017cf0     p5engine.obj
 0002:00000cfc       $unwind$?CanCollide@@YAHPEAUgame_state@@PEAUsim_entity@@1@Z 0000000180017cfc     p5engine.obj
 0002:00000d04       $unwind$?HandleCollision@@YAHPEAUgame_state@@PEAUsim_entity@@1@Z 0000000180017d04     p5engine.obj
 0002:00000d0c       $unwind$?CanOverlap@@YAHPEAUgame_state@@PEAUsim_entity@@1@Z 0000000180017d0c     p5engine.obj
 0002:00000d14       $unwind$?HandleOverlap@@YAXPEAUgame_state@@PEAUsim_entity@@1MPEAM@Z 0000000180017d14     p5engine.obj
 0002:00000d20       $unwind$?SpeculativeCollide@@YAHPEAUsim_entity@@0Tv3@@@Z 0000000180017d20     p5engine.obj
 0002:00000d2c       $unwind$?EntitiesOverlap@@YAHPEAUsim_entity@@0Tv3@@@Z 0000000180017d2c     p5engine.obj
 0002:00000d38       $unwind$?MoveEntity@@YAXPEAUgame_state@@PEAUsim_region@@PEAUsim_entity@@MPEAUmove_spec@@Tv3@@@Z 0000000180017d38     p5engine.obj
 0002:00000d4c       $unwind$?LoadAssetWork@@YAXPEAUplatform_work_queue@@PEAX@Z 0000000180017d4c     p5engine.obj
 0002:00000d54       $unwind$?InsertBlock@@YAPEAUasset_memory_block@@PEAU1@_KPEAX@Z 0000000180017d54     p5engine.obj
 0002:00000d5c       $unwind$?RemoveAssetHeaderFromList@@YAXPEAUasset_memory_header@@@Z 0000000180017d5c     p5engine.obj
 0002:00000d64       $unwind$?FindBlockForSize@@YAPEAUasset_memory_block@@PEAUgame_assets@@_K@Z 0000000180017d64     p5engine.obj
 0002:00000d6c       $unwind$?MergeIfPossible@@YAHPEAUgame_assets@@PEAUasset_memory_block@@1@Z 0000000180017d6c     p5engine.obj
 0002:00000d74       $unwind$?AcquireAssetMemory@@YAPEAXPEAUgame_assets@@_K@Z 0000000180017d74     p5engine.obj
 0002:00000d7c       $unwind$?GetBestMatchAssetFrom@@YAIPEAUgame_assets@@W4asset_type_id@@PEAUasset_vector@@2@Z 0000000180017d7c     p5engine.obj
 0002:00000d84       $unwind$?GetRandomAssetFrom@@YAIPEAUgame_assets@@W4asset_type_id@@PEAUrandom_series@@@Z 0000000180017d84     p5engine.obj
 0002:00000d8c       $unwind$?GetFirstAssetFrom@@YAIPEAUgame_assets@@W4asset_type_id@@@Z 0000000180017d8c     p5engine.obj
 0002:00000d94       $unwind$?GetBestMatchBitmapFrom@@YA?AUbitmap_id@@PEAUgame_assets@@W4asset_type_id@@PEAUasset_vector@@2@Z 0000000180017d94     p5engine.obj
 0002:00000d9c       $unwind$?GetFirstBitmapFrom@@YA?AUbitmap_id@@PEAUgame_assets@@W4asset_type_id@@@Z 0000000180017d9c     p5engine.obj
 0002:00000da4       $unwind$?GetRandomBitmapFrom@@YA?AUbitmap_id@@PEAUgame_assets@@W4asset_type_id@@PEAUrandom_series@@@Z 0000000180017da4     p5engine.obj
 0002:00000dac       $unwind$?GetRandomSoundFrom@@YA?AUsound_id@@PEAUgame_assets@@W4asset_type_id@@PEAUrandom_series@@@Z 0000000180017dac     p5engine.obj
 0002:00000db4       $unwind$?AllocateGameAssets@@YAPEAUgame_assets@@PEAUmemory_arena@@_KPEAUtransient_state@@@Z 0000000180017db4     p5engine.obj
 0002:00000dc8       $unwind$?PlaySound@@YAPEAUplaying_sound@@PEAUaudio_state@@Usound_id@@@Z 0000000180017dc8     p5engine.obj
 0002:00000dd0       $unwind$?ChangeVolume@@YAXPEAUaudio_state@@PEAUplaying_sound@@MTv2@@@Z 0000000180017dd0     p5engine.obj
 0002:00000dd8       $unwind$?OutputPlayingSounds@@YAXPEAUaudio_state@@PEAUgame_sound_output_buffer@@PEAUgame_assets@@PEAUmemory_arena@@@Z 0000000180017dd8     p5engine.obj
 0002:00000dec       $unwind$?InitializeAudioState@@YAXPEAUaudio_state@@PEAUmemory_arena@@@Z 0000000180017dec     p5engine.obj
 0002:00000df4       $unwind$?AddLowEntity@@YA?AUadd_low_entity_result@@PEAUgame_state@@W4entity_type@@Uworld_position@@@Z 0000000180017df4     p5engine.obj
 0002:00000e08       $unwind$?AddGroundedEntity@@YA?AUadd_low_entity_result@@PEAUgame_state@@W4entity_type@@Uworld_position@@PEAUsim_entity_collision_volume_group@@@Z 0000000180017e08     p5engine.obj
 0002:00000e14       $unwind$?AddStandardRoom@@YA?AUadd_low_entity_result@@PEAUgame_state@@III@Z 0000000180017e14     p5engine.obj
 0002:00000e20       $unwind$?AddWall@@YA?AUadd_low_entity_result@@PEAUgame_state@@III@Z 0000000180017e20     p5engine.obj
 0002:00000e2c       $unwind$?AddStairs@@YA?AUadd_low_entity_result@@PEAUgame_state@@III@Z 0000000180017e2c     p5engine.obj
 0002:00000e38       $unwind$?InitHitPoints@@YAXPEAUlow_entity@@I@Z 0000000180017e38     p5engine.obj
 0002:00000e40       $unwind$?AddSword@@YA?AUadd_low_entity_result@@PEAUgame_state@@@Z 0000000180017e40     p5engine.obj
 0002:00000e4c       $unwind$?AddPlayer@@YA?AUadd_low_entity_result@@PEAUgame_state@@@Z 0000000180017e4c     p5engine.obj
 0002:00000e58       $unwind$?AddMonstar@@YA?AUadd_low_entity_result@@PEAUgame_state@@III@Z 0000000180017e58     p5engine.obj
 0002:00000e64       $unwind$?AddFamiliar@@YA?AUadd_low_entity_result@@PEAUgame_state@@III@Z 0000000180017e64     p5engine.obj
 0002:00000e70       $unwind$?DrawHitpoints@@YAXPEAUsim_entity@@PEAUrender_group@@@Z 0000000180017e70     p5engine.obj
 0002:00000e84       $unwind$?MakeSimpleGroundedCollision@@YAPEAUsim_entity_collision_volume_group@@PEAUgame_state@@MMM@Z 0000000180017e84     p5engine.obj
 0002:00000e90       $unwind$?MakeNullCollision@@YAPEAUsim_entity_collision_volume_group@@PEAUgame_state@@@Z 0000000180017e90     p5engine.obj
 0002:00000e9c       $unwind$?FillGroundChunkWork@@YAXPEAUplatform_work_queue@@PEAX@Z 0000000180017e9c     p5engine.obj
 0002:00000ea4       $unwind$?FillGroundChunk@@YAXPEAUtransient_state@@PEAUgame_state@@PEAUground_buffer@@PEAUworld_position@@@Z 0000000180017ea4     p5engine.obj
 0002:00000eb8       $unwind$?ClearBitmap@@YAXPEAUloaded_bitmap@@@Z 0000000180017eb8     p5engine.obj
 0002:00000ec0       $unwind$?MakeEmptyBitmap@@YA?AUloaded_bitmap@@PEAUmemory_arena@@HHH@Z 0000000180017ec0     p5engine.obj
 0002:00000ed4       $unwind$?MakeSphereDiffuseMap@@YAXPEAUloaded_bitmap@@MM@Z 0000000180017ed4     p5engine.obj
 0002:00000ee0       $unwind$?MakeSphereNormalMap@@YAXPEAUloaded_bitmap@@MMM@Z 0000000180017ee0     p5engine.obj
 0002:00000eec       $unwind$GameUpdateAndRender 0000000180017eec     p5engine.obj
 0002:00000f00       $unwind$GameGetSoundSamples 0000000180017f00     p5engine.obj
 0002:00000f08       $unwind$?IsValid@@YAHUsound_id@@@Z 0000000180017f08     p5engine.obj
 0002:00000f10       $unwind$?GetNextSoundInChain@@YA?AUsound_id@@PEAUgame_assets@@U1@@Z 0000000180017f10     p5engine.obj
 0002:00000f20       $unwind$?GetRenderEntityBasisPos@@YA?AUentity_basis_p_result@@PEAUrender_transform@@Tv3@@@Z 0000000180017f20     p5engine.obj
 0002:00000f34       $unwind$?PushBitmap@@YAXPEAUrender_group@@PEAUloaded_bitmap@@Tv3@@MTv4@@@Z 0000000180017f34     p5engine.obj
 0002:00000f40       $unwind$?PushBitmap@@YAXPEAUrender_group@@Ubitmap_id@@Tv3@@MTv4@@@Z 0000000180017f40     p5engine.obj
 0002:00000f4c       $unwind$?PushRect@@YAXPEAUrender_group@@Tv3@@Tv2@@Tv4@@@Z 0000000180017f4c     p5engine.obj
 0002:00000f58       $unwind$?PushRectOutline@@YAXPEAUrender_group@@Tv3@@Tv2@@Tv4@@@Z 0000000180017f58     p5engine.obj
 0002:00000f64       $unwind$?Orthographic@@YAXPEAUrender_group@@HHM@Z 0000000180017f64     p5engine.obj
 0002:00000f64       $unwind$?Perspective@@YAXPEAUrender_group@@HHMMM@Z 0000000180017f64     p5engine.obj
 0002:00000f6c       $unwind$?RecanonicalizeCoord@@YAXMPEAHPEAM@Z 0000000180017f6c     p5engine.obj
 0002:00000f6c       $unwind$?Unproject@@YA?ATv2@@PEAUrender_group@@T1@M@Z 0000000180017f6c     p5engine.obj
 0002:00000f74       $unwind$?GetCameraRectangleAtTarget@@YA?AUrectangle2@@PEAUrender_group@@@Z 0000000180017f74     p5engine.obj
 0002:00000f80       $unwind$?NullPosition@@YA?AUworld_position@@XZ 0000000180017f80     p5engine.obj
 0002:00000f94       $unwind$?GetWorldChunk@@YAPEAUworld_chunk@@PEAUworld@@HHHPEAUmemory_arena@@@Z 0000000180017f94     p5engine.obj
 0002:00000f94       $unwind$__scrt_dllmain_exception_filter 0000000180017f94     MSVCRTD:utility.obj
 0002:00000f9c       $unwind$?MapIntoChunkSpace@@YA?AUworld_position@@PEAUworld@@U1@Tv3@@@Z 0000000180017f9c     p5engine.obj
 0002:00000fb0       $unwind$?ChunkPositionFromTilePosition@@YA?AUworld_position@@PEAUworld@@HHHTv3@@@Z 0000000180017fb0     p5engine.obj
 0002:00000fc4       $unwind$?CenteredChunkPoint@@YA?AUworld_position@@III@Z 0000000180017fc4     p5engine.obj
 0002:00000fd8       $unwind$?ChangeEntityLocationRaw@@YAXPEAUmemory_arena@@PEAUworld@@IPEAUworld_position@@2@Z 0000000180017fd8     p5engine.obj
 0002:00000fe4       $unwind$?GetSimSpacePos@@YA?ATv3@@PEAUsim_region@@PEAUlow_entity@@@Z 0000000180017fe4     p5engine.obj
 0002:00000ff0       $unwind$?LoadEntityReference@@YAXPEAUgame_state@@PEAUsim_region@@PEATentity_reference@@@Z 0000000180017ff0     p5engine.obj
 0002:00001004       $unwind$?EntityOverlapsRectangle@@YAHTv3@@Usim_entity_collision_volume@@Urectangle3@@@Z 0000000180018004     p5engine.obj
 0002:00001010       $unwind$?DefaultMoveSpec@@YA?AUmove_spec@@XZ 0000000180018010     p5engine.obj
 0002:00001024       $unwind$?DrawRectangleQuickly@@YAXPEAUloaded_bitmap@@Tv2@@11Tv4@@0MUrectangle2i@@H@Z 0000000180018024     p5engine_optimized.obj
 0002:0000104c       $chain$9$?DrawRectangleQuickly@@YAXPEAUloaded_bitmap@@Tv2@@11Tv4@@0MUrectangle2i@@H@Z 000000018001804c     p5engine_optimized.obj
 0002:00001084       $chain$10$?DrawRectangleQuickly@@YAXPEAUloaded_bitmap@@Tv2@@11Tv4@@0MUrectangle2i@@H@Z 0000000180018084     p5engine_optimized.obj
 0002:00001094       $unwind$__GSHandlerCheckCommon 0000000180018094     MSVCRTD:gshandler.obj
 0002:000010a0       $xdatasym                  00000001800180a0     MSVCRTD:chkstk.obj
 0002:000010a8       $xdatasym                  00000001800180a8     MSVCRTD:amdsecgs.obj
 0002:000010ac       $unwind$?dllmain_crt_process_attach@@YAHQEAUHINSTANCE__@@QEAX@Z 00000001800180ac     MSVCRTD:dll_dllmain.obj
 0002:000010cc       $unwind$?fin$0@?0??dllmain_crt_process_attach@@YAHQEAUHINSTANCE__@@QEAX@Z@4HA 00000001800180cc     MSVCRTD:dll_dllmain.obj
 0002:000010cc       $unwind$?fin$0@?0??dllmain_crt_process_detach@@YAH_N@Z@4HA 00000001800180cc     MSVCRTD:dll_dllmain.obj
 0002:000010cc       $unwind$?fin$1@?0??dllmain_crt_process_detach@@YAH_N@Z@4HA 00000001800180cc     MSVCRTD:dll_dllmain.obj
 0002:000010cc       $unwind$__scrt_is_nonwritable_in_current_image$filt$0 00000001800180cc     MSVCRTD:utility.obj
 0002:000010d4       $unwind$?dllmain_crt_process_detach@@YAH_N@Z 00000001800180d4     MSVCRTD:dll_dllmain.obj
 0002:00001104       $unwind$?dllmain_dispatch@@YAHQEAUHINSTANCE__@@KQEAX@Z 0000000180018104     MSVCRTD:dll_dllmain.obj
 0002:00001124       $unwind$?filt$0@?0??dllmain_dispatch@@YAHQEAUHINSTANCE__@@KQEAX@Z@4HA 0000000180018124     MSVCRTD:dll_dllmain.obj
 0002:0000112c       $unwind$_DllMainCRTStartup 000000018001812c     MSVCRTD:dll_dllmain.obj
 0002:0000112c       $unwind$DllMain            000000018001812c     MSVCRTD:dll_dllmain_stub.obj
 0002:00001134       $unwind$capture_previous_context 0000000180018134     MSVCRTD:gs_report.obj
 0002:0000113c       $unwind$__scrt_initialize_default_local_stdio_options 000000018001813c     MSVCRTD:default_local_stdio_options.obj
 0002:0000113c       $unwind$__security_init_cookie 000000018001813c     MSVCRTD:gs_support.obj
 0002:00001144       $unwind$__get_entropy      0000000180018144     MSVCRTD:gs_support.obj
 0002:0000114c       $unwind$?__scrt_initialize_type_info@@YAXXZ 000000018001814c     MSVCRTD:tncleanup.obj
 0002:0000114c       $unwind$?__scrt_uninitialize_type_info@@YAXXZ 000000018001814c     MSVCRTD:tncleanup.obj
 0002:0000114c       $unwind$?configure_argv@__scrt_narrow_argv_policy@@SAHXZ 000000018001814c     MSVCRTD:utility.obj
 0002:0000114c       $unwind$?initialize_environment@__scrt_narrow_environment_policy@@SAHXZ 000000018001814c     MSVCRTD:utility.obj
 0002:0000114c       $unwind$__scrt_dllmain_after_initialize_c 000000018001814c     MSVCRTD:utility.obj
 0002:0000114c       $unwind$__scrt_dllmain_before_initialize_c 000000018001814c     MSVCRTD:utility.obj
 0002:0000114c       $unwind$__scrt_dllmain_crt_thread_attach 000000018001814c     MSVCRTD:utility.obj
 0002:0000114c       $unwind$__scrt_dllmain_crt_thread_detach 000000018001814c     MSVCRTD:utility.obj
 0002:0000114c       $unwind$__scrt_dllmain_uninitialize_c 000000018001814c     MSVCRTD:utility.obj
 0002:0000114c       $unwind$__scrt_dllmain_uninitialize_critical 000000018001814c     MSVCRTD:utility.obj
 0002:00001154       $unwind$__scrt_is_nonwritable_in_current_image 0000000180018154     MSVCRTD:utility.obj
 0002:00001174       $unwind$__scrt_acquire_startup_lock 0000000180018174     MSVCRTD:utility.obj
 0002:0000117c       $unwind$__scrt_initialize_crt 000000018001817c     MSVCRTD:utility.obj
 0002:0000117c       $unwind$__scrt_release_startup_lock 000000018001817c     MSVCRTD:utility.obj
 0002:00001184       $unwind$__scrt_uninitialize_crt 0000000180018184     MSVCRTD:utility.obj
 0002:0000118c       $unwind$__scrt_initialize_onexit_tables 000000018001818c     MSVCRTD:utility.obj
 0002:00001198       $unwind$__scrt_fastfail    0000000180018198     MSVCRTD:utility_desktop.obj
 0002:000011a4       $unwind$_RTC_Initialize    00000001800181a4     MSVCRTD:initsect.obj
 0002:000011a4       $unwind$_RTC_Terminate     00000001800181a4     MSVCRTD:initsect.obj
 0002:000011b0       $unwind$__isa_available_init 00000001800181b0     MSVCRTD:cpu_disp.obj
 0002:000011c0       $unwind$__scrt_is_ucrt_dll_in_use 00000001800181c0     MSVCRTD:ucrt_detection.obj
 0002:000011c8       $xdatasym                  00000001800181c8     MSVCRTD:guard_dispatch.obj
 0002:000011d0       $xdatasym                  00000001800181d0     MSVCRTD:guard_xfg_dispatch.obj
 0002:000011e0       .edata                     00000001800181e0     P5Engine.exp
 0002:00001208       rgpv                       0000000180018208     P5Engine.exp
 0002:00001210       rgszName                   0000000180018210     P5Engine.exp
 0002:00001218       rgwOrd                     0000000180018218     P5Engine.exp
 0002:0000121c       szName                     000000018001821c     P5Engine.exp
 0002:00001229       $N00001                    0000000180018229     P5Engine.exp
 0002:0000123d       $N00002                    000000018001823d     P5Engine.exp
 0002:000013e0       .idata$6                   00000001800183e0     vcruntimed:VCRUNTIME140D.dll
 0002:000014ba       .idata$6                   00000001800184ba     ucrtd:ucrtbased.dll
 0002:0000162e       .idata$6                   000000018001862e     kernel32:KERNEL32.dll
 0003:00000000       ?RandomNumberTable@@3PAIA  0000000180019000     p5engine.obj
 0003:00004050       ?Platform@@3Uplatform_api@@A 000000018001d050     p5engine.obj
 0003:000040b0       ?__proc_attached@@3HA      000000018001d0b0     MSVCRTD:dll_dllmain.obj
 0003:000040c0       GS_ExceptionRecord         000000018001d0c0     MSVCRTD:gs_report.obj
 0003:00004160       GS_ContextRecord           000000018001d160     MSVCRTD:gs_report.obj
 0003:00004660       ?is_initialized_as_dll@@3_NA 000000018001d660     MSVCRTD:utility.obj
 0003:00004661       ?module_local_atexit_table_initialized@@3_NA 000000018001d661     MSVCRTD:utility.obj
 0003:00004668       ?module_local_atexit_table@@3U_onexit_table_t@@A 000000018001d668     MSVCRTD:utility.obj
 0003:00004680       ?module_local_at_quick_exit_table@@3U_onexit_table_t@@A 000000018001d680     MSVCRTD:utility.obj
 0005:00000000       __20BB4341_malloc@h        000000018001f000     p5engine.obj
 0005:00000001       __A435B42B_p5engine_types@h 000000018001f001     p5engine.obj
 0005:00000002       __7D4BEAAE_p5engine_platform@h 000000018001f002     p5engine.obj
 0005:00000003       __741AE07E_corecrt_math@h  000000018001f003     p5engine.obj
 0005:00000004       __7BF3FA8A_p5engine_intrinsics@h 000000018001f004     p5engine.obj
 0005:00000005       __87290AA6_p5engine_math@h 000000018001f005     p5engine.obj
 0005:00000006       __B7A387D6_p5engine_random@h 000000018001f006     p5engine.obj
 0005:00000007       __F17FF173_p5engine_entity@h 000000018001f007     p5engine.obj
 0005:00000008       __72A74871_p5engine_asset@h 000000018001f008     p5engine.obj
 0005:00000009       __BD87FD4A_p5engine@h      000000018001f009     p5engine.obj
 0005:0000000a       __6F2BF339_p5engine_render_group@cpp 000000018001f00a     p5engine.obj
 0005:0000000b       __281AC6F8_p5engine_world@cpp 000000018001f00b     p5engine.obj
 0005:0000000c       __B07C4A52_p5engine_sim_region@cpp 000000018001f00c     p5engine.obj
 0005:0000000d       __BDC7FEEB_p5engine_entity@cpp 000000018001f00d     p5engine.obj
 0005:0000000e       __3D4C1499_p5engine_asset@cpp 000000018001f00e     p5engine.obj
 0005:0000000f       __39A8D9B6_p5engine_audio@cpp 000000018001f00f     p5engine.obj
 0005:00000010       __BAF57382_p5engine@cpp    000000018001f010     p5engine.obj
 0005:00000011       __20BB4341_malloc@h        000000018001f011     p5engine_optimized.obj
 0005:00000012       __A435B42B_p5engine_types@h 000000018001f012     p5engine_optimized.obj
 0005:00000013       __7D4BEAAE_p5engine_platform@h 000000018001f013     p5engine_optimized.obj
 0005:00000014       __741AE07E_corecrt_math@h  000000018001f014     p5engine_optimized.obj
 0005:00000015       __7BF3FA8A_p5engine_intrinsics@h 000000018001f015     p5engine_optimized.obj
 0005:00000016       __87290AA6_p5engine_math@h 000000018001f016     p5engine_optimized.obj
 0005:00000017       __B7A387D6_p5engine_random@h 000000018001f017     p5engine_optimized.obj
 0005:00000018       __F17FF173_p5engine_entity@h 000000018001f018     p5engine_optimized.obj
 0005:00000019       __72A74871_p5engine_asset@h 000000018001f019     p5engine_optimized.obj
 0005:0000001a       __BD87FD4A_p5engine@h      000000018001f01a     p5engine_optimized.obj
 0005:0000001b       __03FC23C0_p5engine_optimized@cpp 000000018001f01b     p5engine_optimized.obj
 0006:00000060       $R000000                   0000000180020060     * linker generated manifest res *
