 P5Engine

 Timestamp is 631e9734 (Sun Sep 11 21:19:32 2022)

 Preferred load address is 0000000180000000

 Start         Length     Name                   Class
 0001:00000000 00013b70H .text$mn                CODE
 0001:00013b70 00000040H .text$mn$00             CODE
 0001:00013bb0 000000ddH .text$x                 CODE
 0002:00000000 00000108H .idata$5                DATA
 0002:00000108 00000028H .00cfg                  DATA
 0002:00000130 00000008H .CRT$XCA                DATA
 0002:00000138 00000008H .CRT$XCZ                DATA
 0002:00000140 00000008H .CRT$XIA                DATA
 0002:00000148 00000008H .CRT$XIZ                DATA
 0002:00000150 00000008H .CRT$XPA                DATA
 0002:00000158 00000008H .CRT$XPZ                DATA
 0002:00000160 00000008H .CRT$XTA                DATA
 0002:00000168 00000008H .CRT$XTZ                DATA
 0002:00000170 00000000H .gehcont$y              DATA
 0002:00000170 00000000H .gfids$y                DATA
 0002:00000170 00000590H .rdata                  DATA
 0002:00000700 00000000H .rdata$CastGuardVftablesA DATA
 0002:00000700 00000000H .rdata$CastGuardVftablesC DATA
 0002:00000700 0000017cH .rdata$voltmd           DATA
 0002:0000087c 000002dcH .rdata$zzzdbg           DATA
 0002:00000b58 00000008H .rtc$IAA                DATA
 0002:00000b60 00000008H .rtc$IZZ                DATA
 0002:00000b68 00000008H .rtc$TAA                DATA
 0002:00000b70 00000008H .rtc$TZZ                DATA
 0002:00000b78 00000748H .xdata                  DATA
 0002:000012c0 00000074H .edata                  DATA
 0002:00001334 0000003cH .idata$2                DATA
 0002:00001370 00000018H .idata$3                DATA
 0002:00001388 00000108H .idata$4                DATA
 0002:00001490 0000029eH .idata$6                DATA
 0003:00000000 00004040H .data                   DATA
 0003:00004040 0000062cH .bss                    DATA
 0004:00000000 00000a74H .pdata                  DATA
 0005:00000000 0000000fH .msvcjmc                DATA
 0006:00000000 00000060H .rsrc$01                DATA
 0006:00000060 00000098H .rsrc$02                DATA

  Address         Publics by Value              Rva+Base               Lib:Object

 0000:00000000       __guard_longjmp_count      0000000000000000     <absolute>
 0000:00000000       __guard_iat_table          0000000000000000     <absolute>
 0000:00000000       __AbsoluteZero             0000000000000000     <absolute>
 0000:00000000       __dynamic_value_reloc_table 0000000000000000     <absolute>
 0000:00000000       __arm64x_redirection_metadata 0000000000000000     <absolute>
 0000:00000000       __x64_code_ranges_to_entry_points_count 0000000000000000     <absolute>
 0000:00000000       __guard_check_icall_a64n_fptr 0000000000000000     <absolute>
 0000:00000000       __guard_fids_table         0000000000000000     <absolute>
 0000:00000000       ___safe_se_handler_table   0000000000000000     <absolute>
 0000:00000000       __hybrid_auxiliary_iat     0000000000000000     <absolute>
 0000:00000000       __hybrid_code_map_count    0000000000000000     <absolute>
 0000:00000000       __guard_longjmp_table      0000000000000000     <absolute>
 0000:00000000       __x64_code_ranges_to_entry_points 0000000000000000     <absolute>
 0000:00000000       __guard_fids_count         0000000000000000     <absolute>
 0000:00000000       __guard_eh_cont_count      0000000000000000     <absolute>
 0000:00000000       __arm64x_redirection_metadata_count 0000000000000000     <absolute>
 0000:00000000       __enclave_config           0000000000000000     <absolute>
 0000:00000000       __arm64x_extra_rfe_table   0000000000000000     <absolute>
 0000:00000000       __hybrid_code_map          0000000000000000     <absolute>
 0000:00000000       __hybrid_auxiliary_iat_copy 0000000000000000     <absolute>
 0000:00000000       __arm64x_native_entrypoint 0000000000000000     <absolute>
 0000:00000000       ___safe_se_handler_count   0000000000000000     <absolute>
 0000:00000000       __arm64x_extra_rfe_table_size 0000000000000000     <absolute>
 0000:00000000       __guard_eh_cont_table      0000000000000000     <absolute>
 0000:00000000       __guard_iat_count          0000000000000000     <absolute>
 0000:00000100       __guard_flags              0000000000000100     <absolute>
 0000:00000000       __ImageBase                0000000180000000     <linker-defined>
 0001:00009f70       GameUpdateAndRender        000000018000af70 f   p5engine.obj
 0001:0000d720       GameGetSoundSamples        000000018000e720 f   p5engine.obj
 0001:0000d770       ??D@YA?ATv2@@MT0@@Z        000000018000e770 f i p5engine.obj
 0001:0000d7f0       ??D@YA?ATv3@@MT0@@Z        000000018000e7f0 f i p5engine.obj
 0001:0000d8a0       ??D@YA?ATv3@@T0@M@Z        000000018000e8a0 f i p5engine.obj
 0001:0000d920       ??D@YA?ATv4@@MT0@@Z        000000018000e920 f i p5engine.obj
 0001:0000d9f0       ??G@YA?ATv2@@T0@0@Z        000000018000e9f0 f i p5engine.obj
 0001:0000da70       ??G@YA?ATv3@@T0@0@Z        000000018000ea70 f i p5engine.obj
 0001:0000db30       ??H@YA?ATv2@@T0@0@Z        000000018000eb30 f i p5engine.obj
 0001:0000dbb0       ??H@YA?ATv3@@T0@0@Z        000000018000ebb0 f i p5engine.obj
 0001:0000dc70       ??X@YAAEATv3@@AEAT0@M@Z    000000018000ec70 f i p5engine.obj
 0001:0000dcf0       ??Y@YAAEATv2@@AEAT0@T0@@Z  000000018000ecf0 f i p5engine.obj
 0001:0000dd40       ??Y@YAAEATv3@@AEAT0@T0@@Z  000000018000ed40 f i p5engine.obj
 0001:0000dde0       ??Z@YAAEATv3@@AEAT0@T0@@Z  000000018000ede0 f i p5engine.obj
 0001:0000de80       ?AbsoluteValue@@YAMM@Z     000000018000ee80 f i p5engine.obj
 0001:0000dec0       ?AddFlags@@YAXPEAUsim_entity@@I@Z 000000018000eec0 f i p5engine.obj
 0001:0000df00       ?AddRadiusTo@@YA?AUrectangle3@@U1@Tv3@@@Z 000000018000ef00 f i p5engine.obj
 0001:0000e070       ?AllResourcesPresent@@YAHPEAUrender_group@@@Z 000000018000f070 f i p5engine.obj
 0001:0000e0c0       ?AreInSameChunk@@YAHPEAUworld@@PEAUworld_position@@1@Z 000000018000f0c0 f i p5engine.obj
 0001:0000e1c0       ?AtomicCompareExchangeUInt32@@YAIPECIII@Z 000000018000f1c0 f i p5engine.obj
 0001:0000e210       ?BeginTemporaryMemory@@YA?AUtemporary_memory@@PEAUmemory_arena@@@Z 000000018000f210 f i p5engine.obj
 0001:0000e2b0       ?CeilReal32ToInt32@@YAHM@Z 000000018000f2b0 f i p5engine.obj
 0001:0000e2f0       ?CenteredChunkPoint@@YA?AUworld_position@@III@Z 000000018000f2f0 f i p5engine.obj
 0001:0000e380       ?ChangeEntityLocationRaw@@YAXPEAUmemory_arena@@PEAUworld@@IPEAUworld_position@@2@Z 000000018000f380 f i p5engine.obj
 0001:0000e770       ?CheckArena@@YAXPEAUmemory_arena@@@Z 000000018000f770 f i p5engine.obj
 0001:0000e7a0       ?ChunkPositionFromTilePosition@@YA?AUworld_position@@PEAUworld@@HHHTv3@@@Z 000000018000f7a0 f i p5engine.obj
 0001:0000ea40       ?Clamp01@@YA?ATv2@@T1@@Z   000000018000fa40 f i p5engine.obj
 0001:0000eab0       ?Clamp01@@YAMM@Z           000000018000fab0 f i p5engine.obj
 0001:0000eaf0       ?Clamp01MapToRange@@YAMMMM@Z 000000018000faf0 f i p5engine.obj
 0001:0000eb70       ?Clamp@@YAMMMM@Z           000000018000fb70 f i p5engine.obj
 0001:0000ebe0       ?Clear@@YAXPEAUrender_group@@Tv4@@@Z 000000018000fbe0 f i p5engine.obj
 0001:0000ec40       ?ClearFlags@@YAXPEAUsim_entity@@I@Z 000000018000fc40 f i p5engine.obj
 0001:0000ec80       ?DefaultMoveSpec@@YA?AUmove_spec@@XZ 000000018000fc80 f i p5engine.obj
 0001:0000ed20       ?EndTemporaryMemory@@YAXUtemporary_memory@@@Z 000000018000fd20 f i p5engine.obj
 0001:0000eda0       ?EntityOverlapsRectangle@@YAHTv3@@Usim_entity_collision_volume@@Urectangle3@@@Z 000000018000fda0 f i p5engine.obj
 0001:0000ef30       ?FindLeastSignificantSetBit@@YA?AUbit_scan_result@@I@Z 000000018000ff30 f i p5engine.obj
 0001:0000efa0       ?FloorReal32ToInt32@@YAHM@Z 000000018000ffa0 f i p5engine.obj
 0001:0000efe0       ?GetAlignmentOffset@@YA_KPEAUmemory_arena@@_K@Z 000000018000ffe0 f i p5engine.obj
 0001:0000f070       ?GetArenaSizeRemaining@@YA_KPEAUmemory_arena@@_K@Z 0000000180010070 f i p5engine.obj
 0001:0000f0d0       ?GetBarycentric@@YA?ATv2@@Urectangle2@@T1@@Z 00000001800100d0 f i p5engine.obj
 0001:0000f180       ?GetBitmap@@YAPEAUloaded_bitmap@@PEAUgame_assets@@Ubitmap_id@@@Z 0000000180010180 f i p5engine.obj
 0001:0000f1c0       ?GetCameraRectangleAtDistance@@YA?AUrectangle2@@PEAUrender_group@@M@Z 00000001800101c0 f i p5engine.obj
 0001:0000f260       ?GetCameraRectangleAtTarget@@YA?AUrectangle2@@PEAUrender_group@@@Z 0000000180010260 f i p5engine.obj
 0001:0000f2d0       ?GetClampedRectArea@@YAHUrectangle2i@@@Z 00000001800102d0 f i p5engine.obj
 0001:0000f340       ?GetDim@@YA?ATv2@@Urectangle2@@@Z 0000000180010340 f i p5engine.obj
 0001:0000f380       ?GetDim@@YA?ATv3@@Urectangle3@@@Z 0000000180010380 f i p5engine.obj
 0001:0000f420       ?GetEntityGroundPoint@@YA?ATv3@@PEAUsim_entity@@@Z 0000000180010420 f i p5engine.obj
 0001:0000f4a0       ?GetEntityGroundPoint@@YA?ATv3@@PEAUsim_entity@@T1@@Z 00000001800104a0 f i p5engine.obj
 0001:0000f500       ?GetLowEntity@@YAPEAUlow_entity@@PEAUgame_state@@I@Z 0000000180010500 f i p5engine.obj
 0001:0000f570       ?GetMaxCorner@@YA?ATv3@@Urectangle3@@@Z 0000000180010570 f i p5engine.obj
 0001:0000f5d0       ?GetMinCorner@@YA?ATv3@@Urectangle3@@@Z 00000001800105d0 f i p5engine.obj
 0001:0000f620       ?GetRenderEntityBasisPos@@YA?AUentity_basis_p_result@@PEAUrender_transform@@Tv3@@@Z 0000000180010620 f i p5engine.obj
 0001:0000f8c0       ?GetSimSpacePos@@YA?ATv3@@PEAUsim_region@@PEAUlow_entity@@@Z 00000001800108c0 f i p5engine.obj
 0001:0000f9b0       ?GetStairGround@@YAMPEAUsim_entity@@Tv3@@@Z 00000001800109b0 f i p5engine.obj
 0001:0000faa0       ?GetWorldChunk@@YAPEAUworld_chunk@@PEAUworld@@HHHPEAUmemory_arena@@@Z 0000000180010aa0 f i p5engine.obj
 0001:0000fc90       ?Hadamard@@YA?ATv2@@T1@0@Z 0000000180010c90 f i p5engine.obj
 0001:0000fcf0       ?Hadamard@@YA?ATv3@@T1@0@Z 0000000180010cf0 f i p5engine.obj
 0001:0000fdb0       ?HasArea@@YAHUrectangle2i@@@Z 0000000180010db0 f i p5engine.obj
 0001:0000fe10       ?HasFlag@@YAHPEAUsim_entity@@I@Z 0000000180010e10 f i p5engine.obj
 0001:0000fe50       ?InitializeArena@@YAXPEAUmemory_arena@@_KPEAX@Z 0000000180010e50 f i p5engine.obj
 0001:0000feb0       ?Inner@@YAMTv2@@0@Z        0000000180010eb0 f i p5engine.obj
 0001:0000ff00       ?Inner@@YAMTv3@@0@Z        0000000180010f00 f i p5engine.obj
 0001:0000ff70       ?Intersect@@YA?AUrectangle2i@@U1@0@Z 0000000180010f70 f i p5engine.obj
 0001:00010080       ?InvertedInfinityRectangle@@YA?AUrectangle2i@@XZ 0000000180011080 f i p5engine.obj
 0001:000100e0       ?IsCanonical@@YAHMM@Z      00000001800110e0 f i p5engine.obj
 0001:00010180       ?IsCanonical@@YAHPEAUworld@@Tv3@@@Z 0000000180011180 f i p5engine.obj
 0001:00010220       ?IsInRectangle@@YAHUrectangle3@@Tv3@@@Z 0000000180011220 f i p5engine.obj
 0001:000102e0       ?IsValid@@YAHUworld_position@@@Z 00000001800112e0 f i p5engine.obj
 0001:00010330       ?Length@@YAMTv3@@@Z        0000000180011330 f i p5engine.obj
 0001:00010380       ?LengthSq@@YAMTv2@@@Z      0000000180011380 f i p5engine.obj
 0001:000103c0       ?LengthSq@@YAMTv3@@@Z      00000001800113c0 f i p5engine.obj
 0001:00010430       ?Linear1ToSRGB255@@YA?ATv4@@T1@@Z 0000000180011430 f i p5engine.obj
 0001:00010530       ?LoadEntityReference@@YAXPEAUgame_state@@PEAUsim_region@@PEATentity_reference@@@Z 0000000180011530 f i p5engine.obj
 0001:00010660       ?MakeEntityNonSpatial@@YAXPEAUsim_entity@@@Z 0000000180011660 f i p5engine.obj
 0001:000106e0       ?MakeEntitySpatial@@YAXPEAUsim_entity@@Tv3@@1@Z 00000001800116e0 f i p5engine.obj
 0001:00010750       ?MapIntoChunkSpace@@YA?AUworld_position@@PEAUworld@@U1@Tv3@@@Z 0000000180011750 f i p5engine.obj
 0001:00010840       ?NullPosition@@YA?AUworld_position@@XZ 0000000180011840 f i p5engine.obj
 0001:000108b0       ?Orthographic@@YAXPEAUrender_group@@HHM@Z 00000001800118b0 f i p5engine.obj
 0001:000109b0       ?Perspective@@YAXPEAUrender_group@@HHMMM@Z 00000001800119b0 f i p5engine.obj
 0001:00010aa0       ?PushBitmap@@YAXPEAUrender_group@@PEAUloaded_bitmap@@Tv3@@MTv4@@@Z 0000000180011aa0 f i p5engine.obj
 0001:00010cd0       ?PushBitmap@@YAXPEAUrender_group@@Ubitmap_id@@Tv3@@MTv4@@@Z 0000000180011cd0 f i p5engine.obj
 0001:00010db0       ?PushRect@@YAXPEAUrender_group@@Tv3@@Tv2@@Tv4@@@Z 0000000180011db0 f i p5engine.obj
 0001:00010f50       ?PushRectOutline@@YAXPEAUrender_group@@Tv3@@Tv2@@Tv4@@@Z 0000000180011f50 f i p5engine.obj
 0001:000113e0       ?PushRenderElement_@@YAPEAXPEAUrender_group@@IW4render_group_entry_type@@@Z 00000001800123e0 f i p5engine.obj
 0001:00011490       ?PushSize_@@YAPEAXPEAUmemory_arena@@_K1@Z 0000000180012490 f i p5engine.obj
 0001:00011560       ?RandomBilateral@@YAMPEAUrandom_series@@@Z 0000000180012560 f i p5engine.obj
 0001:000115b0       ?RandomChoice@@YAIPEAUrandom_series@@I@Z 00000001800125b0 f i p5engine.obj
 0001:000115f0       ?RandomNextUInt32@@YAIPEAUrandom_series@@@Z 00000001800125f0 f i p5engine.obj
 0001:00011660       ?RandomSeed@@YA?AUrandom_series@@I@Z 0000000180012660 f i p5engine.obj
 0001:000116d0       ?RandomUnilateral@@YAMPEAUrandom_series@@@Z 00000001800126d0 f i p5engine.obj
 0001:00011730       ?RecanonicalizeCoord@@YAXMPEAHPEAM@Z 0000000180012730 f i p5engine.obj
 0001:000117d0       ?RectCenterDim@@YA?AUrectangle2@@Tv2@@0@Z 00000001800127d0 f i p5engine.obj
 0001:00011860       ?RectCenterDim@@YA?AUrectangle3@@Tv3@@0@Z 0000000180012860 f i p5engine.obj
 0001:00011950       ?RectCenterHalfDim@@YA?AUrectangle2@@Tv2@@0@Z 0000000180012950 f i p5engine.obj
 0001:00011a00       ?RectCenterHalfDim@@YA?AUrectangle3@@Tv3@@0@Z 0000000180012a00 f i p5engine.obj
 0001:00011b70       ?RectMinMax@@YA?AUrectangle3@@Tv3@@0@Z 0000000180012b70 f i p5engine.obj
 0001:00011c10       ?RectanglesIntersect@@YAHUrectangle3@@0@Z 0000000180012c10 f i p5engine.obj
 0001:00011cd0       ?RoundReal32ToInt32@@YAHM@Z 0000000180012cd0 f i p5engine.obj
 0001:00011d10       ?RoundReal32ToUInt32@@YAIM@Z 0000000180012d10 f i p5engine.obj
 0001:00011d50       ?SRGB255ToLinear1@@YA?ATv4@@T1@@Z 0000000180012d50 f i p5engine.obj
 0001:00011e30       ?SafeRatio0@@YAMMM@Z       0000000180012e30 f i p5engine.obj
 0001:00011e80       ?SafeRatio1@@YAMMM@Z       0000000180012e80 f i p5engine.obj
 0001:00011ed0       ?SafeRatioN@@YAMMMM@Z      0000000180012ed0 f i p5engine.obj
 0001:00011f30       ?Sin@@YAMM@Z               0000000180012f30 f i p5engine.obj
 0001:00011f70       ?Square@@YAMM@Z            0000000180012f70 f i p5engine.obj
 0001:00011fb0       ?SquareRoot@@YAMM@Z        0000000180012fb0 f i p5engine.obj
 0001:00011ff0       ?StoreEntityReference@@YAXPEATentity_reference@@@Z 0000000180012ff0 f i p5engine.obj
 0001:00012030       ?SubArena@@YAXPEAUmemory_arena@@0_K1@Z 0000000180013030 f i p5engine.obj
 0001:000120a0       ?ToV3@@YA?ATv3@@Tv2@@M@Z   00000001800130a0 f i p5engine.obj
 0001:00012130       ?Unproject@@YA?ATv2@@PEAUrender_group@@T1@M@Z 0000000180013130 f i p5engine.obj
 0001:00012180       ?V2@@YA?ATv2@@MM@Z         0000000180013180 f i p5engine.obj
 0001:000121f0       ?V2i@@YA?ATv2@@HH@Z        00000001800131f0 f i p5engine.obj
 0001:00012240       ?V3@@YA?ATv3@@MMM@Z        0000000180013240 f i p5engine.obj
 0001:000122e0       ?V4@@YA?ATv4@@MMMM@Z       00000001800132e0 f i p5engine.obj
 0001:00012390       ?ZeroSize@@YAX_KPEAX@Z     0000000180013390 f i p5engine.obj
 0001:000123f0       GetController              00000001800133f0 f i p5engine.obj
 0001:00012450       __CheckForDebuggerJustMyCode 0000000180013450 f   MSVCRTD:debugger_jmc.obj
 0001:00012490       __GSHandlerCheck           0000000180013490 f   MSVCRTD:gshandler.obj
 0001:000124d0       __GSHandlerCheckCommon     00000001800134d0 f   MSVCRTD:gshandler.obj
 0001:000125e0       __chkstk                   00000001800135e0 f   MSVCRTD:chkstk.obj
 0001:000125e0       _alloca_probe              00000001800135e0 f   MSVCRTD:chkstk.obj
 0001:00012640       __security_check_cookie    0000000180013640 f   MSVCRTD:amdsecgs.obj
 0001:00012a70       _DllMainCRTStartup         0000000180013a70 f   MSVCRTD:dll_dllmain.obj
 0001:00012ab0       __raise_securityfailure    0000000180013ab0 f   MSVCRTD:gs_report.obj
 0001:00012af0       __report_gsfailure         0000000180013af0 f   MSVCRTD:gs_report.obj
 0001:00012d50       __security_init_cookie     0000000180013d50 f   MSVCRTD:gs_support.obj
 0001:00012dd0       DllMain                    0000000180013dd0 f   MSVCRTD:dll_dllmain_stub.obj
 0001:00012e10       ?__scrt_initialize_type_info@@YAXXZ 0000000180013e10 f   MSVCRTD:tncleanup.obj
 0001:00012e30       ?__scrt_uninitialize_type_info@@YAXXZ 0000000180013e30 f   MSVCRTD:tncleanup.obj
 0001:00012e50       __local_stdio_printf_options 0000000180013e50 f i MSVCRTD:default_local_stdio_options.obj
 0001:00012e60       __local_stdio_scanf_options 0000000180013e60 f i MSVCRTD:default_local_stdio_options.obj
 0001:00012e70       __scrt_initialize_default_local_stdio_options 0000000180013e70 f   MSVCRTD:default_local_stdio_options.obj
 0001:00012ec0       ?configure_argv@__scrt_narrow_argv_policy@@SAHXZ 0000000180013ec0 f i MSVCRTD:utility.obj
 0001:00012fb0       ?initialize_environment@__scrt_narrow_environment_policy@@SAHXZ 0000000180013fb0 f i MSVCRTD:utility.obj
 0001:00013050       NtCurrentTeb               0000000180014050 f i MSVCRTD:utility.obj
 0001:00013060       __scrt_acquire_startup_lock 0000000180014060 f   MSVCRTD:utility.obj
 0001:000130d0       __scrt_dllmain_after_initialize_c 00000001800140d0 f   MSVCRTD:utility.obj
 0001:00013100       __scrt_dllmain_before_initialize_c 0000000180014100 f   MSVCRTD:utility.obj
 0001:00013120       __scrt_dllmain_crt_thread_attach 0000000180014120 f   MSVCRTD:utility.obj
 0001:00013150       __scrt_dllmain_crt_thread_detach 0000000180014150 f   MSVCRTD:utility.obj
 0001:00013170       __scrt_dllmain_exception_filter 0000000180014170 f   MSVCRTD:utility.obj
 0001:000131e0       __scrt_dllmain_uninitialize_c 00000001800141e0 f   MSVCRTD:utility.obj
 0001:00013210       __scrt_dllmain_uninitialize_critical 0000000180014210 f   MSVCRTD:utility.obj
 0001:00013230       __scrt_initialize_crt      0000000180014230 f   MSVCRTD:utility.obj
 0001:00013280       __scrt_initialize_onexit_tables 0000000180014280 f   MSVCRTD:utility.obj
 0001:00013390       __scrt_is_nonwritable_in_current_image 0000000180014390 f   MSVCRTD:utility.obj
 0001:00013420       __scrt_release_startup_lock 0000000180014420 f   MSVCRTD:utility.obj
 0001:00013450       __scrt_uninitialize_crt    0000000180014450 f   MSVCRTD:utility.obj
 0001:00013490       __scrt_get_dyn_tls_init_callback 0000000180014490 f   MSVCRTD:dyn_tls_init.obj
 0001:000134a0       __crt_debugger_hook        00000001800144a0 f   MSVCRTD:utility_desktop.obj
 0001:000134b0       __scrt_fastfail            00000001800144b0 f   MSVCRTD:utility_desktop.obj
 0001:00013650       _RTC_Initialize            0000000180014650 f   MSVCRTD:initsect.obj
 0001:000136a0       _RTC_Terminate             00000001800146a0 f   MSVCRTD:initsect.obj
 0001:000136f0       _guard_check_icall_nop     00000001800146f0 f i MSVCRTD:guard_support.obj
 0001:00013700       __isa_available_init       0000000180014700 f   MSVCRTD:cpu_disp.obj
 0001:00013aa0       _get_startup_argv_mode     0000000180014aa0 f   MSVCRTD:argv_mode.obj
 0001:00013ab0       __scrt_is_ucrt_dll_in_use  0000000180014ab0 f   MSVCRTD:ucrt_detection.obj
 0001:00013ae0       __C_specific_handler       0000000180014ae0 f   vcruntimed:VCRUNTIME140D.dll
 0001:00013ae6       __std_type_info_destroy_list 0000000180014ae6 f   vcruntimed:VCRUNTIME140D.dll
 0001:00013aec       ceilf                      0000000180014aec f   ucrtd:ucrtbased.dll
 0001:00013af2       floorf                     0000000180014af2 f   ucrtd:ucrtbased.dll
 0001:00013af8       sinf                       0000000180014af8 f   ucrtd:ucrtbased.dll
 0001:00013afe       sqrtf                      0000000180014afe f   ucrtd:ucrtbased.dll
 0001:00013b04       _initterm                  0000000180014b04 f   ucrtd:ucrtbased.dll
 0001:00013b0a       _initterm_e                0000000180014b0a f   ucrtd:ucrtbased.dll
 0001:00013b10       _seh_filter_dll            0000000180014b10 f   ucrtd:ucrtbased.dll
 0001:00013b16       _configure_narrow_argv     0000000180014b16 f   ucrtd:ucrtbased.dll
 0001:00013b1c       _initialize_narrow_environment 0000000180014b1c f   ucrtd:ucrtbased.dll
 0001:00013b22       _initialize_onexit_table   0000000180014b22 f   ucrtd:ucrtbased.dll
 0001:00013b28       _execute_onexit_table      0000000180014b28 f   ucrtd:ucrtbased.dll
 0001:00013b2e       _cexit                     0000000180014b2e f   ucrtd:ucrtbased.dll
 0001:00013b40       __vcrt_thread_detach       0000000180014b40 f   MSVCRTD:ucrt_stubs.obj
 0001:00013b40       __acrt_initialize          0000000180014b40 f   MSVCRTD:ucrt_stubs.obj
 0001:00013b40       __vcrt_initialize          0000000180014b40 f   MSVCRTD:ucrt_stubs.obj
 0001:00013b40       __scrt_stub_for_acrt_thread_attach 0000000180014b40 f   MSVCRTD:ucrt_stubs.obj
 0001:00013b40       __acrt_thread_attach       0000000180014b40 f   MSVCRTD:ucrt_stubs.obj
 0001:00013b40       __vcrt_thread_attach       0000000180014b40 f   MSVCRTD:ucrt_stubs.obj
 0001:00013b40       __scrt_stub_for_acrt_initialize 0000000180014b40 f   MSVCRTD:ucrt_stubs.obj
 0001:00013b40       __acrt_thread_detach       0000000180014b40 f   MSVCRTD:ucrt_stubs.obj
 0001:00013b40       __scrt_stub_for_acrt_thread_detach 0000000180014b40 f   MSVCRTD:ucrt_stubs.obj
 0001:00013b50       __vcrt_uninitialize        0000000180014b50 f   MSVCRTD:ucrt_stubs.obj
 0001:00013b50       __acrt_uninitialize_critical 0000000180014b50 f   MSVCRTD:ucrt_stubs.obj
 0001:00013b50       __acrt_uninitialize        0000000180014b50 f   MSVCRTD:ucrt_stubs.obj
 0001:00013b50       __scrt_stub_for_acrt_uninitialize_critical 0000000180014b50 f   MSVCRTD:ucrt_stubs.obj
 0001:00013b50       __scrt_stub_for_acrt_uninitialize 0000000180014b50 f   MSVCRTD:ucrt_stubs.obj
 0001:00013b50       __vcrt_uninitialize_critical 0000000180014b50 f   MSVCRTD:ucrt_stubs.obj
 0001:00013b60       __scrt_stub_for_is_c_termination_complete 0000000180014b60 f   MSVCRTD:ucrt_stubs.obj
 0001:00013b60       _is_c_termination_complete 0000000180014b60 f   MSVCRTD:ucrt_stubs.obj
 0001:00013b80       _guard_dispatch_icall_nop  0000000180014b80 f   MSVCRTD:guard_dispatch.obj
 0001:00013ba0       _guard_xfg_dispatch_icall_nop 0000000180014ba0 f   MSVCRTD:guard_xfg_dispatch.obj
 0002:00000000       __imp_QueryPerformanceCounter 0000000180015000     kernel32:KERNEL32.dll
 0002:00000008       __imp_RtlCaptureContext    0000000180015008     kernel32:KERNEL32.dll
 0002:00000010       __imp_RtlLookupFunctionEntry 0000000180015010     kernel32:KERNEL32.dll
 0002:00000018       __imp_RtlVirtualUnwind     0000000180015018     kernel32:KERNEL32.dll
 0002:00000020       __imp_IsDebuggerPresent    0000000180015020     kernel32:KERNEL32.dll
 0002:00000028       __imp_InitializeSListHead  0000000180015028     kernel32:KERNEL32.dll
 0002:00000030       __imp_DisableThreadLibraryCalls 0000000180015030     kernel32:KERNEL32.dll
 0002:00000038       __imp_GetSystemTimeAsFileTime 0000000180015038     kernel32:KERNEL32.dll
 0002:00000040       __imp_GetCurrentProcessId  0000000180015040     kernel32:KERNEL32.dll
 0002:00000048       __imp_GetCurrentThreadId   0000000180015048     kernel32:KERNEL32.dll
 0002:00000050       __imp_IsProcessorFeaturePresent 0000000180015050     kernel32:KERNEL32.dll
 0002:00000058       __imp_TerminateProcess     0000000180015058     kernel32:KERNEL32.dll
 0002:00000060       __imp_GetCurrentProcess    0000000180015060     kernel32:KERNEL32.dll
 0002:00000068       __imp_SetUnhandledExceptionFilter 0000000180015068     kernel32:KERNEL32.dll
 0002:00000070       __imp_UnhandledExceptionFilter 0000000180015070     kernel32:KERNEL32.dll
 0002:00000078       \177KERNEL32_NULL_THUNK_DATA 0000000180015078     kernel32:KERNEL32.dll
 0002:00000080       __imp___std_type_info_destroy_list 0000000180015080     vcruntimed:VCRUNTIME140D.dll
 0002:00000088       __imp___C_specific_handler 0000000180015088     vcruntimed:VCRUNTIME140D.dll
 0002:00000090       \177VCRUNTIME140D_NULL_THUNK_DATA 0000000180015090     vcruntimed:VCRUNTIME140D.dll
 0002:00000098       __imp__execute_onexit_table 0000000180015098     ucrtd:ucrtbased.dll
 0002:000000a0       __imp__initialize_onexit_table 00000001800150a0     ucrtd:ucrtbased.dll
 0002:000000a8       __imp__initialize_narrow_environment 00000001800150a8     ucrtd:ucrtbased.dll
 0002:000000b0       __imp__configure_narrow_argv 00000001800150b0     ucrtd:ucrtbased.dll
 0002:000000b8       __imp__cexit               00000001800150b8     ucrtd:ucrtbased.dll
 0002:000000c0       __imp__initterm_e          00000001800150c0     ucrtd:ucrtbased.dll
 0002:000000c8       __imp__initterm            00000001800150c8     ucrtd:ucrtbased.dll
 0002:000000d0       __imp_sqrtf                00000001800150d0     ucrtd:ucrtbased.dll
 0002:000000d8       __imp_sinf                 00000001800150d8     ucrtd:ucrtbased.dll
 0002:000000e0       __imp_floorf               00000001800150e0     ucrtd:ucrtbased.dll
 0002:000000e8       __imp_ceilf                00000001800150e8     ucrtd:ucrtbased.dll
 0002:000000f0       __imp_roundf               00000001800150f0     ucrtd:ucrtbased.dll
 0002:000000f8       __imp__seh_filter_dll      00000001800150f8     ucrtd:ucrtbased.dll
 0002:00000100       \177ucrtbased_NULL_THUNK_DATA 0000000180015100     ucrtd:ucrtbased.dll
 0002:00000108       __guard_check_icall_fptr   0000000180015108     MSVCRTD:guard_support.obj
 0002:00000110       __guard_xfg_check_icall_fptr 0000000180015110     MSVCRTD:guard_support.obj
 0002:00000118       __guard_dispatch_icall_fptr 0000000180015118     MSVCRTD:guard_support.obj
 0002:00000120       __guard_xfg_dispatch_icall_fptr 0000000180015120     MSVCRTD:guard_support.obj
 0002:00000128       __guard_xfg_table_dispatch_icall_fptr 0000000180015128     MSVCRTD:guard_support.obj
 0002:00000130       __xc_a                     0000000180015130     MSVCRTD:initializers.obj
 0002:00000138       __xc_z                     0000000180015138     MSVCRTD:initializers.obj
 0002:00000140       __xi_a                     0000000180015140     MSVCRTD:initializers.obj
 0002:00000148       __xi_z                     0000000180015148     MSVCRTD:initializers.obj
 0002:00000150       __xp_a                     0000000180015150     MSVCRTD:initializers.obj
 0002:00000158       __xp_z                     0000000180015158     MSVCRTD:initializers.obj
 0002:00000160       __xt_a                     0000000180015160     MSVCRTD:initializers.obj
 0002:00000168       __xt_z                     0000000180015168     MSVCRTD:initializers.obj
 0002:00000358       ??_C@_0BA@NMEIMCEK@InvalidCodePath@ 0000000180015358     p5engine.obj
 0002:00000368       __real@00000000            0000000180015368     p5engine.obj
 0002:0000036c       __real@308992b1            000000018001536c     p5engine.obj
 0002:00000370       __real@3a83126f            0000000180015370     p5engine.obj
 0002:00000374       __real@3b808081            0000000180015374     p5engine.obj
 0002:00000378       __real@3c23d70a            0000000180015378     p5engine.obj
 0002:0000037c       __real@3cc30c31            000000018001537c     p5engine.obj
 0002:00000380       __real@3dcccccd            0000000180015380     p5engine.obj
 0002:00000384       __real@3e4ccccd            0000000180015384     p5engine.obj
 0002:00000388       __real@3e800000            0000000180015388     p5engine.obj
 0002:0000038c       __real@3e99999a            000000018001538c     p5engine.obj
 0002:00000390       __real@3eae4c41            0000000180015390     p5engine.obj
 0002:00000394       __real@3ecccccd            0000000180015394     p5engine.obj
 0002:00000398       __real@3ee147ae            0000000180015398     p5engine.obj
 0002:0000039c       __real@3f000000            000000018001539c     p5engine.obj
 0002:000003a0       __real@3f19999a            00000001800153a0     p5engine.obj
 0002:000003a4       __real@3f228f5c            00000001800153a4     p5engine.obj
 0002:000003a8       __real@3f3504f3            00000001800153a8     p5engine.obj
 0002:000003ac       __real@3f400000            00000001800153ac     p5engine.obj
 0002:000003b0       __real@3f666666            00000001800153b0     p5engine.obj
 0002:000003b4       __real@3f800000            00000001800153b4     p5engine.obj
 0002:000003b8       __real@3f8ba2e9            00000001800153b8     p5engine.obj
 0002:000003bc       __real@3f8ccccd            00000001800153bc     p5engine.obj
 0002:000003c0       __real@3f99999a            00000001800153c0     p5engine.obj
 0002:000003c4       __real@3fa66666            00000001800153c4     p5engine.obj
 0002:000003c8       __real@3fb33333            00000001800153c8     p5engine.obj
 0002:000003cc       __real@3fc00000            00000001800153cc     p5engine.obj
 0002:000003d0       __real@40000000            00000001800153d0     p5engine.obj
 0002:000003d4       __real@400ccccd            00000001800153d4     p5engine.obj
 0002:000003d8       __real@40400000            00000001800153d8     p5engine.obj
 0002:000003dc       __real@40800000            00000001800153dc     p5engine.obj
 0002:000003e0       __real@40a00000            00000001800153e0     p5engine.obj
 0002:000003e4       __real@40c00000            00000001800153e4     p5engine.obj
 0002:000003e8       __real@40c90fdb            00000001800153e8     p5engine.obj
 0002:000003ec       __real@41100000            00000001800153ec     p5engine.obj
 0002:000003f0       __real@41200000            00000001800153f0     p5engine.obj
 0002:000003f4       __real@41700000            00000001800153f4     p5engine.obj
 0002:000003f8       __real@41880000            00000001800153f8     p5engine.obj
 0002:000003fc       __real@41a00000            00000001800153fc     p5engine.obj
 0002:00000400       __real@41f00000            0000000180015400     p5engine.obj
 0002:00000404       __real@42000000            0000000180015404     p5engine.obj
 0002:00000408       __real@42340000            0000000180015408     p5engine.obj
 0002:0000040c       __real@42600000            000000018001540c     p5engine.obj
 0002:00000410       __real@437f0000            0000000180015410     p5engine.obj
 0002:00000414       __real@461c4000            0000000180015414     p5engine.obj
 0002:00000418       __real@47c35000            0000000180015418     p5engine.obj
 0002:0000041c       __real@7f7fffff            000000018001541c     p5engine.obj
 0002:00000420       __real@becccccd            0000000180015420     p5engine.obj
 0002:00000424       __real@bf000000            0000000180015424     p5engine.obj
 0002:00000428       __real@bf800000            0000000180015428     p5engine.obj
 0002:0000042c       __real@c0000000            000000018001542c     p5engine.obj
 0002:00000430       __real@c0100000            0000000180015430     p5engine.obj
 0002:00000434       __real@c0400000            0000000180015434     p5engine.obj
 0002:00000438       __real@c11ccccd            0000000180015438     p5engine.obj
 0002:00000440       __xmm@00000000000000000000000000000000 0000000180015440     p5engine.obj
 0002:00000450       __xmm@000000ff000000ff000000ff000000ff 0000000180015450     p5engine.obj
 0002:00000460       __xmm@0000ffff0000ffff0000ffff0000ffff 0000000180015460     p5engine.obj
 0002:00000470       __xmm@00ff00ff00ff00ff00ff00ff00ff00ff 0000000180015470     p5engine.obj
 0002:00000480       __xmm@3b8080813b8080813b8080813b808081 0000000180015480     p5engine.obj
 0002:00000490       __xmm@3f0000003f0000003f0000003f000000 0000000180015490     p5engine.obj
 0002:000004a0       __xmm@3f8000003f8000003f8000003f800000 00000001800154a0     p5engine.obj
 0002:000004b0       __xmm@40800000408000004080000040800000 00000001800154b0     p5engine.obj
 0002:000004c0       __xmm@477e0100477e0100477e0100477e0100 00000001800154c0     p5engine.obj
 0002:000004d0       __xmm@7fffffffffffffff7fffffffffffffff 00000001800154d0     p5engine.obj
 0002:000004e0       __xmm@80000000800000008000000080000000 00000001800154e0     p5engine.obj
 0002:000004f0       __xmm@ffffffffffffffffffffffffffffffff 00000001800154f0     p5engine.obj
 0002:00000500       _pRawDllMain               0000000180015500     MSVCRTD:dll_dllmain.obj
 0002:00000500       _pDefaultRawDllMain        0000000180015500     MSVCRTD:dll_dllmain.obj
 0002:00000570       _load_config_used          0000000180015570     MSVCRTD:loadcfg.obj
 0002:00000700       __volatile_metadata        0000000180015700     <linker-defined>
 0002:00000b58       __rtc_iaa                  0000000180015b58     MSVCRTD:initsect.obj
 0002:00000b60       __rtc_izz                  0000000180015b60     MSVCRTD:initsect.obj
 0002:00000b68       __rtc_taa                  0000000180015b68     MSVCRTD:initsect.obj
 0002:00000b70       __rtc_tzz                  0000000180015b70     MSVCRTD:initsect.obj
 0002:00001334       __IMPORT_DESCRIPTOR_VCRUNTIME140D 0000000180016334     vcruntimed:VCRUNTIME140D.dll
 0002:00001348       __IMPORT_DESCRIPTOR_ucrtbased 0000000180016348     ucrtd:ucrtbased.dll
 0002:0000135c       __IMPORT_DESCRIPTOR_KERNEL32 000000018001635c     kernel32:KERNEL32.dll
 0002:00001370       __NULL_IMPORT_DESCRIPTOR   0000000180016370     vcruntimed:VCRUNTIME140D.dll
 0003:00004000       __security_cookie_complement 000000018001b000     MSVCRTD:gs_cookie.obj
 0003:00004008       __security_cookie          000000018001b008     MSVCRTD:gs_cookie.obj
 0003:00004010       _fltused                   000000018001b010     MSVCRTD:fltused.obj
 0003:00004014       __scrt_native_dllmain_reason 000000018001b014     MSVCRTD:utility.obj
 0003:00004018       __isa_available            000000018001b018     MSVCRTD:cpu_disp.obj
 0003:0000401c       __isa_enabled              000000018001b01c     MSVCRTD:cpu_disp.obj
 0003:00004020       __memcpy_nt_iters          000000018001b020     MSVCRTD:cpu_disp.obj
 0003:00004028       __memset_nt_iters          000000018001b028     MSVCRTD:cpu_disp.obj
 0003:00004030       __scrt_ucrt_dll_is_in_use  000000018001b030     MSVCRTD:ucrt_stubs.obj
 0003:00004040       DebugGlobalMemory          000000018001b040     p5engine.obj
 0003:000045e0       ?__type_info_root_node@@3U__type_info_node@@A 000000018001b5e0     MSVCRTD:tncleanup.obj
 0003:000045f0       ?_OptionsStorage@?1??__local_stdio_printf_options@@9@4_KA 000000018001b5f0     MSVCRTD:default_local_stdio_options.obj
 0003:000045f8       ?_OptionsStorage@?1??__local_stdio_scanf_options@@9@4_KA 000000018001b5f8     MSVCRTD:default_local_stdio_options.obj
 0003:00004600       __scrt_current_native_startup_state 000000018001b600     MSVCRTD:utility.obj
 0003:00004608       __scrt_native_startup_lock 000000018001b608     MSVCRTD:utility.obj
 0003:00004648       __scrt_debugger_hook_flag  000000018001b648     MSVCRTD:utility_desktop.obj
 0003:00004650       __castguard_check_failure_os_handled_fptr 000000018001b650     MSVCRTD:guard_support.obj
 0003:00004658       __favor                    000000018001b658     MSVCRTD:cpu_disp.obj
 0003:00004660       __dyn_tls_init_callback    000000018001b660     <common>
 0003:00004668       __DebuggerCurrentSteppingThreadId 000000018001b668     <common>

 entry point at        0001:00012a70

 Static symbols

 0000:fffe0000       .debug$S                   0000000180000000     P5Engine.exp
 0000:fffe0000       .debug$S                   0000000180000000     vcruntimed:VCRUNTIME140D.dll
 0000:fffe0000       .debug$S                   0000000180000000     vcruntimed:VCRUNTIME140D.dll
 0000:fffe0000       .debug$S                   0000000180000000     vcruntimed:VCRUNTIME140D.dll
 0000:fffe0000       .debug$S                   0000000180000000     vcruntimed:VCRUNTIME140D.dll
 0000:fffe0000       .debug$S                   0000000180000000     ucrtd:ucrtbased.dll
 0000:fffe0000       .debug$S                   0000000180000000     ucrtd:ucrtbased.dll
 0000:fffe0000       .debug$S                   0000000180000000     ucrtd:ucrtbased.dll
 0000:fffe0000       .debug$S                   0000000180000000     ucrtd:ucrtbased.dll
 0000:fffe0000       .debug$S                   0000000180000000     ucrtd:ucrtbased.dll
 0000:fffe0000       .debug$S                   0000000180000000     ucrtd:ucrtbased.dll
 0000:fffe0000       .debug$S                   0000000180000000     ucrtd:ucrtbased.dll
 0000:fffe0000       .debug$S                   0000000180000000     ucrtd:ucrtbased.dll
 0000:fffe0000       .debug$S                   0000000180000000     ucrtd:ucrtbased.dll
 0000:fffe0000       .debug$S                   0000000180000000     ucrtd:ucrtbased.dll
 0000:fffe0000       .debug$S                   0000000180000000     ucrtd:ucrtbased.dll
 0000:fffe0000       .debug$S                   0000000180000000     ucrtd:ucrtbased.dll
 0000:fffe0000       .debug$S                   0000000180000000     ucrtd:ucrtbased.dll
 0000:fffe0000       .debug$S                   0000000180000000     ucrtd:ucrtbased.dll
 0000:fffe0000       .debug$S                   0000000180000000     ucrtd:ucrtbased.dll
 0000:fffe0000       .debug$S                   0000000180000000     ucrtd:ucrtbased.dll
 0000:fffe0000       .debug$S                   0000000180000000     ucrtd:ucrtbased.dll
 0000:fffe0000       .debug$S                   0000000180000000     kernel32:KERNEL32.dll
 0000:fffe0000       .debug$S                   0000000180000000     kernel32:KERNEL32.dll
 0000:fffe0000       .debug$S                   0000000180000000     kernel32:KERNEL32.dll
 0000:fffe0000       .debug$S                   0000000180000000     kernel32:KERNEL32.dll
 0000:fffe0000       .debug$S                   0000000180000000     kernel32:KERNEL32.dll
 0000:fffe0000       .debug$S                   0000000180000000     kernel32:KERNEL32.dll
 0000:fffe0000       .debug$S                   0000000180000000     kernel32:KERNEL32.dll
 0000:fffe0000       .debug$S                   0000000180000000     kernel32:KERNEL32.dll
 0000:fffe0000       .debug$S                   0000000180000000     kernel32:KERNEL32.dll
 0000:fffe0000       .debug$S                   0000000180000000     kernel32:KERNEL32.dll
 0000:fffe0000       .debug$S                   0000000180000000     kernel32:KERNEL32.dll
 0000:fffe0000       .debug$S                   0000000180000000     kernel32:KERNEL32.dll
 0000:fffe0000       .debug$S                   0000000180000000     kernel32:KERNEL32.dll
 0000:fffe0000       .debug$S                   0000000180000000     kernel32:KERNEL32.dll
 0000:fffe0000       .debug$S                   0000000180000000     kernel32:KERNEL32.dll
 0000:fffe0000       .debug$S                   0000000180000000     kernel32:KERNEL32.dll
 0000:fffe0000       .debug$S                   0000000180000000     kernel32:KERNEL32.dll
 0001:00000000       ?LoadBitmap@@YAXPEAUgame_assets@@Ubitmap_id@@@Z 0000000180001000 f   p5engine.obj
 0001:00000120       ?AddCollisionRule@@YAXPEAUgame_state@@IIH@Z 0000000180001120 f   p5engine.obj
 0001:000002a0       ?ClearCollisionRulesFor@@YAXPEAUgame_state@@I@Z 00000001800012a0 f   p5engine.obj
 0001:000003a0       ?BeginTaskWithMemory@@YAPEAUtask_with_memory@@PEAUtransient_state@@@Z 00000001800013a0 f   p5engine.obj
 0001:00000480       ?EndTaskWithMemory@@YAXPEAUtask_with_memory@@@Z 0000000180001480 f   p5engine.obj
 0001:000004e0       ?DrawRectangle@@YAXPEAUloaded_bitmap@@Tv2@@1Tv4@@Urectangle2i@@H@Z 00000001800014e0 f   p5engine.obj
 0001:000007a0       ?DrawRectangleQuickly@@YAXPEAUloaded_bitmap@@Tv2@@11Tv4@@0MUrectangle2i@@H@Z 00000001800017a0 f   p5engine.obj
 0001:00002c20       ?RenderGroupToOutput@@YAXPEAUrender_group@@PEAUloaded_bitmap@@Urectangle2i@@H@Z 0000000180003c20 f   p5engine.obj
 0001:00003010       ?DoTiledRenderWork@@YAXPEAUplatform_work_queue@@PEAX@Z 0000000180004010 f   p5engine.obj
 0001:000030c0       ?RenderGroupToOutput@@YAXPEAUrender_group@@PEAUloaded_bitmap@@@Z 00000001800040c0 f   p5engine.obj
 0001:000031b0       ?TiledRenderGroupToOutput@@YAXPEAUplatform_work_queue@@PEAUrender_group@@PEAUloaded_bitmap@@@Z 00000001800041b0 f   p5engine.obj
 0001:000033e0       ?AllocateRenderGroup@@YAPEAUrender_group@@PEAUgame_assets@@PEAUmemory_arena@@I@Z 00000001800043e0 f   p5engine.obj
 0001:00003510       ?InitializeWorld@@YAXPEAUworld@@Tv3@@@Z 0000000180004510 f   p5engine.obj
 0001:000035b0       ?Subtract@@YA?ATv3@@PEAUworld@@PEAUworld_position@@1@Z 00000001800045b0 f   p5engine.obj
 0001:00003820       ?ChangeEntityLocation@@YAXPEAUmemory_arena@@PEAUworld@@IPEAUlow_entity@@Uworld_position@@@Z 0000000180004820 f   p5engine.obj
 0001:000039b0       ?GetHashFromStorageIndex@@YAPEAUsim_entity_hash@@PEAUsim_region@@I@Z 00000001800049b0 f   p5engine.obj
 0001:00003a80       ?AddEntity@@YAPEAUsim_entity@@PEAUgame_state@@PEAUsim_region@@IPEAUlow_entity@@PEATv3@@@Z 0000000180004a80 f   p5engine.obj
 0001:00003be0       ?AddEntityRaw@@YAPEAUsim_entity@@PEAUgame_state@@PEAUsim_region@@IPEAUlow_entity@@@Z 0000000180004be0 f   p5engine.obj
 0001:00003d60       ?BeginSim@@YAPEAUsim_region@@PEAUmemory_arena@@PEAUgame_state@@PEAUworld@@Uworld_position@@Urectangle3@@M@Z 0000000180004d60 f   p5engine.obj
 0001:000043d0       ?EndSim@@YAXPEAUsim_region@@PEAUgame_state@@@Z 00000001800053d0 f   p5engine.obj
 0001:00004690       ?CanCollide@@YAHPEAUgame_state@@PEAUsim_entity@@1@Z 0000000180005690 f   p5engine.obj
 0001:000047e0       ?HandleCollision@@YAHPEAUgame_state@@PEAUsim_entity@@1@Z 00000001800057e0 f   p5engine.obj
 0001:000048c0       ?CanOverlap@@YAHPEAUgame_state@@PEAUsim_entity@@1@Z 00000001800058c0 f   p5engine.obj
 0001:00004920       ?HandleOverlap@@YAXPEAUgame_state@@PEAUsim_entity@@1MPEAM@Z 0000000180005920 f   p5engine.obj
 0001:000049c0       ?SpeculativeCollide@@YAHPEAUsim_entity@@0Tv3@@@Z 00000001800059c0 f   p5engine.obj
 0001:00004ac0       ?EntitiesOverlap@@YAHPEAUsim_entity@@0Tv3@@@Z 0000000180005ac0 f   p5engine.obj
 0001:00004e00       ?MoveEntity@@YAXPEAUgame_state@@PEAUsim_region@@PEAUsim_entity@@MPEAUmove_spec@@Tv3@@@Z 0000000180005e00 f   p5engine.obj
 0001:000067d0       ?TopDownAlign@@YA?ATv2@@PEAUloaded_bitmap@@T1@@Z 00000001800077d0 f   p5engine.obj
 0001:00006850       ?SetTopDownAlign@@YAXPEAUhero_bitmaps@@Tv2@@@Z 0000000180007850 f   p5engine.obj
 0001:000068a0       ?DEBUGLoadBMP@@YA?AUloaded_bitmap@@PEADTv2@@@Z 00000001800078a0 f   p5engine.obj
 0001:00006db0       ?LoadBitmapWork@@YAXPEAUplatform_work_queue@@PEAX@Z 0000000180007db0 f   p5engine.obj
 0001:00006eb0       ?RandomAssetFrom@@YA?AUbitmap_id@@PEAUgame_assets@@W4asset_type_id@@PEAUrandom_series@@@Z 0000000180007eb0 f   p5engine.obj
 0001:00006f90       ?GetFirstBitmapID@@YA?AUbitmap_id@@PEAUgame_assets@@W4asset_type_id@@@Z 0000000180007f90 f   p5engine.obj
 0001:00007030       ?DEBUGAddBitmapInfo@@YA?AUbitmap_id@@PEAUgame_assets@@PEADTv2@@@Z 0000000180008030 f   p5engine.obj
 0001:000070e0       ?BeginAssetType@@YAXPEAUgame_assets@@W4asset_type_id@@@Z 00000001800080e0 f   p5engine.obj
 0001:00007170       ?AddBitmapAsset@@YAXPEAUgame_assets@@PEADTv2@@@Z 0000000180008170 f   p5engine.obj
 0001:00007240       ?EndAssetType@@YAXPEAUgame_assets@@@Z 0000000180008240 f   p5engine.obj
 0001:000072b0       ?AllocateGameAssets@@YAPEAUgame_assets@@PEAUmemory_arena@@_KPEAUtransient_state@@@Z 00000001800082b0 f   p5engine.obj
 0001:00007c30       ?GameOutputSound@@YAXPEAUgame_state@@PEAUgame_sound_output_buffer@@H@Z 0000000180008c30 f   p5engine.obj
 0001:00007cf0       ?AddLowEntity@@YA?AUadd_low_entity_result@@PEAUgame_state@@W4entity_type@@Uworld_position@@@Z 0000000180008cf0 f   p5engine.obj
 0001:00007ef0       ?AddGroundedEntity@@YA?AUadd_low_entity_result@@PEAUgame_state@@W4entity_type@@Uworld_position@@PEAUsim_entity_collision_volume_group@@@Z 0000000180008ef0 f   p5engine.obj
 0001:00007fa0       ?AddStandardRoom@@YA?AUadd_low_entity_result@@PEAUgame_state@@III@Z 0000000180008fa0 f   p5engine.obj
 0001:00008100       ?AddWall@@YA?AUadd_low_entity_result@@PEAUgame_state@@III@Z 0000000180009100 f   p5engine.obj
 0001:00008260       ?AddStairs@@YA?AUadd_low_entity_result@@PEAUgame_state@@III@Z 0000000180009260 f   p5engine.obj
 0001:000083f0       ?InitHitPoints@@YAXPEAUlow_entity@@I@Z 00000001800093f0 f   p5engine.obj
 0001:00008480       ?AddSword@@YA?AUadd_low_entity_result@@PEAUgame_state@@@Z 0000000180009480 f   p5engine.obj
 0001:00008570       ?AddPlayer@@YA?AUadd_low_entity_result@@PEAUgame_state@@@Z 0000000180009570 f   p5engine.obj
 0001:000086b0       ?AddMonstar@@YA?AUadd_low_entity_result@@PEAUgame_state@@III@Z 00000001800096b0 f   p5engine.obj
 0001:00008820       ?AddFamiliar@@YA?AUadd_low_entity_result@@PEAUgame_state@@III@Z 0000000180009820 f   p5engine.obj
 0001:00008980       ?DrawHitpoints@@YAXPEAUsim_entity@@PEAUrender_group@@@Z 0000000180009980 f   p5engine.obj
 0001:00008bf0       ?MakeSimpleGroundedCollision@@YAPEAUsim_entity_collision_volume_group@@PEAUgame_state@@MMM@Z 0000000180009bf0 f   p5engine.obj
 0001:00008d50       ?MakeNullCollision@@YAPEAUsim_entity_collision_volume_group@@PEAUgame_state@@@Z 0000000180009d50 f   p5engine.obj
 0001:00008e30       ?FillGroundChunkWork@@YAXPEAUplatform_work_queue@@PEAX@Z 0000000180009e30 f   p5engine.obj
 0001:00008e90       ?FillGroundChunk@@YAXPEAUtransient_state@@PEAUgame_state@@PEAUground_buffer@@PEAUworld_position@@@Z 0000000180009e90 f   p5engine.obj
 0001:00009710       ?ClearBitmap@@YAXPEAUloaded_bitmap@@@Z 000000018000a710 f   p5engine.obj
 0001:00009770       ?MakeEmptyBitmap@@YA?AUloaded_bitmap@@PEAUmemory_arena@@HHH@Z 000000018000a770 f   p5engine.obj
 0001:00009860       ?MakeSphereDiffuseMap@@YAXPEAUloaded_bitmap@@MM@Z 000000018000a860 f   p5engine.obj
 0001:00009b90       ?MakeSphereNormalMap@@YAXPEAUloaded_bitmap@@MMM@Z 000000018000ab90 f   p5engine.obj
 0001:0000d6f0       $LN145                     000000018000e6f0     p5engine.obj
 0001:000125d0       $$000000                   00000001800135d0     MSVCRTD:chkstk.obj
 0001:00012630       $$000000                   0000000180013630     MSVCRTD:amdsecgs.obj
 0001:00012660       ?dllmain_crt_dispatch@@YAHQEAUHINSTANCE__@@KQEAX@Z 0000000180013660 f   MSVCRTD:dll_dllmain.obj
 0001:000126f0       ?dllmain_crt_process_attach@@YAHQEAUHINSTANCE__@@QEAX@Z 00000001800136f0 f   MSVCRTD:dll_dllmain.obj
 0001:00012830       ?dllmain_crt_process_detach@@YAH_N@Z 0000000180013830 f   MSVCRTD:dll_dllmain.obj
 0001:000128d0       ?dllmain_dispatch@@YAHQEAUHINSTANCE__@@KQEAX@Z 00000001800138d0 f   MSVCRTD:dll_dllmain.obj
 0001:00012a10       ?dllmain_raw@@YAHQEAUHINSTANCE__@@KQEAX@Z 0000000180013a10 f   MSVCRTD:dll_dllmain.obj
 0001:00012bd0       capture_previous_context   0000000180013bd0 f   MSVCRTD:gs_report.obj
 0001:00012c90       __get_entropy              0000000180013c90 f   MSVCRTD:gs_support.obj
 0001:00012ee0       ?find_pe_section@@YAPEAU_IMAGE_SECTION_HEADER@@QEAE_K@Z 0000000180013ee0 f   MSVCRTD:utility.obj
 0001:00012fc0       ?is_potentially_valid_image_base@@YA_NQEAX@Z 0000000180013fc0 f   MSVCRTD:utility.obj
 0001:00013b70       $$000000                   0000000180014b70     MSVCRTD:guard_dispatch.obj
 0001:00013b90       $$000000                   0000000180014b90     MSVCRTD:guard_xfg_dispatch.obj
 0001:00013bb0       ?fin$0@?0??dllmain_crt_process_attach@@YAHQEAUHINSTANCE__@@QEAX@Z@4HA 0000000180014bb0 f   MSVCRTD:dll_dllmain.obj
 0001:00013bd0       ?fin$0@?0??dllmain_crt_process_detach@@YAH_N@Z@4HA 0000000180014bd0 f   MSVCRTD:dll_dllmain.obj
 0001:00013bea       ?fin$1@?0??dllmain_crt_process_detach@@YAH_N@Z@4HA 0000000180014bea f   MSVCRTD:dll_dllmain.obj
 0001:00013c00       ?filt$0@?0??dllmain_dispatch@@YAHQEAUHINSTANCE__@@KQEAX@Z@4HA 0000000180014c00 f   MSVCRTD:dll_dllmain.obj
 0001:00013c50       __scrt_is_nonwritable_in_current_image$filt$0 0000000180014c50 f   MSVCRTD:utility.obj
 0002:00000170       $SG29789                   0000000180015170     p5engine.obj
 0002:00000180       $SG30216                   0000000180015180     p5engine.obj
 0002:00000190       $SG30978                   0000000180015190     p5engine.obj
 0002:000001a8       $SG30979                   00000001800151a8     p5engine.obj
 0002:000001c0       $SG30980                   00000001800151c0     p5engine.obj
 0002:000001d8       $SG30981                   00000001800151d8     p5engine.obj
 0002:000001e8       $SG30982                   00000001800151e8     p5engine.obj
 0002:00000200       $SG30983                   0000000180015200     p5engine.obj
 0002:00000218       $SG30984                   0000000180015218     p5engine.obj
 0002:00000230       $SG30985                   0000000180015230     p5engine.obj
 0002:00000248       $SG30986                   0000000180015248     p5engine.obj
 0002:00000260       $SG30987                   0000000180015260     p5engine.obj
 0002:00000278       $SG30988                   0000000180015278     p5engine.obj
 0002:00000298       $SG30989                   0000000180015298     p5engine.obj
 0002:000002b0       $SG30990                   00000001800152b0     p5engine.obj
 0002:000002c8       $SG30991                   00000001800152c8     p5engine.obj
 0002:000002e8       $SG30992                   00000001800152e8     p5engine.obj
 0002:00000300       $SG30993                   0000000180015300     p5engine.obj
 0002:00000318       $SG30994                   0000000180015318     p5engine.obj
 0002:00000330       $SG30995                   0000000180015330     p5engine.obj
 0002:00000348       $SG31917                   0000000180015348     p5engine.obj
 0002:00000508       GS_ExceptionPointers       0000000180015508     MSVCRTD:gs_report.obj
 0002:00000b78       $unwind$?GetBitmap@@YAPEAUloaded_bitmap@@PEAUgame_assets@@Ubitmap_id@@@Z 0000000180015b78     p5engine.obj
 0002:00000b78       $unwind$?GetLowEntity@@YAPEAUlow_entity@@PEAUgame_state@@I@Z 0000000180015b78     p5engine.obj
 0002:00000b78       $unwind$?HasFlag@@YAHPEAUsim_entity@@I@Z 0000000180015b78     p5engine.obj
 0002:00000b78       $unwind$?RandomChoice@@YAIPEAUrandom_series@@I@Z 0000000180015b78     p5engine.obj
 0002:00000b78       $unwind$GetController      0000000180015b78     p5engine.obj
 0002:00000b80       $unwind$?InitializeArena@@YAXPEAUmemory_arena@@_KPEAX@Z 0000000180015b80     p5engine.obj
 0002:00000b88       $unwind$?GetAlignmentOffset@@YA_KPEAUmemory_arena@@_K@Z 0000000180015b88     p5engine.obj
 0002:00000b90       $unwind$??Y@YAAEATv2@@AEAT0@T0@@Z 0000000180015b90     p5engine.obj
 0002:00000b90       $unwind$?GetArenaSizeRemaining@@YA_KPEAUmemory_arena@@_K@Z 0000000180015b90     p5engine.obj
 0002:00000b90       $unwind$?Hadamard@@YA?ATv2@@T1@0@Z 0000000180015b90     p5engine.obj
 0002:00000b90       $unwind$?Inner@@YAMTv2@@0@Z 0000000180015b90     p5engine.obj
 0002:00000b90       $unwind$?Inner@@YAMTv3@@0@Z 0000000180015b90     p5engine.obj
 0002:00000b90       $unwind$?IsCanonical@@YAHPEAUworld@@Tv3@@@Z 0000000180015b90     p5engine.obj
 0002:00000b90       $unwind$?IsInRectangle@@YAHUrectangle3@@Tv3@@@Z 0000000180015b90     p5engine.obj
 0002:00000b90       $unwind$?RectanglesIntersect@@YAHUrectangle3@@0@Z 0000000180015b90     p5engine.obj
 0002:00000b90       $unwind$?ZeroSize@@YAX_KPEAX@Z 0000000180015b90     p5engine.obj
 0002:00000b90       $unwind$?find_pe_section@@YAPEAU_IMAGE_SECTION_HEADER@@QEAE_K@Z 0000000180015b90     MSVCRTD:utility.obj
 0002:00000b98       $unwind$?PushSize_@@YAPEAXPEAUmemory_arena@@_K1@Z 0000000180015b98     p5engine.obj
 0002:00000ba0       $unwind$?BeginTemporaryMemory@@YA?AUtemporary_memory@@PEAUmemory_arena@@@Z 0000000180015ba0     p5engine.obj
 0002:00000bb4       $unwind$?AllResourcesPresent@@YAHPEAUrender_group@@@Z 0000000180015bb4     p5engine.obj
 0002:00000bb4       $unwind$?EndTemporaryMemory@@YAXUtemporary_memory@@@Z 0000000180015bb4     p5engine.obj
 0002:00000bb4       $unwind$?GetClampedRectArea@@YAHUrectangle2i@@@Z 0000000180015bb4     p5engine.obj
 0002:00000bb4       $unwind$?GetDim@@YA?ATv2@@Urectangle2@@@Z 0000000180015bb4     p5engine.obj
 0002:00000bb4       $unwind$?HasArea@@YAHUrectangle2i@@@Z 0000000180015bb4     p5engine.obj
 0002:00000bb4       $unwind$?IsValid@@YAHUworld_position@@@Z 0000000180015bb4     p5engine.obj
 0002:00000bb4       $unwind$?LengthSq@@YAMTv2@@@Z 0000000180015bb4     p5engine.obj
 0002:00000bb4       $unwind$?RandomBilateral@@YAMPEAUrandom_series@@@Z 0000000180015bb4     p5engine.obj
 0002:00000bb4       $unwind$?RandomNextUInt32@@YAIPEAUrandom_series@@@Z 0000000180015bb4     p5engine.obj
 0002:00000bb4       $unwind$?RandomUnilateral@@YAMPEAUrandom_series@@@Z 0000000180015bb4     p5engine.obj
 0002:00000bb4       $unwind$__CheckForDebuggerJustMyCode 0000000180015bb4     MSVCRTD:debugger_jmc.obj
 0002:00000bb4       $unwind$__report_gsfailure 0000000180015bb4     MSVCRTD:gs_report.obj
 0002:00000bbc       $unwind$?CheckArena@@YAXPEAUmemory_arena@@@Z 0000000180015bbc     p5engine.obj
 0002:00000bbc       $unwind$?StoreEntityReference@@YAXPEATentity_reference@@@Z 0000000180015bbc     p5engine.obj
 0002:00000bbc       $unwind$__raise_securityfailure 0000000180015bbc     MSVCRTD:gs_report.obj
 0002:00000bbc       $unwind$?is_potentially_valid_image_base@@YA_NQEAX@Z 0000000180015bbc     MSVCRTD:utility.obj
 0002:00000bc4       $unwind$?SubArena@@YAXPEAUmemory_arena@@0_K1@Z 0000000180015bc4     p5engine.obj
 0002:00000bc4       $unwind$__GSHandlerCheck   0000000180015bc4     MSVCRTD:gshandler.obj
 0002:00000bcc       $unwind$?AtomicCompareExchangeUInt32@@YAIPECIII@Z 0000000180015bcc     p5engine.obj
 0002:00000bcc       $unwind$?PushRenderElement_@@YAPEAXPEAUrender_group@@IW4render_group_entry_type@@@Z 0000000180015bcc     p5engine.obj
 0002:00000bcc       $unwind$?dllmain_crt_dispatch@@YAHQEAUHINSTANCE__@@KQEAX@Z 0000000180015bcc     MSVCRTD:dll_dllmain.obj
 0002:00000bcc       $unwind$?dllmain_raw@@YAHQEAUHINSTANCE__@@KQEAX@Z 0000000180015bcc     MSVCRTD:dll_dllmain.obj
 0002:00000bd4       $unwind$?AbsoluteValue@@YAMM@Z 0000000180015bd4     p5engine.obj
 0002:00000bd4       $unwind$?CeilReal32ToInt32@@YAHM@Z 0000000180015bd4     p5engine.obj
 0002:00000bd4       $unwind$?Clamp01@@YAMM@Z   0000000180015bd4     p5engine.obj
 0002:00000bd4       $unwind$?FloorReal32ToInt32@@YAHM@Z 0000000180015bd4     p5engine.obj
 0002:00000bd4       $unwind$?RoundReal32ToInt32@@YAHM@Z 0000000180015bd4     p5engine.obj
 0002:00000bd4       $unwind$?RoundReal32ToUInt32@@YAIM@Z 0000000180015bd4     p5engine.obj
 0002:00000bd4       $unwind$?Sin@@YAMM@Z       0000000180015bd4     p5engine.obj
 0002:00000bd4       $unwind$?Square@@YAMM@Z    0000000180015bd4     p5engine.obj
 0002:00000bd4       $unwind$?SquareRoot@@YAMM@Z 0000000180015bd4     p5engine.obj
 0002:00000bdc       $unwind$?FindLeastSignificantSetBit@@YA?AUbit_scan_result@@I@Z 0000000180015bdc     p5engine.obj
 0002:00000bdc       $unwind$?RandomSeed@@YA?AUrandom_series@@I@Z 0000000180015bdc     p5engine.obj
 0002:00000bec       $unwind$?Clamp01MapToRange@@YAMMMM@Z 0000000180015bec     p5engine.obj
 0002:00000bec       $unwind$?Clamp@@YAMMMM@Z   0000000180015bec     p5engine.obj
 0002:00000bec       $unwind$?SafeRatioN@@YAMMMM@Z 0000000180015bec     p5engine.obj
 0002:00000bf4       $unwind$?IsCanonical@@YAHMM@Z 0000000180015bf4     p5engine.obj
 0002:00000bf4       $unwind$?SafeRatio0@@YAMMM@Z 0000000180015bf4     p5engine.obj
 0002:00000bf4       $unwind$?SafeRatio1@@YAMMM@Z 0000000180015bf4     p5engine.obj
 0002:00000bfc       $unwind$?V2@@YA?ATv2@@MM@Z 0000000180015bfc     p5engine.obj
 0002:00000c0c       $unwind$?V2i@@YA?ATv2@@HH@Z 0000000180015c0c     p5engine.obj
 0002:00000c14       $unwind$??D@YA?ATv2@@MT0@@Z 0000000180015c14     p5engine.obj
 0002:00000c24       $unwind$??G@YA?ATv2@@T0@0@Z 0000000180015c24     p5engine.obj
 0002:00000c24       $unwind$??H@YA?ATv2@@T0@0@Z 0000000180015c24     p5engine.obj
 0002:00000c24       $unwind$?GetBarycentric@@YA?ATv2@@Urectangle2@@T1@@Z 0000000180015c24     p5engine.obj
 0002:00000c34       $unwind$?Clamp01@@YA?ATv2@@T1@@Z 0000000180015c34     p5engine.obj
 0002:00000c44       $unwind$?V3@@YA?ATv3@@MMM@Z 0000000180015c44     p5engine.obj
 0002:00000c44       $unwind$?V4@@YA?ATv4@@MMMM@Z 0000000180015c44     p5engine.obj
 0002:00000c58       $unwind$??D@YA?ATv3@@MT0@@Z 0000000180015c58     p5engine.obj
 0002:00000c58       $unwind$??D@YA?ATv4@@MT0@@Z 0000000180015c58     p5engine.obj
 0002:00000c58       $unwind$?ToV3@@YA?ATv3@@Tv2@@M@Z 0000000180015c58     p5engine.obj
 0002:00000c6c       $unwind$??D@YA?ATv3@@T0@M@Z 0000000180015c6c     p5engine.obj
 0002:00000c6c       $unwind$?GetCameraRectangleAtDistance@@YA?AUrectangle2@@PEAUrender_group@@M@Z 0000000180015c6c     p5engine.obj
 0002:00000c78       $unwind$??X@YAAEATv3@@AEAT0@M@Z 0000000180015c78     p5engine.obj
 0002:00000c84       $unwind$??G@YA?ATv3@@T0@0@Z 0000000180015c84     p5engine.obj
 0002:00000c84       $unwind$??H@YA?ATv3@@T0@0@Z 0000000180015c84     p5engine.obj
 0002:00000c98       $unwind$??Y@YAAEATv3@@AEAT0@T0@@Z 0000000180015c98     p5engine.obj
 0002:00000c98       $unwind$??Z@YAAEATv3@@AEAT0@T0@@Z 0000000180015c98     p5engine.obj
 0002:00000c98       $unwind$?GetDim@@YA?ATv3@@Urectangle3@@@Z 0000000180015c98     p5engine.obj
 0002:00000ca4       $unwind$?AreInSameChunk@@YAHPEAUworld@@PEAUworld_position@@1@Z 0000000180015ca4     p5engine.obj
 0002:00000ca4       $unwind$?Hadamard@@YA?ATv3@@T1@0@Z 0000000180015ca4     p5engine.obj
 0002:00000ca4       $unwind$?RectCenterDim@@YA?AUrectangle2@@Tv2@@0@Z 0000000180015ca4     p5engine.obj
 0002:00000cb0       $unwind$?LengthSq@@YAMTv3@@@Z 0000000180015cb0     p5engine.obj
 0002:00000cbc       $unwind$?Length@@YAMTv3@@@Z 0000000180015cbc     p5engine.obj
 0002:00000cbc       $unwind$?MakeEntityNonSpatial@@YAXPEAUsim_entity@@@Z 0000000180015cbc     p5engine.obj
 0002:00000cc8       $unwind$?RectCenterHalfDim@@YA?AUrectangle2@@Tv2@@0@Z 0000000180015cc8     p5engine.obj
 0002:00000cdc       $unwind$?Intersect@@YA?AUrectangle2i@@U1@0@Z 0000000180015cdc     p5engine.obj
 0002:00000ce8       $unwind$?InvertedInfinityRectangle@@YA?AUrectangle2i@@XZ 0000000180015ce8     p5engine.obj
 0002:00000cf4       $unwind$?Clear@@YAXPEAUrender_group@@Tv4@@@Z 0000000180015cf4     p5engine.obj
 0002:00000cf4       $unwind$?GetMaxCorner@@YA?ATv3@@Urectangle3@@@Z 0000000180015cf4     p5engine.obj
 0002:00000cf4       $unwind$?GetMinCorner@@YA?ATv3@@Urectangle3@@@Z 0000000180015cf4     p5engine.obj
 0002:00000d00       $unwind$?RectMinMax@@YA?AUrectangle3@@Tv3@@0@Z 0000000180015d00     p5engine.obj
 0002:00000d14       $unwind$?AddRadiusTo@@YA?AUrectangle3@@U1@Tv3@@@Z 0000000180015d14     p5engine.obj
 0002:00000d14       $unwind$?RectCenterHalfDim@@YA?AUrectangle3@@Tv3@@0@Z 0000000180015d14     p5engine.obj
 0002:00000d28       $unwind$?RectCenterDim@@YA?AUrectangle3@@Tv3@@0@Z 0000000180015d28     p5engine.obj
 0002:00000d34       $unwind$?AddFlags@@YAXPEAUsim_entity@@I@Z 0000000180015d34     p5engine.obj
 0002:00000d34       $unwind$?ClearFlags@@YAXPEAUsim_entity@@I@Z 0000000180015d34     p5engine.obj
 0002:00000d3c       $unwind$?MakeEntitySpatial@@YAXPEAUsim_entity@@Tv3@@1@Z 0000000180015d3c     p5engine.obj
 0002:00000d48       $unwind$?GetEntityGroundPoint@@YA?ATv3@@PEAUsim_entity@@T1@@Z 0000000180015d48     p5engine.obj
 0002:00000d54       $unwind$?GetEntityGroundPoint@@YA?ATv3@@PEAUsim_entity@@@Z 0000000180015d54     p5engine.obj
 0002:00000d60       $unwind$?GetStairGround@@YAMPEAUsim_entity@@Tv3@@@Z 0000000180015d60     p5engine.obj
 0002:00000d6c       $unwind$?LoadBitmap@@YAXPEAUgame_assets@@Ubitmap_id@@@Z 0000000180015d6c     p5engine.obj
 0002:00000d74       $unwind$?AddCollisionRule@@YAXPEAUgame_state@@IIH@Z 0000000180015d74     p5engine.obj
 0002:00000d7c       $unwind$?ClearCollisionRulesFor@@YAXPEAUgame_state@@I@Z 0000000180015d7c     p5engine.obj
 0002:00000d84       $unwind$?BeginTaskWithMemory@@YAPEAUtask_with_memory@@PEAUtransient_state@@@Z 0000000180015d84     p5engine.obj
 0002:00000d90       $unwind$?EndTaskWithMemory@@YAXPEAUtask_with_memory@@@Z 0000000180015d90     p5engine.obj
 0002:00000d9c       $unwind$?DrawRectangle@@YAXPEAUloaded_bitmap@@Tv2@@1Tv4@@Urectangle2i@@H@Z 0000000180015d9c     p5engine.obj
 0002:00000da8       $unwind$?DrawRectangleQuickly@@YAXPEAUloaded_bitmap@@Tv2@@11Tv4@@0MUrectangle2i@@H@Z 0000000180015da8     p5engine.obj
 0002:00000dbc       $unwind$?RenderGroupToOutput@@YAXPEAUrender_group@@PEAUloaded_bitmap@@Urectangle2i@@H@Z 0000000180015dbc     p5engine.obj
 0002:00000dc8       $unwind$?DoTiledRenderWork@@YAXPEAUplatform_work_queue@@PEAX@Z 0000000180015dc8     p5engine.obj
 0002:00000dd4       $unwind$?RenderGroupToOutput@@YAXPEAUrender_group@@PEAUloaded_bitmap@@@Z 0000000180015dd4     p5engine.obj
 0002:00000de8       $unwind$?TiledRenderGroupToOutput@@YAXPEAUplatform_work_queue@@PEAUrender_group@@PEAUloaded_bitmap@@@Z 0000000180015de8     p5engine.obj
 0002:00000dfc       $unwind$?AllocateRenderGroup@@YAPEAUrender_group@@PEAUgame_assets@@PEAUmemory_arena@@I@Z 0000000180015dfc     p5engine.obj
 0002:00000e08       $unwind$?InitializeWorld@@YAXPEAUworld@@Tv3@@@Z 0000000180015e08     p5engine.obj
 0002:00000e14       $unwind$?Subtract@@YA?ATv3@@PEAUworld@@PEAUworld_position@@1@Z 0000000180015e14     p5engine.obj
 0002:00000e28       $unwind$?ChangeEntityLocation@@YAXPEAUmemory_arena@@PEAUworld@@IPEAUlow_entity@@Uworld_position@@@Z 0000000180015e28     p5engine.obj
 0002:00000e34       $unwind$?GetHashFromStorageIndex@@YAPEAUsim_entity_hash@@PEAUsim_region@@I@Z 0000000180015e34     p5engine.obj
 0002:00000e3c       $unwind$?AddEntity@@YAPEAUsim_entity@@PEAUgame_state@@PEAUsim_region@@IPEAUlow_entity@@PEATv3@@@Z 0000000180015e3c     p5engine.obj
 0002:00000e48       $unwind$?AddEntityRaw@@YAPEAUsim_entity@@PEAUgame_state@@PEAUsim_region@@IPEAUlow_entity@@@Z 0000000180015e48     p5engine.obj
 0002:00000e54       $unwind$?BeginSim@@YAPEAUsim_region@@PEAUmemory_arena@@PEAUgame_state@@PEAUworld@@Uworld_position@@Urectangle3@@M@Z 0000000180015e54     p5engine.obj
 0002:00000e68       $unwind$?EndSim@@YAXPEAUsim_region@@PEAUgame_state@@@Z 0000000180015e68     p5engine.obj
 0002:00000e74       $unwind$?CanCollide@@YAHPEAUgame_state@@PEAUsim_entity@@1@Z 0000000180015e74     p5engine.obj
 0002:00000e7c       $unwind$?HandleCollision@@YAHPEAUgame_state@@PEAUsim_entity@@1@Z 0000000180015e7c     p5engine.obj
 0002:00000e84       $unwind$?CanOverlap@@YAHPEAUgame_state@@PEAUsim_entity@@1@Z 0000000180015e84     p5engine.obj
 0002:00000e8c       $unwind$?HandleOverlap@@YAXPEAUgame_state@@PEAUsim_entity@@1MPEAM@Z 0000000180015e8c     p5engine.obj
 0002:00000e98       $unwind$?SpeculativeCollide@@YAHPEAUsim_entity@@0Tv3@@@Z 0000000180015e98     p5engine.obj
 0002:00000ea4       $unwind$?EntitiesOverlap@@YAHPEAUsim_entity@@0Tv3@@@Z 0000000180015ea4     p5engine.obj
 0002:00000eb0       $unwind$?MoveEntity@@YAXPEAUgame_state@@PEAUsim_region@@PEAUsim_entity@@MPEAUmove_spec@@Tv3@@@Z 0000000180015eb0     p5engine.obj
 0002:00000ec4       $unwind$?TopDownAlign@@YA?ATv2@@PEAUloaded_bitmap@@T1@@Z 0000000180015ec4     p5engine.obj
 0002:00000ecc       $unwind$?SetTopDownAlign@@YAXPEAUhero_bitmaps@@Tv2@@@Z 0000000180015ecc     p5engine.obj
 0002:00000ed4       $unwind$?DEBUGLoadBMP@@YA?AUloaded_bitmap@@PEADTv2@@@Z 0000000180015ed4     p5engine.obj
 0002:00000ee8       $unwind$?LoadBitmapWork@@YAXPEAUplatform_work_queue@@PEAX@Z 0000000180015ee8     p5engine.obj
 0002:00000ef4       $unwind$?RandomAssetFrom@@YA?AUbitmap_id@@PEAUgame_assets@@W4asset_type_id@@PEAUrandom_series@@@Z 0000000180015ef4     p5engine.obj
 0002:00000f04       $unwind$?GetFirstBitmapID@@YA?AUbitmap_id@@PEAUgame_assets@@W4asset_type_id@@@Z 0000000180015f04     p5engine.obj
 0002:00000f14       $unwind$?DEBUGAddBitmapInfo@@YA?AUbitmap_id@@PEAUgame_assets@@PEADTv2@@@Z 0000000180015f14     p5engine.obj
 0002:00000f1c       $unwind$?BeginAssetType@@YAXPEAUgame_assets@@W4asset_type_id@@@Z 0000000180015f1c     p5engine.obj
 0002:00000f24       $unwind$?AddBitmapAsset@@YAXPEAUgame_assets@@PEADTv2@@@Z 0000000180015f24     p5engine.obj
 0002:00000f2c       $unwind$?EndAssetType@@YAXPEAUgame_assets@@@Z 0000000180015f2c     p5engine.obj
 0002:00000f34       $unwind$?AllocateGameAssets@@YAPEAUgame_assets@@PEAUmemory_arena@@_KPEAUtransient_state@@@Z 0000000180015f34     p5engine.obj
 0002:00000f40       $unwind$?GameOutputSound@@YAXPEAUgame_state@@PEAUgame_sound_output_buffer@@H@Z 0000000180015f40     p5engine.obj
 0002:00000f48       $unwind$?AddLowEntity@@YA?AUadd_low_entity_result@@PEAUgame_state@@W4entity_type@@Uworld_position@@@Z 0000000180015f48     p5engine.obj
 0002:00000f5c       $unwind$?AddGroundedEntity@@YA?AUadd_low_entity_result@@PEAUgame_state@@W4entity_type@@Uworld_position@@PEAUsim_entity_collision_volume_group@@@Z 0000000180015f5c     p5engine.obj
 0002:00000f68       $unwind$?AddStandardRoom@@YA?AUadd_low_entity_result@@PEAUgame_state@@III@Z 0000000180015f68     p5engine.obj
 0002:00000f74       $unwind$?AddWall@@YA?AUadd_low_entity_result@@PEAUgame_state@@III@Z 0000000180015f74     p5engine.obj
 0002:00000f80       $unwind$?AddStairs@@YA?AUadd_low_entity_result@@PEAUgame_state@@III@Z 0000000180015f80     p5engine.obj
 0002:00000f8c       $unwind$?InitHitPoints@@YAXPEAUlow_entity@@I@Z 0000000180015f8c     p5engine.obj
 0002:00000f94       $unwind$?AddSword@@YA?AUadd_low_entity_result@@PEAUgame_state@@@Z 0000000180015f94     p5engine.obj
 0002:00000fa0       $unwind$?AddPlayer@@YA?AUadd_low_entity_result@@PEAUgame_state@@@Z 0000000180015fa0     p5engine.obj
 0002:00000fac       $unwind$?AddMonstar@@YA?AUadd_low_entity_result@@PEAUgame_state@@III@Z 0000000180015fac     p5engine.obj
 0002:00000fb8       $unwind$?AddFamiliar@@YA?AUadd_low_entity_result@@PEAUgame_state@@III@Z 0000000180015fb8     p5engine.obj
 0002:00000fc4       $unwind$?DrawHitpoints@@YAXPEAUsim_entity@@PEAUrender_group@@@Z 0000000180015fc4     p5engine.obj
 0002:00000fd8       $unwind$?MakeSimpleGroundedCollision@@YAPEAUsim_entity_collision_volume_group@@PEAUgame_state@@MMM@Z 0000000180015fd8     p5engine.obj
 0002:00000fe4       $unwind$?MakeNullCollision@@YAPEAUsim_entity_collision_volume_group@@PEAUgame_state@@@Z 0000000180015fe4     p5engine.obj
 0002:00000ff0       $unwind$?FillGroundChunkWork@@YAXPEAUplatform_work_queue@@PEAX@Z 0000000180015ff0     p5engine.obj
 0002:00000ff8       $unwind$?FillGroundChunk@@YAXPEAUtransient_state@@PEAUgame_state@@PEAUground_buffer@@PEAUworld_position@@@Z 0000000180015ff8     p5engine.obj
 0002:0000100c       $unwind$?ClearBitmap@@YAXPEAUloaded_bitmap@@@Z 000000018001600c     p5engine.obj
 0002:00001014       $unwind$?MakeEmptyBitmap@@YA?AUloaded_bitmap@@PEAUmemory_arena@@HHH@Z 0000000180016014     p5engine.obj
 0002:00001028       $unwind$?MakeSphereDiffuseMap@@YAXPEAUloaded_bitmap@@MM@Z 0000000180016028     p5engine.obj
 0002:00001034       $unwind$?MakeSphereNormalMap@@YAXPEAUloaded_bitmap@@MMM@Z 0000000180016034     p5engine.obj
 0002:00001040       $unwind$GameUpdateAndRender 0000000180016040     p5engine.obj
 0002:00001054       $unwind$GameGetSoundSamples 0000000180016054     p5engine.obj
 0002:0000105c       $unwind$?Linear1ToSRGB255@@YA?ATv4@@T1@@Z 000000018001605c     p5engine.obj
 0002:0000105c       $unwind$?SRGB255ToLinear1@@YA?ATv4@@T1@@Z 000000018001605c     p5engine.obj
 0002:00001070       $unwind$?GetRenderEntityBasisPos@@YA?AUentity_basis_p_result@@PEAUrender_transform@@Tv3@@@Z 0000000180016070     p5engine.obj
 0002:00001084       $unwind$?PushBitmap@@YAXPEAUrender_group@@PEAUloaded_bitmap@@Tv3@@MTv4@@@Z 0000000180016084     p5engine.obj
 0002:00001090       $unwind$?PushBitmap@@YAXPEAUrender_group@@Ubitmap_id@@Tv3@@MTv4@@@Z 0000000180016090     p5engine.obj
 0002:0000109c       $unwind$?PushRect@@YAXPEAUrender_group@@Tv3@@Tv2@@Tv4@@@Z 000000018001609c     p5engine.obj
 0002:000010a8       $unwind$?PushRectOutline@@YAXPEAUrender_group@@Tv3@@Tv2@@Tv4@@@Z 00000001800160a8     p5engine.obj
 0002:000010b4       $unwind$?Orthographic@@YAXPEAUrender_group@@HHM@Z 00000001800160b4     p5engine.obj
 0002:000010b4       $unwind$?Perspective@@YAXPEAUrender_group@@HHMMM@Z 00000001800160b4     p5engine.obj
 0002:000010bc       $unwind$?RecanonicalizeCoord@@YAXMPEAHPEAM@Z 00000001800160bc     p5engine.obj
 0002:000010bc       $unwind$?Unproject@@YA?ATv2@@PEAUrender_group@@T1@M@Z 00000001800160bc     p5engine.obj
 0002:000010c4       $unwind$?GetCameraRectangleAtTarget@@YA?AUrectangle2@@PEAUrender_group@@@Z 00000001800160c4     p5engine.obj
 0002:000010d0       $unwind$?NullPosition@@YA?AUworld_position@@XZ 00000001800160d0     p5engine.obj
 0002:000010e4       $unwind$?GetWorldChunk@@YAPEAUworld_chunk@@PEAUworld@@HHHPEAUmemory_arena@@@Z 00000001800160e4     p5engine.obj
 0002:000010e4       $unwind$__scrt_dllmain_exception_filter 00000001800160e4     MSVCRTD:utility.obj
 0002:000010ec       $unwind$?MapIntoChunkSpace@@YA?AUworld_position@@PEAUworld@@U1@Tv3@@@Z 00000001800160ec     p5engine.obj
 0002:00001100       $unwind$?ChunkPositionFromTilePosition@@YA?AUworld_position@@PEAUworld@@HHHTv3@@@Z 0000000180016100     p5engine.obj
 0002:00001114       $unwind$?CenteredChunkPoint@@YA?AUworld_position@@III@Z 0000000180016114     p5engine.obj
 0002:00001128       $unwind$?ChangeEntityLocationRaw@@YAXPEAUmemory_arena@@PEAUworld@@IPEAUworld_position@@2@Z 0000000180016128     p5engine.obj
 0002:00001134       $unwind$?GetSimSpacePos@@YA?ATv3@@PEAUsim_region@@PEAUlow_entity@@@Z 0000000180016134     p5engine.obj
 0002:00001140       $unwind$?LoadEntityReference@@YAXPEAUgame_state@@PEAUsim_region@@PEATentity_reference@@@Z 0000000180016140     p5engine.obj
 0002:00001154       $unwind$?EntityOverlapsRectangle@@YAHTv3@@Usim_entity_collision_volume@@Urectangle3@@@Z 0000000180016154     p5engine.obj
 0002:00001160       $unwind$?DefaultMoveSpec@@YA?AUmove_spec@@XZ 0000000180016160     p5engine.obj
 0002:00001174       $unwind$__GSHandlerCheckCommon 0000000180016174     MSVCRTD:gshandler.obj
 0002:00001180       $xdatasym                  0000000180016180     MSVCRTD:chkstk.obj
 0002:00001188       $xdatasym                  0000000180016188     MSVCRTD:amdsecgs.obj
 0002:0000118c       $unwind$?dllmain_crt_process_attach@@YAHQEAUHINSTANCE__@@QEAX@Z 000000018001618c     MSVCRTD:dll_dllmain.obj
 0002:000011ac       $unwind$?fin$0@?0??dllmain_crt_process_attach@@YAHQEAUHINSTANCE__@@QEAX@Z@4HA 00000001800161ac     MSVCRTD:dll_dllmain.obj
 0002:000011ac       $unwind$?fin$0@?0??dllmain_crt_process_detach@@YAH_N@Z@4HA 00000001800161ac     MSVCRTD:dll_dllmain.obj
 0002:000011ac       $unwind$?fin$1@?0??dllmain_crt_process_detach@@YAH_N@Z@4HA 00000001800161ac     MSVCRTD:dll_dllmain.obj
 0002:000011ac       $unwind$__scrt_is_nonwritable_in_current_image$filt$0 00000001800161ac     MSVCRTD:utility.obj
 0002:000011b4       $unwind$?dllmain_crt_process_detach@@YAH_N@Z 00000001800161b4     MSVCRTD:dll_dllmain.obj
 0002:000011e4       $unwind$?dllmain_dispatch@@YAHQEAUHINSTANCE__@@KQEAX@Z 00000001800161e4     MSVCRTD:dll_dllmain.obj
 0002:00001204       $unwind$?filt$0@?0??dllmain_dispatch@@YAHQEAUHINSTANCE__@@KQEAX@Z@4HA 0000000180016204     MSVCRTD:dll_dllmain.obj
 0002:0000120c       $unwind$_DllMainCRTStartup 000000018001620c     MSVCRTD:dll_dllmain.obj
 0002:0000120c       $unwind$DllMain            000000018001620c     MSVCRTD:dll_dllmain_stub.obj
 0002:00001214       $unwind$capture_previous_context 0000000180016214     MSVCRTD:gs_report.obj
 0002:0000121c       $unwind$__scrt_initialize_default_local_stdio_options 000000018001621c     MSVCRTD:default_local_stdio_options.obj
 0002:0000121c       $unwind$__security_init_cookie 000000018001621c     MSVCRTD:gs_support.obj
 0002:00001224       $unwind$__get_entropy      0000000180016224     MSVCRTD:gs_support.obj
 0002:0000122c       $unwind$?__scrt_initialize_type_info@@YAXXZ 000000018001622c     MSVCRTD:tncleanup.obj
 0002:0000122c       $unwind$?__scrt_uninitialize_type_info@@YAXXZ 000000018001622c     MSVCRTD:tncleanup.obj
 0002:0000122c       $unwind$?configure_argv@__scrt_narrow_argv_policy@@SAHXZ 000000018001622c     MSVCRTD:utility.obj
 0002:0000122c       $unwind$?initialize_environment@__scrt_narrow_environment_policy@@SAHXZ 000000018001622c     MSVCRTD:utility.obj
 0002:0000122c       $unwind$__scrt_dllmain_after_initialize_c 000000018001622c     MSVCRTD:utility.obj
 0002:0000122c       $unwind$__scrt_dllmain_before_initialize_c 000000018001622c     MSVCRTD:utility.obj
 0002:0000122c       $unwind$__scrt_dllmain_crt_thread_attach 000000018001622c     MSVCRTD:utility.obj
 0002:0000122c       $unwind$__scrt_dllmain_crt_thread_detach 000000018001622c     MSVCRTD:utility.obj
 0002:0000122c       $unwind$__scrt_dllmain_uninitialize_c 000000018001622c     MSVCRTD:utility.obj
 0002:0000122c       $unwind$__scrt_dllmain_uninitialize_critical 000000018001622c     MSVCRTD:utility.obj
 0002:00001234       $unwind$__scrt_is_nonwritable_in_current_image 0000000180016234     MSVCRTD:utility.obj
 0002:00001254       $unwind$__scrt_acquire_startup_lock 0000000180016254     MSVCRTD:utility.obj
 0002:0000125c       $unwind$__scrt_initialize_crt 000000018001625c     MSVCRTD:utility.obj
 0002:0000125c       $unwind$__scrt_release_startup_lock 000000018001625c     MSVCRTD:utility.obj
 0002:00001264       $unwind$__scrt_uninitialize_crt 0000000180016264     MSVCRTD:utility.obj
 0002:0000126c       $unwind$__scrt_initialize_onexit_tables 000000018001626c     MSVCRTD:utility.obj
 0002:00001278       $unwind$__scrt_fastfail    0000000180016278     MSVCRTD:utility_desktop.obj
 0002:00001284       $unwind$_RTC_Initialize    0000000180016284     MSVCRTD:initsect.obj
 0002:00001284       $unwind$_RTC_Terminate     0000000180016284     MSVCRTD:initsect.obj
 0002:00001290       $unwind$__isa_available_init 0000000180016290     MSVCRTD:cpu_disp.obj
 0002:000012a0       $unwind$__scrt_is_ucrt_dll_in_use 00000001800162a0     MSVCRTD:ucrt_detection.obj
 0002:000012a8       $xdatasym                  00000001800162a8     MSVCRTD:guard_dispatch.obj
 0002:000012b0       $xdatasym                  00000001800162b0     MSVCRTD:guard_xfg_dispatch.obj
 0002:000012c0       .edata                     00000001800162c0     P5Engine.exp
 0002:000012e8       rgpv                       00000001800162e8     P5Engine.exp
 0002:000012f0       rgszName                   00000001800162f0     P5Engine.exp
 0002:000012f8       rgwOrd                     00000001800162f8     P5Engine.exp
 0002:000012fc       szName                     00000001800162fc     P5Engine.exp
 0002:00001309       $N00001                    0000000180016309     P5Engine.exp
 0002:0000131d       $N00002                    000000018001631d     P5Engine.exp
 0002:000014c8       .idata$6                   00000001800164c8     vcruntimed:VCRUNTIME140D.dll
 0002:000015ac       .idata$6                   00000001800165ac     ucrtd:ucrtbased.dll
 0002:00001720       .idata$6                   0000000180016720     kernel32:KERNEL32.dll
 0003:00000000       ?RandomNumberTable@@3PAIA  0000000180017000     p5engine.obj
 0003:00004048       ?PlatformAddEntry@@3P6AXPEAUplatform_work_queue@@P6AX0PEAX@Z1@ZEA 000000018001b048     p5engine.obj
 0003:00004050       ?PlatformCompleteAllWork@@3P6AXPEAUplatform_work_queue@@@ZEA 000000018001b050     p5engine.obj
 0003:00004058       ?PlatformReadEntireFile@@3P6A?AUdebug_read_file_result@@PEAD@ZEA 000000018001b058     p5engine.obj
 0003:00004060       ?__proc_attached@@3HA      000000018001b060     MSVCRTD:dll_dllmain.obj
 0003:00004070       GS_ExceptionRecord         000000018001b070     MSVCRTD:gs_report.obj
 0003:00004110       GS_ContextRecord           000000018001b110     MSVCRTD:gs_report.obj
 0003:00004610       ?is_initialized_as_dll@@3_NA 000000018001b610     MSVCRTD:utility.obj
 0003:00004611       ?module_local_atexit_table_initialized@@3_NA 000000018001b611     MSVCRTD:utility.obj
 0003:00004618       ?module_local_atexit_table@@3U_onexit_table_t@@A 000000018001b618     MSVCRTD:utility.obj
 0003:00004630       ?module_local_at_quick_exit_table@@3U_onexit_table_t@@A 000000018001b630     MSVCRTD:utility.obj
 0005:00000000       __20BB4341_malloc@h        000000018001d000     p5engine.obj
 0005:00000001       __7D4BEAAE_p5engine_platform@h 000000018001d001     p5engine.obj
 0005:00000002       __741AE07E_corecrt_math@h  000000018001d002     p5engine.obj
 0005:00000003       __7BF3FA8A_p5engine_intrinsics@h 000000018001d003     p5engine.obj
 0005:00000004       __87290AA6_p5engine_math@h 000000018001d004     p5engine.obj
 0005:00000005       __F17FF173_p5engine_entity@h 000000018001d005     p5engine.obj
 0005:00000006       __72A74871_p5engine_asset@h 000000018001d006     p5engine.obj
 0005:00000007       __BD87FD4A_p5engine@h      000000018001d007     p5engine.obj
 0005:00000008       __B7A387D6_p5engine_random@h 000000018001d008     p5engine.obj
 0005:00000009       __6F2BF339_p5engine_render_group@cpp 000000018001d009     p5engine.obj
 0005:0000000a       __281AC6F8_p5engine_world@cpp 000000018001d00a     p5engine.obj
 0005:0000000b       __B07C4A52_p5engine_sim_region@cpp 000000018001d00b     p5engine.obj
 0005:0000000c       __BDC7FEEB_p5engine_entity@cpp 000000018001d00c     p5engine.obj
 0005:0000000d       __3D4C1499_p5engine_asset@cpp 000000018001d00d     p5engine.obj
 0005:0000000e       __BAF57382_p5engine@cpp    000000018001d00e     p5engine.obj
 0006:00000060       $R000000                   000000018001e060     * linker generated manifest res *
