 P5Engine

 Timestamp is 615522bb (Wed Sep 29 19:36:43 2021)

 Preferred load address is 0000000180000000

 Start         Length     Name                   Class
 0001:00000000 00010000H .textbss                DATA
 0002:00000000 000164f0H .text$mn                CODE
 0002:000164f0 00001040H .text$mn$00             CODE
 0002:00017530 00001141H .text$x                 CODE
 0003:00000000 00000110H .CRT$XCA                DATA
 0003:00000110 00000110H .CRT$XCZ                DATA
 0003:00000220 00000110H .CRT$XIA                DATA
 0003:00000330 00000110H .CRT$XIZ                DATA
 0003:00000440 00000110H .CRT$XPA                DATA
 0003:00000550 00000110H .CRT$XPZ                DATA
 0003:00000660 00000110H .CRT$XTA                DATA
 0003:00000770 00000110H .CRT$XTZ                DATA
 0003:00000880 00004800H .rdata                  DATA
 0003:00005080 00000110H .rdata$CastGuardVftablesA DATA
 0003:00005190 0000010cH .rdata$CastGuardVftablesC DATA
 0003:0000529c 0000017cH .rdata$zzzdbg           DATA
 0003:00005418 00000110H .rtc$IAA                DATA
 0003:00005528 00000110H .rtc$IMZ                DATA
 0003:00005638 00000110H .rtc$IZZ                DATA
 0003:00005748 00000110H .rtc$TAA                DATA
 0003:00005858 00000110H .rtc$TMZ                DATA
 0003:00005968 00000110H .rtc$TZZ                DATA
 0003:00005a78 00001308H .xdata                  DATA
 0003:00006d80 00000187H .edata                  DATA
 0004:00000000 00004e40H .data                   DATA
 0004:00004e40 00000788H .bss                    DATA
 0005:00000000 00002754H .pdata                  DATA
 0006:00000000 00000330H .idata$5                DATA
 0006:00000330 0000003cH .idata$2                DATA
 0006:0000036c 00000014H .idata$3                DATA
 0006:00000380 00000330H .idata$4                DATA
 0006:000006b0 0000064dH .idata$6                DATA
 0007:00000000 00000110H .msvcjmc                DATA
 0008:00000000 00000151H .00cfg                  DATA
 0009:00000000 00000170H .rsrc$01                DATA
 0009:00000170 000001b6H .rsrc$02                DATA

  Address         Publics by Value              Rva+Base               Lib:Object

 0000:00000000       __guard_fids_table         0000000000000000     <absolute>
 0000:00000000       __hybrid_auxiliary_iat_copy 0000000000000000     <absolute>
 0000:00000000       ___safe_se_handler_count   0000000000000000     <absolute>
 0000:00000000       __arm64x_extra_rfe_table_size 0000000000000000     <absolute>
 0000:00000000       __arm64x_redirection_metadata 0000000000000000     <absolute>
 0000:00000000       __volatile_metadata        0000000000000000     <absolute>
 0000:00000000       __AbsoluteZero             0000000000000000     <absolute>
 0000:00000000       __dynamic_value_reloc_table 0000000000000000     <absolute>
 0000:00000000       __hybrid_code_map          0000000000000000     <absolute>
 0000:00000000       __guard_longjmp_count      0000000000000000     <absolute>
 0000:00000000       __hybrid_code_map_count    0000000000000000     <absolute>
 0000:00000000       __guard_iat_table          0000000000000000     <absolute>
 0000:00000000       __guard_iat_count          0000000000000000     <absolute>
 0000:00000000       __guard_check_icall_a64n_fptr 0000000000000000     <absolute>
 0000:00000000       __x64_code_ranges_to_entry_points 0000000000000000     <absolute>
 0000:00000000       __arm64x_redirection_metadata_count 0000000000000000     <absolute>
 0000:00000000       __arm64x_extra_rfe_table   0000000000000000     <absolute>
 0000:00000000       __enclave_config           0000000000000000     <absolute>
 0000:00000000       __guard_eh_cont_count      0000000000000000     <absolute>
 0000:00000000       __arm64x_native_entrypoint 0000000000000000     <absolute>
 0000:00000000       __hybrid_auxiliary_iat     0000000000000000     <absolute>
 0000:00000000       __guard_fids_count         0000000000000000     <absolute>
 0000:00000000       __x64_code_ranges_to_entry_points_count 0000000000000000     <absolute>
 0000:00000000       __guard_longjmp_table      0000000000000000     <absolute>
 0000:00000000       __guard_eh_cont_table      0000000000000000     <absolute>
 0000:00000000       ___safe_se_handler_table   0000000000000000     <absolute>
 0000:00000100       __guard_flags              0000000000000100     <absolute>
 0000:00000000       __ImageBase                0000000180000000     <linker-defined>
 0001:00000000       __enc$textbss$begin        0000000180001000     <linker-defined>
 0001:00010000       __enc$textbss$end          0000000180011000     <linker-defined>
 0002:000009e0       ??D@YA?ATv2@@MT0@@Z        00000001800119e0 f i p5engine.obj
 0002:00000ad0       ??D@YA?ATv3@@MT0@@Z        0000000180011ad0 f i p5engine.obj
 0002:00000c10       ??D@YA?ATv3@@T0@M@Z        0000000180011c10 f i p5engine.obj
 0002:00000d10       ??G@YA?ATv2@@T0@0@Z        0000000180011d10 f i p5engine.obj
 0002:00000e00       ??G@YA?ATv3@@T0@0@Z        0000000180011e00 f i p5engine.obj
 0002:00000f50       ??H@YA?ATv2@@T0@0@Z        0000000180011f50 f i p5engine.obj
 0002:00001040       ??H@YA?ATv3@@T0@0@Z        0000000180012040 f i p5engine.obj
 0002:00001190       ??X@YAAEATv3@@AEAT0@M@Z    0000000180012190 f i p5engine.obj
 0002:00001250       ??Y@YAAEATv2@@AEAT0@T0@@Z  0000000180012250 f i p5engine.obj
 0002:000012d0       ??Y@YAAEATv3@@AEAT0@T0@@Z  00000001800122d0 f i p5engine.obj
 0002:000013b0       ??Z@YAAEATv3@@AEAT0@T0@@Z  00000001800123b0 f i p5engine.obj
 0002:00001490       ?AbsoluteValue@@YAMM@Z     0000000180012490 f i p5engine.obj
 0002:00001c90       ?AddFlags@@YAXPEAUsim_entity@@I@Z 0000000180012c90 f i p5engine.obj
 0002:00002450       ?AddRadiusTo@@YA?AUrectangle3@@U1@Tv3@@@Z 0000000180013450 f i p5engine.obj
 0002:00002f10       ?AreInSameChunk@@YAHPEAUworld@@PEAUworld_position@@1@Z 0000000180013f10 f i p5engine.obj
 0002:00003890       ?BeginTemporaryMemory@@YA?AUtemporary_memory@@PEAUmemory_arena@@@Z 0000000180014890 f i p5engine.obj
 0002:00003c10       ?CenteredChunkPoint@@YA?AUworld_position@@III@Z 0000000180014c10 f i p5engine.obj
 0002:00003f00       ?ChangeEntityLocationRaw@@YAXPEAUmemory_arena@@PEAUworld@@IPEAUworld_position@@2@Z 0000000180014f00 f i p5engine.obj
 0002:00004400       ?CheckArena@@YAXPEAUmemory_arena@@@Z 0000000180015400 f i p5engine.obj
 0002:00004460       ?ChunkPositionFromTilePosition@@YA?AUworld_position@@PEAUworld@@HHHTv3@@@Z 0000000180015460 f i p5engine.obj
 0002:000047d0       ?Clamp01@@YA?ATv2@@T1@@Z   00000001800157d0 f i p5engine.obj
 0002:000048b0       ?Clamp01@@YAMM@Z           00000001800158b0 f i p5engine.obj
 0002:00004910       ?Clamp@@YAMMMM@Z           0000000180015910 f i p5engine.obj
 0002:00004b70       ?ClearFlags@@YAXPEAUsim_entity@@I@Z 0000000180015b70 f i p5engine.obj
 0002:00005170       ?DefaultMoveSpec@@YA?AUmove_spec@@XZ 0000000180016170 f i p5engine.obj
 0002:000061e0       ?EndTemporaryMemory@@YAXUtemporary_memory@@@Z 00000001800171e0 f i p5engine.obj
 0002:000066c0       ?EntityOverlapsRectangle@@YAHTv3@@Usim_entity_collision_volume@@Urectangle3@@@Z 00000001800176c0 f i p5engine.obj
 0002:00007000       ?FindLeastSignificantSetBit@@YA?AUbit_scan_result@@I@Z 0000000180018000 f i p5engine.obj
 0002:000071c0       ?GetBarycentric@@YA?ATv2@@Urectangle2@@T1@@Z 00000001800181c0 f i p5engine.obj
 0002:00007300       ?GetEntityGroundPoint@@YA?ATv3@@PEAUsim_entity@@@Z 0000000180018300 f i p5engine.obj
 0002:00007400       ?GetEntityGroundPoint@@YA?ATv3@@PEAUsim_entity@@T1@@Z 0000000180018400 f i p5engine.obj
 0002:000075d0       ?GetLowEntity@@YAPEAUlow_entity@@PEAUgame_state@@I@Z 00000001800185d0 f i p5engine.obj
 0002:00007670       ?GetMaxCorner@@YA?ATv3@@Urectangle3@@@Z 0000000180018670 f i p5engine.obj
 0002:00007730       ?GetMinCorner@@YA?ATv3@@Urectangle3@@@Z 0000000180018730 f i p5engine.obj
 0002:000077f0       ?GetSimSpacePos@@YA?ATv3@@PEAUsim_region@@PEAUlow_entity@@@Z 00000001800187f0 f i p5engine.obj
 0002:00007970       ?GetStairGround@@YAMPEAUsim_entity@@Tv3@@@Z 0000000180018970 f i p5engine.obj
 0002:00007ae0       ?GetWorldChunk@@YAPEAUworld_chunk@@PEAUworld@@HHHPEAUmemory_arena@@@Z 0000000180018ae0 f i p5engine.obj
 0002:00007d60       ?Hadamard@@YA?ATv3@@T1@0@Z 0000000180018d60 f i p5engine.obj
 0002:000080b0       ?HasFlag@@YAHPEAUsim_entity@@I@Z 00000001800190b0 f i p5engine.obj
 0002:000081d0       ?InitializeArena@@YAXPEAUmemory_arena@@_KPEAX@Z 00000001800191d0 f i p5engine.obj
 0002:00008330       ?Inner@@YAMTv2@@0@Z        0000000180019330 f i p5engine.obj
 0002:000083b0       ?Inner@@YAMTv3@@0@Z        00000001800193b0 f i p5engine.obj
 0002:00008460       ?IsCanonical@@YAHMM@Z      0000000180019460 f i p5engine.obj
 0002:00008530       ?IsCanonical@@YAHPEAUworld@@Tv3@@@Z 0000000180019530 f i p5engine.obj
 0002:00008610       ?IsInRectangle@@YAHUrectangle3@@Tv3@@@Z 0000000180019610 f i p5engine.obj
 0002:00008730       ?IsValid@@YAHUworld_position@@@Z 0000000180019730 f i p5engine.obj
 0002:000087a0       ?Length@@YAMTv3@@@Z        00000001800197a0 f i p5engine.obj
 0002:00008820       ?LengthSq@@YAMTv2@@@Z      0000000180019820 f i p5engine.obj
 0002:00008880       ?LengthSq@@YAMTv3@@@Z      0000000180019880 f i p5engine.obj
 0002:00008920       ?LoadEntityReference@@YAXPEAUgame_state@@PEAUsim_region@@PEATentity_reference@@@Z 0000000180019920 f i p5engine.obj
 0002:00008c10       ?MakeEntityNonSpatial@@YAXPEAUsim_entity@@@Z 0000000180019c10 f i p5engine.obj
 0002:00008cd0       ?MakeEntitySpatial@@YAXPEAUsim_entity@@Tv3@@1@Z 0000000180019cd0 f i p5engine.obj
 0002:00009030       ?MapIntoChunkSpace@@YA?AUworld_position@@PEAUworld@@U1@Tv3@@@Z 000000018001a030 f i p5engine.obj
 0002:0000b1f0       ?NullPosition@@YA?AUworld_position@@XZ 000000018001c1f0 f i p5engine.obj
 0002:0000b2d0       ?PushBitmap@@YAXPEAUrender_group@@PEAUloaded_bitmap@@Tv2@@M2MM@Z 000000018001c2d0 f i p5engine.obj
 0002:0000b470       ?PushPiece@@YAXPEAUrender_group@@PEAUloaded_bitmap@@Tv2@@2M2Tv4@@M@Z 000000018001c470 f i p5engine.obj
 0002:0000b630       ?PushRect@@YAXPEAUrender_group@@Tv2@@M1Tv4@@M@Z 000000018001c630 f i p5engine.obj
 0002:0000b720       ?PushRenderElement@@YAPEAXPEAUrender_group@@I@Z 000000018001c720 f i p5engine.obj
 0002:0000b7f0       ?PushSize_@@YAPEAXPEAUmemory_arena@@_K@Z 000000018001c7f0 f i p5engine.obj
 0002:0000b8b0       ?RandomChoice@@YAIPEAUrandom_series@@I@Z 000000018001c8b0 f i p5engine.obj
 0002:0000b910       ?RandomNextUInt32@@YAIPEAUrandom_series@@@Z 000000018001c910 f i p5engine.obj
 0002:0000b9b0       ?RandomSeed@@YA?AUrandom_series@@I@Z 000000018001c9b0 f i p5engine.obj
 0002:0000ba80       ?RandomUnilateral@@YAMPEAUrandom_series@@@Z 000000018001ca80 f i p5engine.obj
 0002:0000bb00       ?RecanonicalizeCoord@@YAXMPEAHPEAM@Z 000000018001cb00 f i p5engine.obj
 0002:0000bbf0       ?RectCenterDim@@YA?AUrectangle2@@Tv2@@0@Z 000000018001cbf0 f i p5engine.obj
 0002:0000bcf0       ?RectCenterDim@@YA?AUrectangle3@@Tv3@@0@Z 000000018001ccf0 f i p5engine.obj
 0002:0000be60       ?RectCenterHalfDim@@YA?AUrectangle2@@Tv2@@0@Z 000000018001ce60 f i p5engine.obj
 0002:0000bfa0       ?RectCenterHalfDim@@YA?AUrectangle3@@Tv3@@0@Z 000000018001cfa0 f i p5engine.obj
 0002:0000c1b0       ?RectanglesIntersect@@YAHUrectangle3@@0@Z 000000018001d1b0 f i p5engine.obj
 0002:0000c2e0       ?RoundReal32ToInt32@@YAHM@Z 000000018001d2e0 f i p5engine.obj
 0002:0000c340       ?RoundReal32ToUInt32@@YAIM@Z 000000018001d340 f i p5engine.obj
 0002:0000c3a0       ?Sin@@YAMM@Z               000000018001d3a0 f i p5engine.obj
 0002:0000c580       ?Square@@YAMM@Z            000000018001d580 f i p5engine.obj
 0002:0000c5e0       ?SquareRoot@@YAMM@Z        000000018001d5e0 f i p5engine.obj
 0002:0000c640       ?StoreEntityReference@@YAXPEATentity_reference@@@Z 000000018001d640 f i p5engine.obj
 0002:0000c9c0       ?V2@@YA?ATv2@@MM@Z         000000018001d9c0 f i p5engine.obj
 0002:0000ca90       ?V2i@@YA?ATv2@@HH@Z        000000018001da90 f i p5engine.obj
 0002:0000cb40       ?V3@@YA?ATv3@@MMM@Z        000000018001db40 f i p5engine.obj
 0002:0000cc60       ?V4@@YA?ATv4@@MMMM@Z       000000018001dc60 f i p5engine.obj
 0002:0000cd90       ?ZeroSize@@YAX_KPEAX@Z     000000018001dd90 f i p5engine.obj
 0002:0000ce30       GameGetSoundSamples        000000018001de30 f   p5engine.obj
 0002:0000cea0       GameUpdateAndRender        000000018001dea0 f   p5engine.obj
 0002:00010e70       GetController              0000000180021e70 f i p5engine.obj
 0002:00010ef0       __JustMyCode_Default       0000000180021ef0 f i p5engine.obj
 0002:00010f00       _RTC_AllocaHelper          0000000180021f00 f   MSVCRTD:stack.obj
 0002:00010f50       _RTC_CheckStackVars        0000000180021f50 f   MSVCRTD:stack.obj
 0002:00011000       _RTC_CheckStackVars2       0000000180022000 f   MSVCRTD:stack.obj
 0002:00011150       _CRT_RTC_INIT              0000000180022150 f   MSVCRTD:init.obj
 0002:00011160       _CRT_RTC_INITW             0000000180022160 f   MSVCRTD:init.obj
 0002:00011170       _RTC_InitBase              0000000180022170 f   MSVCRTD:init.obj
 0002:000111c0       _RTC_Shutdown              00000001800221c0 f   MSVCRTD:init.obj
 0002:000111f0       __CheckForDebuggerJustMyCode 00000001800221f0 f   MSVCRTD:debugger_jmc.obj
 0002:00011240       __GSHandlerCheck           0000000180022240 f   MSVCRTD:gshandler.obj
 0002:00011290       __GSHandlerCheckCommon     0000000180022290 f   MSVCRTD:gshandler.obj
 0002:000113e0       __chkstk                   00000001800223e0 f   MSVCRTD:chkstk.obj
 0002:000113e0       _alloca_probe              00000001800223e0 f   MSVCRTD:chkstk.obj
 0002:00011460       __security_check_cookie    0000000180022460 f   MSVCRTD:amdsecgs.obj
 0002:00011990       _CRT_INIT                  0000000180022990 f   MSVCRTD:dll_dllmain.obj
 0002:000119d0       _DllMainCRTStartup         00000001800229d0 f   MSVCRTD:dll_dllmain.obj
 0002:00011ad0       ?_RTC_AllocaFailure@@YAXPEAXPEAU_RTC_ALLOCA_NODE@@H@Z 0000000180022ad0 f   MSVCRTD:error.obj
 0002:00011c80       ?_RTC_Failure@@YAXPEAXH@Z  0000000180022c80 f   MSVCRTD:error.obj
 0002:00011cf0       ?_RTC_StackFailure@@YAXPEAXPEBD@Z 0000000180022cf0 f   MSVCRTD:error.obj
 0002:00012230       _RTC_UninitUse             0000000180023230 f   MSVCRTD:error.obj
 0002:00012330       __local_stdio_printf_options 0000000180023330 f i MSVCRTD:error.obj
 0002:00012340       _vsprintf_s_l              0000000180023340 f i MSVCRTD:error.obj
 0002:000123c0       sprintf_s                  00000001800233c0 f i MSVCRTD:error.obj
 0002:000123f0       ?_RTC_GetErrorFunc@@YAP6AHHPEBDH00ZZPEBX@Z 00000001800233f0 f   MSVCRTD:userapi.obj
 0002:00012400       ?_RTC_GetErrorFuncW@@YAP6AHHPEB_WH00ZZPEBX@Z 0000000180023400 f   MSVCRTD:userapi.obj
 0002:00012410       _RTC_GetErrDesc            0000000180023410 f   MSVCRTD:userapi.obj
 0002:00012430       _RTC_NumErrors             0000000180023430 f   MSVCRTD:userapi.obj
 0002:00012440       _RTC_SetErrorFunc          0000000180023440 f   MSVCRTD:userapi.obj
 0002:00012460       _RTC_SetErrorFuncW         0000000180023460 f   MSVCRTD:userapi.obj
 0002:00012480       _RTC_SetErrorType          0000000180023480 f   MSVCRTD:userapi.obj
 0002:000124b0       __raise_securityfailure    00000001800234b0 f   MSVCRTD:gs_report.obj
 0002:00012500       __report_gsfailure         0000000180023500 f   MSVCRTD:gs_report.obj
 0002:00012610       __report_rangecheckfailure 0000000180023610 f   MSVCRTD:gs_report.obj
 0002:00012630       __report_securityfailure   0000000180023630 f   MSVCRTD:gs_report.obj
 0002:00012700       __report_securityfailureEx 0000000180023700 f   MSVCRTD:gs_report.obj
 0002:00012af0       __security_init_cookie     0000000180023af0 f   MSVCRTD:gs_support.obj
 0002:00012b90       DllMain                    0000000180023b90 f   MSVCRTD:dll_dllmain_stub.obj
 0002:00012be0       ?__scrt_initialize_type_info@@YAXXZ 0000000180023be0 f   MSVCRTD:tncleanup.obj
 0002:00012c00       ?__scrt_uninitialize_type_info@@YAXXZ 0000000180023c00 f   MSVCRTD:tncleanup.obj
 0002:00012c20       __local_stdio_scanf_options 0000000180023c20 f i MSVCRTD:default_local_stdio_options.obj
 0002:00012c30       __scrt_initialize_default_local_stdio_options 0000000180023c30 f   MSVCRTD:default_local_stdio_options.obj
 0002:00012c90       ?configure_argv@__scrt_narrow_argv_policy@@SAHXZ 0000000180023c90 f i MSVCRTD:utility.obj
 0002:00012db0       ?initialize_environment@__scrt_narrow_environment_policy@@SAHXZ 0000000180023db0 f i MSVCRTD:utility.obj
 0002:00012e80       NtCurrentTeb               0000000180023e80 f i MSVCRTD:utility.obj
 0002:00012e90       __scrt_acquire_startup_lock 0000000180023e90 f   MSVCRTD:utility.obj
 0002:00012f10       __scrt_dllmain_after_initialize_c 0000000180023f10 f   MSVCRTD:utility.obj
 0002:00012f50       __scrt_dllmain_before_initialize_c 0000000180023f50 f   MSVCRTD:utility.obj
 0002:00012f80       __scrt_dllmain_crt_thread_attach 0000000180023f80 f   MSVCRTD:utility.obj
 0002:00012fc0       __scrt_dllmain_crt_thread_detach 0000000180023fc0 f   MSVCRTD:utility.obj
 0002:00012fe0       __scrt_dllmain_exception_filter 0000000180023fe0 f   MSVCRTD:utility.obj
 0002:00013060       __scrt_dllmain_uninitialize_c 0000000180024060 f   MSVCRTD:utility.obj
 0002:000130a0       __scrt_dllmain_uninitialize_critical 00000001800240a0 f   MSVCRTD:utility.obj
 0002:000130c0       __scrt_initialize_crt      00000001800240c0 f   MSVCRTD:utility.obj
 0002:00013120       __scrt_initialize_onexit_tables 0000000180024120 f   MSVCRTD:utility.obj
 0002:00013270       __scrt_is_nonwritable_in_current_image 0000000180024270 f   MSVCRTD:utility.obj
 0002:00013320       __scrt_release_startup_lock 0000000180024320 f   MSVCRTD:utility.obj
 0002:00013360       __scrt_uninitialize_crt    0000000180024360 f   MSVCRTD:utility.obj
 0002:000133b0       _onexit                    00000001800243b0 f   MSVCRTD:utility.obj
 0002:00013450       at_quick_exit              0000000180024450 f   MSVCRTD:utility.obj
 0002:000134b0       atexit                     00000001800244b0 f   MSVCRTD:utility.obj
 0002:000134f0       __scrt_get_dyn_tls_init_callback 00000001800244f0 f   MSVCRTD:dyn_tls_init.obj
 0002:00013500       __crt_debugger_hook        0000000180024500 f   MSVCRTD:utility_desktop.obj
 0002:00013520       __scrt_fastfail            0000000180024520 f   MSVCRTD:utility_desktop.obj
 0002:00013720       __scrt_get_show_window_mode 0000000180024720 f   MSVCRTD:utility_desktop.obj
 0002:00013790       __scrt_initialize_mta      0000000180024790 f   MSVCRTD:utility_desktop.obj
 0002:000137b0       __scrt_initialize_winrt    00000001800247b0 f   MSVCRTD:utility_desktop.obj
 0002:000137c0       __scrt_is_managed_app      00000001800247c0 f   MSVCRTD:utility_desktop.obj
 0002:00013890       __scrt_set_unhandled_exception_filter 0000000180024890 f   MSVCRTD:utility_desktop.obj
 0002:000138b0       __scrt_stub_for_initialize_mta 00000001800248b0 f   MSVCRTD:utility_desktop.obj
 0002:000138b0       __scrt_exe_initialize_mta  00000001800248b0 f   MSVCRTD:utility_desktop.obj
 0002:000138c0       __scrt_unhandled_exception_filter 00000001800248c0 f   MSVCRTD:utility_desktop.obj
 0002:00013980       _RTC_Initialize            0000000180024980 f   MSVCRTD:initsect.obj
 0002:000139e0       _RTC_Terminate             00000001800249e0 f   MSVCRTD:initsect.obj
 0002:00013a40       _guard_check_icall_nop     0000000180024a40 f i MSVCRTD:guard_support.obj
 0002:00013a50       ReadNoFence64              0000000180024a50 f i MSVCRTD:guard_support.obj
 0002:00013a80       ReadPointerNoFence         0000000180024a80 f i MSVCRTD:guard_support.obj
 0002:00013aa0       __castguard_check_failure_debugbreak 0000000180024aa0 f i MSVCRTD:guard_support.obj
 0002:00013ad0       __castguard_check_failure_fastfail 0000000180024ad0 f i MSVCRTD:guard_support.obj
 0002:00013b00       __castguard_check_failure_nop 0000000180024b00 f i MSVCRTD:guard_support.obj
 0002:00013b10       __castguard_check_failure_os_handled 0000000180024b10 f i MSVCRTD:guard_support.obj
 0002:00013c00       __castguard_slow_path_check_debugbreak 0000000180024c00 f i MSVCRTD:guard_support.obj
 0002:00013c50       __castguard_slow_path_check_fastfail 0000000180024c50 f i MSVCRTD:guard_support.obj
 0002:00013cb0       __castguard_slow_path_check_nop 0000000180024cb0 f i MSVCRTD:guard_support.obj
 0002:00013cd0       __castguard_slow_path_check_os_handled 0000000180024cd0 f i MSVCRTD:guard_support.obj
 0002:00013de0       _guard_icall_checks_enforced 0000000180024de0 f i MSVCRTD:guard_support.obj
 0002:00013e30       _guard_rf_checks_enforced  0000000180024e30 f i MSVCRTD:guard_support.obj
 0002:00014490       ?_RTC_GetSrcLine@@YAHPEAEPEA_WKPEAH1K@Z 0000000180025490 f   MSVCRTD:pdblkup.obj
 0002:00014950       __isa_available_init       0000000180025950 f   MSVCRTD:cpu_disp.obj
 0002:00014dd0       _get_startup_argv_mode     0000000180025dd0 f   MSVCRTD:argv_mode.obj
 0002:00014de0       __scrt_is_ucrt_dll_in_use  0000000180025de0 f   MSVCRTD:ucrt_detection.obj
 0002:00014e10       __C_specific_handler       0000000180025e10 f   vcruntimed:VCRUNTIME140D.dll
 0002:00014e16       __C_specific_handler_noexcept 0000000180025e16 f   vcruntimed:VCRUNTIME140D.dll
 0002:00014e1c       __std_type_info_destroy_list 0000000180025e1c f   vcruntimed:VCRUNTIME140D.dll
 0002:00014e22       __current_exception        0000000180025e22 f   vcruntimed:VCRUNTIME140D.dll
 0002:00014e28       __current_exception_context 0000000180025e28 f   vcruntimed:VCRUNTIME140D.dll
 0002:00014e2e       __vcrt_GetModuleFileNameW  0000000180025e2e f   vcruntimed:VCRUNTIME140D.dll
 0002:00014e34       __vcrt_GetModuleHandleW    0000000180025e34 f   vcruntimed:VCRUNTIME140D.dll
 0002:00014e3a       __vcrt_LoadLibraryExW      0000000180025e3a f   vcruntimed:VCRUNTIME140D.dll
 0002:00014e40       fabs                       0000000180025e40 f   ucrtd:ucrtbased.dll
 0002:00014e46       roundf                     0000000180025e46 f   ucrtd:ucrtbased.dll
 0002:00014e4c       sinf                       0000000180025e4c f   ucrtd:ucrtbased.dll
 0002:00014e52       sqrtf                      0000000180025e52 f   ucrtd:ucrtbased.dll
 0002:00014e58       _CrtDbgReport              0000000180025e58 f   ucrtd:ucrtbased.dll
 0002:00014e5e       _CrtDbgReportW             0000000180025e5e f   ucrtd:ucrtbased.dll
 0002:00014e64       _initterm                  0000000180025e64 f   ucrtd:ucrtbased.dll
 0002:00014e6a       _initterm_e                0000000180025e6a f   ucrtd:ucrtbased.dll
 0002:00014e70       strcpy_s                   0000000180025e70 f   ucrtd:ucrtbased.dll
 0002:00014e76       strcat_s                   0000000180025e76 f   ucrtd:ucrtbased.dll
 0002:00014e7c       __stdio_common_vsprintf_s  0000000180025e7c f   ucrtd:ucrtbased.dll
 0002:00014e82       _seh_filter_dll            0000000180025e82 f   ucrtd:ucrtbased.dll
 0002:00014e88       _configure_narrow_argv     0000000180025e88 f   ucrtd:ucrtbased.dll
 0002:00014e8e       _initialize_narrow_environment 0000000180025e8e f   ucrtd:ucrtbased.dll
 0002:00014e94       _initialize_onexit_table   0000000180025e94 f   ucrtd:ucrtbased.dll
 0002:00014e9a       _register_onexit_function  0000000180025e9a f   ucrtd:ucrtbased.dll
 0002:00014ea0       _execute_onexit_table      0000000180025ea0 f   ucrtd:ucrtbased.dll
 0002:00014ea6       _crt_atexit                0000000180025ea6 f   ucrtd:ucrtbased.dll
 0002:00014eac       _crt_at_quick_exit         0000000180025eac f   ucrtd:ucrtbased.dll
 0002:00014eb2       _cexit                     0000000180025eb2 f   ucrtd:ucrtbased.dll
 0002:00014eb8       terminate                  0000000180025eb8 f   ucrtd:ucrtbased.dll
 0002:00014ebe       _wmakepath_s               0000000180025ebe f   ucrtd:ucrtbased.dll
 0002:00014ec4       _wsplitpath_s              0000000180025ec4 f   ucrtd:ucrtbased.dll
 0002:00014eca       wcscpy_s                   0000000180025eca f   ucrtd:ucrtbased.dll
 0002:00014ed0       GetCurrentThreadId         0000000180025ed0 f   kernel32:KERNEL32.dll
 0002:00014ed6       IsDebuggerPresent          0000000180025ed6 f   kernel32:KERNEL32.dll
 0002:00014edc       RaiseException             0000000180025edc f   kernel32:KERNEL32.dll
 0002:00014ee2       MultiByteToWideChar        0000000180025ee2 f   kernel32:KERNEL32.dll
 0002:00014ee8       WideCharToMultiByte        0000000180025ee8 f   kernel32:KERNEL32.dll
 0002:00014eee       RtlCaptureContext          0000000180025eee f   kernel32:KERNEL32.dll
 0002:00014ef4       RtlLookupFunctionEntry     0000000180025ef4 f   kernel32:KERNEL32.dll
 0002:00014efa       RtlVirtualUnwind           0000000180025efa f   kernel32:KERNEL32.dll
 0002:00014f00       UnhandledExceptionFilter   0000000180025f00 f   kernel32:KERNEL32.dll
 0002:00014f06       SetUnhandledExceptionFilter 0000000180025f06 f   kernel32:KERNEL32.dll
 0002:00014f0c       GetCurrentProcess          0000000180025f0c f   kernel32:KERNEL32.dll
 0002:00014f12       TerminateProcess           0000000180025f12 f   kernel32:KERNEL32.dll
 0002:00014f18       IsProcessorFeaturePresent  0000000180025f18 f   kernel32:KERNEL32.dll
 0002:00014f1e       QueryPerformanceCounter    0000000180025f1e f   kernel32:KERNEL32.dll
 0002:00014f24       GetCurrentProcessId        0000000180025f24 f   kernel32:KERNEL32.dll
 0002:00014f2a       GetSystemTimeAsFileTime    0000000180025f2a f   kernel32:KERNEL32.dll
 0002:00014f30       DisableThreadLibraryCalls  0000000180025f30 f   kernel32:KERNEL32.dll
 0002:00014f36       InitializeSListHead        0000000180025f36 f   kernel32:KERNEL32.dll
 0002:00014f3c       GetStartupInfoW            0000000180025f3c f   kernel32:KERNEL32.dll
 0002:00014f42       GetModuleHandleW           0000000180025f42 f   kernel32:KERNEL32.dll
 0002:00014f48       GetLastError               0000000180025f48 f   kernel32:KERNEL32.dll
 0002:00014f4e       HeapAlloc                  0000000180025f4e f   kernel32:KERNEL32.dll
 0002:00014f54       HeapFree                   0000000180025f54 f   kernel32:KERNEL32.dll
 0002:00014f5a       GetProcessHeap             0000000180025f5a f   kernel32:KERNEL32.dll
 0002:00014f60       VirtualQuery               0000000180025f60 f   kernel32:KERNEL32.dll
 0002:00014f66       FreeLibrary                0000000180025f66 f   kernel32:KERNEL32.dll
 0002:00014f6c       GetProcAddress             0000000180025f6c f   kernel32:KERNEL32.dll
 0002:00014f80       __vcrt_initialize          0000000180025f80 f   MSVCRTD:ucrt_stubs.obj
 0002:00014f80       __acrt_initialize          0000000180025f80 f   MSVCRTD:ucrt_stubs.obj
 0002:00014f80       __scrt_stub_for_acrt_initialize 0000000180025f80 f   MSVCRTD:ucrt_stubs.obj
 0002:00014f90       __acrt_thread_attach       0000000180025f90 f   MSVCRTD:ucrt_stubs.obj
 0002:00014f90       __scrt_stub_for_acrt_thread_attach 0000000180025f90 f   MSVCRTD:ucrt_stubs.obj
 0002:00014f90       __vcrt_thread_attach       0000000180025f90 f   MSVCRTD:ucrt_stubs.obj
 0002:00014fa0       __vcrt_thread_detach       0000000180025fa0 f   MSVCRTD:ucrt_stubs.obj
 0002:00014fa0       __scrt_stub_for_acrt_thread_detach 0000000180025fa0 f   MSVCRTD:ucrt_stubs.obj
 0002:00014fa0       __acrt_thread_detach       0000000180025fa0 f   MSVCRTD:ucrt_stubs.obj
 0002:00014fb0       __vcrt_uninitialize        0000000180025fb0 f   MSVCRTD:ucrt_stubs.obj
 0002:00014fb0       __scrt_stub_for_acrt_uninitialize 0000000180025fb0 f   MSVCRTD:ucrt_stubs.obj
 0002:00014fb0       __acrt_uninitialize        0000000180025fb0 f   MSVCRTD:ucrt_stubs.obj
 0002:00014fc0       __vcrt_uninitialize_critical 0000000180025fc0 f   MSVCRTD:ucrt_stubs.obj
 0002:00014fc0       __acrt_uninitialize_critical 0000000180025fc0 f   MSVCRTD:ucrt_stubs.obj
 0002:00014fc0       __scrt_stub_for_acrt_uninitialize_critical 0000000180025fc0 f   MSVCRTD:ucrt_stubs.obj
 0002:00014fd0       __scrt_stub_for_is_c_termination_complete 0000000180025fd0 f   MSVCRTD:ucrt_stubs.obj
 0002:00014fd0       _is_c_termination_complete 0000000180025fd0 f   MSVCRTD:ucrt_stubs.obj
 0002:00016500       _guard_dispatch_icall_nop  0000000180027500 f   MSVCRTD:guard_dispatch.obj
 0002:00016520       _guard_xfg_dispatch_icall_nop 0000000180027520 f   MSVCRTD:guard_xfg_dispatch.obj
 0003:00000000       __xc_a                     000000018002a000     MSVCRTD:initializers.obj
 0003:00000110       __xc_z                     000000018002a110     MSVCRTD:initializers.obj
 0003:00000220       __xi_a                     000000018002a220     MSVCRTD:initializers.obj
 0003:00000330       __xi_z                     000000018002a330     MSVCRTD:initializers.obj
 0003:00000440       __xp_a                     000000018002a440     MSVCRTD:initializers.obj
 0003:00000550       __xp_z                     000000018002a550     MSVCRTD:initializers.obj
 0003:00000660       __xt_a                     000000018002a660     MSVCRTD:initializers.obj
 0003:00000770       __xt_z                     000000018002a770     MSVCRTD:initializers.obj
 0003:00003ee0       ??_C@_0BA@NMEIMCEK@InvalidCodePath@ 000000018002dee0     p5engine.obj
 0003:00003ef8       ??_C@_0BJ@GOOPBPNK@P5Engine?1data?1grass1?4bmp@ 000000018002def8     p5engine.obj
 0003:00003f18       ??_C@_0BI@GAHHFIBN@P5Engine?1data?1soil1?4bmp@ 000000018002df18     p5engine.obj
 0003:00003f38       ??_C@_0BI@OGODCKLD@P5Engine?1data?1soil2?4bmp@ 000000018002df38     p5engine.obj
 0003:00003f58       ??_C@_0BI@CNLPPJBG@P5Engine?1data?1soil3?4bmp@ 000000018002df58     p5engine.obj
 0003:00003f78       ??_C@_0BI@DGFEELIO@P5Engine?1data?1tuft1?4bmp@ 000000018002df78     p5engine.obj
 0003:00003f98       ??_C@_0BI@LAMADJCA@P5Engine?1data?1tuft2?4bmp@ 000000018002df98     p5engine.obj
 0003:00003fb8       ??_C@_0BF@HOIOEMCL@P5Engine?1data?1bg?4bmp@ 000000018002dfb8     p5engine.obj
 0003:00003fd8       ??_C@_0BJ@EPENJOEL@P5Engine?1data?1shadow?4bmp@ 000000018002dfd8     p5engine.obj
 0003:00003ff8       ??_C@_0BJ@HEECFFOE@P5Engine?1data?1stairs?4bmp@ 000000018002dff8     p5engine.obj
 0003:00004018       ??_C@_0BH@DDOBAHNL@P5Engine?1data?1tree?4bmp@ 000000018002e018     p5engine.obj
 0003:00004038       ??_C@_0BI@EPGPCLAL@P5Engine?1data?1enemy?4bmp@ 000000018002e038     p5engine.obj
 0003:00004058       ??_C@_0BG@IEBKPHGI@P5Engine?1data?1orb?4bmp@ 000000018002e058     p5engine.obj
 0003:00004078       ??_C@_0BP@CIDLMIJA@P5Engine?1data?1char?9right?90?4bmp@ 000000018002e078     p5engine.obj
 0003:000040a0       ??_C@_0BO@PEBAPFLC@P5Engine?1data?1char?9back?90?4bmp@ 000000018002e0a0     p5engine.obj
 0003:000040c8       ??_C@_0BO@EAIBBIAG@P5Engine?1data?1char?9left?90?4bmp@ 000000018002e0c8     p5engine.obj
 0003:000040f0       ??_C@_0BP@MKDPGEOC@P5Engine?1data?1char?9front?90?4bmp@ 000000018002e0f0     p5engine.obj
 0003:00004118       ??_C@_0BO@KNNOBFKI@P5Engine?1data?1sword?9right?4bmp@ 000000018002e118     p5engine.obj
 0003:00004140       ??_C@_0BN@LDDHILOB@P5Engine?1data?1sword?9back?4bmp@ 000000018002e140     p5engine.obj
 0003:00004168       ??_C@_0BN@FPAHMBGA@P5Engine?1data?1sword?9left?4bmp@ 000000018002e168     p5engine.obj
 0003:00004190       ??_C@_0BO@BNDLMGBJ@P5Engine?1data?1sword?9front?4bmp@ 000000018002e190     p5engine.obj
 0003:000041b4       __real@00000000            000000018002e1b4     p5engine.obj
 0003:000041b8       __real@308992b1            000000018002e1b8     p5engine.obj
 0003:000041bc       __real@3a83126f            000000018002e1bc     p5engine.obj
 0003:000041c0       __real@3c23d70a            000000018002e1c0     p5engine.obj
 0003:000041c4       __real@3dcccccd            000000018002e1c4     p5engine.obj
 0003:000041c8       __real@3e4ccccd            000000018002e1c8     p5engine.obj
 0003:000041cc       __real@3e800000            000000018002e1cc     p5engine.obj
 0003:000041d0       __real@3f000000            000000018002e1d0     p5engine.obj
 0003:000041d4       __real@3f666666            000000018002e1d4     p5engine.obj
 0003:000041d8       __real@3f800000            000000018002e1d8     p5engine.obj
 0003:000041dc       __real@3f8ccccd            000000018002e1dc     p5engine.obj
 0003:000041e0       __real@3f99999a            000000018002e1e0     p5engine.obj
 0003:000041e4       __real@3fb33333            000000018002e1e4     p5engine.obj
 0003:000041e8       __real@3fc00000            000000018002e1e8     p5engine.obj
 0003:000041ec       __real@40000000            000000018002e1ec     p5engine.obj
 0003:000041f0       __real@400ccccd            000000018002e1f0     p5engine.obj
 0003:000041f4       __real@40400000            000000018002e1f4     p5engine.obj
 0003:000041f8       __real@40a00000            000000018002e1f8     p5engine.obj
 0003:000041fc       __real@40c00000            000000018002e1fc     p5engine.obj
 0003:00004200       __real@40c90fdb            000000018002e200     p5engine.obj
 0003:00004204       __real@41200000            000000018002e204     p5engine.obj
 0003:00004208       __real@41700000            000000018002e208     p5engine.obj
 0003:0000420c       __real@41880000            000000018002e20c     p5engine.obj
 0003:00004210       __real@41a00000            000000018002e210     p5engine.obj
 0003:00004214       __real@41c00000            000000018002e214     p5engine.obj
 0003:00004218       __real@41f00000            000000018002e218     p5engine.obj
 0003:0000421c       __real@42000000            000000018002e21c     p5engine.obj
 0003:00004220       __real@42340000            000000018002e220     p5engine.obj
 0003:00004224       __real@42400000            000000018002e224     p5engine.obj
 0003:00004228       __real@42600000            000000018002e228     p5engine.obj
 0003:0000422c       __real@42800000            000000018002e22c     p5engine.obj
 0003:00004230       __real@42960000            000000018002e230     p5engine.obj
 0003:00004234       __real@437f0000            000000018002e234     p5engine.obj
 0003:00004238       __real@461c4000            000000018002e238     p5engine.obj
 0003:0000423c       __real@47c35000            000000018002e23c     p5engine.obj
 0003:00004240       __real@7f7fffff            000000018002e240     p5engine.obj
 0003:00004244       __real@becccccd            000000018002e244     p5engine.obj
 0003:00004248       __real@bf000000            000000018002e248     p5engine.obj
 0003:0000424c       __real@bf800000            000000018002e24c     p5engine.obj
 0003:00004250       __real@c11ccccd            000000018002e250     p5engine.obj
 0003:00004260       __xmm@80000000800000008000000080000000 000000018002e260     p5engine.obj
 0003:00004278       _pRawDllMain               000000018002e278     MSVCRTD:dll_dllmain.obj
 0003:00004278       _pDefaultRawDllMain        000000018002e278     MSVCRTD:dll_dllmain.obj
 0003:00004370       ??_C@_0NN@JMPELKLB@The?5value?5of?5ESP?5was?5not?5proper@ 000000018002e370     MSVCRTD:error.obj
 0003:00004480       ??_C@_0BBN@ELNNILBE@A?5cast?5to?5a?5smaller?5data?5type?5h@ 000000018002e480     MSVCRTD:error.obj
 0003:000045d8       ??_C@_0BN@BPOGFMJL@Stack?5memory?5was?5corrupted?$AN?6@ 000000018002e5d8     MSVCRTD:error.obj
 0003:00004600       ??_C@_0DG@DAJCDLPN@A?5local?5variable?5was?5used?5befor@ 000000018002e600     MSVCRTD:error.obj
 0003:00004640       ??_C@_0CM@JMIDGKLA@Stack?5memory?5around?5_alloca?5was@ 000000018002e640     MSVCRTD:error.obj
 0003:00004678       ??_C@_0BO@CHIONIOI@Unknown?5Runtime?5Check?5Error?$AN?6@ 000000018002e678     MSVCRTD:error.obj
 0003:000046a0       ??_C@_1GM@CNOOJIHC@?$AAR?$AAu?$AAn?$AAt?$AAi?$AAm?$AAe?$AA?5?$AAC?$AAh?$AAe?$AAc?$AAk?$AA?5?$AAE@ 000000018002e6a0     MSVCRTD:error.obj
 0003:00004730       ??_C@_1EA@NFKNIFJP@?$AAR?$AAu?$AAn?$AA?9?$AAT?$AAi?$AAm?$AAe?$AA?5?$AAC?$AAh?$AAe?$AAc?$AAk?$AA?5@ 000000018002e730     MSVCRTD:error.obj
 0003:00004780       ??_C@_0BB@PFFGGCJP@Unknown?5Filename@ 000000018002e780     MSVCRTD:error.obj
 0003:00004798       ??_C@_0BE@GNBOBNCK@Unknown?5Module?5Name@ 000000018002e798     MSVCRTD:error.obj
 0003:000047b0       ??_C@_0CA@IODNCDPG@Run?9Time?5Check?5Failure?5?$CD?$CFd?5?9?5?$CFs@ 000000018002e7b0     MSVCRTD:error.obj
 0003:000047d8       ??_C@_0CG@IAFNJNEE@Stack?5corrupted?5near?5unknown?5va@ 000000018002e7d8     MSVCRTD:error.obj
 0003:00004808       ??_C@_05MKKEDADM@?$CF?42X?5@ 000000018002e808     MSVCRTD:error.obj
 0003:00004810       ??_C@_0EJ@LJKNEOLN@Stack?5area?5around?5_alloca?5memor@ 000000018002e810     MSVCRTD:error.obj
 0003:00004868       ??_C@_01EEMJAFIK@?6@       000000018002e868     MSVCRTD:error.obj
 0003:0000486c       ??_C@_02LLMPMKNF@?$DO?5@   000000018002e86c     MSVCRTD:error.obj
 0003:00004870       ??_C@_08OMAHNMHJ@?6Data?3?5?$DM@ 000000018002e870     MSVCRTD:error.obj
 0003:00004880       ??_C@_0CK@DKGBICFE@?6Allocation?5number?5within?5this?5@ 000000018002e880     MSVCRTD:error.obj
 0003:000048b8       ??_C@_07DFDJCKFN@?6Size?3?5@ 000000018002e8b8     MSVCRTD:error.obj
 0003:000048c8       ??_C@_0N@MHFFIMFG@?6Address?3?50x@ 000000018002e8c8     MSVCRTD:error.obj
 0003:000048e0       ??_C@_0EI@CLEPFNGI@Stack?5area?5around?5_alloca?5memor@ 000000018002e8e0     MSVCRTD:error.obj
 0003:00004938       ??_C@_0BK@ODNDAGKB@?$CFs?$CFs?$CFp?$CFs?$CFzd?$CFs?$CFd?$CFs?$CFs?$CFs?$CFs?$CFs@ 000000018002e938     MSVCRTD:error.obj
 0003:00004958       ??_C@_0DE@OHJBPMBP@A?5variable?5is?5being?5used?5withou@ 000000018002e958     MSVCRTD:error.obj
 0003:000049c8       ??_C@_0BJ@HEGAHDFO@Stack?5pointer?5corruption@ 000000018002e9c8     MSVCRTD:userapi.obj
 0003:000049e8       ??_C@_0CK@FEGOIOPB@Cast?5to?5smaller?5type?5causing?5lo@ 000000018002e9e8     MSVCRTD:userapi.obj
 0003:00004a20       ??_C@_0BI@CIGMDCBH@Stack?5memory?5corruption@ 000000018002ea20     MSVCRTD:userapi.obj
 0003:00004a40       ??_C@_0CK@CNLNOEPB@Local?5variable?5used?5before?5init@ 000000018002ea40     MSVCRTD:userapi.obj
 0003:00004a78       ??_C@_0BP@OGBCLIBO@Stack?5around?5_alloca?5corrupted@ 000000018002ea78     MSVCRTD:userapi.obj
 0003:00004b20       ??_C@_1EI@MLPKHBGE@?$AAa?$AAp?$AAi?$AA?9?$AAm?$AAs?$AA?9?$AAw?$AAi?$AAn?$AA?9?$AAc?$AAo?$AAr?$AAe@ 000000018002eb20     MSVCRTD:pdblkup.obj
 0003:00004b78       ??_C@_1BK@JHLNAEJL@?$AAa?$AAd?$AAv?$AAa?$AAp?$AAi?$AA3?$AA2?$AA?4?$AAd?$AAl?$AAl@ 000000018002eb78     MSVCRTD:pdblkup.obj
 0003:00004b98       ??_C@_0O@COHOBMLB@RegOpenKeyExW@ 000000018002eb98     MSVCRTD:pdblkup.obj
 0003:00004ba8       ??_C@_0BB@GLNAEDBD@RegQueryValueExW@ 000000018002eba8     MSVCRTD:pdblkup.obj
 0003:00004bc0       ??_C@_0M@HLOHPNFA@RegCloseKey@ 000000018002ebc0     MSVCRTD:pdblkup.obj
 0003:00004bd0       ??_C@_1HE@EBEAGLFB@?$AAS?$AAO?$AAF?$AAT?$AAW?$AAA?$AAR?$AAE?$AA?2?$AAW?$AAo?$AAw?$AA6?$AA4?$AA3@ 000000018002ebd0     MSVCRTD:pdblkup.obj
 0003:00004c60       ??_C@_1BG@EABPBLLF@?$AAP?$AAr?$AAo?$AAd?$AAu?$AAc?$AAt?$AAD?$AAi?$AAr@ 000000018002ec60     MSVCRTD:pdblkup.obj
 0003:00004ca8       ??_C@_1BC@JINFINNJ@?$AAM?$AAS?$AAP?$AAD?$AAB?$AA1?$AA4?$AA0@ 000000018002eca8     MSVCRTD:pdblkup.obj
 0003:00004cc0       ??_C@_0BB@KCIACLNC@PDBOpenValidate5@ 000000018002ecc0     MSVCRTD:pdblkup.obj
 0003:00004cd4       ??_C@_01KDCPPGHE@r@        000000018002ecd4     MSVCRTD:pdblkup.obj
 0003:00004d10       _load_config_used          000000018002ed10     MSVCRTD:loadcfg.obj
 0003:00005080       __CastGuardVftablesStart   000000018002f080     MSVCRTD:guard_support.obj
 0003:00005190       __CastGuardVftablesEnd     000000018002f190     MSVCRTD:guard_support.obj
 0003:00005418       __rtc_iaa                  000000018002f418     MSVCRTD:initsect.obj
 0003:00005638       __rtc_izz                  000000018002f638     MSVCRTD:initsect.obj
 0003:00005748       __rtc_taa                  000000018002f748     MSVCRTD:initsect.obj
 0003:00005968       __rtc_tzz                  000000018002f968     MSVCRTD:initsect.obj
 0004:00004cd0       __security_cookie_complement 0000000180035cd0     MSVCRTD:gs_cookie.obj
 0004:00004cd8       __security_cookie          0000000180035cd8     MSVCRTD:gs_cookie.obj
 0004:00004ce4       _fltused                   0000000180035ce4     MSVCRTD:fltused.obj
 0004:00004ce8       ?_RTC_ErrorLevels@@3PAHA   0000000180035ce8     MSVCRTD:error.obj
 0004:00004d00       __scrt_native_dllmain_reason 0000000180035d00     MSVCRTD:utility.obj
 0004:00004d08       __isa_available            0000000180035d08     MSVCRTD:cpu_disp.obj
 0004:00004d0c       __isa_enabled              0000000180035d0c     MSVCRTD:cpu_disp.obj
 0004:00004d10       __memcpy_nt_iters          0000000180035d10     MSVCRTD:cpu_disp.obj
 0004:00004d18       __memset_nt_iters          0000000180035d18     MSVCRTD:cpu_disp.obj
 0004:00004d30       __scrt_ucrt_dll_is_in_use  0000000180035d30     MSVCRTD:ucrt_stubs.obj
 0004:00004e48       ?_OptionsStorage@?1??__local_stdio_printf_options@@9@4_KA 0000000180035e48     MSVCRTD:error.obj
 0004:00005500       ?__type_info_root_node@@3U__type_info_node@@A 0000000180036500     MSVCRTD:tncleanup.obj
 0004:00005518       ?_OptionsStorage@?1??__local_stdio_scanf_options@@9@4_KA 0000000180036518     MSVCRTD:default_local_stdio_options.obj
 0004:00005528       __scrt_current_native_startup_state 0000000180036528     MSVCRTD:utility.obj
 0004:00005530       __scrt_native_startup_lock 0000000180036530     MSVCRTD:utility.obj
 0004:00005580       __scrt_debugger_hook_flag  0000000180036580     MSVCRTD:utility_desktop.obj
 0004:00005588       __castguard_check_failure_os_handled_fptr 0000000180036588     MSVCRTD:guard_support.obj
 0004:000055a4       __favor                    00000001800365a4     MSVCRTD:cpu_disp.obj
 0004:000055a8       __dyn_tls_init_callback    00000001800365a8     <common>
 0004:000055bc       __DebuggerCurrentSteppingThreadId 00000001800365bc     <common>
 0006:00000000       __imp_DisableThreadLibraryCalls 000000018003a000     kernel32:KERNEL32.dll
 0006:00000008       __imp_GetCurrentThreadId   000000018003a008     kernel32:KERNEL32.dll
 0006:00000010       __imp_RaiseException       000000018003a010     kernel32:KERNEL32.dll
 0006:00000018       __imp_MultiByteToWideChar  000000018003a018     kernel32:KERNEL32.dll
 0006:00000020       __imp_WideCharToMultiByte  000000018003a020     kernel32:KERNEL32.dll
 0006:00000028       __imp_RtlCaptureContext    000000018003a028     kernel32:KERNEL32.dll
 0006:00000030       __imp_RtlLookupFunctionEntry 000000018003a030     kernel32:KERNEL32.dll
 0006:00000038       __imp_RtlVirtualUnwind     000000018003a038     kernel32:KERNEL32.dll
 0006:00000040       __imp_GetProcAddress       000000018003a040     kernel32:KERNEL32.dll
 0006:00000048       __imp_FreeLibrary          000000018003a048     kernel32:KERNEL32.dll
 0006:00000050       __imp_VirtualQuery         000000018003a050     kernel32:KERNEL32.dll
 0006:00000058       __imp_GetProcessHeap       000000018003a058     kernel32:KERNEL32.dll
 0006:00000060       __imp_HeapFree             000000018003a060     kernel32:KERNEL32.dll
 0006:00000068       __imp_HeapAlloc            000000018003a068     kernel32:KERNEL32.dll
 0006:00000070       __imp_GetLastError         000000018003a070     kernel32:KERNEL32.dll
 0006:00000078       __imp_GetModuleHandleW     000000018003a078     kernel32:KERNEL32.dll
 0006:00000080       __imp_GetStartupInfoW      000000018003a080     kernel32:KERNEL32.dll
 0006:00000088       __imp_InitializeSListHead  000000018003a088     kernel32:KERNEL32.dll
 0006:00000090       __imp_IsDebuggerPresent    000000018003a090     kernel32:KERNEL32.dll
 0006:00000098       __imp_GetSystemTimeAsFileTime 000000018003a098     kernel32:KERNEL32.dll
 0006:000000a0       __imp_GetCurrentProcessId  000000018003a0a0     kernel32:KERNEL32.dll
 0006:000000a8       __imp_QueryPerformanceCounter 000000018003a0a8     kernel32:KERNEL32.dll
 0006:000000b0       __imp_IsProcessorFeaturePresent 000000018003a0b0     kernel32:KERNEL32.dll
 0006:000000b8       __imp_TerminateProcess     000000018003a0b8     kernel32:KERNEL32.dll
 0006:000000c0       __imp_GetCurrentProcess    000000018003a0c0     kernel32:KERNEL32.dll
 0006:000000c8       __imp_SetUnhandledExceptionFilter 000000018003a0c8     kernel32:KERNEL32.dll
 0006:000000d0       __imp_UnhandledExceptionFilter 000000018003a0d0     kernel32:KERNEL32.dll
 0006:000000d8       \177KERNEL32_NULL_THUNK_DATA 000000018003a0d8     kernel32:KERNEL32.dll
 0006:00000158       __imp___vcrt_GetModuleHandleW 000000018003a158     vcruntimed:VCRUNTIME140D.dll
 0006:00000160       __imp___vcrt_GetModuleFileNameW 000000018003a160     vcruntimed:VCRUNTIME140D.dll
 0006:00000168       __imp___current_exception_context 000000018003a168     vcruntimed:VCRUNTIME140D.dll
 0006:00000170       __imp___C_specific_handler 000000018003a170     vcruntimed:VCRUNTIME140D.dll
 0006:00000178       __imp___current_exception  000000018003a178     vcruntimed:VCRUNTIME140D.dll
 0006:00000180       __imp___std_type_info_destroy_list 000000018003a180     vcruntimed:VCRUNTIME140D.dll
 0006:00000188       __imp___C_specific_handler_noexcept 000000018003a188     vcruntimed:VCRUNTIME140D.dll
 0006:00000190       __imp___vcrt_LoadLibraryExW 000000018003a190     vcruntimed:VCRUNTIME140D.dll
 0006:00000198       \177VCRUNTIME140D_NULL_THUNK_DATA 000000018003a198     vcruntimed:VCRUNTIME140D.dll
 0006:000001f8       __imp_wcscpy_s             000000018003a1f8     ucrtd:ucrtbased.dll
 0006:00000200       __imp__wmakepath_s         000000018003a200     ucrtd:ucrtbased.dll
 0006:00000208       __imp_terminate            000000018003a208     ucrtd:ucrtbased.dll
 0006:00000210       __imp__cexit               000000018003a210     ucrtd:ucrtbased.dll
 0006:00000218       __imp__crt_at_quick_exit   000000018003a218     ucrtd:ucrtbased.dll
 0006:00000220       __imp__crt_atexit          000000018003a220     ucrtd:ucrtbased.dll
 0006:00000228       __imp__execute_onexit_table 000000018003a228     ucrtd:ucrtbased.dll
 0006:00000230       __imp__register_onexit_function 000000018003a230     ucrtd:ucrtbased.dll
 0006:00000238       __imp__initialize_onexit_table 000000018003a238     ucrtd:ucrtbased.dll
 0006:00000240       __imp__initialize_narrow_environment 000000018003a240     ucrtd:ucrtbased.dll
 0006:00000248       __imp__configure_narrow_argv 000000018003a248     ucrtd:ucrtbased.dll
 0006:00000250       __imp__seh_filter_dll      000000018003a250     ucrtd:ucrtbased.dll
 0006:00000258       __imp__wsplitpath_s        000000018003a258     ucrtd:ucrtbased.dll
 0006:00000260       __imp_strcat_s             000000018003a260     ucrtd:ucrtbased.dll
 0006:00000268       __imp_strcpy_s             000000018003a268     ucrtd:ucrtbased.dll
 0006:00000270       __imp__initterm_e          000000018003a270     ucrtd:ucrtbased.dll
 0006:00000278       __imp__initterm            000000018003a278     ucrtd:ucrtbased.dll
 0006:00000280       __imp__CrtDbgReportW       000000018003a280     ucrtd:ucrtbased.dll
 0006:00000288       __imp__CrtDbgReport        000000018003a288     ucrtd:ucrtbased.dll
 0006:00000290       __imp_sqrtf                000000018003a290     ucrtd:ucrtbased.dll
 0006:00000298       __imp_sinf                 000000018003a298     ucrtd:ucrtbased.dll
 0006:000002a0       __imp_roundf               000000018003a2a0     ucrtd:ucrtbased.dll
 0006:000002a8       __imp_fabs                 000000018003a2a8     ucrtd:ucrtbased.dll
 0006:000002b0       __imp___stdio_common_vsprintf_s 000000018003a2b0     ucrtd:ucrtbased.dll
 0006:000002b8       \177ucrtbased_NULL_THUNK_DATA 000000018003a2b8     ucrtd:ucrtbased.dll
 0006:00000330       __IMPORT_DESCRIPTOR_VCRUNTIME140D 000000018003a330     vcruntimed:VCRUNTIME140D.dll
 0006:00000344       __IMPORT_DESCRIPTOR_ucrtbased 000000018003a344     ucrtd:ucrtbased.dll
 0006:00000358       __IMPORT_DESCRIPTOR_KERNEL32 000000018003a358     kernel32:KERNEL32.dll
 0006:0000036c       __NULL_IMPORT_DESCRIPTOR   000000018003a36c     vcruntimed:VCRUNTIME140D.dll
 0008:00000000       __guard_check_icall_fptr   000000018003c000     MSVCRTD:guard_support.obj
 0008:00000010       __guard_xfg_check_icall_fptr 000000018003c010     MSVCRTD:guard_support.obj
 0008:00000020       __guard_dispatch_icall_fptr 000000018003c020     MSVCRTD:guard_support.obj
 0008:00000030       __guard_xfg_dispatch_icall_fptr 000000018003c030     MSVCRTD:guard_support.obj
 0008:00000040       __guard_xfg_table_dispatch_icall_fptr 000000018003c040     MSVCRTD:guard_support.obj

 entry point at        0002:0000000f

 Static symbols

 0000:fffc1000       .debug$S                   0000000180000000     P5Engine.exp
 0000:fffc4000       _volmd                     0000000180000000     p5engine.obj
 0000:fffc4000       _volmd                     0000000180000000     p5engine.obj
 0000:fffc4000       _volmd                     0000000180000000     p5engine.obj
 0000:fffc4000       _volmd                     0000000180000000     p5engine.obj
 0000:fffc4000       _volmd                     0000000180000000     p5engine.obj
 0000:fffc4000       _volmd                     0000000180000000     p5engine.obj
 0000:fffc4000       _volmd                     0000000180000000     p5engine.obj
 0000:fffc4000       _volmd                     0000000180000000     p5engine.obj
 0000:fffc4000       _volmd                     0000000180000000     p5engine.obj
 0000:fffc4000       _volmd                     0000000180000000     p5engine.obj
 0000:fffc4000       _volmd                     0000000180000000     p5engine.obj
 0000:fffc4000       _volmd                     0000000180000000     p5engine.obj
 0000:fffc4000       _volmd                     0000000180000000     p5engine.obj
 0000:fffc4000       _volmd                     0000000180000000     p5engine.obj
 0000:fffc4000       _volmd                     0000000180000000     p5engine.obj
 0000:fffc4000       _volmd                     0000000180000000     p5engine.obj
 0000:fffc4000       _volmd                     0000000180000000     p5engine.obj
 0000:fffc4000       _volmd                     0000000180000000     p5engine.obj
 0000:fffc4000       _volmd                     0000000180000000     p5engine.obj
 0000:fffc4000       _volmd                     0000000180000000     p5engine.obj
 0000:fffc4000       _volmd                     0000000180000000     p5engine.obj
 0000:fffc4000       _volmd                     0000000180000000     p5engine.obj
 0000:fffc4000       _volmd                     0000000180000000     p5engine.obj
 0000:fffc4000       _volmd                     0000000180000000     p5engine.obj
 0000:fffc4000       _volmd                     0000000180000000     p5engine.obj
 0000:fffc4000       _volmd                     0000000180000000     p5engine.obj
 0000:fffc4000       _volmd                     0000000180000000     p5engine.obj
 0000:fffc4000       _volmd                     0000000180000000     p5engine.obj
 0000:fffc4000       _volmd                     0000000180000000     p5engine.obj
 0000:fffc4000       _volmd                     0000000180000000     p5engine.obj
 0000:fffc4000       _volmd                     0000000180000000     p5engine.obj
 0000:fffc4000       _volmd                     0000000180000000     p5engine.obj
 0000:fffc4000       _volmd                     0000000180000000     p5engine.obj
 0000:fffc4000       _volmd                     0000000180000000     MSVCRTD:cpu_disp.obj
 0000:fffc5000       __guard_ehcont_?dllmain_dispatch@@YAHQEAUHINSTANCE__@@KQEAX@Z 0000000180000000     MSVCRTD:dll_dllmain.obj
 0000:fffc5000       __guard_fids_?dllmain_dispatch@@YAHQEAUHINSTANCE__@@KQEAX@Z 0000000180000000     MSVCRTD:dll_dllmain.obj
 0000:fffc5000       __guard_ehcont_?notify_debugger@@YAXAEBUtagEXCEPTION_VISUALCPP_DEBUG_INFO@@@Z 0000000180000000     MSVCRTD:error.obj
 0000:fffc4000       _volmd                     0000000180000000     MSVCRTD:gs_report.obj
 0000:fffc4000       _volmd                     0000000180000000     MSVCRTD:gs_report.obj
 0000:fffc4000       _volmd                     0000000180000000     MSVCRTD:gs_report.obj
 0000:fffc5000       __guard_fids__             0000000180000000     MSVCRTD:guard_support.obj
 0000:fffc5000       __guard_fids__             0000000180000000     MSVCRTD:guard_support.obj
 0000:fffc5000       __guard_fids__guard_icall_checks_enforced 0000000180000000     MSVCRTD:guard_support.obj
 0000:fffc4000       _volmd                     0000000180000000     MSVCRTD:guard_support.obj
 0000:fffc4000       _volmd                     0000000180000000     MSVCRTD:guard_support.obj
 0000:fffc4000       _volmd                     0000000180000000     MSVCRTD:guard_support.obj
 0000:fffc5000       __guard_fids__CRT_RTC_INIT 0000000180000000     MSVCRTD:init.obj
 0000:fffc5000       __guard_fids__CRT_RTC_INITW 0000000180000000     MSVCRTD:init.obj
 0000:fffc5000       __guard_ehcont___scrt_is_nonwritable_in_current_image 0000000180000000     MSVCRTD:utility.obj
 0000:fffc4000       _volmd                     0000000180000000     MSVCRTD:utility.obj
 0000:fffc4000       _volmd                     0000000180000000     MSVCRTD:utility.obj
 0000:fffc4000       _volmd                     0000000180000000     MSVCRTD:utility.obj
 0000:fffc5000       __guard_fids___scrt_set_unhandled_exception_filter 0000000180000000     MSVCRTD:utility_desktop.obj
 0000:fffc4000       _volmd                     0000000180000000     MSVCRTD:utility_desktop.obj
 0000:fffc1000       .debug$S                   0000000180000000     vcruntimed:VCRUNTIME140D.dll
 0000:fffc1000       .debug$S                   0000000180000000     vcruntimed:VCRUNTIME140D.dll
 0000:fffc1000       .debug$S                   0000000180000000     vcruntimed:VCRUNTIME140D.dll
 0000:fffc1000       .debug$S                   0000000180000000     vcruntimed:VCRUNTIME140D.dll
 0000:fffc1000       .debug$S                   0000000180000000     vcruntimed:VCRUNTIME140D.dll
 0000:fffc1000       .debug$S                   0000000180000000     vcruntimed:VCRUNTIME140D.dll
 0000:fffc1000       .debug$S                   0000000180000000     vcruntimed:VCRUNTIME140D.dll
 0000:fffc1000       .debug$S                   0000000180000000     vcruntimed:VCRUNTIME140D.dll
 0000:fffc1000       .debug$S                   0000000180000000     ucrtd:ucrtbased.dll
 0000:fffc1000       .debug$S                   0000000180000000     ucrtd:ucrtbased.dll
 0000:fffc1000       .debug$S                   0000000180000000     ucrtd:ucrtbased.dll
 0000:fffc1000       .debug$S                   0000000180000000     ucrtd:ucrtbased.dll
 0000:fffc1000       .debug$S                   0000000180000000     ucrtd:ucrtbased.dll
 0000:fffc1000       .debug$S                   0000000180000000     ucrtd:ucrtbased.dll
 0000:fffc1000       .debug$S                   0000000180000000     ucrtd:ucrtbased.dll
 0000:fffc1000       .debug$S                   0000000180000000     ucrtd:ucrtbased.dll
 0000:fffc1000       .debug$S                   0000000180000000     ucrtd:ucrtbased.dll
 0000:fffc1000       .debug$S                   0000000180000000     ucrtd:ucrtbased.dll
 0000:fffc1000       .debug$S                   0000000180000000     ucrtd:ucrtbased.dll
 0000:fffc1000       .debug$S                   0000000180000000     ucrtd:ucrtbased.dll
 0000:fffc1000       .debug$S                   0000000180000000     ucrtd:ucrtbased.dll
 0000:fffc1000       .debug$S                   0000000180000000     ucrtd:ucrtbased.dll
 0000:fffc1000       .debug$S                   0000000180000000     ucrtd:ucrtbased.dll
 0000:fffc1000       .debug$S                   0000000180000000     ucrtd:ucrtbased.dll
 0000:fffc1000       .debug$S                   0000000180000000     ucrtd:ucrtbased.dll
 0000:fffc1000       .debug$S                   0000000180000000     ucrtd:ucrtbased.dll
 0000:fffc1000       .debug$S                   0000000180000000     ucrtd:ucrtbased.dll
 0000:fffc1000       .debug$S                   0000000180000000     ucrtd:ucrtbased.dll
 0000:fffc1000       .debug$S                   0000000180000000     ucrtd:ucrtbased.dll
 0000:fffc1000       .debug$S                   0000000180000000     ucrtd:ucrtbased.dll
 0000:fffc1000       .debug$S                   0000000180000000     ucrtd:ucrtbased.dll
 0000:fffc1000       .debug$S                   0000000180000000     ucrtd:ucrtbased.dll
 0000:fffc1000       .debug$S                   0000000180000000     kernel32:KERNEL32.dll
 0000:fffc1000       .debug$S                   0000000180000000     kernel32:KERNEL32.dll
 0000:fffc1000       .debug$S                   0000000180000000     kernel32:KERNEL32.dll
 0000:fffc1000       .debug$S                   0000000180000000     kernel32:KERNEL32.dll
 0000:fffc1000       .debug$S                   0000000180000000     kernel32:KERNEL32.dll
 0000:fffc1000       .debug$S                   0000000180000000     kernel32:KERNEL32.dll
 0000:fffc1000       .debug$S                   0000000180000000     kernel32:KERNEL32.dll
 0000:fffc1000       .debug$S                   0000000180000000     kernel32:KERNEL32.dll
 0000:fffc1000       .debug$S                   0000000180000000     kernel32:KERNEL32.dll
 0000:fffc1000       .debug$S                   0000000180000000     kernel32:KERNEL32.dll
 0000:fffc1000       .debug$S                   0000000180000000     kernel32:KERNEL32.dll
 0000:fffc1000       .debug$S                   0000000180000000     kernel32:KERNEL32.dll
 0000:fffc1000       .debug$S                   0000000180000000     kernel32:KERNEL32.dll
 0000:fffc1000       .debug$S                   0000000180000000     kernel32:KERNEL32.dll
 0000:fffc1000       .debug$S                   0000000180000000     kernel32:KERNEL32.dll
 0000:fffc1000       .debug$S                   0000000180000000     kernel32:KERNEL32.dll
 0000:fffc1000       .debug$S                   0000000180000000     kernel32:KERNEL32.dll
 0000:fffc1000       .debug$S                   0000000180000000     kernel32:KERNEL32.dll
 0000:fffc1000       .debug$S                   0000000180000000     kernel32:KERNEL32.dll
 0000:fffc1000       .debug$S                   0000000180000000     kernel32:KERNEL32.dll
 0000:fffc1000       .debug$S                   0000000180000000     kernel32:KERNEL32.dll
 0000:fffc1000       .debug$S                   0000000180000000     kernel32:KERNEL32.dll
 0000:fffc1000       .debug$S                   0000000180000000     kernel32:KERNEL32.dll
 0000:fffc1000       .debug$S                   0000000180000000     kernel32:KERNEL32.dll
 0000:fffc1000       .debug$S                   0000000180000000     kernel32:KERNEL32.dll
 0000:fffc1000       .debug$S                   0000000180000000     kernel32:KERNEL32.dll
 0000:fffc1000       .debug$S                   0000000180000000     kernel32:KERNEL32.dll
 0002:000014f0       ?AddCollisionRule@@YAXPEAUgame_state@@IIH@Z 00000001800124f0 f   p5engine.obj
 0002:000016f0       ?AddEntity@@YAPEAUsim_entity@@PEAUgame_state@@PEAUsim_region@@IPEAUlow_entity@@PEATv3@@@Z 00000001800126f0 f   p5engine.obj
 0002:00001890       ?AddEntityRaw@@YAPEAUsim_entity@@PEAUgame_state@@PEAUsim_region@@IPEAUlow_entity@@@Z 0000000180012890 f   p5engine.obj
 0002:00001aa0       ?AddFamiliar@@YA?AUadd_low_entity_result@@PEAUgame_state@@III@Z 0000000180012aa0 f   p5engine.obj
 0002:00001cf0       ?AddGroundedEntity@@YA?AUadd_low_entity_result@@PEAUgame_state@@W4entity_type@@Uworld_position@@PEAUsim_entity_collision_volume_group@@@Z 0000000180012cf0 f   p5engine.obj
 0002:00001e10       ?AddLowEntity@@YA?AUadd_low_entity_result@@PEAUgame_state@@W4entity_type@@Uworld_position@@@Z 0000000180012e10 f   p5engine.obj
 0002:00002090       ?AddMonstar@@YA?AUadd_low_entity_result@@PEAUgame_state@@III@Z 0000000180013090 f   p5engine.obj
 0002:00002290       ?AddPlayer@@YA?AUadd_low_entity_result@@PEAUgame_state@@@Z 0000000180013290 f   p5engine.obj
 0002:00002660       ?AddStairs@@YA?AUadd_low_entity_result@@PEAUgame_state@@III@Z 0000000180013660 f   p5engine.obj
 0002:00002890       ?AddStandardRoom@@YA?AUadd_low_entity_result@@PEAUgame_state@@III@Z 0000000180013890 f   p5engine.obj
 0002:00002a80       ?AddSword@@YA?AUadd_low_entity_result@@PEAUgame_state@@@Z 0000000180013a80 f   p5engine.obj
 0002:00002be0       ?AddWall@@YA?AUadd_low_entity_result@@PEAUgame_state@@III@Z 0000000180013be0 f   p5engine.obj
 0002:00002dd0       ?AllocateRenderGroup@@YAPEAUrender_group@@PEAUmemory_arena@@IM@Z 0000000180013dd0 f   p5engine.obj
 0002:00003070       ?BeginSim@@YAPEAUsim_region@@PEAUmemory_arena@@PEAUgame_state@@PEAUworld@@Uworld_position@@Urectangle3@@M@Z 0000000180014070 f   p5engine.obj
 0002:000039a0       ?CanCollide@@YAHPEAUgame_state@@PEAUsim_entity@@1@Z 00000001800149a0 f   p5engine.obj
 0002:00003b90       ?CanOverlap@@YAHPEAUgame_state@@PEAUsim_entity@@1@Z 0000000180014b90 f   p5engine.obj
 0002:00003d20       ?ChangeEntityLocation@@YAXPEAUmemory_arena@@PEAUworld@@IPEAUlow_entity@@Uworld_position@@@Z 0000000180014d20 f   p5engine.obj
 0002:000049b0       ?ClearBitmap@@YAXPEAUloaded_bitmap@@@Z 00000001800159b0 f   p5engine.obj
 0002:00004a40       ?ClearCollisionRulesFor@@YAXPEAUgame_state@@I@Z 0000000180015a40 f   p5engine.obj
 0002:00004bd0       ?DEBUGLoadBMP@@YA?AUloaded_bitmap@@PEAUthread_context@@P6A?AUdebug_read_file_result@@0PEAD@Z1@Z 0000000180015bd0 f   p5engine.obj
 0002:00005280       ?DrawBitmap@@YAXPEAUloaded_bitmap@@0MMM@Z 0000000180016280 f   p5engine.obj
 0002:00005880       ?DrawHitpoints@@YAXPEAUsim_entity@@PEAUrender_group@@@Z 0000000180016880 f   p5engine.obj
 0002:00005b80       ?DrawRectangle@@YAXPEAUloaded_bitmap@@Tv2@@1MMM@Z 0000000180016b80 f   p5engine.obj
 0002:00005e10       ?EndSim@@YAXPEAUsim_region@@PEAUgame_state@@@Z 0000000180016e10 f   p5engine.obj
 0002:000062a0       ?EntitiesOverlap@@YAHPEAUsim_entity@@0Tv3@@@Z 00000001800172a0 f   p5engine.obj
 0002:000068f0       ?FillGroundChunk@@YAXPEAUtransient_state@@PEAUgame_state@@PEAUground_buffer@@PEAUworld_position@@@Z 00000001800178f0 f   p5engine.obj
 0002:000070d0       ?GameOutputSound@@YAXPEAUgame_state@@PEAUgame_sound_output_buffer@@H@Z 00000001800180d0 f   p5engine.obj
 0002:000074c0       ?GetHashFromStorageIndex@@YAPEAUsim_entity_hash@@PEAUsim_region@@I@Z 00000001800184c0 f   p5engine.obj
 0002:00007ea0       ?HandleCollision@@YAHPEAUgame_state@@PEAUsim_entity@@1@Z 0000000180018ea0 f   p5engine.obj
 0002:00007fd0       ?HandleOverlap@@YAXPEAUgame_state@@PEAUsim_entity@@1MPEAM@Z 0000000180018fd0 f   p5engine.obj
 0002:00008110       ?InitHitPoints@@YAXPEAUlow_entity@@I@Z 0000000180019110 f   p5engine.obj
 0002:00008260       ?InitializeWorld@@YAXPEAUworld@@Tv3@@@Z 0000000180019260 f   p5engine.obj
 0002:00008ac0       ?MakeEmptyBitmap@@YA?AUloaded_bitmap@@PEAUmemory_arena@@HHH@Z 0000000180019ac0 f   p5engine.obj
 0002:00008d70       ?MakeNullCollision@@YAPEAUsim_entity_collision_volume_group@@PEAUgame_state@@@Z 0000000180019d70 f   p5engine.obj
 0002:00008e90       ?MakeSimpleGroundedCollision@@YAPEAUsim_entity_collision_volume_group@@PEAUgame_state@@MMM@Z 0000000180019e90 f   p5engine.obj
 0002:000091b0       ?MoveEntity@@YAXPEAUgame_state@@PEAUsim_region@@PEAUsim_entity@@MPEAUmove_spec@@Tv3@@@Z 000000018001a1b0 f   p5engine.obj
 0002:0000c400       ?SpeculativeCollide@@YAHPEAUsim_entity@@0Tv3@@@Z 000000018001d400 f   p5engine.obj
 0002:0000c6a0       ?Subtract@@YA?ATv3@@PEAUworld@@PEAUworld_position@@1@Z 000000018001d6a0 f   p5engine.obj
 0002:00010188       $LN134                     0000000180021188     p5engine.obj
 0002:000113d0       $$000000                   00000001800223d0     MSVCRTD:chkstk.obj
 0002:00011450       $$000000                   0000000180022450     MSVCRTD:amdsecgs.obj
 0002:00011490       ?dllmain_crt_dispatch@@YAHQEAUHINSTANCE__@@KQEAX@Z 0000000180022490 f   MSVCRTD:dll_dllmain.obj
 0002:00011540       ?dllmain_crt_process_attach@@YAHQEAUHINSTANCE__@@QEAX@Z 0000000180022540 f   MSVCRTD:dll_dllmain.obj
 0002:000116d0       ?dllmain_crt_process_detach@@YAH_N@Z 00000001800226d0 f   MSVCRTD:dll_dllmain.obj
 0002:00011790       ?dllmain_dispatch@@YAHQEAUHINSTANCE__@@KQEAX@Z 0000000180022790 f   MSVCRTD:dll_dllmain.obj
 0002:00011920       ?dllmain_raw@@YAHQEAUHINSTANCE__@@KQEAX@Z 0000000180022920 f   MSVCRTD:dll_dllmain.obj
 0002:00011a20       ?DebuggerProbe@@YA_NK@Z    0000000180022a20 f   MSVCRTD:error.obj
 0002:00011a70       ?DebuggerRuntime@@YA_NKHPEAXPEB_W@Z 0000000180022a70 f   MSVCRTD:error.obj
 0002:00011e00       ?_getMemBlockDataString@@YAXPEAD0PEBD_K@Z 0000000180022e00 f   MSVCRTD:error.obj
 0002:00011ee0       ?_strlen_priv@@YA_KPEBD@Z  0000000180022ee0 f   MSVCRTD:error.obj
 0002:00011f00       ?failwithmessage@@YAXPEAXHHPEBD@Z 0000000180022f00 f   MSVCRTD:error.obj
 0002:00012200       ?notify_debugger@@YAXAEBUtagEXCEPTION_VISUALCPP_DEBUG_INFO@@@Z 0000000180023200 f   MSVCRTD:error.obj
 0002:00012860       capture_current_context    0000000180023860 f   MSVCRTD:gs_report.obj
 0002:00012920       capture_previous_context   0000000180023920 f   MSVCRTD:gs_report.obj
 0002:00012a00       __get_entropy              0000000180023a00 f   MSVCRTD:gs_support.obj
 0002:00012cb0       ?find_pe_section@@YAPEAU_IMAGE_SECTION_HEADER@@QEAE_K@Z 0000000180023cb0 f   MSVCRTD:utility.obj
 0002:00012dd0       ?is_potentially_valid_image_base@@YA_NQEAX@Z 0000000180023dd0 f   MSVCRTD:utility.obj
 0002:00013b70       __castguard_compat_check   0000000180024b70 f   MSVCRTD:guard_support.obj
 0002:00013d50       __castguard_slow_path_compat_check 0000000180024d50 f   MSVCRTD:guard_support.obj
 0002:00013e40       ?GetPdbDll@@YAPEAUHINSTANCE__@@XZ 0000000180024e40 f   MSVCRTD:pdblkup.obj
 0002:00013fe0       ?GetPdbDllFromInstallPath@@YAPEAUHINSTANCE__@@XZ 0000000180024fe0 f   MSVCRTD:pdblkup.obj
 0002:00014340       ?GetPdbDllPathFromFilePath@@YAHPEB_WPEA_W_K@Z 0000000180025340 f   MSVCRTD:pdblkup.obj
 0002:000164f0       $$000000                   00000001800274f0     MSVCRTD:guard_dispatch.obj
 0002:00016510       $$000000                   0000000180027510     MSVCRTD:guard_xfg_dispatch.obj
 0002:00017530       ?fin$0@?0??dllmain_crt_process_attach@@YAHQEAUHINSTANCE__@@QEAX@Z@4HA 0000000180028530 f   MSVCRTD:dll_dllmain.obj
 0002:00017550       ?fin$0@?0??dllmain_crt_process_detach@@YAH_N@Z@4HA 0000000180028550 f   MSVCRTD:dll_dllmain.obj
 0002:0001756a       ?fin$1@?0??dllmain_crt_process_detach@@YAH_N@Z@4HA 000000018002856a f   MSVCRTD:dll_dllmain.obj
 0002:00017590       ?filt$0@?0??dllmain_dispatch@@YAHQEAUHINSTANCE__@@KQEAX@Z@4HA 0000000180028590 f   MSVCRTD:dll_dllmain.obj
 0002:000175f0       ?filt$0@?0??notify_debugger@@YAXAEBUtagEXCEPTION_VISUALCPP_DEBUG_INFO@@@Z@4HA 00000001800285f0 f   MSVCRTD:error.obj
 0002:00017620       __scrt_is_nonwritable_in_current_image$filt$0 0000000180028620 f   MSVCRTD:utility.obj
 0003:00000880       ?BeginTemporaryMemory@@YA?AUtemporary_memory@@PEAUmemory_arena@@@Z$rtcName$0 000000018002a880     p5engine.obj
 0003:00000890       ?BeginTemporaryMemory@@YA?AUtemporary_memory@@PEAUmemory_arena@@@Z$rtcVarDesc 000000018002a890     p5engine.obj
 0003:000008d0       ?BeginTemporaryMemory@@YA?AUtemporary_memory@@PEAUmemory_arena@@@Z$rtcFrameData 000000018002a8d0     p5engine.obj
 0003:00000900       ?FindLeastSignificantSetBit@@YA?AUbit_scan_result@@I@Z$rtcName$0 000000018002a900     p5engine.obj
 0003:00000910       ?FindLeastSignificantSetBit@@YA?AUbit_scan_result@@I@Z$rtcVarDesc 000000018002a910     p5engine.obj
 0003:00000950       ?FindLeastSignificantSetBit@@YA?AUbit_scan_result@@I@Z$rtcFrameData 000000018002a950     p5engine.obj
 0003:00000980       ?V2@@YA?ATv2@@MM@Z$rtcName$0 000000018002a980     p5engine.obj
 0003:00000990       ?V2@@YA?ATv2@@MM@Z$rtcVarDesc 000000018002a990     p5engine.obj
 0003:000009d0       ?V2@@YA?ATv2@@MM@Z$rtcFrameData 000000018002a9d0     p5engine.obj
 0003:00000a00       ?V2i@@YA?ATv2@@HH@Z$rtcName$0 000000018002aa00     p5engine.obj
 0003:00000a10       ?V2i@@YA?ATv2@@HH@Z$rtcVarDesc 000000018002aa10     p5engine.obj
 0003:00000a50       ?V2i@@YA?ATv2@@HH@Z$rtcFrameData 000000018002aa50     p5engine.obj
 0003:00000a80       ??D@YA?ATv2@@MT0@@Z$rtcName$0 000000018002aa80     p5engine.obj
 0003:00000a90       ??D@YA?ATv2@@MT0@@Z$rtcVarDesc 000000018002aa90     p5engine.obj
 0003:00000ad0       ??D@YA?ATv2@@MT0@@Z$rtcFrameData 000000018002aad0     p5engine.obj
 0003:00000b00       ??H@YA?ATv2@@T0@0@Z$rtcName$0 000000018002ab00     p5engine.obj
 0003:00000b10       ??H@YA?ATv2@@T0@0@Z$rtcVarDesc 000000018002ab10     p5engine.obj
 0003:00000b50       ??H@YA?ATv2@@T0@0@Z$rtcFrameData 000000018002ab50     p5engine.obj
 0003:00000b80       ??G@YA?ATv2@@T0@0@Z$rtcName$0 000000018002ab80     p5engine.obj
 0003:00000b90       ??G@YA?ATv2@@T0@0@Z$rtcVarDesc 000000018002ab90     p5engine.obj
 0003:00000bd0       ??G@YA?ATv2@@T0@0@Z$rtcFrameData 000000018002abd0     p5engine.obj
 0003:00000c00       ?Clamp01@@YA?ATv2@@T1@@Z$rtcName$0 000000018002ac00     p5engine.obj
 0003:00000c10       ?Clamp01@@YA?ATv2@@T1@@Z$rtcVarDesc 000000018002ac10     p5engine.obj
 0003:00000c50       ?Clamp01@@YA?ATv2@@T1@@Z$rtcFrameData 000000018002ac50     p5engine.obj
 0003:00000c80       ?V3@@YA?ATv3@@MMM@Z$rtcName$0 000000018002ac80     p5engine.obj
 0003:00000c90       ?V3@@YA?ATv3@@MMM@Z$rtcVarDesc 000000018002ac90     p5engine.obj
 0003:00000cd0       ?V3@@YA?ATv3@@MMM@Z$rtcFrameData 000000018002acd0     p5engine.obj
 0003:00000d00       ??D@YA?ATv3@@MT0@@Z$rtcName$0 000000018002ad00     p5engine.obj
 0003:00000d10       ??D@YA?ATv3@@MT0@@Z$rtcVarDesc 000000018002ad10     p5engine.obj
 0003:00000d50       ??D@YA?ATv3@@MT0@@Z$rtcFrameData 000000018002ad50     p5engine.obj
 0003:00000d80       ??D@YA?ATv3@@T0@M@Z$rtcName$0 000000018002ad80     p5engine.obj
 0003:00000d90       ??D@YA?ATv3@@T0@M@Z$rtcVarDesc 000000018002ad90     p5engine.obj
 0003:00000dd0       ??D@YA?ATv3@@T0@M@Z$rtcFrameData 000000018002add0     p5engine.obj
 0003:00000e00       ??H@YA?ATv3@@T0@0@Z$rtcName$0 000000018002ae00     p5engine.obj
 0003:00000e10       ??H@YA?ATv3@@T0@0@Z$rtcVarDesc 000000018002ae10     p5engine.obj
 0003:00000e50       ??H@YA?ATv3@@T0@0@Z$rtcFrameData 000000018002ae50     p5engine.obj
 0003:00000e80       ??G@YA?ATv3@@T0@0@Z$rtcName$0 000000018002ae80     p5engine.obj
 0003:00000e90       ??G@YA?ATv3@@T0@0@Z$rtcVarDesc 000000018002ae90     p5engine.obj
 0003:00000ed0       ??G@YA?ATv3@@T0@0@Z$rtcFrameData 000000018002aed0     p5engine.obj
 0003:00000f00       ?Hadamard@@YA?ATv3@@T1@0@Z$rtcName$0 000000018002af00     p5engine.obj
 0003:00000f10       ?Hadamard@@YA?ATv3@@T1@0@Z$rtcVarDesc 000000018002af10     p5engine.obj
 0003:00000f50       ?Hadamard@@YA?ATv3@@T1@0@Z$rtcFrameData 000000018002af50     p5engine.obj
 0003:00000f80       ?V4@@YA?ATv4@@MMMM@Z$rtcName$0 000000018002af80     p5engine.obj
 0003:00000f90       ?V4@@YA?ATv4@@MMMM@Z$rtcVarDesc 000000018002af90     p5engine.obj
 0003:00000fd0       ?V4@@YA?ATv4@@MMMM@Z$rtcFrameData 000000018002afd0     p5engine.obj
 0003:00001000       ?RectCenterHalfDim@@YA?AUrectangle2@@Tv2@@0@Z$rtcName$0 000000018002b000     p5engine.obj
 0003:00001010       ?RectCenterHalfDim@@YA?AUrectangle2@@Tv2@@0@Z$rtcVarDesc 000000018002b010     p5engine.obj
 0003:00001050       ?RectCenterHalfDim@@YA?AUrectangle2@@Tv2@@0@Z$rtcFrameData 000000018002b050     p5engine.obj
 0003:00001080       ?RectCenterDim@@YA?AUrectangle2@@Tv2@@0@Z$rtcName$0 000000018002b080     p5engine.obj
 0003:00001090       ?RectCenterDim@@YA?AUrectangle2@@Tv2@@0@Z$rtcVarDesc 000000018002b090     p5engine.obj
 0003:000010d0       ?RectCenterDim@@YA?AUrectangle2@@Tv2@@0@Z$rtcFrameData 000000018002b0d0     p5engine.obj
 0003:00001100       ?GetBarycentric@@YA?ATv2@@Urectangle2@@T1@@Z$rtcName$0 000000018002b100     p5engine.obj
 0003:00001110       ?GetBarycentric@@YA?ATv2@@Urectangle2@@T1@@Z$rtcVarDesc 000000018002b110     p5engine.obj
 0003:00001150       ?GetBarycentric@@YA?ATv2@@Urectangle2@@T1@@Z$rtcFrameData 000000018002b150     p5engine.obj
 0003:00001180       ?GetMinCorner@@YA?ATv3@@Urectangle3@@@Z$rtcName$0 000000018002b180     p5engine.obj
 0003:00001190       ?GetMinCorner@@YA?ATv3@@Urectangle3@@@Z$rtcVarDesc 000000018002b190     p5engine.obj
 0003:000011d0       ?GetMinCorner@@YA?ATv3@@Urectangle3@@@Z$rtcFrameData 000000018002b1d0     p5engine.obj
 0003:00001200       ?GetMaxCorner@@YA?ATv3@@Urectangle3@@@Z$rtcName$0 000000018002b200     p5engine.obj
 0003:00001210       ?GetMaxCorner@@YA?ATv3@@Urectangle3@@@Z$rtcVarDesc 000000018002b210     p5engine.obj
 0003:00001250       ?GetMaxCorner@@YA?ATv3@@Urectangle3@@@Z$rtcFrameData 000000018002b250     p5engine.obj
 0003:00001280       ?RectCenterHalfDim@@YA?AUrectangle3@@Tv3@@0@Z$rtcName$0 000000018002b280     p5engine.obj
 0003:00001290       ?RectCenterHalfDim@@YA?AUrectangle3@@Tv3@@0@Z$rtcVarDesc 000000018002b290     p5engine.obj
 0003:000012d0       ?RectCenterHalfDim@@YA?AUrectangle3@@Tv3@@0@Z$rtcFrameData 000000018002b2d0     p5engine.obj
 0003:00001300       ?AddRadiusTo@@YA?AUrectangle3@@U1@Tv3@@@Z$rtcName$0 000000018002b300     p5engine.obj
 0003:00001310       ?AddRadiusTo@@YA?AUrectangle3@@U1@Tv3@@@Z$rtcVarDesc 000000018002b310     p5engine.obj
 0003:00001350       ?AddRadiusTo@@YA?AUrectangle3@@U1@Tv3@@@Z$rtcFrameData 000000018002b350     p5engine.obj
 0003:00001380       ?RectCenterDim@@YA?AUrectangle3@@Tv3@@0@Z$rtcName$0 000000018002b380     p5engine.obj
 0003:00001390       ?RectCenterDim@@YA?AUrectangle3@@Tv3@@0@Z$rtcVarDesc 000000018002b390     p5engine.obj
 0003:000013d0       ?RectCenterDim@@YA?AUrectangle3@@Tv3@@0@Z$rtcFrameData 000000018002b3d0     p5engine.obj
 0003:00001400       ?GetEntityGroundPoint@@YA?ATv3@@PEAUsim_entity@@T1@@Z$rtcName$0 000000018002b400     p5engine.obj
 0003:00001410       ?GetEntityGroundPoint@@YA?ATv3@@PEAUsim_entity@@T1@@Z$rtcVarDesc 000000018002b410     p5engine.obj
 0003:00001450       ?GetEntityGroundPoint@@YA?ATv3@@PEAUsim_entity@@T1@@Z$rtcFrameData 000000018002b450     p5engine.obj
 0003:00001480       ?GetEntityGroundPoint@@YA?ATv3@@PEAUsim_entity@@@Z$rtcName$0 000000018002b480     p5engine.obj
 0003:00001490       ?GetEntityGroundPoint@@YA?ATv3@@PEAUsim_entity@@@Z$rtcVarDesc 000000018002b490     p5engine.obj
 0003:000014d0       ?GetEntityGroundPoint@@YA?ATv3@@PEAUsim_entity@@@Z$rtcFrameData 000000018002b4d0     p5engine.obj
 0003:00001500       ?GetStairGround@@YAMPEAUsim_entity@@Tv3@@@Z$rtcName$0 000000018002b500     p5engine.obj
 0003:0000150c       ?GetStairGround@@YAMPEAUsim_entity@@Tv3@@@Z$rtcName$1 000000018002b50c     p5engine.obj
 0003:00001520       ?GetStairGround@@YAMPEAUsim_entity@@Tv3@@@Z$rtcVarDesc 000000018002b520     p5engine.obj
 0003:000015a0       ?GetStairGround@@YAMPEAUsim_entity@@Tv3@@@Z$rtcFrameData 000000018002b5a0     p5engine.obj
 0003:000015e0       ?PushBitmap@@YAXPEAUrender_group@@PEAUloaded_bitmap@@Tv2@@M2MM@Z$rtcName$0 000000018002b5e0     p5engine.obj
 0003:000015e4       ?PushBitmap@@YAXPEAUrender_group@@PEAUloaded_bitmap@@Tv2@@M2MM@Z$rtcName$1 000000018002b5e4     p5engine.obj
 0003:000015f0       ?PushBitmap@@YAXPEAUrender_group@@PEAUloaded_bitmap@@Tv2@@M2MM@Z$rtcVarDesc 000000018002b5f0     p5engine.obj
 0003:00001670       ?PushBitmap@@YAXPEAUrender_group@@PEAUloaded_bitmap@@Tv2@@M2MM@Z$rtcFrameData 000000018002b670     p5engine.obj
 0003:000016a0       ?NullPosition@@YA?AUworld_position@@XZ$rtcName$0 000000018002b6a0     p5engine.obj
 0003:000016b0       ?NullPosition@@YA?AUworld_position@@XZ$rtcVarDesc 000000018002b6b0     p5engine.obj
 0003:000016f0       ?NullPosition@@YA?AUworld_position@@XZ$rtcFrameData 000000018002b6f0     p5engine.obj
 0003:00001720       ?MapIntoChunkSpace@@YA?AUworld_position@@PEAUworld@@U1@Tv3@@@Z$rtcName$0 000000018002b720     p5engine.obj
 0003:00001730       ?MapIntoChunkSpace@@YA?AUworld_position@@PEAUworld@@U1@Tv3@@@Z$rtcVarDesc 000000018002b730     p5engine.obj
 0003:00001770       ?MapIntoChunkSpace@@YA?AUworld_position@@PEAUworld@@U1@Tv3@@@Z$rtcFrameData 000000018002b770     p5engine.obj
 0003:000017a0       ?ChunkPositionFromTilePosition@@YA?AUworld_position@@PEAUworld@@HHHTv3@@@Z$rtcName$0 000000018002b7a0     p5engine.obj
 0003:000017a8       ?ChunkPositionFromTilePosition@@YA?AUworld_position@@PEAUworld@@HHHTv3@@@Z$rtcName$1 000000018002b7a8     p5engine.obj
 0003:000017b0       ?ChunkPositionFromTilePosition@@YA?AUworld_position@@PEAUworld@@HHHTv3@@@Z$rtcName$2 000000018002b7b0     p5engine.obj
 0003:000017b8       ?ChunkPositionFromTilePosition@@YA?AUworld_position@@PEAUworld@@HHHTv3@@@Z$rtcName$3 000000018002b7b8     p5engine.obj
 0003:000017c0       ?ChunkPositionFromTilePosition@@YA?AUworld_position@@PEAUworld@@HHHTv3@@@Z$rtcVarDesc 000000018002b7c0     p5engine.obj
 0003:000018c0       ?ChunkPositionFromTilePosition@@YA?AUworld_position@@PEAUworld@@HHHTv3@@@Z$rtcFrameData 000000018002b8c0     p5engine.obj
 0003:00001910       ?Subtract@@YA?ATv3@@PEAUworld@@PEAUworld_position@@1@Z$rtcName$0 000000018002b910     p5engine.obj
 0003:00001918       ?Subtract@@YA?ATv3@@PEAUworld@@PEAUworld_position@@1@Z$rtcName$1 000000018002b918     p5engine.obj
 0003:00001920       ?Subtract@@YA?ATv3@@PEAUworld@@PEAUworld_position@@1@Z$rtcVarDesc 000000018002b920     p5engine.obj
 0003:000019a0       ?Subtract@@YA?ATv3@@PEAUworld@@PEAUworld_position@@1@Z$rtcFrameData 000000018002b9a0     p5engine.obj
 0003:000019d0       ?CenteredChunkPoint@@YA?AUworld_position@@III@Z$rtcName$0 000000018002b9d0     p5engine.obj
 0003:000019e0       ?CenteredChunkPoint@@YA?AUworld_position@@III@Z$rtcVarDesc 000000018002b9e0     p5engine.obj
 0003:00001a20       ?CenteredChunkPoint@@YA?AUworld_position@@III@Z$rtcFrameData 000000018002ba20     p5engine.obj
 0003:00001a50       ?GetSimSpacePos@@YA?ATv3@@PEAUsim_region@@PEAUlow_entity@@@Z$rtcName$0 000000018002ba50     p5engine.obj
 0003:00001a60       ?GetSimSpacePos@@YA?ATv3@@PEAUsim_region@@PEAUlow_entity@@@Z$rtcVarDesc 000000018002ba60     p5engine.obj
 0003:00001aa0       ?GetSimSpacePos@@YA?ATv3@@PEAUsim_region@@PEAUlow_entity@@@Z$rtcFrameData 000000018002baa0     p5engine.obj
 0003:00001ad0       ?LoadEntityReference@@YAXPEAUgame_state@@PEAUsim_region@@PEATentity_reference@@@Z$rtcName$0 000000018002bad0     p5engine.obj
 0003:00001ae0       ?LoadEntityReference@@YAXPEAUgame_state@@PEAUsim_region@@PEATentity_reference@@@Z$rtcVarDesc 000000018002bae0     p5engine.obj
 0003:00001b20       ?LoadEntityReference@@YAXPEAUgame_state@@PEAUsim_region@@PEATentity_reference@@@Z$rtcFrameData 000000018002bb20     p5engine.obj
 0003:00001b50       ?EntityOverlapsRectangle@@YAHTv3@@Usim_entity_collision_volume@@Urectangle3@@@Z$rtcName$0 000000018002bb50     p5engine.obj
 0003:00001b60       ?EntityOverlapsRectangle@@YAHTv3@@Usim_entity_collision_volume@@Urectangle3@@@Z$rtcVarDesc 000000018002bb60     p5engine.obj
 0003:00001ba0       ?EntityOverlapsRectangle@@YAHTv3@@Usim_entity_collision_volume@@Urectangle3@@@Z$rtcFrameData 000000018002bba0     p5engine.obj
 0003:00001bd0       ?BeginSim@@YAPEAUsim_region@@PEAUmemory_arena@@PEAUgame_state@@PEAUworld@@Uworld_position@@Urectangle3@@M@Z$rtcName$0 000000018002bbd0     p5engine.obj
 0003:00001be0       ?BeginSim@@YAPEAUsim_region@@PEAUmemory_arena@@PEAUgame_state@@PEAUworld@@Uworld_position@@Urectangle3@@M@Z$rtcName$1 000000018002bbe0     p5engine.obj
 0003:00001bf0       ?BeginSim@@YAPEAUsim_region@@PEAUmemory_arena@@PEAUgame_state@@PEAUworld@@Uworld_position@@Urectangle3@@M@Z$rtcName$2 000000018002bbf0     p5engine.obj
 0003:00001c00       ?BeginSim@@YAPEAUsim_region@@PEAUmemory_arena@@PEAUgame_state@@PEAUworld@@Uworld_position@@Urectangle3@@M@Z$rtcVarDesc 000000018002bc00     p5engine.obj
 0003:00001cc0       ?BeginSim@@YAPEAUsim_region@@PEAUmemory_arena@@PEAUgame_state@@PEAUworld@@Uworld_position@@Urectangle3@@M@Z$rtcFrameData 000000018002bcc0     p5engine.obj
 0003:00001d10       ?EndSim@@YAXPEAUsim_region@@PEAUgame_state@@@Z$rtcName$0 000000018002bd10     p5engine.obj
 0003:00001d18       ?EndSim@@YAXPEAUsim_region@@PEAUgame_state@@@Z$rtcName$1 000000018002bd18     p5engine.obj
[...]
 0003:0000614c       $unwind$?GetSimSpacePos@@YA?ATv3@@PEAUsim_region@@PEAUlow_entity@@@Z 000000018003014c     p5engine.obj
 0003:00006160       $unwind$?AddEntity@@YAPEAUsim_entity@@PEAUgame_state@@PEAUsim_region@@IPEAUlow_entity@@PEATv3@@@Z 0000000180030160     p5engine.obj
 0003:00006174       $unwind$?LoadEntityReference@@YAXPEAUgame_state@@PEAUsim_region@@PEATentity_reference@@@Z 0000000180030174     p5engine.obj
 0003:00006190       $unwind$?StoreEntityReference@@YAXPEATentity_reference@@@Z 0000000180030190     p5engine.obj
 0003:000061a4       $unwind$?AddEntityRaw@@YAPEAUsim_entity@@PEAUgame_state@@PEAUsim_region@@IPEAUlow_entity@@@Z 00000001800301a4     p5engine.obj
 0003:000061b8       $unwind$?EntityOverlapsRectangle@@YAHTv3@@Usim_entity_collision_volume@@Urectangle3@@@Z 00000001800301b8     p5engine.obj
 0003:000061cc       $unwind$?BeginSim@@YAPEAUsim_region@@PEAUmemory_arena@@PEAUgame_state@@PEAUworld@@Uworld_position@@Urectangle3@@M@Z 00000001800301cc     p5engine.obj
 0003:000061e8       $unwind$?EndSim@@YAXPEAUsim_region@@PEAUgame_state@@@Z 00000001800301e8     p5engine.obj
 0003:00006204       $unwind$?CanCollide@@YAHPEAUgame_state@@PEAUsim_entity@@1@Z 0000000180030204     p5engine.obj
 0003:00006218       $unwind$?HandleCollision@@YAHPEAUgame_state@@PEAUsim_entity@@1@Z 0000000180030218     p5engine.obj
 0003:0000622c       $unwind$?CanOverlap@@YAHPEAUgame_state@@PEAUsim_entity@@1@Z 000000018003022c     p5engine.obj
 0003:00006240       $unwind$?HandleOverlap@@YAXPEAUgame_state@@PEAUsim_entity@@1MPEAM@Z 0000000180030240     p5engine.obj
 0003:00006254       $unwind$?SpeculativeCollide@@YAHPEAUsim_entity@@0Tv3@@@Z 0000000180030254     p5engine.obj
 0003:00006268       $unwind$?EntitiesOverlap@@YAHPEAUsim_entity@@0Tv3@@@Z 0000000180030268     p5engine.obj
 0003:0000627c       $unwind$?MoveEntity@@YAXPEAUgame_state@@PEAUsim_region@@PEAUsim_entity@@MPEAUmove_spec@@Tv3@@@Z 000000018003027c     p5engine.obj
 0003:00006298       $unwind$?DefaultMoveSpec@@YA?AUmove_spec@@XZ 0000000180030298     p5engine.obj
 0003:000062b4       $unwind$?RandomSeed@@YA?AUrandom_series@@I@Z 00000001800302b4     p5engine.obj
 0003:000062d0       $unwind$?RandomNextUInt32@@YAIPEAUrandom_series@@@Z 00000001800302d0     p5engine.obj
 0003:000062e4       $unwind$?RandomChoice@@YAIPEAUrandom_series@@I@Z 00000001800302e4     p5engine.obj
 0003:000062f8       $unwind$?RandomUnilateral@@YAMPEAUrandom_series@@@Z 00000001800302f8     p5engine.obj
 0003:0000630c       $unwind$?GameOutputSound@@YAXPEAUgame_state@@PEAUgame_sound_output_buffer@@H@Z 000000018003030c     p5engine.obj
 0003:00006320       $unwind$?DrawRectangle@@YAXPEAUloaded_bitmap@@Tv2@@1MMM@Z 0000000180030320     p5engine.obj
 0003:00006334       $unwind$?DrawBitmap@@YAXPEAUloaded_bitmap@@0MMM@Z 0000000180030334     p5engine.obj
 0003:00006348       $unwind$?DEBUGLoadBMP@@YA?AUloaded_bitmap@@PEAUthread_context@@P6A?AUdebug_read_file_result@@0PEAD@Z1@Z 0000000180030348     p5engine.obj
 0003:00006364       $unwind$?AddLowEntity@@YA?AUadd_low_entity_result@@PEAUgame_state@@W4entity_type@@Uworld_position@@@Z 0000000180030364     p5engine.obj
 0003:00006380       $unwind$?AddGroundedEntity@@YA?AUadd_low_entity_result@@PEAUgame_state@@W4entity_type@@Uworld_position@@PEAUsim_entity_collision_volume_group@@@Z 0000000180030380     p5engine.obj
 0003:00006394       $unwind$?AddStandardRoom@@YA?AUadd_low_entity_result@@PEAUgame_state@@III@Z 0000000180030394     p5engine.obj
 0003:000063a8       $unwind$?AddWall@@YA?AUadd_low_entity_result@@PEAUgame_state@@III@Z 00000001800303a8     p5engine.obj
 0003:000063bc       $unwind$?AddStairs@@YA?AUadd_low_entity_result@@PEAUgame_state@@III@Z 00000001800303bc     p5engine.obj
 0003:000063d0       $unwind$?InitHitPoints@@YAXPEAUlow_entity@@I@Z 00000001800303d0     p5engine.obj
 0003:000063e4       $unwind$?AddSword@@YA?AUadd_low_entity_result@@PEAUgame_state@@@Z 00000001800303e4     p5engine.obj
 0003:000063f8       $unwind$?AddPlayer@@YA?AUadd_low_entity_result@@PEAUgame_state@@@Z 00000001800303f8     p5engine.obj
 0003:0000640c       $unwind$?AddMonstar@@YA?AUadd_low_entity_result@@PEAUgame_state@@III@Z 000000018003040c     p5engine.obj
 0003:00006420       $unwind$?AddFamiliar@@YA?AUadd_low_entity_result@@PEAUgame_state@@III@Z 0000000180030420     p5engine.obj
 0003:00006434       $unwind$?DrawHitpoints@@YAXPEAUsim_entity@@PEAUrender_group@@@Z 0000000180030434     p5engine.obj
 0003:00006450       $unwind$?MakeSimpleGroundedCollision@@YAPEAUsim_entity_collision_volume_group@@PEAUgame_state@@MMM@Z 0000000180030450     p5engine.obj
 0003:00006464       $unwind$?MakeNullCollision@@YAPEAUsim_entity_collision_volume_group@@PEAUgame_state@@@Z 0000000180030464     p5engine.obj
 0003:00006478       $unwind$?FillGroundChunk@@YAXPEAUtransient_state@@PEAUgame_state@@PEAUground_buffer@@PEAUworld_position@@@Z 0000000180030478     p5engine.obj
 0003:00006494       $unwind$?ClearBitmap@@YAXPEAUloaded_bitmap@@@Z 0000000180030494     p5engine.obj
 0003:000064a8       $unwind$?MakeEmptyBitmap@@YA?AUloaded_bitmap@@PEAUmemory_arena@@HHH@Z 00000001800304a8     p5engine.obj
 0003:000064c4       $unwind$GameUpdateAndRender 00000001800304c4     p5engine.obj
 0003:000064e0       $unwind$GameGetSoundSamples 00000001800304e0     p5engine.obj
 0003:000064f4       $unwind$_RTC_CheckStackVars 00000001800304f4     MSVCRTD:stack.obj
 0003:00006508       $chain$0$_RTC_CheckStackVars 0000000180030508     MSVCRTD:stack.obj
 0003:00006520       $chain$1$_RTC_CheckStackVars 0000000180030520     MSVCRTD:stack.obj
 0003:00006534       $unwind$_RTC_CheckStackVars2 0000000180030534     MSVCRTD:stack.obj
 0003:00006544       $chain$1$_RTC_CheckStackVars2 0000000180030544     MSVCRTD:stack.obj
 0003:00006560       $chain$2$_RTC_CheckStackVars2 0000000180030560     MSVCRTD:stack.obj
 0003:00006578       $chain$3$_RTC_CheckStackVars2 0000000180030578     MSVCRTD:stack.obj
 0003:00006590       $chain$4$_RTC_CheckStackVars2 0000000180030590     MSVCRTD:stack.obj
 0003:000065a4       $chain$5$_RTC_CheckStackVars2 00000001800305a4     MSVCRTD:stack.obj
 0003:000065b8       $chain$6$_RTC_CheckStackVars2 00000001800305b8     MSVCRTD:stack.obj
 0003:000065cc       $unwind$_RTC_AllocaHelper  00000001800305cc     MSVCRTD:stack.obj
 0003:000065d4       $chain$0$_RTC_AllocaHelper 00000001800305d4     MSVCRTD:stack.obj
 0003:000065ec       $chain$1$_RTC_AllocaHelper 00000001800305ec     MSVCRTD:stack.obj
 0003:00006600       $unwind$_RTC_Shutdown      0000000180030600     MSVCRTD:init.obj
 0003:00006608       $unwind$_RTC_InitBase      0000000180030608     MSVCRTD:init.obj
 0003:00006610       $unwind$__CheckForDebuggerJustMyCode 0000000180030610     MSVCRTD:debugger_jmc.obj
 0003:00006618       $unwind$__GSHandlerCheckCommon 0000000180030618     MSVCRTD:gshandler.obj
 0003:00006620       $unwind$__GSHandlerCheck   0000000180030620     MSVCRTD:gshandler.obj
 0003:00006628       $xdatasym                  0000000180030628     MSVCRTD:chkstk.obj
 0003:00006630       $xdatasym                  0000000180030630     MSVCRTD:amdsecgs.obj
 0003:00006634       $unwind$?dllmain_crt_process_attach@@YAHQEAUHINSTANCE__@@QEAX@Z 0000000180030634     MSVCRTD:dll_dllmain.obj
 0003:00006658       $unwind$?fin$0@?0??dllmain_crt_process_attach@@YAHQEAUHINSTANCE__@@QEAX@Z@4HA 0000000180030658     MSVCRTD:dll_dllmain.obj
 0003:00006660       $unwind$?dllmain_crt_process_detach@@YAH_N@Z 0000000180030660     MSVCRTD:dll_dllmain.obj
 0003:00006694       $unwind$?fin$0@?0??dllmain_crt_process_detach@@YAH_N@Z@4HA 0000000180030694     MSVCRTD:dll_dllmain.obj
 0003:0000669c       $unwind$?fin$1@?0??dllmain_crt_process_detach@@YAH_N@Z@4HA 000000018003069c     MSVCRTD:dll_dllmain.obj
 0003:000066a4       $unwind$?dllmain_crt_dispatch@@YAHQEAUHINSTANCE__@@KQEAX@Z 00000001800306a4     MSVCRTD:dll_dllmain.obj
 0003:000066ac       $unwind$_CRT_INIT          00000001800306ac     MSVCRTD:dll_dllmain.obj
 0003:000066b4       $unwind$?dllmain_raw@@YAHQEAUHINSTANCE__@@KQEAX@Z 00000001800306b4     MSVCRTD:dll_dllmain.obj
 0003:000066bc       $unwind$?dllmain_dispatch@@YAHQEAUHINSTANCE__@@KQEAX@Z 00000001800306bc     MSVCRTD:dll_dllmain.obj
 0003:000066e0       $unwind$?filt$0@?0??dllmain_dispatch@@YAHQEAUHINSTANCE__@@KQEAX@Z@4HA 00000001800306e0     MSVCRTD:dll_dllmain.obj
 0003:000066e8       $unwind$_DllMainCRTStartup 00000001800306e8     MSVCRTD:dll_dllmain.obj
 0003:000066f0       $unwind$_RTC_UninitUse     00000001800306f0     MSVCRTD:error.obj
 0003:0000670c       $unwind$?_RTC_StackFailure@@YAXPEAXPEBD@Z 000000018003070c     MSVCRTD:error.obj
 0003:0000672c       $unwind$?_RTC_AllocaFailure@@YAXPEAXPEAU_RTC_ALLOCA_NODE@@H@Z 000000018003072c     MSVCRTD:error.obj
 0003:00006748       $chain$0$?_RTC_AllocaFailure@@YAXPEAXPEAU_RTC_ALLOCA_NODE@@H@Z 0000000180030748     MSVCRTD:error.obj
 0003:00006760       $chain$1$?_RTC_AllocaFailure@@YAXPEAXPEAU_RTC_ALLOCA_NODE@@H@Z 0000000180030760     MSVCRTD:error.obj
 0003:00006774       $unwind$_vsprintf_s_l      0000000180030774     MSVCRTD:error.obj
 0003:0000678c       $unwind$sprintf_s          000000018003078c     MSVCRTD:error.obj
 0003:00006794       $unwind$?notify_debugger@@YAXAEBUtagEXCEPTION_VISUALCPP_DEBUG_INFO@@@Z 0000000180030794     MSVCRTD:error.obj
 0003:000067b8       $unwind$?filt$0@?0??notify_debugger@@YAXAEBUtagEXCEPTION_VISUALCPP_DEBUG_INFO@@@Z@4HA 00000001800307b8     MSVCRTD:error.obj
 0003:000067c0       $unwind$?DebuggerProbe@@YA_NK@Z 00000001800307c0     MSVCRTD:error.obj
 0003:000067c8       $unwind$?DebuggerRuntime@@YA_NKHPEAXPEB_W@Z 00000001800307c8     MSVCRTD:error.obj
 0003:000067d0       $unwind$?failwithmessage@@YAXPEAXHHPEBD@Z 00000001800307d0     MSVCRTD:error.obj
 0003:000067f8       $unwind$?_getMemBlockDataString@@YAXPEAD0PEBD_K@Z 00000001800307f8     MSVCRTD:error.obj
 0003:0000680c       $chain$3$?_getMemBlockDataString@@YAXPEAD0PEBD_K@Z 000000018003080c     MSVCRTD:error.obj
 0003:00006830       $chain$4$?_getMemBlockDataString@@YAXPEAD0PEBD_K@Z 0000000180030830     MSVCRTD:error.obj
 0003:00006844       $unwind$__report_securityfailure 0000000180030844     MSVCRTD:gs_report.obj
 0003:0000684c       $unwind$__report_securityfailureEx 000000018003084c     MSVCRTD:gs_report.obj
 0003:00006854       $unwind$__report_rangecheckfailure 0000000180030854     MSVCRTD:gs_report.obj
 0003:0000685c       $unwind$__report_gsfailure 000000018003085c     MSVCRTD:gs_report.obj
 0003:00006864       $unwind$capture_current_context 0000000180030864     MSVCRTD:gs_report.obj
 0003:0000686c       $unwind$capture_previous_context 000000018003086c     MSVCRTD:gs_report.obj
 0003:00006874       $unwind$__raise_securityfailure 0000000180030874     MSVCRTD:gs_report.obj
 0003:0000687c       $unwind$__security_init_cookie 000000018003087c     MSVCRTD:gs_support.obj
 0003:00006884       $unwind$__get_entropy      0000000180030884     MSVCRTD:gs_support.obj
 0003:0000688c       $unwind$DllMain            000000018003088c     MSVCRTD:dll_dllmain_stub.obj
 0003:00006894       $unwind$?__scrt_initialize_type_info@@YAXXZ 0000000180030894     MSVCRTD:tncleanup.obj
 0003:0000689c       $unwind$?__scrt_uninitialize_type_info@@YAXXZ 000000018003089c     MSVCRTD:tncleanup.obj
 0003:000068a4       $unwind$__scrt_initialize_default_local_stdio_options 00000001800308a4     MSVCRTD:default_local_stdio_options.obj
 0003:000068ac       $unwind$atexit             00000001800308ac     MSVCRTD:utility.obj
 0003:000068b4       $unwind$_onexit            00000001800308b4     MSVCRTD:utility.obj
 0003:000068bc       $unwind$at_quick_exit      00000001800308bc     MSVCRTD:utility.obj
 0003:000068c4       $unwind$__scrt_is_nonwritable_in_current_image 00000001800308c4     MSVCRTD:utility.obj
 0003:000068e8       $unwind$__scrt_is_nonwritable_in_current_image$filt$0 00000001800308e8     MSVCRTD:utility.obj
 0003:000068f0       $unwind$__scrt_acquire_startup_lock 00000001800308f0     MSVCRTD:utility.obj
 0003:000068f8       $unwind$__scrt_release_startup_lock 00000001800308f8     MSVCRTD:utility.obj
 0003:00006900       $unwind$__scrt_initialize_crt 0000000180030900     MSVCRTD:utility.obj
 0003:00006908       $unwind$__scrt_uninitialize_crt 0000000180030908     MSVCRTD:utility.obj
 0003:00006910       $unwind$__scrt_initialize_onexit_tables 0000000180030910     MSVCRTD:utility.obj
 0003:00006920       $unwind$__scrt_dllmain_exception_filter 0000000180030920     MSVCRTD:utility.obj
 0003:00006928       $unwind$__scrt_dllmain_before_initialize_c 0000000180030928     MSVCRTD:utility.obj
 0003:00006930       $unwind$__scrt_dllmain_after_initialize_c 0000000180030930     MSVCRTD:utility.obj
 0003:00006938       $unwind$__scrt_dllmain_uninitialize_c 0000000180030938     MSVCRTD:utility.obj
 0003:00006940       $unwind$__scrt_dllmain_uninitialize_critical 0000000180030940     MSVCRTD:utility.obj
 0003:00006948       $unwind$__scrt_dllmain_crt_thread_attach 0000000180030948     MSVCRTD:utility.obj
 0003:00006950       $unwind$__scrt_dllmain_crt_thread_detach 0000000180030950     MSVCRTD:utility.obj
 0003:00006958       $unwind$?configure_argv@__scrt_narrow_argv_policy@@SAHXZ 0000000180030958     MSVCRTD:utility.obj
 0003:00006960       $unwind$?initialize_environment@__scrt_narrow_environment_policy@@SAHXZ 0000000180030960     MSVCRTD:utility.obj
 0003:00006968       $unwind$?is_potentially_valid_image_base@@YA_NQEAX@Z 0000000180030968     MSVCRTD:utility.obj
 0003:00006970       $unwind$?find_pe_section@@YAPEAU_IMAGE_SECTION_HEADER@@QEAE_K@Z 0000000180030970     MSVCRTD:utility.obj
 0003:00006978       $unwind$__scrt_get_show_window_mode 0000000180030978     MSVCRTD:utility_desktop.obj
 0003:00006988       $unwind$__scrt_is_managed_app 0000000180030988     MSVCRTD:utility_desktop.obj
 0003:00006990       $unwind$__scrt_initialize_mta 0000000180030990     MSVCRTD:utility_desktop.obj
 0003:00006998       $unwind$__scrt_set_unhandled_exception_filter 0000000180030998     MSVCRTD:utility_desktop.obj
 0003:000069a0       $unwind$__scrt_fastfail    00000001800309a0     MSVCRTD:utility_desktop.obj
 0003:000069b0       $unwind$__scrt_unhandled_exception_filter 00000001800309b0     MSVCRTD:utility_desktop.obj
 0003:000069b8       $unwind$_RTC_Initialize    00000001800309b8     MSVCRTD:initsect.obj
 0003:000069c8       $unwind$_RTC_Terminate     00000001800309c8     MSVCRTD:initsect.obj
 0003:000069d8       $unwind$ReadNoFence64      00000001800309d8     MSVCRTD:guard_support.obj
 0003:000069e0       $unwind$ReadPointerNoFence 00000001800309e0     MSVCRTD:guard_support.obj
 0003:000069e8       $unwind$_guard_icall_checks_enforced 00000001800309e8     MSVCRTD:guard_support.obj
 0003:000069f0       $unwind$__castguard_compat_check 00000001800309f0     MSVCRTD:guard_support.obj
 0003:000069f8       $unwind$__castguard_check_failure_debugbreak 00000001800309f8     MSVCRTD:guard_support.obj
 0003:00006a00       $unwind$__castguard_check_failure_fastfail 0000000180030a00     MSVCRTD:guard_support.obj
 0003:00006a08       $unwind$__castguard_check_failure_os_handled 0000000180030a08     MSVCRTD:guard_support.obj
 0003:00006a10       $unwind$__castguard_slow_path_compat_check 0000000180030a10     MSVCRTD:guard_support.obj
 0003:00006a18       $unwind$__castguard_slow_path_check_debugbreak 0000000180030a18     MSVCRTD:guard_support.obj
 0003:00006a20       $unwind$__castguard_slow_path_check_fastfail 0000000180030a20     MSVCRTD:guard_support.obj
 0003:00006a28       $unwind$__castguard_slow_path_check_os_handled 0000000180030a28     MSVCRTD:guard_support.obj
 0003:00006a30       $unwind$?_RTC_GetSrcLine@@YAHPEAEPEA_WKPEAH1K@Z 0000000180030a30     MSVCRTD:pdblkup.obj
 0003:00006a4c       $unwind$?GetPdbDllFromInstallPath@@YAPEAUHINSTANCE__@@XZ 0000000180030a4c     MSVCRTD:pdblkup.obj
 0003:00006a74       $unwind$?GetPdbDllPathFromFilePath@@YAHPEB_WPEA_W_K@Z 0000000180030a74     MSVCRTD:pdblkup.obj
 0003:00006a90       $unwind$?GetPdbDll@@YAPEAUHINSTANCE__@@XZ 0000000180030a90     MSVCRTD:pdblkup.obj
 0003:00006aa4       $unwind$__isa_available_init 0000000180030aa4     MSVCRTD:cpu_disp.obj
 0003:00006ab8       $unwind$__scrt_is_ucrt_dll_in_use 0000000180030ab8     MSVCRTD:ucrt_detection.obj
 0003:00006ac0       $xdatasym                  0000000180030ac0     MSVCRTD:guard_dispatch.obj
 0003:00006ac8       $xdatasym                  0000000180030ac8     MSVCRTD:guard_xfg_dispatch.obj
 0003:00006d80       .edata                     0000000180030d80     P5Engine.exp
 0003:00006da8       rgpv                       0000000180030da8     P5Engine.exp
 0003:00006db0       rgszName                   0000000180030db0     P5Engine.exp
 0003:00006db8       rgwOrd                     0000000180030db8     P5Engine.exp
 0003:00006dbc       szName                     0000000180030dbc     P5Engine.exp
 0003:00006dc9       $N00001                    0000000180030dc9     P5Engine.exp
 0003:00006ddd       $N00002                    0000000180030ddd     P5Engine.exp
 0004:00000000       ?RandomNumberTable@@3PAIA  0000000180031000     p5engine.obj
 0004:00004e40       ?init@?1??_RTC_InitBase@@9@4_NA 0000000180035e40     MSVCRTD:init.obj
 0004:00004e44       ?__proc_attached@@3HA      0000000180035e44     MSVCRTD:dll_dllmain.obj
 0004:00004e58       ?_RTC_ErrorReportFunc@@3P6AHHPEBDH00ZZEA 0000000180035e58     MSVCRTD:userapi.obj
 0004:00004e60       ?_RTC_ErrorReportFuncW@@3P6AHHPEB_WH00ZZEA 0000000180035e60     MSVCRTD:userapi.obj
 0004:00004e70       GS_ExceptionRecord         0000000180035e70     MSVCRTD:gs_report.obj
 0004:00004f10       GS_ContextRecord           0000000180035f10     MSVCRTD:gs_report.obj
 0004:00005538       ?is_initialized_as_dll@@3_NA 0000000180036538     MSVCRTD:utility.obj
 0004:00005539       ?module_local_atexit_table_initialized@@3_NA 0000000180036539     MSVCRTD:utility.obj
 0004:00005540       ?module_local_atexit_table@@3U_onexit_table_t@@A 0000000180036540     MSVCRTD:utility.obj
 0004:00005558       ?module_local_at_quick_exit_table@@3U_onexit_table_t@@A 0000000180036558     MSVCRTD:utility.obj
 0004:00005598       ?mspdb@@3PEAUHINSTANCE__@@EA 0000000180036598     MSVCRTD:pdblkup.obj
 0004:000055a1       ?alreadyTried@?1??GetPdbDll@@YAPEAUHINSTANCE__@@XZ@4_NA 00000001800365a1     MSVCRTD:pdblkup.obj
 0004:000055a2       ?PDBOK@?1??_RTC_GetSrcLine@@YAHPEAEPEA_WKPEAH1K@Z@4_NA 00000001800365a2     MSVCRTD:pdblkup.obj
 0006:0000078a       .idata$6                   000000018003a78a     vcruntimed:VCRUNTIME140D.dll
 0006:00000932       .idata$6                   000000018003a932     ucrtd:ucrtbased.dll
 0006:00000b74       .idata$6                   000000018003ab74     kernel32:KERNEL32.dll
 0007:00000000       __5C0B09BC_p5engine_platform@h 000000018003b000     p5engine.obj
 0007:00000001       __09340588_corecrt_math@h  000000018003b001     p5engine.obj
 0007:00000002       __B0C4CEA9_malloc@h        000000018003b002     p5engine.obj
 0007:00000003       __3A0418DB_p5engine_intrinsics@h 000000018003b003     p5engine.obj
 0007:00000004       __6D6C9F34_p5engine_math@h 000000018003b004     p5engine.obj
 0007:00000005       __326D9465_p5engine_entity@h 000000018003b005     p5engine.obj
 0007:00000006       __B7D51BCB_p5engine@h      000000018003b006     p5engine.obj
 0007:00000007       __9A6C618E_p5engine_render_group@h 000000018003b007     p5engine.obj
 0007:00000008       __ECDA994C_p5engine_render_group@cpp 000000018003b008     p5engine.obj
 0007:00000009       __DC0D61CC_p5engine_world@cpp 000000018003b009     p5engine.obj
 0007:0000000a       __5DD8E4E4_p5engine_sim_region@cpp 000000018003b00a     p5engine.obj
 0007:0000000b       __9C871DF9_p5engine_entity@cpp 000000018003b00b     p5engine.obj
 0007:0000000c       __74B1E2C0_p5engine_random@h 000000018003b00c     p5engine.obj
 0007:0000000d       __D1049797_p5engine@cpp    000000018003b00d     p5engine.obj
 0009:00000170       $R000000                   000000018003d170     * linker generated manifest res *
