 P5Engine

 Timestamp is 636f0674 (Fri Nov 11 20:35:32 2022)

 Preferred load address is 0000000180000000

 Start         Length     Name                   Class
 0001:00000000 000165a0H .text$mn                CODE
 0001:000165a0 00000040H .text$mn$00             CODE
 0001:000165e0 0000034dH .text$x                 CODE
 0002:00000000 00000118H .idata$5                DATA
 0002:00000118 00000028H .00cfg                  DATA
 0002:00000140 00000008H .CRT$XCA                DATA
 0002:00000148 00000008H .CRT$XCZ                DATA
 0002:00000150 00000008H .CRT$XIA                DATA
 0002:00000158 00000008H .CRT$XIZ                DATA
 0002:00000160 00000008H .CRT$XPA                DATA
 0002:00000168 00000008H .CRT$XPZ                DATA
 0002:00000170 00000008H .CRT$XTA                DATA
 0002:00000178 00000008H .CRT$XTZ                DATA
 0002:00000180 00000000H .gehcont$y              DATA
 0002:00000180 00000000H .gfids$y                DATA
 0002:00000180 00000c80H .rdata                  DATA
 0002:00000e00 00000000H .rdata$CastGuardVftablesA DATA
 0002:00000e00 00000000H .rdata$CastGuardVftablesC DATA
 0002:00000e00 00000214H .rdata$voltmd           DATA
 0002:00001014 000002dcH .rdata$zzzdbg           DATA
 0002:000012f0 00000008H .rtc$IAA                DATA
 0002:000012f8 00000008H .rtc$IZZ                DATA
 0002:00001300 00000008H .rtc$TAA                DATA
 0002:00001308 00000008H .rtc$TZZ                DATA
 0002:00001310 00000c40H .xdata                  DATA
 0002:00001f50 00000090H .edata                  DATA
 0002:00001fe0 00000050H .idata$2                DATA
 0002:00002030 00000018H .idata$3                DATA
 0002:00002048 00000118H .idata$4                DATA
 0002:00002160 000002dcH .idata$6                DATA
 0003:00000000 00004040H .data                   DATA
 0003:00004040 00000994H .bss                    DATA
 0004:00000000 00000d8cH .pdata                  DATA
 0005:00000000 00000021H .msvcjmc                DATA
 0006:00000000 00000060H .rsrc$01                DATA
 0006:00000060 00000098H .rsrc$02                DATA

  Address         Publics by Value              Rva+Base               Lib:Object

 0000:00000000       __guard_fids_count         0000000000000000     <absolute>
 0000:00000000       __AbsoluteZero             0000000000000000     <absolute>
 0000:00000000       __x64_code_ranges_to_entry_points_count 0000000000000000     <absolute>
 0000:00000000       __x64_code_ranges_to_entry_points 0000000000000000     <absolute>
 0000:00000000       __arm64x_redirection_metadata 0000000000000000     <absolute>
 0000:00000000       __guard_longjmp_table      0000000000000000     <absolute>
 0000:00000000       __hybrid_code_map          0000000000000000     <absolute>
 0000:00000000       __hybrid_auxiliary_iat_copy 0000000000000000     <absolute>
 0000:00000000       ___safe_se_handler_table   0000000000000000     <absolute>
 0000:00000000       __guard_check_icall_a64n_fptr 0000000000000000     <absolute>
 0000:00000000       __hybrid_code_map_count    0000000000000000     <absolute>
 0000:00000000       __arm64x_extra_rfe_table_size 0000000000000000     <absolute>
 0000:00000000       __guard_fids_table         0000000000000000     <absolute>
 0000:00000000       __hybrid_auxiliary_iat     0000000000000000     <absolute>
 0000:00000000       ___safe_se_handler_count   0000000000000000     <absolute>
 0000:00000000       __dynamic_value_reloc_table 0000000000000000     <absolute>
 0000:00000000       __arm64x_extra_rfe_table   0000000000000000     <absolute>
 0000:00000000       __guard_eh_cont_count      0000000000000000     <absolute>
 0000:00000000       __guard_longjmp_count      0000000000000000     <absolute>
 0000:00000000       __guard_iat_table          0000000000000000     <absolute>
 0000:00000000       __arm64x_redirection_metadata_count 0000000000000000     <absolute>
 0000:00000000       __arm64x_native_entrypoint 0000000000000000     <absolute>
 0000:00000000       __enclave_config           0000000000000000     <absolute>
 0000:00000000       __guard_iat_count          0000000000000000     <absolute>
 0000:00000000       __guard_eh_cont_table      0000000000000000     <absolute>
 0000:00000100       __guard_flags              0000000000000100     <absolute>
 0000:00000000       __ImageBase                0000000180000000     <linker-defined>
 0001:0000aaf0       GameUpdateAndRender        000000018000baf0 f   p5engine.obj
 0001:0000e650       GameGetSoundSamples        000000018000f650 f   p5engine.obj
 0001:0000e800       GameDEBUGFrameEnd          000000018000f800 f   p5engine.obj
 0001:0000e8a0       ??$_snprintf_s@$0BAA@@@YAHAEAY0BAA@D_KPEBDZZ 000000018000f8a0 f i p5engine.obj
 0001:0000e920       ??0timed_block@@QEAA@HPEADH0H@Z 000000018000f920 f i p5engine.obj
 0001:0000e9c0       ??1timed_block@@QEAA@XZ    000000018000f9c0 f i p5engine.obj
 0001:0000ea20       ??D@YA?ATv2@@MT0@@Z        000000018000fa20 f i p5engine.obj
 0001:0000eaa0       ??D@YA?ATv3@@MT0@@Z        000000018000faa0 f i p5engine.obj
 0001:0000eb50       ??D@YA?ATv3@@T0@M@Z        000000018000fb50 f i p5engine.obj
 0001:0000ebd0       ??D@YA?ATv4@@MT0@@Z        000000018000fbd0 f i p5engine.obj
 0001:0000eca0       ??G@YA?ATv2@@T0@0@Z        000000018000fca0 f i p5engine.obj
 0001:0000ed20       ??G@YA?ATv3@@T0@0@Z        000000018000fd20 f i p5engine.obj
 0001:0000ede0       ??G@YA?ATv3@@T0@@Z         000000018000fde0 f i p5engine.obj
 0001:0000ee90       ??H@YA?ATv2@@T0@0@Z        000000018000fe90 f i p5engine.obj
 0001:0000ef10       ??H@YA?ATv3@@T0@0@Z        000000018000ff10 f i p5engine.obj
 0001:0000efd0       ??X@YAAEATv3@@AEAT0@M@Z    000000018000ffd0 f i p5engine.obj
 0001:0000f050       ??Y@YAAEATv2@@AEAT0@T0@@Z  0000000180010050 f i p5engine.obj
 0001:0000f0a0       ??Y@YAAEATv3@@AEAT0@T0@@Z  00000001800100a0 f i p5engine.obj
 0001:0000f140       ??Z@YAAEATv3@@AEAT0@T0@@Z  0000000180010140 f i p5engine.obj
 0001:0000f1e0       ?ATan2@@YAMMM@Z            00000001800101e0 f i p5engine.obj
 0001:0000f230       ?AbsoluteValue@@YAMM@Z     0000000180010230 f i p5engine.obj
 0001:0000f270       ?AccumDebugStatistic@@YAXPEAUdebug_statistic@@N@Z 0000000180010270 f i p5engine.obj
 0001:0000f300       ?AddFlags@@YAXPEAUsim_entity@@I@Z 0000000180010300 f i p5engine.obj
 0001:0000f340       ?AddRadiusTo@@YA?AUrectangle3@@U1@Tv3@@@Z 0000000180010340 f i p5engine.obj
 0001:0000f4b0       ?AllResourcesPresent@@YAHPEAUrender_group@@@Z 00000001800104b0 f i p5engine.obj
 0001:0000f500       ?AreInSameChunk@@YAHPEAUworld@@PEAUworld_position@@1@Z 0000000180010500 f i p5engine.obj
 0001:0000f600       ?AtomicAddU64@@YA_KPEC_K_K@Z 0000000180010600 f i p5engine.obj
 0001:0000f640       ?AtomicCompareExchangeU32@@YAIPECIII@Z 0000000180010640 f i p5engine.obj
 0001:0000f690       ?AtomicExchangeU64@@YA_KPEC_K_K@Z 0000000180010690 f i p5engine.obj
 0001:0000f6d0       ?BeginAssetLock@@YAXPEAUgame_assets@@@Z 00000001800106d0 f i p5engine.obj
 0001:0000f710       ?BeginDebugStatistic@@YAXPEAUdebug_statistic@@@Z 0000000180010710 f i p5engine.obj
 0001:0000f770       ?BeginGeneration@@YAIPEAUgame_assets@@@Z 0000000180010770 f i p5engine.obj
 0001:0000f820       ?BeginTemporaryMemory@@YA?AUtemporary_memory@@PEAUmemory_arena@@@Z 0000000180010820 f i p5engine.obj
 0001:0000f8c0       ?CenteredChunkPoint@@YA?AUworld_position@@III@Z 00000001800108c0 f i p5engine.obj
 0001:0000f950       ?ChangeEntityLocationRaw@@YAXPEAUmemory_arena@@PEAUworld@@IPEAUworld_position@@2@Z 0000000180010950 f i p5engine.obj
 0001:0000fdb0       ?CheckArena@@YAXPEAUmemory_arena@@@Z 0000000180010db0 f i p5engine.obj
 0001:0000fde0       ?ChunkPositionFromTilePosition@@YA?AUworld_position@@PEAUworld@@HHHTv3@@@Z 0000000180010de0 f i p5engine.obj
 0001:00010080       ?Clamp01@@YA?ATv2@@T1@@Z   0000000180011080 f i p5engine.obj
 0001:000100f0       ?Clamp01@@YAMM@Z           00000001800110f0 f i p5engine.obj
 0001:00010130       ?Clamp01MapToRange@@YAMMMM@Z 0000000180011130 f i p5engine.obj
 0001:000101b0       ?Clamp@@YAMMMM@Z           00000001800111b0 f i p5engine.obj
 0001:00010220       ?Clear@@YAXPEAUrender_group@@Tv4@@@Z 0000000180011220 f i p5engine.obj
 0001:00010280       ?ClearFlags@@YAXPEAUsim_entity@@I@Z 0000000180011280 f i p5engine.obj
 0001:000102c0       ?DefaultMoveSpec@@YA?AUmove_spec@@XZ 00000001800112c0 f i p5engine.obj
 0001:00010360       ?EndAssetLock@@YAXPEAUgame_assets@@@Z 0000000180011360 f i p5engine.obj
 0001:00010390       ?EndDebugStatistic@@YAXPEAUdebug_statistic@@@Z 0000000180011390 f i p5engine.obj
 0001:00010400       ?EndGeneration@@YAXPEAUgame_assets@@I@Z 0000000180011400 f i p5engine.obj
 0001:000104c0       ?EndTemporaryMemory@@YAXUtemporary_memory@@@Z 00000001800114c0 f i p5engine.obj
 0001:00010540       ?EntityOverlapsRectangle@@YAHTv3@@Usim_entity_collision_volume@@Urectangle3@@@Z 0000000180011540 f i p5engine.obj
 0001:000106d0       ?GetAlignmentOffset@@YA_KPEAUmemory_arena@@_K@Z 00000001800116d0 f i p5engine.obj
 0001:00010760       ?GetArenaSizeRemaining@@YA_KPEAUmemory_arena@@_K@Z 0000000180011760 f i p5engine.obj
 0001:000107c0       ?GetAsset@@YAPEAUasset_memory_header@@PEAUgame_assets@@II@Z 00000001800117c0 f i p5engine.obj
 0001:00010890       ?GetBarycentric@@YA?ATv2@@Urectangle2@@T1@@Z 0000000180011890 f i p5engine.obj
 0001:00010940       ?GetSound@@YAPEAUloaded_sound@@PEAUgame_assets@@Usound_id@@I@Z 0000000180011940 f i p5engine.obj
 0001:00010940       ?GetFont@@YAPEAUloaded_font@@PEAUgame_assets@@Ufont_id@@I@Z 0000000180011940 f i p5engine.obj
 0001:00010940       ?GetBitmap@@YAPEAUloaded_bitmap@@PEAUgame_assets@@Ubitmap_id@@I@Z 0000000180011940 f i p5engine.obj
 0001:000109b0       ?GetBitmapInfo@@YAPEAUp5a_bitmap@@PEAUgame_assets@@Ubitmap_id@@@Z 00000001800119b0 f i p5engine.obj
 0001:000109b0       ?GetSoundInfo@@YAPEAUp5a_sound@@PEAUgame_assets@@Usound_id@@@Z 00000001800119b0 f i p5engine.obj
 0001:000109b0       ?GetFontInfo@@YAPEAUp5a_font@@PEAUgame_assets@@Ufont_id@@@Z 00000001800119b0 f i p5engine.obj
 0001:00010a10       ?GetCameraRectangleAtDistance@@YA?AUrectangle2@@PEAUrender_group@@M@Z 0000000180011a10 f i p5engine.obj
 0001:00010ab0       ?GetCameraRectangleAtTarget@@YA?AUrectangle2@@PEAUrender_group@@@Z 0000000180011ab0 f i p5engine.obj
 0001:00010b20       ?GetDim@@YA?ATv2@@Urectangle2@@@Z 0000000180011b20 f i p5engine.obj
 0001:00010b60       ?GetDim@@YA?ATv3@@Urectangle3@@@Z 0000000180011b60 f i p5engine.obj
 0001:00010c00       ?GetEntityGroundPoint@@YA?ATv3@@PEAUsim_entity@@@Z 0000000180011c00 f i p5engine.obj
 0001:00010c80       ?GetEntityGroundPoint@@YA?ATv3@@PEAUsim_entity@@T1@@Z 0000000180011c80 f i p5engine.obj
 0001:00010ce0       ?GetFile@@YAPEAUasset_file@@PEAUgame_assets@@I@Z 0000000180011ce0 f i p5engine.obj
 0001:00010d40       ?GetFileHandleFor@@YAPEAUplatform_file_handle@@PEAUgame_assets@@I@Z 0000000180011d40 f i p5engine.obj
 0001:00010da0       ?GetGlyphFromCodepoint@@YAIPEAUp5a_font@@PEAUloaded_font@@I@Z 0000000180011da0 f i p5engine.obj
 0001:00010e10       ?GetHex@@YAID@Z            0000000180011e10 f i p5engine.obj
 0001:00010e80       ?GetLowEntity@@YAPEAUlow_entity@@PEAUgame_state@@I@Z 0000000180011e80 f i p5engine.obj
 0001:00010ef0       ?GetMaxCorner@@YA?ATv3@@Urectangle3@@@Z 0000000180011ef0 f i p5engine.obj
 0001:00010f50       ?GetMinCorner@@YA?ATv3@@Urectangle3@@@Z 0000000180011f50 f i p5engine.obj
 0001:00010fa0       ?GetNextSoundInChain@@YA?AUsound_id@@PEAUgame_assets@@U1@@Z 0000000180011fa0 f i p5engine.obj
 0001:00011060       ?GetRenderEntityBasisPos@@YA?AUentity_basis_p_result@@PEAUrender_transform@@Tv3@@@Z 0000000180012060 f i p5engine.obj
 0001:00011300       ?GetSimSpacePos@@YA?ATv3@@PEAUsim_region@@PEAUlow_entity@@@Z 0000000180012300 f i p5engine.obj
 0001:000113f0       ?GetStairGround@@YAMPEAUsim_entity@@Tv3@@@Z 00000001800123f0 f i p5engine.obj
 0001:000114e0       ?GetWorldChunk@@YAPEAUworld_chunk@@PEAUworld@@HHHPEAUmemory_arena@@@Z 00000001800124e0 f i p5engine.obj
 0001:00011760       ?Hadamard@@YA?ATv2@@T1@0@Z 0000000180012760 f i p5engine.obj
 0001:000117c0       ?Hadamard@@YA?ATv3@@T1@0@Z 00000001800127c0 f i p5engine.obj
 0001:00011880       ?HasFlag@@YAHPEAUsim_entity@@I@Z 0000000180012880 f i p5engine.obj
 0001:000118c0       ?InitializeArena@@YAXPEAUmemory_arena@@_KPEAX@Z 00000001800128c0 f i p5engine.obj
 0001:00011920       ?Inner@@YAMTv2@@0@Z        0000000180012920 f i p5engine.obj
 0001:00011970       ?Inner@@YAMTv3@@0@Z        0000000180012970 f i p5engine.obj
 0001:000119e0       ?InsertAssetHeaderAtFront@@YAXPEAUgame_assets@@PEAUasset_memory_header@@@Z 00000001800129e0 f i p5engine.obj
 0001:00011a50       ?Intersect@@YA?AUrectangle2i@@U1@0@Z 0000000180012a50 f i p5engine.obj
 0001:00011b60       ?IsCanonical@@YAHMM@Z      0000000180012b60 f i p5engine.obj
 0001:00011c00       ?IsCanonical@@YAHPEAUworld@@Tv3@@@Z 0000000180012c00 f i p5engine.obj
 0001:00011ca0       ?IsHex@@YAHD@Z             0000000180012ca0 f i p5engine.obj
 0001:00011d00       ?IsInRectangle@@YAHUrectangle3@@Tv3@@@Z 0000000180012d00 f i p5engine.obj
 0001:00011dc0       ?IsValid@@YAHUsound_id@@@Z 0000000180012dc0 f i p5engine.obj
 0001:00011e00       ?IsValid@@YAHUworld_position@@@Z 0000000180012e00 f i p5engine.obj
 0001:00011e50       ?Length@@YAMTv3@@@Z        0000000180012e50 f i p5engine.obj
 0001:00011ea0       ?LengthSq@@YAMTv2@@@Z      0000000180012ea0 f i p5engine.obj
 0001:00011ee0       ?LengthSq@@YAMTv3@@@Z      0000000180012ee0 f i p5engine.obj
 0001:00011f50       ?LoadEntityReference@@YAXPEAUgame_state@@PEAUsim_region@@PEATentity_reference@@@Z 0000000180012f50 f i p5engine.obj
 0001:00012080       ?MakeEntityNonSpatial@@YAXPEAUsim_entity@@@Z 0000000180013080 f i p5engine.obj
 0001:00012100       ?MakeEntitySpatial@@YAXPEAUsim_entity@@Tv3@@1@Z 0000000180013100 f i p5engine.obj
 0001:00012170       ?MapIntoChunkSpace@@YA?AUworld_position@@PEAUworld@@U1@Tv3@@@Z 0000000180013170 f i p5engine.obj
 0001:00012260       ?NullPosition@@YA?AUworld_position@@XZ 0000000180013260 f i p5engine.obj
 0001:000122d0       ?Orthographic@@YAXPEAUrender_group@@HHM@Z 00000001800132d0 f i p5engine.obj
 0001:000123d0       ?Perspective@@YAXPEAUrender_group@@HHMMM@Z 00000001800133d0 f i p5engine.obj
 0001:000124c0       ?PrefetchSound@@YAXPEAUgame_assets@@Usound_id@@@Z 00000001800134c0 f i p5engine.obj
 0001:000124f0       ?PushBitmap@@YAXPEAUrender_group@@PEAUloaded_bitmap@@Tv3@@MTv4@@@Z 00000001800134f0 f i p5engine.obj
 0001:00012720       ?PushBitmap@@YAXPEAUrender_group@@Ubitmap_id@@Tv3@@MTv4@@@Z 0000000180013720 f i p5engine.obj
 0001:00012880       ?PushFont@@YAPEAUloaded_font@@PEAUrender_group@@Ufont_id@@@Z 0000000180013880 f i p5engine.obj
 0001:00012910       ?PushRect@@YAXPEAUrender_group@@Tv3@@Tv2@@Tv4@@@Z 0000000180013910 f i p5engine.obj
 0001:00012ab0       ?PushRectOutline@@YAXPEAUrender_group@@Tv3@@Tv2@@Tv4@@@Z 0000000180013ab0 f i p5engine.obj
 0001:00012f40       ?PushRenderElement_@@YAPEAXPEAUrender_group@@IW4render_group_entry_type@@@Z 0000000180013f40 f i p5engine.obj
 0001:00013010       ?PushSize_@@YAPEAXPEAUmemory_arena@@_K1@Z 0000000180014010 f i p5engine.obj
 0001:000130e0       ?RandomBilateral@@YAMPEAUrandom_series@@@Z 00000001800140e0 f i p5engine.obj
 0001:00013130       ?RandomChoice@@YAIPEAUrandom_series@@I@Z 0000000180014130 f i p5engine.obj
 0001:00013170       ?RandomNextUInt32@@YAIPEAUrandom_series@@@Z 0000000180014170 f i p5engine.obj
 0001:000131e0       ?RandomSeed@@YA?AUrandom_series@@I@Z 00000001800141e0 f i p5engine.obj
 0001:00013250       ?RandomUnilateral@@YAMPEAUrandom_series@@@Z 0000000180014250 f i p5engine.obj
 0001:000132b0       ?RecanonicalizeCoord@@YAXMPEAHPEAM@Z 00000001800142b0 f i p5engine.obj
 0001:00013350       ?RectCenterDim@@YA?AUrectangle2@@Tv2@@0@Z 0000000180014350 f i p5engine.obj
 0001:000133e0       ?RectCenterDim@@YA?AUrectangle3@@Tv3@@0@Z 00000001800143e0 f i p5engine.obj
 0001:000134d0       ?RectCenterHalfDim@@YA?AUrectangle2@@Tv2@@0@Z 00000001800144d0 f i p5engine.obj
 0001:00013580       ?RectCenterHalfDim@@YA?AUrectangle3@@Tv3@@0@Z 0000000180014580 f i p5engine.obj
 0001:000136f0       ?RectMinMax@@YA?AUrectangle3@@Tv3@@0@Z 00000001800146f0 f i p5engine.obj
 0001:00013790       ?RectanglesIntersect@@YAHUrectangle3@@0@Z 0000000180014790 f i p5engine.obj
 0001:00013850       ?RoundReal32ToInt32@@YAHM@Z 0000000180014850 f i p5engine.obj
 0001:00013890       ?RoundReal32ToUInt32@@YAIM@Z 0000000180014890 f i p5engine.obj
 0001:000138d0       ?SafeRatio1@@YAMMM@Z       00000001800148d0 f i p5engine.obj
 0001:00013920       ?SafeRatioN@@YAMMMM@Z      0000000180014920 f i p5engine.obj
 0001:00013980       ?SignOf@@YAMM@Z            0000000180014980 f i p5engine.obj
 0001:000139e0       ?Sin@@YAMM@Z               00000001800149e0 f i p5engine.obj
 0001:00013a20       ?Square@@YAMM@Z            0000000180014a20 f i p5engine.obj
 0001:00013a60       ?SquareRoot@@YAMM@Z        0000000180014a60 f i p5engine.obj
 0001:00013aa0       ?StoreEntityReference@@YAXPEATentity_reference@@@Z 0000000180014aa0 f i p5engine.obj
 0001:00013ae0       ?SubArena@@YAXPEAUmemory_arena@@0_K1@Z 0000000180014ae0 f i p5engine.obj
 0001:00013b50       ?ToV3@@YA?ATv3@@Tv2@@M@Z   0000000180014b50 f i p5engine.obj
 0001:00013be0       ?Unproject@@YA?ATv2@@PEAUrender_group@@T1@M@Z 0000000180014be0 f i p5engine.obj
 0001:00013c30       ?V2@@YA?ATv2@@MM@Z         0000000180014c30 f i p5engine.obj
 0001:00013ca0       ?V2i@@YA?ATv2@@HH@Z        0000000180014ca0 f i p5engine.obj
 0001:00013cf0       ?V3@@YA?ATv3@@MMM@Z        0000000180014cf0 f i p5engine.obj
 0001:00013d90       ?V4@@YA?ATv4@@MMMM@Z       0000000180014d90 f i p5engine.obj
 0001:00013e40       ?ZeroSize@@YAX_KPEAX@Z     0000000180014e40 f i p5engine.obj
 0001:00013ea0       GetController              0000000180014ea0 f i p5engine.obj
 0001:00013f00       __local_stdio_printf_options 0000000180014f00 f i p5engine.obj
 0001:00013f20       _vsnprintf_s               0000000180014f20 f i p5engine.obj
 0001:00013f80       _vsnprintf_s_l             0000000180014f80 f i p5engine.obj
 0001:00014010       ?DrawRectangleQuickly@@YAXPEAUloaded_bitmap@@Tv2@@11Tv4@@0MUrectangle2i@@H@Z 0000000180015010 f   p5engine_optimized.obj
 0001:00014de0       __CheckForDebuggerJustMyCode 0000000180015de0 f   MSVCRTD:debugger_jmc.obj
 0001:00014e20       __GSHandlerCheck           0000000180015e20 f   MSVCRTD:gshandler.obj
 0001:00014e60       __GSHandlerCheckCommon     0000000180015e60 f   MSVCRTD:gshandler.obj
 0001:00014f60       __GSHandlerCheck_EH4       0000000180015f60 f   MSVCRTD:gshandlereh4.obj
 0001:00015020       __chkstk                   0000000180016020 f   MSVCRTD:chkstk.obj
 0001:00015020       _alloca_probe              0000000180016020 f   MSVCRTD:chkstk.obj
 0001:00015080       __security_check_cookie    0000000180016080 f   MSVCRTD:amdsecgs.obj
 0001:000154b0       _DllMainCRTStartup         00000001800164b0 f   MSVCRTD:dll_dllmain.obj
 0001:000154f0       __raise_securityfailure    00000001800164f0 f   MSVCRTD:gs_report.obj
 0001:00015530       __report_gsfailure         0000000180016530 f   MSVCRTD:gs_report.obj
 0001:00015790       __security_init_cookie     0000000180016790 f   MSVCRTD:gs_support.obj
 0001:00015810       DllMain                    0000000180016810 f   MSVCRTD:dll_dllmain_stub.obj
 0001:00015850       ?__scrt_initialize_type_info@@YAXXZ 0000000180016850 f   MSVCRTD:tncleanup.obj
 0001:00015870       ?__scrt_uninitialize_type_info@@YAXXZ 0000000180016870 f   MSVCRTD:tncleanup.obj
 0001:00015890       __local_stdio_scanf_options 0000000180016890 f i MSVCRTD:default_local_stdio_options.obj
 0001:000158a0       __scrt_initialize_default_local_stdio_options 00000001800168a0 f   MSVCRTD:default_local_stdio_options.obj
 0001:000158f0       ?configure_argv@__scrt_narrow_argv_policy@@SAHXZ 00000001800168f0 f i MSVCRTD:utility.obj
 0001:000159e0       ?initialize_environment@__scrt_narrow_environment_policy@@SAHXZ 00000001800169e0 f i MSVCRTD:utility.obj
 0001:00015a80       NtCurrentTeb               0000000180016a80 f i MSVCRTD:utility.obj
 0001:00015a90       __scrt_acquire_startup_lock 0000000180016a90 f   MSVCRTD:utility.obj
 0001:00015b00       __scrt_dllmain_after_initialize_c 0000000180016b00 f   MSVCRTD:utility.obj
 0001:00015b30       __scrt_dllmain_before_initialize_c 0000000180016b30 f   MSVCRTD:utility.obj
 0001:00015b50       __scrt_dllmain_crt_thread_attach 0000000180016b50 f   MSVCRTD:utility.obj
 0001:00015b80       __scrt_dllmain_crt_thread_detach 0000000180016b80 f   MSVCRTD:utility.obj
 0001:00015ba0       __scrt_dllmain_exception_filter 0000000180016ba0 f   MSVCRTD:utility.obj
 0001:00015c10       __scrt_dllmain_uninitialize_c 0000000180016c10 f   MSVCRTD:utility.obj
 0001:00015c40       __scrt_dllmain_uninitialize_critical 0000000180016c40 f   MSVCRTD:utility.obj
 0001:00015c60       __scrt_initialize_crt      0000000180016c60 f   MSVCRTD:utility.obj
 0001:00015cb0       __scrt_initialize_onexit_tables 0000000180016cb0 f   MSVCRTD:utility.obj
 0001:00015dc0       __scrt_is_nonwritable_in_current_image 0000000180016dc0 f   MSVCRTD:utility.obj
 0001:00015e50       __scrt_release_startup_lock 0000000180016e50 f   MSVCRTD:utility.obj
 0001:00015e80       __scrt_uninitialize_crt    0000000180016e80 f   MSVCRTD:utility.obj
 0001:00015ec0       __scrt_get_dyn_tls_init_callback 0000000180016ec0 f   MSVCRTD:dyn_tls_init.obj
 0001:00015ed0       __crt_debugger_hook        0000000180016ed0 f   MSVCRTD:utility_desktop.obj
 0001:00015ee0       __scrt_fastfail            0000000180016ee0 f   MSVCRTD:utility_desktop.obj
 0001:00016080       _RTC_Initialize            0000000180017080 f   MSVCRTD:initsect.obj
 0001:000160d0       _RTC_Terminate             00000001800170d0 f   MSVCRTD:initsect.obj
 0001:00016120       _guard_check_icall_nop     0000000180017120 f i MSVCRTD:guard_support.obj
 0001:00016130       __isa_available_init       0000000180017130 f   MSVCRTD:cpu_disp.obj
 0001:000164d0       _get_startup_argv_mode     00000001800174d0 f   MSVCRTD:argv_mode.obj
 0001:000164e0       __scrt_is_ucrt_dll_in_use  00000001800174e0 f   MSVCRTD:ucrt_detection.obj
 0001:00016510       __CxxFrameHandler4         0000000180017510 f   vcruntimed:VCRUNTIME140_1D.dll
 0001:00016516       __C_specific_handler       0000000180017516 f   vcruntimed:VCRUNTIME140D.dll
 0001:0001651c       __std_type_info_destroy_list 000000018001751c f   vcruntimed:VCRUNTIME140D.dll
 0001:00016522       atan2                      0000000180017522 f   ucrtd:ucrtbased.dll
 0001:00016528       sinf                       0000000180017528 f   ucrtd:ucrtbased.dll
 0001:0001652e       sqrtf                      000000018001752e f   ucrtd:ucrtbased.dll
 0001:00016534       _initterm                  0000000180017534 f   ucrtd:ucrtbased.dll
 0001:0001653a       _initterm_e                000000018001753a f   ucrtd:ucrtbased.dll
 0001:00016540       _seh_filter_dll            0000000180017540 f   ucrtd:ucrtbased.dll
 0001:00016546       _configure_narrow_argv     0000000180017546 f   ucrtd:ucrtbased.dll
 0001:0001654c       _initialize_narrow_environment 000000018001754c f   ucrtd:ucrtbased.dll
 0001:00016552       _initialize_onexit_table   0000000180017552 f   ucrtd:ucrtbased.dll
 0001:00016558       _execute_onexit_table      0000000180017558 f   ucrtd:ucrtbased.dll
 0001:0001655e       _cexit                     000000018001755e f   ucrtd:ucrtbased.dll
 0001:00016570       __scrt_stub_for_acrt_thread_attach 0000000180017570 f   MSVCRTD:ucrt_stubs.obj
 0001:00016570       __acrt_initialize          0000000180017570 f   MSVCRTD:ucrt_stubs.obj
 0001:00016570       __vcrt_thread_detach       0000000180017570 f   MSVCRTD:ucrt_stubs.obj
 0001:00016570       __vcrt_initialize          0000000180017570 f   MSVCRTD:ucrt_stubs.obj
 0001:00016570       __acrt_thread_detach       0000000180017570 f   MSVCRTD:ucrt_stubs.obj
 0001:00016570       __scrt_stub_for_acrt_initialize 0000000180017570 f   MSVCRTD:ucrt_stubs.obj
 0001:00016570       __vcrt_thread_attach       0000000180017570 f   MSVCRTD:ucrt_stubs.obj
 0001:00016570       __scrt_stub_for_acrt_thread_detach 0000000180017570 f   MSVCRTD:ucrt_stubs.obj
 0001:00016570       __acrt_thread_attach       0000000180017570 f   MSVCRTD:ucrt_stubs.obj
 0001:00016580       __scrt_stub_for_acrt_uninitialize_critical 0000000180017580 f   MSVCRTD:ucrt_stubs.obj
 0001:00016580       __vcrt_uninitialize        0000000180017580 f   MSVCRTD:ucrt_stubs.obj
 0001:00016580       __acrt_uninitialize_critical 0000000180017580 f   MSVCRTD:ucrt_stubs.obj
 0001:00016580       __scrt_stub_for_acrt_uninitialize 0000000180017580 f   MSVCRTD:ucrt_stubs.obj
 0001:00016580       __vcrt_uninitialize_critical 0000000180017580 f   MSVCRTD:ucrt_stubs.obj
 0001:00016580       __acrt_uninitialize        0000000180017580 f   MSVCRTD:ucrt_stubs.obj
 0001:00016590       __scrt_stub_for_is_c_termination_complete 0000000180017590 f   MSVCRTD:ucrt_stubs.obj
 0001:00016590       _is_c_termination_complete 0000000180017590 f   MSVCRTD:ucrt_stubs.obj
 0001:000165b0       _guard_dispatch_icall_nop  00000001800175b0 f   MSVCRTD:guard_dispatch.obj
 0001:000165d0       _guard_xfg_dispatch_icall_nop 00000001800175d0 f   MSVCRTD:guard_xfg_dispatch.obj
 0002:00000000       __imp_GetCurrentProcessId  0000000180018000     kernel32:KERNEL32.dll
 0002:00000008       __imp_RtlCaptureContext    0000000180018008     kernel32:KERNEL32.dll
 0002:00000010       __imp_RtlLookupFunctionEntry 0000000180018010     kernel32:KERNEL32.dll
 0002:00000018       __imp_RtlVirtualUnwind     0000000180018018     kernel32:KERNEL32.dll
 0002:00000020       __imp_UnhandledExceptionFilter 0000000180018020     kernel32:KERNEL32.dll
 0002:00000028       __imp_SetUnhandledExceptionFilter 0000000180018028     kernel32:KERNEL32.dll
 0002:00000030       __imp_IsDebuggerPresent    0000000180018030     kernel32:KERNEL32.dll
 0002:00000038       __imp_InitializeSListHead  0000000180018038     kernel32:KERNEL32.dll
 0002:00000040       __imp_DisableThreadLibraryCalls 0000000180018040     kernel32:KERNEL32.dll
 0002:00000048       __imp_GetSystemTimeAsFileTime 0000000180018048     kernel32:KERNEL32.dll
 0002:00000050       __imp_GetCurrentThreadId   0000000180018050     kernel32:KERNEL32.dll
 0002:00000058       __imp_QueryPerformanceCounter 0000000180018058     kernel32:KERNEL32.dll
 0002:00000060       __imp_IsProcessorFeaturePresent 0000000180018060     kernel32:KERNEL32.dll
 0002:00000068       __imp_TerminateProcess     0000000180018068     kernel32:KERNEL32.dll
 0002:00000070       __imp_GetCurrentProcess    0000000180018070     kernel32:KERNEL32.dll
 0002:00000078       \177KERNEL32_NULL_THUNK_DATA 0000000180018078     kernel32:KERNEL32.dll
 0002:00000080       __imp___std_type_info_destroy_list 0000000180018080     vcruntimed:VCRUNTIME140D.dll
 0002:00000088       __imp___C_specific_handler 0000000180018088     vcruntimed:VCRUNTIME140D.dll
 0002:00000090       \177VCRUNTIME140D_NULL_THUNK_DATA 0000000180018090     vcruntimed:VCRUNTIME140D.dll
 0002:00000098       __imp___CxxFrameHandler4   0000000180018098     vcruntimed:VCRUNTIME140_1D.dll
 0002:000000a0       \177VCRUNTIME140_1D_NULL_THUNK_DATA 00000001800180a0     vcruntimed:VCRUNTIME140_1D.dll
 0002:000000a8       __imp__cexit               00000001800180a8     ucrtd:ucrtbased.dll
 0002:000000b0       __imp__execute_onexit_table 00000001800180b0     ucrtd:ucrtbased.dll
 0002:000000b8       __imp__initialize_onexit_table 00000001800180b8     ucrtd:ucrtbased.dll
 0002:000000c0       __imp__initialize_narrow_environment 00000001800180c0     ucrtd:ucrtbased.dll
 0002:000000c8       __imp__configure_narrow_argv 00000001800180c8     ucrtd:ucrtbased.dll
 0002:000000d0       __imp__initterm_e          00000001800180d0     ucrtd:ucrtbased.dll
 0002:000000d8       __imp__initterm            00000001800180d8     ucrtd:ucrtbased.dll
 0002:000000e0       __imp_sqrtf                00000001800180e0     ucrtd:ucrtbased.dll
 0002:000000e8       __imp_sinf                 00000001800180e8     ucrtd:ucrtbased.dll
 0002:000000f0       __imp_atan2                00000001800180f0     ucrtd:ucrtbased.dll
 0002:000000f8       __imp___stdio_common_vsnprintf_s 00000001800180f8     ucrtd:ucrtbased.dll
 0002:00000100       __imp_roundf               0000000180018100     ucrtd:ucrtbased.dll
 0002:00000108       __imp__seh_filter_dll      0000000180018108     ucrtd:ucrtbased.dll
 0002:00000110       \177ucrtbased_NULL_THUNK_DATA 0000000180018110     ucrtd:ucrtbased.dll
 0002:00000118       __guard_check_icall_fptr   0000000180018118     MSVCRTD:guard_support.obj
 0002:00000120       __guard_xfg_check_icall_fptr 0000000180018120     MSVCRTD:guard_support.obj
 0002:00000128       __guard_dispatch_icall_fptr 0000000180018128     MSVCRTD:guard_support.obj
 0002:00000130       __guard_xfg_dispatch_icall_fptr 0000000180018130     MSVCRTD:guard_support.obj
 0002:00000138       __guard_xfg_table_dispatch_icall_fptr 0000000180018138     MSVCRTD:guard_support.obj
 0002:00000140       __xc_a                     0000000180018140     MSVCRTD:initializers.obj
 0002:00000148       __xc_z                     0000000180018148     MSVCRTD:initializers.obj
 0002:00000150       __xi_a                     0000000180018150     MSVCRTD:initializers.obj
 0002:00000158       __xi_z                     0000000180018158     MSVCRTD:initializers.obj
 0002:00000160       __xp_a                     0000000180018160     MSVCRTD:initializers.obj
 0002:00000168       __xp_z                     0000000180018168     MSVCRTD:initializers.obj
 0002:00000170       __xt_a                     0000000180018170     MSVCRTD:initializers.obj
 0002:00000178       __xt_z                     0000000180018178     MSVCRTD:initializers.obj
 0002:00000968       ??_C@_0BA@NMEIMCEK@InvalidCodePath@ 0000000180018968     p5engine.obj
 0002:00000978       ??_C@_0O@NBAOOJGC@GetWorldChunk@ 0000000180018978     p5engine.obj
 0002:00000990       ??_C@_0EC@FAMPFJPC@C?3?2Users?2pguru?2source?2repos?2p5?9@ 0000000180018990     p5engine.obj
 0002:000009d8       ??_C@_0BI@OAEKEAEN@ChangeEntityLocationRaw@ 00000001800189d8     p5engine.obj
 0002:000009f0       __real@00000000            00000001800189f0     p5engine.obj
 0002:000009f4       __real@308992b1            00000001800189f4     p5engine.obj
 0002:000009f8       __real@3a83126f            00000001800189f8     p5engine.obj
 0002:000009fc       __real@3c23d70a            00000001800189fc     p5engine.obj
 0002:00000a00       __real@3cc30c31            0000000180018a00     p5engine.obj
 0002:00000a04       __real@3dcccccd            0000000180018a04     p5engine.obj
 0002:00000a08       __real@3de38e39            0000000180018a08     p5engine.obj
 0002:00000a0c       __real@3e4ccccd            0000000180018a0c     p5engine.obj
 0002:00000a10       __real@3e800000            0000000180018a10     p5engine.obj
 0002:00000a14       __real@3e99999a            0000000180018a14     p5engine.obj
 0002:00000a18       __real@3ecccccd            0000000180018a18     p5engine.obj
 0002:00000a1c       __real@3ee147ae            0000000180018a1c     p5engine.obj
 0002:00000a20       __real@3f000000            0000000180018a20     p5engine.obj
 0002:00000a24       __real@3f19999a            0000000180018a24     p5engine.obj
 0002:00000a28       __real@3f228f5c            0000000180018a28     p5engine.obj
 0002:00000a2c       __real@3f3504f3            0000000180018a2c     p5engine.obj
 0002:00000a30       __real@3f400000            0000000180018a30     p5engine.obj
 0002:00000a34       __real@3f666666            0000000180018a34     p5engine.obj
 0002:00000a38       __real@3f800000            0000000180018a38     p5engine.obj
 0002:00000a3c       __real@3f8ccccd            0000000180018a3c     p5engine.obj
 0002:00000a40       __real@3f99999a            0000000180018a40     p5engine.obj
 0002:00000a44       __real@3fa66666            0000000180018a44     p5engine.obj
 0002:00000a48       __real@3fb33333            0000000180018a48     p5engine.obj
 0002:00000a4c       __real@3fc00000            0000000180018a4c     p5engine.obj
 0002:00000a50       __real@3fe0000000000000    0000000180018a50     p5engine.obj
 0002:00000a58       __real@40000000            0000000180018a58     p5engine.obj
 0002:00000a5c       __real@400ccccd            0000000180018a5c     p5engine.obj
 0002:00000a60       __real@40400000            0000000180018a60     p5engine.obj
 0002:00000a64       __real@40800000            0000000180018a64     p5engine.obj
 0002:00000a68       __real@40a00000            0000000180018a68     p5engine.obj
 0002:00000a6c       __real@40c00000            0000000180018a6c     p5engine.obj
 0002:00000a70       __real@40c90fdb            0000000180018a70     p5engine.obj
 0002:00000a74       __real@41100000            0000000180018a74     p5engine.obj
 0002:00000a78       __real@41200000            0000000180018a78     p5engine.obj
 0002:00000a7c       __real@41700000            0000000180018a7c     p5engine.obj
 0002:00000a80       __real@41880000            0000000180018a80     p5engine.obj
 0002:00000a84       __real@41a00000            0000000180018a84     p5engine.obj
 0002:00000a88       __real@41f00000            0000000180018a88     p5engine.obj
 0002:00000a8c       __real@42340000            0000000180018a8c     p5engine.obj
 0002:00000a90       __real@437f0000            0000000180018a90     p5engine.obj
 0002:00000a94       __real@461c4000            0000000180018a94     p5engine.obj
 0002:00000a98       __real@47c35000            0000000180018a98     p5engine.obj
 0002:00000aa0       __real@47efffffe0000000    0000000180018aa0     p5engine.obj
 0002:00000aa8       __real@49742400            0000000180018aa8     p5engine.obj
 0002:00000aac       __real@7f7fffff            0000000180018aac     p5engine.obj
 0002:00000ab0       __real@becccccd            0000000180018ab0     p5engine.obj
 0002:00000ab4       __real@bf000000            0000000180018ab4     p5engine.obj
 0002:00000ab8       __real@bf800000            0000000180018ab8     p5engine.obj
 0002:00000abc       __real@c0000000            0000000180018abc     p5engine.obj
 0002:00000ac0       __real@c0100000            0000000180018ac0     p5engine.obj
 0002:00000ac4       __real@c0400000            0000000180018ac4     p5engine.obj
 0002:00000ac8       __real@c11ccccd            0000000180018ac8     p5engine.obj
 0002:00000ad0       __real@c7efffffe0000000    0000000180018ad0     p5engine.obj
 0002:00000ae0       __xmm@00000000000000000000000000000000 0000000180018ae0     p5engine.obj
 0002:00000af0       __xmm@3f8000003f8000003f8000003f800000 0000000180018af0     p5engine.obj
 0002:00000b00       __xmm@7fffffffffffffff7fffffffffffffff 0000000180018b00     p5engine.obj
 0002:00000b10       __xmm@80000000800000008000000080000000 0000000180018b10     p5engine.obj
 0002:00000b20       ?DebugRecords_Optimized_Count@@3IB 0000000180018b20     p5engine_optimized.obj
 0002:00000b28       ??_C@_0BF@IHBADFJI@DrawRectangleQuickly@ 0000000180018b28     p5engine_optimized.obj
 0002:00000b40       ??_C@_0EG@JEOCENLP@C?3?2Users?2pguru?2source?2repos?2p5?9@ 0000000180018b40     p5engine_optimized.obj
 0002:00000b90       __xmm@000000ff000000ff000000ff000000ff 0000000180018b90     p5engine_optimized.obj
 0002:00000ba0       __xmm@0000ffff0000ffff0000ffff0000ffff 0000000180018ba0     p5engine_optimized.obj
 0002:00000bb0       __xmm@00ff00ff00ff00ff00ff00ff00ff00ff 0000000180018bb0     p5engine_optimized.obj
 0002:00000bc0       __xmm@3b8080813b8080813b8080813b808081 0000000180018bc0     p5engine_optimized.obj
 0002:00000bd0       __xmm@3f0000003f0000003f0000003f000000 0000000180018bd0     p5engine_optimized.obj
 0002:00000be0       __xmm@40800000408000004080000040800000 0000000180018be0     p5engine_optimized.obj
 0002:00000bf0       __xmm@477e0100477e0100477e0100477e0100 0000000180018bf0     p5engine_optimized.obj
 0002:00000c00       __xmm@ffffffffffffffffffffffffffffffff 0000000180018c00     p5engine_optimized.obj
 0002:00000c10       _pDefaultRawDllMain        0000000180018c10     MSVCRTD:dll_dllmain.obj
 0002:00000c10       _pRawDllMain               0000000180018c10     MSVCRTD:dll_dllmain.obj
 0002:00000c80       _load_config_used          0000000180018c80     MSVCRTD:loadcfg.obj
 0002:00000e00       __volatile_metadata        0000000180018e00     <linker-defined>
 0002:000012f0       __rtc_iaa                  00000001800192f0     MSVCRTD:initsect.obj
 0002:000012f8       __rtc_izz                  00000001800192f8     MSVCRTD:initsect.obj
 0002:00001300       __rtc_taa                  0000000180019300     MSVCRTD:initsect.obj
 0002:00001308       __rtc_tzz                  0000000180019308     MSVCRTD:initsect.obj
 0002:00001fe0       __IMPORT_DESCRIPTOR_VCRUNTIME140_1D 0000000180019fe0     vcruntimed:VCRUNTIME140_1D.dll
 0002:00001ff4       __IMPORT_DESCRIPTOR_VCRUNTIME140D 0000000180019ff4     vcruntimed:VCRUNTIME140D.dll
 0002:00002008       __IMPORT_DESCRIPTOR_ucrtbased 000000018001a008     ucrtd:ucrtbased.dll
 0002:0000201c       __IMPORT_DESCRIPTOR_KERNEL32 000000018001a01c     kernel32:KERNEL32.dll
 0002:00002030       __NULL_IMPORT_DESCRIPTOR   000000018001a030     vcruntimed:VCRUNTIME140D.dll
 0003:00004000       __security_cookie_complement 000000018001f000     MSVCRTD:gs_cookie.obj
 0003:00004008       __security_cookie          000000018001f008     MSVCRTD:gs_cookie.obj
 0003:00004010       _fltused                   000000018001f010     MSVCRTD:fltused.obj
 0003:00004014       __scrt_native_dllmain_reason 000000018001f014     MSVCRTD:utility.obj
 0003:00004018       __isa_available            000000018001f018     MSVCRTD:cpu_disp.obj
 0003:0000401c       __isa_enabled              000000018001f01c     MSVCRTD:cpu_disp.obj
 0003:00004020       __memcpy_nt_iters          000000018001f020     MSVCRTD:cpu_disp.obj
 0003:00004028       __memset_nt_iters          000000018001f028     MSVCRTD:cpu_disp.obj
 0003:00004030       __scrt_ucrt_dll_is_in_use  000000018001f030     MSVCRTD:ucrt_stubs.obj
 0003:00004040       DebugGlobalMemory          000000018001f040     p5engine.obj
 0003:00004050       ?DebugRecords_Main@@3PAUdebug_record@@A 000000018001f050     p5engine.obj
 0003:00004388       ?_OptionsStorage@?1??__local_stdio_printf_options@@9@4_KA 000000018001f388     p5engine.obj
 0003:00004390       ?DebugRecords_Optimized@@3PAUdebug_record@@A 000000018001f390     p5engine_optimized.obj
 0003:00004950       ?__type_info_root_node@@3U__type_info_node@@A 000000018001f950     MSVCRTD:tncleanup.obj
 0003:00004960       ?_OptionsStorage@?1??__local_stdio_scanf_options@@9@4_KA 000000018001f960     MSVCRTD:default_local_stdio_options.obj
 0003:00004968       __scrt_current_native_startup_state 000000018001f968     MSVCRTD:utility.obj
 0003:00004970       __scrt_native_startup_lock 000000018001f970     MSVCRTD:utility.obj
 0003:000049b0       __scrt_debugger_hook_flag  000000018001f9b0     MSVCRTD:utility_desktop.obj
 0003:000049b8       __castguard_check_failure_os_handled_fptr 000000018001f9b8     MSVCRTD:guard_support.obj
 0003:000049c0       __favor                    000000018001f9c0     MSVCRTD:cpu_disp.obj
 0003:000049c8       __dyn_tls_init_callback    000000018001f9c8     <common>
 0003:000049d0       __DebuggerCurrentSteppingThreadId 000000018001f9d0     <common>

 entry point at        0001:000154b0

 Static symbols

 0000:fffdc000       .debug$S                   0000000180000000     P5Engine.exp
 0000:fffdc000       .debug$S                   0000000180000000     vcruntimed:VCRUNTIME140D.dll
 0000:fffdc000       .debug$S                   0000000180000000     vcruntimed:VCRUNTIME140D.dll
 0000:fffdc000       .debug$S                   0000000180000000     vcruntimed:VCRUNTIME140D.dll
 0000:fffdc000       .debug$S                   0000000180000000     vcruntimed:VCRUNTIME140D.dll
 0000:fffdc000       .debug$S                   0000000180000000     vcruntimed:VCRUNTIME140_1D.dll
 0000:fffdc000       .debug$S                   0000000180000000     ucrtd:ucrtbased.dll
 0000:fffdc000       .debug$S                   0000000180000000     ucrtd:ucrtbased.dll
 0000:fffdc000       .debug$S                   0000000180000000     ucrtd:ucrtbased.dll
 0000:fffdc000       .debug$S                   0000000180000000     ucrtd:ucrtbased.dll
 0000:fffdc000       .debug$S                   0000000180000000     ucrtd:ucrtbased.dll
 0000:fffdc000       .debug$S                   0000000180000000     ucrtd:ucrtbased.dll
 0000:fffdc000       .debug$S                   0000000180000000     ucrtd:ucrtbased.dll
 0000:fffdc000       .debug$S                   0000000180000000     ucrtd:ucrtbased.dll
 0000:fffdc000       .debug$S                   0000000180000000     ucrtd:ucrtbased.dll
 0000:fffdc000       .debug$S                   0000000180000000     ucrtd:ucrtbased.dll
 0000:fffdc000       .debug$S                   0000000180000000     ucrtd:ucrtbased.dll
 0000:fffdc000       .debug$S                   0000000180000000     ucrtd:ucrtbased.dll
 0000:fffdc000       .debug$S                   0000000180000000     ucrtd:ucrtbased.dll
 0000:fffdc000       .debug$S                   0000000180000000     ucrtd:ucrtbased.dll
 0000:fffdc000       .debug$S                   0000000180000000     ucrtd:ucrtbased.dll
 0000:fffdc000       .debug$S                   0000000180000000     ucrtd:ucrtbased.dll
 0000:fffdc000       .debug$S                   0000000180000000     ucrtd:ucrtbased.dll
 0000:fffdc000       .debug$S                   0000000180000000     kernel32:KERNEL32.dll
 0000:fffdc000       .debug$S                   0000000180000000     kernel32:KERNEL32.dll
 0000:fffdc000       .debug$S                   0000000180000000     kernel32:KERNEL32.dll
 0000:fffdc000       .debug$S                   0000000180000000     kernel32:KERNEL32.dll
 0000:fffdc000       .debug$S                   0000000180000000     kernel32:KERNEL32.dll
 0000:fffdc000       .debug$S                   0000000180000000     kernel32:KERNEL32.dll
 0000:fffdc000       .debug$S                   0000000180000000     kernel32:KERNEL32.dll
 0000:fffdc000       .debug$S                   0000000180000000     kernel32:KERNEL32.dll
 0000:fffdc000       .debug$S                   0000000180000000     kernel32:KERNEL32.dll
 0000:fffdc000       .debug$S                   0000000180000000     kernel32:KERNEL32.dll
 0000:fffdc000       .debug$S                   0000000180000000     kernel32:KERNEL32.dll
 0000:fffdc000       .debug$S                   0000000180000000     kernel32:KERNEL32.dll
 0000:fffdc000       .debug$S                   0000000180000000     kernel32:KERNEL32.dll
 0000:fffdc000       .debug$S                   0000000180000000     kernel32:KERNEL32.dll
 0000:fffdc000       .debug$S                   0000000180000000     kernel32:KERNEL32.dll
 0000:fffdc000       .debug$S                   0000000180000000     kernel32:KERNEL32.dll
 0000:fffdc000       .debug$S                   0000000180000000     kernel32:KERNEL32.dll
 0001:00000000       ?RemoveAssetHeaderFromList@@YAXPEAUasset_memory_header@@@Z 0000000180001000 f   p5engine.obj
 0001:00000070       ?LoadBitmap@@YAXPEAUgame_assets@@Ubitmap_id@@H@Z 0000000180001070 f   p5engine.obj
 0001:00000430       ?LoadSound@@YAXPEAUgame_assets@@Usound_id@@@Z 0000000180001430 f   p5engine.obj
 0001:00000730       ?LoadFont@@YAXPEAUgame_assets@@Ufont_id@@H@Z 0000000180001730 f   p5engine.obj
 0001:00000a90       ?AddCollisionRule@@YAXPEAUgame_state@@IIH@Z 0000000180001a90 f   p5engine.obj
 0001:00000c10       ?ClearCollisionRulesFor@@YAXPEAUgame_state@@I@Z 0000000180001c10 f   p5engine.obj
 0001:00000d10       ?BeginTaskWithMemory@@YAPEAUtask_with_memory@@PEAUtransient_state@@@Z 0000000180001d10 f   p5engine.obj
 0001:00000df0       ?EndTaskWithMemory@@YAXPEAUtask_with_memory@@@Z 0000000180001df0 f   p5engine.obj
 0001:00000e50       ?DrawRectangle@@YAXPEAUloaded_bitmap@@Tv2@@1Tv4@@Urectangle2i@@H@Z 0000000180001e50 f   p5engine.obj
 0001:00001100       ?RenderGroupToOutput@@YAXPEAUrender_group@@PEAUloaded_bitmap@@Urectangle2i@@H@Z 0000000180002100 f   p5engine.obj
 0001:00001470       ?DoTiledRenderWork@@YAXPEAUplatform_work_queue@@PEAX@Z 0000000180002470 f   p5engine.obj
 0001:00001520       ?RenderGroupToOutput@@YAXPEAUrender_group@@PEAUloaded_bitmap@@@Z 0000000180002520 f   p5engine.obj
 0001:00001620       ?TiledRenderGroupToOutput@@YAXPEAUplatform_work_queue@@PEAUrender_group@@PEAUloaded_bitmap@@@Z 0000000180002620 f   p5engine.obj
 0001:00001870       ?AllocateRenderGroup@@YAPEAUrender_group@@PEAUgame_assets@@PEAUmemory_arena@@IH@Z 0000000180002870 f   p5engine.obj
 0001:000019c0       ?BeginRender@@YAXPEAUrender_group@@@Z 00000001800029c0 f   p5engine.obj
 0001:00001a20       ?EndRender@@YAXPEAUrender_group@@@Z 0000000180002a20 f   p5engine.obj
 0001:00001aa0       ?InitializeWorld@@YAXPEAUworld@@Tv3@@@Z 0000000180002aa0 f   p5engine.obj
 0001:00001b40       ?Subtract@@YA?ATv3@@PEAUworld@@PEAUworld_position@@1@Z 0000000180002b40 f   p5engine.obj
 0001:00001db0       ?ChangeEntityLocation@@YAXPEAUmemory_arena@@PEAUworld@@IPEAUlow_entity@@Uworld_position@@@Z 0000000180002db0 f   p5engine.obj
 0001:00001fa0       ?GetHashFromStorageIndex@@YAPEAUsim_entity_hash@@PEAUsim_region@@I@Z 0000000180002fa0 f   p5engine.obj
 0001:00002070       ?AddEntity@@YAPEAUsim_entity@@PEAUgame_state@@PEAUsim_region@@IPEAUlow_entity@@PEATv3@@@Z 0000000180003070 f   p5engine.obj
 0001:000021d0       ?AddEntityRaw@@YAPEAUsim_entity@@PEAUgame_state@@PEAUsim_region@@IPEAUlow_entity@@@Z 00000001800031d0 f   p5engine.obj
 0001:000023f0       ?BeginSim@@YAPEAUsim_region@@PEAUmemory_arena@@PEAUgame_state@@PEAUworld@@Uworld_position@@Urectangle3@@M@Z 00000001800033f0 f   p5engine.obj
 0001:00002ab0       ?EndSim@@YAXPEAUsim_region@@PEAUgame_state@@@Z 0000000180003ab0 f   p5engine.obj
 0001:00002dd0       ?CanCollide@@YAHPEAUgame_state@@PEAUsim_entity@@1@Z 0000000180003dd0 f   p5engine.obj
 0001:00002f20       ?HandleCollision@@YAHPEAUgame_state@@PEAUsim_entity@@1@Z 0000000180003f20 f   p5engine.obj
 0001:00003000       ?CanOverlap@@YAHPEAUgame_state@@PEAUsim_entity@@1@Z 0000000180004000 f   p5engine.obj
 0001:00003060       ?HandleOverlap@@YAXPEAUgame_state@@PEAUsim_entity@@1MPEAM@Z 0000000180004060 f   p5engine.obj
 0001:00003100       ?SpeculativeCollide@@YAHPEAUsim_entity@@0Tv3@@@Z 0000000180004100 f   p5engine.obj
 0001:00003200       ?EntitiesOverlap@@YAHPEAUsim_entity@@0Tv3@@@Z 0000000180004200 f   p5engine.obj
 0001:000035c0       ?MoveEntity@@YAXPEAUgame_state@@PEAUsim_region@@PEAUsim_entity@@MPEAUmove_spec@@Tv3@@@Z 00000001800045c0 f   p5engine.obj
 0001:00004f60       ?LoadAssetWorkDirectly@@YAXPEAUload_asset_work@@@Z 0000000180005f60 f   p5engine.obj
 0001:00005150       ?LoadAssetWork@@YAXPEAUplatform_work_queue@@PEAX@Z 0000000180006150 f   p5engine.obj
 0001:000051a0       ?InsertBlock@@YAPEAUasset_memory_block@@PEAU1@_KPEAX@Z 00000001800061a0 f   p5engine.obj
 0001:00005250       ?FindBlockForSize@@YAPEAUasset_memory_block@@PEAUgame_assets@@_K@Z 0000000180006250 f   p5engine.obj
 0001:000052f0       ?MergeIfPossible@@YAHPEAUgame_assets@@PEAUasset_memory_block@@1@Z 00000001800062f0 f   p5engine.obj
 0001:000053f0       ?GenerationHasCompleted@@YAHPEAUgame_assets@@I@Z 00000001800063f0 f   p5engine.obj
 0001:00005470       ?AcquireAssetMemory@@YAPEAUasset_memory_header@@PEAUgame_assets@@II@Z 0000000180006470 f   p5engine.obj
 0001:000057c0       ?GetBestMatchAssetFrom@@YAIPEAUgame_assets@@W4asset_type_id@@PEAUasset_vector@@2@Z 00000001800067c0 f   p5engine.obj
 0001:00005a70       ?GetRandomAssetFrom@@YAIPEAUgame_assets@@W4asset_type_id@@PEAUrandom_series@@@Z 0000000180006a70 f   p5engine.obj
 0001:00005b70       ?GetFirstAssetFrom@@YAIPEAUgame_assets@@W4asset_type_id@@@Z 0000000180006b70 f   p5engine.obj
 0001:00005c40       ?GetBestMatchBitmapFrom@@YA?AUbitmap_id@@PEAUgame_assets@@W4asset_type_id@@PEAUasset_vector@@2@Z 0000000180006c40 f   p5engine.obj
 0001:00005c90       ?GetFirstBitmapFrom@@YA?AUbitmap_id@@PEAUgame_assets@@W4asset_type_id@@@Z 0000000180006c90 f   p5engine.obj
 0001:00005cd0       ?GetRandomBitmapFrom@@YA?AUbitmap_id@@PEAUgame_assets@@W4asset_type_id@@PEAUrandom_series@@@Z 0000000180006cd0 f   p5engine.obj
 0001:00005d20       ?GetRandomSoundFrom@@YA?AUsound_id@@PEAUgame_assets@@W4asset_type_id@@PEAUrandom_series@@@Z 0000000180006d20 f   p5engine.obj
 0001:00005d70       ?GetBestMatchFontFrom@@YA?AUfont_id@@PEAUgame_assets@@W4asset_type_id@@PEAUasset_vector@@2@Z 0000000180006d70 f   p5engine.obj
 0001:00005dc0       ?AllocateGameAssets@@YAPEAUgame_assets@@PEAUmemory_arena@@_KPEAUtransient_state@@@Z 0000000180006dc0 f   p5engine.obj
 0001:00006780       ?GetHorizontalAdvanceForPair@@YAMPEAUp5a_font@@PEAUloaded_font@@II@Z 0000000180007780 f   p5engine.obj
 0001:00006810       ?GetBitmapForGlyph@@YA?AUbitmap_id@@PEAUgame_assets@@PEAUp5a_font@@PEAUloaded_font@@I@Z 0000000180007810 f   p5engine.obj
 0001:00006890       ?GetLineAdvanceFor@@YAMPEAUp5a_font@@@Z 0000000180007890 f   p5engine.obj
 0001:000068e0       ?GetStartingBaselineY@@YAMPEAUp5a_font@@@Z 00000001800078e0 f   p5engine.obj
 0001:00006920       ?PlaySound@@YAPEAUplaying_sound@@PEAUaudio_state@@Usound_id@@@Z 0000000180007920 f   p5engine.obj
 0001:00006ad0       ?ChangeVolume@@YAXPEAUaudio_state@@PEAUplaying_sound@@MTv2@@@Z 0000000180007ad0 f   p5engine.obj
 0001:00006ba0       ?OutputPlayingSounds@@YAXPEAUaudio_state@@PEAUgame_sound_output_buffer@@PEAUgame_assets@@PEAUmemory_arena@@@Z 0000000180007ba0 f   p5engine.obj
 0001:00007d20       ?InitializeAudioState@@YAXPEAUaudio_state@@PEAUmemory_arena@@@Z 0000000180008d20 f   p5engine.obj
 0001:00007da0       ?AddLowEntity@@YA?AUadd_low_entity_result@@PEAUgame_state@@W4entity_type@@Uworld_position@@@Z 0000000180008da0 f   p5engine.obj
 0001:00007fa0       ?AddGroundedEntity@@YA?AUadd_low_entity_result@@PEAUgame_state@@W4entity_type@@Uworld_position@@PEAUsim_entity_collision_volume_group@@@Z 0000000180008fa0 f   p5engine.obj
 0001:00008050       ?AddStandardRoom@@YA?AUadd_low_entity_result@@PEAUgame_state@@III@Z 0000000180009050 f   p5engine.obj
 0001:000081b0       ?AddWall@@YA?AUadd_low_entity_result@@PEAUgame_state@@III@Z 00000001800091b0 f   p5engine.obj
 0001:00008310       ?AddStairs@@YA?AUadd_low_entity_result@@PEAUgame_state@@III@Z 0000000180009310 f   p5engine.obj
 0001:000084a0       ?InitHitPoints@@YAXPEAUlow_entity@@I@Z 00000001800094a0 f   p5engine.obj
 0001:00008530       ?AddSword@@YA?AUadd_low_entity_result@@PEAUgame_state@@@Z 0000000180009530 f   p5engine.obj
 0001:00008620       ?AddPlayer@@YA?AUadd_low_entity_result@@PEAUgame_state@@@Z 0000000180009620 f   p5engine.obj
 0001:00008760       ?AddMonstar@@YA?AUadd_low_entity_result@@PEAUgame_state@@III@Z 0000000180009760 f   p5engine.obj
 0001:000088d0       ?AddFamiliar@@YA?AUadd_low_entity_result@@PEAUgame_state@@III@Z 00000001800098d0 f   p5engine.obj
 0001:00008a30       ?DrawHitpoints@@YAXPEAUsim_entity@@PEAUrender_group@@@Z 0000000180009a30 f   p5engine.obj
 0001:00008ca0       ?MakeSimpleGroundedCollision@@YAPEAUsim_entity_collision_volume_group@@PEAUgame_state@@MMM@Z 0000000180009ca0 f   p5engine.obj
 0001:00008e00       ?MakeNullCollision@@YAPEAUsim_entity_collision_volume_group@@PEAUgame_state@@@Z 0000000180009e00 f   p5engine.obj
 0001:00008ee0       ?FillGroundChunkWork@@YAXPEAUplatform_work_queue@@PEAX@Z 0000000180009ee0 f   p5engine.obj
 0001:00009710       ?FillGroundChunk@@YAXPEAUtransient_state@@PEAUgame_state@@PEAUground_buffer@@PEAUworld_position@@@Z 000000018000a710 f   p5engine.obj
 0001:00009810       ?ClearBitmap@@YAXPEAUloaded_bitmap@@@Z 000000018000a810 f   p5engine.obj
 0001:00009870       ?MakeEmptyBitmap@@YA?AUloaded_bitmap@@PEAUmemory_arena@@HHH@Z 000000018000a870 f   p5engine.obj
 0001:000099b0       ?MakeSphereDiffuseMap@@YAXPEAUloaded_bitmap@@MM@Z 000000018000a9b0 f   p5engine.obj
 0001:00009ce0       ?MakeSphereNormalMap@@YAXPEAUloaded_bitmap@@MMM@Z 000000018000ace0 f   p5engine.obj
 0001:0000a0c0       ?DEBUGReset@@YAXPEAUgame_assets@@II@Z 000000018000b0c0 f   p5engine.obj
 0001:0000a290       ?DEBUGTextLine@@YAXPEAD@Z  000000018000b290 f   p5engine.obj
 0001:0000a8c0       ?OverlayCycleCounters@@YAXPEAUgame_memory@@@Z 000000018000b8c0 f   p5engine.obj
 0001:0000e620       $LN150                     000000018000f620     p5engine.obj
 0001:0000e6c0       ?UpdateDebugRecords@@YAXPEAUdebug_state@@IPEAUdebug_record@@@Z 000000018000f6c0 f   p5engine.obj
 0001:00015010       $$000000                   0000000180016010     MSVCRTD:chkstk.obj
 0001:00015070       $$000000                   0000000180016070     MSVCRTD:amdsecgs.obj
 0001:000150a0       ?dllmain_crt_dispatch@@YAHQEAUHINSTANCE__@@KQEAX@Z 00000001800160a0 f   MSVCRTD:dll_dllmain.obj
 0001:00015130       ?dllmain_crt_process_attach@@YAHQEAUHINSTANCE__@@QEAX@Z 0000000180016130 f   MSVCRTD:dll_dllmain.obj
 0001:00015270       ?dllmain_crt_process_detach@@YAH_N@Z 0000000180016270 f   MSVCRTD:dll_dllmain.obj
 0001:00015310       ?dllmain_dispatch@@YAHQEAUHINSTANCE__@@KQEAX@Z 0000000180016310 f   MSVCRTD:dll_dllmain.obj
 0001:00015450       ?dllmain_raw@@YAHQEAUHINSTANCE__@@KQEAX@Z 0000000180016450 f   MSVCRTD:dll_dllmain.obj
 0001:00015610       capture_previous_context   0000000180016610 f   MSVCRTD:gs_report.obj
 0001:000156d0       __get_entropy              00000001800166d0 f   MSVCRTD:gs_support.obj
 0001:00015910       ?find_pe_section@@YAPEAU_IMAGE_SECTION_HEADER@@QEAE_K@Z 0000000180016910 f   MSVCRTD:utility.obj
 0001:000159f0       ?is_potentially_valid_image_base@@YA_NQEAX@Z 00000001800169f0 f   MSVCRTD:utility.obj
 0001:000165a0       $$000000                   00000001800175a0     MSVCRTD:guard_dispatch.obj
 0001:000165c0       $$000000                   00000001800175c0     MSVCRTD:guard_xfg_dispatch.obj
 0001:000165e0       ?dtor$0@?0??LoadBitmap@@YAXPEAUgame_assets@@Ubitmap_id@@H@Z@4HA 00000001800175e0 f   p5engine.obj
 0001:000165fb       ?dtor$0@?0??LoadSound@@YAXPEAUgame_assets@@Usound_id@@@Z@4HA 00000001800175fb f   p5engine.obj
 0001:00016616       ?dtor$0@?0??LoadFont@@YAXPEAUgame_assets@@Ufont_id@@H@Z@4HA 0000000180017616 f   p5engine.obj
 0001:00016631       ?dtor$0@?0??ChangeEntityLocation@@YAXPEAUmemory_arena@@PEAUworld@@IPEAUlow_entity@@Uworld_position@@@Z@4HA 0000000180017631 f   p5engine.obj
 0001:0001664c       ?dtor$0@?0??AddEntityRaw@@YAPEAUsim_entity@@PEAUgame_state@@PEAUsim_region@@IPEAUlow_entity@@@Z@4HA 000000018001764c f   p5engine.obj
 0001:00016664       ?dtor$0@?0??BeginSim@@YAPEAUsim_region@@PEAUmemory_arena@@PEAUgame_state@@PEAUworld@@Uworld_position@@Urectangle3@@M@Z@4HA 0000000180017664 f   p5engine.obj
 0001:0001667f       ?dtor$0@?0??EndSim@@YAXPEAUsim_region@@PEAUgame_state@@@Z@4HA 000000018001767f f   p5engine.obj
 0001:0001669a       ?dtor$0@?0??EntitiesOverlap@@YAHPEAUsim_entity@@0Tv3@@@Z@4HA 000000018001769a f   p5engine.obj
 0001:000166b5       ?dtor$0@?0??MoveEntity@@YAXPEAUgame_state@@PEAUsim_region@@PEAUsim_entity@@MPEAUmove_spec@@Tv3@@@Z@4HA 00000001800176b5 f   p5engine.obj
 0001:000166d0       ?dtor$0@?0??LoadAssetWorkDirectly@@YAXPEAUload_asset_work@@@Z@4HA 00000001800176d0 f   p5engine.obj
 0001:000166e8       ?dtor$0@?0??AcquireAssetMemory@@YAPEAUasset_memory_header@@PEAUgame_assets@@II@Z@4HA 00000001800176e8 f   p5engine.obj
 0001:00016700       ?dtor$0@?0??GetBestMatchAssetFrom@@YAIPEAUgame_assets@@W4asset_type_id@@PEAUasset_vector@@2@Z@4HA 0000000180017700 f   p5engine.obj
 0001:0001671b       ?dtor$0@?0??GetRandomAssetFrom@@YAIPEAUgame_assets@@W4asset_type_id@@PEAUrandom_series@@@Z@4HA 000000018001771b f   p5engine.obj
 0001:00016733       ?dtor$0@?0??GetFirstAssetFrom@@YAIPEAUgame_assets@@W4asset_type_id@@@Z@4HA 0000000180017733 f   p5engine.obj
 0001:0001674b       ?dtor$0@?0??AllocateGameAssets@@YAPEAUgame_assets@@PEAUmemory_arena@@_KPEAUtransient_state@@@Z@4HA 000000018001774b f   p5engine.obj
 0001:00016766       ?dtor$0@?0??PlaySound@@YAPEAUplaying_sound@@PEAUaudio_state@@Usound_id@@@Z@4HA 0000000180017766 f   p5engine.obj
 0001:0001677e       ?dtor$0@?0??OutputPlayingSounds@@YAXPEAUaudio_state@@PEAUgame_sound_output_buffer@@PEAUgame_assets@@PEAUmemory_arena@@@Z@4HA 000000018001777e f   p5engine.obj
 0001:00016799       ?dtor$0@?0??FillGroundChunkWork@@YAXPEAUplatform_work_queue@@PEAX@Z@4HA 0000000180017799 f   p5engine.obj
 0001:000167b4       ?dtor$0@?0??DEBUGReset@@YAXPEAUgame_assets@@II@Z@4HA 00000001800177b4 f   p5engine.obj
 0001:000167cc       GameUpdateAndRender$dtor$0 00000001800177cc f   p5engine.obj
 0001:000167f0       ?dtor$0@?0??ChangeEntityLocationRaw@@YAXPEAUmemory_arena@@PEAUworld@@IPEAUworld_position@@2@Z@4HA 00000001800177f0 f   p5engine.obj
 0001:00016810       ?dtor$0@?0??GetWorldChunk@@YAPEAUworld_chunk@@PEAUworld@@HHHPEAUmemory_arena@@@Z@4HA 0000000180017810 f   p5engine.obj
 0001:00016830       ?dtor$0@?0??DrawRectangleQuickly@@YAXPEAUloaded_bitmap@@Tv2@@11Tv4@@0MUrectangle2i@@H@Z@4HA 0000000180017830 f   p5engine_optimized.obj
 0001:00016840       ?dtor$1@?0??DrawRectangleQuickly@@YAXPEAUloaded_bitmap@@Tv2@@11Tv4@@0MUrectangle2i@@H@Z@4HA 0000000180017840 f   p5engine_optimized.obj
 0001:00016850       ?fin$0@?0??dllmain_crt_process_attach@@YAHQEAUHINSTANCE__@@QEAX@Z@4HA 0000000180017850 f   MSVCRTD:dll_dllmain.obj
 0001:00016870       ?fin$0@?0??dllmain_crt_process_detach@@YAH_N@Z@4HA 0000000180017870 f   MSVCRTD:dll_dllmain.obj
 0001:0001688a       ?fin$1@?0??dllmain_crt_process_detach@@YAH_N@Z@4HA 000000018001788a f   MSVCRTD:dll_dllmain.obj
 0001:000168a0       ?filt$0@?0??dllmain_dispatch@@YAHQEAUHINSTANCE__@@KQEAX@Z@4HA 00000001800178a0 f   MSVCRTD:dll_dllmain.obj
 0001:000168f0       __scrt_is_nonwritable_in_current_image$filt$0 00000001800178f0 f   MSVCRTD:utility.obj
 0002:00000180       $SG32901                   0000000180018180     p5engine.obj
 0002:00000190       $SG32902                   0000000180018190     p5engine.obj
 0002:000001d8       $SG32986                   00000001800181d8     p5engine.obj
 0002:000001f0       $SG32987                   00000001800181f0     p5engine.obj
 0002:00000238       $SG33083                   0000000180018238     p5engine.obj
 0002:00000250       $SG33084                   0000000180018250     p5engine.obj
 0002:00000298       $SG33134                   0000000180018298     p5engine.obj
 0002:000002a8       $SG33267                   00000001800182a8     p5engine.obj
 0002:000002c0       $SG33135                   00000001800182c0     p5engine.obj
 0002:00000308       $SG33171                   0000000180018308     p5engine.obj
 0002:00000318       $SG33282                   0000000180018318     p5engine.obj
 0002:00000330       $SG33172                   0000000180018330     p5engine.obj
 0002:00000378       $SG33209                   0000000180018378     p5engine.obj
 0002:00000388       $SG33294                   0000000180018388     p5engine.obj
 0002:000003a0       $SG33210                   00000001800183a0     p5engine.obj
 0002:000003e8       $SG33440                   00000001800183e8     p5engine.obj
 0002:00000400       $SG33268                   0000000180018400     p5engine.obj
 0002:00000448       $SG33443                   0000000180018448     p5engine.obj
 0002:00000470       $SG33283                   0000000180018470     p5engine.obj
 0002:000004b8       $SG33445                   00000001800184b8     p5engine.obj
 0002:000004d8       $SG33754                   00000001800184d8     p5engine.obj
 0002:000004f0       $SG33295                   00000001800184f0     p5engine.obj
 0002:00000538       $SG33449                   0000000180018538     p5engine.obj
 0002:00000548       $SG34108                   0000000180018548     p5engine.obj
 0002:00000560       $SG33441                   0000000180018560     p5engine.obj
 0002:000005a8       $SG33521                   00000001800185a8     p5engine.obj
 0002:000005b8       $SG34109                   00000001800185b8     p5engine.obj
 0002:000005f4       $SG32607                   00000001800185f4     p5engine.obj
 0002:00000600       $SG33522                   0000000180018600     p5engine.obj
 0002:00000648       $SG34282                   0000000180018648     p5engine.obj
 0002:00000658       $SG34283                   0000000180018658     p5engine.obj
 0002:000006a0       $SG33755                   00000001800186a0     p5engine.obj
 0002:000006e8       $SG36719                   00000001800186e8     p5engine.obj
 0002:00000708       $SG37051                   0000000180018708     p5engine.obj
 0002:00000720       $SG37052                   0000000180018720     p5engine.obj
 0002:00000760       $SG37139                   0000000180018760     p5engine.obj
 0002:00000770       $SG32030                   0000000180018770     p5engine.obj
 0002:00000780       $SG32398                   0000000180018780     p5engine.obj
 0002:000007a0       $SG32399                   00000001800187a0     p5engine.obj
 0002:000007e8       $SG32472                   00000001800187e8     p5engine.obj
 0002:00000800       $SG32473                   0000000180018800     p5engine.obj
 0002:00000848       $SG32481                   0000000180018848     p5engine.obj
 0002:00000858       $SG32575                   0000000180018858     p5engine.obj
 0002:00000870       $SG32576                   0000000180018870     p5engine.obj
 0002:000008c0       $SG32608                   00000001800188c0     p5engine.obj
 0002:00000908       $SG32746                   0000000180018908     p5engine.obj
 0002:00000920       $SG32747                   0000000180018920     p5engine.obj
 0002:00000c18       GS_ExceptionPointers       0000000180018c18     MSVCRTD:gs_report.obj
 0002:00001310       $unwind$?EndGeneration@@YAXPEAUgame_assets@@I@Z 0000000180019310     p5engine.obj
 0002:00001310       $unwind$?GetBitmapInfo@@YAPEAUp5a_bitmap@@PEAUgame_assets@@Ubitmap_id@@@Z 0000000180019310     p5engine.obj
 0002:00001310       $unwind$?GetFile@@YAPEAUasset_file@@PEAUgame_assets@@I@Z 0000000180019310     p5engine.obj
 0002:00001310       $unwind$?GetFileHandleFor@@YAPEAUplatform_file_handle@@PEAUgame_assets@@I@Z 0000000180019310     p5engine.obj
 0002:00001310       $unwind$?GetFontInfo@@YAPEAUp5a_font@@PEAUgame_assets@@Ufont_id@@@Z 0000000180019310     p5engine.obj
 0002:00001310       $unwind$?GetLowEntity@@YAPEAUlow_entity@@PEAUgame_state@@I@Z 0000000180019310     p5engine.obj
 0002:00001310       $unwind$?GetSoundInfo@@YAPEAUp5a_sound@@PEAUgame_assets@@Usound_id@@@Z 0000000180019310     p5engine.obj
 0002:00001310       $unwind$?HasFlag@@YAHPEAUsim_entity@@I@Z 0000000180019310     p5engine.obj
 0002:00001310       $unwind$?PushFont@@YAPEAUloaded_font@@PEAUrender_group@@Ufont_id@@@Z 0000000180019310     p5engine.obj
 0002:00001310       $unwind$?RandomChoice@@YAIPEAUrandom_series@@I@Z 0000000180019310     p5engine.obj
 0002:00001310       $unwind$GetController      0000000180019310     p5engine.obj
 0002:00001318       $unwind$?InitializeArena@@YAXPEAUmemory_arena@@_KPEAX@Z 0000000180019318     p5engine.obj
 0002:00001320       $unwind$?GetAlignmentOffset@@YA_KPEAUmemory_arena@@_K@Z 0000000180019320     p5engine.obj
 0002:00001328       $unwind$??Y@YAAEATv2@@AEAT0@T0@@Z 0000000180019328     p5engine.obj
 0002:00001328       $unwind$?AtomicAddU64@@YA_KPEC_K_K@Z 0000000180019328     p5engine.obj
 0002:00001328       $unwind$?AtomicExchangeU64@@YA_KPEC_K_K@Z 0000000180019328     p5engine.obj
 0002:00001328       $unwind$?GetArenaSizeRemaining@@YA_KPEAUmemory_arena@@_K@Z 0000000180019328     p5engine.obj
 0002:00001328       $unwind$?Hadamard@@YA?ATv2@@T1@0@Z 0000000180019328     p5engine.obj
 0002:00001328       $unwind$?Inner@@YAMTv2@@0@Z 0000000180019328     p5engine.obj
 0002:00001328       $unwind$?Inner@@YAMTv3@@0@Z 0000000180019328     p5engine.obj
 0002:00001328       $unwind$?InsertAssetHeaderAtFront@@YAXPEAUgame_assets@@PEAUasset_memory_header@@@Z 0000000180019328     p5engine.obj
 0002:00001328       $unwind$?IsCanonical@@YAHPEAUworld@@Tv3@@@Z 0000000180019328     p5engine.obj
 0002:00001328       $unwind$?IsInRectangle@@YAHUrectangle3@@Tv3@@@Z 0000000180019328     p5engine.obj
 0002:00001328       $unwind$?RectanglesIntersect@@YAHUrectangle3@@0@Z 0000000180019328     p5engine.obj
 0002:00001328       $unwind$?ZeroSize@@YAX_KPEAX@Z 0000000180019328     p5engine.obj
 0002:00001328       $unwind$?find_pe_section@@YAPEAU_IMAGE_SECTION_HEADER@@QEAE_K@Z 0000000180019328     MSVCRTD:utility.obj
 0002:00001330       $unwind$?PushSize_@@YAPEAXPEAUmemory_arena@@_K1@Z 0000000180019330     p5engine.obj
 0002:00001338       $unwind$??G@YA?ATv3@@T0@@Z 0000000180019338     p5engine.obj
 0002:00001338       $unwind$?BeginTemporaryMemory@@YA?AUtemporary_memory@@PEAUmemory_arena@@@Z 0000000180019338     p5engine.obj
 0002:0000134c       $unwind$?AllResourcesPresent@@YAHPEAUrender_group@@@Z 000000018001934c     p5engine.obj
 0002:0000134c       $unwind$?BeginGeneration@@YAIPEAUgame_assets@@@Z 000000018001934c     p5engine.obj
 0002:0000134c       $unwind$?EndTemporaryMemory@@YAXUtemporary_memory@@@Z 000000018001934c     p5engine.obj
 0002:0000134c       $unwind$?GetDim@@YA?ATv2@@Urectangle2@@@Z 000000018001934c     p5engine.obj
 0002:0000134c       $unwind$?IsValid@@YAHUworld_position@@@Z 000000018001934c     p5engine.obj
 0002:0000134c       $unwind$?LengthSq@@YAMTv2@@@Z 000000018001934c     p5engine.obj
 0002:0000134c       $unwind$?RandomBilateral@@YAMPEAUrandom_series@@@Z 000000018001934c     p5engine.obj
 0002:0000134c       $unwind$?RandomNextUInt32@@YAIPEAUrandom_series@@@Z 000000018001934c     p5engine.obj
 0002:0000134c       $unwind$?RandomUnilateral@@YAMPEAUrandom_series@@@Z 000000018001934c     p5engine.obj
 0002:0000134c       $unwind$__CheckForDebuggerJustMyCode 000000018001934c     MSVCRTD:debugger_jmc.obj
 0002:0000134c       $unwind$__report_gsfailure 000000018001934c     MSVCRTD:gs_report.obj
 0002:00001354       $unwind$?BeginAssetLock@@YAXPEAUgame_assets@@@Z 0000000180019354     p5engine.obj
 0002:00001354       $unwind$?BeginDebugStatistic@@YAXPEAUdebug_statistic@@@Z 0000000180019354     p5engine.obj
 0002:00001354       $unwind$?CheckArena@@YAXPEAUmemory_arena@@@Z 0000000180019354     p5engine.obj
 0002:00001354       $unwind$?EndAssetLock@@YAXPEAUgame_assets@@@Z 0000000180019354     p5engine.obj
 0002:00001354       $unwind$?EndDebugStatistic@@YAXPEAUdebug_statistic@@@Z 0000000180019354     p5engine.obj
 0002:00001354       $unwind$?StoreEntityReference@@YAXPEATentity_reference@@@Z 0000000180019354     p5engine.obj
 0002:00001354       $unwind$__raise_securityfailure 0000000180019354     MSVCRTD:gs_report.obj
 0002:00001354       $unwind$?is_potentially_valid_image_base@@YA_NQEAX@Z 0000000180019354     MSVCRTD:utility.obj
 0002:0000135c       $unwind$?SubArena@@YAXPEAUmemory_arena@@0_K1@Z 000000018001935c     p5engine.obj
 0002:0000135c       $unwind$__GSHandlerCheck   000000018001935c     MSVCRTD:gshandler.obj
 0002:00001364       $unwind$?AtomicCompareExchangeU32@@YAIPECIII@Z 0000000180019364     p5engine.obj
 0002:00001364       $unwind$?GetAsset@@YAPEAUasset_memory_header@@PEAUgame_assets@@II@Z 0000000180019364     p5engine.obj
 0002:00001364       $unwind$?PushRenderElement_@@YAPEAXPEAUrender_group@@IW4render_group_entry_type@@@Z 0000000180019364     p5engine.obj
 0002:00001364       $unwind$?dllmain_crt_dispatch@@YAHQEAUHINSTANCE__@@KQEAX@Z 0000000180019364     MSVCRTD:dll_dllmain.obj
 0002:00001364       $unwind$?dllmain_raw@@YAHQEAUHINSTANCE__@@KQEAX@Z 0000000180019364     MSVCRTD:dll_dllmain.obj
 0002:0000136c       $unwind$?AbsoluteValue@@YAMM@Z 000000018001936c     p5engine.obj
 0002:0000136c       $unwind$?Clamp01@@YAMM@Z   000000018001936c     p5engine.obj
 0002:0000136c       $unwind$?RoundReal32ToInt32@@YAHM@Z 000000018001936c     p5engine.obj
 0002:0000136c       $unwind$?RoundReal32ToUInt32@@YAIM@Z 000000018001936c     p5engine.obj
 0002:0000136c       $unwind$?SignOf@@YAMM@Z    000000018001936c     p5engine.obj
 0002:0000136c       $unwind$?Sin@@YAMM@Z       000000018001936c     p5engine.obj
 0002:0000136c       $unwind$?Square@@YAMM@Z    000000018001936c     p5engine.obj
 0002:0000136c       $unwind$?SquareRoot@@YAMM@Z 000000018001936c     p5engine.obj
 0002:00001374       $unwind$?ATan2@@YAMMM@Z    0000000180019374     p5engine.obj
 0002:00001374       $unwind$?IsCanonical@@YAHMM@Z 0000000180019374     p5engine.obj
 0002:00001374       $unwind$?SafeRatio1@@YAMMM@Z 0000000180019374     p5engine.obj
 0002:0000137c       $unwind$?Clamp01MapToRange@@YAMMMM@Z 000000018001937c     p5engine.obj
 0002:0000137c       $unwind$?Clamp@@YAMMMM@Z   000000018001937c     p5engine.obj
 0002:0000137c       $unwind$?SafeRatioN@@YAMMMM@Z 000000018001937c     p5engine.obj
 0002:00001384       $unwind$?V2@@YA?ATv2@@MM@Z 0000000180019384     p5engine.obj
 0002:00001394       $unwind$?V2i@@YA?ATv2@@HH@Z 0000000180019394     p5engine.obj
 0002:0000139c       $unwind$??D@YA?ATv2@@MT0@@Z 000000018001939c     p5engine.obj
 0002:000013ac       $unwind$??G@YA?ATv2@@T0@0@Z 00000001800193ac     p5engine.obj
 0002:000013ac       $unwind$??H@YA?ATv2@@T0@0@Z 00000001800193ac     p5engine.obj
 0002:000013ac       $unwind$?GetBarycentric@@YA?ATv2@@Urectangle2@@T1@@Z 00000001800193ac     p5engine.obj
 0002:000013bc       $unwind$?Clamp01@@YA?ATv2@@T1@@Z 00000001800193bc     p5engine.obj
 0002:000013cc       $unwind$?V3@@YA?ATv3@@MMM@Z 00000001800193cc     p5engine.obj
 0002:000013cc       $unwind$?V4@@YA?ATv4@@MMMM@Z 00000001800193cc     p5engine.obj
 0002:000013e0       $unwind$??D@YA?ATv3@@MT0@@Z 00000001800193e0     p5engine.obj
 0002:000013e0       $unwind$??D@YA?ATv4@@MT0@@Z 00000001800193e0     p5engine.obj
 0002:000013e0       $unwind$?ToV3@@YA?ATv3@@Tv2@@M@Z 00000001800193e0     p5engine.obj
 0002:000013f4       $unwind$??D@YA?ATv3@@T0@M@Z 00000001800193f4     p5engine.obj
 0002:000013f4       $unwind$?GetCameraRectangleAtDistance@@YA?AUrectangle2@@PEAUrender_group@@M@Z 00000001800193f4     p5engine.obj
 0002:00001400       $unwind$??X@YAAEATv3@@AEAT0@M@Z 0000000180019400     p5engine.obj
 0002:0000140c       $unwind$??G@YA?ATv3@@T0@0@Z 000000018001940c     p5engine.obj
 0002:0000140c       $unwind$??H@YA?ATv3@@T0@0@Z 000000018001940c     p5engine.obj
 0002:00001420       $unwind$??Y@YAAEATv3@@AEAT0@T0@@Z 0000000180019420     p5engine.obj
 0002:00001420       $unwind$??Z@YAAEATv3@@AEAT0@T0@@Z 0000000180019420     p5engine.obj
 0002:00001420       $unwind$?GetDim@@YA?ATv3@@Urectangle3@@@Z 0000000180019420     p5engine.obj
 0002:0000142c       $unwind$?AreInSameChunk@@YAHPEAUworld@@PEAUworld_position@@1@Z 000000018001942c     p5engine.obj
 0002:0000142c       $unwind$?Hadamard@@YA?ATv3@@T1@0@Z 000000018001942c     p5engine.obj
 0002:0000142c       $unwind$?RectCenterDim@@YA?AUrectangle2@@Tv2@@0@Z 000000018001942c     p5engine.obj
 0002:00001438       $unwind$?LengthSq@@YAMTv3@@@Z 0000000180019438     p5engine.obj
 0002:00001444       $unwind$?Length@@YAMTv3@@@Z 0000000180019444     p5engine.obj
 0002:00001444       $unwind$?MakeEntityNonSpatial@@YAXPEAUsim_entity@@@Z 0000000180019444     p5engine.obj
 0002:00001450       $unwind$?RectCenterHalfDim@@YA?AUrectangle2@@Tv2@@0@Z 0000000180019450     p5engine.obj
 0002:00001464       $unwind$?Intersect@@YA?AUrectangle2i@@U1@0@Z 0000000180019464     p5engine.obj
 0002:00001470       $unwind$?Clear@@YAXPEAUrender_group@@Tv4@@@Z 0000000180019470     p5engine.obj
 0002:00001470       $unwind$?GetMaxCorner@@YA?ATv3@@Urectangle3@@@Z 0000000180019470     p5engine.obj
 0002:00001470       $unwind$?GetMinCorner@@YA?ATv3@@Urectangle3@@@Z 0000000180019470     p5engine.obj
 0002:0000147c       $unwind$?RectMinMax@@YA?AUrectangle3@@Tv3@@0@Z 000000018001947c     p5engine.obj
 0002:00001490       $unwind$?AddRadiusTo@@YA?AUrectangle3@@U1@Tv3@@@Z 0000000180019490     p5engine.obj
 0002:00001490       $unwind$?RectCenterHalfDim@@YA?AUrectangle3@@Tv3@@0@Z 0000000180019490     p5engine.obj
 0002:000014a4       $unwind$?RectCenterDim@@YA?AUrectangle3@@Tv3@@0@Z 00000001800194a4     p5engine.obj
 0002:000014b0       $unwind$?RandomSeed@@YA?AUrandom_series@@I@Z 00000001800194b0     p5engine.obj
 0002:000014c0       $unwind$?AddFlags@@YAXPEAUsim_entity@@I@Z 00000001800194c0     p5engine.obj
 0002:000014c0       $unwind$?ClearFlags@@YAXPEAUsim_entity@@I@Z 00000001800194c0     p5engine.obj
 0002:000014c0       $unwind$?PrefetchSound@@YAXPEAUgame_assets@@Usound_id@@@Z 00000001800194c0     p5engine.obj
 0002:000014c8       $unwind$?MakeEntitySpatial@@YAXPEAUsim_entity@@Tv3@@1@Z 00000001800194c8     p5engine.obj
 0002:000014d4       $unwind$?GetEntityGroundPoint@@YA?ATv3@@PEAUsim_entity@@T1@@Z 00000001800194d4     p5engine.obj
 0002:000014e0       $unwind$?GetEntityGroundPoint@@YA?ATv3@@PEAUsim_entity@@@Z 00000001800194e0     p5engine.obj
 0002:000014ec       $unwind$?GetStairGround@@YAMPEAUsim_entity@@Tv3@@@Z 00000001800194ec     p5engine.obj
 0002:000014f8       $unwind$?RemoveAssetHeaderFromList@@YAXPEAUasset_memory_header@@@Z 00000001800194f8     p5engine.obj
 0002:00001500       $unwind$?LoadBitmap@@YAXPEAUgame_assets@@Ubitmap_id@@H@Z 0000000180019500     p5engine.obj
 0002:00001518       $cppxdata$?LoadBitmap@@YAXPEAUgame_assets@@Ubitmap_id@@H@Z 0000000180019518     p5engine.obj
 0002:00001521       $stateUnwindMap$?LoadBitmap@@YAXPEAUgame_assets@@Ubitmap_id@@H@Z 0000000180019521     p5engine.obj
 0002:00001527       $ip2state$?LoadBitmap@@YAXPEAUgame_assets@@Ubitmap_id@@H@Z 0000000180019527     p5engine.obj
 0002:0000152f       $cppxdata$?LoadSound@@YAXPEAUgame_assets@@Usound_id@@@Z 000000018001952f     p5engine.obj
 0002:00001538       $unwind$?dtor$0@?0??LoadBitmap@@YAXPEAUgame_assets@@Ubitmap_id@@H@Z@4HA 0000000180019538     p5engine.obj
 0002:00001540       $unwind$?LoadSound@@YAXPEAUgame_assets@@Usound_id@@@Z 0000000180019540     p5engine.obj
 0002:00001558       $stateUnwindMap$?LoadSound@@YAXPEAUgame_assets@@Usound_id@@@Z 0000000180019558     p5engine.obj
 0002:0000155e       $ip2state$?LoadSound@@YAXPEAUgame_assets@@Usound_id@@@Z 000000018001955e     p5engine.obj
 0002:00001566       $cppxdata$?LoadFont@@YAXPEAUgame_assets@@Ufont_id@@H@Z 0000000180019566     p5engine.obj
 0002:0000156f       $cppxdata$?ChangeEntityLocation@@YAXPEAUmemory_arena@@PEAUworld@@IPEAUlow_entity@@Uworld_position@@@Z 000000018001956f     p5engine.obj
 0002:00001578       $unwind$?dtor$0@?0??LoadSound@@YAXPEAUgame_assets@@Usound_id@@@Z@4HA 0000000180019578     p5engine.obj
 0002:00001580       $unwind$?LoadFont@@YAXPEAUgame_assets@@Ufont_id@@H@Z 0000000180019580     p5engine.obj
 0002:00001598       $stateUnwindMap$?LoadFont@@YAXPEAUgame_assets@@Ufont_id@@H@Z 0000000180019598     p5engine.obj
 0002:0000159e       $ip2state$?LoadFont@@YAXPEAUgame_assets@@Ufont_id@@H@Z 000000018001959e     p5engine.obj
 0002:000015a6       $stateUnwindMap$?ChangeEntityLocation@@YAXPEAUmemory_arena@@PEAUworld@@IPEAUlow_entity@@Uworld_position@@@Z 00000001800195a6     p5engine.obj
 0002:000015ac       $unwind$?dtor$0@?0??LoadFont@@YAXPEAUgame_assets@@Ufont_id@@H@Z@4HA 00000001800195ac     p5engine.obj
 0002:000015b4       $unwind$?AddCollisionRule@@YAXPEAUgame_state@@IIH@Z 00000001800195b4     p5engine.obj
 0002:000015bc       $unwind$?ClearCollisionRulesFor@@YAXPEAUgame_state@@I@Z 00000001800195bc     p5engine.obj
 0002:000015c4       $unwind$?BeginTaskWithMemory@@YAPEAUtask_with_memory@@PEAUtransient_state@@@Z 00000001800195c4     p5engine.obj
 0002:000015d0       $unwind$?EndTaskWithMemory@@YAXPEAUtask_with_memory@@@Z 00000001800195d0     p5engine.obj
 0002:000015dc       $unwind$?DrawRectangle@@YAXPEAUloaded_bitmap@@Tv2@@1Tv4@@Urectangle2i@@H@Z 00000001800195dc     p5engine.obj
 0002:000015e8       $unwind$?RenderGroupToOutput@@YAXPEAUrender_group@@PEAUloaded_bitmap@@Urectangle2i@@H@Z 00000001800195e8     p5engine.obj
 0002:000015f4       $unwind$?DoTiledRenderWork@@YAXPEAUplatform_work_queue@@PEAX@Z 00000001800195f4     p5engine.obj
 0002:00001600       $unwind$?RenderGroupToOutput@@YAXPEAUrender_group@@PEAUloaded_bitmap@@@Z 0000000180019600     p5engine.obj
 0002:00001614       $unwind$?TiledRenderGroupToOutput@@YAXPEAUplatform_work_queue@@PEAUrender_group@@PEAUloaded_bitmap@@@Z 0000000180019614     p5engine.obj
 0002:00001628       $unwind$?AllocateRenderGroup@@YAPEAUrender_group@@PEAUgame_assets@@PEAUmemory_arena@@IH@Z 0000000180019628     p5engine.obj
 0002:00001634       $unwind$?BeginRender@@YAXPEAUrender_group@@@Z 0000000180019634     p5engine.obj
 0002:0000163c       $unwind$?EndRender@@YAXPEAUrender_group@@@Z 000000018001963c     p5engine.obj
 0002:00001644       $unwind$?InitializeWorld@@YAXPEAUworld@@Tv3@@@Z 0000000180019644     p5engine.obj
 0002:00001650       $unwind$?Subtract@@YA?ATv3@@PEAUworld@@PEAUworld_position@@1@Z 0000000180019650     p5engine.obj
 0002:00001664       $unwind$?ChangeEntityLocation@@YAXPEAUmemory_arena@@PEAUworld@@IPEAUlow_entity@@Uworld_position@@@Z 0000000180019664     p5engine.obj
 0002:0000167c       $ip2state$?ChangeEntityLocation@@YAXPEAUmemory_arena@@PEAUworld@@IPEAUlow_entity@@Uworld_position@@@Z 000000018001967c     p5engine.obj
 0002:00001684       $unwind$?dtor$0@?0??ChangeEntityLocation@@YAXPEAUmemory_arena@@PEAUworld@@IPEAUlow_entity@@Uworld_position@@@Z@4HA 0000000180019684     p5engine.obj
 0002:0000168c       $unwind$?GetHashFromStorageIndex@@YAPEAUsim_entity_hash@@PEAUsim_region@@I@Z 000000018001968c     p5engine.obj
 0002:00001694       $unwind$?AddEntity@@YAPEAUsim_entity@@PEAUgame_state@@PEAUsim_region@@IPEAUlow_entity@@PEATv3@@@Z 0000000180019694     p5engine.obj
 0002:000016a0       $unwind$?AddEntityRaw@@YAPEAUsim_entity@@PEAUgame_state@@PEAUsim_region@@IPEAUlow_entity@@@Z 00000001800196a0     p5engine.obj
 0002:000016b8       $cppxdata$?AddEntityRaw@@YAPEAUsim_entity@@PEAUgame_state@@PEAUsim_region@@IPEAUlow_entity@@@Z 00000001800196b8     p5engine.obj
 0002:000016c1       $stateUnwindMap$?AddEntityRaw@@YAPEAUsim_entity@@PEAUgame_state@@PEAUsim_region@@IPEAUlow_entity@@@Z 00000001800196c1     p5engine.obj
 0002:000016c7       $ip2state$?AddEntityRaw@@YAPEAUsim_entity@@PEAUgame_state@@PEAUsim_region@@IPEAUlow_entity@@@Z 00000001800196c7     p5engine.obj
 0002:000016cf       $cppxdata$?BeginSim@@YAPEAUsim_region@@PEAUmemory_arena@@PEAUgame_state@@PEAUworld@@Uworld_position@@Urectangle3@@M@Z 00000001800196cf     p5engine.obj
 0002:000016d8       $unwind$?dtor$0@?0??AddEntityRaw@@YAPEAUsim_entity@@PEAUgame_state@@PEAUsim_region@@IPEAUlow_entity@@@Z@4HA 00000001800196d8     p5engine.obj
 0002:000016e0       $unwind$?BeginSim@@YAPEAUsim_region@@PEAUmemory_arena@@PEAUgame_state@@PEAUworld@@Uworld_position@@Urectangle3@@M@Z 00000001800196e0     p5engine.obj
 0002:000016f8       $stateUnwindMap$?BeginSim@@YAPEAUsim_region@@PEAUmemory_arena@@PEAUgame_state@@PEAUworld@@Uworld_position@@Urectangle3@@M@Z 00000001800196f8     p5engine.obj
 0002:000016fe       $ip2state$?BeginSim@@YAPEAUsim_region@@PEAUmemory_arena@@PEAUgame_state@@PEAUworld@@Uworld_position@@Urectangle3@@M@Z 00000001800196fe     p5engine.obj
 0002:00001706       $cppxdata$?EndSim@@YAXPEAUsim_region@@PEAUgame_state@@@Z 0000000180019706     p5engine.obj
 0002:0000170f       $cppxdata$?EntitiesOverlap@@YAHPEAUsim_entity@@0Tv3@@@Z 000000018001970f     p5engine.obj
 0002:00001718       $unwind$?dtor$0@?0??BeginSim@@YAPEAUsim_region@@PEAUmemory_arena@@PEAUgame_state@@PEAUworld@@Uworld_position@@Urectangle3@@M@Z@4HA 0000000180019718     p5engine.obj
 0002:00001720       $unwind$?EndSim@@YAXPEAUsim_region@@PEAUgame_state@@@Z 0000000180019720     p5engine.obj
 0002:00001738       $stateUnwindMap$?EndSim@@YAXPEAUsim_region@@PEAUgame_state@@@Z 0000000180019738     p5engine.obj
 0002:0000173e       $ip2state$?EndSim@@YAXPEAUsim_region@@PEAUgame_state@@@Z 000000018001973e     p5engine.obj
 0002:00001746       $stateUnwindMap$?EntitiesOverlap@@YAHPEAUsim_entity@@0Tv3@@@Z 0000000180019746     p5engine.obj
[...]
 0002:00001a24       $unwind$?AddGroundedEntity@@YA?AUadd_low_entity_result@@PEAUgame_state@@W4entity_type@@Uworld_position@@PEAUsim_entity_collision_volume_group@@@Z 0000000180019a24     p5engine.obj
 0002:00001a30       $unwind$?AddStandardRoom@@YA?AUadd_low_entity_result@@PEAUgame_state@@III@Z 0000000180019a30     p5engine.obj
 0002:00001a3c       $unwind$?AddWall@@YA?AUadd_low_entity_result@@PEAUgame_state@@III@Z 0000000180019a3c     p5engine.obj
 0002:00001a48       $unwind$?AddStairs@@YA?AUadd_low_entity_result@@PEAUgame_state@@III@Z 0000000180019a48     p5engine.obj
 0002:00001a54       $unwind$?InitHitPoints@@YAXPEAUlow_entity@@I@Z 0000000180019a54     p5engine.obj
 0002:00001a5c       $unwind$?AddSword@@YA?AUadd_low_entity_result@@PEAUgame_state@@@Z 0000000180019a5c     p5engine.obj
 0002:00001a68       $unwind$?AddPlayer@@YA?AUadd_low_entity_result@@PEAUgame_state@@@Z 0000000180019a68     p5engine.obj
 0002:00001a74       $unwind$?AddMonstar@@YA?AUadd_low_entity_result@@PEAUgame_state@@III@Z 0000000180019a74     p5engine.obj
 0002:00001a80       $unwind$?AddFamiliar@@YA?AUadd_low_entity_result@@PEAUgame_state@@III@Z 0000000180019a80     p5engine.obj
 0002:00001a8c       $unwind$?DrawHitpoints@@YAXPEAUsim_entity@@PEAUrender_group@@@Z 0000000180019a8c     p5engine.obj
 0002:00001aa0       $unwind$?MakeSimpleGroundedCollision@@YAPEAUsim_entity_collision_volume_group@@PEAUgame_state@@MMM@Z 0000000180019aa0     p5engine.obj
 0002:00001aac       $unwind$?MakeNullCollision@@YAPEAUsim_entity_collision_volume_group@@PEAUgame_state@@@Z 0000000180019aac     p5engine.obj
 0002:00001ab8       $unwind$?FillGroundChunkWork@@YAXPEAUplatform_work_queue@@PEAX@Z 0000000180019ab8     p5engine.obj
 0002:00001ad0       $ip2state$?FillGroundChunkWork@@YAXPEAUplatform_work_queue@@PEAX@Z 0000000180019ad0     p5engine.obj
 0002:00001ad8       $unwind$?dtor$0@?0??FillGroundChunkWork@@YAXPEAUplatform_work_queue@@PEAX@Z@4HA 0000000180019ad8     p5engine.obj
 0002:00001ae0       $unwind$?FillGroundChunk@@YAXPEAUtransient_state@@PEAUgame_state@@PEAUground_buffer@@PEAUworld_position@@@Z 0000000180019ae0     p5engine.obj
 0002:00001aec       $unwind$?ClearBitmap@@YAXPEAUloaded_bitmap@@@Z 0000000180019aec     p5engine.obj
 0002:00001af4       $unwind$?MakeEmptyBitmap@@YA?AUloaded_bitmap@@PEAUmemory_arena@@HHH@Z 0000000180019af4     p5engine.obj
 0002:00001b08       $unwind$?MakeSphereDiffuseMap@@YAXPEAUloaded_bitmap@@MM@Z 0000000180019b08     p5engine.obj
 0002:00001b14       $unwind$?MakeSphereNormalMap@@YAXPEAUloaded_bitmap@@MMM@Z 0000000180019b14     p5engine.obj
 0002:00001b20       $unwind$?DEBUGReset@@YAXPEAUgame_assets@@II@Z 0000000180019b20     p5engine.obj
 0002:00001b38       $cppxdata$?DEBUGReset@@YAXPEAUgame_assets@@II@Z 0000000180019b38     p5engine.obj
 0002:00001b41       $stateUnwindMap$?DEBUGReset@@YAXPEAUgame_assets@@II@Z 0000000180019b41     p5engine.obj
 0002:00001b47       $ip2state$?DEBUGReset@@YAXPEAUgame_assets@@II@Z 0000000180019b47     p5engine.obj
 0002:00001b4f       $cppxdata$GameUpdateAndRender 0000000180019b4f     p5engine.obj
 0002:00001b58       $unwind$?dtor$0@?0??DEBUGReset@@YAXPEAUgame_assets@@II@Z@4HA 0000000180019b58     p5engine.obj
 0002:00001b60       $unwind$?DEBUGTextLine@@YAXPEAD@Z 0000000180019b60     p5engine.obj
 0002:00001b6c       $unwind$?OverlayCycleCounters@@YAXPEAUgame_memory@@@Z 0000000180019b6c     p5engine.obj
 0002:00001b7c       $unwind$GameUpdateAndRender 0000000180019b7c     p5engine.obj
 0002:00001b94       $stateUnwindMap$GameUpdateAndRender 0000000180019b94     p5engine.obj
 0002:00001b9a       $ip2state$GameUpdateAndRender 0000000180019b9a     p5engine.obj
 0002:00001ba8       $unwind$GameUpdateAndRender$dtor$0 0000000180019ba8     p5engine.obj
 0002:00001bb0       $unwind$GameGetSoundSamples 0000000180019bb0     p5engine.obj
 0002:00001bb8       $unwind$?UpdateDebugRecords@@YAXPEAUdebug_state@@IPEAUdebug_record@@@Z 0000000180019bb8     p5engine.obj
 0002:00001bc0       $unwind$GameDEBUGFrameEnd  0000000180019bc0     p5engine.obj
 0002:00001bc8       $unwind$?GetBitmap@@YAPEAUloaded_bitmap@@PEAUgame_assets@@Ubitmap_id@@I@Z 0000000180019bc8     p5engine.obj
 0002:00001bc8       $unwind$?GetFont@@YAPEAUloaded_font@@PEAUgame_assets@@Ufont_id@@I@Z 0000000180019bc8     p5engine.obj
 0002:00001bc8       $unwind$?GetSound@@YAPEAUloaded_sound@@PEAUgame_assets@@Usound_id@@I@Z 0000000180019bc8     p5engine.obj
 0002:00001bd0       $unwind$?GetHex@@YAID@Z    0000000180019bd0     p5engine.obj
 0002:00001bd0       $unwind$?IsHex@@YAHD@Z     0000000180019bd0     p5engine.obj
 0002:00001bd0       $unwind$?IsValid@@YAHUsound_id@@@Z 0000000180019bd0     p5engine.obj
 0002:00001bd8       $unwind$?GetNextSoundInChain@@YA?AUsound_id@@PEAUgame_assets@@U1@@Z 0000000180019bd8     p5engine.obj
 0002:00001be8       $unwind$??0timed_block@@QEAA@HPEADH0H@Z 0000000180019be8     p5engine.obj
 0002:00001bf0       $unwind$??1timed_block@@QEAA@XZ 0000000180019bf0     p5engine.obj
 0002:00001c00       $cppxdata$??$_snprintf_s@$0BAA@@@YAHAEAY0BAA@D_KPEBDZZ 0000000180019c00     p5engine.obj
 0002:00001c00       $cppxdata$??1timed_block@@QEAA@XZ 0000000180019c00     p5engine.obj
 0002:00001c05       $ip2state$??$_snprintf_s@$0BAA@@@YAHAEAY0BAA@D_KPEBDZZ 0000000180019c05     p5engine.obj
 0002:00001c05       $ip2state$??1timed_block@@QEAA@XZ 0000000180019c05     p5engine.obj
 0002:00001c08       $unwind$?GetRenderEntityBasisPos@@YA?AUentity_basis_p_result@@PEAUrender_transform@@Tv3@@@Z 0000000180019c08     p5engine.obj
 0002:00001c1c       $unwind$?PushBitmap@@YAXPEAUrender_group@@PEAUloaded_bitmap@@Tv3@@MTv4@@@Z 0000000180019c1c     p5engine.obj
 0002:00001c28       $unwind$?PushBitmap@@YAXPEAUrender_group@@Ubitmap_id@@Tv3@@MTv4@@@Z 0000000180019c28     p5engine.obj
 0002:00001c34       $unwind$?PushRect@@YAXPEAUrender_group@@Tv3@@Tv2@@Tv4@@@Z 0000000180019c34     p5engine.obj
 0002:00001c40       $unwind$?PushRectOutline@@YAXPEAUrender_group@@Tv3@@Tv2@@Tv4@@@Z 0000000180019c40     p5engine.obj
 0002:00001c4c       $unwind$?Orthographic@@YAXPEAUrender_group@@HHM@Z 0000000180019c4c     p5engine.obj
 0002:00001c4c       $unwind$?Perspective@@YAXPEAUrender_group@@HHMMM@Z 0000000180019c4c     p5engine.obj
 0002:00001c4c       $unwind$__GSHandlerCheck_EH4 0000000180019c4c     MSVCRTD:gshandlereh4.obj
 0002:00001c54       $unwind$?RecanonicalizeCoord@@YAXMPEAHPEAM@Z 0000000180019c54     p5engine.obj
 0002:00001c54       $unwind$?Unproject@@YA?ATv2@@PEAUrender_group@@T1@M@Z 0000000180019c54     p5engine.obj
 0002:00001c5c       $unwind$?GetCameraRectangleAtTarget@@YA?AUrectangle2@@PEAUrender_group@@@Z 0000000180019c5c     p5engine.obj
 0002:00001c68       $unwind$?NullPosition@@YA?AUworld_position@@XZ 0000000180019c68     p5engine.obj
 0002:00001c7c       $unwind$?GetWorldChunk@@YAPEAUworld_chunk@@PEAUworld@@HHHPEAUmemory_arena@@@Z 0000000180019c7c     p5engine.obj
 0002:00001c90       $cppxdata$?GetWorldChunk@@YAPEAUworld_chunk@@PEAUworld@@HHHPEAUmemory_arena@@@Z 0000000180019c90     p5engine.obj
 0002:00001c99       $stateUnwindMap$?GetWorldChunk@@YAPEAUworld_chunk@@PEAUworld@@HHHPEAUmemory_arena@@@Z 0000000180019c99     p5engine.obj
 0002:00001c9f       $ip2state$?GetWorldChunk@@YAPEAUworld_chunk@@PEAUworld@@HHHPEAUmemory_arena@@@Z 0000000180019c9f     p5engine.obj
 0002:00001ca8       $unwind$?dtor$0@?0??ChangeEntityLocationRaw@@YAXPEAUmemory_arena@@PEAUworld@@IPEAUworld_position@@2@Z@4HA 0000000180019ca8     p5engine.obj
 0002:00001ca8       $unwind$?dtor$0@?0??GetWorldChunk@@YAPEAUworld_chunk@@PEAUworld@@HHHPEAUmemory_arena@@@Z@4HA 0000000180019ca8     p5engine.obj
 0002:00001ca8       $unwind$?fin$0@?0??dllmain_crt_process_attach@@YAHQEAUHINSTANCE__@@QEAX@Z@4HA 0000000180019ca8     MSVCRTD:dll_dllmain.obj
 0002:00001ca8       $unwind$?fin$0@?0??dllmain_crt_process_detach@@YAH_N@Z@4HA 0000000180019ca8     MSVCRTD:dll_dllmain.obj
 0002:00001ca8       $unwind$?fin$1@?0??dllmain_crt_process_detach@@YAH_N@Z@4HA 0000000180019ca8     MSVCRTD:dll_dllmain.obj
 0002:00001ca8       $unwind$__scrt_is_nonwritable_in_current_image$filt$0 0000000180019ca8     MSVCRTD:utility.obj
 0002:00001cb0       $unwind$?MapIntoChunkSpace@@YA?AUworld_position@@PEAUworld@@U1@Tv3@@@Z 0000000180019cb0     p5engine.obj
 0002:00001cc4       $unwind$?ChunkPositionFromTilePosition@@YA?AUworld_position@@PEAUworld@@HHHTv3@@@Z 0000000180019cc4     p5engine.obj
 0002:00001cd8       $unwind$?CenteredChunkPoint@@YA?AUworld_position@@III@Z 0000000180019cd8     p5engine.obj
 0002:00001cec       $unwind$?ChangeEntityLocationRaw@@YAXPEAUmemory_arena@@PEAUworld@@IPEAUworld_position@@2@Z 0000000180019cec     p5engine.obj
 0002:00001d04       $cppxdata$?ChangeEntityLocationRaw@@YAXPEAUmemory_arena@@PEAUworld@@IPEAUworld_position@@2@Z 0000000180019d04     p5engine.obj
 0002:00001d0d       $stateUnwindMap$?ChangeEntityLocationRaw@@YAXPEAUmemory_arena@@PEAUworld@@IPEAUworld_position@@2@Z 0000000180019d0d     p5engine.obj
 0002:00001d13       $ip2state$?ChangeEntityLocationRaw@@YAXPEAUmemory_arena@@PEAUworld@@IPEAUworld_position@@2@Z 0000000180019d13     p5engine.obj
 0002:00001d1c       $unwind$?GetSimSpacePos@@YA?ATv3@@PEAUsim_region@@PEAUlow_entity@@@Z 0000000180019d1c     p5engine.obj
 0002:00001d28       $unwind$?LoadEntityReference@@YAXPEAUgame_state@@PEAUsim_region@@PEATentity_reference@@@Z 0000000180019d28     p5engine.obj
 0002:00001d3c       $unwind$?EntityOverlapsRectangle@@YAHTv3@@Usim_entity_collision_volume@@Urectangle3@@@Z 0000000180019d3c     p5engine.obj
 0002:00001d48       $unwind$?DefaultMoveSpec@@YA?AUmove_spec@@XZ 0000000180019d48     p5engine.obj
 0002:00001d5c       $unwind$?GetGlyphFromCodepoint@@YAIPEAUp5a_font@@PEAUloaded_font@@I@Z 0000000180019d5c     p5engine.obj
 0002:00001d64       $unwind$__local_stdio_printf_options 0000000180019d64     p5engine.obj
 0002:00001d64       $unwind$?__scrt_initialize_type_info@@YAXXZ 0000000180019d64     MSVCRTD:tncleanup.obj
 0002:00001d64       $unwind$?__scrt_uninitialize_type_info@@YAXXZ 0000000180019d64     MSVCRTD:tncleanup.obj
 0002:00001d64       $unwind$?configure_argv@__scrt_narrow_argv_policy@@SAHXZ 0000000180019d64     MSVCRTD:utility.obj
 0002:00001d64       $unwind$?initialize_environment@__scrt_narrow_environment_policy@@SAHXZ 0000000180019d64     MSVCRTD:utility.obj
 0002:00001d64       $unwind$__scrt_dllmain_after_initialize_c 0000000180019d64     MSVCRTD:utility.obj
 0002:00001d64       $unwind$__scrt_dllmain_before_initialize_c 0000000180019d64     MSVCRTD:utility.obj
 0002:00001d64       $unwind$__scrt_dllmain_crt_thread_attach 0000000180019d64     MSVCRTD:utility.obj
 0002:00001d64       $unwind$__scrt_dllmain_crt_thread_detach 0000000180019d64     MSVCRTD:utility.obj
 0002:00001d64       $unwind$__scrt_dllmain_uninitialize_c 0000000180019d64     MSVCRTD:utility.obj
 0002:00001d64       $unwind$__scrt_dllmain_uninitialize_critical 0000000180019d64     MSVCRTD:utility.obj
 0002:00001d6c       $unwind$_vsnprintf_s_l     0000000180019d6c     p5engine.obj
 0002:00001d74       $unwind$_vsnprintf_s       0000000180019d74     p5engine.obj
 0002:00001d7c       $unwind$?AccumDebugStatistic@@YAXPEAUdebug_statistic@@N@Z 0000000180019d7c     p5engine.obj
 0002:00001d84       $unwind$??$_snprintf_s@$0BAA@@@YAHAEAY0BAA@D_KPEBDZZ 0000000180019d84     p5engine.obj
 0002:00001d98       $unwind$?DrawRectangleQuickly@@YAXPEAUloaded_bitmap@@Tv2@@11Tv4@@0MUrectangle2i@@H@Z 0000000180019d98     p5engine_optimized.obj
 0002:00001dec       $cppxdata$?DrawRectangleQuickly@@YAXPEAUloaded_bitmap@@Tv2@@11Tv4@@0MUrectangle2i@@H@Z 0000000180019dec     p5engine_optimized.obj
 0002:00001df5       $stateUnwindMap$?DrawRectangleQuickly@@YAXPEAUloaded_bitmap@@Tv2@@11Tv4@@0MUrectangle2i@@H@Z 0000000180019df5     p5engine_optimized.obj
 0002:00001e04       $ip2state$?DrawRectangleQuickly@@YAXPEAUloaded_bitmap@@Tv2@@11Tv4@@0MUrectangle2i@@H@Z 0000000180019e04     p5engine_optimized.obj
 0002:00001e14       $unwind$__GSHandlerCheckCommon 0000000180019e14     MSVCRTD:gshandler.obj
 0002:00001e20       $xdatasym                  0000000180019e20     MSVCRTD:chkstk.obj
 0002:00001e28       $xdatasym                  0000000180019e28     MSVCRTD:amdsecgs.obj
 0002:00001e2c       $unwind$?dllmain_crt_process_attach@@YAHQEAUHINSTANCE__@@QEAX@Z 0000000180019e2c     MSVCRTD:dll_dllmain.obj
 0002:00001e4c       $unwind$?dllmain_crt_process_detach@@YAH_N@Z 0000000180019e4c     MSVCRTD:dll_dllmain.obj
 0002:00001e7c       $unwind$?dllmain_dispatch@@YAHQEAUHINSTANCE__@@KQEAX@Z 0000000180019e7c     MSVCRTD:dll_dllmain.obj
 0002:00001e9c       $unwind$?filt$0@?0??dllmain_dispatch@@YAHQEAUHINSTANCE__@@KQEAX@Z@4HA 0000000180019e9c     MSVCRTD:dll_dllmain.obj
 0002:00001ea4       $unwind$_DllMainCRTStartup 0000000180019ea4     MSVCRTD:dll_dllmain.obj
 0002:00001ea4       $unwind$DllMain            0000000180019ea4     MSVCRTD:dll_dllmain_stub.obj
 0002:00001eac       $unwind$capture_previous_context 0000000180019eac     MSVCRTD:gs_report.obj
 0002:00001eb4       $unwind$__scrt_initialize_default_local_stdio_options 0000000180019eb4     MSVCRTD:default_local_stdio_options.obj
 0002:00001eb4       $unwind$__security_init_cookie 0000000180019eb4     MSVCRTD:gs_support.obj
 0002:00001ebc       $unwind$__get_entropy      0000000180019ebc     MSVCRTD:gs_support.obj
 0002:00001ec4       $unwind$__scrt_is_nonwritable_in_current_image 0000000180019ec4     MSVCRTD:utility.obj
 0002:00001ee4       $unwind$__scrt_acquire_startup_lock 0000000180019ee4     MSVCRTD:utility.obj
 0002:00001eec       $unwind$__scrt_initialize_crt 0000000180019eec     MSVCRTD:utility.obj
 0002:00001eec       $unwind$__scrt_release_startup_lock 0000000180019eec     MSVCRTD:utility.obj
 0002:00001ef4       $unwind$__scrt_uninitialize_crt 0000000180019ef4     MSVCRTD:utility.obj
 0002:00001efc       $unwind$__scrt_initialize_onexit_tables 0000000180019efc     MSVCRTD:utility.obj
 0002:00001f08       $unwind$__scrt_dllmain_exception_filter 0000000180019f08     MSVCRTD:utility.obj
 0002:00001f10       $unwind$__scrt_fastfail    0000000180019f10     MSVCRTD:utility_desktop.obj
 0002:00001f1c       $unwind$_RTC_Initialize    0000000180019f1c     MSVCRTD:initsect.obj
 0002:00001f1c       $unwind$_RTC_Terminate     0000000180019f1c     MSVCRTD:initsect.obj
 0002:00001f28       $unwind$__isa_available_init 0000000180019f28     MSVCRTD:cpu_disp.obj
 0002:00001f38       $unwind$__scrt_is_ucrt_dll_in_use 0000000180019f38     MSVCRTD:ucrt_detection.obj
 0002:00001f40       $xdatasym                  0000000180019f40     MSVCRTD:guard_dispatch.obj
 0002:00001f48       $xdatasym                  0000000180019f48     MSVCRTD:guard_xfg_dispatch.obj
 0002:00001f50       .edata                     0000000180019f50     P5Engine.exp
 0002:00001f78       rgpv                       0000000180019f78     P5Engine.exp
 0002:00001f84       rgszName                   0000000180019f84     P5Engine.exp
 0002:00001f90       rgwOrd                     0000000180019f90     P5Engine.exp
 0002:00001f96       szName                     0000000180019f96     P5Engine.exp
 0002:00001fa3       $N00001                    0000000180019fa3     P5Engine.exp
 0002:00001fb5       $N00002                    0000000180019fb5     P5Engine.exp
 0002:00001fc9       $N00003                    0000000180019fc9     P5Engine.exp
 0002:000021ae       .idata$6                   000000018001a1ae     vcruntimed:VCRUNTIME140_1D.dll
 0002:000021c2       .idata$6                   000000018001a1c2     vcruntimed:VCRUNTIME140D.dll
 0002:000022ba       .idata$6                   000000018001a2ba     ucrtd:ucrtbased.dll
 0002:0000242e       .idata$6                   000000018001a42e     kernel32:KERNEL32.dll
 0003:00000000       ?RandomNumberTable@@3PAIA  000000018001b000     p5engine.obj
 0003:00004310       ?Platform@@3Uplatform_api@@A 000000018001f310     p5engine.obj
 0003:00004370       ?DEBUGRenderGroup@@3PEAUrender_group@@EA 000000018001f370     p5engine.obj
 0003:00004378       ?LeftEdge@@3MA             000000018001f378     p5engine.obj
 0003:0000437c       ?AtY@@3MA                  000000018001f37c     p5engine.obj
 0003:00004380       ?FontScale@@3MA            000000018001f380     p5engine.obj
 0003:00004384       ?FontID@@3Ufont_id@@A      000000018001f384     p5engine.obj
 0003:000043d0       ?__proc_attached@@3HA      000000018001f3d0     MSVCRTD:dll_dllmain.obj
 0003:000043e0       GS_ExceptionRecord         000000018001f3e0     MSVCRTD:gs_report.obj
 0003:00004480       GS_ContextRecord           000000018001f480     MSVCRTD:gs_report.obj
 0003:00004978       ?is_initialized_as_dll@@3_NA 000000018001f978     MSVCRTD:utility.obj
 0003:00004979       ?module_local_atexit_table_initialized@@3_NA 000000018001f979     MSVCRTD:utility.obj
 0003:00004980       ?module_local_atexit_table@@3U_onexit_table_t@@A 000000018001f980     MSVCRTD:utility.obj
 0003:00004998       ?module_local_at_quick_exit_table@@3U_onexit_table_t@@A 000000018001f998     MSVCRTD:utility.obj
 0005:00000000       __20BB4341_malloc@h        0000000180021000     p5engine.obj
 0005:00000001       __A435B42B_p5engine_types@h 0000000180021001     p5engine.obj
 0005:00000002       __7D4BEAAE_p5engine_platform@h 0000000180021002     p5engine.obj
 0005:00000003       __741AE07E_corecrt_math@h  0000000180021003     p5engine.obj
 0005:00000004       __7BF3FA8A_p5engine_intrinsics@h 0000000180021004     p5engine.obj
 0005:00000005       __87290AA6_p5engine_math@h 0000000180021005     p5engine.obj
 0005:00000006       __B7A387D6_p5engine_random@h 0000000180021006     p5engine.obj
 0005:00000007       __F17FF173_p5engine_entity@h 0000000180021007     p5engine.obj
 0005:00000008       __72A74871_p5engine_asset@h 0000000180021008     p5engine.obj
 0005:00000009       __E6E972D4_p5engine_debug@h 0000000180021009     p5engine.obj
 0005:0000000a       __BD87FD4A_p5engine@h      000000018002100a     p5engine.obj
 0005:0000000b       __6F2BF339_p5engine_render_group@cpp 000000018002100b     p5engine.obj
 0005:0000000c       __281AC6F8_p5engine_world@cpp 000000018002100c     p5engine.obj
 0005:0000000d       __B07C4A52_p5engine_sim_region@cpp 000000018002100d     p5engine.obj
 0005:0000000e       __BDC7FEEB_p5engine_entity@cpp 000000018002100e     p5engine.obj
 0005:0000000f       __3D4C1499_p5engine_asset@cpp 000000018002100f     p5engine.obj
 0005:00000010       __39A8D9B6_p5engine_audio@cpp 0000000180021010     p5engine.obj
 0005:00000011       __A2143F22_corecrt_stdio_config@h 0000000180021011     p5engine.obj
 0005:00000012       __829E1958_corecrt_wstdio@h 0000000180021012     p5engine.obj
 0005:00000013       __6DFAE8B8_stdio@h         0000000180021013     p5engine.obj
 0005:00000014       __BAF57382_p5engine@cpp    0000000180021014     p5engine.obj
 0005:00000015       __20BB4341_malloc@h        0000000180021015     p5engine_optimized.obj
 0005:00000016       __A435B42B_p5engine_types@h 0000000180021016     p5engine_optimized.obj
 0005:00000017       __7D4BEAAE_p5engine_platform@h 0000000180021017     p5engine_optimized.obj
 0005:00000018       __741AE07E_corecrt_math@h  0000000180021018     p5engine_optimized.obj
 0005:00000019       __7BF3FA8A_p5engine_intrinsics@h 0000000180021019     p5engine_optimized.obj
 0005:0000001a       __87290AA6_p5engine_math@h 000000018002101a     p5engine_optimized.obj
 0005:0000001b       __B7A387D6_p5engine_random@h 000000018002101b     p5engine_optimized.obj
 0005:0000001c       __F17FF173_p5engine_entity@h 000000018002101c     p5engine_optimized.obj
 0005:0000001d       __72A74871_p5engine_asset@h 000000018002101d     p5engine_optimized.obj
 0005:0000001e       __E6E972D4_p5engine_debug@h 000000018002101e     p5engine_optimized.obj
 0005:0000001f       __BD87FD4A_p5engine@h      000000018002101f     p5engine_optimized.obj
 0005:00000020       __03FC23C0_p5engine_optimized@cpp 0000000180021020     p5engine_optimized.obj
 0006:00000060       $R000000                   0000000180022060     * linker generated manifest res *
