 P5Engine

 Timestamp is 632eacb4 (Sat Sep 24 02:07:32 2022)

 Preferred load address is 0000000180000000

 Start         Length     Name                   Class
 0001:00000000 00012dd0H .text$mn                CODE
 0001:00012dd0 00000040H .text$mn$00             CODE
 0001:00012e10 000000ddH .text$x                 CODE
 0002:00000000 00000100H .idata$5                DATA
 0002:00000100 00000028H .00cfg                  DATA
 0002:00000128 00000008H .CRT$XCA                DATA
 0002:00000130 00000008H .CRT$XCZ                DATA
 0002:00000138 00000008H .CRT$XIA                DATA
 0002:00000140 00000008H .CRT$XIZ                DATA
 0002:00000148 00000008H .CRT$XPA                DATA
 0002:00000150 00000008H .CRT$XPZ                DATA
 0002:00000158 00000008H .CRT$XTA                DATA
 0002:00000160 00000010H .CRT$XTZ                DATA
 0002:00000168 00000000H .gehcont$y              DATA
 0002:00000168 00000000H .gfids$y                DATA
 0002:00000170 00000410H .rdata                  DATA
 0002:00000580 00000000H .rdata$CastGuardVftablesA DATA
 0002:00000580 00000000H .rdata$CastGuardVftablesC DATA
 0002:00000580 0000015cH .rdata$voltmd           DATA
 0002:000006dc 000002dcH .rdata$zzzdbg           DATA
 0002:000009b8 00000008H .rtc$IAA                DATA
 0002:000009c0 00000008H .rtc$IZZ                DATA
 0002:000009c8 00000008H .rtc$TAA                DATA
 0002:000009d0 00000008H .rtc$TZZ                DATA
 0002:000009d8 000007c8H .xdata                  DATA
 0002:000011a0 00000074H .edata                  DATA
 0002:00001214 0000003cH .idata$2                DATA
 0002:00001250 00000018H .idata$3                DATA
 0002:00001268 00000100H .idata$4                DATA
 0002:00001368 00000294H .idata$6                DATA
 0003:00000000 00004040H .data                   DATA
 0003:00004040 0000062cH .bss                    DATA
 0004:00000000 00000aa4H .pdata                  DATA
 0005:00000000 0000001cH .msvcjmc                DATA
 0006:00000000 00000060H .rsrc$01                DATA
 0006:00000060 00000098H .rsrc$02                DATA

  Address         Publics by Value              Rva+Base               Lib:Object

 0000:00000000       __guard_eh_cont_count      0000000000000000     <absolute>
 0000:00000000       __arm64x_extra_rfe_table   0000000000000000     <absolute>
 0000:00000000       __AbsoluteZero             0000000000000000     <absolute>
 0000:00000000       __guard_iat_count          0000000000000000     <absolute>
 0000:00000000       __guard_longjmp_table      0000000000000000     <absolute>
 0000:00000000       __guard_iat_table          0000000000000000     <absolute>
 0000:00000000       __hybrid_code_map          0000000000000000     <absolute>
 0000:00000000       __guard_longjmp_count      0000000000000000     <absolute>
 0000:00000000       __hybrid_auxiliary_iat_copy 0000000000000000     <absolute>
 0000:00000000       __x64_code_ranges_to_entry_points_count 0000000000000000     <absolute>
 0000:00000000       __hybrid_code_map_count    0000000000000000     <absolute>
 0000:00000000       __guard_check_icall_a64n_fptr 0000000000000000     <absolute>
 0000:00000000       __guard_fids_table         0000000000000000     <absolute>
 0000:00000000       __guard_fids_count         0000000000000000     <absolute>
 0000:00000000       ___safe_se_handler_table   0000000000000000     <absolute>
 0000:00000000       __hybrid_auxiliary_iat     0000000000000000     <absolute>
 0000:00000000       __arm64x_redirection_metadata 0000000000000000     <absolute>
 0000:00000000       __arm64x_extra_rfe_table_size 0000000000000000     <absolute>
 0000:00000000       __dynamic_value_reloc_table 0000000000000000     <absolute>
 0000:00000000       __arm64x_redirection_metadata_count 0000000000000000     <absolute>
 0000:00000000       __enclave_config           0000000000000000     <absolute>
 0000:00000000       __arm64x_native_entrypoint 0000000000000000     <absolute>
 0000:00000000       ___safe_se_handler_count   0000000000000000     <absolute>
 0000:00000000       __x64_code_ranges_to_entry_points 0000000000000000     <absolute>
 0000:00000000       __guard_eh_cont_table      0000000000000000     <absolute>
 0000:00000100       __guard_flags              0000000000000100     <absolute>
 0000:00000000       __ImageBase                0000000180000000     <linker-defined>
 0001:00008470       GameUpdateAndRender        0000000180009470 f   p5engine.obj
 0001:0000bee0       GameGetSoundSamples        000000018000cee0 f   p5engine.obj
 0001:0000bf50       ??D@YA?ATv2@@MT0@@Z        000000018000cf50 f i p5engine.obj
 0001:0000bfd0       ??D@YA?ATv3@@MT0@@Z        000000018000cfd0 f i p5engine.obj
 0001:0000c080       ??D@YA?ATv3@@T0@M@Z        000000018000d080 f i p5engine.obj
 0001:0000c100       ??D@YA?ATv4@@MT0@@Z        000000018000d100 f i p5engine.obj
 0001:0000c1d0       ??G@YA?ATv2@@T0@0@Z        000000018000d1d0 f i p5engine.obj
 0001:0000c250       ??G@YA?ATv3@@T0@0@Z        000000018000d250 f i p5engine.obj
 0001:0000c310       ??H@YA?ATv2@@T0@0@Z        000000018000d310 f i p5engine.obj
 0001:0000c390       ??H@YA?ATv3@@T0@0@Z        000000018000d390 f i p5engine.obj
 0001:0000c450       ??X@YAAEATv3@@AEAT0@M@Z    000000018000d450 f i p5engine.obj
 0001:0000c4d0       ??Y@YAAEATv2@@AEAT0@T0@@Z  000000018000d4d0 f i p5engine.obj
 0001:0000c520       ??Y@YAAEATv3@@AEAT0@T0@@Z  000000018000d520 f i p5engine.obj
 0001:0000c5c0       ??Z@YAAEATv3@@AEAT0@T0@@Z  000000018000d5c0 f i p5engine.obj
 0001:0000c660       ?ATan2@@YAMMM@Z            000000018000d660 f i p5engine.obj
 0001:0000c6b0       ?AbsoluteValue@@YAMM@Z     000000018000d6b0 f i p5engine.obj
 0001:0000c6f0       ?AddFlags@@YAXPEAUsim_entity@@I@Z 000000018000d6f0 f i p5engine.obj
 0001:0000c730       ?AddRadiusTo@@YA?AUrectangle3@@U1@Tv3@@@Z 000000018000d730 f i p5engine.obj
 0001:0000c8a0       ?AllResourcesPresent@@YAHPEAUrender_group@@@Z 000000018000d8a0 f i p5engine.obj
 0001:0000c8f0       ?AreInSameChunk@@YAHPEAUworld@@PEAUworld_position@@1@Z 000000018000d8f0 f i p5engine.obj
 0001:0000c9f0       ?AtomicCompareExchangeUInt32@@YAIPECIII@Z 000000018000d9f0 f i p5engine.obj
 0001:0000ca40       ?BeginTemporaryMemory@@YA?AUtemporary_memory@@PEAUmemory_arena@@@Z 000000018000da40 f i p5engine.obj
 0001:0000cae0       ?CenteredChunkPoint@@YA?AUworld_position@@III@Z 000000018000dae0 f i p5engine.obj
 0001:0000cb70       ?ChangeEntityLocationRaw@@YAXPEAUmemory_arena@@PEAUworld@@IPEAUworld_position@@2@Z 000000018000db70 f i p5engine.obj
 0001:0000cf60       ?CheckArena@@YAXPEAUmemory_arena@@@Z 000000018000df60 f i p5engine.obj
 0001:0000cf90       ?ChunkPositionFromTilePosition@@YA?AUworld_position@@PEAUworld@@HHHTv3@@@Z 000000018000df90 f i p5engine.obj
 0001:0000d230       ?Clamp01@@YA?ATv2@@T1@@Z   000000018000e230 f i p5engine.obj
 0001:0000d2a0       ?Clamp01@@YAMM@Z           000000018000e2a0 f i p5engine.obj
 0001:0000d2e0       ?Clamp01MapToRange@@YAMMMM@Z 000000018000e2e0 f i p5engine.obj
 0001:0000d360       ?Clamp@@YAMMMM@Z           000000018000e360 f i p5engine.obj
 0001:0000d3d0       ?Clear@@YAXPEAUrender_group@@Tv4@@@Z 000000018000e3d0 f i p5engine.obj
 0001:0000d430       ?ClearFlags@@YAXPEAUsim_entity@@I@Z 000000018000e430 f i p5engine.obj
 0001:0000d470       ?DefaultMoveSpec@@YA?AUmove_spec@@XZ 000000018000e470 f i p5engine.obj
 0001:0000d510       ?EndTemporaryMemory@@YAXUtemporary_memory@@@Z 000000018000e510 f i p5engine.obj
 0001:0000d590       ?EntityOverlapsRectangle@@YAHTv3@@Usim_entity_collision_volume@@Urectangle3@@@Z 000000018000e590 f i p5engine.obj
 0001:0000d720       ?GetAlignmentOffset@@YA_KPEAUmemory_arena@@_K@Z 000000018000e720 f i p5engine.obj
 0001:0000d7b0       ?GetArenaSizeRemaining@@YA_KPEAUmemory_arena@@_K@Z 000000018000e7b0 f i p5engine.obj
 0001:0000d810       ?GetBarycentric@@YA?ATv2@@Urectangle2@@T1@@Z 000000018000e810 f i p5engine.obj
 0001:0000d8c0       ?GetBitmap@@YAPEAUloaded_bitmap@@PEAUgame_assets@@Ubitmap_id@@@Z 000000018000e8c0 f i p5engine.obj
 0001:0000d8c0       ?GetSound@@YAPEAUloaded_sound@@PEAUgame_assets@@Usound_id@@@Z 000000018000e8c0 f i p5engine.obj
 0001:0000d920       ?GetCameraRectangleAtDistance@@YA?AUrectangle2@@PEAUrender_group@@M@Z 000000018000e920 f i p5engine.obj
 0001:0000d9c0       ?GetCameraRectangleAtTarget@@YA?AUrectangle2@@PEAUrender_group@@@Z 000000018000e9c0 f i p5engine.obj
 0001:0000da30       ?GetDim@@YA?ATv2@@Urectangle2@@@Z 000000018000ea30 f i p5engine.obj
 0001:0000da70       ?GetDim@@YA?ATv3@@Urectangle3@@@Z 000000018000ea70 f i p5engine.obj
 0001:0000db10       ?GetEntityGroundPoint@@YA?ATv3@@PEAUsim_entity@@@Z 000000018000eb10 f i p5engine.obj
 0001:0000db90       ?GetEntityGroundPoint@@YA?ATv3@@PEAUsim_entity@@T1@@Z 000000018000eb90 f i p5engine.obj
 0001:0000dbf0       ?GetLowEntity@@YAPEAUlow_entity@@PEAUgame_state@@I@Z 000000018000ebf0 f i p5engine.obj
 0001:0000dc60       ?GetMaxCorner@@YA?ATv3@@Urectangle3@@@Z 000000018000ec60 f i p5engine.obj
 0001:0000dcc0       ?GetMinCorner@@YA?ATv3@@Urectangle3@@@Z 000000018000ecc0 f i p5engine.obj
 0001:0000dd10       ?GetRenderEntityBasisPos@@YA?AUentity_basis_p_result@@PEAUrender_transform@@Tv3@@@Z 000000018000ed10 f i p5engine.obj
 0001:0000dfb0       ?GetSimSpacePos@@YA?ATv3@@PEAUsim_region@@PEAUlow_entity@@@Z 000000018000efb0 f i p5engine.obj
 0001:0000e0a0       ?GetSoundInfo@@YAPEAUasset_sound_info@@PEAUgame_assets@@Usound_id@@@Z 000000018000f0a0 f i p5engine.obj
 0001:0000e100       ?GetStairGround@@YAMPEAUsim_entity@@Tv3@@@Z 000000018000f100 f i p5engine.obj
 0001:0000e1f0       ?GetWorldChunk@@YAPEAUworld_chunk@@PEAUworld@@HHHPEAUmemory_arena@@@Z 000000018000f1f0 f i p5engine.obj
 0001:0000e3e0       ?Hadamard@@YA?ATv2@@T1@0@Z 000000018000f3e0 f i p5engine.obj
 0001:0000e440       ?Hadamard@@YA?ATv3@@T1@0@Z 000000018000f440 f i p5engine.obj
 0001:0000e500       ?HasFlag@@YAHPEAUsim_entity@@I@Z 000000018000f500 f i p5engine.obj
 0001:0000e540       ?InitializeArena@@YAXPEAUmemory_arena@@_KPEAX@Z 000000018000f540 f i p5engine.obj
 0001:0000e5a0       ?Inner@@YAMTv2@@0@Z        000000018000f5a0 f i p5engine.obj
 0001:0000e5f0       ?Inner@@YAMTv3@@0@Z        000000018000f5f0 f i p5engine.obj
 0001:0000e660       ?Intersect@@YA?AUrectangle2i@@U1@0@Z 000000018000f660 f i p5engine.obj
 0001:0000e770       ?IsCanonical@@YAHMM@Z      000000018000f770 f i p5engine.obj
 0001:0000e810       ?IsCanonical@@YAHPEAUworld@@Tv3@@@Z 000000018000f810 f i p5engine.obj
 0001:0000e8b0       ?IsInRectangle@@YAHUrectangle3@@Tv3@@@Z 000000018000f8b0 f i p5engine.obj
 0001:0000e970       ?IsValid@@YAHUsound_id@@@Z 000000018000f970 f i p5engine.obj
 0001:0000e9b0       ?IsValid@@YAHUworld_position@@@Z 000000018000f9b0 f i p5engine.obj
 0001:0000ea00       ?Length@@YAMTv3@@@Z        000000018000fa00 f i p5engine.obj
 0001:0000ea50       ?LengthSq@@YAMTv2@@@Z      000000018000fa50 f i p5engine.obj
 0001:0000ea90       ?LengthSq@@YAMTv3@@@Z      000000018000fa90 f i p5engine.obj
 0001:0000eb00       ?LoadEntityReference@@YAXPEAUgame_state@@PEAUsim_region@@PEATentity_reference@@@Z 000000018000fb00 f i p5engine.obj
 0001:0000ec30       ?MakeEntityNonSpatial@@YAXPEAUsim_entity@@@Z 000000018000fc30 f i p5engine.obj
 0001:0000ecb0       ?MakeEntitySpatial@@YAXPEAUsim_entity@@Tv3@@1@Z 000000018000fcb0 f i p5engine.obj
 0001:0000ed20       ?MapIntoChunkSpace@@YA?AUworld_position@@PEAUworld@@U1@Tv3@@@Z 000000018000fd20 f i p5engine.obj
 0001:0000ee10       ?NullPosition@@YA?AUworld_position@@XZ 000000018000fe10 f i p5engine.obj
 0001:0000ee80       ?Orthographic@@YAXPEAUrender_group@@HHM@Z 000000018000fe80 f i p5engine.obj
 0001:0000ef80       ?Perspective@@YAXPEAUrender_group@@HHMMM@Z 000000018000ff80 f i p5engine.obj
 0001:0000f070       ?PrefetchSound@@YAXPEAUgame_assets@@Usound_id@@@Z 0000000180010070 f i p5engine.obj
 0001:0000f0a0       ?PushBitmap@@YAXPEAUrender_group@@PEAUloaded_bitmap@@Tv3@@MTv4@@@Z 00000001800100a0 f i p5engine.obj
 0001:0000f2d0       ?PushBitmap@@YAXPEAUrender_group@@Ubitmap_id@@Tv3@@MTv4@@@Z 00000001800102d0 f i p5engine.obj
 0001:0000f3b0       ?PushRect@@YAXPEAUrender_group@@Tv3@@Tv2@@Tv4@@@Z 00000001800103b0 f i p5engine.obj
 0001:0000f550       ?PushRectOutline@@YAXPEAUrender_group@@Tv3@@Tv2@@Tv4@@@Z 0000000180010550 f i p5engine.obj
 0001:0000f9e0       ?PushRenderElement_@@YAPEAXPEAUrender_group@@IW4render_group_entry_type@@@Z 00000001800109e0 f i p5engine.obj
 0001:0000fa90       ?PushSize_@@YAPEAXPEAUmemory_arena@@_K1@Z 0000000180010a90 f i p5engine.obj
 0001:0000fb60       ?RandomBilateral@@YAMPEAUrandom_series@@@Z 0000000180010b60 f i p5engine.obj
 0001:0000fbb0       ?RandomChoice@@YAIPEAUrandom_series@@I@Z 0000000180010bb0 f i p5engine.obj
 0001:0000fbf0       ?RandomNextUInt32@@YAIPEAUrandom_series@@@Z 0000000180010bf0 f i p5engine.obj
 0001:0000fc60       ?RandomSeed@@YA?AUrandom_series@@I@Z 0000000180010c60 f i p5engine.obj
 0001:0000fcd0       ?RandomUnilateral@@YAMPEAUrandom_series@@@Z 0000000180010cd0 f i p5engine.obj
 0001:0000fd30       ?RecanonicalizeCoord@@YAXMPEAHPEAM@Z 0000000180010d30 f i p5engine.obj
 0001:0000fdd0       ?RectCenterDim@@YA?AUrectangle2@@Tv2@@0@Z 0000000180010dd0 f i p5engine.obj
 0001:0000fe60       ?RectCenterDim@@YA?AUrectangle3@@Tv3@@0@Z 0000000180010e60 f i p5engine.obj
 0001:0000ff50       ?RectCenterHalfDim@@YA?AUrectangle2@@Tv2@@0@Z 0000000180010f50 f i p5engine.obj
 0001:00010000       ?RectCenterHalfDim@@YA?AUrectangle3@@Tv3@@0@Z 0000000180011000 f i p5engine.obj
 0001:00010170       ?RectMinMax@@YA?AUrectangle3@@Tv3@@0@Z 0000000180011170 f i p5engine.obj
 0001:00010210       ?RectanglesIntersect@@YAHUrectangle3@@0@Z 0000000180011210 f i p5engine.obj
 0001:000102d0       ?RoundReal32ToInt32@@YAHM@Z 00000001800112d0 f i p5engine.obj
 0001:00010310       ?RoundReal32ToUInt32@@YAIM@Z 0000000180011310 f i p5engine.obj
 0001:00010350       ?SafeRatio1@@YAMMM@Z       0000000180011350 f i p5engine.obj
 0001:000103a0       ?SafeRatioN@@YAMMMM@Z      00000001800113a0 f i p5engine.obj
 0001:00010400       ?SignOf@@YAMM@Z            0000000180011400 f i p5engine.obj
 0001:00010460       ?Sin@@YAMM@Z               0000000180011460 f i p5engine.obj
 0001:000104a0       ?Square@@YAMM@Z            00000001800114a0 f i p5engine.obj
 0001:000104e0       ?SquareRoot@@YAMM@Z        00000001800114e0 f i p5engine.obj
 0001:00010520       ?StoreEntityReference@@YAXPEATentity_reference@@@Z 0000000180011520 f i p5engine.obj
 0001:00010560       ?SubArena@@YAXPEAUmemory_arena@@0_K1@Z 0000000180011560 f i p5engine.obj
 0001:000105d0       ?ToV3@@YA?ATv3@@Tv2@@M@Z   00000001800115d0 f i p5engine.obj
 0001:00010660       ?Unproject@@YA?ATv2@@PEAUrender_group@@T1@M@Z 0000000180011660 f i p5engine.obj
 0001:000106b0       ?V2@@YA?ATv2@@MM@Z         00000001800116b0 f i p5engine.obj
 0001:00010720       ?V2i@@YA?ATv2@@HH@Z        0000000180011720 f i p5engine.obj
 0001:00010770       ?V3@@YA?ATv3@@MMM@Z        0000000180011770 f i p5engine.obj
 0001:00010810       ?V4@@YA?ATv4@@MMMM@Z       0000000180011810 f i p5engine.obj
 0001:000108c0       ?ZeroSize@@YAX_KPEAX@Z     00000001800118c0 f i p5engine.obj
 0001:00010920       GetController              0000000180011920 f i p5engine.obj
 0001:00010980       ?DrawRectangleQuickly@@YAXPEAUloaded_bitmap@@Tv2@@11Tv4@@0MUrectangle2i@@H@Z 0000000180011980 f   p5engine_optimized.obj
 0001:000116c0       __CheckForDebuggerJustMyCode 00000001800126c0 f   MSVCRTD:debugger_jmc.obj
 0001:00011700       __GSHandlerCheck           0000000180012700 f   MSVCRTD:gshandler.obj
 0001:00011740       __GSHandlerCheckCommon     0000000180012740 f   MSVCRTD:gshandler.obj
 0001:00011850       _alloca_probe              0000000180012850 f   MSVCRTD:chkstk.obj
 0001:00011850       __chkstk                   0000000180012850 f   MSVCRTD:chkstk.obj
 0001:000118b0       __security_check_cookie    00000001800128b0 f   MSVCRTD:amdsecgs.obj
 0001:00011ce0       _DllMainCRTStartup         0000000180012ce0 f   MSVCRTD:dll_dllmain.obj
 0001:00011d20       __raise_securityfailure    0000000180012d20 f   MSVCRTD:gs_report.obj
 0001:00011d60       __report_gsfailure         0000000180012d60 f   MSVCRTD:gs_report.obj
 0001:00011fc0       __security_init_cookie     0000000180012fc0 f   MSVCRTD:gs_support.obj
 0001:00012040       DllMain                    0000000180013040 f   MSVCRTD:dll_dllmain_stub.obj
 0001:00012080       ?__scrt_initialize_type_info@@YAXXZ 0000000180013080 f   MSVCRTD:tncleanup.obj
 0001:000120a0       ?__scrt_uninitialize_type_info@@YAXXZ 00000001800130a0 f   MSVCRTD:tncleanup.obj
 0001:000120c0       __local_stdio_printf_options 00000001800130c0 f i MSVCRTD:default_local_stdio_options.obj
 0001:000120d0       __local_stdio_scanf_options 00000001800130d0 f i MSVCRTD:default_local_stdio_options.obj
 0001:000120e0       __scrt_initialize_default_local_stdio_options 00000001800130e0 f   MSVCRTD:default_local_stdio_options.obj
 0001:00012130       ?configure_argv@__scrt_narrow_argv_policy@@SAHXZ 0000000180013130 f i MSVCRTD:utility.obj
 0001:00012220       ?initialize_environment@__scrt_narrow_environment_policy@@SAHXZ 0000000180013220 f i MSVCRTD:utility.obj
 0001:000122c0       NtCurrentTeb               00000001800132c0 f i MSVCRTD:utility.obj
 0001:000122d0       __scrt_acquire_startup_lock 00000001800132d0 f   MSVCRTD:utility.obj
 0001:00012340       __scrt_dllmain_after_initialize_c 0000000180013340 f   MSVCRTD:utility.obj
 0001:00012370       __scrt_dllmain_before_initialize_c 0000000180013370 f   MSVCRTD:utility.obj
 0001:00012390       __scrt_dllmain_crt_thread_attach 0000000180013390 f   MSVCRTD:utility.obj
 0001:000123c0       __scrt_dllmain_crt_thread_detach 00000001800133c0 f   MSVCRTD:utility.obj
 0001:000123e0       __scrt_dllmain_exception_filter 00000001800133e0 f   MSVCRTD:utility.obj
 0001:00012450       __scrt_dllmain_uninitialize_c 0000000180013450 f   MSVCRTD:utility.obj
 0001:00012480       __scrt_dllmain_uninitialize_critical 0000000180013480 f   MSVCRTD:utility.obj
 0001:000124a0       __scrt_initialize_crt      00000001800134a0 f   MSVCRTD:utility.obj
 0001:000124f0       __scrt_initialize_onexit_tables 00000001800134f0 f   MSVCRTD:utility.obj
 0001:00012600       __scrt_is_nonwritable_in_current_image 0000000180013600 f   MSVCRTD:utility.obj
 0001:00012690       __scrt_release_startup_lock 0000000180013690 f   MSVCRTD:utility.obj
 0001:000126c0       __scrt_uninitialize_crt    00000001800136c0 f   MSVCRTD:utility.obj
 0001:00012700       __scrt_get_dyn_tls_init_callback 0000000180013700 f   MSVCRTD:dyn_tls_init.obj
 0001:00012710       __crt_debugger_hook        0000000180013710 f   MSVCRTD:utility_desktop.obj
 0001:00012720       __scrt_fastfail            0000000180013720 f   MSVCRTD:utility_desktop.obj
 0001:000128c0       _RTC_Initialize            00000001800138c0 f   MSVCRTD:initsect.obj
 0001:00012910       _RTC_Terminate             0000000180013910 f   MSVCRTD:initsect.obj
 0001:00012960       _guard_check_icall_nop     0000000180013960 f i MSVCRTD:guard_support.obj
 0001:00012970       __isa_available_init       0000000180013970 f   MSVCRTD:cpu_disp.obj
 0001:00012d10       _get_startup_argv_mode     0000000180013d10 f   MSVCRTD:argv_mode.obj
 0001:00012d20       __scrt_is_ucrt_dll_in_use  0000000180013d20 f   MSVCRTD:ucrt_detection.obj
 0001:00012d50       __C_specific_handler       0000000180013d50 f   vcruntimed:VCRUNTIME140D.dll
 0001:00012d56       __std_type_info_destroy_list 0000000180013d56 f   vcruntimed:VCRUNTIME140D.dll
 0001:00012d5c       atan2                      0000000180013d5c f   ucrtd:ucrtbased.dll
 0001:00012d62       sinf                       0000000180013d62 f   ucrtd:ucrtbased.dll
 0001:00012d68       sqrtf                      0000000180013d68 f   ucrtd:ucrtbased.dll
 0001:00012d6e       _initterm                  0000000180013d6e f   ucrtd:ucrtbased.dll
 0001:00012d74       _initterm_e                0000000180013d74 f   ucrtd:ucrtbased.dll
 0001:00012d7a       _seh_filter_dll            0000000180013d7a f   ucrtd:ucrtbased.dll
 0001:00012d80       _configure_narrow_argv     0000000180013d80 f   ucrtd:ucrtbased.dll
 0001:00012d86       _initialize_narrow_environment 0000000180013d86 f   ucrtd:ucrtbased.dll
 0001:00012d8c       _initialize_onexit_table   0000000180013d8c f   ucrtd:ucrtbased.dll
 0001:00012d92       _execute_onexit_table      0000000180013d92 f   ucrtd:ucrtbased.dll
 0001:00012d98       _cexit                     0000000180013d98 f   ucrtd:ucrtbased.dll
 0001:00012da0       __vcrt_initialize          0000000180013da0 f   MSVCRTD:ucrt_stubs.obj
 0001:00012da0       __vcrt_thread_detach       0000000180013da0 f   MSVCRTD:ucrt_stubs.obj
 0001:00012da0       __acrt_thread_attach       0000000180013da0 f   MSVCRTD:ucrt_stubs.obj
 0001:00012da0       __acrt_thread_detach       0000000180013da0 f   MSVCRTD:ucrt_stubs.obj
 0001:00012da0       __acrt_initialize          0000000180013da0 f   MSVCRTD:ucrt_stubs.obj
 0001:00012da0       __vcrt_thread_attach       0000000180013da0 f   MSVCRTD:ucrt_stubs.obj
 0001:00012da0       __scrt_stub_for_acrt_initialize 0000000180013da0 f   MSVCRTD:ucrt_stubs.obj
 0001:00012da0       __scrt_stub_for_acrt_thread_detach 0000000180013da0 f   MSVCRTD:ucrt_stubs.obj
 0001:00012da0       __scrt_stub_for_acrt_thread_attach 0000000180013da0 f   MSVCRTD:ucrt_stubs.obj
 0001:00012db0       __acrt_uninitialize        0000000180013db0 f   MSVCRTD:ucrt_stubs.obj
 0001:00012db0       __scrt_stub_for_acrt_uninitialize_critical 0000000180013db0 f   MSVCRTD:ucrt_stubs.obj
 0001:00012db0       __acrt_uninitialize_critical 0000000180013db0 f   MSVCRTD:ucrt_stubs.obj
 0001:00012db0       __vcrt_uninitialize_critical 0000000180013db0 f   MSVCRTD:ucrt_stubs.obj
 0001:00012db0       __scrt_stub_for_acrt_uninitialize 0000000180013db0 f   MSVCRTD:ucrt_stubs.obj
 0001:00012db0       __vcrt_uninitialize        0000000180013db0 f   MSVCRTD:ucrt_stubs.obj
 0001:00012dc0       __scrt_stub_for_is_c_termination_complete 0000000180013dc0 f   MSVCRTD:ucrt_stubs.obj
 0001:00012dc0       _is_c_termination_complete 0000000180013dc0 f   MSVCRTD:ucrt_stubs.obj
 0001:00012de0       _guard_dispatch_icall_nop  0000000180013de0 f   MSVCRTD:guard_dispatch.obj
 0001:00012e00       _guard_xfg_dispatch_icall_nop 0000000180013e00 f   MSVCRTD:guard_xfg_dispatch.obj
 0002:00000000       __imp_QueryPerformanceCounter 0000000180014000     kernel32:KERNEL32.dll
 0002:00000008       __imp_RtlCaptureContext    0000000180014008     kernel32:KERNEL32.dll
 0002:00000010       __imp_RtlLookupFunctionEntry 0000000180014010     kernel32:KERNEL32.dll
 0002:00000018       __imp_RtlVirtualUnwind     0000000180014018     kernel32:KERNEL32.dll
 0002:00000020       __imp_IsDebuggerPresent    0000000180014020     kernel32:KERNEL32.dll
 0002:00000028       __imp_InitializeSListHead  0000000180014028     kernel32:KERNEL32.dll
 0002:00000030       __imp_DisableThreadLibraryCalls 0000000180014030     kernel32:KERNEL32.dll
 0002:00000038       __imp_GetSystemTimeAsFileTime 0000000180014038     kernel32:KERNEL32.dll
 0002:00000040       __imp_GetCurrentProcessId  0000000180014040     kernel32:KERNEL32.dll
 0002:00000048       __imp_GetCurrentThreadId   0000000180014048     kernel32:KERNEL32.dll
 0002:00000050       __imp_IsProcessorFeaturePresent 0000000180014050     kernel32:KERNEL32.dll
 0002:00000058       __imp_TerminateProcess     0000000180014058     kernel32:KERNEL32.dll
 0002:00000060       __imp_GetCurrentProcess    0000000180014060     kernel32:KERNEL32.dll
 0002:00000068       __imp_SetUnhandledExceptionFilter 0000000180014068     kernel32:KERNEL32.dll
 0002:00000070       __imp_UnhandledExceptionFilter 0000000180014070     kernel32:KERNEL32.dll
 0002:00000078       \177KERNEL32_NULL_THUNK_DATA 0000000180014078     kernel32:KERNEL32.dll
 0002:00000080       __imp___std_type_info_destroy_list 0000000180014080     vcruntimed:VCRUNTIME140D.dll
 0002:00000088       __imp___C_specific_handler 0000000180014088     vcruntimed:VCRUNTIME140D.dll
 0002:00000090       \177VCRUNTIME140D_NULL_THUNK_DATA 0000000180014090     vcruntimed:VCRUNTIME140D.dll
 0002:00000098       __imp__cexit               0000000180014098     ucrtd:ucrtbased.dll
 0002:000000a0       __imp__execute_onexit_table 00000001800140a0     ucrtd:ucrtbased.dll
 0002:000000a8       __imp__initialize_onexit_table 00000001800140a8     ucrtd:ucrtbased.dll
 0002:000000b0       __imp__initialize_narrow_environment 00000001800140b0     ucrtd:ucrtbased.dll
 0002:000000b8       __imp__configure_narrow_argv 00000001800140b8     ucrtd:ucrtbased.dll
 0002:000000c0       __imp__initterm_e          00000001800140c0     ucrtd:ucrtbased.dll
 0002:000000c8       __imp__initterm            00000001800140c8     ucrtd:ucrtbased.dll
 0002:000000d0       __imp_sqrtf                00000001800140d0     ucrtd:ucrtbased.dll
 0002:000000d8       __imp_sinf                 00000001800140d8     ucrtd:ucrtbased.dll
 0002:000000e0       __imp_atan2                00000001800140e0     ucrtd:ucrtbased.dll
 0002:000000e8       __imp_roundf               00000001800140e8     ucrtd:ucrtbased.dll
 0002:000000f0       __imp__seh_filter_dll      00000001800140f0     ucrtd:ucrtbased.dll
 0002:000000f8       \177ucrtbased_NULL_THUNK_DATA 00000001800140f8     ucrtd:ucrtbased.dll
 0002:00000100       __guard_check_icall_fptr   0000000180014100     MSVCRTD:guard_support.obj
 0002:00000108       __guard_xfg_check_icall_fptr 0000000180014108     MSVCRTD:guard_support.obj
 0002:00000110       __guard_dispatch_icall_fptr 0000000180014110     MSVCRTD:guard_support.obj
 0002:00000118       __guard_xfg_dispatch_icall_fptr 0000000180014118     MSVCRTD:guard_support.obj
 0002:00000120       __guard_xfg_table_dispatch_icall_fptr 0000000180014120     MSVCRTD:guard_support.obj
 0002:00000128       __xc_a                     0000000180014128     MSVCRTD:initializers.obj
 0002:00000130       __xc_z                     0000000180014130     MSVCRTD:initializers.obj
 0002:00000138       __xi_a                     0000000180014138     MSVCRTD:initializers.obj
 0002:00000140       __xi_z                     0000000180014140     MSVCRTD:initializers.obj
 0002:00000148       __xp_a                     0000000180014148     MSVCRTD:initializers.obj
 0002:00000150       __xp_z                     0000000180014150     MSVCRTD:initializers.obj
 0002:00000158       __xt_a                     0000000180014158     MSVCRTD:initializers.obj
 0002:00000160       __xt_z                     0000000180014160     MSVCRTD:initializers.obj
 0002:000001f0       ??_C@_0BA@NMEIMCEK@InvalidCodePath@ 00000001800141f0     p5engine.obj
 0002:00000200       __real@00000000            0000000180014200     p5engine.obj
 0002:00000204       __real@308992b1            0000000180014204     p5engine.obj
 0002:00000208       __real@3a83126f            0000000180014208     p5engine.obj
 0002:0000020c       __real@3c23d70a            000000018001420c     p5engine.obj
 0002:00000210       __real@3cc30c31            0000000180014210     p5engine.obj
 0002:00000214       __real@3dcccccd            0000000180014214     p5engine.obj
 0002:00000218       __real@3e4ccccd            0000000180014218     p5engine.obj
 0002:0000021c       __real@3e800000            000000018001421c     p5engine.obj
 0002:00000220       __real@3e99999a            0000000180014220     p5engine.obj
 0002:00000224       __real@3ecccccd            0000000180014224     p5engine.obj
 0002:00000228       __real@3ee147ae            0000000180014228     p5engine.obj
 0002:0000022c       __real@3f000000            000000018001422c     p5engine.obj
 0002:00000230       __real@3f19999a            0000000180014230     p5engine.obj
 0002:00000234       __real@3f228f5c            0000000180014234     p5engine.obj
 0002:00000238       __real@3f3504f3            0000000180014238     p5engine.obj
 0002:0000023c       __real@3f400000            000000018001423c     p5engine.obj
 0002:00000240       __real@3f666666            0000000180014240     p5engine.obj
 0002:00000244       __real@3f800000            0000000180014244     p5engine.obj
 0002:00000248       __real@3f8ccccd            0000000180014248     p5engine.obj
 0002:0000024c       __real@3f99999a            000000018001424c     p5engine.obj
 0002:00000250       __real@3fa66666            0000000180014250     p5engine.obj
 0002:00000254       __real@3fb33333            0000000180014254     p5engine.obj
 0002:00000258       __real@3fc00000            0000000180014258     p5engine.obj
 0002:0000025c       __real@40000000            000000018001425c     p5engine.obj
 0002:00000260       __real@400ccccd            0000000180014260     p5engine.obj
 0002:00000264       __real@40400000            0000000180014264     p5engine.obj
 0002:00000268       __real@40800000            0000000180014268     p5engine.obj
 0002:0000026c       __real@40a00000            000000018001426c     p5engine.obj
 0002:00000270       __real@40c00000            0000000180014270     p5engine.obj
 0002:00000274       __real@40c90fdb            0000000180014274     p5engine.obj
 0002:00000278       __real@41100000            0000000180014278     p5engine.obj
 0002:0000027c       __real@41700000            000000018001427c     p5engine.obj
 0002:00000280       __real@41880000            0000000180014280     p5engine.obj
 0002:00000284       __real@41a00000            0000000180014284     p5engine.obj
 0002:00000288       __real@41f00000            0000000180014288     p5engine.obj
 0002:0000028c       __real@42340000            000000018001428c     p5engine.obj
 0002:00000290       __real@437f0000            0000000180014290     p5engine.obj
 0002:00000294       __real@461c4000            0000000180014294     p5engine.obj
 0002:00000298       __real@47c35000            0000000180014298     p5engine.obj
 0002:0000029c       __real@49742400            000000018001429c     p5engine.obj
 0002:000002a0       __real@7f7fffff            00000001800142a0     p5engine.obj
 0002:000002a4       __real@becccccd            00000001800142a4     p5engine.obj
 0002:000002a8       __real@bf000000            00000001800142a8     p5engine.obj
 0002:000002ac       __real@bf800000            00000001800142ac     p5engine.obj
 0002:000002b0       __real@c0000000            00000001800142b0     p5engine.obj
 0002:000002b4       __real@c0100000            00000001800142b4     p5engine.obj
 0002:000002b8       __real@c0400000            00000001800142b8     p5engine.obj
 0002:000002bc       __real@c11ccccd            00000001800142bc     p5engine.obj
 0002:000002c0       __xmm@00000000000000000000000000000000 00000001800142c0     p5engine.obj
 0002:000002d0       __xmm@3f8000003f8000003f8000003f800000 00000001800142d0     p5engine.obj
 0002:000002e0       __xmm@7fffffffffffffff7fffffffffffffff 00000001800142e0     p5engine.obj
 0002:000002f0       __xmm@80000000800000008000000080000000 00000001800142f0     p5engine.obj
 0002:00000300       __xmm@000000ff000000ff000000ff000000ff 0000000180014300     p5engine_optimized.obj
 0002:00000310       __xmm@0000ffff0000ffff0000ffff0000ffff 0000000180014310     p5engine_optimized.obj
 0002:00000320       __xmm@00ff00ff00ff00ff00ff00ff00ff00ff 0000000180014320     p5engine_optimized.obj
 0002:00000330       __xmm@3b8080813b8080813b8080813b808081 0000000180014330     p5engine_optimized.obj
 0002:00000340       __xmm@3f0000003f0000003f0000003f000000 0000000180014340     p5engine_optimized.obj
 0002:00000350       __xmm@40800000408000004080000040800000 0000000180014350     p5engine_optimized.obj
 0002:00000360       __xmm@477e0100477e0100477e0100477e0100 0000000180014360     p5engine_optimized.obj
 0002:00000370       __xmm@ffffffffffffffffffffffffffffffff 0000000180014370     p5engine_optimized.obj
 0002:00000380       _pRawDllMain               0000000180014380     MSVCRTD:dll_dllmain.obj
 0002:00000380       _pDefaultRawDllMain        0000000180014380     MSVCRTD:dll_dllmain.obj
 0002:000003f0       _load_config_used          00000001800143f0     MSVCRTD:loadcfg.obj
 0002:00000580       __volatile_metadata        0000000180014580     <linker-defined>
 0002:000009b8       __rtc_iaa                  00000001800149b8     MSVCRTD:initsect.obj
 0002:000009c0       __rtc_izz                  00000001800149c0     MSVCRTD:initsect.obj
 0002:000009c8       __rtc_taa                  00000001800149c8     MSVCRTD:initsect.obj
 0002:000009d0       __rtc_tzz                  00000001800149d0     MSVCRTD:initsect.obj
 0002:00001214       __IMPORT_DESCRIPTOR_VCRUNTIME140D 0000000180015214     vcruntimed:VCRUNTIME140D.dll
 0002:00001228       __IMPORT_DESCRIPTOR_ucrtbased 0000000180015228     ucrtd:ucrtbased.dll
 0002:0000123c       __IMPORT_DESCRIPTOR_KERNEL32 000000018001523c     kernel32:KERNEL32.dll
 0002:00001250       __NULL_IMPORT_DESCRIPTOR   0000000180015250     vcruntimed:VCRUNTIME140D.dll
 0003:00004000       __security_cookie_complement 000000018001a000     MSVCRTD:gs_cookie.obj
 0003:00004008       __security_cookie          000000018001a008     MSVCRTD:gs_cookie.obj
 0003:00004010       _fltused                   000000018001a010     MSVCRTD:fltused.obj
 0003:00004014       __scrt_native_dllmain_reason 000000018001a014     MSVCRTD:utility.obj
 0003:00004018       __isa_available            000000018001a018     MSVCRTD:cpu_disp.obj
 0003:0000401c       __isa_enabled              000000018001a01c     MSVCRTD:cpu_disp.obj
 0003:00004020       __memcpy_nt_iters          000000018001a020     MSVCRTD:cpu_disp.obj
 0003:00004028       __memset_nt_iters          000000018001a028     MSVCRTD:cpu_disp.obj
 0003:00004030       __scrt_ucrt_dll_is_in_use  000000018001a030     MSVCRTD:ucrt_stubs.obj
 0003:00004040       DebugGlobalMemory          000000018001a040     p5engine.obj
 0003:000045e0       ?__type_info_root_node@@3U__type_info_node@@A 000000018001a5e0     MSVCRTD:tncleanup.obj
 0003:000045f0       ?_OptionsStorage@?1??__local_stdio_printf_options@@9@4_KA 000000018001a5f0     MSVCRTD:default_local_stdio_options.obj
 0003:000045f8       ?_OptionsStorage@?1??__local_stdio_scanf_options@@9@4_KA 000000018001a5f8     MSVCRTD:default_local_stdio_options.obj
 0003:00004600       __scrt_current_native_startup_state 000000018001a600     MSVCRTD:utility.obj
 0003:00004608       __scrt_native_startup_lock 000000018001a608     MSVCRTD:utility.obj
 0003:00004648       __scrt_debugger_hook_flag  000000018001a648     MSVCRTD:utility_desktop.obj
 0003:00004650       __castguard_check_failure_os_handled_fptr 000000018001a650     MSVCRTD:guard_support.obj
 0003:00004658       __favor                    000000018001a658     MSVCRTD:cpu_disp.obj
 0003:00004660       __dyn_tls_init_callback    000000018001a660     <common>
 0003:00004668       __DebuggerCurrentSteppingThreadId 000000018001a668     <common>

 entry point at        0001:00011ce0

 Static symbols

 0000:fffe1000       .debug$S                   0000000180000000     P5Engine.exp
 0000:fffe1000       .debug$S                   0000000180000000     vcruntimed:VCRUNTIME140D.dll
 0000:fffe1000       .debug$S                   0000000180000000     vcruntimed:VCRUNTIME140D.dll
 0000:fffe1000       .debug$S                   0000000180000000     vcruntimed:VCRUNTIME140D.dll
 0000:fffe1000       .debug$S                   0000000180000000     vcruntimed:VCRUNTIME140D.dll
 0000:fffe1000       .debug$S                   0000000180000000     ucrtd:ucrtbased.dll
 0000:fffe1000       .debug$S                   0000000180000000     ucrtd:ucrtbased.dll
 0000:fffe1000       .debug$S                   0000000180000000     ucrtd:ucrtbased.dll
 0000:fffe1000       .debug$S                   0000000180000000     ucrtd:ucrtbased.dll
 0000:fffe1000       .debug$S                   0000000180000000     ucrtd:ucrtbased.dll
 0000:fffe1000       .debug$S                   0000000180000000     ucrtd:ucrtbased.dll
 0000:fffe1000       .debug$S                   0000000180000000     ucrtd:ucrtbased.dll
 0000:fffe1000       .debug$S                   0000000180000000     ucrtd:ucrtbased.dll
 0000:fffe1000       .debug$S                   0000000180000000     ucrtd:ucrtbased.dll
 0000:fffe1000       .debug$S                   0000000180000000     ucrtd:ucrtbased.dll
 0000:fffe1000       .debug$S                   0000000180000000     ucrtd:ucrtbased.dll
 0000:fffe1000       .debug$S                   0000000180000000     ucrtd:ucrtbased.dll
 0000:fffe1000       .debug$S                   0000000180000000     ucrtd:ucrtbased.dll
 0000:fffe1000       .debug$S                   0000000180000000     ucrtd:ucrtbased.dll
 0000:fffe1000       .debug$S                   0000000180000000     ucrtd:ucrtbased.dll
 0000:fffe1000       .debug$S                   0000000180000000     ucrtd:ucrtbased.dll
 0000:fffe1000       .debug$S                   0000000180000000     kernel32:KERNEL32.dll
 0000:fffe1000       .debug$S                   0000000180000000     kernel32:KERNEL32.dll
 0000:fffe1000       .debug$S                   0000000180000000     kernel32:KERNEL32.dll
 0000:fffe1000       .debug$S                   0000000180000000     kernel32:KERNEL32.dll
 0000:fffe1000       .debug$S                   0000000180000000     kernel32:KERNEL32.dll
 0000:fffe1000       .debug$S                   0000000180000000     kernel32:KERNEL32.dll
 0000:fffe1000       .debug$S                   0000000180000000     kernel32:KERNEL32.dll
 0000:fffe1000       .debug$S                   0000000180000000     kernel32:KERNEL32.dll
 0000:fffe1000       .debug$S                   0000000180000000     kernel32:KERNEL32.dll
 0000:fffe1000       .debug$S                   0000000180000000     kernel32:KERNEL32.dll
 0000:fffe1000       .debug$S                   0000000180000000     kernel32:KERNEL32.dll
 0000:fffe1000       .debug$S                   0000000180000000     kernel32:KERNEL32.dll
 0000:fffe1000       .debug$S                   0000000180000000     kernel32:KERNEL32.dll
 0000:fffe1000       .debug$S                   0000000180000000     kernel32:KERNEL32.dll
 0000:fffe1000       .debug$S                   0000000180000000     kernel32:KERNEL32.dll
 0000:fffe1000       .debug$S                   0000000180000000     kernel32:KERNEL32.dll
 0000:fffe1000       .debug$S                   0000000180000000     kernel32:KERNEL32.dll
 0001:00000000       ?LoadBitmap@@YAXPEAUgame_assets@@Ubitmap_id@@@Z 0000000180001000 f   p5engine.obj
 0001:00000140       ?LoadSound@@YAXPEAUgame_assets@@Usound_id@@@Z 0000000180001140 f   p5engine.obj
 0001:00000280       ?AddCollisionRule@@YAXPEAUgame_state@@IIH@Z 0000000180001280 f   p5engine.obj
 0001:00000400       ?ClearCollisionRulesFor@@YAXPEAUgame_state@@I@Z 0000000180001400 f   p5engine.obj
 0001:00000500       ?BeginTaskWithMemory@@YAPEAUtask_with_memory@@PEAUtransient_state@@@Z 0000000180001500 f   p5engine.obj
 0001:000005e0       ?EndTaskWithMemory@@YAXPEAUtask_with_memory@@@Z 00000001800015e0 f   p5engine.obj
 0001:00000640       ?DrawRectangle@@YAXPEAUloaded_bitmap@@Tv2@@1Tv4@@Urectangle2i@@H@Z 0000000180001640 f   p5engine.obj
 0001:00000900       ?RenderGroupToOutput@@YAXPEAUrender_group@@PEAUloaded_bitmap@@Urectangle2i@@H@Z 0000000180001900 f   p5engine.obj
 0001:00000cf0       ?DoTiledRenderWork@@YAXPEAUplatform_work_queue@@PEAX@Z 0000000180001cf0 f   p5engine.obj
 0001:00000da0       ?RenderGroupToOutput@@YAXPEAUrender_group@@PEAUloaded_bitmap@@@Z 0000000180001da0 f   p5engine.obj
 0001:00000e90       ?TiledRenderGroupToOutput@@YAXPEAUplatform_work_queue@@PEAUrender_group@@PEAUloaded_bitmap@@@Z 0000000180001e90 f   p5engine.obj
 0001:000010c0       ?AllocateRenderGroup@@YAPEAUrender_group@@PEAUgame_assets@@PEAUmemory_arena@@I@Z 00000001800020c0 f   p5engine.obj
 0001:000011f0       ?InitializeWorld@@YAXPEAUworld@@Tv3@@@Z 00000001800021f0 f   p5engine.obj
 0001:00001290       ?Subtract@@YA?ATv3@@PEAUworld@@PEAUworld_position@@1@Z 0000000180002290 f   p5engine.obj
 0001:00001500       ?ChangeEntityLocation@@YAXPEAUmemory_arena@@PEAUworld@@IPEAUlow_entity@@Uworld_position@@@Z 0000000180002500 f   p5engine.obj
 0001:00001690       ?GetHashFromStorageIndex@@YAPEAUsim_entity_hash@@PEAUsim_region@@I@Z 0000000180002690 f   p5engine.obj
 0001:00001760       ?AddEntity@@YAPEAUsim_entity@@PEAUgame_state@@PEAUsim_region@@IPEAUlow_entity@@PEATv3@@@Z 0000000180002760 f   p5engine.obj
 0001:000018c0       ?AddEntityRaw@@YAPEAUsim_entity@@PEAUgame_state@@PEAUsim_region@@IPEAUlow_entity@@@Z 00000001800028c0 f   p5engine.obj
 0001:00001a40       ?BeginSim@@YAPEAUsim_region@@PEAUmemory_arena@@PEAUgame_state@@PEAUworld@@Uworld_position@@Urectangle3@@M@Z 0000000180002a40 f   p5engine.obj
 0001:000020b0       ?EndSim@@YAXPEAUsim_region@@PEAUgame_state@@@Z 00000001800030b0 f   p5engine.obj
 0001:00002370       ?CanCollide@@YAHPEAUgame_state@@PEAUsim_entity@@1@Z 0000000180003370 f   p5engine.obj
 0001:000024c0       ?HandleCollision@@YAHPEAUgame_state@@PEAUsim_entity@@1@Z 00000001800034c0 f   p5engine.obj
 0001:000025a0       ?CanOverlap@@YAHPEAUgame_state@@PEAUsim_entity@@1@Z 00000001800035a0 f   p5engine.obj
 0001:00002600       ?HandleOverlap@@YAXPEAUgame_state@@PEAUsim_entity@@1MPEAM@Z 0000000180003600 f   p5engine.obj
 0001:000026a0       ?SpeculativeCollide@@YAHPEAUsim_entity@@0Tv3@@@Z 00000001800036a0 f   p5engine.obj
 0001:000027a0       ?EntitiesOverlap@@YAHPEAUsim_entity@@0Tv3@@@Z 00000001800037a0 f   p5engine.obj
 0001:00002ae0       ?MoveEntity@@YAXPEAUgame_state@@PEAUsim_region@@PEAUsim_entity@@MPEAUmove_spec@@Tv3@@@Z 0000000180003ae0 f   p5engine.obj
 0001:00004440       ?DEBUGLoadBMP@@YA?AUloaded_bitmap@@PEADTv2@@@Z 0000000180005440 f   p5engine.obj
 0001:000044d0       ?DEBUGLoadWAV@@YA?AUloaded_sound@@PEADII@Z 00000001800054d0 f   p5engine.obj
 0001:00004560       ?LoadBitmapWork@@YAXPEAUplatform_work_queue@@PEAX@Z 0000000180005560 f   p5engine.obj
 0001:00004660       ?LoadSoundWork@@YAXPEAUplatform_work_queue@@PEAX@Z 0000000180005660 f   p5engine.obj
 0001:00004770       ?GetBestMatchAssetFrom@@YAIPEAUgame_assets@@W4asset_type_id@@PEAUasset_vector@@2@Z 0000000180005770 f   p5engine.obj
 0001:000049a0       ?GetRandomAssetFrom@@YAIPEAUgame_assets@@W4asset_type_id@@PEAUrandom_series@@@Z 00000001800059a0 f   p5engine.obj
 0001:00004a30       ?GetFirstAssetFrom@@YAIPEAUgame_assets@@W4asset_type_id@@@Z 0000000180005a30 f   p5engine.obj
 0001:00004a90       ?GetBestMatchBitmapFrom@@YA?AUbitmap_id@@PEAUgame_assets@@W4asset_type_id@@PEAUasset_vector@@2@Z 0000000180005a90 f   p5engine.obj
 0001:00004ae0       ?GetFirstBitmapFrom@@YA?AUbitmap_id@@PEAUgame_assets@@W4asset_type_id@@@Z 0000000180005ae0 f   p5engine.obj
 0001:00004b20       ?GetRandomBitmapFrom@@YA?AUbitmap_id@@PEAUgame_assets@@W4asset_type_id@@PEAUrandom_series@@@Z 0000000180005b20 f   p5engine.obj
 0001:00004b70       ?GetFirstSoundFrom@@YA?AUsound_id@@PEAUgame_assets@@W4asset_type_id@@@Z 0000000180005b70 f   p5engine.obj
 0001:00004bb0       ?GetRandomSoundFrom@@YA?AUsound_id@@PEAUgame_assets@@W4asset_type_id@@PEAUrandom_series@@@Z 0000000180005bb0 f   p5engine.obj
 0001:00004c00       ?AllocateGameAssets@@YAPEAUgame_assets@@PEAUmemory_arena@@_KPEAUtransient_state@@@Z 0000000180005c00 f   p5engine.obj
 0001:00004e80       ?PlaySound@@YAPEAUplaying_sound@@PEAUaudio_state@@Usound_id@@@Z 0000000180005e80 f   p5engine.obj
 0001:00004fb0       ?ChangeVolume@@YAXPEAUaudio_state@@PEAUplaying_sound@@MTv2@@@Z 0000000180005fb0 f   p5engine.obj
 0001:00005070       ?OutputPlayingSounds@@YAXPEAUaudio_state@@PEAUgame_sound_output_buffer@@PEAUgame_assets@@PEAUmemory_arena@@@Z 0000000180006070 f   p5engine.obj
 0001:00006170       ?InitializeAudioState@@YAXPEAUaudio_state@@PEAUmemory_arena@@@Z 0000000180007170 f   p5engine.obj
 0001:000061f0       ?AddLowEntity@@YA?AUadd_low_entity_result@@PEAUgame_state@@W4entity_type@@Uworld_position@@@Z 00000001800071f0 f   p5engine.obj
 0001:000063f0       ?AddGroundedEntity@@YA?AUadd_low_entity_result@@PEAUgame_state@@W4entity_type@@Uworld_position@@PEAUsim_entity_collision_volume_group@@@Z 00000001800073f0 f   p5engine.obj
 0001:000064a0       ?AddStandardRoom@@YA?AUadd_low_entity_result@@PEAUgame_state@@III@Z 00000001800074a0 f   p5engine.obj
 0001:00006600       ?AddWall@@YA?AUadd_low_entity_result@@PEAUgame_state@@III@Z 0000000180007600 f   p5engine.obj
 0001:00006760       ?AddStairs@@YA?AUadd_low_entity_result@@PEAUgame_state@@III@Z 0000000180007760 f   p5engine.obj
 0001:000068f0       ?InitHitPoints@@YAXPEAUlow_entity@@I@Z 00000001800078f0 f   p5engine.obj
 0001:00006980       ?AddSword@@YA?AUadd_low_entity_result@@PEAUgame_state@@@Z 0000000180007980 f   p5engine.obj
 0001:00006a70       ?AddPlayer@@YA?AUadd_low_entity_result@@PEAUgame_state@@@Z 0000000180007a70 f   p5engine.obj
 0001:00006bb0       ?AddMonstar@@YA?AUadd_low_entity_result@@PEAUgame_state@@III@Z 0000000180007bb0 f   p5engine.obj
 0001:00006d20       ?AddFamiliar@@YA?AUadd_low_entity_result@@PEAUgame_state@@III@Z 0000000180007d20 f   p5engine.obj
 0001:00006e80       ?DrawHitpoints@@YAXPEAUsim_entity@@PEAUrender_group@@@Z 0000000180007e80 f   p5engine.obj
 0001:000070f0       ?MakeSimpleGroundedCollision@@YAPEAUsim_entity_collision_volume_group@@PEAUgame_state@@MMM@Z 00000001800080f0 f   p5engine.obj
 0001:00007250       ?MakeNullCollision@@YAPEAUsim_entity_collision_volume_group@@PEAUgame_state@@@Z 0000000180008250 f   p5engine.obj
 0001:00007330       ?FillGroundChunkWork@@YAXPEAUplatform_work_queue@@PEAX@Z 0000000180008330 f   p5engine.obj
 0001:00007390       ?FillGroundChunk@@YAXPEAUtransient_state@@PEAUgame_state@@PEAUground_buffer@@PEAUworld_position@@@Z 0000000180008390 f   p5engine.obj
 0001:00007c10       ?ClearBitmap@@YAXPEAUloaded_bitmap@@@Z 0000000180008c10 f   p5engine.obj
 0001:00007c70       ?MakeEmptyBitmap@@YA?AUloaded_bitmap@@PEAUmemory_arena@@HHH@Z 0000000180008c70 f   p5engine.obj
 0001:00007d60       ?MakeSphereDiffuseMap@@YAXPEAUloaded_bitmap@@MM@Z 0000000180008d60 f   p5engine.obj
 0001:00008090       ?MakeSphereNormalMap@@YAXPEAUloaded_bitmap@@MMM@Z 0000000180009090 f   p5engine.obj
 0001:0000beb8       $LN147                     000000018000ceb8     p5engine.obj
 0001:00011840       $$000000                   0000000180012840     MSVCRTD:chkstk.obj
 0001:000118a0       $$000000                   00000001800128a0     MSVCRTD:amdsecgs.obj
 0001:000118d0       ?dllmain_crt_dispatch@@YAHQEAUHINSTANCE__@@KQEAX@Z 00000001800128d0 f   MSVCRTD:dll_dllmain.obj
 0001:00011960       ?dllmain_crt_process_attach@@YAHQEAUHINSTANCE__@@QEAX@Z 0000000180012960 f   MSVCRTD:dll_dllmain.obj
 0001:00011aa0       ?dllmain_crt_process_detach@@YAH_N@Z 0000000180012aa0 f   MSVCRTD:dll_dllmain.obj
 0001:00011b40       ?dllmain_dispatch@@YAHQEAUHINSTANCE__@@KQEAX@Z 0000000180012b40 f   MSVCRTD:dll_dllmain.obj
 0001:00011c80       ?dllmain_raw@@YAHQEAUHINSTANCE__@@KQEAX@Z 0000000180012c80 f   MSVCRTD:dll_dllmain.obj
 0001:00011e40       capture_previous_context   0000000180012e40 f   MSVCRTD:gs_report.obj
 0001:00011f00       __get_entropy              0000000180012f00 f   MSVCRTD:gs_support.obj
 0001:00012150       ?find_pe_section@@YAPEAU_IMAGE_SECTION_HEADER@@QEAE_K@Z 0000000180013150 f   MSVCRTD:utility.obj
 0001:00012230       ?is_potentially_valid_image_base@@YA_NQEAX@Z 0000000180013230 f   MSVCRTD:utility.obj
 0001:00012dd0       $$000000                   0000000180013dd0     MSVCRTD:guard_dispatch.obj
 0001:00012df0       $$000000                   0000000180013df0     MSVCRTD:guard_xfg_dispatch.obj
 0001:00012e10       ?fin$0@?0??dllmain_crt_process_attach@@YAHQEAUHINSTANCE__@@QEAX@Z@4HA 0000000180013e10 f   MSVCRTD:dll_dllmain.obj
 0001:00012e30       ?fin$0@?0??dllmain_crt_process_detach@@YAH_N@Z@4HA 0000000180013e30 f   MSVCRTD:dll_dllmain.obj
 0001:00012e4a       ?fin$1@?0??dllmain_crt_process_detach@@YAH_N@Z@4HA 0000000180013e4a f   MSVCRTD:dll_dllmain.obj
 0001:00012e60       ?filt$0@?0??dllmain_dispatch@@YAHQEAUHINSTANCE__@@KQEAX@Z@4HA 0000000180013e60 f   MSVCRTD:dll_dllmain.obj
 0001:00012eb0       __scrt_is_nonwritable_in_current_image$filt$0 0000000180013eb0 f   MSVCRTD:utility.obj
 0002:00000170       $SG29386                   0000000180014170     p5engine.obj
 0002:00000180       $SG29814                   0000000180014180     p5engine.obj
 0002:00000190       $SG30288                   0000000180014190     p5engine.obj
 0002:000001b0       $SG30297                   00000001800141b0     p5engine.obj
 0002:000001c8       $SG30524                   00000001800141c8     p5engine.obj
 0002:000001e0       $SG31738                   00000001800141e0     p5engine.obj
 0002:00000388       GS_ExceptionPointers       0000000180014388     MSVCRTD:gs_report.obj
 0002:000009d8       $unwind$?GetBitmap@@YAPEAUloaded_bitmap@@PEAUgame_assets@@Ubitmap_id@@@Z 00000001800149d8     p5engine.obj
 0002:000009d8       $unwind$?GetLowEntity@@YAPEAUlow_entity@@PEAUgame_state@@I@Z 00000001800149d8     p5engine.obj
 0002:000009d8       $unwind$?GetSound@@YAPEAUloaded_sound@@PEAUgame_assets@@Usound_id@@@Z 00000001800149d8     p5engine.obj
 0002:000009d8       $unwind$?GetSoundInfo@@YAPEAUasset_sound_info@@PEAUgame_assets@@Usound_id@@@Z 00000001800149d8     p5engine.obj
 0002:000009d8       $unwind$?HasFlag@@YAHPEAUsim_entity@@I@Z 00000001800149d8     p5engine.obj
 0002:000009d8       $unwind$?RandomChoice@@YAIPEAUrandom_series@@I@Z 00000001800149d8     p5engine.obj
 0002:000009d8       $unwind$GetController      00000001800149d8     p5engine.obj
 0002:000009e0       $unwind$?InitializeArena@@YAXPEAUmemory_arena@@_KPEAX@Z 00000001800149e0     p5engine.obj
 0002:000009e8       $unwind$?GetAlignmentOffset@@YA_KPEAUmemory_arena@@_K@Z 00000001800149e8     p5engine.obj
 0002:000009f0       $unwind$??Y@YAAEATv2@@AEAT0@T0@@Z 00000001800149f0     p5engine.obj
 0002:000009f0       $unwind$?GetArenaSizeRemaining@@YA_KPEAUmemory_arena@@_K@Z 00000001800149f0     p5engine.obj
 0002:000009f0       $unwind$?Hadamard@@YA?ATv2@@T1@0@Z 00000001800149f0     p5engine.obj
 0002:000009f0       $unwind$?Inner@@YAMTv2@@0@Z 00000001800149f0     p5engine.obj
 0002:000009f0       $unwind$?Inner@@YAMTv3@@0@Z 00000001800149f0     p5engine.obj
 0002:000009f0       $unwind$?IsCanonical@@YAHPEAUworld@@Tv3@@@Z 00000001800149f0     p5engine.obj
 0002:000009f0       $unwind$?IsInRectangle@@YAHUrectangle3@@Tv3@@@Z 00000001800149f0     p5engine.obj
 0002:000009f0       $unwind$?RectanglesIntersect@@YAHUrectangle3@@0@Z 00000001800149f0     p5engine.obj
 0002:000009f0       $unwind$?ZeroSize@@YAX_KPEAX@Z 00000001800149f0     p5engine.obj
 0002:000009f0       $unwind$?find_pe_section@@YAPEAU_IMAGE_SECTION_HEADER@@QEAE_K@Z 00000001800149f0     MSVCRTD:utility.obj
 0002:000009f8       $unwind$?PushSize_@@YAPEAXPEAUmemory_arena@@_K1@Z 00000001800149f8     p5engine.obj
 0002:00000a00       $unwind$?BeginTemporaryMemory@@YA?AUtemporary_memory@@PEAUmemory_arena@@@Z 0000000180014a00     p5engine.obj
 0002:00000a14       $unwind$?AllResourcesPresent@@YAHPEAUrender_group@@@Z 0000000180014a14     p5engine.obj
 0002:00000a14       $unwind$?EndTemporaryMemory@@YAXUtemporary_memory@@@Z 0000000180014a14     p5engine.obj
 0002:00000a14       $unwind$?GetDim@@YA?ATv2@@Urectangle2@@@Z 0000000180014a14     p5engine.obj
 0002:00000a14       $unwind$?IsValid@@YAHUworld_position@@@Z 0000000180014a14     p5engine.obj
 0002:00000a14       $unwind$?LengthSq@@YAMTv2@@@Z 0000000180014a14     p5engine.obj
 0002:00000a14       $unwind$?RandomBilateral@@YAMPEAUrandom_series@@@Z 0000000180014a14     p5engine.obj
 0002:00000a14       $unwind$?RandomNextUInt32@@YAIPEAUrandom_series@@@Z 0000000180014a14     p5engine.obj
 0002:00000a14       $unwind$?RandomUnilateral@@YAMPEAUrandom_series@@@Z 0000000180014a14     p5engine.obj
 0002:00000a14       $unwind$__CheckForDebuggerJustMyCode 0000000180014a14     MSVCRTD:debugger_jmc.obj
 0002:00000a14       $unwind$__report_gsfailure 0000000180014a14     MSVCRTD:gs_report.obj
 0002:00000a1c       $unwind$?CheckArena@@YAXPEAUmemory_arena@@@Z 0000000180014a1c     p5engine.obj
 0002:00000a1c       $unwind$?StoreEntityReference@@YAXPEATentity_reference@@@Z 0000000180014a1c     p5engine.obj
 0002:00000a1c       $unwind$__raise_securityfailure 0000000180014a1c     MSVCRTD:gs_report.obj
 0002:00000a1c       $unwind$?is_potentially_valid_image_base@@YA_NQEAX@Z 0000000180014a1c     MSVCRTD:utility.obj
 0002:00000a24       $unwind$?SubArena@@YAXPEAUmemory_arena@@0_K1@Z 0000000180014a24     p5engine.obj
 0002:00000a24       $unwind$__GSHandlerCheck   0000000180014a24     MSVCRTD:gshandler.obj
 0002:00000a2c       $unwind$?AtomicCompareExchangeUInt32@@YAIPECIII@Z 0000000180014a2c     p5engine.obj
 0002:00000a2c       $unwind$?PushRenderElement_@@YAPEAXPEAUrender_group@@IW4render_group_entry_type@@@Z 0000000180014a2c     p5engine.obj
 0002:00000a2c       $unwind$?dllmain_crt_dispatch@@YAHQEAUHINSTANCE__@@KQEAX@Z 0000000180014a2c     MSVCRTD:dll_dllmain.obj
 0002:00000a2c       $unwind$?dllmain_raw@@YAHQEAUHINSTANCE__@@KQEAX@Z 0000000180014a2c     MSVCRTD:dll_dllmain.obj
 0002:00000a34       $unwind$?AbsoluteValue@@YAMM@Z 0000000180014a34     p5engine.obj
 0002:00000a34       $unwind$?Clamp01@@YAMM@Z   0000000180014a34     p5engine.obj
 0002:00000a34       $unwind$?RoundReal32ToInt32@@YAHM@Z 0000000180014a34     p5engine.obj
 0002:00000a34       $unwind$?RoundReal32ToUInt32@@YAIM@Z 0000000180014a34     p5engine.obj
 0002:00000a34       $unwind$?SignOf@@YAMM@Z    0000000180014a34     p5engine.obj
 0002:00000a34       $unwind$?Sin@@YAMM@Z       0000000180014a34     p5engine.obj
 0002:00000a34       $unwind$?Square@@YAMM@Z    0000000180014a34     p5engine.obj
 0002:00000a34       $unwind$?SquareRoot@@YAMM@Z 0000000180014a34     p5engine.obj
 0002:00000a3c       $unwind$?ATan2@@YAMMM@Z    0000000180014a3c     p5engine.obj
 0002:00000a3c       $unwind$?IsCanonical@@YAHMM@Z 0000000180014a3c     p5engine.obj
 0002:00000a3c       $unwind$?SafeRatio1@@YAMMM@Z 0000000180014a3c     p5engine.obj
 0002:00000a44       $unwind$?Clamp01MapToRange@@YAMMMM@Z 0000000180014a44     p5engine.obj
 0002:00000a44       $unwind$?Clamp@@YAMMMM@Z   0000000180014a44     p5engine.obj
 0002:00000a44       $unwind$?SafeRatioN@@YAMMMM@Z 0000000180014a44     p5engine.obj
 0002:00000a4c       $unwind$?V2@@YA?ATv2@@MM@Z 0000000180014a4c     p5engine.obj
 0002:00000a5c       $unwind$?V2i@@YA?ATv2@@HH@Z 0000000180014a5c     p5engine.obj
 0002:00000a64       $unwind$??D@YA?ATv2@@MT0@@Z 0000000180014a64     p5engine.obj
 0002:00000a74       $unwind$??G@YA?ATv2@@T0@0@Z 0000000180014a74     p5engine.obj
 0002:00000a74       $unwind$??H@YA?ATv2@@T0@0@Z 0000000180014a74     p5engine.obj
 0002:00000a74       $unwind$?GetBarycentric@@YA?ATv2@@Urectangle2@@T1@@Z 0000000180014a74     p5engine.obj
 0002:00000a84       $unwind$?Clamp01@@YA?ATv2@@T1@@Z 0000000180014a84     p5engine.obj
 0002:00000a94       $unwind$?V3@@YA?ATv3@@MMM@Z 0000000180014a94     p5engine.obj
 0002:00000a94       $unwind$?V4@@YA?ATv4@@MMMM@Z 0000000180014a94     p5engine.obj
 0002:00000aa8       $unwind$??D@YA?ATv3@@MT0@@Z 0000000180014aa8     p5engine.obj
 0002:00000aa8       $unwind$??D@YA?ATv4@@MT0@@Z 0000000180014aa8     p5engine.obj
 0002:00000aa8       $unwind$?ToV3@@YA?ATv3@@Tv2@@M@Z 0000000180014aa8     p5engine.obj
 0002:00000abc       $unwind$??D@YA?ATv3@@T0@M@Z 0000000180014abc     p5engine.obj
 0002:00000abc       $unwind$?GetCameraRectangleAtDistance@@YA?AUrectangle2@@PEAUrender_group@@M@Z 0000000180014abc     p5engine.obj
 0002:00000ac8       $unwind$??X@YAAEATv3@@AEAT0@M@Z 0000000180014ac8     p5engine.obj
 0002:00000ad4       $unwind$??G@YA?ATv3@@T0@0@Z 0000000180014ad4     p5engine.obj
 0002:00000ad4       $unwind$??H@YA?ATv3@@T0@0@Z 0000000180014ad4     p5engine.obj
 0002:00000ae8       $unwind$??Y@YAAEATv3@@AEAT0@T0@@Z 0000000180014ae8     p5engine.obj
 0002:00000ae8       $unwind$??Z@YAAEATv3@@AEAT0@T0@@Z 0000000180014ae8     p5engine.obj
 0002:00000ae8       $unwind$?GetDim@@YA?ATv3@@Urectangle3@@@Z 0000000180014ae8     p5engine.obj
 0002:00000af4       $unwind$?AreInSameChunk@@YAHPEAUworld@@PEAUworld_position@@1@Z 0000000180014af4     p5engine.obj
 0002:00000af4       $unwind$?Hadamard@@YA?ATv3@@T1@0@Z 0000000180014af4     p5engine.obj
 0002:00000af4       $unwind$?RectCenterDim@@YA?AUrectangle2@@Tv2@@0@Z 0000000180014af4     p5engine.obj
 0002:00000b00       $unwind$?LengthSq@@YAMTv3@@@Z 0000000180014b00     p5engine.obj
 0002:00000b0c       $unwind$?Length@@YAMTv3@@@Z 0000000180014b0c     p5engine.obj
 0002:00000b0c       $unwind$?MakeEntityNonSpatial@@YAXPEAUsim_entity@@@Z 0000000180014b0c     p5engine.obj
 0002:00000b18       $unwind$?RectCenterHalfDim@@YA?AUrectangle2@@Tv2@@0@Z 0000000180014b18     p5engine.obj
 0002:00000b2c       $unwind$?Intersect@@YA?AUrectangle2i@@U1@0@Z 0000000180014b2c     p5engine.obj
 0002:00000b38       $unwind$?Clear@@YAXPEAUrender_group@@Tv4@@@Z 0000000180014b38     p5engine.obj
 0002:00000b38       $unwind$?GetMaxCorner@@YA?ATv3@@Urectangle3@@@Z 0000000180014b38     p5engine.obj
 0002:00000b38       $unwind$?GetMinCorner@@YA?ATv3@@Urectangle3@@@Z 0000000180014b38     p5engine.obj
 0002:00000b44       $unwind$?RectMinMax@@YA?AUrectangle3@@Tv3@@0@Z 0000000180014b44     p5engine.obj
 0002:00000b58       $unwind$?AddRadiusTo@@YA?AUrectangle3@@U1@Tv3@@@Z 0000000180014b58     p5engine.obj
 0002:00000b58       $unwind$?RectCenterHalfDim@@YA?AUrectangle3@@Tv3@@0@Z 0000000180014b58     p5engine.obj
 0002:00000b6c       $unwind$?RectCenterDim@@YA?AUrectangle3@@Tv3@@0@Z 0000000180014b6c     p5engine.obj
 0002:00000b78       $unwind$?RandomSeed@@YA?AUrandom_series@@I@Z 0000000180014b78     p5engine.obj
 0002:00000b88       $unwind$?AddFlags@@YAXPEAUsim_entity@@I@Z 0000000180014b88     p5engine.obj
 0002:00000b88       $unwind$?ClearFlags@@YAXPEAUsim_entity@@I@Z 0000000180014b88     p5engine.obj
 0002:00000b88       $unwind$?PrefetchSound@@YAXPEAUgame_assets@@Usound_id@@@Z 0000000180014b88     p5engine.obj
 0002:00000b90       $unwind$?MakeEntitySpatial@@YAXPEAUsim_entity@@Tv3@@1@Z 0000000180014b90     p5engine.obj
 0002:00000b9c       $unwind$?GetEntityGroundPoint@@YA?ATv3@@PEAUsim_entity@@T1@@Z 0000000180014b9c     p5engine.obj
 0002:00000ba8       $unwind$?GetEntityGroundPoint@@YA?ATv3@@PEAUsim_entity@@@Z 0000000180014ba8     p5engine.obj
 0002:00000bb4       $unwind$?GetStairGround@@YAMPEAUsim_entity@@Tv3@@@Z 0000000180014bb4     p5engine.obj
 0002:00000bc0       $unwind$?IsValid@@YAHUsound_id@@@Z 0000000180014bc0     p5engine.obj
 0002:00000bc8       $unwind$?LoadBitmap@@YAXPEAUgame_assets@@Ubitmap_id@@@Z 0000000180014bc8     p5engine.obj
 0002:00000bd0       $unwind$?LoadSound@@YAXPEAUgame_assets@@Usound_id@@@Z 0000000180014bd0     p5engine.obj
 0002:00000bd8       $unwind$?AddCollisionRule@@YAXPEAUgame_state@@IIH@Z 0000000180014bd8     p5engine.obj
 0002:00000be0       $unwind$?ClearCollisionRulesFor@@YAXPEAUgame_state@@I@Z 0000000180014be0     p5engine.obj
 0002:00000be8       $unwind$?BeginTaskWithMemory@@YAPEAUtask_with_memory@@PEAUtransient_state@@@Z 0000000180014be8     p5engine.obj
 0002:00000bf4       $unwind$?EndTaskWithMemory@@YAXPEAUtask_with_memory@@@Z 0000000180014bf4     p5engine.obj
 0002:00000c00       $unwind$?DrawRectangle@@YAXPEAUloaded_bitmap@@Tv2@@1Tv4@@Urectangle2i@@H@Z 0000000180014c00     p5engine.obj
 0002:00000c0c       $unwind$?RenderGroupToOutput@@YAXPEAUrender_group@@PEAUloaded_bitmap@@Urectangle2i@@H@Z 0000000180014c0c     p5engine.obj
 0002:00000c18       $unwind$?DoTiledRenderWork@@YAXPEAUplatform_work_queue@@PEAX@Z 0000000180014c18     p5engine.obj
 0002:00000c24       $unwind$?RenderGroupToOutput@@YAXPEAUrender_group@@PEAUloaded_bitmap@@@Z 0000000180014c24     p5engine.obj
 0002:00000c38       $unwind$?TiledRenderGroupToOutput@@YAXPEAUplatform_work_queue@@PEAUrender_group@@PEAUloaded_bitmap@@@Z 0000000180014c38     p5engine.obj
 0002:00000c4c       $unwind$?AllocateRenderGroup@@YAPEAUrender_group@@PEAUgame_assets@@PEAUmemory_arena@@I@Z 0000000180014c4c     p5engine.obj
 0002:00000c58       $unwind$?InitializeWorld@@YAXPEAUworld@@Tv3@@@Z 0000000180014c58     p5engine.obj
 0002:00000c64       $unwind$?Subtract@@YA?ATv3@@PEAUworld@@PEAUworld_position@@1@Z 0000000180014c64     p5engine.obj
 0002:00000c78       $unwind$?ChangeEntityLocation@@YAXPEAUmemory_arena@@PEAUworld@@IPEAUlow_entity@@Uworld_position@@@Z 0000000180014c78     p5engine.obj
 0002:00000c84       $unwind$?GetHashFromStorageIndex@@YAPEAUsim_entity_hash@@PEAUsim_region@@I@Z 0000000180014c84     p5engine.obj
 0002:00000c8c       $unwind$?AddEntity@@YAPEAUsim_entity@@PEAUgame_state@@PEAUsim_region@@IPEAUlow_entity@@PEATv3@@@Z 0000000180014c8c     p5engine.obj
 0002:00000c98       $unwind$?AddEntityRaw@@YAPEAUsim_entity@@PEAUgame_state@@PEAUsim_region@@IPEAUlow_entity@@@Z 0000000180014c98     p5engine.obj
 0002:00000ca4       $unwind$?BeginSim@@YAPEAUsim_region@@PEAUmemory_arena@@PEAUgame_state@@PEAUworld@@Uworld_position@@Urectangle3@@M@Z 0000000180014ca4     p5engine.obj
 0002:00000cb8       $unwind$?EndSim@@YAXPEAUsim_region@@PEAUgame_state@@@Z 0000000180014cb8     p5engine.obj
 0002:00000cc4       $unwind$?CanCollide@@YAHPEAUgame_state@@PEAUsim_entity@@1@Z 0000000180014cc4     p5engine.obj
 0002:00000ccc       $unwind$?HandleCollision@@YAHPEAUgame_state@@PEAUsim_entity@@1@Z 0000000180014ccc     p5engine.obj
 0002:00000cd4       $unwind$?CanOverlap@@YAHPEAUgame_state@@PEAUsim_entity@@1@Z 0000000180014cd4     p5engine.obj
 0002:00000cdc       $unwind$?HandleOverlap@@YAXPEAUgame_state@@PEAUsim_entity@@1MPEAM@Z 0000000180014cdc     p5engine.obj
 0002:00000ce8       $unwind$?SpeculativeCollide@@YAHPEAUsim_entity@@0Tv3@@@Z 0000000180014ce8     p5engine.obj
 0002:00000cf4       $unwind$?EntitiesOverlap@@YAHPEAUsim_entity@@0Tv3@@@Z 0000000180014cf4     p5engine.obj
 0002:00000d00       $unwind$?MoveEntity@@YAXPEAUgame_state@@PEAUsim_region@@PEAUsim_entity@@MPEAUmove_spec@@Tv3@@@Z 0000000180014d00     p5engine.obj
 0002:00000d14       $unwind$?DEBUGLoadBMP@@YA?AUloaded_bitmap@@PEADTv2@@@Z 0000000180014d14     p5engine.obj
 0002:00000d28       $unwind$?DEBUGLoadWAV@@YA?AUloaded_sound@@PEADII@Z 0000000180014d28     p5engine.obj
 0002:00000d3c       $unwind$?LoadBitmapWork@@YAXPEAUplatform_work_queue@@PEAX@Z 0000000180014d3c     p5engine.obj
 0002:00000d48       $unwind$?LoadSoundWork@@YAXPEAUplatform_work_queue@@PEAX@Z 0000000180014d48     p5engine.obj
 0002:00000d54       $unwind$?GetBestMatchAssetFrom@@YAIPEAUgame_assets@@W4asset_type_id@@PEAUasset_vector@@2@Z 0000000180014d54     p5engine.obj
 0002:00000d5c       $unwind$?GetRandomAssetFrom@@YAIPEAUgame_assets@@W4asset_type_id@@PEAUrandom_series@@@Z 0000000180014d5c     p5engine.obj
 0002:00000d64       $unwind$?GetFirstAssetFrom@@YAIPEAUgame_assets@@W4asset_type_id@@@Z 0000000180014d64     p5engine.obj
 0002:00000d6c       $unwind$?GetBestMatchBitmapFrom@@YA?AUbitmap_id@@PEAUgame_assets@@W4asset_type_id@@PEAUasset_vector@@2@Z 0000000180014d6c     p5engine.obj
 0002:00000d74       $unwind$?GetFirstBitmapFrom@@YA?AUbitmap_id@@PEAUgame_assets@@W4asset_type_id@@@Z 0000000180014d74     p5engine.obj
 0002:00000d7c       $unwind$?GetRandomBitmapFrom@@YA?AUbitmap_id@@PEAUgame_assets@@W4asset_type_id@@PEAUrandom_series@@@Z 0000000180014d7c     p5engine.obj
 0002:00000d84       $unwind$?GetFirstSoundFrom@@YA?AUsound_id@@PEAUgame_assets@@W4asset_type_id@@@Z 0000000180014d84     p5engine.obj
 0002:00000d8c       $unwind$?GetRandomSoundFrom@@YA?AUsound_id@@PEAUgame_assets@@W4asset_type_id@@PEAUrandom_series@@@Z 0000000180014d8c     p5engine.obj
 0002:00000d94       $unwind$?AllocateGameAssets@@YAPEAUgame_assets@@PEAUmemory_arena@@_KPEAUtransient_state@@@Z 0000000180014d94     p5engine.obj
 0002:00000da0       $unwind$?PlaySound@@YAPEAUplaying_sound@@PEAUaudio_state@@Usound_id@@@Z 0000000180014da0     p5engine.obj
 0002:00000da8       $unwind$?ChangeVolume@@YAXPEAUaudio_state@@PEAUplaying_sound@@MTv2@@@Z 0000000180014da8     p5engine.obj
 0002:00000db0       $unwind$?OutputPlayingSounds@@YAXPEAUaudio_state@@PEAUgame_sound_output_buffer@@PEAUgame_assets@@PEAUmemory_arena@@@Z 0000000180014db0     p5engine.obj
 0002:00000dc4       $unwind$?InitializeAudioState@@YAXPEAUaudio_state@@PEAUmemory_arena@@@Z 0000000180014dc4     p5engine.obj
 0002:00000dcc       $unwind$?AddLowEntity@@YA?AUadd_low_entity_result@@PEAUgame_state@@W4entity_type@@Uworld_position@@@Z 0000000180014dcc     p5engine.obj
 0002:00000de0       $unwind$?AddGroundedEntity@@YA?AUadd_low_entity_result@@PEAUgame_state@@W4entity_type@@Uworld_position@@PEAUsim_entity_collision_volume_group@@@Z 0000000180014de0     p5engine.obj
 0002:00000dec       $unwind$?AddStandardRoom@@YA?AUadd_low_entity_result@@PEAUgame_state@@III@Z 0000000180014dec     p5engine.obj
 0002:00000df8       $unwind$?AddWall@@YA?AUadd_low_entity_result@@PEAUgame_state@@III@Z 0000000180014df8     p5engine.obj
 0002:00000e04       $unwind$?AddStairs@@YA?AUadd_low_entity_result@@PEAUgame_state@@III@Z 0000000180014e04     p5engine.obj
 0002:00000e10       $unwind$?InitHitPoints@@YAXPEAUlow_entity@@I@Z 0000000180014e10     p5engine.obj
 0002:00000e18       $unwind$?AddSword@@YA?AUadd_low_entity_result@@PEAUgame_state@@@Z 0000000180014e18     p5engine.obj
 0002:00000e24       $unwind$?AddPlayer@@YA?AUadd_low_entity_result@@PEAUgame_state@@@Z 0000000180014e24     p5engine.obj
 0002:00000e30       $unwind$?AddMonstar@@YA?AUadd_low_entity_result@@PEAUgame_state@@III@Z 0000000180014e30     p5engine.obj
 0002:00000e3c       $unwind$?AddFamiliar@@YA?AUadd_low_entity_result@@PEAUgame_state@@III@Z 0000000180014e3c     p5engine.obj
 0002:00000e48       $unwind$?DrawHitpoints@@YAXPEAUsim_entity@@PEAUrender_group@@@Z 0000000180014e48     p5engine.obj
 0002:00000e5c       $unwind$?MakeSimpleGroundedCollision@@YAPEAUsim_entity_collision_volume_group@@PEAUgame_state@@MMM@Z 0000000180014e5c     p5engine.obj
 0002:00000e68       $unwind$?MakeNullCollision@@YAPEAUsim_entity_collision_volume_group@@PEAUgame_state@@@Z 0000000180014e68     p5engine.obj
 0002:00000e74       $unwind$?FillGroundChunkWork@@YAXPEAUplatform_work_queue@@PEAX@Z 0000000180014e74     p5engine.obj
 0002:00000e7c       $unwind$?FillGroundChunk@@YAXPEAUtransient_state@@PEAUgame_state@@PEAUground_buffer@@PEAUworld_position@@@Z 0000000180014e7c     p5engine.obj
 0002:00000e90       $unwind$?ClearBitmap@@YAXPEAUloaded_bitmap@@@Z 0000000180014e90     p5engine.obj
 0002:00000e98       $unwind$?MakeEmptyBitmap@@YA?AUloaded_bitmap@@PEAUmemory_arena@@HHH@Z 0000000180014e98     p5engine.obj
 0002:00000eac       $unwind$?MakeSphereDiffuseMap@@YAXPEAUloaded_bitmap@@MM@Z 0000000180014eac     p5engine.obj
 0002:00000eb8       $unwind$?MakeSphereNormalMap@@YAXPEAUloaded_bitmap@@MMM@Z 0000000180014eb8     p5engine.obj
 0002:00000ec4       $unwind$GameUpdateAndRender 0000000180014ec4     p5engine.obj
 0002:00000ed8       $unwind$GameGetSoundSamples 0000000180014ed8     p5engine.obj
 0002:00000ee0       $unwind$?GetRenderEntityBasisPos@@YA?AUentity_basis_p_result@@PEAUrender_transform@@Tv3@@@Z 0000000180014ee0     p5engine.obj
 0002:00000ef4       $unwind$?PushBitmap@@YAXPEAUrender_group@@PEAUloaded_bitmap@@Tv3@@MTv4@@@Z 0000000180014ef4     p5engine.obj
 0002:00000f00       $unwind$?PushBitmap@@YAXPEAUrender_group@@Ubitmap_id@@Tv3@@MTv4@@@Z 0000000180014f00     p5engine.obj
 0002:00000f0c       $unwind$?PushRect@@YAXPEAUrender_group@@Tv3@@Tv2@@Tv4@@@Z 0000000180014f0c     p5engine.obj
 0002:00000f18       $unwind$?PushRectOutline@@YAXPEAUrender_group@@Tv3@@Tv2@@Tv4@@@Z 0000000180014f18     p5engine.obj
 0002:00000f24       $unwind$?Orthographic@@YAXPEAUrender_group@@HHM@Z 0000000180014f24     p5engine.obj
 0002:00000f24       $unwind$?Perspective@@YAXPEAUrender_group@@HHMMM@Z 0000000180014f24     p5engine.obj
 0002:00000f2c       $unwind$?RecanonicalizeCoord@@YAXMPEAHPEAM@Z 0000000180014f2c     p5engine.obj
 0002:00000f2c       $unwind$?Unproject@@YA?ATv2@@PEAUrender_group@@T1@M@Z 0000000180014f2c     p5engine.obj
 0002:00000f34       $unwind$?GetCameraRectangleAtTarget@@YA?AUrectangle2@@PEAUrender_group@@@Z 0000000180014f34     p5engine.obj
 0002:00000f40       $unwind$?NullPosition@@YA?AUworld_position@@XZ 0000000180014f40     p5engine.obj
 0002:00000f54       $unwind$?GetWorldChunk@@YAPEAUworld_chunk@@PEAUworld@@HHHPEAUmemory_arena@@@Z 0000000180014f54     p5engine.obj
 0002:00000f54       $unwind$__scrt_dllmain_exception_filter 0000000180014f54     MSVCRTD:utility.obj
 0002:00000f5c       $unwind$?MapIntoChunkSpace@@YA?AUworld_position@@PEAUworld@@U1@Tv3@@@Z 0000000180014f5c     p5engine.obj
 0002:00000f70       $unwind$?ChunkPositionFromTilePosition@@YA?AUworld_position@@PEAUworld@@HHHTv3@@@Z 0000000180014f70     p5engine.obj
 0002:00000f84       $unwind$?CenteredChunkPoint@@YA?AUworld_position@@III@Z 0000000180014f84     p5engine.obj
 0002:00000f98       $unwind$?ChangeEntityLocationRaw@@YAXPEAUmemory_arena@@PEAUworld@@IPEAUworld_position@@2@Z 0000000180014f98     p5engine.obj
 0002:00000fa4       $unwind$?GetSimSpacePos@@YA?ATv3@@PEAUsim_region@@PEAUlow_entity@@@Z 0000000180014fa4     p5engine.obj
 0002:00000fb0       $unwind$?LoadEntityReference@@YAXPEAUgame_state@@PEAUsim_region@@PEATentity_reference@@@Z 0000000180014fb0     p5engine.obj
 0002:00000fc4       $unwind$?EntityOverlapsRectangle@@YAHTv3@@Usim_entity_collision_volume@@Urectangle3@@@Z 0000000180014fc4     p5engine.obj
 0002:00000fd0       $unwind$?DefaultMoveSpec@@YA?AUmove_spec@@XZ 0000000180014fd0     p5engine.obj
 0002:00000fe4       $unwind$?DrawRectangleQuickly@@YAXPEAUloaded_bitmap@@Tv2@@11Tv4@@0MUrectangle2i@@H@Z 0000000180014fe4     p5engine_optimized.obj
 0002:0000100c       $chain$9$?DrawRectangleQuickly@@YAXPEAUloaded_bitmap@@Tv2@@11Tv4@@0MUrectangle2i@@H@Z 000000018001500c     p5engine_optimized.obj
 0002:00001044       $chain$10$?DrawRectangleQuickly@@YAXPEAUloaded_bitmap@@Tv2@@11Tv4@@0MUrectangle2i@@H@Z 0000000180015044     p5engine_optimized.obj
 0002:00001054       $unwind$__GSHandlerCheckCommon 0000000180015054     MSVCRTD:gshandler.obj
 0002:00001060       $xdatasym                  0000000180015060     MSVCRTD:chkstk.obj
 0002:00001068       $xdatasym                  0000000180015068     MSVCRTD:amdsecgs.obj
 0002:0000106c       $unwind$?dllmain_crt_process_attach@@YAHQEAUHINSTANCE__@@QEAX@Z 000000018001506c     MSVCRTD:dll_dllmain.obj
 0002:0000108c       $unwind$?fin$0@?0??dllmain_crt_process_attach@@YAHQEAUHINSTANCE__@@QEAX@Z@4HA 000000018001508c     MSVCRTD:dll_dllmain.obj
 0002:0000108c       $unwind$?fin$0@?0??dllmain_crt_process_detach@@YAH_N@Z@4HA 000000018001508c     MSVCRTD:dll_dllmain.obj
 0002:0000108c       $unwind$?fin$1@?0??dllmain_crt_process_detach@@YAH_N@Z@4HA 000000018001508c     MSVCRTD:dll_dllmain.obj
 0002:0000108c       $unwind$__scrt_is_nonwritable_in_current_image$filt$0 000000018001508c     MSVCRTD:utility.obj
 0002:00001094       $unwind$?dllmain_crt_process_detach@@YAH_N@Z 0000000180015094     MSVCRTD:dll_dllmain.obj
 0002:000010c4       $unwind$?dllmain_dispatch@@YAHQEAUHINSTANCE__@@KQEAX@Z 00000001800150c4     MSVCRTD:dll_dllmain.obj
 0002:000010e4       $unwind$?filt$0@?0??dllmain_dispatch@@YAHQEAUHINSTANCE__@@KQEAX@Z@4HA 00000001800150e4     MSVCRTD:dll_dllmain.obj
 0002:000010ec       $unwind$_DllMainCRTStartup 00000001800150ec     MSVCRTD:dll_dllmain.obj
 0002:000010ec       $unwind$DllMain            00000001800150ec     MSVCRTD:dll_dllmain_stub.obj
 0002:000010f4       $unwind$capture_previous_context 00000001800150f4     MSVCRTD:gs_report.obj
 0002:000010fc       $unwind$__scrt_initialize_default_local_stdio_options 00000001800150fc     MSVCRTD:default_local_stdio_options.obj
 0002:000010fc       $unwind$__security_init_cookie 00000001800150fc     MSVCRTD:gs_support.obj
 0002:00001104       $unwind$__get_entropy      0000000180015104     MSVCRTD:gs_support.obj
 0002:0000110c       $unwind$?__scrt_initialize_type_info@@YAXXZ 000000018001510c     MSVCRTD:tncleanup.obj
 0002:0000110c       $unwind$?__scrt_uninitialize_type_info@@YAXXZ 000000018001510c     MSVCRTD:tncleanup.obj
 0002:0000110c       $unwind$?configure_argv@__scrt_narrow_argv_policy@@SAHXZ 000000018001510c     MSVCRTD:utility.obj
 0002:0000110c       $unwind$?initialize_environment@__scrt_narrow_environment_policy@@SAHXZ 000000018001510c     MSVCRTD:utility.obj
 0002:0000110c       $unwind$__scrt_dllmain_after_initialize_c 000000018001510c     MSVCRTD:utility.obj
 0002:0000110c       $unwind$__scrt_dllmain_before_initialize_c 000000018001510c     MSVCRTD:utility.obj
 0002:0000110c       $unwind$__scrt_dllmain_crt_thread_attach 000000018001510c     MSVCRTD:utility.obj
 0002:0000110c       $unwind$__scrt_dllmain_crt_thread_detach 000000018001510c     MSVCRTD:utility.obj
 0002:0000110c       $unwind$__scrt_dllmain_uninitialize_c 000000018001510c     MSVCRTD:utility.obj
 0002:0000110c       $unwind$__scrt_dllmain_uninitialize_critical 000000018001510c     MSVCRTD:utility.obj
 0002:00001114       $unwind$__scrt_is_nonwritable_in_current_image 0000000180015114     MSVCRTD:utility.obj
 0002:00001134       $unwind$__scrt_acquire_startup_lock 0000000180015134     MSVCRTD:utility.obj
 0002:0000113c       $unwind$__scrt_initialize_crt 000000018001513c     MSVCRTD:utility.obj
 0002:0000113c       $unwind$__scrt_release_startup_lock 000000018001513c     MSVCRTD:utility.obj
 0002:00001144       $unwind$__scrt_uninitialize_crt 0000000180015144     MSVCRTD:utility.obj
 0002:0000114c       $unwind$__scrt_initialize_onexit_tables 000000018001514c     MSVCRTD:utility.obj
 0002:00001158       $unwind$__scrt_fastfail    0000000180015158     MSVCRTD:utility_desktop.obj
 0002:00001164       $unwind$_RTC_Initialize    0000000180015164     MSVCRTD:initsect.obj
 0002:00001164       $unwind$_RTC_Terminate     0000000180015164     MSVCRTD:initsect.obj
 0002:00001170       $unwind$__isa_available_init 0000000180015170     MSVCRTD:cpu_disp.obj
 0002:00001180       $unwind$__scrt_is_ucrt_dll_in_use 0000000180015180     MSVCRTD:ucrt_detection.obj
 0002:00001188       $xdatasym                  0000000180015188     MSVCRTD:guard_dispatch.obj
 0002:00001190       $xdatasym                  0000000180015190     MSVCRTD:guard_xfg_dispatch.obj
 0002:000011a0       .edata                     00000001800151a0     P5Engine.exp
 0002:000011c8       rgpv                       00000001800151c8     P5Engine.exp
 0002:000011d0       rgszName                   00000001800151d0     P5Engine.exp
 0002:000011d8       rgwOrd                     00000001800151d8     P5Engine.exp
 0002:000011dc       szName                     00000001800151dc     P5Engine.exp
 0002:000011e9       $N00001                    00000001800151e9     P5Engine.exp
 0002:000011fd       $N00002                    00000001800151fd     P5Engine.exp
 0002:000013a0       .idata$6                   00000001800153a0     vcruntimed:VCRUNTIME140D.dll
 0002:0000147a       .idata$6                   000000018001547a     ucrtd:ucrtbased.dll
 0002:000015ee       .idata$6                   00000001800155ee     kernel32:KERNEL32.dll
 0003:00000000       ?RandomNumberTable@@3PAIA  0000000180016000     p5engine.obj
 0003:00004048       ?PlatformAddEntry@@3P6AXPEAUplatform_work_queue@@P6AX0PEAX@Z1@ZEA 000000018001a048     p5engine.obj
 0003:00004050       ?PlatformCompleteAllWork@@3P6AXPEAUplatform_work_queue@@@ZEA 000000018001a050     p5engine.obj
 0003:00004058       ?PlatformReadEntireFile@@3P6A?AUdebug_read_file_result@@PEAD@ZEA 000000018001a058     p5engine.obj
 0003:00004060       ?__proc_attached@@3HA      000000018001a060     MSVCRTD:dll_dllmain.obj
 0003:00004070       GS_ExceptionRecord         000000018001a070     MSVCRTD:gs_report.obj
 0003:00004110       GS_ContextRecord           000000018001a110     MSVCRTD:gs_report.obj
 0003:00004610       ?is_initialized_as_dll@@3_NA 000000018001a610     MSVCRTD:utility.obj
 0003:00004611       ?module_local_atexit_table_initialized@@3_NA 000000018001a611     MSVCRTD:utility.obj
 0003:00004618       ?module_local_atexit_table@@3U_onexit_table_t@@A 000000018001a618     MSVCRTD:utility.obj
 0003:00004630       ?module_local_at_quick_exit_table@@3U_onexit_table_t@@A 000000018001a630     MSVCRTD:utility.obj
 0005:00000000       __20BB4341_malloc@h        000000018001c000     p5engine.obj
 0005:00000001       __CA2E469F_p5engine_types@h 000000018001c001     p5engine.obj
 0005:00000002       __13F3F6DF_p5engine_platform@h 000000018001c002     p5engine.obj
 0005:00000003       __741AE07E_corecrt_math@h  000000018001c003     p5engine.obj
 0005:00000004       __59D680CA_p5engine_intrinsics@h 000000018001c004     p5engine.obj
 0005:00000005       __F7DD5931_p5engine_math@h 000000018001c005     p5engine.obj
 0005:00000006       __7BC1EBB1_p5engine_random@h 000000018001c006     p5engine.obj
 0005:00000007       __3D1D9D14_p5engine_entity@h 000000018001c007     p5engine.obj
 0005:00000008       __1CBCBAC5_p5engine_asset@h 000000018001c008     p5engine.obj
 0005:00000009       __041FA700_p5engine@h      000000018001c009     p5engine.obj
 0005:0000000a       __90CAD781_p5engine_render_group@cpp 000000018001c00a     p5engine.obj
 0005:0000000b       __FB00506F_p5engine_world@cpp 000000018001c00b     p5engine.obj
 0005:0000000c       __F0D5BF50_p5engine_sim_region@cpp 000000018001c00c     p5engine.obj
 0005:0000000d       __D37FE29A_p5engine_entity@cpp 000000018001c00d     p5engine.obj
 0005:0000000e       __EE56820E_p5engine_asset@cpp 000000018001c00e     p5engine.obj
 0005:0000000f       __EAB24F21_p5engine_audio@cpp 000000018001c00f     p5engine.obj
 0005:00000010       __3BDDD57F_p5engine@cpp    000000018001c010     p5engine.obj
 0005:00000011       __20BB4341_malloc@h        000000018001c011     p5engine_optimized.obj
 0005:00000012       __CA2E469F_p5engine_types@h 000000018001c012     p5engine_optimized.obj
 0005:00000013       __13F3F6DF_p5engine_platform@h 000000018001c013     p5engine_optimized.obj
 0005:00000014       __741AE07E_corecrt_math@h  000000018001c014     p5engine_optimized.obj
 0005:00000015       __59D680CA_p5engine_intrinsics@h 000000018001c015     p5engine_optimized.obj
 0005:00000016       __F7DD5931_p5engine_math@h 000000018001c016     p5engine_optimized.obj
 0005:00000017       __7BC1EBB1_p5engine_random@h 000000018001c017     p5engine_optimized.obj
 0005:00000018       __3D1D9D14_p5engine_entity@h 000000018001c018     p5engine_optimized.obj
 0005:00000019       __1CBCBAC5_p5engine_asset@h 000000018001c019     p5engine_optimized.obj
 0005:0000001a       __041FA700_p5engine@h      000000018001c01a     p5engine_optimized.obj
 0005:0000001b       __7502472A_p5engine_optimized@cpp 000000018001c01b     p5engine_optimized.obj
 0006:00000060       $R000000                   000000018001d060     * linker generated manifest res *
