 P5Engine

 Timestamp is 612c52d5 (Sun Aug 29 20:39:01 2021)

 Preferred load address is 0000000180000000

 Start         Length     Name                   Class
 0001:00000000 00010000H .textbss                DATA
 0002:00000000 00011690H .text$mn                CODE
 0002:00011690 00001040H .text$mn$00             CODE
 0002:000126d0 00001141H .text$x                 CODE
 0003:00000000 00000110H .CRT$XCA                DATA
 0003:00000110 00000110H .CRT$XCZ                DATA
 0003:00000220 00000110H .CRT$XIA                DATA
 0003:00000330 00000110H .CRT$XIZ                DATA
 0003:00000440 00000110H .CRT$XPA                DATA
 0003:00000550 00000110H .CRT$XPZ                DATA
 0003:00000660 00000110H .CRT$XTA                DATA
 0003:00000770 00000110H .CRT$XTZ                DATA
 0003:00000880 00003180H .rdata                  DATA
 0003:00003a00 00000110H .rdata$CastGuardVftablesA DATA
 0003:00003b10 0000010cH .rdata$CastGuardVftablesC DATA
 0003:00003c1c 0000017cH .rdata$zzzdbg           DATA
 0003:00003d98 00000110H .rtc$IAA                DATA
 0003:00003ea8 00000110H .rtc$IMZ                DATA
 0003:00003fb8 00000110H .rtc$IZZ                DATA
 0003:000040c8 00000110H .rtc$TAA                DATA
 0003:000041d8 00000110H .rtc$TMZ                DATA
 0003:000042e8 00000110H .rtc$TZZ                DATA
 0003:000043f8 00001028H .xdata                  DATA
 0003:00005420 00000187H .edata                  DATA
 0004:00000000 00004e40H .data                   DATA
 0004:00004e40 00000788H .bss                    DATA
 0005:00000000 00002598H .pdata                  DATA
 0006:00000000 00000340H .idata$5                DATA
 0006:00000340 0000003cH .idata$2                DATA
 0006:0000037c 00000014H .idata$3                DATA
 0006:00000390 00000340H .idata$4                DATA
 0006:000006d0 00000656H .idata$6                DATA
 0007:00000000 0000010dH .msvcjmc                DATA
 0008:00000000 00000151H .00cfg                  DATA
 0009:00000000 00000170H .rsrc$01                DATA
 0009:00000170 000001b6H .rsrc$02                DATA

  Address         Publics by Value              Rva+Base               Lib:Object

 0000:00000000       __x64_code_ranges_to_entry_points 0000000000000000     <absolute>
 0000:00000000       __hybrid_auxiliary_iat_copy 0000000000000000     <absolute>
 0000:00000000       __hybrid_code_map          0000000000000000     <absolute>
 0000:00000000       __hybrid_auxiliary_iat     0000000000000000     <absolute>
 0000:00000000       __guard_fids_count         0000000000000000     <absolute>
 0000:00000000       __dynamic_value_reloc_table 0000000000000000     <absolute>
 0000:00000000       __guard_longjmp_count      0000000000000000     <absolute>
 0000:00000000       __guard_iat_count          0000000000000000     <absolute>
 0000:00000000       __guard_iat_table          0000000000000000     <absolute>
 0000:00000000       __volatile_metadata        0000000000000000     <absolute>
 0000:00000000       __hybrid_code_map_count    0000000000000000     <absolute>
 0000:00000000       __arm64x_redirection_metadata 0000000000000000     <absolute>
 0000:00000000       __x64_code_ranges_to_entry_points_count 0000000000000000     <absolute>
 0000:00000000       ___safe_se_handler_table   0000000000000000     <absolute>
 0000:00000000       __AbsoluteZero             0000000000000000     <absolute>
 0000:00000000       __arm64x_extra_rfe_table_size 0000000000000000     <absolute>
 0000:00000000       ___safe_se_handler_count   0000000000000000     <absolute>
 0000:00000000       __guard_eh_cont_count      0000000000000000     <absolute>
 0000:00000000       __arm64x_extra_rfe_table   0000000000000000     <absolute>
 0000:00000000       __arm64x_native_entrypoint 0000000000000000     <absolute>
 0000:00000000       __guard_check_icall_a64n_fptr 0000000000000000     <absolute>
 0000:00000000       __arm64x_redirection_metadata_count 0000000000000000     <absolute>
 0000:00000000       __enclave_config           0000000000000000     <absolute>
 0000:00000000       __guard_eh_cont_table      0000000000000000     <absolute>
 0000:00000000       __guard_fids_table         0000000000000000     <absolute>
 0000:00000000       __guard_longjmp_table      0000000000000000     <absolute>
 0000:00000100       __guard_flags              0000000000000100     <absolute>
 0000:00000000       __ImageBase                0000000180000000     <linker-defined>
 0001:00000000       __enc$textbss$begin        0000000180001000     <linker-defined>
 0001:00010000       __enc$textbss$end          0000000180011000     <linker-defined>
 0002:00000910       ??D@YA?ATv2@@MT0@@Z        0000000180011910 f i p5engine.obj
 0002:00000a00       ??D@YA?ATv3@@MT0@@Z        0000000180011a00 f i p5engine.obj
 0002:00000b40       ??D@YA?ATv3@@T0@M@Z        0000000180011b40 f i p5engine.obj
 0002:00000c40       ??G@YA?ATv2@@T0@0@Z        0000000180011c40 f i p5engine.obj
 0002:00000d30       ??G@YA?ATv3@@T0@0@Z        0000000180011d30 f i p5engine.obj
 0002:00000e80       ??H@YA?ATv2@@T0@0@Z        0000000180011e80 f i p5engine.obj
 0002:00000f70       ??H@YA?ATv3@@T0@0@Z        0000000180011f70 f i p5engine.obj
 0002:000010c0       ??X@YAAEATv3@@AEAT0@M@Z    00000001800120c0 f i p5engine.obj
 0002:00001180       ??Y@YAAEATv2@@AEAT0@T0@@Z  0000000180012180 f i p5engine.obj
 0002:00001200       ??Y@YAAEATv3@@AEAT0@T0@@Z  0000000180012200 f i p5engine.obj
 0002:000012e0       ??Z@YAAEATv3@@AEAT0@T0@@Z  00000001800122e0 f i p5engine.obj
 0002:000013c0       ?AbsoluteValue@@YAMM@Z     00000001800123c0 f i p5engine.obj
 0002:00001b50       ?AddFlag@@YAXPEAUsim_entity@@W4entity_flag@@@Z 0000000180012b50 f i p5engine.obj
 0002:000021a0       ?AddRadiusTo@@YA?AUrectangle3@@U1@Tv3@@@Z 00000001800131a0 f i p5engine.obj
 0002:00002690       ?AreInSameChunk@@YAHPEAUworld@@PEAUworld_position@@1@Z 0000000180013690 f i p5engine.obj
 0002:000031a0       ?ChangeEntityLocationRaw@@YAXPEAUmemory_arena@@PEAUworld@@IPEAUworld_position@@2@Z 00000001800141a0 f i p5engine.obj
 0002:000036a0       ?ChunkPositionFromTilePosition@@YA?AUworld_position@@PEAUworld@@HHH@Z 00000001800146a0 f i p5engine.obj
 0002:00003a40       ?ClearFlag@@YAXPEAUsim_entity@@W4entity_flag@@@Z 0000000180014a40 f i p5engine.obj
 0002:00003f30       ?DefaultMoveSpec@@YA?AUmove_spec@@XZ 0000000180014f30 f i p5engine.obj
 0002:00004f20       ?EntityOverlapsRectangle@@YAHTv3@@0Urectangle3@@@Z 0000000180015f20 f i p5engine.obj
 0002:000050d0       ?FindLeastSignificantSetBit@@YA?AUbit_scan_result@@I@Z 00000001800160d0 f i p5engine.obj
 0002:000053a0       ?GetLowEntity@@YAPEAUlow_entity@@PEAUgame_state@@I@Z 00000001800163a0 f i p5engine.obj
 0002:00005440       ?GetMaxCorner@@YA?ATv3@@Urectangle3@@@Z 0000000180016440 f i p5engine.obj
 0002:00005500       ?GetMinCorner@@YA?ATv3@@Urectangle3@@@Z 0000000180016500 f i p5engine.obj
 0002:000055c0       ?GetSimSpacePos@@YA?ATv3@@PEAUsim_region@@PEAUlow_entity@@@Z 00000001800165c0 f i p5engine.obj
 0002:00005740       ?GetWorldChunk@@YAPEAUworld_chunk@@PEAUworld@@HHHPEAUmemory_arena@@@Z 0000000180016740 f i p5engine.obj
 0002:000059c0       ?Hadamard@@YA?ATv3@@T1@0@Z 00000001800169c0 f i p5engine.obj
 0002:00005c00       ?HasFlag@@YAHPEAUsim_entity@@W4entity_flag@@@Z 0000000180016c00 f i p5engine.obj
 0002:00005d20       ?InitializeArena@@YAXPEAUmemory_arena@@_KPEAX@Z 0000000180016d20 f i p5engine.obj
 0002:00005f00       ?Inner@@YAMTv3@@0@Z        0000000180016f00 f i p5engine.obj
 0002:00005fb0       ?IsCanonical@@YAHMM@Z      0000000180016fb0 f i p5engine.obj
 0002:00006080       ?IsCanonical@@YAHPEAUworld@@Tv3@@@Z 0000000180017080 f i p5engine.obj
 0002:00006160       ?IsInRectangle@@YAHUrectangle3@@Tv3@@@Z 0000000180017160 f i p5engine.obj
 0002:00006280       ?IsValid@@YAHUworld_position@@@Z 0000000180017280 f i p5engine.obj
 0002:000062f0       ?Length@@YAMTv3@@@Z        00000001800172f0 f i p5engine.obj
 0002:00006370       ?LengthSq@@YAMTv3@@@Z      0000000180017370 f i p5engine.obj
 0002:00006410       ?LoadEntityReference@@YAXPEAUgame_state@@PEAUsim_region@@PEATentity_reference@@@Z 0000000180017410 f i p5engine.obj
 0002:000065b0       ?MakeEntityNonSpatial@@YAXPEAUsim_entity@@@Z 00000001800175b0 f i p5engine.obj
 0002:00006670       ?MakeEntitySpatial@@YAXPEAUsim_entity@@Tv3@@1@Z 0000000180017670 f i p5engine.obj
 0002:00006710       ?MapIntoChunkSpace@@YA?AUworld_position@@PEAUworld@@U1@Tv3@@@Z 0000000180017710 f i p5engine.obj
 0002:00007c70       ?NullPosition@@YA?AUworld_position@@XZ 0000000180018c70 f i p5engine.obj
 0002:00007d50       ?PushBitmap@@YAXPEAUentity_visible_piece_group@@PEAUloaded_bitmap@@Tv2@@M2MM@Z 0000000180018d50 f i p5engine.obj
 0002:00007ef0       ?PushPiece@@YAXPEAUentity_visible_piece_group@@PEAUloaded_bitmap@@Tv2@@2M2Tv4@@M@Z 0000000180018ef0 f i p5engine.obj
 0002:00008110       ?PushRect@@YAXPEAUentity_visible_piece_group@@Tv2@@M1Tv4@@M@Z 0000000180019110 f i p5engine.obj
 0002:00008200       ?PushSize_@@YAPEAXPEAUmemory_arena@@_K@Z 0000000180019200 f i p5engine.obj
 0002:000082c0       ?RecanonicalizeCoord@@YAXMPEAHPEAM@Z 00000001800192c0 f i p5engine.obj
 0002:000083b0       ?RectCenterDim@@YA?AUrectangle3@@Tv3@@0@Z 00000001800193b0 f i p5engine.obj
 0002:00008520       ?RectCenterHalfDim@@YA?AUrectangle3@@Tv3@@0@Z 0000000180019520 f i p5engine.obj
 0002:00008730       ?RotateLeft@@YAIIH@Z       0000000180019730 f i p5engine.obj
 0002:00008790       ?RoundReal32ToInt32@@YAHM@Z 0000000180019790 f i p5engine.obj
 0002:000087f0       ?RoundReal32ToUInt32@@YAIM@Z 00000001800197f0 f i p5engine.obj
 0002:00008a00       ?Sin@@YAMM@Z               0000000180019a00 f i p5engine.obj
 0002:00008a60       ?Square@@YAMM@Z            0000000180019a60 f i p5engine.obj
 0002:00008ac0       ?SquareRoot@@YAMM@Z        0000000180019ac0 f i p5engine.obj
 0002:00008b20       ?StoreEntityReference@@YAXPEATentity_reference@@@Z 0000000180019b20 f i p5engine.obj
 0002:00009030       ?V2@@YA?ATv2@@MM@Z         000000018001a030 f i p5engine.obj
 0002:00009100       ?V3@@YA?ATv3@@MMM@Z        000000018001a100 f i p5engine.obj
 0002:00009220       ?V4@@YA?ATv4@@MMMM@Z       000000018001a220 f i p5engine.obj
 0002:00009350       ?ZeroSize@@YAX_KPEAX@Z     000000018001a350 f i p5engine.obj
 0002:000093f0       GameGetSoundSamples        000000018001a3f0 f   p5engine.obj
 0002:00009460       GameUpdateAndRender        000000018001a460 f   p5engine.obj
 0002:0000c0a0       GetController              000000018001d0a0 f i p5engine.obj
 0002:0000c120       __JustMyCode_Default       000000018001d120 f i p5engine.obj
 0002:0000c130       _RTC_AllocaHelper          000000018001d130 f   MSVCRTD:stack.obj
 0002:0000c180       _RTC_CheckStackVars        000000018001d180 f   MSVCRTD:stack.obj
 0002:0000c230       _RTC_CheckStackVars2       000000018001d230 f   MSVCRTD:stack.obj
 0002:0000c380       _CRT_RTC_INIT              000000018001d380 f   MSVCRTD:init.obj
 0002:0000c390       _CRT_RTC_INITW             000000018001d390 f   MSVCRTD:init.obj
 0002:0000c3a0       _RTC_InitBase              000000018001d3a0 f   MSVCRTD:init.obj
 0002:0000c3f0       _RTC_Shutdown              000000018001d3f0 f   MSVCRTD:init.obj
 0002:0000c420       __CheckForDebuggerJustMyCode 000000018001d420 f   MSVCRTD:debugger_jmc.obj
 0002:0000c470       __GSHandlerCheck           000000018001d470 f   MSVCRTD:gshandler.obj
 0002:0000c4c0       __GSHandlerCheckCommon     000000018001d4c0 f   MSVCRTD:gshandler.obj
 0002:0000c610       _alloca_probe              000000018001d610 f   MSVCRTD:chkstk.obj
 0002:0000c610       __chkstk                   000000018001d610 f   MSVCRTD:chkstk.obj
 0002:0000c690       __security_check_cookie    000000018001d690 f   MSVCRTD:amdsecgs.obj
 0002:0000cbc0       _CRT_INIT                  000000018001dbc0 f   MSVCRTD:dll_dllmain.obj
 0002:0000cc00       _DllMainCRTStartup         000000018001dc00 f   MSVCRTD:dll_dllmain.obj
 0002:0000cd00       ?_RTC_AllocaFailure@@YAXPEAXPEAU_RTC_ALLOCA_NODE@@H@Z 000000018001dd00 f   MSVCRTD:error.obj
 0002:0000ceb0       ?_RTC_Failure@@YAXPEAXH@Z  000000018001deb0 f   MSVCRTD:error.obj
 0002:0000cf20       ?_RTC_StackFailure@@YAXPEAXPEBD@Z 000000018001df20 f   MSVCRTD:error.obj
 0002:0000d460       _RTC_UninitUse             000000018001e460 f   MSVCRTD:error.obj
 0002:0000d560       __local_stdio_printf_options 000000018001e560 f i MSVCRTD:error.obj
 0002:0000d570       _vsprintf_s_l              000000018001e570 f i MSVCRTD:error.obj
 0002:0000d5f0       sprintf_s                  000000018001e5f0 f i MSVCRTD:error.obj
 0002:0000d620       ?_RTC_GetErrorFunc@@YAP6AHHPEBDH00ZZPEBX@Z 000000018001e620 f   MSVCRTD:userapi.obj
 0002:0000d630       ?_RTC_GetErrorFuncW@@YAP6AHHPEB_WH00ZZPEBX@Z 000000018001e630 f   MSVCRTD:userapi.obj
 0002:0000d640       _RTC_GetErrDesc            000000018001e640 f   MSVCRTD:userapi.obj
 0002:0000d660       _RTC_NumErrors             000000018001e660 f   MSVCRTD:userapi.obj
 0002:0000d670       _RTC_SetErrorFunc          000000018001e670 f   MSVCRTD:userapi.obj
 0002:0000d690       _RTC_SetErrorFuncW         000000018001e690 f   MSVCRTD:userapi.obj
 0002:0000d6b0       _RTC_SetErrorType          000000018001e6b0 f   MSVCRTD:userapi.obj
 0002:0000d6e0       __raise_securityfailure    000000018001e6e0 f   MSVCRTD:gs_report.obj
 0002:0000d730       __report_gsfailure         000000018001e730 f   MSVCRTD:gs_report.obj
 0002:0000d840       __report_rangecheckfailure 000000018001e840 f   MSVCRTD:gs_report.obj
 0002:0000d860       __report_securityfailure   000000018001e860 f   MSVCRTD:gs_report.obj
 0002:0000d930       __report_securityfailureEx 000000018001e930 f   MSVCRTD:gs_report.obj
 0002:0000dd20       __security_init_cookie     000000018001ed20 f   MSVCRTD:gs_support.obj
 0002:0000ddc0       DllMain                    000000018001edc0 f   MSVCRTD:dll_dllmain_stub.obj
 0002:0000de10       ?__scrt_initialize_type_info@@YAXXZ 000000018001ee10 f   MSVCRTD:tncleanup.obj
 0002:0000de30       ?__scrt_uninitialize_type_info@@YAXXZ 000000018001ee30 f   MSVCRTD:tncleanup.obj
 0002:0000de50       __local_stdio_scanf_options 000000018001ee50 f i MSVCRTD:default_local_stdio_options.obj
 0002:0000de60       __scrt_initialize_default_local_stdio_options 000000018001ee60 f   MSVCRTD:default_local_stdio_options.obj
 0002:0000dec0       ?configure_argv@__scrt_narrow_argv_policy@@SAHXZ 000000018001eec0 f i MSVCRTD:utility.obj
 0002:0000dfe0       ?initialize_environment@__scrt_narrow_environment_policy@@SAHXZ 000000018001efe0 f i MSVCRTD:utility.obj
 0002:0000e0b0       NtCurrentTeb               000000018001f0b0 f i MSVCRTD:utility.obj
 0002:0000e0c0       __scrt_acquire_startup_lock 000000018001f0c0 f   MSVCRTD:utility.obj
 0002:0000e140       __scrt_dllmain_after_initialize_c 000000018001f140 f   MSVCRTD:utility.obj
 0002:0000e180       __scrt_dllmain_before_initialize_c 000000018001f180 f   MSVCRTD:utility.obj
 0002:0000e1b0       __scrt_dllmain_crt_thread_attach 000000018001f1b0 f   MSVCRTD:utility.obj
 0002:0000e1f0       __scrt_dllmain_crt_thread_detach 000000018001f1f0 f   MSVCRTD:utility.obj
 0002:0000e210       __scrt_dllmain_exception_filter 000000018001f210 f   MSVCRTD:utility.obj
 0002:0000e290       __scrt_dllmain_uninitialize_c 000000018001f290 f   MSVCRTD:utility.obj
 0002:0000e2d0       __scrt_dllmain_uninitialize_critical 000000018001f2d0 f   MSVCRTD:utility.obj
 0002:0000e2f0       __scrt_initialize_crt      000000018001f2f0 f   MSVCRTD:utility.obj
 0002:0000e350       __scrt_initialize_onexit_tables 000000018001f350 f   MSVCRTD:utility.obj
 0002:0000e4a0       __scrt_is_nonwritable_in_current_image 000000018001f4a0 f   MSVCRTD:utility.obj
 0002:0000e550       __scrt_release_startup_lock 000000018001f550 f   MSVCRTD:utility.obj
 0002:0000e590       __scrt_uninitialize_crt    000000018001f590 f   MSVCRTD:utility.obj
 0002:0000e5e0       _onexit                    000000018001f5e0 f   MSVCRTD:utility.obj
 0002:0000e680       at_quick_exit              000000018001f680 f   MSVCRTD:utility.obj
 0002:0000e6e0       atexit                     000000018001f6e0 f   MSVCRTD:utility.obj
 0002:0000e720       __scrt_get_dyn_tls_init_callback 000000018001f720 f   MSVCRTD:dyn_tls_init.obj
 0002:0000e730       __crt_debugger_hook        000000018001f730 f   MSVCRTD:utility_desktop.obj
 0002:0000e750       __scrt_fastfail            000000018001f750 f   MSVCRTD:utility_desktop.obj
 0002:0000e950       __scrt_get_show_window_mode 000000018001f950 f   MSVCRTD:utility_desktop.obj
 0002:0000e9c0       __scrt_initialize_mta      000000018001f9c0 f   MSVCRTD:utility_desktop.obj
 0002:0000e9e0       __scrt_initialize_winrt    000000018001f9e0 f   MSVCRTD:utility_desktop.obj
 0002:0000e9f0       __scrt_is_managed_app      000000018001f9f0 f   MSVCRTD:utility_desktop.obj
 0002:0000eac0       __scrt_set_unhandled_exception_filter 000000018001fac0 f   MSVCRTD:utility_desktop.obj
 0002:0000eae0       __scrt_stub_for_initialize_mta 000000018001fae0 f   MSVCRTD:utility_desktop.obj
 0002:0000eae0       __scrt_exe_initialize_mta  000000018001fae0 f   MSVCRTD:utility_desktop.obj
 0002:0000eaf0       __scrt_unhandled_exception_filter 000000018001faf0 f   MSVCRTD:utility_desktop.obj
 0002:0000ebb0       _RTC_Initialize            000000018001fbb0 f   MSVCRTD:initsect.obj
 0002:0000ec10       _RTC_Terminate             000000018001fc10 f   MSVCRTD:initsect.obj
 0002:0000ec70       _guard_check_icall_nop     000000018001fc70 f i MSVCRTD:guard_support.obj
 0002:0000ec80       ReadNoFence64              000000018001fc80 f i MSVCRTD:guard_support.obj
 0002:0000ecb0       ReadPointerNoFence         000000018001fcb0 f i MSVCRTD:guard_support.obj
 0002:0000ecd0       __castguard_check_failure_debugbreak 000000018001fcd0 f i MSVCRTD:guard_support.obj
 0002:0000ed00       __castguard_check_failure_fastfail 000000018001fd00 f i MSVCRTD:guard_support.obj
 0002:0000ed30       __castguard_check_failure_nop 000000018001fd30 f i MSVCRTD:guard_support.obj
 0002:0000ed40       __castguard_check_failure_os_handled 000000018001fd40 f i MSVCRTD:guard_support.obj
 0002:0000ee30       __castguard_slow_path_check_debugbreak 000000018001fe30 f i MSVCRTD:guard_support.obj
 0002:0000ee80       __castguard_slow_path_check_fastfail 000000018001fe80 f i MSVCRTD:guard_support.obj
 0002:0000eee0       __castguard_slow_path_check_nop 000000018001fee0 f i MSVCRTD:guard_support.obj
 0002:0000ef00       __castguard_slow_path_check_os_handled 000000018001ff00 f i MSVCRTD:guard_support.obj
 0002:0000f010       _guard_icall_checks_enforced 0000000180020010 f i MSVCRTD:guard_support.obj
 0002:0000f060       _guard_rf_checks_enforced  0000000180020060 f i MSVCRTD:guard_support.obj
 0002:0000f6c0       ?_RTC_GetSrcLine@@YAHPEAEPEA_WKPEAH1K@Z 00000001800206c0 f   MSVCRTD:pdblkup.obj
 0002:0000fb80       __isa_available_init       0000000180020b80 f   MSVCRTD:cpu_disp.obj
 0002:00010000       _get_startup_argv_mode     0000000180021000 f   MSVCRTD:argv_mode.obj
 0002:00010010       __scrt_is_ucrt_dll_in_use  0000000180021010 f   MSVCRTD:ucrt_detection.obj
 0002:00010040       __C_specific_handler       0000000180021040 f   vcruntimed:VCRUNTIME140D.dll
 0002:00010046       __C_specific_handler_noexcept 0000000180021046 f   vcruntimed:VCRUNTIME140D.dll
 0002:0001004c       __std_type_info_destroy_list 000000018002104c f   vcruntimed:VCRUNTIME140D.dll
 0002:00010052       __current_exception        0000000180021052 f   vcruntimed:VCRUNTIME140D.dll
 0002:00010058       __current_exception_context 0000000180021058 f   vcruntimed:VCRUNTIME140D.dll
 0002:0001005e       __vcrt_GetModuleFileNameW  000000018002105e f   vcruntimed:VCRUNTIME140D.dll
 0002:00010064       __vcrt_GetModuleHandleW    0000000180021064 f   vcruntimed:VCRUNTIME140D.dll
 0002:0001006a       __vcrt_LoadLibraryExW      000000018002106a f   vcruntimed:VCRUNTIME140D.dll
 0002:00010070       fabs                       0000000180021070 f   ucrtd:ucrtbased.dll
 0002:00010076       roundf                     0000000180021076 f   ucrtd:ucrtbased.dll
 0002:0001007c       sinf                       000000018002107c f   ucrtd:ucrtbased.dll
 0002:00010082       sqrtf                      0000000180021082 f   ucrtd:ucrtbased.dll
 0002:00010088       _rotl                      0000000180021088 f   ucrtd:ucrtbased.dll
 0002:0001008e       _CrtDbgReport              000000018002108e f   ucrtd:ucrtbased.dll
 0002:00010094       _CrtDbgReportW             0000000180021094 f   ucrtd:ucrtbased.dll
 0002:0001009a       _initterm                  000000018002109a f   ucrtd:ucrtbased.dll
 0002:000100a0       _initterm_e                00000001800210a0 f   ucrtd:ucrtbased.dll
 0002:000100a6       strcpy_s                   00000001800210a6 f   ucrtd:ucrtbased.dll
 0002:000100ac       strcat_s                   00000001800210ac f   ucrtd:ucrtbased.dll
 0002:000100b2       __stdio_common_vsprintf_s  00000001800210b2 f   ucrtd:ucrtbased.dll
 0002:000100b8       _seh_filter_dll            00000001800210b8 f   ucrtd:ucrtbased.dll
 0002:000100be       _configure_narrow_argv     00000001800210be f   ucrtd:ucrtbased.dll
 0002:000100c4       _initialize_narrow_environment 00000001800210c4 f   ucrtd:ucrtbased.dll
 0002:000100ca       _initialize_onexit_table   00000001800210ca f   ucrtd:ucrtbased.dll
 0002:000100d0       _register_onexit_function  00000001800210d0 f   ucrtd:ucrtbased.dll
 0002:000100d6       _execute_onexit_table      00000001800210d6 f   ucrtd:ucrtbased.dll
 0002:000100dc       _crt_atexit                00000001800210dc f   ucrtd:ucrtbased.dll
 0002:000100e2       _crt_at_quick_exit         00000001800210e2 f   ucrtd:ucrtbased.dll
 0002:000100e8       _cexit                     00000001800210e8 f   ucrtd:ucrtbased.dll
 0002:000100ee       terminate                  00000001800210ee f   ucrtd:ucrtbased.dll
 0002:000100f4       _wmakepath_s               00000001800210f4 f   ucrtd:ucrtbased.dll
 0002:000100fa       _wsplitpath_s              00000001800210fa f   ucrtd:ucrtbased.dll
 0002:00010100       wcscpy_s                   0000000180021100 f   ucrtd:ucrtbased.dll
 0002:00010106       GetCurrentThreadId         0000000180021106 f   kernel32:KERNEL32.dll
 0002:0001010c       IsDebuggerPresent          000000018002110c f   kernel32:KERNEL32.dll
 0002:00010112       RaiseException             0000000180021112 f   kernel32:KERNEL32.dll
 0002:00010118       MultiByteToWideChar        0000000180021118 f   kernel32:KERNEL32.dll
 0002:0001011e       WideCharToMultiByte        000000018002111e f   kernel32:KERNEL32.dll
 0002:00010124       RtlCaptureContext          0000000180021124 f   kernel32:KERNEL32.dll
 0002:0001012a       RtlLookupFunctionEntry     000000018002112a f   kernel32:KERNEL32.dll
 0002:00010130       RtlVirtualUnwind           0000000180021130 f   kernel32:KERNEL32.dll
 0002:00010136       UnhandledExceptionFilter   0000000180021136 f   kernel32:KERNEL32.dll
 0002:0001013c       SetUnhandledExceptionFilter 000000018002113c f   kernel32:KERNEL32.dll
 0002:00010142       GetCurrentProcess          0000000180021142 f   kernel32:KERNEL32.dll
 0002:00010148       TerminateProcess           0000000180021148 f   kernel32:KERNEL32.dll
 0002:0001014e       IsProcessorFeaturePresent  000000018002114e f   kernel32:KERNEL32.dll
 0002:00010154       QueryPerformanceCounter    0000000180021154 f   kernel32:KERNEL32.dll
 0002:0001015a       GetCurrentProcessId        000000018002115a f   kernel32:KERNEL32.dll
 0002:00010160       GetSystemTimeAsFileTime    0000000180021160 f   kernel32:KERNEL32.dll
 0002:00010166       DisableThreadLibraryCalls  0000000180021166 f   kernel32:KERNEL32.dll
 0002:0001016c       InitializeSListHead        000000018002116c f   kernel32:KERNEL32.dll
 0002:00010172       GetStartupInfoW            0000000180021172 f   kernel32:KERNEL32.dll
 0002:00010178       GetModuleHandleW           0000000180021178 f   kernel32:KERNEL32.dll
 0002:0001017e       GetLastError               000000018002117e f   kernel32:KERNEL32.dll
 0002:00010184       HeapAlloc                  0000000180021184 f   kernel32:KERNEL32.dll
 0002:0001018a       HeapFree                   000000018002118a f   kernel32:KERNEL32.dll
 0002:00010190       GetProcessHeap             0000000180021190 f   kernel32:KERNEL32.dll
 0002:00010196       VirtualQuery               0000000180021196 f   kernel32:KERNEL32.dll
 0002:0001019c       FreeLibrary                000000018002119c f   kernel32:KERNEL32.dll
 0002:000101a2       GetProcAddress             00000001800211a2 f   kernel32:KERNEL32.dll
 0002:000101b0       __scrt_stub_for_acrt_initialize 00000001800211b0 f   MSVCRTD:ucrt_stubs.obj
 0002:000101b0       __acrt_initialize          00000001800211b0 f   MSVCRTD:ucrt_stubs.obj
 0002:000101b0       __vcrt_initialize          00000001800211b0 f   MSVCRTD:ucrt_stubs.obj
 0002:000101c0       __acrt_thread_attach       00000001800211c0 f   MSVCRTD:ucrt_stubs.obj
 0002:000101c0       __vcrt_thread_attach       00000001800211c0 f   MSVCRTD:ucrt_stubs.obj
 0002:000101c0       __scrt_stub_for_acrt_thread_attach 00000001800211c0 f   MSVCRTD:ucrt_stubs.obj
 0002:000101d0       __vcrt_thread_detach       00000001800211d0 f   MSVCRTD:ucrt_stubs.obj
 0002:000101d0       __scrt_stub_for_acrt_thread_detach 00000001800211d0 f   MSVCRTD:ucrt_stubs.obj
 0002:000101d0       __acrt_thread_detach       00000001800211d0 f   MSVCRTD:ucrt_stubs.obj
 0002:000101e0       __vcrt_uninitialize        00000001800211e0 f   MSVCRTD:ucrt_stubs.obj
 0002:000101e0       __scrt_stub_for_acrt_uninitialize 00000001800211e0 f   MSVCRTD:ucrt_stubs.obj
 0002:000101e0       __acrt_uninitialize        00000001800211e0 f   MSVCRTD:ucrt_stubs.obj
 0002:000101f0       __vcrt_uninitialize_critical 00000001800211f0 f   MSVCRTD:ucrt_stubs.obj
 0002:000101f0       __acrt_uninitialize_critical 00000001800211f0 f   MSVCRTD:ucrt_stubs.obj
 0002:000101f0       __scrt_stub_for_acrt_uninitialize_critical 00000001800211f0 f   MSVCRTD:ucrt_stubs.obj
 0002:00010200       _is_c_termination_complete 0000000180021200 f   MSVCRTD:ucrt_stubs.obj
 0002:00010200       __scrt_stub_for_is_c_termination_complete 0000000180021200 f   MSVCRTD:ucrt_stubs.obj
 0002:000116a0       _guard_dispatch_icall_nop  00000001800226a0 f   MSVCRTD:guard_dispatch.obj
 0002:000116c0       _guard_xfg_dispatch_icall_nop 00000001800226c0 f   MSVCRTD:guard_xfg_dispatch.obj
 0003:00000000       __xc_a                     0000000180025000     MSVCRTD:initializers.obj
 0003:00000110       __xc_z                     0000000180025110     MSVCRTD:initializers.obj
 0003:00000220       __xi_a                     0000000180025220     MSVCRTD:initializers.obj
 0003:00000330       __xi_z                     0000000180025330     MSVCRTD:initializers.obj
 0003:00000440       __xp_a                     0000000180025440     MSVCRTD:initializers.obj
 0003:00000550       __xp_z                     0000000180025550     MSVCRTD:initializers.obj
 0003:00000660       __xt_a                     0000000180025660     MSVCRTD:initializers.obj
 0003:00000770       __xt_z                     0000000180025770     MSVCRTD:initializers.obj
 0003:00002960       ??_C@_0BA@NMEIMCEK@InvalidCodePath@ 0000000180027960     p5engine.obj
 0003:00002978       ??_C@_0BF@HOIOEMCL@P5Engine?1data?1bg?4bmp@ 0000000180027978     p5engine.obj
 0003:00002998       ??_C@_0BJ@EPENJOEL@P5Engine?1data?1shadow?4bmp@ 0000000180027998     p5engine.obj
 0003:000029b8       ??_C@_0BH@DDOBAHNL@P5Engine?1data?1tree?4bmp@ 00000001800279b8     p5engine.obj
 0003:000029d8       ??_C@_0BI@EPGPCLAL@P5Engine?1data?1enemy?4bmp@ 00000001800279d8     p5engine.obj
 0003:000029f8       ??_C@_0BG@IEBKPHGI@P5Engine?1data?1orb?4bmp@ 00000001800279f8     p5engine.obj
 0003:00002a18       ??_C@_0BP@CIDLMIJA@P5Engine?1data?1char?9right?90?4bmp@ 0000000180027a18     p5engine.obj
 0003:00002a40       ??_C@_0BO@PEBAPFLC@P5Engine?1data?1char?9back?90?4bmp@ 0000000180027a40     p5engine.obj
 0003:00002a68       ??_C@_0BO@EAIBBIAG@P5Engine?1data?1char?9left?90?4bmp@ 0000000180027a68     p5engine.obj
 0003:00002a90       ??_C@_0BP@MKDPGEOC@P5Engine?1data?1char?9front?90?4bmp@ 0000000180027a90     p5engine.obj
 0003:00002ab8       ??_C@_0BO@KNNOBFKI@P5Engine?1data?1sword?9right?4bmp@ 0000000180027ab8     p5engine.obj
 0003:00002ae0       ??_C@_0BN@LDDHILOB@P5Engine?1data?1sword?9back?4bmp@ 0000000180027ae0     p5engine.obj
 0003:00002b08       ??_C@_0BN@FPAHMBGA@P5Engine?1data?1sword?9left?4bmp@ 0000000180027b08     p5engine.obj
 0003:00002b30       ??_C@_0BO@BNDLMGBJ@P5Engine?1data?1sword?9front?4bmp@ 0000000180027b30     p5engine.obj
 0003:00002b54       __real@00000000            0000000180027b54     p5engine.obj
 0003:00002b58       __real@3a83126f            0000000180027b58     p5engine.obj
 0003:00002b5c       __real@3c23d70a            0000000180027b5c     p5engine.obj
 0003:00002b60       __real@3e4ccccd            0000000180027b60     p5engine.obj
 0003:00002b64       __real@3e800000            0000000180027b64     p5engine.obj
 0003:00002b68       __real@3f000000            0000000180027b68     p5engine.obj
 0003:00002b6c       __real@3f800000            0000000180027b6c     p5engine.obj
 0003:00002b70       __real@3fb33333            0000000180027b70     p5engine.obj
 0003:00002b74       __real@3fc00000            0000000180027b74     p5engine.obj
 0003:00002b78       __real@40000000            0000000180027b78     p5engine.obj
 0003:00002b7c       __real@400ccccd            0000000180027b7c     p5engine.obj
 0003:00002b80       __real@40400000            0000000180027b80     p5engine.obj
 0003:00002b84       __real@40a00000            0000000180027b84     p5engine.obj
 0003:00002b88       __real@40c00000            0000000180027b88     p5engine.obj
 0003:00002b8c       __real@40c90fdb            0000000180027b8c     p5engine.obj
 0003:00002b90       __real@41200000            0000000180027b90     p5engine.obj
 0003:00002b94       __real@41800000            0000000180027b94     p5engine.obj
 0003:00002b98       __real@41880000            0000000180027b98     p5engine.obj
 0003:00002b9c       __real@41a00000            0000000180027b9c     p5engine.obj
 0003:00002ba0       __real@41c00000            0000000180027ba0     p5engine.obj
 0003:00002ba4       __real@41f00000            0000000180027ba4     p5engine.obj
 0003:00002ba8       __real@42000000            0000000180027ba8     p5engine.obj
 0003:00002bac       __real@42600000            0000000180027bac     p5engine.obj
 0003:00002bb0       __real@42800000            0000000180027bb0     p5engine.obj
 0003:00002bb4       __real@42820000            0000000180027bb4     p5engine.obj
 0003:00002bb8       __real@42960000            0000000180027bb8     p5engine.obj
 0003:00002bbc       __real@437f0000            0000000180027bbc     p5engine.obj
 0003:00002bc0       __real@461c4000            0000000180027bc0     p5engine.obj
 0003:00002bc4       __real@47c35000            0000000180027bc4     p5engine.obj
 0003:00002bc8       __real@becccccd            0000000180027bc8     p5engine.obj
 0003:00002bcc       __real@bf000000            0000000180027bcc     p5engine.obj
 0003:00002bd0       __real@bf800000            0000000180027bd0     p5engine.obj
 0003:00002bd4       __real@c11ccccd            0000000180027bd4     p5engine.obj
 0003:00002be0       __xmm@80000000800000008000000080000000 0000000180027be0     p5engine.obj
 0003:00002bf8       _pDefaultRawDllMain        0000000180027bf8     MSVCRTD:dll_dllmain.obj
 0003:00002bf8       _pRawDllMain               0000000180027bf8     MSVCRTD:dll_dllmain.obj
 0003:00002cf0       ??_C@_0NN@JMPELKLB@The?5value?5of?5ESP?5was?5not?5proper@ 0000000180027cf0     MSVCRTD:error.obj
 0003:00002e00       ??_C@_0BBN@ELNNILBE@A?5cast?5to?5a?5smaller?5data?5type?5h@ 0000000180027e00     MSVCRTD:error.obj
 0003:00002f58       ??_C@_0BN@BPOGFMJL@Stack?5memory?5was?5corrupted?$AN?6@ 0000000180027f58     MSVCRTD:error.obj
 0003:00002f80       ??_C@_0DG@DAJCDLPN@A?5local?5variable?5was?5used?5befor@ 0000000180027f80     MSVCRTD:error.obj
 0003:00002fc0       ??_C@_0CM@JMIDGKLA@Stack?5memory?5around?5_alloca?5was@ 0000000180027fc0     MSVCRTD:error.obj
 0003:00002ff8       ??_C@_0BO@CHIONIOI@Unknown?5Runtime?5Check?5Error?$AN?6@ 0000000180027ff8     MSVCRTD:error.obj
 0003:00003020       ??_C@_1GM@CNOOJIHC@?$AAR?$AAu?$AAn?$AAt?$AAi?$AAm?$AAe?$AA?5?$AAC?$AAh?$AAe?$AAc?$AAk?$AA?5?$AAE@ 0000000180028020     MSVCRTD:error.obj
 0003:000030b0       ??_C@_1EA@NFKNIFJP@?$AAR?$AAu?$AAn?$AA?9?$AAT?$AAi?$AAm?$AAe?$AA?5?$AAC?$AAh?$AAe?$AAc?$AAk?$AA?5@ 00000001800280b0     MSVCRTD:error.obj
 0003:00003100       ??_C@_0BB@PFFGGCJP@Unknown?5Filename@ 0000000180028100     MSVCRTD:error.obj
 0003:00003118       ??_C@_0BE@GNBOBNCK@Unknown?5Module?5Name@ 0000000180028118     MSVCRTD:error.obj
 0003:00003130       ??_C@_0CA@IODNCDPG@Run?9Time?5Check?5Failure?5?$CD?$CFd?5?9?5?$CFs@ 0000000180028130     MSVCRTD:error.obj
 0003:00003158       ??_C@_0CG@IAFNJNEE@Stack?5corrupted?5near?5unknown?5va@ 0000000180028158     MSVCRTD:error.obj
 0003:00003188       ??_C@_05MKKEDADM@?$CF?42X?5@ 0000000180028188     MSVCRTD:error.obj
 0003:00003190       ??_C@_0EJ@LJKNEOLN@Stack?5area?5around?5_alloca?5memor@ 0000000180028190     MSVCRTD:error.obj
 0003:000031e8       ??_C@_01EEMJAFIK@?6@       00000001800281e8     MSVCRTD:error.obj
 0003:000031ec       ??_C@_02LLMPMKNF@?$DO?5@   00000001800281ec     MSVCRTD:error.obj
 0003:000031f0       ??_C@_08OMAHNMHJ@?6Data?3?5?$DM@ 00000001800281f0     MSVCRTD:error.obj
 0003:00003200       ??_C@_0CK@DKGBICFE@?6Allocation?5number?5within?5this?5@ 0000000180028200     MSVCRTD:error.obj
 0003:00003238       ??_C@_07DFDJCKFN@?6Size?3?5@ 0000000180028238     MSVCRTD:error.obj
 0003:00003248       ??_C@_0N@MHFFIMFG@?6Address?3?50x@ 0000000180028248     MSVCRTD:error.obj
 0003:00003260       ??_C@_0EI@CLEPFNGI@Stack?5area?5around?5_alloca?5memor@ 0000000180028260     MSVCRTD:error.obj
 0003:000032b8       ??_C@_0BK@ODNDAGKB@?$CFs?$CFs?$CFp?$CFs?$CFzd?$CFs?$CFd?$CFs?$CFs?$CFs?$CFs?$CFs@ 00000001800282b8     MSVCRTD:error.obj
 0003:000032d8       ??_C@_0DE@OHJBPMBP@A?5variable?5is?5being?5used?5withou@ 00000001800282d8     MSVCRTD:error.obj
 0003:00003348       ??_C@_0BJ@HEGAHDFO@Stack?5pointer?5corruption@ 0000000180028348     MSVCRTD:userapi.obj
 0003:00003368       ??_C@_0CK@FEGOIOPB@Cast?5to?5smaller?5type?5causing?5lo@ 0000000180028368     MSVCRTD:userapi.obj
 0003:000033a0       ??_C@_0BI@CIGMDCBH@Stack?5memory?5corruption@ 00000001800283a0     MSVCRTD:userapi.obj
 0003:000033c0       ??_C@_0CK@CNLNOEPB@Local?5variable?5used?5before?5init@ 00000001800283c0     MSVCRTD:userapi.obj
 0003:000033f8       ??_C@_0BP@OGBCLIBO@Stack?5around?5_alloca?5corrupted@ 00000001800283f8     MSVCRTD:userapi.obj
 0003:000034a0       ??_C@_1EI@MLPKHBGE@?$AAa?$AAp?$AAi?$AA?9?$AAm?$AAs?$AA?9?$AAw?$AAi?$AAn?$AA?9?$AAc?$AAo?$AAr?$AAe@ 00000001800284a0     MSVCRTD:pdblkup.obj
 0003:000034f8       ??_C@_1BK@JHLNAEJL@?$AAa?$AAd?$AAv?$AAa?$AAp?$AAi?$AA3?$AA2?$AA?4?$AAd?$AAl?$AAl@ 00000001800284f8     MSVCRTD:pdblkup.obj
 0003:00003518       ??_C@_0O@COHOBMLB@RegOpenKeyExW@ 0000000180028518     MSVCRTD:pdblkup.obj
 0003:00003528       ??_C@_0BB@GLNAEDBD@RegQueryValueExW@ 0000000180028528     MSVCRTD:pdblkup.obj
 0003:00003540       ??_C@_0M@HLOHPNFA@RegCloseKey@ 0000000180028540     MSVCRTD:pdblkup.obj
 0003:00003550       ??_C@_1HE@EBEAGLFB@?$AAS?$AAO?$AAF?$AAT?$AAW?$AAA?$AAR?$AAE?$AA?2?$AAW?$AAo?$AAw?$AA6?$AA4?$AA3@ 0000000180028550     MSVCRTD:pdblkup.obj
 0003:000035e0       ??_C@_1BG@EABPBLLF@?$AAP?$AAr?$AAo?$AAd?$AAu?$AAc?$AAt?$AAD?$AAi?$AAr@ 00000001800285e0     MSVCRTD:pdblkup.obj
 0003:00003628       ??_C@_1BC@JINFINNJ@?$AAM?$AAS?$AAP?$AAD?$AAB?$AA1?$AA4?$AA0@ 0000000180028628     MSVCRTD:pdblkup.obj
 0003:00003640       ??_C@_0BB@KCIACLNC@PDBOpenValidate5@ 0000000180028640     MSVCRTD:pdblkup.obj
 0003:00003654       ??_C@_01KDCPPGHE@r@        0000000180028654     MSVCRTD:pdblkup.obj
 0003:00003690       _load_config_used          0000000180028690     MSVCRTD:loadcfg.obj
 0003:00003a00       __CastGuardVftablesStart   0000000180028a00     MSVCRTD:guard_support.obj
 0003:00003b10       __CastGuardVftablesEnd     0000000180028b10     MSVCRTD:guard_support.obj
 0003:00003d98       __rtc_iaa                  0000000180028d98     MSVCRTD:initsect.obj
 0003:00003fb8       __rtc_izz                  0000000180028fb8     MSVCRTD:initsect.obj
 0003:000040c8       __rtc_taa                  00000001800290c8     MSVCRTD:initsect.obj
 0003:000042e8       __rtc_tzz                  00000001800292e8     MSVCRTD:initsect.obj
 0004:00004cd0       __security_cookie_complement 000000018002fcd0     MSVCRTD:gs_cookie.obj
 0004:00004cd8       __security_cookie          000000018002fcd8     MSVCRTD:gs_cookie.obj
 0004:00004ce4       _fltused                   000000018002fce4     MSVCRTD:fltused.obj
 0004:00004ce8       ?_RTC_ErrorLevels@@3PAHA   000000018002fce8     MSVCRTD:error.obj
 0004:00004d00       __scrt_native_dllmain_reason 000000018002fd00     MSVCRTD:utility.obj
 0004:00004d08       __isa_available            000000018002fd08     MSVCRTD:cpu_disp.obj
 0004:00004d0c       __isa_enabled              000000018002fd0c     MSVCRTD:cpu_disp.obj
 0004:00004d10       __memcpy_nt_iters          000000018002fd10     MSVCRTD:cpu_disp.obj
 0004:00004d18       __memset_nt_iters          000000018002fd18     MSVCRTD:cpu_disp.obj
 0004:00004d30       __scrt_ucrt_dll_is_in_use  000000018002fd30     MSVCRTD:ucrt_stubs.obj
 0004:00004e48       ?_OptionsStorage@?1??__local_stdio_printf_options@@9@4_KA 000000018002fe48     MSVCRTD:error.obj
 0004:00005500       ?__type_info_root_node@@3U__type_info_node@@A 0000000180030500     MSVCRTD:tncleanup.obj
 0004:00005518       ?_OptionsStorage@?1??__local_stdio_scanf_options@@9@4_KA 0000000180030518     MSVCRTD:default_local_stdio_options.obj
 0004:00005528       __scrt_current_native_startup_state 0000000180030528     MSVCRTD:utility.obj
 0004:00005530       __scrt_native_startup_lock 0000000180030530     MSVCRTD:utility.obj
 0004:00005580       __scrt_debugger_hook_flag  0000000180030580     MSVCRTD:utility_desktop.obj
 0004:00005588       __castguard_check_failure_os_handled_fptr 0000000180030588     MSVCRTD:guard_support.obj
 0004:000055a4       __favor                    00000001800305a4     MSVCRTD:cpu_disp.obj
 0004:000055a8       __dyn_tls_init_callback    00000001800305a8     <common>
 0004:000055bc       __DebuggerCurrentSteppingThreadId 00000001800305bc     <common>
 0006:00000000       __imp_DisableThreadLibraryCalls 0000000180034000     kernel32:KERNEL32.dll
 0006:00000008       __imp_IsDebuggerPresent    0000000180034008     kernel32:KERNEL32.dll
 0006:00000010       __imp_RaiseException       0000000180034010     kernel32:KERNEL32.dll
 0006:00000018       __imp_MultiByteToWideChar  0000000180034018     kernel32:KERNEL32.dll
 0006:00000020       __imp_WideCharToMultiByte  0000000180034020     kernel32:KERNEL32.dll
 0006:00000028       __imp_RtlCaptureContext    0000000180034028     kernel32:KERNEL32.dll
 0006:00000030       __imp_RtlLookupFunctionEntry 0000000180034030     kernel32:KERNEL32.dll
 0006:00000038       __imp_RtlVirtualUnwind     0000000180034038     kernel32:KERNEL32.dll
 0006:00000040       __imp_GetProcAddress       0000000180034040     kernel32:KERNEL32.dll
 0006:00000048       __imp_FreeLibrary          0000000180034048     kernel32:KERNEL32.dll
 0006:00000050       __imp_VirtualQuery         0000000180034050     kernel32:KERNEL32.dll
 0006:00000058       __imp_GetProcessHeap       0000000180034058     kernel32:KERNEL32.dll
 0006:00000060       __imp_HeapFree             0000000180034060     kernel32:KERNEL32.dll
 0006:00000068       __imp_HeapAlloc            0000000180034068     kernel32:KERNEL32.dll
 0006:00000070       __imp_GetLastError         0000000180034070     kernel32:KERNEL32.dll
 0006:00000078       __imp_GetModuleHandleW     0000000180034078     kernel32:KERNEL32.dll
 0006:00000080       __imp_GetStartupInfoW      0000000180034080     kernel32:KERNEL32.dll
 0006:00000088       __imp_InitializeSListHead  0000000180034088     kernel32:KERNEL32.dll
 0006:00000090       __imp_GetCurrentThreadId   0000000180034090     kernel32:KERNEL32.dll
 0006:00000098       __imp_GetSystemTimeAsFileTime 0000000180034098     kernel32:KERNEL32.dll
 0006:000000a0       __imp_GetCurrentProcessId  00000001800340a0     kernel32:KERNEL32.dll
 0006:000000a8       __imp_QueryPerformanceCounter 00000001800340a8     kernel32:KERNEL32.dll
 0006:000000b0       __imp_IsProcessorFeaturePresent 00000001800340b0     kernel32:KERNEL32.dll
 0006:000000b8       __imp_TerminateProcess     00000001800340b8     kernel32:KERNEL32.dll
 0006:000000c0       __imp_GetCurrentProcess    00000001800340c0     kernel32:KERNEL32.dll
 0006:000000c8       __imp_SetUnhandledExceptionFilter 00000001800340c8     kernel32:KERNEL32.dll
 0006:000000d0       __imp_UnhandledExceptionFilter 00000001800340d0     kernel32:KERNEL32.dll
 0006:000000d8       \177KERNEL32_NULL_THUNK_DATA 00000001800340d8     kernel32:KERNEL32.dll
 0006:00000158       __imp___vcrt_GetModuleHandleW 0000000180034158     vcruntimed:VCRUNTIME140D.dll
 0006:00000160       __imp___vcrt_GetModuleFileNameW 0000000180034160     vcruntimed:VCRUNTIME140D.dll
 0006:00000168       __imp___current_exception_context 0000000180034168     vcruntimed:VCRUNTIME140D.dll
 0006:00000170       __imp___C_specific_handler 0000000180034170     vcruntimed:VCRUNTIME140D.dll
 0006:00000178       __imp___current_exception  0000000180034178     vcruntimed:VCRUNTIME140D.dll
 0006:00000180       __imp___std_type_info_destroy_list 0000000180034180     vcruntimed:VCRUNTIME140D.dll
 0006:00000188       __imp___C_specific_handler_noexcept 0000000180034188     vcruntimed:VCRUNTIME140D.dll
 0006:00000190       __imp___vcrt_LoadLibraryExW 0000000180034190     vcruntimed:VCRUNTIME140D.dll
 0006:00000198       \177VCRUNTIME140D_NULL_THUNK_DATA 0000000180034198     vcruntimed:VCRUNTIME140D.dll
 0006:000001f8       __imp_wcscpy_s             00000001800341f8     ucrtd:ucrtbased.dll
 0006:00000200       __imp__wsplitpath_s        0000000180034200     ucrtd:ucrtbased.dll
 0006:00000208       __imp_terminate            0000000180034208     ucrtd:ucrtbased.dll
 0006:00000210       __imp__cexit               0000000180034210     ucrtd:ucrtbased.dll
 0006:00000218       __imp__crt_at_quick_exit   0000000180034218     ucrtd:ucrtbased.dll
 0006:00000220       __imp__crt_atexit          0000000180034220     ucrtd:ucrtbased.dll
 0006:00000228       __imp__execute_onexit_table 0000000180034228     ucrtd:ucrtbased.dll
 0006:00000230       __imp__register_onexit_function 0000000180034230     ucrtd:ucrtbased.dll
 0006:00000238       __imp__initialize_onexit_table 0000000180034238     ucrtd:ucrtbased.dll
 0006:00000240       __imp__initialize_narrow_environment 0000000180034240     ucrtd:ucrtbased.dll
 0006:00000248       __imp__configure_narrow_argv 0000000180034248     ucrtd:ucrtbased.dll
 0006:00000250       __imp__seh_filter_dll      0000000180034250     ucrtd:ucrtbased.dll
 0006:00000258       __imp__wmakepath_s         0000000180034258     ucrtd:ucrtbased.dll
 0006:00000260       __imp_strcat_s             0000000180034260     ucrtd:ucrtbased.dll
 0006:00000268       __imp_strcpy_s             0000000180034268     ucrtd:ucrtbased.dll
 0006:00000270       __imp__initterm_e          0000000180034270     ucrtd:ucrtbased.dll
 0006:00000278       __imp__initterm            0000000180034278     ucrtd:ucrtbased.dll
 0006:00000280       __imp__CrtDbgReportW       0000000180034280     ucrtd:ucrtbased.dll
 0006:00000288       __imp__CrtDbgReport        0000000180034288     ucrtd:ucrtbased.dll
 0006:00000290       __imp__rotl                0000000180034290     ucrtd:ucrtbased.dll
 0006:00000298       __imp_sqrtf                0000000180034298     ucrtd:ucrtbased.dll
 0006:000002a0       __imp_sinf                 00000001800342a0     ucrtd:ucrtbased.dll
 0006:000002a8       __imp_roundf               00000001800342a8     ucrtd:ucrtbased.dll
 0006:000002b0       __imp_fabs                 00000001800342b0     ucrtd:ucrtbased.dll
 0006:000002b8       __imp___stdio_common_vsprintf_s 00000001800342b8     ucrtd:ucrtbased.dll
 0006:000002c0       \177ucrtbased_NULL_THUNK_DATA 00000001800342c0     ucrtd:ucrtbased.dll
 0006:00000340       __IMPORT_DESCRIPTOR_VCRUNTIME140D 0000000180034340     vcruntimed:VCRUNTIME140D.dll
 0006:00000354       __IMPORT_DESCRIPTOR_ucrtbased 0000000180034354     ucrtd:ucrtbased.dll
 0006:00000368       __IMPORT_DESCRIPTOR_KERNEL32 0000000180034368     kernel32:KERNEL32.dll
 0006:0000037c       __NULL_IMPORT_DESCRIPTOR   000000018003437c     vcruntimed:VCRUNTIME140D.dll
 0008:00000000       __guard_check_icall_fptr   0000000180036000     MSVCRTD:guard_support.obj
 0008:00000010       __guard_xfg_check_icall_fptr 0000000180036010     MSVCRTD:guard_support.obj
 0008:00000020       __guard_dispatch_icall_fptr 0000000180036020     MSVCRTD:guard_support.obj
 0008:00000030       __guard_xfg_dispatch_icall_fptr 0000000180036030     MSVCRTD:guard_support.obj
 0008:00000040       __guard_xfg_table_dispatch_icall_fptr 0000000180036040     MSVCRTD:guard_support.obj

 entry point at        0002:0000000f

 Static symbols

 0000:fffc7000       .debug$S                   0000000180000000     P5Engine.exp
 0000:fffca000       _volmd                     0000000180000000     p5engine.obj
 0000:fffca000       _volmd                     0000000180000000     p5engine.obj
 0000:fffca000       _volmd                     0000000180000000     p5engine.obj
 0000:fffca000       _volmd                     0000000180000000     p5engine.obj
 0000:fffca000       _volmd                     0000000180000000     p5engine.obj
 0000:fffca000       _volmd                     0000000180000000     p5engine.obj
 0000:fffca000       _volmd                     0000000180000000     p5engine.obj
 0000:fffca000       _volmd                     0000000180000000     p5engine.obj
 0000:fffca000       _volmd                     0000000180000000     p5engine.obj
 0000:fffca000       _volmd                     0000000180000000     p5engine.obj
 0000:fffca000       _volmd                     0000000180000000     p5engine.obj
 0000:fffca000       _volmd                     0000000180000000     p5engine.obj
 0000:fffca000       _volmd                     0000000180000000     p5engine.obj
 0000:fffca000       _volmd                     0000000180000000     p5engine.obj
 0000:fffca000       _volmd                     0000000180000000     p5engine.obj
 0000:fffca000       _volmd                     0000000180000000     p5engine.obj
 0000:fffca000       _volmd                     0000000180000000     p5engine.obj
 0000:fffca000       _volmd                     0000000180000000     p5engine.obj
 0000:fffca000       _volmd                     0000000180000000     p5engine.obj
 0000:fffca000       _volmd                     0000000180000000     p5engine.obj
 0000:fffca000       _volmd                     0000000180000000     p5engine.obj
 0000:fffca000       _volmd                     0000000180000000     p5engine.obj
 0000:fffca000       _volmd                     0000000180000000     p5engine.obj
 0000:fffca000       _volmd                     0000000180000000     p5engine.obj
 0000:fffca000       _volmd                     0000000180000000     p5engine.obj
 0000:fffca000       _volmd                     0000000180000000     MSVCRTD:cpu_disp.obj
 0000:fffcb000       __guard_ehcont_?dllmain_dispatch@@YAHQEAUHINSTANCE__@@KQEAX@Z 0000000180000000     MSVCRTD:dll_dllmain.obj
 0000:fffcb000       __guard_fids_?dllmain_dispatch@@YAHQEAUHINSTANCE__@@KQEAX@Z 0000000180000000     MSVCRTD:dll_dllmain.obj
 0000:fffcb000       __guard_ehcont_?notify_debugger@@YAXAEBUtagEXCEPTION_VISUALCPP_DEBUG_INFO@@@Z 0000000180000000     MSVCRTD:error.obj
 0000:fffca000       _volmd                     0000000180000000     MSVCRTD:gs_report.obj
 0000:fffca000       _volmd                     0000000180000000     MSVCRTD:gs_report.obj
 0000:fffca000       _volmd                     0000000180000000     MSVCRTD:gs_report.obj
 0000:fffcb000       __guard_fids__             0000000180000000     MSVCRTD:guard_support.obj
 0000:fffcb000       __guard_fids__             0000000180000000     MSVCRTD:guard_support.obj
 0000:fffcb000       __guard_fids__guard_icall_checks_enforced 0000000180000000     MSVCRTD:guard_support.obj
 0000:fffca000       _volmd                     0000000180000000     MSVCRTD:guard_support.obj
 0000:fffca000       _volmd                     0000000180000000     MSVCRTD:guard_support.obj
 0000:fffca000       _volmd                     0000000180000000     MSVCRTD:guard_support.obj
 0000:fffcb000       __guard_fids__CRT_RTC_INIT 0000000180000000     MSVCRTD:init.obj
 0000:fffcb000       __guard_fids__CRT_RTC_INITW 0000000180000000     MSVCRTD:init.obj
 0000:fffcb000       __guard_ehcont___scrt_is_nonwritable_in_current_image 0000000180000000     MSVCRTD:utility.obj
 0000:fffca000       _volmd                     0000000180000000     MSVCRTD:utility.obj
 0000:fffca000       _volmd                     0000000180000000     MSVCRTD:utility.obj
 0000:fffca000       _volmd                     0000000180000000     MSVCRTD:utility.obj
 0000:fffcb000       __guard_fids___scrt_set_unhandled_exception_filter 0000000180000000     MSVCRTD:utility_desktop.obj
 0000:fffca000       _volmd                     0000000180000000     MSVCRTD:utility_desktop.obj
 0000:fffc7000       .debug$S                   0000000180000000     vcruntimed:VCRUNTIME140D.dll
 0000:fffc7000       .debug$S                   0000000180000000     vcruntimed:VCRUNTIME140D.dll
 0000:fffc7000       .debug$S                   0000000180000000     vcruntimed:VCRUNTIME140D.dll
 0000:fffc7000       .debug$S                   0000000180000000     vcruntimed:VCRUNTIME140D.dll
 0000:fffc7000       .debug$S                   0000000180000000     vcruntimed:VCRUNTIME140D.dll
 0000:fffc7000       .debug$S                   0000000180000000     vcruntimed:VCRUNTIME140D.dll
 0000:fffc7000       .debug$S                   0000000180000000     vcruntimed:VCRUNTIME140D.dll
 0000:fffc7000       .debug$S                   0000000180000000     vcruntimed:VCRUNTIME140D.dll
 0000:fffc7000       .debug$S                   0000000180000000     ucrtd:ucrtbased.dll
 0000:fffc7000       .debug$S                   0000000180000000     ucrtd:ucrtbased.dll
 0000:fffc7000       .debug$S                   0000000180000000     ucrtd:ucrtbased.dll
 0000:fffc7000       .debug$S                   0000000180000000     ucrtd:ucrtbased.dll
 0000:fffc7000       .debug$S                   0000000180000000     ucrtd:ucrtbased.dll
 0000:fffc7000       .debug$S                   0000000180000000     ucrtd:ucrtbased.dll
 0000:fffc7000       .debug$S                   0000000180000000     ucrtd:ucrtbased.dll
 0000:fffc7000       .debug$S                   0000000180000000     ucrtd:ucrtbased.dll
 0000:fffc7000       .debug$S                   0000000180000000     ucrtd:ucrtbased.dll
 0000:fffc7000       .debug$S                   0000000180000000     ucrtd:ucrtbased.dll
 0000:fffc7000       .debug$S                   0000000180000000     ucrtd:ucrtbased.dll
 0000:fffc7000       .debug$S                   0000000180000000     ucrtd:ucrtbased.dll
 0000:fffc7000       .debug$S                   0000000180000000     ucrtd:ucrtbased.dll
 0000:fffc7000       .debug$S                   0000000180000000     ucrtd:ucrtbased.dll
 0000:fffc7000       .debug$S                   0000000180000000     ucrtd:ucrtbased.dll
 0000:fffc7000       .debug$S                   0000000180000000     ucrtd:ucrtbased.dll
 0000:fffc7000       .debug$S                   0000000180000000     ucrtd:ucrtbased.dll
 0000:fffc7000       .debug$S                   0000000180000000     ucrtd:ucrtbased.dll
 0000:fffc7000       .debug$S                   0000000180000000     ucrtd:ucrtbased.dll
 0000:fffc7000       .debug$S                   0000000180000000     ucrtd:ucrtbased.dll
 0000:fffc7000       .debug$S                   0000000180000000     ucrtd:ucrtbased.dll
 0000:fffc7000       .debug$S                   0000000180000000     ucrtd:ucrtbased.dll
 0000:fffc7000       .debug$S                   0000000180000000     ucrtd:ucrtbased.dll
 0000:fffc7000       .debug$S                   0000000180000000     ucrtd:ucrtbased.dll
 0000:fffc7000       .debug$S                   0000000180000000     ucrtd:ucrtbased.dll
 0000:fffc7000       .debug$S                   0000000180000000     kernel32:KERNEL32.dll
 0000:fffc7000       .debug$S                   0000000180000000     kernel32:KERNEL32.dll
 0000:fffc7000       .debug$S                   0000000180000000     kernel32:KERNEL32.dll
 0000:fffc7000       .debug$S                   0000000180000000     kernel32:KERNEL32.dll
 0000:fffc7000       .debug$S                   0000000180000000     kernel32:KERNEL32.dll
 0000:fffc7000       .debug$S                   0000000180000000     kernel32:KERNEL32.dll
 0000:fffc7000       .debug$S                   0000000180000000     kernel32:KERNEL32.dll
 0000:fffc7000       .debug$S                   0000000180000000     kernel32:KERNEL32.dll
 0000:fffc7000       .debug$S                   0000000180000000     kernel32:KERNEL32.dll
 0000:fffc7000       .debug$S                   0000000180000000     kernel32:KERNEL32.dll
 0000:fffc7000       .debug$S                   0000000180000000     kernel32:KERNEL32.dll
 0000:fffc7000       .debug$S                   0000000180000000     kernel32:KERNEL32.dll
 0000:fffc7000       .debug$S                   0000000180000000     kernel32:KERNEL32.dll
 0000:fffc7000       .debug$S                   0000000180000000     kernel32:KERNEL32.dll
 0000:fffc7000       .debug$S                   0000000180000000     kernel32:KERNEL32.dll
 0000:fffc7000       .debug$S                   0000000180000000     kernel32:KERNEL32.dll
 0000:fffc7000       .debug$S                   0000000180000000     kernel32:KERNEL32.dll
 0000:fffc7000       .debug$S                   0000000180000000     kernel32:KERNEL32.dll
 0000:fffc7000       .debug$S                   0000000180000000     kernel32:KERNEL32.dll
 0000:fffc7000       .debug$S                   0000000180000000     kernel32:KERNEL32.dll
 0000:fffc7000       .debug$S                   0000000180000000     kernel32:KERNEL32.dll
 0000:fffc7000       .debug$S                   0000000180000000     kernel32:KERNEL32.dll
 0000:fffc7000       .debug$S                   0000000180000000     kernel32:KERNEL32.dll
 0000:fffc7000       .debug$S                   0000000180000000     kernel32:KERNEL32.dll
 0000:fffc7000       .debug$S                   0000000180000000     kernel32:KERNEL32.dll
 0000:fffc7000       .debug$S                   0000000180000000     kernel32:KERNEL32.dll
 0000:fffc7000       .debug$S                   0000000180000000     kernel32:KERNEL32.dll
 0002:00001420       ?AddCollisionRule@@YAXPEAUgame_state@@IIH@Z 0000000180012420 f   p5engine.obj
 0002:00001620       ?AddEntity@@YAPEAUsim_entity@@PEAUgame_state@@PEAUsim_region@@IPEAUlow_entity@@PEATv3@@@Z 0000000180012620 f   p5engine.obj
 0002:000017c0       ?AddEntityRaw@@YAPEAUsim_entity@@PEAUgame_state@@PEAUsim_region@@IPEAUlow_entity@@@Z 00000001800127c0 f   p5engine.obj
 0002:000019d0       ?AddFamiliar@@YA?AUadd_low_entity_result@@PEAUgame_state@@III@Z 00000001800129d0 f   p5engine.obj
 0002:00001bb0       ?AddLowEntity@@YA?AUadd_low_entity_result@@PEAUgame_state@@W4entity_type@@Uworld_position@@@Z 0000000180012bb0 f   p5engine.obj
 0002:00001e20       ?AddMonstar@@YA?AUadd_low_entity_result@@PEAUgame_state@@III@Z 0000000180012e20 f   p5engine.obj
 0002:00001fd0       ?AddPlayer@@YA?AUadd_low_entity_result@@PEAUgame_state@@@Z 0000000180012fd0 f   p5engine.obj
 0002:000023b0       ?AddSword@@YA?AUadd_low_entity_result@@PEAUgame_state@@@Z 00000001800133b0 f   p5engine.obj
 0002:000024f0       ?AddWall@@YA?AUadd_low_entity_result@@PEAUworld@@PEAUgame_state@@III@Z 00000001800134f0 f   p5engine.obj
 0002:000027f0       ?BeginSim@@YAPEAUsim_region@@PEAUmemory_arena@@PEAUgame_state@@PEAUworld@@Uworld_position@@Urectangle3@@M@Z 00000001800137f0 f   p5engine.obj
 0002:00002fc0       ?ChangeEntityLocation@@YAXPEAUmemory_arena@@PEAUworld@@IPEAUlow_entity@@Uworld_position@@@Z 0000000180013fc0 f   p5engine.obj
 0002:00003910       ?ClearCollisionRulesFor@@YAXPEAUgame_state@@I@Z 0000000180014910 f   p5engine.obj
 0002:00003aa0       ?DEBUGLoadBMP@@YA?AUloaded_bitmap@@PEAUthread_context@@P6A?AUdebug_read_file_result@@0PEAD@Z1@Z 0000000180014aa0 f   p5engine.obj
 0002:00004040       ?DrawBitmap@@YAXPEAUgame_offscreen_buffer@@PEAUloaded_bitmap@@MMM@Z 0000000180015040 f   p5engine.obj
 0002:000045c0       ?DrawHitpoints@@YAXPEAUsim_entity@@PEAUentity_visible_piece_group@@@Z 00000001800155c0 f   p5engine.obj
 0002:000048c0       ?DrawRectangle@@YAXPEAUgame_offscreen_buffer@@Tv2@@1MMM@Z 00000001800158c0 f   p5engine.obj
 0002:00004b60       ?EndSim@@YAXPEAUsim_region@@PEAUgame_state@@@Z 0000000180015b60 f   p5engine.obj
 0002:000051a0       ?GameOutputSound@@YAXPEAUgame_state@@PEAUgame_sound_output_buffer@@H@Z 00000001800161a0 f   p5engine.obj
 0002:00005290       ?GetHashFromStorageIndex@@YAPEAUsim_entity_hash@@PEAUsim_region@@I@Z 0000000180016290 f   p5engine.obj
 0002:00005b00       ?HandleCollision@@YAHPEAUsim_entity@@0@Z 0000000180016b00 f   p5engine.obj
 0002:00005c60       ?InitHitPoints@@YAXPEAUlow_entity@@I@Z 0000000180016c60 f   p5engine.obj
 0002:00005da0       ?InitializeWorld@@YAXPEAUworld@@M@Z 0000000180016da0 f   p5engine.obj
 0002:00006890       ?MoveEntity@@YAXPEAUgame_state@@PEAUsim_region@@PEAUsim_entity@@MPEAUmove_spec@@Tv3@@@Z 0000000180017890 f   p5engine.obj
 0002:00008850       ?ShouldCollide@@YAHPEAUgame_state@@PEAUsim_entity@@1@Z 0000000180019850 f   p5engine.obj
 0002:00008b80       ?Subtract@@YA?ATv3@@PEAUworld@@PEAUworld_position@@1@Z 0000000180019b80 f   p5engine.obj
 0002:00008eb0       ?TestWall@@YAHMMMMMPEAMMM@Z 0000000180019eb0 f   p5engine.obj
 0002:0000c600       $$000000                   000000018001d600     MSVCRTD:chkstk.obj
 0002:0000c680       $$000000                   000000018001d680     MSVCRTD:amdsecgs.obj
 0002:0000c6c0       ?dllmain_crt_dispatch@@YAHQEAUHINSTANCE__@@KQEAX@Z 000000018001d6c0 f   MSVCRTD:dll_dllmain.obj
 0002:0000c770       ?dllmain_crt_process_attach@@YAHQEAUHINSTANCE__@@QEAX@Z 000000018001d770 f   MSVCRTD:dll_dllmain.obj
 0002:0000c900       ?dllmain_crt_process_detach@@YAH_N@Z 000000018001d900 f   MSVCRTD:dll_dllmain.obj
 0002:0000c9c0       ?dllmain_dispatch@@YAHQEAUHINSTANCE__@@KQEAX@Z 000000018001d9c0 f   MSVCRTD:dll_dllmain.obj
 0002:0000cb50       ?dllmain_raw@@YAHQEAUHINSTANCE__@@KQEAX@Z 000000018001db50 f   MSVCRTD:dll_dllmain.obj
 0002:0000cc50       ?DebuggerProbe@@YA_NK@Z    000000018001dc50 f   MSVCRTD:error.obj
 0002:0000cca0       ?DebuggerRuntime@@YA_NKHPEAXPEB_W@Z 000000018001dca0 f   MSVCRTD:error.obj
 0002:0000d030       ?_getMemBlockDataString@@YAXPEAD0PEBD_K@Z 000000018001e030 f   MSVCRTD:error.obj
 0002:0000d110       ?_strlen_priv@@YA_KPEBD@Z  000000018001e110 f   MSVCRTD:error.obj
 0002:0000d130       ?failwithmessage@@YAXPEAXHHPEBD@Z 000000018001e130 f   MSVCRTD:error.obj
 0002:0000d430       ?notify_debugger@@YAXAEBUtagEXCEPTION_VISUALCPP_DEBUG_INFO@@@Z 000000018001e430 f   MSVCRTD:error.obj
 0002:0000da90       capture_current_context    000000018001ea90 f   MSVCRTD:gs_report.obj
 0002:0000db50       capture_previous_context   000000018001eb50 f   MSVCRTD:gs_report.obj
 0002:0000dc30       __get_entropy              000000018001ec30 f   MSVCRTD:gs_support.obj
 0002:0000dee0       ?find_pe_section@@YAPEAU_IMAGE_SECTION_HEADER@@QEAE_K@Z 000000018001eee0 f   MSVCRTD:utility.obj
 0002:0000e000       ?is_potentially_valid_image_base@@YA_NQEAX@Z 000000018001f000 f   MSVCRTD:utility.obj
 0002:0000eda0       __castguard_compat_check   000000018001fda0 f   MSVCRTD:guard_support.obj
 0002:0000ef80       __castguard_slow_path_compat_check 000000018001ff80 f   MSVCRTD:guard_support.obj
 0002:0000f070       ?GetPdbDll@@YAPEAUHINSTANCE__@@XZ 0000000180020070 f   MSVCRTD:pdblkup.obj
 0002:0000f210       ?GetPdbDllFromInstallPath@@YAPEAUHINSTANCE__@@XZ 0000000180020210 f   MSVCRTD:pdblkup.obj
 0002:0000f570       ?GetPdbDllPathFromFilePath@@YAHPEB_WPEA_W_K@Z 0000000180020570 f   MSVCRTD:pdblkup.obj
 0002:00011690       $$000000                   0000000180022690     MSVCRTD:guard_dispatch.obj
 0002:000116b0       $$000000                   00000001800226b0     MSVCRTD:guard_xfg_dispatch.obj
 0002:000126d0       ?fin$0@?0??dllmain_crt_process_attach@@YAHQEAUHINSTANCE__@@QEAX@Z@4HA 00000001800236d0 f   MSVCRTD:dll_dllmain.obj
 0002:000126f0       ?fin$0@?0??dllmain_crt_process_detach@@YAH_N@Z@4HA 00000001800236f0 f   MSVCRTD:dll_dllmain.obj
 0002:0001270a       ?fin$1@?0??dllmain_crt_process_detach@@YAH_N@Z@4HA 000000018002370a f   MSVCRTD:dll_dllmain.obj
 0002:00012730       ?filt$0@?0??dllmain_dispatch@@YAHQEAUHINSTANCE__@@KQEAX@Z@4HA 0000000180023730 f   MSVCRTD:dll_dllmain.obj
 0002:00012790       ?filt$0@?0??notify_debugger@@YAXAEBUtagEXCEPTION_VISUALCPP_DEBUG_INFO@@@Z@4HA 0000000180023790 f   MSVCRTD:error.obj
 0002:000127c0       __scrt_is_nonwritable_in_current_image$filt$0 00000001800237c0 f   MSVCRTD:utility.obj
 0003:00000880       ?FindLeastSignificantSetBit@@YA?AUbit_scan_result@@I@Z$rtcName$0 0000000180025880     p5engine.obj
 0003:00000890       ?FindLeastSignificantSetBit@@YA?AUbit_scan_result@@I@Z$rtcVarDesc 0000000180025890     p5engine.obj
 0003:000008d0       ?FindLeastSignificantSetBit@@YA?AUbit_scan_result@@I@Z$rtcFrameData 00000001800258d0     p5engine.obj
 0003:00000900       ?V2@@YA?ATv2@@MM@Z$rtcName$0 0000000180025900     p5engine.obj
 0003:00000910       ?V2@@YA?ATv2@@MM@Z$rtcVarDesc 0000000180025910     p5engine.obj
 0003:00000950       ?V2@@YA?ATv2@@MM@Z$rtcFrameData 0000000180025950     p5engine.obj
 0003:00000980       ??D@YA?ATv2@@MT0@@Z$rtcName$0 0000000180025980     p5engine.obj
 0003:00000990       ??D@YA?ATv2@@MT0@@Z$rtcVarDesc 0000000180025990     p5engine.obj
 0003:000009d0       ??D@YA?ATv2@@MT0@@Z$rtcFrameData 00000001800259d0     p5engine.obj
 0003:00000a00       ??H@YA?ATv2@@T0@0@Z$rtcName$0 0000000180025a00     p5engine.obj
 0003:00000a10       ??H@YA?ATv2@@T0@0@Z$rtcVarDesc 0000000180025a10     p5engine.obj
 0003:00000a50       ??H@YA?ATv2@@T0@0@Z$rtcFrameData 0000000180025a50     p5engine.obj
 0003:00000a80       ??G@YA?ATv2@@T0@0@Z$rtcName$0 0000000180025a80     p5engine.obj
 0003:00000a90       ??G@YA?ATv2@@T0@0@Z$rtcVarDesc 0000000180025a90     p5engine.obj
 0003:00000ad0       ??G@YA?ATv2@@T0@0@Z$rtcFrameData 0000000180025ad0     p5engine.obj
 0003:00000b00       ?V3@@YA?ATv3@@MMM@Z$rtcName$0 0000000180025b00     p5engine.obj
 0003:00000b10       ?V3@@YA?ATv3@@MMM@Z$rtcVarDesc 0000000180025b10     p5engine.obj
 0003:00000b50       ?V3@@YA?ATv3@@MMM@Z$rtcFrameData 0000000180025b50     p5engine.obj
 0003:00000b80       ??D@YA?ATv3@@MT0@@Z$rtcName$0 0000000180025b80     p5engine.obj
 0003:00000b90       ??D@YA?ATv3@@MT0@@Z$rtcVarDesc 0000000180025b90     p5engine.obj
 0003:00000bd0       ??D@YA?ATv3@@MT0@@Z$rtcFrameData 0000000180025bd0     p5engine.obj
 0003:00000c00       ??D@YA?ATv3@@T0@M@Z$rtcName$0 0000000180025c00     p5engine.obj
 0003:00000c10       ??D@YA?ATv3@@T0@M@Z$rtcVarDesc 0000000180025c10     p5engine.obj
 0003:00000c50       ??D@YA?ATv3@@T0@M@Z$rtcFrameData 0000000180025c50     p5engine.obj
 0003:00000c80       ??H@YA?ATv3@@T0@0@Z$rtcName$0 0000000180025c80     p5engine.obj
 0003:00000c90       ??H@YA?ATv3@@T0@0@Z$rtcVarDesc 0000000180025c90     p5engine.obj
 0003:00000cd0       ??H@YA?ATv3@@T0@0@Z$rtcFrameData 0000000180025cd0     p5engine.obj
 0003:00000d00       ??G@YA?ATv3@@T0@0@Z$rtcName$0 0000000180025d00     p5engine.obj
 0003:00000d10       ??G@YA?ATv3@@T0@0@Z$rtcVarDesc 0000000180025d10     p5engine.obj
 0003:00000d50       ??G@YA?ATv3@@T0@0@Z$rtcFrameData 0000000180025d50     p5engine.obj
 0003:00000d80       ?Hadamard@@YA?ATv3@@T1@0@Z$rtcName$0 0000000180025d80     p5engine.obj
 0003:00000d90       ?Hadamard@@YA?ATv3@@T1@0@Z$rtcVarDesc 0000000180025d90     p5engine.obj
 0003:00000dd0       ?Hadamard@@YA?ATv3@@T1@0@Z$rtcFrameData 0000000180025dd0     p5engine.obj
 0003:00000e00       ?V4@@YA?ATv4@@MMMM@Z$rtcName$0 0000000180025e00     p5engine.obj
 0003:00000e10       ?V4@@YA?ATv4@@MMMM@Z$rtcVarDesc 0000000180025e10     p5engine.obj
 0003:00000e50       ?V4@@YA?ATv4@@MMMM@Z$rtcFrameData 0000000180025e50     p5engine.obj
 0003:00000e80       ?GetMinCorner@@YA?ATv3@@Urectangle3@@@Z$rtcName$0 0000000180025e80     p5engine.obj
 0003:00000e90       ?GetMinCorner@@YA?ATv3@@Urectangle3@@@Z$rtcVarDesc 0000000180025e90     p5engine.obj
 0003:00000ed0       ?GetMinCorner@@YA?ATv3@@Urectangle3@@@Z$rtcFrameData 0000000180025ed0     p5engine.obj
 0003:00000f00       ?GetMaxCorner@@YA?ATv3@@Urectangle3@@@Z$rtcName$0 0000000180025f00     p5engine.obj
 0003:00000f10       ?GetMaxCorner@@YA?ATv3@@Urectangle3@@@Z$rtcVarDesc 0000000180025f10     p5engine.obj
 0003:00000f50       ?GetMaxCorner@@YA?ATv3@@Urectangle3@@@Z$rtcFrameData 0000000180025f50     p5engine.obj
 0003:00000f80       ?RectCenterHalfDim@@YA?AUrectangle3@@Tv3@@0@Z$rtcName$0 0000000180025f80     p5engine.obj
 0003:00000f90       ?RectCenterHalfDim@@YA?AUrectangle3@@Tv3@@0@Z$rtcVarDesc 0000000180025f90     p5engine.obj
 0003:00000fd0       ?RectCenterHalfDim@@YA?AUrectangle3@@Tv3@@0@Z$rtcFrameData 0000000180025fd0     p5engine.obj
 0003:00001000       ?AddRadiusTo@@YA?AUrectangle3@@U1@Tv3@@@Z$rtcName$0 0000000180026000     p5engine.obj
 0003:00001010       ?AddRadiusTo@@YA?AUrectangle3@@U1@Tv3@@@Z$rtcVarDesc 0000000180026010     p5engine.obj
 0003:00001050       ?AddRadiusTo@@YA?AUrectangle3@@U1@Tv3@@@Z$rtcFrameData 0000000180026050     p5engine.obj
 0003:00001080       ?RectCenterDim@@YA?AUrectangle3@@Tv3@@0@Z$rtcName$0 0000000180026080     p5engine.obj
 0003:00001090       ?RectCenterDim@@YA?AUrectangle3@@Tv3@@0@Z$rtcVarDesc 0000000180026090     p5engine.obj
 0003:000010d0       ?RectCenterDim@@YA?AUrectangle3@@Tv3@@0@Z$rtcFrameData 00000001800260d0     p5engine.obj
 0003:00001100       ?NullPosition@@YA?AUworld_position@@XZ$rtcName$0 0000000180026100     p5engine.obj
 0003:00001110       ?NullPosition@@YA?AUworld_position@@XZ$rtcVarDesc 0000000180026110     p5engine.obj
 0003:00001150       ?NullPosition@@YA?AUworld_position@@XZ$rtcFrameData 0000000180026150     p5engine.obj
 0003:00001180       ?MapIntoChunkSpace@@YA?AUworld_position@@PEAUworld@@U1@Tv3@@@Z$rtcName$0 0000000180026180     p5engine.obj
 0003:00001190       ?MapIntoChunkSpace@@YA?AUworld_position@@PEAUworld@@U1@Tv3@@@Z$rtcVarDesc 0000000180026190     p5engine.obj
 0003:000011d0       ?MapIntoChunkSpace@@YA?AUworld_position@@PEAUworld@@U1@Tv3@@@Z$rtcFrameData 00000001800261d0     p5engine.obj
 0003:00001200       ?ChunkPositionFromTilePosition@@YA?AUworld_position@@PEAUworld@@HHH@Z$rtcName$0 0000000180026200     p5engine.obj
 0003:00001208       ?ChunkPositionFromTilePosition@@YA?AUworld_position@@PEAUworld@@HHH@Z$rtcName$1 0000000180026208     p5engine.obj
 0003:00001210       ?ChunkPositionFromTilePosition@@YA?AUworld_position@@PEAUworld@@HHH@Z$rtcName$2 0000000180026210     p5engine.obj
 0003:00001220       ?ChunkPositionFromTilePosition@@YA?AUworld_position@@PEAUworld@@HHH@Z$rtcVarDesc 0000000180026220     p5engine.obj
 0003:000012e0       ?ChunkPositionFromTilePosition@@YA?AUworld_position@@PEAUworld@@HHH@Z$rtcFrameData 00000001800262e0     p5engine.obj
 0003:00001320       ?Subtract@@YA?ATv3@@PEAUworld@@PEAUworld_position@@1@Z$rtcName$0 0000000180026320     p5engine.obj
 0003:00001328       ?Subtract@@YA?ATv3@@PEAUworld@@PEAUworld_position@@1@Z$rtcName$1 0000000180026328     p5engine.obj
 0003:00001330       ?Subtract@@YA?ATv3@@PEAUworld@@PEAUworld_position@@1@Z$rtcVarDesc 0000000180026330     p5engine.obj
 0003:000013b0       ?Subtract@@YA?ATv3@@PEAUworld@@PEAUworld_position@@1@Z$rtcFrameData 00000001800263b0     p5engine.obj
 0003:000013e0       ?GetSimSpacePos@@YA?ATv3@@PEAUsim_region@@PEAUlow_entity@@@Z$rtcName$0 00000001800263e0     p5engine.obj
 0003:000013f0       ?GetSimSpacePos@@YA?ATv3@@PEAUsim_region@@PEAUlow_entity@@@Z$rtcVarDesc 00000001800263f0     p5engine.obj
 0003:00001430       ?GetSimSpacePos@@YA?ATv3@@PEAUsim_region@@PEAUlow_entity@@@Z$rtcFrameData 0000000180026430     p5engine.obj
 0003:00001460       ?LoadEntityReference@@YAXPEAUgame_state@@PEAUsim_region@@PEATentity_reference@@@Z$rtcName$0 0000000180026460     p5engine.obj
 0003:00001470       ?LoadEntityReference@@YAXPEAUgame_state@@PEAUsim_region@@PEATentity_reference@@@Z$rtcVarDesc 0000000180026470     p5engine.obj
 0003:000014b0       ?LoadEntityReference@@YAXPEAUgame_state@@PEAUsim_region@@PEATentity_reference@@@Z$rtcFrameData 00000001800264b0     p5engine.obj
 0003:000014e0       ?EntityOverlapsRectangle@@YAHTv3@@0Urectangle3@@@Z$rtcName$0 00000001800264e0     p5engine.obj
 0003:000014f0       ?EntityOverlapsRectangle@@YAHTv3@@0Urectangle3@@@Z$rtcVarDesc 00000001800264f0     p5engine.obj
 0003:00001530       ?EntityOverlapsRectangle@@YAHTv3@@0Urectangle3@@@Z$rtcFrameData 0000000180026530     p5engine.obj
 0003:00001560       ?BeginSim@@YAPEAUsim_region@@PEAUmemory_arena@@PEAUgame_state@@PEAUworld@@Uworld_position@@Urectangle3@@M@Z$rtcName$0 0000000180026560     p5engine.obj
 0003:00001570       ?BeginSim@@YAPEAUsim_region@@PEAUmemory_arena@@PEAUgame_state@@PEAUworld@@Uworld_position@@Urectangle3@@M@Z$rtcName$1 0000000180026570     p5engine.obj
 0003:00001580       ?BeginSim@@YAPEAUsim_region@@PEAUmemory_arena@@PEAUgame_state@@PEAUworld@@Uworld_position@@Urectangle3@@M@Z$rtcName$2 0000000180026580     p5engine.obj
 0003:00001590       ?BeginSim@@YAPEAUsim_region@@PEAUmemory_arena@@PEAUgame_state@@PEAUworld@@Uworld_position@@Urectangle3@@M@Z$rtcVarDesc 0000000180026590     p5engine.obj
 0003:00001650       ?BeginSim@@YAPEAUsim_region@@PEAUmemory_arena@@PEAUgame_state@@PEAUworld@@Uworld_position@@Urectangle3@@M@Z$rtcFrameData 0000000180026650     p5engine.obj
 0003:000016a0       ?EndSim@@YAXPEAUsim_region@@PEAUgame_state@@@Z$rtcName$0 00000001800266a0     p5engine.obj
 0003:000016a8       ?EndSim@@YAXPEAUsim_region@@PEAUgame_state@@@Z$rtcName$1 00000001800266a8     p5engine.obj
 0003:000016c0       ?EndSim@@YAXPEAUsim_region@@PEAUgame_state@@@Z$rtcVarDesc 00000001800266c0     p5engine.obj
 0003:00001740       ?EndSim@@YAXPEAUsim_region@@PEAUgame_state@@@Z$rtcFrameData 0000000180026740     p5engine.obj
 0003:00001780       ?MoveEntity@@YAXPEAUgame_state@@PEAUsim_region@@PEAUsim_entity@@MPEAUmove_spec@@Tv3@@@Z$rtcName$0 0000000180026780     p5engine.obj
 0003:00001790       ?MoveEntity@@YAXPEAUgame_state@@PEAUsim_region@@PEAUsim_entity@@MPEAUmove_spec@@Tv3@@@Z$rtcName$1 0000000180026790     p5engine.obj
 0003:0000179c       ?MoveEntity@@YAXPEAUgame_state@@PEAUsim_region@@PEAUsim_entity@@MPEAUmove_spec@@Tv3@@@Z$rtcName$9 000000018002679c     p5engine.obj
 0003:000017a0       ?MoveEntity@@YAXPEAUgame_state@@PEAUsim_region@@PEAUsim_entity@@MPEAUmove_spec@@Tv3@@@Z$rtcName$2 00000001800267a0     p5engine.obj
 0003:000017ac       ?MoveEntity@@YAXPEAUgame_state@@PEAUsim_region@@PEAUsim_entity@@MPEAUmove_spec@@Tv3@@@Z$rtcName$3 00000001800267ac     p5engine.obj
 0003:000017b8       ?MoveEntity@@YAXPEAUgame_state@@PEAUsim_region@@PEAUsim_entity@@MPEAUmove_spec@@Tv3@@@Z$rtcName$4 00000001800267b8     p5engine.obj
 0003:000017c8       ?MoveEntity@@YAXPEAUgame_state@@PEAUsim_region@@PEAUsim_entity@@MPEAUmove_spec@@Tv3@@@Z$rtcName$5 00000001800267c8     p5engine.obj
 0003:000017d8       ?MoveEntity@@YAXPEAUgame_state@@PEAUsim_region@@PEAUsim_entity@@MPEAUmove_spec@@Tv3@@@Z$rtcName$6 00000001800267d8     p5engine.obj
 0003:000017f0       ?MoveEntity@@YAXPEAUgame_state@@PEAUsim_region@@PEAUsim_entity@@MPEAUmove_spec@@Tv3@@@Z$rtcName$7 00000001800267f0     p5engine.obj
 0003:00001800       ?MoveEntity@@YAXPEAUgame_state@@PEAUsim_region@@PEAUsim_entity@@MPEAUmove_spec@@Tv3@@@Z$rtcName$8 0000000180026800     p5engine.obj
 0003:00001810       ?MoveEntity@@YAXPEAUgame_state@@PEAUsim_region@@PEAUsim_entity@@MPEAUmove_spec@@Tv3@@@Z$rtcVarDesc 0000000180026810     p5engine.obj
 0003:00001a90       ?MoveEntity@@YAXPEAUgame_state@@PEAUsim_region@@PEAUsim_entity@@MPEAUmove_spec@@Tv3@@@Z$rtcFrameData 0000000180026a90     p5engine.obj
 0003:00001b40       ?DefaultMoveSpec@@YA?AUmove_spec@@XZ$rtcName$0 0000000180026b40     p5engine.obj
 0003:00001b50       ?DefaultMoveSpec@@YA?AUmove_spec@@XZ$rtcVarDesc 0000000180026b50     p5engine.obj
 0003:00001b90       ?DefaultMoveSpec@@YA?AUmove_spec@@XZ$rtcFrameData 0000000180026b90     p5engine.obj
 0003:00001bc0       ?DEBUGLoadBMP@@YA?AUloaded_bitmap@@PEAUthread_context@@P6A?AUdebug_read_file_result@@0PEAD@Z1@Z$rtcName$0 0000000180026bc0     p5engine.obj
 0003:00001bc8       ?DEBUGLoadBMP@@YA?AUloaded_bitmap@@PEAUthread_context@@P6A?AUdebug_read_file_result@@0PEAD@Z1@Z$rtcName$1 0000000180026bc8     p5engine.obj
 0003:00001bd8       ?DEBUGLoadBMP@@YA?AUloaded_bitmap@@PEAUthread_context@@P6A?AUdebug_read_file_result@@0PEAD@Z1@Z$rtcName$2 0000000180026bd8     p5engine.obj
 0003:00001be0       ?DEBUGLoadBMP@@YA?AUloaded_bitmap@@PEAUthread_context@@P6A?AUdebug_read_file_result@@0PEAD@Z1@Z$rtcName$3 0000000180026be0     p5engine.obj
 0003:00001bf0       ?DEBUGLoadBMP@@YA?AUloaded_bitmap@@PEAUthread_context@@P6A?AUdebug_read_file_result@@0PEAD@Z1@Z$rtcName$4 0000000180026bf0     p5engine.obj
 0003:00001c00       ?DEBUGLoadBMP@@YA?AUloaded_bitmap@@PEAUthread_context@@P6A?AUdebug_read_file_result@@0PEAD@Z1@Z$rtcName$5 0000000180026c00     p5engine.obj
 0003:00001c10       ?DEBUGLoadBMP@@YA?AUloaded_bitmap@@PEAUthread_context@@P6A?AUdebug_read_file_result@@0PEAD@Z1@Z$rtcVarDesc 0000000180026c10     p5engine.obj
 0003:00001d90       ?DEBUGLoadBMP@@YA?AUloaded_bitmap@@PEAUthread_context@@P6A?AUdebug_read_file_result@@0PEAD@Z1@Z$rtcFrameData 0000000180026d90     p5engine.obj
 0003:00001e00       ?AddLowEntity@@YA?AUadd_low_entity_result@@PEAUgame_state@@W4entity_type@@Uworld_position@@@Z$rtcName$0 0000000180026e00     p5engine.obj
 0003:00001e10       ?AddLowEntity@@YA?AUadd_low_entity_result@@PEAUgame_state@@W4entity_type@@Uworld_position@@@Z$rtcVarDesc 0000000180026e10     p5engine.obj
 0003:00001e50       ?AddLowEntity@@YA?AUadd_low_entity_result@@PEAUgame_state@@W4entity_type@@Uworld_position@@@Z$rtcFrameData 0000000180026e50     p5engine.obj
 0003:00001e80       ?AddWall@@YA?AUadd_low_entity_result@@PEAUworld@@PEAUgame_state@@III@Z$rtcName$0 0000000180026e80     p5engine.obj
 0003:00001e84       ?AddWall@@YA?AUadd_low_entity_result@@PEAUworld@@PEAUgame_state@@III@Z$rtcName$1 0000000180026e84     p5engine.obj
 0003:00001e90       ?AddWall@@YA?AUadd_low_entity_result@@PEAUworld@@PEAUgame_state@@III@Z$rtcVarDesc 0000000180026e90     p5engine.obj
 0003:00001f10       ?AddWall@@YA?AUadd_low_entity_result@@PEAUworld@@PEAUgame_state@@III@Z$rtcFrameData 0000000180026f10     p5engine.obj
 0003:00001f40       ?AddSword@@YA?AUadd_low_entity_result@@PEAUgame_state@@@Z$rtcName$0 0000000180026f40     p5engine.obj
 0003:00001f50       ?AddSword@@YA?AUadd_low_entity_result@@PEAUgame_state@@@Z$rtcVarDesc 0000000180026f50     p5engine.obj
 0003:00001f90       ?AddSword@@YA?AUadd_low_entity_result@@PEAUgame_state@@@Z$rtcFrameData 0000000180026f90     p5engine.obj
 0003:00001fc0       ?AddPlayer@@YA?AUadd_low_entity_result@@PEAUgame_state@@@Z$rtcName$0 0000000180026fc0     p5engine.obj
 0003:00001fc4       ?AddPlayer@@YA?AUadd_low_entity_result@@PEAUgame_state@@@Z$rtcName$1 0000000180026fc4     p5engine.obj
 0003:00001fcc       ?AddPlayer@@YA?AUadd_low_entity_result@@PEAUgame_state@@@Z$rtcName$2 0000000180026fcc     p5engine.obj
 0003:00001fe0       ?AddPlayer@@YA?AUadd_low_entity_result@@PEAUgame_state@@@Z$rtcVarDesc 0000000180026fe0     p5engine.obj
 0003:000020a0       ?AddPlayer@@YA?AUadd_low_entity_result@@PEAUgame_state@@@Z$rtcFrameData 00000001800270a0     p5engine.obj
 0003:000020e0       ?AddMonstar@@YA?AUadd_low_entity_result@@PEAUgame_state@@III@Z$rtcName$0 00000001800270e0     p5engine.obj
 0003:000020e4       ?AddMonstar@@YA?AUadd_low_entity_result@@PEAUgame_state@@III@Z$rtcName$1 00000001800270e4     p5engine.obj
 0003:000020f0       ?AddMonstar@@YA?AUadd_low_entity_result@@PEAUgame_state@@III@Z$rtcVarDesc 00000001800270f0     p5engine.obj
 0003:00002170       ?AddMonstar@@YA?AUadd_low_entity_result@@PEAUgame_state@@III@Z$rtcFrameData 0000000180027170     p5engine.obj
 0003:000021a0       ?AddFamiliar@@YA?AUadd_low_entity_result@@PEAUgame_state@@III@Z$rtcName$0 00000001800271a0     p5engine.obj
 0003:000021a4       ?AddFamiliar@@YA?AUadd_low_entity_result@@PEAUgame_state@@III@Z$rtcName$1 00000001800271a4     p5engine.obj
 0003:000021b0       ?AddFamiliar@@YA?AUadd_low_entity_result@@PEAUgame_state@@III@Z$rtcVarDesc 00000001800271b0     p5engine.obj
 0003:00002230       ?AddFamiliar@@YA?AUadd_low_entity_result@@PEAUgame_state@@III@Z$rtcFrameData 0000000180027230     p5engine.obj
 0003:00002260       ?PushBitmap@@YAXPEAUentity_visible_piece_group@@PEAUloaded_bitmap@@Tv2@@M2MM@Z$rtcName$0 0000000180027260     p5engine.obj
 0003:00002264       ?PushBitmap@@YAXPEAUentity_visible_piece_group@@PEAUloaded_bitmap@@Tv2@@M2MM@Z$rtcName$1 0000000180027264     p5engine.obj
 0003:00002270       ?PushBitmap@@YAXPEAUentity_visible_piece_group@@PEAUloaded_bitmap@@Tv2@@M2MM@Z$rtcVarDesc 0000000180027270     p5engine.obj
 0003:000022f0       ?PushBitmap@@YAXPEAUentity_visible_piece_group@@PEAUloaded_bitmap@@Tv2@@M2MM@Z$rtcFrameData 00000001800272f0     p5engine.obj
 0003:00002320       ?DrawHitpoints@@YAXPEAUsim_entity@@PEAUentity_visible_piece_group@@@Z$rtcName$0 0000000180027320     p5engine.obj
 0003:0000232c       ?DrawHitpoints@@YAXPEAUsim_entity@@PEAUentity_visible_piece_group@@@Z$rtcName$1 000000018002732c     p5engine.obj
 0003:00002338       ?DrawHitpoints@@YAXPEAUsim_entity@@PEAUentity_visible_piece_group@@@Z$rtcName$2 0000000180027338     p5engine.obj
 0003:00002340       ?DrawHitpoints@@YAXPEAUsim_entity@@PEAUentity_visible_piece_group@@@Z$rtcName$3 0000000180027340     p5engine.obj
 0003:00002348       ?DrawHitpoints@@YAXPEAUsim_entity@@PEAUentity_visible_piece_group@@@Z$rtcFrameData 0000000180027348     p5engine.obj
 0003:00002360       ?DrawHitpoints@@YAXPEAUsim_entity@@PEAUentity_visible_piece_group@@@Z$rtcVarDesc 0000000180027360     p5engine.obj
 0003:000024a0       GameUpdateAndRender$rtcName$0 00000001800274a0     p5engine.obj
 0003:000024b0       GameUpdateAndRender$rtcName$1 00000001800274b0     p5engine.obj
 0003:000024c4       GameUpdateAndRender$rtcName$7 00000001800274c4     p5engine.obj
 0003:000024cc       GameUpdateAndRender$rtcName$9 00000001800274cc     p5engine.obj
 0003:000024d0       GameUpdateAndRender$rtcName$2 00000001800274d0     p5engine.obj
 0003:000024e0       GameUpdateAndRender$rtcName$3 00000001800274e0     p5engine.obj
 0003:000024ec       GameUpdateAndRender$rtcName$6 00000001800274ec     p5engine.obj
 0003:000024f4       GameUpdateAndRender$rtcName$10 00000001800274f4     p5engine.obj
 0003:000024f8       GameUpdateAndRender$rtcName$4 00000001800274f8     p5engine.obj
 0003:00002508       GameUpdateAndRender$rtcName$5 0000000180027508     p5engine.obj
 0003:00002518       GameUpdateAndRender$rtcName$8 0000000180027518     p5engine.obj
 0003:00002520       GameUpdateAndRender$rtcName$11 0000000180027520     p5engine.obj
 0003:0000252c       GameUpdateAndRender$rtcName$12 000000018002752c     p5engine.obj
 0003:00002538       GameUpdateAndRender$rtcFrameData 0000000180027538     p5engine.obj
 0003:00002550       GameUpdateAndRender$rtcVarDesc 0000000180027550     p5engine.obj
 0003:00002c08       ?_RTC_ErrorMessages@@3QBQEBDB 0000000180027c08     MSVCRTD:error.obj
[...]
 0003:000047b4       $unwind$?ClearCollisionRulesFor@@YAXPEAUgame_state@@I@Z 00000001800297b4     p5engine.obj
 0003:000047c8       $unwind$?NullPosition@@YA?AUworld_position@@XZ 00000001800297c8     p5engine.obj
 0003:000047e4       $unwind$?IsValid@@YAHUworld_position@@@Z 00000001800297e4     p5engine.obj
 0003:000047f8       $unwind$?IsCanonical@@YAHMM@Z 00000001800297f8     p5engine.obj
 0003:0000480c       $unwind$?IsCanonical@@YAHPEAUworld@@Tv3@@@Z 000000018002980c     p5engine.obj
 0003:00004820       $unwind$?AreInSameChunk@@YAHPEAUworld@@PEAUworld_position@@1@Z 0000000180029820     p5engine.obj
 0003:00004834       $unwind$?GetWorldChunk@@YAPEAUworld_chunk@@PEAUworld@@HHHPEAUmemory_arena@@@Z 0000000180029834     p5engine.obj
 0003:00004848       $unwind$?InitializeWorld@@YAXPEAUworld@@M@Z 0000000180029848     p5engine.obj
 0003:0000485c       $unwind$?RecanonicalizeCoord@@YAXMPEAHPEAM@Z 000000018002985c     p5engine.obj
 0003:00004870       $unwind$?MapIntoChunkSpace@@YA?AUworld_position@@PEAUworld@@U1@Tv3@@@Z 0000000180029870     p5engine.obj
 0003:0000488c       $unwind$?ChunkPositionFromTilePosition@@YA?AUworld_position@@PEAUworld@@HHH@Z 000000018002988c     p5engine.obj
 0003:000048a8       $unwind$?Subtract@@YA?ATv3@@PEAUworld@@PEAUworld_position@@1@Z 00000001800298a8     p5engine.obj
 0003:000048c4       $unwind$?ChangeEntityLocationRaw@@YAXPEAUmemory_arena@@PEAUworld@@IPEAUworld_position@@2@Z 00000001800298c4     p5engine.obj
 0003:000048d8       $unwind$?ChangeEntityLocation@@YAXPEAUmemory_arena@@PEAUworld@@IPEAUlow_entity@@Uworld_position@@@Z 00000001800298d8     p5engine.obj
 0003:000048ec       $unwind$?GetHashFromStorageIndex@@YAPEAUsim_entity_hash@@PEAUsim_region@@I@Z 00000001800298ec     p5engine.obj
 0003:00004900       $unwind$?GetSimSpacePos@@YA?ATv3@@PEAUsim_region@@PEAUlow_entity@@@Z 0000000180029900     p5engine.obj
 0003:00004914       $unwind$?AddEntity@@YAPEAUsim_entity@@PEAUgame_state@@PEAUsim_region@@IPEAUlow_entity@@PEATv3@@@Z 0000000180029914     p5engine.obj
 0003:00004928       $unwind$?LoadEntityReference@@YAXPEAUgame_state@@PEAUsim_region@@PEATentity_reference@@@Z 0000000180029928     p5engine.obj
 0003:00004944       $unwind$?StoreEntityReference@@YAXPEATentity_reference@@@Z 0000000180029944     p5engine.obj
 0003:00004958       $unwind$?AddEntityRaw@@YAPEAUsim_entity@@PEAUgame_state@@PEAUsim_region@@IPEAUlow_entity@@@Z 0000000180029958     p5engine.obj
 0003:0000496c       $unwind$?EntityOverlapsRectangle@@YAHTv3@@0Urectangle3@@@Z 000000018002996c     p5engine.obj
 0003:00004980       $unwind$?BeginSim@@YAPEAUsim_region@@PEAUmemory_arena@@PEAUgame_state@@PEAUworld@@Uworld_position@@Urectangle3@@M@Z 0000000180029980     p5engine.obj
 0003:0000499c       $unwind$?EndSim@@YAXPEAUsim_region@@PEAUgame_state@@@Z 000000018002999c     p5engine.obj
 0003:000049b8       $unwind$?TestWall@@YAHMMMMMPEAMMM@Z 00000001800299b8     p5engine.obj
 0003:000049cc       $unwind$?ShouldCollide@@YAHPEAUgame_state@@PEAUsim_entity@@1@Z 00000001800299cc     p5engine.obj
 0003:000049e0       $unwind$?HandleCollision@@YAHPEAUsim_entity@@0@Z 00000001800299e0     p5engine.obj
 0003:000049f4       $unwind$?MoveEntity@@YAXPEAUgame_state@@PEAUsim_region@@PEAUsim_entity@@MPEAUmove_spec@@Tv3@@@Z 00000001800299f4     p5engine.obj
 0003:00004a10       $unwind$?DefaultMoveSpec@@YA?AUmove_spec@@XZ 0000000180029a10     p5engine.obj
 0003:00004a2c       $unwind$?GameOutputSound@@YAXPEAUgame_state@@PEAUgame_sound_output_buffer@@H@Z 0000000180029a2c     p5engine.obj
 0003:00004a40       $unwind$?DrawRectangle@@YAXPEAUgame_offscreen_buffer@@Tv2@@1MMM@Z 0000000180029a40     p5engine.obj
 0003:00004a54       $unwind$?DrawBitmap@@YAXPEAUgame_offscreen_buffer@@PEAUloaded_bitmap@@MMM@Z 0000000180029a54     p5engine.obj
 0003:00004a68       $unwind$?DEBUGLoadBMP@@YA?AUloaded_bitmap@@PEAUthread_context@@P6A?AUdebug_read_file_result@@0PEAD@Z1@Z 0000000180029a68     p5engine.obj
 0003:00004a84       $unwind$?AddLowEntity@@YA?AUadd_low_entity_result@@PEAUgame_state@@W4entity_type@@Uworld_position@@@Z 0000000180029a84     p5engine.obj
 0003:00004aa0       $unwind$?AddWall@@YA?AUadd_low_entity_result@@PEAUworld@@PEAUgame_state@@III@Z 0000000180029aa0     p5engine.obj
 0003:00004ab4       $unwind$?InitHitPoints@@YAXPEAUlow_entity@@I@Z 0000000180029ab4     p5engine.obj
 0003:00004ac8       $unwind$?AddSword@@YA?AUadd_low_entity_result@@PEAUgame_state@@@Z 0000000180029ac8     p5engine.obj
 0003:00004adc       $unwind$?AddPlayer@@YA?AUadd_low_entity_result@@PEAUgame_state@@@Z 0000000180029adc     p5engine.obj
 0003:00004af0       $unwind$?AddMonstar@@YA?AUadd_low_entity_result@@PEAUgame_state@@III@Z 0000000180029af0     p5engine.obj
 0003:00004b04       $unwind$?AddFamiliar@@YA?AUadd_low_entity_result@@PEAUgame_state@@III@Z 0000000180029b04     p5engine.obj
 0003:00004b18       $unwind$?PushPiece@@YAXPEAUentity_visible_piece_group@@PEAUloaded_bitmap@@Tv2@@2M2Tv4@@M@Z 0000000180029b18     p5engine.obj
 0003:00004b2c       $unwind$?PushBitmap@@YAXPEAUentity_visible_piece_group@@PEAUloaded_bitmap@@Tv2@@M2MM@Z 0000000180029b2c     p5engine.obj
 0003:00004b40       $unwind$?PushRect@@YAXPEAUentity_visible_piece_group@@Tv2@@M1Tv4@@M@Z 0000000180029b40     p5engine.obj
 0003:00004b54       $unwind$?DrawHitpoints@@YAXPEAUsim_entity@@PEAUentity_visible_piece_group@@@Z 0000000180029b54     p5engine.obj
 0003:00004b70       $unwind$GameUpdateAndRender 0000000180029b70     p5engine.obj
 0003:00004b8c       $unwind$GameGetSoundSamples 0000000180029b8c     p5engine.obj
 0003:00004ba0       $unwind$_RTC_CheckStackVars 0000000180029ba0     MSVCRTD:stack.obj
 0003:00004bb4       $chain$0$_RTC_CheckStackVars 0000000180029bb4     MSVCRTD:stack.obj
 0003:00004bcc       $chain$1$_RTC_CheckStackVars 0000000180029bcc     MSVCRTD:stack.obj
 0003:00004be0       $unwind$_RTC_CheckStackVars2 0000000180029be0     MSVCRTD:stack.obj
 0003:00004bf0       $chain$1$_RTC_CheckStackVars2 0000000180029bf0     MSVCRTD:stack.obj
 0003:00004c0c       $chain$2$_RTC_CheckStackVars2 0000000180029c0c     MSVCRTD:stack.obj
 0003:00004c24       $chain$3$_RTC_CheckStackVars2 0000000180029c24     MSVCRTD:stack.obj
 0003:00004c3c       $chain$4$_RTC_CheckStackVars2 0000000180029c3c     MSVCRTD:stack.obj
 0003:00004c50       $chain$5$_RTC_CheckStackVars2 0000000180029c50     MSVCRTD:stack.obj
 0003:00004c64       $chain$6$_RTC_CheckStackVars2 0000000180029c64     MSVCRTD:stack.obj
 0003:00004c78       $unwind$_RTC_AllocaHelper  0000000180029c78     MSVCRTD:stack.obj
 0003:00004c80       $chain$0$_RTC_AllocaHelper 0000000180029c80     MSVCRTD:stack.obj
 0003:00004c98       $chain$1$_RTC_AllocaHelper 0000000180029c98     MSVCRTD:stack.obj
 0003:00004cac       $unwind$_RTC_Shutdown      0000000180029cac     MSVCRTD:init.obj
 0003:00004cb4       $unwind$_RTC_InitBase      0000000180029cb4     MSVCRTD:init.obj
 0003:00004cbc       $unwind$__CheckForDebuggerJustMyCode 0000000180029cbc     MSVCRTD:debugger_jmc.obj
 0003:00004cc4       $unwind$__GSHandlerCheckCommon 0000000180029cc4     MSVCRTD:gshandler.obj
 0003:00004ccc       $unwind$__GSHandlerCheck   0000000180029ccc     MSVCRTD:gshandler.obj
 0003:00004cd8       $xdatasym                  0000000180029cd8     MSVCRTD:chkstk.obj
 0003:00004ce0       $xdatasym                  0000000180029ce0     MSVCRTD:amdsecgs.obj
 0003:00004ce4       $unwind$?dllmain_crt_process_attach@@YAHQEAUHINSTANCE__@@QEAX@Z 0000000180029ce4     MSVCRTD:dll_dllmain.obj
 0003:00004d08       $unwind$?fin$0@?0??dllmain_crt_process_attach@@YAHQEAUHINSTANCE__@@QEAX@Z@4HA 0000000180029d08     MSVCRTD:dll_dllmain.obj
 0003:00004d10       $unwind$?dllmain_crt_process_detach@@YAH_N@Z 0000000180029d10     MSVCRTD:dll_dllmain.obj
 0003:00004d44       $unwind$?fin$0@?0??dllmain_crt_process_detach@@YAH_N@Z@4HA 0000000180029d44     MSVCRTD:dll_dllmain.obj
 0003:00004d4c       $unwind$?fin$1@?0??dllmain_crt_process_detach@@YAH_N@Z@4HA 0000000180029d4c     MSVCRTD:dll_dllmain.obj
 0003:00004d54       $unwind$?dllmain_crt_dispatch@@YAHQEAUHINSTANCE__@@KQEAX@Z 0000000180029d54     MSVCRTD:dll_dllmain.obj
 0003:00004d5c       $unwind$_CRT_INIT          0000000180029d5c     MSVCRTD:dll_dllmain.obj
 0003:00004d64       $unwind$?dllmain_raw@@YAHQEAUHINSTANCE__@@KQEAX@Z 0000000180029d64     MSVCRTD:dll_dllmain.obj
 0003:00004d6c       $unwind$?dllmain_dispatch@@YAHQEAUHINSTANCE__@@KQEAX@Z 0000000180029d6c     MSVCRTD:dll_dllmain.obj
 0003:00004d90       $unwind$?filt$0@?0??dllmain_dispatch@@YAHQEAUHINSTANCE__@@KQEAX@Z@4HA 0000000180029d90     MSVCRTD:dll_dllmain.obj
 0003:00004d98       $unwind$_DllMainCRTStartup 0000000180029d98     MSVCRTD:dll_dllmain.obj
 0003:00004da0       $unwind$_RTC_UninitUse     0000000180029da0     MSVCRTD:error.obj
 0003:00004dbc       $unwind$?_RTC_StackFailure@@YAXPEAXPEBD@Z 0000000180029dbc     MSVCRTD:error.obj
 0003:00004ddc       $unwind$?_RTC_AllocaFailure@@YAXPEAXPEAU_RTC_ALLOCA_NODE@@H@Z 0000000180029ddc     MSVCRTD:error.obj
 0003:00004df8       $chain$0$?_RTC_AllocaFailure@@YAXPEAXPEAU_RTC_ALLOCA_NODE@@H@Z 0000000180029df8     MSVCRTD:error.obj
 0003:00004e10       $chain$1$?_RTC_AllocaFailure@@YAXPEAXPEAU_RTC_ALLOCA_NODE@@H@Z 0000000180029e10     MSVCRTD:error.obj
 0003:00004e24       $unwind$_vsprintf_s_l      0000000180029e24     MSVCRTD:error.obj
 0003:00004e3c       $unwind$sprintf_s          0000000180029e3c     MSVCRTD:error.obj
 0003:00004e44       $unwind$?notify_debugger@@YAXAEBUtagEXCEPTION_VISUALCPP_DEBUG_INFO@@@Z 0000000180029e44     MSVCRTD:error.obj
 0003:00004e68       $unwind$?filt$0@?0??notify_debugger@@YAXAEBUtagEXCEPTION_VISUALCPP_DEBUG_INFO@@@Z@4HA 0000000180029e68     MSVCRTD:error.obj
 0003:00004e70       $unwind$?DebuggerProbe@@YA_NK@Z 0000000180029e70     MSVCRTD:error.obj
 0003:00004e78       $unwind$?DebuggerRuntime@@YA_NKHPEAXPEB_W@Z 0000000180029e78     MSVCRTD:error.obj
 0003:00004e80       $unwind$?failwithmessage@@YAXPEAXHHPEBD@Z 0000000180029e80     MSVCRTD:error.obj
 0003:00004ea8       $unwind$?_getMemBlockDataString@@YAXPEAD0PEBD_K@Z 0000000180029ea8     MSVCRTD:error.obj
 0003:00004ebc       $chain$3$?_getMemBlockDataString@@YAXPEAD0PEBD_K@Z 0000000180029ebc     MSVCRTD:error.obj
 0003:00004ee0       $chain$4$?_getMemBlockDataString@@YAXPEAD0PEBD_K@Z 0000000180029ee0     MSVCRTD:error.obj
 0003:00004ef4       $unwind$__report_securityfailure 0000000180029ef4     MSVCRTD:gs_report.obj
 0003:00004efc       $unwind$__report_securityfailureEx 0000000180029efc     MSVCRTD:gs_report.obj
 0003:00004f04       $unwind$__report_rangecheckfailure 0000000180029f04     MSVCRTD:gs_report.obj
 0003:00004f0c       $unwind$__report_gsfailure 0000000180029f0c     MSVCRTD:gs_report.obj
 0003:00004f14       $unwind$capture_current_context 0000000180029f14     MSVCRTD:gs_report.obj
 0003:00004f1c       $unwind$capture_previous_context 0000000180029f1c     MSVCRTD:gs_report.obj
 0003:00004f24       $unwind$__raise_securityfailure 0000000180029f24     MSVCRTD:gs_report.obj
 0003:00004f2c       $unwind$__security_init_cookie 0000000180029f2c     MSVCRTD:gs_support.obj
 0003:00004f34       $unwind$__get_entropy      0000000180029f34     MSVCRTD:gs_support.obj
 0003:00004f3c       $unwind$DllMain            0000000180029f3c     MSVCRTD:dll_dllmain_stub.obj
 0003:00004f44       $unwind$?__scrt_initialize_type_info@@YAXXZ 0000000180029f44     MSVCRTD:tncleanup.obj
 0003:00004f4c       $unwind$?__scrt_uninitialize_type_info@@YAXXZ 0000000180029f4c     MSVCRTD:tncleanup.obj
 0003:00004f54       $unwind$__scrt_initialize_default_local_stdio_options 0000000180029f54     MSVCRTD:default_local_stdio_options.obj
 0003:00004f5c       $unwind$atexit             0000000180029f5c     MSVCRTD:utility.obj
 0003:00004f64       $unwind$_onexit            0000000180029f64     MSVCRTD:utility.obj
 0003:00004f6c       $unwind$at_quick_exit      0000000180029f6c     MSVCRTD:utility.obj
 0003:00004f74       $unwind$__scrt_is_nonwritable_in_current_image 0000000180029f74     MSVCRTD:utility.obj
 0003:00004f98       $unwind$__scrt_is_nonwritable_in_current_image$filt$0 0000000180029f98     MSVCRTD:utility.obj
 0003:00004fa0       $unwind$__scrt_acquire_startup_lock 0000000180029fa0     MSVCRTD:utility.obj
 0003:00004fa8       $unwind$__scrt_release_startup_lock 0000000180029fa8     MSVCRTD:utility.obj
 0003:00004fb0       $unwind$__scrt_initialize_crt 0000000180029fb0     MSVCRTD:utility.obj
 0003:00004fb8       $unwind$__scrt_uninitialize_crt 0000000180029fb8     MSVCRTD:utility.obj
 0003:00004fc0       $unwind$__scrt_initialize_onexit_tables 0000000180029fc0     MSVCRTD:utility.obj
 0003:00004fd0       $unwind$__scrt_dllmain_exception_filter 0000000180029fd0     MSVCRTD:utility.obj
 0003:00004fd8       $unwind$__scrt_dllmain_before_initialize_c 0000000180029fd8     MSVCRTD:utility.obj
 0003:00004fe0       $unwind$__scrt_dllmain_after_initialize_c 0000000180029fe0     MSVCRTD:utility.obj
 0003:00004fe8       $unwind$__scrt_dllmain_uninitialize_c 0000000180029fe8     MSVCRTD:utility.obj
 0003:00004ff0       $unwind$__scrt_dllmain_uninitialize_critical 0000000180029ff0     MSVCRTD:utility.obj
 0003:00004ff8       $unwind$__scrt_dllmain_crt_thread_attach 0000000180029ff8     MSVCRTD:utility.obj
 0003:00005000       $unwind$__scrt_dllmain_crt_thread_detach 000000018002a000     MSVCRTD:utility.obj
 0003:00005008       $unwind$?configure_argv@__scrt_narrow_argv_policy@@SAHXZ 000000018002a008     MSVCRTD:utility.obj
 0003:00005010       $unwind$?initialize_environment@__scrt_narrow_environment_policy@@SAHXZ 000000018002a010     MSVCRTD:utility.obj
 0003:00005018       $unwind$?is_potentially_valid_image_base@@YA_NQEAX@Z 000000018002a018     MSVCRTD:utility.obj
 0003:00005020       $unwind$?find_pe_section@@YAPEAU_IMAGE_SECTION_HEADER@@QEAE_K@Z 000000018002a020     MSVCRTD:utility.obj
 0003:00005028       $unwind$__scrt_get_show_window_mode 000000018002a028     MSVCRTD:utility_desktop.obj
 0003:00005038       $unwind$__scrt_is_managed_app 000000018002a038     MSVCRTD:utility_desktop.obj
 0003:00005040       $unwind$__scrt_initialize_mta 000000018002a040     MSVCRTD:utility_desktop.obj
 0003:00005048       $unwind$__scrt_set_unhandled_exception_filter 000000018002a048     MSVCRTD:utility_desktop.obj
 0003:00005050       $unwind$__scrt_fastfail    000000018002a050     MSVCRTD:utility_desktop.obj
 0003:00005060       $unwind$__scrt_unhandled_exception_filter 000000018002a060     MSVCRTD:utility_desktop.obj
 0003:00005068       $unwind$_RTC_Initialize    000000018002a068     MSVCRTD:initsect.obj
 0003:00005078       $unwind$_RTC_Terminate     000000018002a078     MSVCRTD:initsect.obj
 0003:00005088       $unwind$ReadNoFence64      000000018002a088     MSVCRTD:guard_support.obj
 0003:00005090       $unwind$ReadPointerNoFence 000000018002a090     MSVCRTD:guard_support.obj
 0003:00005098       $unwind$_guard_icall_checks_enforced 000000018002a098     MSVCRTD:guard_support.obj
 0003:000050a0       $unwind$__castguard_compat_check 000000018002a0a0     MSVCRTD:guard_support.obj
 0003:000050a8       $unwind$__castguard_check_failure_debugbreak 000000018002a0a8     MSVCRTD:guard_support.obj
 0003:000050b0       $unwind$__castguard_check_failure_fastfail 000000018002a0b0     MSVCRTD:guard_support.obj
 0003:000050b8       $unwind$__castguard_check_failure_os_handled 000000018002a0b8     MSVCRTD:guard_support.obj
 0003:000050c0       $unwind$__castguard_slow_path_compat_check 000000018002a0c0     MSVCRTD:guard_support.obj
 0003:000050c8       $unwind$__castguard_slow_path_check_debugbreak 000000018002a0c8     MSVCRTD:guard_support.obj
 0003:000050d0       $unwind$__castguard_slow_path_check_fastfail 000000018002a0d0     MSVCRTD:guard_support.obj
 0003:000050d8       $unwind$__castguard_slow_path_check_os_handled 000000018002a0d8     MSVCRTD:guard_support.obj
 0003:000050e0       $unwind$?_RTC_GetSrcLine@@YAHPEAEPEA_WKPEAH1K@Z 000000018002a0e0     MSVCRTD:pdblkup.obj
 0003:000050fc       $unwind$?GetPdbDllFromInstallPath@@YAPEAUHINSTANCE__@@XZ 000000018002a0fc     MSVCRTD:pdblkup.obj
 0003:00005124       $unwind$?GetPdbDllPathFromFilePath@@YAHPEB_WPEA_W_K@Z 000000018002a124     MSVCRTD:pdblkup.obj
 0003:00005140       $unwind$?GetPdbDll@@YAPEAUHINSTANCE__@@XZ 000000018002a140     MSVCRTD:pdblkup.obj
 0003:00005154       $unwind$__isa_available_init 000000018002a154     MSVCRTD:cpu_disp.obj
 0003:00005168       $unwind$__scrt_is_ucrt_dll_in_use 000000018002a168     MSVCRTD:ucrt_detection.obj
 0003:00005170       $xdatasym                  000000018002a170     MSVCRTD:guard_dispatch.obj
 0003:00005178       $xdatasym                  000000018002a178     MSVCRTD:guard_xfg_dispatch.obj
 0003:00005420       .edata                     000000018002a420     P5Engine.exp
 0003:00005448       rgpv                       000000018002a448     P5Engine.exp
 0003:00005450       rgszName                   000000018002a450     P5Engine.exp
 0003:00005458       rgwOrd                     000000018002a458     P5Engine.exp
 0003:0000545c       szName                     000000018002a45c     P5Engine.exp
 0003:00005469       $N00001                    000000018002a469     P5Engine.exp
 0003:0000547d       $N00002                    000000018002a47d     P5Engine.exp
 0004:00000000       ?RandomNumberTable@@3PAIA  000000018002b000     p5engine.obj
 0004:00004e40       ?init@?1??_RTC_InitBase@@9@4_NA 000000018002fe40     MSVCRTD:init.obj
 0004:00004e44       ?__proc_attached@@3HA      000000018002fe44     MSVCRTD:dll_dllmain.obj
 0004:00004e58       ?_RTC_ErrorReportFunc@@3P6AHHPEBDH00ZZEA 000000018002fe58     MSVCRTD:userapi.obj
 0004:00004e60       ?_RTC_ErrorReportFuncW@@3P6AHHPEB_WH00ZZEA 000000018002fe60     MSVCRTD:userapi.obj
 0004:00004e70       GS_ExceptionRecord         000000018002fe70     MSVCRTD:gs_report.obj
 0004:00004f10       GS_ContextRecord           000000018002ff10     MSVCRTD:gs_report.obj
 0004:00005538       ?is_initialized_as_dll@@3_NA 0000000180030538     MSVCRTD:utility.obj
 0004:00005539       ?module_local_atexit_table_initialized@@3_NA 0000000180030539     MSVCRTD:utility.obj
 0004:00005540       ?module_local_atexit_table@@3U_onexit_table_t@@A 0000000180030540     MSVCRTD:utility.obj
 0004:00005558       ?module_local_at_quick_exit_table@@3U_onexit_table_t@@A 0000000180030558     MSVCRTD:utility.obj
 0004:00005598       ?mspdb@@3PEAUHINSTANCE__@@EA 0000000180030598     MSVCRTD:pdblkup.obj
 0004:000055a1       ?alreadyTried@?1??GetPdbDll@@YAPEAUHINSTANCE__@@XZ@4_NA 00000001800305a1     MSVCRTD:pdblkup.obj
 0004:000055a2       ?PDBOK@?1??_RTC_GetSrcLine@@YAHPEAEPEA_WKPEAH1K@Z@4_NA 00000001800305a2     MSVCRTD:pdblkup.obj
 0006:000007aa       .idata$6                   00000001800347aa     vcruntimed:VCRUNTIME140D.dll
 0006:0000095a       .idata$6                   000000018003495a     ucrtd:ucrtbased.dll
 0006:00000b9c       .idata$6                   0000000180034b9c     kernel32:KERNEL32.dll
 0007:00000000       __5C0B09BC_p5engine_platform@h 0000000180035000     p5engine.obj
 0007:00000001       __09340588_corecrt_math@h  0000000180035001     p5engine.obj
 0007:00000002       __B0C4CEA9_malloc@h        0000000180035002     p5engine.obj
 0007:00000003       __3A0418DB_p5engine_intrinsics@h 0000000180035003     p5engine.obj
 0007:00000004       __6D6C9F34_p5engine_math@h 0000000180035004     p5engine.obj
 0007:00000005       __326D9465_p5engine_entity@h 0000000180035005     p5engine.obj
 0007:00000006       __B7D51BCB_p5engine@h      0000000180035006     p5engine.obj
 0007:00000007       __DC0D61CC_p5engine_world@cpp 0000000180035007     p5engine.obj
 0007:00000008       __5DD8E4E4_p5engine_sim_region@cpp 0000000180035008     p5engine.obj
 0007:00000009       __9C871DF9_p5engine_entity@cpp 0000000180035009     p5engine.obj
 0007:0000000a       __D1049797_p5engine@cpp    000000018003500a     p5engine.obj
 0009:00000170       $R000000                   0000000180037170     * linker generated manifest res *
