 P5Engine

 Timestamp is 632e76c8 (Fri Sep 23 22:17:28 2022)

 Preferred load address is 0000000180000000

 Start         Length     Name                   Class
 0001:00000000 000147d0H .text$mn                CODE
 0001:000147d0 00000040H .text$mn$00             CODE
 0001:00014810 000000ddH .text$x                 CODE
 0002:00000000 00000100H .idata$5                DATA
 0002:00000100 00000028H .00cfg                  DATA
 0002:00000128 00000008H .CRT$XCA                DATA
 0002:00000130 00000008H .CRT$XCZ                DATA
 0002:00000138 00000008H .CRT$XIA                DATA
 0002:00000140 00000008H .CRT$XIZ                DATA
 0002:00000148 00000008H .CRT$XPA                DATA
 0002:00000150 00000008H .CRT$XPZ                DATA
 0002:00000158 00000008H .CRT$XTA                DATA
 0002:00000160 00000010H .CRT$XTZ                DATA
 0002:00000168 00000000H .gehcont$y              DATA
 0002:00000168 00000000H .gfids$y                DATA
 0002:00000170 00000790H .rdata                  DATA
 0002:00000900 00000000H .rdata$CastGuardVftablesA DATA
 0002:00000900 00000000H .rdata$CastGuardVftablesC DATA
 0002:00000900 0000017cH .rdata$voltmd           DATA
 0002:00000a7c 000002dcH .rdata$zzzdbg           DATA
 0002:00000d58 00000008H .rtc$IAA                DATA
 0002:00000d60 00000008H .rtc$IZZ                DATA
 0002:00000d68 00000008H .rtc$TAA                DATA
 0002:00000d70 00000008H .rtc$TZZ                DATA
 0002:00000d78 00000808H .xdata                  DATA
 0002:00001580 00000074H .edata                  DATA
 0002:000015f4 0000003cH .idata$2                DATA
 0002:00001630 00000018H .idata$3                DATA
 0002:00001648 00000100H .idata$4                DATA
 0002:00001748 00000294H .idata$6                DATA
 0003:00000000 00004040H .data                   DATA
 0003:00004040 0000062cH .bss                    DATA
 0004:00000000 00000b64H .pdata                  DATA
 0005:00000000 0000001cH .msvcjmc                DATA
 0006:00000000 00000060H .rsrc$01                DATA
 0006:00000060 00000098H .rsrc$02                DATA

  Address         Publics by Value              Rva+Base               Lib:Object

 0000:00000000       __guard_longjmp_table      0000000000000000     <absolute>
 0000:00000000       __hybrid_auxiliary_iat_copy 0000000000000000     <absolute>
 0000:00000000       __AbsoluteZero             0000000000000000     <absolute>
 0000:00000000       __hybrid_auxiliary_iat     0000000000000000     <absolute>
 0000:00000000       __dynamic_value_reloc_table 0000000000000000     <absolute>
 0000:00000000       __x64_code_ranges_to_entry_points 0000000000000000     <absolute>
 0000:00000000       __guard_longjmp_count      0000000000000000     <absolute>
 0000:00000000       __guard_iat_count          0000000000000000     <absolute>
 0000:00000000       __guard_check_icall_a64n_fptr 0000000000000000     <absolute>
 0000:00000000       __guard_fids_table         0000000000000000     <absolute>
 0000:00000000       ___safe_se_handler_count   0000000000000000     <absolute>
 0000:00000000       __arm64x_extra_rfe_table_size 0000000000000000     <absolute>
 0000:00000000       __hybrid_code_map_count    0000000000000000     <absolute>
 0000:00000000       __guard_iat_table          0000000000000000     <absolute>
 0000:00000000       __arm64x_redirection_metadata 0000000000000000     <absolute>
 0000:00000000       __hybrid_code_map          0000000000000000     <absolute>
 0000:00000000       __guard_eh_cont_count      0000000000000000     <absolute>
 0000:00000000       __arm64x_extra_rfe_table   0000000000000000     <absolute>
 0000:00000000       __x64_code_ranges_to_entry_points_count 0000000000000000     <absolute>
 0000:00000000       __arm64x_redirection_metadata_count 0000000000000000     <absolute>
 0000:00000000       __enclave_config           0000000000000000     <absolute>
 0000:00000000       __guard_fids_count         0000000000000000     <absolute>
 0000:00000000       ___safe_se_handler_table   0000000000000000     <absolute>
 0000:00000000       __arm64x_native_entrypoint 0000000000000000     <absolute>
 0000:00000000       __guard_eh_cont_table      0000000000000000     <absolute>
 0000:00000100       __guard_flags              0000000000000100     <absolute>
 0000:00000000       __ImageBase                0000000180000000     <linker-defined>
 0001:00009940       GameUpdateAndRender        000000018000a940 f   p5engine.obj
 0001:0000d3b0       GameGetSoundSamples        000000018000e3b0 f   p5engine.obj
 0001:0000d420       ??D@YA?ATv2@@MT0@@Z        000000018000e420 f i p5engine.obj
 0001:0000d4a0       ??D@YA?ATv3@@MT0@@Z        000000018000e4a0 f i p5engine.obj
 0001:0000d550       ??D@YA?ATv3@@T0@M@Z        000000018000e550 f i p5engine.obj
 0001:0000d5d0       ??D@YA?ATv4@@MT0@@Z        000000018000e5d0 f i p5engine.obj
 0001:0000d6a0       ??G@YA?ATv2@@T0@0@Z        000000018000e6a0 f i p5engine.obj
 0001:0000d720       ??G@YA?ATv3@@T0@0@Z        000000018000e720 f i p5engine.obj
 0001:0000d7e0       ??H@YA?ATv2@@T0@0@Z        000000018000e7e0 f i p5engine.obj
 0001:0000d860       ??H@YA?ATv3@@T0@0@Z        000000018000e860 f i p5engine.obj
 0001:0000d920       ??X@YAAEATv3@@AEAT0@M@Z    000000018000e920 f i p5engine.obj
 0001:0000d9a0       ??Y@YAAEATv2@@AEAT0@T0@@Z  000000018000e9a0 f i p5engine.obj
 0001:0000d9f0       ??Y@YAAEATv3@@AEAT0@T0@@Z  000000018000e9f0 f i p5engine.obj
 0001:0000da90       ??Z@YAAEATv3@@AEAT0@T0@@Z  000000018000ea90 f i p5engine.obj
 0001:0000db30       ?ATan2@@YAMMM@Z            000000018000eb30 f i p5engine.obj
 0001:0000db80       ?AbsoluteValue@@YAMM@Z     000000018000eb80 f i p5engine.obj
 0001:0000dbc0       ?AddFlags@@YAXPEAUsim_entity@@I@Z 000000018000ebc0 f i p5engine.obj
 0001:0000dc00       ?AddRadiusTo@@YA?AUrectangle3@@U1@Tv3@@@Z 000000018000ec00 f i p5engine.obj
 0001:0000dd70       ?AllResourcesPresent@@YAHPEAUrender_group@@@Z 000000018000ed70 f i p5engine.obj
 0001:0000ddc0       ?AreInSameChunk@@YAHPEAUworld@@PEAUworld_position@@1@Z 000000018000edc0 f i p5engine.obj
 0001:0000dec0       ?AtomicCompareExchangeUInt32@@YAIPECIII@Z 000000018000eec0 f i p5engine.obj
 0001:0000df10       ?BeginTemporaryMemory@@YA?AUtemporary_memory@@PEAUmemory_arena@@@Z 000000018000ef10 f i p5engine.obj
 0001:0000dfb0       ?CenteredChunkPoint@@YA?AUworld_position@@III@Z 000000018000efb0 f i p5engine.obj
 0001:0000e040       ?ChangeEntityLocationRaw@@YAXPEAUmemory_arena@@PEAUworld@@IPEAUworld_position@@2@Z 000000018000f040 f i p5engine.obj
 0001:0000e430       ?CheckArena@@YAXPEAUmemory_arena@@@Z 000000018000f430 f i p5engine.obj
 0001:0000e460       ?ChunkPositionFromTilePosition@@YA?AUworld_position@@PEAUworld@@HHHTv3@@@Z 000000018000f460 f i p5engine.obj
 0001:0000e700       ?Clamp01@@YA?ATv2@@T1@@Z   000000018000f700 f i p5engine.obj
 0001:0000e770       ?Clamp01@@YAMM@Z           000000018000f770 f i p5engine.obj
 0001:0000e7b0       ?Clamp01MapToRange@@YAMMMM@Z 000000018000f7b0 f i p5engine.obj
 0001:0000e830       ?Clamp@@YAMMMM@Z           000000018000f830 f i p5engine.obj
 0001:0000e8a0       ?Clear@@YAXPEAUrender_group@@Tv4@@@Z 000000018000f8a0 f i p5engine.obj
 0001:0000e900       ?ClearFlags@@YAXPEAUsim_entity@@I@Z 000000018000f900 f i p5engine.obj
 0001:0000e940       ?DefaultMoveSpec@@YA?AUmove_spec@@XZ 000000018000f940 f i p5engine.obj
 0001:0000e9e0       ?EndTemporaryMemory@@YAXUtemporary_memory@@@Z 000000018000f9e0 f i p5engine.obj
 0001:0000ea60       ?EntityOverlapsRectangle@@YAHTv3@@Usim_entity_collision_volume@@Urectangle3@@@Z 000000018000fa60 f i p5engine.obj
 0001:0000ebf0       ?FindLeastSignificantSetBit@@YA?AUbit_scan_result@@I@Z 000000018000fbf0 f i p5engine.obj
 0001:0000ec60       ?GetAlignmentOffset@@YA_KPEAUmemory_arena@@_K@Z 000000018000fc60 f i p5engine.obj
 0001:0000ecf0       ?GetArenaSizeRemaining@@YA_KPEAUmemory_arena@@_K@Z 000000018000fcf0 f i p5engine.obj
 0001:0000ed50       ?GetBarycentric@@YA?ATv2@@Urectangle2@@T1@@Z 000000018000fd50 f i p5engine.obj
 0001:0000ee00       ?GetSound@@YAPEAUloaded_sound@@PEAUgame_assets@@Usound_id@@@Z 000000018000fe00 f i p5engine.obj
 0001:0000ee00       ?GetBitmap@@YAPEAUloaded_bitmap@@PEAUgame_assets@@Ubitmap_id@@@Z 000000018000fe00 f i p5engine.obj
 0001:0000ee60       ?GetCameraRectangleAtDistance@@YA?AUrectangle2@@PEAUrender_group@@M@Z 000000018000fe60 f i p5engine.obj
 0001:0000ef00       ?GetCameraRectangleAtTarget@@YA?AUrectangle2@@PEAUrender_group@@@Z 000000018000ff00 f i p5engine.obj
 0001:0000ef70       ?GetChunkData@@YAPEAXUriff_iterator@@@Z 000000018000ff70 f i p5engine.obj
 0001:0000efa0       ?GetChunkDataSize@@YAIUriff_iterator@@@Z 000000018000ffa0 f i p5engine.obj
 0001:0000efe0       ?GetDim@@YA?ATv2@@Urectangle2@@@Z 000000018000ffe0 f i p5engine.obj
 0001:0000f020       ?GetDim@@YA?ATv3@@Urectangle3@@@Z 0000000180010020 f i p5engine.obj
 0001:0000f0c0       ?GetEntityGroundPoint@@YA?ATv3@@PEAUsim_entity@@@Z 00000001800100c0 f i p5engine.obj
 0001:0000f140       ?GetEntityGroundPoint@@YA?ATv3@@PEAUsim_entity@@T1@@Z 0000000180010140 f i p5engine.obj
 0001:0000f1a0       ?GetLowEntity@@YAPEAUlow_entity@@PEAUgame_state@@I@Z 00000001800101a0 f i p5engine.obj
 0001:0000f210       ?GetMaxCorner@@YA?ATv3@@Urectangle3@@@Z 0000000180010210 f i p5engine.obj
 0001:0000f270       ?GetMinCorner@@YA?ATv3@@Urectangle3@@@Z 0000000180010270 f i p5engine.obj
 0001:0000f2c0       ?GetRenderEntityBasisPos@@YA?AUentity_basis_p_result@@PEAUrender_transform@@Tv3@@@Z 00000001800102c0 f i p5engine.obj
 0001:0000f560       ?GetSimSpacePos@@YA?ATv3@@PEAUsim_region@@PEAUlow_entity@@@Z 0000000180010560 f i p5engine.obj
 0001:0000f650       ?GetSoundInfo@@YAPEAUasset_sound_info@@PEAUgame_assets@@Usound_id@@@Z 0000000180010650 f i p5engine.obj
 0001:0000f6b0       ?GetStairGround@@YAMPEAUsim_entity@@Tv3@@@Z 00000001800106b0 f i p5engine.obj
 0001:0000f7a0       ?GetType@@YAIUriff_iterator@@@Z 00000001800107a0 f i p5engine.obj
 0001:0000f7e0       ?GetWorldChunk@@YAPEAUworld_chunk@@PEAUworld@@HHHPEAUmemory_arena@@@Z 00000001800107e0 f i p5engine.obj
 0001:0000f9d0       ?Hadamard@@YA?ATv2@@T1@0@Z 00000001800109d0 f i p5engine.obj
 0001:0000fa30       ?Hadamard@@YA?ATv3@@T1@0@Z 0000000180010a30 f i p5engine.obj
 0001:0000faf0       ?HasFlag@@YAHPEAUsim_entity@@I@Z 0000000180010af0 f i p5engine.obj
 0001:0000fb30       ?InitializeArena@@YAXPEAUmemory_arena@@_KPEAX@Z 0000000180010b30 f i p5engine.obj
 0001:0000fb90       ?Inner@@YAMTv2@@0@Z        0000000180010b90 f i p5engine.obj
 0001:0000fbe0       ?Inner@@YAMTv3@@0@Z        0000000180010be0 f i p5engine.obj
 0001:0000fc50       ?Intersect@@YA?AUrectangle2i@@U1@0@Z 0000000180010c50 f i p5engine.obj
 0001:0000fd60       ?IsCanonical@@YAHMM@Z      0000000180010d60 f i p5engine.obj
 0001:0000fe00       ?IsCanonical@@YAHPEAUworld@@Tv3@@@Z 0000000180010e00 f i p5engine.obj
 0001:0000fea0       ?IsInRectangle@@YAHUrectangle3@@Tv3@@@Z 0000000180010ea0 f i p5engine.obj
 0001:0000ff60       ?IsValid@@YAHUriff_iterator@@@Z 0000000180010f60 f i p5engine.obj
 0001:0000ffb0       ?IsValid@@YAHUsound_id@@@Z 0000000180010fb0 f i p5engine.obj
 0001:0000fff0       ?IsValid@@YAHUworld_position@@@Z 0000000180010ff0 f i p5engine.obj
 0001:00010040       ?Length@@YAMTv3@@@Z        0000000180011040 f i p5engine.obj
 0001:00010090       ?LengthSq@@YAMTv2@@@Z      0000000180011090 f i p5engine.obj
 0001:000100d0       ?LengthSq@@YAMTv3@@@Z      00000001800110d0 f i p5engine.obj
 0001:00010140       ?Linear1ToSRGB255@@YA?ATv4@@T1@@Z 0000000180011140 f i p5engine.obj
 0001:00010240       ?LoadEntityReference@@YAXPEAUgame_state@@PEAUsim_region@@PEATentity_reference@@@Z 0000000180011240 f i p5engine.obj
 0001:00010370       ?MakeEntityNonSpatial@@YAXPEAUsim_entity@@@Z 0000000180011370 f i p5engine.obj
 0001:000103f0       ?MakeEntitySpatial@@YAXPEAUsim_entity@@Tv3@@1@Z 00000001800113f0 f i p5engine.obj
 0001:00010460       ?MapIntoChunkSpace@@YA?AUworld_position@@PEAUworld@@U1@Tv3@@@Z 0000000180011460 f i p5engine.obj
 0001:00010550       ?NextChunk@@YA?AUriff_iterator@@U1@@Z 0000000180011550 f i p5engine.obj
 0001:000105c0       ?NullPosition@@YA?AUworld_position@@XZ 00000001800115c0 f i p5engine.obj
 0001:00010630       ?Orthographic@@YAXPEAUrender_group@@HHM@Z 0000000180011630 f i p5engine.obj
 0001:00010730       ?ParseChunkAt@@YA?AUriff_iterator@@PEAX0@Z 0000000180011730 f i p5engine.obj
 0001:00010790       ?Perspective@@YAXPEAUrender_group@@HHMMM@Z 0000000180011790 f i p5engine.obj
 0001:00010880       ?PrefetchSound@@YAXPEAUgame_assets@@Usound_id@@@Z 0000000180011880 f i p5engine.obj
 0001:000108b0       ?PushBitmap@@YAXPEAUrender_group@@PEAUloaded_bitmap@@Tv3@@MTv4@@@Z 00000001800118b0 f i p5engine.obj
 0001:00010ae0       ?PushBitmap@@YAXPEAUrender_group@@Ubitmap_id@@Tv3@@MTv4@@@Z 0000000180011ae0 f i p5engine.obj
 0001:00010bc0       ?PushRect@@YAXPEAUrender_group@@Tv3@@Tv2@@Tv4@@@Z 0000000180011bc0 f i p5engine.obj
 0001:00010d60       ?PushRectOutline@@YAXPEAUrender_group@@Tv3@@Tv2@@Tv4@@@Z 0000000180011d60 f i p5engine.obj
 0001:000111f0       ?PushRenderElement_@@YAPEAXPEAUrender_group@@IW4render_group_entry_type@@@Z 00000001800121f0 f i p5engine.obj
 0001:000112a0       ?PushSize_@@YAPEAXPEAUmemory_arena@@_K1@Z 00000001800122a0 f i p5engine.obj
 0001:00011370       ?PushString@@YAPEADPEAUmemory_arena@@PEAD@Z 0000000180012370 f i p5engine.obj
 0001:00011430       ?RandomBilateral@@YAMPEAUrandom_series@@@Z 0000000180012430 f i p5engine.obj
 0001:00011480       ?RandomChoice@@YAIPEAUrandom_series@@I@Z 0000000180012480 f i p5engine.obj
 0001:000114c0       ?RandomNextUInt32@@YAIPEAUrandom_series@@@Z 00000001800124c0 f i p5engine.obj
 0001:00011530       ?RandomSeed@@YA?AUrandom_series@@I@Z 0000000180012530 f i p5engine.obj
 0001:000115a0       ?RandomUnilateral@@YAMPEAUrandom_series@@@Z 00000001800125a0 f i p5engine.obj
 0001:00011600       ?RecanonicalizeCoord@@YAXMPEAHPEAM@Z 0000000180012600 f i p5engine.obj
 0001:000116a0       ?RectCenterDim@@YA?AUrectangle2@@Tv2@@0@Z 00000001800126a0 f i p5engine.obj
 0001:00011730       ?RectCenterDim@@YA?AUrectangle3@@Tv3@@0@Z 0000000180012730 f i p5engine.obj
 0001:00011820       ?RectCenterHalfDim@@YA?AUrectangle2@@Tv2@@0@Z 0000000180012820 f i p5engine.obj
 0001:000118d0       ?RectCenterHalfDim@@YA?AUrectangle3@@Tv3@@0@Z 00000001800128d0 f i p5engine.obj
 0001:00011a40       ?RectMinMax@@YA?AUrectangle3@@Tv3@@0@Z 0000000180012a40 f i p5engine.obj
 0001:00011ae0       ?RectanglesIntersect@@YAHUrectangle3@@0@Z 0000000180012ae0 f i p5engine.obj
 0001:00011ba0       ?RoundReal32ToInt32@@YAHM@Z 0000000180012ba0 f i p5engine.obj
 0001:00011be0       ?RoundReal32ToUInt32@@YAIM@Z 0000000180012be0 f i p5engine.obj
 0001:00011c20       ?SRGB255ToLinear1@@YA?ATv4@@T1@@Z 0000000180012c20 f i p5engine.obj
 0001:00011d00       ?SafeRatio0@@YAMMM@Z       0000000180012d00 f i p5engine.obj
 0001:00011d50       ?SafeRatio1@@YAMMM@Z       0000000180012d50 f i p5engine.obj
 0001:00011da0       ?SafeRatioN@@YAMMMM@Z      0000000180012da0 f i p5engine.obj
 0001:00011e00       ?SignOf@@YAMM@Z            0000000180012e00 f i p5engine.obj
 0001:00011e60       ?Sin@@YAMM@Z               0000000180012e60 f i p5engine.obj
 0001:00011ea0       ?Square@@YAMM@Z            0000000180012ea0 f i p5engine.obj
 0001:00011ee0       ?SquareRoot@@YAMM@Z        0000000180012ee0 f i p5engine.obj
 0001:00011f20       ?StoreEntityReference@@YAXPEATentity_reference@@@Z 0000000180012f20 f i p5engine.obj
 0001:00011f60       ?SubArena@@YAXPEAUmemory_arena@@0_K1@Z 0000000180012f60 f i p5engine.obj
 0001:00011fd0       ?ToV3@@YA?ATv3@@Tv2@@M@Z   0000000180012fd0 f i p5engine.obj
 0001:00012060       ?Unproject@@YA?ATv2@@PEAUrender_group@@T1@M@Z 0000000180013060 f i p5engine.obj
 0001:000120b0       ?V2@@YA?ATv2@@MM@Z         00000001800130b0 f i p5engine.obj
 0001:00012120       ?V2i@@YA?ATv2@@HH@Z        0000000180013120 f i p5engine.obj
 0001:00012170       ?V3@@YA?ATv3@@MMM@Z        0000000180013170 f i p5engine.obj
 0001:00012210       ?V4@@YA?ATv4@@MMMM@Z       0000000180013210 f i p5engine.obj
 0001:000122c0       ?ZeroSize@@YAX_KPEAX@Z     00000001800132c0 f i p5engine.obj
 0001:00012320       GetController              0000000180013320 f i p5engine.obj
 0001:00012380       ?DrawRectangleQuickly@@YAXPEAUloaded_bitmap@@Tv2@@11Tv4@@0MUrectangle2i@@H@Z 0000000180013380 f   p5engine_optimized.obj
 0001:000130c0       __CheckForDebuggerJustMyCode 00000001800140c0 f   MSVCRTD:debugger_jmc.obj
 0001:00013100       __GSHandlerCheck           0000000180014100 f   MSVCRTD:gshandler.obj
 0001:00013140       __GSHandlerCheckCommon     0000000180014140 f   MSVCRTD:gshandler.obj
 0001:00013250       _alloca_probe              0000000180014250 f   MSVCRTD:chkstk.obj
 0001:00013250       __chkstk                   0000000180014250 f   MSVCRTD:chkstk.obj
 0001:000132b0       __security_check_cookie    00000001800142b0 f   MSVCRTD:amdsecgs.obj
 0001:000136e0       _DllMainCRTStartup         00000001800146e0 f   MSVCRTD:dll_dllmain.obj
 0001:00013720       __raise_securityfailure    0000000180014720 f   MSVCRTD:gs_report.obj
 0001:00013760       __report_gsfailure         0000000180014760 f   MSVCRTD:gs_report.obj
 0001:000139c0       __security_init_cookie     00000001800149c0 f   MSVCRTD:gs_support.obj
 0001:00013a40       DllMain                    0000000180014a40 f   MSVCRTD:dll_dllmain_stub.obj
 0001:00013a80       ?__scrt_initialize_type_info@@YAXXZ 0000000180014a80 f   MSVCRTD:tncleanup.obj
 0001:00013aa0       ?__scrt_uninitialize_type_info@@YAXXZ 0000000180014aa0 f   MSVCRTD:tncleanup.obj
 0001:00013ac0       __local_stdio_printf_options 0000000180014ac0 f i MSVCRTD:default_local_stdio_options.obj
 0001:00013ad0       __local_stdio_scanf_options 0000000180014ad0 f i MSVCRTD:default_local_stdio_options.obj
 0001:00013ae0       __scrt_initialize_default_local_stdio_options 0000000180014ae0 f   MSVCRTD:default_local_stdio_options.obj
 0001:00013b30       ?configure_argv@__scrt_narrow_argv_policy@@SAHXZ 0000000180014b30 f i MSVCRTD:utility.obj
 0001:00013c20       ?initialize_environment@__scrt_narrow_environment_policy@@SAHXZ 0000000180014c20 f i MSVCRTD:utility.obj
 0001:00013cc0       NtCurrentTeb               0000000180014cc0 f i MSVCRTD:utility.obj
 0001:00013cd0       __scrt_acquire_startup_lock 0000000180014cd0 f   MSVCRTD:utility.obj
 0001:00013d40       __scrt_dllmain_after_initialize_c 0000000180014d40 f   MSVCRTD:utility.obj
 0001:00013d70       __scrt_dllmain_before_initialize_c 0000000180014d70 f   MSVCRTD:utility.obj
 0001:00013d90       __scrt_dllmain_crt_thread_attach 0000000180014d90 f   MSVCRTD:utility.obj
 0001:00013dc0       __scrt_dllmain_crt_thread_detach 0000000180014dc0 f   MSVCRTD:utility.obj
 0001:00013de0       __scrt_dllmain_exception_filter 0000000180014de0 f   MSVCRTD:utility.obj
 0001:00013e50       __scrt_dllmain_uninitialize_c 0000000180014e50 f   MSVCRTD:utility.obj
 0001:00013e80       __scrt_dllmain_uninitialize_critical 0000000180014e80 f   MSVCRTD:utility.obj
 0001:00013ea0       __scrt_initialize_crt      0000000180014ea0 f   MSVCRTD:utility.obj
 0001:00013ef0       __scrt_initialize_onexit_tables 0000000180014ef0 f   MSVCRTD:utility.obj
 0001:00014000       __scrt_is_nonwritable_in_current_image 0000000180015000 f   MSVCRTD:utility.obj
 0001:00014090       __scrt_release_startup_lock 0000000180015090 f   MSVCRTD:utility.obj
 0001:000140c0       __scrt_uninitialize_crt    00000001800150c0 f   MSVCRTD:utility.obj
 0001:00014100       __scrt_get_dyn_tls_init_callback 0000000180015100 f   MSVCRTD:dyn_tls_init.obj
 0001:00014110       __crt_debugger_hook        0000000180015110 f   MSVCRTD:utility_desktop.obj
 0001:00014120       __scrt_fastfail            0000000180015120 f   MSVCRTD:utility_desktop.obj
 0001:000142c0       _RTC_Initialize            00000001800152c0 f   MSVCRTD:initsect.obj
 0001:00014310       _RTC_Terminate             0000000180015310 f   MSVCRTD:initsect.obj
 0001:00014360       _guard_check_icall_nop     0000000180015360 f i MSVCRTD:guard_support.obj
 0001:00014370       __isa_available_init       0000000180015370 f   MSVCRTD:cpu_disp.obj
 0001:00014710       _get_startup_argv_mode     0000000180015710 f   MSVCRTD:argv_mode.obj
 0001:00014720       __scrt_is_ucrt_dll_in_use  0000000180015720 f   MSVCRTD:ucrt_detection.obj
 0001:00014750       __C_specific_handler       0000000180015750 f   vcruntimed:VCRUNTIME140D.dll
 0001:00014756       __std_type_info_destroy_list 0000000180015756 f   vcruntimed:VCRUNTIME140D.dll
 0001:0001475c       atan2                      000000018001575c f   ucrtd:ucrtbased.dll
 0001:00014762       sinf                       0000000180015762 f   ucrtd:ucrtbased.dll
 0001:00014768       sqrtf                      0000000180015768 f   ucrtd:ucrtbased.dll
 0001:0001476e       _initterm                  000000018001576e f   ucrtd:ucrtbased.dll
 0001:00014774       _initterm_e                0000000180015774 f   ucrtd:ucrtbased.dll
 0001:0001477a       _seh_filter_dll            000000018001577a f   ucrtd:ucrtbased.dll
 0001:00014780       _configure_narrow_argv     0000000180015780 f   ucrtd:ucrtbased.dll
 0001:00014786       _initialize_narrow_environment 0000000180015786 f   ucrtd:ucrtbased.dll
 0001:0001478c       _initialize_onexit_table   000000018001578c f   ucrtd:ucrtbased.dll
 0001:00014792       _execute_onexit_table      0000000180015792 f   ucrtd:ucrtbased.dll
 0001:00014798       _cexit                     0000000180015798 f   ucrtd:ucrtbased.dll
 0001:000147a0       __acrt_thread_detach       00000001800157a0 f   MSVCRTD:ucrt_stubs.obj
 0001:000147a0       __vcrt_thread_attach       00000001800157a0 f   MSVCRTD:ucrt_stubs.obj
 0001:000147a0       __vcrt_thread_detach       00000001800157a0 f   MSVCRTD:ucrt_stubs.obj
 0001:000147a0       __scrt_stub_for_acrt_thread_attach 00000001800157a0 f   MSVCRTD:ucrt_stubs.obj
 0001:000147a0       __vcrt_initialize          00000001800157a0 f   MSVCRTD:ucrt_stubs.obj
 0001:000147a0       __acrt_thread_attach       00000001800157a0 f   MSVCRTD:ucrt_stubs.obj
 0001:000147a0       __acrt_initialize          00000001800157a0 f   MSVCRTD:ucrt_stubs.obj
 0001:000147a0       __scrt_stub_for_acrt_thread_detach 00000001800157a0 f   MSVCRTD:ucrt_stubs.obj
 0001:000147a0       __scrt_stub_for_acrt_initialize 00000001800157a0 f   MSVCRTD:ucrt_stubs.obj
 0001:000147b0       __scrt_stub_for_acrt_uninitialize 00000001800157b0 f   MSVCRTD:ucrt_stubs.obj
 0001:000147b0       __vcrt_uninitialize_critical 00000001800157b0 f   MSVCRTD:ucrt_stubs.obj
 0001:000147b0       __acrt_uninitialize_critical 00000001800157b0 f   MSVCRTD:ucrt_stubs.obj
 0001:000147b0       __vcrt_uninitialize        00000001800157b0 f   MSVCRTD:ucrt_stubs.obj
 0001:000147b0       __acrt_uninitialize        00000001800157b0 f   MSVCRTD:ucrt_stubs.obj
 0001:000147b0       __scrt_stub_for_acrt_uninitialize_critical 00000001800157b0 f   MSVCRTD:ucrt_stubs.obj
 0001:000147c0       _is_c_termination_complete 00000001800157c0 f   MSVCRTD:ucrt_stubs.obj
 0001:000147c0       __scrt_stub_for_is_c_termination_complete 00000001800157c0 f   MSVCRTD:ucrt_stubs.obj
 0001:000147e0       _guard_dispatch_icall_nop  00000001800157e0 f   MSVCRTD:guard_dispatch.obj
 0001:00014800       _guard_xfg_dispatch_icall_nop 0000000180015800 f   MSVCRTD:guard_xfg_dispatch.obj
 0002:00000000       __imp_QueryPerformanceCounter 0000000180016000     kernel32:KERNEL32.dll
 0002:00000008       __imp_RtlCaptureContext    0000000180016008     kernel32:KERNEL32.dll
 0002:00000010       __imp_RtlLookupFunctionEntry 0000000180016010     kernel32:KERNEL32.dll
 0002:00000018       __imp_RtlVirtualUnwind     0000000180016018     kernel32:KERNEL32.dll
 0002:00000020       __imp_IsDebuggerPresent    0000000180016020     kernel32:KERNEL32.dll
 0002:00000028       __imp_InitializeSListHead  0000000180016028     kernel32:KERNEL32.dll
 0002:00000030       __imp_DisableThreadLibraryCalls 0000000180016030     kernel32:KERNEL32.dll
 0002:00000038       __imp_GetSystemTimeAsFileTime 0000000180016038     kernel32:KERNEL32.dll
 0002:00000040       __imp_GetCurrentProcessId  0000000180016040     kernel32:KERNEL32.dll
 0002:00000048       __imp_GetCurrentThreadId   0000000180016048     kernel32:KERNEL32.dll
 0002:00000050       __imp_IsProcessorFeaturePresent 0000000180016050     kernel32:KERNEL32.dll
 0002:00000058       __imp_TerminateProcess     0000000180016058     kernel32:KERNEL32.dll
 0002:00000060       __imp_GetCurrentProcess    0000000180016060     kernel32:KERNEL32.dll
 0002:00000068       __imp_SetUnhandledExceptionFilter 0000000180016068     kernel32:KERNEL32.dll
 0002:00000070       __imp_UnhandledExceptionFilter 0000000180016070     kernel32:KERNEL32.dll
 0002:00000078       \177KERNEL32_NULL_THUNK_DATA 0000000180016078     kernel32:KERNEL32.dll
 0002:00000080       __imp___std_type_info_destroy_list 0000000180016080     vcruntimed:VCRUNTIME140D.dll
 0002:00000088       __imp___C_specific_handler 0000000180016088     vcruntimed:VCRUNTIME140D.dll
 0002:00000090       \177VCRUNTIME140D_NULL_THUNK_DATA 0000000180016090     vcruntimed:VCRUNTIME140D.dll
 0002:00000098       __imp__cexit               0000000180016098     ucrtd:ucrtbased.dll
 0002:000000a0       __imp__execute_onexit_table 00000001800160a0     ucrtd:ucrtbased.dll
 0002:000000a8       __imp__initialize_onexit_table 00000001800160a8     ucrtd:ucrtbased.dll
 0002:000000b0       __imp__initialize_narrow_environment 00000001800160b0     ucrtd:ucrtbased.dll
 0002:000000b8       __imp__configure_narrow_argv 00000001800160b8     ucrtd:ucrtbased.dll
 0002:000000c0       __imp__initterm_e          00000001800160c0     ucrtd:ucrtbased.dll
 0002:000000c8       __imp__initterm            00000001800160c8     ucrtd:ucrtbased.dll
 0002:000000d0       __imp_sqrtf                00000001800160d0     ucrtd:ucrtbased.dll
 0002:000000d8       __imp_sinf                 00000001800160d8     ucrtd:ucrtbased.dll
 0002:000000e0       __imp_atan2                00000001800160e0     ucrtd:ucrtbased.dll
 0002:000000e8       __imp_roundf               00000001800160e8     ucrtd:ucrtbased.dll
 0002:000000f0       __imp__seh_filter_dll      00000001800160f0     ucrtd:ucrtbased.dll
 0002:000000f8       \177ucrtbased_NULL_THUNK_DATA 00000001800160f8     ucrtd:ucrtbased.dll
 0002:00000100       __guard_check_icall_fptr   0000000180016100     MSVCRTD:guard_support.obj
 0002:00000108       __guard_xfg_check_icall_fptr 0000000180016108     MSVCRTD:guard_support.obj
 0002:00000110       __guard_dispatch_icall_fptr 0000000180016110     MSVCRTD:guard_support.obj
 0002:00000118       __guard_xfg_dispatch_icall_fptr 0000000180016118     MSVCRTD:guard_support.obj
 0002:00000120       __guard_xfg_table_dispatch_icall_fptr 0000000180016120     MSVCRTD:guard_support.obj
 0002:00000128       __xc_a                     0000000180016128     MSVCRTD:initializers.obj
 0002:00000130       __xc_z                     0000000180016130     MSVCRTD:initializers.obj
 0002:00000138       __xi_a                     0000000180016138     MSVCRTD:initializers.obj
 0002:00000140       __xi_z                     0000000180016140     MSVCRTD:initializers.obj
 0002:00000148       __xp_a                     0000000180016148     MSVCRTD:initializers.obj
 0002:00000150       __xp_z                     0000000180016150     MSVCRTD:initializers.obj
 0002:00000158       __xt_a                     0000000180016158     MSVCRTD:initializers.obj
 0002:00000160       __xt_z                     0000000180016160     MSVCRTD:initializers.obj
 0002:00000570       ??_C@_0BA@NMEIMCEK@InvalidCodePath@ 0000000180016570     p5engine.obj
 0002:00000580       __real@00000000            0000000180016580     p5engine.obj
 0002:00000584       __real@308992b1            0000000180016584     p5engine.obj
 0002:00000588       __real@3a83126f            0000000180016588     p5engine.obj
 0002:0000058c       __real@3b808081            000000018001658c     p5engine.obj
 0002:00000590       __real@3c23d70a            0000000180016590     p5engine.obj
 0002:00000594       __real@3cc30c31            0000000180016594     p5engine.obj
 0002:00000598       __real@3dcccccd            0000000180016598     p5engine.obj
 0002:0000059c       __real@3de00000            000000018001659c     p5engine.obj
 0002:000005a0       __real@3e4ccccd            00000001800165a0     p5engine.obj
 0002:000005a4       __real@3e800000            00000001800165a4     p5engine.obj
 0002:000005a8       __real@3e99999a            00000001800165a8     p5engine.obj
 0002:000005ac       __real@3eae4c41            00000001800165ac     p5engine.obj
 0002:000005b0       __real@3ecccccd            00000001800165b0     p5engine.obj
 0002:000005b4       __real@3ee147ae            00000001800165b4     p5engine.obj
 0002:000005b8       __real@3f000000            00000001800165b8     p5engine.obj
 0002:000005bc       __real@3f19999a            00000001800165bc     p5engine.obj
 0002:000005c0       __real@3f228f5c            00000001800165c0     p5engine.obj
 0002:000005c4       __real@3f3504f3            00000001800165c4     p5engine.obj
 0002:000005c8       __real@3f400000            00000001800165c8     p5engine.obj
 0002:000005cc       __real@3f540000            00000001800165cc     p5engine.obj
 0002:000005d0       __real@3f666666            00000001800165d0     p5engine.obj
 0002:000005d4       __real@3f800000            00000001800165d4     p5engine.obj
 0002:000005d8       __real@3f8ba2e9            00000001800165d8     p5engine.obj
 0002:000005dc       __real@3f8ccccd            00000001800165dc     p5engine.obj
 0002:000005e0       __real@3f99999a            00000001800165e0     p5engine.obj
 0002:000005e4       __real@3fa66666            00000001800165e4     p5engine.obj
 0002:000005e8       __real@3fb33333            00000001800165e8     p5engine.obj
 0002:000005ec       __real@3fc00000            00000001800165ec     p5engine.obj
 0002:000005f0       __real@3fc90fdb            00000001800165f0     p5engine.obj
 0002:000005f4       __real@40000000            00000001800165f4     p5engine.obj
 0002:000005f8       __real@400ccccd            00000001800165f8     p5engine.obj
 0002:000005fc       __real@40400000            00000001800165fc     p5engine.obj
 0002:00000600       __real@40490fdb            0000000180016600     p5engine.obj
 0002:00000604       __real@40800000            0000000180016604     p5engine.obj
 0002:00000608       __real@4096cbe4            0000000180016608     p5engine.obj
 0002:0000060c       __real@40a00000            000000018001660c     p5engine.obj
 0002:00000610       __real@40c00000            0000000180016610     p5engine.obj
 0002:00000614       __real@40c90fdb            0000000180016614     p5engine.obj
 0002:00000618       __real@41100000            0000000180016618     p5engine.obj
 0002:0000061c       __real@41700000            000000018001661c     p5engine.obj
 0002:00000620       __real@41880000            0000000180016620     p5engine.obj
 0002:00000624       __real@41a00000            0000000180016624     p5engine.obj
 0002:00000628       __real@41f00000            0000000180016628     p5engine.obj
 0002:0000062c       __real@42340000            000000018001662c     p5engine.obj
 0002:00000630       __real@437f0000            0000000180016630     p5engine.obj
 0002:00000634       __real@461c4000            0000000180016634     p5engine.obj
 0002:00000638       __real@47c35000            0000000180016638     p5engine.obj
 0002:0000063c       __real@49742400            000000018001663c     p5engine.obj
 0002:00000640       __real@7f7fffff            0000000180016640     p5engine.obj
 0002:00000644       __real@becccccd            0000000180016644     p5engine.obj
 0002:00000648       __real@bf000000            0000000180016648     p5engine.obj
 0002:0000064c       __real@bf800000            000000018001664c     p5engine.obj
 0002:00000650       __real@c0000000            0000000180016650     p5engine.obj
 0002:00000654       __real@c0100000            0000000180016654     p5engine.obj
 0002:00000658       __real@c0400000            0000000180016658     p5engine.obj
 0002:0000065c       __real@c11ccccd            000000018001665c     p5engine.obj
 0002:00000660       __xmm@00000000000000000000000000000000 0000000180016660     p5engine.obj
 0002:00000670       __xmm@3f8000003f8000003f8000003f800000 0000000180016670     p5engine.obj
 0002:00000680       __xmm@7fffffffffffffff7fffffffffffffff 0000000180016680     p5engine.obj
 0002:00000690       __xmm@80000000800000008000000080000000 0000000180016690     p5engine.obj
 0002:000006a0       __xmm@000000ff000000ff000000ff000000ff 00000001800166a0     p5engine_optimized.obj
 0002:000006b0       __xmm@0000ffff0000ffff0000ffff0000ffff 00000001800166b0     p5engine_optimized.obj
 0002:000006c0       __xmm@00ff00ff00ff00ff00ff00ff00ff00ff 00000001800166c0     p5engine_optimized.obj
 0002:000006d0       __xmm@3b8080813b8080813b8080813b808081 00000001800166d0     p5engine_optimized.obj
 0002:000006e0       __xmm@3f0000003f0000003f0000003f000000 00000001800166e0     p5engine_optimized.obj
 0002:000006f0       __xmm@40800000408000004080000040800000 00000001800166f0     p5engine_optimized.obj
 0002:00000700       __xmm@477e0100477e0100477e0100477e0100 0000000180016700     p5engine_optimized.obj
 0002:00000710       __xmm@ffffffffffffffffffffffffffffffff 0000000180016710     p5engine_optimized.obj
 0002:00000720       _pRawDllMain               0000000180016720     MSVCRTD:dll_dllmain.obj
 0002:00000720       _pDefaultRawDllMain        0000000180016720     MSVCRTD:dll_dllmain.obj
 0002:00000790       _load_config_used          0000000180016790     MSVCRTD:loadcfg.obj
 0002:00000900       __volatile_metadata        0000000180016900     <linker-defined>
 0002:00000d58       __rtc_iaa                  0000000180016d58     MSVCRTD:initsect.obj
 0002:00000d60       __rtc_izz                  0000000180016d60     MSVCRTD:initsect.obj
 0002:00000d68       __rtc_taa                  0000000180016d68     MSVCRTD:initsect.obj
 0002:00000d70       __rtc_tzz                  0000000180016d70     MSVCRTD:initsect.obj
 0002:000015f4       __IMPORT_DESCRIPTOR_VCRUNTIME140D 00000001800175f4     vcruntimed:VCRUNTIME140D.dll
 0002:00001608       __IMPORT_DESCRIPTOR_ucrtbased 0000000180017608     ucrtd:ucrtbased.dll
 0002:0000161c       __IMPORT_DESCRIPTOR_KERNEL32 000000018001761c     kernel32:KERNEL32.dll
 0002:00001630       __NULL_IMPORT_DESCRIPTOR   0000000180017630     vcruntimed:VCRUNTIME140D.dll
 0003:00004000       __security_cookie_complement 000000018001c000     MSVCRTD:gs_cookie.obj
 0003:00004008       __security_cookie          000000018001c008     MSVCRTD:gs_cookie.obj
 0003:00004010       _fltused                   000000018001c010     MSVCRTD:fltused.obj
 0003:00004014       __scrt_native_dllmain_reason 000000018001c014     MSVCRTD:utility.obj
 0003:00004018       __isa_available            000000018001c018     MSVCRTD:cpu_disp.obj
 0003:0000401c       __isa_enabled              000000018001c01c     MSVCRTD:cpu_disp.obj
 0003:00004020       __memcpy_nt_iters          000000018001c020     MSVCRTD:cpu_disp.obj
 0003:00004028       __memset_nt_iters          000000018001c028     MSVCRTD:cpu_disp.obj
 0003:00004030       __scrt_ucrt_dll_is_in_use  000000018001c030     MSVCRTD:ucrt_stubs.obj
 0003:00004040       DebugGlobalMemory          000000018001c040     p5engine.obj
 0003:000045e0       ?__type_info_root_node@@3U__type_info_node@@A 000000018001c5e0     MSVCRTD:tncleanup.obj
 0003:000045f0       ?_OptionsStorage@?1??__local_stdio_printf_options@@9@4_KA 000000018001c5f0     MSVCRTD:default_local_stdio_options.obj
 0003:000045f8       ?_OptionsStorage@?1??__local_stdio_scanf_options@@9@4_KA 000000018001c5f8     MSVCRTD:default_local_stdio_options.obj
 0003:00004600       __scrt_current_native_startup_state 000000018001c600     MSVCRTD:utility.obj
 0003:00004608       __scrt_native_startup_lock 000000018001c608     MSVCRTD:utility.obj
 0003:00004648       __scrt_debugger_hook_flag  000000018001c648     MSVCRTD:utility_desktop.obj
 0003:00004650       __castguard_check_failure_os_handled_fptr 000000018001c650     MSVCRTD:guard_support.obj
 0003:00004658       __favor                    000000018001c658     MSVCRTD:cpu_disp.obj
 0003:00004660       __dyn_tls_init_callback    000000018001c660     <common>
 0003:00004668       __DebuggerCurrentSteppingThreadId 000000018001c668     <common>

 entry point at        0001:000136e0

 Static symbols

 0000:fffdf000       .debug$S                   0000000180000000     P5Engine.exp
 0000:fffdf000       .debug$S                   0000000180000000     vcruntimed:VCRUNTIME140D.dll
 0000:fffdf000       .debug$S                   0000000180000000     vcruntimed:VCRUNTIME140D.dll
 0000:fffdf000       .debug$S                   0000000180000000     vcruntimed:VCRUNTIME140D.dll
 0000:fffdf000       .debug$S                   0000000180000000     vcruntimed:VCRUNTIME140D.dll
 0000:fffdf000       .debug$S                   0000000180000000     ucrtd:ucrtbased.dll
 0000:fffdf000       .debug$S                   0000000180000000     ucrtd:ucrtbased.dll
 0000:fffdf000       .debug$S                   0000000180000000     ucrtd:ucrtbased.dll
 0000:fffdf000       .debug$S                   0000000180000000     ucrtd:ucrtbased.dll
 0000:fffdf000       .debug$S                   0000000180000000     ucrtd:ucrtbased.dll
 0000:fffdf000       .debug$S                   0000000180000000     ucrtd:ucrtbased.dll
 0000:fffdf000       .debug$S                   0000000180000000     ucrtd:ucrtbased.dll
 0000:fffdf000       .debug$S                   0000000180000000     ucrtd:ucrtbased.dll
 0000:fffdf000       .debug$S                   0000000180000000     ucrtd:ucrtbased.dll
 0000:fffdf000       .debug$S                   0000000180000000     ucrtd:ucrtbased.dll
 0000:fffdf000       .debug$S                   0000000180000000     ucrtd:ucrtbased.dll
 0000:fffdf000       .debug$S                   0000000180000000     ucrtd:ucrtbased.dll
 0000:fffdf000       .debug$S                   0000000180000000     ucrtd:ucrtbased.dll
 0000:fffdf000       .debug$S                   0000000180000000     ucrtd:ucrtbased.dll
 0000:fffdf000       .debug$S                   0000000180000000     ucrtd:ucrtbased.dll
 0000:fffdf000       .debug$S                   0000000180000000     ucrtd:ucrtbased.dll
 0000:fffdf000       .debug$S                   0000000180000000     kernel32:KERNEL32.dll
 0000:fffdf000       .debug$S                   0000000180000000     kernel32:KERNEL32.dll
 0000:fffdf000       .debug$S                   0000000180000000     kernel32:KERNEL32.dll
 0000:fffdf000       .debug$S                   0000000180000000     kernel32:KERNEL32.dll
 0000:fffdf000       .debug$S                   0000000180000000     kernel32:KERNEL32.dll
 0000:fffdf000       .debug$S                   0000000180000000     kernel32:KERNEL32.dll
 0000:fffdf000       .debug$S                   0000000180000000     kernel32:KERNEL32.dll
 0000:fffdf000       .debug$S                   0000000180000000     kernel32:KERNEL32.dll
 0000:fffdf000       .debug$S                   0000000180000000     kernel32:KERNEL32.dll
 0000:fffdf000       .debug$S                   0000000180000000     kernel32:KERNEL32.dll
 0000:fffdf000       .debug$S                   0000000180000000     kernel32:KERNEL32.dll
 0000:fffdf000       .debug$S                   0000000180000000     kernel32:KERNEL32.dll
 0000:fffdf000       .debug$S                   0000000180000000     kernel32:KERNEL32.dll
 0000:fffdf000       .debug$S                   0000000180000000     kernel32:KERNEL32.dll
 0000:fffdf000       .debug$S                   0000000180000000     kernel32:KERNEL32.dll
 0000:fffdf000       .debug$S                   0000000180000000     kernel32:KERNEL32.dll
 0000:fffdf000       .debug$S                   0000000180000000     kernel32:KERNEL32.dll
 0001:00000000       ?LoadBitmap@@YAXPEAUgame_assets@@Ubitmap_id@@@Z 0000000180001000 f   p5engine.obj
 0001:00000140       ?LoadSound@@YAXPEAUgame_assets@@Usound_id@@@Z 0000000180001140 f   p5engine.obj
 0001:00000280       ?AddCollisionRule@@YAXPEAUgame_state@@IIH@Z 0000000180001280 f   p5engine.obj
 0001:00000400       ?ClearCollisionRulesFor@@YAXPEAUgame_state@@I@Z 0000000180001400 f   p5engine.obj
 0001:00000500       ?BeginTaskWithMemory@@YAPEAUtask_with_memory@@PEAUtransient_state@@@Z 0000000180001500 f   p5engine.obj
 0001:000005e0       ?EndTaskWithMemory@@YAXPEAUtask_with_memory@@@Z 00000001800015e0 f   p5engine.obj
 0001:00000640       ?DrawRectangle@@YAXPEAUloaded_bitmap@@Tv2@@1Tv4@@Urectangle2i@@H@Z 0000000180001640 f   p5engine.obj
 0001:00000900       ?RenderGroupToOutput@@YAXPEAUrender_group@@PEAUloaded_bitmap@@Urectangle2i@@H@Z 0000000180001900 f   p5engine.obj
 0001:00000cf0       ?DoTiledRenderWork@@YAXPEAUplatform_work_queue@@PEAX@Z 0000000180001cf0 f   p5engine.obj
 0001:00000da0       ?RenderGroupToOutput@@YAXPEAUrender_group@@PEAUloaded_bitmap@@@Z 0000000180001da0 f   p5engine.obj
 0001:00000e90       ?TiledRenderGroupToOutput@@YAXPEAUplatform_work_queue@@PEAUrender_group@@PEAUloaded_bitmap@@@Z 0000000180001e90 f   p5engine.obj
 0001:000010c0       ?AllocateRenderGroup@@YAPEAUrender_group@@PEAUgame_assets@@PEAUmemory_arena@@I@Z 00000001800020c0 f   p5engine.obj
 0001:000011f0       ?InitializeWorld@@YAXPEAUworld@@Tv3@@@Z 00000001800021f0 f   p5engine.obj
 0001:00001290       ?Subtract@@YA?ATv3@@PEAUworld@@PEAUworld_position@@1@Z 0000000180002290 f   p5engine.obj
 0001:00001500       ?ChangeEntityLocation@@YAXPEAUmemory_arena@@PEAUworld@@IPEAUlow_entity@@Uworld_position@@@Z 0000000180002500 f   p5engine.obj
 0001:00001690       ?GetHashFromStorageIndex@@YAPEAUsim_entity_hash@@PEAUsim_region@@I@Z 0000000180002690 f   p5engine.obj
 0001:00001760       ?AddEntity@@YAPEAUsim_entity@@PEAUgame_state@@PEAUsim_region@@IPEAUlow_entity@@PEATv3@@@Z 0000000180002760 f   p5engine.obj
 0001:000018c0       ?AddEntityRaw@@YAPEAUsim_entity@@PEAUgame_state@@PEAUsim_region@@IPEAUlow_entity@@@Z 00000001800028c0 f   p5engine.obj
 0001:00001a40       ?BeginSim@@YAPEAUsim_region@@PEAUmemory_arena@@PEAUgame_state@@PEAUworld@@Uworld_position@@Urectangle3@@M@Z 0000000180002a40 f   p5engine.obj
 0001:000020b0       ?EndSim@@YAXPEAUsim_region@@PEAUgame_state@@@Z 00000001800030b0 f   p5engine.obj
 0001:00002370       ?CanCollide@@YAHPEAUgame_state@@PEAUsim_entity@@1@Z 0000000180003370 f   p5engine.obj
 0001:000024c0       ?HandleCollision@@YAHPEAUgame_state@@PEAUsim_entity@@1@Z 00000001800034c0 f   p5engine.obj
 0001:000025a0       ?CanOverlap@@YAHPEAUgame_state@@PEAUsim_entity@@1@Z 00000001800035a0 f   p5engine.obj
 0001:00002600       ?HandleOverlap@@YAXPEAUgame_state@@PEAUsim_entity@@1MPEAM@Z 0000000180003600 f   p5engine.obj
 0001:000026a0       ?SpeculativeCollide@@YAHPEAUsim_entity@@0Tv3@@@Z 00000001800036a0 f   p5engine.obj
 0001:000027a0       ?EntitiesOverlap@@YAHPEAUsim_entity@@0Tv3@@@Z 00000001800037a0 f   p5engine.obj
 0001:00002ae0       ?MoveEntity@@YAXPEAUgame_state@@PEAUsim_region@@PEAUsim_entity@@MPEAUmove_spec@@Tv3@@@Z 0000000180003ae0 f   p5engine.obj
 0001:00004440       ?DEBUGLoadBMP@@YA?AUloaded_bitmap@@PEADTv2@@@Z 0000000180005440 f   p5engine.obj
 0001:00004950       ?DEBUGLoadWAV@@YA?AUloaded_sound@@PEADII@Z 0000000180005950 f   p5engine.obj
 0001:00004f30       ?LoadBitmapWork@@YAXPEAUplatform_work_queue@@PEAX@Z 0000000180005f30 f   p5engine.obj
 0001:00005030       ?LoadSoundWork@@YAXPEAUplatform_work_queue@@PEAX@Z 0000000180006030 f   p5engine.obj
 0001:00005140       ?GetBestMatchAssetFrom@@YAIPEAUgame_assets@@W4asset_type_id@@PEAUasset_vector@@2@Z 0000000180006140 f   p5engine.obj
 0001:00005370       ?GetRandomAssetFrom@@YAIPEAUgame_assets@@W4asset_type_id@@PEAUrandom_series@@@Z 0000000180006370 f   p5engine.obj
 0001:00005400       ?GetFirstAssetFrom@@YAIPEAUgame_assets@@W4asset_type_id@@@Z 0000000180006400 f   p5engine.obj
 0001:00005460       ?GetBestMatchBitmapFrom@@YA?AUbitmap_id@@PEAUgame_assets@@W4asset_type_id@@PEAUasset_vector@@2@Z 0000000180006460 f   p5engine.obj
 0001:000054b0       ?GetFirstBitmapFrom@@YA?AUbitmap_id@@PEAUgame_assets@@W4asset_type_id@@@Z 00000001800064b0 f   p5engine.obj
 0001:000054f0       ?GetRandomBitmapFrom@@YA?AUbitmap_id@@PEAUgame_assets@@W4asset_type_id@@PEAUrandom_series@@@Z 00000001800064f0 f   p5engine.obj
 0001:00005540       ?GetFirstSoundFrom@@YA?AUsound_id@@PEAUgame_assets@@W4asset_type_id@@@Z 0000000180006540 f   p5engine.obj
 0001:00005580       ?GetRandomSoundFrom@@YA?AUsound_id@@PEAUgame_assets@@W4asset_type_id@@PEAUrandom_series@@@Z 0000000180006580 f   p5engine.obj
 0001:000055d0       ?BeginAssetType@@YAXPEAUgame_assets@@W4asset_type_id@@@Z 00000001800065d0 f   p5engine.obj
 0001:00005660       ?AddBitmapAsset@@YA?AUbitmap_id@@PEAUgame_assets@@PEADTv2@@@Z 0000000180006660 f   p5engine.obj
 0001:00005780       ?AddSoundAsset@@YA?AUsound_id@@PEAUgame_assets@@PEADII@Z 0000000180006780 f   p5engine.obj
 0001:000058c0       ?AddTag@@YAXPEAUgame_assets@@W4asset_tag_id@@M@Z 00000001800068c0 f   p5engine.obj
 0001:00005980       ?EndAssetType@@YAXPEAUgame_assets@@@Z 0000000180006980 f   p5engine.obj
 0001:00005a00       ?AllocateGameAssets@@YAPEAUgame_assets@@PEAUmemory_arena@@_KPEAUtransient_state@@@Z 0000000180006a00 f   p5engine.obj
 0001:00006350       ?PlaySound@@YAPEAUplaying_sound@@PEAUaudio_state@@Usound_id@@@Z 0000000180007350 f   p5engine.obj
 0001:00006480       ?ChangeVolume@@YAXPEAUaudio_state@@PEAUplaying_sound@@MTv2@@@Z 0000000180007480 f   p5engine.obj
 0001:00006540       ?OutputPlayingSounds@@YAXPEAUaudio_state@@PEAUgame_sound_output_buffer@@PEAUgame_assets@@PEAUmemory_arena@@@Z 0000000180007540 f   p5engine.obj
 0001:00007640       ?InitializeAudioState@@YAXPEAUaudio_state@@PEAUmemory_arena@@@Z 0000000180008640 f   p5engine.obj
 0001:000076c0       ?AddLowEntity@@YA?AUadd_low_entity_result@@PEAUgame_state@@W4entity_type@@Uworld_position@@@Z 00000001800086c0 f   p5engine.obj
 0001:000078c0       ?AddGroundedEntity@@YA?AUadd_low_entity_result@@PEAUgame_state@@W4entity_type@@Uworld_position@@PEAUsim_entity_collision_volume_group@@@Z 00000001800088c0 f   p5engine.obj
 0001:00007970       ?AddStandardRoom@@YA?AUadd_low_entity_result@@PEAUgame_state@@III@Z 0000000180008970 f   p5engine.obj
 0001:00007ad0       ?AddWall@@YA?AUadd_low_entity_result@@PEAUgame_state@@III@Z 0000000180008ad0 f   p5engine.obj
 0001:00007c30       ?AddStairs@@YA?AUadd_low_entity_result@@PEAUgame_state@@III@Z 0000000180008c30 f   p5engine.obj
 0001:00007dc0       ?InitHitPoints@@YAXPEAUlow_entity@@I@Z 0000000180008dc0 f   p5engine.obj
 0001:00007e50       ?AddSword@@YA?AUadd_low_entity_result@@PEAUgame_state@@@Z 0000000180008e50 f   p5engine.obj
 0001:00007f40       ?AddPlayer@@YA?AUadd_low_entity_result@@PEAUgame_state@@@Z 0000000180008f40 f   p5engine.obj
 0001:00008080       ?AddMonstar@@YA?AUadd_low_entity_result@@PEAUgame_state@@III@Z 0000000180009080 f   p5engine.obj
 0001:000081f0       ?AddFamiliar@@YA?AUadd_low_entity_result@@PEAUgame_state@@III@Z 00000001800091f0 f   p5engine.obj
 0001:00008350       ?DrawHitpoints@@YAXPEAUsim_entity@@PEAUrender_group@@@Z 0000000180009350 f   p5engine.obj
 0001:000085c0       ?MakeSimpleGroundedCollision@@YAPEAUsim_entity_collision_volume_group@@PEAUgame_state@@MMM@Z 00000001800095c0 f   p5engine.obj
 0001:00008720       ?MakeNullCollision@@YAPEAUsim_entity_collision_volume_group@@PEAUgame_state@@@Z 0000000180009720 f   p5engine.obj
 0001:00008800       ?FillGroundChunkWork@@YAXPEAUplatform_work_queue@@PEAX@Z 0000000180009800 f   p5engine.obj
 0001:00008860       ?FillGroundChunk@@YAXPEAUtransient_state@@PEAUgame_state@@PEAUground_buffer@@PEAUworld_position@@@Z 0000000180009860 f   p5engine.obj
 0001:000090e0       ?ClearBitmap@@YAXPEAUloaded_bitmap@@@Z 000000018000a0e0 f   p5engine.obj
 0001:00009140       ?MakeEmptyBitmap@@YA?AUloaded_bitmap@@PEAUmemory_arena@@HHH@Z 000000018000a140 f   p5engine.obj
 0001:00009230       ?MakeSphereDiffuseMap@@YAXPEAUloaded_bitmap@@MM@Z 000000018000a230 f   p5engine.obj
 0001:00009560       ?MakeSphereNormalMap@@YAXPEAUloaded_bitmap@@MMM@Z 000000018000a560 f   p5engine.obj
 0001:0000d388       $LN147                     000000018000e388     p5engine.obj
 0001:00013240       $$000000                   0000000180014240     MSVCRTD:chkstk.obj
 0001:000132a0       $$000000                   00000001800142a0     MSVCRTD:amdsecgs.obj
 0001:000132d0       ?dllmain_crt_dispatch@@YAHQEAUHINSTANCE__@@KQEAX@Z 00000001800142d0 f   MSVCRTD:dll_dllmain.obj
 0001:00013360       ?dllmain_crt_process_attach@@YAHQEAUHINSTANCE__@@QEAX@Z 0000000180014360 f   MSVCRTD:dll_dllmain.obj
 0001:000134a0       ?dllmain_crt_process_detach@@YAH_N@Z 00000001800144a0 f   MSVCRTD:dll_dllmain.obj
 0001:00013540       ?dllmain_dispatch@@YAHQEAUHINSTANCE__@@KQEAX@Z 0000000180014540 f   MSVCRTD:dll_dllmain.obj
 0001:00013680       ?dllmain_raw@@YAHQEAUHINSTANCE__@@KQEAX@Z 0000000180014680 f   MSVCRTD:dll_dllmain.obj
 0001:00013840       capture_previous_context   0000000180014840 f   MSVCRTD:gs_report.obj
 0001:00013900       __get_entropy              0000000180014900 f   MSVCRTD:gs_support.obj
 0001:00013b50       ?find_pe_section@@YAPEAU_IMAGE_SECTION_HEADER@@QEAE_K@Z 0000000180014b50 f   MSVCRTD:utility.obj
 0001:00013c30       ?is_potentially_valid_image_base@@YA_NQEAX@Z 0000000180014c30 f   MSVCRTD:utility.obj
 0001:000147d0       $$000000                   00000001800157d0     MSVCRTD:guard_dispatch.obj
 0001:000147f0       $$000000                   00000001800157f0     MSVCRTD:guard_xfg_dispatch.obj
 0001:00014810       ?fin$0@?0??dllmain_crt_process_attach@@YAHQEAUHINSTANCE__@@QEAX@Z@4HA 0000000180015810 f   MSVCRTD:dll_dllmain.obj
 0001:00014830       ?fin$0@?0??dllmain_crt_process_detach@@YAH_N@Z@4HA 0000000180015830 f   MSVCRTD:dll_dllmain.obj
 0001:0001484a       ?fin$1@?0??dllmain_crt_process_detach@@YAH_N@Z@4HA 000000018001584a f   MSVCRTD:dll_dllmain.obj
 0001:00014860       ?filt$0@?0??dllmain_dispatch@@YAHQEAUHINSTANCE__@@KQEAX@Z@4HA 0000000180015860 f   MSVCRTD:dll_dllmain.obj
 0001:000148b0       __scrt_is_nonwritable_in_current_image$filt$0 00000001800158b0 f   MSVCRTD:utility.obj
 0002:00000170       $SG29289                   0000000180016170     p5engine.obj
 0002:00000180       $SG29717                   0000000180016180     p5engine.obj
 0002:00000190       $SG30498                   0000000180016190     p5engine.obj
 0002:000001b8       $SG30848                   00000001800161b8     p5engine.obj
 0002:000001d8       $SG30849                   00000001800161d8     p5engine.obj
 0002:000001f8       $SG30850                   00000001800161f8     p5engine.obj
 0002:00000218       $SG30851                   0000000180016218     p5engine.obj
 0002:00000230       $SG30852                   0000000180016230     p5engine.obj
 0002:00000250       $SG30853                   0000000180016250     p5engine.obj
 0002:00000270       $SG30854                   0000000180016270     p5engine.obj
 0002:00000290       $SG30855                   0000000180016290     p5engine.obj
 0002:000002b0       $SG30856                   00000001800162b0     p5engine.obj
 0002:000002d0       $SG30857                   00000001800162d0     p5engine.obj
 0002:000002f0       $SG30858                   00000001800162f0     p5engine.obj
 0002:00000318       $SG30859                   0000000180016318     p5engine.obj
 0002:00000338       $SG30860                   0000000180016338     p5engine.obj
 0002:00000358       $SG30861                   0000000180016358     p5engine.obj
 0002:00000380       $SG30862                   0000000180016380     p5engine.obj
 0002:000003a0       $SG30863                   00000001800163a0     p5engine.obj
 0002:000003c0       $SG30864                   00000001800163c0     p5engine.obj
 0002:000003e0       $SG30865                   00000001800163e0     p5engine.obj
 0002:00000400       $SG30866                   0000000180016400     p5engine.obj
 0002:00000420       $SG30867                   0000000180016420     p5engine.obj
 0002:00000440       $SG30868                   0000000180016440     p5engine.obj
 0002:00000460       $SG30869                   0000000180016460     p5engine.obj
 0002:00000480       $SG30870                   0000000180016480     p5engine.obj
 0002:000004a0       $SG30871                   00000001800164a0     p5engine.obj
 0002:000004c0       $SG30872                   00000001800164c0     p5engine.obj
 0002:000004e0       $SG30873                   00000001800164e0     p5engine.obj
 0002:00000500       $SG30875                   0000000180016500     p5engine.obj
 0002:00000520       $SG30877                   0000000180016520     p5engine.obj
 0002:00000540       $SG30878                   0000000180016540     p5engine.obj
 0002:00000560       $SG32089                   0000000180016560     p5engine.obj
 0002:00000728       GS_ExceptionPointers       0000000180016728     MSVCRTD:gs_report.obj
 0002:00000d78       $unwind$?GetBitmap@@YAPEAUloaded_bitmap@@PEAUgame_assets@@Ubitmap_id@@@Z 0000000180016d78     p5engine.obj
 0002:00000d78       $unwind$?GetLowEntity@@YAPEAUlow_entity@@PEAUgame_state@@I@Z 0000000180016d78     p5engine.obj
 0002:00000d78       $unwind$?GetSound@@YAPEAUloaded_sound@@PEAUgame_assets@@Usound_id@@@Z 0000000180016d78     p5engine.obj
 0002:00000d78       $unwind$?GetSoundInfo@@YAPEAUasset_sound_info@@PEAUgame_assets@@Usound_id@@@Z 0000000180016d78     p5engine.obj
 0002:00000d78       $unwind$?HasFlag@@YAHPEAUsim_entity@@I@Z 0000000180016d78     p5engine.obj
 0002:00000d78       $unwind$?RandomChoice@@YAIPEAUrandom_series@@I@Z 0000000180016d78     p5engine.obj
 0002:00000d78       $unwind$GetController      0000000180016d78     p5engine.obj
 0002:00000d80       $unwind$?InitializeArena@@YAXPEAUmemory_arena@@_KPEAX@Z 0000000180016d80     p5engine.obj
 0002:00000d88       $unwind$?GetAlignmentOffset@@YA_KPEAUmemory_arena@@_K@Z 0000000180016d88     p5engine.obj
 0002:00000d88       $unwind$?PushString@@YAPEADPEAUmemory_arena@@PEAD@Z 0000000180016d88     p5engine.obj
 0002:00000d90       $unwind$??Y@YAAEATv2@@AEAT0@T0@@Z 0000000180016d90     p5engine.obj
 0002:00000d90       $unwind$?GetArenaSizeRemaining@@YA_KPEAUmemory_arena@@_K@Z 0000000180016d90     p5engine.obj
 0002:00000d90       $unwind$?Hadamard@@YA?ATv2@@T1@0@Z 0000000180016d90     p5engine.obj
 0002:00000d90       $unwind$?Inner@@YAMTv2@@0@Z 0000000180016d90     p5engine.obj
 0002:00000d90       $unwind$?Inner@@YAMTv3@@0@Z 0000000180016d90     p5engine.obj
 0002:00000d90       $unwind$?IsCanonical@@YAHPEAUworld@@Tv3@@@Z 0000000180016d90     p5engine.obj
 0002:00000d90       $unwind$?IsInRectangle@@YAHUrectangle3@@Tv3@@@Z 0000000180016d90     p5engine.obj
 0002:00000d90       $unwind$?RectanglesIntersect@@YAHUrectangle3@@0@Z 0000000180016d90     p5engine.obj
 0002:00000d90       $unwind$?ZeroSize@@YAX_KPEAX@Z 0000000180016d90     p5engine.obj
 0002:00000d90       $unwind$?find_pe_section@@YAPEAU_IMAGE_SECTION_HEADER@@QEAE_K@Z 0000000180016d90     MSVCRTD:utility.obj
 0002:00000d98       $unwind$?PushSize_@@YAPEAXPEAUmemory_arena@@_K1@Z 0000000180016d98     p5engine.obj
 0002:00000da0       $unwind$?BeginTemporaryMemory@@YA?AUtemporary_memory@@PEAUmemory_arena@@@Z 0000000180016da0     p5engine.obj
 0002:00000db4       $unwind$?AllResourcesPresent@@YAHPEAUrender_group@@@Z 0000000180016db4     p5engine.obj
 0002:00000db4       $unwind$?EndTemporaryMemory@@YAXUtemporary_memory@@@Z 0000000180016db4     p5engine.obj
 0002:00000db4       $unwind$?GetChunkData@@YAPEAXUriff_iterator@@@Z 0000000180016db4     p5engine.obj
 0002:00000db4       $unwind$?GetChunkDataSize@@YAIUriff_iterator@@@Z 0000000180016db4     p5engine.obj
 0002:00000db4       $unwind$?GetDim@@YA?ATv2@@Urectangle2@@@Z 0000000180016db4     p5engine.obj
 0002:00000db4       $unwind$?GetType@@YAIUriff_iterator@@@Z 0000000180016db4     p5engine.obj
 0002:00000db4       $unwind$?IsValid@@YAHUriff_iterator@@@Z 0000000180016db4     p5engine.obj
 0002:00000db4       $unwind$?IsValid@@YAHUworld_position@@@Z 0000000180016db4     p5engine.obj
 0002:00000db4       $unwind$?LengthSq@@YAMTv2@@@Z 0000000180016db4     p5engine.obj
 0002:00000db4       $unwind$?RandomBilateral@@YAMPEAUrandom_series@@@Z 0000000180016db4     p5engine.obj
 0002:00000db4       $unwind$?RandomNextUInt32@@YAIPEAUrandom_series@@@Z 0000000180016db4     p5engine.obj
 0002:00000db4       $unwind$?RandomUnilateral@@YAMPEAUrandom_series@@@Z 0000000180016db4     p5engine.obj
 0002:00000db4       $unwind$__CheckForDebuggerJustMyCode 0000000180016db4     MSVCRTD:debugger_jmc.obj
 0002:00000db4       $unwind$__report_gsfailure 0000000180016db4     MSVCRTD:gs_report.obj
 0002:00000dbc       $unwind$?CheckArena@@YAXPEAUmemory_arena@@@Z 0000000180016dbc     p5engine.obj
 0002:00000dbc       $unwind$?StoreEntityReference@@YAXPEATentity_reference@@@Z 0000000180016dbc     p5engine.obj
 0002:00000dbc       $unwind$__raise_securityfailure 0000000180016dbc     MSVCRTD:gs_report.obj
 0002:00000dbc       $unwind$?is_potentially_valid_image_base@@YA_NQEAX@Z 0000000180016dbc     MSVCRTD:utility.obj
 0002:00000dc4       $unwind$?SubArena@@YAXPEAUmemory_arena@@0_K1@Z 0000000180016dc4     p5engine.obj
 0002:00000dc4       $unwind$__GSHandlerCheck   0000000180016dc4     MSVCRTD:gshandler.obj
 0002:00000dcc       $unwind$?AtomicCompareExchangeUInt32@@YAIPECIII@Z 0000000180016dcc     p5engine.obj
 0002:00000dcc       $unwind$?PushRenderElement_@@YAPEAXPEAUrender_group@@IW4render_group_entry_type@@@Z 0000000180016dcc     p5engine.obj
 0002:00000dcc       $unwind$?dllmain_crt_dispatch@@YAHQEAUHINSTANCE__@@KQEAX@Z 0000000180016dcc     MSVCRTD:dll_dllmain.obj
 0002:00000dcc       $unwind$?dllmain_raw@@YAHQEAUHINSTANCE__@@KQEAX@Z 0000000180016dcc     MSVCRTD:dll_dllmain.obj
 0002:00000dd4       $unwind$?AbsoluteValue@@YAMM@Z 0000000180016dd4     p5engine.obj
 0002:00000dd4       $unwind$?Clamp01@@YAMM@Z   0000000180016dd4     p5engine.obj
 0002:00000dd4       $unwind$?RoundReal32ToInt32@@YAHM@Z 0000000180016dd4     p5engine.obj
 0002:00000dd4       $unwind$?RoundReal32ToUInt32@@YAIM@Z 0000000180016dd4     p5engine.obj
 0002:00000dd4       $unwind$?SignOf@@YAMM@Z    0000000180016dd4     p5engine.obj
 0002:00000dd4       $unwind$?Sin@@YAMM@Z       0000000180016dd4     p5engine.obj
 0002:00000dd4       $unwind$?Square@@YAMM@Z    0000000180016dd4     p5engine.obj
 0002:00000dd4       $unwind$?SquareRoot@@YAMM@Z 0000000180016dd4     p5engine.obj
 0002:00000ddc       $unwind$?ATan2@@YAMMM@Z    0000000180016ddc     p5engine.obj
 0002:00000ddc       $unwind$?IsCanonical@@YAHMM@Z 0000000180016ddc     p5engine.obj
 0002:00000ddc       $unwind$?SafeRatio0@@YAMMM@Z 0000000180016ddc     p5engine.obj
 0002:00000ddc       $unwind$?SafeRatio1@@YAMMM@Z 0000000180016ddc     p5engine.obj
 0002:00000de4       $unwind$?FindLeastSignificantSetBit@@YA?AUbit_scan_result@@I@Z 0000000180016de4     p5engine.obj
 0002:00000de4       $unwind$?RandomSeed@@YA?AUrandom_series@@I@Z 0000000180016de4     p5engine.obj
 0002:00000df4       $unwind$?Clamp01MapToRange@@YAMMMM@Z 0000000180016df4     p5engine.obj
 0002:00000df4       $unwind$?Clamp@@YAMMMM@Z   0000000180016df4     p5engine.obj
 0002:00000df4       $unwind$?SafeRatioN@@YAMMMM@Z 0000000180016df4     p5engine.obj
 0002:00000dfc       $unwind$?V2@@YA?ATv2@@MM@Z 0000000180016dfc     p5engine.obj
 0002:00000e0c       $unwind$?V2i@@YA?ATv2@@HH@Z 0000000180016e0c     p5engine.obj
 0002:00000e14       $unwind$??D@YA?ATv2@@MT0@@Z 0000000180016e14     p5engine.obj
 0002:00000e24       $unwind$??G@YA?ATv2@@T0@0@Z 0000000180016e24     p5engine.obj
 0002:00000e24       $unwind$??H@YA?ATv2@@T0@0@Z 0000000180016e24     p5engine.obj
 0002:00000e24       $unwind$?GetBarycentric@@YA?ATv2@@Urectangle2@@T1@@Z 0000000180016e24     p5engine.obj
 0002:00000e34       $unwind$?Clamp01@@YA?ATv2@@T1@@Z 0000000180016e34     p5engine.obj
 0002:00000e44       $unwind$?V3@@YA?ATv3@@MMM@Z 0000000180016e44     p5engine.obj
 0002:00000e44       $unwind$?V4@@YA?ATv4@@MMMM@Z 0000000180016e44     p5engine.obj
 0002:00000e58       $unwind$??D@YA?ATv3@@MT0@@Z 0000000180016e58     p5engine.obj
 0002:00000e58       $unwind$??D@YA?ATv4@@MT0@@Z 0000000180016e58     p5engine.obj
 0002:00000e58       $unwind$?ToV3@@YA?ATv3@@Tv2@@M@Z 0000000180016e58     p5engine.obj
 0002:00000e6c       $unwind$??D@YA?ATv3@@T0@M@Z 0000000180016e6c     p5engine.obj
 0002:00000e6c       $unwind$?GetCameraRectangleAtDistance@@YA?AUrectangle2@@PEAUrender_group@@M@Z 0000000180016e6c     p5engine.obj
 0002:00000e78       $unwind$??X@YAAEATv3@@AEAT0@M@Z 0000000180016e78     p5engine.obj
 0002:00000e84       $unwind$??G@YA?ATv3@@T0@0@Z 0000000180016e84     p5engine.obj
 0002:00000e84       $unwind$??H@YA?ATv3@@T0@0@Z 0000000180016e84     p5engine.obj
 0002:00000e98       $unwind$??Y@YAAEATv3@@AEAT0@T0@@Z 0000000180016e98     p5engine.obj
 0002:00000e98       $unwind$??Z@YAAEATv3@@AEAT0@T0@@Z 0000000180016e98     p5engine.obj
 0002:00000e98       $unwind$?GetDim@@YA?ATv3@@Urectangle3@@@Z 0000000180016e98     p5engine.obj
 0002:00000ea4       $unwind$?AreInSameChunk@@YAHPEAUworld@@PEAUworld_position@@1@Z 0000000180016ea4     p5engine.obj
 0002:00000ea4       $unwind$?Hadamard@@YA?ATv3@@T1@0@Z 0000000180016ea4     p5engine.obj
 0002:00000ea4       $unwind$?RectCenterDim@@YA?AUrectangle2@@Tv2@@0@Z 0000000180016ea4     p5engine.obj
 0002:00000eb0       $unwind$?LengthSq@@YAMTv3@@@Z 0000000180016eb0     p5engine.obj
 0002:00000ebc       $unwind$?Length@@YAMTv3@@@Z 0000000180016ebc     p5engine.obj
 0002:00000ebc       $unwind$?MakeEntityNonSpatial@@YAXPEAUsim_entity@@@Z 0000000180016ebc     p5engine.obj
 0002:00000ec8       $unwind$?RectCenterHalfDim@@YA?AUrectangle2@@Tv2@@0@Z 0000000180016ec8     p5engine.obj
 0002:00000edc       $unwind$?Intersect@@YA?AUrectangle2i@@U1@0@Z 0000000180016edc     p5engine.obj
 0002:00000ee8       $unwind$?Clear@@YAXPEAUrender_group@@Tv4@@@Z 0000000180016ee8     p5engine.obj
 0002:00000ee8       $unwind$?GetMaxCorner@@YA?ATv3@@Urectangle3@@@Z 0000000180016ee8     p5engine.obj
 0002:00000ee8       $unwind$?GetMinCorner@@YA?ATv3@@Urectangle3@@@Z 0000000180016ee8     p5engine.obj
 0002:00000ee8       $unwind$?NextChunk@@YA?AUriff_iterator@@U1@@Z 0000000180016ee8     p5engine.obj
 0002:00000ef4       $unwind$?RectMinMax@@YA?AUrectangle3@@Tv3@@0@Z 0000000180016ef4     p5engine.obj
 0002:00000f08       $unwind$?AddRadiusTo@@YA?AUrectangle3@@U1@Tv3@@@Z 0000000180016f08     p5engine.obj
 0002:00000f08       $unwind$?RectCenterHalfDim@@YA?AUrectangle3@@Tv3@@0@Z 0000000180016f08     p5engine.obj
 0002:00000f1c       $unwind$?RectCenterDim@@YA?AUrectangle3@@Tv3@@0@Z 0000000180016f1c     p5engine.obj
 0002:00000f28       $unwind$?AddFlags@@YAXPEAUsim_entity@@I@Z 0000000180016f28     p5engine.obj
 0002:00000f28       $unwind$?ClearFlags@@YAXPEAUsim_entity@@I@Z 0000000180016f28     p5engine.obj
 0002:00000f28       $unwind$?PrefetchSound@@YAXPEAUgame_assets@@Usound_id@@@Z 0000000180016f28     p5engine.obj
 0002:00000f30       $unwind$?MakeEntitySpatial@@YAXPEAUsim_entity@@Tv3@@1@Z 0000000180016f30     p5engine.obj
 0002:00000f3c       $unwind$?GetEntityGroundPoint@@YA?ATv3@@PEAUsim_entity@@T1@@Z 0000000180016f3c     p5engine.obj
 0002:00000f3c       $unwind$?ParseChunkAt@@YA?AUriff_iterator@@PEAX0@Z 0000000180016f3c     p5engine.obj
 0002:00000f48       $unwind$?GetEntityGroundPoint@@YA?ATv3@@PEAUsim_entity@@@Z 0000000180016f48     p5engine.obj
 0002:00000f54       $unwind$?GetStairGround@@YAMPEAUsim_entity@@Tv3@@@Z 0000000180016f54     p5engine.obj
 0002:00000f60       $unwind$?IsValid@@YAHUsound_id@@@Z 0000000180016f60     p5engine.obj
 0002:00000f68       $unwind$?LoadBitmap@@YAXPEAUgame_assets@@Ubitmap_id@@@Z 0000000180016f68     p5engine.obj
 0002:00000f70       $unwind$?LoadSound@@YAXPEAUgame_assets@@Usound_id@@@Z 0000000180016f70     p5engine.obj
 0002:00000f78       $unwind$?AddCollisionRule@@YAXPEAUgame_state@@IIH@Z 0000000180016f78     p5engine.obj
 0002:00000f80       $unwind$?ClearCollisionRulesFor@@YAXPEAUgame_state@@I@Z 0000000180016f80     p5engine.obj
 0002:00000f88       $unwind$?BeginTaskWithMemory@@YAPEAUtask_with_memory@@PEAUtransient_state@@@Z 0000000180016f88     p5engine.obj
 0002:00000f94       $unwind$?EndTaskWithMemory@@YAXPEAUtask_with_memory@@@Z 0000000180016f94     p5engine.obj
 0002:00000fa0       $unwind$?DrawRectangle@@YAXPEAUloaded_bitmap@@Tv2@@1Tv4@@Urectangle2i@@H@Z 0000000180016fa0     p5engine.obj
 0002:00000fac       $unwind$?RenderGroupToOutput@@YAXPEAUrender_group@@PEAUloaded_bitmap@@Urectangle2i@@H@Z 0000000180016fac     p5engine.obj
 0002:00000fb8       $unwind$?DoTiledRenderWork@@YAXPEAUplatform_work_queue@@PEAX@Z 0000000180016fb8     p5engine.obj
 0002:00000fc4       $unwind$?RenderGroupToOutput@@YAXPEAUrender_group@@PEAUloaded_bitmap@@@Z 0000000180016fc4     p5engine.obj
 0002:00000fd8       $unwind$?TiledRenderGroupToOutput@@YAXPEAUplatform_work_queue@@PEAUrender_group@@PEAUloaded_bitmap@@@Z 0000000180016fd8     p5engine.obj
 0002:00000fec       $unwind$?AllocateRenderGroup@@YAPEAUrender_group@@PEAUgame_assets@@PEAUmemory_arena@@I@Z 0000000180016fec     p5engine.obj
 0002:00000ff8       $unwind$?InitializeWorld@@YAXPEAUworld@@Tv3@@@Z 0000000180016ff8     p5engine.obj
 0002:00001004       $unwind$?Subtract@@YA?ATv3@@PEAUworld@@PEAUworld_position@@1@Z 0000000180017004     p5engine.obj
 0002:00001018       $unwind$?ChangeEntityLocation@@YAXPEAUmemory_arena@@PEAUworld@@IPEAUlow_entity@@Uworld_position@@@Z 0000000180017018     p5engine.obj
 0002:00001024       $unwind$?GetHashFromStorageIndex@@YAPEAUsim_entity_hash@@PEAUsim_region@@I@Z 0000000180017024     p5engine.obj
 0002:0000102c       $unwind$?AddEntity@@YAPEAUsim_entity@@PEAUgame_state@@PEAUsim_region@@IPEAUlow_entity@@PEATv3@@@Z 000000018001702c     p5engine.obj
 0002:00001038       $unwind$?AddEntityRaw@@YAPEAUsim_entity@@PEAUgame_state@@PEAUsim_region@@IPEAUlow_entity@@@Z 0000000180017038     p5engine.obj
 0002:00001044       $unwind$?BeginSim@@YAPEAUsim_region@@PEAUmemory_arena@@PEAUgame_state@@PEAUworld@@Uworld_position@@Urectangle3@@M@Z 0000000180017044     p5engine.obj
 0002:00001058       $unwind$?EndSim@@YAXPEAUsim_region@@PEAUgame_state@@@Z 0000000180017058     p5engine.obj
 0002:00001064       $unwind$?CanCollide@@YAHPEAUgame_state@@PEAUsim_entity@@1@Z 0000000180017064     p5engine.obj
 0002:0000106c       $unwind$?HandleCollision@@YAHPEAUgame_state@@PEAUsim_entity@@1@Z 000000018001706c     p5engine.obj
 0002:00001074       $unwind$?CanOverlap@@YAHPEAUgame_state@@PEAUsim_entity@@1@Z 0000000180017074     p5engine.obj
 0002:0000107c       $unwind$?HandleOverlap@@YAXPEAUgame_state@@PEAUsim_entity@@1MPEAM@Z 000000018001707c     p5engine.obj
 0002:00001088       $unwind$?SpeculativeCollide@@YAHPEAUsim_entity@@0Tv3@@@Z 0000000180017088     p5engine.obj
 0002:00001094       $unwind$?EntitiesOverlap@@YAHPEAUsim_entity@@0Tv3@@@Z 0000000180017094     p5engine.obj
 0002:000010a0       $unwind$?MoveEntity@@YAXPEAUgame_state@@PEAUsim_region@@PEAUsim_entity@@MPEAUmove_spec@@Tv3@@@Z 00000001800170a0     p5engine.obj
 0002:000010b4       $unwind$?DEBUGLoadBMP@@YA?AUloaded_bitmap@@PEADTv2@@@Z 00000001800170b4     p5engine.obj
 0002:000010c8       $unwind$?DEBUGLoadWAV@@YA?AUloaded_sound@@PEADII@Z 00000001800170c8     p5engine.obj
 0002:000010dc       $unwind$?LoadBitmapWork@@YAXPEAUplatform_work_queue@@PEAX@Z 00000001800170dc     p5engine.obj
 0002:000010e8       $unwind$?LoadSoundWork@@YAXPEAUplatform_work_queue@@PEAX@Z 00000001800170e8     p5engine.obj
 0002:000010f4       $unwind$?GetBestMatchAssetFrom@@YAIPEAUgame_assets@@W4asset_type_id@@PEAUasset_vector@@2@Z 00000001800170f4     p5engine.obj
 0002:000010fc       $unwind$?GetRandomAssetFrom@@YAIPEAUgame_assets@@W4asset_type_id@@PEAUrandom_series@@@Z 00000001800170fc     p5engine.obj
 0002:00001104       $unwind$?GetFirstAssetFrom@@YAIPEAUgame_assets@@W4asset_type_id@@@Z 0000000180017104     p5engine.obj
 0002:0000110c       $unwind$?GetBestMatchBitmapFrom@@YA?AUbitmap_id@@PEAUgame_assets@@W4asset_type_id@@PEAUasset_vector@@2@Z 000000018001710c     p5engine.obj
 0002:00001114       $unwind$?GetFirstBitmapFrom@@YA?AUbitmap_id@@PEAUgame_assets@@W4asset_type_id@@@Z 0000000180017114     p5engine.obj
 0002:0000111c       $unwind$?GetRandomBitmapFrom@@YA?AUbitmap_id@@PEAUgame_assets@@W4asset_type_id@@PEAUrandom_series@@@Z 000000018001711c     p5engine.obj
 0002:00001124       $unwind$?GetFirstSoundFrom@@YA?AUsound_id@@PEAUgame_assets@@W4asset_type_id@@@Z 0000000180017124     p5engine.obj
 0002:0000112c       $unwind$?GetRandomSoundFrom@@YA?AUsound_id@@PEAUgame_assets@@W4asset_type_id@@PEAUrandom_series@@@Z 000000018001712c     p5engine.obj
 0002:00001134       $unwind$?BeginAssetType@@YAXPEAUgame_assets@@W4asset_type_id@@@Z 0000000180017134     p5engine.obj
 0002:0000113c       $unwind$?AddBitmapAsset@@YA?AUbitmap_id@@PEAUgame_assets@@PEADTv2@@@Z 000000018001713c     p5engine.obj
 0002:00001144       $unwind$?AddSoundAsset@@YA?AUsound_id@@PEAUgame_assets@@PEADII@Z 0000000180017144     p5engine.obj
 0002:0000114c       $unwind$?AddTag@@YAXPEAUgame_assets@@W4asset_tag_id@@M@Z 000000018001714c     p5engine.obj
 0002:00001154       $unwind$?EndAssetType@@YAXPEAUgame_assets@@@Z 0000000180017154     p5engine.obj
 0002:0000115c       $unwind$?AllocateGameAssets@@YAPEAUgame_assets@@PEAUmemory_arena@@_KPEAUtransient_state@@@Z 000000018001715c     p5engine.obj
 0002:00001170       $unwind$?PlaySound@@YAPEAUplaying_sound@@PEAUaudio_state@@Usound_id@@@Z 0000000180017170     p5engine.obj
 0002:00001178       $unwind$?ChangeVolume@@YAXPEAUaudio_state@@PEAUplaying_sound@@MTv2@@@Z 0000000180017178     p5engine.obj
 0002:00001180       $unwind$?OutputPlayingSounds@@YAXPEAUaudio_state@@PEAUgame_sound_output_buffer@@PEAUgame_assets@@PEAUmemory_arena@@@Z 0000000180017180     p5engine.obj
 0002:00001194       $unwind$?InitializeAudioState@@YAXPEAUaudio_state@@PEAUmemory_arena@@@Z 0000000180017194     p5engine.obj
 0002:0000119c       $unwind$?AddLowEntity@@YA?AUadd_low_entity_result@@PEAUgame_state@@W4entity_type@@Uworld_position@@@Z 000000018001719c     p5engine.obj
 0002:000011b0       $unwind$?AddGroundedEntity@@YA?AUadd_low_entity_result@@PEAUgame_state@@W4entity_type@@Uworld_position@@PEAUsim_entity_collision_volume_group@@@Z 00000001800171b0     p5engine.obj
 0002:000011bc       $unwind$?AddStandardRoom@@YA?AUadd_low_entity_result@@PEAUgame_state@@III@Z 00000001800171bc     p5engine.obj
 0002:000011c8       $unwind$?AddWall@@YA?AUadd_low_entity_result@@PEAUgame_state@@III@Z 00000001800171c8     p5engine.obj
 0002:000011d4       $unwind$?AddStairs@@YA?AUadd_low_entity_result@@PEAUgame_state@@III@Z 00000001800171d4     p5engine.obj
 0002:000011e0       $unwind$?InitHitPoints@@YAXPEAUlow_entity@@I@Z 00000001800171e0     p5engine.obj
 0002:000011e8       $unwind$?AddSword@@YA?AUadd_low_entity_result@@PEAUgame_state@@@Z 00000001800171e8     p5engine.obj
 0002:000011f4       $unwind$?AddPlayer@@YA?AUadd_low_entity_result@@PEAUgame_state@@@Z 00000001800171f4     p5engine.obj
 0002:00001200       $unwind$?AddMonstar@@YA?AUadd_low_entity_result@@PEAUgame_state@@III@Z 0000000180017200     p5engine.obj
 0002:0000120c       $unwind$?AddFamiliar@@YA?AUadd_low_entity_result@@PEAUgame_state@@III@Z 000000018001720c     p5engine.obj
 0002:00001218       $unwind$?DrawHitpoints@@YAXPEAUsim_entity@@PEAUrender_group@@@Z 0000000180017218     p5engine.obj
 0002:0000122c       $unwind$?MakeSimpleGroundedCollision@@YAPEAUsim_entity_collision_volume_group@@PEAUgame_state@@MMM@Z 000000018001722c     p5engine.obj
 0002:00001238       $unwind$?MakeNullCollision@@YAPEAUsim_entity_collision_volume_group@@PEAUgame_state@@@Z 0000000180017238     p5engine.obj
 0002:00001244       $unwind$?FillGroundChunkWork@@YAXPEAUplatform_work_queue@@PEAX@Z 0000000180017244     p5engine.obj
 0002:0000124c       $unwind$?FillGroundChunk@@YAXPEAUtransient_state@@PEAUgame_state@@PEAUground_buffer@@PEAUworld_position@@@Z 000000018001724c     p5engine.obj
 0002:00001260       $unwind$?ClearBitmap@@YAXPEAUloaded_bitmap@@@Z 0000000180017260     p5engine.obj
 0002:00001268       $unwind$?MakeEmptyBitmap@@YA?AUloaded_bitmap@@PEAUmemory_arena@@HHH@Z 0000000180017268     p5engine.obj
 0002:0000127c       $unwind$?MakeSphereDiffuseMap@@YAXPEAUloaded_bitmap@@MM@Z 000000018001727c     p5engine.obj
 0002:00001288       $unwind$?MakeSphereNormalMap@@YAXPEAUloaded_bitmap@@MMM@Z 0000000180017288     p5engine.obj
 0002:00001294       $unwind$GameUpdateAndRender 0000000180017294     p5engine.obj
 0002:000012a8       $unwind$GameGetSoundSamples 00000001800172a8     p5engine.obj
 0002:000012b0       $unwind$?Linear1ToSRGB255@@YA?ATv4@@T1@@Z 00000001800172b0     p5engine.obj
 0002:000012b0       $unwind$?SRGB255ToLinear1@@YA?ATv4@@T1@@Z 00000001800172b0     p5engine.obj
 0002:000012c4       $unwind$?GetRenderEntityBasisPos@@YA?AUentity_basis_p_result@@PEAUrender_transform@@Tv3@@@Z 00000001800172c4     p5engine.obj
 0002:000012d8       $unwind$?PushBitmap@@YAXPEAUrender_group@@PEAUloaded_bitmap@@Tv3@@MTv4@@@Z 00000001800172d8     p5engine.obj
 0002:000012e4       $unwind$?PushBitmap@@YAXPEAUrender_group@@Ubitmap_id@@Tv3@@MTv4@@@Z 00000001800172e4     p5engine.obj
 0002:000012f0       $unwind$?PushRect@@YAXPEAUrender_group@@Tv3@@Tv2@@Tv4@@@Z 00000001800172f0     p5engine.obj
 0002:000012fc       $unwind$?PushRectOutline@@YAXPEAUrender_group@@Tv3@@Tv2@@Tv4@@@Z 00000001800172fc     p5engine.obj
 0002:00001308       $unwind$?Orthographic@@YAXPEAUrender_group@@HHM@Z 0000000180017308     p5engine.obj
 0002:00001308       $unwind$?Perspective@@YAXPEAUrender_group@@HHMMM@Z 0000000180017308     p5engine.obj
 0002:00001310       $unwind$?RecanonicalizeCoord@@YAXMPEAHPEAM@Z 0000000180017310     p5engine.obj
 0002:00001310       $unwind$?Unproject@@YA?ATv2@@PEAUrender_group@@T1@M@Z 0000000180017310     p5engine.obj
 0002:00001318       $unwind$?GetCameraRectangleAtTarget@@YA?AUrectangle2@@PEAUrender_group@@@Z 0000000180017318     p5engine.obj
 0002:00001324       $unwind$?NullPosition@@YA?AUworld_position@@XZ 0000000180017324     p5engine.obj
 0002:00001338       $unwind$?GetWorldChunk@@YAPEAUworld_chunk@@PEAUworld@@HHHPEAUmemory_arena@@@Z 0000000180017338     p5engine.obj
 0002:00001338       $unwind$__scrt_dllmain_exception_filter 0000000180017338     MSVCRTD:utility.obj
 0002:00001340       $unwind$?MapIntoChunkSpace@@YA?AUworld_position@@PEAUworld@@U1@Tv3@@@Z 0000000180017340     p5engine.obj
 0002:00001354       $unwind$?ChunkPositionFromTilePosition@@YA?AUworld_position@@PEAUworld@@HHHTv3@@@Z 0000000180017354     p5engine.obj
 0002:00001368       $unwind$?CenteredChunkPoint@@YA?AUworld_position@@III@Z 0000000180017368     p5engine.obj
 0002:0000137c       $unwind$?ChangeEntityLocationRaw@@YAXPEAUmemory_arena@@PEAUworld@@IPEAUworld_position@@2@Z 000000018001737c     p5engine.obj
 0002:00001388       $unwind$?GetSimSpacePos@@YA?ATv3@@PEAUsim_region@@PEAUlow_entity@@@Z 0000000180017388     p5engine.obj
 0002:00001394       $unwind$?LoadEntityReference@@YAXPEAUgame_state@@PEAUsim_region@@PEATentity_reference@@@Z 0000000180017394     p5engine.obj
 0002:000013a8       $unwind$?EntityOverlapsRectangle@@YAHTv3@@Usim_entity_collision_volume@@Urectangle3@@@Z 00000001800173a8     p5engine.obj
 0002:000013b4       $unwind$?DefaultMoveSpec@@YA?AUmove_spec@@XZ 00000001800173b4     p5engine.obj
 0002:000013c8       $unwind$?DrawRectangleQuickly@@YAXPEAUloaded_bitmap@@Tv2@@11Tv4@@0MUrectangle2i@@H@Z 00000001800173c8     p5engine_optimized.obj
 0002:000013f0       $chain$9$?DrawRectangleQuickly@@YAXPEAUloaded_bitmap@@Tv2@@11Tv4@@0MUrectangle2i@@H@Z 00000001800173f0     p5engine_optimized.obj
 0002:00001428       $chain$10$?DrawRectangleQuickly@@YAXPEAUloaded_bitmap@@Tv2@@11Tv4@@0MUrectangle2i@@H@Z 0000000180017428     p5engine_optimized.obj
 0002:00001438       $unwind$__GSHandlerCheckCommon 0000000180017438     MSVCRTD:gshandler.obj
 0002:00001440       $xdatasym                  0000000180017440     MSVCRTD:chkstk.obj
 0002:00001448       $xdatasym                  0000000180017448     MSVCRTD:amdsecgs.obj
 0002:0000144c       $unwind$?dllmain_crt_process_attach@@YAHQEAUHINSTANCE__@@QEAX@Z 000000018001744c     MSVCRTD:dll_dllmain.obj
 0002:0000146c       $unwind$?fin$0@?0??dllmain_crt_process_attach@@YAHQEAUHINSTANCE__@@QEAX@Z@4HA 000000018001746c     MSVCRTD:dll_dllmain.obj
 0002:0000146c       $unwind$?fin$0@?0??dllmain_crt_process_detach@@YAH_N@Z@4HA 000000018001746c     MSVCRTD:dll_dllmain.obj
 0002:0000146c       $unwind$?fin$1@?0??dllmain_crt_process_detach@@YAH_N@Z@4HA 000000018001746c     MSVCRTD:dll_dllmain.obj
 0002:0000146c       $unwind$__scrt_is_nonwritable_in_current_image$filt$0 000000018001746c     MSVCRTD:utility.obj
 0002:00001474       $unwind$?dllmain_crt_process_detach@@YAH_N@Z 0000000180017474     MSVCRTD:dll_dllmain.obj
 0002:000014a4       $unwind$?dllmain_dispatch@@YAHQEAUHINSTANCE__@@KQEAX@Z 00000001800174a4     MSVCRTD:dll_dllmain.obj
 0002:000014c4       $unwind$?filt$0@?0??dllmain_dispatch@@YAHQEAUHINSTANCE__@@KQEAX@Z@4HA 00000001800174c4     MSVCRTD:dll_dllmain.obj
 0002:000014cc       $unwind$_DllMainCRTStartup 00000001800174cc     MSVCRTD:dll_dllmain.obj
 0002:000014cc       $unwind$DllMain            00000001800174cc     MSVCRTD:dll_dllmain_stub.obj
 0002:000014d4       $unwind$capture_previous_context 00000001800174d4     MSVCRTD:gs_report.obj
 0002:000014dc       $unwind$__scrt_initialize_default_local_stdio_options 00000001800174dc     MSVCRTD:default_local_stdio_options.obj
 0002:000014dc       $unwind$__security_init_cookie 00000001800174dc     MSVCRTD:gs_support.obj
 0002:000014e4       $unwind$__get_entropy      00000001800174e4     MSVCRTD:gs_support.obj
 0002:000014ec       $unwind$?__scrt_initialize_type_info@@YAXXZ 00000001800174ec     MSVCRTD:tncleanup.obj
 0002:000014ec       $unwind$?__scrt_uninitialize_type_info@@YAXXZ 00000001800174ec     MSVCRTD:tncleanup.obj
 0002:000014ec       $unwind$?configure_argv@__scrt_narrow_argv_policy@@SAHXZ 00000001800174ec     MSVCRTD:utility.obj
 0002:000014ec       $unwind$?initialize_environment@__scrt_narrow_environment_policy@@SAHXZ 00000001800174ec     MSVCRTD:utility.obj
 0002:000014ec       $unwind$__scrt_dllmain_after_initialize_c 00000001800174ec     MSVCRTD:utility.obj
 0002:000014ec       $unwind$__scrt_dllmain_before_initialize_c 00000001800174ec     MSVCRTD:utility.obj
 0002:000014ec       $unwind$__scrt_dllmain_crt_thread_attach 00000001800174ec     MSVCRTD:utility.obj
 0002:000014ec       $unwind$__scrt_dllmain_crt_thread_detach 00000001800174ec     MSVCRTD:utility.obj
 0002:000014ec       $unwind$__scrt_dllmain_uninitialize_c 00000001800174ec     MSVCRTD:utility.obj
 0002:000014ec       $unwind$__scrt_dllmain_uninitialize_critical 00000001800174ec     MSVCRTD:utility.obj
 0002:000014f4       $unwind$__scrt_is_nonwritable_in_current_image 00000001800174f4     MSVCRTD:utility.obj
 0002:00001514       $unwind$__scrt_acquire_startup_lock 0000000180017514     MSVCRTD:utility.obj
 0002:0000151c       $unwind$__scrt_initialize_crt 000000018001751c     MSVCRTD:utility.obj
 0002:0000151c       $unwind$__scrt_release_startup_lock 000000018001751c     MSVCRTD:utility.obj
 0002:00001524       $unwind$__scrt_uninitialize_crt 0000000180017524     MSVCRTD:utility.obj
 0002:0000152c       $unwind$__scrt_initialize_onexit_tables 000000018001752c     MSVCRTD:utility.obj
 0002:00001538       $unwind$__scrt_fastfail    0000000180017538     MSVCRTD:utility_desktop.obj
 0002:00001544       $unwind$_RTC_Initialize    0000000180017544     MSVCRTD:initsect.obj
 0002:00001544       $unwind$_RTC_Terminate     0000000180017544     MSVCRTD:initsect.obj
 0002:00001550       $unwind$__isa_available_init 0000000180017550     MSVCRTD:cpu_disp.obj
 0002:00001560       $unwind$__scrt_is_ucrt_dll_in_use 0000000180017560     MSVCRTD:ucrt_detection.obj
 0002:00001568       $xdatasym                  0000000180017568     MSVCRTD:guard_dispatch.obj
 0002:00001570       $xdatasym                  0000000180017570     MSVCRTD:guard_xfg_dispatch.obj
 0002:00001580       .edata                     0000000180017580     P5Engine.exp
 0002:000015a8       rgpv                       00000001800175a8     P5Engine.exp
 0002:000015b0       rgszName                   00000001800175b0     P5Engine.exp
 0002:000015b8       rgwOrd                     00000001800175b8     P5Engine.exp
 0002:000015bc       szName                     00000001800175bc     P5Engine.exp
 0002:000015c9       $N00001                    00000001800175c9     P5Engine.exp
 0002:000015dd       $N00002                    00000001800175dd     P5Engine.exp
 0002:00001780       .idata$6                   0000000180017780     vcruntimed:VCRUNTIME140D.dll
 0002:0000185a       .idata$6                   000000018001785a     ucrtd:ucrtbased.dll
 0002:000019ce       .idata$6                   00000001800179ce     kernel32:KERNEL32.dll
 0003:00000000       ?RandomNumberTable@@3PAIA  0000000180018000     p5engine.obj
 0003:00004048       ?PlatformAddEntry@@3P6AXPEAUplatform_work_queue@@P6AX0PEAX@Z1@ZEA 000000018001c048     p5engine.obj
 0003:00004050       ?PlatformCompleteAllWork@@3P6AXPEAUplatform_work_queue@@@ZEA 000000018001c050     p5engine.obj
 0003:00004058       ?PlatformReadEntireFile@@3P6A?AUdebug_read_file_result@@PEAD@ZEA 000000018001c058     p5engine.obj
 0003:00004060       ?__proc_attached@@3HA      000000018001c060     MSVCRTD:dll_dllmain.obj
 0003:00004070       GS_ExceptionRecord         000000018001c070     MSVCRTD:gs_report.obj
 0003:00004110       GS_ContextRecord           000000018001c110     MSVCRTD:gs_report.obj
 0003:00004610       ?is_initialized_as_dll@@3_NA 000000018001c610     MSVCRTD:utility.obj
 0003:00004611       ?module_local_atexit_table_initialized@@3_NA 000000018001c611     MSVCRTD:utility.obj
 0003:00004618       ?module_local_atexit_table@@3U_onexit_table_t@@A 000000018001c618     MSVCRTD:utility.obj
 0003:00004630       ?module_local_at_quick_exit_table@@3U_onexit_table_t@@A 000000018001c630     MSVCRTD:utility.obj
 0005:00000000       __20BB4341_malloc@h        000000018001e000     p5engine.obj
 0005:00000001       __A435B42B_p5engine_types@h 000000018001e001     p5engine.obj
 0005:00000002       __7D4BEAAE_p5engine_platform@h 000000018001e002     p5engine.obj
 0005:00000003       __741AE07E_corecrt_math@h  000000018001e003     p5engine.obj
 0005:00000004       __7BF3FA8A_p5engine_intrinsics@h 000000018001e004     p5engine.obj
 0005:00000005       __87290AA6_p5engine_math@h 000000018001e005     p5engine.obj
 0005:00000006       __B7A387D6_p5engine_random@h 000000018001e006     p5engine.obj
 0005:00000007       __F17FF173_p5engine_entity@h 000000018001e007     p5engine.obj
 0005:00000008       __72A74871_p5engine_asset@h 000000018001e008     p5engine.obj
 0005:00000009       __BD87FD4A_p5engine@h      000000018001e009     p5engine.obj
 0005:0000000a       __6F2BF339_p5engine_render_group@cpp 000000018001e00a     p5engine.obj
 0005:0000000b       __281AC6F8_p5engine_world@cpp 000000018001e00b     p5engine.obj
 0005:0000000c       __B07C4A52_p5engine_sim_region@cpp 000000018001e00c     p5engine.obj
 0005:0000000d       __BDC7FEEB_p5engine_entity@cpp 000000018001e00d     p5engine.obj
 0005:0000000e       __3D4C1499_p5engine_asset@cpp 000000018001e00e     p5engine.obj
 0005:0000000f       __39A8D9B6_p5engine_audio@cpp 000000018001e00f     p5engine.obj
 0005:00000010       __BAF57382_p5engine@cpp    000000018001e010     p5engine.obj
 0005:00000011       __20BB4341_malloc@h        000000018001e011     p5engine_optimized.obj
 0005:00000012       __A435B42B_p5engine_types@h 000000018001e012     p5engine_optimized.obj
 0005:00000013       __7D4BEAAE_p5engine_platform@h 000000018001e013     p5engine_optimized.obj
 0005:00000014       __741AE07E_corecrt_math@h  000000018001e014     p5engine_optimized.obj
 0005:00000015       __7BF3FA8A_p5engine_intrinsics@h 000000018001e015     p5engine_optimized.obj
 0005:00000016       __87290AA6_p5engine_math@h 000000018001e016     p5engine_optimized.obj
 0005:00000017       __B7A387D6_p5engine_random@h 000000018001e017     p5engine_optimized.obj
 0005:00000018       __F17FF173_p5engine_entity@h 000000018001e018     p5engine_optimized.obj
 0005:00000019       __72A74871_p5engine_asset@h 000000018001e019     p5engine_optimized.obj
 0005:0000001a       __BD87FD4A_p5engine@h      000000018001e01a     p5engine_optimized.obj
 0005:0000001b       __03FC23C0_p5engine_optimized@cpp 000000018001e01b     p5engine_optimized.obj
 0006:00000060       $R000000                   000000018001f060     * linker generated manifest res *
