 P5Engine

 Timestamp is 6156c86d (Fri Oct  1 01:35:57 2021)

 Preferred load address is 0000000180000000

 Start         Length     Name                   Class
 0001:00000000 00010000H .textbss                DATA
 0002:00000000 00017940H .text$mn                CODE
 0002:00017940 00001040H .text$mn$00             CODE
 0002:00018980 00001141H .text$x                 CODE
 0003:00000000 00000110H .CRT$XCA                DATA
 0003:00000110 00000110H .CRT$XCZ                DATA
 0003:00000220 00000110H .CRT$XIA                DATA
 0003:00000330 00000110H .CRT$XIZ                DATA
 0003:00000440 00000110H .CRT$XPA                DATA
 0003:00000550 00000110H .CRT$XPZ                DATA
 0003:00000660 00000110H .CRT$XTA                DATA
 0003:00000770 00000110H .CRT$XTZ                DATA
 0003:00000880 00004b80H .rdata                  DATA
 0003:00005400 00000110H .rdata$CastGuardVftablesA DATA
 0003:00005510 0000010cH .rdata$CastGuardVftablesC DATA
 0003:0000561c 0000017cH .rdata$zzzdbg           DATA
 0003:00005798 00000110H .rtc$IAA                DATA
 0003:000058a8 00000110H .rtc$IMZ                DATA
 0003:000059b8 00000110H .rtc$IZZ                DATA
 0003:00005ac8 00000110H .rtc$TAA                DATA
 0003:00005bd8 00000110H .rtc$TMZ                DATA
 0003:00005ce8 00000110H .rtc$TZZ                DATA
 0003:00005df8 00001388H .xdata                  DATA
 0003:00007180 00000187H .edata                  DATA
 0004:00000000 00004e40H .data                   DATA
 0004:00004e40 00000788H .bss                    DATA
 0005:00000000 0000279cH .pdata                  DATA
 0006:00000000 00000340H .idata$5                DATA
 0006:00000340 0000003cH .idata$2                DATA
 0006:0000037c 00000014H .idata$3                DATA
 0006:00000390 00000340H .idata$4                DATA
 0006:000006d0 00000656H .idata$6                DATA
 0007:00000000 0000010fH .msvcjmc                DATA
 0008:00000000 00000151H .00cfg                  DATA
 0009:00000000 00000170H .rsrc$01                DATA
 0009:00000170 000001b6H .rsrc$02                DATA

  Address         Publics by Value              Rva+Base               Lib:Object

 0000:00000000       __guard_eh_cont_table      0000000000000000     <absolute>
 0000:00000000       __x64_code_ranges_to_entry_points_count 0000000000000000     <absolute>
 0000:00000000       __hybrid_auxiliary_iat_copy 0000000000000000     <absolute>
 0000:00000000       __hybrid_auxiliary_iat     0000000000000000     <absolute>
 0000:00000000       __guard_eh_cont_count      0000000000000000     <absolute>
 0000:00000000       __guard_fids_count         0000000000000000     <absolute>
 0000:00000000       __guard_fids_table         0000000000000000     <absolute>
 0000:00000000       __dynamic_value_reloc_table 0000000000000000     <absolute>
 0000:00000000       __guard_check_icall_a64n_fptr 0000000000000000     <absolute>
 0000:00000000       __x64_code_ranges_to_entry_points 0000000000000000     <absolute>
 0000:00000000       __arm64x_extra_rfe_table   0000000000000000     <absolute>
 0000:00000000       __hybrid_code_map_count    0000000000000000     <absolute>
 0000:00000000       __arm64x_redirection_metadata 0000000000000000     <absolute>
 0000:00000000       ___safe_se_handler_table   0000000000000000     <absolute>
 0000:00000000       __guard_longjmp_count      0000000000000000     <absolute>
 0000:00000000       __hybrid_code_map          0000000000000000     <absolute>
 0000:00000000       __guard_iat_count          0000000000000000     <absolute>
 0000:00000000       __arm64x_redirection_metadata_count 0000000000000000     <absolute>
 0000:00000000       ___safe_se_handler_count   0000000000000000     <absolute>
 0000:00000000       __enclave_config           0000000000000000     <absolute>
 0000:00000000       __arm64x_native_entrypoint 0000000000000000     <absolute>
 0000:00000000       __guard_iat_table          0000000000000000     <absolute>
 0000:00000000       __volatile_metadata        0000000000000000     <absolute>
 0000:00000000       __arm64x_extra_rfe_table_size 0000000000000000     <absolute>
 0000:00000000       __AbsoluteZero             0000000000000000     <absolute>
 0000:00000000       __guard_longjmp_table      0000000000000000     <absolute>
 0000:00000100       __guard_flags              0000000000000100     <absolute>
 0000:00000000       __ImageBase                0000000180000000     <linker-defined>
 0001:00000000       __enc$textbss$begin        0000000180001000     <linker-defined>
 0001:00010000       __enc$textbss$end          0000000180011000     <linker-defined>
 0002:00000a10       ??D@YA?ATv2@@MT0@@Z        0000000180011a10 f i p5engine.obj
 0002:00000b00       ??D@YA?ATv3@@MT0@@Z        0000000180011b00 f i p5engine.obj
 0002:00000c40       ??D@YA?ATv3@@T0@M@Z        0000000180011c40 f i p5engine.obj
 0002:00000d40       ??G@YA?ATv2@@T0@0@Z        0000000180011d40 f i p5engine.obj
 0002:00000e30       ??G@YA?ATv3@@T0@0@Z        0000000180011e30 f i p5engine.obj
 0002:00000f80       ??H@YA?ATv2@@T0@0@Z        0000000180011f80 f i p5engine.obj
 0002:00001070       ??H@YA?ATv3@@T0@0@Z        0000000180012070 f i p5engine.obj
 0002:000011c0       ??X@YAAEATv3@@AEAT0@M@Z    00000001800121c0 f i p5engine.obj
 0002:00001280       ??Y@YAAEATv2@@AEAT0@T0@@Z  0000000180012280 f i p5engine.obj
 0002:00001300       ??Y@YAAEATv3@@AEAT0@T0@@Z  0000000180012300 f i p5engine.obj
 0002:000013e0       ??Z@YAAEATv3@@AEAT0@T0@@Z  00000001800123e0 f i p5engine.obj
 0002:000014c0       ?AbsoluteValue@@YAMM@Z     00000001800124c0 f i p5engine.obj
 0002:00001cc0       ?AddFlags@@YAXPEAUsim_entity@@I@Z 0000000180012cc0 f i p5engine.obj
 0002:00002480       ?AddRadiusTo@@YA?AUrectangle3@@U1@Tv3@@@Z 0000000180013480 f i p5engine.obj
 0002:00002f30       ?AreInSameChunk@@YAHPEAUworld@@PEAUworld_position@@1@Z 0000000180013f30 f i p5engine.obj
 0002:000038b0       ?BeginTemporaryMemory@@YA?AUtemporary_memory@@PEAUmemory_arena@@@Z 00000001800148b0 f i p5engine.obj
 0002:00003c30       ?CenteredChunkPoint@@YA?AUworld_position@@III@Z 0000000180014c30 f i p5engine.obj
 0002:00003f20       ?ChangeEntityLocationRaw@@YAXPEAUmemory_arena@@PEAUworld@@IPEAUworld_position@@2@Z 0000000180014f20 f i p5engine.obj
 0002:00004420       ?CheckArena@@YAXPEAUmemory_arena@@@Z 0000000180015420 f i p5engine.obj
 0002:00004480       ?ChunkPositionFromTilePosition@@YA?AUworld_position@@PEAUworld@@HHHTv3@@@Z 0000000180015480 f i p5engine.obj
 0002:000047f0       ?Clamp01@@YA?ATv2@@T1@@Z   00000001800157f0 f i p5engine.obj
 0002:000048d0       ?Clamp01@@YAMM@Z           00000001800158d0 f i p5engine.obj
 0002:00004930       ?Clamp@@YAMMMM@Z           0000000180015930 f i p5engine.obj
 0002:000049d0       ?Clear@@YAXPEAUrender_group@@Tv4@@@Z 00000001800159d0 f i p5engine.obj
 0002:00004c10       ?ClearFlags@@YAXPEAUsim_entity@@I@Z 0000000180015c10 f i p5engine.obj
 0002:00004c70       ?CoordinateSystem@@YAPEAUrender_entry_coordinate_system@@PEAUrender_group@@Tv2@@11Tv4@@@Z 0000000180015c70 f i p5engine.obj
 0002:00004d40       ?Cos@@YAMM@Z               0000000180015d40 f i p5engine.obj
 0002:00005340       ?DefaultMoveSpec@@YA?AUmove_spec@@XZ 0000000180016340 f i p5engine.obj
 0002:000063e0       ?EndTemporaryMemory@@YAXUtemporary_memory@@@Z 00000001800173e0 f i p5engine.obj
 0002:000068c0       ?EntityOverlapsRectangle@@YAHTv3@@Usim_entity_collision_volume@@Urectangle3@@@Z 00000001800178c0 f i p5engine.obj
 0002:000073b0       ?FindLeastSignificantSetBit@@YA?AUbit_scan_result@@I@Z 00000001800183b0 f i p5engine.obj
 0002:00007570       ?GetBarycentric@@YA?ATv2@@Urectangle2@@T1@@Z 0000000180018570 f i p5engine.obj
 0002:000076b0       ?GetEntityGroundPoint@@YA?ATv3@@PEAUsim_entity@@@Z 00000001800186b0 f i p5engine.obj
 0002:000077b0       ?GetEntityGroundPoint@@YA?ATv3@@PEAUsim_entity@@T1@@Z 00000001800187b0 f i p5engine.obj
 0002:00007980       ?GetLowEntity@@YAPEAUlow_entity@@PEAUgame_state@@I@Z 0000000180018980 f i p5engine.obj
 0002:00007a20       ?GetMaxCorner@@YA?ATv3@@Urectangle3@@@Z 0000000180018a20 f i p5engine.obj
 0002:00007ae0       ?GetMinCorner@@YA?ATv3@@Urectangle3@@@Z 0000000180018ae0 f i p5engine.obj
 0002:00007ba0       ?GetRenderEntityBasisPos@@YA?ATv2@@PEAUrender_group@@PEAUrender_entity_basis@@T1@@Z 0000000180018ba0 f i p5engine.obj
 0002:00007d90       ?GetSimSpacePos@@YA?ATv3@@PEAUsim_region@@PEAUlow_entity@@@Z 0000000180018d90 f i p5engine.obj
 0002:00007f10       ?GetStairGround@@YAMPEAUsim_entity@@Tv3@@@Z 0000000180018f10 f i p5engine.obj
 0002:00008080       ?GetWorldChunk@@YAPEAUworld_chunk@@PEAUworld@@HHHPEAUmemory_arena@@@Z 0000000180019080 f i p5engine.obj
 0002:00008300       ?Hadamard@@YA?ATv3@@T1@0@Z 0000000180019300 f i p5engine.obj
 0002:00008650       ?HasFlag@@YAHPEAUsim_entity@@I@Z 0000000180019650 f i p5engine.obj
 0002:00008770       ?InitializeArena@@YAXPEAUmemory_arena@@_KPEAX@Z 0000000180019770 f i p5engine.obj
 0002:000088d0       ?Inner@@YAMTv2@@0@Z        00000001800198d0 f i p5engine.obj
 0002:00008950       ?Inner@@YAMTv3@@0@Z        0000000180019950 f i p5engine.obj
 0002:00008a00       ?IsCanonical@@YAHMM@Z      0000000180019a00 f i p5engine.obj
 0002:00008ad0       ?IsCanonical@@YAHPEAUworld@@Tv3@@@Z 0000000180019ad0 f i p5engine.obj
 0002:00008bb0       ?IsInRectangle@@YAHUrectangle3@@Tv3@@@Z 0000000180019bb0 f i p5engine.obj
 0002:00008cd0       ?IsValid@@YAHUworld_position@@@Z 0000000180019cd0 f i p5engine.obj
 0002:00008d40       ?Length@@YAMTv3@@@Z        0000000180019d40 f i p5engine.obj
 0002:00008dc0       ?LengthSq@@YAMTv2@@@Z      0000000180019dc0 f i p5engine.obj
 0002:00008e20       ?LengthSq@@YAMTv3@@@Z      0000000180019e20 f i p5engine.obj
 0002:00008ec0       ?LoadEntityReference@@YAXPEAUgame_state@@PEAUsim_region@@PEATentity_reference@@@Z 0000000180019ec0 f i p5engine.obj
 0002:000091b0       ?MakeEntityNonSpatial@@YAXPEAUsim_entity@@@Z 000000018001a1b0 f i p5engine.obj
 0002:00009270       ?MakeEntitySpatial@@YAXPEAUsim_entity@@Tv3@@1@Z 000000018001a270 f i p5engine.obj
 0002:000095d0       ?MapIntoChunkSpace@@YA?AUworld_position@@PEAUworld@@U1@Tv3@@@Z 000000018001a5d0 f i p5engine.obj
 0002:0000b790       ?NullPosition@@YA?AUworld_position@@XZ 000000018001c790 f i p5engine.obj
 0002:0000b870       ?PushBitmap@@YAXPEAUrender_group@@PEAUloaded_bitmap@@Tv2@@M2MM@Z 000000018001c870 f i p5engine.obj
 0002:0000b9f0       ?PushEntry@@YAXPEAUrender_group@@PEAUloaded_bitmap@@Tv2@@2M2Tv4@@M@Z 000000018001c9f0 f i p5engine.obj
 0002:0000bbb0       ?PushRect@@YAXPEAUrender_group@@Tv2@@M1Tv4@@M@Z 000000018001cbb0 f i p5engine.obj
 0002:0000bdf0       ?PushRectOutline@@YAXPEAUrender_group@@Tv2@@M1Tv4@@M@Z 000000018001cdf0 f i p5engine.obj
 0002:0000c190       ?PushRenderElement_@@YAPEAUrender_group_entry_header@@PEAUrender_group@@IW4render_group_entry_type@@@Z 000000018001d190 f i p5engine.obj
 0002:0000c270       ?PushSize_@@YAPEAXPEAUmemory_arena@@_K@Z 000000018001d270 f i p5engine.obj
 0002:0000c330       ?RandomChoice@@YAIPEAUrandom_series@@I@Z 000000018001d330 f i p5engine.obj
 0002:0000c390       ?RandomNextUInt32@@YAIPEAUrandom_series@@@Z 000000018001d390 f i p5engine.obj
 0002:0000c430       ?RandomSeed@@YA?AUrandom_series@@I@Z 000000018001d430 f i p5engine.obj
 0002:0000c500       ?RandomUnilateral@@YAMPEAUrandom_series@@@Z 000000018001d500 f i p5engine.obj
 0002:0000c580       ?RecanonicalizeCoord@@YAXMPEAHPEAM@Z 000000018001d580 f i p5engine.obj
 0002:0000c670       ?RectCenterDim@@YA?AUrectangle2@@Tv2@@0@Z 000000018001d670 f i p5engine.obj
 0002:0000c770       ?RectCenterDim@@YA?AUrectangle3@@Tv3@@0@Z 000000018001d770 f i p5engine.obj
 0002:0000c8e0       ?RectCenterHalfDim@@YA?AUrectangle2@@Tv2@@0@Z 000000018001d8e0 f i p5engine.obj
 0002:0000ca20       ?RectCenterHalfDim@@YA?AUrectangle3@@Tv3@@0@Z 000000018001da20 f i p5engine.obj
 0002:0000cc30       ?RectanglesIntersect@@YAHUrectangle3@@0@Z 000000018001dc30 f i p5engine.obj
 0002:0000d5c0       ?RoundReal32ToInt32@@YAHM@Z 000000018001e5c0 f i p5engine.obj
 0002:0000d620       ?RoundReal32ToUInt32@@YAIM@Z 000000018001e620 f i p5engine.obj
 0002:0000d680       ?Sin@@YAMM@Z               000000018001e680 f i p5engine.obj
 0002:0000d860       ?Square@@YAMM@Z            000000018001e860 f i p5engine.obj
 0002:0000d8c0       ?SquareRoot@@YAMM@Z        000000018001e8c0 f i p5engine.obj
 0002:0000d920       ?StoreEntityReference@@YAXPEATentity_reference@@@Z 000000018001e920 f i p5engine.obj
 0002:0000dca0       ?V2@@YA?ATv2@@MM@Z         000000018001eca0 f i p5engine.obj
 0002:0000dd70       ?V2i@@YA?ATv2@@HH@Z        000000018001ed70 f i p5engine.obj
 0002:0000de20       ?V3@@YA?ATv3@@MMM@Z        000000018001ee20 f i p5engine.obj
 0002:0000df40       ?V4@@YA?ATv4@@MMMM@Z       000000018001ef40 f i p5engine.obj
 0002:0000e070       ?ZeroSize@@YAX_KPEAX@Z     000000018001f070 f i p5engine.obj
 0002:0000e110       GameGetSoundSamples        000000018001f110 f   p5engine.obj
 0002:0000e180       GameUpdateAndRender        000000018001f180 f   p5engine.obj
 0002:000122b0       GetController              00000001800232b0 f i p5engine.obj
 0002:00012330       __JustMyCode_Default       0000000180023330 f i p5engine.obj
 0002:00012340       _RTC_AllocaHelper          0000000180023340 f   MSVCRTD:stack.obj
 0002:00012390       _RTC_CheckStackVars        0000000180023390 f   MSVCRTD:stack.obj
 0002:00012440       _RTC_CheckStackVars2       0000000180023440 f   MSVCRTD:stack.obj
 0002:00012590       _CRT_RTC_INIT              0000000180023590 f   MSVCRTD:init.obj
 0002:000125a0       _CRT_RTC_INITW             00000001800235a0 f   MSVCRTD:init.obj
 0002:000125b0       _RTC_InitBase              00000001800235b0 f   MSVCRTD:init.obj
 0002:00012600       _RTC_Shutdown              0000000180023600 f   MSVCRTD:init.obj
 0002:00012630       __CheckForDebuggerJustMyCode 0000000180023630 f   MSVCRTD:debugger_jmc.obj
 0002:00012680       __GSHandlerCheck           0000000180023680 f   MSVCRTD:gshandler.obj
 0002:000126d0       __GSHandlerCheckCommon     00000001800236d0 f   MSVCRTD:gshandler.obj
 0002:00012820       _alloca_probe              0000000180023820 f   MSVCRTD:chkstk.obj
 0002:00012820       __chkstk                   0000000180023820 f   MSVCRTD:chkstk.obj
 0002:000128a0       __security_check_cookie    00000001800238a0 f   MSVCRTD:amdsecgs.obj
 0002:00012dd0       _CRT_INIT                  0000000180023dd0 f   MSVCRTD:dll_dllmain.obj
 0002:00012e10       _DllMainCRTStartup         0000000180023e10 f   MSVCRTD:dll_dllmain.obj
 0002:00012f10       ?_RTC_AllocaFailure@@YAXPEAXPEAU_RTC_ALLOCA_NODE@@H@Z 0000000180023f10 f   MSVCRTD:error.obj
 0002:000130c0       ?_RTC_Failure@@YAXPEAXH@Z  00000001800240c0 f   MSVCRTD:error.obj
 0002:00013130       ?_RTC_StackFailure@@YAXPEAXPEBD@Z 0000000180024130 f   MSVCRTD:error.obj
 0002:00013670       _RTC_UninitUse             0000000180024670 f   MSVCRTD:error.obj
 0002:00013770       __local_stdio_printf_options 0000000180024770 f i MSVCRTD:error.obj
 0002:00013780       _vsprintf_s_l              0000000180024780 f i MSVCRTD:error.obj
 0002:00013800       sprintf_s                  0000000180024800 f i MSVCRTD:error.obj
 0002:00013830       ?_RTC_GetErrorFunc@@YAP6AHHPEBDH00ZZPEBX@Z 0000000180024830 f   MSVCRTD:userapi.obj
 0002:00013840       ?_RTC_GetErrorFuncW@@YAP6AHHPEB_WH00ZZPEBX@Z 0000000180024840 f   MSVCRTD:userapi.obj
 0002:00013850       _RTC_GetErrDesc            0000000180024850 f   MSVCRTD:userapi.obj
 0002:00013870       _RTC_NumErrors             0000000180024870 f   MSVCRTD:userapi.obj
 0002:00013880       _RTC_SetErrorFunc          0000000180024880 f   MSVCRTD:userapi.obj
 0002:000138a0       _RTC_SetErrorFuncW         00000001800248a0 f   MSVCRTD:userapi.obj
 0002:000138c0       _RTC_SetErrorType          00000001800248c0 f   MSVCRTD:userapi.obj
 0002:000138f0       __raise_securityfailure    00000001800248f0 f   MSVCRTD:gs_report.obj
 0002:00013940       __report_gsfailure         0000000180024940 f   MSVCRTD:gs_report.obj
 0002:00013a50       __report_rangecheckfailure 0000000180024a50 f   MSVCRTD:gs_report.obj
 0002:00013a70       __report_securityfailure   0000000180024a70 f   MSVCRTD:gs_report.obj
 0002:00013b40       __report_securityfailureEx 0000000180024b40 f   MSVCRTD:gs_report.obj
 0002:00013f30       __security_init_cookie     0000000180024f30 f   MSVCRTD:gs_support.obj
 0002:00013fd0       DllMain                    0000000180024fd0 f   MSVCRTD:dll_dllmain_stub.obj
 0002:00014020       ?__scrt_initialize_type_info@@YAXXZ 0000000180025020 f   MSVCRTD:tncleanup.obj
 0002:00014040       ?__scrt_uninitialize_type_info@@YAXXZ 0000000180025040 f   MSVCRTD:tncleanup.obj
 0002:00014060       __local_stdio_scanf_options 0000000180025060 f i MSVCRTD:default_local_stdio_options.obj
 0002:00014070       __scrt_initialize_default_local_stdio_options 0000000180025070 f   MSVCRTD:default_local_stdio_options.obj
 0002:000140d0       ?configure_argv@__scrt_narrow_argv_policy@@SAHXZ 00000001800250d0 f i MSVCRTD:utility.obj
 0002:000141f0       ?initialize_environment@__scrt_narrow_environment_policy@@SAHXZ 00000001800251f0 f i MSVCRTD:utility.obj
 0002:000142c0       NtCurrentTeb               00000001800252c0 f i MSVCRTD:utility.obj
 0002:000142d0       __scrt_acquire_startup_lock 00000001800252d0 f   MSVCRTD:utility.obj
 0002:00014350       __scrt_dllmain_after_initialize_c 0000000180025350 f   MSVCRTD:utility.obj
 0002:00014390       __scrt_dllmain_before_initialize_c 0000000180025390 f   MSVCRTD:utility.obj
 0002:000143c0       __scrt_dllmain_crt_thread_attach 00000001800253c0 f   MSVCRTD:utility.obj
 0002:00014400       __scrt_dllmain_crt_thread_detach 0000000180025400 f   MSVCRTD:utility.obj
 0002:00014420       __scrt_dllmain_exception_filter 0000000180025420 f   MSVCRTD:utility.obj
 0002:000144a0       __scrt_dllmain_uninitialize_c 00000001800254a0 f   MSVCRTD:utility.obj
 0002:000144e0       __scrt_dllmain_uninitialize_critical 00000001800254e0 f   MSVCRTD:utility.obj
 0002:00014500       __scrt_initialize_crt      0000000180025500 f   MSVCRTD:utility.obj
 0002:00014560       __scrt_initialize_onexit_tables 0000000180025560 f   MSVCRTD:utility.obj
 0002:000146b0       __scrt_is_nonwritable_in_current_image 00000001800256b0 f   MSVCRTD:utility.obj
 0002:00014760       __scrt_release_startup_lock 0000000180025760 f   MSVCRTD:utility.obj
 0002:000147a0       __scrt_uninitialize_crt    00000001800257a0 f   MSVCRTD:utility.obj
 0002:000147f0       _onexit                    00000001800257f0 f   MSVCRTD:utility.obj
 0002:00014890       at_quick_exit              0000000180025890 f   MSVCRTD:utility.obj
 0002:000148f0       atexit                     00000001800258f0 f   MSVCRTD:utility.obj
 0002:00014930       __scrt_get_dyn_tls_init_callback 0000000180025930 f   MSVCRTD:dyn_tls_init.obj
 0002:00014940       __crt_debugger_hook        0000000180025940 f   MSVCRTD:utility_desktop.obj
 0002:00014960       __scrt_fastfail            0000000180025960 f   MSVCRTD:utility_desktop.obj
 0002:00014b60       __scrt_get_show_window_mode 0000000180025b60 f   MSVCRTD:utility_desktop.obj
 0002:00014bd0       __scrt_initialize_mta      0000000180025bd0 f   MSVCRTD:utility_desktop.obj
 0002:00014bf0       __scrt_initialize_winrt    0000000180025bf0 f   MSVCRTD:utility_desktop.obj
 0002:00014c00       __scrt_is_managed_app      0000000180025c00 f   MSVCRTD:utility_desktop.obj
 0002:00014cd0       __scrt_set_unhandled_exception_filter 0000000180025cd0 f   MSVCRTD:utility_desktop.obj
 0002:00014cf0       __scrt_exe_initialize_mta  0000000180025cf0 f   MSVCRTD:utility_desktop.obj
 0002:00014cf0       __scrt_stub_for_initialize_mta 0000000180025cf0 f   MSVCRTD:utility_desktop.obj
 0002:00014d00       __scrt_unhandled_exception_filter 0000000180025d00 f   MSVCRTD:utility_desktop.obj
 0002:00014dc0       _RTC_Initialize            0000000180025dc0 f   MSVCRTD:initsect.obj
 0002:00014e20       _RTC_Terminate             0000000180025e20 f   MSVCRTD:initsect.obj
 0002:00014e80       _guard_check_icall_nop     0000000180025e80 f i MSVCRTD:guard_support.obj
 0002:00014e90       ReadNoFence64              0000000180025e90 f i MSVCRTD:guard_support.obj
 0002:00014ec0       ReadPointerNoFence         0000000180025ec0 f i MSVCRTD:guard_support.obj
 0002:00014ee0       __castguard_check_failure_debugbreak 0000000180025ee0 f i MSVCRTD:guard_support.obj
 0002:00014f10       __castguard_check_failure_fastfail 0000000180025f10 f i MSVCRTD:guard_support.obj
 0002:00014f40       __castguard_check_failure_nop 0000000180025f40 f i MSVCRTD:guard_support.obj
 0002:00014f50       __castguard_check_failure_os_handled 0000000180025f50 f i MSVCRTD:guard_support.obj
 0002:00015040       __castguard_slow_path_check_debugbreak 0000000180026040 f i MSVCRTD:guard_support.obj
 0002:00015090       __castguard_slow_path_check_fastfail 0000000180026090 f i MSVCRTD:guard_support.obj
 0002:000150f0       __castguard_slow_path_check_nop 00000001800260f0 f i MSVCRTD:guard_support.obj
 0002:00015110       __castguard_slow_path_check_os_handled 0000000180026110 f i MSVCRTD:guard_support.obj
 0002:00015220       _guard_icall_checks_enforced 0000000180026220 f i MSVCRTD:guard_support.obj
 0002:00015270       _guard_rf_checks_enforced  0000000180026270 f i MSVCRTD:guard_support.obj
 0002:000158d0       ?_RTC_GetSrcLine@@YAHPEAEPEA_WKPEAH1K@Z 00000001800268d0 f   MSVCRTD:pdblkup.obj
 0002:00015d90       __isa_available_init       0000000180026d90 f   MSVCRTD:cpu_disp.obj
 0002:00016210       _get_startup_argv_mode     0000000180027210 f   MSVCRTD:argv_mode.obj
 0002:00016220       __scrt_is_ucrt_dll_in_use  0000000180027220 f   MSVCRTD:ucrt_detection.obj
 0002:00016250       __C_specific_handler       0000000180027250 f   vcruntimed:VCRUNTIME140D.dll
 0002:00016256       __C_specific_handler_noexcept 0000000180027256 f   vcruntimed:VCRUNTIME140D.dll
 0002:0001625c       __std_type_info_destroy_list 000000018002725c f   vcruntimed:VCRUNTIME140D.dll
 0002:00016262       __current_exception        0000000180027262 f   vcruntimed:VCRUNTIME140D.dll
 0002:00016268       __current_exception_context 0000000180027268 f   vcruntimed:VCRUNTIME140D.dll
 0002:0001626e       __vcrt_GetModuleFileNameW  000000018002726e f   vcruntimed:VCRUNTIME140D.dll
 0002:00016274       __vcrt_GetModuleHandleW    0000000180027274 f   vcruntimed:VCRUNTIME140D.dll
 0002:0001627a       __vcrt_LoadLibraryExW      000000018002727a f   vcruntimed:VCRUNTIME140D.dll
 0002:00016280       fabs                       0000000180027280 f   ucrtd:ucrtbased.dll
 0002:00016286       roundf                     0000000180027286 f   ucrtd:ucrtbased.dll
 0002:0001628c       cosf                       000000018002728c f   ucrtd:ucrtbased.dll
 0002:00016292       sinf                       0000000180027292 f   ucrtd:ucrtbased.dll
 0002:00016298       sqrtf                      0000000180027298 f   ucrtd:ucrtbased.dll
 0002:0001629e       _CrtDbgReport              000000018002729e f   ucrtd:ucrtbased.dll
 0002:000162a4       _CrtDbgReportW             00000001800272a4 f   ucrtd:ucrtbased.dll
 0002:000162aa       _initterm                  00000001800272aa f   ucrtd:ucrtbased.dll
 0002:000162b0       _initterm_e                00000001800272b0 f   ucrtd:ucrtbased.dll
 0002:000162b6       strcpy_s                   00000001800272b6 f   ucrtd:ucrtbased.dll
 0002:000162bc       strcat_s                   00000001800272bc f   ucrtd:ucrtbased.dll
 0002:000162c2       __stdio_common_vsprintf_s  00000001800272c2 f   ucrtd:ucrtbased.dll
 0002:000162c8       _seh_filter_dll            00000001800272c8 f   ucrtd:ucrtbased.dll
 0002:000162ce       _configure_narrow_argv     00000001800272ce f   ucrtd:ucrtbased.dll
 0002:000162d4       _initialize_narrow_environment 00000001800272d4 f   ucrtd:ucrtbased.dll
 0002:000162da       _initialize_onexit_table   00000001800272da f   ucrtd:ucrtbased.dll
 0002:000162e0       _register_onexit_function  00000001800272e0 f   ucrtd:ucrtbased.dll
 0002:000162e6       _execute_onexit_table      00000001800272e6 f   ucrtd:ucrtbased.dll
 0002:000162ec       _crt_atexit                00000001800272ec f   ucrtd:ucrtbased.dll
 0002:000162f2       _crt_at_quick_exit         00000001800272f2 f   ucrtd:ucrtbased.dll
 0002:000162f8       _cexit                     00000001800272f8 f   ucrtd:ucrtbased.dll
 0002:000162fe       terminate                  00000001800272fe f   ucrtd:ucrtbased.dll
 0002:00016304       _wmakepath_s               0000000180027304 f   ucrtd:ucrtbased.dll
 0002:0001630a       _wsplitpath_s              000000018002730a f   ucrtd:ucrtbased.dll
 0002:00016310       wcscpy_s                   0000000180027310 f   ucrtd:ucrtbased.dll
 0002:00016316       GetCurrentThreadId         0000000180027316 f   kernel32:KERNEL32.dll
 0002:0001631c       IsDebuggerPresent          000000018002731c f   kernel32:KERNEL32.dll
 0002:00016322       RaiseException             0000000180027322 f   kernel32:KERNEL32.dll
 0002:00016328       MultiByteToWideChar        0000000180027328 f   kernel32:KERNEL32.dll
 0002:0001632e       WideCharToMultiByte        000000018002732e f   kernel32:KERNEL32.dll
 0002:00016334       RtlCaptureContext          0000000180027334 f   kernel32:KERNEL32.dll
 0002:0001633a       RtlLookupFunctionEntry     000000018002733a f   kernel32:KERNEL32.dll
 0002:00016340       RtlVirtualUnwind           0000000180027340 f   kernel32:KERNEL32.dll
 0002:00016346       UnhandledExceptionFilter   0000000180027346 f   kernel32:KERNEL32.dll
 0002:0001634c       SetUnhandledExceptionFilter 000000018002734c f   kernel32:KERNEL32.dll
 0002:00016352       GetCurrentProcess          0000000180027352 f   kernel32:KERNEL32.dll
 0002:00016358       TerminateProcess           0000000180027358 f   kernel32:KERNEL32.dll
 0002:0001635e       IsProcessorFeaturePresent  000000018002735e f   kernel32:KERNEL32.dll
 0002:00016364       QueryPerformanceCounter    0000000180027364 f   kernel32:KERNEL32.dll
 0002:0001636a       GetCurrentProcessId        000000018002736a f   kernel32:KERNEL32.dll
 0002:00016370       GetSystemTimeAsFileTime    0000000180027370 f   kernel32:KERNEL32.dll
 0002:00016376       DisableThreadLibraryCalls  0000000180027376 f   kernel32:KERNEL32.dll
 0002:0001637c       InitializeSListHead        000000018002737c f   kernel32:KERNEL32.dll
 0002:00016382       GetStartupInfoW            0000000180027382 f   kernel32:KERNEL32.dll
 0002:00016388       GetModuleHandleW           0000000180027388 f   kernel32:KERNEL32.dll
 0002:0001638e       GetLastError               000000018002738e f   kernel32:KERNEL32.dll
 0002:00016394       HeapAlloc                  0000000180027394 f   kernel32:KERNEL32.dll
 0002:0001639a       HeapFree                   000000018002739a f   kernel32:KERNEL32.dll
 0002:000163a0       GetProcessHeap             00000001800273a0 f   kernel32:KERNEL32.dll
 0002:000163a6       VirtualQuery               00000001800273a6 f   kernel32:KERNEL32.dll
 0002:000163ac       FreeLibrary                00000001800273ac f   kernel32:KERNEL32.dll
 0002:000163b2       GetProcAddress             00000001800273b2 f   kernel32:KERNEL32.dll
 0002:000163c0       __acrt_initialize          00000001800273c0 f   MSVCRTD:ucrt_stubs.obj
 0002:000163c0       __vcrt_initialize          00000001800273c0 f   MSVCRTD:ucrt_stubs.obj
 0002:000163c0       __scrt_stub_for_acrt_initialize 00000001800273c0 f   MSVCRTD:ucrt_stubs.obj
 0002:000163d0       __vcrt_thread_attach       00000001800273d0 f   MSVCRTD:ucrt_stubs.obj
 0002:000163d0       __acrt_thread_attach       00000001800273d0 f   MSVCRTD:ucrt_stubs.obj
 0002:000163d0       __scrt_stub_for_acrt_thread_attach 00000001800273d0 f   MSVCRTD:ucrt_stubs.obj
 0002:000163e0       __scrt_stub_for_acrt_thread_detach 00000001800273e0 f   MSVCRTD:ucrt_stubs.obj
 0002:000163e0       __vcrt_thread_detach       00000001800273e0 f   MSVCRTD:ucrt_stubs.obj
 0002:000163e0       __acrt_thread_detach       00000001800273e0 f   MSVCRTD:ucrt_stubs.obj
 0002:000163f0       __vcrt_uninitialize        00000001800273f0 f   MSVCRTD:ucrt_stubs.obj
 0002:000163f0       __acrt_uninitialize        00000001800273f0 f   MSVCRTD:ucrt_stubs.obj
 0002:000163f0       __scrt_stub_for_acrt_uninitialize 00000001800273f0 f   MSVCRTD:ucrt_stubs.obj
 0002:00016400       __acrt_uninitialize_critical 0000000180027400 f   MSVCRTD:ucrt_stubs.obj
 0002:00016400       __scrt_stub_for_acrt_uninitialize_critical 0000000180027400 f   MSVCRTD:ucrt_stubs.obj
 0002:00016400       __vcrt_uninitialize_critical 0000000180027400 f   MSVCRTD:ucrt_stubs.obj
 0002:00016410       __scrt_stub_for_is_c_termination_complete 0000000180027410 f   MSVCRTD:ucrt_stubs.obj
 0002:00016410       _is_c_termination_complete 0000000180027410 f   MSVCRTD:ucrt_stubs.obj
 0002:00017950       _guard_dispatch_icall_nop  0000000180028950 f   MSVCRTD:guard_dispatch.obj
 0002:00017970       _guard_xfg_dispatch_icall_nop 0000000180028970 f   MSVCRTD:guard_xfg_dispatch.obj
 0003:00000000       __xc_a                     000000018002b000     MSVCRTD:initializers.obj
 0003:00000110       __xc_z                     000000018002b110     MSVCRTD:initializers.obj
 0003:00000220       __xi_a                     000000018002b220     MSVCRTD:initializers.obj
 0003:00000330       __xi_z                     000000018002b330     MSVCRTD:initializers.obj
 0003:00000440       __xp_a                     000000018002b440     MSVCRTD:initializers.obj
 0003:00000550       __xp_z                     000000018002b550     MSVCRTD:initializers.obj
 0003:00000660       __xt_a                     000000018002b660     MSVCRTD:initializers.obj
 0003:00000770       __xt_z                     000000018002b770     MSVCRTD:initializers.obj
 0003:00004200       ??_C@_0BA@NMEIMCEK@InvalidCodePath@ 000000018002f200     p5engine.obj
 0003:00004218       ??_C@_0BJ@GOOPBPNK@P5Engine?1data?1grass1?4bmp@ 000000018002f218     p5engine.obj
 0003:00004238       ??_C@_0BI@GAHHFIBN@P5Engine?1data?1soil1?4bmp@ 000000018002f238     p5engine.obj
 0003:00004258       ??_C@_0BI@OGODCKLD@P5Engine?1data?1soil2?4bmp@ 000000018002f258     p5engine.obj
 0003:00004278       ??_C@_0BI@CNLPPJBG@P5Engine?1data?1soil3?4bmp@ 000000018002f278     p5engine.obj
 0003:00004298       ??_C@_0BI@DGFEELIO@P5Engine?1data?1tuft1?4bmp@ 000000018002f298     p5engine.obj
 0003:000042b8       ??_C@_0BI@LAMADJCA@P5Engine?1data?1tuft2?4bmp@ 000000018002f2b8     p5engine.obj
 0003:000042d8       ??_C@_0BF@HOIOEMCL@P5Engine?1data?1bg?4bmp@ 000000018002f2d8     p5engine.obj
 0003:000042f8       ??_C@_0BJ@EPENJOEL@P5Engine?1data?1shadow?4bmp@ 000000018002f2f8     p5engine.obj
 0003:00004318       ??_C@_0BJ@HEECFFOE@P5Engine?1data?1stairs?4bmp@ 000000018002f318     p5engine.obj
 0003:00004338       ??_C@_0BH@DDOBAHNL@P5Engine?1data?1tree?4bmp@ 000000018002f338     p5engine.obj
 0003:00004358       ??_C@_0BI@EPGPCLAL@P5Engine?1data?1enemy?4bmp@ 000000018002f358     p5engine.obj
 0003:00004378       ??_C@_0BG@IEBKPHGI@P5Engine?1data?1orb?4bmp@ 000000018002f378     p5engine.obj
 0003:00004398       ??_C@_0BP@CIDLMIJA@P5Engine?1data?1char?9right?90?4bmp@ 000000018002f398     p5engine.obj
 0003:000043c0       ??_C@_0BO@PEBAPFLC@P5Engine?1data?1char?9back?90?4bmp@ 000000018002f3c0     p5engine.obj
 0003:000043e8       ??_C@_0BO@EAIBBIAG@P5Engine?1data?1char?9left?90?4bmp@ 000000018002f3e8     p5engine.obj
 0003:00004410       ??_C@_0BP@MKDPGEOC@P5Engine?1data?1char?9front?90?4bmp@ 000000018002f410     p5engine.obj
 0003:00004438       ??_C@_0BO@KNNOBFKI@P5Engine?1data?1sword?9right?4bmp@ 000000018002f438     p5engine.obj
 0003:00004460       ??_C@_0BN@LDDHILOB@P5Engine?1data?1sword?9back?4bmp@ 000000018002f460     p5engine.obj
 0003:00004488       ??_C@_0BN@FPAHMBGA@P5Engine?1data?1sword?9left?4bmp@ 000000018002f488     p5engine.obj
 0003:000044b0       ??_C@_0BO@BNDLMGBJ@P5Engine?1data?1sword?9front?4bmp@ 000000018002f4b0     p5engine.obj
 0003:000044d4       __real@00000000            000000018002f4d4     p5engine.obj
 0003:000044d8       __real@308992b1            000000018002f4d8     p5engine.obj
 0003:000044dc       __real@3a83126f            000000018002f4dc     p5engine.obj
 0003:000044e0       __real@3c23d70a            000000018002f4e0     p5engine.obj
 0003:000044e4       __real@3dcccccd            000000018002f4e4     p5engine.obj
 0003:000044e8       __real@3e4ccccd            000000018002f4e8     p5engine.obj
 0003:000044ec       __real@3e800000            000000018002f4ec     p5engine.obj
 0003:000044f0       __real@3f000000            000000018002f4f0     p5engine.obj
 0003:000044f4       __real@3f666666            000000018002f4f4     p5engine.obj
 0003:000044f8       __real@3f800000            000000018002f4f8     p5engine.obj
 0003:000044fc       __real@3f8ccccd            000000018002f4fc     p5engine.obj
 0003:00004500       __real@3f99999a            000000018002f500     p5engine.obj
 0003:00004504       __real@3fb33333            000000018002f504     p5engine.obj
 0003:00004508       __real@3fc00000            000000018002f508     p5engine.obj
 0003:0000450c       __real@40000000            000000018002f50c     p5engine.obj
 0003:00004510       __real@400ccccd            000000018002f510     p5engine.obj
 0003:00004514       __real@40400000            000000018002f514     p5engine.obj
 0003:00004518       __real@40a00000            000000018002f518     p5engine.obj
 0003:0000451c       __real@40c00000            000000018002f51c     p5engine.obj
 0003:00004520       __real@40c90fdb            000000018002f520     p5engine.obj
 0003:00004524       __real@41200000            000000018002f524     p5engine.obj
 0003:00004528       __real@41700000            000000018002f528     p5engine.obj
 0003:0000452c       __real@41880000            000000018002f52c     p5engine.obj
 0003:00004530       __real@41a00000            000000018002f530     p5engine.obj
 0003:00004534       __real@41c00000            000000018002f534     p5engine.obj
 0003:00004538       __real@41f00000            000000018002f538     p5engine.obj
 0003:0000453c       __real@42000000            000000018002f53c     p5engine.obj
 0003:00004540       __real@42340000            000000018002f540     p5engine.obj
 0003:00004544       __real@42400000            000000018002f544     p5engine.obj
 0003:00004548       __real@42600000            000000018002f548     p5engine.obj
 0003:0000454c       __real@42800000            000000018002f54c     p5engine.obj
 0003:00004550       __real@42960000            000000018002f550     p5engine.obj
 0003:00004554       __real@42c80000            000000018002f554     p5engine.obj
 0003:00004558       __real@437f0000            000000018002f558     p5engine.obj
 0003:0000455c       __real@461c4000            000000018002f55c     p5engine.obj
 0003:00004560       __real@47c35000            000000018002f560     p5engine.obj
 0003:00004564       __real@7f7fffff            000000018002f564     p5engine.obj
 0003:00004568       __real@becccccd            000000018002f568     p5engine.obj
 0003:0000456c       __real@bf000000            000000018002f56c     p5engine.obj
 0003:00004570       __real@bf800000            000000018002f570     p5engine.obj
 0003:00004574       __real@c11ccccd            000000018002f574     p5engine.obj
 0003:00004580       __xmm@80000000800000008000000080000000 000000018002f580     p5engine.obj
 0003:00004598       _pRawDllMain               000000018002f598     MSVCRTD:dll_dllmain.obj
 0003:00004598       _pDefaultRawDllMain        000000018002f598     MSVCRTD:dll_dllmain.obj
 0003:00004690       ??_C@_0NN@JMPELKLB@The?5value?5of?5ESP?5was?5not?5proper@ 000000018002f690     MSVCRTD:error.obj
 0003:000047a0       ??_C@_0BBN@ELNNILBE@A?5cast?5to?5a?5smaller?5data?5type?5h@ 000000018002f7a0     MSVCRTD:error.obj
 0003:000048f8       ??_C@_0BN@BPOGFMJL@Stack?5memory?5was?5corrupted?$AN?6@ 000000018002f8f8     MSVCRTD:error.obj
 0003:00004920       ??_C@_0DG@DAJCDLPN@A?5local?5variable?5was?5used?5befor@ 000000018002f920     MSVCRTD:error.obj
 0003:00004960       ??_C@_0CM@JMIDGKLA@Stack?5memory?5around?5_alloca?5was@ 000000018002f960     MSVCRTD:error.obj
 0003:00004998       ??_C@_0BO@CHIONIOI@Unknown?5Runtime?5Check?5Error?$AN?6@ 000000018002f998     MSVCRTD:error.obj
 0003:000049c0       ??_C@_1GM@CNOOJIHC@?$AAR?$AAu?$AAn?$AAt?$AAi?$AAm?$AAe?$AA?5?$AAC?$AAh?$AAe?$AAc?$AAk?$AA?5?$AAE@ 000000018002f9c0     MSVCRTD:error.obj
 0003:00004a50       ??_C@_1EA@NFKNIFJP@?$AAR?$AAu?$AAn?$AA?9?$AAT?$AAi?$AAm?$AAe?$AA?5?$AAC?$AAh?$AAe?$AAc?$AAk?$AA?5@ 000000018002fa50     MSVCRTD:error.obj
 0003:00004aa0       ??_C@_0BB@PFFGGCJP@Unknown?5Filename@ 000000018002faa0     MSVCRTD:error.obj
 0003:00004ab8       ??_C@_0BE@GNBOBNCK@Unknown?5Module?5Name@ 000000018002fab8     MSVCRTD:error.obj
 0003:00004ad0       ??_C@_0CA@IODNCDPG@Run?9Time?5Check?5Failure?5?$CD?$CFd?5?9?5?$CFs@ 000000018002fad0     MSVCRTD:error.obj
 0003:00004af8       ??_C@_0CG@IAFNJNEE@Stack?5corrupted?5near?5unknown?5va@ 000000018002faf8     MSVCRTD:error.obj
 0003:00004b28       ??_C@_05MKKEDADM@?$CF?42X?5@ 000000018002fb28     MSVCRTD:error.obj
 0003:00004b30       ??_C@_0EJ@LJKNEOLN@Stack?5area?5around?5_alloca?5memor@ 000000018002fb30     MSVCRTD:error.obj
 0003:00004b88       ??_C@_01EEMJAFIK@?6@       000000018002fb88     MSVCRTD:error.obj
 0003:00004b8c       ??_C@_02LLMPMKNF@?$DO?5@   000000018002fb8c     MSVCRTD:error.obj
 0003:00004b90       ??_C@_08OMAHNMHJ@?6Data?3?5?$DM@ 000000018002fb90     MSVCRTD:error.obj
 0003:00004ba0       ??_C@_0CK@DKGBICFE@?6Allocation?5number?5within?5this?5@ 000000018002fba0     MSVCRTD:error.obj
 0003:00004bd8       ??_C@_07DFDJCKFN@?6Size?3?5@ 000000018002fbd8     MSVCRTD:error.obj
 0003:00004be8       ??_C@_0N@MHFFIMFG@?6Address?3?50x@ 000000018002fbe8     MSVCRTD:error.obj
 0003:00004c00       ??_C@_0EI@CLEPFNGI@Stack?5area?5around?5_alloca?5memor@ 000000018002fc00     MSVCRTD:error.obj
 0003:00004c58       ??_C@_0BK@ODNDAGKB@?$CFs?$CFs?$CFp?$CFs?$CFzd?$CFs?$CFd?$CFs?$CFs?$CFs?$CFs?$CFs@ 000000018002fc58     MSVCRTD:error.obj
 0003:00004c78       ??_C@_0DE@OHJBPMBP@A?5variable?5is?5being?5used?5withou@ 000000018002fc78     MSVCRTD:error.obj
 0003:00004ce8       ??_C@_0BJ@HEGAHDFO@Stack?5pointer?5corruption@ 000000018002fce8     MSVCRTD:userapi.obj
 0003:00004d08       ??_C@_0CK@FEGOIOPB@Cast?5to?5smaller?5type?5causing?5lo@ 000000018002fd08     MSVCRTD:userapi.obj
 0003:00004d40       ??_C@_0BI@CIGMDCBH@Stack?5memory?5corruption@ 000000018002fd40     MSVCRTD:userapi.obj
 0003:00004d60       ??_C@_0CK@CNLNOEPB@Local?5variable?5used?5before?5init@ 000000018002fd60     MSVCRTD:userapi.obj
 0003:00004d98       ??_C@_0BP@OGBCLIBO@Stack?5around?5_alloca?5corrupted@ 000000018002fd98     MSVCRTD:userapi.obj
 0003:00004e40       ??_C@_1EI@MLPKHBGE@?$AAa?$AAp?$AAi?$AA?9?$AAm?$AAs?$AA?9?$AAw?$AAi?$AAn?$AA?9?$AAc?$AAo?$AAr?$AAe@ 000000018002fe40     MSVCRTD:pdblkup.obj
 0003:00004e98       ??_C@_1BK@JHLNAEJL@?$AAa?$AAd?$AAv?$AAa?$AAp?$AAi?$AA3?$AA2?$AA?4?$AAd?$AAl?$AAl@ 000000018002fe98     MSVCRTD:pdblkup.obj
 0003:00004eb8       ??_C@_0O@COHOBMLB@RegOpenKeyExW@ 000000018002feb8     MSVCRTD:pdblkup.obj
 0003:00004ec8       ??_C@_0BB@GLNAEDBD@RegQueryValueExW@ 000000018002fec8     MSVCRTD:pdblkup.obj
 0003:00004ee0       ??_C@_0M@HLOHPNFA@RegCloseKey@ 000000018002fee0     MSVCRTD:pdblkup.obj
 0003:00004ef0       ??_C@_1HE@EBEAGLFB@?$AAS?$AAO?$AAF?$AAT?$AAW?$AAA?$AAR?$AAE?$AA?2?$AAW?$AAo?$AAw?$AA6?$AA4?$AA3@ 000000018002fef0     MSVCRTD:pdblkup.obj
 0003:00004f80       ??_C@_1BG@EABPBLLF@?$AAP?$AAr?$AAo?$AAd?$AAu?$AAc?$AAt?$AAD?$AAi?$AAr@ 000000018002ff80     MSVCRTD:pdblkup.obj
 0003:00004fc8       ??_C@_1BC@JINFINNJ@?$AAM?$AAS?$AAP?$AAD?$AAB?$AA1?$AA4?$AA0@ 000000018002ffc8     MSVCRTD:pdblkup.obj
 0003:00004fe0       ??_C@_0BB@KCIACLNC@PDBOpenValidate5@ 000000018002ffe0     MSVCRTD:pdblkup.obj
 0003:00004ff4       ??_C@_01KDCPPGHE@r@        000000018002fff4     MSVCRTD:pdblkup.obj
 0003:00005030       _load_config_used          0000000180030030     MSVCRTD:loadcfg.obj
 0003:00005400       __CastGuardVftablesStart   0000000180030400     MSVCRTD:guard_support.obj
 0003:00005510       __CastGuardVftablesEnd     0000000180030510     MSVCRTD:guard_support.obj
 0003:00005798       __rtc_iaa                  0000000180030798     MSVCRTD:initsect.obj
 0003:000059b8       __rtc_izz                  00000001800309b8     MSVCRTD:initsect.obj
 0003:00005ac8       __rtc_taa                  0000000180030ac8     MSVCRTD:initsect.obj
 0003:00005ce8       __rtc_tzz                  0000000180030ce8     MSVCRTD:initsect.obj
 0004:00004cd0       __security_cookie_complement 0000000180037cd0     MSVCRTD:gs_cookie.obj
 0004:00004cd8       __security_cookie          0000000180037cd8     MSVCRTD:gs_cookie.obj
 0004:00004ce4       _fltused                   0000000180037ce4     MSVCRTD:fltused.obj
 0004:00004ce8       ?_RTC_ErrorLevels@@3PAHA   0000000180037ce8     MSVCRTD:error.obj
 0004:00004d00       __scrt_native_dllmain_reason 0000000180037d00     MSVCRTD:utility.obj
 0004:00004d08       __isa_available            0000000180037d08     MSVCRTD:cpu_disp.obj
 0004:00004d0c       __isa_enabled              0000000180037d0c     MSVCRTD:cpu_disp.obj
 0004:00004d10       __memcpy_nt_iters          0000000180037d10     MSVCRTD:cpu_disp.obj
 0004:00004d18       __memset_nt_iters          0000000180037d18     MSVCRTD:cpu_disp.obj
 0004:00004d30       __scrt_ucrt_dll_is_in_use  0000000180037d30     MSVCRTD:ucrt_stubs.obj
 0004:00004e48       ?_OptionsStorage@?1??__local_stdio_printf_options@@9@4_KA 0000000180037e48     MSVCRTD:error.obj
 0004:00005500       ?__type_info_root_node@@3U__type_info_node@@A 0000000180038500     MSVCRTD:tncleanup.obj
 0004:00005518       ?_OptionsStorage@?1??__local_stdio_scanf_options@@9@4_KA 0000000180038518     MSVCRTD:default_local_stdio_options.obj
 0004:00005528       __scrt_current_native_startup_state 0000000180038528     MSVCRTD:utility.obj
 0004:00005530       __scrt_native_startup_lock 0000000180038530     MSVCRTD:utility.obj
 0004:00005580       __scrt_debugger_hook_flag  0000000180038580     MSVCRTD:utility_desktop.obj
 0004:00005588       __castguard_check_failure_os_handled_fptr 0000000180038588     MSVCRTD:guard_support.obj
 0004:000055a4       __favor                    00000001800385a4     MSVCRTD:cpu_disp.obj
 0004:000055a8       __dyn_tls_init_callback    00000001800385a8     <common>
 0004:000055bc       __DebuggerCurrentSteppingThreadId 00000001800385bc     <common>
 0006:00000000       __imp_DisableThreadLibraryCalls 000000018003c000     kernel32:KERNEL32.dll
 0006:00000008       __imp_IsDebuggerPresent    000000018003c008     kernel32:KERNEL32.dll
 0006:00000010       __imp_RaiseException       000000018003c010     kernel32:KERNEL32.dll
 0006:00000018       __imp_MultiByteToWideChar  000000018003c018     kernel32:KERNEL32.dll
 0006:00000020       __imp_WideCharToMultiByte  000000018003c020     kernel32:KERNEL32.dll
 0006:00000028       __imp_RtlCaptureContext    000000018003c028     kernel32:KERNEL32.dll
 0006:00000030       __imp_RtlLookupFunctionEntry 000000018003c030     kernel32:KERNEL32.dll
 0006:00000038       __imp_RtlVirtualUnwind     000000018003c038     kernel32:KERNEL32.dll
 0006:00000040       __imp_GetProcAddress       000000018003c040     kernel32:KERNEL32.dll
 0006:00000048       __imp_FreeLibrary          000000018003c048     kernel32:KERNEL32.dll
 0006:00000050       __imp_VirtualQuery         000000018003c050     kernel32:KERNEL32.dll
 0006:00000058       __imp_GetProcessHeap       000000018003c058     kernel32:KERNEL32.dll
 0006:00000060       __imp_HeapFree             000000018003c060     kernel32:KERNEL32.dll
 0006:00000068       __imp_HeapAlloc            000000018003c068     kernel32:KERNEL32.dll
 0006:00000070       __imp_GetLastError         000000018003c070     kernel32:KERNEL32.dll
 0006:00000078       __imp_GetModuleHandleW     000000018003c078     kernel32:KERNEL32.dll
 0006:00000080       __imp_GetStartupInfoW      000000018003c080     kernel32:KERNEL32.dll
 0006:00000088       __imp_InitializeSListHead  000000018003c088     kernel32:KERNEL32.dll
 0006:00000090       __imp_GetCurrentThreadId   000000018003c090     kernel32:KERNEL32.dll
 0006:00000098       __imp_GetSystemTimeAsFileTime 000000018003c098     kernel32:KERNEL32.dll
 0006:000000a0       __imp_GetCurrentProcessId  000000018003c0a0     kernel32:KERNEL32.dll
 0006:000000a8       __imp_QueryPerformanceCounter 000000018003c0a8     kernel32:KERNEL32.dll
 0006:000000b0       __imp_IsProcessorFeaturePresent 000000018003c0b0     kernel32:KERNEL32.dll
 0006:000000b8       __imp_TerminateProcess     000000018003c0b8     kernel32:KERNEL32.dll
 0006:000000c0       __imp_GetCurrentProcess    000000018003c0c0     kernel32:KERNEL32.dll
 0006:000000c8       __imp_SetUnhandledExceptionFilter 000000018003c0c8     kernel32:KERNEL32.dll
 0006:000000d0       __imp_UnhandledExceptionFilter 000000018003c0d0     kernel32:KERNEL32.dll
 0006:000000d8       \177KERNEL32_NULL_THUNK_DATA 000000018003c0d8     kernel32:KERNEL32.dll
 0006:00000158       __imp___vcrt_GetModuleHandleW 000000018003c158     vcruntimed:VCRUNTIME140D.dll
 0006:00000160       __imp___vcrt_GetModuleFileNameW 000000018003c160     vcruntimed:VCRUNTIME140D.dll
 0006:00000168       __imp___current_exception_context 000000018003c168     vcruntimed:VCRUNTIME140D.dll
 0006:00000170       __imp___C_specific_handler 000000018003c170     vcruntimed:VCRUNTIME140D.dll
 0006:00000178       __imp___current_exception  000000018003c178     vcruntimed:VCRUNTIME140D.dll
 0006:00000180       __imp___std_type_info_destroy_list 000000018003c180     vcruntimed:VCRUNTIME140D.dll
 0006:00000188       __imp___C_specific_handler_noexcept 000000018003c188     vcruntimed:VCRUNTIME140D.dll
 0006:00000190       __imp___vcrt_LoadLibraryExW 000000018003c190     vcruntimed:VCRUNTIME140D.dll
 0006:00000198       \177VCRUNTIME140D_NULL_THUNK_DATA 000000018003c198     vcruntimed:VCRUNTIME140D.dll
 0006:000001f8       __imp_wcscpy_s             000000018003c1f8     ucrtd:ucrtbased.dll
 0006:00000200       __imp__wsplitpath_s        000000018003c200     ucrtd:ucrtbased.dll
 0006:00000208       __imp_terminate            000000018003c208     ucrtd:ucrtbased.dll
 0006:00000210       __imp__cexit               000000018003c210     ucrtd:ucrtbased.dll
 0006:00000218       __imp__crt_at_quick_exit   000000018003c218     ucrtd:ucrtbased.dll
 0006:00000220       __imp__crt_atexit          000000018003c220     ucrtd:ucrtbased.dll
 0006:00000228       __imp__execute_onexit_table 000000018003c228     ucrtd:ucrtbased.dll
 0006:00000230       __imp__register_onexit_function 000000018003c230     ucrtd:ucrtbased.dll
 0006:00000238       __imp__initialize_onexit_table 000000018003c238     ucrtd:ucrtbased.dll
 0006:00000240       __imp__initialize_narrow_environment 000000018003c240     ucrtd:ucrtbased.dll
 0006:00000248       __imp__configure_narrow_argv 000000018003c248     ucrtd:ucrtbased.dll
 0006:00000250       __imp__seh_filter_dll      000000018003c250     ucrtd:ucrtbased.dll
 0006:00000258       __imp__wmakepath_s         000000018003c258     ucrtd:ucrtbased.dll
 0006:00000260       __imp_strcat_s             000000018003c260     ucrtd:ucrtbased.dll
 0006:00000268       __imp_strcpy_s             000000018003c268     ucrtd:ucrtbased.dll
 0006:00000270       __imp__initterm_e          000000018003c270     ucrtd:ucrtbased.dll
 0006:00000278       __imp__initterm            000000018003c278     ucrtd:ucrtbased.dll
 0006:00000280       __imp__CrtDbgReportW       000000018003c280     ucrtd:ucrtbased.dll
 0006:00000288       __imp__CrtDbgReport        000000018003c288     ucrtd:ucrtbased.dll
 0006:00000290       __imp_sqrtf                000000018003c290     ucrtd:ucrtbased.dll
 0006:00000298       __imp_sinf                 000000018003c298     ucrtd:ucrtbased.dll
 0006:000002a0       __imp_cosf                 000000018003c2a0     ucrtd:ucrtbased.dll
 0006:000002a8       __imp_roundf               000000018003c2a8     ucrtd:ucrtbased.dll
 0006:000002b0       __imp_fabs                 000000018003c2b0     ucrtd:ucrtbased.dll
 0006:000002b8       __imp___stdio_common_vsprintf_s 000000018003c2b8     ucrtd:ucrtbased.dll
 0006:000002c0       \177ucrtbased_NULL_THUNK_DATA 000000018003c2c0     ucrtd:ucrtbased.dll
 0006:00000340       __IMPORT_DESCRIPTOR_VCRUNTIME140D 000000018003c340     vcruntimed:VCRUNTIME140D.dll
 0006:00000354       __IMPORT_DESCRIPTOR_ucrtbased 000000018003c354     ucrtd:ucrtbased.dll
 0006:00000368       __IMPORT_DESCRIPTOR_KERNEL32 000000018003c368     kernel32:KERNEL32.dll
 0006:0000037c       __NULL_IMPORT_DESCRIPTOR   000000018003c37c     vcruntimed:VCRUNTIME140D.dll
 0008:00000000       __guard_check_icall_fptr   000000018003e000     MSVCRTD:guard_support.obj
 0008:00000010       __guard_xfg_check_icall_fptr 000000018003e010     MSVCRTD:guard_support.obj
 0008:00000020       __guard_dispatch_icall_fptr 000000018003e020     MSVCRTD:guard_support.obj
 0008:00000030       __guard_xfg_dispatch_icall_fptr 000000018003e030     MSVCRTD:guard_support.obj
 0008:00000040       __guard_xfg_table_dispatch_icall_fptr 000000018003e040     MSVCRTD:guard_support.obj

 entry point at        0002:0000000f

 Static symbols

 0000:fffbf000       .debug$S                   0000000180000000     P5Engine.exp
 0000:fffc2000       _volmd                     0000000180000000     p5engine.obj
 0000:fffc2000       _volmd                     0000000180000000     p5engine.obj
 0000:fffc2000       _volmd                     0000000180000000     p5engine.obj
 0000:fffc2000       _volmd                     0000000180000000     p5engine.obj
 0000:fffc2000       _volmd                     0000000180000000     p5engine.obj
 0000:fffc2000       _volmd                     0000000180000000     p5engine.obj
 0000:fffc2000       _volmd                     0000000180000000     p5engine.obj
 0000:fffc2000       _volmd                     0000000180000000     p5engine.obj
 0000:fffc2000       _volmd                     0000000180000000     p5engine.obj
 0000:fffc2000       _volmd                     0000000180000000     p5engine.obj
 0000:fffc2000       _volmd                     0000000180000000     p5engine.obj
 0000:fffc2000       _volmd                     0000000180000000     p5engine.obj
 0000:fffc2000       _volmd                     0000000180000000     p5engine.obj
 0000:fffc2000       _volmd                     0000000180000000     p5engine.obj
 0000:fffc2000       _volmd                     0000000180000000     p5engine.obj
 0000:fffc2000       _volmd                     0000000180000000     p5engine.obj
 0000:fffc2000       _volmd                     0000000180000000     p5engine.obj
 0000:fffc2000       _volmd                     0000000180000000     p5engine.obj
 0000:fffc2000       _volmd                     0000000180000000     p5engine.obj
 0000:fffc2000       _volmd                     0000000180000000     p5engine.obj
 0000:fffc2000       _volmd                     0000000180000000     p5engine.obj
 0000:fffc2000       _volmd                     0000000180000000     p5engine.obj
 0000:fffc2000       _volmd                     0000000180000000     p5engine.obj
 0000:fffc2000       _volmd                     0000000180000000     p5engine.obj
 0000:fffc2000       _volmd                     0000000180000000     p5engine.obj
 0000:fffc2000       _volmd                     0000000180000000     p5engine.obj
 0000:fffc2000       _volmd                     0000000180000000     p5engine.obj
 0000:fffc2000       _volmd                     0000000180000000     p5engine.obj
 0000:fffc2000       _volmd                     0000000180000000     p5engine.obj
 0000:fffc2000       _volmd                     0000000180000000     p5engine.obj
 0000:fffc2000       _volmd                     0000000180000000     p5engine.obj
 0000:fffc2000       _volmd                     0000000180000000     p5engine.obj
 0000:fffc2000       _volmd                     0000000180000000     p5engine.obj
 0000:fffc2000       _volmd                     0000000180000000     MSVCRTD:cpu_disp.obj
 0000:fffc3000       __guard_ehcont_?dllmain_dispatch@@YAHQEAUHINSTANCE__@@KQEAX@Z 0000000180000000     MSVCRTD:dll_dllmain.obj
 0000:fffc3000       __guard_fids_?dllmain_dispatch@@YAHQEAUHINSTANCE__@@KQEAX@Z 0000000180000000     MSVCRTD:dll_dllmain.obj
 0000:fffc3000       __guard_ehcont_?notify_debugger@@YAXAEBUtagEXCEPTION_VISUALCPP_DEBUG_INFO@@@Z 0000000180000000     MSVCRTD:error.obj
 0000:fffc2000       _volmd                     0000000180000000     MSVCRTD:gs_report.obj
 0000:fffc2000       _volmd                     0000000180000000     MSVCRTD:gs_report.obj
 0000:fffc2000       _volmd                     0000000180000000     MSVCRTD:gs_report.obj
 0000:fffc3000       __guard_fids__             0000000180000000     MSVCRTD:guard_support.obj
 0000:fffc3000       __guard_fids__             0000000180000000     MSVCRTD:guard_support.obj
 0000:fffc3000       __guard_fids__guard_icall_checks_enforced 0000000180000000     MSVCRTD:guard_support.obj
 0000:fffc2000       _volmd                     0000000180000000     MSVCRTD:guard_support.obj
 0000:fffc2000       _volmd                     0000000180000000     MSVCRTD:guard_support.obj
 0000:fffc2000       _volmd                     0000000180000000     MSVCRTD:guard_support.obj
 0000:fffc3000       __guard_fids__CRT_RTC_INIT 0000000180000000     MSVCRTD:init.obj
 0000:fffc3000       __guard_fids__CRT_RTC_INITW 0000000180000000     MSVCRTD:init.obj
 0000:fffc3000       __guard_ehcont___scrt_is_nonwritable_in_current_image 0000000180000000     MSVCRTD:utility.obj
 0000:fffc2000       _volmd                     0000000180000000     MSVCRTD:utility.obj
 0000:fffc2000       _volmd                     0000000180000000     MSVCRTD:utility.obj
 0000:fffc2000       _volmd                     0000000180000000     MSVCRTD:utility.obj
 0000:fffc3000       __guard_fids___scrt_set_unhandled_exception_filter 0000000180000000     MSVCRTD:utility_desktop.obj
 0000:fffc2000       _volmd                     0000000180000000     MSVCRTD:utility_desktop.obj
 0000:fffbf000       .debug$S                   0000000180000000     vcruntimed:VCRUNTIME140D.dll
 0000:fffbf000       .debug$S                   0000000180000000     vcruntimed:VCRUNTIME140D.dll
 0000:fffbf000       .debug$S                   0000000180000000     vcruntimed:VCRUNTIME140D.dll
 0000:fffbf000       .debug$S                   0000000180000000     vcruntimed:VCRUNTIME140D.dll
 0000:fffbf000       .debug$S                   0000000180000000     vcruntimed:VCRUNTIME140D.dll
 0000:fffbf000       .debug$S                   0000000180000000     vcruntimed:VCRUNTIME140D.dll
 0000:fffbf000       .debug$S                   0000000180000000     vcruntimed:VCRUNTIME140D.dll
 0000:fffbf000       .debug$S                   0000000180000000     vcruntimed:VCRUNTIME140D.dll
 0000:fffbf000       .debug$S                   0000000180000000     ucrtd:ucrtbased.dll
 0000:fffbf000       .debug$S                   0000000180000000     ucrtd:ucrtbased.dll
 0000:fffbf000       .debug$S                   0000000180000000     ucrtd:ucrtbased.dll
 0000:fffbf000       .debug$S                   0000000180000000     ucrtd:ucrtbased.dll
 0000:fffbf000       .debug$S                   0000000180000000     ucrtd:ucrtbased.dll
 0000:fffbf000       .debug$S                   0000000180000000     ucrtd:ucrtbased.dll
 0000:fffbf000       .debug$S                   0000000180000000     ucrtd:ucrtbased.dll
 0000:fffbf000       .debug$S                   0000000180000000     ucrtd:ucrtbased.dll
 0000:fffbf000       .debug$S                   0000000180000000     ucrtd:ucrtbased.dll
 0000:fffbf000       .debug$S                   0000000180000000     ucrtd:ucrtbased.dll
 0000:fffbf000       .debug$S                   0000000180000000     ucrtd:ucrtbased.dll
 0000:fffbf000       .debug$S                   0000000180000000     ucrtd:ucrtbased.dll
 0000:fffbf000       .debug$S                   0000000180000000     ucrtd:ucrtbased.dll
 0000:fffbf000       .debug$S                   0000000180000000     ucrtd:ucrtbased.dll
 0000:fffbf000       .debug$S                   0000000180000000     ucrtd:ucrtbased.dll
 0000:fffbf000       .debug$S                   0000000180000000     ucrtd:ucrtbased.dll
 0000:fffbf000       .debug$S                   0000000180000000     ucrtd:ucrtbased.dll
 0000:fffbf000       .debug$S                   0000000180000000     ucrtd:ucrtbased.dll
 0000:fffbf000       .debug$S                   0000000180000000     ucrtd:ucrtbased.dll
 0000:fffbf000       .debug$S                   0000000180000000     ucrtd:ucrtbased.dll
 0000:fffbf000       .debug$S                   0000000180000000     ucrtd:ucrtbased.dll
 0000:fffbf000       .debug$S                   0000000180000000     ucrtd:ucrtbased.dll
 0000:fffbf000       .debug$S                   0000000180000000     ucrtd:ucrtbased.dll
 0000:fffbf000       .debug$S                   0000000180000000     ucrtd:ucrtbased.dll
 0000:fffbf000       .debug$S                   0000000180000000     ucrtd:ucrtbased.dll
 0000:fffbf000       .debug$S                   0000000180000000     kernel32:KERNEL32.dll
 0000:fffbf000       .debug$S                   0000000180000000     kernel32:KERNEL32.dll
 0000:fffbf000       .debug$S                   0000000180000000     kernel32:KERNEL32.dll
 0000:fffbf000       .debug$S                   0000000180000000     kernel32:KERNEL32.dll
 0000:fffbf000       .debug$S                   0000000180000000     kernel32:KERNEL32.dll
 0000:fffbf000       .debug$S                   0000000180000000     kernel32:KERNEL32.dll
 0000:fffbf000       .debug$S                   0000000180000000     kernel32:KERNEL32.dll
 0000:fffbf000       .debug$S                   0000000180000000     kernel32:KERNEL32.dll
 0000:fffbf000       .debug$S                   0000000180000000     kernel32:KERNEL32.dll
 0000:fffbf000       .debug$S                   0000000180000000     kernel32:KERNEL32.dll
 0000:fffbf000       .debug$S                   0000000180000000     kernel32:KERNEL32.dll
 0000:fffbf000       .debug$S                   0000000180000000     kernel32:KERNEL32.dll
 0000:fffbf000       .debug$S                   0000000180000000     kernel32:KERNEL32.dll
 0000:fffbf000       .debug$S                   0000000180000000     kernel32:KERNEL32.dll
 0000:fffbf000       .debug$S                   0000000180000000     kernel32:KERNEL32.dll
 0000:fffbf000       .debug$S                   0000000180000000     kernel32:KERNEL32.dll
 0000:fffbf000       .debug$S                   0000000180000000     kernel32:KERNEL32.dll
 0000:fffbf000       .debug$S                   0000000180000000     kernel32:KERNEL32.dll
 0000:fffbf000       .debug$S                   0000000180000000     kernel32:KERNEL32.dll
 0000:fffbf000       .debug$S                   0000000180000000     kernel32:KERNEL32.dll
 0000:fffbf000       .debug$S                   0000000180000000     kernel32:KERNEL32.dll
 0000:fffbf000       .debug$S                   0000000180000000     kernel32:KERNEL32.dll
 0000:fffbf000       .debug$S                   0000000180000000     kernel32:KERNEL32.dll
 0000:fffbf000       .debug$S                   0000000180000000     kernel32:KERNEL32.dll
 0000:fffbf000       .debug$S                   0000000180000000     kernel32:KERNEL32.dll
 0000:fffbf000       .debug$S                   0000000180000000     kernel32:KERNEL32.dll
 0000:fffbf000       .debug$S                   0000000180000000     kernel32:KERNEL32.dll
 0002:00001520       ?AddCollisionRule@@YAXPEAUgame_state@@IIH@Z 0000000180012520 f   p5engine.obj
 0002:00001720       ?AddEntity@@YAPEAUsim_entity@@PEAUgame_state@@PEAUsim_region@@IPEAUlow_entity@@PEATv3@@@Z 0000000180012720 f   p5engine.obj
 0002:000018c0       ?AddEntityRaw@@YAPEAUsim_entity@@PEAUgame_state@@PEAUsim_region@@IPEAUlow_entity@@@Z 00000001800128c0 f   p5engine.obj
 0002:00001ad0       ?AddFamiliar@@YA?AUadd_low_entity_result@@PEAUgame_state@@III@Z 0000000180012ad0 f   p5engine.obj
 0002:00001d20       ?AddGroundedEntity@@YA?AUadd_low_entity_result@@PEAUgame_state@@W4entity_type@@Uworld_position@@PEAUsim_entity_collision_volume_group@@@Z 0000000180012d20 f   p5engine.obj
 0002:00001e40       ?AddLowEntity@@YA?AUadd_low_entity_result@@PEAUgame_state@@W4entity_type@@Uworld_position@@@Z 0000000180012e40 f   p5engine.obj
 0002:000020c0       ?AddMonstar@@YA?AUadd_low_entity_result@@PEAUgame_state@@III@Z 00000001800130c0 f   p5engine.obj
 0002:000022c0       ?AddPlayer@@YA?AUadd_low_entity_result@@PEAUgame_state@@@Z 00000001800132c0 f   p5engine.obj
 0002:00002690       ?AddStairs@@YA?AUadd_low_entity_result@@PEAUgame_state@@III@Z 0000000180013690 f   p5engine.obj
 0002:000028c0       ?AddStandardRoom@@YA?AUadd_low_entity_result@@PEAUgame_state@@III@Z 00000001800138c0 f   p5engine.obj
 0002:00002ab0       ?AddSword@@YA?AUadd_low_entity_result@@PEAUgame_state@@@Z 0000000180013ab0 f   p5engine.obj
 0002:00002c10       ?AddWall@@YA?AUadd_low_entity_result@@PEAUgame_state@@III@Z 0000000180013c10 f   p5engine.obj
 0002:00002e00       ?AllocateRenderGroup@@YAPEAUrender_group@@PEAUmemory_arena@@IM@Z 0000000180013e00 f   p5engine.obj
 0002:00003090       ?BeginSim@@YAPEAUsim_region@@PEAUmemory_arena@@PEAUgame_state@@PEAUworld@@Uworld_position@@Urectangle3@@M@Z 0000000180014090 f   p5engine.obj
 0002:000039c0       ?CanCollide@@YAHPEAUgame_state@@PEAUsim_entity@@1@Z 00000001800149c0 f   p5engine.obj
 0002:00003bb0       ?CanOverlap@@YAHPEAUgame_state@@PEAUsim_entity@@1@Z 0000000180014bb0 f   p5engine.obj
 0002:00003d40       ?ChangeEntityLocation@@YAXPEAUmemory_arena@@PEAUworld@@IPEAUlow_entity@@Uworld_position@@@Z 0000000180014d40 f   p5engine.obj
 0002:00004a50       ?ClearBitmap@@YAXPEAUloaded_bitmap@@@Z 0000000180015a50 f   p5engine.obj
 0002:00004ae0       ?ClearCollisionRulesFor@@YAXPEAUgame_state@@I@Z 0000000180015ae0 f   p5engine.obj
 0002:00004da0       ?DEBUGLoadBMP@@YA?AUloaded_bitmap@@PEAUthread_context@@P6A?AUdebug_read_file_result@@0PEAD@Z1@Z 0000000180015da0 f   p5engine.obj
 0002:00005450       ?DrawBitmap@@YAXPEAUloaded_bitmap@@0MMM@Z 0000000180016450 f   p5engine.obj
 0002:00005a50       ?DrawHitpoints@@YAXPEAUsim_entity@@PEAUrender_group@@@Z 0000000180016a50 f   p5engine.obj
 0002:00005d50       ?DrawRectangle@@YAXPEAUloaded_bitmap@@Tv2@@1MMMM@Z 0000000180016d50 f   p5engine.obj
 0002:00006010       ?EndSim@@YAXPEAUsim_region@@PEAUgame_state@@@Z 0000000180017010 f   p5engine.obj
 0002:000064a0       ?EntitiesOverlap@@YAHPEAUsim_entity@@0Tv3@@@Z 00000001800174a0 f   p5engine.obj
 0002:00006af0       ?FillGroundChunk@@YAXPEAUtransient_state@@PEAUgame_state@@PEAUground_buffer@@PEAUworld_position@@@Z 0000000180017af0 f   p5engine.obj
 0002:00007480       ?GameOutputSound@@YAXPEAUgame_state@@PEAUgame_sound_output_buffer@@H@Z 0000000180018480 f   p5engine.obj
 0002:00007870       ?GetHashFromStorageIndex@@YAPEAUsim_entity_hash@@PEAUsim_region@@I@Z 0000000180018870 f   p5engine.obj
 0002:00008440       ?HandleCollision@@YAHPEAUgame_state@@PEAUsim_entity@@1@Z 0000000180019440 f   p5engine.obj
 0002:00008570       ?HandleOverlap@@YAXPEAUgame_state@@PEAUsim_entity@@1MPEAM@Z 0000000180019570 f   p5engine.obj
 0002:000086b0       ?InitHitPoints@@YAXPEAUlow_entity@@I@Z 00000001800196b0 f   p5engine.obj
 0002:00008800       ?InitializeWorld@@YAXPEAUworld@@Tv3@@@Z 0000000180019800 f   p5engine.obj
 0002:00009060       ?MakeEmptyBitmap@@YA?AUloaded_bitmap@@PEAUmemory_arena@@HHH@Z 000000018001a060 f   p5engine.obj
 0002:00009310       ?MakeNullCollision@@YAPEAUsim_entity_collision_volume_group@@PEAUgame_state@@@Z 000000018001a310 f   p5engine.obj
 0002:00009430       ?MakeSimpleGroundedCollision@@YAPEAUsim_entity_collision_volume_group@@PEAUgame_state@@MMM@Z 000000018001a430 f   p5engine.obj
 0002:00009750       ?MoveEntity@@YAXPEAUgame_state@@PEAUsim_region@@PEAUsim_entity@@MPEAUmove_spec@@Tv3@@@Z 000000018001a750 f   p5engine.obj
 0002:0000cd60       ?RenderGroupToOutput@@YAXPEAUrender_group@@PEAUloaded_bitmap@@@Z 000000018001dd60 f   p5engine.obj
 0002:0000d6e0       ?SpeculativeCollide@@YAHPEAUsim_entity@@0Tv3@@@Z 000000018001e6e0 f   p5engine.obj
 0002:0000d980       ?Subtract@@YA?ATv3@@PEAUworld@@PEAUworld_position@@1@Z 000000018001e980 f   p5engine.obj
 0002:00011628       $LN138                     0000000180022628     p5engine.obj
 0002:00012810       $$000000                   0000000180023810     MSVCRTD:chkstk.obj
 0002:00012890       $$000000                   0000000180023890     MSVCRTD:amdsecgs.obj
 0002:000128d0       ?dllmain_crt_dispatch@@YAHQEAUHINSTANCE__@@KQEAX@Z 00000001800238d0 f   MSVCRTD:dll_dllmain.obj
 0002:00012980       ?dllmain_crt_process_attach@@YAHQEAUHINSTANCE__@@QEAX@Z 0000000180023980 f   MSVCRTD:dll_dllmain.obj
 0002:00012b10       ?dllmain_crt_process_detach@@YAH_N@Z 0000000180023b10 f   MSVCRTD:dll_dllmain.obj
 0002:00012bd0       ?dllmain_dispatch@@YAHQEAUHINSTANCE__@@KQEAX@Z 0000000180023bd0 f   MSVCRTD:dll_dllmain.obj
 0002:00012d60       ?dllmain_raw@@YAHQEAUHINSTANCE__@@KQEAX@Z 0000000180023d60 f   MSVCRTD:dll_dllmain.obj
 0002:00012e60       ?DebuggerProbe@@YA_NK@Z    0000000180023e60 f   MSVCRTD:error.obj
 0002:00012eb0       ?DebuggerRuntime@@YA_NKHPEAXPEB_W@Z 0000000180023eb0 f   MSVCRTD:error.obj
 0002:00013240       ?_getMemBlockDataString@@YAXPEAD0PEBD_K@Z 0000000180024240 f   MSVCRTD:error.obj
 0002:00013320       ?_strlen_priv@@YA_KPEBD@Z  0000000180024320 f   MSVCRTD:error.obj
 0002:00013340       ?failwithmessage@@YAXPEAXHHPEBD@Z 0000000180024340 f   MSVCRTD:error.obj
 0002:00013640       ?notify_debugger@@YAXAEBUtagEXCEPTION_VISUALCPP_DEBUG_INFO@@@Z 0000000180024640 f   MSVCRTD:error.obj
 0002:00013ca0       capture_current_context    0000000180024ca0 f   MSVCRTD:gs_report.obj
 0002:00013d60       capture_previous_context   0000000180024d60 f   MSVCRTD:gs_report.obj
 0002:00013e40       __get_entropy              0000000180024e40 f   MSVCRTD:gs_support.obj
 0002:000140f0       ?find_pe_section@@YAPEAU_IMAGE_SECTION_HEADER@@QEAE_K@Z 00000001800250f0 f   MSVCRTD:utility.obj
 0002:00014210       ?is_potentially_valid_image_base@@YA_NQEAX@Z 0000000180025210 f   MSVCRTD:utility.obj
 0002:00014fb0       __castguard_compat_check   0000000180025fb0 f   MSVCRTD:guard_support.obj
 0002:00015190       __castguard_slow_path_compat_check 0000000180026190 f   MSVCRTD:guard_support.obj
 0002:00015280       ?GetPdbDll@@YAPEAUHINSTANCE__@@XZ 0000000180026280 f   MSVCRTD:pdblkup.obj
 0002:00015420       ?GetPdbDllFromInstallPath@@YAPEAUHINSTANCE__@@XZ 0000000180026420 f   MSVCRTD:pdblkup.obj
 0002:00015780       ?GetPdbDllPathFromFilePath@@YAHPEB_WPEA_W_K@Z 0000000180026780 f   MSVCRTD:pdblkup.obj
 0002:00017940       $$000000                   0000000180028940     MSVCRTD:guard_dispatch.obj
 0002:00017960       $$000000                   0000000180028960     MSVCRTD:guard_xfg_dispatch.obj
 0002:00018980       ?fin$0@?0??dllmain_crt_process_attach@@YAHQEAUHINSTANCE__@@QEAX@Z@4HA 0000000180029980 f   MSVCRTD:dll_dllmain.obj
 0002:000189a0       ?fin$0@?0??dllmain_crt_process_detach@@YAH_N@Z@4HA 00000001800299a0 f   MSVCRTD:dll_dllmain.obj
 0002:000189ba       ?fin$1@?0??dllmain_crt_process_detach@@YAH_N@Z@4HA 00000001800299ba f   MSVCRTD:dll_dllmain.obj
 0002:000189e0       ?filt$0@?0??dllmain_dispatch@@YAHQEAUHINSTANCE__@@KQEAX@Z@4HA 00000001800299e0 f   MSVCRTD:dll_dllmain.obj
 0002:00018a40       ?filt$0@?0??notify_debugger@@YAXAEBUtagEXCEPTION_VISUALCPP_DEBUG_INFO@@@Z@4HA 0000000180029a40 f   MSVCRTD:error.obj
 0002:00018a70       __scrt_is_nonwritable_in_current_image$filt$0 0000000180029a70 f   MSVCRTD:utility.obj
 0003:00000880       ?BeginTemporaryMemory@@YA?AUtemporary_memory@@PEAUmemory_arena@@@Z$rtcName$0 000000018002b880     p5engine.obj
 0003:00000890       ?BeginTemporaryMemory@@YA?AUtemporary_memory@@PEAUmemory_arena@@@Z$rtcVarDesc 000000018002b890     p5engine.obj
 0003:000008d0       ?BeginTemporaryMemory@@YA?AUtemporary_memory@@PEAUmemory_arena@@@Z$rtcFrameData 000000018002b8d0     p5engine.obj
 0003:00000900       ?FindLeastSignificantSetBit@@YA?AUbit_scan_result@@I@Z$rtcName$0 000000018002b900     p5engine.obj
 0003:00000910       ?FindLeastSignificantSetBit@@YA?AUbit_scan_result@@I@Z$rtcVarDesc 000000018002b910     p5engine.obj
 0003:00000950       ?FindLeastSignificantSetBit@@YA?AUbit_scan_result@@I@Z$rtcFrameData 000000018002b950     p5engine.obj
 0003:00000980       ?V2@@YA?ATv2@@MM@Z$rtcName$0 000000018002b980     p5engine.obj
 0003:00000990       ?V2@@YA?ATv2@@MM@Z$rtcVarDesc 000000018002b990     p5engine.obj
 0003:000009d0       ?V2@@YA?ATv2@@MM@Z$rtcFrameData 000000018002b9d0     p5engine.obj
 0003:00000a00       ?V2i@@YA?ATv2@@HH@Z$rtcName$0 000000018002ba00     p5engine.obj
 0003:00000a10       ?V2i@@YA?ATv2@@HH@Z$rtcVarDesc 000000018002ba10     p5engine.obj
 0003:00000a50       ?V2i@@YA?ATv2@@HH@Z$rtcFrameData 000000018002ba50     p5engine.obj
 0003:00000a80       ??D@YA?ATv2@@MT0@@Z$rtcName$0 000000018002ba80     p5engine.obj
 0003:00000a90       ??D@YA?ATv2@@MT0@@Z$rtcVarDesc 000000018002ba90     p5engine.obj
 0003:00000ad0       ??D@YA?ATv2@@MT0@@Z$rtcFrameData 000000018002bad0     p5engine.obj
 0003:00000b00       ??H@YA?ATv2@@T0@0@Z$rtcName$0 000000018002bb00     p5engine.obj
 0003:00000b10       ??H@YA?ATv2@@T0@0@Z$rtcVarDesc 000000018002bb10     p5engine.obj
 0003:00000b50       ??H@YA?ATv2@@T0@0@Z$rtcFrameData 000000018002bb50     p5engine.obj
 0003:00000b80       ??G@YA?ATv2@@T0@0@Z$rtcName$0 000000018002bb80     p5engine.obj
 0003:00000b90       ??G@YA?ATv2@@T0@0@Z$rtcVarDesc 000000018002bb90     p5engine.obj
 0003:00000bd0       ??G@YA?ATv2@@T0@0@Z$rtcFrameData 000000018002bbd0     p5engine.obj
 0003:00000c00       ?Clamp01@@YA?ATv2@@T1@@Z$rtcName$0 000000018002bc00     p5engine.obj
 0003:00000c10       ?Clamp01@@YA?ATv2@@T1@@Z$rtcVarDesc 000000018002bc10     p5engine.obj
 0003:00000c50       ?Clamp01@@YA?ATv2@@T1@@Z$rtcFrameData 000000018002bc50     p5engine.obj
 0003:00000c80       ?V3@@YA?ATv3@@MMM@Z$rtcName$0 000000018002bc80     p5engine.obj
 0003:00000c90       ?V3@@YA?ATv3@@MMM@Z$rtcVarDesc 000000018002bc90     p5engine.obj
 0003:00000cd0       ?V3@@YA?ATv3@@MMM@Z$rtcFrameData 000000018002bcd0     p5engine.obj
 0003:00000d00       ??D@YA?ATv3@@MT0@@Z$rtcName$0 000000018002bd00     p5engine.obj
 0003:00000d10       ??D@YA?ATv3@@MT0@@Z$rtcVarDesc 000000018002bd10     p5engine.obj
 0003:00000d50       ??D@YA?ATv3@@MT0@@Z$rtcFrameData 000000018002bd50     p5engine.obj
 0003:00000d80       ??D@YA?ATv3@@T0@M@Z$rtcName$0 000000018002bd80     p5engine.obj
 0003:00000d90       ??D@YA?ATv3@@T0@M@Z$rtcVarDesc 000000018002bd90     p5engine.obj
 0003:00000dd0       ??D@YA?ATv3@@T0@M@Z$rtcFrameData 000000018002bdd0     p5engine.obj
 0003:00000e00       ??H@YA?ATv3@@T0@0@Z$rtcName$0 000000018002be00     p5engine.obj
 0003:00000e10       ??H@YA?ATv3@@T0@0@Z$rtcVarDesc 000000018002be10     p5engine.obj
 0003:00000e50       ??H@YA?ATv3@@T0@0@Z$rtcFrameData 000000018002be50     p5engine.obj
 0003:00000e80       ??G@YA?ATv3@@T0@0@Z$rtcName$0 000000018002be80     p5engine.obj
 0003:00000e90       ??G@YA?ATv3@@T0@0@Z$rtcVarDesc 000000018002be90     p5engine.obj
 0003:00000ed0       ??G@YA?ATv3@@T0@0@Z$rtcFrameData 000000018002bed0     p5engine.obj
 0003:00000f00       ?Hadamard@@YA?ATv3@@T1@0@Z$rtcName$0 000000018002bf00     p5engine.obj
 0003:00000f10       ?Hadamard@@YA?ATv3@@T1@0@Z$rtcVarDesc 000000018002bf10     p5engine.obj
 0003:00000f50       ?Hadamard@@YA?ATv3@@T1@0@Z$rtcFrameData 000000018002bf50     p5engine.obj
 0003:00000f80       ?V4@@YA?ATv4@@MMMM@Z$rtcName$0 000000018002bf80     p5engine.obj
 0003:00000f90       ?V4@@YA?ATv4@@MMMM@Z$rtcVarDesc 000000018002bf90     p5engine.obj
 0003:00000fd0       ?V4@@YA?ATv4@@MMMM@Z$rtcFrameData 000000018002bfd0     p5engine.obj
 0003:00001000       ?RectCenterHalfDim@@YA?AUrectangle2@@Tv2@@0@Z$rtcName$0 000000018002c000     p5engine.obj
 0003:00001010       ?RectCenterHalfDim@@YA?AUrectangle2@@Tv2@@0@Z$rtcVarDesc 000000018002c010     p5engine.obj
 0003:00001050       ?RectCenterHalfDim@@YA?AUrectangle2@@Tv2@@0@Z$rtcFrameData 000000018002c050     p5engine.obj
 0003:00001080       ?RectCenterDim@@YA?AUrectangle2@@Tv2@@0@Z$rtcName$0 000000018002c080     p5engine.obj
 0003:00001090       ?RectCenterDim@@YA?AUrectangle2@@Tv2@@0@Z$rtcVarDesc 000000018002c090     p5engine.obj
 0003:000010d0       ?RectCenterDim@@YA?AUrectangle2@@Tv2@@0@Z$rtcFrameData 000000018002c0d0     p5engine.obj
 0003:00001100       ?GetBarycentric@@YA?ATv2@@Urectangle2@@T1@@Z$rtcName$0 000000018002c100     p5engine.obj
 0003:00001110       ?GetBarycentric@@YA?ATv2@@Urectangle2@@T1@@Z$rtcVarDesc 000000018002c110     p5engine.obj
 0003:00001150       ?GetBarycentric@@YA?ATv2@@Urectangle2@@T1@@Z$rtcFrameData 000000018002c150     p5engine.obj
 0003:00001180       ?GetMinCorner@@YA?ATv3@@Urectangle3@@@Z$rtcName$0 000000018002c180     p5engine.obj
 0003:00001190       ?GetMinCorner@@YA?ATv3@@Urectangle3@@@Z$rtcVarDesc 000000018002c190     p5engine.obj
 0003:000011d0       ?GetMinCorner@@YA?ATv3@@Urectangle3@@@Z$rtcFrameData 000000018002c1d0     p5engine.obj
 0003:00001200       ?GetMaxCorner@@YA?ATv3@@Urectangle3@@@Z$rtcName$0 000000018002c200     p5engine.obj
 0003:00001210       ?GetMaxCorner@@YA?ATv3@@Urectangle3@@@Z$rtcVarDesc 000000018002c210     p5engine.obj
 0003:00001250       ?GetMaxCorner@@YA?ATv3@@Urectangle3@@@Z$rtcFrameData 000000018002c250     p5engine.obj
 0003:00001280       ?RectCenterHalfDim@@YA?AUrectangle3@@Tv3@@0@Z$rtcName$0 000000018002c280     p5engine.obj
 0003:00001290       ?RectCenterHalfDim@@YA?AUrectangle3@@Tv3@@0@Z$rtcVarDesc 000000018002c290     p5engine.obj
 0003:000012d0       ?RectCenterHalfDim@@YA?AUrectangle3@@Tv3@@0@Z$rtcFrameData 000000018002c2d0     p5engine.obj
 0003:00001300       ?AddRadiusTo@@YA?AUrectangle3@@U1@Tv3@@@Z$rtcName$0 000000018002c300     p5engine.obj
 0003:00001310       ?AddRadiusTo@@YA?AUrectangle3@@U1@Tv3@@@Z$rtcVarDesc 000000018002c310     p5engine.obj
 0003:00001350       ?AddRadiusTo@@YA?AUrectangle3@@U1@Tv3@@@Z$rtcFrameData 000000018002c350     p5engine.obj
 0003:00001380       ?RectCenterDim@@YA?AUrectangle3@@Tv3@@0@Z$rtcName$0 000000018002c380     p5engine.obj
 0003:00001390       ?RectCenterDim@@YA?AUrectangle3@@Tv3@@0@Z$rtcVarDesc 000000018002c390     p5engine.obj
 0003:000013d0       ?RectCenterDim@@YA?AUrectangle3@@Tv3@@0@Z$rtcFrameData 000000018002c3d0     p5engine.obj
 0003:00001400       ?GetEntityGroundPoint@@YA?ATv3@@PEAUsim_entity@@T1@@Z$rtcName$0 000000018002c400     p5engine.obj
 0003:00001410       ?GetEntityGroundPoint@@YA?ATv3@@PEAUsim_entity@@T1@@Z$rtcVarDesc 000000018002c410     p5engine.obj
 0003:00001450       ?GetEntityGroundPoint@@YA?ATv3@@PEAUsim_entity@@T1@@Z$rtcFrameData 000000018002c450     p5engine.obj
 0003:00001480       ?GetEntityGroundPoint@@YA?ATv3@@PEAUsim_entity@@@Z$rtcName$0 000000018002c480     p5engine.obj
 0003:00001490       ?GetEntityGroundPoint@@YA?ATv3@@PEAUsim_entity@@@Z$rtcVarDesc 000000018002c490     p5engine.obj
 0003:000014d0       ?GetEntityGroundPoint@@YA?ATv3@@PEAUsim_entity@@@Z$rtcFrameData 000000018002c4d0     p5engine.obj
 0003:00001500       ?GetStairGround@@YAMPEAUsim_entity@@Tv3@@@Z$rtcName$0 000000018002c500     p5engine.obj
 0003:0000150c       ?GetStairGround@@YAMPEAUsim_entity@@Tv3@@@Z$rtcName$1 000000018002c50c     p5engine.obj
 0003:00001520       ?GetStairGround@@YAMPEAUsim_entity@@Tv3@@@Z$rtcVarDesc 000000018002c520     p5engine.obj
 0003:000015a0       ?GetStairGround@@YAMPEAUsim_entity@@Tv3@@@Z$rtcFrameData 000000018002c5a0     p5engine.obj
 0003:000015e0       ?PushBitmap@@YAXPEAUrender_group@@PEAUloaded_bitmap@@Tv2@@M2MM@Z$rtcName$0 000000018002c5e0     p5engine.obj
 0003:000015e4       ?PushBitmap@@YAXPEAUrender_group@@PEAUloaded_bitmap@@Tv2@@M2MM@Z$rtcName$1 000000018002c5e4     p5engine.obj
 0003:000015f0       ?PushBitmap@@YAXPEAUrender_group@@PEAUloaded_bitmap@@Tv2@@M2MM@Z$rtcVarDesc 000000018002c5f0     p5engine.obj
 0003:00001670       ?PushBitmap@@YAXPEAUrender_group@@PEAUloaded_bitmap@@Tv2@@M2MM@Z$rtcFrameData 000000018002c670     p5engine.obj
 0003:000016a0       ?PushRect@@YAXPEAUrender_group@@Tv2@@M1Tv4@@M@Z$rtcName$0 000000018002c6a0     p5engine.obj
 0003:000016b0       ?PushRect@@YAXPEAUrender_group@@Tv2@@M1Tv4@@M@Z$rtcVarDesc 000000018002c6b0     p5engine.obj
 0003:000016f0       ?PushRect@@YAXPEAUrender_group@@Tv2@@M1Tv4@@M@Z$rtcFrameData 000000018002c6f0     p5engine.obj
 0003:00001720       ?GetRenderEntityBasisPos@@YA?ATv2@@PEAUrender_group@@PEAUrender_entity_basis@@T1@@Z$rtcName$0 000000018002c720     p5engine.obj
 0003:00001730       ?GetRenderEntityBasisPos@@YA?ATv2@@PEAUrender_group@@PEAUrender_entity_basis@@T1@@Z$rtcName$1 000000018002c730     p5engine.obj
 0003:00001740       ?GetRenderEntityBasisPos@@YA?ATv2@@PEAUrender_group@@PEAUrender_entity_basis@@T1@@Z$rtcVarDesc 000000018002c740     p5engine.obj
 0003:000017c0       ?GetRenderEntityBasisPos@@YA?ATv2@@PEAUrender_group@@PEAUrender_entity_basis@@T1@@Z$rtcFrameData 000000018002c7c0     p5engine.obj
 0003:00001800       ?RenderGroupToOutput@@YAXPEAUrender_group@@PEAUloaded_bitmap@@@Z$rtcName$0 000000018002c800     p5engine.obj
 0003:00001810       ?RenderGroupToOutput@@YAXPEAUrender_group@@PEAUloaded_bitmap@@@Z$rtcName$1 000000018002c810     p5engine.obj
 0003:00001814       ?RenderGroupToOutput@@YAXPEAUrender_group@@PEAUloaded_bitmap@@@Z$rtcName$2 000000018002c814     p5engine.obj
 0003:00001818       ?RenderGroupToOutput@@YAXPEAUrender_group@@PEAUloaded_bitmap@@@Z$rtcName$3 000000018002c818     p5engine.obj
 0003:0000181c       ?RenderGroupToOutput@@YAXPEAUrender_group@@PEAUloaded_bitmap@@@Z$rtcName$4 000000018002c81c     p5engine.obj
 0003:00001820       ?RenderGroupToOutput@@YAXPEAUrender_group@@PEAUloaded_bitmap@@@Z$rtcName$5 000000018002c820     p5engine.obj
 0003:00001828       ?RenderGroupToOutput@@YAXPEAUrender_group@@PEAUloaded_bitmap@@@Z$rtcFrameData 000000018002c828     p5engine.obj
 0003:00001840       ?RenderGroupToOutput@@YAXPEAUrender_group@@PEAUloaded_bitmap@@@Z$rtcVarDesc 000000018002c840     p5engine.obj
 0003:00001a20       ?NullPosition@@YA?AUworld_position@@XZ$rtcName$0 000000018002ca20     p5engine.obj
 0003:00001a30       ?NullPosition@@YA?AUworld_position@@XZ$rtcVarDesc 000000018002ca30     p5engine.obj
 0003:00001a70       ?NullPosition@@YA?AUworld_position@@XZ$rtcFrameData 000000018002ca70     p5engine.obj
 0003:00001aa0       ?MapIntoChunkSpace@@YA?AUworld_position@@PEAUworld@@U1@Tv3@@@Z$rtcName$0 000000018002caa0     p5engine.obj
 0003:00001ab0       ?MapIntoChunkSpace@@YA?AUworld_position@@PEAUworld@@U1@Tv3@@@Z$rtcVarDesc 000000018002cab0     p5engine.obj
 0003:00001af0       ?MapIntoChunkSpace@@YA?AUworld_position@@PEAUworld@@U1@Tv3@@@Z$rtcFrameData 000000018002caf0     p5engine.obj
 0003:00001b20       ?ChunkPositionFromTilePosition@@YA?AUworld_position@@PEAUworld@@HHHTv3@@@Z$rtcName$0 000000018002cb20     p5engine.obj
 0003:00001b28       ?ChunkPositionFromTilePosition@@YA?AUworld_position@@PEAUworld@@HHHTv3@@@Z$rtcName$1 000000018002cb28     p5engine.obj
 0003:00001b30       ?ChunkPositionFromTilePosition@@YA?AUworld_position@@PEAUworld@@HHHTv3@@@Z$rtcName$2 000000018002cb30     p5engine.obj
 0003:00001b38       ?ChunkPositionFromTilePosition@@YA?AUworld_position@@PEAUworld@@HHHTv3@@@Z$rtcName$3 000000018002cb38     p5engine.obj
 0003:00001b40       ?ChunkPositionFromTilePosition@@YA?AUworld_position@@PEAUworld@@HHHTv3@@@Z$rtcVarDesc 000000018002cb40     p5engine.obj
 0003:00001c40       ?ChunkPositionFromTilePosition@@YA?AUworld_position@@PEAUworld@@HHHTv3@@@Z$rtcFrameData 000000018002cc40     p5engine.obj
 0003:00001c90       ?Subtract@@YA?ATv3@@PEAUworld@@PEAUworld_position@@1@Z$rtcName$0 000000018002cc90     p5engine.obj
[...]
 0003:00006544       $unwind$?ChangeEntityLocation@@YAXPEAUmemory_arena@@PEAUworld@@IPEAUlow_entity@@Uworld_position@@@Z 0000000180031544     p5engine.obj
 0003:00006558       $unwind$?GetHashFromStorageIndex@@YAPEAUsim_entity_hash@@PEAUsim_region@@I@Z 0000000180031558     p5engine.obj
 0003:0000656c       $unwind$?GetSimSpacePos@@YA?ATv3@@PEAUsim_region@@PEAUlow_entity@@@Z 000000018003156c     p5engine.obj
 0003:00006580       $unwind$?AddEntity@@YAPEAUsim_entity@@PEAUgame_state@@PEAUsim_region@@IPEAUlow_entity@@PEATv3@@@Z 0000000180031580     p5engine.obj
 0003:00006594       $unwind$?LoadEntityReference@@YAXPEAUgame_state@@PEAUsim_region@@PEATentity_reference@@@Z 0000000180031594     p5engine.obj
 0003:000065b0       $unwind$?StoreEntityReference@@YAXPEATentity_reference@@@Z 00000001800315b0     p5engine.obj
 0003:000065c4       $unwind$?AddEntityRaw@@YAPEAUsim_entity@@PEAUgame_state@@PEAUsim_region@@IPEAUlow_entity@@@Z 00000001800315c4     p5engine.obj
 0003:000065d8       $unwind$?EntityOverlapsRectangle@@YAHTv3@@Usim_entity_collision_volume@@Urectangle3@@@Z 00000001800315d8     p5engine.obj
 0003:000065ec       $unwind$?BeginSim@@YAPEAUsim_region@@PEAUmemory_arena@@PEAUgame_state@@PEAUworld@@Uworld_position@@Urectangle3@@M@Z 00000001800315ec     p5engine.obj
 0003:00006608       $unwind$?EndSim@@YAXPEAUsim_region@@PEAUgame_state@@@Z 0000000180031608     p5engine.obj
 0003:00006624       $unwind$?CanCollide@@YAHPEAUgame_state@@PEAUsim_entity@@1@Z 0000000180031624     p5engine.obj
 0003:00006638       $unwind$?HandleCollision@@YAHPEAUgame_state@@PEAUsim_entity@@1@Z 0000000180031638     p5engine.obj
 0003:0000664c       $unwind$?CanOverlap@@YAHPEAUgame_state@@PEAUsim_entity@@1@Z 000000018003164c     p5engine.obj
 0003:00006660       $unwind$?HandleOverlap@@YAXPEAUgame_state@@PEAUsim_entity@@1MPEAM@Z 0000000180031660     p5engine.obj
 0003:00006674       $unwind$?SpeculativeCollide@@YAHPEAUsim_entity@@0Tv3@@@Z 0000000180031674     p5engine.obj
 0003:00006688       $unwind$?EntitiesOverlap@@YAHPEAUsim_entity@@0Tv3@@@Z 0000000180031688     p5engine.obj
 0003:0000669c       $unwind$?MoveEntity@@YAXPEAUgame_state@@PEAUsim_region@@PEAUsim_entity@@MPEAUmove_spec@@Tv3@@@Z 000000018003169c     p5engine.obj
 0003:000066b8       $unwind$?DefaultMoveSpec@@YA?AUmove_spec@@XZ 00000001800316b8     p5engine.obj
 0003:000066d4       $unwind$?RandomSeed@@YA?AUrandom_series@@I@Z 00000001800316d4     p5engine.obj
 0003:000066f0       $unwind$?RandomNextUInt32@@YAIPEAUrandom_series@@@Z 00000001800316f0     p5engine.obj
 0003:00006704       $unwind$?RandomChoice@@YAIPEAUrandom_series@@I@Z 0000000180031704     p5engine.obj
 0003:00006718       $unwind$?RandomUnilateral@@YAMPEAUrandom_series@@@Z 0000000180031718     p5engine.obj
 0003:0000672c       $unwind$?GameOutputSound@@YAXPEAUgame_state@@PEAUgame_sound_output_buffer@@H@Z 000000018003172c     p5engine.obj
 0003:00006740       $unwind$?DEBUGLoadBMP@@YA?AUloaded_bitmap@@PEAUthread_context@@P6A?AUdebug_read_file_result@@0PEAD@Z1@Z 0000000180031740     p5engine.obj
 0003:0000675c       $unwind$?AddLowEntity@@YA?AUadd_low_entity_result@@PEAUgame_state@@W4entity_type@@Uworld_position@@@Z 000000018003175c     p5engine.obj
 0003:00006778       $unwind$?AddGroundedEntity@@YA?AUadd_low_entity_result@@PEAUgame_state@@W4entity_type@@Uworld_position@@PEAUsim_entity_collision_volume_group@@@Z 0000000180031778     p5engine.obj
 0003:0000678c       $unwind$?AddStandardRoom@@YA?AUadd_low_entity_result@@PEAUgame_state@@III@Z 000000018003178c     p5engine.obj
 0003:000067a0       $unwind$?AddWall@@YA?AUadd_low_entity_result@@PEAUgame_state@@III@Z 00000001800317a0     p5engine.obj
 0003:000067b4       $unwind$?AddStairs@@YA?AUadd_low_entity_result@@PEAUgame_state@@III@Z 00000001800317b4     p5engine.obj
 0003:000067c8       $unwind$?InitHitPoints@@YAXPEAUlow_entity@@I@Z 00000001800317c8     p5engine.obj
 0003:000067dc       $unwind$?AddSword@@YA?AUadd_low_entity_result@@PEAUgame_state@@@Z 00000001800317dc     p5engine.obj
 0003:000067f0       $unwind$?AddPlayer@@YA?AUadd_low_entity_result@@PEAUgame_state@@@Z 00000001800317f0     p5engine.obj
 0003:00006804       $unwind$?AddMonstar@@YA?AUadd_low_entity_result@@PEAUgame_state@@III@Z 0000000180031804     p5engine.obj
 0003:00006818       $unwind$?AddFamiliar@@YA?AUadd_low_entity_result@@PEAUgame_state@@III@Z 0000000180031818     p5engine.obj
 0003:0000682c       $unwind$?DrawHitpoints@@YAXPEAUsim_entity@@PEAUrender_group@@@Z 000000018003182c     p5engine.obj
 0003:00006848       $unwind$?MakeSimpleGroundedCollision@@YAPEAUsim_entity_collision_volume_group@@PEAUgame_state@@MMM@Z 0000000180031848     p5engine.obj
 0003:0000685c       $unwind$?MakeNullCollision@@YAPEAUsim_entity_collision_volume_group@@PEAUgame_state@@@Z 000000018003185c     p5engine.obj
 0003:00006870       $unwind$?FillGroundChunk@@YAXPEAUtransient_state@@PEAUgame_state@@PEAUground_buffer@@PEAUworld_position@@@Z 0000000180031870     p5engine.obj
 0003:0000688c       $unwind$?ClearBitmap@@YAXPEAUloaded_bitmap@@@Z 000000018003188c     p5engine.obj
 0003:000068a0       $unwind$?MakeEmptyBitmap@@YA?AUloaded_bitmap@@PEAUmemory_arena@@HHH@Z 00000001800318a0     p5engine.obj
 0003:000068bc       $unwind$GameUpdateAndRender 00000001800318bc     p5engine.obj
 0003:000068d8       $unwind$GameGetSoundSamples 00000001800318d8     p5engine.obj
 0003:000068ec       $unwind$_RTC_CheckStackVars 00000001800318ec     MSVCRTD:stack.obj
 0003:00006900       $chain$0$_RTC_CheckStackVars 0000000180031900     MSVCRTD:stack.obj
 0003:00006918       $chain$1$_RTC_CheckStackVars 0000000180031918     MSVCRTD:stack.obj
 0003:0000692c       $unwind$_RTC_CheckStackVars2 000000018003192c     MSVCRTD:stack.obj
 0003:0000693c       $chain$1$_RTC_CheckStackVars2 000000018003193c     MSVCRTD:stack.obj
 0003:00006958       $chain$2$_RTC_CheckStackVars2 0000000180031958     MSVCRTD:stack.obj
 0003:00006970       $chain$3$_RTC_CheckStackVars2 0000000180031970     MSVCRTD:stack.obj
 0003:00006988       $chain$4$_RTC_CheckStackVars2 0000000180031988     MSVCRTD:stack.obj
 0003:0000699c       $chain$5$_RTC_CheckStackVars2 000000018003199c     MSVCRTD:stack.obj
 0003:000069b0       $chain$6$_RTC_CheckStackVars2 00000001800319b0     MSVCRTD:stack.obj
 0003:000069c4       $unwind$_RTC_AllocaHelper  00000001800319c4     MSVCRTD:stack.obj
 0003:000069cc       $chain$0$_RTC_AllocaHelper 00000001800319cc     MSVCRTD:stack.obj
 0003:000069e4       $chain$1$_RTC_AllocaHelper 00000001800319e4     MSVCRTD:stack.obj
 0003:000069f8       $unwind$_RTC_Shutdown      00000001800319f8     MSVCRTD:init.obj
 0003:00006a00       $unwind$_RTC_InitBase      0000000180031a00     MSVCRTD:init.obj
 0003:00006a08       $unwind$__CheckForDebuggerJustMyCode 0000000180031a08     MSVCRTD:debugger_jmc.obj
 0003:00006a10       $unwind$__GSHandlerCheckCommon 0000000180031a10     MSVCRTD:gshandler.obj
 0003:00006a18       $unwind$__GSHandlerCheck   0000000180031a18     MSVCRTD:gshandler.obj
 0003:00006a20       $xdatasym                  0000000180031a20     MSVCRTD:chkstk.obj
 0003:00006a28       $xdatasym                  0000000180031a28     MSVCRTD:amdsecgs.obj
 0003:00006a2c       $unwind$?dllmain_crt_process_attach@@YAHQEAUHINSTANCE__@@QEAX@Z 0000000180031a2c     MSVCRTD:dll_dllmain.obj
 0003:00006a50       $unwind$?fin$0@?0??dllmain_crt_process_attach@@YAHQEAUHINSTANCE__@@QEAX@Z@4HA 0000000180031a50     MSVCRTD:dll_dllmain.obj
 0003:00006a58       $unwind$?dllmain_crt_process_detach@@YAH_N@Z 0000000180031a58     MSVCRTD:dll_dllmain.obj
 0003:00006a8c       $unwind$?fin$0@?0??dllmain_crt_process_detach@@YAH_N@Z@4HA 0000000180031a8c     MSVCRTD:dll_dllmain.obj
 0003:00006a94       $unwind$?fin$1@?0??dllmain_crt_process_detach@@YAH_N@Z@4HA 0000000180031a94     MSVCRTD:dll_dllmain.obj
 0003:00006a9c       $unwind$?dllmain_crt_dispatch@@YAHQEAUHINSTANCE__@@KQEAX@Z 0000000180031a9c     MSVCRTD:dll_dllmain.obj
 0003:00006aa4       $unwind$_CRT_INIT          0000000180031aa4     MSVCRTD:dll_dllmain.obj
 0003:00006aac       $unwind$?dllmain_raw@@YAHQEAUHINSTANCE__@@KQEAX@Z 0000000180031aac     MSVCRTD:dll_dllmain.obj
 0003:00006ab4       $unwind$?dllmain_dispatch@@YAHQEAUHINSTANCE__@@KQEAX@Z 0000000180031ab4     MSVCRTD:dll_dllmain.obj
 0003:00006ad8       $unwind$?filt$0@?0??dllmain_dispatch@@YAHQEAUHINSTANCE__@@KQEAX@Z@4HA 0000000180031ad8     MSVCRTD:dll_dllmain.obj
 0003:00006ae0       $unwind$_DllMainCRTStartup 0000000180031ae0     MSVCRTD:dll_dllmain.obj
 0003:00006ae8       $unwind$_RTC_UninitUse     0000000180031ae8     MSVCRTD:error.obj
 0003:00006b04       $unwind$?_RTC_StackFailure@@YAXPEAXPEBD@Z 0000000180031b04     MSVCRTD:error.obj
 0003:00006b24       $unwind$?_RTC_AllocaFailure@@YAXPEAXPEAU_RTC_ALLOCA_NODE@@H@Z 0000000180031b24     MSVCRTD:error.obj
 0003:00006b40       $chain$0$?_RTC_AllocaFailure@@YAXPEAXPEAU_RTC_ALLOCA_NODE@@H@Z 0000000180031b40     MSVCRTD:error.obj
 0003:00006b58       $chain$1$?_RTC_AllocaFailure@@YAXPEAXPEAU_RTC_ALLOCA_NODE@@H@Z 0000000180031b58     MSVCRTD:error.obj
 0003:00006b6c       $unwind$_vsprintf_s_l      0000000180031b6c     MSVCRTD:error.obj
 0003:00006b84       $unwind$sprintf_s          0000000180031b84     MSVCRTD:error.obj
 0003:00006b8c       $unwind$?notify_debugger@@YAXAEBUtagEXCEPTION_VISUALCPP_DEBUG_INFO@@@Z 0000000180031b8c     MSVCRTD:error.obj
 0003:00006bb0       $unwind$?filt$0@?0??notify_debugger@@YAXAEBUtagEXCEPTION_VISUALCPP_DEBUG_INFO@@@Z@4HA 0000000180031bb0     MSVCRTD:error.obj
 0003:00006bb8       $unwind$?DebuggerProbe@@YA_NK@Z 0000000180031bb8     MSVCRTD:error.obj
 0003:00006bc0       $unwind$?DebuggerRuntime@@YA_NKHPEAXPEB_W@Z 0000000180031bc0     MSVCRTD:error.obj
 0003:00006bc8       $unwind$?failwithmessage@@YAXPEAXHHPEBD@Z 0000000180031bc8     MSVCRTD:error.obj
 0003:00006bf0       $unwind$?_getMemBlockDataString@@YAXPEAD0PEBD_K@Z 0000000180031bf0     MSVCRTD:error.obj
 0003:00006c04       $chain$3$?_getMemBlockDataString@@YAXPEAD0PEBD_K@Z 0000000180031c04     MSVCRTD:error.obj
 0003:00006c28       $chain$4$?_getMemBlockDataString@@YAXPEAD0PEBD_K@Z 0000000180031c28     MSVCRTD:error.obj
 0003:00006c3c       $unwind$__report_securityfailure 0000000180031c3c     MSVCRTD:gs_report.obj
 0003:00006c44       $unwind$__report_securityfailureEx 0000000180031c44     MSVCRTD:gs_report.obj
 0003:00006c4c       $unwind$__report_rangecheckfailure 0000000180031c4c     MSVCRTD:gs_report.obj
 0003:00006c54       $unwind$__report_gsfailure 0000000180031c54     MSVCRTD:gs_report.obj
 0003:00006c5c       $unwind$capture_current_context 0000000180031c5c     MSVCRTD:gs_report.obj
 0003:00006c64       $unwind$capture_previous_context 0000000180031c64     MSVCRTD:gs_report.obj
 0003:00006c6c       $unwind$__raise_securityfailure 0000000180031c6c     MSVCRTD:gs_report.obj
 0003:00006c74       $unwind$__security_init_cookie 0000000180031c74     MSVCRTD:gs_support.obj
 0003:00006c7c       $unwind$__get_entropy      0000000180031c7c     MSVCRTD:gs_support.obj
 0003:00006c84       $unwind$DllMain            0000000180031c84     MSVCRTD:dll_dllmain_stub.obj
 0003:00006c8c       $unwind$?__scrt_initialize_type_info@@YAXXZ 0000000180031c8c     MSVCRTD:tncleanup.obj
 0003:00006c94       $unwind$?__scrt_uninitialize_type_info@@YAXXZ 0000000180031c94     MSVCRTD:tncleanup.obj
 0003:00006c9c       $unwind$__scrt_initialize_default_local_stdio_options 0000000180031c9c     MSVCRTD:default_local_stdio_options.obj
 0003:00006ca4       $unwind$atexit             0000000180031ca4     MSVCRTD:utility.obj
 0003:00006cac       $unwind$_onexit            0000000180031cac     MSVCRTD:utility.obj
 0003:00006cb4       $unwind$at_quick_exit      0000000180031cb4     MSVCRTD:utility.obj
 0003:00006cbc       $unwind$__scrt_is_nonwritable_in_current_image 0000000180031cbc     MSVCRTD:utility.obj
 0003:00006ce0       $unwind$__scrt_is_nonwritable_in_current_image$filt$0 0000000180031ce0     MSVCRTD:utility.obj
 0003:00006ce8       $unwind$__scrt_acquire_startup_lock 0000000180031ce8     MSVCRTD:utility.obj
 0003:00006cf0       $unwind$__scrt_release_startup_lock 0000000180031cf0     MSVCRTD:utility.obj
 0003:00006cf8       $unwind$__scrt_initialize_crt 0000000180031cf8     MSVCRTD:utility.obj
 0003:00006d00       $unwind$__scrt_uninitialize_crt 0000000180031d00     MSVCRTD:utility.obj
 0003:00006d08       $unwind$__scrt_initialize_onexit_tables 0000000180031d08     MSVCRTD:utility.obj
 0003:00006d18       $unwind$__scrt_dllmain_exception_filter 0000000180031d18     MSVCRTD:utility.obj
 0003:00006d20       $unwind$__scrt_dllmain_before_initialize_c 0000000180031d20     MSVCRTD:utility.obj
 0003:00006d28       $unwind$__scrt_dllmain_after_initialize_c 0000000180031d28     MSVCRTD:utility.obj
 0003:00006d30       $unwind$__scrt_dllmain_uninitialize_c 0000000180031d30     MSVCRTD:utility.obj
 0003:00006d38       $unwind$__scrt_dllmain_uninitialize_critical 0000000180031d38     MSVCRTD:utility.obj
 0003:00006d40       $unwind$__scrt_dllmain_crt_thread_attach 0000000180031d40     MSVCRTD:utility.obj
 0003:00006d48       $unwind$__scrt_dllmain_crt_thread_detach 0000000180031d48     MSVCRTD:utility.obj
 0003:00006d50       $unwind$?configure_argv@__scrt_narrow_argv_policy@@SAHXZ 0000000180031d50     MSVCRTD:utility.obj
 0003:00006d58       $unwind$?initialize_environment@__scrt_narrow_environment_policy@@SAHXZ 0000000180031d58     MSVCRTD:utility.obj
 0003:00006d60       $unwind$?is_potentially_valid_image_base@@YA_NQEAX@Z 0000000180031d60     MSVCRTD:utility.obj
 0003:00006d68       $unwind$?find_pe_section@@YAPEAU_IMAGE_SECTION_HEADER@@QEAE_K@Z 0000000180031d68     MSVCRTD:utility.obj
 0003:00006d70       $unwind$__scrt_get_show_window_mode 0000000180031d70     MSVCRTD:utility_desktop.obj
 0003:00006d80       $unwind$__scrt_is_managed_app 0000000180031d80     MSVCRTD:utility_desktop.obj
 0003:00006d88       $unwind$__scrt_initialize_mta 0000000180031d88     MSVCRTD:utility_desktop.obj
 0003:00006d90       $unwind$__scrt_set_unhandled_exception_filter 0000000180031d90     MSVCRTD:utility_desktop.obj
 0003:00006d98       $unwind$__scrt_fastfail    0000000180031d98     MSVCRTD:utility_desktop.obj
 0003:00006da8       $unwind$__scrt_unhandled_exception_filter 0000000180031da8     MSVCRTD:utility_desktop.obj
 0003:00006db0       $unwind$_RTC_Initialize    0000000180031db0     MSVCRTD:initsect.obj
 0003:00006dc0       $unwind$_RTC_Terminate     0000000180031dc0     MSVCRTD:initsect.obj
 0003:00006dd0       $unwind$ReadNoFence64      0000000180031dd0     MSVCRTD:guard_support.obj
 0003:00006dd8       $unwind$ReadPointerNoFence 0000000180031dd8     MSVCRTD:guard_support.obj
 0003:00006de0       $unwind$_guard_icall_checks_enforced 0000000180031de0     MSVCRTD:guard_support.obj
 0003:00006de8       $unwind$__castguard_compat_check 0000000180031de8     MSVCRTD:guard_support.obj
 0003:00006df0       $unwind$__castguard_check_failure_debugbreak 0000000180031df0     MSVCRTD:guard_support.obj
 0003:00006df8       $unwind$__castguard_check_failure_fastfail 0000000180031df8     MSVCRTD:guard_support.obj
 0003:00006e00       $unwind$__castguard_check_failure_os_handled 0000000180031e00     MSVCRTD:guard_support.obj
 0003:00006e08       $unwind$__castguard_slow_path_compat_check 0000000180031e08     MSVCRTD:guard_support.obj
 0003:00006e10       $unwind$__castguard_slow_path_check_debugbreak 0000000180031e10     MSVCRTD:guard_support.obj
 0003:00006e18       $unwind$__castguard_slow_path_check_fastfail 0000000180031e18     MSVCRTD:guard_support.obj
 0003:00006e20       $unwind$__castguard_slow_path_check_os_handled 0000000180031e20     MSVCRTD:guard_support.obj
 0003:00006e28       $unwind$?_RTC_GetSrcLine@@YAHPEAEPEA_WKPEAH1K@Z 0000000180031e28     MSVCRTD:pdblkup.obj
 0003:00006e44       $unwind$?GetPdbDllFromInstallPath@@YAPEAUHINSTANCE__@@XZ 0000000180031e44     MSVCRTD:pdblkup.obj
 0003:00006e6c       $unwind$?GetPdbDllPathFromFilePath@@YAHPEB_WPEA_W_K@Z 0000000180031e6c     MSVCRTD:pdblkup.obj
 0003:00006e88       $unwind$?GetPdbDll@@YAPEAUHINSTANCE__@@XZ 0000000180031e88     MSVCRTD:pdblkup.obj
 0003:00006e9c       $unwind$__isa_available_init 0000000180031e9c     MSVCRTD:cpu_disp.obj
 0003:00006eb0       $unwind$__scrt_is_ucrt_dll_in_use 0000000180031eb0     MSVCRTD:ucrt_detection.obj
 0003:00006eb8       $xdatasym                  0000000180031eb8     MSVCRTD:guard_dispatch.obj
 0003:00006ec0       $xdatasym                  0000000180031ec0     MSVCRTD:guard_xfg_dispatch.obj
 0003:00007180       .edata                     0000000180032180     P5Engine.exp
 0003:000071a8       rgpv                       00000001800321a8     P5Engine.exp
 0003:000071b0       rgszName                   00000001800321b0     P5Engine.exp
 0003:000071b8       rgwOrd                     00000001800321b8     P5Engine.exp
 0003:000071bc       szName                     00000001800321bc     P5Engine.exp
 0003:000071c9       $N00001                    00000001800321c9     P5Engine.exp
 0003:000071dd       $N00002                    00000001800321dd     P5Engine.exp
 0004:00000000       ?RandomNumberTable@@3PAIA  0000000180033000     p5engine.obj
 0004:00004e40       ?init@?1??_RTC_InitBase@@9@4_NA 0000000180037e40     MSVCRTD:init.obj
 0004:00004e44       ?__proc_attached@@3HA      0000000180037e44     MSVCRTD:dll_dllmain.obj
 0004:00004e58       ?_RTC_ErrorReportFunc@@3P6AHHPEBDH00ZZEA 0000000180037e58     MSVCRTD:userapi.obj
 0004:00004e60       ?_RTC_ErrorReportFuncW@@3P6AHHPEB_WH00ZZEA 0000000180037e60     MSVCRTD:userapi.obj
 0004:00004e70       GS_ExceptionRecord         0000000180037e70     MSVCRTD:gs_report.obj
 0004:00004f10       GS_ContextRecord           0000000180037f10     MSVCRTD:gs_report.obj
 0004:00005538       ?is_initialized_as_dll@@3_NA 0000000180038538     MSVCRTD:utility.obj
 0004:00005539       ?module_local_atexit_table_initialized@@3_NA 0000000180038539     MSVCRTD:utility.obj
 0004:00005540       ?module_local_atexit_table@@3U_onexit_table_t@@A 0000000180038540     MSVCRTD:utility.obj
 0004:00005558       ?module_local_at_quick_exit_table@@3U_onexit_table_t@@A 0000000180038558     MSVCRTD:utility.obj
 0004:00005598       ?mspdb@@3PEAUHINSTANCE__@@EA 0000000180038598     MSVCRTD:pdblkup.obj
 0004:000055a1       ?alreadyTried@?1??GetPdbDll@@YAPEAUHINSTANCE__@@XZ@4_NA 00000001800385a1     MSVCRTD:pdblkup.obj
 0004:000055a2       ?PDBOK@?1??_RTC_GetSrcLine@@YAHPEAEPEA_WKPEAH1K@Z@4_NA 00000001800385a2     MSVCRTD:pdblkup.obj
 0006:000007aa       .idata$6                   000000018003c7aa     vcruntimed:VCRUNTIME140D.dll
 0006:0000095a       .idata$6                   000000018003c95a     ucrtd:ucrtbased.dll
 0006:00000b9c       .idata$6                   000000018003cb9c     kernel32:KERNEL32.dll
 0007:00000000       __5C0B09BC_p5engine_platform@h 000000018003d000     p5engine.obj
 0007:00000001       __09340588_corecrt_math@h  000000018003d001     p5engine.obj
 0007:00000002       __B0C4CEA9_malloc@h        000000018003d002     p5engine.obj
 0007:00000003       __3A0418DB_p5engine_intrinsics@h 000000018003d003     p5engine.obj
 0007:00000004       __6D6C9F34_p5engine_math@h 000000018003d004     p5engine.obj
 0007:00000005       __326D9465_p5engine_entity@h 000000018003d005     p5engine.obj
 0007:00000006       __B7D51BCB_p5engine@h      000000018003d006     p5engine.obj
 0007:00000007       __ECDA994C_p5engine_render_group@cpp 000000018003d007     p5engine.obj
 0007:00000008       __DC0D61CC_p5engine_world@cpp 000000018003d008     p5engine.obj
 0007:00000009       __5DD8E4E4_p5engine_sim_region@cpp 000000018003d009     p5engine.obj
 0007:0000000a       __9C871DF9_p5engine_entity@cpp 000000018003d00a     p5engine.obj
 0007:0000000b       __74B1E2C0_p5engine_random@h 000000018003d00b     p5engine.obj
 0007:0000000c       __D1049797_p5engine@cpp    000000018003d00c     p5engine.obj
 0009:00000170       $R000000                   000000018003f170     * linker generated manifest res *
