 P5Engine

 Timestamp is 64d95b27 (Sun Aug 13 17:37:27 2023)

 Preferred load address is 0000000180000000

 Start         Length     Name                   Class
 0001:00000000 00016590H .text$mn                CODE
 0001:00016590 00000040H .text$mn$00             CODE
 0001:000165d0 0000043dH .text$x                 CODE
 0002:00000000 00000110H .idata$5                DATA
 0002:00000110 00000028H .00cfg                  DATA
 0002:00000138 00000008H .CRT$XCA                DATA
 0002:00000140 00000008H .CRT$XCZ                DATA
 0002:00000148 00000008H .CRT$XIA                DATA
 0002:00000150 00000008H .CRT$XIZ                DATA
 0002:00000158 00000008H .CRT$XPA                DATA
 0002:00000160 00000008H .CRT$XPZ                DATA
 0002:00000168 00000008H .CRT$XTA                DATA
 0002:00000170 00000010H .CRT$XTZ                DATA
 0002:00000178 00000000H .gehcont$y              DATA
 0002:00000178 00000000H .gfids$y                DATA
 0002:00000180 00001200H .rdata                  DATA
 0002:00001380 00000000H .rdata$CastGuardVftablesA DATA
 0002:00001380 00000000H .rdata$CastGuardVftablesC DATA
 0002:00001380 00000230H .rdata$voltmd           DATA
 0002:000015b0 000002d8H .rdata$zzzdbg           DATA
 0002:00001888 00000008H .rtc$IAA                DATA
 0002:00001890 00000008H .rtc$IZZ                DATA
 0002:00001898 00000008H .rtc$TAA                DATA
 0002:000018a0 00000008H .rtc$TZZ                DATA
 0002:000018a8 00000d68H .xdata                  DATA
 0002:00002610 00000090H .edata                  DATA
 0002:000026a0 00000050H .idata$2                DATA
 0002:000026f0 00000018H .idata$3                DATA
 0002:00002708 00000110H .idata$4                DATA
 0002:00002818 000002beH .idata$6                DATA
 0003:00000000 00004060H .data                   DATA
 0003:00004060 404807acH .bss                    DATA
 0004:00000000 00000d80H .pdata                  DATA
 0005:00000000 00000020H .msvcjmc                DATA
 0006:00000000 00000060H .rsrc$01                DATA
 0006:00000060 00000098H .rsrc$02                DATA

  Address         Publics by Value              Rva+Base               Lib:Object

 0000:00000000       __arm64x_redirection_metadata 0000000000000000     <absolute>
 0000:00000000       __hybrid_code_map          0000000000000000     <absolute>
 0000:00000000       __AbsoluteZero             0000000000000000     <absolute>
 0000:00000000       __x64_code_ranges_to_entry_points 0000000000000000     <absolute>
 0000:00000000       __guard_fids_count         0000000000000000     <absolute>
 0000:00000000       __guard_longjmp_count      0000000000000000     <absolute>
 0000:00000000       __guard_check_icall_a64n_fptr 0000000000000000     <absolute>
 0000:00000000       __guard_iat_table          0000000000000000     <absolute>
 0000:00000000       __dynamic_value_reloc_table 0000000000000000     <absolute>
 0000:00000000       __arm64x_extra_rfe_table   0000000000000000     <absolute>
 0000:00000000       __hybrid_code_map_count    0000000000000000     <absolute>
 0000:00000000       __guard_fids_table         0000000000000000     <absolute>
 0000:00000000       __guard_longjmp_table      0000000000000000     <absolute>
 0000:00000000       __x64_code_ranges_to_entry_points_count 0000000000000000     <absolute>
 0000:00000000       __guard_eh_cont_count      0000000000000000     <absolute>
 0000:00000000       __guard_iat_count          0000000000000000     <absolute>
 0000:00000000       ___safe_se_handler_count   0000000000000000     <absolute>
 0000:00000000       __arm64x_extra_rfe_table_size 0000000000000000     <absolute>
 0000:00000000       __hybrid_auxiliary_iat_copy 0000000000000000     <absolute>
 0000:00000000       __arm64x_redirection_metadata_count 0000000000000000     <absolute>
 0000:00000000       __enclave_config           0000000000000000     <absolute>
 0000:00000000       ___safe_se_handler_table   0000000000000000     <absolute>
 0000:00000000       __arm64x_native_entrypoint 0000000000000000     <absolute>
 0000:00000000       __guard_eh_cont_table      0000000000000000     <absolute>
 0000:00000000       __hybrid_auxiliary_iat     0000000000000000     <absolute>
 0000:00000100       __guard_flags              0000000000000100     <absolute>
 0000:00000000       __ImageBase                0000000180000000     <linker-defined>
 0001:0000aaa0       GameUpdateAndRender        000000018000baa0 f   p5engine.obj
 0001:0000e640       GameGetSoundSamples        000000018000f640 f   p5engine.obj
 0001:0000e8c0       GameDEBUGFrameEnd          000000018000f8c0 f   p5engine.obj
 0001:0000ead0       ??0timed_block@@QEAA@HPEADH0H@Z 000000018000fad0 f i p5engine.obj
 0001:0000eb70       ??1timed_block@@QEAA@XZ    000000018000fb70 f i p5engine.obj
 0001:0000eba0       ??D@YA?ATv2@@MT0@@Z        000000018000fba0 f i p5engine.obj
 0001:0000ec20       ??D@YA?ATv3@@MT0@@Z        000000018000fc20 f i p5engine.obj
 0001:0000ecd0       ??D@YA?ATv3@@T0@M@Z        000000018000fcd0 f i p5engine.obj
 0001:0000ed50       ??D@YA?ATv4@@MT0@@Z        000000018000fd50 f i p5engine.obj
 0001:0000ee20       ??G@YA?ATv2@@T0@0@Z        000000018000fe20 f i p5engine.obj
 0001:0000eea0       ??G@YA?ATv3@@T0@0@Z        000000018000fea0 f i p5engine.obj
 0001:0000ef60       ??G@YA?ATv3@@T0@@Z         000000018000ff60 f i p5engine.obj
 0001:0000f010       ??H@YA?ATv2@@T0@0@Z        0000000180010010 f i p5engine.obj
 0001:0000f090       ??H@YA?ATv3@@T0@0@Z        0000000180010090 f i p5engine.obj
 0001:0000f150       ??X@YAAEATv3@@AEAT0@M@Z    0000000180010150 f i p5engine.obj
 0001:0000f1d0       ??Y@YAAEATv2@@AEAT0@T0@@Z  00000001800101d0 f i p5engine.obj
 0001:0000f220       ??Y@YAAEATv3@@AEAT0@T0@@Z  0000000180010220 f i p5engine.obj
 0001:0000f2c0       ??Z@YAAEATv3@@AEAT0@T0@@Z  00000001800102c0 f i p5engine.obj
 0001:0000f360       ?ATan2@@YAMMM@Z            0000000180010360 f i p5engine.obj
 0001:0000f3b0       ?AbsoluteValue@@YAMM@Z     00000001800103b0 f i p5engine.obj
 0001:0000f3f0       ?AddFlags@@YAXPEAUsim_entity@@I@Z 00000001800103f0 f i p5engine.obj
 0001:0000f430       ?AddRadiusTo@@YA?AUrectangle3@@U1@Tv3@@@Z 0000000180010430 f i p5engine.obj
 0001:0000f5a0       ?AllResourcesPresent@@YAHPEAUrender_group@@@Z 00000001800105a0 f i p5engine.obj
 0001:0000f5f0       ?AreInSameChunk@@YAHPEAUworld@@PEAUworld_position@@1@Z 00000001800105f0 f i p5engine.obj
 0001:0000f6f0       ?BeginAssetLock@@YAXPEAUgame_assets@@@Z 00000001800106f0 f i p5engine.obj
 0001:0000f730       ?BeginGeneration@@YAIPEAUgame_assets@@@Z 0000000180010730 f i p5engine.obj
 0001:0000f7e0       ?BeginTemporaryMemory@@YA?AUtemporary_memory@@PEAUmemory_arena@@@Z 00000001800107e0 f i p5engine.obj
 0001:0000f880       ?CenteredChunkPoint@@YA?AUworld_position@@III@Z 0000000180010880 f i p5engine.obj
 0001:0000f910       ?ChangeEntityLocationRaw@@YAXPEAUmemory_arena@@PEAUworld@@IPEAUworld_position@@2@Z 0000000180010910 f i p5engine.obj
 0001:0000fd70       ?CheckArena@@YAXPEAUmemory_arena@@@Z 0000000180010d70 f i p5engine.obj
 0001:0000fda0       ?ChunkPositionFromTilePosition@@YA?AUworld_position@@PEAUworld@@HHHTv3@@@Z 0000000180010da0 f i p5engine.obj
 0001:00010040       ?Clamp01@@YA?ATv2@@T1@@Z   0000000180011040 f i p5engine.obj
 0001:000100b0       ?Clamp01@@YAMM@Z           00000001800110b0 f i p5engine.obj
 0001:000100f0       ?Clamp01MapToRange@@YAMMMM@Z 00000001800110f0 f i p5engine.obj
 0001:00010170       ?Clamp@@YAMMMM@Z           0000000180011170 f i p5engine.obj
 0001:000101e0       ?Clear@@YAXPEAUrender_group@@Tv4@@@Z 00000001800111e0 f i p5engine.obj
 0001:00010240       ?ClearFlags@@YAXPEAUsim_entity@@I@Z 0000000180011240 f i p5engine.obj
 0001:00010280       ?DefaultMoveSpec@@YA?AUmove_spec@@XZ 0000000180011280 f i p5engine.obj
 0001:00010320       ?EndAssetLock@@YAXPEAUgame_assets@@@Z 0000000180011320 f i p5engine.obj
 0001:00010350       ?EndGeneration@@YAXPEAUgame_assets@@I@Z 0000000180011350 f i p5engine.obj
 0001:00010410       ?EndTemporaryMemory@@YAXUtemporary_memory@@@Z 0000000180011410 f i p5engine.obj
 0001:00010490       ?EntityOverlapsRectangle@@YAHTv3@@Usim_entity_collision_volume@@Urectangle3@@@Z 0000000180011490 f i p5engine.obj
 0001:00010620       ?GetAlignmentOffset@@YA_KPEAUmemory_arena@@_K@Z 0000000180011620 f i p5engine.obj
 0001:000106b0       ?GetArenaSizeRemaining@@YA_KPEAUmemory_arena@@_K@Z 00000001800116b0 f i p5engine.obj
 0001:00010710       ?GetAsset@@YAPEAUasset_memory_header@@PEAUgame_assets@@II@Z 0000000180011710 f i p5engine.obj
 0001:000107e0       ?GetBarycentric@@YA?ATv2@@Urectangle2@@T1@@Z 00000001800117e0 f i p5engine.obj
 0001:00010890       ?GetFont@@YAPEAUloaded_font@@PEAUgame_assets@@Ufont_id@@I@Z 0000000180011890 f i p5engine.obj
 0001:00010890       ?GetSound@@YAPEAUloaded_sound@@PEAUgame_assets@@Usound_id@@I@Z 0000000180011890 f i p5engine.obj
 0001:00010890       ?GetBitmap@@YAPEAUloaded_bitmap@@PEAUgame_assets@@Ubitmap_id@@I@Z 0000000180011890 f i p5engine.obj
 0001:00010900       ?GetCameraRectangleAtDistance@@YA?AUrectangle2@@PEAUrender_group@@M@Z 0000000180011900 f i p5engine.obj
 0001:000109a0       ?GetCameraRectangleAtTarget@@YA?AUrectangle2@@PEAUrender_group@@@Z 00000001800119a0 f i p5engine.obj
 0001:00010a10       ?GetDim@@YA?ATv2@@Urectangle2@@@Z 0000000180011a10 f i p5engine.obj
 0001:00010a50       ?GetDim@@YA?ATv3@@Urectangle3@@@Z 0000000180011a50 f i p5engine.obj
 0001:00010af0       ?GetEntityGroundPoint@@YA?ATv3@@PEAUsim_entity@@@Z 0000000180011af0 f i p5engine.obj
 0001:00010b70       ?GetEntityGroundPoint@@YA?ATv3@@PEAUsim_entity@@T1@@Z 0000000180011b70 f i p5engine.obj
 0001:00010bd0       ?GetFile@@YAPEAUasset_file@@PEAUgame_assets@@I@Z 0000000180011bd0 f i p5engine.obj
 0001:00010c30       ?GetFileHandleFor@@YAPEAUplatform_file_handle@@PEAUgame_assets@@I@Z 0000000180011c30 f i p5engine.obj
 0001:00010c90       ?GetSoundInfo@@YAPEAUp5a_sound@@PEAUgame_assets@@Usound_id@@@Z 0000000180011c90 f i p5engine.obj
 0001:00010c90       ?GetFontInfo@@YAPEAUp5a_font@@PEAUgame_assets@@Ufont_id@@@Z 0000000180011c90 f i p5engine.obj
 0001:00010cf0       ?GetLaneFromThreadIndex@@YAIPEAUdebug_state@@I@Z 0000000180011cf0 f i p5engine.obj
 0001:00010d20       ?GetLowEntity@@YAPEAUlow_entity@@PEAUgame_state@@I@Z 0000000180011d20 f i p5engine.obj
 0001:00010d90       ?GetMaxCorner@@YA?ATv3@@Urectangle3@@@Z 0000000180011d90 f i p5engine.obj
 0001:00010df0       ?GetMinCorner@@YA?ATv3@@Urectangle3@@@Z 0000000180011df0 f i p5engine.obj
 0001:00010e40       ?GetNextSoundInChain@@YA?AUsound_id@@PEAUgame_assets@@U1@@Z 0000000180011e40 f i p5engine.obj
 0001:00010f00       ?GetRenderEntityBasisPos@@YA?AUentity_basis_p_result@@PEAUrender_transform@@Tv3@@@Z 0000000180011f00 f i p5engine.obj
 0001:00011210       ?GetSimSpacePos@@YA?ATv3@@PEAUsim_region@@PEAUlow_entity@@@Z 0000000180012210 f i p5engine.obj
 0001:00011300       ?GetStairGround@@YAMPEAUsim_entity@@Tv3@@@Z 0000000180012300 f i p5engine.obj
 0001:000113f0       ?GetWorldChunk@@YAPEAUworld_chunk@@PEAUworld@@HHHPEAUmemory_arena@@@Z 00000001800123f0 f i p5engine.obj
 0001:00011660       ?Hadamard@@YA?ATv2@@T1@0@Z 0000000180012660 f i p5engine.obj
 0001:000116c0       ?Hadamard@@YA?ATv3@@T1@0@Z 00000001800126c0 f i p5engine.obj
 0001:00011780       ?HasFlag@@YAHPEAUsim_entity@@I@Z 0000000180012780 f i p5engine.obj
 0001:000117c0       ?InitializeArena@@YAXPEAUmemory_arena@@_KPEAX@Z 00000001800127c0 f i p5engine.obj
 0001:00011820       ?Inner@@YAMTv2@@0@Z        0000000180012820 f i p5engine.obj
 0001:00011870       ?Inner@@YAMTv3@@0@Z        0000000180012870 f i p5engine.obj
 0001:000118e0       ?InsertAssetHeaderAtFront@@YAXPEAUgame_assets@@PEAUasset_memory_header@@@Z 00000001800128e0 f i p5engine.obj
 0001:00011950       ?Intersect@@YA?AUrectangle2i@@U1@0@Z 0000000180012950 f i p5engine.obj
 0001:00011a60       ?IsCanonical@@YAHMM@Z      0000000180012a60 f i p5engine.obj
 0001:00011b00       ?IsCanonical@@YAHPEAUworld@@Tv3@@@Z 0000000180012b00 f i p5engine.obj
 0001:00011ba0       ?IsInRectangle@@YAHUrectangle3@@Tv3@@@Z 0000000180012ba0 f i p5engine.obj
 0001:00011c60       ?IsValid@@YAHUsound_id@@@Z 0000000180012c60 f i p5engine.obj
 0001:00011ca0       ?IsValid@@YAHUworld_position@@@Z 0000000180012ca0 f i p5engine.obj
 0001:00011cf0       ?Length@@YAMTv3@@@Z        0000000180012cf0 f i p5engine.obj
 0001:00011d40       ?LengthSq@@YAMTv2@@@Z      0000000180012d40 f i p5engine.obj
 0001:00011d80       ?LengthSq@@YAMTv3@@@Z      0000000180012d80 f i p5engine.obj
 0001:00011df0       ?LoadEntityReference@@YAXPEAUgame_state@@PEAUsim_region@@PEATentity_reference@@@Z 0000000180012df0 f i p5engine.obj
 0001:00011f20       ?MakeEntityNonSpatial@@YAXPEAUsim_entity@@@Z 0000000180012f20 f i p5engine.obj
 0001:00011fa0       ?MakeEntitySpatial@@YAXPEAUsim_entity@@Tv3@@1@Z 0000000180012fa0 f i p5engine.obj
 0001:00012010       ?MapIntoChunkSpace@@YA?AUworld_position@@PEAUworld@@U1@Tv3@@@Z 0000000180013010 f i p5engine.obj
 0001:00012100       ?NullPosition@@YA?AUworld_position@@XZ 0000000180013100 f i p5engine.obj
 0001:00012170       ?Orthographic@@YAXPEAUrender_group@@HHM@Z 0000000180013170 f i p5engine.obj
 0001:00012270       ?Perspective@@YAXPEAUrender_group@@HHMMM@Z 0000000180013270 f i p5engine.obj
 0001:00012360       ?PrefetchSound@@YAXPEAUgame_assets@@Usound_id@@@Z 0000000180013360 f i p5engine.obj
 0001:00012390       ?PushBitmap@@YAXPEAUrender_group@@PEAUloaded_bitmap@@Tv3@@MTv4@@@Z 0000000180013390 f i p5engine.obj
 0001:000125c0       ?PushBitmap@@YAXPEAUrender_group@@Ubitmap_id@@Tv3@@MTv4@@@Z 00000001800135c0 f i p5engine.obj
 0001:00012720       ?PushFont@@YAPEAUloaded_font@@PEAUrender_group@@Ufont_id@@@Z 0000000180013720 f i p5engine.obj
 0001:000127b0       ?PushRect@@YAXPEAUrender_group@@Tv3@@Tv2@@Tv4@@@Z 00000001800137b0 f i p5engine.obj
 0001:00012950       ?PushRectOutline@@YAXPEAUrender_group@@Tv3@@Tv2@@Tv4@@@Z 0000000180013950 f i p5engine.obj
 0001:00012de0       ?PushRenderElement_@@YAPEAXPEAUrender_group@@IW4render_group_entry_type@@@Z 0000000180013de0 f i p5engine.obj
 0001:00012f10       ?PushSize_@@YAPEAXPEAUmemory_arena@@_K1@Z 0000000180013f10 f i p5engine.obj
 0001:00012fe0       ?RandomBilateral@@YAMPEAUrandom_series@@@Z 0000000180013fe0 f i p5engine.obj
 0001:00013030       ?RandomChoice@@YAIPEAUrandom_series@@I@Z 0000000180014030 f i p5engine.obj
 0001:00013070       ?RandomNextUInt32@@YAIPEAUrandom_series@@@Z 0000000180014070 f i p5engine.obj
 0001:000130e0       ?RandomSeed@@YA?AUrandom_series@@I@Z 00000001800140e0 f i p5engine.obj
 0001:00013150       ?RandomUnilateral@@YAMPEAUrandom_series@@@Z 0000000180014150 f i p5engine.obj
 0001:000131b0       ?RecanonicalizeCoord@@YAXMPEAHPEAM@Z 00000001800141b0 f i p5engine.obj
 0001:00013250       ?RectCenterDim@@YA?AUrectangle2@@Tv2@@0@Z 0000000180014250 f i p5engine.obj
 0001:000132e0       ?RectCenterDim@@YA?AUrectangle3@@Tv3@@0@Z 00000001800142e0 f i p5engine.obj
 0001:000133d0       ?RectCenterHalfDim@@YA?AUrectangle2@@Tv2@@0@Z 00000001800143d0 f i p5engine.obj
 0001:00013480       ?RectCenterHalfDim@@YA?AUrectangle3@@Tv3@@0@Z 0000000180014480 f i p5engine.obj
 0001:000135f0       ?RectMinMax@@YA?AUrectangle3@@Tv3@@0@Z 00000001800145f0 f i p5engine.obj
 0001:00013690       ?RectanglesIntersect@@YAHUrectangle3@@0@Z 0000000180014690 f i p5engine.obj
 0001:00013750       ?RoundReal32ToInt32@@YAHM@Z 0000000180014750 f i p5engine.obj
 0001:00013790       ?RoundReal32ToUInt32@@YAIM@Z 0000000180014790 f i p5engine.obj
 0001:000137d0       ?SafeRatio1@@YAMMM@Z       00000001800147d0 f i p5engine.obj
 0001:00013820       ?SafeRatioN@@YAMMMM@Z      0000000180014820 f i p5engine.obj
 0001:00013880       ?SignOf@@YAMM@Z            0000000180014880 f i p5engine.obj
 0001:000138e0       ?Sin@@YAMM@Z               00000001800148e0 f i p5engine.obj
 0001:00013920       ?Square@@YAMM@Z            0000000180014920 f i p5engine.obj
 0001:00013960       ?SquareRoot@@YAMM@Z        0000000180014960 f i p5engine.obj
 0001:000139a0       ?StoreEntityReference@@YAXPEATentity_reference@@@Z 00000001800149a0 f i p5engine.obj
 0001:000139e0       ?SubArena@@YAXPEAUmemory_arena@@0_K1@Z 00000001800149e0 f i p5engine.obj
 0001:00013a50       ?ToV3@@YA?ATv3@@Tv2@@M@Z   0000000180014a50 f i p5engine.obj
 0001:00013ae0       ?ToV4@@YA?ATv4@@Tv3@@M@Z   0000000180014ae0 f i p5engine.obj
 0001:00013b50       ?Unproject@@YA?ATv2@@PEAUrender_group@@T1@M@Z 0000000180014b50 f i p5engine.obj
 0001:00013ba0       ?V2@@YA?ATv2@@MM@Z         0000000180014ba0 f i p5engine.obj
 0001:00013c10       ?V2i@@YA?ATv2@@HH@Z        0000000180014c10 f i p5engine.obj
 0001:00013c60       ?V3@@YA?ATv3@@MMM@Z        0000000180014c60 f i p5engine.obj
 0001:00013d00       ?V4@@YA?ATv4@@MMMM@Z       0000000180014d00 f i p5engine.obj
 0001:00013db0       ?ZeroSize@@YAX_KPEAX@Z     0000000180014db0 f i p5engine.obj
 0001:00013e10       AtomicAddU64               0000000180014e10 f i p5engine.obj
 0001:00013e50       AtomicCompareExchangeU32   0000000180014e50 f i p5engine.obj
 0001:00013ea0       AtomicExchangeU64          0000000180014ea0 f i p5engine.obj
 0001:00013ee0       GetController              0000000180014ee0 f i p5engine.obj
 0001:00013f40       GetThreadID                0000000180014f40 f i p5engine.obj
 0001:00013f80       RecordDebugEvent           0000000180014f80 f i p5engine.obj
 0001:00014060       ?DrawRectangleQuickly@@YAXPEAUloaded_bitmap@@Tv2@@11Tv4@@0MUrectangle2i@@H@Z 0000000180015060 f   p5engine_optimized.obj
 0001:00014dc0       __CheckForDebuggerJustMyCode 0000000180015dc0 f   MSVCRTD:debugger_jmc.obj
 0001:00014e00       __GSHandlerCheck           0000000180015e00 f   MSVCRTD:gshandler.obj
 0001:00014e40       __GSHandlerCheckCommon     0000000180015e40 f   MSVCRTD:gshandler.obj
 0001:00014f40       __GSHandlerCheck_EH4       0000000180015f40 f   MSVCRTD:gshandlereh4.obj
 0001:00015000       __chkstk                   0000000180016000 f   MSVCRTD:chkstk.obj
 0001:00015000       _alloca_probe              0000000180016000 f   MSVCRTD:chkstk.obj
 0001:00015060       __security_check_cookie    0000000180016060 f   MSVCRTD:amdsecgs.obj
 0001:00015490       _DllMainCRTStartup         0000000180016490 f   MSVCRTD:dll_dllmain.obj
 0001:000154d0       __raise_securityfailure    00000001800164d0 f   MSVCRTD:gs_report.obj
 0001:00015510       __report_gsfailure         0000000180016510 f   MSVCRTD:gs_report.obj
 0001:00015770       __security_init_cookie     0000000180016770 f   MSVCRTD:gs_support.obj
 0001:000157f0       DllMain                    00000001800167f0 f   MSVCRTD:dll_dllmain_stub.obj
 0001:00015830       ?__scrt_initialize_type_info@@YAXXZ 0000000180016830 f   MSVCRTD:tncleanup.obj
 0001:00015850       ?__scrt_uninitialize_type_info@@YAXXZ 0000000180016850 f   MSVCRTD:tncleanup.obj
 0001:00015870       __local_stdio_printf_options 0000000180016870 f i MSVCRTD:default_local_stdio_options.obj
 0001:00015880       __local_stdio_scanf_options 0000000180016880 f i MSVCRTD:default_local_stdio_options.obj
 0001:00015890       __scrt_initialize_default_local_stdio_options 0000000180016890 f   MSVCRTD:default_local_stdio_options.obj
 0001:000158e0       ?configure_argv@__scrt_narrow_argv_policy@@SAHXZ 00000001800168e0 f i MSVCRTD:utility.obj
 0001:000159d0       ?initialize_environment@__scrt_narrow_environment_policy@@SAHXZ 00000001800169d0 f i MSVCRTD:utility.obj
 0001:00015a70       NtCurrentTeb               0000000180016a70 f i MSVCRTD:utility.obj
 0001:00015a80       __scrt_acquire_startup_lock 0000000180016a80 f   MSVCRTD:utility.obj
 0001:00015af0       __scrt_dllmain_after_initialize_c 0000000180016af0 f   MSVCRTD:utility.obj
 0001:00015b20       __scrt_dllmain_before_initialize_c 0000000180016b20 f   MSVCRTD:utility.obj
 0001:00015b40       __scrt_dllmain_crt_thread_attach 0000000180016b40 f   MSVCRTD:utility.obj
 0001:00015b70       __scrt_dllmain_crt_thread_detach 0000000180016b70 f   MSVCRTD:utility.obj
 0001:00015b90       __scrt_dllmain_exception_filter 0000000180016b90 f   MSVCRTD:utility.obj
 0001:00015c00       __scrt_dllmain_uninitialize_c 0000000180016c00 f   MSVCRTD:utility.obj
 0001:00015c30       __scrt_dllmain_uninitialize_critical 0000000180016c30 f   MSVCRTD:utility.obj
 0001:00015c50       __scrt_initialize_crt      0000000180016c50 f   MSVCRTD:utility.obj
 0001:00015ca0       __scrt_initialize_onexit_tables 0000000180016ca0 f   MSVCRTD:utility.obj
 0001:00015db0       __scrt_is_nonwritable_in_current_image 0000000180016db0 f   MSVCRTD:utility.obj
 0001:00015e40       __scrt_release_startup_lock 0000000180016e40 f   MSVCRTD:utility.obj
 0001:00015e70       __scrt_uninitialize_crt    0000000180016e70 f   MSVCRTD:utility.obj
 0001:00015eb0       __scrt_get_dyn_tls_init_callback 0000000180016eb0 f   MSVCRTD:dyn_tls_init.obj
 0001:00015ec0       __crt_debugger_hook        0000000180016ec0 f   MSVCRTD:utility_desktop.obj
 0001:00015ed0       __scrt_fastfail            0000000180016ed0 f   MSVCRTD:utility_desktop.obj
 0001:00016070       _RTC_Initialize            0000000180017070 f   MSVCRTD:initsect.obj
 0001:000160c0       _RTC_Terminate             00000001800170c0 f   MSVCRTD:initsect.obj
 0001:00016110       _guard_check_icall_nop     0000000180017110 f i MSVCRTD:guard_support.obj
 0001:00016120       __isa_available_init       0000000180017120 f   MSVCRTD:cpu_disp.obj
 0001:000164c0       _get_startup_argv_mode     00000001800174c0 f   MSVCRTD:argv_mode.obj
 0001:000164d0       __scrt_is_ucrt_dll_in_use  00000001800174d0 f   MSVCRTD:ucrt_detection.obj
 0001:00016500       __CxxFrameHandler4         0000000180017500 f   vcruntimed:VCRUNTIME140_1D.dll
 0001:00016506       __C_specific_handler       0000000180017506 f   vcruntimed:VCRUNTIME140D.dll
 0001:0001650c       __std_type_info_destroy_list 000000018001750c f   vcruntimed:VCRUNTIME140D.dll
 0001:00016512       atan2                      0000000180017512 f   ucrtd:ucrtbased.dll
 0001:00016518       sinf                       0000000180017518 f   ucrtd:ucrtbased.dll
 0001:0001651e       sqrtf                      000000018001751e f   ucrtd:ucrtbased.dll
 0001:00016524       _initterm                  0000000180017524 f   ucrtd:ucrtbased.dll
 0001:0001652a       _initterm_e                000000018001752a f   ucrtd:ucrtbased.dll
 0001:00016530       _seh_filter_dll            0000000180017530 f   ucrtd:ucrtbased.dll
 0001:00016536       _configure_narrow_argv     0000000180017536 f   ucrtd:ucrtbased.dll
 0001:0001653c       _initialize_narrow_environment 000000018001753c f   ucrtd:ucrtbased.dll
 0001:00016542       _initialize_onexit_table   0000000180017542 f   ucrtd:ucrtbased.dll
 0001:00016548       _execute_onexit_table      0000000180017548 f   ucrtd:ucrtbased.dll
 0001:0001654e       _cexit                     000000018001754e f   ucrtd:ucrtbased.dll
 0001:00016560       __acrt_initialize          0000000180017560 f   MSVCRTD:ucrt_stubs.obj
 0001:00016560       __vcrt_thread_attach       0000000180017560 f   MSVCRTD:ucrt_stubs.obj
 0001:00016560       __scrt_stub_for_acrt_thread_detach 0000000180017560 f   MSVCRTD:ucrt_stubs.obj
 0001:00016560       __scrt_stub_for_acrt_initialize 0000000180017560 f   MSVCRTD:ucrt_stubs.obj
 0001:00016560       __acrt_thread_detach       0000000180017560 f   MSVCRTD:ucrt_stubs.obj
 0001:00016560       __vcrt_thread_detach       0000000180017560 f   MSVCRTD:ucrt_stubs.obj
 0001:00016560       __vcrt_initialize          0000000180017560 f   MSVCRTD:ucrt_stubs.obj
 0001:00016560       __acrt_thread_attach       0000000180017560 f   MSVCRTD:ucrt_stubs.obj
 0001:00016560       __scrt_stub_for_acrt_thread_attach 0000000180017560 f   MSVCRTD:ucrt_stubs.obj
 0001:00016570       __acrt_uninitialize        0000000180017570 f   MSVCRTD:ucrt_stubs.obj
 0001:00016570       __vcrt_uninitialize        0000000180017570 f   MSVCRTD:ucrt_stubs.obj
 0001:00016570       __acrt_uninitialize_critical 0000000180017570 f   MSVCRTD:ucrt_stubs.obj
 0001:00016570       __vcrt_uninitialize_critical 0000000180017570 f   MSVCRTD:ucrt_stubs.obj
 0001:00016570       __scrt_stub_for_acrt_uninitialize 0000000180017570 f   MSVCRTD:ucrt_stubs.obj
 0001:00016570       __scrt_stub_for_acrt_uninitialize_critical 0000000180017570 f   MSVCRTD:ucrt_stubs.obj
 0001:00016580       __scrt_stub_for_is_c_termination_complete 0000000180017580 f   MSVCRTD:ucrt_stubs.obj
 0001:00016580       _is_c_termination_complete 0000000180017580 f   MSVCRTD:ucrt_stubs.obj
 0001:000165a0       _guard_dispatch_icall_nop  00000001800175a0 f   MSVCRTD:guard_dispatch.obj
 0001:000165c0       _guard_xfg_dispatch_icall_nop 00000001800175c0 f   MSVCRTD:guard_xfg_dispatch.obj
 0002:00000000       __imp_GetCurrentProcessId  0000000180018000     kernel32:KERNEL32.dll
 0002:00000008       __imp_RtlCaptureContext    0000000180018008     kernel32:KERNEL32.dll
 0002:00000010       __imp_RtlLookupFunctionEntry 0000000180018010     kernel32:KERNEL32.dll
 0002:00000018       __imp_RtlVirtualUnwind     0000000180018018     kernel32:KERNEL32.dll
 0002:00000020       __imp_UnhandledExceptionFilter 0000000180018020     kernel32:KERNEL32.dll
 0002:00000028       __imp_SetUnhandledExceptionFilter 0000000180018028     kernel32:KERNEL32.dll
 0002:00000030       __imp_IsDebuggerPresent    0000000180018030     kernel32:KERNEL32.dll
 0002:00000038       __imp_InitializeSListHead  0000000180018038     kernel32:KERNEL32.dll
 0002:00000040       __imp_DisableThreadLibraryCalls 0000000180018040     kernel32:KERNEL32.dll
 0002:00000048       __imp_GetSystemTimeAsFileTime 0000000180018048     kernel32:KERNEL32.dll
 0002:00000050       __imp_GetCurrentThreadId   0000000180018050     kernel32:KERNEL32.dll
 0002:00000058       __imp_QueryPerformanceCounter 0000000180018058     kernel32:KERNEL32.dll
 0002:00000060       __imp_IsProcessorFeaturePresent 0000000180018060     kernel32:KERNEL32.dll
 0002:00000068       __imp_TerminateProcess     0000000180018068     kernel32:KERNEL32.dll
 0002:00000070       __imp_GetCurrentProcess    0000000180018070     kernel32:KERNEL32.dll
 0002:00000078       \177KERNEL32_NULL_THUNK_DATA 0000000180018078     kernel32:KERNEL32.dll
 0002:00000080       __imp___std_type_info_destroy_list 0000000180018080     vcruntimed:VCRUNTIME140D.dll
 0002:00000088       __imp___C_specific_handler 0000000180018088     vcruntimed:VCRUNTIME140D.dll
 0002:00000090       \177VCRUNTIME140D_NULL_THUNK_DATA 0000000180018090     vcruntimed:VCRUNTIME140D.dll
 0002:00000098       __imp___CxxFrameHandler4   0000000180018098     vcruntimed:VCRUNTIME140_1D.dll
 0002:000000a0       \177VCRUNTIME140_1D_NULL_THUNK_DATA 00000001800180a0     vcruntimed:VCRUNTIME140_1D.dll
 0002:000000a8       __imp__execute_onexit_table 00000001800180a8     ucrtd:ucrtbased.dll
 0002:000000b0       __imp__initialize_onexit_table 00000001800180b0     ucrtd:ucrtbased.dll
 0002:000000b8       __imp__initialize_narrow_environment 00000001800180b8     ucrtd:ucrtbased.dll
 0002:000000c0       __imp__configure_narrow_argv 00000001800180c0     ucrtd:ucrtbased.dll
 0002:000000c8       __imp__cexit               00000001800180c8     ucrtd:ucrtbased.dll
 0002:000000d0       __imp__initterm_e          00000001800180d0     ucrtd:ucrtbased.dll
 0002:000000d8       __imp__initterm            00000001800180d8     ucrtd:ucrtbased.dll
 0002:000000e0       __imp_sqrtf                00000001800180e0     ucrtd:ucrtbased.dll
 0002:000000e8       __imp_sinf                 00000001800180e8     ucrtd:ucrtbased.dll
 0002:000000f0       __imp_atan2                00000001800180f0     ucrtd:ucrtbased.dll
 0002:000000f8       __imp_roundf               00000001800180f8     ucrtd:ucrtbased.dll
 0002:00000100       __imp__seh_filter_dll      0000000180018100     ucrtd:ucrtbased.dll
 0002:00000108       \177ucrtbased_NULL_THUNK_DATA 0000000180018108     ucrtd:ucrtbased.dll
 0002:00000110       __guard_check_icall_fptr   0000000180018110     MSVCRTD:guard_support.obj
 0002:00000118       __guard_xfg_check_icall_fptr 0000000180018118     MSVCRTD:guard_support.obj
 0002:00000120       __guard_dispatch_icall_fptr 0000000180018120     MSVCRTD:guard_support.obj
 0002:00000128       __guard_xfg_dispatch_icall_fptr 0000000180018128     MSVCRTD:guard_support.obj
 0002:00000130       __guard_xfg_table_dispatch_icall_fptr 0000000180018130     MSVCRTD:guard_support.obj
 0002:00000138       __xc_a                     0000000180018138     MSVCRTD:initializers.obj
 0002:00000140       __xc_z                     0000000180018140     MSVCRTD:initializers.obj
 0002:00000148       __xi_a                     0000000180018148     MSVCRTD:initializers.obj
 0002:00000150       __xi_z                     0000000180018150     MSVCRTD:initializers.obj
 0002:00000158       __xp_a                     0000000180018158     MSVCRTD:initializers.obj
 0002:00000160       __xp_z                     0000000180018160     MSVCRTD:initializers.obj
 0002:00000168       __xt_a                     0000000180018168     MSVCRTD:initializers.obj
 0002:00000170       __xt_z                     0000000180018170     MSVCRTD:initializers.obj
 0002:00000e38       ??_C@_0BA@NMEIMCEK@InvalidCodePath@ 0000000180018e38     p5engine.obj
 0002:00000e48       ??_C@_0BI@OKLOPCDD@GetRenderEntityBasisPos@ 0000000180018e48     p5engine.obj
 0002:00000e60       ??_C@_0EJ@PHPNEBOK@C?3?2Users?2pguru?2source?2repos?2p5?9@ 0000000180018e60     p5engine.obj
 0002:00000eb0       ??_C@_0BD@JDBJLMOD@PushRenderElement_@ 0000000180018eb0     p5engine.obj
 0002:00000ec8       ??_C@_0O@NBAOOJGC@GetWorldChunk@ 0000000180018ec8     p5engine.obj
 0002:00000ee0       ??_C@_0EC@FAMPFJPC@C?3?2Users?2pguru?2source?2repos?2p5?9@ 0000000180018ee0     p5engine.obj
 0002:00000f28       ??_C@_0BI@OAEKEAEN@ChangeEntityLocationRaw@ 0000000180018f28     p5engine.obj
 0002:00000f40       __real@00000000            0000000180018f40     p5engine.obj
 0002:00000f44       __real@308992b1            0000000180018f44     p5engine.obj
 0002:00000f48       __real@3a83126f            0000000180018f48     p5engine.obj
 0002:00000f4c       __real@3c23d70a            0000000180018f4c     p5engine.obj
 0002:00000f50       __real@3cc30c31            0000000180018f50     p5engine.obj
 0002:00000f54       __real@3dcccccd            0000000180018f54     p5engine.obj
 0002:00000f58       __real@3e4ccccd            0000000180018f58     p5engine.obj
 0002:00000f5c       __real@3e800000            0000000180018f5c     p5engine.obj
 0002:00000f60       __real@3e99999a            0000000180018f60     p5engine.obj
 0002:00000f64       __real@3ecccccd            0000000180018f64     p5engine.obj
 0002:00000f68       __real@3ee147ae            0000000180018f68     p5engine.obj
 0002:00000f6c       __real@3f000000            0000000180018f6c     p5engine.obj
 0002:00000f70       __real@3f19999a            0000000180018f70     p5engine.obj
 0002:00000f74       __real@3f228f5c            0000000180018f74     p5engine.obj
 0002:00000f78       __real@3f3504f3            0000000180018f78     p5engine.obj
 0002:00000f7c       __real@3f400000            0000000180018f7c     p5engine.obj
 0002:00000f80       __real@3f666666            0000000180018f80     p5engine.obj
 0002:00000f84       __real@3f800000            0000000180018f84     p5engine.obj
 0002:00000f88       __real@3f8ccccd            0000000180018f88     p5engine.obj
 0002:00000f8c       __real@3f99999a            0000000180018f8c     p5engine.obj
 0002:00000f90       __real@3fa66666            0000000180018f90     p5engine.obj
 0002:00000f94       __real@3fb33333            0000000180018f94     p5engine.obj
 0002:00000f98       __real@3fc00000            0000000180018f98     p5engine.obj
 0002:00000fa0       __real@3fe0000000000000    0000000180018fa0     p5engine.obj
 0002:00000fa8       __real@40000000            0000000180018fa8     p5engine.obj
 0002:00000fac       __real@400ccccd            0000000180018fac     p5engine.obj
 0002:00000fb0       __real@40400000            0000000180018fb0     p5engine.obj
 0002:00000fb4       __real@40800000            0000000180018fb4     p5engine.obj
 0002:00000fb8       __real@40a00000            0000000180018fb8     p5engine.obj
 0002:00000fbc       __real@40c00000            0000000180018fbc     p5engine.obj
 0002:00000fc0       __real@40c90fdb            0000000180018fc0     p5engine.obj
 0002:00000fc4       __real@41000000            0000000180018fc4     p5engine.obj
 0002:00000fc8       __real@41100000            0000000180018fc8     p5engine.obj
 0002:00000fcc       __real@41200000            0000000180018fcc     p5engine.obj
 0002:00000fd0       __real@41700000            0000000180018fd0     p5engine.obj
 0002:00000fd4       __real@41880000            0000000180018fd4     p5engine.obj
 0002:00000fd8       __real@41a00000            0000000180018fd8     p5engine.obj
 0002:00000fdc       __real@41f00000            0000000180018fdc     p5engine.obj
 0002:00000fe0       __real@42340000            0000000180018fe0     p5engine.obj
 0002:00000fe4       __real@437f0000            0000000180018fe4     p5engine.obj
 0002:00000fe8       __real@43960000            0000000180018fe8     p5engine.obj
 0002:00000fec       __real@461c4000            0000000180018fec     p5engine.obj
 0002:00000ff0       __real@47c35000            0000000180018ff0     p5engine.obj
 0002:00000ff4       __real@49742400            0000000180018ff4     p5engine.obj
 0002:00000ff8       __real@7f7fffff            0000000180018ff8     p5engine.obj
 0002:00000ffc       __real@becccccd            0000000180018ffc     p5engine.obj
 0002:00001000       __real@bf000000            0000000180019000     p5engine.obj
 0002:00001004       __real@bf800000            0000000180019004     p5engine.obj
 0002:00001008       __real@c0000000            0000000180019008     p5engine.obj
 0002:0000100c       __real@c0100000            000000018001900c     p5engine.obj
 0002:00001010       __real@c0400000            0000000180019010     p5engine.obj
 0002:00001014       __real@c11ccccd            0000000180019014     p5engine.obj
 0002:00001020       __xmm@00000000000000000000000000000000 0000000180019020     p5engine.obj
 0002:00001030       __xmm@3f8000003f8000003f8000003f800000 0000000180019030     p5engine.obj
 0002:00001040       __xmm@7fffffffffffffff7fffffffffffffff 0000000180019040     p5engine.obj
 0002:00001050       __xmm@80000000800000008000000080000000 0000000180019050     p5engine.obj
 0002:00001060       ??_C@_0BF@IHBADFJI@DrawRectangleQuickly@ 0000000180019060     p5engine_optimized.obj
 0002:00001080       ??_C@_0EG@JEOCENLP@C?3?2Users?2pguru?2source?2repos?2p5?9@ 0000000180019080     p5engine_optimized.obj
 0002:000010c8       ??_C@_09JFLEADPH@PixelFill@ 00000001800190c8     p5engine_optimized.obj
 0002:000010e0       __xmm@000000ff000000ff000000ff000000ff 00000001800190e0     p5engine_optimized.obj
 0002:000010f0       __xmm@0000ffff0000ffff0000ffff0000ffff 00000001800190f0     p5engine_optimized.obj
 0002:00001100       __xmm@00ff00ff00ff00ff00ff00ff00ff00ff 0000000180019100     p5engine_optimized.obj
 0002:00001110       __xmm@3b8080813b8080813b8080813b808081 0000000180019110     p5engine_optimized.obj
 0002:00001120       __xmm@3f0000003f0000003f0000003f000000 0000000180019120     p5engine_optimized.obj
 0002:00001130       __xmm@40800000408000004080000040800000 0000000180019130     p5engine_optimized.obj
 0002:00001140       __xmm@477e0100477e0100477e0100477e0100 0000000180019140     p5engine_optimized.obj
 0002:00001150       __xmm@ffffffffffffffffffffffffffffffff 0000000180019150     p5engine_optimized.obj
 0002:00001160       _pDefaultRawDllMain        0000000180019160     MSVCRTD:dll_dllmain.obj
 0002:00001160       _pRawDllMain               0000000180019160     MSVCRTD:dll_dllmain.obj
 0002:000011d0       _load_config_used          00000001800191d0     MSVCRTD:loadcfg.obj
 0002:00001380       __volatile_metadata        0000000180019380     <linker-defined>
 0002:00001888       __rtc_iaa                  0000000180019888     MSVCRTD:initsect.obj
 0002:00001890       __rtc_izz                  0000000180019890     MSVCRTD:initsect.obj
 0002:00001898       __rtc_taa                  0000000180019898     MSVCRTD:initsect.obj
 0002:000018a0       __rtc_tzz                  00000001800198a0     MSVCRTD:initsect.obj
 0002:000026a0       __IMPORT_DESCRIPTOR_VCRUNTIME140_1D 000000018001a6a0     vcruntimed:VCRUNTIME140_1D.dll
 0002:000026b4       __IMPORT_DESCRIPTOR_VCRUNTIME140D 000000018001a6b4     vcruntimed:VCRUNTIME140D.dll
 0002:000026c8       __IMPORT_DESCRIPTOR_ucrtbased 000000018001a6c8     ucrtd:ucrtbased.dll
 0002:000026dc       __IMPORT_DESCRIPTOR_KERNEL32 000000018001a6dc     kernel32:KERNEL32.dll
 0002:000026f0       __NULL_IMPORT_DESCRIPTOR   000000018001a6f0     vcruntimed:VCRUNTIME140D.dll
 0003:00000000       GlobalDebugTable           000000018001b000     p5engine.obj
 0003:00004010       ?DebugRecords_Optimized_Count@@3IA 000000018001f010     p5engine_optimized.obj
 0003:00004020       __security_cookie_complement 000000018001f020     MSVCRTD:gs_cookie.obj
 0003:00004028       __security_cookie          000000018001f028     MSVCRTD:gs_cookie.obj
 0003:00004030       _fltused                   000000018001f030     MSVCRTD:fltused.obj
 0003:00004034       __scrt_native_dllmain_reason 000000018001f034     MSVCRTD:utility.obj
 0003:00004038       __isa_available            000000018001f038     MSVCRTD:cpu_disp.obj
 0003:0000403c       __isa_enabled              000000018001f03c     MSVCRTD:cpu_disp.obj
 0003:00004040       __memcpy_nt_iters          000000018001f040     MSVCRTD:cpu_disp.obj
 0003:00004048       __memset_nt_iters          000000018001f048     MSVCRTD:cpu_disp.obj
 0003:00004050       __scrt_ucrt_dll_is_in_use  000000018001f050     MSVCRTD:ucrt_stubs.obj
 0003:00004060       DebugGlobalMemory          000000018001f060     p5engine.obj
 0003:40484780       ?__type_info_root_node@@3U__type_info_node@@A 00000001c049f780     MSVCRTD:tncleanup.obj
 0003:40484790       ?_OptionsStorage@?1??__local_stdio_printf_options@@9@4_KA 00000001c049f790     MSVCRTD:default_local_stdio_options.obj
 0003:40484798       ?_OptionsStorage@?1??__local_stdio_scanf_options@@9@4_KA 00000001c049f798     MSVCRTD:default_local_stdio_options.obj
 0003:404847a0       __scrt_current_native_startup_state 00000001c049f7a0     MSVCRTD:utility.obj
 0003:404847a8       __scrt_native_startup_lock 00000001c049f7a8     MSVCRTD:utility.obj
 0003:404847e8       __scrt_debugger_hook_flag  00000001c049f7e8     MSVCRTD:utility_desktop.obj
 0003:404847f0       __castguard_check_failure_os_handled_fptr 00000001c049f7f0     MSVCRTD:guard_support.obj
 0003:404847f8       __favor                    00000001c049f7f8     MSVCRTD:cpu_disp.obj
 0003:40484800       __dyn_tls_init_callback    00000001c049f800     <common>
 0003:40484808       __DebuggerCurrentSteppingThreadId 00000001c049f808     <common>

 entry point at        0001:00015490

 Static symbols

 0000:bfb5c000       .debug$S                   0000000180000000     P5Engine.exp
 0000:bfb5c000       .debug$S                   0000000180000000     vcruntimed:VCRUNTIME140D.dll
 0000:bfb5c000       .debug$S                   0000000180000000     vcruntimed:VCRUNTIME140D.dll
 0000:bfb5c000       .debug$S                   0000000180000000     vcruntimed:VCRUNTIME140D.dll
 0000:bfb5c000       .debug$S                   0000000180000000     vcruntimed:VCRUNTIME140D.dll
 0000:bfb5c000       .debug$S                   0000000180000000     vcruntimed:VCRUNTIME140_1D.dll
 0000:bfb5c000       .debug$S                   0000000180000000     ucrtd:ucrtbased.dll
 0000:bfb5c000       .debug$S                   0000000180000000     ucrtd:ucrtbased.dll
 0000:bfb5c000       .debug$S                   0000000180000000     ucrtd:ucrtbased.dll
 0000:bfb5c000       .debug$S                   0000000180000000     ucrtd:ucrtbased.dll
 0000:bfb5c000       .debug$S                   0000000180000000     ucrtd:ucrtbased.dll
 0000:bfb5c000       .debug$S                   0000000180000000     ucrtd:ucrtbased.dll
 0000:bfb5c000       .debug$S                   0000000180000000     ucrtd:ucrtbased.dll
 0000:bfb5c000       .debug$S                   0000000180000000     ucrtd:ucrtbased.dll
 0000:bfb5c000       .debug$S                   0000000180000000     ucrtd:ucrtbased.dll
 0000:bfb5c000       .debug$S                   0000000180000000     ucrtd:ucrtbased.dll
 0000:bfb5c000       .debug$S                   0000000180000000     ucrtd:ucrtbased.dll
 0000:bfb5c000       .debug$S                   0000000180000000     ucrtd:ucrtbased.dll
 0000:bfb5c000       .debug$S                   0000000180000000     ucrtd:ucrtbased.dll
 0000:bfb5c000       .debug$S                   0000000180000000     ucrtd:ucrtbased.dll
 0000:bfb5c000       .debug$S                   0000000180000000     ucrtd:ucrtbased.dll
 0000:bfb5c000       .debug$S                   0000000180000000     ucrtd:ucrtbased.dll
 0000:bfb5c000       .debug$S                   0000000180000000     kernel32:KERNEL32.dll
 0000:bfb5c000       .debug$S                   0000000180000000     kernel32:KERNEL32.dll
 0000:bfb5c000       .debug$S                   0000000180000000     kernel32:KERNEL32.dll
 0000:bfb5c000       .debug$S                   0000000180000000     kernel32:KERNEL32.dll
 0000:bfb5c000       .debug$S                   0000000180000000     kernel32:KERNEL32.dll
 0000:bfb5c000       .debug$S                   0000000180000000     kernel32:KERNEL32.dll
 0000:bfb5c000       .debug$S                   0000000180000000     kernel32:KERNEL32.dll
 0000:bfb5c000       .debug$S                   0000000180000000     kernel32:KERNEL32.dll
 0000:bfb5c000       .debug$S                   0000000180000000     kernel32:KERNEL32.dll
 0000:bfb5c000       .debug$S                   0000000180000000     kernel32:KERNEL32.dll
 0000:bfb5c000       .debug$S                   0000000180000000     kernel32:KERNEL32.dll
 0000:bfb5c000       .debug$S                   0000000180000000     kernel32:KERNEL32.dll
 0000:bfb5c000       .debug$S                   0000000180000000     kernel32:KERNEL32.dll
 0000:bfb5c000       .debug$S                   0000000180000000     kernel32:KERNEL32.dll
 0000:bfb5c000       .debug$S                   0000000180000000     kernel32:KERNEL32.dll
 0000:bfb5c000       .debug$S                   0000000180000000     kernel32:KERNEL32.dll
 0000:bfb5c000       .debug$S                   0000000180000000     kernel32:KERNEL32.dll
 0001:00000000       ?RemoveAssetHeaderFromList@@YAXPEAUasset_memory_header@@@Z 0000000180001000 f   p5engine.obj
 0001:00000070       ?LoadBitmap@@YAXPEAUgame_assets@@Ubitmap_id@@H@Z 0000000180001070 f   p5engine.obj
 0001:00000430       ?LoadSound@@YAXPEAUgame_assets@@Usound_id@@@Z 0000000180001430 f   p5engine.obj
 0001:00000730       ?LoadFont@@YAXPEAUgame_assets@@Ufont_id@@H@Z 0000000180001730 f   p5engine.obj
 0001:00000a90       ?DEBUGReset@@YAXPEAUgame_assets@@II@Z 0000000180001a90 f   p5engine.obj
 0001:00000c60       ?DEBUGOverlay@@YAXPEAUgame_memory@@@Z 0000000180001c60 f   p5engine.obj
 0001:00001380       ?AddCollisionRule@@YAXPEAUgame_state@@IIH@Z 0000000180002380 f   p5engine.obj
 0001:00001500       ?ClearCollisionRulesFor@@YAXPEAUgame_state@@I@Z 0000000180002500 f   p5engine.obj
 0001:00001600       ?BeginTaskWithMemory@@YAPEAUtask_with_memory@@PEAUtransient_state@@@Z 0000000180002600 f   p5engine.obj
 0001:000016e0       ?EndTaskWithMemory@@YAXPEAUtask_with_memory@@@Z 00000001800026e0 f   p5engine.obj
 0001:00001740       ?DrawRectangle@@YAXPEAUloaded_bitmap@@Tv2@@1Tv4@@Urectangle2i@@H@Z 0000000180002740 f   p5engine.obj
 0001:00001a60       ?RenderGroupToOutput@@YAXPEAUrender_group@@PEAUloaded_bitmap@@Urectangle2i@@H@Z 0000000180002a60 f   p5engine.obj
 0001:00001e30       ?DoTiledRenderWork@@YAXPEAUplatform_work_queue@@PEAX@Z 0000000180002e30 f   p5engine.obj
 0001:00001ee0       ?RenderGroupToOutput@@YAXPEAUrender_group@@PEAUloaded_bitmap@@@Z 0000000180002ee0 f   p5engine.obj
 0001:00002020       ?TiledRenderGroupToOutput@@YAXPEAUplatform_work_queue@@PEAUrender_group@@PEAUloaded_bitmap@@@Z 0000000180003020 f   p5engine.obj
 0001:000022b0       ?AllocateRenderGroup@@YAPEAUrender_group@@PEAUgame_assets@@PEAUmemory_arena@@IH@Z 00000001800032b0 f   p5engine.obj
 0001:00002400       ?BeginRender@@YAXPEAUrender_group@@@Z 0000000180003400 f   p5engine.obj
 0001:000024c0       ?EndRender@@YAXPEAUrender_group@@@Z 00000001800034c0 f   p5engine.obj
 0001:00002590       ?InitializeWorld@@YAXPEAUworld@@Tv3@@@Z 0000000180003590 f   p5engine.obj
 0001:00002630       ?Subtract@@YA?ATv3@@PEAUworld@@PEAUworld_position@@1@Z 0000000180003630 f   p5engine.obj
 0001:000028a0       ?ChangeEntityLocation@@YAXPEAUmemory_arena@@PEAUworld@@IPEAUlow_entity@@Uworld_position@@@Z 00000001800038a0 f   p5engine.obj
 0001:00002a90       ?GetHashFromStorageIndex@@YAPEAUsim_entity_hash@@PEAUsim_region@@I@Z 0000000180003a90 f   p5engine.obj
 0001:00002b60       ?AddEntity@@YAPEAUsim_entity@@PEAUgame_state@@PEAUsim_region@@IPEAUlow_entity@@PEATv3@@@Z 0000000180003b60 f   p5engine.obj
 0001:00002cc0       ?AddEntityRaw@@YAPEAUsim_entity@@PEAUgame_state@@PEAUsim_region@@IPEAUlow_entity@@@Z 0000000180003cc0 f   p5engine.obj
 0001:00002ee0       ?BeginSim@@YAPEAUsim_region@@PEAUmemory_arena@@PEAUgame_state@@PEAUworld@@Uworld_position@@Urectangle3@@M@Z 0000000180003ee0 f   p5engine.obj
 0001:000035a0       ?EndSim@@YAXPEAUsim_region@@PEAUgame_state@@@Z 00000001800045a0 f   p5engine.obj
 0001:000038c0       ?CanCollide@@YAHPEAUgame_state@@PEAUsim_entity@@1@Z 00000001800048c0 f   p5engine.obj
 0001:00003a10       ?HandleCollision@@YAHPEAUgame_state@@PEAUsim_entity@@1@Z 0000000180004a10 f   p5engine.obj
 0001:00003af0       ?CanOverlap@@YAHPEAUgame_state@@PEAUsim_entity@@1@Z 0000000180004af0 f   p5engine.obj
 0001:00003b50       ?HandleOverlap@@YAXPEAUgame_state@@PEAUsim_entity@@1MPEAM@Z 0000000180004b50 f   p5engine.obj
 0001:00003bf0       ?SpeculativeCollide@@YAHPEAUsim_entity@@0Tv3@@@Z 0000000180004bf0 f   p5engine.obj
 0001:00003d60       ?EntitiesOverlap@@YAHPEAUsim_entity@@0Tv3@@@Z 0000000180004d60 f   p5engine.obj
 0001:00004120       ?MoveEntity@@YAXPEAUgame_state@@PEAUsim_region@@PEAUsim_entity@@MPEAUmove_spec@@Tv3@@@Z 0000000180005120 f   p5engine.obj
 0001:00005ac0       ?LoadAssetWorkDirectly@@YAXPEAUload_asset_work@@@Z 0000000180006ac0 f   p5engine.obj
 0001:00005cb0       ?LoadAssetWork@@YAXPEAUplatform_work_queue@@PEAX@Z 0000000180006cb0 f   p5engine.obj
 0001:00005d00       ?InsertBlock@@YAPEAUasset_memory_block@@PEAU1@_KPEAX@Z 0000000180006d00 f   p5engine.obj
 0001:00005db0       ?FindBlockForSize@@YAPEAUasset_memory_block@@PEAUgame_assets@@_K@Z 0000000180006db0 f   p5engine.obj
 0001:00005e50       ?MergeIfPossible@@YAHPEAUgame_assets@@PEAUasset_memory_block@@1@Z 0000000180006e50 f   p5engine.obj
 0001:00005f50       ?GenerationHasCompleted@@YAHPEAUgame_assets@@I@Z 0000000180006f50 f   p5engine.obj
 0001:00005fd0       ?AcquireAssetMemory@@YAPEAUasset_memory_header@@PEAUgame_assets@@II@Z 0000000180006fd0 f   p5engine.obj
 0001:00006320       ?GetBestMatchAssetFrom@@YAIPEAUgame_assets@@W4asset_type_id@@PEAUasset_vector@@2@Z 0000000180007320 f   p5engine.obj
 0001:000065d0       ?GetRandomAssetFrom@@YAIPEAUgame_assets@@W4asset_type_id@@PEAUrandom_series@@@Z 00000001800075d0 f   p5engine.obj
 0001:000066d0       ?GetFirstAssetFrom@@YAIPEAUgame_assets@@W4asset_type_id@@@Z 00000001800076d0 f   p5engine.obj
 0001:000067a0       ?GetBestMatchBitmapFrom@@YA?AUbitmap_id@@PEAUgame_assets@@W4asset_type_id@@PEAUasset_vector@@2@Z 00000001800077a0 f   p5engine.obj
 0001:000067f0       ?GetFirstBitmapFrom@@YA?AUbitmap_id@@PEAUgame_assets@@W4asset_type_id@@@Z 00000001800077f0 f   p5engine.obj
 0001:00006830       ?GetRandomBitmapFrom@@YA?AUbitmap_id@@PEAUgame_assets@@W4asset_type_id@@PEAUrandom_series@@@Z 0000000180007830 f   p5engine.obj
 0001:00006880       ?GetRandomSoundFrom@@YA?AUsound_id@@PEAUgame_assets@@W4asset_type_id@@PEAUrandom_series@@@Z 0000000180007880 f   p5engine.obj
 0001:000068d0       ?GetBestMatchFontFrom@@YA?AUfont_id@@PEAUgame_assets@@W4asset_type_id@@PEAUasset_vector@@2@Z 00000001800078d0 f   p5engine.obj
 0001:00006920       ?AllocateGameAssets@@YAPEAUgame_assets@@PEAUmemory_arena@@_KPEAUtransient_state@@@Z 0000000180007920 f   p5engine.obj
 0001:000072e0       ?GetStartingBaselineY@@YAMPEAUp5a_font@@@Z 00000001800082e0 f   p5engine.obj
 0001:00007320       ?PlaySound@@YAPEAUplaying_sound@@PEAUaudio_state@@Usound_id@@@Z 0000000180008320 f   p5engine.obj
 0001:000074b0       ?ChangeVolume@@YAXPEAUaudio_state@@PEAUplaying_sound@@MTv2@@@Z 00000001800084b0 f   p5engine.obj
 0001:00007580       ?OutputPlayingSounds@@YAXPEAUaudio_state@@PEAUgame_sound_output_buffer@@PEAUgame_assets@@PEAUmemory_arena@@@Z 0000000180008580 f   p5engine.obj
 0001:00008700       ?InitializeAudioState@@YAXPEAUaudio_state@@PEAUmemory_arena@@@Z 0000000180009700 f   p5engine.obj
 0001:00008780       ?AddLowEntity@@YA?AUadd_low_entity_result@@PEAUgame_state@@W4entity_type@@Uworld_position@@@Z 0000000180009780 f   p5engine.obj
 0001:00008980       ?AddGroundedEntity@@YA?AUadd_low_entity_result@@PEAUgame_state@@W4entity_type@@Uworld_position@@PEAUsim_entity_collision_volume_group@@@Z 0000000180009980 f   p5engine.obj
 0001:00008a30       ?AddStandardRoom@@YA?AUadd_low_entity_result@@PEAUgame_state@@III@Z 0000000180009a30 f   p5engine.obj
 0001:00008b90       ?AddWall@@YA?AUadd_low_entity_result@@PEAUgame_state@@III@Z 0000000180009b90 f   p5engine.obj
 0001:00008cf0       ?AddStairs@@YA?AUadd_low_entity_result@@PEAUgame_state@@III@Z 0000000180009cf0 f   p5engine.obj
 0001:00008e80       ?InitHitPoints@@YAXPEAUlow_entity@@I@Z 0000000180009e80 f   p5engine.obj
 0001:00008f10       ?AddSword@@YA?AUadd_low_entity_result@@PEAUgame_state@@@Z 0000000180009f10 f   p5engine.obj
 0001:00009000       ?AddPlayer@@YA?AUadd_low_entity_result@@PEAUgame_state@@@Z 000000018000a000 f   p5engine.obj
 0001:00009140       ?AddMonstar@@YA?AUadd_low_entity_result@@PEAUgame_state@@III@Z 000000018000a140 f   p5engine.obj
 0001:000092b0       ?AddFamiliar@@YA?AUadd_low_entity_result@@PEAUgame_state@@III@Z 000000018000a2b0 f   p5engine.obj
 0001:00009410       ?DrawHitpoints@@YAXPEAUsim_entity@@PEAUrender_group@@@Z 000000018000a410 f   p5engine.obj
 0001:00009680       ?MakeSimpleGroundedCollision@@YAPEAUsim_entity_collision_volume_group@@PEAUgame_state@@MMM@Z 000000018000a680 f   p5engine.obj
 0001:000097e0       ?MakeNullCollision@@YAPEAUsim_entity_collision_volume_group@@PEAUgame_state@@@Z 000000018000a7e0 f   p5engine.obj
 0001:000098c0       ?FillGroundChunkWork@@YAXPEAUplatform_work_queue@@PEAX@Z 000000018000a8c0 f   p5engine.obj
 0001:0000a0f0       ?FillGroundChunk@@YAXPEAUtransient_state@@PEAUgame_state@@PEAUground_buffer@@PEAUworld_position@@@Z 000000018000b0f0 f   p5engine.obj
 0001:0000a1f0       ?ClearBitmap@@YAXPEAUloaded_bitmap@@@Z 000000018000b1f0 f   p5engine.obj
 0001:0000a250       ?MakeEmptyBitmap@@YA?AUloaded_bitmap@@PEAUmemory_arena@@HHH@Z 000000018000b250 f   p5engine.obj
 0001:0000a390       ?MakeSphereDiffuseMap@@YAXPEAUloaded_bitmap@@MM@Z 000000018000b390 f   p5engine.obj
 0001:0000a6c0       ?MakeSphereNormalMap@@YAXPEAUloaded_bitmap@@MMM@Z 000000018000b6c0 f   p5engine.obj
 0001:0000e614       $LN151                     000000018000f614     p5engine.obj
 0001:0000e6b0       ?CollateDebugRecords@@YAXPEAUdebug_state@@I@Z 000000018000f6b0 f   p5engine.obj
 0001:00014ff0       $$000000                   0000000180015ff0     MSVCRTD:chkstk.obj
 0001:00015050       $$000000                   0000000180016050     MSVCRTD:amdsecgs.obj
 0001:00015080       ?dllmain_crt_dispatch@@YAHQEAUHINSTANCE__@@KQEAX@Z 0000000180016080 f   MSVCRTD:dll_dllmain.obj
 0001:00015110       ?dllmain_crt_process_attach@@YAHQEAUHINSTANCE__@@QEAX@Z 0000000180016110 f   MSVCRTD:dll_dllmain.obj
 0001:00015250       ?dllmain_crt_process_detach@@YAH_N@Z 0000000180016250 f   MSVCRTD:dll_dllmain.obj
 0001:000152f0       ?dllmain_dispatch@@YAHQEAUHINSTANCE__@@KQEAX@Z 00000001800162f0 f   MSVCRTD:dll_dllmain.obj
 0001:00015430       ?dllmain_raw@@YAHQEAUHINSTANCE__@@KQEAX@Z 0000000180016430 f   MSVCRTD:dll_dllmain.obj
 0001:000155f0       capture_previous_context   00000001800165f0 f   MSVCRTD:gs_report.obj
 0001:000156b0       __get_entropy              00000001800166b0 f   MSVCRTD:gs_support.obj
 0001:00015900       ?find_pe_section@@YAPEAU_IMAGE_SECTION_HEADER@@QEAE_K@Z 0000000180016900 f   MSVCRTD:utility.obj
 0001:000159e0       ?is_potentially_valid_image_base@@YA_NQEAX@Z 00000001800169e0 f   MSVCRTD:utility.obj
 0001:00016590       $$000000                   0000000180017590     MSVCRTD:guard_dispatch.obj
 0001:000165b0       $$000000                   00000001800175b0     MSVCRTD:guard_xfg_dispatch.obj
 0001:000165d0       ?dtor$0@?0??LoadBitmap@@YAXPEAUgame_assets@@Ubitmap_id@@H@Z@4HA 00000001800175d0 f   p5engine.obj
 0001:000165eb       ?dtor$0@?0??LoadSound@@YAXPEAUgame_assets@@Usound_id@@@Z@4HA 00000001800175eb f   p5engine.obj
 0001:00016606       ?dtor$0@?0??LoadFont@@YAXPEAUgame_assets@@Ufont_id@@H@Z@4HA 0000000180017606 f   p5engine.obj
 0001:00016621       ?dtor$0@?0??DEBUGReset@@YAXPEAUgame_assets@@II@Z@4HA 0000000180017621 f   p5engine.obj
 0001:00016639       ?dtor$0@?0??DrawRectangle@@YAXPEAUloaded_bitmap@@Tv2@@1Tv4@@Urectangle2i@@H@Z@4HA 0000000180017639 f   p5engine.obj
 0001:00016654       ?dtor$0@?0??RenderGroupToOutput@@YAXPEAUrender_group@@PEAUloaded_bitmap@@Urectangle2i@@H@Z@4HA 0000000180017654 f   p5engine.obj
 0001:0001666f       ?dtor$0@?0??RenderGroupToOutput@@YAXPEAUrender_group@@PEAUloaded_bitmap@@@Z@4HA 000000018001766f f   p5engine.obj
 0001:00016687       ?dtor$0@?0??TiledRenderGroupToOutput@@YAXPEAUplatform_work_queue@@PEAUrender_group@@PEAUloaded_bitmap@@@Z@4HA 0000000180017687 f   p5engine.obj
 0001:000166a2       ?dtor$0@?0??BeginRender@@YAXPEAUrender_group@@@Z@4HA 00000001800176a2 f   p5engine.obj
 0001:000166ba       ?dtor$0@?0??EndRender@@YAXPEAUrender_group@@@Z@4HA 00000001800176ba f   p5engine.obj
 0001:000166d2       ?dtor$0@?0??ChangeEntityLocation@@YAXPEAUmemory_arena@@PEAUworld@@IPEAUlow_entity@@Uworld_position@@@Z@4HA 00000001800176d2 f   p5engine.obj
 0001:000166ed       ?dtor$0@?0??AddEntityRaw@@YAPEAUsim_entity@@PEAUgame_state@@PEAUsim_region@@IPEAUlow_entity@@@Z@4HA 00000001800176ed f   p5engine.obj
 0001:00016705       ?dtor$0@?0??BeginSim@@YAPEAUsim_region@@PEAUmemory_arena@@PEAUgame_state@@PEAUworld@@Uworld_position@@Urectangle3@@M@Z@4HA 0000000180017705 f   p5engine.obj
 0001:00016720       ?dtor$0@?0??EndSim@@YAXPEAUsim_region@@PEAUgame_state@@@Z@4HA 0000000180017720 f   p5engine.obj
 0001:0001673b       ?dtor$0@?0??SpeculativeCollide@@YAHPEAUsim_entity@@0Tv3@@@Z@4HA 000000018001773b f   p5engine.obj
 0001:00016756       ?dtor$0@?0??EntitiesOverlap@@YAHPEAUsim_entity@@0Tv3@@@Z@4HA 0000000180017756 f   p5engine.obj
 0001:00016771       ?dtor$0@?0??MoveEntity@@YAXPEAUgame_state@@PEAUsim_region@@PEAUsim_entity@@MPEAUmove_spec@@Tv3@@@Z@4HA 0000000180017771 f   p5engine.obj
 0001:0001678c       ?dtor$0@?0??LoadAssetWorkDirectly@@YAXPEAUload_asset_work@@@Z@4HA 000000018001778c f   p5engine.obj
 0001:000167a4       ?dtor$0@?0??AcquireAssetMemory@@YAPEAUasset_memory_header@@PEAUgame_assets@@II@Z@4HA 00000001800177a4 f   p5engine.obj
 0001:000167bc       ?dtor$0@?0??GetBestMatchAssetFrom@@YAIPEAUgame_assets@@W4asset_type_id@@PEAUasset_vector@@2@Z@4HA 00000001800177bc f   p5engine.obj
 0001:000167d7       ?dtor$0@?0??GetRandomAssetFrom@@YAIPEAUgame_assets@@W4asset_type_id@@PEAUrandom_series@@@Z@4HA 00000001800177d7 f   p5engine.obj
 0001:000167ef       ?dtor$0@?0??GetFirstAssetFrom@@YAIPEAUgame_assets@@W4asset_type_id@@@Z@4HA 00000001800177ef f   p5engine.obj
 0001:00016807       ?dtor$0@?0??AllocateGameAssets@@YAPEAUgame_assets@@PEAUmemory_arena@@_KPEAUtransient_state@@@Z@4HA 0000000180017807 f   p5engine.obj
 0001:00016822       ?dtor$0@?0??PlaySound@@YAPEAUplaying_sound@@PEAUaudio_state@@Usound_id@@@Z@4HA 0000000180017822 f   p5engine.obj
 0001:0001683a       ?dtor$0@?0??OutputPlayingSounds@@YAXPEAUaudio_state@@PEAUgame_sound_output_buffer@@PEAUgame_assets@@PEAUmemory_arena@@@Z@4HA 000000018001783a f   p5engine.obj
 0001:00016855       ?dtor$0@?0??FillGroundChunkWork@@YAXPEAUplatform_work_queue@@PEAX@Z@4HA 0000000180017855 f   p5engine.obj
 0001:00016870       GameUpdateAndRender$dtor$0 0000000180017870 f   p5engine.obj
 0001:0001688b       GameUpdateAndRender$dtor$1 000000018001788b f   p5engine.obj
 0001:000168b0       ?dtor$0@?0??ChangeEntityLocationRaw@@YAXPEAUmemory_arena@@PEAUworld@@IPEAUworld_position@@2@Z@4HA 00000001800178b0 f   p5engine.obj
 0001:000168d0       ?dtor$0@?0??GetRenderEntityBasisPos@@YA?AUentity_basis_p_result@@PEAUrender_transform@@Tv3@@@Z@4HA 00000001800178d0 f   p5engine.obj
 0001:000168f0       ?dtor$0@?0??GetWorldChunk@@YAPEAUworld_chunk@@PEAUworld@@HHHPEAUmemory_arena@@@Z@4HA 00000001800178f0 f   p5engine.obj
 0001:000168f0       ?dtor$0@?0??PushRenderElement_@@YAPEAXPEAUrender_group@@IW4render_group_entry_type@@@Z@4HA 00000001800178f0 f   p5engine.obj
 0001:00016910       ?dtor$0@?0??DrawRectangleQuickly@@YAXPEAUloaded_bitmap@@Tv2@@11Tv4@@0MUrectangle2i@@H@Z@4HA 0000000180017910 f   p5engine_optimized.obj
 0001:00016920       ?dtor$1@?0??DrawRectangleQuickly@@YAXPEAUloaded_bitmap@@Tv2@@11Tv4@@0MUrectangle2i@@H@Z@4HA 0000000180017920 f   p5engine_optimized.obj
 0001:00016930       ?fin$0@?0??dllmain_crt_process_attach@@YAHQEAUHINSTANCE__@@QEAX@Z@4HA 0000000180017930 f   MSVCRTD:dll_dllmain.obj
 0001:00016950       ?fin$0@?0??dllmain_crt_process_detach@@YAH_N@Z@4HA 0000000180017950 f   MSVCRTD:dll_dllmain.obj
 0001:0001696a       ?fin$1@?0??dllmain_crt_process_detach@@YAH_N@Z@4HA 000000018001796a f   MSVCRTD:dll_dllmain.obj
 0001:00016980       ?filt$0@?0??dllmain_dispatch@@YAHQEAUHINSTANCE__@@KQEAX@Z@4HA 0000000180017980 f   MSVCRTD:dll_dllmain.obj
 0001:000169d0       __scrt_is_nonwritable_in_current_image$filt$0 00000001800179d0 f   MSVCRTD:utility.obj
 0002:00000180       $SG32822                   0000000180018180     p5engine.obj
 0002:000001a0       $SG32823                   00000001800181a0     p5engine.obj
 0002:000001e8       $SG32860                   00000001800181e8     p5engine.obj
 0002:000001f8       $SG33100                   00000001800181f8     p5engine.obj
 0002:00000210       $SG32861                   0000000180018210     p5engine.obj
 0002:00000258       $SG33015                   0000000180018258     p5engine.obj
 0002:00000268       $SG33197                   0000000180018268     p5engine.obj
 0002:00000280       $SG33016                   0000000180018280     p5engine.obj
 0002:000002c8       $SG33381                   00000001800182c8     p5engine.obj
 0002:000002e0       $SG33101                   00000001800182e0     p5engine.obj
 0002:00000328       $SG33248                   0000000180018328     p5engine.obj
 0002:00000338       $SG33396                   0000000180018338     p5engine.obj
 0002:00000350       $SG33198                   0000000180018350     p5engine.obj
 0002:00000398       $SG33408                   0000000180018398     p5engine.obj
 0002:000003b0       $SG33249                   00000001800183b0     p5engine.obj
 0002:000003f8       $SG33285                   00000001800183f8     p5engine.obj
 0002:00000408       $SG33554                   0000000180018408     p5engine.obj
 0002:00000420       $SG33286                   0000000180018420     p5engine.obj
 0002:00000468       $SG33323                   0000000180018468     p5engine.obj
 0002:00000478       $SG33557                   0000000180018478     p5engine.obj
 0002:000004a0       $SG33324                   00000001800184a0     p5engine.obj
 0002:000004e8       $SG33559                   00000001800184e8     p5engine.obj
 0002:00000508       $SG33868                   0000000180018508     p5engine.obj
 0002:00000520       $SG33382                   0000000180018520     p5engine.obj
 0002:00000568       $SG33563                   0000000180018568     p5engine.obj
 0002:00000578       $SG34222                   0000000180018578     p5engine.obj
 0002:00000590       $SG33397                   0000000180018590     p5engine.obj
 0002:000005d8       $SG34223                   00000001800185d8     p5engine.obj
 0002:00000614       $SG32717                   0000000180018614     p5engine.obj
 0002:00000620       $SG33409                   0000000180018620     p5engine.obj
 0002:00000668       $SG34709                   0000000180018668     p5engine.obj
 0002:00000680       $SG33555                   0000000180018680     p5engine.obj
 0002:000006c8       $SG33635                   00000001800186c8     p5engine.obj
 0002:000006d8       $SG34710                   00000001800186d8     p5engine.obj
 0002:00000720       $SG33636                   0000000180018720     p5engine.obj
 0002:00000770       $SG33869                   0000000180018770     p5engine.obj
 0002:000007b8       $SG34797                   00000001800187b8     p5engine.obj
 0002:000007c8       $SG34799                   00000001800187c8     p5engine.obj
 0002:000007e0       $SG34800                   00000001800187e0     p5engine.obj
 0002:00000820       $SG37147                   0000000180018820     p5engine.obj
 0002:00000830       $SG37148                   0000000180018830     p5engine.obj
 0002:00000878       $SG37317                   0000000180018878     p5engine.obj
 0002:00000890       $SG31381                   0000000180018890     p5engine.obj
 0002:000008a0       $SG31382                   00000001800188a0     p5engine.obj
 0002:000008f0       $SG31700                   00000001800188f0     p5engine.obj
 0002:00000910       $SG31701                   0000000180018910     p5engine.obj
 0002:00000960       $SG31756                   0000000180018960     p5engine.obj
 0002:00000980       $SG31757                   0000000180018980     p5engine.obj
 0002:000009d0       $SG31807                   00000001800189d0     p5engine.obj
 0002:000009e0       $SG31808                   00000001800189e0     p5engine.obj
 0002:00000a30       $SG31870                   0000000180018a30     p5engine.obj
 0002:00000a40       $SG31871                   0000000180018a40     p5engine.obj
 0002:00000a90       $SG32119                   0000000180018a90     p5engine.obj
 0002:00000ab0       $SG32120                   0000000180018ab0     p5engine.obj
 0002:00000b00       $SG32128                   0000000180018b00     p5engine.obj
 0002:00000b10       $SG32162                   0000000180018b10     p5engine.obj
 0002:00000b30       $SG32163                   0000000180018b30     p5engine.obj
 0002:00000b80       $SG32191                   0000000180018b80     p5engine.obj
 0002:00000ba0       $SG32192                   0000000180018ba0     p5engine.obj
 0002:00000bf0       $SG32215                   0000000180018bf0     p5engine.obj
 0002:00000c00       $SG32216                   0000000180018c00     p5engine.obj
 0002:00000c50       $SG32224                   0000000180018c50     p5engine.obj
 0002:00000c60       $SG32225                   0000000180018c60     p5engine.obj
 0002:00000cb0       $SG32508                   0000000180018cb0     p5engine.obj
 0002:00000cd0       $SG32509                   0000000180018cd0     p5engine.obj
 0002:00000d18       $SG32582                   0000000180018d18     p5engine.obj
 0002:00000d30       $SG32583                   0000000180018d30     p5engine.obj
 0002:00000d78       $SG32591                   0000000180018d78     p5engine.obj
 0002:00000d88       $SG32685                   0000000180018d88     p5engine.obj
 0002:00000da0       $SG32686                   0000000180018da0     p5engine.obj
 0002:00000df0       $SG32718                   0000000180018df0     p5engine.obj
 0002:00001168       GS_ExceptionPointers       0000000180019168     MSVCRTD:gs_report.obj
 0002:000018a8       $unwind$?GetAsset@@YAPEAUasset_memory_header@@PEAUgame_assets@@II@Z 00000001800198a8     p5engine.obj
 0002:000018a8       $unwind$AtomicCompareExchangeU32 00000001800198a8     p5engine.obj
 0002:000018a8       $unwind$?dllmain_crt_dispatch@@YAHQEAUHINSTANCE__@@KQEAX@Z 00000001800198a8     MSVCRTD:dll_dllmain.obj
 0002:000018a8       $unwind$?dllmain_raw@@YAHQEAUHINSTANCE__@@KQEAX@Z 00000001800198a8     MSVCRTD:dll_dllmain.obj
 0002:000018b0       $unwind$??Y@YAAEATv2@@AEAT0@T0@@Z 00000001800198b0     p5engine.obj
 0002:000018b0       $unwind$?GetArenaSizeRemaining@@YA_KPEAUmemory_arena@@_K@Z 00000001800198b0     p5engine.obj
 0002:000018b0       $unwind$?Hadamard@@YA?ATv2@@T1@0@Z 00000001800198b0     p5engine.obj
 0002:000018b0       $unwind$?Inner@@YAMTv2@@0@Z 00000001800198b0     p5engine.obj
 0002:000018b0       $unwind$?Inner@@YAMTv3@@0@Z 00000001800198b0     p5engine.obj
 0002:000018b0       $unwind$?InsertAssetHeaderAtFront@@YAXPEAUgame_assets@@PEAUasset_memory_header@@@Z 00000001800198b0     p5engine.obj
 0002:000018b0       $unwind$?IsCanonical@@YAHPEAUworld@@Tv3@@@Z 00000001800198b0     p5engine.obj
 0002:000018b0       $unwind$?IsInRectangle@@YAHUrectangle3@@Tv3@@@Z 00000001800198b0     p5engine.obj
 0002:000018b0       $unwind$?RectanglesIntersect@@YAHUrectangle3@@0@Z 00000001800198b0     p5engine.obj
 0002:000018b0       $unwind$?ZeroSize@@YAX_KPEAX@Z 00000001800198b0     p5engine.obj
 0002:000018b0       $unwind$AtomicAddU64       00000001800198b0     p5engine.obj
 0002:000018b0       $unwind$AtomicExchangeU64  00000001800198b0     p5engine.obj
 0002:000018b0       $unwind$?find_pe_section@@YAPEAU_IMAGE_SECTION_HEADER@@QEAE_K@Z 00000001800198b0     MSVCRTD:utility.obj
 0002:000018b8       $unwind$GetThreadID        00000001800198b8     p5engine.obj
 0002:000018b8       $unwind$__scrt_initialize_default_local_stdio_options 00000001800198b8     MSVCRTD:default_local_stdio_options.obj
 0002:000018b8       $unwind$__security_init_cookie 00000001800198b8     MSVCRTD:gs_support.obj
 0002:000018c0       $unwind$?EndGeneration@@YAXPEAUgame_assets@@I@Z 00000001800198c0     p5engine.obj
 0002:000018c0       $unwind$?GetFile@@YAPEAUasset_file@@PEAUgame_assets@@I@Z 00000001800198c0     p5engine.obj
 0002:000018c0       $unwind$?GetFileHandleFor@@YAPEAUplatform_file_handle@@PEAUgame_assets@@I@Z 00000001800198c0     p5engine.obj
 0002:000018c0       $unwind$?GetFontInfo@@YAPEAUp5a_font@@PEAUgame_assets@@Ufont_id@@@Z 00000001800198c0     p5engine.obj
 0002:000018c0       $unwind$?GetLaneFromThreadIndex@@YAIPEAUdebug_state@@I@Z 00000001800198c0     p5engine.obj
 0002:000018c0       $unwind$?GetLowEntity@@YAPEAUlow_entity@@PEAUgame_state@@I@Z 00000001800198c0     p5engine.obj
 0002:000018c0       $unwind$?GetSoundInfo@@YAPEAUp5a_sound@@PEAUgame_assets@@Usound_id@@@Z 00000001800198c0     p5engine.obj
 0002:000018c0       $unwind$?HasFlag@@YAHPEAUsim_entity@@I@Z 00000001800198c0     p5engine.obj
 0002:000018c0       $unwind$?PushFont@@YAPEAUloaded_font@@PEAUrender_group@@Ufont_id@@@Z 00000001800198c0     p5engine.obj
 0002:000018c0       $unwind$?RandomChoice@@YAIPEAUrandom_series@@I@Z 00000001800198c0     p5engine.obj
 0002:000018c0       $unwind$GetController      00000001800198c0     p5engine.obj
 0002:000018c8       $unwind$RecordDebugEvent   00000001800198c8     p5engine.obj
 0002:000018d0       $unwind$??0timed_block@@QEAA@HPEADH0H@Z 00000001800198d0     p5engine.obj
 0002:000018d0       $unwind$__scrt_dllmain_exception_filter 00000001800198d0     MSVCRTD:utility.obj
 0002:000018d8       $unwind$??1timed_block@@QEAA@XZ 00000001800198d8     p5engine.obj
 0002:000018e8       $cppxdata$??1timed_block@@QEAA@XZ 00000001800198e8     p5engine.obj
 0002:000018ed       $ip2state$??1timed_block@@QEAA@XZ 00000001800198ed     p5engine.obj
 0002:000018f0       $unwind$?InitializeArena@@YAXPEAUmemory_arena@@_KPEAX@Z 00000001800198f0     p5engine.obj
 0002:000018f8       $unwind$?GetAlignmentOffset@@YA_KPEAUmemory_arena@@_K@Z 00000001800198f8     p5engine.obj
 0002:00001900       $unwind$?PushSize_@@YAPEAXPEAUmemory_arena@@_K1@Z 0000000180019900     p5engine.obj
 0002:00001908       $unwind$??G@YA?ATv3@@T0@@Z 0000000180019908     p5engine.obj
 0002:00001908       $unwind$?BeginTemporaryMemory@@YA?AUtemporary_memory@@PEAUmemory_arena@@@Z 0000000180019908     p5engine.obj
 0002:0000191c       $unwind$?AllResourcesPresent@@YAHPEAUrender_group@@@Z 000000018001991c     p5engine.obj
 0002:0000191c       $unwind$?BeginGeneration@@YAIPEAUgame_assets@@@Z 000000018001991c     p5engine.obj
 0002:0000191c       $unwind$?EndTemporaryMemory@@YAXUtemporary_memory@@@Z 000000018001991c     p5engine.obj
 0002:0000191c       $unwind$?GetDim@@YA?ATv2@@Urectangle2@@@Z 000000018001991c     p5engine.obj
 0002:0000191c       $unwind$?IsValid@@YAHUworld_position@@@Z 000000018001991c     p5engine.obj
 0002:0000191c       $unwind$?LengthSq@@YAMTv2@@@Z 000000018001991c     p5engine.obj
 0002:0000191c       $unwind$?RandomBilateral@@YAMPEAUrandom_series@@@Z 000000018001991c     p5engine.obj
 0002:0000191c       $unwind$?RandomNextUInt32@@YAIPEAUrandom_series@@@Z 000000018001991c     p5engine.obj
 0002:0000191c       $unwind$?RandomUnilateral@@YAMPEAUrandom_series@@@Z 000000018001991c     p5engine.obj
 0002:0000191c       $unwind$__CheckForDebuggerJustMyCode 000000018001991c     MSVCRTD:debugger_jmc.obj
 0002:0000191c       $unwind$__report_gsfailure 000000018001991c     MSVCRTD:gs_report.obj
 0002:00001924       $unwind$?BeginAssetLock@@YAXPEAUgame_assets@@@Z 0000000180019924     p5engine.obj
 0002:00001924       $unwind$?CheckArena@@YAXPEAUmemory_arena@@@Z 0000000180019924     p5engine.obj
 0002:00001924       $unwind$?EndAssetLock@@YAXPEAUgame_assets@@@Z 0000000180019924     p5engine.obj
 0002:00001924       $unwind$?StoreEntityReference@@YAXPEATentity_reference@@@Z 0000000180019924     p5engine.obj
 0002:00001924       $unwind$__raise_securityfailure 0000000180019924     MSVCRTD:gs_report.obj
 0002:00001924       $unwind$?is_potentially_valid_image_base@@YA_NQEAX@Z 0000000180019924     MSVCRTD:utility.obj
 0002:0000192c       $unwind$?SubArena@@YAXPEAUmemory_arena@@0_K1@Z 000000018001992c     p5engine.obj
 0002:0000192c       $unwind$__GSHandlerCheck   000000018001992c     MSVCRTD:gshandler.obj
 0002:00001934       $unwind$?AbsoluteValue@@YAMM@Z 0000000180019934     p5engine.obj
 0002:00001934       $unwind$?Clamp01@@YAMM@Z   0000000180019934     p5engine.obj
 0002:00001934       $unwind$?RoundReal32ToInt32@@YAHM@Z 0000000180019934     p5engine.obj
 0002:00001934       $unwind$?RoundReal32ToUInt32@@YAIM@Z 0000000180019934     p5engine.obj
 0002:00001934       $unwind$?SignOf@@YAMM@Z    0000000180019934     p5engine.obj
 0002:00001934       $unwind$?Sin@@YAMM@Z       0000000180019934     p5engine.obj
 0002:00001934       $unwind$?Square@@YAMM@Z    0000000180019934     p5engine.obj
 0002:00001934       $unwind$?SquareRoot@@YAMM@Z 0000000180019934     p5engine.obj
 0002:0000193c       $unwind$?ATan2@@YAMMM@Z    000000018001993c     p5engine.obj
 0002:0000193c       $unwind$?IsCanonical@@YAHMM@Z 000000018001993c     p5engine.obj
 0002:0000193c       $unwind$?SafeRatio1@@YAMMM@Z 000000018001993c     p5engine.obj
 0002:00001944       $unwind$?Clamp01MapToRange@@YAMMMM@Z 0000000180019944     p5engine.obj
 0002:00001944       $unwind$?Clamp@@YAMMMM@Z   0000000180019944     p5engine.obj
 0002:00001944       $unwind$?SafeRatioN@@YAMMMM@Z 0000000180019944     p5engine.obj
 0002:0000194c       $unwind$?V2@@YA?ATv2@@MM@Z 000000018001994c     p5engine.obj
 0002:0000195c       $unwind$?V2i@@YA?ATv2@@HH@Z 000000018001995c     p5engine.obj
 0002:00001964       $unwind$??D@YA?ATv2@@MT0@@Z 0000000180019964     p5engine.obj
 0002:00001974       $unwind$??G@YA?ATv2@@T0@0@Z 0000000180019974     p5engine.obj
 0002:00001974       $unwind$??H@YA?ATv2@@T0@0@Z 0000000180019974     p5engine.obj
 0002:00001974       $unwind$?GetBarycentric@@YA?ATv2@@Urectangle2@@T1@@Z 0000000180019974     p5engine.obj
 0002:00001984       $unwind$?Clamp01@@YA?ATv2@@T1@@Z 0000000180019984     p5engine.obj
 0002:00001994       $unwind$?V3@@YA?ATv3@@MMM@Z 0000000180019994     p5engine.obj
 0002:00001994       $unwind$?V4@@YA?ATv4@@MMMM@Z 0000000180019994     p5engine.obj
 0002:000019a8       $unwind$??D@YA?ATv3@@MT0@@Z 00000001800199a8     p5engine.obj
 0002:000019a8       $unwind$??D@YA?ATv4@@MT0@@Z 00000001800199a8     p5engine.obj
 0002:000019a8       $unwind$?ToV3@@YA?ATv3@@Tv2@@M@Z 00000001800199a8     p5engine.obj
 0002:000019bc       $unwind$??D@YA?ATv3@@T0@M@Z 00000001800199bc     p5engine.obj
 0002:000019bc       $unwind$?GetCameraRectangleAtDistance@@YA?AUrectangle2@@PEAUrender_group@@M@Z 00000001800199bc     p5engine.obj
 0002:000019c8       $unwind$??X@YAAEATv3@@AEAT0@M@Z 00000001800199c8     p5engine.obj
 0002:000019d4       $unwind$??G@YA?ATv3@@T0@0@Z 00000001800199d4     p5engine.obj
 0002:000019d4       $unwind$??H@YA?ATv3@@T0@0@Z 00000001800199d4     p5engine.obj
 0002:000019e8       $unwind$??Y@YAAEATv3@@AEAT0@T0@@Z 00000001800199e8     p5engine.obj
 0002:000019e8       $unwind$??Z@YAAEATv3@@AEAT0@T0@@Z 00000001800199e8     p5engine.obj
 0002:000019e8       $unwind$?GetDim@@YA?ATv3@@Urectangle3@@@Z 00000001800199e8     p5engine.obj
 0002:000019f4       $unwind$?AreInSameChunk@@YAHPEAUworld@@PEAUworld_position@@1@Z 00000001800199f4     p5engine.obj
 0002:000019f4       $unwind$?Hadamard@@YA?ATv3@@T1@0@Z 00000001800199f4     p5engine.obj
 0002:000019f4       $unwind$?RectCenterDim@@YA?AUrectangle2@@Tv2@@0@Z 00000001800199f4     p5engine.obj
 0002:00001a00       $unwind$?LengthSq@@YAMTv3@@@Z 0000000180019a00     p5engine.obj
 0002:00001a0c       $unwind$?Length@@YAMTv3@@@Z 0000000180019a0c     p5engine.obj
 0002:00001a0c       $unwind$?MakeEntityNonSpatial@@YAXPEAUsim_entity@@@Z 0000000180019a0c     p5engine.obj
 0002:00001a18       $unwind$?ToV4@@YA?ATv4@@Tv3@@M@Z 0000000180019a18     p5engine.obj
 0002:00001a24       $unwind$?RectCenterHalfDim@@YA?AUrectangle2@@Tv2@@0@Z 0000000180019a24     p5engine.obj
 0002:00001a38       $unwind$?Intersect@@YA?AUrectangle2i@@U1@0@Z 0000000180019a38     p5engine.obj
 0002:00001a44       $unwind$?Clear@@YAXPEAUrender_group@@Tv4@@@Z 0000000180019a44     p5engine.obj
 0002:00001a44       $unwind$?GetMaxCorner@@YA?ATv3@@Urectangle3@@@Z 0000000180019a44     p5engine.obj
 0002:00001a44       $unwind$?GetMinCorner@@YA?ATv3@@Urectangle3@@@Z 0000000180019a44     p5engine.obj
 0002:00001a50       $unwind$?RectMinMax@@YA?AUrectangle3@@Tv3@@0@Z 0000000180019a50     p5engine.obj
 0002:00001a64       $unwind$?AddRadiusTo@@YA?AUrectangle3@@U1@Tv3@@@Z 0000000180019a64     p5engine.obj
 0002:00001a64       $unwind$?RectCenterHalfDim@@YA?AUrectangle3@@Tv3@@0@Z 0000000180019a64     p5engine.obj
 0002:00001a78       $unwind$?RectCenterDim@@YA?AUrectangle3@@Tv3@@0@Z 0000000180019a78     p5engine.obj
 0002:00001a84       $unwind$?RandomSeed@@YA?AUrandom_series@@I@Z 0000000180019a84     p5engine.obj
 0002:00001a94       $unwind$?AddFlags@@YAXPEAUsim_entity@@I@Z 0000000180019a94     p5engine.obj
 0002:00001a94       $unwind$?ClearFlags@@YAXPEAUsim_entity@@I@Z 0000000180019a94     p5engine.obj
 0002:00001a94       $unwind$?PrefetchSound@@YAXPEAUgame_assets@@Usound_id@@@Z 0000000180019a94     p5engine.obj
 0002:00001a9c       $unwind$?MakeEntitySpatial@@YAXPEAUsim_entity@@Tv3@@1@Z 0000000180019a9c     p5engine.obj
 0002:00001aa8       $unwind$?GetEntityGroundPoint@@YA?ATv3@@PEAUsim_entity@@T1@@Z 0000000180019aa8     p5engine.obj
 0002:00001ab4       $unwind$?GetEntityGroundPoint@@YA?ATv3@@PEAUsim_entity@@@Z 0000000180019ab4     p5engine.obj
 0002:00001ac0       $unwind$?GetStairGround@@YAMPEAUsim_entity@@Tv3@@@Z 0000000180019ac0     p5engine.obj
 0002:00001acc       $unwind$?RemoveAssetHeaderFromList@@YAXPEAUasset_memory_header@@@Z 0000000180019acc     p5engine.obj
 0002:00001ad4       $unwind$?LoadBitmap@@YAXPEAUgame_assets@@Ubitmap_id@@H@Z 0000000180019ad4     p5engine.obj
 0002:00001aec       $cppxdata$?LoadBitmap@@YAXPEAUgame_assets@@Ubitmap_id@@H@Z 0000000180019aec     p5engine.obj
 0002:00001af5       $stateUnwindMap$?LoadBitmap@@YAXPEAUgame_assets@@Ubitmap_id@@H@Z 0000000180019af5     p5engine.obj
 0002:00001afb       $ip2state$?LoadBitmap@@YAXPEAUgame_assets@@Ubitmap_id@@H@Z 0000000180019afb     p5engine.obj
 0002:00001b03       $cppxdata$?LoadSound@@YAXPEAUgame_assets@@Usound_id@@@Z 0000000180019b03     p5engine.obj
 0002:00001b0c       $unwind$?dtor$0@?0??LoadBitmap@@YAXPEAUgame_assets@@Ubitmap_id@@H@Z@4HA 0000000180019b0c     p5engine.obj
 0002:00001b14       $unwind$?LoadSound@@YAXPEAUgame_assets@@Usound_id@@@Z 0000000180019b14     p5engine.obj
 0002:00001b2c       $stateUnwindMap$?LoadSound@@YAXPEAUgame_assets@@Usound_id@@@Z 0000000180019b2c     p5engine.obj
 0002:00001b32       $ip2state$?LoadSound@@YAXPEAUgame_assets@@Usound_id@@@Z 0000000180019b32     p5engine.obj
 0002:00001b3a       $cppxdata$?LoadFont@@YAXPEAUgame_assets@@Ufont_id@@H@Z 0000000180019b3a     p5engine.obj
 0002:00001b43       $cppxdata$?DEBUGReset@@YAXPEAUgame_assets@@II@Z 0000000180019b43     p5engine.obj
 0002:00001b4c       $unwind$?dtor$0@?0??LoadSound@@YAXPEAUgame_assets@@Usound_id@@@Z@4HA 0000000180019b4c     p5engine.obj
 0002:00001b54       $unwind$?LoadFont@@YAXPEAUgame_assets@@Ufont_id@@H@Z 0000000180019b54     p5engine.obj
 0002:00001b6c       $stateUnwindMap$?LoadFont@@YAXPEAUgame_assets@@Ufont_id@@H@Z 0000000180019b6c     p5engine.obj
 0002:00001b72       $ip2state$?LoadFont@@YAXPEAUgame_assets@@Ufont_id@@H@Z 0000000180019b72     p5engine.obj
 0002:00001b7a       $stateUnwindMap$?DEBUGReset@@YAXPEAUgame_assets@@II@Z 0000000180019b7a     p5engine.obj
 0002:00001b80       $unwind$?dtor$0@?0??LoadFont@@YAXPEAUgame_assets@@Ufont_id@@H@Z@4HA 0000000180019b80     p5engine.obj
 0002:00001b88       $unwind$?DEBUGReset@@YAXPEAUgame_assets@@II@Z 0000000180019b88     p5engine.obj
 0002:00001ba0       $ip2state$?DEBUGReset@@YAXPEAUgame_assets@@II@Z 0000000180019ba0     p5engine.obj
 0002:00001ba8       $unwind$?dtor$0@?0??DEBUGReset@@YAXPEAUgame_assets@@II@Z@4HA 0000000180019ba8     p5engine.obj
 0002:00001bb0       $unwind$?DEBUGOverlay@@YAXPEAUgame_memory@@@Z 0000000180019bb0     p5engine.obj
 0002:00001bbc       $unwind$?AddCollisionRule@@YAXPEAUgame_state@@IIH@Z 0000000180019bbc     p5engine.obj
 0002:00001bc4       $unwind$?ClearCollisionRulesFor@@YAXPEAUgame_state@@I@Z 0000000180019bc4     p5engine.obj
 0002:00001bcc       $unwind$?BeginTaskWithMemory@@YAPEAUtask_with_memory@@PEAUtransient_state@@@Z 0000000180019bcc     p5engine.obj
 0002:00001bd8       $unwind$?EndTaskWithMemory@@YAXPEAUtask_with_memory@@@Z 0000000180019bd8     p5engine.obj
 0002:00001be4       $unwind$?DrawRectangle@@YAXPEAUloaded_bitmap@@Tv2@@1Tv4@@Urectangle2i@@H@Z 0000000180019be4     p5engine.obj
 0002:00001bfc       $cppxdata$?DrawRectangle@@YAXPEAUloaded_bitmap@@Tv2@@1Tv4@@Urectangle2i@@H@Z 0000000180019bfc     p5engine.obj
 0002:00001c05       $stateUnwindMap$?DrawRectangle@@YAXPEAUloaded_bitmap@@Tv2@@1Tv4@@Urectangle2i@@H@Z 0000000180019c05     p5engine.obj
 0002:00001c0b       $ip2state$?DrawRectangle@@YAXPEAUloaded_bitmap@@Tv2@@1Tv4@@Urectangle2i@@H@Z 0000000180019c0b     p5engine.obj
 0002:00001c13       $cppxdata$?RenderGroupToOutput@@YAXPEAUrender_group@@PEAUloaded_bitmap@@Urectangle2i@@H@Z 0000000180019c13     p5engine.obj
 0002:00001c1c       $unwind$?dtor$0@?0??DrawRectangle@@YAXPEAUloaded_bitmap@@Tv2@@1Tv4@@Urectangle2i@@H@Z@4HA 0000000180019c1c     p5engine.obj
 0002:00001c24       $unwind$?RenderGroupToOutput@@YAXPEAUrender_group@@PEAUloaded_bitmap@@Urectangle2i@@H@Z 0000000180019c24     p5engine.obj
 0002:00001c3c       $stateUnwindMap$?RenderGroupToOutput@@YAXPEAUrender_group@@PEAUloaded_bitmap@@Urectangle2i@@H@Z 0000000180019c3c     p5engine.obj
 0002:00001c42       $ip2state$?RenderGroupToOutput@@YAXPEAUrender_group@@PEAUloaded_bitmap@@Urectangle2i@@H@Z 0000000180019c42     p5engine.obj
[...]
 0002:00002103       $ip2state$?OutputPlayingSounds@@YAXPEAUaudio_state@@PEAUgame_sound_output_buffer@@PEAUgame_assets@@PEAUmemory_arena@@@Z 000000018001a103     p5engine.obj
 0002:0000210b       $cppxdata$?FillGroundChunkWork@@YAXPEAUplatform_work_queue@@PEAX@Z 000000018001a10b     p5engine.obj
 0002:00002114       $unwind$?dtor$0@?0??OutputPlayingSounds@@YAXPEAUaudio_state@@PEAUgame_sound_output_buffer@@PEAUgame_assets@@PEAUmemory_arena@@@Z@4HA 000000018001a114     p5engine.obj
 0002:0000211c       $unwind$?InitializeAudioState@@YAXPEAUaudio_state@@PEAUmemory_arena@@@Z 000000018001a11c     p5engine.obj
 0002:00002124       $unwind$?AddLowEntity@@YA?AUadd_low_entity_result@@PEAUgame_state@@W4entity_type@@Uworld_position@@@Z 000000018001a124     p5engine.obj
 0002:00002138       $unwind$?AddGroundedEntity@@YA?AUadd_low_entity_result@@PEAUgame_state@@W4entity_type@@Uworld_position@@PEAUsim_entity_collision_volume_group@@@Z 000000018001a138     p5engine.obj
 0002:00002144       $unwind$?AddStandardRoom@@YA?AUadd_low_entity_result@@PEAUgame_state@@III@Z 000000018001a144     p5engine.obj
 0002:00002150       $unwind$?AddWall@@YA?AUadd_low_entity_result@@PEAUgame_state@@III@Z 000000018001a150     p5engine.obj
 0002:0000215c       $unwind$?AddStairs@@YA?AUadd_low_entity_result@@PEAUgame_state@@III@Z 000000018001a15c     p5engine.obj
 0002:00002168       $unwind$?InitHitPoints@@YAXPEAUlow_entity@@I@Z 000000018001a168     p5engine.obj
 0002:00002170       $unwind$?AddSword@@YA?AUadd_low_entity_result@@PEAUgame_state@@@Z 000000018001a170     p5engine.obj
 0002:0000217c       $unwind$?AddPlayer@@YA?AUadd_low_entity_result@@PEAUgame_state@@@Z 000000018001a17c     p5engine.obj
 0002:00002188       $unwind$?AddMonstar@@YA?AUadd_low_entity_result@@PEAUgame_state@@III@Z 000000018001a188     p5engine.obj
 0002:00002194       $unwind$?AddFamiliar@@YA?AUadd_low_entity_result@@PEAUgame_state@@III@Z 000000018001a194     p5engine.obj
 0002:000021a0       $unwind$?DrawHitpoints@@YAXPEAUsim_entity@@PEAUrender_group@@@Z 000000018001a1a0     p5engine.obj
 0002:000021b4       $unwind$?MakeSimpleGroundedCollision@@YAPEAUsim_entity_collision_volume_group@@PEAUgame_state@@MMM@Z 000000018001a1b4     p5engine.obj
 0002:000021c0       $unwind$?MakeNullCollision@@YAPEAUsim_entity_collision_volume_group@@PEAUgame_state@@@Z 000000018001a1c0     p5engine.obj
 0002:000021cc       $unwind$?FillGroundChunkWork@@YAXPEAUplatform_work_queue@@PEAX@Z 000000018001a1cc     p5engine.obj
 0002:000021e4       $stateUnwindMap$?FillGroundChunkWork@@YAXPEAUplatform_work_queue@@PEAX@Z 000000018001a1e4     p5engine.obj
 0002:000021ea       $ip2state$?FillGroundChunkWork@@YAXPEAUplatform_work_queue@@PEAX@Z 000000018001a1ea     p5engine.obj
 0002:000021f2       $cppxdata$GameUpdateAndRender 000000018001a1f2     p5engine.obj
 0002:000021fc       $unwind$?dtor$0@?0??FillGroundChunkWork@@YAXPEAUplatform_work_queue@@PEAX@Z@4HA 000000018001a1fc     p5engine.obj
 0002:00002204       $unwind$?FillGroundChunk@@YAXPEAUtransient_state@@PEAUgame_state@@PEAUground_buffer@@PEAUworld_position@@@Z 000000018001a204     p5engine.obj
 0002:00002210       $unwind$?ClearBitmap@@YAXPEAUloaded_bitmap@@@Z 000000018001a210     p5engine.obj
 0002:00002218       $unwind$?MakeEmptyBitmap@@YA?AUloaded_bitmap@@PEAUmemory_arena@@HHH@Z 000000018001a218     p5engine.obj
 0002:0000222c       $unwind$?MakeSphereDiffuseMap@@YAXPEAUloaded_bitmap@@MM@Z 000000018001a22c     p5engine.obj
 0002:00002238       $unwind$?MakeSphereNormalMap@@YAXPEAUloaded_bitmap@@MMM@Z 000000018001a238     p5engine.obj
 0002:00002244       $unwind$GameUpdateAndRender 000000018001a244     p5engine.obj
 0002:0000225c       $stateUnwindMap$GameUpdateAndRender 000000018001a25c     p5engine.obj
 0002:00002267       $ip2state$GameUpdateAndRender 000000018001a267     p5engine.obj
 0002:00002278       $unwind$GameUpdateAndRender$dtor$0 000000018001a278     p5engine.obj
 0002:00002280       $unwind$GameUpdateAndRender$dtor$1 000000018001a280     p5engine.obj
 0002:00002288       $unwind$GameGetSoundSamples 000000018001a288     p5engine.obj
 0002:00002290       $unwind$?CollateDebugRecords@@YAXPEAUdebug_state@@I@Z 000000018001a290     p5engine.obj
 0002:00002298       $unwind$GameDEBUGFrameEnd  000000018001a298     p5engine.obj
 0002:000022a4       $unwind$?GetBitmap@@YAPEAUloaded_bitmap@@PEAUgame_assets@@Ubitmap_id@@I@Z 000000018001a2a4     p5engine.obj
 0002:000022a4       $unwind$?GetFont@@YAPEAUloaded_font@@PEAUgame_assets@@Ufont_id@@I@Z 000000018001a2a4     p5engine.obj
 0002:000022a4       $unwind$?GetSound@@YAPEAUloaded_sound@@PEAUgame_assets@@Usound_id@@I@Z 000000018001a2a4     p5engine.obj
 0002:000022ac       $unwind$?IsValid@@YAHUsound_id@@@Z 000000018001a2ac     p5engine.obj
 0002:000022b4       $unwind$?GetNextSoundInChain@@YA?AUsound_id@@PEAUgame_assets@@U1@@Z 000000018001a2b4     p5engine.obj
 0002:000022c4       $unwind$?GetRenderEntityBasisPos@@YA?AUentity_basis_p_result@@PEAUrender_transform@@Tv3@@@Z 000000018001a2c4     p5engine.obj
 0002:000022dc       $cppxdata$?GetRenderEntityBasisPos@@YA?AUentity_basis_p_result@@PEAUrender_transform@@Tv3@@@Z 000000018001a2dc     p5engine.obj
 0002:000022e5       $stateUnwindMap$?GetRenderEntityBasisPos@@YA?AUentity_basis_p_result@@PEAUrender_transform@@Tv3@@@Z 000000018001a2e5     p5engine.obj
 0002:000022eb       $ip2state$?GetRenderEntityBasisPos@@YA?AUentity_basis_p_result@@PEAUrender_transform@@Tv3@@@Z 000000018001a2eb     p5engine.obj
 0002:000022f4       $unwind$?dtor$0@?0??ChangeEntityLocationRaw@@YAXPEAUmemory_arena@@PEAUworld@@IPEAUworld_position@@2@Z@4HA 000000018001a2f4     p5engine.obj
 0002:000022f4       $unwind$?dtor$0@?0??GetRenderEntityBasisPos@@YA?AUentity_basis_p_result@@PEAUrender_transform@@Tv3@@@Z@4HA 000000018001a2f4     p5engine.obj
 0002:000022f4       $unwind$?dtor$0@?0??GetWorldChunk@@YAPEAUworld_chunk@@PEAUworld@@HHHPEAUmemory_arena@@@Z@4HA 000000018001a2f4     p5engine.obj
 0002:000022f4       $unwind$?dtor$0@?0??PushRenderElement_@@YAPEAXPEAUrender_group@@IW4render_group_entry_type@@@Z@4HA 000000018001a2f4     p5engine.obj
 0002:000022f4       $unwind$?fin$0@?0??dllmain_crt_process_attach@@YAHQEAUHINSTANCE__@@QEAX@Z@4HA 000000018001a2f4     MSVCRTD:dll_dllmain.obj
 0002:000022f4       $unwind$?fin$0@?0??dllmain_crt_process_detach@@YAH_N@Z@4HA 000000018001a2f4     MSVCRTD:dll_dllmain.obj
 0002:000022f4       $unwind$?fin$1@?0??dllmain_crt_process_detach@@YAH_N@Z@4HA 000000018001a2f4     MSVCRTD:dll_dllmain.obj
 0002:000022f4       $unwind$__scrt_is_nonwritable_in_current_image$filt$0 000000018001a2f4     MSVCRTD:utility.obj
 0002:000022fc       $unwind$?PushRenderElement_@@YAPEAXPEAUrender_group@@IW4render_group_entry_type@@@Z 000000018001a2fc     p5engine.obj
 0002:00002310       $cppxdata$?PushRenderElement_@@YAPEAXPEAUrender_group@@IW4render_group_entry_type@@@Z 000000018001a310     p5engine.obj
 0002:00002319       $stateUnwindMap$?GetWorldChunk@@YAPEAUworld_chunk@@PEAUworld@@HHHPEAUmemory_arena@@@Z 000000018001a319     p5engine.obj
 0002:00002319       $stateUnwindMap$?PushRenderElement_@@YAPEAXPEAUrender_group@@IW4render_group_entry_type@@@Z 000000018001a319     p5engine.obj
 0002:0000231f       $ip2state$?PushRenderElement_@@YAPEAXPEAUrender_group@@IW4render_group_entry_type@@@Z 000000018001a31f     p5engine.obj
 0002:00002328       $unwind$?PushBitmap@@YAXPEAUrender_group@@PEAUloaded_bitmap@@Tv3@@MTv4@@@Z 000000018001a328     p5engine.obj
 0002:00002334       $unwind$?PushBitmap@@YAXPEAUrender_group@@Ubitmap_id@@Tv3@@MTv4@@@Z 000000018001a334     p5engine.obj
 0002:00002340       $unwind$?PushRect@@YAXPEAUrender_group@@Tv3@@Tv2@@Tv4@@@Z 000000018001a340     p5engine.obj
 0002:0000234c       $unwind$?PushRectOutline@@YAXPEAUrender_group@@Tv3@@Tv2@@Tv4@@@Z 000000018001a34c     p5engine.obj
 0002:00002358       $unwind$?Orthographic@@YAXPEAUrender_group@@HHM@Z 000000018001a358     p5engine.obj
 0002:00002358       $unwind$?Perspective@@YAXPEAUrender_group@@HHMMM@Z 000000018001a358     p5engine.obj
 0002:00002358       $unwind$__GSHandlerCheck_EH4 000000018001a358     MSVCRTD:gshandlereh4.obj
 0002:00002360       $unwind$?RecanonicalizeCoord@@YAXMPEAHPEAM@Z 000000018001a360     p5engine.obj
 0002:00002360       $unwind$?Unproject@@YA?ATv2@@PEAUrender_group@@T1@M@Z 000000018001a360     p5engine.obj
 0002:00002368       $unwind$?GetCameraRectangleAtTarget@@YA?AUrectangle2@@PEAUrender_group@@@Z 000000018001a368     p5engine.obj
 0002:00002374       $unwind$?NullPosition@@YA?AUworld_position@@XZ 000000018001a374     p5engine.obj
 0002:00002388       $unwind$?GetWorldChunk@@YAPEAUworld_chunk@@PEAUworld@@HHHPEAUmemory_arena@@@Z 000000018001a388     p5engine.obj
 0002:0000239c       $cppxdata$?GetWorldChunk@@YAPEAUworld_chunk@@PEAUworld@@HHHPEAUmemory_arena@@@Z 000000018001a39c     p5engine.obj
 0002:000023a5       $ip2state$?GetWorldChunk@@YAPEAUworld_chunk@@PEAUworld@@HHHPEAUmemory_arena@@@Z 000000018001a3a5     p5engine.obj
 0002:000023b0       $unwind$?MapIntoChunkSpace@@YA?AUworld_position@@PEAUworld@@U1@Tv3@@@Z 000000018001a3b0     p5engine.obj
 0002:000023c4       $unwind$?ChunkPositionFromTilePosition@@YA?AUworld_position@@PEAUworld@@HHHTv3@@@Z 000000018001a3c4     p5engine.obj
 0002:000023d8       $unwind$?CenteredChunkPoint@@YA?AUworld_position@@III@Z 000000018001a3d8     p5engine.obj
 0002:000023ec       $unwind$?ChangeEntityLocationRaw@@YAXPEAUmemory_arena@@PEAUworld@@IPEAUworld_position@@2@Z 000000018001a3ec     p5engine.obj
 0002:00002404       $cppxdata$?ChangeEntityLocationRaw@@YAXPEAUmemory_arena@@PEAUworld@@IPEAUworld_position@@2@Z 000000018001a404     p5engine.obj
 0002:0000240d       $stateUnwindMap$?ChangeEntityLocationRaw@@YAXPEAUmemory_arena@@PEAUworld@@IPEAUworld_position@@2@Z 000000018001a40d     p5engine.obj
 0002:00002413       $ip2state$?ChangeEntityLocationRaw@@YAXPEAUmemory_arena@@PEAUworld@@IPEAUworld_position@@2@Z 000000018001a413     p5engine.obj
 0002:0000241c       $unwind$?GetSimSpacePos@@YA?ATv3@@PEAUsim_region@@PEAUlow_entity@@@Z 000000018001a41c     p5engine.obj
 0002:00002428       $unwind$?LoadEntityReference@@YAXPEAUgame_state@@PEAUsim_region@@PEATentity_reference@@@Z 000000018001a428     p5engine.obj
 0002:0000243c       $unwind$?EntityOverlapsRectangle@@YAHTv3@@Usim_entity_collision_volume@@Urectangle3@@@Z 000000018001a43c     p5engine.obj
 0002:00002448       $unwind$?DefaultMoveSpec@@YA?AUmove_spec@@XZ 000000018001a448     p5engine.obj
 0002:0000245c       $unwind$?DrawRectangleQuickly@@YAXPEAUloaded_bitmap@@Tv2@@11Tv4@@0MUrectangle2i@@H@Z 000000018001a45c     p5engine_optimized.obj
 0002:000024b0       $cppxdata$?DrawRectangleQuickly@@YAXPEAUloaded_bitmap@@Tv2@@11Tv4@@0MUrectangle2i@@H@Z 000000018001a4b0     p5engine_optimized.obj
 0002:000024b9       $stateUnwindMap$?DrawRectangleQuickly@@YAXPEAUloaded_bitmap@@Tv2@@11Tv4@@0MUrectangle2i@@H@Z 000000018001a4b9     p5engine_optimized.obj
 0002:000024c6       $ip2state$?DrawRectangleQuickly@@YAXPEAUloaded_bitmap@@Tv2@@11Tv4@@0MUrectangle2i@@H@Z 000000018001a4c6     p5engine_optimized.obj
 0002:000024d4       $unwind$__GSHandlerCheckCommon 000000018001a4d4     MSVCRTD:gshandler.obj
 0002:000024e0       $xdatasym                  000000018001a4e0     MSVCRTD:chkstk.obj
 0002:000024e8       $xdatasym                  000000018001a4e8     MSVCRTD:amdsecgs.obj
 0002:000024ec       $unwind$?dllmain_crt_process_attach@@YAHQEAUHINSTANCE__@@QEAX@Z 000000018001a4ec     MSVCRTD:dll_dllmain.obj
 0002:0000250c       $unwind$?dllmain_crt_process_detach@@YAH_N@Z 000000018001a50c     MSVCRTD:dll_dllmain.obj
 0002:0000253c       $unwind$?dllmain_dispatch@@YAHQEAUHINSTANCE__@@KQEAX@Z 000000018001a53c     MSVCRTD:dll_dllmain.obj
 0002:0000255c       $unwind$?filt$0@?0??dllmain_dispatch@@YAHQEAUHINSTANCE__@@KQEAX@Z@4HA 000000018001a55c     MSVCRTD:dll_dllmain.obj
 0002:00002564       $unwind$_DllMainCRTStartup 000000018001a564     MSVCRTD:dll_dllmain.obj
 0002:00002564       $unwind$DllMain            000000018001a564     MSVCRTD:dll_dllmain_stub.obj
 0002:0000256c       $unwind$capture_previous_context 000000018001a56c     MSVCRTD:gs_report.obj
 0002:00002574       $unwind$__get_entropy      000000018001a574     MSVCRTD:gs_support.obj
 0002:0000257c       $unwind$?__scrt_initialize_type_info@@YAXXZ 000000018001a57c     MSVCRTD:tncleanup.obj
 0002:0000257c       $unwind$?__scrt_uninitialize_type_info@@YAXXZ 000000018001a57c     MSVCRTD:tncleanup.obj
 0002:0000257c       $unwind$?configure_argv@__scrt_narrow_argv_policy@@SAHXZ 000000018001a57c     MSVCRTD:utility.obj
 0002:0000257c       $unwind$?initialize_environment@__scrt_narrow_environment_policy@@SAHXZ 000000018001a57c     MSVCRTD:utility.obj
 0002:0000257c       $unwind$__scrt_dllmain_after_initialize_c 000000018001a57c     MSVCRTD:utility.obj
 0002:0000257c       $unwind$__scrt_dllmain_before_initialize_c 000000018001a57c     MSVCRTD:utility.obj
 0002:0000257c       $unwind$__scrt_dllmain_crt_thread_attach 000000018001a57c     MSVCRTD:utility.obj
 0002:0000257c       $unwind$__scrt_dllmain_crt_thread_detach 000000018001a57c     MSVCRTD:utility.obj
 0002:0000257c       $unwind$__scrt_dllmain_uninitialize_c 000000018001a57c     MSVCRTD:utility.obj
 0002:0000257c       $unwind$__scrt_dllmain_uninitialize_critical 000000018001a57c     MSVCRTD:utility.obj
 0002:00002584       $unwind$__scrt_is_nonwritable_in_current_image 000000018001a584     MSVCRTD:utility.obj
 0002:000025a4       $unwind$__scrt_acquire_startup_lock 000000018001a5a4     MSVCRTD:utility.obj
 0002:000025ac       $unwind$__scrt_initialize_crt 000000018001a5ac     MSVCRTD:utility.obj
 0002:000025ac       $unwind$__scrt_release_startup_lock 000000018001a5ac     MSVCRTD:utility.obj
 0002:000025b4       $unwind$__scrt_uninitialize_crt 000000018001a5b4     MSVCRTD:utility.obj
 0002:000025bc       $unwind$__scrt_initialize_onexit_tables 000000018001a5bc     MSVCRTD:utility.obj
 0002:000025c8       $unwind$__scrt_fastfail    000000018001a5c8     MSVCRTD:utility_desktop.obj
 0002:000025d4       $unwind$_RTC_Initialize    000000018001a5d4     MSVCRTD:initsect.obj
 0002:000025d4       $unwind$_RTC_Terminate     000000018001a5d4     MSVCRTD:initsect.obj
 0002:000025e0       $unwind$__isa_available_init 000000018001a5e0     MSVCRTD:cpu_disp.obj
 0002:000025f0       $unwind$__scrt_is_ucrt_dll_in_use 000000018001a5f0     MSVCRTD:ucrt_detection.obj
 0002:000025f8       $xdatasym                  000000018001a5f8     MSVCRTD:guard_dispatch.obj
 0002:00002600       $xdatasym                  000000018001a600     MSVCRTD:guard_xfg_dispatch.obj
 0002:00002610       .edata                     000000018001a610     P5Engine.exp
 0002:00002638       rgpv                       000000018001a638     P5Engine.exp
 0002:00002644       rgszName                   000000018001a644     P5Engine.exp
 0002:00002650       rgwOrd                     000000018001a650     P5Engine.exp
 0002:00002656       szName                     000000018001a656     P5Engine.exp
 0002:00002663       $N00001                    000000018001a663     P5Engine.exp
 0002:00002675       $N00002                    000000018001a675     P5Engine.exp
 0002:00002689       $N00003                    000000018001a689     P5Engine.exp
 0002:00002866       .idata$6                   000000018001a866     vcruntimed:VCRUNTIME140_1D.dll
 0002:0000287a       .idata$6                   000000018001a87a     vcruntimed:VCRUNTIME140D.dll
 0002:00002954       .idata$6                   000000018001a954     ucrtd:ucrtbased.dll
 0002:00002ac8       .idata$6                   000000018001aac8     kernel32:KERNEL32.dll
 0003:00000010       ?RandomNumberTable@@3PAIA  000000018001b010     p5engine.obj
 0003:00004070       ?GlobalDebugTable_@@3Udebug_table@@A 000000018001f070     p5engine.obj
 0003:40484190       ?DEBUGRenderGroup@@3PEAUrender_group@@EA 00000001c049f190     p5engine.obj
 0003:40484198       ?LeftEdge@@3MA             00000001c049f198     p5engine.obj
 0003:4048419c       ?AtY@@3MA                  00000001c049f19c     p5engine.obj
 0003:404841a0       ?Platform@@3Uplatform_api@@A 00000001c049f1a0     p5engine.obj
 0003:40484200       ?FontScale@@3MA            00000001c049f200     p5engine.obj
 0003:40484204       ?FontID@@3Ufont_id@@A      00000001c049f204     p5engine.obj
 0003:40484208       ?__proc_attached@@3HA      00000001c049f208     MSVCRTD:dll_dllmain.obj
 0003:40484210       GS_ExceptionRecord         00000001c049f210     MSVCRTD:gs_report.obj
 0003:404842b0       GS_ContextRecord           00000001c049f2b0     MSVCRTD:gs_report.obj
 0003:404847b0       ?is_initialized_as_dll@@3_NA 00000001c049f7b0     MSVCRTD:utility.obj
 0003:404847b1       ?module_local_atexit_table_initialized@@3_NA 00000001c049f7b1     MSVCRTD:utility.obj
 0003:404847b8       ?module_local_atexit_table@@3U_onexit_table_t@@A 00000001c049f7b8     MSVCRTD:utility.obj
 0003:404847d0       ?module_local_at_quick_exit_table@@3U_onexit_table_t@@A 00000001c049f7d0     MSVCRTD:utility.obj
 0005:00000000       __20BB4341_malloc@h        00000001c04a1000     p5engine.obj
 0005:00000001       __A435B42B_p5engine_types@h 00000001c04a1001     p5engine.obj
 0005:00000002       __7D4BEAAE_p5engine_platform@h 00000001c04a1002     p5engine.obj
 0005:00000003       __741AE07E_corecrt_math@h  00000001c04a1003     p5engine.obj
 0005:00000004       __7BF3FA8A_p5engine_intrinsics@h 00000001c04a1004     p5engine.obj
 0005:00000005       __87290AA6_p5engine_math@h 00000001c04a1005     p5engine.obj
 0005:00000006       __B7A387D6_p5engine_random@h 00000001c04a1006     p5engine.obj
 0005:00000007       __F17FF173_p5engine_entity@h 00000001c04a1007     p5engine.obj
 0005:00000008       __72A74871_p5engine_asset@h 00000001c04a1008     p5engine.obj
 0005:00000009       __BD87FD4A_p5engine@h      00000001c04a1009     p5engine.obj
 0005:0000000a       __6F2BF339_p5engine_render_group@cpp 00000001c04a100a     p5engine.obj
 0005:0000000b       __281AC6F8_p5engine_world@cpp 00000001c04a100b     p5engine.obj
 0005:0000000c       __B07C4A52_p5engine_sim_region@cpp 00000001c04a100c     p5engine.obj
 0005:0000000d       __BDC7FEEB_p5engine_entity@cpp 00000001c04a100d     p5engine.obj
 0005:0000000e       __3D4C1499_p5engine_asset@cpp 00000001c04a100e     p5engine.obj
 0005:0000000f       __39A8D9B6_p5engine_audio@cpp 00000001c04a100f     p5engine.obj
 0005:00000010       __A2143F22_corecrt_stdio_config@h 00000001c04a1010     p5engine.obj
 0005:00000011       __829E1958_corecrt_wstdio@h 00000001c04a1011     p5engine.obj
 0005:00000012       __6DFAE8B8_stdio@h         00000001c04a1012     p5engine.obj
 0005:00000013       __283011C9_p5engine_debug@cpp 00000001c04a1013     p5engine.obj
 0005:00000014       __BAF57382_p5engine@cpp    00000001c04a1014     p5engine.obj
 0005:00000015       __20BB4341_malloc@h        00000001c04a1015     p5engine_optimized.obj
 0005:00000016       __A435B42B_p5engine_types@h 00000001c04a1016     p5engine_optimized.obj
 0005:00000017       __7D4BEAAE_p5engine_platform@h 00000001c04a1017     p5engine_optimized.obj
 0005:00000018       __741AE07E_corecrt_math@h  00000001c04a1018     p5engine_optimized.obj
 0005:00000019       __7BF3FA8A_p5engine_intrinsics@h 00000001c04a1019     p5engine_optimized.obj
 0005:0000001a       __87290AA6_p5engine_math@h 00000001c04a101a     p5engine_optimized.obj
 0005:0000001b       __B7A387D6_p5engine_random@h 00000001c04a101b     p5engine_optimized.obj
 0005:0000001c       __F17FF173_p5engine_entity@h 00000001c04a101c     p5engine_optimized.obj
 0005:0000001d       __72A74871_p5engine_asset@h 00000001c04a101d     p5engine_optimized.obj
 0005:0000001e       __BD87FD4A_p5engine@h      00000001c04a101e     p5engine_optimized.obj
 0005:0000001f       __03FC23C0_p5engine_optimized@cpp 00000001c04a101f     p5engine_optimized.obj
 0006:00000060       $R000000                   00000001c04a2060     * linker generated manifest res *
