 P5Engine

 Timestamp is 63561e07 (Mon Oct 24 00:09:27 2022)

 Preferred load address is 0000000180000000

 Start         Length     Name                   Class
 0001:00000000 00015710H .text$mn                CODE
 0001:00015710 00000040H .text$mn$00             CODE
 0001:00015750 000000ddH .text$x                 CODE
 0002:00000000 00000100H .idata$5                DATA
 0002:00000100 00000028H .00cfg                  DATA
 0002:00000128 00000008H .CRT$XCA                DATA
 0002:00000130 00000008H .CRT$XCZ                DATA
 0002:00000138 00000008H .CRT$XIA                DATA
 0002:00000140 00000008H .CRT$XIZ                DATA
 0002:00000148 00000008H .CRT$XPA                DATA
 0002:00000150 00000008H .CRT$XPZ                DATA
 0002:00000158 00000008H .CRT$XTA                DATA
 0002:00000160 00000010H .CRT$XTZ                DATA
 0002:00000168 00000000H .gehcont$y              DATA
 0002:00000168 00000000H .gfids$y                DATA
 0002:00000170 00000410H .rdata                  DATA
 0002:00000580 00000000H .rdata$CastGuardVftablesA DATA
 0002:00000580 00000000H .rdata$CastGuardVftablesC DATA
 0002:00000580 00000180H .rdata$voltmd           DATA
 0002:00000700 000002d8H .rdata$zzzdbg           DATA
 0002:000009d8 00000008H .rtc$IAA                DATA
 0002:000009e0 00000008H .rtc$IZZ                DATA
 0002:000009e8 00000008H .rtc$TAA                DATA
 0002:000009f0 00000008H .rtc$TZZ                DATA
 0002:000009f8 00000808H .xdata                  DATA
 0002:00001200 00000074H .edata                  DATA
 0002:00001274 0000003cH .idata$2                DATA
 0002:000012b0 00000018H .idata$3                DATA
 0002:000012c8 00000100H .idata$4                DATA
 0002:000013c8 00000294H .idata$6                DATA
 0003:00000000 00004040H .data                   DATA
 0003:00004040 0000067cH .bss                    DATA
 0004:00000000 00000b7cH .pdata                  DATA
 0005:00000000 0000001cH .msvcjmc                DATA
 0006:00000000 00000060H .rsrc$01                DATA
 0006:00000060 00000098H .rsrc$02                DATA

  Address         Publics by Value              Rva+Base               Lib:Object

 0000:00000000       __hybrid_auxiliary_iat     0000000000000000     <absolute>
 0000:00000000       __arm64x_redirection_metadata 0000000000000000     <absolute>
 0000:00000000       __guard_iat_count          0000000000000000     <absolute>
 0000:00000000       __AbsoluteZero             0000000000000000     <absolute>
 0000:00000000       __guard_longjmp_count      0000000000000000     <absolute>
 0000:00000000       __x64_code_ranges_to_entry_points_count 0000000000000000     <absolute>
 0000:00000000       ___safe_se_handler_table   0000000000000000     <absolute>
 0000:00000000       __guard_check_icall_a64n_fptr 0000000000000000     <absolute>
 0000:00000000       __guard_fids_table         0000000000000000     <absolute>
 0000:00000000       __hybrid_code_map_count    0000000000000000     <absolute>
 0000:00000000       __dynamic_value_reloc_table 0000000000000000     <absolute>
 0000:00000000       __guard_iat_table          0000000000000000     <absolute>
 0000:00000000       __guard_longjmp_table      0000000000000000     <absolute>
 0000:00000000       __x64_code_ranges_to_entry_points 0000000000000000     <absolute>
 0000:00000000       __guard_eh_cont_count      0000000000000000     <absolute>
 0000:00000000       __hybrid_auxiliary_iat_copy 0000000000000000     <absolute>
 0000:00000000       __guard_fids_count         0000000000000000     <absolute>
 0000:00000000       __arm64x_extra_rfe_table   0000000000000000     <absolute>
 0000:00000000       __hybrid_code_map          0000000000000000     <absolute>
 0000:00000000       __arm64x_redirection_metadata_count 0000000000000000     <absolute>
 0000:00000000       __arm64x_native_entrypoint 0000000000000000     <absolute>
 0000:00000000       __enclave_config           0000000000000000     <absolute>
 0000:00000000       ___safe_se_handler_count   0000000000000000     <absolute>
 0000:00000000       __guard_eh_cont_table      0000000000000000     <absolute>
 0000:00000000       __arm64x_extra_rfe_table_size 0000000000000000     <absolute>
 0000:00000100       __guard_flags              0000000000000100     <absolute>
 0000:00000000       __ImageBase                0000000180000000     <linker-defined>
 0001:000092e0       GameUpdateAndRender        000000018000a2e0 f   p5engine.obj
 0001:0000e040       GameGetSoundSamples        000000018000f040 f   p5engine.obj
 0001:0000e0b0       ??D@YA?ATv2@@MT0@@Z        000000018000f0b0 f i p5engine.obj
 0001:0000e130       ??D@YA?ATv3@@MT0@@Z        000000018000f130 f i p5engine.obj
 0001:0000e1e0       ??D@YA?ATv3@@T0@M@Z        000000018000f1e0 f i p5engine.obj
 0001:0000e260       ??D@YA?ATv4@@MT0@@Z        000000018000f260 f i p5engine.obj
 0001:0000e330       ??G@YA?ATv2@@T0@0@Z        000000018000f330 f i p5engine.obj
 0001:0000e3b0       ??G@YA?ATv3@@T0@0@Z        000000018000f3b0 f i p5engine.obj
 0001:0000e470       ??G@YA?ATv3@@T0@@Z         000000018000f470 f i p5engine.obj
 0001:0000e520       ??H@YA?ATv2@@T0@0@Z        000000018000f520 f i p5engine.obj
 0001:0000e5a0       ??H@YA?ATv3@@T0@0@Z        000000018000f5a0 f i p5engine.obj
 0001:0000e660       ??H@YA?ATv4@@T0@0@Z        000000018000f660 f i p5engine.obj
 0001:0000e740       ??X@YAAEATv3@@AEAT0@M@Z    000000018000f740 f i p5engine.obj
 0001:0000e7c0       ??Y@YAAEATv2@@AEAT0@T0@@Z  000000018000f7c0 f i p5engine.obj
 0001:0000e810       ??Y@YAAEATv3@@AEAT0@T0@@Z  000000018000f810 f i p5engine.obj
 0001:0000e8b0       ??Y@YAAEATv4@@AEAT0@T0@@Z  000000018000f8b0 f i p5engine.obj
 0001:0000e950       ??Z@YAAEATv3@@AEAT0@T0@@Z  000000018000f950 f i p5engine.obj
 0001:0000e9f0       ?ATan2@@YAMMM@Z            000000018000f9f0 f i p5engine.obj
 0001:0000ea40       ?AbsoluteValue@@YAMM@Z     000000018000fa40 f i p5engine.obj
 0001:0000ea80       ?AddFlags@@YAXPEAUsim_entity@@I@Z 000000018000fa80 f i p5engine.obj
 0001:0000eac0       ?AddRadiusTo@@YA?AUrectangle3@@U1@Tv3@@@Z 000000018000fac0 f i p5engine.obj
 0001:0000ec30       ?AllResourcesPresent@@YAHPEAUrender_group@@@Z 000000018000fc30 f i p5engine.obj
 0001:0000ec80       ?AreInSameChunk@@YAHPEAUworld@@PEAUworld_position@@1@Z 000000018000fc80 f i p5engine.obj
 0001:0000ed80       ?AtomicCompareExchangeUInt32@@YAIPECIII@Z 000000018000fd80 f i p5engine.obj
 0001:0000edd0       ?BeginAssetLock@@YAXPEAUgame_assets@@@Z 000000018000fdd0 f i p5engine.obj
 0001:0000ee10       ?BeginGeneration@@YAIPEAUgame_assets@@@Z 000000018000fe10 f i p5engine.obj
 0001:0000eec0       ?BeginTemporaryMemory@@YA?AUtemporary_memory@@PEAUmemory_arena@@@Z 000000018000fec0 f i p5engine.obj
 0001:0000ef60       ?CenteredChunkPoint@@YA?AUworld_position@@III@Z 000000018000ff60 f i p5engine.obj
 0001:0000eff0       ?ChangeEntityLocationRaw@@YAXPEAUmemory_arena@@PEAUworld@@IPEAUworld_position@@2@Z 000000018000fff0 f i p5engine.obj
 0001:0000f3e0       ?CheckArena@@YAXPEAUmemory_arena@@@Z 00000001800103e0 f i p5engine.obj
 0001:0000f410       ?ChunkPositionFromTilePosition@@YA?AUworld_position@@PEAUworld@@HHHTv3@@@Z 0000000180010410 f i p5engine.obj
 0001:0000f6b0       ?Clamp01@@YA?ATv2@@T1@@Z   00000001800106b0 f i p5engine.obj
 0001:0000f720       ?Clamp01@@YAMM@Z           0000000180010720 f i p5engine.obj
 0001:0000f760       ?Clamp01MapToRange@@YAMMMM@Z 0000000180010760 f i p5engine.obj
 0001:0000f7e0       ?Clamp@@YAMMMM@Z           00000001800107e0 f i p5engine.obj
 0001:0000f850       ?Clear@@YAXPEAUrender_group@@Tv4@@@Z 0000000180010850 f i p5engine.obj
 0001:0000f8b0       ?ClearFlags@@YAXPEAUsim_entity@@I@Z 00000001800108b0 f i p5engine.obj
 0001:0000f8f0       ?DefaultMoveSpec@@YA?AUmove_spec@@XZ 00000001800108f0 f i p5engine.obj
 0001:0000f990       ?EndAssetLock@@YAXPEAUgame_assets@@@Z 0000000180010990 f i p5engine.obj
 0001:0000f9c0       ?EndGeneration@@YAXPEAUgame_assets@@I@Z 00000001800109c0 f i p5engine.obj
 0001:0000fa80       ?EndTemporaryMemory@@YAXUtemporary_memory@@@Z 0000000180010a80 f i p5engine.obj
 0001:0000fb00       ?EntityOverlapsRectangle@@YAHTv3@@Usim_entity_collision_volume@@Urectangle3@@@Z 0000000180010b00 f i p5engine.obj
 0001:0000fc90       ?GetAlignmentOffset@@YA_KPEAUmemory_arena@@_K@Z 0000000180010c90 f i p5engine.obj
 0001:0000fd20       ?GetArenaSizeRemaining@@YA_KPEAUmemory_arena@@_K@Z 0000000180010d20 f i p5engine.obj
 0001:0000fd80       ?GetAsset@@YAPEAUasset_memory_header@@PEAUgame_assets@@II@Z 0000000180010d80 f i p5engine.obj
 0001:0000fe50       ?GetBarycentric@@YA?ATv2@@Urectangle2@@T1@@Z 0000000180010e50 f i p5engine.obj
 0001:0000ff00       ?GetBitmap@@YAPEAUloaded_bitmap@@PEAUgame_assets@@Ubitmap_id@@I@Z 0000000180010f00 f i p5engine.obj
 0001:0000ff00       ?GetSound@@YAPEAUloaded_sound@@PEAUgame_assets@@Usound_id@@I@Z 0000000180010f00 f i p5engine.obj
 0001:0000ff70       ?GetCameraRectangleAtDistance@@YA?AUrectangle2@@PEAUrender_group@@M@Z 0000000180010f70 f i p5engine.obj
 0001:00010010       ?GetCameraRectangleAtTarget@@YA?AUrectangle2@@PEAUrender_group@@@Z 0000000180011010 f i p5engine.obj
 0001:00010080       ?GetDim@@YA?ATv2@@Urectangle2@@@Z 0000000180011080 f i p5engine.obj
 0001:000100c0       ?GetDim@@YA?ATv3@@Urectangle3@@@Z 00000001800110c0 f i p5engine.obj
 0001:00010160       ?GetEntityGroundPoint@@YA?ATv3@@PEAUsim_entity@@@Z 0000000180011160 f i p5engine.obj
 0001:000101e0       ?GetEntityGroundPoint@@YA?ATv3@@PEAUsim_entity@@T1@@Z 00000001800111e0 f i p5engine.obj
 0001:00010240       ?GetFileHandleFor@@YAPEAUplatform_file_handle@@PEAUgame_assets@@I@Z 0000000180011240 f i p5engine.obj
 0001:000102a0       ?GetLowEntity@@YAPEAUlow_entity@@PEAUgame_state@@I@Z 00000001800112a0 f i p5engine.obj
 0001:00010310       ?GetMaxCorner@@YA?ATv3@@Urectangle3@@@Z 0000000180011310 f i p5engine.obj
 0001:00010370       ?GetMinCorner@@YA?ATv3@@Urectangle3@@@Z 0000000180011370 f i p5engine.obj
 0001:000103c0       ?GetNextSoundInChain@@YA?AUsound_id@@PEAUgame_assets@@U1@@Z 00000001800113c0 f i p5engine.obj
 0001:00010480       ?GetRenderEntityBasisPos@@YA?AUentity_basis_p_result@@PEAUrender_transform@@Tv3@@@Z 0000000180011480 f i p5engine.obj
 0001:00010720       ?GetSimSpacePos@@YA?ATv3@@PEAUsim_region@@PEAUlow_entity@@@Z 0000000180011720 f i p5engine.obj
 0001:00010810       ?GetSoundInfo@@YAPEAUp5a_sound@@PEAUgame_assets@@Usound_id@@@Z 0000000180011810 f i p5engine.obj
 0001:00010870       ?GetStairGround@@YAMPEAUsim_entity@@Tv3@@@Z 0000000180011870 f i p5engine.obj
 0001:00010960       ?GetWorldChunk@@YAPEAUworld_chunk@@PEAUworld@@HHHPEAUmemory_arena@@@Z 0000000180011960 f i p5engine.obj
 0001:00010b50       ?Hadamard@@YA?ATv2@@T1@0@Z 0000000180011b50 f i p5engine.obj
 0001:00010bb0       ?Hadamard@@YA?ATv3@@T1@0@Z 0000000180011bb0 f i p5engine.obj
 0001:00010c70       ?HasFlag@@YAHPEAUsim_entity@@I@Z 0000000180011c70 f i p5engine.obj
 0001:00010cb0       ?InitializeArena@@YAXPEAUmemory_arena@@_KPEAX@Z 0000000180011cb0 f i p5engine.obj
 0001:00010d10       ?Inner@@YAMTv2@@0@Z        0000000180011d10 f i p5engine.obj
 0001:00010d60       ?Inner@@YAMTv3@@0@Z        0000000180011d60 f i p5engine.obj
 0001:00010dd0       ?InsertAssetHeaderAtFront@@YAXPEAUgame_assets@@PEAUasset_memory_header@@@Z 0000000180011dd0 f i p5engine.obj
 0001:00010e40       ?Intersect@@YA?AUrectangle2i@@U1@0@Z 0000000180011e40 f i p5engine.obj
 0001:00010f50       ?IsCanonical@@YAHMM@Z      0000000180011f50 f i p5engine.obj
 0001:00010ff0       ?IsCanonical@@YAHPEAUworld@@Tv3@@@Z 0000000180011ff0 f i p5engine.obj
 0001:00011090       ?IsInRectangle@@YAHUrectangle3@@Tv3@@@Z 0000000180012090 f i p5engine.obj
 0001:00011150       ?IsValid@@YAHUsound_id@@@Z 0000000180012150 f i p5engine.obj
 0001:00011190       ?IsValid@@YAHUworld_position@@@Z 0000000180012190 f i p5engine.obj
 0001:000111e0       ?Length@@YAMTv3@@@Z        00000001800121e0 f i p5engine.obj
 0001:00011230       ?LengthSq@@YAMTv2@@@Z      0000000180012230 f i p5engine.obj
 0001:00011270       ?LengthSq@@YAMTv3@@@Z      0000000180012270 f i p5engine.obj
 0001:000112e0       ?Lerp@@YAMMMM@Z            00000001800122e0 f i p5engine.obj
 0001:00011340       ?LoadEntityReference@@YAXPEAUgame_state@@PEAUsim_region@@PEATentity_reference@@@Z 0000000180012340 f i p5engine.obj
 0001:00011470       ?MakeEntityNonSpatial@@YAXPEAUsim_entity@@@Z 0000000180012470 f i p5engine.obj
 0001:000114f0       ?MakeEntitySpatial@@YAXPEAUsim_entity@@Tv3@@1@Z 00000001800124f0 f i p5engine.obj
 0001:00011560       ?MapIntoChunkSpace@@YA?AUworld_position@@PEAUworld@@U1@Tv3@@@Z 0000000180012560 f i p5engine.obj
 0001:00011650       ?NullPosition@@YA?AUworld_position@@XZ 0000000180012650 f i p5engine.obj
 0001:000116c0       ?Orthographic@@YAXPEAUrender_group@@HHM@Z 00000001800126c0 f i p5engine.obj
 0001:000117c0       ?Perspective@@YAXPEAUrender_group@@HHMMM@Z 00000001800127c0 f i p5engine.obj
 0001:000118b0       ?PrefetchSound@@YAXPEAUgame_assets@@Usound_id@@@Z 00000001800128b0 f i p5engine.obj
 0001:000118e0       ?PushBitmap@@YAXPEAUrender_group@@PEAUloaded_bitmap@@Tv3@@MTv4@@@Z 00000001800128e0 f i p5engine.obj
 0001:00011b10       ?PushBitmap@@YAXPEAUrender_group@@Ubitmap_id@@Tv3@@MTv4@@@Z 0000000180012b10 f i p5engine.obj
 0001:00011c70       ?PushRect@@YAXPEAUrender_group@@Tv3@@Tv2@@Tv4@@@Z 0000000180012c70 f i p5engine.obj
 0001:00011e10       ?PushRectOutline@@YAXPEAUrender_group@@Tv3@@Tv2@@Tv4@@@Z 0000000180012e10 f i p5engine.obj
 0001:000122a0       ?PushRenderElement_@@YAPEAXPEAUrender_group@@IW4render_group_entry_type@@@Z 00000001800132a0 f i p5engine.obj
 0001:00012350       ?PushSize_@@YAPEAXPEAUmemory_arena@@_K1@Z 0000000180013350 f i p5engine.obj
 0001:00012420       ?RandomBetween@@YAMPEAUrandom_series@@MM@Z 0000000180013420 f i p5engine.obj
 0001:00012470       ?RandomBilateral@@YAMPEAUrandom_series@@@Z 0000000180013470 f i p5engine.obj
 0001:000124c0       ?RandomChoice@@YAIPEAUrandom_series@@I@Z 00000001800134c0 f i p5engine.obj
 0001:00012500       ?RandomNextUInt32@@YAIPEAUrandom_series@@@Z 0000000180013500 f i p5engine.obj
 0001:00012570       ?RandomSeed@@YA?AUrandom_series@@I@Z 0000000180013570 f i p5engine.obj
 0001:000125e0       ?RandomUnilateral@@YAMPEAUrandom_series@@@Z 00000001800135e0 f i p5engine.obj
 0001:00012640       ?RecanonicalizeCoord@@YAXMPEAHPEAM@Z 0000000180013640 f i p5engine.obj
 0001:000126e0       ?RectCenterDim@@YA?AUrectangle2@@Tv2@@0@Z 00000001800136e0 f i p5engine.obj
 0001:00012770       ?RectCenterDim@@YA?AUrectangle3@@Tv3@@0@Z 0000000180013770 f i p5engine.obj
 0001:00012860       ?RectCenterHalfDim@@YA?AUrectangle2@@Tv2@@0@Z 0000000180013860 f i p5engine.obj
 0001:00012910       ?RectCenterHalfDim@@YA?AUrectangle3@@Tv3@@0@Z 0000000180013910 f i p5engine.obj
 0001:00012a80       ?RectMinMax@@YA?AUrectangle3@@Tv3@@0@Z 0000000180013a80 f i p5engine.obj
 0001:00012b20       ?RectanglesIntersect@@YAHUrectangle3@@0@Z 0000000180013b20 f i p5engine.obj
 0001:00012be0       ?RoundReal32ToInt32@@YAHM@Z 0000000180013be0 f i p5engine.obj
 0001:00012c20       ?RoundReal32ToUInt32@@YAIM@Z 0000000180013c20 f i p5engine.obj
 0001:00012c60       ?SafeRatio1@@YAMMM@Z       0000000180013c60 f i p5engine.obj
 0001:00012cb0       ?SafeRatioN@@YAMMMM@Z      0000000180013cb0 f i p5engine.obj
 0001:00012d10       ?SignOf@@YAMM@Z            0000000180013d10 f i p5engine.obj
 0001:00012d70       ?Sin@@YAMM@Z               0000000180013d70 f i p5engine.obj
 0001:00012db0       ?Square@@YAMM@Z            0000000180013db0 f i p5engine.obj
 0001:00012df0       ?SquareRoot@@YAMM@Z        0000000180013df0 f i p5engine.obj
 0001:00012e30       ?StoreEntityReference@@YAXPEATentity_reference@@@Z 0000000180013e30 f i p5engine.obj
 0001:00012e70       ?SubArena@@YAXPEAUmemory_arena@@0_K1@Z 0000000180013e70 f i p5engine.obj
 0001:00012ee0       ?ToV3@@YA?ATv3@@Tv2@@M@Z   0000000180013ee0 f i p5engine.obj
 0001:00012f70       ?Unproject@@YA?ATv2@@PEAUrender_group@@T1@M@Z 0000000180013f70 f i p5engine.obj
 0001:00012fc0       ?V2@@YA?ATv2@@MM@Z         0000000180013fc0 f i p5engine.obj
 0001:00013030       ?V2i@@YA?ATv2@@HH@Z        0000000180014030 f i p5engine.obj
 0001:00013080       ?V3@@YA?ATv3@@MMM@Z        0000000180014080 f i p5engine.obj
 0001:00013120       ?V4@@YA?ATv4@@MMMM@Z       0000000180014120 f i p5engine.obj
 0001:000131d0       ?ZeroSize@@YAX_KPEAX@Z     00000001800141d0 f i p5engine.obj
 0001:00013230       GetController              0000000180014230 f i p5engine.obj
 0001:00013290       TruncateReal32ToInt32      0000000180014290 f i p5engine.obj
 0001:000132c0       ?DrawRectangleQuickly@@YAXPEAUloaded_bitmap@@Tv2@@11Tv4@@0MUrectangle2i@@H@Z 00000001800142c0 f   p5engine_optimized.obj
 0001:00014000       __CheckForDebuggerJustMyCode 0000000180015000 f   MSVCRTD:debugger_jmc.obj
 0001:00014040       __GSHandlerCheck           0000000180015040 f   MSVCRTD:gshandler.obj
 0001:00014080       __GSHandlerCheckCommon     0000000180015080 f   MSVCRTD:gshandler.obj
 0001:00014190       _alloca_probe              0000000180015190 f   MSVCRTD:chkstk.obj
 0001:00014190       __chkstk                   0000000180015190 f   MSVCRTD:chkstk.obj
 0001:000141f0       __security_check_cookie    00000001800151f0 f   MSVCRTD:amdsecgs.obj
 0001:00014620       _DllMainCRTStartup         0000000180015620 f   MSVCRTD:dll_dllmain.obj
 0001:00014660       __raise_securityfailure    0000000180015660 f   MSVCRTD:gs_report.obj
 0001:000146a0       __report_gsfailure         00000001800156a0 f   MSVCRTD:gs_report.obj
 0001:00014900       __security_init_cookie     0000000180015900 f   MSVCRTD:gs_support.obj
 0001:00014980       DllMain                    0000000180015980 f   MSVCRTD:dll_dllmain_stub.obj
 0001:000149c0       ?__scrt_initialize_type_info@@YAXXZ 00000001800159c0 f   MSVCRTD:tncleanup.obj
 0001:000149e0       ?__scrt_uninitialize_type_info@@YAXXZ 00000001800159e0 f   MSVCRTD:tncleanup.obj
 0001:00014a00       __local_stdio_printf_options 0000000180015a00 f i MSVCRTD:default_local_stdio_options.obj
 0001:00014a10       __local_stdio_scanf_options 0000000180015a10 f i MSVCRTD:default_local_stdio_options.obj
 0001:00014a20       __scrt_initialize_default_local_stdio_options 0000000180015a20 f   MSVCRTD:default_local_stdio_options.obj
 0001:00014a70       ?configure_argv@__scrt_narrow_argv_policy@@SAHXZ 0000000180015a70 f i MSVCRTD:utility.obj
 0001:00014b60       ?initialize_environment@__scrt_narrow_environment_policy@@SAHXZ 0000000180015b60 f i MSVCRTD:utility.obj
 0001:00014c00       NtCurrentTeb               0000000180015c00 f i MSVCRTD:utility.obj
 0001:00014c10       __scrt_acquire_startup_lock 0000000180015c10 f   MSVCRTD:utility.obj
 0001:00014c80       __scrt_dllmain_after_initialize_c 0000000180015c80 f   MSVCRTD:utility.obj
 0001:00014cb0       __scrt_dllmain_before_initialize_c 0000000180015cb0 f   MSVCRTD:utility.obj
 0001:00014cd0       __scrt_dllmain_crt_thread_attach 0000000180015cd0 f   MSVCRTD:utility.obj
 0001:00014d00       __scrt_dllmain_crt_thread_detach 0000000180015d00 f   MSVCRTD:utility.obj
 0001:00014d20       __scrt_dllmain_exception_filter 0000000180015d20 f   MSVCRTD:utility.obj
 0001:00014d90       __scrt_dllmain_uninitialize_c 0000000180015d90 f   MSVCRTD:utility.obj
 0001:00014dc0       __scrt_dllmain_uninitialize_critical 0000000180015dc0 f   MSVCRTD:utility.obj
 0001:00014de0       __scrt_initialize_crt      0000000180015de0 f   MSVCRTD:utility.obj
 0001:00014e30       __scrt_initialize_onexit_tables 0000000180015e30 f   MSVCRTD:utility.obj
 0001:00014f40       __scrt_is_nonwritable_in_current_image 0000000180015f40 f   MSVCRTD:utility.obj
 0001:00014fd0       __scrt_release_startup_lock 0000000180015fd0 f   MSVCRTD:utility.obj
 0001:00015000       __scrt_uninitialize_crt    0000000180016000 f   MSVCRTD:utility.obj
 0001:00015040       __scrt_get_dyn_tls_init_callback 0000000180016040 f   MSVCRTD:dyn_tls_init.obj
 0001:00015050       __crt_debugger_hook        0000000180016050 f   MSVCRTD:utility_desktop.obj
 0001:00015060       __scrt_fastfail            0000000180016060 f   MSVCRTD:utility_desktop.obj
 0001:00015200       _RTC_Initialize            0000000180016200 f   MSVCRTD:initsect.obj
 0001:00015250       _RTC_Terminate             0000000180016250 f   MSVCRTD:initsect.obj
 0001:000152a0       _guard_check_icall_nop     00000001800162a0 f i MSVCRTD:guard_support.obj
 0001:000152b0       __isa_available_init       00000001800162b0 f   MSVCRTD:cpu_disp.obj
 0001:00015650       _get_startup_argv_mode     0000000180016650 f   MSVCRTD:argv_mode.obj
 0001:00015660       __scrt_is_ucrt_dll_in_use  0000000180016660 f   MSVCRTD:ucrt_detection.obj
 0001:00015690       __C_specific_handler       0000000180016690 f   vcruntimed:VCRUNTIME140D.dll
 0001:00015696       __std_type_info_destroy_list 0000000180016696 f   vcruntimed:VCRUNTIME140D.dll
 0001:0001569c       atan2                      000000018001669c f   ucrtd:ucrtbased.dll
 0001:000156a2       sinf                       00000001800166a2 f   ucrtd:ucrtbased.dll
 0001:000156a8       sqrtf                      00000001800166a8 f   ucrtd:ucrtbased.dll
 0001:000156ae       _initterm                  00000001800166ae f   ucrtd:ucrtbased.dll
 0001:000156b4       _initterm_e                00000001800166b4 f   ucrtd:ucrtbased.dll
 0001:000156ba       _seh_filter_dll            00000001800166ba f   ucrtd:ucrtbased.dll
 0001:000156c0       _configure_narrow_argv     00000001800166c0 f   ucrtd:ucrtbased.dll
 0001:000156c6       _initialize_narrow_environment 00000001800166c6 f   ucrtd:ucrtbased.dll
 0001:000156cc       _initialize_onexit_table   00000001800166cc f   ucrtd:ucrtbased.dll
 0001:000156d2       _execute_onexit_table      00000001800166d2 f   ucrtd:ucrtbased.dll
 0001:000156d8       _cexit                     00000001800166d8 f   ucrtd:ucrtbased.dll
 0001:000156e0       __acrt_initialize          00000001800166e0 f   MSVCRTD:ucrt_stubs.obj
 0001:000156e0       __scrt_stub_for_acrt_initialize 00000001800166e0 f   MSVCRTD:ucrt_stubs.obj
 0001:000156e0       __vcrt_thread_attach       00000001800166e0 f   MSVCRTD:ucrt_stubs.obj
 0001:000156e0       __acrt_thread_attach       00000001800166e0 f   MSVCRTD:ucrt_stubs.obj
 0001:000156e0       __vcrt_initialize          00000001800166e0 f   MSVCRTD:ucrt_stubs.obj
 0001:000156e0       __scrt_stub_for_acrt_thread_detach 00000001800166e0 f   MSVCRTD:ucrt_stubs.obj
 0001:000156e0       __acrt_thread_detach       00000001800166e0 f   MSVCRTD:ucrt_stubs.obj
 0001:000156e0       __vcrt_thread_detach       00000001800166e0 f   MSVCRTD:ucrt_stubs.obj
 0001:000156e0       __scrt_stub_for_acrt_thread_attach 00000001800166e0 f   MSVCRTD:ucrt_stubs.obj
 0001:000156f0       __vcrt_uninitialize_critical 00000001800166f0 f   MSVCRTD:ucrt_stubs.obj
 0001:000156f0       __vcrt_uninitialize        00000001800166f0 f   MSVCRTD:ucrt_stubs.obj
 0001:000156f0       __scrt_stub_for_acrt_uninitialize_critical 00000001800166f0 f   MSVCRTD:ucrt_stubs.obj
 0001:000156f0       __scrt_stub_for_acrt_uninitialize 00000001800166f0 f   MSVCRTD:ucrt_stubs.obj
 0001:000156f0       __acrt_uninitialize_critical 00000001800166f0 f   MSVCRTD:ucrt_stubs.obj
 0001:000156f0       __acrt_uninitialize        00000001800166f0 f   MSVCRTD:ucrt_stubs.obj
 0001:00015700       _is_c_termination_complete 0000000180016700 f   MSVCRTD:ucrt_stubs.obj
 0001:00015700       __scrt_stub_for_is_c_termination_complete 0000000180016700 f   MSVCRTD:ucrt_stubs.obj
 0001:00015720       _guard_dispatch_icall_nop  0000000180016720 f   MSVCRTD:guard_dispatch.obj
 0001:00015740       _guard_xfg_dispatch_icall_nop 0000000180016740 f   MSVCRTD:guard_xfg_dispatch.obj
 0002:00000000       __imp_QueryPerformanceCounter 0000000180017000     kernel32:KERNEL32.dll
 0002:00000008       __imp_RtlCaptureContext    0000000180017008     kernel32:KERNEL32.dll
 0002:00000010       __imp_RtlLookupFunctionEntry 0000000180017010     kernel32:KERNEL32.dll
 0002:00000018       __imp_RtlVirtualUnwind     0000000180017018     kernel32:KERNEL32.dll
 0002:00000020       __imp_IsDebuggerPresent    0000000180017020     kernel32:KERNEL32.dll
 0002:00000028       __imp_InitializeSListHead  0000000180017028     kernel32:KERNEL32.dll
 0002:00000030       __imp_DisableThreadLibraryCalls 0000000180017030     kernel32:KERNEL32.dll
 0002:00000038       __imp_GetSystemTimeAsFileTime 0000000180017038     kernel32:KERNEL32.dll
 0002:00000040       __imp_GetCurrentProcessId  0000000180017040     kernel32:KERNEL32.dll
 0002:00000048       __imp_GetCurrentThreadId   0000000180017048     kernel32:KERNEL32.dll
 0002:00000050       __imp_IsProcessorFeaturePresent 0000000180017050     kernel32:KERNEL32.dll
 0002:00000058       __imp_TerminateProcess     0000000180017058     kernel32:KERNEL32.dll
 0002:00000060       __imp_GetCurrentProcess    0000000180017060     kernel32:KERNEL32.dll
 0002:00000068       __imp_SetUnhandledExceptionFilter 0000000180017068     kernel32:KERNEL32.dll
 0002:00000070       __imp_UnhandledExceptionFilter 0000000180017070     kernel32:KERNEL32.dll
 0002:00000078       \177KERNEL32_NULL_THUNK_DATA 0000000180017078     kernel32:KERNEL32.dll
 0002:00000080       __imp___std_type_info_destroy_list 0000000180017080     vcruntimed:VCRUNTIME140D.dll
 0002:00000088       __imp___C_specific_handler 0000000180017088     vcruntimed:VCRUNTIME140D.dll
 0002:00000090       \177VCRUNTIME140D_NULL_THUNK_DATA 0000000180017090     vcruntimed:VCRUNTIME140D.dll
 0002:00000098       __imp__cexit               0000000180017098     ucrtd:ucrtbased.dll
 0002:000000a0       __imp__execute_onexit_table 00000001800170a0     ucrtd:ucrtbased.dll
 0002:000000a8       __imp__initialize_onexit_table 00000001800170a8     ucrtd:ucrtbased.dll
 0002:000000b0       __imp__initialize_narrow_environment 00000001800170b0     ucrtd:ucrtbased.dll
 0002:000000b8       __imp__configure_narrow_argv 00000001800170b8     ucrtd:ucrtbased.dll
 0002:000000c0       __imp__initterm_e          00000001800170c0     ucrtd:ucrtbased.dll
 0002:000000c8       __imp__initterm            00000001800170c8     ucrtd:ucrtbased.dll
 0002:000000d0       __imp_sqrtf                00000001800170d0     ucrtd:ucrtbased.dll
 0002:000000d8       __imp_sinf                 00000001800170d8     ucrtd:ucrtbased.dll
 0002:000000e0       __imp_atan2                00000001800170e0     ucrtd:ucrtbased.dll
 0002:000000e8       __imp_roundf               00000001800170e8     ucrtd:ucrtbased.dll
 0002:000000f0       __imp__seh_filter_dll      00000001800170f0     ucrtd:ucrtbased.dll
 0002:000000f8       \177ucrtbased_NULL_THUNK_DATA 00000001800170f8     ucrtd:ucrtbased.dll
 0002:00000100       __guard_check_icall_fptr   0000000180017100     MSVCRTD:guard_support.obj
 0002:00000108       __guard_xfg_check_icall_fptr 0000000180017108     MSVCRTD:guard_support.obj
 0002:00000110       __guard_dispatch_icall_fptr 0000000180017110     MSVCRTD:guard_support.obj
 0002:00000118       __guard_xfg_dispatch_icall_fptr 0000000180017118     MSVCRTD:guard_support.obj
 0002:00000120       __guard_xfg_table_dispatch_icall_fptr 0000000180017120     MSVCRTD:guard_support.obj
 0002:00000128       __xc_a                     0000000180017128     MSVCRTD:initializers.obj
 0002:00000130       __xc_z                     0000000180017130     MSVCRTD:initializers.obj
 0002:00000138       __xi_a                     0000000180017138     MSVCRTD:initializers.obj
 0002:00000140       __xi_z                     0000000180017140     MSVCRTD:initializers.obj
 0002:00000148       __xp_a                     0000000180017148     MSVCRTD:initializers.obj
 0002:00000150       __xp_z                     0000000180017150     MSVCRTD:initializers.obj
 0002:00000158       __xt_a                     0000000180017158     MSVCRTD:initializers.obj
 0002:00000160       __xt_z                     0000000180017160     MSVCRTD:initializers.obj
 0002:00000208       ??_C@_0BA@NMEIMCEK@InvalidCodePath@ 0000000180017208     p5engine.obj
 0002:00000218       __real@00000000            0000000180017218     p5engine.obj
 0002:0000021c       __real@308992b1            000000018001721c     p5engine.obj
 0002:00000220       __real@3a83126f            0000000180017220     p5engine.obj
 0002:00000224       __real@3c23d70a            0000000180017224     p5engine.obj
 0002:00000228       __real@3cc30c31            0000000180017228     p5engine.obj
 0002:0000022c       __real@3d4ccccd            000000018001722c     p5engine.obj
 0002:00000230       __real@3dcccccd            0000000180017230     p5engine.obj
 0002:00000234       __real@3e4ccccd            0000000180017234     p5engine.obj
 0002:00000238       __real@3e800000            0000000180017238     p5engine.obj
 0002:0000023c       __real@3e99999a            000000018001723c     p5engine.obj
 0002:00000240       __real@3ecccccd            0000000180017240     p5engine.obj
 0002:00000244       __real@3ee147ae            0000000180017244     p5engine.obj
 0002:00000248       __real@3f000000            0000000180017248     p5engine.obj
 0002:0000024c       __real@3f19999a            000000018001724c     p5engine.obj
 0002:00000250       __real@3f228f5c            0000000180017250     p5engine.obj
 0002:00000254       __real@3f333333            0000000180017254     p5engine.obj
 0002:00000258       __real@3f3504f3            0000000180017258     p5engine.obj
 0002:0000025c       __real@3f400000            000000018001725c     p5engine.obj
 0002:00000260       __real@3f666666            0000000180017260     p5engine.obj
 0002:00000264       __real@3f800000            0000000180017264     p5engine.obj
 0002:00000268       __real@3f8ccccd            0000000180017268     p5engine.obj
 0002:0000026c       __real@3f99999a            000000018001726c     p5engine.obj
 0002:00000270       __real@3fa66666            0000000180017270     p5engine.obj
 0002:00000274       __real@3fb33333            0000000180017274     p5engine.obj
 0002:00000278       __real@3fc00000            0000000180017278     p5engine.obj
 0002:0000027c       __real@40000000            000000018001727c     p5engine.obj
 0002:00000280       __real@400ccccd            0000000180017280     p5engine.obj
 0002:00000284       __real@40400000            0000000180017284     p5engine.obj
 0002:00000288       __real@40800000            0000000180017288     p5engine.obj
 0002:0000028c       __real@40a00000            000000018001728c     p5engine.obj
 0002:00000290       __real@40c00000            0000000180017290     p5engine.obj
 0002:00000294       __real@40c90fdb            0000000180017294     p5engine.obj
 0002:00000298       __real@40e00000            0000000180017298     p5engine.obj
 0002:0000029c       __real@41100000            000000018001729c     p5engine.obj
 0002:000002a0       __real@41700000            00000001800172a0     p5engine.obj
 0002:000002a4       __real@41800000            00000001800172a4     p5engine.obj
 0002:000002a8       __real@41880000            00000001800172a8     p5engine.obj
 0002:000002ac       __real@41a00000            00000001800172ac     p5engine.obj
 0002:000002b0       __real@41f00000            00000001800172b0     p5engine.obj
 0002:000002b4       __real@42340000            00000001800172b4     p5engine.obj
 0002:000002b8       __real@437f0000            00000001800172b8     p5engine.obj
 0002:000002bc       __real@461c4000            00000001800172bc     p5engine.obj
 0002:000002c0       __real@47c35000            00000001800172c0     p5engine.obj
 0002:000002c4       __real@49742400            00000001800172c4     p5engine.obj
 0002:000002c8       __real@7f7fffff            00000001800172c8     p5engine.obj
 0002:000002cc       __real@bc23d70a            00000001800172cc     p5engine.obj
 0002:000002d0       __real@bd4ccccd            00000001800172d0     p5engine.obj
 0002:000002d4       __real@be800000            00000001800172d4     p5engine.obj
 0002:000002d8       __real@becccccd            00000001800172d8     p5engine.obj
 0002:000002dc       __real@bf000000            00000001800172dc     p5engine.obj
 0002:000002e0       __real@bf800000            00000001800172e0     p5engine.obj
 0002:000002e4       __real@c0000000            00000001800172e4     p5engine.obj
 0002:000002e8       __real@c0100000            00000001800172e8     p5engine.obj
 0002:000002ec       __real@c0400000            00000001800172ec     p5engine.obj
 0002:000002f0       __real@c11ccccd            00000001800172f0     p5engine.obj
 0002:00000300       __xmm@00000000000000000000000000000000 0000000180017300     p5engine.obj
 0002:00000310       __xmm@3f8000003f8000003f8000003f800000 0000000180017310     p5engine.obj
 0002:00000320       __xmm@7fffffffffffffff7fffffffffffffff 0000000180017320     p5engine.obj
 0002:00000330       __xmm@80000000800000008000000080000000 0000000180017330     p5engine.obj
 0002:00000340       __xmm@000000ff000000ff000000ff000000ff 0000000180017340     p5engine_optimized.obj
 0002:00000350       __xmm@0000ffff0000ffff0000ffff0000ffff 0000000180017350     p5engine_optimized.obj
 0002:00000360       __xmm@00ff00ff00ff00ff00ff00ff00ff00ff 0000000180017360     p5engine_optimized.obj
 0002:00000370       __xmm@3b8080813b8080813b8080813b808081 0000000180017370     p5engine_optimized.obj
 0002:00000380       __xmm@3f0000003f0000003f0000003f000000 0000000180017380     p5engine_optimized.obj
 0002:00000390       __xmm@40800000408000004080000040800000 0000000180017390     p5engine_optimized.obj
 0002:000003a0       __xmm@477e0100477e0100477e0100477e0100 00000001800173a0     p5engine_optimized.obj
 0002:000003b0       __xmm@ffffffffffffffffffffffffffffffff 00000001800173b0     p5engine_optimized.obj
 0002:000003c0       _pDefaultRawDllMain        00000001800173c0     MSVCRTD:dll_dllmain.obj
 0002:000003c0       _pRawDllMain               00000001800173c0     MSVCRTD:dll_dllmain.obj
 0002:00000430       _load_config_used          0000000180017430     MSVCRTD:loadcfg.obj
 0002:00000580       __volatile_metadata        0000000180017580     <linker-defined>
 0002:000009d8       __rtc_iaa                  00000001800179d8     MSVCRTD:initsect.obj
 0002:000009e0       __rtc_izz                  00000001800179e0     MSVCRTD:initsect.obj
 0002:000009e8       __rtc_taa                  00000001800179e8     MSVCRTD:initsect.obj
 0002:000009f0       __rtc_tzz                  00000001800179f0     MSVCRTD:initsect.obj
 0002:00001274       __IMPORT_DESCRIPTOR_VCRUNTIME140D 0000000180018274     vcruntimed:VCRUNTIME140D.dll
 0002:00001288       __IMPORT_DESCRIPTOR_ucrtbased 0000000180018288     ucrtd:ucrtbased.dll
 0002:0000129c       __IMPORT_DESCRIPTOR_KERNEL32 000000018001829c     kernel32:KERNEL32.dll
 0002:000012b0       __NULL_IMPORT_DESCRIPTOR   00000001800182b0     vcruntimed:VCRUNTIME140D.dll
 0003:00004000       __security_cookie_complement 000000018001d000     MSVCRTD:gs_cookie.obj
 0003:00004008       __security_cookie          000000018001d008     MSVCRTD:gs_cookie.obj
 0003:00004010       _fltused                   000000018001d010     MSVCRTD:fltused.obj
 0003:00004014       __scrt_native_dllmain_reason 000000018001d014     MSVCRTD:utility.obj
 0003:00004018       __isa_available            000000018001d018     MSVCRTD:cpu_disp.obj
 0003:0000401c       __isa_enabled              000000018001d01c     MSVCRTD:cpu_disp.obj
 0003:00004020       __memcpy_nt_iters          000000018001d020     MSVCRTD:cpu_disp.obj
 0003:00004028       __memset_nt_iters          000000018001d028     MSVCRTD:cpu_disp.obj
 0003:00004030       __scrt_ucrt_dll_is_in_use  000000018001d030     MSVCRTD:ucrt_stubs.obj
 0003:00004040       DebugGlobalMemory          000000018001d040     p5engine.obj
 0003:00004630       ?__type_info_root_node@@3U__type_info_node@@A 000000018001d630     MSVCRTD:tncleanup.obj
 0003:00004640       ?_OptionsStorage@?1??__local_stdio_printf_options@@9@4_KA 000000018001d640     MSVCRTD:default_local_stdio_options.obj
 0003:00004648       ?_OptionsStorage@?1??__local_stdio_scanf_options@@9@4_KA 000000018001d648     MSVCRTD:default_local_stdio_options.obj
 0003:00004650       __scrt_current_native_startup_state 000000018001d650     MSVCRTD:utility.obj
 0003:00004658       __scrt_native_startup_lock 000000018001d658     MSVCRTD:utility.obj
 0003:00004698       __scrt_debugger_hook_flag  000000018001d698     MSVCRTD:utility_desktop.obj
 0003:000046a0       __castguard_check_failure_os_handled_fptr 000000018001d6a0     MSVCRTD:guard_support.obj
 0003:000046a8       __favor                    000000018001d6a8     MSVCRTD:cpu_disp.obj
 0003:000046b0       __dyn_tls_init_callback    000000018001d6b0     <common>
 0003:000046b8       __DebuggerCurrentSteppingThreadId 000000018001d6b8     <common>

 entry point at        0001:00014620

 Static symbols

 0000:fffde000       .debug$S                   0000000180000000     P5Engine.exp
 0000:fffde000       .debug$S                   0000000180000000     vcruntimed:VCRUNTIME140D.dll
 0000:fffde000       .debug$S                   0000000180000000     vcruntimed:VCRUNTIME140D.dll
 0000:fffde000       .debug$S                   0000000180000000     vcruntimed:VCRUNTIME140D.dll
 0000:fffde000       .debug$S                   0000000180000000     vcruntimed:VCRUNTIME140D.dll
 0000:fffde000       .debug$S                   0000000180000000     ucrtd:ucrtbased.dll
 0000:fffde000       .debug$S                   0000000180000000     ucrtd:ucrtbased.dll
 0000:fffde000       .debug$S                   0000000180000000     ucrtd:ucrtbased.dll
 0000:fffde000       .debug$S                   0000000180000000     ucrtd:ucrtbased.dll
 0000:fffde000       .debug$S                   0000000180000000     ucrtd:ucrtbased.dll
 0000:fffde000       .debug$S                   0000000180000000     ucrtd:ucrtbased.dll
 0000:fffde000       .debug$S                   0000000180000000     ucrtd:ucrtbased.dll
 0000:fffde000       .debug$S                   0000000180000000     ucrtd:ucrtbased.dll
 0000:fffde000       .debug$S                   0000000180000000     ucrtd:ucrtbased.dll
 0000:fffde000       .debug$S                   0000000180000000     ucrtd:ucrtbased.dll
 0000:fffde000       .debug$S                   0000000180000000     ucrtd:ucrtbased.dll
 0000:fffde000       .debug$S                   0000000180000000     ucrtd:ucrtbased.dll
 0000:fffde000       .debug$S                   0000000180000000     ucrtd:ucrtbased.dll
 0000:fffde000       .debug$S                   0000000180000000     ucrtd:ucrtbased.dll
 0000:fffde000       .debug$S                   0000000180000000     ucrtd:ucrtbased.dll
 0000:fffde000       .debug$S                   0000000180000000     ucrtd:ucrtbased.dll
 0000:fffde000       .debug$S                   0000000180000000     kernel32:KERNEL32.dll
 0000:fffde000       .debug$S                   0000000180000000     kernel32:KERNEL32.dll
 0000:fffde000       .debug$S                   0000000180000000     kernel32:KERNEL32.dll
 0000:fffde000       .debug$S                   0000000180000000     kernel32:KERNEL32.dll
 0000:fffde000       .debug$S                   0000000180000000     kernel32:KERNEL32.dll
 0000:fffde000       .debug$S                   0000000180000000     kernel32:KERNEL32.dll
 0000:fffde000       .debug$S                   0000000180000000     kernel32:KERNEL32.dll
 0000:fffde000       .debug$S                   0000000180000000     kernel32:KERNEL32.dll
 0000:fffde000       .debug$S                   0000000180000000     kernel32:KERNEL32.dll
 0000:fffde000       .debug$S                   0000000180000000     kernel32:KERNEL32.dll
 0000:fffde000       .debug$S                   0000000180000000     kernel32:KERNEL32.dll
 0000:fffde000       .debug$S                   0000000180000000     kernel32:KERNEL32.dll
 0000:fffde000       .debug$S                   0000000180000000     kernel32:KERNEL32.dll
 0000:fffde000       .debug$S                   0000000180000000     kernel32:KERNEL32.dll
 0000:fffde000       .debug$S                   0000000180000000     kernel32:KERNEL32.dll
 0000:fffde000       .debug$S                   0000000180000000     kernel32:KERNEL32.dll
 0000:fffde000       .debug$S                   0000000180000000     kernel32:KERNEL32.dll
 0001:00000000       ?RemoveAssetHeaderFromList@@YAXPEAUasset_memory_header@@@Z 0000000180001000 f   p5engine.obj
 0001:00000070       ?LoadBitmap@@YAXPEAUgame_assets@@Ubitmap_id@@H@Z 0000000180001070 f   p5engine.obj
 0001:000003e0       ?LoadSound@@YAXPEAUgame_assets@@Usound_id@@@Z 00000001800013e0 f   p5engine.obj
 0001:00000680       ?AddCollisionRule@@YAXPEAUgame_state@@IIH@Z 0000000180001680 f   p5engine.obj
 0001:00000800       ?ClearCollisionRulesFor@@YAXPEAUgame_state@@I@Z 0000000180001800 f   p5engine.obj
 0001:00000900       ?BeginTaskWithMemory@@YAPEAUtask_with_memory@@PEAUtransient_state@@@Z 0000000180001900 f   p5engine.obj
 0001:000009e0       ?EndTaskWithMemory@@YAXPEAUtask_with_memory@@@Z 00000001800019e0 f   p5engine.obj
 0001:00000a40       ?DrawRectangle@@YAXPEAUloaded_bitmap@@Tv2@@1Tv4@@Urectangle2i@@H@Z 0000000180001a40 f   p5engine.obj
 0001:00000cf0       ?RenderGroupToOutput@@YAXPEAUrender_group@@PEAUloaded_bitmap@@Urectangle2i@@H@Z 0000000180001cf0 f   p5engine.obj
 0001:000010e0       ?DoTiledRenderWork@@YAXPEAUplatform_work_queue@@PEAX@Z 00000001800020e0 f   p5engine.obj
 0001:00001190       ?RenderGroupToOutput@@YAXPEAUrender_group@@PEAUloaded_bitmap@@@Z 0000000180002190 f   p5engine.obj
 0001:00001270       ?TiledRenderGroupToOutput@@YAXPEAUplatform_work_queue@@PEAUrender_group@@PEAUloaded_bitmap@@@Z 0000000180002270 f   p5engine.obj
 0001:000014a0       ?AllocateRenderGroup@@YAPEAUrender_group@@PEAUgame_assets@@PEAUmemory_arena@@IH@Z 00000001800024a0 f   p5engine.obj
 0001:000015f0       ?FinishRenderGroup@@YAXPEAUrender_group@@@Z 00000001800025f0 f   p5engine.obj
 0001:00001630       ?InitializeWorld@@YAXPEAUworld@@Tv3@@@Z 0000000180002630 f   p5engine.obj
 0001:000016d0       ?Subtract@@YA?ATv3@@PEAUworld@@PEAUworld_position@@1@Z 00000001800026d0 f   p5engine.obj
 0001:00001940       ?ChangeEntityLocation@@YAXPEAUmemory_arena@@PEAUworld@@IPEAUlow_entity@@Uworld_position@@@Z 0000000180002940 f   p5engine.obj
 0001:00001ad0       ?GetHashFromStorageIndex@@YAPEAUsim_entity_hash@@PEAUsim_region@@I@Z 0000000180002ad0 f   p5engine.obj
 0001:00001ba0       ?AddEntity@@YAPEAUsim_entity@@PEAUgame_state@@PEAUsim_region@@IPEAUlow_entity@@PEATv3@@@Z 0000000180002ba0 f   p5engine.obj
 0001:00001d00       ?AddEntityRaw@@YAPEAUsim_entity@@PEAUgame_state@@PEAUsim_region@@IPEAUlow_entity@@@Z 0000000180002d00 f   p5engine.obj
 0001:00001e80       ?BeginSim@@YAPEAUsim_region@@PEAUmemory_arena@@PEAUgame_state@@PEAUworld@@Uworld_position@@Urectangle3@@M@Z 0000000180002e80 f   p5engine.obj
 0001:000024f0       ?EndSim@@YAXPEAUsim_region@@PEAUgame_state@@@Z 00000001800034f0 f   p5engine.obj
 0001:000027b0       ?CanCollide@@YAHPEAUgame_state@@PEAUsim_entity@@1@Z 00000001800037b0 f   p5engine.obj
 0001:00002900       ?HandleCollision@@YAHPEAUgame_state@@PEAUsim_entity@@1@Z 0000000180003900 f   p5engine.obj
 0001:000029e0       ?CanOverlap@@YAHPEAUgame_state@@PEAUsim_entity@@1@Z 00000001800039e0 f   p5engine.obj
 0001:00002a40       ?HandleOverlap@@YAXPEAUgame_state@@PEAUsim_entity@@1MPEAM@Z 0000000180003a40 f   p5engine.obj
 0001:00002ae0       ?SpeculativeCollide@@YAHPEAUsim_entity@@0Tv3@@@Z 0000000180003ae0 f   p5engine.obj
 0001:00002be0       ?EntitiesOverlap@@YAHPEAUsim_entity@@0Tv3@@@Z 0000000180003be0 f   p5engine.obj
 0001:00002f20       ?MoveEntity@@YAXPEAUgame_state@@PEAUsim_region@@PEAUsim_entity@@MPEAUmove_spec@@Tv3@@@Z 0000000180003f20 f   p5engine.obj
 0001:00004880       ?LoadAssetWorkDirectly@@YAXPEAUload_asset_work@@@Z 0000000180005880 f   p5engine.obj
 0001:00004910       ?LoadAssetWork@@YAXPEAUplatform_work_queue@@PEAX@Z 0000000180005910 f   p5engine.obj
 0001:00004960       ?InsertBlock@@YAPEAUasset_memory_block@@PEAU1@_KPEAX@Z 0000000180005960 f   p5engine.obj
 0001:00004a10       ?FindBlockForSize@@YAPEAUasset_memory_block@@PEAUgame_assets@@_K@Z 0000000180005a10 f   p5engine.obj
 0001:00004ab0       ?MergeIfPossible@@YAHPEAUgame_assets@@PEAUasset_memory_block@@1@Z 0000000180005ab0 f   p5engine.obj
 0001:00004bb0       ?GenerationHasCompleted@@YAHPEAUgame_assets@@I@Z 0000000180005bb0 f   p5engine.obj
 0001:00004c30       ?AcquireAssetMemory@@YAPEAUasset_memory_header@@PEAUgame_assets@@II@Z 0000000180005c30 f   p5engine.obj
 0001:00004ee0       ?GetBestMatchAssetFrom@@YAIPEAUgame_assets@@W4asset_type_id@@PEAUasset_vector@@2@Z 0000000180005ee0 f   p5engine.obj
 0001:00005120       ?GetRandomAssetFrom@@YAIPEAUgame_assets@@W4asset_type_id@@PEAUrandom_series@@@Z 0000000180006120 f   p5engine.obj
 0001:000051c0       ?GetFirstAssetFrom@@YAIPEAUgame_assets@@W4asset_type_id@@@Z 00000001800061c0 f   p5engine.obj
 0001:00005230       ?GetBestMatchBitmapFrom@@YA?AUbitmap_id@@PEAUgame_assets@@W4asset_type_id@@PEAUasset_vector@@2@Z 0000000180006230 f   p5engine.obj
 0001:00005280       ?GetFirstBitmapFrom@@YA?AUbitmap_id@@PEAUgame_assets@@W4asset_type_id@@@Z 0000000180006280 f   p5engine.obj
 0001:000052c0       ?GetRandomBitmapFrom@@YA?AUbitmap_id@@PEAUgame_assets@@W4asset_type_id@@PEAUrandom_series@@@Z 00000001800062c0 f   p5engine.obj
 0001:00005310       ?GetRandomSoundFrom@@YA?AUsound_id@@PEAUgame_assets@@W4asset_type_id@@PEAUrandom_series@@@Z 0000000180006310 f   p5engine.obj
 0001:00005360       ?AllocateGameAssets@@YAPEAUgame_assets@@PEAUmemory_arena@@_KPEAUtransient_state@@@Z 0000000180006360 f   p5engine.obj
 0001:00005c80       ?PlaySound@@YAPEAUplaying_sound@@PEAUaudio_state@@Usound_id@@@Z 0000000180006c80 f   p5engine.obj
 0001:00005db0       ?ChangeVolume@@YAXPEAUaudio_state@@PEAUplaying_sound@@MTv2@@@Z 0000000180006db0 f   p5engine.obj
 0001:00005e80       ?OutputPlayingSounds@@YAXPEAUaudio_state@@PEAUgame_sound_output_buffer@@PEAUgame_assets@@PEAUmemory_arena@@@Z 0000000180006e80 f   p5engine.obj
 0001:00006f90       ?InitializeAudioState@@YAXPEAUaudio_state@@PEAUmemory_arena@@@Z 0000000180007f90 f   p5engine.obj
 0001:00007010       ?AddLowEntity@@YA?AUadd_low_entity_result@@PEAUgame_state@@W4entity_type@@Uworld_position@@@Z 0000000180008010 f   p5engine.obj
 0001:00007210       ?AddGroundedEntity@@YA?AUadd_low_entity_result@@PEAUgame_state@@W4entity_type@@Uworld_position@@PEAUsim_entity_collision_volume_group@@@Z 0000000180008210 f   p5engine.obj
 0001:000072c0       ?AddStandardRoom@@YA?AUadd_low_entity_result@@PEAUgame_state@@III@Z 00000001800082c0 f   p5engine.obj
 0001:00007420       ?AddWall@@YA?AUadd_low_entity_result@@PEAUgame_state@@III@Z 0000000180008420 f   p5engine.obj
 0001:00007580       ?AddStairs@@YA?AUadd_low_entity_result@@PEAUgame_state@@III@Z 0000000180008580 f   p5engine.obj
 0001:00007710       ?InitHitPoints@@YAXPEAUlow_entity@@I@Z 0000000180008710 f   p5engine.obj
 0001:000077a0       ?AddSword@@YA?AUadd_low_entity_result@@PEAUgame_state@@@Z 00000001800087a0 f   p5engine.obj
 0001:00007890       ?AddPlayer@@YA?AUadd_low_entity_result@@PEAUgame_state@@@Z 0000000180008890 f   p5engine.obj
 0001:000079d0       ?AddMonstar@@YA?AUadd_low_entity_result@@PEAUgame_state@@III@Z 00000001800089d0 f   p5engine.obj
 0001:00007b40       ?AddFamiliar@@YA?AUadd_low_entity_result@@PEAUgame_state@@III@Z 0000000180008b40 f   p5engine.obj
 0001:00007ca0       ?DrawHitpoints@@YAXPEAUsim_entity@@PEAUrender_group@@@Z 0000000180008ca0 f   p5engine.obj
 0001:00007f10       ?MakeSimpleGroundedCollision@@YAPEAUsim_entity_collision_volume_group@@PEAUgame_state@@MMM@Z 0000000180008f10 f   p5engine.obj
 0001:00008070       ?MakeNullCollision@@YAPEAUsim_entity_collision_volume_group@@PEAUgame_state@@@Z 0000000180009070 f   p5engine.obj
 0001:00008150       ?FillGroundChunkWork@@YAXPEAUplatform_work_queue@@PEAX@Z 0000000180009150 f   p5engine.obj
 0001:00008930       ?FillGroundChunk@@YAXPEAUtransient_state@@PEAUgame_state@@PEAUground_buffer@@PEAUworld_position@@@Z 0000000180009930 f   p5engine.obj
 0001:00008a30       ?ClearBitmap@@YAXPEAUloaded_bitmap@@@Z 0000000180009a30 f   p5engine.obj
 0001:00008a90       ?MakeEmptyBitmap@@YA?AUloaded_bitmap@@PEAUmemory_arena@@HHH@Z 0000000180009a90 f   p5engine.obj
 0001:00008bd0       ?MakeSphereDiffuseMap@@YAXPEAUloaded_bitmap@@MM@Z 0000000180009bd0 f   p5engine.obj
 0001:00008f00       ?MakeSphereNormalMap@@YAXPEAUloaded_bitmap@@MMM@Z 0000000180009f00 f   p5engine.obj
 0001:0000e010       $LN167                     000000018000f010     p5engine.obj
 0001:00014180       $$000000                   0000000180015180     MSVCRTD:chkstk.obj
 0001:000141e0       $$000000                   00000001800151e0     MSVCRTD:amdsecgs.obj
 0001:00014210       ?dllmain_crt_dispatch@@YAHQEAUHINSTANCE__@@KQEAX@Z 0000000180015210 f   MSVCRTD:dll_dllmain.obj
 0001:000142a0       ?dllmain_crt_process_attach@@YAHQEAUHINSTANCE__@@QEAX@Z 00000001800152a0 f   MSVCRTD:dll_dllmain.obj
 0001:000143e0       ?dllmain_crt_process_detach@@YAH_N@Z 00000001800153e0 f   MSVCRTD:dll_dllmain.obj
 0001:00014480       ?dllmain_dispatch@@YAHQEAUHINSTANCE__@@KQEAX@Z 0000000180015480 f   MSVCRTD:dll_dllmain.obj
 0001:000145c0       ?dllmain_raw@@YAHQEAUHINSTANCE__@@KQEAX@Z 00000001800155c0 f   MSVCRTD:dll_dllmain.obj
 0001:00014780       capture_previous_context   0000000180015780 f   MSVCRTD:gs_report.obj
 0001:00014840       __get_entropy              0000000180015840 f   MSVCRTD:gs_support.obj
 0001:00014a90       ?find_pe_section@@YAPEAU_IMAGE_SECTION_HEADER@@QEAE_K@Z 0000000180015a90 f   MSVCRTD:utility.obj
 0001:00014b70       ?is_potentially_valid_image_base@@YA_NQEAX@Z 0000000180015b70 f   MSVCRTD:utility.obj
 0001:00015710       $$000000                   0000000180016710     MSVCRTD:guard_dispatch.obj
 0001:00015730       $$000000                   0000000180016730     MSVCRTD:guard_xfg_dispatch.obj
 0001:00015750       ?fin$0@?0??dllmain_crt_process_attach@@YAHQEAUHINSTANCE__@@QEAX@Z@4HA 0000000180016750 f   MSVCRTD:dll_dllmain.obj
 0001:00015770       ?fin$0@?0??dllmain_crt_process_detach@@YAH_N@Z@4HA 0000000180016770 f   MSVCRTD:dll_dllmain.obj
 0001:0001578a       ?fin$1@?0??dllmain_crt_process_detach@@YAH_N@Z@4HA 000000018001678a f   MSVCRTD:dll_dllmain.obj
 0001:000157a0       ?filt$0@?0??dllmain_dispatch@@YAHQEAUHINSTANCE__@@KQEAX@Z@4HA 00000001800167a0 f   MSVCRTD:dll_dllmain.obj
 0001:000157f0       __scrt_is_nonwritable_in_current_image$filt$0 00000001800167f0 f   MSVCRTD:utility.obj
 0002:00000170       $SG33083                   0000000180017170     p5engine.obj
 0002:00000198       $SG33085                   0000000180017198     p5engine.obj
 0002:000001b8       $SG33089                   00000001800171b8     p5engine.obj
 0002:000001c8       $SG34360                   00000001800171c8     p5engine.obj
 0002:000001d8       $SG34380                   00000001800171d8     p5engine.obj
 0002:000001e8       $SG31835                   00000001800171e8     p5engine.obj
 0002:000001f8       $SG32262                   00000001800171f8     p5engine.obj
 0002:000003c8       GS_ExceptionPointers       00000001800173c8     MSVCRTD:gs_report.obj
 0002:000009f8       $unwind$?AbsoluteValue@@YAMM@Z 00000001800179f8     p5engine.obj
 0002:000009f8       $unwind$?Clamp01@@YAMM@Z   00000001800179f8     p5engine.obj
 0002:000009f8       $unwind$?RoundReal32ToInt32@@YAHM@Z 00000001800179f8     p5engine.obj
 0002:000009f8       $unwind$?RoundReal32ToUInt32@@YAIM@Z 00000001800179f8     p5engine.obj
 0002:000009f8       $unwind$?SignOf@@YAMM@Z    00000001800179f8     p5engine.obj
 0002:000009f8       $unwind$?Sin@@YAMM@Z       00000001800179f8     p5engine.obj
 0002:000009f8       $unwind$?Square@@YAMM@Z    00000001800179f8     p5engine.obj
 0002:000009f8       $unwind$?SquareRoot@@YAMM@Z 00000001800179f8     p5engine.obj
 0002:000009f8       $unwind$TruncateReal32ToInt32 00000001800179f8     p5engine.obj
 0002:00000a00       $unwind$?EndGeneration@@YAXPEAUgame_assets@@I@Z 0000000180017a00     p5engine.obj
 0002:00000a00       $unwind$?GetFileHandleFor@@YAPEAUplatform_file_handle@@PEAUgame_assets@@I@Z 0000000180017a00     p5engine.obj
 0002:00000a00       $unwind$?GetLowEntity@@YAPEAUlow_entity@@PEAUgame_state@@I@Z 0000000180017a00     p5engine.obj
 0002:00000a00       $unwind$?GetSoundInfo@@YAPEAUp5a_sound@@PEAUgame_assets@@Usound_id@@@Z 0000000180017a00     p5engine.obj
 0002:00000a00       $unwind$?HasFlag@@YAHPEAUsim_entity@@I@Z 0000000180017a00     p5engine.obj
 0002:00000a00       $unwind$?RandomChoice@@YAIPEAUrandom_series@@I@Z 0000000180017a00     p5engine.obj
 0002:00000a00       $unwind$GetController      0000000180017a00     p5engine.obj
 0002:00000a08       $unwind$?InitializeArena@@YAXPEAUmemory_arena@@_KPEAX@Z 0000000180017a08     p5engine.obj
 0002:00000a10       $unwind$?GetAlignmentOffset@@YA_KPEAUmemory_arena@@_K@Z 0000000180017a10     p5engine.obj
 0002:00000a18       $unwind$??Y@YAAEATv2@@AEAT0@T0@@Z 0000000180017a18     p5engine.obj
 0002:00000a18       $unwind$?GetArenaSizeRemaining@@YA_KPEAUmemory_arena@@_K@Z 0000000180017a18     p5engine.obj
 0002:00000a18       $unwind$?Hadamard@@YA?ATv2@@T1@0@Z 0000000180017a18     p5engine.obj
 0002:00000a18       $unwind$?Inner@@YAMTv2@@0@Z 0000000180017a18     p5engine.obj
 0002:00000a18       $unwind$?Inner@@YAMTv3@@0@Z 0000000180017a18     p5engine.obj
 0002:00000a18       $unwind$?InsertAssetHeaderAtFront@@YAXPEAUgame_assets@@PEAUasset_memory_header@@@Z 0000000180017a18     p5engine.obj
 0002:00000a18       $unwind$?IsCanonical@@YAHPEAUworld@@Tv3@@@Z 0000000180017a18     p5engine.obj
 0002:00000a18       $unwind$?IsInRectangle@@YAHUrectangle3@@Tv3@@@Z 0000000180017a18     p5engine.obj
 0002:00000a18       $unwind$?RectanglesIntersect@@YAHUrectangle3@@0@Z 0000000180017a18     p5engine.obj
 0002:00000a18       $unwind$?ZeroSize@@YAX_KPEAX@Z 0000000180017a18     p5engine.obj
 0002:00000a18       $unwind$?find_pe_section@@YAPEAU_IMAGE_SECTION_HEADER@@QEAE_K@Z 0000000180017a18     MSVCRTD:utility.obj
 0002:00000a20       $unwind$?PushSize_@@YAPEAXPEAUmemory_arena@@_K1@Z 0000000180017a20     p5engine.obj
 0002:00000a28       $unwind$??G@YA?ATv3@@T0@@Z 0000000180017a28     p5engine.obj
 0002:00000a28       $unwind$?BeginTemporaryMemory@@YA?AUtemporary_memory@@PEAUmemory_arena@@@Z 0000000180017a28     p5engine.obj
 0002:00000a3c       $unwind$?AllResourcesPresent@@YAHPEAUrender_group@@@Z 0000000180017a3c     p5engine.obj
 0002:00000a3c       $unwind$?BeginGeneration@@YAIPEAUgame_assets@@@Z 0000000180017a3c     p5engine.obj
 0002:00000a3c       $unwind$?EndTemporaryMemory@@YAXUtemporary_memory@@@Z 0000000180017a3c     p5engine.obj
 0002:00000a3c       $unwind$?GetDim@@YA?ATv2@@Urectangle2@@@Z 0000000180017a3c     p5engine.obj
 0002:00000a3c       $unwind$?IsValid@@YAHUworld_position@@@Z 0000000180017a3c     p5engine.obj
 0002:00000a3c       $unwind$?LengthSq@@YAMTv2@@@Z 0000000180017a3c     p5engine.obj
 0002:00000a3c       $unwind$?RandomBilateral@@YAMPEAUrandom_series@@@Z 0000000180017a3c     p5engine.obj
 0002:00000a3c       $unwind$?RandomNextUInt32@@YAIPEAUrandom_series@@@Z 0000000180017a3c     p5engine.obj
 0002:00000a3c       $unwind$?RandomUnilateral@@YAMPEAUrandom_series@@@Z 0000000180017a3c     p5engine.obj
 0002:00000a3c       $unwind$__CheckForDebuggerJustMyCode 0000000180017a3c     MSVCRTD:debugger_jmc.obj
 0002:00000a3c       $unwind$__report_gsfailure 0000000180017a3c     MSVCRTD:gs_report.obj
 0002:00000a44       $unwind$?BeginAssetLock@@YAXPEAUgame_assets@@@Z 0000000180017a44     p5engine.obj
 0002:00000a44       $unwind$?CheckArena@@YAXPEAUmemory_arena@@@Z 0000000180017a44     p5engine.obj
 0002:00000a44       $unwind$?EndAssetLock@@YAXPEAUgame_assets@@@Z 0000000180017a44     p5engine.obj
 0002:00000a44       $unwind$?StoreEntityReference@@YAXPEATentity_reference@@@Z 0000000180017a44     p5engine.obj
 0002:00000a44       $unwind$__raise_securityfailure 0000000180017a44     MSVCRTD:gs_report.obj
 0002:00000a44       $unwind$?is_potentially_valid_image_base@@YA_NQEAX@Z 0000000180017a44     MSVCRTD:utility.obj
 0002:00000a4c       $unwind$?SubArena@@YAXPEAUmemory_arena@@0_K1@Z 0000000180017a4c     p5engine.obj
 0002:00000a4c       $unwind$__GSHandlerCheck   0000000180017a4c     MSVCRTD:gshandler.obj
 0002:00000a54       $unwind$?AtomicCompareExchangeUInt32@@YAIPECIII@Z 0000000180017a54     p5engine.obj
 0002:00000a54       $unwind$?GetAsset@@YAPEAUasset_memory_header@@PEAUgame_assets@@II@Z 0000000180017a54     p5engine.obj
 0002:00000a54       $unwind$?PushRenderElement_@@YAPEAXPEAUrender_group@@IW4render_group_entry_type@@@Z 0000000180017a54     p5engine.obj
 0002:00000a54       $unwind$?dllmain_crt_dispatch@@YAHQEAUHINSTANCE__@@KQEAX@Z 0000000180017a54     MSVCRTD:dll_dllmain.obj
 0002:00000a54       $unwind$?dllmain_raw@@YAHQEAUHINSTANCE__@@KQEAX@Z 0000000180017a54     MSVCRTD:dll_dllmain.obj
 0002:00000a5c       $unwind$?ATan2@@YAMMM@Z    0000000180017a5c     p5engine.obj
 0002:00000a5c       $unwind$?IsCanonical@@YAHMM@Z 0000000180017a5c     p5engine.obj
 0002:00000a5c       $unwind$?SafeRatio1@@YAMMM@Z 0000000180017a5c     p5engine.obj
 0002:00000a64       $unwind$?Clamp01MapToRange@@YAMMMM@Z 0000000180017a64     p5engine.obj
 0002:00000a64       $unwind$?Clamp@@YAMMMM@Z   0000000180017a64     p5engine.obj
 0002:00000a64       $unwind$?Lerp@@YAMMMM@Z    0000000180017a64     p5engine.obj
 0002:00000a64       $unwind$?SafeRatioN@@YAMMMM@Z 0000000180017a64     p5engine.obj
 0002:00000a6c       $unwind$?V2@@YA?ATv2@@MM@Z 0000000180017a6c     p5engine.obj
 0002:00000a7c       $unwind$?V2i@@YA?ATv2@@HH@Z 0000000180017a7c     p5engine.obj
 0002:00000a84       $unwind$??D@YA?ATv2@@MT0@@Z 0000000180017a84     p5engine.obj
 0002:00000a94       $unwind$??G@YA?ATv2@@T0@0@Z 0000000180017a94     p5engine.obj
 0002:00000a94       $unwind$??H@YA?ATv2@@T0@0@Z 0000000180017a94     p5engine.obj
 0002:00000a94       $unwind$?GetBarycentric@@YA?ATv2@@Urectangle2@@T1@@Z 0000000180017a94     p5engine.obj
 0002:00000aa4       $unwind$?Clamp01@@YA?ATv2@@T1@@Z 0000000180017aa4     p5engine.obj
 0002:00000ab4       $unwind$?V3@@YA?ATv3@@MMM@Z 0000000180017ab4     p5engine.obj
 0002:00000ab4       $unwind$?V4@@YA?ATv4@@MMMM@Z 0000000180017ab4     p5engine.obj
 0002:00000ac8       $unwind$??D@YA?ATv3@@MT0@@Z 0000000180017ac8     p5engine.obj
 0002:00000ac8       $unwind$??D@YA?ATv4@@MT0@@Z 0000000180017ac8     p5engine.obj
 0002:00000ac8       $unwind$?ToV3@@YA?ATv3@@Tv2@@M@Z 0000000180017ac8     p5engine.obj
 0002:00000adc       $unwind$??D@YA?ATv3@@T0@M@Z 0000000180017adc     p5engine.obj
 0002:00000adc       $unwind$?GetCameraRectangleAtDistance@@YA?AUrectangle2@@PEAUrender_group@@M@Z 0000000180017adc     p5engine.obj
 0002:00000ae8       $unwind$??X@YAAEATv3@@AEAT0@M@Z 0000000180017ae8     p5engine.obj
 0002:00000af4       $unwind$??G@YA?ATv3@@T0@0@Z 0000000180017af4     p5engine.obj
 0002:00000af4       $unwind$??H@YA?ATv3@@T0@0@Z 0000000180017af4     p5engine.obj
 0002:00000af4       $unwind$??H@YA?ATv4@@T0@0@Z 0000000180017af4     p5engine.obj
 0002:00000b08       $unwind$??Y@YAAEATv3@@AEAT0@T0@@Z 0000000180017b08     p5engine.obj
 0002:00000b08       $unwind$??Y@YAAEATv4@@AEAT0@T0@@Z 0000000180017b08     p5engine.obj
 0002:00000b08       $unwind$??Z@YAAEATv3@@AEAT0@T0@@Z 0000000180017b08     p5engine.obj
 0002:00000b08       $unwind$?GetDim@@YA?ATv3@@Urectangle3@@@Z 0000000180017b08     p5engine.obj
 0002:00000b14       $unwind$?AreInSameChunk@@YAHPEAUworld@@PEAUworld_position@@1@Z 0000000180017b14     p5engine.obj
 0002:00000b14       $unwind$?Hadamard@@YA?ATv3@@T1@0@Z 0000000180017b14     p5engine.obj
 0002:00000b14       $unwind$?RectCenterDim@@YA?AUrectangle2@@Tv2@@0@Z 0000000180017b14     p5engine.obj
 0002:00000b20       $unwind$?LengthSq@@YAMTv3@@@Z 0000000180017b20     p5engine.obj
 0002:00000b2c       $unwind$?Length@@YAMTv3@@@Z 0000000180017b2c     p5engine.obj
 0002:00000b2c       $unwind$?MakeEntityNonSpatial@@YAXPEAUsim_entity@@@Z 0000000180017b2c     p5engine.obj
 0002:00000b38       $unwind$?RectCenterHalfDim@@YA?AUrectangle2@@Tv2@@0@Z 0000000180017b38     p5engine.obj
 0002:00000b4c       $unwind$?Intersect@@YA?AUrectangle2i@@U1@0@Z 0000000180017b4c     p5engine.obj
 0002:00000b58       $unwind$?Clear@@YAXPEAUrender_group@@Tv4@@@Z 0000000180017b58     p5engine.obj
 0002:00000b58       $unwind$?GetMaxCorner@@YA?ATv3@@Urectangle3@@@Z 0000000180017b58     p5engine.obj
 0002:00000b58       $unwind$?GetMinCorner@@YA?ATv3@@Urectangle3@@@Z 0000000180017b58     p5engine.obj
 0002:00000b64       $unwind$?RectMinMax@@YA?AUrectangle3@@Tv3@@0@Z 0000000180017b64     p5engine.obj
 0002:00000b78       $unwind$?AddRadiusTo@@YA?AUrectangle3@@U1@Tv3@@@Z 0000000180017b78     p5engine.obj
 0002:00000b78       $unwind$?RectCenterHalfDim@@YA?AUrectangle3@@Tv3@@0@Z 0000000180017b78     p5engine.obj
 0002:00000b8c       $unwind$?RectCenterDim@@YA?AUrectangle3@@Tv3@@0@Z 0000000180017b8c     p5engine.obj
 0002:00000b98       $unwind$?RandomSeed@@YA?AUrandom_series@@I@Z 0000000180017b98     p5engine.obj
 0002:00000ba8       $unwind$?RandomBetween@@YAMPEAUrandom_series@@MM@Z 0000000180017ba8     p5engine.obj
 0002:00000bb0       $unwind$?AddFlags@@YAXPEAUsim_entity@@I@Z 0000000180017bb0     p5engine.obj
 0002:00000bb0       $unwind$?ClearFlags@@YAXPEAUsim_entity@@I@Z 0000000180017bb0     p5engine.obj
 0002:00000bb0       $unwind$?PrefetchSound@@YAXPEAUgame_assets@@Usound_id@@@Z 0000000180017bb0     p5engine.obj
 0002:00000bb8       $unwind$?MakeEntitySpatial@@YAXPEAUsim_entity@@Tv3@@1@Z 0000000180017bb8     p5engine.obj
 0002:00000bc4       $unwind$?GetEntityGroundPoint@@YA?ATv3@@PEAUsim_entity@@T1@@Z 0000000180017bc4     p5engine.obj
 0002:00000bd0       $unwind$?GetEntityGroundPoint@@YA?ATv3@@PEAUsim_entity@@@Z 0000000180017bd0     p5engine.obj
 0002:00000bdc       $unwind$?GetStairGround@@YAMPEAUsim_entity@@Tv3@@@Z 0000000180017bdc     p5engine.obj
 0002:00000be8       $unwind$?RemoveAssetHeaderFromList@@YAXPEAUasset_memory_header@@@Z 0000000180017be8     p5engine.obj
 0002:00000bf0       $unwind$?LoadBitmap@@YAXPEAUgame_assets@@Ubitmap_id@@H@Z 0000000180017bf0     p5engine.obj
 0002:00000c04       $unwind$?LoadSound@@YAXPEAUgame_assets@@Usound_id@@@Z 0000000180017c04     p5engine.obj
 0002:00000c18       $unwind$?AddCollisionRule@@YAXPEAUgame_state@@IIH@Z 0000000180017c18     p5engine.obj
 0002:00000c20       $unwind$?ClearCollisionRulesFor@@YAXPEAUgame_state@@I@Z 0000000180017c20     p5engine.obj
 0002:00000c28       $unwind$?BeginTaskWithMemory@@YAPEAUtask_with_memory@@PEAUtransient_state@@@Z 0000000180017c28     p5engine.obj
 0002:00000c34       $unwind$?EndTaskWithMemory@@YAXPEAUtask_with_memory@@@Z 0000000180017c34     p5engine.obj
 0002:00000c40       $unwind$?DrawRectangle@@YAXPEAUloaded_bitmap@@Tv2@@1Tv4@@Urectangle2i@@H@Z 0000000180017c40     p5engine.obj
 0002:00000c4c       $unwind$?RenderGroupToOutput@@YAXPEAUrender_group@@PEAUloaded_bitmap@@Urectangle2i@@H@Z 0000000180017c4c     p5engine.obj
 0002:00000c58       $unwind$?DoTiledRenderWork@@YAXPEAUplatform_work_queue@@PEAX@Z 0000000180017c58     p5engine.obj
 0002:00000c64       $unwind$?RenderGroupToOutput@@YAXPEAUrender_group@@PEAUloaded_bitmap@@@Z 0000000180017c64     p5engine.obj
 0002:00000c78       $unwind$?TiledRenderGroupToOutput@@YAXPEAUplatform_work_queue@@PEAUrender_group@@PEAUloaded_bitmap@@@Z 0000000180017c78     p5engine.obj
 0002:00000c8c       $unwind$?AllocateRenderGroup@@YAPEAUrender_group@@PEAUgame_assets@@PEAUmemory_arena@@IH@Z 0000000180017c8c     p5engine.obj
 0002:00000c98       $unwind$?FinishRenderGroup@@YAXPEAUrender_group@@@Z 0000000180017c98     p5engine.obj
 0002:00000ca0       $unwind$?InitializeWorld@@YAXPEAUworld@@Tv3@@@Z 0000000180017ca0     p5engine.obj
 0002:00000cac       $unwind$?Subtract@@YA?ATv3@@PEAUworld@@PEAUworld_position@@1@Z 0000000180017cac     p5engine.obj
 0002:00000cc0       $unwind$?ChangeEntityLocation@@YAXPEAUmemory_arena@@PEAUworld@@IPEAUlow_entity@@Uworld_position@@@Z 0000000180017cc0     p5engine.obj
 0002:00000ccc       $unwind$?GetHashFromStorageIndex@@YAPEAUsim_entity_hash@@PEAUsim_region@@I@Z 0000000180017ccc     p5engine.obj
 0002:00000cd4       $unwind$?AddEntity@@YAPEAUsim_entity@@PEAUgame_state@@PEAUsim_region@@IPEAUlow_entity@@PEATv3@@@Z 0000000180017cd4     p5engine.obj
 0002:00000ce0       $unwind$?AddEntityRaw@@YAPEAUsim_entity@@PEAUgame_state@@PEAUsim_region@@IPEAUlow_entity@@@Z 0000000180017ce0     p5engine.obj
 0002:00000cec       $unwind$?BeginSim@@YAPEAUsim_region@@PEAUmemory_arena@@PEAUgame_state@@PEAUworld@@Uworld_position@@Urectangle3@@M@Z 0000000180017cec     p5engine.obj
 0002:00000d00       $unwind$?EndSim@@YAXPEAUsim_region@@PEAUgame_state@@@Z 0000000180017d00     p5engine.obj
 0002:00000d0c       $unwind$?CanCollide@@YAHPEAUgame_state@@PEAUsim_entity@@1@Z 0000000180017d0c     p5engine.obj
 0002:00000d14       $unwind$?HandleCollision@@YAHPEAUgame_state@@PEAUsim_entity@@1@Z 0000000180017d14     p5engine.obj
 0002:00000d1c       $unwind$?CanOverlap@@YAHPEAUgame_state@@PEAUsim_entity@@1@Z 0000000180017d1c     p5engine.obj
 0002:00000d24       $unwind$?HandleOverlap@@YAXPEAUgame_state@@PEAUsim_entity@@1MPEAM@Z 0000000180017d24     p5engine.obj
 0002:00000d30       $unwind$?SpeculativeCollide@@YAHPEAUsim_entity@@0Tv3@@@Z 0000000180017d30     p5engine.obj
 0002:00000d3c       $unwind$?EntitiesOverlap@@YAHPEAUsim_entity@@0Tv3@@@Z 0000000180017d3c     p5engine.obj
 0002:00000d48       $unwind$?MoveEntity@@YAXPEAUgame_state@@PEAUsim_region@@PEAUsim_entity@@MPEAUmove_spec@@Tv3@@@Z 0000000180017d48     p5engine.obj
 0002:00000d5c       $unwind$?LoadAssetWorkDirectly@@YAXPEAUload_asset_work@@@Z 0000000180017d5c     p5engine.obj
 0002:00000d64       $unwind$?LoadAssetWork@@YAXPEAUplatform_work_queue@@PEAX@Z 0000000180017d64     p5engine.obj
 0002:00000d6c       $unwind$?InsertBlock@@YAPEAUasset_memory_block@@PEAU1@_KPEAX@Z 0000000180017d6c     p5engine.obj
 0002:00000d74       $unwind$?FindBlockForSize@@YAPEAUasset_memory_block@@PEAUgame_assets@@_K@Z 0000000180017d74     p5engine.obj
 0002:00000d7c       $unwind$?MergeIfPossible@@YAHPEAUgame_assets@@PEAUasset_memory_block@@1@Z 0000000180017d7c     p5engine.obj
 0002:00000d84       $unwind$?GenerationHasCompleted@@YAHPEAUgame_assets@@I@Z 0000000180017d84     p5engine.obj
 0002:00000d8c       $unwind$?AcquireAssetMemory@@YAPEAUasset_memory_header@@PEAUgame_assets@@II@Z 0000000180017d8c     p5engine.obj
 0002:00000d94       $unwind$?GetBestMatchAssetFrom@@YAIPEAUgame_assets@@W4asset_type_id@@PEAUasset_vector@@2@Z 0000000180017d94     p5engine.obj
 0002:00000d9c       $unwind$?GetRandomAssetFrom@@YAIPEAUgame_assets@@W4asset_type_id@@PEAUrandom_series@@@Z 0000000180017d9c     p5engine.obj
 0002:00000da4       $unwind$?GetFirstAssetFrom@@YAIPEAUgame_assets@@W4asset_type_id@@@Z 0000000180017da4     p5engine.obj
 0002:00000dac       $unwind$?GetBestMatchBitmapFrom@@YA?AUbitmap_id@@PEAUgame_assets@@W4asset_type_id@@PEAUasset_vector@@2@Z 0000000180017dac     p5engine.obj
 0002:00000db4       $unwind$?GetFirstBitmapFrom@@YA?AUbitmap_id@@PEAUgame_assets@@W4asset_type_id@@@Z 0000000180017db4     p5engine.obj
 0002:00000dbc       $unwind$?GetRandomBitmapFrom@@YA?AUbitmap_id@@PEAUgame_assets@@W4asset_type_id@@PEAUrandom_series@@@Z 0000000180017dbc     p5engine.obj
 0002:00000dc4       $unwind$?GetRandomSoundFrom@@YA?AUsound_id@@PEAUgame_assets@@W4asset_type_id@@PEAUrandom_series@@@Z 0000000180017dc4     p5engine.obj
 0002:00000dcc       $unwind$?AllocateGameAssets@@YAPEAUgame_assets@@PEAUmemory_arena@@_KPEAUtransient_state@@@Z 0000000180017dcc     p5engine.obj
 0002:00000de0       $unwind$?PlaySound@@YAPEAUplaying_sound@@PEAUaudio_state@@Usound_id@@@Z 0000000180017de0     p5engine.obj
 0002:00000de8       $unwind$?ChangeVolume@@YAXPEAUaudio_state@@PEAUplaying_sound@@MTv2@@@Z 0000000180017de8     p5engine.obj
 0002:00000df0       $unwind$?OutputPlayingSounds@@YAXPEAUaudio_state@@PEAUgame_sound_output_buffer@@PEAUgame_assets@@PEAUmemory_arena@@@Z 0000000180017df0     p5engine.obj
 0002:00000e04       $unwind$?InitializeAudioState@@YAXPEAUaudio_state@@PEAUmemory_arena@@@Z 0000000180017e04     p5engine.obj
 0002:00000e0c       $unwind$?AddLowEntity@@YA?AUadd_low_entity_result@@PEAUgame_state@@W4entity_type@@Uworld_position@@@Z 0000000180017e0c     p5engine.obj
 0002:00000e20       $unwind$?AddGroundedEntity@@YA?AUadd_low_entity_result@@PEAUgame_state@@W4entity_type@@Uworld_position@@PEAUsim_entity_collision_volume_group@@@Z 0000000180017e20     p5engine.obj
 0002:00000e2c       $unwind$?AddStandardRoom@@YA?AUadd_low_entity_result@@PEAUgame_state@@III@Z 0000000180017e2c     p5engine.obj
 0002:00000e38       $unwind$?AddWall@@YA?AUadd_low_entity_result@@PEAUgame_state@@III@Z 0000000180017e38     p5engine.obj
 0002:00000e44       $unwind$?AddStairs@@YA?AUadd_low_entity_result@@PEAUgame_state@@III@Z 0000000180017e44     p5engine.obj
 0002:00000e50       $unwind$?InitHitPoints@@YAXPEAUlow_entity@@I@Z 0000000180017e50     p5engine.obj
 0002:00000e58       $unwind$?AddSword@@YA?AUadd_low_entity_result@@PEAUgame_state@@@Z 0000000180017e58     p5engine.obj
 0002:00000e64       $unwind$?AddPlayer@@YA?AUadd_low_entity_result@@PEAUgame_state@@@Z 0000000180017e64     p5engine.obj
 0002:00000e70       $unwind$?AddMonstar@@YA?AUadd_low_entity_result@@PEAUgame_state@@III@Z 0000000180017e70     p5engine.obj
 0002:00000e7c       $unwind$?AddFamiliar@@YA?AUadd_low_entity_result@@PEAUgame_state@@III@Z 0000000180017e7c     p5engine.obj
 0002:00000e88       $unwind$?DrawHitpoints@@YAXPEAUsim_entity@@PEAUrender_group@@@Z 0000000180017e88     p5engine.obj
 0002:00000e9c       $unwind$?MakeSimpleGroundedCollision@@YAPEAUsim_entity_collision_volume_group@@PEAUgame_state@@MMM@Z 0000000180017e9c     p5engine.obj
 0002:00000ea8       $unwind$?MakeNullCollision@@YAPEAUsim_entity_collision_volume_group@@PEAUgame_state@@@Z 0000000180017ea8     p5engine.obj
 0002:00000eb4       $unwind$?FillGroundChunkWork@@YAXPEAUplatform_work_queue@@PEAX@Z 0000000180017eb4     p5engine.obj
 0002:00000ec8       $unwind$?FillGroundChunk@@YAXPEAUtransient_state@@PEAUgame_state@@PEAUground_buffer@@PEAUworld_position@@@Z 0000000180017ec8     p5engine.obj
 0002:00000ed4       $unwind$?ClearBitmap@@YAXPEAUloaded_bitmap@@@Z 0000000180017ed4     p5engine.obj
 0002:00000edc       $unwind$?MakeEmptyBitmap@@YA?AUloaded_bitmap@@PEAUmemory_arena@@HHH@Z 0000000180017edc     p5engine.obj
 0002:00000ef0       $unwind$?MakeSphereDiffuseMap@@YAXPEAUloaded_bitmap@@MM@Z 0000000180017ef0     p5engine.obj
 0002:00000efc       $unwind$?MakeSphereNormalMap@@YAXPEAUloaded_bitmap@@MMM@Z 0000000180017efc     p5engine.obj
 0002:00000f08       $unwind$GameUpdateAndRender 0000000180017f08     p5engine.obj
 0002:00000f1c       $unwind$GameGetSoundSamples 0000000180017f1c     p5engine.obj
 0002:00000f24       $unwind$?GetBitmap@@YAPEAUloaded_bitmap@@PEAUgame_assets@@Ubitmap_id@@I@Z 0000000180017f24     p5engine.obj
 0002:00000f24       $unwind$?GetSound@@YAPEAUloaded_sound@@PEAUgame_assets@@Usound_id@@I@Z 0000000180017f24     p5engine.obj
 0002:00000f2c       $unwind$?IsValid@@YAHUsound_id@@@Z 0000000180017f2c     p5engine.obj
 0002:00000f34       $unwind$?GetNextSoundInChain@@YA?AUsound_id@@PEAUgame_assets@@U1@@Z 0000000180017f34     p5engine.obj
 0002:00000f44       $unwind$?GetRenderEntityBasisPos@@YA?AUentity_basis_p_result@@PEAUrender_transform@@Tv3@@@Z 0000000180017f44     p5engine.obj
 0002:00000f58       $unwind$?PushBitmap@@YAXPEAUrender_group@@PEAUloaded_bitmap@@Tv3@@MTv4@@@Z 0000000180017f58     p5engine.obj
 0002:00000f64       $unwind$?PushBitmap@@YAXPEAUrender_group@@Ubitmap_id@@Tv3@@MTv4@@@Z 0000000180017f64     p5engine.obj
 0002:00000f70       $unwind$?PushRect@@YAXPEAUrender_group@@Tv3@@Tv2@@Tv4@@@Z 0000000180017f70     p5engine.obj
 0002:00000f7c       $unwind$?PushRectOutline@@YAXPEAUrender_group@@Tv3@@Tv2@@Tv4@@@Z 0000000180017f7c     p5engine.obj
 0002:00000f88       $unwind$?Orthographic@@YAXPEAUrender_group@@HHM@Z 0000000180017f88     p5engine.obj
 0002:00000f88       $unwind$?Perspective@@YAXPEAUrender_group@@HHMMM@Z 0000000180017f88     p5engine.obj
 0002:00000f90       $unwind$?RecanonicalizeCoord@@YAXMPEAHPEAM@Z 0000000180017f90     p5engine.obj
 0002:00000f90       $unwind$?Unproject@@YA?ATv2@@PEAUrender_group@@T1@M@Z 0000000180017f90     p5engine.obj
 0002:00000f98       $unwind$?GetCameraRectangleAtTarget@@YA?AUrectangle2@@PEAUrender_group@@@Z 0000000180017f98     p5engine.obj
 0002:00000fa4       $unwind$?NullPosition@@YA?AUworld_position@@XZ 0000000180017fa4     p5engine.obj
 0002:00000fb8       $unwind$?GetWorldChunk@@YAPEAUworld_chunk@@PEAUworld@@HHHPEAUmemory_arena@@@Z 0000000180017fb8     p5engine.obj
 0002:00000fb8       $unwind$__scrt_dllmain_exception_filter 0000000180017fb8     MSVCRTD:utility.obj
 0002:00000fc0       $unwind$?MapIntoChunkSpace@@YA?AUworld_position@@PEAUworld@@U1@Tv3@@@Z 0000000180017fc0     p5engine.obj
 0002:00000fd4       $unwind$?ChunkPositionFromTilePosition@@YA?AUworld_position@@PEAUworld@@HHHTv3@@@Z 0000000180017fd4     p5engine.obj
 0002:00000fe8       $unwind$?CenteredChunkPoint@@YA?AUworld_position@@III@Z 0000000180017fe8     p5engine.obj
 0002:00000ffc       $unwind$?ChangeEntityLocationRaw@@YAXPEAUmemory_arena@@PEAUworld@@IPEAUworld_position@@2@Z 0000000180017ffc     p5engine.obj
 0002:00001008       $unwind$?GetSimSpacePos@@YA?ATv3@@PEAUsim_region@@PEAUlow_entity@@@Z 0000000180018008     p5engine.obj
 0002:00001014       $unwind$?LoadEntityReference@@YAXPEAUgame_state@@PEAUsim_region@@PEATentity_reference@@@Z 0000000180018014     p5engine.obj
 0002:00001028       $unwind$?EntityOverlapsRectangle@@YAHTv3@@Usim_entity_collision_volume@@Urectangle3@@@Z 0000000180018028     p5engine.obj
 0002:00001034       $unwind$?DefaultMoveSpec@@YA?AUmove_spec@@XZ 0000000180018034     p5engine.obj
 0002:00001048       $unwind$?DrawRectangleQuickly@@YAXPEAUloaded_bitmap@@Tv2@@11Tv4@@0MUrectangle2i@@H@Z 0000000180018048     p5engine_optimized.obj
 0002:00001070       $chain$9$?DrawRectangleQuickly@@YAXPEAUloaded_bitmap@@Tv2@@11Tv4@@0MUrectangle2i@@H@Z 0000000180018070     p5engine_optimized.obj
 0002:000010a8       $chain$10$?DrawRectangleQuickly@@YAXPEAUloaded_bitmap@@Tv2@@11Tv4@@0MUrectangle2i@@H@Z 00000001800180a8     p5engine_optimized.obj
 0002:000010b8       $unwind$__GSHandlerCheckCommon 00000001800180b8     MSVCRTD:gshandler.obj
 0002:000010c0       $xdatasym                  00000001800180c0     MSVCRTD:chkstk.obj
 0002:000010c8       $xdatasym                  00000001800180c8     MSVCRTD:amdsecgs.obj
 0002:000010cc       $unwind$?dllmain_crt_process_attach@@YAHQEAUHINSTANCE__@@QEAX@Z 00000001800180cc     MSVCRTD:dll_dllmain.obj
 0002:000010ec       $unwind$?fin$0@?0??dllmain_crt_process_attach@@YAHQEAUHINSTANCE__@@QEAX@Z@4HA 00000001800180ec     MSVCRTD:dll_dllmain.obj
 0002:000010ec       $unwind$?fin$0@?0??dllmain_crt_process_detach@@YAH_N@Z@4HA 00000001800180ec     MSVCRTD:dll_dllmain.obj
 0002:000010ec       $unwind$?fin$1@?0??dllmain_crt_process_detach@@YAH_N@Z@4HA 00000001800180ec     MSVCRTD:dll_dllmain.obj
 0002:000010ec       $unwind$__scrt_is_nonwritable_in_current_image$filt$0 00000001800180ec     MSVCRTD:utility.obj
 0002:000010f4       $unwind$?dllmain_crt_process_detach@@YAH_N@Z 00000001800180f4     MSVCRTD:dll_dllmain.obj
 0002:00001124       $unwind$?dllmain_dispatch@@YAHQEAUHINSTANCE__@@KQEAX@Z 0000000180018124     MSVCRTD:dll_dllmain.obj
 0002:00001144       $unwind$?filt$0@?0??dllmain_dispatch@@YAHQEAUHINSTANCE__@@KQEAX@Z@4HA 0000000180018144     MSVCRTD:dll_dllmain.obj
 0002:0000114c       $unwind$_DllMainCRTStartup 000000018001814c     MSVCRTD:dll_dllmain.obj
 0002:0000114c       $unwind$DllMain            000000018001814c     MSVCRTD:dll_dllmain_stub.obj
 0002:00001154       $unwind$capture_previous_context 0000000180018154     MSVCRTD:gs_report.obj
 0002:0000115c       $unwind$__scrt_initialize_default_local_stdio_options 000000018001815c     MSVCRTD:default_local_stdio_options.obj
 0002:0000115c       $unwind$__security_init_cookie 000000018001815c     MSVCRTD:gs_support.obj
 0002:00001164       $unwind$__get_entropy      0000000180018164     MSVCRTD:gs_support.obj
 0002:0000116c       $unwind$?__scrt_initialize_type_info@@YAXXZ 000000018001816c     MSVCRTD:tncleanup.obj
 0002:0000116c       $unwind$?__scrt_uninitialize_type_info@@YAXXZ 000000018001816c     MSVCRTD:tncleanup.obj
 0002:0000116c       $unwind$?configure_argv@__scrt_narrow_argv_policy@@SAHXZ 000000018001816c     MSVCRTD:utility.obj
 0002:0000116c       $unwind$?initialize_environment@__scrt_narrow_environment_policy@@SAHXZ 000000018001816c     MSVCRTD:utility.obj
 0002:0000116c       $unwind$__scrt_dllmain_after_initialize_c 000000018001816c     MSVCRTD:utility.obj
 0002:0000116c       $unwind$__scrt_dllmain_before_initialize_c 000000018001816c     MSVCRTD:utility.obj
 0002:0000116c       $unwind$__scrt_dllmain_crt_thread_attach 000000018001816c     MSVCRTD:utility.obj
 0002:0000116c       $unwind$__scrt_dllmain_crt_thread_detach 000000018001816c     MSVCRTD:utility.obj
 0002:0000116c       $unwind$__scrt_dllmain_uninitialize_c 000000018001816c     MSVCRTD:utility.obj
 0002:0000116c       $unwind$__scrt_dllmain_uninitialize_critical 000000018001816c     MSVCRTD:utility.obj
 0002:00001174       $unwind$__scrt_is_nonwritable_in_current_image 0000000180018174     MSVCRTD:utility.obj
 0002:00001194       $unwind$__scrt_acquire_startup_lock 0000000180018194     MSVCRTD:utility.obj
 0002:0000119c       $unwind$__scrt_initialize_crt 000000018001819c     MSVCRTD:utility.obj
 0002:0000119c       $unwind$__scrt_release_startup_lock 000000018001819c     MSVCRTD:utility.obj
 0002:000011a4       $unwind$__scrt_uninitialize_crt 00000001800181a4     MSVCRTD:utility.obj
 0002:000011ac       $unwind$__scrt_initialize_onexit_tables 00000001800181ac     MSVCRTD:utility.obj
 0002:000011b8       $unwind$__scrt_fastfail    00000001800181b8     MSVCRTD:utility_desktop.obj
 0002:000011c4       $unwind$_RTC_Initialize    00000001800181c4     MSVCRTD:initsect.obj
 0002:000011c4       $unwind$_RTC_Terminate     00000001800181c4     MSVCRTD:initsect.obj
 0002:000011d0       $unwind$__isa_available_init 00000001800181d0     MSVCRTD:cpu_disp.obj
 0002:000011e0       $unwind$__scrt_is_ucrt_dll_in_use 00000001800181e0     MSVCRTD:ucrt_detection.obj
 0002:000011e8       $xdatasym                  00000001800181e8     MSVCRTD:guard_dispatch.obj
 0002:000011f0       $xdatasym                  00000001800181f0     MSVCRTD:guard_xfg_dispatch.obj
 0002:00001200       .edata                     0000000180018200     P5Engine.exp
 0002:00001228       rgpv                       0000000180018228     P5Engine.exp
 0002:00001230       rgszName                   0000000180018230     P5Engine.exp
 0002:00001238       rgwOrd                     0000000180018238     P5Engine.exp
 0002:0000123c       szName                     000000018001823c     P5Engine.exp
 0002:00001249       $N00001                    0000000180018249     P5Engine.exp
 0002:0000125d       $N00002                    000000018001825d     P5Engine.exp
 0002:00001400       .idata$6                   0000000180018400     vcruntimed:VCRUNTIME140D.dll
 0002:000014da       .idata$6                   00000001800184da     ucrtd:ucrtbased.dll
 0002:0000164e       .idata$6                   000000018001864e     kernel32:KERNEL32.dll
 0003:00000000       ?RandomNumberTable@@3PAIA  0000000180019000     p5engine.obj
 0003:00004050       ?Platform@@3Uplatform_api@@A 000000018001d050     p5engine.obj
 0003:000040b0       ?__proc_attached@@3HA      000000018001d0b0     MSVCRTD:dll_dllmain.obj
 0003:000040c0       GS_ExceptionRecord         000000018001d0c0     MSVCRTD:gs_report.obj
 0003:00004160       GS_ContextRecord           000000018001d160     MSVCRTD:gs_report.obj
 0003:00004660       ?is_initialized_as_dll@@3_NA 000000018001d660     MSVCRTD:utility.obj
 0003:00004661       ?module_local_atexit_table_initialized@@3_NA 000000018001d661     MSVCRTD:utility.obj
 0003:00004668       ?module_local_atexit_table@@3U_onexit_table_t@@A 000000018001d668     MSVCRTD:utility.obj
 0003:00004680       ?module_local_at_quick_exit_table@@3U_onexit_table_t@@A 000000018001d680     MSVCRTD:utility.obj
 0005:00000000       __20BB4341_malloc@h        000000018001f000     p5engine.obj
 0005:00000001       __A435B42B_p5engine_types@h 000000018001f001     p5engine.obj
 0005:00000002       __7D4BEAAE_p5engine_platform@h 000000018001f002     p5engine.obj
 0005:00000003       __741AE07E_corecrt_math@h  000000018001f003     p5engine.obj
 0005:00000004       __7BF3FA8A_p5engine_intrinsics@h 000000018001f004     p5engine.obj
 0005:00000005       __87290AA6_p5engine_math@h 000000018001f005     p5engine.obj
 0005:00000006       __B7A387D6_p5engine_random@h 000000018001f006     p5engine.obj
 0005:00000007       __F17FF173_p5engine_entity@h 000000018001f007     p5engine.obj
 0005:00000008       __72A74871_p5engine_asset@h 000000018001f008     p5engine.obj
 0005:00000009       __BD87FD4A_p5engine@h      000000018001f009     p5engine.obj
 0005:0000000a       __6F2BF339_p5engine_render_group@cpp 000000018001f00a     p5engine.obj
 0005:0000000b       __281AC6F8_p5engine_world@cpp 000000018001f00b     p5engine.obj
 0005:0000000c       __B07C4A52_p5engine_sim_region@cpp 000000018001f00c     p5engine.obj
 0005:0000000d       __BDC7FEEB_p5engine_entity@cpp 000000018001f00d     p5engine.obj
 0005:0000000e       __3D4C1499_p5engine_asset@cpp 000000018001f00e     p5engine.obj
 0005:0000000f       __39A8D9B6_p5engine_audio@cpp 000000018001f00f     p5engine.obj
 0005:00000010       __BAF57382_p5engine@cpp    000000018001f010     p5engine.obj
 0005:00000011       __20BB4341_malloc@h        000000018001f011     p5engine_optimized.obj
 0005:00000012       __A435B42B_p5engine_types@h 000000018001f012     p5engine_optimized.obj
 0005:00000013       __7D4BEAAE_p5engine_platform@h 000000018001f013     p5engine_optimized.obj
 0005:00000014       __741AE07E_corecrt_math@h  000000018001f014     p5engine_optimized.obj
 0005:00000015       __7BF3FA8A_p5engine_intrinsics@h 000000018001f015     p5engine_optimized.obj
 0005:00000016       __87290AA6_p5engine_math@h 000000018001f016     p5engine_optimized.obj
 0005:00000017       __B7A387D6_p5engine_random@h 000000018001f017     p5engine_optimized.obj
 0005:00000018       __F17FF173_p5engine_entity@h 000000018001f018     p5engine_optimized.obj
 0005:00000019       __72A74871_p5engine_asset@h 000000018001f019     p5engine_optimized.obj
 0005:0000001a       __BD87FD4A_p5engine@h      000000018001f01a     p5engine_optimized.obj
 0005:0000001b       __03FC23C0_p5engine_optimized@cpp 000000018001f01b     p5engine_optimized.obj
 0006:00000060       $R000000                   0000000180020060     * linker generated manifest res *
