 P5Engine

 Timestamp is 632d098a (Thu Sep 22 20:19:06 2022)

 Preferred load address is 0000000180000000

 Start         Length     Name                   Class
 0001:00000000 00014ac0H .text$mn                CODE
 0001:00014ac0 00000040H .text$mn$00             CODE
 0001:00014b00 000000ddH .text$x                 CODE
 0002:00000000 00000100H .idata$5                DATA
 0002:00000100 00000028H .00cfg                  DATA
 0002:00000128 00000008H .CRT$XCA                DATA
 0002:00000130 00000008H .CRT$XCZ                DATA
 0002:00000138 00000008H .CRT$XIA                DATA
 0002:00000140 00000008H .CRT$XIZ                DATA
 0002:00000148 00000008H .CRT$XPA                DATA
 0002:00000150 00000008H .CRT$XPZ                DATA
 0002:00000158 00000008H .CRT$XTA                DATA
 0002:00000160 00000010H .CRT$XTZ                DATA
 0002:00000168 00000000H .gehcont$y              DATA
 0002:00000168 00000000H .gfids$y                DATA
 0002:00000170 00000790H .rdata                  DATA
 0002:00000900 00000000H .rdata$CastGuardVftablesA DATA
 0002:00000900 00000000H .rdata$CastGuardVftablesC DATA
 0002:00000900 00000174H .rdata$voltmd           DATA
 0002:00000a74 000002dcH .rdata$zzzdbg           DATA
 0002:00000d50 00000008H .rtc$IAA                DATA
 0002:00000d58 00000008H .rtc$IZZ                DATA
 0002:00000d60 00000008H .rtc$TAA                DATA
 0002:00000d68 00000008H .rtc$TZZ                DATA
 0002:00000d70 00000810H .xdata                  DATA
 0002:00001580 00000074H .edata                  DATA
 0002:000015f4 0000003cH .idata$2                DATA
 0002:00001630 00000018H .idata$3                DATA
 0002:00001648 00000100H .idata$4                DATA
 0002:00001748 00000294H .idata$6                DATA
 0003:00000000 00004040H .data                   DATA
 0003:00004040 0000062cH .bss                    DATA
 0004:00000000 00000b88H .pdata                  DATA
 0005:00000000 0000001aH .msvcjmc                DATA
 0006:00000000 00000060H .rsrc$01                DATA
 0006:00000060 00000098H .rsrc$02                DATA

  Address         Publics by Value              Rva+Base               Lib:Object

 0000:00000000       __guard_longjmp_table      0000000000000000     <absolute>
 0000:00000000       __hybrid_auxiliary_iat_copy 0000000000000000     <absolute>
 0000:00000000       __AbsoluteZero             0000000000000000     <absolute>
 0000:00000000       __hybrid_auxiliary_iat     0000000000000000     <absolute>
 0000:00000000       __dynamic_value_reloc_table 0000000000000000     <absolute>
 0000:00000000       __x64_code_ranges_to_entry_points 0000000000000000     <absolute>
 0000:00000000       __guard_longjmp_count      0000000000000000     <absolute>
 0000:00000000       __guard_iat_count          0000000000000000     <absolute>
 0000:00000000       __guard_check_icall_a64n_fptr 0000000000000000     <absolute>
 0000:00000000       __guard_fids_table         0000000000000000     <absolute>
 0000:00000000       ___safe_se_handler_count   0000000000000000     <absolute>
 0000:00000000       __arm64x_extra_rfe_table_size 0000000000000000     <absolute>
 0000:00000000       __hybrid_code_map_count    0000000000000000     <absolute>
 0000:00000000       __guard_iat_table          0000000000000000     <absolute>
 0000:00000000       __hybrid_code_map          0000000000000000     <absolute>
 0000:00000000       __arm64x_redirection_metadata 0000000000000000     <absolute>
 0000:00000000       __guard_eh_cont_count      0000000000000000     <absolute>
 0000:00000000       __arm64x_extra_rfe_table   0000000000000000     <absolute>
 0000:00000000       __x64_code_ranges_to_entry_points_count 0000000000000000     <absolute>
 0000:00000000       __arm64x_redirection_metadata_count 0000000000000000     <absolute>
 0000:00000000       __enclave_config           0000000000000000     <absolute>
 0000:00000000       __guard_fids_count         0000000000000000     <absolute>
 0000:00000000       ___safe_se_handler_table   0000000000000000     <absolute>
 0000:00000000       __arm64x_native_entrypoint 0000000000000000     <absolute>
 0000:00000000       __guard_eh_cont_table      0000000000000000     <absolute>
 0000:00000100       __guard_flags              0000000000000100     <absolute>
 0000:00000000       __ImageBase                0000000180000000     <linker-defined>
 0001:00009bd0       GameUpdateAndRender        000000018000abd0 f   p5engine.obj
 0001:0000d640       GameGetSoundSamples        000000018000e640 f   p5engine.obj
 0001:0000d6b0       ??D@YA?ATv2@@MT0@@Z        000000018000e6b0 f i p5engine.obj
 0001:0000d730       ??D@YA?ATv3@@MT0@@Z        000000018000e730 f i p5engine.obj
 0001:0000d7e0       ??D@YA?ATv3@@T0@M@Z        000000018000e7e0 f i p5engine.obj
 0001:0000d860       ??D@YA?ATv4@@MT0@@Z        000000018000e860 f i p5engine.obj
 0001:0000d930       ??G@YA?ATv2@@T0@0@Z        000000018000e930 f i p5engine.obj
 0001:0000d9b0       ??G@YA?ATv3@@T0@0@Z        000000018000e9b0 f i p5engine.obj
 0001:0000da70       ??H@YA?ATv2@@T0@0@Z        000000018000ea70 f i p5engine.obj
 0001:0000daf0       ??H@YA?ATv3@@T0@0@Z        000000018000eaf0 f i p5engine.obj
 0001:0000dbb0       ??X@YAAEATv3@@AEAT0@M@Z    000000018000ebb0 f i p5engine.obj
 0001:0000dc30       ??Y@YAAEATv2@@AEAT0@T0@@Z  000000018000ec30 f i p5engine.obj
 0001:0000dc80       ??Y@YAAEATv3@@AEAT0@T0@@Z  000000018000ec80 f i p5engine.obj
 0001:0000dd20       ??Z@YAAEATv3@@AEAT0@T0@@Z  000000018000ed20 f i p5engine.obj
 0001:0000ddc0       ?ATan2@@YAMMM@Z            000000018000edc0 f i p5engine.obj
 0001:0000de10       ?AbsoluteValue@@YAMM@Z     000000018000ee10 f i p5engine.obj
 0001:0000de50       ?AddFlags@@YAXPEAUsim_entity@@I@Z 000000018000ee50 f i p5engine.obj
 0001:0000de90       ?AddRadiusTo@@YA?AUrectangle3@@U1@Tv3@@@Z 000000018000ee90 f i p5engine.obj
 0001:0000e000       ?AllResourcesPresent@@YAHPEAUrender_group@@@Z 000000018000f000 f i p5engine.obj
 0001:0000e050       ?AreInSameChunk@@YAHPEAUworld@@PEAUworld_position@@1@Z 000000018000f050 f i p5engine.obj
 0001:0000e150       ?AtomicCompareExchangeUInt32@@YAIPECIII@Z 000000018000f150 f i p5engine.obj
 0001:0000e1a0       ?BeginTemporaryMemory@@YA?AUtemporary_memory@@PEAUmemory_arena@@@Z 000000018000f1a0 f i p5engine.obj
 0001:0000e240       ?CenteredChunkPoint@@YA?AUworld_position@@III@Z 000000018000f240 f i p5engine.obj
 0001:0000e2d0       ?ChangeEntityLocationRaw@@YAXPEAUmemory_arena@@PEAUworld@@IPEAUworld_position@@2@Z 000000018000f2d0 f i p5engine.obj
 0001:0000e6c0       ?CheckArena@@YAXPEAUmemory_arena@@@Z 000000018000f6c0 f i p5engine.obj
 0001:0000e6f0       ?ChunkPositionFromTilePosition@@YA?AUworld_position@@PEAUworld@@HHHTv3@@@Z 000000018000f6f0 f i p5engine.obj
 0001:0000e990       ?Clamp01@@YA?ATv2@@T1@@Z   000000018000f990 f i p5engine.obj
 0001:0000ea00       ?Clamp01@@YAMM@Z           000000018000fa00 f i p5engine.obj
 0001:0000ea40       ?Clamp01MapToRange@@YAMMMM@Z 000000018000fa40 f i p5engine.obj
 0001:0000eac0       ?Clamp@@YAMMMM@Z           000000018000fac0 f i p5engine.obj
 0001:0000eb30       ?Clear@@YAXPEAUrender_group@@Tv4@@@Z 000000018000fb30 f i p5engine.obj
 0001:0000eb90       ?ClearFlags@@YAXPEAUsim_entity@@I@Z 000000018000fb90 f i p5engine.obj
 0001:0000ebd0       ?DefaultMoveSpec@@YA?AUmove_spec@@XZ 000000018000fbd0 f i p5engine.obj
 0001:0000ec70       ?EndTemporaryMemory@@YAXUtemporary_memory@@@Z 000000018000fc70 f i p5engine.obj
 0001:0000ecf0       ?EntityOverlapsRectangle@@YAHTv3@@Usim_entity_collision_volume@@Urectangle3@@@Z 000000018000fcf0 f i p5engine.obj
 0001:0000ee80       ?FindLeastSignificantSetBit@@YA?AUbit_scan_result@@I@Z 000000018000fe80 f i p5engine.obj
 0001:0000eef0       ?GetAlignmentOffset@@YA_KPEAUmemory_arena@@_K@Z 000000018000fef0 f i p5engine.obj
 0001:0000ef80       ?GetArenaSizeRemaining@@YA_KPEAUmemory_arena@@_K@Z 000000018000ff80 f i p5engine.obj
 0001:0000efe0       ?GetBarycentric@@YA?ATv2@@Urectangle2@@T1@@Z 000000018000ffe0 f i p5engine.obj
 0001:0000f090       ?GetBitmap@@YAPEAUloaded_bitmap@@PEAUgame_assets@@Ubitmap_id@@@Z 0000000180010090 f i p5engine.obj
 0001:0000f0f0       ?GetCameraRectangleAtDistance@@YA?AUrectangle2@@PEAUrender_group@@M@Z 00000001800100f0 f i p5engine.obj
 0001:0000f190       ?GetCameraRectangleAtTarget@@YA?AUrectangle2@@PEAUrender_group@@@Z 0000000180010190 f i p5engine.obj
 0001:0000f200       ?GetChunkData@@YAPEAXUriff_iterator@@@Z 0000000180010200 f i p5engine.obj
 0001:0000f230       ?GetChunkDataSize@@YAIUriff_iterator@@@Z 0000000180010230 f i p5engine.obj
 0001:0000f270       ?GetDim@@YA?ATv2@@Urectangle2@@@Z 0000000180010270 f i p5engine.obj
 0001:0000f2b0       ?GetDim@@YA?ATv3@@Urectangle3@@@Z 00000001800102b0 f i p5engine.obj
 0001:0000f350       ?GetEntityGroundPoint@@YA?ATv3@@PEAUsim_entity@@@Z 0000000180010350 f i p5engine.obj
 0001:0000f3d0       ?GetEntityGroundPoint@@YA?ATv3@@PEAUsim_entity@@T1@@Z 00000001800103d0 f i p5engine.obj
 0001:0000f430       ?GetLowEntity@@YAPEAUlow_entity@@PEAUgame_state@@I@Z 0000000180010430 f i p5engine.obj
 0001:0000f4a0       ?GetMaxCorner@@YA?ATv3@@Urectangle3@@@Z 00000001800104a0 f i p5engine.obj
 0001:0000f500       ?GetMinCorner@@YA?ATv3@@Urectangle3@@@Z 0000000180010500 f i p5engine.obj
 0001:0000f550       ?GetRenderEntityBasisPos@@YA?AUentity_basis_p_result@@PEAUrender_transform@@Tv3@@@Z 0000000180010550 f i p5engine.obj
 0001:0000f7f0       ?GetSimSpacePos@@YA?ATv3@@PEAUsim_region@@PEAUlow_entity@@@Z 00000001800107f0 f i p5engine.obj
 0001:0000f8e0       ?GetSound@@YAPEAUloaded_sound@@PEAUgame_assets@@Usound_id@@@Z 00000001800108e0 f i p5engine.obj
 0001:0000f940       ?GetSoundInfo@@YAPEAUasset_sound_info@@PEAUgame_assets@@Usound_id@@@Z 0000000180010940 f i p5engine.obj
 0001:0000f9a0       ?GetStairGround@@YAMPEAUsim_entity@@Tv3@@@Z 00000001800109a0 f i p5engine.obj
 0001:0000fa90       ?GetType@@YAIUriff_iterator@@@Z 0000000180010a90 f i p5engine.obj
 0001:0000fad0       ?GetWorldChunk@@YAPEAUworld_chunk@@PEAUworld@@HHHPEAUmemory_arena@@@Z 0000000180010ad0 f i p5engine.obj
 0001:0000fcc0       ?Hadamard@@YA?ATv2@@T1@0@Z 0000000180010cc0 f i p5engine.obj
 0001:0000fd20       ?Hadamard@@YA?ATv3@@T1@0@Z 0000000180010d20 f i p5engine.obj
 0001:0000fde0       ?HasFlag@@YAHPEAUsim_entity@@I@Z 0000000180010de0 f i p5engine.obj
 0001:0000fe20       ?InitializeArena@@YAXPEAUmemory_arena@@_KPEAX@Z 0000000180010e20 f i p5engine.obj
 0001:0000fe80       ?Inner@@YAMTv2@@0@Z        0000000180010e80 f i p5engine.obj
 0001:0000fed0       ?Inner@@YAMTv3@@0@Z        0000000180010ed0 f i p5engine.obj
 0001:0000ff40       ?Intersect@@YA?AUrectangle2i@@U1@0@Z 0000000180010f40 f i p5engine.obj
 0001:00010050       ?IsCanonical@@YAHMM@Z      0000000180011050 f i p5engine.obj
 0001:000100f0       ?IsCanonical@@YAHPEAUworld@@Tv3@@@Z 00000001800110f0 f i p5engine.obj
 0001:00010190       ?IsInRectangle@@YAHUrectangle3@@Tv3@@@Z 0000000180011190 f i p5engine.obj
 0001:00010250       ?IsValid@@YAHUriff_iterator@@@Z 0000000180011250 f i p5engine.obj
 0001:000102a0       ?IsValid@@YAHUsound_id@@@Z 00000001800112a0 f i p5engine.obj
 0001:000102e0       ?IsValid@@YAHUworld_position@@@Z 00000001800112e0 f i p5engine.obj
 0001:00010330       ?Length@@YAMTv3@@@Z        0000000180011330 f i p5engine.obj
 0001:00010380       ?LengthSq@@YAMTv2@@@Z      0000000180011380 f i p5engine.obj
 0001:000103c0       ?LengthSq@@YAMTv3@@@Z      00000001800113c0 f i p5engine.obj
 0001:00010430       ?Linear1ToSRGB255@@YA?ATv4@@T1@@Z 0000000180011430 f i p5engine.obj
 0001:00010530       ?LoadEntityReference@@YAXPEAUgame_state@@PEAUsim_region@@PEATentity_reference@@@Z 0000000180011530 f i p5engine.obj
 0001:00010660       ?MakeEntityNonSpatial@@YAXPEAUsim_entity@@@Z 0000000180011660 f i p5engine.obj
 0001:000106e0       ?MakeEntitySpatial@@YAXPEAUsim_entity@@Tv3@@1@Z 00000001800116e0 f i p5engine.obj
 0001:00010750       ?MapIntoChunkSpace@@YA?AUworld_position@@PEAUworld@@U1@Tv3@@@Z 0000000180011750 f i p5engine.obj
 0001:00010840       ?NextChunk@@YA?AUriff_iterator@@U1@@Z 0000000180011840 f i p5engine.obj
 0001:000108b0       ?NullPosition@@YA?AUworld_position@@XZ 00000001800118b0 f i p5engine.obj
 0001:00010920       ?Orthographic@@YAXPEAUrender_group@@HHM@Z 0000000180011920 f i p5engine.obj
 0001:00010a20       ?ParseChunkAt@@YA?AUriff_iterator@@PEAX0@Z 0000000180011a20 f i p5engine.obj
 0001:00010a80       ?Perspective@@YAXPEAUrender_group@@HHMMM@Z 0000000180011a80 f i p5engine.obj
 0001:00010b70       ?PrefetchSound@@YAXPEAUgame_assets@@Usound_id@@@Z 0000000180011b70 f i p5engine.obj
 0001:00010ba0       ?PushBitmap@@YAXPEAUrender_group@@PEAUloaded_bitmap@@Tv3@@MTv4@@@Z 0000000180011ba0 f i p5engine.obj
 0001:00010dd0       ?PushBitmap@@YAXPEAUrender_group@@Ubitmap_id@@Tv3@@MTv4@@@Z 0000000180011dd0 f i p5engine.obj
 0001:00010eb0       ?PushRect@@YAXPEAUrender_group@@Tv3@@Tv2@@Tv4@@@Z 0000000180011eb0 f i p5engine.obj
 0001:00011050       ?PushRectOutline@@YAXPEAUrender_group@@Tv3@@Tv2@@Tv4@@@Z 0000000180012050 f i p5engine.obj
 0001:000114e0       ?PushRenderElement_@@YAPEAXPEAUrender_group@@IW4render_group_entry_type@@@Z 00000001800124e0 f i p5engine.obj
 0001:00011590       ?PushSize_@@YAPEAXPEAUmemory_arena@@_K1@Z 0000000180012590 f i p5engine.obj
 0001:00011660       ?PushString@@YAPEADPEAUmemory_arena@@PEAD@Z 0000000180012660 f i p5engine.obj
 0001:00011720       ?RandomBilateral@@YAMPEAUrandom_series@@@Z 0000000180012720 f i p5engine.obj
 0001:00011770       ?RandomChoice@@YAIPEAUrandom_series@@I@Z 0000000180012770 f i p5engine.obj
 0001:000117b0       ?RandomNextUInt32@@YAIPEAUrandom_series@@@Z 00000001800127b0 f i p5engine.obj
 0001:00011820       ?RandomSeed@@YA?AUrandom_series@@I@Z 0000000180012820 f i p5engine.obj
 0001:00011890       ?RandomUnilateral@@YAMPEAUrandom_series@@@Z 0000000180012890 f i p5engine.obj
 0001:000118f0       ?RecanonicalizeCoord@@YAXMPEAHPEAM@Z 00000001800128f0 f i p5engine.obj
 0001:00011990       ?RectCenterDim@@YA?AUrectangle2@@Tv2@@0@Z 0000000180012990 f i p5engine.obj
 0001:00011a20       ?RectCenterDim@@YA?AUrectangle3@@Tv3@@0@Z 0000000180012a20 f i p5engine.obj
 0001:00011b10       ?RectCenterHalfDim@@YA?AUrectangle2@@Tv2@@0@Z 0000000180012b10 f i p5engine.obj
 0001:00011bc0       ?RectCenterHalfDim@@YA?AUrectangle3@@Tv3@@0@Z 0000000180012bc0 f i p5engine.obj
 0001:00011d30       ?RectMinMax@@YA?AUrectangle3@@Tv3@@0@Z 0000000180012d30 f i p5engine.obj
 0001:00011dd0       ?RectanglesIntersect@@YAHUrectangle3@@0@Z 0000000180012dd0 f i p5engine.obj
 0001:00011e90       ?RoundReal32ToInt32@@YAHM@Z 0000000180012e90 f i p5engine.obj
 0001:00011ed0       ?RoundReal32ToUInt32@@YAIM@Z 0000000180012ed0 f i p5engine.obj
 0001:00011f10       ?SRGB255ToLinear1@@YA?ATv4@@T1@@Z 0000000180012f10 f i p5engine.obj
 0001:00011ff0       ?SafeRatio0@@YAMMM@Z       0000000180012ff0 f i p5engine.obj
 0001:00012040       ?SafeRatio1@@YAMMM@Z       0000000180013040 f i p5engine.obj
 0001:00012090       ?SafeRatioN@@YAMMMM@Z      0000000180013090 f i p5engine.obj
 0001:000120f0       ?SignOf@@YAMM@Z            00000001800130f0 f i p5engine.obj
 0001:00012150       ?Sin@@YAMM@Z               0000000180013150 f i p5engine.obj
 0001:00012190       ?Square@@YAMM@Z            0000000180013190 f i p5engine.obj
 0001:000121d0       ?SquareRoot@@YAMM@Z        00000001800131d0 f i p5engine.obj
 0001:00012210       ?StoreEntityReference@@YAXPEATentity_reference@@@Z 0000000180013210 f i p5engine.obj
 0001:00012250       ?SubArena@@YAXPEAUmemory_arena@@0_K1@Z 0000000180013250 f i p5engine.obj
 0001:000122c0       ?ToV3@@YA?ATv3@@Tv2@@M@Z   00000001800132c0 f i p5engine.obj
 0001:00012350       ?Unproject@@YA?ATv2@@PEAUrender_group@@T1@M@Z 0000000180013350 f i p5engine.obj
 0001:000123a0       ?V2@@YA?ATv2@@MM@Z         00000001800133a0 f i p5engine.obj
 0001:00012410       ?V2i@@YA?ATv2@@HH@Z        0000000180013410 f i p5engine.obj
 0001:00012460       ?V3@@YA?ATv3@@MMM@Z        0000000180013460 f i p5engine.obj
 0001:00012500       ?V4@@YA?ATv4@@MMMM@Z       0000000180013500 f i p5engine.obj
 0001:000125b0       ?ZeroSize@@YAX_KPEAX@Z     00000001800135b0 f i p5engine.obj
 0001:00012610       GetController              0000000180013610 f i p5engine.obj
 0001:00012670       ?DrawRectangleQuickly@@YAXPEAUloaded_bitmap@@Tv2@@11Tv4@@0MUrectangle2i@@H@Z 0000000180013670 f   p5engine_optimized.obj
 0001:000133b0       __CheckForDebuggerJustMyCode 00000001800143b0 f   MSVCRTD:debugger_jmc.obj
 0001:000133f0       __GSHandlerCheck           00000001800143f0 f   MSVCRTD:gshandler.obj
 0001:00013430       __GSHandlerCheckCommon     0000000180014430 f   MSVCRTD:gshandler.obj
 0001:00013540       _alloca_probe              0000000180014540 f   MSVCRTD:chkstk.obj
 0001:00013540       __chkstk                   0000000180014540 f   MSVCRTD:chkstk.obj
 0001:000135a0       __security_check_cookie    00000001800145a0 f   MSVCRTD:amdsecgs.obj
 0001:000139d0       _DllMainCRTStartup         00000001800149d0 f   MSVCRTD:dll_dllmain.obj
 0001:00013a10       __raise_securityfailure    0000000180014a10 f   MSVCRTD:gs_report.obj
 0001:00013a50       __report_gsfailure         0000000180014a50 f   MSVCRTD:gs_report.obj
 0001:00013cb0       __security_init_cookie     0000000180014cb0 f   MSVCRTD:gs_support.obj
 0001:00013d30       DllMain                    0000000180014d30 f   MSVCRTD:dll_dllmain_stub.obj
 0001:00013d70       ?__scrt_initialize_type_info@@YAXXZ 0000000180014d70 f   MSVCRTD:tncleanup.obj
 0001:00013d90       ?__scrt_uninitialize_type_info@@YAXXZ 0000000180014d90 f   MSVCRTD:tncleanup.obj
 0001:00013db0       __local_stdio_printf_options 0000000180014db0 f i MSVCRTD:default_local_stdio_options.obj
 0001:00013dc0       __local_stdio_scanf_options 0000000180014dc0 f i MSVCRTD:default_local_stdio_options.obj
 0001:00013dd0       __scrt_initialize_default_local_stdio_options 0000000180014dd0 f   MSVCRTD:default_local_stdio_options.obj
 0001:00013e20       ?configure_argv@__scrt_narrow_argv_policy@@SAHXZ 0000000180014e20 f i MSVCRTD:utility.obj
 0001:00013f10       ?initialize_environment@__scrt_narrow_environment_policy@@SAHXZ 0000000180014f10 f i MSVCRTD:utility.obj
 0001:00013fb0       NtCurrentTeb               0000000180014fb0 f i MSVCRTD:utility.obj
 0001:00013fc0       __scrt_acquire_startup_lock 0000000180014fc0 f   MSVCRTD:utility.obj
 0001:00014030       __scrt_dllmain_after_initialize_c 0000000180015030 f   MSVCRTD:utility.obj
 0001:00014060       __scrt_dllmain_before_initialize_c 0000000180015060 f   MSVCRTD:utility.obj
 0001:00014080       __scrt_dllmain_crt_thread_attach 0000000180015080 f   MSVCRTD:utility.obj
 0001:000140b0       __scrt_dllmain_crt_thread_detach 00000001800150b0 f   MSVCRTD:utility.obj
 0001:000140d0       __scrt_dllmain_exception_filter 00000001800150d0 f   MSVCRTD:utility.obj
 0001:00014140       __scrt_dllmain_uninitialize_c 0000000180015140 f   MSVCRTD:utility.obj
 0001:00014170       __scrt_dllmain_uninitialize_critical 0000000180015170 f   MSVCRTD:utility.obj
 0001:00014190       __scrt_initialize_crt      0000000180015190 f   MSVCRTD:utility.obj
 0001:000141e0       __scrt_initialize_onexit_tables 00000001800151e0 f   MSVCRTD:utility.obj
 0001:000142f0       __scrt_is_nonwritable_in_current_image 00000001800152f0 f   MSVCRTD:utility.obj
 0001:00014380       __scrt_release_startup_lock 0000000180015380 f   MSVCRTD:utility.obj
 0001:000143b0       __scrt_uninitialize_crt    00000001800153b0 f   MSVCRTD:utility.obj
 0001:000143f0       __scrt_get_dyn_tls_init_callback 00000001800153f0 f   MSVCRTD:dyn_tls_init.obj
 0001:00014400       __crt_debugger_hook        0000000180015400 f   MSVCRTD:utility_desktop.obj
 0001:00014410       __scrt_fastfail            0000000180015410 f   MSVCRTD:utility_desktop.obj
 0001:000145b0       _RTC_Initialize            00000001800155b0 f   MSVCRTD:initsect.obj
 0001:00014600       _RTC_Terminate             0000000180015600 f   MSVCRTD:initsect.obj
 0001:00014650       _guard_check_icall_nop     0000000180015650 f i MSVCRTD:guard_support.obj
 0001:00014660       __isa_available_init       0000000180015660 f   MSVCRTD:cpu_disp.obj
 0001:00014a00       _get_startup_argv_mode     0000000180015a00 f   MSVCRTD:argv_mode.obj
 0001:00014a10       __scrt_is_ucrt_dll_in_use  0000000180015a10 f   MSVCRTD:ucrt_detection.obj
 0001:00014a40       __C_specific_handler       0000000180015a40 f   vcruntimed:VCRUNTIME140D.dll
 0001:00014a46       __std_type_info_destroy_list 0000000180015a46 f   vcruntimed:VCRUNTIME140D.dll
 0001:00014a4c       atan2                      0000000180015a4c f   ucrtd:ucrtbased.dll
 0001:00014a52       sinf                       0000000180015a52 f   ucrtd:ucrtbased.dll
 0001:00014a58       sqrtf                      0000000180015a58 f   ucrtd:ucrtbased.dll
 0001:00014a5e       _initterm                  0000000180015a5e f   ucrtd:ucrtbased.dll
 0001:00014a64       _initterm_e                0000000180015a64 f   ucrtd:ucrtbased.dll
 0001:00014a6a       _seh_filter_dll            0000000180015a6a f   ucrtd:ucrtbased.dll
 0001:00014a70       _configure_narrow_argv     0000000180015a70 f   ucrtd:ucrtbased.dll
 0001:00014a76       _initialize_narrow_environment 0000000180015a76 f   ucrtd:ucrtbased.dll
 0001:00014a7c       _initialize_onexit_table   0000000180015a7c f   ucrtd:ucrtbased.dll
 0001:00014a82       _execute_onexit_table      0000000180015a82 f   ucrtd:ucrtbased.dll
 0001:00014a88       _cexit                     0000000180015a88 f   ucrtd:ucrtbased.dll
 0001:00014a90       __acrt_thread_detach       0000000180015a90 f   MSVCRTD:ucrt_stubs.obj
 0001:00014a90       __vcrt_initialize          0000000180015a90 f   MSVCRTD:ucrt_stubs.obj
 0001:00014a90       __vcrt_thread_attach       0000000180015a90 f   MSVCRTD:ucrt_stubs.obj
 0001:00014a90       __scrt_stub_for_acrt_initialize 0000000180015a90 f   MSVCRTD:ucrt_stubs.obj
 0001:00014a90       __acrt_thread_attach       0000000180015a90 f   MSVCRTD:ucrt_stubs.obj
 0001:00014a90       __vcrt_thread_detach       0000000180015a90 f   MSVCRTD:ucrt_stubs.obj
 0001:00014a90       __acrt_initialize          0000000180015a90 f   MSVCRTD:ucrt_stubs.obj
 0001:00014a90       __scrt_stub_for_acrt_thread_attach 0000000180015a90 f   MSVCRTD:ucrt_stubs.obj
 0001:00014a90       __scrt_stub_for_acrt_thread_detach 0000000180015a90 f   MSVCRTD:ucrt_stubs.obj
 0001:00014aa0       __vcrt_uninitialize        0000000180015aa0 f   MSVCRTD:ucrt_stubs.obj
 0001:00014aa0       __vcrt_uninitialize_critical 0000000180015aa0 f   MSVCRTD:ucrt_stubs.obj
 0001:00014aa0       __acrt_uninitialize_critical 0000000180015aa0 f   MSVCRTD:ucrt_stubs.obj
 0001:00014aa0       __scrt_stub_for_acrt_uninitialize_critical 0000000180015aa0 f   MSVCRTD:ucrt_stubs.obj
 0001:00014aa0       __acrt_uninitialize        0000000180015aa0 f   MSVCRTD:ucrt_stubs.obj
 0001:00014aa0       __scrt_stub_for_acrt_uninitialize 0000000180015aa0 f   MSVCRTD:ucrt_stubs.obj
 0001:00014ab0       __scrt_stub_for_is_c_termination_complete 0000000180015ab0 f   MSVCRTD:ucrt_stubs.obj
 0001:00014ab0       _is_c_termination_complete 0000000180015ab0 f   MSVCRTD:ucrt_stubs.obj
 0001:00014ad0       _guard_dispatch_icall_nop  0000000180015ad0 f   MSVCRTD:guard_dispatch.obj
 0001:00014af0       _guard_xfg_dispatch_icall_nop 0000000180015af0 f   MSVCRTD:guard_xfg_dispatch.obj
 0002:00000000       __imp_QueryPerformanceCounter 0000000180016000     kernel32:KERNEL32.dll
 0002:00000008       __imp_RtlCaptureContext    0000000180016008     kernel32:KERNEL32.dll
 0002:00000010       __imp_RtlLookupFunctionEntry 0000000180016010     kernel32:KERNEL32.dll
 0002:00000018       __imp_RtlVirtualUnwind     0000000180016018     kernel32:KERNEL32.dll
 0002:00000020       __imp_IsDebuggerPresent    0000000180016020     kernel32:KERNEL32.dll
 0002:00000028       __imp_InitializeSListHead  0000000180016028     kernel32:KERNEL32.dll
 0002:00000030       __imp_DisableThreadLibraryCalls 0000000180016030     kernel32:KERNEL32.dll
 0002:00000038       __imp_GetSystemTimeAsFileTime 0000000180016038     kernel32:KERNEL32.dll
 0002:00000040       __imp_GetCurrentProcessId  0000000180016040     kernel32:KERNEL32.dll
 0002:00000048       __imp_GetCurrentThreadId   0000000180016048     kernel32:KERNEL32.dll
 0002:00000050       __imp_IsProcessorFeaturePresent 0000000180016050     kernel32:KERNEL32.dll
 0002:00000058       __imp_TerminateProcess     0000000180016058     kernel32:KERNEL32.dll
 0002:00000060       __imp_GetCurrentProcess    0000000180016060     kernel32:KERNEL32.dll
 0002:00000068       __imp_SetUnhandledExceptionFilter 0000000180016068     kernel32:KERNEL32.dll
 0002:00000070       __imp_UnhandledExceptionFilter 0000000180016070     kernel32:KERNEL32.dll
 0002:00000078       \177KERNEL32_NULL_THUNK_DATA 0000000180016078     kernel32:KERNEL32.dll
 0002:00000080       __imp___std_type_info_destroy_list 0000000180016080     vcruntimed:VCRUNTIME140D.dll
 0002:00000088       __imp___C_specific_handler 0000000180016088     vcruntimed:VCRUNTIME140D.dll
 0002:00000090       \177VCRUNTIME140D_NULL_THUNK_DATA 0000000180016090     vcruntimed:VCRUNTIME140D.dll
 0002:00000098       __imp__cexit               0000000180016098     ucrtd:ucrtbased.dll
 0002:000000a0       __imp__execute_onexit_table 00000001800160a0     ucrtd:ucrtbased.dll
 0002:000000a8       __imp__initialize_onexit_table 00000001800160a8     ucrtd:ucrtbased.dll
 0002:000000b0       __imp__initialize_narrow_environment 00000001800160b0     ucrtd:ucrtbased.dll
 0002:000000b8       __imp__configure_narrow_argv 00000001800160b8     ucrtd:ucrtbased.dll
 0002:000000c0       __imp__initterm_e          00000001800160c0     ucrtd:ucrtbased.dll
 0002:000000c8       __imp__initterm            00000001800160c8     ucrtd:ucrtbased.dll
 0002:000000d0       __imp_sqrtf                00000001800160d0     ucrtd:ucrtbased.dll
 0002:000000d8       __imp_sinf                 00000001800160d8     ucrtd:ucrtbased.dll
 0002:000000e0       __imp_atan2                00000001800160e0     ucrtd:ucrtbased.dll
 0002:000000e8       __imp_roundf               00000001800160e8     ucrtd:ucrtbased.dll
 0002:000000f0       __imp__seh_filter_dll      00000001800160f0     ucrtd:ucrtbased.dll
 0002:000000f8       \177ucrtbased_NULL_THUNK_DATA 00000001800160f8     ucrtd:ucrtbased.dll
 0002:00000100       __guard_check_icall_fptr   0000000180016100     MSVCRTD:guard_support.obj
 0002:00000108       __guard_xfg_check_icall_fptr 0000000180016108     MSVCRTD:guard_support.obj
 0002:00000110       __guard_dispatch_icall_fptr 0000000180016110     MSVCRTD:guard_support.obj
 0002:00000118       __guard_xfg_dispatch_icall_fptr 0000000180016118     MSVCRTD:guard_support.obj
 0002:00000120       __guard_xfg_table_dispatch_icall_fptr 0000000180016120     MSVCRTD:guard_support.obj
 0002:00000128       __xc_a                     0000000180016128     MSVCRTD:initializers.obj
 0002:00000130       __xc_z                     0000000180016130     MSVCRTD:initializers.obj
 0002:00000138       __xi_a                     0000000180016138     MSVCRTD:initializers.obj
 0002:00000140       __xi_z                     0000000180016140     MSVCRTD:initializers.obj
 0002:00000148       __xp_a                     0000000180016148     MSVCRTD:initializers.obj
 0002:00000150       __xp_z                     0000000180016150     MSVCRTD:initializers.obj
 0002:00000158       __xt_a                     0000000180016158     MSVCRTD:initializers.obj
 0002:00000160       __xt_z                     0000000180016160     MSVCRTD:initializers.obj
 0002:00000570       ??_C@_0BA@NMEIMCEK@InvalidCodePath@ 0000000180016570     p5engine.obj
 0002:00000580       __real@00000000            0000000180016580     p5engine.obj
 0002:00000584       __real@308992b1            0000000180016584     p5engine.obj
 0002:00000588       __real@3a83126f            0000000180016588     p5engine.obj
 0002:0000058c       __real@3b808081            000000018001658c     p5engine.obj
 0002:00000590       __real@3c23d70a            0000000180016590     p5engine.obj
 0002:00000594       __real@3cc30c31            0000000180016594     p5engine.obj
 0002:00000598       __real@3dcccccd            0000000180016598     p5engine.obj
 0002:0000059c       __real@3de00000            000000018001659c     p5engine.obj
 0002:000005a0       __real@3e4ccccd            00000001800165a0     p5engine.obj
 0002:000005a4       __real@3e800000            00000001800165a4     p5engine.obj
 0002:000005a8       __real@3e99999a            00000001800165a8     p5engine.obj
 0002:000005ac       __real@3eae4c41            00000001800165ac     p5engine.obj
 0002:000005b0       __real@3ecccccd            00000001800165b0     p5engine.obj
 0002:000005b4       __real@3ee147ae            00000001800165b4     p5engine.obj
 0002:000005b8       __real@3f000000            00000001800165b8     p5engine.obj
 0002:000005bc       __real@3f19999a            00000001800165bc     p5engine.obj
 0002:000005c0       __real@3f228f5c            00000001800165c0     p5engine.obj
 0002:000005c4       __real@3f3504f3            00000001800165c4     p5engine.obj
 0002:000005c8       __real@3f400000            00000001800165c8     p5engine.obj
 0002:000005cc       __real@3f540000            00000001800165cc     p5engine.obj
 0002:000005d0       __real@3f666666            00000001800165d0     p5engine.obj
 0002:000005d4       __real@3f800000            00000001800165d4     p5engine.obj
 0002:000005d8       __real@3f8ba2e9            00000001800165d8     p5engine.obj
 0002:000005dc       __real@3f8ccccd            00000001800165dc     p5engine.obj
 0002:000005e0       __real@3f99999a            00000001800165e0     p5engine.obj
 0002:000005e4       __real@3fa66666            00000001800165e4     p5engine.obj
 0002:000005e8       __real@3fb33333            00000001800165e8     p5engine.obj
 0002:000005ec       __real@3fc00000            00000001800165ec     p5engine.obj
 0002:000005f0       __real@3fc90fdb            00000001800165f0     p5engine.obj
 0002:000005f4       __real@40000000            00000001800165f4     p5engine.obj
 0002:000005f8       __real@400ccccd            00000001800165f8     p5engine.obj
 0002:000005fc       __real@40400000            00000001800165fc     p5engine.obj
 0002:00000600       __real@40490fdb            0000000180016600     p5engine.obj
 0002:00000604       __real@40800000            0000000180016604     p5engine.obj
 0002:00000608       __real@4096cbe4            0000000180016608     p5engine.obj
 0002:0000060c       __real@40a00000            000000018001660c     p5engine.obj
 0002:00000610       __real@40c00000            0000000180016610     p5engine.obj
 0002:00000614       __real@40c90fdb            0000000180016614     p5engine.obj
 0002:00000618       __real@40e00000            0000000180016618     p5engine.obj
 0002:0000061c       __real@41000000            000000018001661c     p5engine.obj
 0002:00000620       __real@41100000            0000000180016620     p5engine.obj
 0002:00000624       __real@41700000            0000000180016624     p5engine.obj
 0002:00000628       __real@41880000            0000000180016628     p5engine.obj
 0002:0000062c       __real@41a00000            000000018001662c     p5engine.obj
 0002:00000630       __real@41f00000            0000000180016630     p5engine.obj
 0002:00000634       __real@42340000            0000000180016634     p5engine.obj
 0002:00000638       __real@437f0000            0000000180016638     p5engine.obj
 0002:0000063c       __real@461c4000            000000018001663c     p5engine.obj
 0002:00000640       __real@47c35000            0000000180016640     p5engine.obj
 0002:00000644       __real@49742400            0000000180016644     p5engine.obj
 0002:00000648       __real@7f7fffff            0000000180016648     p5engine.obj
 0002:0000064c       __real@becccccd            000000018001664c     p5engine.obj
 0002:00000650       __real@bf000000            0000000180016650     p5engine.obj
 0002:00000654       __real@bf800000            0000000180016654     p5engine.obj
 0002:00000658       __real@c0000000            0000000180016658     p5engine.obj
 0002:0000065c       __real@c0100000            000000018001665c     p5engine.obj
 0002:00000660       __real@c0400000            0000000180016660     p5engine.obj
 0002:00000664       __real@c11ccccd            0000000180016664     p5engine.obj
 0002:00000670       __xmm@00000000000000000000000000000000 0000000180016670     p5engine.obj
 0002:00000680       __xmm@7fffffffffffffff7fffffffffffffff 0000000180016680     p5engine.obj
 0002:00000690       __xmm@80000000800000008000000080000000 0000000180016690     p5engine.obj
 0002:000006a0       __xmm@000000ff000000ff000000ff000000ff 00000001800166a0     p5engine_optimized.obj
 0002:000006b0       __xmm@0000ffff0000ffff0000ffff0000ffff 00000001800166b0     p5engine_optimized.obj
 0002:000006c0       __xmm@00ff00ff00ff00ff00ff00ff00ff00ff 00000001800166c0     p5engine_optimized.obj
 0002:000006d0       __xmm@3b8080813b8080813b8080813b808081 00000001800166d0     p5engine_optimized.obj
 0002:000006e0       __xmm@3f0000003f0000003f0000003f000000 00000001800166e0     p5engine_optimized.obj
 0002:000006f0       __xmm@3f8000003f8000003f8000003f800000 00000001800166f0     p5engine_optimized.obj
 0002:00000700       __xmm@40800000408000004080000040800000 0000000180016700     p5engine_optimized.obj
 0002:00000710       __xmm@477e0100477e0100477e0100477e0100 0000000180016710     p5engine_optimized.obj
 0002:00000720       __xmm@ffffffffffffffffffffffffffffffff 0000000180016720     p5engine_optimized.obj
 0002:00000730       _pRawDllMain               0000000180016730     MSVCRTD:dll_dllmain.obj
 0002:00000730       _pDefaultRawDllMain        0000000180016730     MSVCRTD:dll_dllmain.obj
 0002:000007a0       _load_config_used          00000001800167a0     MSVCRTD:loadcfg.obj
 0002:00000900       __volatile_metadata        0000000180016900     <linker-defined>
 0002:00000d50       __rtc_iaa                  0000000180016d50     MSVCRTD:initsect.obj
 0002:00000d58       __rtc_izz                  0000000180016d58     MSVCRTD:initsect.obj
 0002:00000d60       __rtc_taa                  0000000180016d60     MSVCRTD:initsect.obj
 0002:00000d68       __rtc_tzz                  0000000180016d68     MSVCRTD:initsect.obj
 0002:000015f4       __IMPORT_DESCRIPTOR_VCRUNTIME140D 00000001800175f4     vcruntimed:VCRUNTIME140D.dll
 0002:00001608       __IMPORT_DESCRIPTOR_ucrtbased 0000000180017608     ucrtd:ucrtbased.dll
 0002:0000161c       __IMPORT_DESCRIPTOR_KERNEL32 000000018001761c     kernel32:KERNEL32.dll
 0002:00001630       __NULL_IMPORT_DESCRIPTOR   0000000180017630     vcruntimed:VCRUNTIME140D.dll
 0003:00004000       __security_cookie_complement 000000018001c000     MSVCRTD:gs_cookie.obj
 0003:00004008       __security_cookie          000000018001c008     MSVCRTD:gs_cookie.obj
 0003:00004010       _fltused                   000000018001c010     MSVCRTD:fltused.obj
 0003:00004014       __scrt_native_dllmain_reason 000000018001c014     MSVCRTD:utility.obj
 0003:00004018       __isa_available            000000018001c018     MSVCRTD:cpu_disp.obj
 0003:0000401c       __isa_enabled              000000018001c01c     MSVCRTD:cpu_disp.obj
 0003:00004020       __memcpy_nt_iters          000000018001c020     MSVCRTD:cpu_disp.obj
 0003:00004028       __memset_nt_iters          000000018001c028     MSVCRTD:cpu_disp.obj
 0003:00004030       __scrt_ucrt_dll_is_in_use  000000018001c030     MSVCRTD:ucrt_stubs.obj
 0003:00004040       DebugGlobalMemory          000000018001c040     p5engine.obj
 0003:000045e0       ?__type_info_root_node@@3U__type_info_node@@A 000000018001c5e0     MSVCRTD:tncleanup.obj
 0003:000045f0       ?_OptionsStorage@?1??__local_stdio_printf_options@@9@4_KA 000000018001c5f0     MSVCRTD:default_local_stdio_options.obj
 0003:000045f8       ?_OptionsStorage@?1??__local_stdio_scanf_options@@9@4_KA 000000018001c5f8     MSVCRTD:default_local_stdio_options.obj
 0003:00004600       __scrt_current_native_startup_state 000000018001c600     MSVCRTD:utility.obj
 0003:00004608       __scrt_native_startup_lock 000000018001c608     MSVCRTD:utility.obj
 0003:00004648       __scrt_debugger_hook_flag  000000018001c648     MSVCRTD:utility_desktop.obj
 0003:00004650       __castguard_check_failure_os_handled_fptr 000000018001c650     MSVCRTD:guard_support.obj
 0003:00004658       __favor                    000000018001c658     MSVCRTD:cpu_disp.obj
 0003:00004660       __dyn_tls_init_callback    000000018001c660     <common>
 0003:00004668       __DebuggerCurrentSteppingThreadId 000000018001c668     <common>

 entry point at        0001:000139d0

 Static symbols

 0000:fffdf000       .debug$S                   0000000180000000     P5Engine.exp
 0000:fffdf000       .debug$S                   0000000180000000     vcruntimed:VCRUNTIME140D.dll
 0000:fffdf000       .debug$S                   0000000180000000     vcruntimed:VCRUNTIME140D.dll
 0000:fffdf000       .debug$S                   0000000180000000     vcruntimed:VCRUNTIME140D.dll
 0000:fffdf000       .debug$S                   0000000180000000     vcruntimed:VCRUNTIME140D.dll
 0000:fffdf000       .debug$S                   0000000180000000     ucrtd:ucrtbased.dll
 0000:fffdf000       .debug$S                   0000000180000000     ucrtd:ucrtbased.dll
 0000:fffdf000       .debug$S                   0000000180000000     ucrtd:ucrtbased.dll
 0000:fffdf000       .debug$S                   0000000180000000     ucrtd:ucrtbased.dll
 0000:fffdf000       .debug$S                   0000000180000000     ucrtd:ucrtbased.dll
 0000:fffdf000       .debug$S                   0000000180000000     ucrtd:ucrtbased.dll
 0000:fffdf000       .debug$S                   0000000180000000     ucrtd:ucrtbased.dll
 0000:fffdf000       .debug$S                   0000000180000000     ucrtd:ucrtbased.dll
 0000:fffdf000       .debug$S                   0000000180000000     ucrtd:ucrtbased.dll
 0000:fffdf000       .debug$S                   0000000180000000     ucrtd:ucrtbased.dll
 0000:fffdf000       .debug$S                   0000000180000000     ucrtd:ucrtbased.dll
 0000:fffdf000       .debug$S                   0000000180000000     ucrtd:ucrtbased.dll
 0000:fffdf000       .debug$S                   0000000180000000     ucrtd:ucrtbased.dll
 0000:fffdf000       .debug$S                   0000000180000000     ucrtd:ucrtbased.dll
 0000:fffdf000       .debug$S                   0000000180000000     ucrtd:ucrtbased.dll
 0000:fffdf000       .debug$S                   0000000180000000     ucrtd:ucrtbased.dll
 0000:fffdf000       .debug$S                   0000000180000000     kernel32:KERNEL32.dll
 0000:fffdf000       .debug$S                   0000000180000000     kernel32:KERNEL32.dll
 0000:fffdf000       .debug$S                   0000000180000000     kernel32:KERNEL32.dll
 0000:fffdf000       .debug$S                   0000000180000000     kernel32:KERNEL32.dll
 0000:fffdf000       .debug$S                   0000000180000000     kernel32:KERNEL32.dll
 0000:fffdf000       .debug$S                   0000000180000000     kernel32:KERNEL32.dll
 0000:fffdf000       .debug$S                   0000000180000000     kernel32:KERNEL32.dll
 0000:fffdf000       .debug$S                   0000000180000000     kernel32:KERNEL32.dll
 0000:fffdf000       .debug$S                   0000000180000000     kernel32:KERNEL32.dll
 0000:fffdf000       .debug$S                   0000000180000000     kernel32:KERNEL32.dll
 0000:fffdf000       .debug$S                   0000000180000000     kernel32:KERNEL32.dll
 0000:fffdf000       .debug$S                   0000000180000000     kernel32:KERNEL32.dll
 0000:fffdf000       .debug$S                   0000000180000000     kernel32:KERNEL32.dll
 0000:fffdf000       .debug$S                   0000000180000000     kernel32:KERNEL32.dll
 0000:fffdf000       .debug$S                   0000000180000000     kernel32:KERNEL32.dll
 0000:fffdf000       .debug$S                   0000000180000000     kernel32:KERNEL32.dll
 0000:fffdf000       .debug$S                   0000000180000000     kernel32:KERNEL32.dll
 0001:00000000       ?LoadBitmap@@YAXPEAUgame_assets@@Ubitmap_id@@@Z 0000000180001000 f   p5engine.obj
 0001:00000140       ?LoadSound@@YAXPEAUgame_assets@@Usound_id@@@Z 0000000180001140 f   p5engine.obj
 0001:00000280       ?AddCollisionRule@@YAXPEAUgame_state@@IIH@Z 0000000180001280 f   p5engine.obj
 0001:00000400       ?ClearCollisionRulesFor@@YAXPEAUgame_state@@I@Z 0000000180001400 f   p5engine.obj
 0001:00000500       ?BeginTaskWithMemory@@YAPEAUtask_with_memory@@PEAUtransient_state@@@Z 0000000180001500 f   p5engine.obj
 0001:000005e0       ?EndTaskWithMemory@@YAXPEAUtask_with_memory@@@Z 00000001800015e0 f   p5engine.obj
 0001:00000640       ?DrawRectangle@@YAXPEAUloaded_bitmap@@Tv2@@1Tv4@@Urectangle2i@@H@Z 0000000180001640 f   p5engine.obj
 0001:00000900       ?RenderGroupToOutput@@YAXPEAUrender_group@@PEAUloaded_bitmap@@Urectangle2i@@H@Z 0000000180001900 f   p5engine.obj
 0001:00000cf0       ?DoTiledRenderWork@@YAXPEAUplatform_work_queue@@PEAX@Z 0000000180001cf0 f   p5engine.obj
 0001:00000da0       ?RenderGroupToOutput@@YAXPEAUrender_group@@PEAUloaded_bitmap@@@Z 0000000180001da0 f   p5engine.obj
 0001:00000e90       ?TiledRenderGroupToOutput@@YAXPEAUplatform_work_queue@@PEAUrender_group@@PEAUloaded_bitmap@@@Z 0000000180001e90 f   p5engine.obj
 0001:000010c0       ?AllocateRenderGroup@@YAPEAUrender_group@@PEAUgame_assets@@PEAUmemory_arena@@I@Z 00000001800020c0 f   p5engine.obj
 0001:000011f0       ?InitializeWorld@@YAXPEAUworld@@Tv3@@@Z 00000001800021f0 f   p5engine.obj
 0001:00001290       ?Subtract@@YA?ATv3@@PEAUworld@@PEAUworld_position@@1@Z 0000000180002290 f   p5engine.obj
 0001:00001500       ?ChangeEntityLocation@@YAXPEAUmemory_arena@@PEAUworld@@IPEAUlow_entity@@Uworld_position@@@Z 0000000180002500 f   p5engine.obj
 0001:00001690       ?GetHashFromStorageIndex@@YAPEAUsim_entity_hash@@PEAUsim_region@@I@Z 0000000180002690 f   p5engine.obj
 0001:00001760       ?AddEntity@@YAPEAUsim_entity@@PEAUgame_state@@PEAUsim_region@@IPEAUlow_entity@@PEATv3@@@Z 0000000180002760 f   p5engine.obj
 0001:000018c0       ?AddEntityRaw@@YAPEAUsim_entity@@PEAUgame_state@@PEAUsim_region@@IPEAUlow_entity@@@Z 00000001800028c0 f   p5engine.obj
 0001:00001a40       ?BeginSim@@YAPEAUsim_region@@PEAUmemory_arena@@PEAUgame_state@@PEAUworld@@Uworld_position@@Urectangle3@@M@Z 0000000180002a40 f   p5engine.obj
 0001:000020b0       ?EndSim@@YAXPEAUsim_region@@PEAUgame_state@@@Z 00000001800030b0 f   p5engine.obj
 0001:00002370       ?CanCollide@@YAHPEAUgame_state@@PEAUsim_entity@@1@Z 0000000180003370 f   p5engine.obj
 0001:000024c0       ?HandleCollision@@YAHPEAUgame_state@@PEAUsim_entity@@1@Z 00000001800034c0 f   p5engine.obj
 0001:000025a0       ?CanOverlap@@YAHPEAUgame_state@@PEAUsim_entity@@1@Z 00000001800035a0 f   p5engine.obj
 0001:00002600       ?HandleOverlap@@YAXPEAUgame_state@@PEAUsim_entity@@1MPEAM@Z 0000000180003600 f   p5engine.obj
 0001:000026a0       ?SpeculativeCollide@@YAHPEAUsim_entity@@0Tv3@@@Z 00000001800036a0 f   p5engine.obj
 0001:000027a0       ?EntitiesOverlap@@YAHPEAUsim_entity@@0Tv3@@@Z 00000001800037a0 f   p5engine.obj
 0001:00002ae0       ?MoveEntity@@YAXPEAUgame_state@@PEAUsim_region@@PEAUsim_entity@@MPEAUmove_spec@@Tv3@@@Z 0000000180003ae0 f   p5engine.obj
 0001:00004440       ?DEBUGLoadBMP@@YA?AUloaded_bitmap@@PEADTv2@@@Z 0000000180005440 f   p5engine.obj
 0001:00004950       ?DEBUGLoadWAV@@YA?AUloaded_sound@@PEADII@Z 0000000180005950 f   p5engine.obj
 0001:00004f30       ?LoadBitmapWork@@YAXPEAUplatform_work_queue@@PEAX@Z 0000000180005f30 f   p5engine.obj
 0001:00005030       ?LoadSoundWork@@YAXPEAUplatform_work_queue@@PEAX@Z 0000000180006030 f   p5engine.obj
 0001:00005130       ?GetBestMatchAssetFrom@@YAIPEAUgame_assets@@W4asset_type_id@@PEAUasset_vector@@2@Z 0000000180006130 f   p5engine.obj
 0001:00005370       ?GetRandomAssetFrom@@YAIPEAUgame_assets@@W4asset_type_id@@PEAUrandom_series@@@Z 0000000180006370 f   p5engine.obj
 0001:00005430       ?GetFirstAssetFrom@@YAIPEAUgame_assets@@W4asset_type_id@@@Z 0000000180006430 f   p5engine.obj
 0001:000054b0       ?GetBestMatchBitmapFrom@@YA?AUbitmap_id@@PEAUgame_assets@@W4asset_type_id@@PEAUasset_vector@@2@Z 00000001800064b0 f   p5engine.obj
 0001:00005500       ?GetFirstBitmapFrom@@YA?AUbitmap_id@@PEAUgame_assets@@W4asset_type_id@@@Z 0000000180006500 f   p5engine.obj
 0001:00005540       ?GetRandomBitmapFrom@@YA?AUbitmap_id@@PEAUgame_assets@@W4asset_type_id@@PEAUrandom_series@@@Z 0000000180006540 f   p5engine.obj
 0001:00005590       ?GetFirstSoundFrom@@YA?AUsound_id@@PEAUgame_assets@@W4asset_type_id@@@Z 0000000180006590 f   p5engine.obj
 0001:000055d0       ?GetRandomSoundFrom@@YA?AUsound_id@@PEAUgame_assets@@W4asset_type_id@@PEAUrandom_series@@@Z 00000001800065d0 f   p5engine.obj
 0001:00005620       ?DEBUGAddBitmapInfo@@YA?AUbitmap_id@@PEAUgame_assets@@PEADTv2@@@Z 0000000180006620 f   p5engine.obj
 0001:000056e0       ?DEBUGAddSoundInfo@@YA?AUsound_id@@PEAUgame_assets@@PEADII@Z 00000001800066e0 f   p5engine.obj
 0001:000057c0       ?BeginAssetType@@YAXPEAUgame_assets@@W4asset_type_id@@@Z 00000001800067c0 f   p5engine.obj
 0001:00005860       ?AddBitmapAsset@@YAXPEAUgame_assets@@PEADTv2@@@Z 0000000180006860 f   p5engine.obj
 0001:00005970       ?AddSoundAsset@@YAPEAUasset@@PEAUgame_assets@@PEADII@Z 0000000180006970 f   p5engine.obj
 0001:00005a90       ?AddTag@@YAXPEAUgame_assets@@W4asset_tag_id@@M@Z 0000000180006a90 f   p5engine.obj
 0001:00005b50       ?EndAssetType@@YAXPEAUgame_assets@@@Z 0000000180006b50 f   p5engine.obj
 0001:00005bd0       ?AllocateGameAssets@@YAPEAUgame_assets@@PEAUmemory_arena@@_KPEAUtransient_state@@@Z 0000000180006bd0 f   p5engine.obj
 0001:000064f0       ?PlaySound@@YAPEAUplaying_sound@@PEAUaudio_state@@Usound_id@@@Z 00000001800074f0 f   p5engine.obj
 0001:00006620       ?ChangeVolume@@YAXPEAUaudio_state@@PEAUplaying_sound@@MTv2@@@Z 0000000180007620 f   p5engine.obj
 0001:000066e0       ?OutputPlayingSounds@@YAXPEAUaudio_state@@PEAUgame_sound_output_buffer@@PEAUgame_assets@@PEAUmemory_arena@@@Z 00000001800076e0 f   p5engine.obj
 0001:000078d0       ?InitializeAudioState@@YAXPEAUaudio_state@@PEAUmemory_arena@@@Z 00000001800088d0 f   p5engine.obj
 0001:00007950       ?AddLowEntity@@YA?AUadd_low_entity_result@@PEAUgame_state@@W4entity_type@@Uworld_position@@@Z 0000000180008950 f   p5engine.obj
 0001:00007b50       ?AddGroundedEntity@@YA?AUadd_low_entity_result@@PEAUgame_state@@W4entity_type@@Uworld_position@@PEAUsim_entity_collision_volume_group@@@Z 0000000180008b50 f   p5engine.obj
 0001:00007c00       ?AddStandardRoom@@YA?AUadd_low_entity_result@@PEAUgame_state@@III@Z 0000000180008c00 f   p5engine.obj
 0001:00007d60       ?AddWall@@YA?AUadd_low_entity_result@@PEAUgame_state@@III@Z 0000000180008d60 f   p5engine.obj
 0001:00007ec0       ?AddStairs@@YA?AUadd_low_entity_result@@PEAUgame_state@@III@Z 0000000180008ec0 f   p5engine.obj
 0001:00008050       ?InitHitPoints@@YAXPEAUlow_entity@@I@Z 0000000180009050 f   p5engine.obj
 0001:000080e0       ?AddSword@@YA?AUadd_low_entity_result@@PEAUgame_state@@@Z 00000001800090e0 f   p5engine.obj
 0001:000081d0       ?AddPlayer@@YA?AUadd_low_entity_result@@PEAUgame_state@@@Z 00000001800091d0 f   p5engine.obj
 0001:00008310       ?AddMonstar@@YA?AUadd_low_entity_result@@PEAUgame_state@@III@Z 0000000180009310 f   p5engine.obj
 0001:00008480       ?AddFamiliar@@YA?AUadd_low_entity_result@@PEAUgame_state@@III@Z 0000000180009480 f   p5engine.obj
 0001:000085e0       ?DrawHitpoints@@YAXPEAUsim_entity@@PEAUrender_group@@@Z 00000001800095e0 f   p5engine.obj
 0001:00008850       ?MakeSimpleGroundedCollision@@YAPEAUsim_entity_collision_volume_group@@PEAUgame_state@@MMM@Z 0000000180009850 f   p5engine.obj
 0001:000089b0       ?MakeNullCollision@@YAPEAUsim_entity_collision_volume_group@@PEAUgame_state@@@Z 00000001800099b0 f   p5engine.obj
 0001:00008a90       ?FillGroundChunkWork@@YAXPEAUplatform_work_queue@@PEAX@Z 0000000180009a90 f   p5engine.obj
 0001:00008af0       ?FillGroundChunk@@YAXPEAUtransient_state@@PEAUgame_state@@PEAUground_buffer@@PEAUworld_position@@@Z 0000000180009af0 f   p5engine.obj
 0001:00009370       ?ClearBitmap@@YAXPEAUloaded_bitmap@@@Z 000000018000a370 f   p5engine.obj
 0001:000093d0       ?MakeEmptyBitmap@@YA?AUloaded_bitmap@@PEAUmemory_arena@@HHH@Z 000000018000a3d0 f   p5engine.obj
 0001:000094c0       ?MakeSphereDiffuseMap@@YAXPEAUloaded_bitmap@@MM@Z 000000018000a4c0 f   p5engine.obj
 0001:000097f0       ?MakeSphereNormalMap@@YAXPEAUloaded_bitmap@@MMM@Z 000000018000a7f0 f   p5engine.obj
 0001:0000d618       $LN147                     000000018000e618     p5engine.obj
 0001:00013530       $$000000                   0000000180014530     MSVCRTD:chkstk.obj
 0001:00013590       $$000000                   0000000180014590     MSVCRTD:amdsecgs.obj
 0001:000135c0       ?dllmain_crt_dispatch@@YAHQEAUHINSTANCE__@@KQEAX@Z 00000001800145c0 f   MSVCRTD:dll_dllmain.obj
 0001:00013650       ?dllmain_crt_process_attach@@YAHQEAUHINSTANCE__@@QEAX@Z 0000000180014650 f   MSVCRTD:dll_dllmain.obj
 0001:00013790       ?dllmain_crt_process_detach@@YAH_N@Z 0000000180014790 f   MSVCRTD:dll_dllmain.obj
 0001:00013830       ?dllmain_dispatch@@YAHQEAUHINSTANCE__@@KQEAX@Z 0000000180014830 f   MSVCRTD:dll_dllmain.obj
 0001:00013970       ?dllmain_raw@@YAHQEAUHINSTANCE__@@KQEAX@Z 0000000180014970 f   MSVCRTD:dll_dllmain.obj
 0001:00013b30       capture_previous_context   0000000180014b30 f   MSVCRTD:gs_report.obj
 0001:00013bf0       __get_entropy              0000000180014bf0 f   MSVCRTD:gs_support.obj
 0001:00013e40       ?find_pe_section@@YAPEAU_IMAGE_SECTION_HEADER@@QEAE_K@Z 0000000180014e40 f   MSVCRTD:utility.obj
 0001:00013f20       ?is_potentially_valid_image_base@@YA_NQEAX@Z 0000000180014f20 f   MSVCRTD:utility.obj
 0001:00014ac0       $$000000                   0000000180015ac0     MSVCRTD:guard_dispatch.obj
 0001:00014ae0       $$000000                   0000000180015ae0     MSVCRTD:guard_xfg_dispatch.obj
 0001:00014b00       ?fin$0@?0??dllmain_crt_process_attach@@YAHQEAUHINSTANCE__@@QEAX@Z@4HA 0000000180015b00 f   MSVCRTD:dll_dllmain.obj
 0001:00014b20       ?fin$0@?0??dllmain_crt_process_detach@@YAH_N@Z@4HA 0000000180015b20 f   MSVCRTD:dll_dllmain.obj
 0001:00014b3a       ?fin$1@?0??dllmain_crt_process_detach@@YAH_N@Z@4HA 0000000180015b3a f   MSVCRTD:dll_dllmain.obj
 0001:00014b50       ?filt$0@?0??dllmain_dispatch@@YAHQEAUHINSTANCE__@@KQEAX@Z@4HA 0000000180015b50 f   MSVCRTD:dll_dllmain.obj
 0001:00014ba0       __scrt_is_nonwritable_in_current_image$filt$0 0000000180015ba0 f   MSVCRTD:utility.obj
 0002:00000170       $SG29284                   0000000180016170     p5engine.obj
 0002:00000180       $SG29712                   0000000180016180     p5engine.obj
 0002:00000190       $SG30493                   0000000180016190     p5engine.obj
 0002:000001b8       $SG30845                   00000001800161b8     p5engine.obj
 0002:000001d8       $SG30846                   00000001800161d8     p5engine.obj
 0002:000001f8       $SG30847                   00000001800161f8     p5engine.obj
 0002:00000218       $SG30848                   0000000180016218     p5engine.obj
 0002:00000230       $SG30849                   0000000180016230     p5engine.obj
 0002:00000250       $SG30850                   0000000180016250     p5engine.obj
 0002:00000270       $SG30851                   0000000180016270     p5engine.obj
 0002:00000290       $SG30852                   0000000180016290     p5engine.obj
 0002:000002b0       $SG30853                   00000001800162b0     p5engine.obj
 0002:000002d0       $SG30854                   00000001800162d0     p5engine.obj
 0002:000002f0       $SG30855                   00000001800162f0     p5engine.obj
 0002:00000318       $SG30856                   0000000180016318     p5engine.obj
 0002:00000338       $SG30857                   0000000180016338     p5engine.obj
 0002:00000358       $SG30858                   0000000180016358     p5engine.obj
 0002:00000380       $SG30859                   0000000180016380     p5engine.obj
 0002:000003a0       $SG30860                   00000001800163a0     p5engine.obj
 0002:000003c0       $SG30861                   00000001800163c0     p5engine.obj
 0002:000003e0       $SG30862                   00000001800163e0     p5engine.obj
 0002:00000400       $SG30863                   0000000180016400     p5engine.obj
 0002:00000420       $SG30864                   0000000180016420     p5engine.obj
 0002:00000440       $SG30865                   0000000180016440     p5engine.obj
 0002:00000460       $SG30866                   0000000180016460     p5engine.obj
 0002:00000480       $SG30867                   0000000180016480     p5engine.obj
 0002:000004a0       $SG30868                   00000001800164a0     p5engine.obj
 0002:000004c0       $SG30869                   00000001800164c0     p5engine.obj
 0002:000004e0       $SG30870                   00000001800164e0     p5engine.obj
 0002:00000500       $SG30872                   0000000180016500     p5engine.obj
 0002:00000520       $SG30874                   0000000180016520     p5engine.obj
 0002:00000540       $SG30875                   0000000180016540     p5engine.obj
 0002:00000560       $SG32075                   0000000180016560     p5engine.obj
 0002:00000738       GS_ExceptionPointers       0000000180016738     MSVCRTD:gs_report.obj
 0002:00000d70       $unwind$?GetBitmap@@YAPEAUloaded_bitmap@@PEAUgame_assets@@Ubitmap_id@@@Z 0000000180016d70     p5engine.obj
 0002:00000d70       $unwind$?GetLowEntity@@YAPEAUlow_entity@@PEAUgame_state@@I@Z 0000000180016d70     p5engine.obj
 0002:00000d70       $unwind$?GetSound@@YAPEAUloaded_sound@@PEAUgame_assets@@Usound_id@@@Z 0000000180016d70     p5engine.obj
 0002:00000d70       $unwind$?GetSoundInfo@@YAPEAUasset_sound_info@@PEAUgame_assets@@Usound_id@@@Z 0000000180016d70     p5engine.obj
 0002:00000d70       $unwind$?HasFlag@@YAHPEAUsim_entity@@I@Z 0000000180016d70     p5engine.obj
 0002:00000d70       $unwind$?RandomChoice@@YAIPEAUrandom_series@@I@Z 0000000180016d70     p5engine.obj
 0002:00000d70       $unwind$GetController      0000000180016d70     p5engine.obj
 0002:00000d78       $unwind$?InitializeArena@@YAXPEAUmemory_arena@@_KPEAX@Z 0000000180016d78     p5engine.obj
 0002:00000d80       $unwind$?GetAlignmentOffset@@YA_KPEAUmemory_arena@@_K@Z 0000000180016d80     p5engine.obj
 0002:00000d80       $unwind$?PushString@@YAPEADPEAUmemory_arena@@PEAD@Z 0000000180016d80     p5engine.obj
 0002:00000d88       $unwind$??Y@YAAEATv2@@AEAT0@T0@@Z 0000000180016d88     p5engine.obj
 0002:00000d88       $unwind$?GetArenaSizeRemaining@@YA_KPEAUmemory_arena@@_K@Z 0000000180016d88     p5engine.obj
 0002:00000d88       $unwind$?Hadamard@@YA?ATv2@@T1@0@Z 0000000180016d88     p5engine.obj
 0002:00000d88       $unwind$?Inner@@YAMTv2@@0@Z 0000000180016d88     p5engine.obj
 0002:00000d88       $unwind$?Inner@@YAMTv3@@0@Z 0000000180016d88     p5engine.obj
 0002:00000d88       $unwind$?IsCanonical@@YAHPEAUworld@@Tv3@@@Z 0000000180016d88     p5engine.obj
 0002:00000d88       $unwind$?IsInRectangle@@YAHUrectangle3@@Tv3@@@Z 0000000180016d88     p5engine.obj
 0002:00000d88       $unwind$?RectanglesIntersect@@YAHUrectangle3@@0@Z 0000000180016d88     p5engine.obj
 0002:00000d88       $unwind$?ZeroSize@@YAX_KPEAX@Z 0000000180016d88     p5engine.obj
 0002:00000d88       $unwind$?find_pe_section@@YAPEAU_IMAGE_SECTION_HEADER@@QEAE_K@Z 0000000180016d88     MSVCRTD:utility.obj
 0002:00000d90       $unwind$?PushSize_@@YAPEAXPEAUmemory_arena@@_K1@Z 0000000180016d90     p5engine.obj
 0002:00000d98       $unwind$?BeginTemporaryMemory@@YA?AUtemporary_memory@@PEAUmemory_arena@@@Z 0000000180016d98     p5engine.obj
 0002:00000dac       $unwind$?AllResourcesPresent@@YAHPEAUrender_group@@@Z 0000000180016dac     p5engine.obj
 0002:00000dac       $unwind$?EndTemporaryMemory@@YAXUtemporary_memory@@@Z 0000000180016dac     p5engine.obj
 0002:00000dac       $unwind$?GetChunkData@@YAPEAXUriff_iterator@@@Z 0000000180016dac     p5engine.obj
 0002:00000dac       $unwind$?GetChunkDataSize@@YAIUriff_iterator@@@Z 0000000180016dac     p5engine.obj
 0002:00000dac       $unwind$?GetDim@@YA?ATv2@@Urectangle2@@@Z 0000000180016dac     p5engine.obj
 0002:00000dac       $unwind$?GetType@@YAIUriff_iterator@@@Z 0000000180016dac     p5engine.obj
 0002:00000dac       $unwind$?IsValid@@YAHUriff_iterator@@@Z 0000000180016dac     p5engine.obj
 0002:00000dac       $unwind$?IsValid@@YAHUworld_position@@@Z 0000000180016dac     p5engine.obj
 0002:00000dac       $unwind$?LengthSq@@YAMTv2@@@Z 0000000180016dac     p5engine.obj
 0002:00000dac       $unwind$?RandomBilateral@@YAMPEAUrandom_series@@@Z 0000000180016dac     p5engine.obj
 0002:00000dac       $unwind$?RandomNextUInt32@@YAIPEAUrandom_series@@@Z 0000000180016dac     p5engine.obj
 0002:00000dac       $unwind$?RandomUnilateral@@YAMPEAUrandom_series@@@Z 0000000180016dac     p5engine.obj
 0002:00000dac       $unwind$__CheckForDebuggerJustMyCode 0000000180016dac     MSVCRTD:debugger_jmc.obj
 0002:00000dac       $unwind$__report_gsfailure 0000000180016dac     MSVCRTD:gs_report.obj
 0002:00000db4       $unwind$?CheckArena@@YAXPEAUmemory_arena@@@Z 0000000180016db4     p5engine.obj
 0002:00000db4       $unwind$?StoreEntityReference@@YAXPEATentity_reference@@@Z 0000000180016db4     p5engine.obj
 0002:00000db4       $unwind$__raise_securityfailure 0000000180016db4     MSVCRTD:gs_report.obj
 0002:00000db4       $unwind$?is_potentially_valid_image_base@@YA_NQEAX@Z 0000000180016db4     MSVCRTD:utility.obj
 0002:00000dbc       $unwind$?SubArena@@YAXPEAUmemory_arena@@0_K1@Z 0000000180016dbc     p5engine.obj
 0002:00000dbc       $unwind$__GSHandlerCheck   0000000180016dbc     MSVCRTD:gshandler.obj
 0002:00000dc4       $unwind$?AtomicCompareExchangeUInt32@@YAIPECIII@Z 0000000180016dc4     p5engine.obj
 0002:00000dc4       $unwind$?PushRenderElement_@@YAPEAXPEAUrender_group@@IW4render_group_entry_type@@@Z 0000000180016dc4     p5engine.obj
 0002:00000dc4       $unwind$?dllmain_crt_dispatch@@YAHQEAUHINSTANCE__@@KQEAX@Z 0000000180016dc4     MSVCRTD:dll_dllmain.obj
 0002:00000dc4       $unwind$?dllmain_raw@@YAHQEAUHINSTANCE__@@KQEAX@Z 0000000180016dc4     MSVCRTD:dll_dllmain.obj
 0002:00000dcc       $unwind$?AbsoluteValue@@YAMM@Z 0000000180016dcc     p5engine.obj
 0002:00000dcc       $unwind$?Clamp01@@YAMM@Z   0000000180016dcc     p5engine.obj
 0002:00000dcc       $unwind$?RoundReal32ToInt32@@YAHM@Z 0000000180016dcc     p5engine.obj
 0002:00000dcc       $unwind$?RoundReal32ToUInt32@@YAIM@Z 0000000180016dcc     p5engine.obj
 0002:00000dcc       $unwind$?SignOf@@YAMM@Z    0000000180016dcc     p5engine.obj
 0002:00000dcc       $unwind$?Sin@@YAMM@Z       0000000180016dcc     p5engine.obj
 0002:00000dcc       $unwind$?Square@@YAMM@Z    0000000180016dcc     p5engine.obj
 0002:00000dcc       $unwind$?SquareRoot@@YAMM@Z 0000000180016dcc     p5engine.obj
 0002:00000dd4       $unwind$?ATan2@@YAMMM@Z    0000000180016dd4     p5engine.obj
 0002:00000dd4       $unwind$?IsCanonical@@YAHMM@Z 0000000180016dd4     p5engine.obj
 0002:00000dd4       $unwind$?SafeRatio0@@YAMMM@Z 0000000180016dd4     p5engine.obj
 0002:00000dd4       $unwind$?SafeRatio1@@YAMMM@Z 0000000180016dd4     p5engine.obj
 0002:00000ddc       $unwind$?FindLeastSignificantSetBit@@YA?AUbit_scan_result@@I@Z 0000000180016ddc     p5engine.obj
 0002:00000ddc       $unwind$?RandomSeed@@YA?AUrandom_series@@I@Z 0000000180016ddc     p5engine.obj
 0002:00000dec       $unwind$?Clamp01MapToRange@@YAMMMM@Z 0000000180016dec     p5engine.obj
 0002:00000dec       $unwind$?Clamp@@YAMMMM@Z   0000000180016dec     p5engine.obj
 0002:00000dec       $unwind$?SafeRatioN@@YAMMMM@Z 0000000180016dec     p5engine.obj
 0002:00000df4       $unwind$?V2@@YA?ATv2@@MM@Z 0000000180016df4     p5engine.obj
 0002:00000e04       $unwind$?V2i@@YA?ATv2@@HH@Z 0000000180016e04     p5engine.obj
 0002:00000e0c       $unwind$??D@YA?ATv2@@MT0@@Z 0000000180016e0c     p5engine.obj
 0002:00000e1c       $unwind$??G@YA?ATv2@@T0@0@Z 0000000180016e1c     p5engine.obj
 0002:00000e1c       $unwind$??H@YA?ATv2@@T0@0@Z 0000000180016e1c     p5engine.obj
 0002:00000e1c       $unwind$?GetBarycentric@@YA?ATv2@@Urectangle2@@T1@@Z 0000000180016e1c     p5engine.obj
 0002:00000e2c       $unwind$?Clamp01@@YA?ATv2@@T1@@Z 0000000180016e2c     p5engine.obj
 0002:00000e3c       $unwind$?V3@@YA?ATv3@@MMM@Z 0000000180016e3c     p5engine.obj
 0002:00000e3c       $unwind$?V4@@YA?ATv4@@MMMM@Z 0000000180016e3c     p5engine.obj
 0002:00000e50       $unwind$??D@YA?ATv3@@MT0@@Z 0000000180016e50     p5engine.obj
 0002:00000e50       $unwind$??D@YA?ATv4@@MT0@@Z 0000000180016e50     p5engine.obj
 0002:00000e50       $unwind$?ToV3@@YA?ATv3@@Tv2@@M@Z 0000000180016e50     p5engine.obj
 0002:00000e64       $unwind$??D@YA?ATv3@@T0@M@Z 0000000180016e64     p5engine.obj
 0002:00000e64       $unwind$?GetCameraRectangleAtDistance@@YA?AUrectangle2@@PEAUrender_group@@M@Z 0000000180016e64     p5engine.obj
 0002:00000e70       $unwind$??X@YAAEATv3@@AEAT0@M@Z 0000000180016e70     p5engine.obj
 0002:00000e7c       $unwind$??G@YA?ATv3@@T0@0@Z 0000000180016e7c     p5engine.obj
 0002:00000e7c       $unwind$??H@YA?ATv3@@T0@0@Z 0000000180016e7c     p5engine.obj
 0002:00000e90       $unwind$??Y@YAAEATv3@@AEAT0@T0@@Z 0000000180016e90     p5engine.obj
 0002:00000e90       $unwind$??Z@YAAEATv3@@AEAT0@T0@@Z 0000000180016e90     p5engine.obj
 0002:00000e90       $unwind$?GetDim@@YA?ATv3@@Urectangle3@@@Z 0000000180016e90     p5engine.obj
 0002:00000e9c       $unwind$?AreInSameChunk@@YAHPEAUworld@@PEAUworld_position@@1@Z 0000000180016e9c     p5engine.obj
 0002:00000e9c       $unwind$?Hadamard@@YA?ATv3@@T1@0@Z 0000000180016e9c     p5engine.obj
 0002:00000e9c       $unwind$?RectCenterDim@@YA?AUrectangle2@@Tv2@@0@Z 0000000180016e9c     p5engine.obj
 0002:00000ea8       $unwind$?LengthSq@@YAMTv3@@@Z 0000000180016ea8     p5engine.obj
 0002:00000eb4       $unwind$?Length@@YAMTv3@@@Z 0000000180016eb4     p5engine.obj
 0002:00000eb4       $unwind$?MakeEntityNonSpatial@@YAXPEAUsim_entity@@@Z 0000000180016eb4     p5engine.obj
 0002:00000ec0       $unwind$?RectCenterHalfDim@@YA?AUrectangle2@@Tv2@@0@Z 0000000180016ec0     p5engine.obj
 0002:00000ed4       $unwind$?Intersect@@YA?AUrectangle2i@@U1@0@Z 0000000180016ed4     p5engine.obj
 0002:00000ee0       $unwind$?Clear@@YAXPEAUrender_group@@Tv4@@@Z 0000000180016ee0     p5engine.obj
 0002:00000ee0       $unwind$?GetMaxCorner@@YA?ATv3@@Urectangle3@@@Z 0000000180016ee0     p5engine.obj
 0002:00000ee0       $unwind$?GetMinCorner@@YA?ATv3@@Urectangle3@@@Z 0000000180016ee0     p5engine.obj
 0002:00000ee0       $unwind$?NextChunk@@YA?AUriff_iterator@@U1@@Z 0000000180016ee0     p5engine.obj
 0002:00000eec       $unwind$?RectMinMax@@YA?AUrectangle3@@Tv3@@0@Z 0000000180016eec     p5engine.obj
 0002:00000f00       $unwind$?AddRadiusTo@@YA?AUrectangle3@@U1@Tv3@@@Z 0000000180016f00     p5engine.obj
 0002:00000f00       $unwind$?RectCenterHalfDim@@YA?AUrectangle3@@Tv3@@0@Z 0000000180016f00     p5engine.obj
 0002:00000f14       $unwind$?RectCenterDim@@YA?AUrectangle3@@Tv3@@0@Z 0000000180016f14     p5engine.obj
 0002:00000f20       $unwind$?AddFlags@@YAXPEAUsim_entity@@I@Z 0000000180016f20     p5engine.obj
 0002:00000f20       $unwind$?ClearFlags@@YAXPEAUsim_entity@@I@Z 0000000180016f20     p5engine.obj
 0002:00000f20       $unwind$?PrefetchSound@@YAXPEAUgame_assets@@Usound_id@@@Z 0000000180016f20     p5engine.obj
 0002:00000f28       $unwind$?MakeEntitySpatial@@YAXPEAUsim_entity@@Tv3@@1@Z 0000000180016f28     p5engine.obj
 0002:00000f34       $unwind$?GetEntityGroundPoint@@YA?ATv3@@PEAUsim_entity@@T1@@Z 0000000180016f34     p5engine.obj
 0002:00000f34       $unwind$?ParseChunkAt@@YA?AUriff_iterator@@PEAX0@Z 0000000180016f34     p5engine.obj
 0002:00000f40       $unwind$?GetEntityGroundPoint@@YA?ATv3@@PEAUsim_entity@@@Z 0000000180016f40     p5engine.obj
 0002:00000f4c       $unwind$?GetStairGround@@YAMPEAUsim_entity@@Tv3@@@Z 0000000180016f4c     p5engine.obj
 0002:00000f58       $unwind$?IsValid@@YAHUsound_id@@@Z 0000000180016f58     p5engine.obj
 0002:00000f60       $unwind$?LoadBitmap@@YAXPEAUgame_assets@@Ubitmap_id@@@Z 0000000180016f60     p5engine.obj
 0002:00000f68       $unwind$?LoadSound@@YAXPEAUgame_assets@@Usound_id@@@Z 0000000180016f68     p5engine.obj
 0002:00000f70       $unwind$?AddCollisionRule@@YAXPEAUgame_state@@IIH@Z 0000000180016f70     p5engine.obj
 0002:00000f78       $unwind$?ClearCollisionRulesFor@@YAXPEAUgame_state@@I@Z 0000000180016f78     p5engine.obj
 0002:00000f80       $unwind$?BeginTaskWithMemory@@YAPEAUtask_with_memory@@PEAUtransient_state@@@Z 0000000180016f80     p5engine.obj
 0002:00000f8c       $unwind$?EndTaskWithMemory@@YAXPEAUtask_with_memory@@@Z 0000000180016f8c     p5engine.obj
 0002:00000f98       $unwind$?DrawRectangle@@YAXPEAUloaded_bitmap@@Tv2@@1Tv4@@Urectangle2i@@H@Z 0000000180016f98     p5engine.obj
 0002:00000fa4       $unwind$?RenderGroupToOutput@@YAXPEAUrender_group@@PEAUloaded_bitmap@@Urectangle2i@@H@Z 0000000180016fa4     p5engine.obj
 0002:00000fb0       $unwind$?DoTiledRenderWork@@YAXPEAUplatform_work_queue@@PEAX@Z 0000000180016fb0     p5engine.obj
 0002:00000fbc       $unwind$?RenderGroupToOutput@@YAXPEAUrender_group@@PEAUloaded_bitmap@@@Z 0000000180016fbc     p5engine.obj
 0002:00000fd0       $unwind$?TiledRenderGroupToOutput@@YAXPEAUplatform_work_queue@@PEAUrender_group@@PEAUloaded_bitmap@@@Z 0000000180016fd0     p5engine.obj
 0002:00000fe4       $unwind$?AllocateRenderGroup@@YAPEAUrender_group@@PEAUgame_assets@@PEAUmemory_arena@@I@Z 0000000180016fe4     p5engine.obj
 0002:00000ff0       $unwind$?InitializeWorld@@YAXPEAUworld@@Tv3@@@Z 0000000180016ff0     p5engine.obj
 0002:00000ffc       $unwind$?Subtract@@YA?ATv3@@PEAUworld@@PEAUworld_position@@1@Z 0000000180016ffc     p5engine.obj
 0002:00001010       $unwind$?ChangeEntityLocation@@YAXPEAUmemory_arena@@PEAUworld@@IPEAUlow_entity@@Uworld_position@@@Z 0000000180017010     p5engine.obj
 0002:0000101c       $unwind$?GetHashFromStorageIndex@@YAPEAUsim_entity_hash@@PEAUsim_region@@I@Z 000000018001701c     p5engine.obj
 0002:00001024       $unwind$?AddEntity@@YAPEAUsim_entity@@PEAUgame_state@@PEAUsim_region@@IPEAUlow_entity@@PEATv3@@@Z 0000000180017024     p5engine.obj
 0002:00001030       $unwind$?AddEntityRaw@@YAPEAUsim_entity@@PEAUgame_state@@PEAUsim_region@@IPEAUlow_entity@@@Z 0000000180017030     p5engine.obj
 0002:0000103c       $unwind$?BeginSim@@YAPEAUsim_region@@PEAUmemory_arena@@PEAUgame_state@@PEAUworld@@Uworld_position@@Urectangle3@@M@Z 000000018001703c     p5engine.obj
 0002:00001050       $unwind$?EndSim@@YAXPEAUsim_region@@PEAUgame_state@@@Z 0000000180017050     p5engine.obj
 0002:0000105c       $unwind$?CanCollide@@YAHPEAUgame_state@@PEAUsim_entity@@1@Z 000000018001705c     p5engine.obj
 0002:00001064       $unwind$?HandleCollision@@YAHPEAUgame_state@@PEAUsim_entity@@1@Z 0000000180017064     p5engine.obj
 0002:0000106c       $unwind$?CanOverlap@@YAHPEAUgame_state@@PEAUsim_entity@@1@Z 000000018001706c     p5engine.obj
 0002:00001074       $unwind$?HandleOverlap@@YAXPEAUgame_state@@PEAUsim_entity@@1MPEAM@Z 0000000180017074     p5engine.obj
 0002:00001080       $unwind$?SpeculativeCollide@@YAHPEAUsim_entity@@0Tv3@@@Z 0000000180017080     p5engine.obj
 0002:0000108c       $unwind$?EntitiesOverlap@@YAHPEAUsim_entity@@0Tv3@@@Z 000000018001708c     p5engine.obj
 0002:00001098       $unwind$?MoveEntity@@YAXPEAUgame_state@@PEAUsim_region@@PEAUsim_entity@@MPEAUmove_spec@@Tv3@@@Z 0000000180017098     p5engine.obj
 0002:000010ac       $unwind$?DEBUGLoadBMP@@YA?AUloaded_bitmap@@PEADTv2@@@Z 00000001800170ac     p5engine.obj
 0002:000010c0       $unwind$?DEBUGLoadWAV@@YA?AUloaded_sound@@PEADII@Z 00000001800170c0     p5engine.obj
 0002:000010d4       $unwind$?LoadBitmapWork@@YAXPEAUplatform_work_queue@@PEAX@Z 00000001800170d4     p5engine.obj
 0002:000010e0       $unwind$?LoadSoundWork@@YAXPEAUplatform_work_queue@@PEAX@Z 00000001800170e0     p5engine.obj
 0002:000010ec       $unwind$?GetBestMatchAssetFrom@@YAIPEAUgame_assets@@W4asset_type_id@@PEAUasset_vector@@2@Z 00000001800170ec     p5engine.obj
 0002:000010f4       $unwind$?GetRandomAssetFrom@@YAIPEAUgame_assets@@W4asset_type_id@@PEAUrandom_series@@@Z 00000001800170f4     p5engine.obj
 0002:000010fc       $unwind$?GetFirstAssetFrom@@YAIPEAUgame_assets@@W4asset_type_id@@@Z 00000001800170fc     p5engine.obj
 0002:00001104       $unwind$?GetBestMatchBitmapFrom@@YA?AUbitmap_id@@PEAUgame_assets@@W4asset_type_id@@PEAUasset_vector@@2@Z 0000000180017104     p5engine.obj
 0002:0000110c       $unwind$?GetFirstBitmapFrom@@YA?AUbitmap_id@@PEAUgame_assets@@W4asset_type_id@@@Z 000000018001710c     p5engine.obj
 0002:00001114       $unwind$?GetRandomBitmapFrom@@YA?AUbitmap_id@@PEAUgame_assets@@W4asset_type_id@@PEAUrandom_series@@@Z 0000000180017114     p5engine.obj
 0002:0000111c       $unwind$?GetFirstSoundFrom@@YA?AUsound_id@@PEAUgame_assets@@W4asset_type_id@@@Z 000000018001711c     p5engine.obj
 0002:00001124       $unwind$?GetRandomSoundFrom@@YA?AUsound_id@@PEAUgame_assets@@W4asset_type_id@@PEAUrandom_series@@@Z 0000000180017124     p5engine.obj
 0002:0000112c       $unwind$?DEBUGAddBitmapInfo@@YA?AUbitmap_id@@PEAUgame_assets@@PEADTv2@@@Z 000000018001712c     p5engine.obj
 0002:00001134       $unwind$?DEBUGAddSoundInfo@@YA?AUsound_id@@PEAUgame_assets@@PEADII@Z 0000000180017134     p5engine.obj
 0002:0000113c       $unwind$?BeginAssetType@@YAXPEAUgame_assets@@W4asset_type_id@@@Z 000000018001713c     p5engine.obj
 0002:00001144       $unwind$?AddBitmapAsset@@YAXPEAUgame_assets@@PEADTv2@@@Z 0000000180017144     p5engine.obj
 0002:0000114c       $unwind$?AddSoundAsset@@YAPEAUasset@@PEAUgame_assets@@PEADII@Z 000000018001714c     p5engine.obj
 0002:00001154       $unwind$?AddTag@@YAXPEAUgame_assets@@W4asset_tag_id@@M@Z 0000000180017154     p5engine.obj
 0002:0000115c       $unwind$?EndAssetType@@YAXPEAUgame_assets@@@Z 000000018001715c     p5engine.obj
 0002:00001164       $unwind$?AllocateGameAssets@@YAPEAUgame_assets@@PEAUmemory_arena@@_KPEAUtransient_state@@@Z 0000000180017164     p5engine.obj
 0002:0000116c       $unwind$?PlaySound@@YAPEAUplaying_sound@@PEAUaudio_state@@Usound_id@@@Z 000000018001716c     p5engine.obj
 0002:00001174       $unwind$?ChangeVolume@@YAXPEAUaudio_state@@PEAUplaying_sound@@MTv2@@@Z 0000000180017174     p5engine.obj
 0002:0000117c       $unwind$?OutputPlayingSounds@@YAXPEAUaudio_state@@PEAUgame_sound_output_buffer@@PEAUgame_assets@@PEAUmemory_arena@@@Z 000000018001717c     p5engine.obj
 0002:00001190       $unwind$?InitializeAudioState@@YAXPEAUaudio_state@@PEAUmemory_arena@@@Z 0000000180017190     p5engine.obj
 0002:00001198       $unwind$?AddLowEntity@@YA?AUadd_low_entity_result@@PEAUgame_state@@W4entity_type@@Uworld_position@@@Z 0000000180017198     p5engine.obj
 0002:000011ac       $unwind$?AddGroundedEntity@@YA?AUadd_low_entity_result@@PEAUgame_state@@W4entity_type@@Uworld_position@@PEAUsim_entity_collision_volume_group@@@Z 00000001800171ac     p5engine.obj
 0002:000011b8       $unwind$?AddStandardRoom@@YA?AUadd_low_entity_result@@PEAUgame_state@@III@Z 00000001800171b8     p5engine.obj
 0002:000011c4       $unwind$?AddWall@@YA?AUadd_low_entity_result@@PEAUgame_state@@III@Z 00000001800171c4     p5engine.obj
 0002:000011d0       $unwind$?AddStairs@@YA?AUadd_low_entity_result@@PEAUgame_state@@III@Z 00000001800171d0     p5engine.obj
 0002:000011dc       $unwind$?InitHitPoints@@YAXPEAUlow_entity@@I@Z 00000001800171dc     p5engine.obj
 0002:000011e4       $unwind$?AddSword@@YA?AUadd_low_entity_result@@PEAUgame_state@@@Z 00000001800171e4     p5engine.obj
 0002:000011f0       $unwind$?AddPlayer@@YA?AUadd_low_entity_result@@PEAUgame_state@@@Z 00000001800171f0     p5engine.obj
 0002:000011fc       $unwind$?AddMonstar@@YA?AUadd_low_entity_result@@PEAUgame_state@@III@Z 00000001800171fc     p5engine.obj
 0002:00001208       $unwind$?AddFamiliar@@YA?AUadd_low_entity_result@@PEAUgame_state@@III@Z 0000000180017208     p5engine.obj
 0002:00001214       $unwind$?DrawHitpoints@@YAXPEAUsim_entity@@PEAUrender_group@@@Z 0000000180017214     p5engine.obj
 0002:00001228       $unwind$?MakeSimpleGroundedCollision@@YAPEAUsim_entity_collision_volume_group@@PEAUgame_state@@MMM@Z 0000000180017228     p5engine.obj
 0002:00001234       $unwind$?MakeNullCollision@@YAPEAUsim_entity_collision_volume_group@@PEAUgame_state@@@Z 0000000180017234     p5engine.obj
 0002:00001240       $unwind$?FillGroundChunkWork@@YAXPEAUplatform_work_queue@@PEAX@Z 0000000180017240     p5engine.obj
 0002:00001248       $unwind$?FillGroundChunk@@YAXPEAUtransient_state@@PEAUgame_state@@PEAUground_buffer@@PEAUworld_position@@@Z 0000000180017248     p5engine.obj
 0002:0000125c       $unwind$?ClearBitmap@@YAXPEAUloaded_bitmap@@@Z 000000018001725c     p5engine.obj
 0002:00001264       $unwind$?MakeEmptyBitmap@@YA?AUloaded_bitmap@@PEAUmemory_arena@@HHH@Z 0000000180017264     p5engine.obj
 0002:00001278       $unwind$?MakeSphereDiffuseMap@@YAXPEAUloaded_bitmap@@MM@Z 0000000180017278     p5engine.obj
 0002:00001284       $unwind$?MakeSphereNormalMap@@YAXPEAUloaded_bitmap@@MMM@Z 0000000180017284     p5engine.obj
 0002:00001290       $unwind$GameUpdateAndRender 0000000180017290     p5engine.obj
 0002:000012a4       $unwind$GameGetSoundSamples 00000001800172a4     p5engine.obj
 0002:000012ac       $unwind$?Linear1ToSRGB255@@YA?ATv4@@T1@@Z 00000001800172ac     p5engine.obj
 0002:000012ac       $unwind$?SRGB255ToLinear1@@YA?ATv4@@T1@@Z 00000001800172ac     p5engine.obj
 0002:000012c0       $unwind$?GetRenderEntityBasisPos@@YA?AUentity_basis_p_result@@PEAUrender_transform@@Tv3@@@Z 00000001800172c0     p5engine.obj
 0002:000012d4       $unwind$?PushBitmap@@YAXPEAUrender_group@@PEAUloaded_bitmap@@Tv3@@MTv4@@@Z 00000001800172d4     p5engine.obj
 0002:000012e0       $unwind$?PushBitmap@@YAXPEAUrender_group@@Ubitmap_id@@Tv3@@MTv4@@@Z 00000001800172e0     p5engine.obj
 0002:000012ec       $unwind$?PushRect@@YAXPEAUrender_group@@Tv3@@Tv2@@Tv4@@@Z 00000001800172ec     p5engine.obj
 0002:000012f8       $unwind$?PushRectOutline@@YAXPEAUrender_group@@Tv3@@Tv2@@Tv4@@@Z 00000001800172f8     p5engine.obj
 0002:00001304       $unwind$?Orthographic@@YAXPEAUrender_group@@HHM@Z 0000000180017304     p5engine.obj
 0002:00001304       $unwind$?Perspective@@YAXPEAUrender_group@@HHMMM@Z 0000000180017304     p5engine.obj
 0002:0000130c       $unwind$?RecanonicalizeCoord@@YAXMPEAHPEAM@Z 000000018001730c     p5engine.obj
 0002:0000130c       $unwind$?Unproject@@YA?ATv2@@PEAUrender_group@@T1@M@Z 000000018001730c     p5engine.obj
 0002:00001314       $unwind$?GetCameraRectangleAtTarget@@YA?AUrectangle2@@PEAUrender_group@@@Z 0000000180017314     p5engine.obj
 0002:00001320       $unwind$?NullPosition@@YA?AUworld_position@@XZ 0000000180017320     p5engine.obj
 0002:00001334       $unwind$?GetWorldChunk@@YAPEAUworld_chunk@@PEAUworld@@HHHPEAUmemory_arena@@@Z 0000000180017334     p5engine.obj
 0002:00001334       $unwind$__scrt_dllmain_exception_filter 0000000180017334     MSVCRTD:utility.obj
 0002:0000133c       $unwind$?MapIntoChunkSpace@@YA?AUworld_position@@PEAUworld@@U1@Tv3@@@Z 000000018001733c     p5engine.obj
 0002:00001350       $unwind$?ChunkPositionFromTilePosition@@YA?AUworld_position@@PEAUworld@@HHHTv3@@@Z 0000000180017350     p5engine.obj
 0002:00001364       $unwind$?CenteredChunkPoint@@YA?AUworld_position@@III@Z 0000000180017364     p5engine.obj
 0002:00001378       $unwind$?ChangeEntityLocationRaw@@YAXPEAUmemory_arena@@PEAUworld@@IPEAUworld_position@@2@Z 0000000180017378     p5engine.obj
 0002:00001384       $unwind$?GetSimSpacePos@@YA?ATv3@@PEAUsim_region@@PEAUlow_entity@@@Z 0000000180017384     p5engine.obj
 0002:00001390       $unwind$?LoadEntityReference@@YAXPEAUgame_state@@PEAUsim_region@@PEATentity_reference@@@Z 0000000180017390     p5engine.obj
 0002:000013a4       $unwind$?EntityOverlapsRectangle@@YAHTv3@@Usim_entity_collision_volume@@Urectangle3@@@Z 00000001800173a4     p5engine.obj
 0002:000013b0       $unwind$?DefaultMoveSpec@@YA?AUmove_spec@@XZ 00000001800173b0     p5engine.obj
 0002:000013c4       $unwind$?DrawRectangleQuickly@@YAXPEAUloaded_bitmap@@Tv2@@11Tv4@@0MUrectangle2i@@H@Z 00000001800173c4     p5engine_optimized.obj
 0002:000013ec       $chain$9$?DrawRectangleQuickly@@YAXPEAUloaded_bitmap@@Tv2@@11Tv4@@0MUrectangle2i@@H@Z 00000001800173ec     p5engine_optimized.obj
 0002:00001424       $chain$10$?DrawRectangleQuickly@@YAXPEAUloaded_bitmap@@Tv2@@11Tv4@@0MUrectangle2i@@H@Z 0000000180017424     p5engine_optimized.obj
 0002:00001434       $unwind$__GSHandlerCheckCommon 0000000180017434     MSVCRTD:gshandler.obj
 0002:00001440       $xdatasym                  0000000180017440     MSVCRTD:chkstk.obj
 0002:00001448       $xdatasym                  0000000180017448     MSVCRTD:amdsecgs.obj
 0002:0000144c       $unwind$?dllmain_crt_process_attach@@YAHQEAUHINSTANCE__@@QEAX@Z 000000018001744c     MSVCRTD:dll_dllmain.obj
 0002:0000146c       $unwind$?fin$0@?0??dllmain_crt_process_attach@@YAHQEAUHINSTANCE__@@QEAX@Z@4HA 000000018001746c     MSVCRTD:dll_dllmain.obj
 0002:0000146c       $unwind$?fin$0@?0??dllmain_crt_process_detach@@YAH_N@Z@4HA 000000018001746c     MSVCRTD:dll_dllmain.obj
 0002:0000146c       $unwind$?fin$1@?0??dllmain_crt_process_detach@@YAH_N@Z@4HA 000000018001746c     MSVCRTD:dll_dllmain.obj
 0002:0000146c       $unwind$__scrt_is_nonwritable_in_current_image$filt$0 000000018001746c     MSVCRTD:utility.obj
 0002:00001474       $unwind$?dllmain_crt_process_detach@@YAH_N@Z 0000000180017474     MSVCRTD:dll_dllmain.obj
 0002:000014a4       $unwind$?dllmain_dispatch@@YAHQEAUHINSTANCE__@@KQEAX@Z 00000001800174a4     MSVCRTD:dll_dllmain.obj
 0002:000014c4       $unwind$?filt$0@?0??dllmain_dispatch@@YAHQEAUHINSTANCE__@@KQEAX@Z@4HA 00000001800174c4     MSVCRTD:dll_dllmain.obj
 0002:000014cc       $unwind$_DllMainCRTStartup 00000001800174cc     MSVCRTD:dll_dllmain.obj
 0002:000014cc       $unwind$DllMain            00000001800174cc     MSVCRTD:dll_dllmain_stub.obj
 0002:000014d4       $unwind$capture_previous_context 00000001800174d4     MSVCRTD:gs_report.obj
 0002:000014dc       $unwind$__scrt_initialize_default_local_stdio_options 00000001800174dc     MSVCRTD:default_local_stdio_options.obj
 0002:000014dc       $unwind$__security_init_cookie 00000001800174dc     MSVCRTD:gs_support.obj
 0002:000014e4       $unwind$__get_entropy      00000001800174e4     MSVCRTD:gs_support.obj
 0002:000014ec       $unwind$?__scrt_initialize_type_info@@YAXXZ 00000001800174ec     MSVCRTD:tncleanup.obj
 0002:000014ec       $unwind$?__scrt_uninitialize_type_info@@YAXXZ 00000001800174ec     MSVCRTD:tncleanup.obj
 0002:000014ec       $unwind$?configure_argv@__scrt_narrow_argv_policy@@SAHXZ 00000001800174ec     MSVCRTD:utility.obj
 0002:000014ec       $unwind$?initialize_environment@__scrt_narrow_environment_policy@@SAHXZ 00000001800174ec     MSVCRTD:utility.obj
 0002:000014ec       $unwind$__scrt_dllmain_after_initialize_c 00000001800174ec     MSVCRTD:utility.obj
 0002:000014ec       $unwind$__scrt_dllmain_before_initialize_c 00000001800174ec     MSVCRTD:utility.obj
 0002:000014ec       $unwind$__scrt_dllmain_crt_thread_attach 00000001800174ec     MSVCRTD:utility.obj
 0002:000014ec       $unwind$__scrt_dllmain_crt_thread_detach 00000001800174ec     MSVCRTD:utility.obj
 0002:000014ec       $unwind$__scrt_dllmain_uninitialize_c 00000001800174ec     MSVCRTD:utility.obj
 0002:000014ec       $unwind$__scrt_dllmain_uninitialize_critical 00000001800174ec     MSVCRTD:utility.obj
 0002:000014f4       $unwind$__scrt_is_nonwritable_in_current_image 00000001800174f4     MSVCRTD:utility.obj
 0002:00001514       $unwind$__scrt_acquire_startup_lock 0000000180017514     MSVCRTD:utility.obj
 0002:0000151c       $unwind$__scrt_initialize_crt 000000018001751c     MSVCRTD:utility.obj
 0002:0000151c       $unwind$__scrt_release_startup_lock 000000018001751c     MSVCRTD:utility.obj
 0002:00001524       $unwind$__scrt_uninitialize_crt 0000000180017524     MSVCRTD:utility.obj
 0002:0000152c       $unwind$__scrt_initialize_onexit_tables 000000018001752c     MSVCRTD:utility.obj
 0002:00001538       $unwind$__scrt_fastfail    0000000180017538     MSVCRTD:utility_desktop.obj
 0002:00001544       $unwind$_RTC_Initialize    0000000180017544     MSVCRTD:initsect.obj
 0002:00001544       $unwind$_RTC_Terminate     0000000180017544     MSVCRTD:initsect.obj
 0002:00001550       $unwind$__isa_available_init 0000000180017550     MSVCRTD:cpu_disp.obj
 0002:00001560       $unwind$__scrt_is_ucrt_dll_in_use 0000000180017560     MSVCRTD:ucrt_detection.obj
 0002:00001568       $xdatasym                  0000000180017568     MSVCRTD:guard_dispatch.obj
 0002:00001570       $xdatasym                  0000000180017570     MSVCRTD:guard_xfg_dispatch.obj
 0002:00001580       .edata                     0000000180017580     P5Engine.exp
 0002:000015a8       rgpv                       00000001800175a8     P5Engine.exp
 0002:000015b0       rgszName                   00000001800175b0     P5Engine.exp
 0002:000015b8       rgwOrd                     00000001800175b8     P5Engine.exp
 0002:000015bc       szName                     00000001800175bc     P5Engine.exp
 0002:000015c9       $N00001                    00000001800175c9     P5Engine.exp
 0002:000015dd       $N00002                    00000001800175dd     P5Engine.exp
 0002:00001780       .idata$6                   0000000180017780     vcruntimed:VCRUNTIME140D.dll
 0002:0000185a       .idata$6                   000000018001785a     ucrtd:ucrtbased.dll
 0002:000019ce       .idata$6                   00000001800179ce     kernel32:KERNEL32.dll
 0003:00000000       ?RandomNumberTable@@3PAIA  0000000180018000     p5engine.obj
 0003:00004048       ?PlatformAddEntry@@3P6AXPEAUplatform_work_queue@@P6AX0PEAX@Z1@ZEA 000000018001c048     p5engine.obj
 0003:00004050       ?PlatformCompleteAllWork@@3P6AXPEAUplatform_work_queue@@@ZEA 000000018001c050     p5engine.obj
 0003:00004058       ?PlatformReadEntireFile@@3P6A?AUdebug_read_file_result@@PEAD@ZEA 000000018001c058     p5engine.obj
 0003:00004060       ?__proc_attached@@3HA      000000018001c060     MSVCRTD:dll_dllmain.obj
 0003:00004070       GS_ExceptionRecord         000000018001c070     MSVCRTD:gs_report.obj
 0003:00004110       GS_ContextRecord           000000018001c110     MSVCRTD:gs_report.obj
 0003:00004610       ?is_initialized_as_dll@@3_NA 000000018001c610     MSVCRTD:utility.obj
 0003:00004611       ?module_local_atexit_table_initialized@@3_NA 000000018001c611     MSVCRTD:utility.obj
 0003:00004618       ?module_local_atexit_table@@3U_onexit_table_t@@A 000000018001c618     MSVCRTD:utility.obj
 0003:00004630       ?module_local_at_quick_exit_table@@3U_onexit_table_t@@A 000000018001c630     MSVCRTD:utility.obj
 0005:00000000       __20BB4341_malloc@h        000000018001e000     p5engine.obj
 0005:00000001       __7D4BEAAE_p5engine_platform@h 000000018001e001     p5engine.obj
 0005:00000002       __741AE07E_corecrt_math@h  000000018001e002     p5engine.obj
 0005:00000003       __7BF3FA8A_p5engine_intrinsics@h 000000018001e003     p5engine.obj
 0005:00000004       __87290AA6_p5engine_math@h 000000018001e004     p5engine.obj
 0005:00000005       __B7A387D6_p5engine_random@h 000000018001e005     p5engine.obj
 0005:00000006       __F17FF173_p5engine_entity@h 000000018001e006     p5engine.obj
 0005:00000007       __72A74871_p5engine_asset@h 000000018001e007     p5engine.obj
 0005:00000008       __BD87FD4A_p5engine@h      000000018001e008     p5engine.obj
 0005:00000009       __6F2BF339_p5engine_render_group@cpp 000000018001e009     p5engine.obj
 0005:0000000a       __281AC6F8_p5engine_world@cpp 000000018001e00a     p5engine.obj
 0005:0000000b       __B07C4A52_p5engine_sim_region@cpp 000000018001e00b     p5engine.obj
 0005:0000000c       __BDC7FEEB_p5engine_entity@cpp 000000018001e00c     p5engine.obj
 0005:0000000d       __3D4C1499_p5engine_asset@cpp 000000018001e00d     p5engine.obj
 0005:0000000e       __39A8D9B6_p5engine_audio@cpp 000000018001e00e     p5engine.obj
 0005:0000000f       __BAF57382_p5engine@cpp    000000018001e00f     p5engine.obj
 0005:00000010       __20BB4341_malloc@h        000000018001e010     p5engine_optimized.obj
 0005:00000011       __7D4BEAAE_p5engine_platform@h 000000018001e011     p5engine_optimized.obj
 0005:00000012       __741AE07E_corecrt_math@h  000000018001e012     p5engine_optimized.obj
 0005:00000013       __7BF3FA8A_p5engine_intrinsics@h 000000018001e013     p5engine_optimized.obj
 0005:00000014       __87290AA6_p5engine_math@h 000000018001e014     p5engine_optimized.obj
 0005:00000015       __B7A387D6_p5engine_random@h 000000018001e015     p5engine_optimized.obj
 0005:00000016       __F17FF173_p5engine_entity@h 000000018001e016     p5engine_optimized.obj
 0005:00000017       __72A74871_p5engine_asset@h 000000018001e017     p5engine_optimized.obj
 0005:00000018       __BD87FD4A_p5engine@h      000000018001e018     p5engine_optimized.obj
 0005:00000019       __03FC23C0_p5engine_optimized@cpp 000000018001e019     p5engine_optimized.obj
 0006:00000060       $R000000                   000000018001f060     * linker generated manifest res *
