 P5Engine

 Timestamp is 630a5db3 (Sat Aug 27 13:08:51 2022)

 Preferred load address is 0000000180000000

 Start         Length     Name                   Class
 0001:00000000 0000be10H .text$mn                CODE
 0001:0000be10 00000040H .text$mn$00             CODE
 0001:0000be50 000000ddH .text$x                 CODE
 0002:00000000 000000f8H .idata$5                DATA
 0002:000000f8 00000028H .00cfg                  DATA
 0002:00000120 00000008H .CRT$XCA                DATA
 0002:00000128 00000008H .CRT$XCZ                DATA
 0002:00000130 00000008H .CRT$XIA                DATA
 0002:00000138 00000008H .CRT$XIZ                DATA
 0002:00000140 00000008H .CRT$XPA                DATA
 0002:00000148 00000008H .CRT$XPZ                DATA
 0002:00000150 00000008H .CRT$XTA                DATA
 0002:00000158 00000008H .CRT$XTZ                DATA
 0002:00000160 00000000H .gehcont$y              DATA
 0002:00000160 00000000H .gfids$y                DATA
 0002:00000160 00000620H .rdata                  DATA
 0002:00000780 00000000H .rdata$CastGuardVftablesA DATA
 0002:00000780 00000000H .rdata$CastGuardVftablesC DATA
 0002:00000780 00000020H .rdata$voltmd           DATA
 0002:000007a0 000002d8H .rdata$zzzdbg           DATA
 0002:00000a78 00000008H .rtc$IAA                DATA
 0002:00000a80 00000008H .rtc$IZZ                DATA
 0002:00000a88 00000008H .rtc$TAA                DATA
 0002:00000a90 00000008H .rtc$TZZ                DATA
 0002:00000a98 00000718H .xdata                  DATA
 0002:000011b0 00000074H .edata                  DATA
 0002:00001224 0000003cH .idata$2                DATA
 0002:00001260 00000018H .idata$3                DATA
 0002:00001278 000000f8H .idata$4                DATA
 0002:00001370 0000028eH .idata$6                DATA
 0003:00000000 00004040H .data                   DATA
 0003:00004040 0000060cH .bss                    DATA
 0004:00000000 000004ecH .pdata                  DATA
 0005:00000000 0000000dH .msvcjmc                DATA
 0006:00000000 00000060H .rsrc$01                DATA
 0006:00000060 00000098H .rsrc$02                DATA

  Address         Publics by Value              Rva+Base               Lib:Object

 0000:00000000       __dynamic_value_reloc_table 0000000000000000     <absolute>
 0000:00000000       __hybrid_auxiliary_iat     0000000000000000     <absolute>
 0000:00000000       ___safe_se_handler_table   0000000000000000     <absolute>
 0000:00000000       __hybrid_auxiliary_iat_copy 0000000000000000     <absolute>
 0000:00000000       __arm64x_extra_rfe_table   0000000000000000     <absolute>
 0000:00000000       __guard_longjmp_count      0000000000000000     <absolute>
 0000:00000000       __hybrid_code_map          0000000000000000     <absolute>
 0000:00000000       __hybrid_code_map_count    0000000000000000     <absolute>
 0000:00000000       __guard_iat_count          0000000000000000     <absolute>
 0000:00000000       __arm64x_extra_rfe_table_size 0000000000000000     <absolute>
 0000:00000000       ___safe_se_handler_count   0000000000000000     <absolute>
 0000:00000000       __x64_code_ranges_to_entry_points 0000000000000000     <absolute>
 0000:00000000       __guard_longjmp_table      0000000000000000     <absolute>
 0000:00000000       __AbsoluteZero             0000000000000000     <absolute>
 0000:00000000       __guard_check_icall_a64n_fptr 0000000000000000     <absolute>
 0000:00000000       __guard_fids_table         0000000000000000     <absolute>
 0000:00000000       __arm64x_native_entrypoint 0000000000000000     <absolute>
 0000:00000000       __guard_eh_cont_table      0000000000000000     <absolute>
 0000:00000000       __guard_eh_cont_count      0000000000000000     <absolute>
 0000:00000000       __x64_code_ranges_to_entry_points_count 0000000000000000     <absolute>
 0000:00000000       __guard_iat_table          0000000000000000     <absolute>
 0000:00000000       __arm64x_redirection_metadata 0000000000000000     <absolute>
 0000:00000000       __enclave_config           0000000000000000     <absolute>
 0000:00000000       __arm64x_redirection_metadata_count 0000000000000000     <absolute>
 0000:00000000       __guard_fids_count         0000000000000000     <absolute>
 0000:00000100       __guard_flags              0000000000000100     <absolute>
 0000:00000000       __ImageBase                0000000180000000     <linker-defined>
 0001:00000000       ??X@YAAEATv3@@AEAT0@M@Z    0000000180001000 f i p5engine.obj
 0001:00000720       ?AreInSameChunk@@YAHPEAUworld@@PEAUworld_position@@1@Z 0000000180001720 f i p5engine.obj
 0001:00001040       ?ChangeEntityLocationRaw@@YAXPEAUmemory_arena@@PEAUworld@@IPEAUworld_position@@2@Z 0000000180002040 f i p5engine.obj
 0001:000012f0       ?ChunkPositionFromTilePosition@@YA?AUworld_position@@PEAUworld@@HHHTv3@@@Z 00000001800022f0 f i p5engine.obj
 0001:00004b50       ?EntityOverlapsRectangle@@YAHTv3@@Usim_entity_collision_volume@@Urectangle3@@@Z 0000000180005b50 f i p5engine.obj
 0001:00004d00       ?GetRenderEntityBasisPos@@YA?AUentity_basis_p_result@@PEAUrender_group@@PEAUrender_entity_basis@@Tv2@@@Z 0000000180005d00 f i p5engine.obj
 0001:00004eb0       ?GetStairGround@@YAMPEAUsim_entity@@Tv3@@@Z 0000000180005eb0 f i p5engine.obj
 0001:00005040       ?GetWorldChunk@@YAPEAUworld_chunk@@PEAUworld@@HHHPEAUmemory_arena@@@Z 0000000180006040 f i p5engine.obj
 0001:00005180       ?IsCanonical@@YAHMM@Z      0000000180006180 f i p5engine.obj
 0001:000062a0       ?PushRect@@YAXPEAUrender_group@@Tv3@@Tv2@@Tv4@@@Z 00000001800072a0 f i p5engine.obj
 0001:000063a0       ?PushRectOutline@@YAXPEAUrender_group@@Tv3@@Tv2@@Tv4@@@Z 00000001800073a0 f i p5engine.obj
 0001:000065a0       ?PushRenderElement_@@YAPEAXPEAUrender_group@@IW4render_group_entry_type@@@Z 00000001800075a0 f i p5engine.obj
 0001:00006610       ?PushSize_@@YAPEAXPEAUmemory_arena@@_K@Z 0000000180007610 f i p5engine.obj
 0001:00006670       ?RecanonicalizeCoord@@YAXMPEAHPEAM@Z 0000000180007670 f i p5engine.obj
 0001:00006de0       ?SRGBBilinearBlend@@YA?ATv4@@Ubilinear_sample@@MM@Z 0000000180007de0 f i p5engine.obj
 0001:00007310       GameGetSoundSamples        0000000180008310 f   p5engine.obj
 0001:00007350       GameUpdateAndRender        0000000180008350 f   p5engine.obj
 0001:0000a760       __CheckForDebuggerJustMyCode 000000018000b760 f   MSVCRTD:debugger_jmc.obj
 0001:0000a7a0       __GSHandlerCheck           000000018000b7a0 f   MSVCRTD:gshandler.obj
 0001:0000a7e0       __GSHandlerCheckCommon     000000018000b7e0 f   MSVCRTD:gshandler.obj
 0001:0000a8f0       __security_check_cookie    000000018000b8f0 f   MSVCRTD:amdsecgs.obj
 0001:0000ad20       _DllMainCRTStartup         000000018000bd20 f   MSVCRTD:dll_dllmain.obj
 0001:0000ad60       __raise_securityfailure    000000018000bd60 f   MSVCRTD:gs_report.obj
 0001:0000ada0       __report_gsfailure         000000018000bda0 f   MSVCRTD:gs_report.obj
 0001:0000b000       __security_init_cookie     000000018000c000 f   MSVCRTD:gs_support.obj
 0001:0000b080       DllMain                    000000018000c080 f   MSVCRTD:dll_dllmain_stub.obj
 0001:0000b0c0       ?__scrt_initialize_type_info@@YAXXZ 000000018000c0c0 f   MSVCRTD:tncleanup.obj
 0001:0000b0e0       ?__scrt_uninitialize_type_info@@YAXXZ 000000018000c0e0 f   MSVCRTD:tncleanup.obj
 0001:0000b100       __local_stdio_printf_options 000000018000c100 f i MSVCRTD:default_local_stdio_options.obj
 0001:0000b110       __local_stdio_scanf_options 000000018000c110 f i MSVCRTD:default_local_stdio_options.obj
 0001:0000b120       __scrt_initialize_default_local_stdio_options 000000018000c120 f   MSVCRTD:default_local_stdio_options.obj
 0001:0000b170       ?configure_argv@__scrt_narrow_argv_policy@@SAHXZ 000000018000c170 f i MSVCRTD:utility.obj
 0001:0000b260       ?initialize_environment@__scrt_narrow_environment_policy@@SAHXZ 000000018000c260 f i MSVCRTD:utility.obj
 0001:0000b300       NtCurrentTeb               000000018000c300 f i MSVCRTD:utility.obj
 0001:0000b310       __scrt_acquire_startup_lock 000000018000c310 f   MSVCRTD:utility.obj
 0001:0000b380       __scrt_dllmain_after_initialize_c 000000018000c380 f   MSVCRTD:utility.obj
 0001:0000b3b0       __scrt_dllmain_before_initialize_c 000000018000c3b0 f   MSVCRTD:utility.obj
 0001:0000b3d0       __scrt_dllmain_crt_thread_attach 000000018000c3d0 f   MSVCRTD:utility.obj
 0001:0000b400       __scrt_dllmain_crt_thread_detach 000000018000c400 f   MSVCRTD:utility.obj
 0001:0000b420       __scrt_dllmain_exception_filter 000000018000c420 f   MSVCRTD:utility.obj
 0001:0000b490       __scrt_dllmain_uninitialize_c 000000018000c490 f   MSVCRTD:utility.obj
 0001:0000b4c0       __scrt_dllmain_uninitialize_critical 000000018000c4c0 f   MSVCRTD:utility.obj
 0001:0000b4e0       __scrt_initialize_crt      000000018000c4e0 f   MSVCRTD:utility.obj
 0001:0000b530       __scrt_initialize_onexit_tables 000000018000c530 f   MSVCRTD:utility.obj
 0001:0000b640       __scrt_is_nonwritable_in_current_image 000000018000c640 f   MSVCRTD:utility.obj
 0001:0000b6d0       __scrt_release_startup_lock 000000018000c6d0 f   MSVCRTD:utility.obj
 0001:0000b700       __scrt_uninitialize_crt    000000018000c700 f   MSVCRTD:utility.obj
 0001:0000b740       __scrt_get_dyn_tls_init_callback 000000018000c740 f   MSVCRTD:dyn_tls_init.obj
 0001:0000b750       __crt_debugger_hook        000000018000c750 f   MSVCRTD:utility_desktop.obj
 0001:0000b760       __scrt_fastfail            000000018000c760 f   MSVCRTD:utility_desktop.obj
 0001:0000b900       _RTC_Initialize            000000018000c900 f   MSVCRTD:initsect.obj
 0001:0000b950       _RTC_Terminate             000000018000c950 f   MSVCRTD:initsect.obj
 0001:0000b9a0       _guard_check_icall_nop     000000018000c9a0 f i MSVCRTD:guard_support.obj
 0001:0000b9b0       __isa_available_init       000000018000c9b0 f   MSVCRTD:cpu_disp.obj
 0001:0000bd50       _get_startup_argv_mode     000000018000cd50 f   MSVCRTD:argv_mode.obj
 0001:0000bd60       __scrt_is_ucrt_dll_in_use  000000018000cd60 f   MSVCRTD:ucrt_detection.obj
 0001:0000bd90       memset                     000000018000cd90 f   vcruntimed:VCRUNTIME140D.dll
 0001:0000bd96       __C_specific_handler       000000018000cd96 f   vcruntimed:VCRUNTIME140D.dll
 0001:0000bd9c       __std_type_info_destroy_list 000000018000cd9c f   vcruntimed:VCRUNTIME140D.dll
 0001:0000bda2       sinf                       000000018000cda2 f   ucrtd:ucrtbased.dll
 0001:0000bda8       _initterm                  000000018000cda8 f   ucrtd:ucrtbased.dll
 0001:0000bdae       _initterm_e                000000018000cdae f   ucrtd:ucrtbased.dll
 0001:0000bdb4       _seh_filter_dll            000000018000cdb4 f   ucrtd:ucrtbased.dll
 0001:0000bdba       _configure_narrow_argv     000000018000cdba f   ucrtd:ucrtbased.dll
 0001:0000bdc0       _initialize_narrow_environment 000000018000cdc0 f   ucrtd:ucrtbased.dll
 0001:0000bdc6       _initialize_onexit_table   000000018000cdc6 f   ucrtd:ucrtbased.dll
 0001:0000bdcc       _execute_onexit_table      000000018000cdcc f   ucrtd:ucrtbased.dll
 0001:0000bdd2       _cexit                     000000018000cdd2 f   ucrtd:ucrtbased.dll
 0001:0000bde0       __scrt_stub_for_acrt_thread_attach 000000018000cde0 f   MSVCRTD:ucrt_stubs.obj
 0001:0000bde0       __acrt_thread_detach       000000018000cde0 f   MSVCRTD:ucrt_stubs.obj
 0001:0000bde0       __vcrt_thread_attach       000000018000cde0 f   MSVCRTD:ucrt_stubs.obj
 0001:0000bde0       __scrt_stub_for_acrt_thread_detach 000000018000cde0 f   MSVCRTD:ucrt_stubs.obj
 0001:0000bde0       __acrt_thread_attach       000000018000cde0 f   MSVCRTD:ucrt_stubs.obj
 0001:0000bde0       __vcrt_initialize          000000018000cde0 f   MSVCRTD:ucrt_stubs.obj
 0001:0000bde0       __vcrt_thread_detach       000000018000cde0 f   MSVCRTD:ucrt_stubs.obj
 0001:0000bde0       __acrt_initialize          000000018000cde0 f   MSVCRTD:ucrt_stubs.obj
 0001:0000bde0       __scrt_stub_for_acrt_initialize 000000018000cde0 f   MSVCRTD:ucrt_stubs.obj
 0001:0000bdf0       __acrt_uninitialize_critical 000000018000cdf0 f   MSVCRTD:ucrt_stubs.obj
 0001:0000bdf0       __scrt_stub_for_acrt_uninitialize_critical 000000018000cdf0 f   MSVCRTD:ucrt_stubs.obj
 0001:0000bdf0       __vcrt_uninitialize        000000018000cdf0 f   MSVCRTD:ucrt_stubs.obj
 0001:0000bdf0       __vcrt_uninitialize_critical 000000018000cdf0 f   MSVCRTD:ucrt_stubs.obj
 0001:0000bdf0       __scrt_stub_for_acrt_uninitialize 000000018000cdf0 f   MSVCRTD:ucrt_stubs.obj
 0001:0000bdf0       __acrt_uninitialize        000000018000cdf0 f   MSVCRTD:ucrt_stubs.obj
 0001:0000be00       __scrt_stub_for_is_c_termination_complete 000000018000ce00 f   MSVCRTD:ucrt_stubs.obj
 0001:0000be00       _is_c_termination_complete 000000018000ce00 f   MSVCRTD:ucrt_stubs.obj
 0001:0000be20       _guard_dispatch_icall_nop  000000018000ce20 f   MSVCRTD:guard_dispatch.obj
 0001:0000be40       _guard_xfg_dispatch_icall_nop 000000018000ce40 f   MSVCRTD:guard_xfg_dispatch.obj
 0002:00000000       __imp_GetCurrentProcessId  000000018000d000     kernel32:KERNEL32.dll
 0002:00000008       __imp_GetCurrentThreadId   000000018000d008     kernel32:KERNEL32.dll
 0002:00000010       __imp_RtlLookupFunctionEntry 000000018000d010     kernel32:KERNEL32.dll
 0002:00000018       __imp_RtlVirtualUnwind     000000018000d018     kernel32:KERNEL32.dll
 0002:00000020       __imp_UnhandledExceptionFilter 000000018000d020     kernel32:KERNEL32.dll
 0002:00000028       __imp_IsDebuggerPresent    000000018000d028     kernel32:KERNEL32.dll
 0002:00000030       __imp_InitializeSListHead  000000018000d030     kernel32:KERNEL32.dll
 0002:00000038       __imp_DisableThreadLibraryCalls 000000018000d038     kernel32:KERNEL32.dll
 0002:00000040       __imp_GetSystemTimeAsFileTime 000000018000d040     kernel32:KERNEL32.dll
 0002:00000048       __imp_RtlCaptureContext    000000018000d048     kernel32:KERNEL32.dll
 0002:00000050       __imp_QueryPerformanceCounter 000000018000d050     kernel32:KERNEL32.dll
 0002:00000058       __imp_IsProcessorFeaturePresent 000000018000d058     kernel32:KERNEL32.dll
 0002:00000060       __imp_TerminateProcess     000000018000d060     kernel32:KERNEL32.dll
 0002:00000068       __imp_GetCurrentProcess    000000018000d068     kernel32:KERNEL32.dll
 0002:00000070       __imp_SetUnhandledExceptionFilter 000000018000d070     kernel32:KERNEL32.dll
 0002:00000078       \177KERNEL32_NULL_THUNK_DATA 000000018000d078     kernel32:KERNEL32.dll
 0002:00000080       __imp_memset               000000018000d080     vcruntimed:VCRUNTIME140D.dll
 0002:00000088       __imp___std_type_info_destroy_list 000000018000d088     vcruntimed:VCRUNTIME140D.dll
 0002:00000090       __imp___C_specific_handler 000000018000d090     vcruntimed:VCRUNTIME140D.dll
 0002:00000098       \177VCRUNTIME140D_NULL_THUNK_DATA 000000018000d098     vcruntimed:VCRUNTIME140D.dll
 0002:000000a0       __imp__cexit               000000018000d0a0     ucrtd:ucrtbased.dll
 0002:000000a8       __imp__execute_onexit_table 000000018000d0a8     ucrtd:ucrtbased.dll
 0002:000000b0       __imp__initialize_onexit_table 000000018000d0b0     ucrtd:ucrtbased.dll
 0002:000000b8       __imp__initialize_narrow_environment 000000018000d0b8     ucrtd:ucrtbased.dll
 0002:000000c0       __imp__seh_filter_dll      000000018000d0c0     ucrtd:ucrtbased.dll
 0002:000000c8       __imp__initterm_e          000000018000d0c8     ucrtd:ucrtbased.dll
 0002:000000d0       __imp__initterm            000000018000d0d0     ucrtd:ucrtbased.dll
 0002:000000d8       __imp_sinf                 000000018000d0d8     ucrtd:ucrtbased.dll
 0002:000000e0       __imp_roundf               000000018000d0e0     ucrtd:ucrtbased.dll
 0002:000000e8       __imp__configure_narrow_argv 000000018000d0e8     ucrtd:ucrtbased.dll
 0002:000000f0       \177ucrtbased_NULL_THUNK_DATA 000000018000d0f0     ucrtd:ucrtbased.dll
 0002:000000f8       __guard_check_icall_fptr   000000018000d0f8     MSVCRTD:guard_support.obj
 0002:00000100       __guard_xfg_check_icall_fptr 000000018000d100     MSVCRTD:guard_support.obj
 0002:00000108       __guard_dispatch_icall_fptr 000000018000d108     MSVCRTD:guard_support.obj
 0002:00000110       __guard_xfg_dispatch_icall_fptr 000000018000d110     MSVCRTD:guard_support.obj
 0002:00000118       __guard_xfg_table_dispatch_icall_fptr 000000018000d118     MSVCRTD:guard_support.obj
 0002:00000120       __xc_a                     000000018000d120     MSVCRTD:initializers.obj
 0002:00000128       __xc_z                     000000018000d128     MSVCRTD:initializers.obj
 0002:00000130       __xi_a                     000000018000d130     MSVCRTD:initializers.obj
 0002:00000138       __xi_z                     000000018000d138     MSVCRTD:initializers.obj
 0002:00000140       __xp_a                     000000018000d140     MSVCRTD:initializers.obj
 0002:00000148       __xp_z                     000000018000d148     MSVCRTD:initializers.obj
 0002:00000150       __xt_a                     000000018000d150     MSVCRTD:initializers.obj
 0002:00000158       __xt_z                     000000018000d158     MSVCRTD:initializers.obj
 0002:00000160       ??_C@_0BM@PJPBBIHG@?4?4?1P5Engine?1data?1grass1?4bmp@ 000000018000d160     p5engine.obj
 0002:00000180       ??_C@_0BL@KMKJHMBG@?4?4?1P5Engine?1data?1soil1?4bmp@ 000000018000d180     p5engine.obj
 0002:000001a0       ??_C@_0BL@CKDNAOLI@?4?4?1P5Engine?1data?1soil2?4bmp@ 000000018000d1a0     p5engine.obj
 0002:000001c0       ??_C@_0BL@OBGBNNBN@?4?4?1P5Engine?1data?1soil3?4bmp@ 000000018000d1c0     p5engine.obj
 0002:000001e0       ??_C@_0BL@PKIKGPIF@?4?4?1P5Engine?1data?1tuft1?4bmp@ 000000018000d1e0     p5engine.obj
 0002:00000200       ??_C@_0BL@HMBOBNCL@?4?4?1P5Engine?1data?1tuft2?4bmp@ 000000018000d200     p5engine.obj
 0002:00000220       ??_C@_0BI@LLDOGEFD@?4?4?1P5Engine?1data?1bg?4bmp@ 000000018000d220     p5engine.obj
 0002:00000238       ??_C@_0BM@NIFDJJOH@?4?4?1P5Engine?1data?1shadow?4bmp@ 000000018000d238     p5engine.obj
 0002:00000258       ??_C@_0BM@ODFMFCEI@?4?4?1P5Engine?1data?1stairs?4bmp@ 000000018000d258     p5engine.obj
 0002:00000278       ??_C@_0BK@OBLCJJGP@?4?4?1P5Engine?1data?1tree?4bmp@ 000000018000d278     p5engine.obj
 0002:00000298       ??_C@_0BL@IDLBAPAA@?4?4?1P5Engine?1data?1enemy?4bmp@ 000000018000d298     p5engine.obj
 0002:000002b8       ??_C@_0BJ@NKABLOEO@?4?4?1P5Engine?1data?1orb?4bmp@ 000000018000d2b8     p5engine.obj
 0002:000002d8       ??_C@_0CC@LMFPELMM@?4?4?1P5Engine?1data?1char?9right?90?4b@ 000000018000d2d8     p5engine.obj
 0002:00000300       ??_C@_0CB@PEKICNDL@?4?4?1P5Engine?1data?1char?9back?90?4bm@ 000000018000d300     p5engine.obj
 0002:00000328       ??_C@_0CB@EADJMAIP@?4?4?1P5Engine?1data?1char?9left?90?4bm@ 000000018000d328     p5engine.obj
 0002:00000350       ??_C@_0CC@FOFLOHLO@?4?4?1P5Engine?1data?1char?9front?90?4b@ 000000018000d350     p5engine.obj
 0002:00000378       ??_C@_0CB@KNGGMNCB@?4?4?1P5Engine?1data?1sword?9right?4bm@ 000000018000d378     p5engine.obj
 0002:000003a0       ??_C@_0CA@LOPACOB@?4?4?1P5Engine?1data?1sword?9back?4bmp@ 000000018000d3a0     p5engine.obj
 0002:000003c0       ??_C@_0CA@OHNPEIGA@?4?4?1P5Engine?1data?1sword?9left?4bmp@ 000000018000d3c0     p5engine.obj
 0002:000003e0       ??_C@_0CB@BNIDBOJA@?4?4?1P5Engine?1data?1sword?9front?4bm@ 000000018000d3e0     p5engine.obj
 0002:00000404       __real@37810183            000000018000d404     p5engine.obj
 0002:00000408       __real@3a83126f            000000018000d408     p5engine.obj
 0002:0000040c       __real@3b808081            000000018000d40c     p5engine.obj
 0002:00000410       __real@3c23d70a            000000018000d410     p5engine.obj
 0002:00000414       __real@3c40c0c2            000000018000d414     p5engine.obj
 0002:00000418       __real@3dcccccd            000000018000d418     p5engine.obj
 0002:0000041c       __real@3e4ccccd            000000018000d41c     p5engine.obj
 0002:00000420       __real@3e800000            000000018000d420     p5engine.obj
 0002:00000424       __real@3f000000            000000018000d424     p5engine.obj
 0002:00000428       __real@3f19999a            000000018000d428     p5engine.obj
 0002:0000042c       __real@3f228f5c            000000018000d42c     p5engine.obj
 0002:00000430       __real@3f3504f3            000000018000d430     p5engine.obj
 0002:00000434       __real@3f400000            000000018000d434     p5engine.obj
 0002:00000438       __real@3f666666            000000018000d438     p5engine.obj
 0002:0000043c       __real@3f800000            000000018000d43c     p5engine.obj
 0002:00000440       __real@3f8ccccd            000000018000d440     p5engine.obj
 0002:00000444       __real@3f99999a            000000018000d444     p5engine.obj
 0002:00000448       __real@3fb33333            000000018000d448     p5engine.obj
 0002:0000044c       __real@3fc00000            000000018000d44c     p5engine.obj
 0002:00000450       __real@40000000            000000018000d450     p5engine.obj
 0002:00000454       __real@40333333            000000018000d454     p5engine.obj
 0002:00000458       __real@40400000            000000018000d458     p5engine.obj
 0002:0000045c       __real@40a00000            000000018000d45c     p5engine.obj
 0002:00000460       __real@40c90fdb            000000018000d460     p5engine.obj
 0002:00000464       __real@411ccccd            000000018000d464     p5engine.obj
 0002:00000468       __real@41499999            000000018000d468     p5engine.obj
 0002:0000046c       __real@41700000            000000018000d46c     p5engine.obj
 0002:00000470       __real@41a00000            000000018000d470     p5engine.obj
 0002:00000474       __real@41be6666            000000018000d474     p5engine.obj
 0002:00000478       __real@41f00000            000000018000d478     p5engine.obj
 0002:0000047c       __real@42ff0000            000000018000d47c     p5engine.obj
 0002:00000480       __real@43000000            000000018000d480     p5engine.obj
 0002:00000484       __real@437f0000            000000018000d484     p5engine.obj
 0002:00000488       __real@461c4000            000000018000d488     p5engine.obj
 0002:0000048c       __real@47c35000            000000018000d48c     p5engine.obj
 0002:00000490       __real@7f7fffff            000000018000d490     p5engine.obj
 0002:00000494       __real@becccccd            000000018000d494     p5engine.obj
 0002:00000498       __real@bf000000            000000018000d498     p5engine.obj
 0002:0000049c       __real@bf800000            000000018000d49c     p5engine.obj
 0002:000004a0       __real@c0000000            000000018000d4a0     p5engine.obj
 0002:000004a4       __real@c0100000            000000018000d4a4     p5engine.obj
 0002:000004a8       __real@c0400000            000000018000d4a8     p5engine.obj
 0002:000004b0       __xmm@000000003e8000003e8000003e800000 000000018000d4b0     p5engine.obj
 0002:000004c0       __xmm@3b8080813b8080813b8080813b808081 000000018000d4c0     p5engine.obj
 0002:000004d0       __xmm@3f800000000000003f0000003f800000 000000018000d4d0     p5engine.obj
 0002:000004e0       __xmm@3f800000000000003f8000003f800000 000000018000d4e0     p5engine.obj
 0002:000004f0       __xmm@3f8000003f0000003f0000003f000000 000000018000d4f0     p5engine.obj
 0002:00000500       __xmm@3f8000003f800000000000003f800000 000000018000d500     p5engine.obj
 0002:00000510       __xmm@3f8000003f8000003f80000000000000 000000018000d510     p5engine.obj
 0002:00000520       __xmm@3f8000003f8000003f8000003f800000 000000018000d520     p5engine.obj
 0002:00000530       __xmm@437f0000437f0000437f0000437f0000 000000018000d530     p5engine.obj
 0002:00000540       __xmm@7fffffff7fffffff7fffffff7fffffff 000000018000d540     p5engine.obj
 0002:00000550       __xmm@80000000800000008000000080000000 000000018000d550     p5engine.obj
 0002:00000560       _pDefaultRawDllMain        000000018000d560     MSVCRTD:dll_dllmain.obj
 0002:00000560       _pRawDllMain               000000018000d560     MSVCRTD:dll_dllmain.obj
 0002:000005d0       _load_config_used          000000018000d5d0     MSVCRTD:loadcfg.obj
 0002:00000780       __volatile_metadata        000000018000d780     <linker-defined>
 0002:00000a78       __rtc_iaa                  000000018000da78     MSVCRTD:initsect.obj
 0002:00000a80       __rtc_izz                  000000018000da80     MSVCRTD:initsect.obj
 0002:00000a88       __rtc_taa                  000000018000da88     MSVCRTD:initsect.obj
 0002:00000a90       __rtc_tzz                  000000018000da90     MSVCRTD:initsect.obj
 0002:00001224       __IMPORT_DESCRIPTOR_VCRUNTIME140D 000000018000e224     vcruntimed:VCRUNTIME140D.dll
 0002:00001238       __IMPORT_DESCRIPTOR_ucrtbased 000000018000e238     ucrtd:ucrtbased.dll
 0002:0000124c       __IMPORT_DESCRIPTOR_KERNEL32 000000018000e24c     kernel32:KERNEL32.dll
 0002:00001260       __NULL_IMPORT_DESCRIPTOR   000000018000e260     vcruntimed:VCRUNTIME140D.dll
 0003:00004000       __security_cookie_complement 0000000180013000     MSVCRTD:gs_cookie.obj
 0003:00004008       __security_cookie          0000000180013008     MSVCRTD:gs_cookie.obj
 0003:00004010       _fltused                   0000000180013010     MSVCRTD:fltused.obj
 0003:00004014       __scrt_native_dllmain_reason 0000000180013014     MSVCRTD:utility.obj
 0003:00004018       __isa_available            0000000180013018     MSVCRTD:cpu_disp.obj
 0003:0000401c       __isa_enabled              000000018001301c     MSVCRTD:cpu_disp.obj
 0003:00004020       __memcpy_nt_iters          0000000180013020     MSVCRTD:cpu_disp.obj
 0003:00004028       __memset_nt_iters          0000000180013028     MSVCRTD:cpu_disp.obj
 0003:00004030       __scrt_ucrt_dll_is_in_use  0000000180013030     MSVCRTD:ucrt_stubs.obj
 0003:00004040       DebugGlobalMemory          0000000180013040     p5engine.obj
 0003:000045c0       ?__type_info_root_node@@3U__type_info_node@@A 00000001800135c0     MSVCRTD:tncleanup.obj
 0003:000045d0       ?_OptionsStorage@?1??__local_stdio_printf_options@@9@4_KA 00000001800135d0     MSVCRTD:default_local_stdio_options.obj
 0003:000045d8       ?_OptionsStorage@?1??__local_stdio_scanf_options@@9@4_KA 00000001800135d8     MSVCRTD:default_local_stdio_options.obj
 0003:000045e0       __scrt_current_native_startup_state 00000001800135e0     MSVCRTD:utility.obj
 0003:000045e8       __scrt_native_startup_lock 00000001800135e8     MSVCRTD:utility.obj
 0003:00004628       __scrt_debugger_hook_flag  0000000180013628     MSVCRTD:utility_desktop.obj
 0003:00004630       __castguard_check_failure_os_handled_fptr 0000000180013630     MSVCRTD:guard_support.obj
 0003:00004638       __favor                    0000000180013638     MSVCRTD:cpu_disp.obj
 0003:00004640       __dyn_tls_init_callback    0000000180013640     <common>
 0003:00004648       __DebuggerCurrentSteppingThreadId 0000000180013648     <common>

 entry point at        0001:0000ad20

 Static symbols

 0000:fffe8000       .debug$S                   0000000180000000     P5Engine.exp
 0000:fffe8000       .debug$S                   0000000180000000     vcruntimed:VCRUNTIME140D.dll
 0000:fffe8000       .debug$S                   0000000180000000     vcruntimed:VCRUNTIME140D.dll
 0000:fffe8000       .debug$S                   0000000180000000     vcruntimed:VCRUNTIME140D.dll
 0000:fffe8000       .debug$S                   0000000180000000     vcruntimed:VCRUNTIME140D.dll
 0000:fffe8000       .debug$S                   0000000180000000     vcruntimed:VCRUNTIME140D.dll
 0000:fffe8000       .debug$S                   0000000180000000     ucrtd:ucrtbased.dll
 0000:fffe8000       .debug$S                   0000000180000000     ucrtd:ucrtbased.dll
 0000:fffe8000       .debug$S                   0000000180000000     ucrtd:ucrtbased.dll
 0000:fffe8000       .debug$S                   0000000180000000     ucrtd:ucrtbased.dll
 0000:fffe8000       .debug$S                   0000000180000000     ucrtd:ucrtbased.dll
 0000:fffe8000       .debug$S                   0000000180000000     ucrtd:ucrtbased.dll
 0000:fffe8000       .debug$S                   0000000180000000     ucrtd:ucrtbased.dll
 0000:fffe8000       .debug$S                   0000000180000000     ucrtd:ucrtbased.dll
 0000:fffe8000       .debug$S                   0000000180000000     ucrtd:ucrtbased.dll
 0000:fffe8000       .debug$S                   0000000180000000     ucrtd:ucrtbased.dll
 0000:fffe8000       .debug$S                   0000000180000000     ucrtd:ucrtbased.dll
 0000:fffe8000       .debug$S                   0000000180000000     ucrtd:ucrtbased.dll
 0000:fffe8000       .debug$S                   0000000180000000     ucrtd:ucrtbased.dll
 0000:fffe8000       .debug$S                   0000000180000000     ucrtd:ucrtbased.dll
 0000:fffe8000       .debug$S                   0000000180000000     kernel32:KERNEL32.dll
 0000:fffe8000       .debug$S                   0000000180000000     kernel32:KERNEL32.dll
 0000:fffe8000       .debug$S                   0000000180000000     kernel32:KERNEL32.dll
 0000:fffe8000       .debug$S                   0000000180000000     kernel32:KERNEL32.dll
 0000:fffe8000       .debug$S                   0000000180000000     kernel32:KERNEL32.dll
 0000:fffe8000       .debug$S                   0000000180000000     kernel32:KERNEL32.dll
 0000:fffe8000       .debug$S                   0000000180000000     kernel32:KERNEL32.dll
 0000:fffe8000       .debug$S                   0000000180000000     kernel32:KERNEL32.dll
 0000:fffe8000       .debug$S                   0000000180000000     kernel32:KERNEL32.dll
 0000:fffe8000       .debug$S                   0000000180000000     kernel32:KERNEL32.dll
 0000:fffe8000       .debug$S                   0000000180000000     kernel32:KERNEL32.dll
 0000:fffe8000       .debug$S                   0000000180000000     kernel32:KERNEL32.dll
 0000:fffe8000       .debug$S                   0000000180000000     kernel32:KERNEL32.dll
 0000:fffe8000       .debug$S                   0000000180000000     kernel32:KERNEL32.dll
 0000:fffe8000       .debug$S                   0000000180000000     kernel32:KERNEL32.dll
 0000:fffe8000       .debug$S                   0000000180000000     kernel32:KERNEL32.dll
 0000:fffe8000       .debug$S                   0000000180000000     kernel32:KERNEL32.dll
 0001:00000060       ?AddCollisionRule@@YAXPEAUgame_state@@IIH@Z 0000000180001060 f   p5engine.obj
 0001:00000140       ?AddEntity@@YAPEAUsim_entity@@PEAUgame_state@@PEAUsim_region@@IPEAUlow_entity@@PEATv3@@@Z 0000000180001140 f   p5engine.obj
 0001:00000260       ?AddEntityRaw@@YAPEAUsim_entity@@PEAUgame_state@@PEAUsim_region@@IPEAUlow_entity@@@Z 0000000180001260 f   p5engine.obj
 0001:00000450       ?AddLowEntity@@YA?AUadd_low_entity_result@@PEAUgame_state@@W4entity_type@@Uworld_position@@@Z 0000000180001450 f   p5engine.obj
 0001:000005a0       ?AllocateRenderGroup@@YAPEAUrender_group@@PEAUmemory_arena@@III@Z 00000001800015a0 f   p5engine.obj
 0001:00000830       ?BeginSim@@YAPEAUsim_region@@PEAUmemory_arena@@PEAUgame_state@@PEAUworld@@Uworld_position@@Urectangle3@@M@Z 0000000180001830 f   p5engine.obj
 0001:00000f60       ?ChangeEntityLocation@@YAXPEAUmemory_arena@@PEAUworld@@IPEAUlow_entity@@Uworld_position@@@Z 0000000180001f60 f   p5engine.obj
 0001:000014c0       ?DEBUGLoadBMP@@YA?AUloaded_bitmap@@PEAUthread_context@@P6A?AUdebug_read_file_result@@0PEAD@Z1HH@Z 00000001800024c0 f   p5engine.obj
 0001:00001860       ?DrawHitpoints@@YAXPEAUsim_entity@@PEAUrender_group@@@Z 0000000180002860 f   p5engine.obj
 0001:00001a60       ?DrawRectangle@@YAXPEAUloaded_bitmap@@Tv2@@1Tv4@@@Z 0000000180002a60 f   p5engine.obj
 0001:00001be0       ?DrawRectangleQuickly@@YAXPEAUloaded_bitmap@@Tv2@@11Tv4@@0M@Z 0000000180002be0 f   p5engine.obj
 0001:00002f00       ?DrawRectangleSlowly@@YAXPEAUloaded_bitmap@@Tv2@@11Tv4@@00PEAUenvironment_map@@33M@Z 0000000180003f00 f   p5engine.obj
 0001:000045c0       ?EndSim@@YAXPEAUsim_region@@PEAUgame_state@@@Z 00000001800055c0 f   p5engine.obj
 0001:000048b0       ?EntitiesOverlap@@YAHPEAUsim_entity@@0Tv3@@@Z 00000001800058b0 f   p5engine.obj
 0001:00004c90       ?GetHashFromStorageIndex@@YAPEAUsim_entity_hash@@PEAUsim_region@@I@Z 0000000180005c90 f   p5engine.obj
 0001:000051f0       ?MakeSimpleGroundedCollision@@YAPEAUsim_entity_collision_volume_group@@PEAUgame_state@@MMM@Z 00000001800061f0 f   p5engine.obj
 0001:000052f0       ?MoveEntity@@YAXPEAUgame_state@@PEAUsim_region@@PEAUsim_entity@@MPEAUmove_spec@@Tv3@@@Z 00000001800062f0 f   p5engine.obj
 0001:000066f0       ?RenderGroupToOutput@@YAXPEAUrender_group@@PEAUloaded_bitmap@@@Z 00000001800076f0 f   p5engine.obj
 0001:00007160       ?SetTopDownAlign@@YAXPEAUhero_bitmaps@@Tv2@@@Z 0000000180008160 f   p5engine.obj
 0001:00007200       ?Subtract@@YA?ATv3@@PEAUworld@@PEAUworld_position@@1@Z 0000000180008200 f   p5engine.obj
 0001:0000a744       $LN1043                    000000018000b744     p5engine.obj
 0001:0000a8e0       $$000000                   000000018000b8e0     MSVCRTD:amdsecgs.obj
 0001:0000a910       ?dllmain_crt_dispatch@@YAHQEAUHINSTANCE__@@KQEAX@Z 000000018000b910 f   MSVCRTD:dll_dllmain.obj
 0001:0000a9a0       ?dllmain_crt_process_attach@@YAHQEAUHINSTANCE__@@QEAX@Z 000000018000b9a0 f   MSVCRTD:dll_dllmain.obj
 0001:0000aae0       ?dllmain_crt_process_detach@@YAH_N@Z 000000018000bae0 f   MSVCRTD:dll_dllmain.obj
 0001:0000ab80       ?dllmain_dispatch@@YAHQEAUHINSTANCE__@@KQEAX@Z 000000018000bb80 f   MSVCRTD:dll_dllmain.obj
 0001:0000acc0       ?dllmain_raw@@YAHQEAUHINSTANCE__@@KQEAX@Z 000000018000bcc0 f   MSVCRTD:dll_dllmain.obj
 0001:0000ae80       capture_previous_context   000000018000be80 f   MSVCRTD:gs_report.obj
 0001:0000af40       __get_entropy              000000018000bf40 f   MSVCRTD:gs_support.obj
 0001:0000b190       ?find_pe_section@@YAPEAU_IMAGE_SECTION_HEADER@@QEAE_K@Z 000000018000c190 f   MSVCRTD:utility.obj
 0001:0000b270       ?is_potentially_valid_image_base@@YA_NQEAX@Z 000000018000c270 f   MSVCRTD:utility.obj
 0001:0000be10       $$000000                   000000018000ce10     MSVCRTD:guard_dispatch.obj
 0001:0000be30       $$000000                   000000018000ce30     MSVCRTD:guard_xfg_dispatch.obj
 0001:0000be50       ?fin$0@?0??dllmain_crt_process_attach@@YAHQEAUHINSTANCE__@@QEAX@Z@4HA 000000018000ce50 f   MSVCRTD:dll_dllmain.obj
 0001:0000be70       ?fin$0@?0??dllmain_crt_process_detach@@YAH_N@Z@4HA 000000018000ce70 f   MSVCRTD:dll_dllmain.obj
 0001:0000be8a       ?fin$1@?0??dllmain_crt_process_detach@@YAH_N@Z@4HA 000000018000ce8a f   MSVCRTD:dll_dllmain.obj
 0001:0000bea0       ?filt$0@?0??dllmain_dispatch@@YAHQEAUHINSTANCE__@@KQEAX@Z@4HA 000000018000cea0 f   MSVCRTD:dll_dllmain.obj
 0001:0000bef0       __scrt_is_nonwritable_in_current_image$filt$0 000000018000cef0 f   MSVCRTD:utility.obj
 0002:00000568       GS_ExceptionPointers       000000018000d568     MSVCRTD:gs_report.obj
 0002:00000a98       $unwind$?GetHashFromStorageIndex@@YAPEAUsim_entity_hash@@PEAUsim_region@@I@Z 000000018000da98     p5engine.obj
 0002:00000a98       $unwind$?PushSize_@@YAPEAXPEAUmemory_arena@@_K@Z 000000018000da98     p5engine.obj
 0002:00000a98       $unwind$_RTC_Initialize    000000018000da98     MSVCRTD:initsect.obj
 0002:00000a98       $unwind$_RTC_Terminate     000000018000da98     MSVCRTD:initsect.obj
 0002:00000aa4       $unwind$??X@YAAEATv3@@AEAT0@M@Z 000000018000daa4     p5engine.obj
 0002:00000ab0       $unwind$?GetStairGround@@YAMPEAUsim_entity@@Tv3@@@Z 000000018000dab0     p5engine.obj
 0002:00000abc       $unwind$?AddCollisionRule@@YAXPEAUgame_state@@IIH@Z 000000018000dabc     p5engine.obj
 0002:00000abc       $unwind$?GetWorldChunk@@YAPEAUworld_chunk@@PEAUworld@@HHHPEAUmemory_arena@@@Z 000000018000dabc     p5engine.obj
 0002:00000ad0       $unwind$?DrawRectangle@@YAXPEAUloaded_bitmap@@Tv2@@1Tv4@@@Z 000000018000dad0     p5engine.obj
 0002:00000aec       $unwind$?SRGBBilinearBlend@@YA?ATv4@@Ubilinear_sample@@MM@Z 000000018000daec     p5engine.obj
 0002:00000b20       $unwind$?DrawRectangleSlowly@@YAXPEAUloaded_bitmap@@Tv2@@11Tv4@@00PEAUenvironment_map@@33M@Z 000000018000db20     p5engine.obj
 0002:00000b58       $chain$1$?DrawRectangleSlowly@@YAXPEAUloaded_bitmap@@Tv2@@11Tv4@@00PEAUenvironment_map@@33M@Z 000000018000db58     p5engine.obj
 0002:00000b70       $chain$2$?DrawRectangleSlowly@@YAXPEAUloaded_bitmap@@Tv2@@11Tv4@@00PEAUenvironment_map@@33M@Z 000000018000db70     p5engine.obj
 0002:00000b80       $unwind$?DrawRectangleQuickly@@YAXPEAUloaded_bitmap@@Tv2@@11Tv4@@0M@Z 000000018000db80     p5engine.obj
 0002:00000bb8       $chain$3$?DrawRectangleQuickly@@YAXPEAUloaded_bitmap@@Tv2@@11Tv4@@0M@Z 000000018000dbb8     p5engine.obj
 0002:00000bd8       $chain$4$?DrawRectangleQuickly@@YAXPEAUloaded_bitmap@@Tv2@@11Tv4@@0M@Z 000000018000dbd8     p5engine.obj
 0002:00000be8       $unwind$?PushRenderElement_@@YAPEAXPEAUrender_group@@IW4render_group_entry_type@@@Z 000000018000dbe8     p5engine.obj
 0002:00000bf8       $unwind$?PushRect@@YAXPEAUrender_group@@Tv3@@Tv2@@Tv4@@@Z 000000018000dbf8     p5engine.obj
 0002:00000c0c       $unwind$?PushRectOutline@@YAXPEAUrender_group@@Tv3@@Tv2@@Tv4@@@Z 000000018000dc0c     p5engine.obj
 0002:00000c28       $unwind$?GetRenderEntityBasisPos@@YA?AUentity_basis_p_result@@PEAUrender_group@@PEAUrender_entity_basis@@Tv2@@@Z 000000018000dc28     p5engine.obj
 0002:00000c44       $unwind$?RenderGroupToOutput@@YAXPEAUrender_group@@PEAUloaded_bitmap@@@Z 000000018000dc44     p5engine.obj
 0002:00000c5c       $chain$2$?RenderGroupToOutput@@YAXPEAUrender_group@@PEAUloaded_bitmap@@@Z 000000018000dc5c     p5engine.obj
 0002:00000c78       $chain$3$?RenderGroupToOutput@@YAXPEAUrender_group@@PEAUloaded_bitmap@@@Z 000000018000dc78     p5engine.obj
 0002:00000c88       $unwind$?AllocateRenderGroup@@YAPEAUrender_group@@PEAUmemory_arena@@III@Z 000000018000dc88     p5engine.obj
 0002:00000c9c       $unwind$?IsCanonical@@YAHMM@Z 000000018000dc9c     p5engine.obj
 0002:00000cac       $unwind$?AreInSameChunk@@YAHPEAUworld@@PEAUworld_position@@1@Z 000000018000dcac     p5engine.obj
 0002:00000cbc       $unwind$?RecanonicalizeCoord@@YAXMPEAHPEAM@Z 000000018000dcbc     p5engine.obj
 0002:00000ccc       $unwind$?ChunkPositionFromTilePosition@@YA?AUworld_position@@PEAUworld@@HHHTv3@@@Z 000000018000dccc     p5engine.obj
 0002:00000cf0       $unwind$?Subtract@@YA?ATv3@@PEAUworld@@PEAUworld_position@@1@Z 000000018000dcf0     p5engine.obj
 0002:00000d08       $unwind$?ChangeEntityLocationRaw@@YAXPEAUmemory_arena@@PEAUworld@@IPEAUworld_position@@2@Z 000000018000dd08     p5engine.obj
 0002:00000d20       $unwind$?ChangeEntityLocation@@YAXPEAUmemory_arena@@PEAUworld@@IPEAUlow_entity@@Uworld_position@@@Z 000000018000dd20     p5engine.obj
 0002:00000d34       $unwind$?AddEntity@@YAPEAUsim_entity@@PEAUgame_state@@PEAUsim_region@@IPEAUlow_entity@@PEATv3@@@Z 000000018000dd34     p5engine.obj
 0002:00000d48       $unwind$?AddEntityRaw@@YAPEAUsim_entity@@PEAUgame_state@@PEAUsim_region@@IPEAUlow_entity@@@Z 000000018000dd48     p5engine.obj
 0002:00000d60       $chain$0$?AddEntityRaw@@YAPEAUsim_entity@@PEAUgame_state@@PEAUsim_region@@IPEAUlow_entity@@@Z 000000018000dd60     p5engine.obj
 0002:00000d74       $chain$1$?AddEntityRaw@@YAPEAUsim_entity@@PEAUgame_state@@PEAUsim_region@@IPEAUlow_entity@@@Z 000000018000dd74     p5engine.obj
 0002:00000d88       $chain$2$?AddEntityRaw@@YAPEAUsim_entity@@PEAUgame_state@@PEAUsim_region@@IPEAUlow_entity@@@Z 000000018000dd88     p5engine.obj
 0002:00000d9c       $chain$3$?AddEntityRaw@@YAPEAUsim_entity@@PEAUgame_state@@PEAUsim_region@@IPEAUlow_entity@@@Z 000000018000dd9c     p5engine.obj
 0002:00000dac       $chain$4$?AddEntityRaw@@YAPEAUsim_entity@@PEAUgame_state@@PEAUsim_region@@IPEAUlow_entity@@@Z 000000018000ddac     p5engine.obj
 0002:00000dbc       $chain$5$?AddEntityRaw@@YAPEAUsim_entity@@PEAUgame_state@@PEAUsim_region@@IPEAUlow_entity@@@Z 000000018000ddbc     p5engine.obj
 0002:00000dcc       $unwind$?EntityOverlapsRectangle@@YAHTv3@@Usim_entity_collision_volume@@Urectangle3@@@Z 000000018000ddcc     p5engine.obj
 0002:00000df4       $unwind$?BeginSim@@YAPEAUsim_region@@PEAUmemory_arena@@PEAUgame_state@@PEAUworld@@Uworld_position@@Urectangle3@@M@Z 000000018000ddf4     p5engine.obj
 0002:00000e20       $chain$3$?BeginSim@@YAPEAUsim_region@@PEAUmemory_arena@@PEAUgame_state@@PEAUworld@@Uworld_position@@Urectangle3@@M@Z 000000018000de20     p5engine.obj
 0002:00000e40       $chain$4$?BeginSim@@YAPEAUsim_region@@PEAUmemory_arena@@PEAUgame_state@@PEAUworld@@Uworld_position@@Urectangle3@@M@Z 000000018000de40     p5engine.obj
 0002:00000e50       $unwind$?EndSim@@YAXPEAUsim_region@@PEAUgame_state@@@Z 000000018000de50     p5engine.obj
 0002:00000e64       $chain$5$?EndSim@@YAXPEAUsim_region@@PEAUgame_state@@@Z 000000018000de64     p5engine.obj
 0002:00000e8c       $chain$6$?EndSim@@YAXPEAUsim_region@@PEAUgame_state@@@Z 000000018000de8c     p5engine.obj
 0002:00000e9c       $unwind$?EntitiesOverlap@@YAHPEAUsim_entity@@0Tv3@@@Z 000000018000de9c     p5engine.obj
 0002:00000ee4       $unwind$?MoveEntity@@YAXPEAUgame_state@@PEAUsim_region@@PEAUsim_entity@@MPEAUmove_spec@@Tv3@@@Z 000000018000dee4     p5engine.obj
 0002:00000f30       $unwind$?DEBUGLoadBMP@@YA?AUloaded_bitmap@@PEAUthread_context@@P6A?AUdebug_read_file_result@@0PEAD@Z1HH@Z 000000018000df30     p5engine.obj
 0002:00000f48       $chain$3$?DEBUGLoadBMP@@YA?AUloaded_bitmap@@PEAUthread_context@@P6A?AUdebug_read_file_result@@0PEAD@Z1HH@Z 000000018000df48     p5engine.obj
 0002:00000f68       $chain$6$?DEBUGLoadBMP@@YA?AUloaded_bitmap@@PEAUthread_context@@P6A?AUdebug_read_file_result@@0PEAD@Z1HH@Z 000000018000df68     p5engine.obj
 0002:00000f84       $chain$7$?DEBUGLoadBMP@@YA?AUloaded_bitmap@@PEAUthread_context@@P6A?AUdebug_read_file_result@@0PEAD@Z1HH@Z 000000018000df84     p5engine.obj
 0002:00000f94       $chain$8$?DEBUGLoadBMP@@YA?AUloaded_bitmap@@PEAUthread_context@@P6A?AUdebug_read_file_result@@0PEAD@Z1HH@Z 000000018000df94     p5engine.obj
 0002:00000fa4       $unwind$?AddLowEntity@@YA?AUadd_low_entity_result@@PEAUgame_state@@W4entity_type@@Uworld_position@@@Z 000000018000dfa4     p5engine.obj
 0002:00000fc0       $unwind$?DrawHitpoints@@YAXPEAUsim_entity@@PEAUrender_group@@@Z 000000018000dfc0     p5engine.obj
 0002:00000fd4       $unwind$?MakeSimpleGroundedCollision@@YAPEAUsim_entity_collision_volume_group@@PEAUgame_state@@MMM@Z 000000018000dfd4     p5engine.obj
 0002:00000fe8       $unwind$?SetTopDownAlign@@YAXPEAUhero_bitmaps@@Tv2@@@Z 000000018000dfe8     p5engine.obj
 0002:00000ff4       $unwind$GameUpdateAndRender 000000018000dff4     p5engine.obj
 0002:00001040       $unwind$GameGetSoundSamples 000000018000e040     p5engine.obj
 0002:00001048       $unwind$__CheckForDebuggerJustMyCode 000000018000e048     MSVCRTD:debugger_jmc.obj
 0002:00001048       $unwind$__report_gsfailure 000000018000e048     MSVCRTD:gs_report.obj
 0002:00001050       $unwind$__GSHandlerCheckCommon 000000018000e050     MSVCRTD:gshandler.obj
 0002:00001058       $unwind$__GSHandlerCheck   000000018000e058     MSVCRTD:gshandler.obj
 0002:00001060       $xdatasym                  000000018000e060     MSVCRTD:amdsecgs.obj
 0002:00001064       $unwind$?dllmain_crt_process_attach@@YAHQEAUHINSTANCE__@@QEAX@Z 000000018000e064     MSVCRTD:dll_dllmain.obj
 0002:00001084       $unwind$?fin$0@?0??dllmain_crt_process_attach@@YAHQEAUHINSTANCE__@@QEAX@Z@4HA 000000018000e084     MSVCRTD:dll_dllmain.obj
 0002:00001084       $unwind$?fin$0@?0??dllmain_crt_process_detach@@YAH_N@Z@4HA 000000018000e084     MSVCRTD:dll_dllmain.obj
 0002:00001084       $unwind$?fin$1@?0??dllmain_crt_process_detach@@YAH_N@Z@4HA 000000018000e084     MSVCRTD:dll_dllmain.obj
 0002:00001084       $unwind$__scrt_is_nonwritable_in_current_image$filt$0 000000018000e084     MSVCRTD:utility.obj
 0002:0000108c       $unwind$?dllmain_crt_process_detach@@YAH_N@Z 000000018000e08c     MSVCRTD:dll_dllmain.obj
 0002:000010bc       $unwind$?dllmain_crt_dispatch@@YAHQEAUHINSTANCE__@@KQEAX@Z 000000018000e0bc     MSVCRTD:dll_dllmain.obj
 0002:000010bc       $unwind$?dllmain_raw@@YAHQEAUHINSTANCE__@@KQEAX@Z 000000018000e0bc     MSVCRTD:dll_dllmain.obj
 0002:000010c4       $unwind$?dllmain_dispatch@@YAHQEAUHINSTANCE__@@KQEAX@Z 000000018000e0c4     MSVCRTD:dll_dllmain.obj
 0002:000010e4       $unwind$?filt$0@?0??dllmain_dispatch@@YAHQEAUHINSTANCE__@@KQEAX@Z@4HA 000000018000e0e4     MSVCRTD:dll_dllmain.obj
 0002:000010ec       $unwind$_DllMainCRTStartup 000000018000e0ec     MSVCRTD:dll_dllmain.obj
 0002:000010ec       $unwind$DllMain            000000018000e0ec     MSVCRTD:dll_dllmain_stub.obj
 0002:000010f4       $unwind$capture_previous_context 000000018000e0f4     MSVCRTD:gs_report.obj
 0002:000010fc       $unwind$__raise_securityfailure 000000018000e0fc     MSVCRTD:gs_report.obj
 0002:000010fc       $unwind$?is_potentially_valid_image_base@@YA_NQEAX@Z 000000018000e0fc     MSVCRTD:utility.obj
 0002:00001104       $unwind$__scrt_initialize_default_local_stdio_options 000000018000e104     MSVCRTD:default_local_stdio_options.obj
 0002:00001104       $unwind$__security_init_cookie 000000018000e104     MSVCRTD:gs_support.obj
 0002:0000110c       $unwind$__get_entropy      000000018000e10c     MSVCRTD:gs_support.obj
 0002:00001114       $unwind$?__scrt_initialize_type_info@@YAXXZ 000000018000e114     MSVCRTD:tncleanup.obj
 0002:00001114       $unwind$?__scrt_uninitialize_type_info@@YAXXZ 000000018000e114     MSVCRTD:tncleanup.obj
 0002:00001114       $unwind$?configure_argv@__scrt_narrow_argv_policy@@SAHXZ 000000018000e114     MSVCRTD:utility.obj
 0002:00001114       $unwind$?initialize_environment@__scrt_narrow_environment_policy@@SAHXZ 000000018000e114     MSVCRTD:utility.obj
 0002:00001114       $unwind$__scrt_dllmain_after_initialize_c 000000018000e114     MSVCRTD:utility.obj
 0002:00001114       $unwind$__scrt_dllmain_before_initialize_c 000000018000e114     MSVCRTD:utility.obj
 0002:00001114       $unwind$__scrt_dllmain_crt_thread_attach 000000018000e114     MSVCRTD:utility.obj
 0002:00001114       $unwind$__scrt_dllmain_crt_thread_detach 000000018000e114     MSVCRTD:utility.obj
 0002:00001114       $unwind$__scrt_dllmain_uninitialize_c 000000018000e114     MSVCRTD:utility.obj
 0002:00001114       $unwind$__scrt_dllmain_uninitialize_critical 000000018000e114     MSVCRTD:utility.obj
 0002:0000111c       $unwind$__scrt_is_nonwritable_in_current_image 000000018000e11c     MSVCRTD:utility.obj
 0002:0000113c       $unwind$__scrt_acquire_startup_lock 000000018000e13c     MSVCRTD:utility.obj
 0002:00001144       $unwind$__scrt_initialize_crt 000000018000e144     MSVCRTD:utility.obj
 0002:00001144       $unwind$__scrt_release_startup_lock 000000018000e144     MSVCRTD:utility.obj
 0002:0000114c       $unwind$__scrt_uninitialize_crt 000000018000e14c     MSVCRTD:utility.obj
 0002:00001154       $unwind$__scrt_initialize_onexit_tables 000000018000e154     MSVCRTD:utility.obj
 0002:00001160       $unwind$__scrt_dllmain_exception_filter 000000018000e160     MSVCRTD:utility.obj
 0002:00001168       $unwind$?find_pe_section@@YAPEAU_IMAGE_SECTION_HEADER@@QEAE_K@Z 000000018000e168     MSVCRTD:utility.obj
 0002:00001170       $unwind$__scrt_fastfail    000000018000e170     MSVCRTD:utility_desktop.obj
 0002:0000117c       $unwind$__isa_available_init 000000018000e17c     MSVCRTD:cpu_disp.obj
 0002:0000118c       $unwind$__scrt_is_ucrt_dll_in_use 000000018000e18c     MSVCRTD:ucrt_detection.obj
 0002:00001198       $xdatasym                  000000018000e198     MSVCRTD:guard_dispatch.obj
 0002:000011a0       $xdatasym                  000000018000e1a0     MSVCRTD:guard_xfg_dispatch.obj
 0002:000011b0       .edata                     000000018000e1b0     P5Engine.exp
 0002:000011d8       rgpv                       000000018000e1d8     P5Engine.exp
 0002:000011e0       rgszName                   000000018000e1e0     P5Engine.exp
 0002:000011e8       rgwOrd                     000000018000e1e8     P5Engine.exp
 0002:000011ec       szName                     000000018000e1ec     P5Engine.exp
 0002:000011f9       $N00001                    000000018000e1f9     P5Engine.exp
 0002:0000120d       $N00002                    000000018000e20d     P5Engine.exp
 0002:000013b2       .idata$6                   000000018000e3b2     vcruntimed:VCRUNTIME140D.dll
 0002:0000147c       .idata$6                   000000018000e47c     ucrtd:ucrtbased.dll
 0002:000015f0       .idata$6                   000000018000e5f0     kernel32:KERNEL32.dll
 0003:00000000       ?RandomNumberTable@@3PAIA  000000018000f000     p5engine.obj
 0003:00004048       ?__proc_attached@@3HA      0000000180013048     MSVCRTD:dll_dllmain.obj
 0003:00004050       GS_ExceptionRecord         0000000180013050     MSVCRTD:gs_report.obj
 0003:000040f0       GS_ContextRecord           00000001800130f0     MSVCRTD:gs_report.obj
 0003:000045f0       ?is_initialized_as_dll@@3_NA 00000001800135f0     MSVCRTD:utility.obj
 0003:000045f1       ?module_local_atexit_table_initialized@@3_NA 00000001800135f1     MSVCRTD:utility.obj
 0003:000045f8       ?module_local_atexit_table@@3U_onexit_table_t@@A 00000001800135f8     MSVCRTD:utility.obj
 0003:00004610       ?module_local_at_quick_exit_table@@3U_onexit_table_t@@A 0000000180013610     MSVCRTD:utility.obj
 0005:00000000       __7D4BEAAE_p5engine_platform@h 0000000180015000     p5engine.obj
 0005:00000001       __741AE07E_corecrt_math@h  0000000180015001     p5engine.obj
 0005:00000002       __20BB4341_malloc@h        0000000180015002     p5engine.obj
 0005:00000003       __7BF3FA8A_p5engine_intrinsics@h 0000000180015003     p5engine.obj
 0005:00000004       __87290AA6_p5engine_math@h 0000000180015004     p5engine.obj
 0005:00000005       __F17FF173_p5engine_entity@h 0000000180015005     p5engine.obj
 0005:00000006       __BD87FD4A_p5engine@h      0000000180015006     p5engine.obj
 0005:00000007       __6F2BF339_p5engine_render_group@cpp 0000000180015007     p5engine.obj
 0005:00000008       __281AC6F8_p5engine_world@cpp 0000000180015008     p5engine.obj
 0005:00000009       __B07C4A52_p5engine_sim_region@cpp 0000000180015009     p5engine.obj
 0005:0000000a       __BDC7FEEB_p5engine_entity@cpp 000000018001500a     p5engine.obj
 0005:0000000b       __B7A387D6_p5engine_random@h 000000018001500b     p5engine.obj
 0005:0000000c       __BAF57382_p5engine@cpp    000000018001500c     p5engine.obj
 0006:00000060       $R000000                   0000000180016060     * linker generated manifest res *
