 P5Engine

 Timestamp is 613d3280 (Sat Sep 11 15:49:36 2021)

 Preferred load address is 0000000180000000

 Start         Length     Name                   Class
 0001:00000000 00010000H .textbss                DATA
 0002:00000000 00013780H .text$mn                CODE
 0002:00013780 00001040H .text$mn$00             CODE
 0002:000147c0 00001141H .text$x                 CODE
 0003:00000000 00000110H .CRT$XCA                DATA
 0003:00000110 00000110H .CRT$XCZ                DATA
 0003:00000220 00000110H .CRT$XIA                DATA
 0003:00000330 00000110H .CRT$XIZ                DATA
 0003:00000440 00000110H .CRT$XPA                DATA
 0003:00000550 00000110H .CRT$XPZ                DATA
 0003:00000660 00000110H .CRT$XTA                DATA
 0003:00000770 00000110H .CRT$XTZ                DATA
 0003:00000880 00003a00H .rdata                  DATA
 0003:00004280 00000110H .rdata$CastGuardVftablesA DATA
 0003:00004390 0000010cH .rdata$CastGuardVftablesC DATA
 0003:0000449c 0000017cH .rdata$zzzdbg           DATA
 0003:00004618 00000110H .rtc$IAA                DATA
 0003:00004728 00000110H .rtc$IMZ                DATA
 0003:00004838 00000110H .rtc$IZZ                DATA
 0003:00004948 00000110H .rtc$TAA                DATA
 0003:00004a58 00000110H .rtc$TMZ                DATA
 0003:00004b68 00000110H .rtc$TZZ                DATA
 0003:00004c78 00001188H .xdata                  DATA
 0003:00005e00 00000187H .edata                  DATA
 0004:00000000 00004e40H .data                   DATA
 0004:00004e40 00000788H .bss                    DATA
 0005:00000000 00002670H .pdata                  DATA
 0006:00000000 00000340H .idata$5                DATA
 0006:00000340 0000003cH .idata$2                DATA
 0006:0000037c 00000014H .idata$3                DATA
 0006:00000390 00000340H .idata$4                DATA
 0006:000006d0 00000656H .idata$6                DATA
 0007:00000000 0000010dH .msvcjmc                DATA
 0008:00000000 00000151H .00cfg                  DATA
 0009:00000000 00000170H .rsrc$01                DATA
 0009:00000170 000001b6H .rsrc$02                DATA

  Address         Publics by Value              Rva+Base               Lib:Object

 0000:00000000       __arm64x_native_entrypoint 0000000000000000     <absolute>
 0000:00000000       __arm64x_redirection_metadata 0000000000000000     <absolute>
 0000:00000000       __guard_fids_table         0000000000000000     <absolute>
 0000:00000000       __guard_iat_table          0000000000000000     <absolute>
 0000:00000000       __guard_check_icall_a64n_fptr 0000000000000000     <absolute>
 0000:00000000       __x64_code_ranges_to_entry_points_count 0000000000000000     <absolute>
 0000:00000000       ___safe_se_handler_table   0000000000000000     <absolute>
 0000:00000000       ___safe_se_handler_count   0000000000000000     <absolute>
 0000:00000000       __guard_iat_count          0000000000000000     <absolute>
 0000:00000000       __guard_longjmp_count      0000000000000000     <absolute>
 0000:00000000       __hybrid_code_map_count    0000000000000000     <absolute>
 0000:00000000       __dynamic_value_reloc_table 0000000000000000     <absolute>
 0000:00000000       __AbsoluteZero             0000000000000000     <absolute>
 0000:00000000       __arm64x_extra_rfe_table_size 0000000000000000     <absolute>
 0000:00000000       __hybrid_auxiliary_iat     0000000000000000     <absolute>
 0000:00000000       __arm64x_redirection_metadata_count 0000000000000000     <absolute>
 0000:00000000       __guard_longjmp_table      0000000000000000     <absolute>
 0000:00000000       __hybrid_auxiliary_iat_copy 0000000000000000     <absolute>
 0000:00000000       __x64_code_ranges_to_entry_points 0000000000000000     <absolute>
 0000:00000000       __guard_eh_cont_count      0000000000000000     <absolute>
 0000:00000000       __enclave_config           0000000000000000     <absolute>
 0000:00000000       __volatile_metadata        0000000000000000     <absolute>
 0000:00000000       __guard_fids_count         0000000000000000     <absolute>
 0000:00000000       __guard_eh_cont_table      0000000000000000     <absolute>
 0000:00000000       __arm64x_extra_rfe_table   0000000000000000     <absolute>
 0000:00000000       __hybrid_code_map          0000000000000000     <absolute>
 0000:00000100       __guard_flags              0000000000000100     <absolute>
 0000:00000000       __ImageBase                0000000180000000     <linker-defined>
 0001:00000000       __enc$textbss$begin        0000000180001000     <linker-defined>
 0001:00010000       __enc$textbss$end          0000000180011000     <linker-defined>
 0002:00000970       ??D@YA?ATv2@@MT0@@Z        0000000180011970 f i p5engine.obj
 0002:00000a60       ??D@YA?ATv3@@MT0@@Z        0000000180011a60 f i p5engine.obj
 0002:00000ba0       ??D@YA?ATv3@@T0@M@Z        0000000180011ba0 f i p5engine.obj
 0002:00000ca0       ??G@YA?ATv2@@T0@0@Z        0000000180011ca0 f i p5engine.obj
 0002:00000d90       ??G@YA?ATv3@@T0@0@Z        0000000180011d90 f i p5engine.obj
 0002:00000ee0       ??H@YA?ATv2@@T0@0@Z        0000000180011ee0 f i p5engine.obj
 0002:00000fd0       ??H@YA?ATv3@@T0@0@Z        0000000180011fd0 f i p5engine.obj
 0002:00001120       ??X@YAAEATv3@@AEAT0@M@Z    0000000180012120 f i p5engine.obj
 0002:000011e0       ??Y@YAAEATv2@@AEAT0@T0@@Z  00000001800121e0 f i p5engine.obj
 0002:00001260       ??Y@YAAEATv3@@AEAT0@T0@@Z  0000000180012260 f i p5engine.obj
 0002:00001340       ??Z@YAAEATv3@@AEAT0@T0@@Z  0000000180012340 f i p5engine.obj
 0002:00001420       ?AbsoluteValue@@YAMM@Z     0000000180012420 f i p5engine.obj
 0002:00001c20       ?AddFlags@@YAXPEAUsim_entity@@I@Z 0000000180012c20 f i p5engine.obj
 0002:000023e0       ?AddRadiusTo@@YA?AUrectangle3@@U1@Tv3@@@Z 00000001800133e0 f i p5engine.obj
 0002:00002b70       ?AreInSameChunk@@YAHPEAUworld@@PEAUworld_position@@1@Z 0000000180013b70 f i p5engine.obj
 0002:00003900       ?ChangeEntityLocationRaw@@YAXPEAUmemory_arena@@PEAUworld@@IPEAUworld_position@@2@Z 0000000180014900 f i p5engine.obj
 0002:00003e00       ?ChunkPositionFromTilePosition@@YA?AUworld_position@@PEAUworld@@HHHTv3@@@Z 0000000180014e00 f i p5engine.obj
 0002:00004160       ?Clamp01@@YA?ATv2@@T1@@Z   0000000180015160 f i p5engine.obj
 0002:00004240       ?Clamp01@@YAMM@Z           0000000180015240 f i p5engine.obj
 0002:000042a0       ?Clamp@@YAMMMM@Z           00000001800152a0 f i p5engine.obj
 0002:00004470       ?ClearFlags@@YAXPEAUsim_entity@@I@Z 0000000180015470 f i p5engine.obj
 0002:00004960       ?DefaultMoveSpec@@YA?AUmove_spec@@XZ 0000000180015960 f i p5engine.obj
 0002:00005960       ?EntityOverlapsRectangle@@YAHTv3@@Usim_entity_collision_volume@@Urectangle3@@@Z 0000000180016960 f i p5engine.obj
 0002:00005b90       ?FindLeastSignificantSetBit@@YA?AUbit_scan_result@@I@Z 0000000180016b90 f i p5engine.obj
 0002:00005d50       ?GetBarycentric@@YA?ATv2@@Urectangle2@@T1@@Z 0000000180016d50 f i p5engine.obj
 0002:00005e90       ?GetEntityGroundPoint@@YA?ATv3@@PEAUsim_entity@@@Z 0000000180016e90 f i p5engine.obj
 0002:00006060       ?GetLowEntity@@YAPEAUlow_entity@@PEAUgame_state@@I@Z 0000000180017060 f i p5engine.obj
 0002:00006100       ?GetMaxCorner@@YA?ATv3@@Urectangle3@@@Z 0000000180017100 f i p5engine.obj
 0002:000061c0       ?GetMinCorner@@YA?ATv3@@Urectangle3@@@Z 00000001800171c0 f i p5engine.obj
 0002:00006280       ?GetSimSpacePos@@YA?ATv3@@PEAUsim_region@@PEAUlow_entity@@@Z 0000000180017280 f i p5engine.obj
 0002:00006400       ?GetStairGround@@YAMPEAUsim_entity@@Tv3@@@Z 0000000180017400 f i p5engine.obj
 0002:00006570       ?GetWorldChunk@@YAPEAUworld_chunk@@PEAUworld@@HHHPEAUmemory_arena@@@Z 0000000180017570 f i p5engine.obj
 0002:000067f0       ?Hadamard@@YA?ATv3@@T1@0@Z 00000001800177f0 f i p5engine.obj
 0002:00006b40       ?HasFlag@@YAHPEAUsim_entity@@I@Z 0000000180017b40 f i p5engine.obj
 0002:00006c60       ?InitializeArena@@YAXPEAUmemory_arena@@_KPEAX@Z 0000000180017c60 f i p5engine.obj
 0002:00006e50       ?Inner@@YAMTv3@@0@Z        0000000180017e50 f i p5engine.obj
 0002:00006f00       ?IsCanonical@@YAHMM@Z      0000000180017f00 f i p5engine.obj
 0002:00006fd0       ?IsCanonical@@YAHPEAUworld@@Tv3@@@Z 0000000180017fd0 f i p5engine.obj
 0002:000070b0       ?IsInRectangle@@YAHUrectangle3@@Tv3@@@Z 00000001800180b0 f i p5engine.obj
 0002:000071d0       ?IsValid@@YAHUworld_position@@@Z 00000001800181d0 f i p5engine.obj
 0002:00007240       ?Length@@YAMTv3@@@Z        0000000180018240 f i p5engine.obj
 0002:000072c0       ?LengthSq@@YAMTv3@@@Z      00000001800182c0 f i p5engine.obj
 0002:00007360       ?LoadEntityReference@@YAXPEAUgame_state@@PEAUsim_region@@PEATentity_reference@@@Z 0000000180018360 f i p5engine.obj
 0002:00007500       ?MakeEntityNonSpatial@@YAXPEAUsim_entity@@@Z 0000000180018500 f i p5engine.obj
 0002:000075c0       ?MakeEntitySpatial@@YAXPEAUsim_entity@@Tv3@@1@Z 00000001800185c0 f i p5engine.obj
 0002:00007920       ?MapIntoChunkSpace@@YA?AUworld_position@@PEAUworld@@U1@Tv3@@@Z 0000000180018920 f i p5engine.obj
 0002:00009650       ?NullPosition@@YA?AUworld_position@@XZ 000000018001a650 f i p5engine.obj
 0002:00009730       ?PushBitmap@@YAXPEAUentity_visible_piece_group@@PEAUloaded_bitmap@@Tv2@@M2MM@Z 000000018001a730 f i p5engine.obj
 0002:000098d0       ?PushPiece@@YAXPEAUentity_visible_piece_group@@PEAUloaded_bitmap@@Tv2@@2M2Tv4@@M@Z 000000018001a8d0 f i p5engine.obj
 0002:00009ad0       ?PushRect@@YAXPEAUentity_visible_piece_group@@Tv2@@M1Tv4@@M@Z 000000018001aad0 f i p5engine.obj
 0002:00009bc0       ?PushSize_@@YAPEAXPEAUmemory_arena@@_K@Z 000000018001abc0 f i p5engine.obj
 0002:00009c80       ?RecanonicalizeCoord@@YAXMPEAHPEAM@Z 000000018001ac80 f i p5engine.obj
 0002:00009d70       ?RectCenterDim@@YA?AUrectangle2@@Tv2@@0@Z 000000018001ad70 f i p5engine.obj
 0002:00009e70       ?RectCenterDim@@YA?AUrectangle3@@Tv3@@0@Z 000000018001ae70 f i p5engine.obj
 0002:00009fe0       ?RectCenterHalfDim@@YA?AUrectangle2@@Tv2@@0@Z 000000018001afe0 f i p5engine.obj
 0002:0000a120       ?RectCenterHalfDim@@YA?AUrectangle3@@Tv3@@0@Z 000000018001b120 f i p5engine.obj
 0002:0000a330       ?RectanglesIntersect@@YAHUrectangle3@@0@Z 000000018001b330 f i p5engine.obj
 0002:0000a460       ?RotateLeft@@YAIIH@Z       000000018001b460 f i p5engine.obj
 0002:0000a4c0       ?RoundReal32ToInt32@@YAHM@Z 000000018001b4c0 f i p5engine.obj
 0002:0000a520       ?RoundReal32ToUInt32@@YAIM@Z 000000018001b520 f i p5engine.obj
 0002:0000a580       ?Sin@@YAMM@Z               000000018001b580 f i p5engine.obj
 0002:0000a730       ?Square@@YAMM@Z            000000018001b730 f i p5engine.obj
 0002:0000a790       ?SquareRoot@@YAMM@Z        000000018001b790 f i p5engine.obj
 0002:0000a7f0       ?StoreEntityReference@@YAXPEATentity_reference@@@Z 000000018001b7f0 f i p5engine.obj
 0002:0000ad00       ?V2@@YA?ATv2@@MM@Z         000000018001bd00 f i p5engine.obj
 0002:0000add0       ?V3@@YA?ATv3@@MMM@Z        000000018001bdd0 f i p5engine.obj
 0002:0000aef0       ?V4@@YA?ATv4@@MMMM@Z       000000018001bef0 f i p5engine.obj
 0002:0000b020       ?ZeroSize@@YAX_KPEAX@Z     000000018001c020 f i p5engine.obj
 0002:0000b0c0       GameGetSoundSamples        000000018001c0c0 f   p5engine.obj
 0002:0000b130       GameUpdateAndRender        000000018001c130 f   p5engine.obj
 0002:0000e150       GetController              000000018001f150 f i p5engine.obj
 0002:0000e1d0       __JustMyCode_Default       000000018001f1d0 f i p5engine.obj
 0002:0000e1e0       _RTC_AllocaHelper          000000018001f1e0 f   MSVCRTD:stack.obj
 0002:0000e230       _RTC_CheckStackVars        000000018001f230 f   MSVCRTD:stack.obj
 0002:0000e2e0       _RTC_CheckStackVars2       000000018001f2e0 f   MSVCRTD:stack.obj
 0002:0000e430       _CRT_RTC_INIT              000000018001f430 f   MSVCRTD:init.obj
 0002:0000e440       _CRT_RTC_INITW             000000018001f440 f   MSVCRTD:init.obj
 0002:0000e450       _RTC_InitBase              000000018001f450 f   MSVCRTD:init.obj
 0002:0000e4a0       _RTC_Shutdown              000000018001f4a0 f   MSVCRTD:init.obj
 0002:0000e4d0       __CheckForDebuggerJustMyCode 000000018001f4d0 f   MSVCRTD:debugger_jmc.obj
 0002:0000e520       __GSHandlerCheck           000000018001f520 f   MSVCRTD:gshandler.obj
 0002:0000e570       __GSHandlerCheckCommon     000000018001f570 f   MSVCRTD:gshandler.obj
 0002:0000e6c0       __chkstk                   000000018001f6c0 f   MSVCRTD:chkstk.obj
 0002:0000e6c0       _alloca_probe              000000018001f6c0 f   MSVCRTD:chkstk.obj
 0002:0000e740       __security_check_cookie    000000018001f740 f   MSVCRTD:amdsecgs.obj
 0002:0000ec70       _CRT_INIT                  000000018001fc70 f   MSVCRTD:dll_dllmain.obj
 0002:0000ecb0       _DllMainCRTStartup         000000018001fcb0 f   MSVCRTD:dll_dllmain.obj
 0002:0000edb0       ?_RTC_AllocaFailure@@YAXPEAXPEAU_RTC_ALLOCA_NODE@@H@Z 000000018001fdb0 f   MSVCRTD:error.obj
 0002:0000ef60       ?_RTC_Failure@@YAXPEAXH@Z  000000018001ff60 f   MSVCRTD:error.obj
 0002:0000efd0       ?_RTC_StackFailure@@YAXPEAXPEBD@Z 000000018001ffd0 f   MSVCRTD:error.obj
 0002:0000f510       _RTC_UninitUse             0000000180020510 f   MSVCRTD:error.obj
 0002:0000f610       __local_stdio_printf_options 0000000180020610 f i MSVCRTD:error.obj
 0002:0000f620       _vsprintf_s_l              0000000180020620 f i MSVCRTD:error.obj
 0002:0000f6a0       sprintf_s                  00000001800206a0 f i MSVCRTD:error.obj
 0002:0000f6d0       ?_RTC_GetErrorFunc@@YAP6AHHPEBDH00ZZPEBX@Z 00000001800206d0 f   MSVCRTD:userapi.obj
 0002:0000f6e0       ?_RTC_GetErrorFuncW@@YAP6AHHPEB_WH00ZZPEBX@Z 00000001800206e0 f   MSVCRTD:userapi.obj
 0002:0000f6f0       _RTC_GetErrDesc            00000001800206f0 f   MSVCRTD:userapi.obj
 0002:0000f710       _RTC_NumErrors             0000000180020710 f   MSVCRTD:userapi.obj
 0002:0000f720       _RTC_SetErrorFunc          0000000180020720 f   MSVCRTD:userapi.obj
 0002:0000f740       _RTC_SetErrorFuncW         0000000180020740 f   MSVCRTD:userapi.obj
 0002:0000f760       _RTC_SetErrorType          0000000180020760 f   MSVCRTD:userapi.obj
 0002:0000f790       __raise_securityfailure    0000000180020790 f   MSVCRTD:gs_report.obj
 0002:0000f7e0       __report_gsfailure         00000001800207e0 f   MSVCRTD:gs_report.obj
 0002:0000f8f0       __report_rangecheckfailure 00000001800208f0 f   MSVCRTD:gs_report.obj
 0002:0000f910       __report_securityfailure   0000000180020910 f   MSVCRTD:gs_report.obj
 0002:0000f9e0       __report_securityfailureEx 00000001800209e0 f   MSVCRTD:gs_report.obj
 0002:0000fdd0       __security_init_cookie     0000000180020dd0 f   MSVCRTD:gs_support.obj
 0002:0000fe70       DllMain                    0000000180020e70 f   MSVCRTD:dll_dllmain_stub.obj
 0002:0000fec0       ?__scrt_initialize_type_info@@YAXXZ 0000000180020ec0 f   MSVCRTD:tncleanup.obj
 0002:0000fee0       ?__scrt_uninitialize_type_info@@YAXXZ 0000000180020ee0 f   MSVCRTD:tncleanup.obj
 0002:0000ff00       __local_stdio_scanf_options 0000000180020f00 f i MSVCRTD:default_local_stdio_options.obj
 0002:0000ff10       __scrt_initialize_default_local_stdio_options 0000000180020f10 f   MSVCRTD:default_local_stdio_options.obj
 0002:0000ff70       ?configure_argv@__scrt_narrow_argv_policy@@SAHXZ 0000000180020f70 f i MSVCRTD:utility.obj
 0002:00010090       ?initialize_environment@__scrt_narrow_environment_policy@@SAHXZ 0000000180021090 f i MSVCRTD:utility.obj
 0002:00010160       NtCurrentTeb               0000000180021160 f i MSVCRTD:utility.obj
 0002:00010170       __scrt_acquire_startup_lock 0000000180021170 f   MSVCRTD:utility.obj
 0002:000101f0       __scrt_dllmain_after_initialize_c 00000001800211f0 f   MSVCRTD:utility.obj
 0002:00010230       __scrt_dllmain_before_initialize_c 0000000180021230 f   MSVCRTD:utility.obj
 0002:00010260       __scrt_dllmain_crt_thread_attach 0000000180021260 f   MSVCRTD:utility.obj
 0002:000102a0       __scrt_dllmain_crt_thread_detach 00000001800212a0 f   MSVCRTD:utility.obj
 0002:000102c0       __scrt_dllmain_exception_filter 00000001800212c0 f   MSVCRTD:utility.obj
 0002:00010340       __scrt_dllmain_uninitialize_c 0000000180021340 f   MSVCRTD:utility.obj
 0002:00010380       __scrt_dllmain_uninitialize_critical 0000000180021380 f   MSVCRTD:utility.obj
 0002:000103a0       __scrt_initialize_crt      00000001800213a0 f   MSVCRTD:utility.obj
 0002:00010400       __scrt_initialize_onexit_tables 0000000180021400 f   MSVCRTD:utility.obj
 0002:00010550       __scrt_is_nonwritable_in_current_image 0000000180021550 f   MSVCRTD:utility.obj
 0002:00010600       __scrt_release_startup_lock 0000000180021600 f   MSVCRTD:utility.obj
 0002:00010640       __scrt_uninitialize_crt    0000000180021640 f   MSVCRTD:utility.obj
 0002:00010690       _onexit                    0000000180021690 f   MSVCRTD:utility.obj
 0002:00010730       at_quick_exit              0000000180021730 f   MSVCRTD:utility.obj
 0002:00010790       atexit                     0000000180021790 f   MSVCRTD:utility.obj
 0002:000107d0       __scrt_get_dyn_tls_init_callback 00000001800217d0 f   MSVCRTD:dyn_tls_init.obj
 0002:000107e0       __crt_debugger_hook        00000001800217e0 f   MSVCRTD:utility_desktop.obj
 0002:00010800       __scrt_fastfail            0000000180021800 f   MSVCRTD:utility_desktop.obj
 0002:00010a00       __scrt_get_show_window_mode 0000000180021a00 f   MSVCRTD:utility_desktop.obj
 0002:00010a70       __scrt_initialize_mta      0000000180021a70 f   MSVCRTD:utility_desktop.obj
 0002:00010a90       __scrt_initialize_winrt    0000000180021a90 f   MSVCRTD:utility_desktop.obj
 0002:00010aa0       __scrt_is_managed_app      0000000180021aa0 f   MSVCRTD:utility_desktop.obj
 0002:00010b70       __scrt_set_unhandled_exception_filter 0000000180021b70 f   MSVCRTD:utility_desktop.obj
 0002:00010b90       __scrt_stub_for_initialize_mta 0000000180021b90 f   MSVCRTD:utility_desktop.obj
 0002:00010b90       __scrt_exe_initialize_mta  0000000180021b90 f   MSVCRTD:utility_desktop.obj
 0002:00010ba0       __scrt_unhandled_exception_filter 0000000180021ba0 f   MSVCRTD:utility_desktop.obj
 0002:00010c60       _RTC_Initialize            0000000180021c60 f   MSVCRTD:initsect.obj
 0002:00010cc0       _RTC_Terminate             0000000180021cc0 f   MSVCRTD:initsect.obj
 0002:00010d20       _guard_check_icall_nop     0000000180021d20 f i MSVCRTD:guard_support.obj
 0002:00010d30       ReadNoFence64              0000000180021d30 f i MSVCRTD:guard_support.obj
 0002:00010d60       ReadPointerNoFence         0000000180021d60 f i MSVCRTD:guard_support.obj
 0002:00010d80       __castguard_check_failure_debugbreak 0000000180021d80 f i MSVCRTD:guard_support.obj
 0002:00010db0       __castguard_check_failure_fastfail 0000000180021db0 f i MSVCRTD:guard_support.obj
 0002:00010de0       __castguard_check_failure_nop 0000000180021de0 f i MSVCRTD:guard_support.obj
 0002:00010df0       __castguard_check_failure_os_handled 0000000180021df0 f i MSVCRTD:guard_support.obj
 0002:00010ee0       __castguard_slow_path_check_debugbreak 0000000180021ee0 f i MSVCRTD:guard_support.obj
 0002:00010f30       __castguard_slow_path_check_fastfail 0000000180021f30 f i MSVCRTD:guard_support.obj
 0002:00010f90       __castguard_slow_path_check_nop 0000000180021f90 f i MSVCRTD:guard_support.obj
 0002:00010fb0       __castguard_slow_path_check_os_handled 0000000180021fb0 f i MSVCRTD:guard_support.obj
 0002:000110c0       _guard_icall_checks_enforced 00000001800220c0 f i MSVCRTD:guard_support.obj
 0002:00011110       _guard_rf_checks_enforced  0000000180022110 f i MSVCRTD:guard_support.obj
 0002:00011770       ?_RTC_GetSrcLine@@YAHPEAEPEA_WKPEAH1K@Z 0000000180022770 f   MSVCRTD:pdblkup.obj
 0002:00011c30       __isa_available_init       0000000180022c30 f   MSVCRTD:cpu_disp.obj
 0002:000120b0       _get_startup_argv_mode     00000001800230b0 f   MSVCRTD:argv_mode.obj
 0002:000120c0       __scrt_is_ucrt_dll_in_use  00000001800230c0 f   MSVCRTD:ucrt_detection.obj
 0002:000120f0       __C_specific_handler       00000001800230f0 f   vcruntimed:VCRUNTIME140D.dll
 0002:000120f6       __C_specific_handler_noexcept 00000001800230f6 f   vcruntimed:VCRUNTIME140D.dll
 0002:000120fc       __std_type_info_destroy_list 00000001800230fc f   vcruntimed:VCRUNTIME140D.dll
 0002:00012102       __current_exception        0000000180023102 f   vcruntimed:VCRUNTIME140D.dll
 0002:00012108       __current_exception_context 0000000180023108 f   vcruntimed:VCRUNTIME140D.dll
 0002:0001210e       __vcrt_GetModuleFileNameW  000000018002310e f   vcruntimed:VCRUNTIME140D.dll
 0002:00012114       __vcrt_GetModuleHandleW    0000000180023114 f   vcruntimed:VCRUNTIME140D.dll
 0002:0001211a       __vcrt_LoadLibraryExW      000000018002311a f   vcruntimed:VCRUNTIME140D.dll
 0002:00012120       fabs                       0000000180023120 f   ucrtd:ucrtbased.dll
 0002:00012126       roundf                     0000000180023126 f   ucrtd:ucrtbased.dll
 0002:0001212c       sinf                       000000018002312c f   ucrtd:ucrtbased.dll
 0002:00012132       sqrtf                      0000000180023132 f   ucrtd:ucrtbased.dll
 0002:00012138       _rotl                      0000000180023138 f   ucrtd:ucrtbased.dll
 0002:0001213e       _CrtDbgReport              000000018002313e f   ucrtd:ucrtbased.dll
 0002:00012144       _CrtDbgReportW             0000000180023144 f   ucrtd:ucrtbased.dll
 0002:0001214a       _initterm                  000000018002314a f   ucrtd:ucrtbased.dll
 0002:00012150       _initterm_e                0000000180023150 f   ucrtd:ucrtbased.dll
 0002:00012156       strcpy_s                   0000000180023156 f   ucrtd:ucrtbased.dll
 0002:0001215c       strcat_s                   000000018002315c f   ucrtd:ucrtbased.dll
 0002:00012162       __stdio_common_vsprintf_s  0000000180023162 f   ucrtd:ucrtbased.dll
 0002:00012168       _seh_filter_dll            0000000180023168 f   ucrtd:ucrtbased.dll
 0002:0001216e       _configure_narrow_argv     000000018002316e f   ucrtd:ucrtbased.dll
 0002:00012174       _initialize_narrow_environment 0000000180023174 f   ucrtd:ucrtbased.dll
 0002:0001217a       _initialize_onexit_table   000000018002317a f   ucrtd:ucrtbased.dll
 0002:00012180       _register_onexit_function  0000000180023180 f   ucrtd:ucrtbased.dll
 0002:00012186       _execute_onexit_table      0000000180023186 f   ucrtd:ucrtbased.dll
 0002:0001218c       _crt_atexit                000000018002318c f   ucrtd:ucrtbased.dll
 0002:00012192       _crt_at_quick_exit         0000000180023192 f   ucrtd:ucrtbased.dll
 0002:00012198       _cexit                     0000000180023198 f   ucrtd:ucrtbased.dll
 0002:0001219e       terminate                  000000018002319e f   ucrtd:ucrtbased.dll
 0002:000121a4       _wmakepath_s               00000001800231a4 f   ucrtd:ucrtbased.dll
 0002:000121aa       _wsplitpath_s              00000001800231aa f   ucrtd:ucrtbased.dll
 0002:000121b0       wcscpy_s                   00000001800231b0 f   ucrtd:ucrtbased.dll
 0002:000121b6       GetCurrentThreadId         00000001800231b6 f   kernel32:KERNEL32.dll
 0002:000121bc       IsDebuggerPresent          00000001800231bc f   kernel32:KERNEL32.dll
 0002:000121c2       RaiseException             00000001800231c2 f   kernel32:KERNEL32.dll
 0002:000121c8       MultiByteToWideChar        00000001800231c8 f   kernel32:KERNEL32.dll
 0002:000121ce       WideCharToMultiByte        00000001800231ce f   kernel32:KERNEL32.dll
 0002:000121d4       RtlCaptureContext          00000001800231d4 f   kernel32:KERNEL32.dll
 0002:000121da       RtlLookupFunctionEntry     00000001800231da f   kernel32:KERNEL32.dll
 0002:000121e0       RtlVirtualUnwind           00000001800231e0 f   kernel32:KERNEL32.dll
 0002:000121e6       UnhandledExceptionFilter   00000001800231e6 f   kernel32:KERNEL32.dll
 0002:000121ec       SetUnhandledExceptionFilter 00000001800231ec f   kernel32:KERNEL32.dll
 0002:000121f2       GetCurrentProcess          00000001800231f2 f   kernel32:KERNEL32.dll
 0002:000121f8       TerminateProcess           00000001800231f8 f   kernel32:KERNEL32.dll
 0002:000121fe       IsProcessorFeaturePresent  00000001800231fe f   kernel32:KERNEL32.dll
 0002:00012204       QueryPerformanceCounter    0000000180023204 f   kernel32:KERNEL32.dll
 0002:0001220a       GetCurrentProcessId        000000018002320a f   kernel32:KERNEL32.dll
 0002:00012210       GetSystemTimeAsFileTime    0000000180023210 f   kernel32:KERNEL32.dll
 0002:00012216       DisableThreadLibraryCalls  0000000180023216 f   kernel32:KERNEL32.dll
 0002:0001221c       InitializeSListHead        000000018002321c f   kernel32:KERNEL32.dll
 0002:00012222       GetStartupInfoW            0000000180023222 f   kernel32:KERNEL32.dll
 0002:00012228       GetModuleHandleW           0000000180023228 f   kernel32:KERNEL32.dll
 0002:0001222e       GetLastError               000000018002322e f   kernel32:KERNEL32.dll
 0002:00012234       HeapAlloc                  0000000180023234 f   kernel32:KERNEL32.dll
 0002:0001223a       HeapFree                   000000018002323a f   kernel32:KERNEL32.dll
 0002:00012240       GetProcessHeap             0000000180023240 f   kernel32:KERNEL32.dll
 0002:00012246       VirtualQuery               0000000180023246 f   kernel32:KERNEL32.dll
 0002:0001224c       FreeLibrary                000000018002324c f   kernel32:KERNEL32.dll
 0002:00012252       GetProcAddress             0000000180023252 f   kernel32:KERNEL32.dll
 0002:00012260       __scrt_stub_for_acrt_initialize 0000000180023260 f   MSVCRTD:ucrt_stubs.obj
 0002:00012260       __vcrt_initialize          0000000180023260 f   MSVCRTD:ucrt_stubs.obj
 0002:00012260       __acrt_initialize          0000000180023260 f   MSVCRTD:ucrt_stubs.obj
 0002:00012270       __scrt_stub_for_acrt_thread_attach 0000000180023270 f   MSVCRTD:ucrt_stubs.obj
 0002:00012270       __acrt_thread_attach       0000000180023270 f   MSVCRTD:ucrt_stubs.obj
 0002:00012270       __vcrt_thread_attach       0000000180023270 f   MSVCRTD:ucrt_stubs.obj
 0002:00012280       __vcrt_thread_detach       0000000180023280 f   MSVCRTD:ucrt_stubs.obj
 0002:00012280       __scrt_stub_for_acrt_thread_detach 0000000180023280 f   MSVCRTD:ucrt_stubs.obj
 0002:00012280       __acrt_thread_detach       0000000180023280 f   MSVCRTD:ucrt_stubs.obj
 0002:00012290       __vcrt_uninitialize        0000000180023290 f   MSVCRTD:ucrt_stubs.obj
 0002:00012290       __scrt_stub_for_acrt_uninitialize 0000000180023290 f   MSVCRTD:ucrt_stubs.obj
 0002:00012290       __acrt_uninitialize        0000000180023290 f   MSVCRTD:ucrt_stubs.obj
 0002:000122a0       __acrt_uninitialize_critical 00000001800232a0 f   MSVCRTD:ucrt_stubs.obj
 0002:000122a0       __scrt_stub_for_acrt_uninitialize_critical 00000001800232a0 f   MSVCRTD:ucrt_stubs.obj
 0002:000122a0       __vcrt_uninitialize_critical 00000001800232a0 f   MSVCRTD:ucrt_stubs.obj
 0002:000122b0       __scrt_stub_for_is_c_termination_complete 00000001800232b0 f   MSVCRTD:ucrt_stubs.obj
 0002:000122b0       _is_c_termination_complete 00000001800232b0 f   MSVCRTD:ucrt_stubs.obj
 0002:00013790       _guard_dispatch_icall_nop  0000000180024790 f   MSVCRTD:guard_dispatch.obj
 0002:000137b0       _guard_xfg_dispatch_icall_nop 00000001800247b0 f   MSVCRTD:guard_xfg_dispatch.obj
 0003:00000000       __xc_a                     0000000180027000     MSVCRTD:initializers.obj
 0003:00000110       __xc_z                     0000000180027110     MSVCRTD:initializers.obj
 0003:00000220       __xi_a                     0000000180027220     MSVCRTD:initializers.obj
 0003:00000330       __xi_z                     0000000180027330     MSVCRTD:initializers.obj
 0003:00000440       __xp_a                     0000000180027440     MSVCRTD:initializers.obj
 0003:00000550       __xp_z                     0000000180027550     MSVCRTD:initializers.obj
 0003:00000660       __xt_a                     0000000180027660     MSVCRTD:initializers.obj
 0003:00000770       __xt_z                     0000000180027770     MSVCRTD:initializers.obj
 0003:00003170       ??_C@_0BA@NMEIMCEK@InvalidCodePath@ 000000018002a170     p5engine.obj
 0003:00003188       ??_C@_0BF@HOIOEMCL@P5Engine?1data?1bg?4bmp@ 000000018002a188     p5engine.obj
 0003:000031a8       ??_C@_0BJ@EPENJOEL@P5Engine?1data?1shadow?4bmp@ 000000018002a1a8     p5engine.obj
 0003:000031c8       ??_C@_0BJ@HEECFFOE@P5Engine?1data?1stairs?4bmp@ 000000018002a1c8     p5engine.obj
 0003:000031e8       ??_C@_0BH@DDOBAHNL@P5Engine?1data?1tree?4bmp@ 000000018002a1e8     p5engine.obj
 0003:00003208       ??_C@_0BI@EPGPCLAL@P5Engine?1data?1enemy?4bmp@ 000000018002a208     p5engine.obj
 0003:00003228       ??_C@_0BG@IEBKPHGI@P5Engine?1data?1orb?4bmp@ 000000018002a228     p5engine.obj
 0003:00003248       ??_C@_0BP@CIDLMIJA@P5Engine?1data?1char?9right?90?4bmp@ 000000018002a248     p5engine.obj
 0003:00003270       ??_C@_0BO@PEBAPFLC@P5Engine?1data?1char?9back?90?4bmp@ 000000018002a270     p5engine.obj
 0003:00003298       ??_C@_0BO@EAIBBIAG@P5Engine?1data?1char?9left?90?4bmp@ 000000018002a298     p5engine.obj
 0003:000032c0       ??_C@_0BP@MKDPGEOC@P5Engine?1data?1char?9front?90?4bmp@ 000000018002a2c0     p5engine.obj
 0003:000032e8       ??_C@_0BO@KNNOBFKI@P5Engine?1data?1sword?9right?4bmp@ 000000018002a2e8     p5engine.obj
 0003:00003310       ??_C@_0BN@LDDHILOB@P5Engine?1data?1sword?9back?4bmp@ 000000018002a310     p5engine.obj
 0003:00003338       ??_C@_0BN@FPAHMBGA@P5Engine?1data?1sword?9left?4bmp@ 000000018002a338     p5engine.obj
 0003:00003360       ??_C@_0BO@BNDLMGBJ@P5Engine?1data?1sword?9front?4bmp@ 000000018002a360     p5engine.obj
 0003:00003384       __real@00000000            000000018002a384     p5engine.obj
 0003:00003388       __real@3a83126f            000000018002a388     p5engine.obj
 0003:0000338c       __real@3c23d70a            000000018002a38c     p5engine.obj
 0003:00003390       __real@3dcccccd            000000018002a390     p5engine.obj
 0003:00003394       __real@3e4ccccd            000000018002a394     p5engine.obj
 0003:00003398       __real@3e800000            000000018002a398     p5engine.obj
 0003:0000339c       __real@3f000000            000000018002a39c     p5engine.obj
 0003:000033a0       __real@3f800000            000000018002a3a0     p5engine.obj
 0003:000033a4       __real@3f8ccccd            000000018002a3a4     p5engine.obj
 0003:000033a8       __real@3f99999a            000000018002a3a8     p5engine.obj
 0003:000033ac       __real@3fb33333            000000018002a3ac     p5engine.obj
 0003:000033b0       __real@3fc00000            000000018002a3b0     p5engine.obj
 0003:000033b4       __real@40000000            000000018002a3b4     p5engine.obj
 0003:000033b8       __real@400ccccd            000000018002a3b8     p5engine.obj
 0003:000033bc       __real@40400000            000000018002a3bc     p5engine.obj
 0003:000033c0       __real@40a00000            000000018002a3c0     p5engine.obj
 0003:000033c4       __real@40c00000            000000018002a3c4     p5engine.obj
 0003:000033c8       __real@40c90fdb            000000018002a3c8     p5engine.obj
 0003:000033cc       __real@41200000            000000018002a3cc     p5engine.obj
 0003:000033d0       __real@41800000            000000018002a3d0     p5engine.obj
 0003:000033d4       __real@41880000            000000018002a3d4     p5engine.obj
 0003:000033d8       __real@41a00000            000000018002a3d8     p5engine.obj
 0003:000033dc       __real@41c00000            000000018002a3dc     p5engine.obj
 0003:000033e0       __real@41f00000            000000018002a3e0     p5engine.obj
 0003:000033e4       __real@42000000            000000018002a3e4     p5engine.obj
 0003:000033e8       __real@42340000            000000018002a3e8     p5engine.obj
 0003:000033ec       __real@42600000            000000018002a3ec     p5engine.obj
 0003:000033f0       __real@42800000            000000018002a3f0     p5engine.obj
 0003:000033f4       __real@42960000            000000018002a3f4     p5engine.obj
 0003:000033f8       __real@437f0000            000000018002a3f8     p5engine.obj
 0003:000033fc       __real@461c4000            000000018002a3fc     p5engine.obj
 0003:00003400       __real@47c35000            000000018002a400     p5engine.obj
 0003:00003404       __real@becccccd            000000018002a404     p5engine.obj
 0003:00003408       __real@bf000000            000000018002a408     p5engine.obj
 0003:0000340c       __real@bf800000            000000018002a40c     p5engine.obj
 0003:00003410       __real@c11ccccd            000000018002a410     p5engine.obj
 0003:00003420       __xmm@80000000800000008000000080000000 000000018002a420     p5engine.obj
 0003:00003438       _pDefaultRawDllMain        000000018002a438     MSVCRTD:dll_dllmain.obj
 0003:00003438       _pRawDllMain               000000018002a438     MSVCRTD:dll_dllmain.obj
 0003:00003530       ??_C@_0NN@JMPELKLB@The?5value?5of?5ESP?5was?5not?5proper@ 000000018002a530     MSVCRTD:error.obj
 0003:00003640       ??_C@_0BBN@ELNNILBE@A?5cast?5to?5a?5smaller?5data?5type?5h@ 000000018002a640     MSVCRTD:error.obj
 0003:00003798       ??_C@_0BN@BPOGFMJL@Stack?5memory?5was?5corrupted?$AN?6@ 000000018002a798     MSVCRTD:error.obj
 0003:000037c0       ??_C@_0DG@DAJCDLPN@A?5local?5variable?5was?5used?5befor@ 000000018002a7c0     MSVCRTD:error.obj
 0003:00003800       ??_C@_0CM@JMIDGKLA@Stack?5memory?5around?5_alloca?5was@ 000000018002a800     MSVCRTD:error.obj
 0003:00003838       ??_C@_0BO@CHIONIOI@Unknown?5Runtime?5Check?5Error?$AN?6@ 000000018002a838     MSVCRTD:error.obj
 0003:00003860       ??_C@_1GM@CNOOJIHC@?$AAR?$AAu?$AAn?$AAt?$AAi?$AAm?$AAe?$AA?5?$AAC?$AAh?$AAe?$AAc?$AAk?$AA?5?$AAE@ 000000018002a860     MSVCRTD:error.obj
 0003:000038f0       ??_C@_1EA@NFKNIFJP@?$AAR?$AAu?$AAn?$AA?9?$AAT?$AAi?$AAm?$AAe?$AA?5?$AAC?$AAh?$AAe?$AAc?$AAk?$AA?5@ 000000018002a8f0     MSVCRTD:error.obj
 0003:00003940       ??_C@_0BB@PFFGGCJP@Unknown?5Filename@ 000000018002a940     MSVCRTD:error.obj
 0003:00003958       ??_C@_0BE@GNBOBNCK@Unknown?5Module?5Name@ 000000018002a958     MSVCRTD:error.obj
 0003:00003970       ??_C@_0CA@IODNCDPG@Run?9Time?5Check?5Failure?5?$CD?$CFd?5?9?5?$CFs@ 000000018002a970     MSVCRTD:error.obj
 0003:00003998       ??_C@_0CG@IAFNJNEE@Stack?5corrupted?5near?5unknown?5va@ 000000018002a998     MSVCRTD:error.obj
 0003:000039c8       ??_C@_05MKKEDADM@?$CF?42X?5@ 000000018002a9c8     MSVCRTD:error.obj
 0003:000039d0       ??_C@_0EJ@LJKNEOLN@Stack?5area?5around?5_alloca?5memor@ 000000018002a9d0     MSVCRTD:error.obj
 0003:00003a28       ??_C@_01EEMJAFIK@?6@       000000018002aa28     MSVCRTD:error.obj
 0003:00003a2c       ??_C@_02LLMPMKNF@?$DO?5@   000000018002aa2c     MSVCRTD:error.obj
 0003:00003a30       ??_C@_08OMAHNMHJ@?6Data?3?5?$DM@ 000000018002aa30     MSVCRTD:error.obj
 0003:00003a40       ??_C@_0CK@DKGBICFE@?6Allocation?5number?5within?5this?5@ 000000018002aa40     MSVCRTD:error.obj
 0003:00003a78       ??_C@_07DFDJCKFN@?6Size?3?5@ 000000018002aa78     MSVCRTD:error.obj
 0003:00003a88       ??_C@_0N@MHFFIMFG@?6Address?3?50x@ 000000018002aa88     MSVCRTD:error.obj
 0003:00003aa0       ??_C@_0EI@CLEPFNGI@Stack?5area?5around?5_alloca?5memor@ 000000018002aaa0     MSVCRTD:error.obj
 0003:00003af8       ??_C@_0BK@ODNDAGKB@?$CFs?$CFs?$CFp?$CFs?$CFzd?$CFs?$CFd?$CFs?$CFs?$CFs?$CFs?$CFs@ 000000018002aaf8     MSVCRTD:error.obj
 0003:00003b18       ??_C@_0DE@OHJBPMBP@A?5variable?5is?5being?5used?5withou@ 000000018002ab18     MSVCRTD:error.obj
 0003:00003b88       ??_C@_0BJ@HEGAHDFO@Stack?5pointer?5corruption@ 000000018002ab88     MSVCRTD:userapi.obj
 0003:00003ba8       ??_C@_0CK@FEGOIOPB@Cast?5to?5smaller?5type?5causing?5lo@ 000000018002aba8     MSVCRTD:userapi.obj
 0003:00003be0       ??_C@_0BI@CIGMDCBH@Stack?5memory?5corruption@ 000000018002abe0     MSVCRTD:userapi.obj
 0003:00003c00       ??_C@_0CK@CNLNOEPB@Local?5variable?5used?5before?5init@ 000000018002ac00     MSVCRTD:userapi.obj
 0003:00003c38       ??_C@_0BP@OGBCLIBO@Stack?5around?5_alloca?5corrupted@ 000000018002ac38     MSVCRTD:userapi.obj
 0003:00003ce0       ??_C@_1EI@MLPKHBGE@?$AAa?$AAp?$AAi?$AA?9?$AAm?$AAs?$AA?9?$AAw?$AAi?$AAn?$AA?9?$AAc?$AAo?$AAr?$AAe@ 000000018002ace0     MSVCRTD:pdblkup.obj
 0003:00003d38       ??_C@_1BK@JHLNAEJL@?$AAa?$AAd?$AAv?$AAa?$AAp?$AAi?$AA3?$AA2?$AA?4?$AAd?$AAl?$AAl@ 000000018002ad38     MSVCRTD:pdblkup.obj
 0003:00003d58       ??_C@_0O@COHOBMLB@RegOpenKeyExW@ 000000018002ad58     MSVCRTD:pdblkup.obj
 0003:00003d68       ??_C@_0BB@GLNAEDBD@RegQueryValueExW@ 000000018002ad68     MSVCRTD:pdblkup.obj
 0003:00003d80       ??_C@_0M@HLOHPNFA@RegCloseKey@ 000000018002ad80     MSVCRTD:pdblkup.obj
 0003:00003d90       ??_C@_1HE@EBEAGLFB@?$AAS?$AAO?$AAF?$AAT?$AAW?$AAA?$AAR?$AAE?$AA?2?$AAW?$AAo?$AAw?$AA6?$AA4?$AA3@ 000000018002ad90     MSVCRTD:pdblkup.obj
 0003:00003e20       ??_C@_1BG@EABPBLLF@?$AAP?$AAr?$AAo?$AAd?$AAu?$AAc?$AAt?$AAD?$AAi?$AAr@ 000000018002ae20     MSVCRTD:pdblkup.obj
 0003:00003e68       ??_C@_1BC@JINFINNJ@?$AAM?$AAS?$AAP?$AAD?$AAB?$AA1?$AA4?$AA0@ 000000018002ae68     MSVCRTD:pdblkup.obj
 0003:00003e80       ??_C@_0BB@KCIACLNC@PDBOpenValidate5@ 000000018002ae80     MSVCRTD:pdblkup.obj
 0003:00003e94       ??_C@_01KDCPPGHE@r@        000000018002ae94     MSVCRTD:pdblkup.obj
 0003:00003ed0       _load_config_used          000000018002aed0     MSVCRTD:loadcfg.obj
 0003:00004280       __CastGuardVftablesStart   000000018002b280     MSVCRTD:guard_support.obj
 0003:00004390       __CastGuardVftablesEnd     000000018002b390     MSVCRTD:guard_support.obj
 0003:00004618       __rtc_iaa                  000000018002b618     MSVCRTD:initsect.obj
 0003:00004838       __rtc_izz                  000000018002b838     MSVCRTD:initsect.obj
 0003:00004948       __rtc_taa                  000000018002b948     MSVCRTD:initsect.obj
 0003:00004b68       __rtc_tzz                  000000018002bb68     MSVCRTD:initsect.obj
 0004:00004cd0       __security_cookie_complement 0000000180031cd0     MSVCRTD:gs_cookie.obj
 0004:00004cd8       __security_cookie          0000000180031cd8     MSVCRTD:gs_cookie.obj
 0004:00004ce4       _fltused                   0000000180031ce4     MSVCRTD:fltused.obj
 0004:00004ce8       ?_RTC_ErrorLevels@@3PAHA   0000000180031ce8     MSVCRTD:error.obj
 0004:00004d00       __scrt_native_dllmain_reason 0000000180031d00     MSVCRTD:utility.obj
 0004:00004d08       __isa_available            0000000180031d08     MSVCRTD:cpu_disp.obj
 0004:00004d0c       __isa_enabled              0000000180031d0c     MSVCRTD:cpu_disp.obj
 0004:00004d10       __memcpy_nt_iters          0000000180031d10     MSVCRTD:cpu_disp.obj
 0004:00004d18       __memset_nt_iters          0000000180031d18     MSVCRTD:cpu_disp.obj
 0004:00004d30       __scrt_ucrt_dll_is_in_use  0000000180031d30     MSVCRTD:ucrt_stubs.obj
 0004:00004e48       ?_OptionsStorage@?1??__local_stdio_printf_options@@9@4_KA 0000000180031e48     MSVCRTD:error.obj
 0004:00005500       ?__type_info_root_node@@3U__type_info_node@@A 0000000180032500     MSVCRTD:tncleanup.obj
 0004:00005518       ?_OptionsStorage@?1??__local_stdio_scanf_options@@9@4_KA 0000000180032518     MSVCRTD:default_local_stdio_options.obj
 0004:00005528       __scrt_current_native_startup_state 0000000180032528     MSVCRTD:utility.obj
 0004:00005530       __scrt_native_startup_lock 0000000180032530     MSVCRTD:utility.obj
 0004:00005580       __scrt_debugger_hook_flag  0000000180032580     MSVCRTD:utility_desktop.obj
 0004:00005588       __castguard_check_failure_os_handled_fptr 0000000180032588     MSVCRTD:guard_support.obj
 0004:000055a4       __favor                    00000001800325a4     MSVCRTD:cpu_disp.obj
 0004:000055a8       __dyn_tls_init_callback    00000001800325a8     <common>
 0004:000055bc       __DebuggerCurrentSteppingThreadId 00000001800325bc     <common>
 0006:00000000       __imp_DisableThreadLibraryCalls 0000000180036000     kernel32:KERNEL32.dll
 0006:00000008       __imp_IsDebuggerPresent    0000000180036008     kernel32:KERNEL32.dll
 0006:00000010       __imp_RaiseException       0000000180036010     kernel32:KERNEL32.dll
 0006:00000018       __imp_MultiByteToWideChar  0000000180036018     kernel32:KERNEL32.dll
 0006:00000020       __imp_WideCharToMultiByte  0000000180036020     kernel32:KERNEL32.dll
 0006:00000028       __imp_RtlCaptureContext    0000000180036028     kernel32:KERNEL32.dll
 0006:00000030       __imp_RtlLookupFunctionEntry 0000000180036030     kernel32:KERNEL32.dll
 0006:00000038       __imp_RtlVirtualUnwind     0000000180036038     kernel32:KERNEL32.dll
 0006:00000040       __imp_GetProcAddress       0000000180036040     kernel32:KERNEL32.dll
 0006:00000048       __imp_FreeLibrary          0000000180036048     kernel32:KERNEL32.dll
 0006:00000050       __imp_VirtualQuery         0000000180036050     kernel32:KERNEL32.dll
 0006:00000058       __imp_GetProcessHeap       0000000180036058     kernel32:KERNEL32.dll
 0006:00000060       __imp_HeapFree             0000000180036060     kernel32:KERNEL32.dll
 0006:00000068       __imp_HeapAlloc            0000000180036068     kernel32:KERNEL32.dll
 0006:00000070       __imp_GetLastError         0000000180036070     kernel32:KERNEL32.dll
 0006:00000078       __imp_GetModuleHandleW     0000000180036078     kernel32:KERNEL32.dll
 0006:00000080       __imp_GetStartupInfoW      0000000180036080     kernel32:KERNEL32.dll
 0006:00000088       __imp_InitializeSListHead  0000000180036088     kernel32:KERNEL32.dll
 0006:00000090       __imp_GetCurrentThreadId   0000000180036090     kernel32:KERNEL32.dll
 0006:00000098       __imp_GetSystemTimeAsFileTime 0000000180036098     kernel32:KERNEL32.dll
 0006:000000a0       __imp_GetCurrentProcessId  00000001800360a0     kernel32:KERNEL32.dll
 0006:000000a8       __imp_QueryPerformanceCounter 00000001800360a8     kernel32:KERNEL32.dll
 0006:000000b0       __imp_IsProcessorFeaturePresent 00000001800360b0     kernel32:KERNEL32.dll
 0006:000000b8       __imp_TerminateProcess     00000001800360b8     kernel32:KERNEL32.dll
 0006:000000c0       __imp_GetCurrentProcess    00000001800360c0     kernel32:KERNEL32.dll
 0006:000000c8       __imp_SetUnhandledExceptionFilter 00000001800360c8     kernel32:KERNEL32.dll
 0006:000000d0       __imp_UnhandledExceptionFilter 00000001800360d0     kernel32:KERNEL32.dll
 0006:000000d8       \177KERNEL32_NULL_THUNK_DATA 00000001800360d8     kernel32:KERNEL32.dll
 0006:00000158       __imp___vcrt_GetModuleHandleW 0000000180036158     vcruntimed:VCRUNTIME140D.dll
 0006:00000160       __imp___vcrt_GetModuleFileNameW 0000000180036160     vcruntimed:VCRUNTIME140D.dll
 0006:00000168       __imp___current_exception_context 0000000180036168     vcruntimed:VCRUNTIME140D.dll
 0006:00000170       __imp___C_specific_handler 0000000180036170     vcruntimed:VCRUNTIME140D.dll
 0006:00000178       __imp___current_exception  0000000180036178     vcruntimed:VCRUNTIME140D.dll
 0006:00000180       __imp___std_type_info_destroy_list 0000000180036180     vcruntimed:VCRUNTIME140D.dll
 0006:00000188       __imp___C_specific_handler_noexcept 0000000180036188     vcruntimed:VCRUNTIME140D.dll
 0006:00000190       __imp___vcrt_LoadLibraryExW 0000000180036190     vcruntimed:VCRUNTIME140D.dll
 0006:00000198       \177VCRUNTIME140D_NULL_THUNK_DATA 0000000180036198     vcruntimed:VCRUNTIME140D.dll
 0006:000001f8       __imp_wcscpy_s             00000001800361f8     ucrtd:ucrtbased.dll
 0006:00000200       __imp__wsplitpath_s        0000000180036200     ucrtd:ucrtbased.dll
 0006:00000208       __imp_terminate            0000000180036208     ucrtd:ucrtbased.dll
 0006:00000210       __imp__cexit               0000000180036210     ucrtd:ucrtbased.dll
 0006:00000218       __imp__crt_at_quick_exit   0000000180036218     ucrtd:ucrtbased.dll
 0006:00000220       __imp__crt_atexit          0000000180036220     ucrtd:ucrtbased.dll
 0006:00000228       __imp__execute_onexit_table 0000000180036228     ucrtd:ucrtbased.dll
 0006:00000230       __imp__register_onexit_function 0000000180036230     ucrtd:ucrtbased.dll
 0006:00000238       __imp__initialize_onexit_table 0000000180036238     ucrtd:ucrtbased.dll
 0006:00000240       __imp__initialize_narrow_environment 0000000180036240     ucrtd:ucrtbased.dll
 0006:00000248       __imp__configure_narrow_argv 0000000180036248     ucrtd:ucrtbased.dll
 0006:00000250       __imp__seh_filter_dll      0000000180036250     ucrtd:ucrtbased.dll
 0006:00000258       __imp__wmakepath_s         0000000180036258     ucrtd:ucrtbased.dll
 0006:00000260       __imp_strcat_s             0000000180036260     ucrtd:ucrtbased.dll
 0006:00000268       __imp_strcpy_s             0000000180036268     ucrtd:ucrtbased.dll
 0006:00000270       __imp__initterm_e          0000000180036270     ucrtd:ucrtbased.dll
 0006:00000278       __imp__initterm            0000000180036278     ucrtd:ucrtbased.dll
 0006:00000280       __imp__CrtDbgReportW       0000000180036280     ucrtd:ucrtbased.dll
 0006:00000288       __imp__CrtDbgReport        0000000180036288     ucrtd:ucrtbased.dll
 0006:00000290       __imp__rotl                0000000180036290     ucrtd:ucrtbased.dll
 0006:00000298       __imp_sqrtf                0000000180036298     ucrtd:ucrtbased.dll
 0006:000002a0       __imp_sinf                 00000001800362a0     ucrtd:ucrtbased.dll
 0006:000002a8       __imp_roundf               00000001800362a8     ucrtd:ucrtbased.dll
 0006:000002b0       __imp_fabs                 00000001800362b0     ucrtd:ucrtbased.dll
 0006:000002b8       __imp___stdio_common_vsprintf_s 00000001800362b8     ucrtd:ucrtbased.dll
 0006:000002c0       \177ucrtbased_NULL_THUNK_DATA 00000001800362c0     ucrtd:ucrtbased.dll
 0006:00000340       __IMPORT_DESCRIPTOR_VCRUNTIME140D 0000000180036340     vcruntimed:VCRUNTIME140D.dll
 0006:00000354       __IMPORT_DESCRIPTOR_ucrtbased 0000000180036354     ucrtd:ucrtbased.dll
 0006:00000368       __IMPORT_DESCRIPTOR_KERNEL32 0000000180036368     kernel32:KERNEL32.dll
 0006:0000037c       __NULL_IMPORT_DESCRIPTOR   000000018003637c     vcruntimed:VCRUNTIME140D.dll
 0008:00000000       __guard_check_icall_fptr   0000000180038000     MSVCRTD:guard_support.obj
 0008:00000010       __guard_xfg_check_icall_fptr 0000000180038010     MSVCRTD:guard_support.obj
 0008:00000020       __guard_dispatch_icall_fptr 0000000180038020     MSVCRTD:guard_support.obj
 0008:00000030       __guard_xfg_dispatch_icall_fptr 0000000180038030     MSVCRTD:guard_support.obj
 0008:00000040       __guard_xfg_table_dispatch_icall_fptr 0000000180038040     MSVCRTD:guard_support.obj

 entry point at        0002:0000000f

 Static symbols

 0000:fffc5000       .debug$S                   0000000180000000     P5Engine.exp
 0000:fffc8000       _volmd                     0000000180000000     p5engine.obj
 0000:fffc8000       _volmd                     0000000180000000     p5engine.obj
 0000:fffc8000       _volmd                     0000000180000000     p5engine.obj
 0000:fffc8000       _volmd                     0000000180000000     p5engine.obj
 0000:fffc8000       _volmd                     0000000180000000     p5engine.obj
 0000:fffc8000       _volmd                     0000000180000000     p5engine.obj
 0000:fffc8000       _volmd                     0000000180000000     p5engine.obj
 0000:fffc8000       _volmd                     0000000180000000     p5engine.obj
 0000:fffc8000       _volmd                     0000000180000000     p5engine.obj
 0000:fffc8000       _volmd                     0000000180000000     p5engine.obj
 0000:fffc8000       _volmd                     0000000180000000     p5engine.obj
 0000:fffc8000       _volmd                     0000000180000000     p5engine.obj
 0000:fffc8000       _volmd                     0000000180000000     p5engine.obj
 0000:fffc8000       _volmd                     0000000180000000     p5engine.obj
 0000:fffc8000       _volmd                     0000000180000000     p5engine.obj
 0000:fffc8000       _volmd                     0000000180000000     p5engine.obj
 0000:fffc8000       _volmd                     0000000180000000     p5engine.obj
 0000:fffc8000       _volmd                     0000000180000000     p5engine.obj
 0000:fffc8000       _volmd                     0000000180000000     p5engine.obj
 0000:fffc8000       _volmd                     0000000180000000     p5engine.obj
 0000:fffc8000       _volmd                     0000000180000000     p5engine.obj
 0000:fffc8000       _volmd                     0000000180000000     p5engine.obj
 0000:fffc8000       _volmd                     0000000180000000     p5engine.obj
 0000:fffc8000       _volmd                     0000000180000000     p5engine.obj
 0000:fffc8000       _volmd                     0000000180000000     p5engine.obj
 0000:fffc8000       _volmd                     0000000180000000     p5engine.obj
 0000:fffc8000       _volmd                     0000000180000000     p5engine.obj
 0000:fffc8000       _volmd                     0000000180000000     p5engine.obj
 0000:fffc8000       _volmd                     0000000180000000     MSVCRTD:cpu_disp.obj
 0000:fffc9000       __guard_ehcont_?dllmain_dispatch@@YAHQEAUHINSTANCE__@@KQEAX@Z 0000000180000000     MSVCRTD:dll_dllmain.obj
 0000:fffc9000       __guard_fids_?dllmain_dispatch@@YAHQEAUHINSTANCE__@@KQEAX@Z 0000000180000000     MSVCRTD:dll_dllmain.obj
 0000:fffc9000       __guard_ehcont_?notify_debugger@@YAXAEBUtagEXCEPTION_VISUALCPP_DEBUG_INFO@@@Z 0000000180000000     MSVCRTD:error.obj
 0000:fffc8000       _volmd                     0000000180000000     MSVCRTD:gs_report.obj
 0000:fffc8000       _volmd                     0000000180000000     MSVCRTD:gs_report.obj
 0000:fffc8000       _volmd                     0000000180000000     MSVCRTD:gs_report.obj
 0000:fffc9000       __guard_fids__             0000000180000000     MSVCRTD:guard_support.obj
 0000:fffc9000       __guard_fids__             0000000180000000     MSVCRTD:guard_support.obj
 0000:fffc9000       __guard_fids__guard_icall_checks_enforced 0000000180000000     MSVCRTD:guard_support.obj
 0000:fffc8000       _volmd                     0000000180000000     MSVCRTD:guard_support.obj
 0000:fffc8000       _volmd                     0000000180000000     MSVCRTD:guard_support.obj
 0000:fffc8000       _volmd                     0000000180000000     MSVCRTD:guard_support.obj
 0000:fffc9000       __guard_fids__CRT_RTC_INIT 0000000180000000     MSVCRTD:init.obj
 0000:fffc9000       __guard_fids__CRT_RTC_INITW 0000000180000000     MSVCRTD:init.obj
 0000:fffc9000       __guard_ehcont___scrt_is_nonwritable_in_current_image 0000000180000000     MSVCRTD:utility.obj
 0000:fffc8000       _volmd                     0000000180000000     MSVCRTD:utility.obj
 0000:fffc8000       _volmd                     0000000180000000     MSVCRTD:utility.obj
 0000:fffc8000       _volmd                     0000000180000000     MSVCRTD:utility.obj
 0000:fffc9000       __guard_fids___scrt_set_unhandled_exception_filter 0000000180000000     MSVCRTD:utility_desktop.obj
 0000:fffc8000       _volmd                     0000000180000000     MSVCRTD:utility_desktop.obj
 0000:fffc5000       .debug$S                   0000000180000000     vcruntimed:VCRUNTIME140D.dll
 0000:fffc5000       .debug$S                   0000000180000000     vcruntimed:VCRUNTIME140D.dll
 0000:fffc5000       .debug$S                   0000000180000000     vcruntimed:VCRUNTIME140D.dll
 0000:fffc5000       .debug$S                   0000000180000000     vcruntimed:VCRUNTIME140D.dll
 0000:fffc5000       .debug$S                   0000000180000000     vcruntimed:VCRUNTIME140D.dll
 0000:fffc5000       .debug$S                   0000000180000000     vcruntimed:VCRUNTIME140D.dll
 0000:fffc5000       .debug$S                   0000000180000000     vcruntimed:VCRUNTIME140D.dll
 0000:fffc5000       .debug$S                   0000000180000000     vcruntimed:VCRUNTIME140D.dll
 0000:fffc5000       .debug$S                   0000000180000000     ucrtd:ucrtbased.dll
 0000:fffc5000       .debug$S                   0000000180000000     ucrtd:ucrtbased.dll
 0000:fffc5000       .debug$S                   0000000180000000     ucrtd:ucrtbased.dll
 0000:fffc5000       .debug$S                   0000000180000000     ucrtd:ucrtbased.dll
 0000:fffc5000       .debug$S                   0000000180000000     ucrtd:ucrtbased.dll
 0000:fffc5000       .debug$S                   0000000180000000     ucrtd:ucrtbased.dll
 0000:fffc5000       .debug$S                   0000000180000000     ucrtd:ucrtbased.dll
 0000:fffc5000       .debug$S                   0000000180000000     ucrtd:ucrtbased.dll
 0000:fffc5000       .debug$S                   0000000180000000     ucrtd:ucrtbased.dll
 0000:fffc5000       .debug$S                   0000000180000000     ucrtd:ucrtbased.dll
 0000:fffc5000       .debug$S                   0000000180000000     ucrtd:ucrtbased.dll
 0000:fffc5000       .debug$S                   0000000180000000     ucrtd:ucrtbased.dll
 0000:fffc5000       .debug$S                   0000000180000000     ucrtd:ucrtbased.dll
 0000:fffc5000       .debug$S                   0000000180000000     ucrtd:ucrtbased.dll
 0000:fffc5000       .debug$S                   0000000180000000     ucrtd:ucrtbased.dll
 0000:fffc5000       .debug$S                   0000000180000000     ucrtd:ucrtbased.dll
 0000:fffc5000       .debug$S                   0000000180000000     ucrtd:ucrtbased.dll
 0000:fffc5000       .debug$S                   0000000180000000     ucrtd:ucrtbased.dll
 0000:fffc5000       .debug$S                   0000000180000000     ucrtd:ucrtbased.dll
 0000:fffc5000       .debug$S                   0000000180000000     ucrtd:ucrtbased.dll
 0000:fffc5000       .debug$S                   0000000180000000     ucrtd:ucrtbased.dll
 0000:fffc5000       .debug$S                   0000000180000000     ucrtd:ucrtbased.dll
 0000:fffc5000       .debug$S                   0000000180000000     ucrtd:ucrtbased.dll
 0000:fffc5000       .debug$S                   0000000180000000     ucrtd:ucrtbased.dll
 0000:fffc5000       .debug$S                   0000000180000000     ucrtd:ucrtbased.dll
 0000:fffc5000       .debug$S                   0000000180000000     kernel32:KERNEL32.dll
 0000:fffc5000       .debug$S                   0000000180000000     kernel32:KERNEL32.dll
 0000:fffc5000       .debug$S                   0000000180000000     kernel32:KERNEL32.dll
 0000:fffc5000       .debug$S                   0000000180000000     kernel32:KERNEL32.dll
 0000:fffc5000       .debug$S                   0000000180000000     kernel32:KERNEL32.dll
 0000:fffc5000       .debug$S                   0000000180000000     kernel32:KERNEL32.dll
 0000:fffc5000       .debug$S                   0000000180000000     kernel32:KERNEL32.dll
 0000:fffc5000       .debug$S                   0000000180000000     kernel32:KERNEL32.dll
 0000:fffc5000       .debug$S                   0000000180000000     kernel32:KERNEL32.dll
 0000:fffc5000       .debug$S                   0000000180000000     kernel32:KERNEL32.dll
 0000:fffc5000       .debug$S                   0000000180000000     kernel32:KERNEL32.dll
 0000:fffc5000       .debug$S                   0000000180000000     kernel32:KERNEL32.dll
 0000:fffc5000       .debug$S                   0000000180000000     kernel32:KERNEL32.dll
 0000:fffc5000       .debug$S                   0000000180000000     kernel32:KERNEL32.dll
 0000:fffc5000       .debug$S                   0000000180000000     kernel32:KERNEL32.dll
 0000:fffc5000       .debug$S                   0000000180000000     kernel32:KERNEL32.dll
 0000:fffc5000       .debug$S                   0000000180000000     kernel32:KERNEL32.dll
 0000:fffc5000       .debug$S                   0000000180000000     kernel32:KERNEL32.dll
 0000:fffc5000       .debug$S                   0000000180000000     kernel32:KERNEL32.dll
 0000:fffc5000       .debug$S                   0000000180000000     kernel32:KERNEL32.dll
 0000:fffc5000       .debug$S                   0000000180000000     kernel32:KERNEL32.dll
 0000:fffc5000       .debug$S                   0000000180000000     kernel32:KERNEL32.dll
 0000:fffc5000       .debug$S                   0000000180000000     kernel32:KERNEL32.dll
 0000:fffc5000       .debug$S                   0000000180000000     kernel32:KERNEL32.dll
 0000:fffc5000       .debug$S                   0000000180000000     kernel32:KERNEL32.dll
 0000:fffc5000       .debug$S                   0000000180000000     kernel32:KERNEL32.dll
 0000:fffc5000       .debug$S                   0000000180000000     kernel32:KERNEL32.dll
 0002:00001480       ?AddCollisionRule@@YAXPEAUgame_state@@IIH@Z 0000000180012480 f   p5engine.obj
 0002:00001680       ?AddEntity@@YAPEAUsim_entity@@PEAUgame_state@@PEAUsim_region@@IPEAUlow_entity@@PEATv3@@@Z 0000000180012680 f   p5engine.obj
 0002:00001820       ?AddEntityRaw@@YAPEAUsim_entity@@PEAUgame_state@@PEAUsim_region@@IPEAUlow_entity@@@Z 0000000180012820 f   p5engine.obj
 0002:00001a30       ?AddFamiliar@@YA?AUadd_low_entity_result@@PEAUgame_state@@III@Z 0000000180012a30 f   p5engine.obj
 0002:00001c80       ?AddGroundedEntity@@YA?AUadd_low_entity_result@@PEAUgame_state@@W4entity_type@@Uworld_position@@PEAUsim_entity_collision_volume_group@@@Z 0000000180012c80 f   p5engine.obj
 0002:00001da0       ?AddLowEntity@@YA?AUadd_low_entity_result@@PEAUgame_state@@W4entity_type@@Uworld_position@@@Z 0000000180012da0 f   p5engine.obj
 0002:00002020       ?AddMonstar@@YA?AUadd_low_entity_result@@PEAUgame_state@@III@Z 0000000180013020 f   p5engine.obj
 0002:00002220       ?AddPlayer@@YA?AUadd_low_entity_result@@PEAUgame_state@@@Z 0000000180013220 f   p5engine.obj
 0002:000025f0       ?AddStairs@@YA?AUadd_low_entity_result@@PEAUgame_state@@III@Z 00000001800135f0 f   p5engine.obj
 0002:00002820       ?AddSword@@YA?AUadd_low_entity_result@@PEAUgame_state@@@Z 0000000180013820 f   p5engine.obj
 0002:00002980       ?AddWall@@YA?AUadd_low_entity_result@@PEAUgame_state@@III@Z 0000000180013980 f   p5engine.obj
 0002:00002cd0       ?BeginSim@@YAPEAUsim_region@@PEAUmemory_arena@@PEAUgame_state@@PEAUworld@@Uworld_position@@Urectangle3@@M@Z 0000000180013cd0 f   p5engine.obj
 0002:000034f0       ?CanCollide@@YAHPEAUgame_state@@PEAUsim_entity@@1@Z 00000001800144f0 f   p5engine.obj
 0002:000036a0       ?CanOverlap@@YAHPEAUgame_state@@PEAUsim_entity@@1@Z 00000001800146a0 f   p5engine.obj
 0002:00003720       ?ChangeEntityLocation@@YAXPEAUmemory_arena@@PEAUworld@@IPEAUlow_entity@@Uworld_position@@@Z 0000000180014720 f   p5engine.obj
 0002:00004340       ?ClearCollisionRulesFor@@YAXPEAUgame_state@@I@Z 0000000180015340 f   p5engine.obj
 0002:000044d0       ?DEBUGLoadBMP@@YA?AUloaded_bitmap@@PEAUthread_context@@P6A?AUdebug_read_file_result@@0PEAD@Z1@Z 00000001800154d0 f   p5engine.obj
 0002:00004a70       ?DrawBitmap@@YAXPEAUgame_offscreen_buffer@@PEAUloaded_bitmap@@MMM@Z 0000000180015a70 f   p5engine.obj
 0002:00004ff0       ?DrawHitpoints@@YAXPEAUsim_entity@@PEAUentity_visible_piece_group@@@Z 0000000180015ff0 f   p5engine.obj
 0002:000052f0       ?DrawRectangle@@YAXPEAUgame_offscreen_buffer@@Tv2@@1MMM@Z 00000001800162f0 f   p5engine.obj
 0002:00005590       ?EndSim@@YAXPEAUsim_region@@PEAUgame_state@@@Z 0000000180016590 f   p5engine.obj
 0002:00005c60       ?GameOutputSound@@YAXPEAUgame_state@@PEAUgame_sound_output_buffer@@H@Z 0000000180016c60 f   p5engine.obj
 0002:00005f50       ?GetHashFromStorageIndex@@YAPEAUsim_entity_hash@@PEAUsim_region@@I@Z 0000000180016f50 f   p5engine.obj
 0002:00006930       ?HandleCollision@@YAHPEAUgame_state@@PEAUsim_entity@@1@Z 0000000180017930 f   p5engine.obj
 0002:00006a60       ?HandleOverlap@@YAXPEAUgame_state@@PEAUsim_entity@@1MPEAM@Z 0000000180017a60 f   p5engine.obj
 0002:00006ba0       ?InitHitPoints@@YAXPEAUlow_entity@@I@Z 0000000180017ba0 f   p5engine.obj
 0002:00006ce0       ?InitializeWorld@@YAXPEAUworld@@MM@Z 0000000180017ce0 f   p5engine.obj
 0002:00007660       ?MakeNullCollision@@YAPEAUsim_entity_collision_volume_group@@PEAUgame_state@@@Z 0000000180018660 f   p5engine.obj
 0002:00007780       ?MakeSimpleGroundedCollision@@YAPEAUsim_entity_collision_volume_group@@PEAUgame_state@@MMM@Z 0000000180018780 f   p5engine.obj
 0002:00007aa0       ?MoveEntity@@YAXPEAUgame_state@@PEAUsim_region@@PEAUsim_entity@@MPEAUmove_spec@@Tv3@@@Z 0000000180018aa0 f   p5engine.obj
 0002:0000a5e0       ?SpeculativeCollide@@YAHPEAUsim_entity@@0@Z 000000018001b5e0 f   p5engine.obj
 0002:0000a850       ?Subtract@@YA?ATv3@@PEAUworld@@PEAUworld_position@@1@Z 000000018001b850 f   p5engine.obj
 0002:0000ab80       ?TestWall@@YAHMMMMMPEAMMM@Z 000000018001bb80 f   p5engine.obj
 0002:0000d78c       $LN106                     000000018001e78c     p5engine.obj
 0002:0000e6b0       $$000000                   000000018001f6b0     MSVCRTD:chkstk.obj
 0002:0000e730       $$000000                   000000018001f730     MSVCRTD:amdsecgs.obj
 0002:0000e770       ?dllmain_crt_dispatch@@YAHQEAUHINSTANCE__@@KQEAX@Z 000000018001f770 f   MSVCRTD:dll_dllmain.obj
 0002:0000e820       ?dllmain_crt_process_attach@@YAHQEAUHINSTANCE__@@QEAX@Z 000000018001f820 f   MSVCRTD:dll_dllmain.obj
 0002:0000e9b0       ?dllmain_crt_process_detach@@YAH_N@Z 000000018001f9b0 f   MSVCRTD:dll_dllmain.obj
 0002:0000ea70       ?dllmain_dispatch@@YAHQEAUHINSTANCE__@@KQEAX@Z 000000018001fa70 f   MSVCRTD:dll_dllmain.obj
 0002:0000ec00       ?dllmain_raw@@YAHQEAUHINSTANCE__@@KQEAX@Z 000000018001fc00 f   MSVCRTD:dll_dllmain.obj
 0002:0000ed00       ?DebuggerProbe@@YA_NK@Z    000000018001fd00 f   MSVCRTD:error.obj
 0002:0000ed50       ?DebuggerRuntime@@YA_NKHPEAXPEB_W@Z 000000018001fd50 f   MSVCRTD:error.obj
 0002:0000f0e0       ?_getMemBlockDataString@@YAXPEAD0PEBD_K@Z 00000001800200e0 f   MSVCRTD:error.obj
 0002:0000f1c0       ?_strlen_priv@@YA_KPEBD@Z  00000001800201c0 f   MSVCRTD:error.obj
 0002:0000f1e0       ?failwithmessage@@YAXPEAXHHPEBD@Z 00000001800201e0 f   MSVCRTD:error.obj
 0002:0000f4e0       ?notify_debugger@@YAXAEBUtagEXCEPTION_VISUALCPP_DEBUG_INFO@@@Z 00000001800204e0 f   MSVCRTD:error.obj
 0002:0000fb40       capture_current_context    0000000180020b40 f   MSVCRTD:gs_report.obj
 0002:0000fc00       capture_previous_context   0000000180020c00 f   MSVCRTD:gs_report.obj
 0002:0000fce0       __get_entropy              0000000180020ce0 f   MSVCRTD:gs_support.obj
 0002:0000ff90       ?find_pe_section@@YAPEAU_IMAGE_SECTION_HEADER@@QEAE_K@Z 0000000180020f90 f   MSVCRTD:utility.obj
 0002:000100b0       ?is_potentially_valid_image_base@@YA_NQEAX@Z 00000001800210b0 f   MSVCRTD:utility.obj
 0002:00010e50       __castguard_compat_check   0000000180021e50 f   MSVCRTD:guard_support.obj
 0002:00011030       __castguard_slow_path_compat_check 0000000180022030 f   MSVCRTD:guard_support.obj
 0002:00011120       ?GetPdbDll@@YAPEAUHINSTANCE__@@XZ 0000000180022120 f   MSVCRTD:pdblkup.obj
 0002:000112c0       ?GetPdbDllFromInstallPath@@YAPEAUHINSTANCE__@@XZ 00000001800222c0 f   MSVCRTD:pdblkup.obj
 0002:00011620       ?GetPdbDllPathFromFilePath@@YAHPEB_WPEA_W_K@Z 0000000180022620 f   MSVCRTD:pdblkup.obj
 0002:00013780       $$000000                   0000000180024780     MSVCRTD:guard_dispatch.obj
 0002:000137a0       $$000000                   00000001800247a0     MSVCRTD:guard_xfg_dispatch.obj
 0002:000147c0       ?fin$0@?0??dllmain_crt_process_attach@@YAHQEAUHINSTANCE__@@QEAX@Z@4HA 00000001800257c0 f   MSVCRTD:dll_dllmain.obj
 0002:000147e0       ?fin$0@?0??dllmain_crt_process_detach@@YAH_N@Z@4HA 00000001800257e0 f   MSVCRTD:dll_dllmain.obj
 0002:000147fa       ?fin$1@?0??dllmain_crt_process_detach@@YAH_N@Z@4HA 00000001800257fa f   MSVCRTD:dll_dllmain.obj
 0002:00014820       ?filt$0@?0??dllmain_dispatch@@YAHQEAUHINSTANCE__@@KQEAX@Z@4HA 0000000180025820 f   MSVCRTD:dll_dllmain.obj
 0002:00014880       ?filt$0@?0??notify_debugger@@YAXAEBUtagEXCEPTION_VISUALCPP_DEBUG_INFO@@@Z@4HA 0000000180025880 f   MSVCRTD:error.obj
 0002:000148b0       __scrt_is_nonwritable_in_current_image$filt$0 00000001800258b0 f   MSVCRTD:utility.obj
 0003:00000880       ?FindLeastSignificantSetBit@@YA?AUbit_scan_result@@I@Z$rtcName$0 0000000180027880     p5engine.obj
 0003:00000890       ?FindLeastSignificantSetBit@@YA?AUbit_scan_result@@I@Z$rtcVarDesc 0000000180027890     p5engine.obj
 0003:000008d0       ?FindLeastSignificantSetBit@@YA?AUbit_scan_result@@I@Z$rtcFrameData 00000001800278d0     p5engine.obj
 0003:00000900       ?V2@@YA?ATv2@@MM@Z$rtcName$0 0000000180027900     p5engine.obj
 0003:00000910       ?V2@@YA?ATv2@@MM@Z$rtcVarDesc 0000000180027910     p5engine.obj
 0003:00000950       ?V2@@YA?ATv2@@MM@Z$rtcFrameData 0000000180027950     p5engine.obj
 0003:00000980       ??D@YA?ATv2@@MT0@@Z$rtcName$0 0000000180027980     p5engine.obj
 0003:00000990       ??D@YA?ATv2@@MT0@@Z$rtcVarDesc 0000000180027990     p5engine.obj
 0003:000009d0       ??D@YA?ATv2@@MT0@@Z$rtcFrameData 00000001800279d0     p5engine.obj
 0003:00000a00       ??H@YA?ATv2@@T0@0@Z$rtcName$0 0000000180027a00     p5engine.obj
 0003:00000a10       ??H@YA?ATv2@@T0@0@Z$rtcVarDesc 0000000180027a10     p5engine.obj
 0003:00000a50       ??H@YA?ATv2@@T0@0@Z$rtcFrameData 0000000180027a50     p5engine.obj
 0003:00000a80       ??G@YA?ATv2@@T0@0@Z$rtcName$0 0000000180027a80     p5engine.obj
 0003:00000a90       ??G@YA?ATv2@@T0@0@Z$rtcVarDesc 0000000180027a90     p5engine.obj
 0003:00000ad0       ??G@YA?ATv2@@T0@0@Z$rtcFrameData 0000000180027ad0     p5engine.obj
 0003:00000b00       ?Clamp01@@YA?ATv2@@T1@@Z$rtcName$0 0000000180027b00     p5engine.obj
 0003:00000b10       ?Clamp01@@YA?ATv2@@T1@@Z$rtcVarDesc 0000000180027b10     p5engine.obj
 0003:00000b50       ?Clamp01@@YA?ATv2@@T1@@Z$rtcFrameData 0000000180027b50     p5engine.obj
 0003:00000b80       ?V3@@YA?ATv3@@MMM@Z$rtcName$0 0000000180027b80     p5engine.obj
 0003:00000b90       ?V3@@YA?ATv3@@MMM@Z$rtcVarDesc 0000000180027b90     p5engine.obj
 0003:00000bd0       ?V3@@YA?ATv3@@MMM@Z$rtcFrameData 0000000180027bd0     p5engine.obj
 0003:00000c00       ??D@YA?ATv3@@MT0@@Z$rtcName$0 0000000180027c00     p5engine.obj
 0003:00000c10       ??D@YA?ATv3@@MT0@@Z$rtcVarDesc 0000000180027c10     p5engine.obj
 0003:00000c50       ??D@YA?ATv3@@MT0@@Z$rtcFrameData 0000000180027c50     p5engine.obj
 0003:00000c80       ??D@YA?ATv3@@T0@M@Z$rtcName$0 0000000180027c80     p5engine.obj
 0003:00000c90       ??D@YA?ATv3@@T0@M@Z$rtcVarDesc 0000000180027c90     p5engine.obj
 0003:00000cd0       ??D@YA?ATv3@@T0@M@Z$rtcFrameData 0000000180027cd0     p5engine.obj
 0003:00000d00       ??H@YA?ATv3@@T0@0@Z$rtcName$0 0000000180027d00     p5engine.obj
 0003:00000d10       ??H@YA?ATv3@@T0@0@Z$rtcVarDesc 0000000180027d10     p5engine.obj
 0003:00000d50       ??H@YA?ATv3@@T0@0@Z$rtcFrameData 0000000180027d50     p5engine.obj
 0003:00000d80       ??G@YA?ATv3@@T0@0@Z$rtcName$0 0000000180027d80     p5engine.obj
 0003:00000d90       ??G@YA?ATv3@@T0@0@Z$rtcVarDesc 0000000180027d90     p5engine.obj
 0003:00000dd0       ??G@YA?ATv3@@T0@0@Z$rtcFrameData 0000000180027dd0     p5engine.obj
 0003:00000e00       ?Hadamard@@YA?ATv3@@T1@0@Z$rtcName$0 0000000180027e00     p5engine.obj
 0003:00000e10       ?Hadamard@@YA?ATv3@@T1@0@Z$rtcVarDesc 0000000180027e10     p5engine.obj
 0003:00000e50       ?Hadamard@@YA?ATv3@@T1@0@Z$rtcFrameData 0000000180027e50     p5engine.obj
 0003:00000e80       ?V4@@YA?ATv4@@MMMM@Z$rtcName$0 0000000180027e80     p5engine.obj
 0003:00000e90       ?V4@@YA?ATv4@@MMMM@Z$rtcVarDesc 0000000180027e90     p5engine.obj
 0003:00000ed0       ?V4@@YA?ATv4@@MMMM@Z$rtcFrameData 0000000180027ed0     p5engine.obj
 0003:00000f00       ?RectCenterHalfDim@@YA?AUrectangle2@@Tv2@@0@Z$rtcName$0 0000000180027f00     p5engine.obj
 0003:00000f10       ?RectCenterHalfDim@@YA?AUrectangle2@@Tv2@@0@Z$rtcVarDesc 0000000180027f10     p5engine.obj
 0003:00000f50       ?RectCenterHalfDim@@YA?AUrectangle2@@Tv2@@0@Z$rtcFrameData 0000000180027f50     p5engine.obj
 0003:00000f80       ?RectCenterDim@@YA?AUrectangle2@@Tv2@@0@Z$rtcName$0 0000000180027f80     p5engine.obj
 0003:00000f90       ?RectCenterDim@@YA?AUrectangle2@@Tv2@@0@Z$rtcVarDesc 0000000180027f90     p5engine.obj
 0003:00000fd0       ?RectCenterDim@@YA?AUrectangle2@@Tv2@@0@Z$rtcFrameData 0000000180027fd0     p5engine.obj
 0003:00001000       ?GetBarycentric@@YA?ATv2@@Urectangle2@@T1@@Z$rtcName$0 0000000180028000     p5engine.obj
 0003:00001010       ?GetBarycentric@@YA?ATv2@@Urectangle2@@T1@@Z$rtcVarDesc 0000000180028010     p5engine.obj
 0003:00001050       ?GetBarycentric@@YA?ATv2@@Urectangle2@@T1@@Z$rtcFrameData 0000000180028050     p5engine.obj
 0003:00001080       ?GetMinCorner@@YA?ATv3@@Urectangle3@@@Z$rtcName$0 0000000180028080     p5engine.obj
 0003:00001090       ?GetMinCorner@@YA?ATv3@@Urectangle3@@@Z$rtcVarDesc 0000000180028090     p5engine.obj
 0003:000010d0       ?GetMinCorner@@YA?ATv3@@Urectangle3@@@Z$rtcFrameData 00000001800280d0     p5engine.obj
 0003:00001100       ?GetMaxCorner@@YA?ATv3@@Urectangle3@@@Z$rtcName$0 0000000180028100     p5engine.obj
 0003:00001110       ?GetMaxCorner@@YA?ATv3@@Urectangle3@@@Z$rtcVarDesc 0000000180028110     p5engine.obj
 0003:00001150       ?GetMaxCorner@@YA?ATv3@@Urectangle3@@@Z$rtcFrameData 0000000180028150     p5engine.obj
 0003:00001180       ?RectCenterHalfDim@@YA?AUrectangle3@@Tv3@@0@Z$rtcName$0 0000000180028180     p5engine.obj
 0003:00001190       ?RectCenterHalfDim@@YA?AUrectangle3@@Tv3@@0@Z$rtcVarDesc 0000000180028190     p5engine.obj
 0003:000011d0       ?RectCenterHalfDim@@YA?AUrectangle3@@Tv3@@0@Z$rtcFrameData 00000001800281d0     p5engine.obj
 0003:00001200       ?AddRadiusTo@@YA?AUrectangle3@@U1@Tv3@@@Z$rtcName$0 0000000180028200     p5engine.obj
 0003:00001210       ?AddRadiusTo@@YA?AUrectangle3@@U1@Tv3@@@Z$rtcVarDesc 0000000180028210     p5engine.obj
 0003:00001250       ?AddRadiusTo@@YA?AUrectangle3@@U1@Tv3@@@Z$rtcFrameData 0000000180028250     p5engine.obj
 0003:00001280       ?RectCenterDim@@YA?AUrectangle3@@Tv3@@0@Z$rtcName$0 0000000180028280     p5engine.obj
 0003:00001290       ?RectCenterDim@@YA?AUrectangle3@@Tv3@@0@Z$rtcVarDesc 0000000180028290     p5engine.obj
 0003:000012d0       ?RectCenterDim@@YA?AUrectangle3@@Tv3@@0@Z$rtcFrameData 00000001800282d0     p5engine.obj
 0003:00001300       ?GetEntityGroundPoint@@YA?ATv3@@PEAUsim_entity@@@Z$rtcName$0 0000000180028300     p5engine.obj
 0003:00001310       ?GetEntityGroundPoint@@YA?ATv3@@PEAUsim_entity@@@Z$rtcVarDesc 0000000180028310     p5engine.obj
 0003:00001350       ?GetEntityGroundPoint@@YA?ATv3@@PEAUsim_entity@@@Z$rtcFrameData 0000000180028350     p5engine.obj
 0003:00001380       ?GetStairGround@@YAMPEAUsim_entity@@Tv3@@@Z$rtcName$0 0000000180028380     p5engine.obj
 0003:0000138c       ?GetStairGround@@YAMPEAUsim_entity@@Tv3@@@Z$rtcName$1 000000018002838c     p5engine.obj
 0003:000013a0       ?GetStairGround@@YAMPEAUsim_entity@@Tv3@@@Z$rtcVarDesc 00000001800283a0     p5engine.obj
 0003:00001420       ?GetStairGround@@YAMPEAUsim_entity@@Tv3@@@Z$rtcFrameData 0000000180028420     p5engine.obj
 0003:00001460       ?NullPosition@@YA?AUworld_position@@XZ$rtcName$0 0000000180028460     p5engine.obj
 0003:00001470       ?NullPosition@@YA?AUworld_position@@XZ$rtcVarDesc 0000000180028470     p5engine.obj
 0003:000014b0       ?NullPosition@@YA?AUworld_position@@XZ$rtcFrameData 00000001800284b0     p5engine.obj
 0003:000014e0       ?MapIntoChunkSpace@@YA?AUworld_position@@PEAUworld@@U1@Tv3@@@Z$rtcName$0 00000001800284e0     p5engine.obj
 0003:000014f0       ?MapIntoChunkSpace@@YA?AUworld_position@@PEAUworld@@U1@Tv3@@@Z$rtcVarDesc 00000001800284f0     p5engine.obj
 0003:00001530       ?MapIntoChunkSpace@@YA?AUworld_position@@PEAUworld@@U1@Tv3@@@Z$rtcFrameData 0000000180028530     p5engine.obj
 0003:00001560       ?ChunkPositionFromTilePosition@@YA?AUworld_position@@PEAUworld@@HHHTv3@@@Z$rtcName$0 0000000180028560     p5engine.obj
 0003:00001568       ?ChunkPositionFromTilePosition@@YA?AUworld_position@@PEAUworld@@HHHTv3@@@Z$rtcName$1 0000000180028568     p5engine.obj
 0003:00001570       ?ChunkPositionFromTilePosition@@YA?AUworld_position@@PEAUworld@@HHHTv3@@@Z$rtcName$2 0000000180028570     p5engine.obj
 0003:00001578       ?ChunkPositionFromTilePosition@@YA?AUworld_position@@PEAUworld@@HHHTv3@@@Z$rtcName$3 0000000180028578     p5engine.obj
 0003:00001580       ?ChunkPositionFromTilePosition@@YA?AUworld_position@@PEAUworld@@HHHTv3@@@Z$rtcVarDesc 0000000180028580     p5engine.obj
 0003:00001680       ?ChunkPositionFromTilePosition@@YA?AUworld_position@@PEAUworld@@HHHTv3@@@Z$rtcFrameData 0000000180028680     p5engine.obj
 0003:000016d0       ?Subtract@@YA?ATv3@@PEAUworld@@PEAUworld_position@@1@Z$rtcName$0 00000001800286d0     p5engine.obj
 0003:000016d8       ?Subtract@@YA?ATv3@@PEAUworld@@PEAUworld_position@@1@Z$rtcName$1 00000001800286d8     p5engine.obj
 0003:000016e0       ?Subtract@@YA?ATv3@@PEAUworld@@PEAUworld_position@@1@Z$rtcVarDesc 00000001800286e0     p5engine.obj
 0003:00001760       ?Subtract@@YA?ATv3@@PEAUworld@@PEAUworld_position@@1@Z$rtcFrameData 0000000180028760     p5engine.obj
 0003:00001790       ?GetSimSpacePos@@YA?ATv3@@PEAUsim_region@@PEAUlow_entity@@@Z$rtcName$0 0000000180028790     p5engine.obj
 0003:000017a0       ?GetSimSpacePos@@YA?ATv3@@PEAUsim_region@@PEAUlow_entity@@@Z$rtcVarDesc 00000001800287a0     p5engine.obj
 0003:000017e0       ?GetSimSpacePos@@YA?ATv3@@PEAUsim_region@@PEAUlow_entity@@@Z$rtcFrameData 00000001800287e0     p5engine.obj
 0003:00001810       ?LoadEntityReference@@YAXPEAUgame_state@@PEAUsim_region@@PEATentity_reference@@@Z$rtcName$0 0000000180028810     p5engine.obj
 0003:00001820       ?LoadEntityReference@@YAXPEAUgame_state@@PEAUsim_region@@PEATentity_reference@@@Z$rtcVarDesc 0000000180028820     p5engine.obj
 0003:00001860       ?LoadEntityReference@@YAXPEAUgame_state@@PEAUsim_region@@PEATentity_reference@@@Z$rtcFrameData 0000000180028860     p5engine.obj
 0003:00001890       ?EntityOverlapsRectangle@@YAHTv3@@Usim_entity_collision_volume@@Urectangle3@@@Z$rtcName$0 0000000180028890     p5engine.obj
 0003:000018a0       ?EntityOverlapsRectangle@@YAHTv3@@Usim_entity_collision_volume@@Urectangle3@@@Z$rtcVarDesc 00000001800288a0     p5engine.obj
 0003:000018e0       ?EntityOverlapsRectangle@@YAHTv3@@Usim_entity_collision_volume@@Urectangle3@@@Z$rtcFrameData 00000001800288e0     p5engine.obj
 0003:00001910       ?BeginSim@@YAPEAUsim_region@@PEAUmemory_arena@@PEAUgame_state@@PEAUworld@@Uworld_position@@Urectangle3@@M@Z$rtcName$0 0000000180028910     p5engine.obj
 0003:00001920       ?BeginSim@@YAPEAUsim_region@@PEAUmemory_arena@@PEAUgame_state@@PEAUworld@@Uworld_position@@Urectangle3@@M@Z$rtcName$1 0000000180028920     p5engine.obj
 0003:00001930       ?BeginSim@@YAPEAUsim_region@@PEAUmemory_arena@@PEAUgame_state@@PEAUworld@@Uworld_position@@Urectangle3@@M@Z$rtcName$2 0000000180028930     p5engine.obj
 0003:00001940       ?BeginSim@@YAPEAUsim_region@@PEAUmemory_arena@@PEAUgame_state@@PEAUworld@@Uworld_position@@Urectangle3@@M@Z$rtcVarDesc 0000000180028940     p5engine.obj
 0003:00001a00       ?BeginSim@@YAPEAUsim_region@@PEAUmemory_arena@@PEAUgame_state@@PEAUworld@@Uworld_position@@Urectangle3@@M@Z$rtcFrameData 0000000180028a00     p5engine.obj
 0003:00001a50       ?EndSim@@YAXPEAUsim_region@@PEAUgame_state@@@Z$rtcName$0 0000000180028a50     p5engine.obj
 0003:00001a58       ?EndSim@@YAXPEAUsim_region@@PEAUgame_state@@@Z$rtcName$1 0000000180028a58     p5engine.obj
 0003:00001a70       ?EndSim@@YAXPEAUsim_region@@PEAUgame_state@@@Z$rtcVarDesc 0000000180028a70     p5engine.obj
 0003:00001af0       ?EndSim@@YAXPEAUsim_region@@PEAUgame_state@@@Z$rtcFrameData 0000000180028af0     p5engine.obj
 0003:00001b30       ?SpeculativeCollide@@YAHPEAUsim_entity@@0@Z$rtcName$0 0000000180028b30     p5engine.obj
 0003:00001b50       ?SpeculativeCollide@@YAHPEAUsim_entity@@0@Z$rtcVarDesc 0000000180028b50     p5engine.obj
 0003:00001b90       ?SpeculativeCollide@@YAHPEAUsim_entity@@0@Z$rtcFrameData 0000000180028b90     p5engine.obj
 0003:00001bc0       ?MoveEntity@@YAXPEAUgame_state@@PEAUsim_region@@PEAUsim_entity@@MPEAUmove_spec@@Tv3@@@Z$rtcName$0 0000000180028bc0     p5engine.obj
 0003:00001bc8       ?MoveEntity@@YAXPEAUgame_state@@PEAUsim_region@@PEAUsim_entity@@MPEAUmove_spec@@Tv3@@@Z$rtcName$1 0000000180028bc8     p5engine.obj
 0003:00001bd4       ?MoveEntity@@YAXPEAUgame_state@@PEAUsim_region@@PEAUsim_entity@@MPEAUmove_spec@@Tv3@@@Z$rtcName$9 0000000180028bd4     p5engine.obj
 0003:00001bd8       ?MoveEntity@@YAXPEAUgame_state@@PEAUsim_region@@PEAUsim_entity@@MPEAUmove_spec@@Tv3@@@Z$rtcName$2 0000000180028bd8     p5engine.obj
 0003:00001be8       ?MoveEntity@@YAXPEAUgame_state@@PEAUsim_region@@PEAUsim_entity@@MPEAUmove_spec@@Tv3@@@Z$rtcName$3 0000000180028be8     p5engine.obj
 0003:00001bf8       ?MoveEntity@@YAXPEAUgame_state@@PEAUsim_region@@PEAUsim_entity@@MPEAUmove_spec@@Tv3@@@Z$rtcName$4 0000000180028bf8     p5engine.obj
 0003:00001c08       ?MoveEntity@@YAXPEAUgame_state@@PEAUsim_region@@PEAUsim_entity@@MPEAUmove_spec@@Tv3@@@Z$rtcName$5 0000000180028c08     p5engine.obj
 0003:00001c18       ?MoveEntity@@YAXPEAUgame_state@@PEAUsim_region@@PEAUsim_entity@@MPEAUmove_spec@@Tv3@@@Z$rtcName$6 0000000180028c18     p5engine.obj
 0003:00001c30       ?MoveEntity@@YAXPEAUgame_state@@PEAUsim_region@@PEAUsim_entity@@MPEAUmove_spec@@Tv3@@@Z$rtcName$7 0000000180028c30     p5engine.obj
 0003:00001c40       ?MoveEntity@@YAXPEAUgame_state@@PEAUsim_region@@PEAUsim_entity@@MPEAUmove_spec@@Tv3@@@Z$rtcName$8 0000000180028c40     p5engine.obj
 0003:00001c50       ?MoveEntity@@YAXPEAUgame_state@@PEAUsim_region@@PEAUsim_entity@@MPEAUmove_spec@@Tv3@@@Z$rtcName$10 0000000180028c50     p5engine.obj
 0003:00001c5c       ?MoveEntity@@YAXPEAUgame_state@@PEAUsim_region@@PEAUsim_entity@@MPEAUmove_spec@@Tv3@@@Z$rtcName$13 0000000180028c5c     p5engine.obj
 0003:00001c68       ?MoveEntity@@YAXPEAUgame_state@@PEAUsim_region@@PEAUsim_entity@@MPEAUmove_spec@@Tv3@@@Z$rtcName$11 0000000180028c68     p5engine.obj
 0003:00001c78       ?MoveEntity@@YAXPEAUgame_state@@PEAUsim_region@@PEAUsim_entity@@MPEAUmove_spec@@Tv3@@@Z$rtcName$12 0000000180028c78     p5engine.obj
 0003:00001c80       ?MoveEntity@@YAXPEAUgame_state@@PEAUsim_region@@PEAUsim_entity@@MPEAUmove_spec@@Tv3@@@Z$rtcName$14 0000000180028c80     p5engine.obj
 0003:00001c90       ?MoveEntity@@YAXPEAUgame_state@@PEAUsim_region@@PEAUsim_entity@@MPEAUmove_spec@@Tv3@@@Z$rtcName$15 0000000180028c90     p5engine.obj
 0003:00001ca0       ?MoveEntity@@YAXPEAUgame_state@@PEAUsim_region@@PEAUsim_entity@@MPEAUmove_spec@@Tv3@@@Z$rtcVarDesc 0000000180028ca0     p5engine.obj
 0003:000020a0       ?MoveEntity@@YAXPEAUgame_state@@PEAUsim_region@@PEAUsim_entity@@MPEAUmove_spec@@Tv3@@@Z$rtcFrameData 00000001800290a0     p5engine.obj
 0003:000021b0       ?DefaultMoveSpec@@YA?AUmove_spec@@XZ$rtcName$0 00000001800291b0     p5engine.obj
 0003:000021c0       ?DefaultMoveSpec@@YA?AUmove_spec@@XZ$rtcVarDesc 00000001800291c0     p5engine.obj
 0003:00002200       ?DefaultMoveSpec@@YA?AUmove_spec@@XZ$rtcFrameData 0000000180029200     p5engine.obj
 0003:00002230       ?DEBUGLoadBMP@@YA?AUloaded_bitmap@@PEAUthread_context@@P6A?AUdebug_read_file_result@@0PEAD@Z1@Z$rtcName$0 0000000180029230     p5engine.obj
 0003:00002238       ?DEBUGLoadBMP@@YA?AUloaded_bitmap@@PEAUthread_context@@P6A?AUdebug_read_file_result@@0PEAD@Z1@Z$rtcName$1 0000000180029238     p5engine.obj
 0003:00002248       ?DEBUGLoadBMP@@YA?AUloaded_bitmap@@PEAUthread_context@@P6A?AUdebug_read_file_result@@0PEAD@Z1@Z$rtcName$2 0000000180029248     p5engine.obj
 0003:00002250       ?DEBUGLoadBMP@@YA?AUloaded_bitmap@@PEAUthread_context@@P6A?AUdebug_read_file_result@@0PEAD@Z1@Z$rtcName$3 0000000180029250     p5engine.obj
 0003:00002260       ?DEBUGLoadBMP@@YA?AUloaded_bitmap@@PEAUthread_context@@P6A?AUdebug_read_file_result@@0PEAD@Z1@Z$rtcName$4 0000000180029260     p5engine.obj
 0003:00002270       ?DEBUGLoadBMP@@YA?AUloaded_bitmap@@PEAUthread_context@@P6A?AUdebug_read_file_result@@0PEAD@Z1@Z$rtcName$5 0000000180029270     p5engine.obj
 0003:00002280       ?DEBUGLoadBMP@@YA?AUloaded_bitmap@@PEAUthread_context@@P6A?AUdebug_read_file_result@@0PEAD@Z1@Z$rtcVarDesc 0000000180029280     p5engine.obj
[...]
 0003:000051bc       $unwind$?MapIntoChunkSpace@@YA?AUworld_position@@PEAUworld@@U1@Tv3@@@Z 000000018002c1bc     p5engine.obj
 0003:000051d8       $unwind$?ChunkPositionFromTilePosition@@YA?AUworld_position@@PEAUworld@@HHHTv3@@@Z 000000018002c1d8     p5engine.obj
 0003:000051f4       $unwind$?Subtract@@YA?ATv3@@PEAUworld@@PEAUworld_position@@1@Z 000000018002c1f4     p5engine.obj
 0003:00005210       $unwind$?ChangeEntityLocationRaw@@YAXPEAUmemory_arena@@PEAUworld@@IPEAUworld_position@@2@Z 000000018002c210     p5engine.obj
 0003:00005224       $unwind$?ChangeEntityLocation@@YAXPEAUmemory_arena@@PEAUworld@@IPEAUlow_entity@@Uworld_position@@@Z 000000018002c224     p5engine.obj
 0003:00005238       $unwind$?GetHashFromStorageIndex@@YAPEAUsim_entity_hash@@PEAUsim_region@@I@Z 000000018002c238     p5engine.obj
 0003:0000524c       $unwind$?GetSimSpacePos@@YA?ATv3@@PEAUsim_region@@PEAUlow_entity@@@Z 000000018002c24c     p5engine.obj
 0003:00005260       $unwind$?AddEntity@@YAPEAUsim_entity@@PEAUgame_state@@PEAUsim_region@@IPEAUlow_entity@@PEATv3@@@Z 000000018002c260     p5engine.obj
 0003:00005274       $unwind$?LoadEntityReference@@YAXPEAUgame_state@@PEAUsim_region@@PEATentity_reference@@@Z 000000018002c274     p5engine.obj
 0003:00005290       $unwind$?StoreEntityReference@@YAXPEATentity_reference@@@Z 000000018002c290     p5engine.obj
 0003:000052a4       $unwind$?AddEntityRaw@@YAPEAUsim_entity@@PEAUgame_state@@PEAUsim_region@@IPEAUlow_entity@@@Z 000000018002c2a4     p5engine.obj
 0003:000052b8       $unwind$?EntityOverlapsRectangle@@YAHTv3@@Usim_entity_collision_volume@@Urectangle3@@@Z 000000018002c2b8     p5engine.obj
 0003:000052cc       $unwind$?BeginSim@@YAPEAUsim_region@@PEAUmemory_arena@@PEAUgame_state@@PEAUworld@@Uworld_position@@Urectangle3@@M@Z 000000018002c2cc     p5engine.obj
 0003:000052e8       $unwind$?EndSim@@YAXPEAUsim_region@@PEAUgame_state@@@Z 000000018002c2e8     p5engine.obj
 0003:00005304       $unwind$?TestWall@@YAHMMMMMPEAMMM@Z 000000018002c304     p5engine.obj
 0003:00005318       $unwind$?CanCollide@@YAHPEAUgame_state@@PEAUsim_entity@@1@Z 000000018002c318     p5engine.obj
 0003:0000532c       $unwind$?HandleCollision@@YAHPEAUgame_state@@PEAUsim_entity@@1@Z 000000018002c32c     p5engine.obj
 0003:00005340       $unwind$?CanOverlap@@YAHPEAUgame_state@@PEAUsim_entity@@1@Z 000000018002c340     p5engine.obj
 0003:00005354       $unwind$?HandleOverlap@@YAXPEAUgame_state@@PEAUsim_entity@@1MPEAM@Z 000000018002c354     p5engine.obj
 0003:00005368       $unwind$?SpeculativeCollide@@YAHPEAUsim_entity@@0@Z 000000018002c368     p5engine.obj
 0003:0000537c       $unwind$?MoveEntity@@YAXPEAUgame_state@@PEAUsim_region@@PEAUsim_entity@@MPEAUmove_spec@@Tv3@@@Z 000000018002c37c     p5engine.obj
 0003:00005398       $unwind$?DefaultMoveSpec@@YA?AUmove_spec@@XZ 000000018002c398     p5engine.obj
 0003:000053b4       $unwind$?GameOutputSound@@YAXPEAUgame_state@@PEAUgame_sound_output_buffer@@H@Z 000000018002c3b4     p5engine.obj
 0003:000053c8       $unwind$?DrawRectangle@@YAXPEAUgame_offscreen_buffer@@Tv2@@1MMM@Z 000000018002c3c8     p5engine.obj
 0003:000053dc       $unwind$?DrawBitmap@@YAXPEAUgame_offscreen_buffer@@PEAUloaded_bitmap@@MMM@Z 000000018002c3dc     p5engine.obj
 0003:000053f0       $unwind$?DEBUGLoadBMP@@YA?AUloaded_bitmap@@PEAUthread_context@@P6A?AUdebug_read_file_result@@0PEAD@Z1@Z 000000018002c3f0     p5engine.obj
 0003:0000540c       $unwind$?AddLowEntity@@YA?AUadd_low_entity_result@@PEAUgame_state@@W4entity_type@@Uworld_position@@@Z 000000018002c40c     p5engine.obj
 0003:00005428       $unwind$?AddGroundedEntity@@YA?AUadd_low_entity_result@@PEAUgame_state@@W4entity_type@@Uworld_position@@PEAUsim_entity_collision_volume_group@@@Z 000000018002c428     p5engine.obj
 0003:0000543c       $unwind$?AddWall@@YA?AUadd_low_entity_result@@PEAUgame_state@@III@Z 000000018002c43c     p5engine.obj
 0003:00005450       $unwind$?AddStairs@@YA?AUadd_low_entity_result@@PEAUgame_state@@III@Z 000000018002c450     p5engine.obj
 0003:00005464       $unwind$?InitHitPoints@@YAXPEAUlow_entity@@I@Z 000000018002c464     p5engine.obj
 0003:00005478       $unwind$?AddSword@@YA?AUadd_low_entity_result@@PEAUgame_state@@@Z 000000018002c478     p5engine.obj
 0003:0000548c       $unwind$?AddPlayer@@YA?AUadd_low_entity_result@@PEAUgame_state@@@Z 000000018002c48c     p5engine.obj
 0003:000054a0       $unwind$?AddMonstar@@YA?AUadd_low_entity_result@@PEAUgame_state@@III@Z 000000018002c4a0     p5engine.obj
 0003:000054b4       $unwind$?AddFamiliar@@YA?AUadd_low_entity_result@@PEAUgame_state@@III@Z 000000018002c4b4     p5engine.obj
 0003:000054c8       $unwind$?PushPiece@@YAXPEAUentity_visible_piece_group@@PEAUloaded_bitmap@@Tv2@@2M2Tv4@@M@Z 000000018002c4c8     p5engine.obj
 0003:000054dc       $unwind$?PushBitmap@@YAXPEAUentity_visible_piece_group@@PEAUloaded_bitmap@@Tv2@@M2MM@Z 000000018002c4dc     p5engine.obj
 0003:000054f0       $unwind$?PushRect@@YAXPEAUentity_visible_piece_group@@Tv2@@M1Tv4@@M@Z 000000018002c4f0     p5engine.obj
 0003:00005504       $unwind$?DrawHitpoints@@YAXPEAUsim_entity@@PEAUentity_visible_piece_group@@@Z 000000018002c504     p5engine.obj
 0003:00005520       $unwind$?MakeSimpleGroundedCollision@@YAPEAUsim_entity_collision_volume_group@@PEAUgame_state@@MMM@Z 000000018002c520     p5engine.obj
 0003:00005534       $unwind$?MakeNullCollision@@YAPEAUsim_entity_collision_volume_group@@PEAUgame_state@@@Z 000000018002c534     p5engine.obj
 0003:00005548       $unwind$GameUpdateAndRender 000000018002c548     p5engine.obj
 0003:00005564       $unwind$GameGetSoundSamples 000000018002c564     p5engine.obj
 0003:00005578       $unwind$_RTC_CheckStackVars 000000018002c578     MSVCRTD:stack.obj
 0003:0000558c       $chain$0$_RTC_CheckStackVars 000000018002c58c     MSVCRTD:stack.obj
 0003:000055a4       $chain$1$_RTC_CheckStackVars 000000018002c5a4     MSVCRTD:stack.obj
 0003:000055b8       $unwind$_RTC_CheckStackVars2 000000018002c5b8     MSVCRTD:stack.obj
 0003:000055c8       $chain$1$_RTC_CheckStackVars2 000000018002c5c8     MSVCRTD:stack.obj
 0003:000055e4       $chain$2$_RTC_CheckStackVars2 000000018002c5e4     MSVCRTD:stack.obj
 0003:000055fc       $chain$3$_RTC_CheckStackVars2 000000018002c5fc     MSVCRTD:stack.obj
 0003:00005614       $chain$4$_RTC_CheckStackVars2 000000018002c614     MSVCRTD:stack.obj
 0003:00005628       $chain$5$_RTC_CheckStackVars2 000000018002c628     MSVCRTD:stack.obj
 0003:0000563c       $chain$6$_RTC_CheckStackVars2 000000018002c63c     MSVCRTD:stack.obj
 0003:00005650       $unwind$_RTC_AllocaHelper  000000018002c650     MSVCRTD:stack.obj
 0003:00005658       $chain$0$_RTC_AllocaHelper 000000018002c658     MSVCRTD:stack.obj
 0003:00005670       $chain$1$_RTC_AllocaHelper 000000018002c670     MSVCRTD:stack.obj
 0003:00005684       $unwind$_RTC_Shutdown      000000018002c684     MSVCRTD:init.obj
 0003:0000568c       $unwind$_RTC_InitBase      000000018002c68c     MSVCRTD:init.obj
 0003:00005694       $unwind$__CheckForDebuggerJustMyCode 000000018002c694     MSVCRTD:debugger_jmc.obj
 0003:0000569c       $unwind$__GSHandlerCheckCommon 000000018002c69c     MSVCRTD:gshandler.obj
 0003:000056a4       $unwind$__GSHandlerCheck   000000018002c6a4     MSVCRTD:gshandler.obj
 0003:000056b0       $xdatasym                  000000018002c6b0     MSVCRTD:chkstk.obj
 0003:000056b8       $xdatasym                  000000018002c6b8     MSVCRTD:amdsecgs.obj
 0003:000056bc       $unwind$?dllmain_crt_process_attach@@YAHQEAUHINSTANCE__@@QEAX@Z 000000018002c6bc     MSVCRTD:dll_dllmain.obj
 0003:000056e0       $unwind$?fin$0@?0??dllmain_crt_process_attach@@YAHQEAUHINSTANCE__@@QEAX@Z@4HA 000000018002c6e0     MSVCRTD:dll_dllmain.obj
 0003:000056e8       $unwind$?dllmain_crt_process_detach@@YAH_N@Z 000000018002c6e8     MSVCRTD:dll_dllmain.obj
 0003:0000571c       $unwind$?fin$0@?0??dllmain_crt_process_detach@@YAH_N@Z@4HA 000000018002c71c     MSVCRTD:dll_dllmain.obj
 0003:00005724       $unwind$?fin$1@?0??dllmain_crt_process_detach@@YAH_N@Z@4HA 000000018002c724     MSVCRTD:dll_dllmain.obj
 0003:0000572c       $unwind$?dllmain_crt_dispatch@@YAHQEAUHINSTANCE__@@KQEAX@Z 000000018002c72c     MSVCRTD:dll_dllmain.obj
 0003:00005734       $unwind$_CRT_INIT          000000018002c734     MSVCRTD:dll_dllmain.obj
 0003:0000573c       $unwind$?dllmain_raw@@YAHQEAUHINSTANCE__@@KQEAX@Z 000000018002c73c     MSVCRTD:dll_dllmain.obj
 0003:00005744       $unwind$?dllmain_dispatch@@YAHQEAUHINSTANCE__@@KQEAX@Z 000000018002c744     MSVCRTD:dll_dllmain.obj
 0003:00005768       $unwind$?filt$0@?0??dllmain_dispatch@@YAHQEAUHINSTANCE__@@KQEAX@Z@4HA 000000018002c768     MSVCRTD:dll_dllmain.obj
 0003:00005770       $unwind$_DllMainCRTStartup 000000018002c770     MSVCRTD:dll_dllmain.obj
 0003:00005778       $unwind$_RTC_UninitUse     000000018002c778     MSVCRTD:error.obj
 0003:00005794       $unwind$?_RTC_StackFailure@@YAXPEAXPEBD@Z 000000018002c794     MSVCRTD:error.obj
 0003:000057b4       $unwind$?_RTC_AllocaFailure@@YAXPEAXPEAU_RTC_ALLOCA_NODE@@H@Z 000000018002c7b4     MSVCRTD:error.obj
 0003:000057d0       $chain$0$?_RTC_AllocaFailure@@YAXPEAXPEAU_RTC_ALLOCA_NODE@@H@Z 000000018002c7d0     MSVCRTD:error.obj
 0003:000057e8       $chain$1$?_RTC_AllocaFailure@@YAXPEAXPEAU_RTC_ALLOCA_NODE@@H@Z 000000018002c7e8     MSVCRTD:error.obj
 0003:000057fc       $unwind$_vsprintf_s_l      000000018002c7fc     MSVCRTD:error.obj
 0003:00005814       $unwind$sprintf_s          000000018002c814     MSVCRTD:error.obj
 0003:0000581c       $unwind$?notify_debugger@@YAXAEBUtagEXCEPTION_VISUALCPP_DEBUG_INFO@@@Z 000000018002c81c     MSVCRTD:error.obj
 0003:00005840       $unwind$?filt$0@?0??notify_debugger@@YAXAEBUtagEXCEPTION_VISUALCPP_DEBUG_INFO@@@Z@4HA 000000018002c840     MSVCRTD:error.obj
 0003:00005848       $unwind$?DebuggerProbe@@YA_NK@Z 000000018002c848     MSVCRTD:error.obj
 0003:00005850       $unwind$?DebuggerRuntime@@YA_NKHPEAXPEB_W@Z 000000018002c850     MSVCRTD:error.obj
 0003:00005858       $unwind$?failwithmessage@@YAXPEAXHHPEBD@Z 000000018002c858     MSVCRTD:error.obj
 0003:00005880       $unwind$?_getMemBlockDataString@@YAXPEAD0PEBD_K@Z 000000018002c880     MSVCRTD:error.obj
 0003:00005894       $chain$3$?_getMemBlockDataString@@YAXPEAD0PEBD_K@Z 000000018002c894     MSVCRTD:error.obj
 0003:000058b8       $chain$4$?_getMemBlockDataString@@YAXPEAD0PEBD_K@Z 000000018002c8b8     MSVCRTD:error.obj
 0003:000058cc       $unwind$__report_securityfailure 000000018002c8cc     MSVCRTD:gs_report.obj
 0003:000058d4       $unwind$__report_securityfailureEx 000000018002c8d4     MSVCRTD:gs_report.obj
 0003:000058dc       $unwind$__report_rangecheckfailure 000000018002c8dc     MSVCRTD:gs_report.obj
 0003:000058e4       $unwind$__report_gsfailure 000000018002c8e4     MSVCRTD:gs_report.obj
 0003:000058ec       $unwind$capture_current_context 000000018002c8ec     MSVCRTD:gs_report.obj
 0003:000058f4       $unwind$capture_previous_context 000000018002c8f4     MSVCRTD:gs_report.obj
 0003:000058fc       $unwind$__raise_securityfailure 000000018002c8fc     MSVCRTD:gs_report.obj
 0003:00005904       $unwind$__security_init_cookie 000000018002c904     MSVCRTD:gs_support.obj
 0003:0000590c       $unwind$__get_entropy      000000018002c90c     MSVCRTD:gs_support.obj
 0003:00005914       $unwind$DllMain            000000018002c914     MSVCRTD:dll_dllmain_stub.obj
 0003:0000591c       $unwind$?__scrt_initialize_type_info@@YAXXZ 000000018002c91c     MSVCRTD:tncleanup.obj
 0003:00005924       $unwind$?__scrt_uninitialize_type_info@@YAXXZ 000000018002c924     MSVCRTD:tncleanup.obj
 0003:0000592c       $unwind$__scrt_initialize_default_local_stdio_options 000000018002c92c     MSVCRTD:default_local_stdio_options.obj
 0003:00005934       $unwind$atexit             000000018002c934     MSVCRTD:utility.obj
 0003:0000593c       $unwind$_onexit            000000018002c93c     MSVCRTD:utility.obj
 0003:00005944       $unwind$at_quick_exit      000000018002c944     MSVCRTD:utility.obj
 0003:0000594c       $unwind$__scrt_is_nonwritable_in_current_image 000000018002c94c     MSVCRTD:utility.obj
 0003:00005970       $unwind$__scrt_is_nonwritable_in_current_image$filt$0 000000018002c970     MSVCRTD:utility.obj
 0003:00005978       $unwind$__scrt_acquire_startup_lock 000000018002c978     MSVCRTD:utility.obj
 0003:00005980       $unwind$__scrt_release_startup_lock 000000018002c980     MSVCRTD:utility.obj
 0003:00005988       $unwind$__scrt_initialize_crt 000000018002c988     MSVCRTD:utility.obj
 0003:00005990       $unwind$__scrt_uninitialize_crt 000000018002c990     MSVCRTD:utility.obj
 0003:00005998       $unwind$__scrt_initialize_onexit_tables 000000018002c998     MSVCRTD:utility.obj
 0003:000059a8       $unwind$__scrt_dllmain_exception_filter 000000018002c9a8     MSVCRTD:utility.obj
 0003:000059b0       $unwind$__scrt_dllmain_before_initialize_c 000000018002c9b0     MSVCRTD:utility.obj
 0003:000059b8       $unwind$__scrt_dllmain_after_initialize_c 000000018002c9b8     MSVCRTD:utility.obj
 0003:000059c0       $unwind$__scrt_dllmain_uninitialize_c 000000018002c9c0     MSVCRTD:utility.obj
 0003:000059c8       $unwind$__scrt_dllmain_uninitialize_critical 000000018002c9c8     MSVCRTD:utility.obj
 0003:000059d0       $unwind$__scrt_dllmain_crt_thread_attach 000000018002c9d0     MSVCRTD:utility.obj
 0003:000059d8       $unwind$__scrt_dllmain_crt_thread_detach 000000018002c9d8     MSVCRTD:utility.obj
 0003:000059e0       $unwind$?configure_argv@__scrt_narrow_argv_policy@@SAHXZ 000000018002c9e0     MSVCRTD:utility.obj
 0003:000059e8       $unwind$?initialize_environment@__scrt_narrow_environment_policy@@SAHXZ 000000018002c9e8     MSVCRTD:utility.obj
 0003:000059f0       $unwind$?is_potentially_valid_image_base@@YA_NQEAX@Z 000000018002c9f0     MSVCRTD:utility.obj
 0003:000059f8       $unwind$?find_pe_section@@YAPEAU_IMAGE_SECTION_HEADER@@QEAE_K@Z 000000018002c9f8     MSVCRTD:utility.obj
 0003:00005a00       $unwind$__scrt_get_show_window_mode 000000018002ca00     MSVCRTD:utility_desktop.obj
 0003:00005a10       $unwind$__scrt_is_managed_app 000000018002ca10     MSVCRTD:utility_desktop.obj
 0003:00005a18       $unwind$__scrt_initialize_mta 000000018002ca18     MSVCRTD:utility_desktop.obj
 0003:00005a20       $unwind$__scrt_set_unhandled_exception_filter 000000018002ca20     MSVCRTD:utility_desktop.obj
 0003:00005a28       $unwind$__scrt_fastfail    000000018002ca28     MSVCRTD:utility_desktop.obj
 0003:00005a38       $unwind$__scrt_unhandled_exception_filter 000000018002ca38     MSVCRTD:utility_desktop.obj
 0003:00005a40       $unwind$_RTC_Initialize    000000018002ca40     MSVCRTD:initsect.obj
 0003:00005a50       $unwind$_RTC_Terminate     000000018002ca50     MSVCRTD:initsect.obj
 0003:00005a60       $unwind$ReadNoFence64      000000018002ca60     MSVCRTD:guard_support.obj
 0003:00005a68       $unwind$ReadPointerNoFence 000000018002ca68     MSVCRTD:guard_support.obj
 0003:00005a70       $unwind$_guard_icall_checks_enforced 000000018002ca70     MSVCRTD:guard_support.obj
 0003:00005a78       $unwind$__castguard_compat_check 000000018002ca78     MSVCRTD:guard_support.obj
 0003:00005a80       $unwind$__castguard_check_failure_debugbreak 000000018002ca80     MSVCRTD:guard_support.obj
 0003:00005a88       $unwind$__castguard_check_failure_fastfail 000000018002ca88     MSVCRTD:guard_support.obj
 0003:00005a90       $unwind$__castguard_check_failure_os_handled 000000018002ca90     MSVCRTD:guard_support.obj
 0003:00005a98       $unwind$__castguard_slow_path_compat_check 000000018002ca98     MSVCRTD:guard_support.obj
 0003:00005aa0       $unwind$__castguard_slow_path_check_debugbreak 000000018002caa0     MSVCRTD:guard_support.obj
 0003:00005aa8       $unwind$__castguard_slow_path_check_fastfail 000000018002caa8     MSVCRTD:guard_support.obj
 0003:00005ab0       $unwind$__castguard_slow_path_check_os_handled 000000018002cab0     MSVCRTD:guard_support.obj
 0003:00005ab8       $unwind$?_RTC_GetSrcLine@@YAHPEAEPEA_WKPEAH1K@Z 000000018002cab8     MSVCRTD:pdblkup.obj
 0003:00005ad4       $unwind$?GetPdbDllFromInstallPath@@YAPEAUHINSTANCE__@@XZ 000000018002cad4     MSVCRTD:pdblkup.obj
 0003:00005afc       $unwind$?GetPdbDllPathFromFilePath@@YAHPEB_WPEA_W_K@Z 000000018002cafc     MSVCRTD:pdblkup.obj
 0003:00005b18       $unwind$?GetPdbDll@@YAPEAUHINSTANCE__@@XZ 000000018002cb18     MSVCRTD:pdblkup.obj
 0003:00005b2c       $unwind$__isa_available_init 000000018002cb2c     MSVCRTD:cpu_disp.obj
 0003:00005b40       $unwind$__scrt_is_ucrt_dll_in_use 000000018002cb40     MSVCRTD:ucrt_detection.obj
 0003:00005b48       $xdatasym                  000000018002cb48     MSVCRTD:guard_dispatch.obj
 0003:00005b50       $xdatasym                  000000018002cb50     MSVCRTD:guard_xfg_dispatch.obj
 0003:00005e00       .edata                     000000018002ce00     P5Engine.exp
 0003:00005e28       rgpv                       000000018002ce28     P5Engine.exp
 0003:00005e30       rgszName                   000000018002ce30     P5Engine.exp
 0003:00005e38       rgwOrd                     000000018002ce38     P5Engine.exp
 0003:00005e3c       szName                     000000018002ce3c     P5Engine.exp
 0003:00005e49       $N00001                    000000018002ce49     P5Engine.exp
 0003:00005e5d       $N00002                    000000018002ce5d     P5Engine.exp
 0004:00000000       ?RandomNumberTable@@3PAIA  000000018002d000     p5engine.obj
 0004:00004e40       ?init@?1??_RTC_InitBase@@9@4_NA 0000000180031e40     MSVCRTD:init.obj
 0004:00004e44       ?__proc_attached@@3HA      0000000180031e44     MSVCRTD:dll_dllmain.obj
 0004:00004e58       ?_RTC_ErrorReportFunc@@3P6AHHPEBDH00ZZEA 0000000180031e58     MSVCRTD:userapi.obj
 0004:00004e60       ?_RTC_ErrorReportFuncW@@3P6AHHPEB_WH00ZZEA 0000000180031e60     MSVCRTD:userapi.obj
 0004:00004e70       GS_ExceptionRecord         0000000180031e70     MSVCRTD:gs_report.obj
 0004:00004f10       GS_ContextRecord           0000000180031f10     MSVCRTD:gs_report.obj
 0004:00005538       ?is_initialized_as_dll@@3_NA 0000000180032538     MSVCRTD:utility.obj
 0004:00005539       ?module_local_atexit_table_initialized@@3_NA 0000000180032539     MSVCRTD:utility.obj
 0004:00005540       ?module_local_atexit_table@@3U_onexit_table_t@@A 0000000180032540     MSVCRTD:utility.obj
 0004:00005558       ?module_local_at_quick_exit_table@@3U_onexit_table_t@@A 0000000180032558     MSVCRTD:utility.obj
 0004:00005598       ?mspdb@@3PEAUHINSTANCE__@@EA 0000000180032598     MSVCRTD:pdblkup.obj
 0004:000055a1       ?alreadyTried@?1??GetPdbDll@@YAPEAUHINSTANCE__@@XZ@4_NA 00000001800325a1     MSVCRTD:pdblkup.obj
 0004:000055a2       ?PDBOK@?1??_RTC_GetSrcLine@@YAHPEAEPEA_WKPEAH1K@Z@4_NA 00000001800325a2     MSVCRTD:pdblkup.obj
 0006:000007aa       .idata$6                   00000001800367aa     vcruntimed:VCRUNTIME140D.dll
 0006:0000095a       .idata$6                   000000018003695a     ucrtd:ucrtbased.dll
 0006:00000b9c       .idata$6                   0000000180036b9c     kernel32:KERNEL32.dll
 0007:00000000       __5C0B09BC_p5engine_platform@h 0000000180037000     p5engine.obj
 0007:00000001       __09340588_corecrt_math@h  0000000180037001     p5engine.obj
 0007:00000002       __B0C4CEA9_malloc@h        0000000180037002     p5engine.obj
 0007:00000003       __3A0418DB_p5engine_intrinsics@h 0000000180037003     p5engine.obj
 0007:00000004       __6D6C9F34_p5engine_math@h 0000000180037004     p5engine.obj
 0007:00000005       __326D9465_p5engine_entity@h 0000000180037005     p5engine.obj
 0007:00000006       __B7D51BCB_p5engine@h      0000000180037006     p5engine.obj
 0007:00000007       __DC0D61CC_p5engine_world@cpp 0000000180037007     p5engine.obj
 0007:00000008       __5DD8E4E4_p5engine_sim_region@cpp 0000000180037008     p5engine.obj
 0007:00000009       __9C871DF9_p5engine_entity@cpp 0000000180037009     p5engine.obj
 0007:0000000a       __D1049797_p5engine@cpp    000000018003700a     p5engine.obj
 0009:00000170       $R000000                   0000000180039170     * linker generated manifest res *
