 P5Engine

 Timestamp is 6125af14 (Tue Aug 24 19:46:44 2021)

 Preferred load address is 0000000180000000

 Start         Length     Name                   Class
 0001:00000000 00010000H .textbss                DATA
 0002:00000000 0000f300H .text$mn                CODE
 0002:0000f300 00001040H .text$mn$00             CODE
 0002:00010340 00001141H .text$x                 CODE
 0003:00000000 00000110H .CRT$XCA                DATA
 0003:00000110 00000110H .CRT$XCZ                DATA
 0003:00000220 00000110H .CRT$XIA                DATA
 0003:00000330 00000110H .CRT$XIZ                DATA
 0003:00000440 00000110H .CRT$XPA                DATA
 0003:00000550 00000110H .CRT$XPZ                DATA
 0003:00000660 00000110H .CRT$XTA                DATA
 0003:00000770 00000110H .CRT$XTZ                DATA
 0003:00000880 00002e00H .rdata                  DATA
 0003:00003680 00000110H .rdata$CastGuardVftablesA DATA
 0003:00003790 0000010cH .rdata$CastGuardVftablesC DATA
 0003:0000389c 0000017cH .rdata$zzzdbg           DATA
 0003:00003a18 00000110H .rtc$IAA                DATA
 0003:00003b28 00000110H .rtc$IMZ                DATA
 0003:00003c38 00000110H .rtc$IZZ                DATA
 0003:00003d48 00000110H .rtc$TAA                DATA
 0003:00003e58 00000110H .rtc$TMZ                DATA
 0003:00003f68 00000110H .rtc$TZZ                DATA
 0003:00004078 00000f88H .xdata                  DATA
 0003:00005000 00000187H .edata                  DATA
 0004:00000000 00004e40H .data                   DATA
 0004:00004e40 00000788H .bss                    DATA
 0005:00000000 00002550H .pdata                  DATA
 0006:00000000 00000340H .idata$5                DATA
 0006:00000340 0000003cH .idata$2                DATA
 0006:0000037c 00000014H .idata$3                DATA
 0006:00000390 00000340H .idata$4                DATA
 0006:000006d0 00000656H .idata$6                DATA
 0007:00000000 0000010dH .msvcjmc                DATA
 0008:00000000 00000151H .00cfg                  DATA
 0009:00000000 00000170H .rsrc$01                DATA
 0009:00000170 000001b6H .rsrc$02                DATA

  Address         Publics by Value              Rva+Base               Lib:Object

 0000:00000000       __guard_longjmp_count      0000000000000000     <absolute>
 0000:00000000       __guard_longjmp_table      0000000000000000     <absolute>
 0000:00000000       __guard_eh_cont_count      0000000000000000     <absolute>
 0000:00000000       __guard_fids_table         0000000000000000     <absolute>
 0000:00000000       __x64_code_ranges_to_entry_points 0000000000000000     <absolute>
 0000:00000000       __dynamic_value_reloc_table 0000000000000000     <absolute>
 0000:00000000       __guard_fids_count         0000000000000000     <absolute>
 0000:00000000       __guard_iat_table          0000000000000000     <absolute>
 0000:00000000       ___safe_se_handler_count   0000000000000000     <absolute>
 0000:00000000       __hybrid_code_map_count    0000000000000000     <absolute>
 0000:00000000       __AbsoluteZero             0000000000000000     <absolute>
 0000:00000000       __arm64x_redirection_metadata_count 0000000000000000     <absolute>
 0000:00000000       __arm64x_redirection_metadata 0000000000000000     <absolute>
 0000:00000000       __hybrid_auxiliary_iat_copy 0000000000000000     <absolute>
 0000:00000000       __guard_iat_count          0000000000000000     <absolute>
 0000:00000000       __hybrid_auxiliary_iat     0000000000000000     <absolute>
 0000:00000000       __arm64x_extra_rfe_table   0000000000000000     <absolute>
 0000:00000000       __enclave_config           0000000000000000     <absolute>
 0000:00000000       __arm64x_native_entrypoint 0000000000000000     <absolute>
 0000:00000000       ___safe_se_handler_table   0000000000000000     <absolute>
 0000:00000000       __x64_code_ranges_to_entry_points_count 0000000000000000     <absolute>
 0000:00000000       __hybrid_code_map          0000000000000000     <absolute>
 0000:00000000       __guard_eh_cont_table      0000000000000000     <absolute>
 0000:00000000       __volatile_metadata        0000000000000000     <absolute>
 0000:00000000       __arm64x_extra_rfe_table_size 0000000000000000     <absolute>
 0000:00000000       __guard_check_icall_a64n_fptr 0000000000000000     <absolute>
 0000:00000100       __guard_flags              0000000000000100     <absolute>
 0000:00000000       __ImageBase                0000000180000000     <linker-defined>
 0001:00000000       __enc$textbss$begin        0000000180001000     <linker-defined>
 0001:00010000       __enc$textbss$end          0000000180011000     <linker-defined>
 0002:00000900       ??D@YA?ATv2@@MT0@@Z        0000000180011900 f i p5engine.obj
 0002:000009f0       ??D@YA?ATv2@@T0@M@Z        00000001800119f0 f i p5engine.obj
 0002:00000a90       ??D@YA?ATv3@@MT0@@Z        0000000180011a90 f i p5engine.obj
 0002:00000bd0       ??G@YA?ATv2@@T0@0@Z        0000000180011bd0 f i p5engine.obj
 0002:00000cc0       ??H@YA?ATv2@@T0@0@Z        0000000180011cc0 f i p5engine.obj
 0002:00000db0       ??X@YAAEATv2@@AEAT0@M@Z    0000000180011db0 f i p5engine.obj
 0002:00000e30       ??X@YAAEATv3@@AEAT0@M@Z    0000000180011e30 f i p5engine.obj
 0002:00000ef0       ??Y@YAAEATv2@@AEAT0@T0@@Z  0000000180011ef0 f i p5engine.obj
 0002:00000f70       ??Z@YAAEATv2@@AEAT0@T0@@Z  0000000180011f70 f i p5engine.obj
 0002:00000ff0       ?AbsoluteValue@@YAMM@Z     0000000180011ff0 f i p5engine.obj
 0002:000014b0       ?AddFlag@@YAXPEAUsim_entity@@W4entity_flag@@@Z 00000001800124b0 f i p5engine.obj
 0002:00001de0       ?AreInSameChunk@@YAHPEAUworld@@PEAUworld_position@@1@Z 0000000180012de0 f i p5engine.obj
 0002:000025c0       ?ChangeEntityLocationRaw@@YAXPEAUmemory_arena@@PEAUworld@@IPEAUworld_position@@2@Z 00000001800135c0 f i p5engine.obj
 0002:00002ac0       ?ChunkPositionFromTilePosition@@YA?AUworld_position@@PEAUworld@@HHH@Z 0000000180013ac0 f i p5engine.obj
 0002:00002c80       ?ClearFlag@@YAXPEAUsim_entity@@W4entity_flag@@@Z 0000000180013c80 f i p5engine.obj
 0002:00003170       ?DefaultMoveSpec@@YA?AUmove_spec@@XZ 0000000180014170 f i p5engine.obj
 0002:000040f0       ?FindLeastSignificantSetBit@@YA?AUbit_scan_result@@I@Z 00000001800150f0 f i p5engine.obj
 0002:000043c0       ?GetLowEntity@@YAPEAUlow_entity@@PEAUgame_state@@I@Z 00000001800153c0 f i p5engine.obj
 0002:00004460       ?GetMaxCorner@@YA?ATv2@@Urectangle2@@@Z 0000000180015460 f i p5engine.obj
 0002:000044f0       ?GetMinCorner@@YA?ATv2@@Urectangle2@@@Z 00000001800154f0 f i p5engine.obj
 0002:00004580       ?GetSimSpacePos@@YA?ATv2@@PEAUsim_region@@PEAUlow_entity@@@Z 0000000180015580 f i p5engine.obj
 0002:000046b0       ?GetWorldChunk@@YAPEAUworld_chunk@@PEAUworld@@HHHPEAUmemory_arena@@@Z 00000001800156b0 f i p5engine.obj
 0002:00004930       ?HasFlag@@YAHPEAUsim_entity@@W4entity_flag@@@Z 0000000180015930 f i p5engine.obj
 0002:00004a50       ?InitializeArena@@YAXPEAUmemory_arena@@_KPEAX@Z 0000000180015a50 f i p5engine.obj
 0002:00004bc0       ?Inner@@YAMTv2@@0@Z        0000000180015bc0 f i p5engine.obj
 0002:00004c40       ?IsCanonical@@YAHPEAUworld@@M@Z 0000000180015c40 f i p5engine.obj
 0002:00004d20       ?IsCanonical@@YAHPEAUworld@@Tv2@@@Z 0000000180015d20 f i p5engine.obj
 0002:00004dc0       ?IsInRectangle@@YAHUrectangle2@@Tv2@@@Z 0000000180015dc0 f i p5engine.obj
 0002:00004e90       ?IsValid@@YAHUworld_position@@@Z 0000000180015e90 f i p5engine.obj
 0002:00004f00       ?Length@@YAMTv2@@@Z        0000000180015f00 f i p5engine.obj
 0002:00004f60       ?LengthSq@@YAMTv2@@@Z      0000000180015f60 f i p5engine.obj
 0002:00004fc0       ?LoadEntityReference@@YAXPEAUgame_state@@PEAUsim_region@@PEATentity_reference@@@Z 0000000180015fc0 f i p5engine.obj
 0002:000050e0       ?MakeEntityNonSpatial@@YAXPEAUsim_entity@@@Z 00000001800160e0 f i p5engine.obj
 0002:00005170       ?MakeEntitySpatial@@YAXPEAUsim_entity@@Tv2@@1@Z 0000000180016170 f i p5engine.obj
 0002:00005200       ?MapIntoChunkSpace@@YA?AUworld_position@@PEAUworld@@U1@Tv2@@@Z 0000000180016200 f i p5engine.obj
 0002:00005e20       ?NullPosition@@YA?AUworld_position@@XZ 0000000180016e20 f i p5engine.obj
 0002:00005f00       ?PushBitmap@@YAXPEAUentity_visible_piece_group@@PEAUloaded_bitmap@@Tv2@@M2MM@Z 0000000180016f00 f i p5engine.obj
 0002:000060a0       ?PushPiece@@YAXPEAUentity_visible_piece_group@@PEAUloaded_bitmap@@Tv2@@2M2Tv4@@M@Z 00000001800170a0 f i p5engine.obj
 0002:000062c0       ?PushRect@@YAXPEAUentity_visible_piece_group@@Tv2@@M1Tv4@@M@Z 00000001800172c0 f i p5engine.obj
 0002:000063b0       ?PushSize_@@YAPEAXPEAUmemory_arena@@_K@Z 00000001800173b0 f i p5engine.obj
 0002:00006470       ?RecanonicalizeCoord@@YAXPEAUworld@@PEAHPEAM@Z 0000000180017470 f i p5engine.obj
 0002:00006560       ?RectCenterDim@@YA?AUrectangle2@@Tv2@@0@Z 0000000180017560 f i p5engine.obj
 0002:00006660       ?RectCenterHalfDim@@YA?AUrectangle2@@Tv2@@0@Z 0000000180017660 f i p5engine.obj
 0002:000067a0       ?RotateLeft@@YAIIH@Z       00000001800177a0 f i p5engine.obj
 0002:00006800       ?RoundReal32ToInt32@@YAHM@Z 0000000180017800 f i p5engine.obj
 0002:00006860       ?RoundReal32ToUInt32@@YAIM@Z 0000000180017860 f i p5engine.obj
 0002:000068c0       ?Sin@@YAMM@Z               00000001800178c0 f i p5engine.obj
 0002:00006920       ?Square@@YAMM@Z            0000000180017920 f i p5engine.obj
 0002:00006980       ?SquareRoot@@YAMM@Z        0000000180017980 f i p5engine.obj
 0002:000069e0       ?StoreEntityReference@@YAXPEATentity_reference@@@Z 00000001800179e0 f i p5engine.obj
 0002:00006e10       ?UpdateFamiliar@@YAXPEAUsim_region@@PEAUsim_entity@@M@Z 0000000180017e10 f i p5engine.obj
 0002:000071b0       ?UpdateMonster@@YAXPEAUsim_region@@PEAUsim_entity@@M@Z 00000001800181b0 f i p5engine.obj
 0002:00007200       ?UpdateSword@@YAXPEAUsim_region@@PEAUsim_entity@@M@Z 0000000180018200 f i p5engine.obj
 0002:000073e0       ?V2@@YA?ATv2@@MM@Z         00000001800183e0 f i p5engine.obj
 0002:000074b0       ?V3@@YA?ATv3@@MMM@Z        00000001800184b0 f i p5engine.obj
 0002:000075d0       ?V4@@YA?ATv4@@MMMM@Z       00000001800185d0 f i p5engine.obj
 0002:00007700       ?ZeroSize@@YAX_KPEAX@Z     0000000180018700 f i p5engine.obj
 0002:000077a0       GameGetSoundSamples        00000001800187a0 f   p5engine.obj
 0002:00007810       GameUpdateAndRender        0000000180018810 f   p5engine.obj
 0002:00009d10       GetController              000000018001ad10 f i p5engine.obj
 0002:00009d90       __JustMyCode_Default       000000018001ad90 f i p5engine.obj
 0002:00009da0       _RTC_AllocaHelper          000000018001ada0 f   MSVCRTD:stack.obj
 0002:00009df0       _RTC_CheckStackVars        000000018001adf0 f   MSVCRTD:stack.obj
 0002:00009ea0       _RTC_CheckStackVars2       000000018001aea0 f   MSVCRTD:stack.obj
 0002:00009ff0       _CRT_RTC_INIT              000000018001aff0 f   MSVCRTD:init.obj
 0002:0000a000       _CRT_RTC_INITW             000000018001b000 f   MSVCRTD:init.obj
 0002:0000a010       _RTC_InitBase              000000018001b010 f   MSVCRTD:init.obj
 0002:0000a060       _RTC_Shutdown              000000018001b060 f   MSVCRTD:init.obj
 0002:0000a090       __CheckForDebuggerJustMyCode 000000018001b090 f   MSVCRTD:debugger_jmc.obj
 0002:0000a0e0       __GSHandlerCheck           000000018001b0e0 f   MSVCRTD:gshandler.obj
 0002:0000a130       __GSHandlerCheckCommon     000000018001b130 f   MSVCRTD:gshandler.obj
 0002:0000a280       __chkstk                   000000018001b280 f   MSVCRTD:chkstk.obj
 0002:0000a280       _alloca_probe              000000018001b280 f   MSVCRTD:chkstk.obj
 0002:0000a300       __security_check_cookie    000000018001b300 f   MSVCRTD:amdsecgs.obj
 0002:0000a830       _CRT_INIT                  000000018001b830 f   MSVCRTD:dll_dllmain.obj
 0002:0000a870       _DllMainCRTStartup         000000018001b870 f   MSVCRTD:dll_dllmain.obj
 0002:0000a970       ?_RTC_AllocaFailure@@YAXPEAXPEAU_RTC_ALLOCA_NODE@@H@Z 000000018001b970 f   MSVCRTD:error.obj
 0002:0000ab20       ?_RTC_Failure@@YAXPEAXH@Z  000000018001bb20 f   MSVCRTD:error.obj
 0002:0000ab90       ?_RTC_StackFailure@@YAXPEAXPEBD@Z 000000018001bb90 f   MSVCRTD:error.obj
 0002:0000b0d0       _RTC_UninitUse             000000018001c0d0 f   MSVCRTD:error.obj
 0002:0000b1d0       __local_stdio_printf_options 000000018001c1d0 f i MSVCRTD:error.obj
 0002:0000b1e0       _vsprintf_s_l              000000018001c1e0 f i MSVCRTD:error.obj
 0002:0000b260       sprintf_s                  000000018001c260 f i MSVCRTD:error.obj
 0002:0000b290       ?_RTC_GetErrorFunc@@YAP6AHHPEBDH00ZZPEBX@Z 000000018001c290 f   MSVCRTD:userapi.obj
 0002:0000b2a0       ?_RTC_GetErrorFuncW@@YAP6AHHPEB_WH00ZZPEBX@Z 000000018001c2a0 f   MSVCRTD:userapi.obj
 0002:0000b2b0       _RTC_GetErrDesc            000000018001c2b0 f   MSVCRTD:userapi.obj
 0002:0000b2d0       _RTC_NumErrors             000000018001c2d0 f   MSVCRTD:userapi.obj
 0002:0000b2e0       _RTC_SetErrorFunc          000000018001c2e0 f   MSVCRTD:userapi.obj
 0002:0000b300       _RTC_SetErrorFuncW         000000018001c300 f   MSVCRTD:userapi.obj
 0002:0000b320       _RTC_SetErrorType          000000018001c320 f   MSVCRTD:userapi.obj
 0002:0000b350       __raise_securityfailure    000000018001c350 f   MSVCRTD:gs_report.obj
 0002:0000b3a0       __report_gsfailure         000000018001c3a0 f   MSVCRTD:gs_report.obj
 0002:0000b4b0       __report_rangecheckfailure 000000018001c4b0 f   MSVCRTD:gs_report.obj
 0002:0000b4d0       __report_securityfailure   000000018001c4d0 f   MSVCRTD:gs_report.obj
 0002:0000b5a0       __report_securityfailureEx 000000018001c5a0 f   MSVCRTD:gs_report.obj
 0002:0000b990       __security_init_cookie     000000018001c990 f   MSVCRTD:gs_support.obj
 0002:0000ba30       DllMain                    000000018001ca30 f   MSVCRTD:dll_dllmain_stub.obj
 0002:0000ba80       ?__scrt_initialize_type_info@@YAXXZ 000000018001ca80 f   MSVCRTD:tncleanup.obj
 0002:0000baa0       ?__scrt_uninitialize_type_info@@YAXXZ 000000018001caa0 f   MSVCRTD:tncleanup.obj
 0002:0000bac0       __local_stdio_scanf_options 000000018001cac0 f i MSVCRTD:default_local_stdio_options.obj
 0002:0000bad0       __scrt_initialize_default_local_stdio_options 000000018001cad0 f   MSVCRTD:default_local_stdio_options.obj
 0002:0000bb30       ?configure_argv@__scrt_narrow_argv_policy@@SAHXZ 000000018001cb30 f i MSVCRTD:utility.obj
 0002:0000bc50       ?initialize_environment@__scrt_narrow_environment_policy@@SAHXZ 000000018001cc50 f i MSVCRTD:utility.obj
 0002:0000bd20       NtCurrentTeb               000000018001cd20 f i MSVCRTD:utility.obj
 0002:0000bd30       __scrt_acquire_startup_lock 000000018001cd30 f   MSVCRTD:utility.obj
 0002:0000bdb0       __scrt_dllmain_after_initialize_c 000000018001cdb0 f   MSVCRTD:utility.obj
 0002:0000bdf0       __scrt_dllmain_before_initialize_c 000000018001cdf0 f   MSVCRTD:utility.obj
 0002:0000be20       __scrt_dllmain_crt_thread_attach 000000018001ce20 f   MSVCRTD:utility.obj
 0002:0000be60       __scrt_dllmain_crt_thread_detach 000000018001ce60 f   MSVCRTD:utility.obj
 0002:0000be80       __scrt_dllmain_exception_filter 000000018001ce80 f   MSVCRTD:utility.obj
 0002:0000bf00       __scrt_dllmain_uninitialize_c 000000018001cf00 f   MSVCRTD:utility.obj
 0002:0000bf40       __scrt_dllmain_uninitialize_critical 000000018001cf40 f   MSVCRTD:utility.obj
 0002:0000bf60       __scrt_initialize_crt      000000018001cf60 f   MSVCRTD:utility.obj
 0002:0000bfc0       __scrt_initialize_onexit_tables 000000018001cfc0 f   MSVCRTD:utility.obj
 0002:0000c110       __scrt_is_nonwritable_in_current_image 000000018001d110 f   MSVCRTD:utility.obj
 0002:0000c1c0       __scrt_release_startup_lock 000000018001d1c0 f   MSVCRTD:utility.obj
 0002:0000c200       __scrt_uninitialize_crt    000000018001d200 f   MSVCRTD:utility.obj
 0002:0000c250       _onexit                    000000018001d250 f   MSVCRTD:utility.obj
 0002:0000c2f0       at_quick_exit              000000018001d2f0 f   MSVCRTD:utility.obj
 0002:0000c350       atexit                     000000018001d350 f   MSVCRTD:utility.obj
 0002:0000c390       __scrt_get_dyn_tls_init_callback 000000018001d390 f   MSVCRTD:dyn_tls_init.obj
 0002:0000c3a0       __crt_debugger_hook        000000018001d3a0 f   MSVCRTD:utility_desktop.obj
 0002:0000c3c0       __scrt_fastfail            000000018001d3c0 f   MSVCRTD:utility_desktop.obj
 0002:0000c5c0       __scrt_get_show_window_mode 000000018001d5c0 f   MSVCRTD:utility_desktop.obj
 0002:0000c630       __scrt_initialize_mta      000000018001d630 f   MSVCRTD:utility_desktop.obj
 0002:0000c650       __scrt_initialize_winrt    000000018001d650 f   MSVCRTD:utility_desktop.obj
 0002:0000c660       __scrt_is_managed_app      000000018001d660 f   MSVCRTD:utility_desktop.obj
 0002:0000c730       __scrt_set_unhandled_exception_filter 000000018001d730 f   MSVCRTD:utility_desktop.obj
 0002:0000c750       __scrt_stub_for_initialize_mta 000000018001d750 f   MSVCRTD:utility_desktop.obj
 0002:0000c750       __scrt_exe_initialize_mta  000000018001d750 f   MSVCRTD:utility_desktop.obj
 0002:0000c760       __scrt_unhandled_exception_filter 000000018001d760 f   MSVCRTD:utility_desktop.obj
 0002:0000c820       _RTC_Initialize            000000018001d820 f   MSVCRTD:initsect.obj
 0002:0000c880       _RTC_Terminate             000000018001d880 f   MSVCRTD:initsect.obj
 0002:0000c8e0       _guard_check_icall_nop     000000018001d8e0 f i MSVCRTD:guard_support.obj
 0002:0000c8f0       ReadNoFence64              000000018001d8f0 f i MSVCRTD:guard_support.obj
 0002:0000c920       ReadPointerNoFence         000000018001d920 f i MSVCRTD:guard_support.obj
 0002:0000c940       __castguard_check_failure_debugbreak 000000018001d940 f i MSVCRTD:guard_support.obj
 0002:0000c970       __castguard_check_failure_fastfail 000000018001d970 f i MSVCRTD:guard_support.obj
 0002:0000c9a0       __castguard_check_failure_nop 000000018001d9a0 f i MSVCRTD:guard_support.obj
 0002:0000c9b0       __castguard_check_failure_os_handled 000000018001d9b0 f i MSVCRTD:guard_support.obj
 0002:0000caa0       __castguard_slow_path_check_debugbreak 000000018001daa0 f i MSVCRTD:guard_support.obj
 0002:0000caf0       __castguard_slow_path_check_fastfail 000000018001daf0 f i MSVCRTD:guard_support.obj
 0002:0000cb50       __castguard_slow_path_check_nop 000000018001db50 f i MSVCRTD:guard_support.obj
 0002:0000cb70       __castguard_slow_path_check_os_handled 000000018001db70 f i MSVCRTD:guard_support.obj
 0002:0000cc80       _guard_icall_checks_enforced 000000018001dc80 f i MSVCRTD:guard_support.obj
 0002:0000ccd0       _guard_rf_checks_enforced  000000018001dcd0 f i MSVCRTD:guard_support.obj
 0002:0000d330       ?_RTC_GetSrcLine@@YAHPEAEPEA_WKPEAH1K@Z 000000018001e330 f   MSVCRTD:pdblkup.obj
 0002:0000d7f0       __isa_available_init       000000018001e7f0 f   MSVCRTD:cpu_disp.obj
 0002:0000dc70       _get_startup_argv_mode     000000018001ec70 f   MSVCRTD:argv_mode.obj
 0002:0000dc80       __scrt_is_ucrt_dll_in_use  000000018001ec80 f   MSVCRTD:ucrt_detection.obj
 0002:0000dcb0       __C_specific_handler       000000018001ecb0 f   vcruntimed:VCRUNTIME140D.dll
 0002:0000dcb6       __C_specific_handler_noexcept 000000018001ecb6 f   vcruntimed:VCRUNTIME140D.dll
 0002:0000dcbc       __std_type_info_destroy_list 000000018001ecbc f   vcruntimed:VCRUNTIME140D.dll
 0002:0000dcc2       __current_exception        000000018001ecc2 f   vcruntimed:VCRUNTIME140D.dll
 0002:0000dcc8       __current_exception_context 000000018001ecc8 f   vcruntimed:VCRUNTIME140D.dll
 0002:0000dcce       __vcrt_GetModuleFileNameW  000000018001ecce f   vcruntimed:VCRUNTIME140D.dll
 0002:0000dcd4       __vcrt_GetModuleHandleW    000000018001ecd4 f   vcruntimed:VCRUNTIME140D.dll
 0002:0000dcda       __vcrt_LoadLibraryExW      000000018001ecda f   vcruntimed:VCRUNTIME140D.dll
 0002:0000dce0       fabs                       000000018001ece0 f   ucrtd:ucrtbased.dll
 0002:0000dce6       roundf                     000000018001ece6 f   ucrtd:ucrtbased.dll
 0002:0000dcec       sinf                       000000018001ecec f   ucrtd:ucrtbased.dll
 0002:0000dcf2       sqrtf                      000000018001ecf2 f   ucrtd:ucrtbased.dll
 0002:0000dcf8       _rotl                      000000018001ecf8 f   ucrtd:ucrtbased.dll
 0002:0000dcfe       _CrtDbgReport              000000018001ecfe f   ucrtd:ucrtbased.dll
 0002:0000dd04       _CrtDbgReportW             000000018001ed04 f   ucrtd:ucrtbased.dll
 0002:0000dd0a       _initterm                  000000018001ed0a f   ucrtd:ucrtbased.dll
 0002:0000dd10       _initterm_e                000000018001ed10 f   ucrtd:ucrtbased.dll
 0002:0000dd16       strcpy_s                   000000018001ed16 f   ucrtd:ucrtbased.dll
 0002:0000dd1c       strcat_s                   000000018001ed1c f   ucrtd:ucrtbased.dll
 0002:0000dd22       __stdio_common_vsprintf_s  000000018001ed22 f   ucrtd:ucrtbased.dll
 0002:0000dd28       _seh_filter_dll            000000018001ed28 f   ucrtd:ucrtbased.dll
 0002:0000dd2e       _configure_narrow_argv     000000018001ed2e f   ucrtd:ucrtbased.dll
 0002:0000dd34       _initialize_narrow_environment 000000018001ed34 f   ucrtd:ucrtbased.dll
 0002:0000dd3a       _initialize_onexit_table   000000018001ed3a f   ucrtd:ucrtbased.dll
 0002:0000dd40       _register_onexit_function  000000018001ed40 f   ucrtd:ucrtbased.dll
 0002:0000dd46       _execute_onexit_table      000000018001ed46 f   ucrtd:ucrtbased.dll
 0002:0000dd4c       _crt_atexit                000000018001ed4c f   ucrtd:ucrtbased.dll
 0002:0000dd52       _crt_at_quick_exit         000000018001ed52 f   ucrtd:ucrtbased.dll
 0002:0000dd58       _cexit                     000000018001ed58 f   ucrtd:ucrtbased.dll
 0002:0000dd5e       terminate                  000000018001ed5e f   ucrtd:ucrtbased.dll
 0002:0000dd64       _wmakepath_s               000000018001ed64 f   ucrtd:ucrtbased.dll
 0002:0000dd6a       _wsplitpath_s              000000018001ed6a f   ucrtd:ucrtbased.dll
 0002:0000dd70       wcscpy_s                   000000018001ed70 f   ucrtd:ucrtbased.dll
 0002:0000dd76       GetCurrentThreadId         000000018001ed76 f   kernel32:KERNEL32.dll
 0002:0000dd7c       IsDebuggerPresent          000000018001ed7c f   kernel32:KERNEL32.dll
 0002:0000dd82       RaiseException             000000018001ed82 f   kernel32:KERNEL32.dll
 0002:0000dd88       MultiByteToWideChar        000000018001ed88 f   kernel32:KERNEL32.dll
 0002:0000dd8e       WideCharToMultiByte        000000018001ed8e f   kernel32:KERNEL32.dll
 0002:0000dd94       RtlCaptureContext          000000018001ed94 f   kernel32:KERNEL32.dll
 0002:0000dd9a       RtlLookupFunctionEntry     000000018001ed9a f   kernel32:KERNEL32.dll
 0002:0000dda0       RtlVirtualUnwind           000000018001eda0 f   kernel32:KERNEL32.dll
 0002:0000dda6       UnhandledExceptionFilter   000000018001eda6 f   kernel32:KERNEL32.dll
 0002:0000ddac       SetUnhandledExceptionFilter 000000018001edac f   kernel32:KERNEL32.dll
 0002:0000ddb2       GetCurrentProcess          000000018001edb2 f   kernel32:KERNEL32.dll
 0002:0000ddb8       TerminateProcess           000000018001edb8 f   kernel32:KERNEL32.dll
 0002:0000ddbe       IsProcessorFeaturePresent  000000018001edbe f   kernel32:KERNEL32.dll
 0002:0000ddc4       QueryPerformanceCounter    000000018001edc4 f   kernel32:KERNEL32.dll
 0002:0000ddca       GetCurrentProcessId        000000018001edca f   kernel32:KERNEL32.dll
 0002:0000ddd0       GetSystemTimeAsFileTime    000000018001edd0 f   kernel32:KERNEL32.dll
 0002:0000ddd6       DisableThreadLibraryCalls  000000018001edd6 f   kernel32:KERNEL32.dll
 0002:0000dddc       InitializeSListHead        000000018001eddc f   kernel32:KERNEL32.dll
 0002:0000dde2       GetStartupInfoW            000000018001ede2 f   kernel32:KERNEL32.dll
 0002:0000dde8       GetModuleHandleW           000000018001ede8 f   kernel32:KERNEL32.dll
 0002:0000ddee       GetLastError               000000018001edee f   kernel32:KERNEL32.dll
 0002:0000ddf4       HeapAlloc                  000000018001edf4 f   kernel32:KERNEL32.dll
 0002:0000ddfa       HeapFree                   000000018001edfa f   kernel32:KERNEL32.dll
 0002:0000de00       GetProcessHeap             000000018001ee00 f   kernel32:KERNEL32.dll
 0002:0000de06       VirtualQuery               000000018001ee06 f   kernel32:KERNEL32.dll
 0002:0000de0c       FreeLibrary                000000018001ee0c f   kernel32:KERNEL32.dll
 0002:0000de12       GetProcAddress             000000018001ee12 f   kernel32:KERNEL32.dll
 0002:0000de20       __scrt_stub_for_acrt_initialize 000000018001ee20 f   MSVCRTD:ucrt_stubs.obj
 0002:0000de20       __vcrt_initialize          000000018001ee20 f   MSVCRTD:ucrt_stubs.obj
 0002:0000de20       __acrt_initialize          000000018001ee20 f   MSVCRTD:ucrt_stubs.obj
 0002:0000de30       __acrt_thread_attach       000000018001ee30 f   MSVCRTD:ucrt_stubs.obj
 0002:0000de30       __scrt_stub_for_acrt_thread_attach 000000018001ee30 f   MSVCRTD:ucrt_stubs.obj
 0002:0000de30       __vcrt_thread_attach       000000018001ee30 f   MSVCRTD:ucrt_stubs.obj
 0002:0000de40       __scrt_stub_for_acrt_thread_detach 000000018001ee40 f   MSVCRTD:ucrt_stubs.obj
 0002:0000de40       __acrt_thread_detach       000000018001ee40 f   MSVCRTD:ucrt_stubs.obj
 0002:0000de40       __vcrt_thread_detach       000000018001ee40 f   MSVCRTD:ucrt_stubs.obj
 0002:0000de50       __scrt_stub_for_acrt_uninitialize 000000018001ee50 f   MSVCRTD:ucrt_stubs.obj
 0002:0000de50       __vcrt_uninitialize        000000018001ee50 f   MSVCRTD:ucrt_stubs.obj
 0002:0000de50       __acrt_uninitialize        000000018001ee50 f   MSVCRTD:ucrt_stubs.obj
 0002:0000de60       __acrt_uninitialize_critical 000000018001ee60 f   MSVCRTD:ucrt_stubs.obj
 0002:0000de60       __scrt_stub_for_acrt_uninitialize_critical 000000018001ee60 f   MSVCRTD:ucrt_stubs.obj
 0002:0000de60       __vcrt_uninitialize_critical 000000018001ee60 f   MSVCRTD:ucrt_stubs.obj
 0002:0000de70       _is_c_termination_complete 000000018001ee70 f   MSVCRTD:ucrt_stubs.obj
 0002:0000de70       __scrt_stub_for_is_c_termination_complete 000000018001ee70 f   MSVCRTD:ucrt_stubs.obj
 0002:0000f310       _guard_dispatch_icall_nop  0000000180020310 f   MSVCRTD:guard_dispatch.obj
 0002:0000f330       _guard_xfg_dispatch_icall_nop 0000000180020330 f   MSVCRTD:guard_xfg_dispatch.obj
 0003:00000000       __xc_a                     0000000180023000     MSVCRTD:initializers.obj
 0003:00000110       __xc_z                     0000000180023110     MSVCRTD:initializers.obj
 0003:00000220       __xi_a                     0000000180023220     MSVCRTD:initializers.obj
 0003:00000330       __xi_z                     0000000180023330     MSVCRTD:initializers.obj
 0003:00000440       __xp_a                     0000000180023440     MSVCRTD:initializers.obj
 0003:00000550       __xp_z                     0000000180023550     MSVCRTD:initializers.obj
 0003:00000660       __xt_a                     0000000180023660     MSVCRTD:initializers.obj
 0003:00000770       __xt_z                     0000000180023770     MSVCRTD:initializers.obj
 0003:000025c0       ??_C@_0BA@NMEIMCEK@InvalidCodePath@ 00000001800255c0     p5engine.obj
 0003:000025d8       ??_C@_0BF@HOIOEMCL@P5Engine?1data?1bg?4bmp@ 00000001800255d8     p5engine.obj
 0003:000025f8       ??_C@_0BJ@EPENJOEL@P5Engine?1data?1shadow?4bmp@ 00000001800255f8     p5engine.obj
 0003:00002618       ??_C@_0BH@DDOBAHNL@P5Engine?1data?1tree?4bmp@ 0000000180025618     p5engine.obj
 0003:00002638       ??_C@_0BI@EPGPCLAL@P5Engine?1data?1enemy?4bmp@ 0000000180025638     p5engine.obj
 0003:00002658       ??_C@_0BG@IEBKPHGI@P5Engine?1data?1orb?4bmp@ 0000000180025658     p5engine.obj
 0003:00002678       ??_C@_0BP@CIDLMIJA@P5Engine?1data?1char?9right?90?4bmp@ 0000000180025678     p5engine.obj
 0003:000026a0       ??_C@_0BO@PEBAPFLC@P5Engine?1data?1char?9back?90?4bmp@ 00000001800256a0     p5engine.obj
 0003:000026c8       ??_C@_0BO@EAIBBIAG@P5Engine?1data?1char?9left?90?4bmp@ 00000001800256c8     p5engine.obj
 0003:000026f0       ??_C@_0BP@MKDPGEOC@P5Engine?1data?1char?9front?90?4bmp@ 00000001800256f0     p5engine.obj
 0003:00002718       ??_C@_0BO@KNNOBFKI@P5Engine?1data?1sword?9right?4bmp@ 0000000180025718     p5engine.obj
 0003:00002740       ??_C@_0BN@LDDHILOB@P5Engine?1data?1sword?9back?4bmp@ 0000000180025740     p5engine.obj
 0003:00002768       ??_C@_0BN@FPAHMBGA@P5Engine?1data?1sword?9left?4bmp@ 0000000180025768     p5engine.obj
 0003:00002790       ??_C@_0BO@BNDLMGBJ@P5Engine?1data?1sword?9front?4bmp@ 0000000180025790     p5engine.obj
 0003:000027b4       __real@00000000            00000001800257b4     p5engine.obj
 0003:000027b8       __real@38d1b717            00000001800257b8     p5engine.obj
 0003:000027bc       __real@3a83126f            00000001800257bc     p5engine.obj
 0003:000027c0       __real@3e4ccccd            00000001800257c0     p5engine.obj
 0003:000027c4       __real@3e800000            00000001800257c4     p5engine.obj
 0003:000027c8       __real@3f000000            00000001800257c8     p5engine.obj
 0003:000027cc       __real@3f400000            00000001800257cc     p5engine.obj
 0003:000027d0       __real@3f800000            00000001800257d0     p5engine.obj
 0003:000027d4       __real@3fb33333            00000001800257d4     p5engine.obj
 0003:000027d8       __real@3fc00000            00000001800257d8     p5engine.obj
 0003:000027dc       __real@40000000            00000001800257dc     p5engine.obj
 0003:000027e0       __real@400ccccd            00000001800257e0     p5engine.obj
 0003:000027e4       __real@40a00000            00000001800257e4     p5engine.obj
 0003:000027e8       __real@40c00000            00000001800257e8     p5engine.obj
 0003:000027ec       __real@40c90fdb            00000001800257ec     p5engine.obj
 0003:000027f0       __real@40e00000            00000001800257f0     p5engine.obj
 0003:000027f4       __real@41200000            00000001800257f4     p5engine.obj
 0003:000027f8       __real@41800000            00000001800257f8     p5engine.obj
 0003:000027fc       __real@41880000            00000001800257fc     p5engine.obj
 0003:00002800       __real@41a00000            0000000180025800     p5engine.obj
 0003:00002804       __real@41c00000            0000000180025804     p5engine.obj
 0003:00002808       __real@42000000            0000000180025808     p5engine.obj
 0003:0000280c       __real@42600000            000000018002580c     p5engine.obj
 0003:00002810       __real@42800000            0000000180025810     p5engine.obj
 0003:00002814       __real@42820000            0000000180025814     p5engine.obj
 0003:00002818       __real@42960000            0000000180025818     p5engine.obj
 0003:0000281c       __real@437f0000            000000018002581c     p5engine.obj
 0003:00002820       __real@47c35000            0000000180025820     p5engine.obj
 0003:00002824       __real@becccccd            0000000180025824     p5engine.obj
 0003:00002828       __real@bf000000            0000000180025828     p5engine.obj
 0003:0000282c       __real@bf800000            000000018002582c     p5engine.obj
 0003:00002830       __real@c1f00000            0000000180025830     p5engine.obj
 0003:00002840       __xmm@80000000800000008000000080000000 0000000180025840     p5engine.obj
 0003:00002858       _pRawDllMain               0000000180025858     MSVCRTD:dll_dllmain.obj
 0003:00002858       _pDefaultRawDllMain        0000000180025858     MSVCRTD:dll_dllmain.obj
 0003:00002950       ??_C@_0NN@JMPELKLB@The?5value?5of?5ESP?5was?5not?5proper@ 0000000180025950     MSVCRTD:error.obj
 0003:00002a60       ??_C@_0BBN@ELNNILBE@A?5cast?5to?5a?5smaller?5data?5type?5h@ 0000000180025a60     MSVCRTD:error.obj
 0003:00002bb8       ??_C@_0BN@BPOGFMJL@Stack?5memory?5was?5corrupted?$AN?6@ 0000000180025bb8     MSVCRTD:error.obj
 0003:00002be0       ??_C@_0DG@DAJCDLPN@A?5local?5variable?5was?5used?5befor@ 0000000180025be0     MSVCRTD:error.obj
 0003:00002c20       ??_C@_0CM@JMIDGKLA@Stack?5memory?5around?5_alloca?5was@ 0000000180025c20     MSVCRTD:error.obj
 0003:00002c58       ??_C@_0BO@CHIONIOI@Unknown?5Runtime?5Check?5Error?$AN?6@ 0000000180025c58     MSVCRTD:error.obj
 0003:00002c80       ??_C@_1GM@CNOOJIHC@?$AAR?$AAu?$AAn?$AAt?$AAi?$AAm?$AAe?$AA?5?$AAC?$AAh?$AAe?$AAc?$AAk?$AA?5?$AAE@ 0000000180025c80     MSVCRTD:error.obj
 0003:00002d10       ??_C@_1EA@NFKNIFJP@?$AAR?$AAu?$AAn?$AA?9?$AAT?$AAi?$AAm?$AAe?$AA?5?$AAC?$AAh?$AAe?$AAc?$AAk?$AA?5@ 0000000180025d10     MSVCRTD:error.obj
 0003:00002d60       ??_C@_0BB@PFFGGCJP@Unknown?5Filename@ 0000000180025d60     MSVCRTD:error.obj
 0003:00002d78       ??_C@_0BE@GNBOBNCK@Unknown?5Module?5Name@ 0000000180025d78     MSVCRTD:error.obj
 0003:00002d90       ??_C@_0CA@IODNCDPG@Run?9Time?5Check?5Failure?5?$CD?$CFd?5?9?5?$CFs@ 0000000180025d90     MSVCRTD:error.obj
 0003:00002db8       ??_C@_0CG@IAFNJNEE@Stack?5corrupted?5near?5unknown?5va@ 0000000180025db8     MSVCRTD:error.obj
 0003:00002de8       ??_C@_05MKKEDADM@?$CF?42X?5@ 0000000180025de8     MSVCRTD:error.obj
 0003:00002df0       ??_C@_0EJ@LJKNEOLN@Stack?5area?5around?5_alloca?5memor@ 0000000180025df0     MSVCRTD:error.obj
 0003:00002e48       ??_C@_01EEMJAFIK@?6@       0000000180025e48     MSVCRTD:error.obj
 0003:00002e4c       ??_C@_02LLMPMKNF@?$DO?5@   0000000180025e4c     MSVCRTD:error.obj
 0003:00002e50       ??_C@_08OMAHNMHJ@?6Data?3?5?$DM@ 0000000180025e50     MSVCRTD:error.obj
 0003:00002e60       ??_C@_0CK@DKGBICFE@?6Allocation?5number?5within?5this?5@ 0000000180025e60     MSVCRTD:error.obj
 0003:00002e98       ??_C@_07DFDJCKFN@?6Size?3?5@ 0000000180025e98     MSVCRTD:error.obj
 0003:00002ea8       ??_C@_0N@MHFFIMFG@?6Address?3?50x@ 0000000180025ea8     MSVCRTD:error.obj
 0003:00002ec0       ??_C@_0EI@CLEPFNGI@Stack?5area?5around?5_alloca?5memor@ 0000000180025ec0     MSVCRTD:error.obj
 0003:00002f18       ??_C@_0BK@ODNDAGKB@?$CFs?$CFs?$CFp?$CFs?$CFzd?$CFs?$CFd?$CFs?$CFs?$CFs?$CFs?$CFs@ 0000000180025f18     MSVCRTD:error.obj
 0003:00002f38       ??_C@_0DE@OHJBPMBP@A?5variable?5is?5being?5used?5withou@ 0000000180025f38     MSVCRTD:error.obj
 0003:00002fa8       ??_C@_0BJ@HEGAHDFO@Stack?5pointer?5corruption@ 0000000180025fa8     MSVCRTD:userapi.obj
 0003:00002fc8       ??_C@_0CK@FEGOIOPB@Cast?5to?5smaller?5type?5causing?5lo@ 0000000180025fc8     MSVCRTD:userapi.obj
 0003:00003000       ??_C@_0BI@CIGMDCBH@Stack?5memory?5corruption@ 0000000180026000     MSVCRTD:userapi.obj
 0003:00003020       ??_C@_0CK@CNLNOEPB@Local?5variable?5used?5before?5init@ 0000000180026020     MSVCRTD:userapi.obj
 0003:00003058       ??_C@_0BP@OGBCLIBO@Stack?5around?5_alloca?5corrupted@ 0000000180026058     MSVCRTD:userapi.obj
 0003:00003100       ??_C@_1EI@MLPKHBGE@?$AAa?$AAp?$AAi?$AA?9?$AAm?$AAs?$AA?9?$AAw?$AAi?$AAn?$AA?9?$AAc?$AAo?$AAr?$AAe@ 0000000180026100     MSVCRTD:pdblkup.obj
 0003:00003158       ??_C@_1BK@JHLNAEJL@?$AAa?$AAd?$AAv?$AAa?$AAp?$AAi?$AA3?$AA2?$AA?4?$AAd?$AAl?$AAl@ 0000000180026158     MSVCRTD:pdblkup.obj
 0003:00003178       ??_C@_0O@COHOBMLB@RegOpenKeyExW@ 0000000180026178     MSVCRTD:pdblkup.obj
 0003:00003188       ??_C@_0BB@GLNAEDBD@RegQueryValueExW@ 0000000180026188     MSVCRTD:pdblkup.obj
 0003:000031a0       ??_C@_0M@HLOHPNFA@RegCloseKey@ 00000001800261a0     MSVCRTD:pdblkup.obj
 0003:000031b0       ??_C@_1HE@EBEAGLFB@?$AAS?$AAO?$AAF?$AAT?$AAW?$AAA?$AAR?$AAE?$AA?2?$AAW?$AAo?$AAw?$AA6?$AA4?$AA3@ 00000001800261b0     MSVCRTD:pdblkup.obj
 0003:00003240       ??_C@_1BG@EABPBLLF@?$AAP?$AAr?$AAo?$AAd?$AAu?$AAc?$AAt?$AAD?$AAi?$AAr@ 0000000180026240     MSVCRTD:pdblkup.obj
 0003:00003288       ??_C@_1BC@JINFINNJ@?$AAM?$AAS?$AAP?$AAD?$AAB?$AA1?$AA4?$AA0@ 0000000180026288     MSVCRTD:pdblkup.obj
 0003:000032a0       ??_C@_0BB@KCIACLNC@PDBOpenValidate5@ 00000001800262a0     MSVCRTD:pdblkup.obj
 0003:000032b4       ??_C@_01KDCPPGHE@r@        00000001800262b4     MSVCRTD:pdblkup.obj
 0003:000032f0       _load_config_used          00000001800262f0     MSVCRTD:loadcfg.obj
 0003:00003680       __CastGuardVftablesStart   0000000180026680     MSVCRTD:guard_support.obj
 0003:00003790       __CastGuardVftablesEnd     0000000180026790     MSVCRTD:guard_support.obj
 0003:00003a18       __rtc_iaa                  0000000180026a18     MSVCRTD:initsect.obj
 0003:00003c38       __rtc_izz                  0000000180026c38     MSVCRTD:initsect.obj
 0003:00003d48       __rtc_taa                  0000000180026d48     MSVCRTD:initsect.obj
 0003:00003f68       __rtc_tzz                  0000000180026f68     MSVCRTD:initsect.obj
 0004:00004cd0       __security_cookie_complement 000000018002dcd0     MSVCRTD:gs_cookie.obj
 0004:00004cd8       __security_cookie          000000018002dcd8     MSVCRTD:gs_cookie.obj
 0004:00004ce4       _fltused                   000000018002dce4     MSVCRTD:fltused.obj
 0004:00004ce8       ?_RTC_ErrorLevels@@3PAHA   000000018002dce8     MSVCRTD:error.obj
 0004:00004d00       __scrt_native_dllmain_reason 000000018002dd00     MSVCRTD:utility.obj
 0004:00004d08       __isa_available            000000018002dd08     MSVCRTD:cpu_disp.obj
 0004:00004d0c       __isa_enabled              000000018002dd0c     MSVCRTD:cpu_disp.obj
 0004:00004d10       __memcpy_nt_iters          000000018002dd10     MSVCRTD:cpu_disp.obj
 0004:00004d18       __memset_nt_iters          000000018002dd18     MSVCRTD:cpu_disp.obj
 0004:00004d30       __scrt_ucrt_dll_is_in_use  000000018002dd30     MSVCRTD:ucrt_stubs.obj
 0004:00004e48       ?_OptionsStorage@?1??__local_stdio_printf_options@@9@4_KA 000000018002de48     MSVCRTD:error.obj
 0004:00005500       ?__type_info_root_node@@3U__type_info_node@@A 000000018002e500     MSVCRTD:tncleanup.obj
 0004:00005518       ?_OptionsStorage@?1??__local_stdio_scanf_options@@9@4_KA 000000018002e518     MSVCRTD:default_local_stdio_options.obj
 0004:00005528       __scrt_current_native_startup_state 000000018002e528     MSVCRTD:utility.obj
 0004:00005530       __scrt_native_startup_lock 000000018002e530     MSVCRTD:utility.obj
 0004:00005580       __scrt_debugger_hook_flag  000000018002e580     MSVCRTD:utility_desktop.obj
 0004:00005588       __castguard_check_failure_os_handled_fptr 000000018002e588     MSVCRTD:guard_support.obj
 0004:000055a4       __favor                    000000018002e5a4     MSVCRTD:cpu_disp.obj
 0004:000055a8       __dyn_tls_init_callback    000000018002e5a8     <common>
 0004:000055bc       __DebuggerCurrentSteppingThreadId 000000018002e5bc     <common>
 0006:00000000       __imp_DisableThreadLibraryCalls 0000000180032000     kernel32:KERNEL32.dll
 0006:00000008       __imp_IsDebuggerPresent    0000000180032008     kernel32:KERNEL32.dll
 0006:00000010       __imp_RaiseException       0000000180032010     kernel32:KERNEL32.dll
 0006:00000018       __imp_MultiByteToWideChar  0000000180032018     kernel32:KERNEL32.dll
 0006:00000020       __imp_WideCharToMultiByte  0000000180032020     kernel32:KERNEL32.dll
 0006:00000028       __imp_RtlCaptureContext    0000000180032028     kernel32:KERNEL32.dll
 0006:00000030       __imp_RtlLookupFunctionEntry 0000000180032030     kernel32:KERNEL32.dll
 0006:00000038       __imp_RtlVirtualUnwind     0000000180032038     kernel32:KERNEL32.dll
 0006:00000040       __imp_GetProcAddress       0000000180032040     kernel32:KERNEL32.dll
 0006:00000048       __imp_FreeLibrary          0000000180032048     kernel32:KERNEL32.dll
 0006:00000050       __imp_VirtualQuery         0000000180032050     kernel32:KERNEL32.dll
 0006:00000058       __imp_GetProcessHeap       0000000180032058     kernel32:KERNEL32.dll
 0006:00000060       __imp_HeapFree             0000000180032060     kernel32:KERNEL32.dll
 0006:00000068       __imp_HeapAlloc            0000000180032068     kernel32:KERNEL32.dll
 0006:00000070       __imp_GetLastError         0000000180032070     kernel32:KERNEL32.dll
 0006:00000078       __imp_GetModuleHandleW     0000000180032078     kernel32:KERNEL32.dll
 0006:00000080       __imp_GetStartupInfoW      0000000180032080     kernel32:KERNEL32.dll
 0006:00000088       __imp_InitializeSListHead  0000000180032088     kernel32:KERNEL32.dll
 0006:00000090       __imp_GetCurrentThreadId   0000000180032090     kernel32:KERNEL32.dll
 0006:00000098       __imp_GetSystemTimeAsFileTime 0000000180032098     kernel32:KERNEL32.dll
 0006:000000a0       __imp_GetCurrentProcessId  00000001800320a0     kernel32:KERNEL32.dll
 0006:000000a8       __imp_QueryPerformanceCounter 00000001800320a8     kernel32:KERNEL32.dll
 0006:000000b0       __imp_IsProcessorFeaturePresent 00000001800320b0     kernel32:KERNEL32.dll
 0006:000000b8       __imp_TerminateProcess     00000001800320b8     kernel32:KERNEL32.dll
 0006:000000c0       __imp_GetCurrentProcess    00000001800320c0     kernel32:KERNEL32.dll
 0006:000000c8       __imp_SetUnhandledExceptionFilter 00000001800320c8     kernel32:KERNEL32.dll
 0006:000000d0       __imp_UnhandledExceptionFilter 00000001800320d0     kernel32:KERNEL32.dll
 0006:000000d8       \177KERNEL32_NULL_THUNK_DATA 00000001800320d8     kernel32:KERNEL32.dll
 0006:00000158       __imp___vcrt_GetModuleHandleW 0000000180032158     vcruntimed:VCRUNTIME140D.dll
 0006:00000160       __imp___vcrt_GetModuleFileNameW 0000000180032160     vcruntimed:VCRUNTIME140D.dll
 0006:00000168       __imp___current_exception_context 0000000180032168     vcruntimed:VCRUNTIME140D.dll
 0006:00000170       __imp___C_specific_handler 0000000180032170     vcruntimed:VCRUNTIME140D.dll
 0006:00000178       __imp___current_exception  0000000180032178     vcruntimed:VCRUNTIME140D.dll
 0006:00000180       __imp___std_type_info_destroy_list 0000000180032180     vcruntimed:VCRUNTIME140D.dll
 0006:00000188       __imp___C_specific_handler_noexcept 0000000180032188     vcruntimed:VCRUNTIME140D.dll
 0006:00000190       __imp___vcrt_LoadLibraryExW 0000000180032190     vcruntimed:VCRUNTIME140D.dll
 0006:00000198       \177VCRUNTIME140D_NULL_THUNK_DATA 0000000180032198     vcruntimed:VCRUNTIME140D.dll
 0006:000001f8       __imp_wcscpy_s             00000001800321f8     ucrtd:ucrtbased.dll
 0006:00000200       __imp__wsplitpath_s        0000000180032200     ucrtd:ucrtbased.dll
 0006:00000208       __imp_terminate            0000000180032208     ucrtd:ucrtbased.dll
 0006:00000210       __imp__cexit               0000000180032210     ucrtd:ucrtbased.dll
 0006:00000218       __imp__crt_at_quick_exit   0000000180032218     ucrtd:ucrtbased.dll
 0006:00000220       __imp__crt_atexit          0000000180032220     ucrtd:ucrtbased.dll
 0006:00000228       __imp__execute_onexit_table 0000000180032228     ucrtd:ucrtbased.dll
 0006:00000230       __imp__register_onexit_function 0000000180032230     ucrtd:ucrtbased.dll
 0006:00000238       __imp__initialize_onexit_table 0000000180032238     ucrtd:ucrtbased.dll
 0006:00000240       __imp__initialize_narrow_environment 0000000180032240     ucrtd:ucrtbased.dll
 0006:00000248       __imp__configure_narrow_argv 0000000180032248     ucrtd:ucrtbased.dll
 0006:00000250       __imp__seh_filter_dll      0000000180032250     ucrtd:ucrtbased.dll
 0006:00000258       __imp__wmakepath_s         0000000180032258     ucrtd:ucrtbased.dll
 0006:00000260       __imp_strcat_s             0000000180032260     ucrtd:ucrtbased.dll
 0006:00000268       __imp_strcpy_s             0000000180032268     ucrtd:ucrtbased.dll
 0006:00000270       __imp__initterm_e          0000000180032270     ucrtd:ucrtbased.dll
 0006:00000278       __imp__initterm            0000000180032278     ucrtd:ucrtbased.dll
 0006:00000280       __imp__CrtDbgReportW       0000000180032280     ucrtd:ucrtbased.dll
 0006:00000288       __imp__CrtDbgReport        0000000180032288     ucrtd:ucrtbased.dll
 0006:00000290       __imp__rotl                0000000180032290     ucrtd:ucrtbased.dll
 0006:00000298       __imp_sqrtf                0000000180032298     ucrtd:ucrtbased.dll
 0006:000002a0       __imp_sinf                 00000001800322a0     ucrtd:ucrtbased.dll
 0006:000002a8       __imp_roundf               00000001800322a8     ucrtd:ucrtbased.dll
 0006:000002b0       __imp_fabs                 00000001800322b0     ucrtd:ucrtbased.dll
 0006:000002b8       __imp___stdio_common_vsprintf_s 00000001800322b8     ucrtd:ucrtbased.dll
 0006:000002c0       \177ucrtbased_NULL_THUNK_DATA 00000001800322c0     ucrtd:ucrtbased.dll
 0006:00000340       __IMPORT_DESCRIPTOR_VCRUNTIME140D 0000000180032340     vcruntimed:VCRUNTIME140D.dll
 0006:00000354       __IMPORT_DESCRIPTOR_ucrtbased 0000000180032354     ucrtd:ucrtbased.dll
 0006:00000368       __IMPORT_DESCRIPTOR_KERNEL32 0000000180032368     kernel32:KERNEL32.dll
 0006:0000037c       __NULL_IMPORT_DESCRIPTOR   000000018003237c     vcruntimed:VCRUNTIME140D.dll
 0008:00000000       __guard_check_icall_fptr   0000000180034000     MSVCRTD:guard_support.obj
 0008:00000010       __guard_xfg_check_icall_fptr 0000000180034010     MSVCRTD:guard_support.obj
 0008:00000020       __guard_dispatch_icall_fptr 0000000180034020     MSVCRTD:guard_support.obj
 0008:00000030       __guard_xfg_dispatch_icall_fptr 0000000180034030     MSVCRTD:guard_support.obj
 0008:00000040       __guard_xfg_table_dispatch_icall_fptr 0000000180034040     MSVCRTD:guard_support.obj

 entry point at        0002:0000000f

 Static symbols

 0000:fffc9000       .debug$S                   0000000180000000     P5Engine.exp
 0000:fffcc000       _volmd                     0000000180000000     p5engine.obj
 0000:fffcc000       _volmd                     0000000180000000     p5engine.obj
 0000:fffcc000       _volmd                     0000000180000000     p5engine.obj
 0000:fffcc000       _volmd                     0000000180000000     p5engine.obj
 0000:fffcc000       _volmd                     0000000180000000     p5engine.obj
 0000:fffcc000       _volmd                     0000000180000000     p5engine.obj
 0000:fffcc000       _volmd                     0000000180000000     p5engine.obj
 0000:fffcc000       _volmd                     0000000180000000     p5engine.obj
 0000:fffcc000       _volmd                     0000000180000000     p5engine.obj
 0000:fffcc000       _volmd                     0000000180000000     p5engine.obj
 0000:fffcc000       _volmd                     0000000180000000     p5engine.obj
 0000:fffcc000       _volmd                     0000000180000000     p5engine.obj
 0000:fffcc000       _volmd                     0000000180000000     p5engine.obj
 0000:fffcc000       _volmd                     0000000180000000     p5engine.obj
 0000:fffcc000       _volmd                     0000000180000000     p5engine.obj
 0000:fffcc000       _volmd                     0000000180000000     p5engine.obj
 0000:fffcc000       _volmd                     0000000180000000     p5engine.obj
 0000:fffcc000       _volmd                     0000000180000000     p5engine.obj
 0000:fffcc000       _volmd                     0000000180000000     p5engine.obj
 0000:fffcc000       _volmd                     0000000180000000     p5engine.obj
 0000:fffcc000       _volmd                     0000000180000000     p5engine.obj
 0000:fffcc000       _volmd                     0000000180000000     p5engine.obj
 0000:fffcc000       _volmd                     0000000180000000     MSVCRTD:cpu_disp.obj
 0000:fffcd000       __guard_ehcont_?dllmain_dispatch@@YAHQEAUHINSTANCE__@@KQEAX@Z 0000000180000000     MSVCRTD:dll_dllmain.obj
 0000:fffcd000       __guard_fids_?dllmain_dispatch@@YAHQEAUHINSTANCE__@@KQEAX@Z 0000000180000000     MSVCRTD:dll_dllmain.obj
 0000:fffcd000       __guard_ehcont_?notify_debugger@@YAXAEBUtagEXCEPTION_VISUALCPP_DEBUG_INFO@@@Z 0000000180000000     MSVCRTD:error.obj
 0000:fffcc000       _volmd                     0000000180000000     MSVCRTD:gs_report.obj
 0000:fffcc000       _volmd                     0000000180000000     MSVCRTD:gs_report.obj
 0000:fffcc000       _volmd                     0000000180000000     MSVCRTD:gs_report.obj
 0000:fffcd000       __guard_fids__             0000000180000000     MSVCRTD:guard_support.obj
 0000:fffcd000       __guard_fids__             0000000180000000     MSVCRTD:guard_support.obj
 0000:fffcd000       __guard_fids__guard_icall_checks_enforced 0000000180000000     MSVCRTD:guard_support.obj
 0000:fffcc000       _volmd                     0000000180000000     MSVCRTD:guard_support.obj
 0000:fffcc000       _volmd                     0000000180000000     MSVCRTD:guard_support.obj
 0000:fffcc000       _volmd                     0000000180000000     MSVCRTD:guard_support.obj
 0000:fffcd000       __guard_fids__CRT_RTC_INIT 0000000180000000     MSVCRTD:init.obj
 0000:fffcd000       __guard_fids__CRT_RTC_INITW 0000000180000000     MSVCRTD:init.obj
 0000:fffcd000       __guard_ehcont___scrt_is_nonwritable_in_current_image 0000000180000000     MSVCRTD:utility.obj
 0000:fffcc000       _volmd                     0000000180000000     MSVCRTD:utility.obj
 0000:fffcc000       _volmd                     0000000180000000     MSVCRTD:utility.obj
 0000:fffcc000       _volmd                     0000000180000000     MSVCRTD:utility.obj
 0000:fffcd000       __guard_fids___scrt_set_unhandled_exception_filter 0000000180000000     MSVCRTD:utility_desktop.obj
 0000:fffcc000       _volmd                     0000000180000000     MSVCRTD:utility_desktop.obj
 0000:fffc9000       .debug$S                   0000000180000000     vcruntimed:VCRUNTIME140D.dll
 0000:fffc9000       .debug$S                   0000000180000000     vcruntimed:VCRUNTIME140D.dll
 0000:fffc9000       .debug$S                   0000000180000000     vcruntimed:VCRUNTIME140D.dll
 0000:fffc9000       .debug$S                   0000000180000000     vcruntimed:VCRUNTIME140D.dll
 0000:fffc9000       .debug$S                   0000000180000000     vcruntimed:VCRUNTIME140D.dll
 0000:fffc9000       .debug$S                   0000000180000000     vcruntimed:VCRUNTIME140D.dll
 0000:fffc9000       .debug$S                   0000000180000000     vcruntimed:VCRUNTIME140D.dll
 0000:fffc9000       .debug$S                   0000000180000000     vcruntimed:VCRUNTIME140D.dll
 0000:fffc9000       .debug$S                   0000000180000000     ucrtd:ucrtbased.dll
 0000:fffc9000       .debug$S                   0000000180000000     ucrtd:ucrtbased.dll
 0000:fffc9000       .debug$S                   0000000180000000     ucrtd:ucrtbased.dll
 0000:fffc9000       .debug$S                   0000000180000000     ucrtd:ucrtbased.dll
 0000:fffc9000       .debug$S                   0000000180000000     ucrtd:ucrtbased.dll
 0000:fffc9000       .debug$S                   0000000180000000     ucrtd:ucrtbased.dll
 0000:fffc9000       .debug$S                   0000000180000000     ucrtd:ucrtbased.dll
 0000:fffc9000       .debug$S                   0000000180000000     ucrtd:ucrtbased.dll
 0000:fffc9000       .debug$S                   0000000180000000     ucrtd:ucrtbased.dll
 0000:fffc9000       .debug$S                   0000000180000000     ucrtd:ucrtbased.dll
 0000:fffc9000       .debug$S                   0000000180000000     ucrtd:ucrtbased.dll
 0000:fffc9000       .debug$S                   0000000180000000     ucrtd:ucrtbased.dll
 0000:fffc9000       .debug$S                   0000000180000000     ucrtd:ucrtbased.dll
 0000:fffc9000       .debug$S                   0000000180000000     ucrtd:ucrtbased.dll
 0000:fffc9000       .debug$S                   0000000180000000     ucrtd:ucrtbased.dll
 0000:fffc9000       .debug$S                   0000000180000000     ucrtd:ucrtbased.dll
 0000:fffc9000       .debug$S                   0000000180000000     ucrtd:ucrtbased.dll
 0000:fffc9000       .debug$S                   0000000180000000     ucrtd:ucrtbased.dll
 0000:fffc9000       .debug$S                   0000000180000000     ucrtd:ucrtbased.dll
 0000:fffc9000       .debug$S                   0000000180000000     ucrtd:ucrtbased.dll
 0000:fffc9000       .debug$S                   0000000180000000     ucrtd:ucrtbased.dll
 0000:fffc9000       .debug$S                   0000000180000000     ucrtd:ucrtbased.dll
 0000:fffc9000       .debug$S                   0000000180000000     ucrtd:ucrtbased.dll
 0000:fffc9000       .debug$S                   0000000180000000     ucrtd:ucrtbased.dll
 0000:fffc9000       .debug$S                   0000000180000000     ucrtd:ucrtbased.dll
 0000:fffc9000       .debug$S                   0000000180000000     kernel32:KERNEL32.dll
 0000:fffc9000       .debug$S                   0000000180000000     kernel32:KERNEL32.dll
 0000:fffc9000       .debug$S                   0000000180000000     kernel32:KERNEL32.dll
 0000:fffc9000       .debug$S                   0000000180000000     kernel32:KERNEL32.dll
 0000:fffc9000       .debug$S                   0000000180000000     kernel32:KERNEL32.dll
 0000:fffc9000       .debug$S                   0000000180000000     kernel32:KERNEL32.dll
 0000:fffc9000       .debug$S                   0000000180000000     kernel32:KERNEL32.dll
 0000:fffc9000       .debug$S                   0000000180000000     kernel32:KERNEL32.dll
 0000:fffc9000       .debug$S                   0000000180000000     kernel32:KERNEL32.dll
 0000:fffc9000       .debug$S                   0000000180000000     kernel32:KERNEL32.dll
 0000:fffc9000       .debug$S                   0000000180000000     kernel32:KERNEL32.dll
 0000:fffc9000       .debug$S                   0000000180000000     kernel32:KERNEL32.dll
 0000:fffc9000       .debug$S                   0000000180000000     kernel32:KERNEL32.dll
 0000:fffc9000       .debug$S                   0000000180000000     kernel32:KERNEL32.dll
 0000:fffc9000       .debug$S                   0000000180000000     kernel32:KERNEL32.dll
 0000:fffc9000       .debug$S                   0000000180000000     kernel32:KERNEL32.dll
 0000:fffc9000       .debug$S                   0000000180000000     kernel32:KERNEL32.dll
 0000:fffc9000       .debug$S                   0000000180000000     kernel32:KERNEL32.dll
 0000:fffc9000       .debug$S                   0000000180000000     kernel32:KERNEL32.dll
 0000:fffc9000       .debug$S                   0000000180000000     kernel32:KERNEL32.dll
 0000:fffc9000       .debug$S                   0000000180000000     kernel32:KERNEL32.dll
 0000:fffc9000       .debug$S                   0000000180000000     kernel32:KERNEL32.dll
 0000:fffc9000       .debug$S                   0000000180000000     kernel32:KERNEL32.dll
 0000:fffc9000       .debug$S                   0000000180000000     kernel32:KERNEL32.dll
 0000:fffc9000       .debug$S                   0000000180000000     kernel32:KERNEL32.dll
 0000:fffc9000       .debug$S                   0000000180000000     kernel32:KERNEL32.dll
 0000:fffc9000       .debug$S                   0000000180000000     kernel32:KERNEL32.dll
 0002:00001050       ?AddEntity@@YAPEAUsim_entity@@PEAUgame_state@@PEAUsim_region@@IPEAUlow_entity@@PEATv2@@@Z 0000000180012050 f   p5engine.obj
 0002:00001130       ?AddEntityRaw@@YAPEAUsim_entity@@PEAUgame_state@@PEAUsim_region@@IPEAUlow_entity@@@Z 0000000180012130 f   p5engine.obj
 0002:00001330       ?AddFamiliar@@YA?AUadd_low_entity_result@@PEAUgame_state@@III@Z 0000000180012330 f   p5engine.obj
 0002:00001510       ?AddLowEntity@@YA?AUadd_low_entity_result@@PEAUgame_state@@W4entity_type@@Uworld_position@@@Z 0000000180012510 f   p5engine.obj
 0002:00001780       ?AddMonstar@@YA?AUadd_low_entity_result@@PEAUgame_state@@III@Z 0000000180012780 f   p5engine.obj
 0002:00001930       ?AddPlayer@@YA?AUadd_low_entity_result@@PEAUgame_state@@@Z 0000000180012930 f   p5engine.obj
 0002:00001b00       ?AddSword@@YA?AUadd_low_entity_result@@PEAUgame_state@@@Z 0000000180012b00 f   p5engine.obj
 0002:00001c40       ?AddWall@@YA?AUadd_low_entity_result@@PEAUworld@@PEAUgame_state@@III@Z 0000000180012c40 f   p5engine.obj
 0002:00001f00       ?BeginSim@@YAPEAUsim_region@@PEAUmemory_arena@@PEAUgame_state@@PEAUworld@@Uworld_position@@Urectangle2@@@Z 0000000180012f00 f   p5engine.obj
 0002:000023e0       ?ChangeEntityLocation@@YAXPEAUmemory_arena@@PEAUworld@@IPEAUlow_entity@@Uworld_position@@@Z 00000001800133e0 f   p5engine.obj
 0002:00002ce0       ?DEBUGLoadBMP@@YA?AUloaded_bitmap@@PEAUthread_context@@P6A?AUdebug_read_file_result@@0PEAD@Z1@Z 0000000180013ce0 f   p5engine.obj
 0002:00003280       ?DrawBitmap@@YAXPEAUgame_offscreen_buffer@@PEAUloaded_bitmap@@MMM@Z 0000000180014280 f   p5engine.obj
 0002:00003800       ?DrawHitpoints@@YAXPEAUsim_entity@@PEAUentity_visible_piece_group@@@Z 0000000180014800 f   p5engine.obj
 0002:00003b00       ?DrawRectangle@@YAXPEAUgame_offscreen_buffer@@Tv2@@1MMM@Z 0000000180014b00 f   p5engine.obj
 0002:00003da0       ?EndSim@@YAXPEAUsim_region@@PEAUgame_state@@@Z 0000000180014da0 f   p5engine.obj
 0002:000041c0       ?GameOutputSound@@YAXPEAUgame_state@@PEAUgame_sound_output_buffer@@H@Z 00000001800151c0 f   p5engine.obj
 0002:000042b0       ?GetHashFromStorageIndex@@YAPEAUsim_entity_hash@@PEAUsim_region@@I@Z 00000001800152b0 f   p5engine.obj
 0002:00004990       ?InitHitPoints@@YAXPEAUlow_entity@@I@Z 0000000180015990 f   p5engine.obj
 0002:00004ad0       ?InitializeWorld@@YAXPEAUworld@@M@Z 0000000180015ad0 f   p5engine.obj
 0002:00005330       ?MoveEntity@@YAXPEAUsim_region@@PEAUsim_entity@@MPEAUmove_spec@@Tv2@@@Z 0000000180016330 f   p5engine.obj
 0002:00006a40       ?Subtract@@YA?ATv3@@PEAUworld@@PEAUworld_position@@1@Z 0000000180017a40 f   p5engine.obj
 0002:00006c90       ?TestWall@@YAHMMMMMPEAMMM@Z 0000000180017c90 f   p5engine.obj
 0002:0000a270       $$000000                   000000018001b270     MSVCRTD:chkstk.obj
 0002:0000a2f0       $$000000                   000000018001b2f0     MSVCRTD:amdsecgs.obj
 0002:0000a330       ?dllmain_crt_dispatch@@YAHQEAUHINSTANCE__@@KQEAX@Z 000000018001b330 f   MSVCRTD:dll_dllmain.obj
 0002:0000a3e0       ?dllmain_crt_process_attach@@YAHQEAUHINSTANCE__@@QEAX@Z 000000018001b3e0 f   MSVCRTD:dll_dllmain.obj
 0002:0000a570       ?dllmain_crt_process_detach@@YAH_N@Z 000000018001b570 f   MSVCRTD:dll_dllmain.obj
 0002:0000a630       ?dllmain_dispatch@@YAHQEAUHINSTANCE__@@KQEAX@Z 000000018001b630 f   MSVCRTD:dll_dllmain.obj
 0002:0000a7c0       ?dllmain_raw@@YAHQEAUHINSTANCE__@@KQEAX@Z 000000018001b7c0 f   MSVCRTD:dll_dllmain.obj
 0002:0000a8c0       ?DebuggerProbe@@YA_NK@Z    000000018001b8c0 f   MSVCRTD:error.obj
 0002:0000a910       ?DebuggerRuntime@@YA_NKHPEAXPEB_W@Z 000000018001b910 f   MSVCRTD:error.obj
 0002:0000aca0       ?_getMemBlockDataString@@YAXPEAD0PEBD_K@Z 000000018001bca0 f   MSVCRTD:error.obj
 0002:0000ad80       ?_strlen_priv@@YA_KPEBD@Z  000000018001bd80 f   MSVCRTD:error.obj
 0002:0000ada0       ?failwithmessage@@YAXPEAXHHPEBD@Z 000000018001bda0 f   MSVCRTD:error.obj
 0002:0000b0a0       ?notify_debugger@@YAXAEBUtagEXCEPTION_VISUALCPP_DEBUG_INFO@@@Z 000000018001c0a0 f   MSVCRTD:error.obj
 0002:0000b700       capture_current_context    000000018001c700 f   MSVCRTD:gs_report.obj
 0002:0000b7c0       capture_previous_context   000000018001c7c0 f   MSVCRTD:gs_report.obj
 0002:0000b8a0       __get_entropy              000000018001c8a0 f   MSVCRTD:gs_support.obj
 0002:0000bb50       ?find_pe_section@@YAPEAU_IMAGE_SECTION_HEADER@@QEAE_K@Z 000000018001cb50 f   MSVCRTD:utility.obj
 0002:0000bc70       ?is_potentially_valid_image_base@@YA_NQEAX@Z 000000018001cc70 f   MSVCRTD:utility.obj
 0002:0000ca10       __castguard_compat_check   000000018001da10 f   MSVCRTD:guard_support.obj
 0002:0000cbf0       __castguard_slow_path_compat_check 000000018001dbf0 f   MSVCRTD:guard_support.obj
 0002:0000cce0       ?GetPdbDll@@YAPEAUHINSTANCE__@@XZ 000000018001dce0 f   MSVCRTD:pdblkup.obj
 0002:0000ce80       ?GetPdbDllFromInstallPath@@YAPEAUHINSTANCE__@@XZ 000000018001de80 f   MSVCRTD:pdblkup.obj
 0002:0000d1e0       ?GetPdbDllPathFromFilePath@@YAHPEB_WPEA_W_K@Z 000000018001e1e0 f   MSVCRTD:pdblkup.obj
 0002:0000f300       $$000000                   0000000180020300     MSVCRTD:guard_dispatch.obj
 0002:0000f320       $$000000                   0000000180020320     MSVCRTD:guard_xfg_dispatch.obj
 0002:00010340       ?fin$0@?0??dllmain_crt_process_attach@@YAHQEAUHINSTANCE__@@QEAX@Z@4HA 0000000180021340 f   MSVCRTD:dll_dllmain.obj
 0002:00010360       ?fin$0@?0??dllmain_crt_process_detach@@YAH_N@Z@4HA 0000000180021360 f   MSVCRTD:dll_dllmain.obj
 0002:0001037a       ?fin$1@?0??dllmain_crt_process_detach@@YAH_N@Z@4HA 000000018002137a f   MSVCRTD:dll_dllmain.obj
 0002:000103a0       ?filt$0@?0??dllmain_dispatch@@YAHQEAUHINSTANCE__@@KQEAX@Z@4HA 00000001800213a0 f   MSVCRTD:dll_dllmain.obj
 0002:00010400       ?filt$0@?0??notify_debugger@@YAXAEBUtagEXCEPTION_VISUALCPP_DEBUG_INFO@@@Z@4HA 0000000180021400 f   MSVCRTD:error.obj
 0002:00010430       __scrt_is_nonwritable_in_current_image$filt$0 0000000180021430 f   MSVCRTD:utility.obj
 0003:00000880       ?FindLeastSignificantSetBit@@YA?AUbit_scan_result@@I@Z$rtcName$0 0000000180023880     p5engine.obj
 0003:00000890       ?FindLeastSignificantSetBit@@YA?AUbit_scan_result@@I@Z$rtcVarDesc 0000000180023890     p5engine.obj
 0003:000008d0       ?FindLeastSignificantSetBit@@YA?AUbit_scan_result@@I@Z$rtcFrameData 00000001800238d0     p5engine.obj
 0003:00000900       ?V2@@YA?ATv2@@MM@Z$rtcName$0 0000000180023900     p5engine.obj
 0003:00000910       ?V2@@YA?ATv2@@MM@Z$rtcVarDesc 0000000180023910     p5engine.obj
 0003:00000950       ?V2@@YA?ATv2@@MM@Z$rtcFrameData 0000000180023950     p5engine.obj
 0003:00000980       ?V3@@YA?ATv3@@MMM@Z$rtcName$0 0000000180023980     p5engine.obj
 0003:00000990       ?V3@@YA?ATv3@@MMM@Z$rtcVarDesc 0000000180023990     p5engine.obj
 0003:000009d0       ?V3@@YA?ATv3@@MMM@Z$rtcFrameData 00000001800239d0     p5engine.obj
 0003:00000a00       ?V4@@YA?ATv4@@MMMM@Z$rtcName$0 0000000180023a00     p5engine.obj
 0003:00000a10       ?V4@@YA?ATv4@@MMMM@Z$rtcVarDesc 0000000180023a10     p5engine.obj
 0003:00000a50       ?V4@@YA?ATv4@@MMMM@Z$rtcFrameData 0000000180023a50     p5engine.obj
 0003:00000a80       ??D@YA?ATv2@@MT0@@Z$rtcName$0 0000000180023a80     p5engine.obj
 0003:00000a90       ??D@YA?ATv2@@MT0@@Z$rtcVarDesc 0000000180023a90     p5engine.obj
 0003:00000ad0       ??D@YA?ATv2@@MT0@@Z$rtcFrameData 0000000180023ad0     p5engine.obj
 0003:00000b00       ??D@YA?ATv3@@MT0@@Z$rtcName$0 0000000180023b00     p5engine.obj
 0003:00000b10       ??D@YA?ATv3@@MT0@@Z$rtcVarDesc 0000000180023b10     p5engine.obj
 0003:00000b50       ??D@YA?ATv3@@MT0@@Z$rtcFrameData 0000000180023b50     p5engine.obj
 0003:00000b80       ??D@YA?ATv2@@T0@M@Z$rtcName$0 0000000180023b80     p5engine.obj
 0003:00000b90       ??D@YA?ATv2@@T0@M@Z$rtcVarDesc 0000000180023b90     p5engine.obj
 0003:00000bd0       ??D@YA?ATv2@@T0@M@Z$rtcFrameData 0000000180023bd0     p5engine.obj
 0003:00000c00       ??H@YA?ATv2@@T0@0@Z$rtcName$0 0000000180023c00     p5engine.obj
 0003:00000c10       ??H@YA?ATv2@@T0@0@Z$rtcVarDesc 0000000180023c10     p5engine.obj
 0003:00000c50       ??H@YA?ATv2@@T0@0@Z$rtcFrameData 0000000180023c50     p5engine.obj
 0003:00000c80       ??G@YA?ATv2@@T0@0@Z$rtcName$0 0000000180023c80     p5engine.obj
 0003:00000c90       ??G@YA?ATv2@@T0@0@Z$rtcVarDesc 0000000180023c90     p5engine.obj
 0003:00000cd0       ??G@YA?ATv2@@T0@0@Z$rtcFrameData 0000000180023cd0     p5engine.obj
 0003:00000d00       ?GetMinCorner@@YA?ATv2@@Urectangle2@@@Z$rtcName$0 0000000180023d00     p5engine.obj
 0003:00000d10       ?GetMinCorner@@YA?ATv2@@Urectangle2@@@Z$rtcVarDesc 0000000180023d10     p5engine.obj
 0003:00000d50       ?GetMinCorner@@YA?ATv2@@Urectangle2@@@Z$rtcFrameData 0000000180023d50     p5engine.obj
 0003:00000d80       ?GetMaxCorner@@YA?ATv2@@Urectangle2@@@Z$rtcName$0 0000000180023d80     p5engine.obj
 0003:00000d90       ?GetMaxCorner@@YA?ATv2@@Urectangle2@@@Z$rtcVarDesc 0000000180023d90     p5engine.obj
 0003:00000dd0       ?GetMaxCorner@@YA?ATv2@@Urectangle2@@@Z$rtcFrameData 0000000180023dd0     p5engine.obj
 0003:00000e00       ?RectCenterHalfDim@@YA?AUrectangle2@@Tv2@@0@Z$rtcName$0 0000000180023e00     p5engine.obj
 0003:00000e10       ?RectCenterHalfDim@@YA?AUrectangle2@@Tv2@@0@Z$rtcVarDesc 0000000180023e10     p5engine.obj
 0003:00000e50       ?RectCenterHalfDim@@YA?AUrectangle2@@Tv2@@0@Z$rtcFrameData 0000000180023e50     p5engine.obj
 0003:00000e80       ?RectCenterDim@@YA?AUrectangle2@@Tv2@@0@Z$rtcName$0 0000000180023e80     p5engine.obj
 0003:00000e90       ?RectCenterDim@@YA?AUrectangle2@@Tv2@@0@Z$rtcVarDesc 0000000180023e90     p5engine.obj
 0003:00000ed0       ?RectCenterDim@@YA?AUrectangle2@@Tv2@@0@Z$rtcFrameData 0000000180023ed0     p5engine.obj
 0003:00000f00       ?NullPosition@@YA?AUworld_position@@XZ$rtcName$0 0000000180023f00     p5engine.obj
 0003:00000f10       ?NullPosition@@YA?AUworld_position@@XZ$rtcVarDesc 0000000180023f10     p5engine.obj
 0003:00000f50       ?NullPosition@@YA?AUworld_position@@XZ$rtcFrameData 0000000180023f50     p5engine.obj
 0003:00000f80       ?MapIntoChunkSpace@@YA?AUworld_position@@PEAUworld@@U1@Tv2@@@Z$rtcName$0 0000000180023f80     p5engine.obj
 0003:00000f90       ?MapIntoChunkSpace@@YA?AUworld_position@@PEAUworld@@U1@Tv2@@@Z$rtcVarDesc 0000000180023f90     p5engine.obj
 0003:00000fd0       ?MapIntoChunkSpace@@YA?AUworld_position@@PEAUworld@@U1@Tv2@@@Z$rtcFrameData 0000000180023fd0     p5engine.obj
 0003:00001000       ?ChunkPositionFromTilePosition@@YA?AUworld_position@@PEAUworld@@HHH@Z$rtcName$0 0000000180024000     p5engine.obj
 0003:00001010       ?ChunkPositionFromTilePosition@@YA?AUworld_position@@PEAUworld@@HHH@Z$rtcVarDesc 0000000180024010     p5engine.obj
 0003:00001050       ?ChunkPositionFromTilePosition@@YA?AUworld_position@@PEAUworld@@HHH@Z$rtcFrameData 0000000180024050     p5engine.obj
 0003:00001080       ?Subtract@@YA?ATv3@@PEAUworld@@PEAUworld_position@@1@Z$rtcName$0 0000000180024080     p5engine.obj
 0003:00001090       ?Subtract@@YA?ATv3@@PEAUworld@@PEAUworld_position@@1@Z$rtcVarDesc 0000000180024090     p5engine.obj
 0003:000010d0       ?Subtract@@YA?ATv3@@PEAUworld@@PEAUworld_position@@1@Z$rtcFrameData 00000001800240d0     p5engine.obj
 0003:00001100       ?GetSimSpacePos@@YA?ATv2@@PEAUsim_region@@PEAUlow_entity@@@Z$rtcName$0 0000000180024100     p5engine.obj
 0003:00001108       ?GetSimSpacePos@@YA?ATv2@@PEAUsim_region@@PEAUlow_entity@@@Z$rtcName$1 0000000180024108     p5engine.obj
 0003:00001110       ?GetSimSpacePos@@YA?ATv2@@PEAUsim_region@@PEAUlow_entity@@@Z$rtcVarDesc 0000000180024110     p5engine.obj
 0003:00001190       ?GetSimSpacePos@@YA?ATv2@@PEAUsim_region@@PEAUlow_entity@@@Z$rtcFrameData 0000000180024190     p5engine.obj
 0003:000011c0       ?BeginSim@@YAPEAUsim_region@@PEAUmemory_arena@@PEAUgame_state@@PEAUworld@@Uworld_position@@Urectangle2@@@Z$rtcName$0 00000001800241c0     p5engine.obj
 0003:000011d0       ?BeginSim@@YAPEAUsim_region@@PEAUmemory_arena@@PEAUgame_state@@PEAUworld@@Uworld_position@@Urectangle2@@@Z$rtcName$1 00000001800241d0     p5engine.obj
 0003:000011e0       ?BeginSim@@YAPEAUsim_region@@PEAUmemory_arena@@PEAUgame_state@@PEAUworld@@Uworld_position@@Urectangle2@@@Z$rtcName$2 00000001800241e0     p5engine.obj
 0003:000011f0       ?BeginSim@@YAPEAUsim_region@@PEAUmemory_arena@@PEAUgame_state@@PEAUworld@@Uworld_position@@Urectangle2@@@Z$rtcVarDesc 00000001800241f0     p5engine.obj
 0003:000012b0       ?BeginSim@@YAPEAUsim_region@@PEAUmemory_arena@@PEAUgame_state@@PEAUworld@@Uworld_position@@Urectangle2@@@Z$rtcFrameData 00000001800242b0     p5engine.obj
 0003:00001300       ?EndSim@@YAXPEAUsim_region@@PEAUgame_state@@@Z$rtcName$0 0000000180024300     p5engine.obj
 0003:00001308       ?EndSim@@YAXPEAUsim_region@@PEAUgame_state@@@Z$rtcName$1 0000000180024308     p5engine.obj
 0003:00001320       ?EndSim@@YAXPEAUsim_region@@PEAUgame_state@@@Z$rtcVarDesc 0000000180024320     p5engine.obj
 0003:000013a0       ?EndSim@@YAXPEAUsim_region@@PEAUgame_state@@@Z$rtcFrameData 00000001800243a0     p5engine.obj
 0003:000013e0       ?MoveEntity@@YAXPEAUsim_region@@PEAUsim_entity@@MPEAUmove_spec@@Tv2@@@Z$rtcName$0 00000001800243e0     p5engine.obj
 0003:000013f0       ?MoveEntity@@YAXPEAUsim_region@@PEAUsim_entity@@MPEAUmove_spec@@Tv2@@@Z$rtcName$1 00000001800243f0     p5engine.obj
 0003:000013fc       ?MoveEntity@@YAXPEAUsim_region@@PEAUsim_entity@@MPEAUmove_spec@@Tv2@@@Z$rtcName$8 00000001800243fc     p5engine.obj
 0003:00001400       ?MoveEntity@@YAXPEAUsim_region@@PEAUsim_entity@@MPEAUmove_spec@@Tv2@@@Z$rtcName$2 0000000180024400     p5engine.obj
 0003:0000140c       ?MoveEntity@@YAXPEAUsim_region@@PEAUsim_entity@@MPEAUmove_spec@@Tv2@@@Z$rtcName$3 000000018002440c     p5engine.obj
 0003:00001418       ?MoveEntity@@YAXPEAUsim_region@@PEAUsim_entity@@MPEAUmove_spec@@Tv2@@@Z$rtcName$4 0000000180024418     p5engine.obj
 0003:00001428       ?MoveEntity@@YAXPEAUsim_region@@PEAUsim_entity@@MPEAUmove_spec@@Tv2@@@Z$rtcName$5 0000000180024428     p5engine.obj
 0003:00001438       ?MoveEntity@@YAXPEAUsim_region@@PEAUsim_entity@@MPEAUmove_spec@@Tv2@@@Z$rtcName$6 0000000180024438     p5engine.obj
 0003:00001448       ?MoveEntity@@YAXPEAUsim_region@@PEAUsim_entity@@MPEAUmove_spec@@Tv2@@@Z$rtcName$7 0000000180024448     p5engine.obj
 0003:00001460       ?MoveEntity@@YAXPEAUsim_region@@PEAUsim_entity@@MPEAUmove_spec@@Tv2@@@Z$rtcVarDesc 0000000180024460     p5engine.obj
 0003:000016a0       ?MoveEntity@@YAXPEAUsim_region@@PEAUsim_entity@@MPEAUmove_spec@@Tv2@@@Z$rtcFrameData 00000001800246a0     p5engine.obj
 0003:00001740       ?DefaultMoveSpec@@YA?AUmove_spec@@XZ$rtcName$0 0000000180024740     p5engine.obj
 0003:00001750       ?DefaultMoveSpec@@YA?AUmove_spec@@XZ$rtcVarDesc 0000000180024750     p5engine.obj
 0003:00001790       ?DefaultMoveSpec@@YA?AUmove_spec@@XZ$rtcFrameData 0000000180024790     p5engine.obj
 0003:000017c0       ?UpdateFamiliar@@YAXPEAUsim_region@@PEAUsim_entity@@M@Z$rtcName$0 00000001800247c0     p5engine.obj
 0003:000017c4       ?UpdateFamiliar@@YAXPEAUsim_region@@PEAUsim_entity@@M@Z$rtcName$1 00000001800247c4     p5engine.obj
 0003:000017d0       ?UpdateFamiliar@@YAXPEAUsim_region@@PEAUsim_entity@@M@Z$rtcVarDesc 00000001800247d0     p5engine.obj
 0003:00001850       ?UpdateFamiliar@@YAXPEAUsim_region@@PEAUsim_entity@@M@Z$rtcFrameData 0000000180024850     p5engine.obj
 0003:00001880       ?UpdateSword@@YAXPEAUsim_region@@PEAUsim_entity@@M@Z$rtcName$0 0000000180024880     p5engine.obj
 0003:00001888       ?UpdateSword@@YAXPEAUsim_region@@PEAUsim_entity@@M@Z$rtcName$1 0000000180024888     p5engine.obj
 0003:00001890       ?UpdateSword@@YAXPEAUsim_region@@PEAUsim_entity@@M@Z$rtcVarDesc 0000000180024890     p5engine.obj
 0003:00001910       ?UpdateSword@@YAXPEAUsim_region@@PEAUsim_entity@@M@Z$rtcFrameData 0000000180024910     p5engine.obj
 0003:00001940       ?DEBUGLoadBMP@@YA?AUloaded_bitmap@@PEAUthread_context@@P6A?AUdebug_read_file_result@@0PEAD@Z1@Z$rtcName$0 0000000180024940     p5engine.obj
 0003:00001948       ?DEBUGLoadBMP@@YA?AUloaded_bitmap@@PEAUthread_context@@P6A?AUdebug_read_file_result@@0PEAD@Z1@Z$rtcName$1 0000000180024948     p5engine.obj
 0003:00001958       ?DEBUGLoadBMP@@YA?AUloaded_bitmap@@PEAUthread_context@@P6A?AUdebug_read_file_result@@0PEAD@Z1@Z$rtcName$2 0000000180024958     p5engine.obj
 0003:00001960       ?DEBUGLoadBMP@@YA?AUloaded_bitmap@@PEAUthread_context@@P6A?AUdebug_read_file_result@@0PEAD@Z1@Z$rtcName$3 0000000180024960     p5engine.obj
 0003:00001970       ?DEBUGLoadBMP@@YA?AUloaded_bitmap@@PEAUthread_context@@P6A?AUdebug_read_file_result@@0PEAD@Z1@Z$rtcName$4 0000000180024970     p5engine.obj
 0003:00001980       ?DEBUGLoadBMP@@YA?AUloaded_bitmap@@PEAUthread_context@@P6A?AUdebug_read_file_result@@0PEAD@Z1@Z$rtcName$5 0000000180024980     p5engine.obj
 0003:00001990       ?DEBUGLoadBMP@@YA?AUloaded_bitmap@@PEAUthread_context@@P6A?AUdebug_read_file_result@@0PEAD@Z1@Z$rtcVarDesc 0000000180024990     p5engine.obj
 0003:00001b10       ?DEBUGLoadBMP@@YA?AUloaded_bitmap@@PEAUthread_context@@P6A?AUdebug_read_file_result@@0PEAD@Z1@Z$rtcFrameData 0000000180024b10     p5engine.obj
 0003:00001b80       ?AddLowEntity@@YA?AUadd_low_entity_result@@PEAUgame_state@@W4entity_type@@Uworld_position@@@Z$rtcName$0 0000000180024b80     p5engine.obj
 0003:00001b90       ?AddLowEntity@@YA?AUadd_low_entity_result@@PEAUgame_state@@W4entity_type@@Uworld_position@@@Z$rtcVarDesc 0000000180024b90     p5engine.obj
 0003:00001bd0       ?AddLowEntity@@YA?AUadd_low_entity_result@@PEAUgame_state@@W4entity_type@@Uworld_position@@@Z$rtcFrameData 0000000180024bd0     p5engine.obj
 0003:00001c00       ?AddWall@@YA?AUadd_low_entity_result@@PEAUworld@@PEAUgame_state@@III@Z$rtcName$0 0000000180024c00     p5engine.obj
 0003:00001c04       ?AddWall@@YA?AUadd_low_entity_result@@PEAUworld@@PEAUgame_state@@III@Z$rtcName$1 0000000180024c04     p5engine.obj
 0003:00001c10       ?AddWall@@YA?AUadd_low_entity_result@@PEAUworld@@PEAUgame_state@@III@Z$rtcVarDesc 0000000180024c10     p5engine.obj
 0003:00001c90       ?AddWall@@YA?AUadd_low_entity_result@@PEAUworld@@PEAUgame_state@@III@Z$rtcFrameData 0000000180024c90     p5engine.obj
 0003:00001cc0       ?AddSword@@YA?AUadd_low_entity_result@@PEAUgame_state@@@Z$rtcName$0 0000000180024cc0     p5engine.obj
 0003:00001cd0       ?AddSword@@YA?AUadd_low_entity_result@@PEAUgame_state@@@Z$rtcVarDesc 0000000180024cd0     p5engine.obj
 0003:00001d10       ?AddSword@@YA?AUadd_low_entity_result@@PEAUgame_state@@@Z$rtcFrameData 0000000180024d10     p5engine.obj
 0003:00001d40       ?AddPlayer@@YA?AUadd_low_entity_result@@PEAUgame_state@@@Z$rtcName$0 0000000180024d40     p5engine.obj
 0003:00001d44       ?AddPlayer@@YA?AUadd_low_entity_result@@PEAUgame_state@@@Z$rtcName$1 0000000180024d44     p5engine.obj
 0003:00001d4c       ?AddPlayer@@YA?AUadd_low_entity_result@@PEAUgame_state@@@Z$rtcName$2 0000000180024d4c     p5engine.obj
 0003:00001d60       ?AddPlayer@@YA?AUadd_low_entity_result@@PEAUgame_state@@@Z$rtcVarDesc 0000000180024d60     p5engine.obj
 0003:00001e20       ?AddPlayer@@YA?AUadd_low_entity_result@@PEAUgame_state@@@Z$rtcFrameData 0000000180024e20     p5engine.obj
 0003:00001e60       ?AddMonstar@@YA?AUadd_low_entity_result@@PEAUgame_state@@III@Z$rtcName$0 0000000180024e60     p5engine.obj
 0003:00001e64       ?AddMonstar@@YA?AUadd_low_entity_result@@PEAUgame_state@@III@Z$rtcName$1 0000000180024e64     p5engine.obj
 0003:00001e70       ?AddMonstar@@YA?AUadd_low_entity_result@@PEAUgame_state@@III@Z$rtcVarDesc 0000000180024e70     p5engine.obj
 0003:00001ef0       ?AddMonstar@@YA?AUadd_low_entity_result@@PEAUgame_state@@III@Z$rtcFrameData 0000000180024ef0     p5engine.obj
 0003:00001f20       ?AddFamiliar@@YA?AUadd_low_entity_result@@PEAUgame_state@@III@Z$rtcName$0 0000000180024f20     p5engine.obj
 0003:00001f24       ?AddFamiliar@@YA?AUadd_low_entity_result@@PEAUgame_state@@III@Z$rtcName$1 0000000180024f24     p5engine.obj
 0003:00001f30       ?AddFamiliar@@YA?AUadd_low_entity_result@@PEAUgame_state@@III@Z$rtcVarDesc 0000000180024f30     p5engine.obj
 0003:00001fb0       ?AddFamiliar@@YA?AUadd_low_entity_result@@PEAUgame_state@@III@Z$rtcFrameData 0000000180024fb0     p5engine.obj
 0003:00001fe0       ?PushBitmap@@YAXPEAUentity_visible_piece_group@@PEAUloaded_bitmap@@Tv2@@M2MM@Z$rtcName$0 0000000180024fe0     p5engine.obj
 0003:00001fe4       ?PushBitmap@@YAXPEAUentity_visible_piece_group@@PEAUloaded_bitmap@@Tv2@@M2MM@Z$rtcName$1 0000000180024fe4     p5engine.obj
 0003:00001ff0       ?PushBitmap@@YAXPEAUentity_visible_piece_group@@PEAUloaded_bitmap@@Tv2@@M2MM@Z$rtcVarDesc 0000000180024ff0     p5engine.obj
 0003:00002070       ?PushBitmap@@YAXPEAUentity_visible_piece_group@@PEAUloaded_bitmap@@Tv2@@M2MM@Z$rtcFrameData 0000000180025070     p5engine.obj
 0003:000020a0       ?DrawHitpoints@@YAXPEAUsim_entity@@PEAUentity_visible_piece_group@@@Z$rtcName$0 00000001800250a0     p5engine.obj
 0003:000020ac       ?DrawHitpoints@@YAXPEAUsim_entity@@PEAUentity_visible_piece_group@@@Z$rtcName$1 00000001800250ac     p5engine.obj
 0003:000020b8       ?DrawHitpoints@@YAXPEAUsim_entity@@PEAUentity_visible_piece_group@@@Z$rtcName$2 00000001800250b8     p5engine.obj
 0003:000020c0       ?DrawHitpoints@@YAXPEAUsim_entity@@PEAUentity_visible_piece_group@@@Z$rtcName$3 00000001800250c0     p5engine.obj
 0003:000020c8       ?DrawHitpoints@@YAXPEAUsim_entity@@PEAUentity_visible_piece_group@@@Z$rtcFrameData 00000001800250c8     p5engine.obj
 0003:000020e0       ?DrawHitpoints@@YAXPEAUsim_entity@@PEAUentity_visible_piece_group@@@Z$rtcVarDesc 00000001800250e0     p5engine.obj
 0003:00002220       GameUpdateAndRender$rtcName$0 0000000180025220     p5engine.obj
 0003:00002230       GameUpdateAndRender$rtcName$1 0000000180025230     p5engine.obj
 0003:00002244       GameUpdateAndRender$rtcName$6 0000000180025244     p5engine.obj
 0003:0000224c       GameUpdateAndRender$rtcName$8 000000018002524c     p5engine.obj
 0003:00002250       GameUpdateAndRender$rtcName$2 0000000180025250     p5engine.obj
 0003:00002260       GameUpdateAndRender$rtcName$3 0000000180025260     p5engine.obj
 0003:0000226c       GameUpdateAndRender$rtcName$9 000000018002526c     p5engine.obj
 0003:00002270       GameUpdateAndRender$rtcName$4 0000000180025270     p5engine.obj
 0003:0000227c       GameUpdateAndRender$rtcName$5 000000018002527c     p5engine.obj
 0003:00002288       GameUpdateAndRender$rtcName$7 0000000180025288     p5engine.obj
 0003:00002290       GameUpdateAndRender$rtcVarDesc 0000000180025290     p5engine.obj
 0003:00002510       GameUpdateAndRender$rtcFrameData 0000000180025510     p5engine.obj
 0003:00002868       ?_RTC_ErrorMessages@@3QBQEBDB 0000000180025868     MSVCRTD:error.obj
 0003:00002898       ?_RTC_NoFalsePositives@@3QBHB 0000000180025898     MSVCRTD:error.obj
 0003:000028b0       ?stack_premsg@@3QBDB       00000001800258b0     MSVCRTD:error.obj
 0003:000028d0       ?stack_postmsg@@3QBDB      00000001800258d0     MSVCRTD:error.obj
 0003:000028e8       ?uninit_premsg@@3QBDB      00000001800258e8     MSVCRTD:error.obj
 0003:000028f8       ?uninit_postmsg@@3QBDB     00000001800258f8     MSVCRTD:error.obj
 0003:00002f78       ?_RTC_errlist@@3QBQEBDB    0000000180025f78     MSVCRTD:userapi.obj
 0003:00003080       GS_ExceptionPointers       0000000180026080     MSVCRTD:gs_report.obj
 0003:00003098       ?mspdbName@@3QB_WB         0000000180026098     MSVCRTD:pdblkup.obj
 0003:000030c8       ?debugCrtFileName@@3QB_WB  00000001800260c8     MSVCRTD:pdblkup.obj
 0003:00003260       ?dllExt@?1??GetPdbDllPathFromFilePath@@YAHPEB_WPEA_W_K@Z@4QB_WB 0000000180026260     MSVCRTD:pdblkup.obj
 0003:00003270       ?mspdbFilename@?1??GetPdbDllPathFromFilePath@@YAHPEB_WPEA_W_K@Z@4QB_WB 0000000180026270     MSVCRTD:pdblkup.obj
 0003:00003b28       _RTC_InitBase.rtc$IMZ      0000000180026b28     p5engine.obj
 0003:00003e58       _RTC_Shutdown.rtc$TMZ      0000000180026e58     p5engine.obj
 0003:00004078       $unwind$GetController      0000000180027078     p5engine.obj
 0003:0000408c       $unwind$?InitializeArena@@YAXPEAUmemory_arena@@_KPEAX@Z 000000018002708c     p5engine.obj
 0003:000040a0       $unwind$?PushSize_@@YAPEAXPEAUmemory_arena@@_K@Z 00000001800270a0     p5engine.obj
 0003:000040b4       $unwind$?ZeroSize@@YAX_KPEAX@Z 00000001800270b4     p5engine.obj
 0003:000040c8       $unwind$?SquareRoot@@YAMM@Z 00000001800270c8     p5engine.obj
 0003:000040dc       $unwind$?AbsoluteValue@@YAMM@Z 00000001800270dc     p5engine.obj
 0003:000040f0       $unwind$?RotateLeft@@YAIIH@Z 00000001800270f0     p5engine.obj
 0003:00004104       $unwind$?RoundReal32ToInt32@@YAHM@Z 0000000180027104     p5engine.obj
 0003:00004118       $unwind$?RoundReal32ToUInt32@@YAIM@Z 0000000180027118     p5engine.obj
 0003:0000412c       $unwind$?Sin@@YAMM@Z       000000018002712c     p5engine.obj
 0003:00004140       $unwind$?FindLeastSignificantSetBit@@YA?AUbit_scan_result@@I@Z 0000000180027140     p5engine.obj
 0003:0000415c       $unwind$?V2@@YA?ATv2@@MM@Z 000000018002715c     p5engine.obj
 0003:00004178       $unwind$?V3@@YA?ATv3@@MMM@Z 0000000180027178     p5engine.obj
 0003:00004194       $unwind$?V4@@YA?ATv4@@MMMM@Z 0000000180027194     p5engine.obj
 0003:000041b0       $unwind$??D@YA?ATv2@@MT0@@Z 00000001800271b0     p5engine.obj
 0003:000041cc       $unwind$??D@YA?ATv3@@MT0@@Z 00000001800271cc     p5engine.obj
[...]
 0003:000043a4       $unwind$?GetLowEntity@@YAPEAUlow_entity@@PEAUgame_state@@I@Z 00000001800273a4     p5engine.obj
 0003:000043b8       $unwind$?NullPosition@@YA?AUworld_position@@XZ 00000001800273b8     p5engine.obj
 0003:000043d4       $unwind$?IsValid@@YAHUworld_position@@@Z 00000001800273d4     p5engine.obj
 0003:000043e8       $unwind$?IsCanonical@@YAHPEAUworld@@M@Z 00000001800273e8     p5engine.obj
 0003:000043fc       $unwind$?IsCanonical@@YAHPEAUworld@@Tv2@@@Z 00000001800273fc     p5engine.obj
 0003:00004410       $unwind$?AreInSameChunk@@YAHPEAUworld@@PEAUworld_position@@1@Z 0000000180027410     p5engine.obj
 0003:00004424       $unwind$?GetWorldChunk@@YAPEAUworld_chunk@@PEAUworld@@HHHPEAUmemory_arena@@@Z 0000000180027424     p5engine.obj
 0003:00004438       $unwind$?InitializeWorld@@YAXPEAUworld@@M@Z 0000000180027438     p5engine.obj
 0003:0000444c       $unwind$?RecanonicalizeCoord@@YAXPEAUworld@@PEAHPEAM@Z 000000018002744c     p5engine.obj
 0003:00004460       $unwind$?MapIntoChunkSpace@@YA?AUworld_position@@PEAUworld@@U1@Tv2@@@Z 0000000180027460     p5engine.obj
 0003:0000447c       $unwind$?ChunkPositionFromTilePosition@@YA?AUworld_position@@PEAUworld@@HHH@Z 000000018002747c     p5engine.obj
 0003:00004498       $unwind$?Subtract@@YA?ATv3@@PEAUworld@@PEAUworld_position@@1@Z 0000000180027498     p5engine.obj
 0003:000044b4       $unwind$?ChangeEntityLocationRaw@@YAXPEAUmemory_arena@@PEAUworld@@IPEAUworld_position@@2@Z 00000001800274b4     p5engine.obj
 0003:000044c8       $unwind$?ChangeEntityLocation@@YAXPEAUmemory_arena@@PEAUworld@@IPEAUlow_entity@@Uworld_position@@@Z 00000001800274c8     p5engine.obj
 0003:000044dc       $unwind$?GetHashFromStorageIndex@@YAPEAUsim_entity_hash@@PEAUsim_region@@I@Z 00000001800274dc     p5engine.obj
 0003:000044f0       $unwind$?AddEntity@@YAPEAUsim_entity@@PEAUgame_state@@PEAUsim_region@@IPEAUlow_entity@@PEATv2@@@Z 00000001800274f0     p5engine.obj
 0003:00004504       $unwind$?LoadEntityReference@@YAXPEAUgame_state@@PEAUsim_region@@PEATentity_reference@@@Z 0000000180027504     p5engine.obj
 0003:00004518       $unwind$?StoreEntityReference@@YAXPEATentity_reference@@@Z 0000000180027518     p5engine.obj
 0003:0000452c       $unwind$?AddEntityRaw@@YAPEAUsim_entity@@PEAUgame_state@@PEAUsim_region@@IPEAUlow_entity@@@Z 000000018002752c     p5engine.obj
 0003:00004540       $unwind$?GetSimSpacePos@@YA?ATv2@@PEAUsim_region@@PEAUlow_entity@@@Z 0000000180027540     p5engine.obj
 0003:00004554       $unwind$?BeginSim@@YAPEAUsim_region@@PEAUmemory_arena@@PEAUgame_state@@PEAUworld@@Uworld_position@@Urectangle2@@@Z 0000000180027554     p5engine.obj
 0003:00004570       $unwind$?EndSim@@YAXPEAUsim_region@@PEAUgame_state@@@Z 0000000180027570     p5engine.obj
 0003:00004584       $unwind$?TestWall@@YAHMMMMMPEAMMM@Z 0000000180027584     p5engine.obj
 0003:00004598       $unwind$?MoveEntity@@YAXPEAUsim_region@@PEAUsim_entity@@MPEAUmove_spec@@Tv2@@@Z 0000000180027598     p5engine.obj
 0003:000045b4       $unwind$?DefaultMoveSpec@@YA?AUmove_spec@@XZ 00000001800275b4     p5engine.obj
 0003:000045d0       $unwind$?UpdateFamiliar@@YAXPEAUsim_region@@PEAUsim_entity@@M@Z 00000001800275d0     p5engine.obj
 0003:000045ec       $unwind$?UpdateMonster@@YAXPEAUsim_region@@PEAUsim_entity@@M@Z 00000001800275ec     p5engine.obj
 0003:00004600       $unwind$?UpdateSword@@YAXPEAUsim_region@@PEAUsim_entity@@M@Z 0000000180027600     p5engine.obj
 0003:0000461c       $unwind$?GameOutputSound@@YAXPEAUgame_state@@PEAUgame_sound_output_buffer@@H@Z 000000018002761c     p5engine.obj
 0003:00004630       $unwind$?DrawRectangle@@YAXPEAUgame_offscreen_buffer@@Tv2@@1MMM@Z 0000000180027630     p5engine.obj
 0003:00004644       $unwind$?DrawBitmap@@YAXPEAUgame_offscreen_buffer@@PEAUloaded_bitmap@@MMM@Z 0000000180027644     p5engine.obj
 0003:00004658       $unwind$?DEBUGLoadBMP@@YA?AUloaded_bitmap@@PEAUthread_context@@P6A?AUdebug_read_file_result@@0PEAD@Z1@Z 0000000180027658     p5engine.obj
 0003:00004674       $unwind$?AddLowEntity@@YA?AUadd_low_entity_result@@PEAUgame_state@@W4entity_type@@Uworld_position@@@Z 0000000180027674     p5engine.obj
 0003:00004690       $unwind$?AddWall@@YA?AUadd_low_entity_result@@PEAUworld@@PEAUgame_state@@III@Z 0000000180027690     p5engine.obj
 0003:000046a4       $unwind$?InitHitPoints@@YAXPEAUlow_entity@@I@Z 00000001800276a4     p5engine.obj
 0003:000046b8       $unwind$?AddSword@@YA?AUadd_low_entity_result@@PEAUgame_state@@@Z 00000001800276b8     p5engine.obj
 0003:000046cc       $unwind$?AddPlayer@@YA?AUadd_low_entity_result@@PEAUgame_state@@@Z 00000001800276cc     p5engine.obj
 0003:000046e0       $unwind$?AddMonstar@@YA?AUadd_low_entity_result@@PEAUgame_state@@III@Z 00000001800276e0     p5engine.obj
 0003:000046f4       $unwind$?AddFamiliar@@YA?AUadd_low_entity_result@@PEAUgame_state@@III@Z 00000001800276f4     p5engine.obj
 0003:00004708       $unwind$?PushPiece@@YAXPEAUentity_visible_piece_group@@PEAUloaded_bitmap@@Tv2@@2M2Tv4@@M@Z 0000000180027708     p5engine.obj
 0003:0000471c       $unwind$?PushBitmap@@YAXPEAUentity_visible_piece_group@@PEAUloaded_bitmap@@Tv2@@M2MM@Z 000000018002771c     p5engine.obj
 0003:00004730       $unwind$?PushRect@@YAXPEAUentity_visible_piece_group@@Tv2@@M1Tv4@@M@Z 0000000180027730     p5engine.obj
 0003:00004744       $unwind$?DrawHitpoints@@YAXPEAUsim_entity@@PEAUentity_visible_piece_group@@@Z 0000000180027744     p5engine.obj
 0003:00004760       $unwind$GameUpdateAndRender 0000000180027760     p5engine.obj
 0003:0000477c       $unwind$GameGetSoundSamples 000000018002777c     p5engine.obj
 0003:00004790       $unwind$_RTC_CheckStackVars 0000000180027790     MSVCRTD:stack.obj
 0003:000047a4       $chain$0$_RTC_CheckStackVars 00000001800277a4     MSVCRTD:stack.obj
 0003:000047bc       $chain$1$_RTC_CheckStackVars 00000001800277bc     MSVCRTD:stack.obj
 0003:000047d0       $unwind$_RTC_CheckStackVars2 00000001800277d0     MSVCRTD:stack.obj
 0003:000047e0       $chain$1$_RTC_CheckStackVars2 00000001800277e0     MSVCRTD:stack.obj
 0003:000047fc       $chain$2$_RTC_CheckStackVars2 00000001800277fc     MSVCRTD:stack.obj
 0003:00004814       $chain$3$_RTC_CheckStackVars2 0000000180027814     MSVCRTD:stack.obj
 0003:0000482c       $chain$4$_RTC_CheckStackVars2 000000018002782c     MSVCRTD:stack.obj
 0003:00004840       $chain$5$_RTC_CheckStackVars2 0000000180027840     MSVCRTD:stack.obj
 0003:00004854       $chain$6$_RTC_CheckStackVars2 0000000180027854     MSVCRTD:stack.obj
 0003:00004868       $unwind$_RTC_AllocaHelper  0000000180027868     MSVCRTD:stack.obj
 0003:00004870       $chain$0$_RTC_AllocaHelper 0000000180027870     MSVCRTD:stack.obj
 0003:00004888       $chain$1$_RTC_AllocaHelper 0000000180027888     MSVCRTD:stack.obj
 0003:0000489c       $unwind$_RTC_Shutdown      000000018002789c     MSVCRTD:init.obj
 0003:000048a4       $unwind$_RTC_InitBase      00000001800278a4     MSVCRTD:init.obj
 0003:000048ac       $unwind$__CheckForDebuggerJustMyCode 00000001800278ac     MSVCRTD:debugger_jmc.obj
 0003:000048b4       $unwind$__GSHandlerCheckCommon 00000001800278b4     MSVCRTD:gshandler.obj
 0003:000048bc       $unwind$__GSHandlerCheck   00000001800278bc     MSVCRTD:gshandler.obj
 0003:000048c8       $xdatasym                  00000001800278c8     MSVCRTD:chkstk.obj
 0003:000048d0       $xdatasym                  00000001800278d0     MSVCRTD:amdsecgs.obj
 0003:000048d4       $unwind$?dllmain_crt_process_attach@@YAHQEAUHINSTANCE__@@QEAX@Z 00000001800278d4     MSVCRTD:dll_dllmain.obj
 0003:000048f8       $unwind$?fin$0@?0??dllmain_crt_process_attach@@YAHQEAUHINSTANCE__@@QEAX@Z@4HA 00000001800278f8     MSVCRTD:dll_dllmain.obj
 0003:00004900       $unwind$?dllmain_crt_process_detach@@YAH_N@Z 0000000180027900     MSVCRTD:dll_dllmain.obj
 0003:00004934       $unwind$?fin$0@?0??dllmain_crt_process_detach@@YAH_N@Z@4HA 0000000180027934     MSVCRTD:dll_dllmain.obj
 0003:0000493c       $unwind$?fin$1@?0??dllmain_crt_process_detach@@YAH_N@Z@4HA 000000018002793c     MSVCRTD:dll_dllmain.obj
 0003:00004944       $unwind$?dllmain_crt_dispatch@@YAHQEAUHINSTANCE__@@KQEAX@Z 0000000180027944     MSVCRTD:dll_dllmain.obj
 0003:0000494c       $unwind$_CRT_INIT          000000018002794c     MSVCRTD:dll_dllmain.obj
 0003:00004954       $unwind$?dllmain_raw@@YAHQEAUHINSTANCE__@@KQEAX@Z 0000000180027954     MSVCRTD:dll_dllmain.obj
 0003:0000495c       $unwind$?dllmain_dispatch@@YAHQEAUHINSTANCE__@@KQEAX@Z 000000018002795c     MSVCRTD:dll_dllmain.obj
 0003:00004980       $unwind$?filt$0@?0??dllmain_dispatch@@YAHQEAUHINSTANCE__@@KQEAX@Z@4HA 0000000180027980     MSVCRTD:dll_dllmain.obj
 0003:00004988       $unwind$_DllMainCRTStartup 0000000180027988     MSVCRTD:dll_dllmain.obj
 0003:00004990       $unwind$_RTC_UninitUse     0000000180027990     MSVCRTD:error.obj
 0003:000049ac       $unwind$?_RTC_StackFailure@@YAXPEAXPEBD@Z 00000001800279ac     MSVCRTD:error.obj
 0003:000049cc       $unwind$?_RTC_AllocaFailure@@YAXPEAXPEAU_RTC_ALLOCA_NODE@@H@Z 00000001800279cc     MSVCRTD:error.obj
 0003:000049e8       $chain$0$?_RTC_AllocaFailure@@YAXPEAXPEAU_RTC_ALLOCA_NODE@@H@Z 00000001800279e8     MSVCRTD:error.obj
 0003:00004a00       $chain$1$?_RTC_AllocaFailure@@YAXPEAXPEAU_RTC_ALLOCA_NODE@@H@Z 0000000180027a00     MSVCRTD:error.obj
 0003:00004a14       $unwind$_vsprintf_s_l      0000000180027a14     MSVCRTD:error.obj
 0003:00004a2c       $unwind$sprintf_s          0000000180027a2c     MSVCRTD:error.obj
 0003:00004a34       $unwind$?notify_debugger@@YAXAEBUtagEXCEPTION_VISUALCPP_DEBUG_INFO@@@Z 0000000180027a34     MSVCRTD:error.obj
 0003:00004a58       $unwind$?filt$0@?0??notify_debugger@@YAXAEBUtagEXCEPTION_VISUALCPP_DEBUG_INFO@@@Z@4HA 0000000180027a58     MSVCRTD:error.obj
 0003:00004a60       $unwind$?DebuggerProbe@@YA_NK@Z 0000000180027a60     MSVCRTD:error.obj
 0003:00004a68       $unwind$?DebuggerRuntime@@YA_NKHPEAXPEB_W@Z 0000000180027a68     MSVCRTD:error.obj
 0003:00004a70       $unwind$?failwithmessage@@YAXPEAXHHPEBD@Z 0000000180027a70     MSVCRTD:error.obj
 0003:00004a98       $unwind$?_getMemBlockDataString@@YAXPEAD0PEBD_K@Z 0000000180027a98     MSVCRTD:error.obj
 0003:00004aac       $chain$3$?_getMemBlockDataString@@YAXPEAD0PEBD_K@Z 0000000180027aac     MSVCRTD:error.obj
 0003:00004ad0       $chain$4$?_getMemBlockDataString@@YAXPEAD0PEBD_K@Z 0000000180027ad0     MSVCRTD:error.obj
 0003:00004ae4       $unwind$__report_securityfailure 0000000180027ae4     MSVCRTD:gs_report.obj
 0003:00004aec       $unwind$__report_securityfailureEx 0000000180027aec     MSVCRTD:gs_report.obj
 0003:00004af4       $unwind$__report_rangecheckfailure 0000000180027af4     MSVCRTD:gs_report.obj
 0003:00004afc       $unwind$__report_gsfailure 0000000180027afc     MSVCRTD:gs_report.obj
 0003:00004b04       $unwind$capture_current_context 0000000180027b04     MSVCRTD:gs_report.obj
 0003:00004b0c       $unwind$capture_previous_context 0000000180027b0c     MSVCRTD:gs_report.obj
 0003:00004b14       $unwind$__raise_securityfailure 0000000180027b14     MSVCRTD:gs_report.obj
 0003:00004b1c       $unwind$__security_init_cookie 0000000180027b1c     MSVCRTD:gs_support.obj
 0003:00004b24       $unwind$__get_entropy      0000000180027b24     MSVCRTD:gs_support.obj
 0003:00004b2c       $unwind$DllMain            0000000180027b2c     MSVCRTD:dll_dllmain_stub.obj
 0003:00004b34       $unwind$?__scrt_initialize_type_info@@YAXXZ 0000000180027b34     MSVCRTD:tncleanup.obj
 0003:00004b3c       $unwind$?__scrt_uninitialize_type_info@@YAXXZ 0000000180027b3c     MSVCRTD:tncleanup.obj
 0003:00004b44       $unwind$__scrt_initialize_default_local_stdio_options 0000000180027b44     MSVCRTD:default_local_stdio_options.obj
 0003:00004b4c       $unwind$atexit             0000000180027b4c     MSVCRTD:utility.obj
 0003:00004b54       $unwind$_onexit            0000000180027b54     MSVCRTD:utility.obj
 0003:00004b5c       $unwind$at_quick_exit      0000000180027b5c     MSVCRTD:utility.obj
 0003:00004b64       $unwind$__scrt_is_nonwritable_in_current_image 0000000180027b64     MSVCRTD:utility.obj
 0003:00004b88       $unwind$__scrt_is_nonwritable_in_current_image$filt$0 0000000180027b88     MSVCRTD:utility.obj
 0003:00004b90       $unwind$__scrt_acquire_startup_lock 0000000180027b90     MSVCRTD:utility.obj
 0003:00004b98       $unwind$__scrt_release_startup_lock 0000000180027b98     MSVCRTD:utility.obj
 0003:00004ba0       $unwind$__scrt_initialize_crt 0000000180027ba0     MSVCRTD:utility.obj
 0003:00004ba8       $unwind$__scrt_uninitialize_crt 0000000180027ba8     MSVCRTD:utility.obj
 0003:00004bb0       $unwind$__scrt_initialize_onexit_tables 0000000180027bb0     MSVCRTD:utility.obj
 0003:00004bc0       $unwind$__scrt_dllmain_exception_filter 0000000180027bc0     MSVCRTD:utility.obj
 0003:00004bc8       $unwind$__scrt_dllmain_before_initialize_c 0000000180027bc8     MSVCRTD:utility.obj
 0003:00004bd0       $unwind$__scrt_dllmain_after_initialize_c 0000000180027bd0     MSVCRTD:utility.obj
 0003:00004bd8       $unwind$__scrt_dllmain_uninitialize_c 0000000180027bd8     MSVCRTD:utility.obj
 0003:00004be0       $unwind$__scrt_dllmain_uninitialize_critical 0000000180027be0     MSVCRTD:utility.obj
 0003:00004be8       $unwind$__scrt_dllmain_crt_thread_attach 0000000180027be8     MSVCRTD:utility.obj
 0003:00004bf0       $unwind$__scrt_dllmain_crt_thread_detach 0000000180027bf0     MSVCRTD:utility.obj
 0003:00004bf8       $unwind$?configure_argv@__scrt_narrow_argv_policy@@SAHXZ 0000000180027bf8     MSVCRTD:utility.obj
 0003:00004c00       $unwind$?initialize_environment@__scrt_narrow_environment_policy@@SAHXZ 0000000180027c00     MSVCRTD:utility.obj
 0003:00004c08       $unwind$?is_potentially_valid_image_base@@YA_NQEAX@Z 0000000180027c08     MSVCRTD:utility.obj
 0003:00004c10       $unwind$?find_pe_section@@YAPEAU_IMAGE_SECTION_HEADER@@QEAE_K@Z 0000000180027c10     MSVCRTD:utility.obj
 0003:00004c18       $unwind$__scrt_get_show_window_mode 0000000180027c18     MSVCRTD:utility_desktop.obj
 0003:00004c28       $unwind$__scrt_is_managed_app 0000000180027c28     MSVCRTD:utility_desktop.obj
 0003:00004c30       $unwind$__scrt_initialize_mta 0000000180027c30     MSVCRTD:utility_desktop.obj
 0003:00004c38       $unwind$__scrt_set_unhandled_exception_filter 0000000180027c38     MSVCRTD:utility_desktop.obj
 0003:00004c40       $unwind$__scrt_fastfail    0000000180027c40     MSVCRTD:utility_desktop.obj
 0003:00004c50       $unwind$__scrt_unhandled_exception_filter 0000000180027c50     MSVCRTD:utility_desktop.obj
 0003:00004c58       $unwind$_RTC_Initialize    0000000180027c58     MSVCRTD:initsect.obj
 0003:00004c68       $unwind$_RTC_Terminate     0000000180027c68     MSVCRTD:initsect.obj
 0003:00004c78       $unwind$ReadNoFence64      0000000180027c78     MSVCRTD:guard_support.obj
 0003:00004c80       $unwind$ReadPointerNoFence 0000000180027c80     MSVCRTD:guard_support.obj
 0003:00004c88       $unwind$_guard_icall_checks_enforced 0000000180027c88     MSVCRTD:guard_support.obj
 0003:00004c90       $unwind$__castguard_compat_check 0000000180027c90     MSVCRTD:guard_support.obj
 0003:00004c98       $unwind$__castguard_check_failure_debugbreak 0000000180027c98     MSVCRTD:guard_support.obj
 0003:00004ca0       $unwind$__castguard_check_failure_fastfail 0000000180027ca0     MSVCRTD:guard_support.obj
 0003:00004ca8       $unwind$__castguard_check_failure_os_handled 0000000180027ca8     MSVCRTD:guard_support.obj
 0003:00004cb0       $unwind$__castguard_slow_path_compat_check 0000000180027cb0     MSVCRTD:guard_support.obj
 0003:00004cb8       $unwind$__castguard_slow_path_check_debugbreak 0000000180027cb8     MSVCRTD:guard_support.obj
 0003:00004cc0       $unwind$__castguard_slow_path_check_fastfail 0000000180027cc0     MSVCRTD:guard_support.obj
 0003:00004cc8       $unwind$__castguard_slow_path_check_os_handled 0000000180027cc8     MSVCRTD:guard_support.obj
 0003:00004cd0       $unwind$?_RTC_GetSrcLine@@YAHPEAEPEA_WKPEAH1K@Z 0000000180027cd0     MSVCRTD:pdblkup.obj
 0003:00004cec       $unwind$?GetPdbDllFromInstallPath@@YAPEAUHINSTANCE__@@XZ 0000000180027cec     MSVCRTD:pdblkup.obj
 0003:00004d14       $unwind$?GetPdbDllPathFromFilePath@@YAHPEB_WPEA_W_K@Z 0000000180027d14     MSVCRTD:pdblkup.obj
 0003:00004d30       $unwind$?GetPdbDll@@YAPEAUHINSTANCE__@@XZ 0000000180027d30     MSVCRTD:pdblkup.obj
 0003:00004d44       $unwind$__isa_available_init 0000000180027d44     MSVCRTD:cpu_disp.obj
 0003:00004d58       $unwind$__scrt_is_ucrt_dll_in_use 0000000180027d58     MSVCRTD:ucrt_detection.obj
 0003:00004d60       $xdatasym                  0000000180027d60     MSVCRTD:guard_dispatch.obj
 0003:00004d68       $xdatasym                  0000000180027d68     MSVCRTD:guard_xfg_dispatch.obj
 0003:00005000       .edata                     0000000180028000     P5Engine.exp
 0003:00005028       rgpv                       0000000180028028     P5Engine.exp
 0003:00005030       rgszName                   0000000180028030     P5Engine.exp
 0003:00005038       rgwOrd                     0000000180028038     P5Engine.exp
 0003:0000503c       szName                     000000018002803c     P5Engine.exp
 0003:00005049       $N00001                    0000000180028049     P5Engine.exp
 0003:0000505d       $N00002                    000000018002805d     P5Engine.exp
 0004:00000000       ?RandomNumberTable@@3PAIA  0000000180029000     p5engine.obj
 0004:00004e40       ?init@?1??_RTC_InitBase@@9@4_NA 000000018002de40     MSVCRTD:init.obj
 0004:00004e44       ?__proc_attached@@3HA      000000018002de44     MSVCRTD:dll_dllmain.obj
 0004:00004e58       ?_RTC_ErrorReportFunc@@3P6AHHPEBDH00ZZEA 000000018002de58     MSVCRTD:userapi.obj
 0004:00004e60       ?_RTC_ErrorReportFuncW@@3P6AHHPEB_WH00ZZEA 000000018002de60     MSVCRTD:userapi.obj
 0004:00004e70       GS_ExceptionRecord         000000018002de70     MSVCRTD:gs_report.obj
 0004:00004f10       GS_ContextRecord           000000018002df10     MSVCRTD:gs_report.obj
 0004:00005538       ?is_initialized_as_dll@@3_NA 000000018002e538     MSVCRTD:utility.obj
 0004:00005539       ?module_local_atexit_table_initialized@@3_NA 000000018002e539     MSVCRTD:utility.obj
 0004:00005540       ?module_local_atexit_table@@3U_onexit_table_t@@A 000000018002e540     MSVCRTD:utility.obj
 0004:00005558       ?module_local_at_quick_exit_table@@3U_onexit_table_t@@A 000000018002e558     MSVCRTD:utility.obj
 0004:00005598       ?mspdb@@3PEAUHINSTANCE__@@EA 000000018002e598     MSVCRTD:pdblkup.obj
 0004:000055a1       ?alreadyTried@?1??GetPdbDll@@YAPEAUHINSTANCE__@@XZ@4_NA 000000018002e5a1     MSVCRTD:pdblkup.obj
 0004:000055a2       ?PDBOK@?1??_RTC_GetSrcLine@@YAHPEAEPEA_WKPEAH1K@Z@4_NA 000000018002e5a2     MSVCRTD:pdblkup.obj
 0006:000007aa       .idata$6                   00000001800327aa     vcruntimed:VCRUNTIME140D.dll
 0006:0000095a       .idata$6                   000000018003295a     ucrtd:ucrtbased.dll
 0006:00000b9c       .idata$6                   0000000180032b9c     kernel32:KERNEL32.dll
 0007:00000000       __5C0B09BC_p5engine_platform@h 0000000180033000     p5engine.obj
 0007:00000001       __09340588_corecrt_math@h  0000000180033001     p5engine.obj
 0007:00000002       __B0C4CEA9_malloc@h        0000000180033002     p5engine.obj
 0007:00000003       __3A0418DB_p5engine_intrinsics@h 0000000180033003     p5engine.obj
 0007:00000004       __6D6C9F34_p5engine_math@h 0000000180033004     p5engine.obj
 0007:00000005       __326D9465_p5engine_entity@h 0000000180033005     p5engine.obj
 0007:00000006       __B7D51BCB_p5engine@h      0000000180033006     p5engine.obj
 0007:00000007       __DC0D61CC_p5engine_world@cpp 0000000180033007     p5engine.obj
 0007:00000008       __5DD8E4E4_p5engine_sim_region@cpp 0000000180033008     p5engine.obj
 0007:00000009       __9C871DF9_p5engine_entity@cpp 0000000180033009     p5engine.obj
 0007:0000000a       __D1049797_p5engine@cpp    000000018003300a     p5engine.obj
 0009:00000170       $R000000                   0000000180035170     * linker generated manifest res *
