 P5Engine

 Timestamp is 6371b425 (Sun Nov 13 21:21:09 2022)

 Preferred load address is 0000000180000000

 Start         Length     Name                   Class
 0001:00000000 00017360H .text$mn                CODE
 0001:00017360 00000040H .text$mn$00             CODE
 0001:000173a0 0000041dH .text$x                 CODE
 0002:00000000 00000118H .idata$5                DATA
 0002:00000118 00000028H .00cfg                  DATA
 0002:00000140 00000008H .CRT$XCA                DATA
 0002:00000148 00000008H .CRT$XCZ                DATA
 0002:00000150 00000008H .CRT$XIA                DATA
 0002:00000158 00000008H .CRT$XIZ                DATA
 0002:00000160 00000008H .CRT$XPA                DATA
 0002:00000168 00000008H .CRT$XPZ                DATA
 0002:00000170 00000008H .CRT$XTA                DATA
 0002:00000178 00000008H .CRT$XTZ                DATA
 0002:00000180 00000000H .gehcont$y              DATA
 0002:00000180 00000000H .gfids$y                DATA
 0002:00000180 00001180H .rdata                  DATA
 0002:00001300 00000000H .rdata$CastGuardVftablesA DATA
 0002:00001300 00000000H .rdata$CastGuardVftablesC DATA
 0002:00001300 0000024cH .rdata$voltmd           DATA
 0002:0000154c 000002dcH .rdata$zzzdbg           DATA
 0002:00001828 00000008H .rtc$IAA                DATA
 0002:00001830 00000008H .rtc$IZZ                DATA
 0002:00001838 00000008H .rtc$TAA                DATA
 0002:00001840 00000008H .rtc$TZZ                DATA
 0002:00001848 00000db8H .xdata                  DATA
 0002:00002600 00000090H .edata                  DATA
 0002:00002690 00000050H .idata$2                DATA
 0002:000026e0 00000018H .idata$3                DATA
 0002:000026f8 00000118H .idata$4                DATA
 0002:00002810 000002dcH .idata$6                DATA
 0003:00000000 00004040H .data                   DATA
 0003:00004040 00000b34H .bss                    DATA
 0004:00000000 00000e04H .pdata                  DATA
 0005:00000000 00000022H .msvcjmc                DATA
 0006:00000000 00000060H .rsrc$01                DATA
 0006:00000060 00000098H .rsrc$02                DATA

  Address         Publics by Value              Rva+Base               Lib:Object

 0000:00000000       __AbsoluteZero             0000000000000000     <absolute>
 0000:00000000       __guard_longjmp_table      0000000000000000     <absolute>
 0000:00000000       __x64_code_ranges_to_entry_points 0000000000000000     <absolute>
 0000:00000000       __hybrid_auxiliary_iat_copy 0000000000000000     <absolute>
 0000:00000000       __guard_iat_table          0000000000000000     <absolute>
 0000:00000000       __guard_fids_count         0000000000000000     <absolute>
 0000:00000000       __x64_code_ranges_to_entry_points_count 0000000000000000     <absolute>
 0000:00000000       __hybrid_auxiliary_iat     0000000000000000     <absolute>
 0000:00000000       __arm64x_extra_rfe_table   0000000000000000     <absolute>
 0000:00000000       __dynamic_value_reloc_table 0000000000000000     <absolute>
 0000:00000000       __hybrid_code_map_count    0000000000000000     <absolute>
 0000:00000000       __hybrid_code_map          0000000000000000     <absolute>
 0000:00000000       __guard_check_icall_a64n_fptr 0000000000000000     <absolute>
 0000:00000000       __arm64x_extra_rfe_table_size 0000000000000000     <absolute>
 0000:00000000       __guard_fids_table         0000000000000000     <absolute>
 0000:00000000       ___safe_se_handler_count   0000000000000000     <absolute>
 0000:00000000       __guard_longjmp_count      0000000000000000     <absolute>
 0000:00000000       __guard_eh_cont_count      0000000000000000     <absolute>
 0000:00000000       __guard_iat_count          0000000000000000     <absolute>
 0000:00000000       ___safe_se_handler_table   0000000000000000     <absolute>
 0000:00000000       __arm64x_redirection_metadata_count 0000000000000000     <absolute>
 0000:00000000       __arm64x_native_entrypoint 0000000000000000     <absolute>
 0000:00000000       __arm64x_redirection_metadata 0000000000000000     <absolute>
 0000:00000000       __enclave_config           0000000000000000     <absolute>
 0000:00000000       __guard_eh_cont_table      0000000000000000     <absolute>
 0000:00000100       __guard_flags              0000000000000100     <absolute>
 0000:00000000       __ImageBase                0000000180000000     <linker-defined>
 0001:0000b080       GameUpdateAndRender        000000018000c080 f   p5engine.obj
 0001:0000ebe0       GameGetSoundSamples        000000018000fbe0 f   p5engine.obj
 0001:0000f3b0       GameDEBUGFrameEnd          00000001800103b0 f   p5engine.obj
 0001:0000f480       ??$_snprintf_s@$0BAA@@@YAHAEAY0BAA@D_KPEBDZZ 0000000180010480 f i p5engine.obj
 0001:0000f500       ??$_snprintf_s@$0IA@@@YAHAEAY0IA@D_KPEBDZZ 0000000180010500 f i p5engine.obj
 0001:0000f580       ??0timed_block@@QEAA@HPEADH0H@Z 0000000180010580 f i p5engine.obj
 0001:0000f620       ??1timed_block@@QEAA@XZ    0000000180010620 f i p5engine.obj
 0001:0000f680       ??D@YA?ATv2@@MT0@@Z        0000000180010680 f i p5engine.obj
 0001:0000f700       ??D@YA?ATv3@@MT0@@Z        0000000180010700 f i p5engine.obj
 0001:0000f7b0       ??D@YA?ATv3@@T0@M@Z        00000001800107b0 f i p5engine.obj
 0001:0000f830       ??D@YA?ATv4@@MT0@@Z        0000000180010830 f i p5engine.obj
 0001:0000f900       ??G@YA?ATv2@@T0@0@Z        0000000180010900 f i p5engine.obj
 0001:0000f980       ??G@YA?ATv3@@T0@0@Z        0000000180010980 f i p5engine.obj
 0001:0000fa40       ??G@YA?ATv3@@T0@@Z         0000000180010a40 f i p5engine.obj
 0001:0000faf0       ??H@YA?ATv2@@T0@0@Z        0000000180010af0 f i p5engine.obj
 0001:0000fb70       ??H@YA?ATv3@@T0@0@Z        0000000180010b70 f i p5engine.obj
 0001:0000fc30       ??X@YAAEATv3@@AEAT0@M@Z    0000000180010c30 f i p5engine.obj
 0001:0000fcb0       ??Y@YAAEATv2@@AEAT0@T0@@Z  0000000180010cb0 f i p5engine.obj
 0001:0000fd00       ??Y@YAAEATv3@@AEAT0@T0@@Z  0000000180010d00 f i p5engine.obj
 0001:0000fda0       ??Z@YAAEATv3@@AEAT0@T0@@Z  0000000180010da0 f i p5engine.obj
 0001:0000fe40       ?ATan2@@YAMMM@Z            0000000180010e40 f i p5engine.obj
 0001:0000fe90       ?AbsoluteValue@@YAMM@Z     0000000180010e90 f i p5engine.obj
 0001:0000fed0       ?AccumDebugStatistic@@YAXPEAUdebug_statistic@@N@Z 0000000180010ed0 f i p5engine.obj
 0001:0000ff60       ?AddFlags@@YAXPEAUsim_entity@@I@Z 0000000180010f60 f i p5engine.obj
 0001:0000ffa0       ?AddRadiusTo@@YA?AUrectangle3@@U1@Tv3@@@Z 0000000180010fa0 f i p5engine.obj
 0001:00010110       ?AllResourcesPresent@@YAHPEAUrender_group@@@Z 0000000180011110 f i p5engine.obj
 0001:00010160       ?AreInSameChunk@@YAHPEAUworld@@PEAUworld_position@@1@Z 0000000180011160 f i p5engine.obj
 0001:00010260       ?AtomicAddU64@@YA_KPEC_K_K@Z 0000000180011260 f i p5engine.obj
 0001:000102a0       ?AtomicCompareExchangeU32@@YAIPECIII@Z 00000001800112a0 f i p5engine.obj
 0001:000102f0       ?AtomicExchangeU64@@YA_KPEC_K_K@Z 00000001800112f0 f i p5engine.obj
 0001:00010330       ?BeginAssetLock@@YAXPEAUgame_assets@@@Z 0000000180011330 f i p5engine.obj
 0001:00010370       ?BeginDebugStatistic@@YAXPEAUdebug_statistic@@@Z 0000000180011370 f i p5engine.obj
 0001:000103d0       ?BeginGeneration@@YAIPEAUgame_assets@@@Z 00000001800113d0 f i p5engine.obj
 0001:00010480       ?BeginTemporaryMemory@@YA?AUtemporary_memory@@PEAUmemory_arena@@@Z 0000000180011480 f i p5engine.obj
 0001:00010520       ?CenteredChunkPoint@@YA?AUworld_position@@III@Z 0000000180011520 f i p5engine.obj
 0001:000105b0       ?ChangeEntityLocationRaw@@YAXPEAUmemory_arena@@PEAUworld@@IPEAUworld_position@@2@Z 00000001800115b0 f i p5engine.obj
 0001:00010a10       ?CheckArena@@YAXPEAUmemory_arena@@@Z 0000000180011a10 f i p5engine.obj
 0001:00010a40       ?ChunkPositionFromTilePosition@@YA?AUworld_position@@PEAUworld@@HHHTv3@@@Z 0000000180011a40 f i p5engine.obj
 0001:00010ce0       ?Clamp01@@YA?ATv2@@T1@@Z   0000000180011ce0 f i p5engine.obj
 0001:00010d50       ?Clamp01@@YAMM@Z           0000000180011d50 f i p5engine.obj
 0001:00010d90       ?Clamp01MapToRange@@YAMMMM@Z 0000000180011d90 f i p5engine.obj
 0001:00010e10       ?Clamp@@YAMMMM@Z           0000000180011e10 f i p5engine.obj
 0001:00010e80       ?Clear@@YAXPEAUrender_group@@Tv4@@@Z 0000000180011e80 f i p5engine.obj
 0001:00010ee0       ?ClearFlags@@YAXPEAUsim_entity@@I@Z 0000000180011ee0 f i p5engine.obj
 0001:00010f20       ?DefaultMoveSpec@@YA?AUmove_spec@@XZ 0000000180011f20 f i p5engine.obj
 0001:00010fc0       ?EndAssetLock@@YAXPEAUgame_assets@@@Z 0000000180011fc0 f i p5engine.obj
 0001:00010ff0       ?EndDebugStatistic@@YAXPEAUdebug_statistic@@@Z 0000000180011ff0 f i p5engine.obj
 0001:00011060       ?EndGeneration@@YAXPEAUgame_assets@@I@Z 0000000180012060 f i p5engine.obj
 0001:00011120       ?EndTemporaryMemory@@YAXUtemporary_memory@@@Z 0000000180012120 f i p5engine.obj
 0001:000111a0       ?EntityOverlapsRectangle@@YAHTv3@@Usim_entity_collision_volume@@Urectangle3@@@Z 00000001800121a0 f i p5engine.obj
 0001:00011330       ?GetAlignmentOffset@@YA_KPEAUmemory_arena@@_K@Z 0000000180012330 f i p5engine.obj
 0001:000113c0       ?GetArenaSizeRemaining@@YA_KPEAUmemory_arena@@_K@Z 00000001800123c0 f i p5engine.obj
 0001:00011420       ?GetAsset@@YAPEAUasset_memory_header@@PEAUgame_assets@@II@Z 0000000180012420 f i p5engine.obj
 0001:000114f0       ?GetBarycentric@@YA?ATv2@@Urectangle2@@T1@@Z 00000001800124f0 f i p5engine.obj
 0001:000115a0       ?GetFont@@YAPEAUloaded_font@@PEAUgame_assets@@Ufont_id@@I@Z 00000001800125a0 f i p5engine.obj
 0001:000115a0       ?GetBitmap@@YAPEAUloaded_bitmap@@PEAUgame_assets@@Ubitmap_id@@I@Z 00000001800125a0 f i p5engine.obj
 0001:000115a0       ?GetSound@@YAPEAUloaded_sound@@PEAUgame_assets@@Usound_id@@I@Z 00000001800125a0 f i p5engine.obj
 0001:00011610       ?GetBitmapInfo@@YAPEAUp5a_bitmap@@PEAUgame_assets@@Ubitmap_id@@@Z 0000000180012610 f i p5engine.obj
 0001:00011610       ?GetSoundInfo@@YAPEAUp5a_sound@@PEAUgame_assets@@Usound_id@@@Z 0000000180012610 f i p5engine.obj
 0001:00011610       ?GetFontInfo@@YAPEAUp5a_font@@PEAUgame_assets@@Ufont_id@@@Z 0000000180012610 f i p5engine.obj
 0001:00011670       ?GetCameraRectangleAtDistance@@YA?AUrectangle2@@PEAUrender_group@@M@Z 0000000180012670 f i p5engine.obj
 0001:00011710       ?GetCameraRectangleAtTarget@@YA?AUrectangle2@@PEAUrender_group@@@Z 0000000180012710 f i p5engine.obj
 0001:00011780       ?GetDim@@YA?ATv2@@Urectangle2@@@Z 0000000180012780 f i p5engine.obj
 0001:000117c0       ?GetDim@@YA?ATv3@@Urectangle3@@@Z 00000001800127c0 f i p5engine.obj
 0001:00011860       ?GetEntityGroundPoint@@YA?ATv3@@PEAUsim_entity@@@Z 0000000180012860 f i p5engine.obj
 0001:000118e0       ?GetEntityGroundPoint@@YA?ATv3@@PEAUsim_entity@@T1@@Z 00000001800128e0 f i p5engine.obj
 0001:00011940       ?GetFile@@YAPEAUasset_file@@PEAUgame_assets@@I@Z 0000000180012940 f i p5engine.obj
 0001:000119a0       ?GetFileHandleFor@@YAPEAUplatform_file_handle@@PEAUgame_assets@@I@Z 00000001800129a0 f i p5engine.obj
 0001:00011a00       ?GetGlyphFromCodepoint@@YAIPEAUp5a_font@@PEAUloaded_font@@I@Z 0000000180012a00 f i p5engine.obj
 0001:00011a70       ?GetHex@@YAID@Z            0000000180012a70 f i p5engine.obj
 0001:00011ae0       ?GetLowEntity@@YAPEAUlow_entity@@PEAUgame_state@@I@Z 0000000180012ae0 f i p5engine.obj
 0001:00011b50       ?GetMaxCorner@@YA?ATv3@@Urectangle3@@@Z 0000000180012b50 f i p5engine.obj
 0001:00011bb0       ?GetMinCorner@@YA?ATv3@@Urectangle3@@@Z 0000000180012bb0 f i p5engine.obj
 0001:00011c00       ?GetNextSoundInChain@@YA?AUsound_id@@PEAUgame_assets@@U1@@Z 0000000180012c00 f i p5engine.obj
 0001:00011cc0       ?GetRenderEntityBasisPos@@YA?AUentity_basis_p_result@@PEAUrender_transform@@Tv3@@@Z 0000000180012cc0 f i p5engine.obj
 0001:00011fd0       ?GetSimSpacePos@@YA?ATv3@@PEAUsim_region@@PEAUlow_entity@@@Z 0000000180012fd0 f i p5engine.obj
 0001:000120c0       ?GetStairGround@@YAMPEAUsim_entity@@Tv3@@@Z 00000001800130c0 f i p5engine.obj
 0001:000121b0       ?GetWorldChunk@@YAPEAUworld_chunk@@PEAUworld@@HHHPEAUmemory_arena@@@Z 00000001800131b0 f i p5engine.obj
 0001:00012430       ?Hadamard@@YA?ATv2@@T1@0@Z 0000000180013430 f i p5engine.obj
 0001:00012490       ?Hadamard@@YA?ATv3@@T1@0@Z 0000000180013490 f i p5engine.obj
 0001:00012550       ?HasFlag@@YAHPEAUsim_entity@@I@Z 0000000180013550 f i p5engine.obj
 0001:00012590       ?InitializeArena@@YAXPEAUmemory_arena@@_KPEAX@Z 0000000180013590 f i p5engine.obj
 0001:000125f0       ?Inner@@YAMTv2@@0@Z        00000001800135f0 f i p5engine.obj
 0001:00012640       ?Inner@@YAMTv3@@0@Z        0000000180013640 f i p5engine.obj
 0001:000126b0       ?InsertAssetHeaderAtFront@@YAXPEAUgame_assets@@PEAUasset_memory_header@@@Z 00000001800136b0 f i p5engine.obj
 0001:00012720       ?Intersect@@YA?AUrectangle2i@@U1@0@Z 0000000180013720 f i p5engine.obj
 0001:00012830       ?IsCanonical@@YAHMM@Z      0000000180013830 f i p5engine.obj
 0001:000128d0       ?IsCanonical@@YAHPEAUworld@@Tv3@@@Z 00000001800138d0 f i p5engine.obj
 0001:00012970       ?IsHex@@YAHD@Z             0000000180013970 f i p5engine.obj
 0001:000129d0       ?IsInRectangle@@YAHUrectangle3@@Tv3@@@Z 00000001800139d0 f i p5engine.obj
 0001:00012a90       ?IsValid@@YAHUsound_id@@@Z 0000000180013a90 f i p5engine.obj
 0001:00012ad0       ?IsValid@@YAHUworld_position@@@Z 0000000180013ad0 f i p5engine.obj
 0001:00012b20       ?Length@@YAMTv3@@@Z        0000000180013b20 f i p5engine.obj
 0001:00012b70       ?LengthSq@@YAMTv2@@@Z      0000000180013b70 f i p5engine.obj
 0001:00012bb0       ?LengthSq@@YAMTv3@@@Z      0000000180013bb0 f i p5engine.obj
 0001:00012c20       ?LoadEntityReference@@YAXPEAUgame_state@@PEAUsim_region@@PEATentity_reference@@@Z 0000000180013c20 f i p5engine.obj
 0001:00012d50       ?MakeEntityNonSpatial@@YAXPEAUsim_entity@@@Z 0000000180013d50 f i p5engine.obj
 0001:00012dd0       ?MakeEntitySpatial@@YAXPEAUsim_entity@@Tv3@@1@Z 0000000180013dd0 f i p5engine.obj
 0001:00012e40       ?MapIntoChunkSpace@@YA?AUworld_position@@PEAUworld@@U1@Tv3@@@Z 0000000180013e40 f i p5engine.obj
 0001:00012f30       ?NullPosition@@YA?AUworld_position@@XZ 0000000180013f30 f i p5engine.obj
 0001:00012fa0       ?Orthographic@@YAXPEAUrender_group@@HHM@Z 0000000180013fa0 f i p5engine.obj
 0001:000130a0       ?Perspective@@YAXPEAUrender_group@@HHMMM@Z 00000001800140a0 f i p5engine.obj
 0001:00013190       ?PrefetchSound@@YAXPEAUgame_assets@@Usound_id@@@Z 0000000180014190 f i p5engine.obj
 0001:000131c0       ?PushBitmap@@YAXPEAUrender_group@@PEAUloaded_bitmap@@Tv3@@MTv4@@@Z 00000001800141c0 f i p5engine.obj
 0001:000133f0       ?PushBitmap@@YAXPEAUrender_group@@Ubitmap_id@@Tv3@@MTv4@@@Z 00000001800143f0 f i p5engine.obj
 0001:00013550       ?PushFont@@YAPEAUloaded_font@@PEAUrender_group@@Ufont_id@@@Z 0000000180014550 f i p5engine.obj
 0001:000135e0       ?PushRect@@YAXPEAUrender_group@@Tv3@@Tv2@@Tv4@@@Z 00000001800145e0 f i p5engine.obj
 0001:00013780       ?PushRectOutline@@YAXPEAUrender_group@@Tv3@@Tv2@@Tv4@@@Z 0000000180014780 f i p5engine.obj
 0001:00013c10       ?PushRenderElement_@@YAPEAXPEAUrender_group@@IW4render_group_entry_type@@@Z 0000000180014c10 f i p5engine.obj
 0001:00013d60       ?PushSize_@@YAPEAXPEAUmemory_arena@@_K1@Z 0000000180014d60 f i p5engine.obj
 0001:00013e30       ?RandomBilateral@@YAMPEAUrandom_series@@@Z 0000000180014e30 f i p5engine.obj
 0001:00013e80       ?RandomChoice@@YAIPEAUrandom_series@@I@Z 0000000180014e80 f i p5engine.obj
 0001:00013ec0       ?RandomNextUInt32@@YAIPEAUrandom_series@@@Z 0000000180014ec0 f i p5engine.obj
 0001:00013f30       ?RandomSeed@@YA?AUrandom_series@@I@Z 0000000180014f30 f i p5engine.obj
 0001:00013fa0       ?RandomUnilateral@@YAMPEAUrandom_series@@@Z 0000000180014fa0 f i p5engine.obj
 0001:00014000       ?RecanonicalizeCoord@@YAXMPEAHPEAM@Z 0000000180015000 f i p5engine.obj
 0001:000140a0       ?RectCenterDim@@YA?AUrectangle2@@Tv2@@0@Z 00000001800150a0 f i p5engine.obj
 0001:00014130       ?RectCenterDim@@YA?AUrectangle3@@Tv3@@0@Z 0000000180015130 f i p5engine.obj
 0001:00014220       ?RectCenterHalfDim@@YA?AUrectangle2@@Tv2@@0@Z 0000000180015220 f i p5engine.obj
 0001:000142d0       ?RectCenterHalfDim@@YA?AUrectangle3@@Tv3@@0@Z 00000001800152d0 f i p5engine.obj
 0001:00014440       ?RectMinMax@@YA?AUrectangle3@@Tv3@@0@Z 0000000180015440 f i p5engine.obj
 0001:000144e0       ?RectanglesIntersect@@YAHUrectangle3@@0@Z 00000001800154e0 f i p5engine.obj
 0001:000145a0       ?RoundReal32ToInt32@@YAHM@Z 00000001800155a0 f i p5engine.obj
 0001:000145e0       ?RoundReal32ToUInt32@@YAIM@Z 00000001800155e0 f i p5engine.obj
 0001:00014620       ?SafeRatio1@@YAMMM@Z       0000000180015620 f i p5engine.obj
 0001:00014670       ?SafeRatioN@@YAMMMM@Z      0000000180015670 f i p5engine.obj
 0001:000146d0       ?SignOf@@YAMM@Z            00000001800156d0 f i p5engine.obj
 0001:00014730       ?Sin@@YAMM@Z               0000000180015730 f i p5engine.obj
 0001:00014770       ?Square@@YAMM@Z            0000000180015770 f i p5engine.obj
 0001:000147b0       ?SquareRoot@@YAMM@Z        00000001800157b0 f i p5engine.obj
 0001:000147f0       ?StoreEntityReference@@YAXPEATentity_reference@@@Z 00000001800157f0 f i p5engine.obj
 0001:00014830       ?SubArena@@YAXPEAUmemory_arena@@0_K1@Z 0000000180015830 f i p5engine.obj
 0001:000148a0       ?ToV3@@YA?ATv3@@Tv2@@M@Z   00000001800158a0 f i p5engine.obj
 0001:00014930       ?ToV4@@YA?ATv4@@Tv3@@M@Z   0000000180015930 f i p5engine.obj
 0001:000149a0       ?Unproject@@YA?ATv2@@PEAUrender_group@@T1@M@Z 00000001800159a0 f i p5engine.obj
 0001:000149f0       ?V2@@YA?ATv2@@MM@Z         00000001800159f0 f i p5engine.obj
 0001:00014a60       ?V2i@@YA?ATv2@@HH@Z        0000000180015a60 f i p5engine.obj
 0001:00014ab0       ?V3@@YA?ATv3@@MMM@Z        0000000180015ab0 f i p5engine.obj
 0001:00014b50       ?V4@@YA?ATv4@@MMMM@Z       0000000180015b50 f i p5engine.obj
 0001:00014c00       ?ZeroSize@@YAX_KPEAX@Z     0000000180015c00 f i p5engine.obj
 0001:00014c60       GetController              0000000180015c60 f i p5engine.obj
 0001:00014cc0       __local_stdio_printf_options 0000000180015cc0 f i p5engine.obj
 0001:00014ce0       _vsnprintf_s               0000000180015ce0 f i p5engine.obj
 0001:00014d40       _vsnprintf_s_l             0000000180015d40 f i p5engine.obj
 0001:00014dd0       ?DrawRectangleQuickly@@YAXPEAUloaded_bitmap@@Tv2@@11Tv4@@0MUrectangle2i@@H@Z 0000000180015dd0 f   p5engine_optimized.obj
 0001:00015ba0       __CheckForDebuggerJustMyCode 0000000180016ba0 f   MSVCRTD:debugger_jmc.obj
 0001:00015be0       __GSHandlerCheck           0000000180016be0 f   MSVCRTD:gshandler.obj
 0001:00015c20       __GSHandlerCheckCommon     0000000180016c20 f   MSVCRTD:gshandler.obj
 0001:00015d20       __GSHandlerCheck_EH4       0000000180016d20 f   MSVCRTD:gshandlereh4.obj
 0001:00015de0       _alloca_probe              0000000180016de0 f   MSVCRTD:chkstk.obj
 0001:00015de0       __chkstk                   0000000180016de0 f   MSVCRTD:chkstk.obj
 0001:00015e40       __security_check_cookie    0000000180016e40 f   MSVCRTD:amdsecgs.obj
 0001:00016270       _DllMainCRTStartup         0000000180017270 f   MSVCRTD:dll_dllmain.obj
 0001:000162b0       __raise_securityfailure    00000001800172b0 f   MSVCRTD:gs_report.obj
 0001:000162f0       __report_gsfailure         00000001800172f0 f   MSVCRTD:gs_report.obj
 0001:00016550       __security_init_cookie     0000000180017550 f   MSVCRTD:gs_support.obj
 0001:000165d0       DllMain                    00000001800175d0 f   MSVCRTD:dll_dllmain_stub.obj
 0001:00016610       ?__scrt_initialize_type_info@@YAXXZ 0000000180017610 f   MSVCRTD:tncleanup.obj
 0001:00016630       ?__scrt_uninitialize_type_info@@YAXXZ 0000000180017630 f   MSVCRTD:tncleanup.obj
 0001:00016650       __local_stdio_scanf_options 0000000180017650 f i MSVCRTD:default_local_stdio_options.obj
 0001:00016660       __scrt_initialize_default_local_stdio_options 0000000180017660 f   MSVCRTD:default_local_stdio_options.obj
 0001:000166b0       ?configure_argv@__scrt_narrow_argv_policy@@SAHXZ 00000001800176b0 f i MSVCRTD:utility.obj
 0001:000167a0       ?initialize_environment@__scrt_narrow_environment_policy@@SAHXZ 00000001800177a0 f i MSVCRTD:utility.obj
 0001:00016840       NtCurrentTeb               0000000180017840 f i MSVCRTD:utility.obj
 0001:00016850       __scrt_acquire_startup_lock 0000000180017850 f   MSVCRTD:utility.obj
 0001:000168c0       __scrt_dllmain_after_initialize_c 00000001800178c0 f   MSVCRTD:utility.obj
 0001:000168f0       __scrt_dllmain_before_initialize_c 00000001800178f0 f   MSVCRTD:utility.obj
 0001:00016910       __scrt_dllmain_crt_thread_attach 0000000180017910 f   MSVCRTD:utility.obj
 0001:00016940       __scrt_dllmain_crt_thread_detach 0000000180017940 f   MSVCRTD:utility.obj
 0001:00016960       __scrt_dllmain_exception_filter 0000000180017960 f   MSVCRTD:utility.obj
 0001:000169d0       __scrt_dllmain_uninitialize_c 00000001800179d0 f   MSVCRTD:utility.obj
 0001:00016a00       __scrt_dllmain_uninitialize_critical 0000000180017a00 f   MSVCRTD:utility.obj
 0001:00016a20       __scrt_initialize_crt      0000000180017a20 f   MSVCRTD:utility.obj
 0001:00016a70       __scrt_initialize_onexit_tables 0000000180017a70 f   MSVCRTD:utility.obj
 0001:00016b80       __scrt_is_nonwritable_in_current_image 0000000180017b80 f   MSVCRTD:utility.obj
 0001:00016c10       __scrt_release_startup_lock 0000000180017c10 f   MSVCRTD:utility.obj
 0001:00016c40       __scrt_uninitialize_crt    0000000180017c40 f   MSVCRTD:utility.obj
 0001:00016c80       __scrt_get_dyn_tls_init_callback 0000000180017c80 f   MSVCRTD:dyn_tls_init.obj
 0001:00016c90       __crt_debugger_hook        0000000180017c90 f   MSVCRTD:utility_desktop.obj
 0001:00016ca0       __scrt_fastfail            0000000180017ca0 f   MSVCRTD:utility_desktop.obj
 0001:00016e40       _RTC_Initialize            0000000180017e40 f   MSVCRTD:initsect.obj
 0001:00016e90       _RTC_Terminate             0000000180017e90 f   MSVCRTD:initsect.obj
 0001:00016ee0       _guard_check_icall_nop     0000000180017ee0 f i MSVCRTD:guard_support.obj
 0001:00016ef0       __isa_available_init       0000000180017ef0 f   MSVCRTD:cpu_disp.obj
 0001:00017290       _get_startup_argv_mode     0000000180018290 f   MSVCRTD:argv_mode.obj
 0001:000172a0       __scrt_is_ucrt_dll_in_use  00000001800182a0 f   MSVCRTD:ucrt_detection.obj
 0001:000172d0       __CxxFrameHandler4         00000001800182d0 f   vcruntimed:VCRUNTIME140_1D.dll
 0001:000172d6       __C_specific_handler       00000001800182d6 f   vcruntimed:VCRUNTIME140D.dll
 0001:000172dc       __std_type_info_destroy_list 00000001800182dc f   vcruntimed:VCRUNTIME140D.dll
 0001:000172e2       atan2                      00000001800182e2 f   ucrtd:ucrtbased.dll
 0001:000172e8       sinf                       00000001800182e8 f   ucrtd:ucrtbased.dll
 0001:000172ee       sqrtf                      00000001800182ee f   ucrtd:ucrtbased.dll
 0001:000172f4       _initterm                  00000001800182f4 f   ucrtd:ucrtbased.dll
 0001:000172fa       _initterm_e                00000001800182fa f   ucrtd:ucrtbased.dll
 0001:00017300       _seh_filter_dll            0000000180018300 f   ucrtd:ucrtbased.dll
 0001:00017306       _configure_narrow_argv     0000000180018306 f   ucrtd:ucrtbased.dll
 0001:0001730c       _initialize_narrow_environment 000000018001830c f   ucrtd:ucrtbased.dll
 0001:00017312       _initialize_onexit_table   0000000180018312 f   ucrtd:ucrtbased.dll
 0001:00017318       _execute_onexit_table      0000000180018318 f   ucrtd:ucrtbased.dll
 0001:0001731e       _cexit                     000000018001831e f   ucrtd:ucrtbased.dll
 0001:00017330       __acrt_thread_attach       0000000180018330 f   MSVCRTD:ucrt_stubs.obj
 0001:00017330       __vcrt_thread_attach       0000000180018330 f   MSVCRTD:ucrt_stubs.obj
 0001:00017330       __acrt_thread_detach       0000000180018330 f   MSVCRTD:ucrt_stubs.obj
 0001:00017330       __vcrt_initialize          0000000180018330 f   MSVCRTD:ucrt_stubs.obj
 0001:00017330       __vcrt_thread_detach       0000000180018330 f   MSVCRTD:ucrt_stubs.obj
 0001:00017330       __scrt_stub_for_acrt_initialize 0000000180018330 f   MSVCRTD:ucrt_stubs.obj
 0001:00017330       __scrt_stub_for_acrt_thread_detach 0000000180018330 f   MSVCRTD:ucrt_stubs.obj
 0001:00017330       __acrt_initialize          0000000180018330 f   MSVCRTD:ucrt_stubs.obj
 0001:00017330       __scrt_stub_for_acrt_thread_attach 0000000180018330 f   MSVCRTD:ucrt_stubs.obj
 0001:00017340       __vcrt_uninitialize        0000000180018340 f   MSVCRTD:ucrt_stubs.obj
 0001:00017340       __acrt_uninitialize        0000000180018340 f   MSVCRTD:ucrt_stubs.obj
 0001:00017340       __scrt_stub_for_acrt_uninitialize 0000000180018340 f   MSVCRTD:ucrt_stubs.obj
 0001:00017340       __acrt_uninitialize_critical 0000000180018340 f   MSVCRTD:ucrt_stubs.obj
 0001:00017340       __scrt_stub_for_acrt_uninitialize_critical 0000000180018340 f   MSVCRTD:ucrt_stubs.obj
 0001:00017340       __vcrt_uninitialize_critical 0000000180018340 f   MSVCRTD:ucrt_stubs.obj
 0001:00017350       __scrt_stub_for_is_c_termination_complete 0000000180018350 f   MSVCRTD:ucrt_stubs.obj
 0001:00017350       _is_c_termination_complete 0000000180018350 f   MSVCRTD:ucrt_stubs.obj
 0001:00017370       _guard_dispatch_icall_nop  0000000180018370 f   MSVCRTD:guard_dispatch.obj
 0001:00017390       _guard_xfg_dispatch_icall_nop 0000000180018390 f   MSVCRTD:guard_xfg_dispatch.obj
 0002:00000000       __imp_GetCurrentProcessId  0000000180019000     kernel32:KERNEL32.dll
 0002:00000008       __imp_RtlCaptureContext    0000000180019008     kernel32:KERNEL32.dll
 0002:00000010       __imp_RtlLookupFunctionEntry 0000000180019010     kernel32:KERNEL32.dll
 0002:00000018       __imp_RtlVirtualUnwind     0000000180019018     kernel32:KERNEL32.dll
 0002:00000020       __imp_UnhandledExceptionFilter 0000000180019020     kernel32:KERNEL32.dll
 0002:00000028       __imp_SetUnhandledExceptionFilter 0000000180019028     kernel32:KERNEL32.dll
 0002:00000030       __imp_IsDebuggerPresent    0000000180019030     kernel32:KERNEL32.dll
 0002:00000038       __imp_InitializeSListHead  0000000180019038     kernel32:KERNEL32.dll
 0002:00000040       __imp_DisableThreadLibraryCalls 0000000180019040     kernel32:KERNEL32.dll
 0002:00000048       __imp_GetSystemTimeAsFileTime 0000000180019048     kernel32:KERNEL32.dll
 0002:00000050       __imp_GetCurrentThreadId   0000000180019050     kernel32:KERNEL32.dll
 0002:00000058       __imp_QueryPerformanceCounter 0000000180019058     kernel32:KERNEL32.dll
 0002:00000060       __imp_IsProcessorFeaturePresent 0000000180019060     kernel32:KERNEL32.dll
 0002:00000068       __imp_TerminateProcess     0000000180019068     kernel32:KERNEL32.dll
 0002:00000070       __imp_GetCurrentProcess    0000000180019070     kernel32:KERNEL32.dll
 0002:00000078       \177KERNEL32_NULL_THUNK_DATA 0000000180019078     kernel32:KERNEL32.dll
 0002:00000080       __imp___std_type_info_destroy_list 0000000180019080     vcruntimed:VCRUNTIME140D.dll
 0002:00000088       __imp___C_specific_handler 0000000180019088     vcruntimed:VCRUNTIME140D.dll
 0002:00000090       \177VCRUNTIME140D_NULL_THUNK_DATA 0000000180019090     vcruntimed:VCRUNTIME140D.dll
 0002:00000098       __imp___CxxFrameHandler4   0000000180019098     vcruntimed:VCRUNTIME140_1D.dll
 0002:000000a0       \177VCRUNTIME140_1D_NULL_THUNK_DATA 00000001800190a0     vcruntimed:VCRUNTIME140_1D.dll
 0002:000000a8       __imp__cexit               00000001800190a8     ucrtd:ucrtbased.dll
 0002:000000b0       __imp__execute_onexit_table 00000001800190b0     ucrtd:ucrtbased.dll
 0002:000000b8       __imp__initialize_onexit_table 00000001800190b8     ucrtd:ucrtbased.dll
 0002:000000c0       __imp__initialize_narrow_environment 00000001800190c0     ucrtd:ucrtbased.dll
 0002:000000c8       __imp__configure_narrow_argv 00000001800190c8     ucrtd:ucrtbased.dll
 0002:000000d0       __imp__initterm_e          00000001800190d0     ucrtd:ucrtbased.dll
 0002:000000d8       __imp__initterm            00000001800190d8     ucrtd:ucrtbased.dll
 0002:000000e0       __imp_sqrtf                00000001800190e0     ucrtd:ucrtbased.dll
 0002:000000e8       __imp_sinf                 00000001800190e8     ucrtd:ucrtbased.dll
 0002:000000f0       __imp_atan2                00000001800190f0     ucrtd:ucrtbased.dll
 0002:000000f8       __imp___stdio_common_vsnprintf_s 00000001800190f8     ucrtd:ucrtbased.dll
 0002:00000100       __imp_roundf               0000000180019100     ucrtd:ucrtbased.dll
 0002:00000108       __imp__seh_filter_dll      0000000180019108     ucrtd:ucrtbased.dll
 0002:00000110       \177ucrtbased_NULL_THUNK_DATA 0000000180019110     ucrtd:ucrtbased.dll
 0002:00000118       __guard_check_icall_fptr   0000000180019118     MSVCRTD:guard_support.obj
 0002:00000120       __guard_xfg_check_icall_fptr 0000000180019120     MSVCRTD:guard_support.obj
 0002:00000128       __guard_dispatch_icall_fptr 0000000180019128     MSVCRTD:guard_support.obj
 0002:00000130       __guard_xfg_dispatch_icall_fptr 0000000180019130     MSVCRTD:guard_support.obj
 0002:00000138       __guard_xfg_table_dispatch_icall_fptr 0000000180019138     MSVCRTD:guard_support.obj
 0002:00000140       __xc_a                     0000000180019140     MSVCRTD:initializers.obj
 0002:00000148       __xc_z                     0000000180019148     MSVCRTD:initializers.obj
 0002:00000150       __xi_a                     0000000180019150     MSVCRTD:initializers.obj
 0002:00000158       __xi_z                     0000000180019158     MSVCRTD:initializers.obj
 0002:00000160       __xp_a                     0000000180019160     MSVCRTD:initializers.obj
 0002:00000168       __xp_z                     0000000180019168     MSVCRTD:initializers.obj
 0002:00000170       __xt_a                     0000000180019170     MSVCRTD:initializers.obj
 0002:00000178       __xt_z                     0000000180019178     MSVCRTD:initializers.obj
 0002:00000e00       ??_C@_0BA@NMEIMCEK@InvalidCodePath@ 0000000180019e00     p5engine.obj
 0002:00000e10       ??_C@_0BI@OKLOPCDD@GetRenderEntityBasisPos@ 0000000180019e10     p5engine.obj
 0002:00000e30       ??_C@_0EJ@PHPNEBOK@C?3?2Users?2pguru?2source?2repos?2p5?9@ 0000000180019e30     p5engine.obj
 0002:00000e80       ??_C@_0BD@JDBJLMOD@PushRenderElement_@ 0000000180019e80     p5engine.obj
 0002:00000e98       ??_C@_0O@NBAOOJGC@GetWorldChunk@ 0000000180019e98     p5engine.obj
 0002:00000eb0       ??_C@_0EC@FAMPFJPC@C?3?2Users?2pguru?2source?2repos?2p5?9@ 0000000180019eb0     p5engine.obj
 0002:00000ef8       ??_C@_0BI@OAEKEAEN@ChangeEntityLocationRaw@ 0000000180019ef8     p5engine.obj
 0002:00000f10       __real@00000000            0000000180019f10     p5engine.obj
 0002:00000f18       __real@0000000000000000    0000000180019f18     p5engine.obj
 0002:00000f20       __real@308992b1            0000000180019f20     p5engine.obj
 0002:00000f24       __real@3a83126f            0000000180019f24     p5engine.obj
 0002:00000f28       __real@3c23d70a            0000000180019f28     p5engine.obj
 0002:00000f2c       __real@3cc30c31            0000000180019f2c     p5engine.obj
 0002:00000f30       __real@3d4ccccd            0000000180019f30     p5engine.obj
 0002:00000f34       __real@3dcccccd            0000000180019f34     p5engine.obj
 0002:00000f38       __real@3de38e39            0000000180019f38     p5engine.obj
 0002:00000f3c       __real@3e4ccccd            0000000180019f3c     p5engine.obj
 0002:00000f40       __real@3e800000            0000000180019f40     p5engine.obj
 0002:00000f44       __real@3e99999a            0000000180019f44     p5engine.obj
 0002:00000f48       __real@3ecccccd            0000000180019f48     p5engine.obj
 0002:00000f4c       __real@3ee147ae            0000000180019f4c     p5engine.obj
 0002:00000f50       __real@3f000000            0000000180019f50     p5engine.obj
 0002:00000f54       __real@3f19999a            0000000180019f54     p5engine.obj
 0002:00000f58       __real@3f228f5c            0000000180019f58     p5engine.obj
 0002:00000f5c       __real@3f3504f3            0000000180019f5c     p5engine.obj
 0002:00000f60       __real@3f400000            0000000180019f60     p5engine.obj
 0002:00000f64       __real@3f666666            0000000180019f64     p5engine.obj
 0002:00000f68       __real@3f800000            0000000180019f68     p5engine.obj
 0002:00000f6c       __real@3f8ccccd            0000000180019f6c     p5engine.obj
 0002:00000f70       __real@3f99999a            0000000180019f70     p5engine.obj
 0002:00000f74       __real@3fa66666            0000000180019f74     p5engine.obj
 0002:00000f78       __real@3fb33333            0000000180019f78     p5engine.obj
 0002:00000f7c       __real@3fc00000            0000000180019f7c     p5engine.obj
 0002:00000f80       __real@3fe0000000000000    0000000180019f80     p5engine.obj
 0002:00000f88       __real@3ff0000000000000    0000000180019f88     p5engine.obj
 0002:00000f90       __real@40000000            0000000180019f90     p5engine.obj
 0002:00000f94       __real@400ccccd            0000000180019f94     p5engine.obj
 0002:00000f98       __real@40400000            0000000180019f98     p5engine.obj
 0002:00000f9c       __real@40800000            0000000180019f9c     p5engine.obj
 0002:00000fa0       __real@40a00000            0000000180019fa0     p5engine.obj
 0002:00000fa4       __real@40c00000            0000000180019fa4     p5engine.obj
 0002:00000fa8       __real@40c90fdb            0000000180019fa8     p5engine.obj
 0002:00000fac       __real@41000000            0000000180019fac     p5engine.obj
 0002:00000fb0       __real@41100000            0000000180019fb0     p5engine.obj
 0002:00000fb4       __real@41200000            0000000180019fb4     p5engine.obj
 0002:00000fb8       __real@41700000            0000000180019fb8     p5engine.obj
 0002:00000fbc       __real@41880000            0000000180019fbc     p5engine.obj
 0002:00000fc0       __real@41a00000            0000000180019fc0     p5engine.obj
 0002:00000fc4       __real@41f00000            0000000180019fc4     p5engine.obj
 0002:00000fc8       __real@41f00625            0000000180019fc8     p5engine.obj
 0002:00000fcc       __real@42340000            0000000180019fcc     p5engine.obj
 0002:00000fd0       __real@43520000            0000000180019fd0     p5engine.obj
 0002:00000fd4       __real@437f0000            0000000180019fd4     p5engine.obj
 0002:00000fd8       __real@43960000            0000000180019fd8     p5engine.obj
 0002:00000fdc       __real@461c4000            0000000180019fdc     p5engine.obj
 0002:00000fe0       __real@47c35000            0000000180019fe0     p5engine.obj
 0002:00000fe8       __real@47efffffe0000000    0000000180019fe8     p5engine.obj
 0002:00000ff0       __real@49742400            0000000180019ff0     p5engine.obj
 0002:00000ff4       __real@7f7fffff            0000000180019ff4     p5engine.obj
 0002:00000ff8       __real@becccccd            0000000180019ff8     p5engine.obj
 0002:00000ffc       __real@bf000000            0000000180019ffc     p5engine.obj
 0002:00001000       __real@bf800000            000000018001a000     p5engine.obj
 0002:00001004       __real@c0000000            000000018001a004     p5engine.obj
 0002:00001008       __real@c0100000            000000018001a008     p5engine.obj
 0002:0000100c       __real@c0400000            000000018001a00c     p5engine.obj
 0002:00001010       __real@c11ccccd            000000018001a010     p5engine.obj
 0002:00001018       __real@c7efffffe0000000    000000018001a018     p5engine.obj
 0002:00001020       __xmm@00000000000000000000000000000000 000000018001a020     p5engine.obj
 0002:00001030       __xmm@3f8000003f8000003f8000003f800000 000000018001a030     p5engine.obj
 0002:00001040       __xmm@7fffffffffffffff7fffffffffffffff 000000018001a040     p5engine.obj
 0002:00001050       __xmm@80000000800000008000000080000000 000000018001a050     p5engine.obj
 0002:00001060       ?DebugRecords_Optimized_Count@@3IB 000000018001a060     p5engine_optimized.obj
 0002:00001068       ??_C@_0BF@IHBADFJI@DrawRectangleQuickly@ 000000018001a068     p5engine_optimized.obj
 0002:00001080       ??_C@_0EG@JEOCENLP@C?3?2Users?2pguru?2source?2repos?2p5?9@ 000000018001a080     p5engine_optimized.obj
 0002:000010d0       __xmm@000000ff000000ff000000ff000000ff 000000018001a0d0     p5engine_optimized.obj
 0002:000010e0       __xmm@0000ffff0000ffff0000ffff0000ffff 000000018001a0e0     p5engine_optimized.obj
 0002:000010f0       __xmm@00ff00ff00ff00ff00ff00ff00ff00ff 000000018001a0f0     p5engine_optimized.obj
 0002:00001100       __xmm@3b8080813b8080813b8080813b808081 000000018001a100     p5engine_optimized.obj
 0002:00001110       __xmm@3f0000003f0000003f0000003f000000 000000018001a110     p5engine_optimized.obj
 0002:00001120       __xmm@40800000408000004080000040800000 000000018001a120     p5engine_optimized.obj
 0002:00001130       __xmm@477e0100477e0100477e0100477e0100 000000018001a130     p5engine_optimized.obj
 0002:00001140       __xmm@ffffffffffffffffffffffffffffffff 000000018001a140     p5engine_optimized.obj
 0002:00001150       _pDefaultRawDllMain        000000018001a150     MSVCRTD:dll_dllmain.obj
 0002:00001150       _pRawDllMain               000000018001a150     MSVCRTD:dll_dllmain.obj
 0002:000011c0       _load_config_used          000000018001a1c0     MSVCRTD:loadcfg.obj
 0002:00001300       __volatile_metadata        000000018001a300     <linker-defined>
 0002:00001828       __rtc_iaa                  000000018001a828     MSVCRTD:initsect.obj
 0002:00001830       __rtc_izz                  000000018001a830     MSVCRTD:initsect.obj
 0002:00001838       __rtc_taa                  000000018001a838     MSVCRTD:initsect.obj
 0002:00001840       __rtc_tzz                  000000018001a840     MSVCRTD:initsect.obj
 0002:00002690       __IMPORT_DESCRIPTOR_VCRUNTIME140_1D 000000018001b690     vcruntimed:VCRUNTIME140_1D.dll
 0002:000026a4       __IMPORT_DESCRIPTOR_VCRUNTIME140D 000000018001b6a4     vcruntimed:VCRUNTIME140D.dll
 0002:000026b8       __IMPORT_DESCRIPTOR_ucrtbased 000000018001b6b8     ucrtd:ucrtbased.dll
 0002:000026cc       __IMPORT_DESCRIPTOR_KERNEL32 000000018001b6cc     kernel32:KERNEL32.dll
 0002:000026e0       __NULL_IMPORT_DESCRIPTOR   000000018001b6e0     vcruntimed:VCRUNTIME140D.dll
 0003:00004000       __security_cookie_complement 0000000180020000     MSVCRTD:gs_cookie.obj
 0003:00004008       __security_cookie          0000000180020008     MSVCRTD:gs_cookie.obj
 0003:00004010       _fltused                   0000000180020010     MSVCRTD:fltused.obj
 0003:00004014       __scrt_native_dllmain_reason 0000000180020014     MSVCRTD:utility.obj
 0003:00004018       __isa_available            0000000180020018     MSVCRTD:cpu_disp.obj
 0003:0000401c       __isa_enabled              000000018002001c     MSVCRTD:cpu_disp.obj
 0003:00004020       __memcpy_nt_iters          0000000180020020     MSVCRTD:cpu_disp.obj
 0003:00004028       __memset_nt_iters          0000000180020028     MSVCRTD:cpu_disp.obj
 0003:00004030       __scrt_ucrt_dll_is_in_use  0000000180020030     MSVCRTD:ucrt_stubs.obj
 0003:00004040       DebugGlobalMemory          0000000180020040     p5engine.obj
 0003:00004050       ?DebugRecords_Main@@3PAUdebug_record@@A 0000000180020050     p5engine.obj
 0003:00004528       ?_OptionsStorage@?1??__local_stdio_printf_options@@9@4_KA 0000000180020528     p5engine.obj
 0003:00004530       ?DebugRecords_Optimized@@3PAUdebug_record@@A 0000000180020530     p5engine_optimized.obj
 0003:00004af0       ?__type_info_root_node@@3U__type_info_node@@A 0000000180020af0     MSVCRTD:tncleanup.obj
 0003:00004b00       ?_OptionsStorage@?1??__local_stdio_scanf_options@@9@4_KA 0000000180020b00     MSVCRTD:default_local_stdio_options.obj
 0003:00004b08       __scrt_current_native_startup_state 0000000180020b08     MSVCRTD:utility.obj
 0003:00004b10       __scrt_native_startup_lock 0000000180020b10     MSVCRTD:utility.obj
 0003:00004b50       __scrt_debugger_hook_flag  0000000180020b50     MSVCRTD:utility_desktop.obj
 0003:00004b58       __castguard_check_failure_os_handled_fptr 0000000180020b58     MSVCRTD:guard_support.obj
 0003:00004b60       __favor                    0000000180020b60     MSVCRTD:cpu_disp.obj
 0003:00004b68       __dyn_tls_init_callback    0000000180020b68     <common>
 0003:00004b70       __DebuggerCurrentSteppingThreadId 0000000180020b70     <common>

 entry point at        0001:00016270

 Static symbols

 0000:fffdb000       .debug$S                   0000000180000000     P5Engine.exp
 0000:fffdb000       .debug$S                   0000000180000000     vcruntimed:VCRUNTIME140D.dll
 0000:fffdb000       .debug$S                   0000000180000000     vcruntimed:VCRUNTIME140D.dll
 0000:fffdb000       .debug$S                   0000000180000000     vcruntimed:VCRUNTIME140D.dll
 0000:fffdb000       .debug$S                   0000000180000000     vcruntimed:VCRUNTIME140D.dll
 0000:fffdb000       .debug$S                   0000000180000000     vcruntimed:VCRUNTIME140_1D.dll
 0000:fffdb000       .debug$S                   0000000180000000     ucrtd:ucrtbased.dll
 0000:fffdb000       .debug$S                   0000000180000000     ucrtd:ucrtbased.dll
 0000:fffdb000       .debug$S                   0000000180000000     ucrtd:ucrtbased.dll
 0000:fffdb000       .debug$S                   0000000180000000     ucrtd:ucrtbased.dll
 0000:fffdb000       .debug$S                   0000000180000000     ucrtd:ucrtbased.dll
 0000:fffdb000       .debug$S                   0000000180000000     ucrtd:ucrtbased.dll
 0000:fffdb000       .debug$S                   0000000180000000     ucrtd:ucrtbased.dll
 0000:fffdb000       .debug$S                   0000000180000000     ucrtd:ucrtbased.dll
 0000:fffdb000       .debug$S                   0000000180000000     ucrtd:ucrtbased.dll
 0000:fffdb000       .debug$S                   0000000180000000     ucrtd:ucrtbased.dll
 0000:fffdb000       .debug$S                   0000000180000000     ucrtd:ucrtbased.dll
 0000:fffdb000       .debug$S                   0000000180000000     ucrtd:ucrtbased.dll
 0000:fffdb000       .debug$S                   0000000180000000     ucrtd:ucrtbased.dll
 0000:fffdb000       .debug$S                   0000000180000000     ucrtd:ucrtbased.dll
 0000:fffdb000       .debug$S                   0000000180000000     ucrtd:ucrtbased.dll
 0000:fffdb000       .debug$S                   0000000180000000     ucrtd:ucrtbased.dll
 0000:fffdb000       .debug$S                   0000000180000000     ucrtd:ucrtbased.dll
 0000:fffdb000       .debug$S                   0000000180000000     kernel32:KERNEL32.dll
 0000:fffdb000       .debug$S                   0000000180000000     kernel32:KERNEL32.dll
 0000:fffdb000       .debug$S                   0000000180000000     kernel32:KERNEL32.dll
 0000:fffdb000       .debug$S                   0000000180000000     kernel32:KERNEL32.dll
 0000:fffdb000       .debug$S                   0000000180000000     kernel32:KERNEL32.dll
 0000:fffdb000       .debug$S                   0000000180000000     kernel32:KERNEL32.dll
 0000:fffdb000       .debug$S                   0000000180000000     kernel32:KERNEL32.dll
 0000:fffdb000       .debug$S                   0000000180000000     kernel32:KERNEL32.dll
 0000:fffdb000       .debug$S                   0000000180000000     kernel32:KERNEL32.dll
 0000:fffdb000       .debug$S                   0000000180000000     kernel32:KERNEL32.dll
 0000:fffdb000       .debug$S                   0000000180000000     kernel32:KERNEL32.dll
 0000:fffdb000       .debug$S                   0000000180000000     kernel32:KERNEL32.dll
 0000:fffdb000       .debug$S                   0000000180000000     kernel32:KERNEL32.dll
 0000:fffdb000       .debug$S                   0000000180000000     kernel32:KERNEL32.dll
 0000:fffdb000       .debug$S                   0000000180000000     kernel32:KERNEL32.dll
 0000:fffdb000       .debug$S                   0000000180000000     kernel32:KERNEL32.dll
 0000:fffdb000       .debug$S                   0000000180000000     kernel32:KERNEL32.dll
 0001:00000000       ?RemoveAssetHeaderFromList@@YAXPEAUasset_memory_header@@@Z 0000000180001000 f   p5engine.obj
 0001:00000070       ?LoadBitmap@@YAXPEAUgame_assets@@Ubitmap_id@@H@Z 0000000180001070 f   p5engine.obj
 0001:00000430       ?LoadSound@@YAXPEAUgame_assets@@Usound_id@@@Z 0000000180001430 f   p5engine.obj
 0001:00000730       ?LoadFont@@YAXPEAUgame_assets@@Ufont_id@@H@Z 0000000180001730 f   p5engine.obj
 0001:00000a90       ?DEBUGReset@@YAXPEAUgame_assets@@II@Z 0000000180001a90 f   p5engine.obj
 0001:00000c60       ?DEBUGOverlay@@YAXPEAUgame_memory@@@Z 0000000180001c60 f   p5engine.obj
 0001:000017e0       ?AddCollisionRule@@YAXPEAUgame_state@@IIH@Z 00000001800027e0 f   p5engine.obj
 0001:00001960       ?ClearCollisionRulesFor@@YAXPEAUgame_state@@I@Z 0000000180002960 f   p5engine.obj
 0001:00001a60       ?BeginTaskWithMemory@@YAPEAUtask_with_memory@@PEAUtransient_state@@@Z 0000000180002a60 f   p5engine.obj
 0001:00001b40       ?EndTaskWithMemory@@YAXPEAUtask_with_memory@@@Z 0000000180002b40 f   p5engine.obj
 0001:00001ba0       ?DrawRectangle@@YAXPEAUloaded_bitmap@@Tv2@@1Tv4@@Urectangle2i@@H@Z 0000000180002ba0 f   p5engine.obj
 0001:00001ec0       ?RenderGroupToOutput@@YAXPEAUrender_group@@PEAUloaded_bitmap@@Urectangle2i@@H@Z 0000000180002ec0 f   p5engine.obj
 0001:00002290       ?DoTiledRenderWork@@YAXPEAUplatform_work_queue@@PEAX@Z 0000000180003290 f   p5engine.obj
 0001:00002340       ?RenderGroupToOutput@@YAXPEAUrender_group@@PEAUloaded_bitmap@@@Z 0000000180003340 f   p5engine.obj
 0001:00002480       ?TiledRenderGroupToOutput@@YAXPEAUplatform_work_queue@@PEAUrender_group@@PEAUloaded_bitmap@@@Z 0000000180003480 f   p5engine.obj
 0001:00002710       ?AllocateRenderGroup@@YAPEAUrender_group@@PEAUgame_assets@@PEAUmemory_arena@@IH@Z 0000000180003710 f   p5engine.obj
 0001:00002860       ?BeginRender@@YAXPEAUrender_group@@@Z 0000000180003860 f   p5engine.obj
 0001:00002920       ?EndRender@@YAXPEAUrender_group@@@Z 0000000180003920 f   p5engine.obj
 0001:000029f0       ?InitializeWorld@@YAXPEAUworld@@Tv3@@@Z 00000001800039f0 f   p5engine.obj
 0001:00002a90       ?Subtract@@YA?ATv3@@PEAUworld@@PEAUworld_position@@1@Z 0000000180003a90 f   p5engine.obj
 0001:00002d00       ?ChangeEntityLocation@@YAXPEAUmemory_arena@@PEAUworld@@IPEAUlow_entity@@Uworld_position@@@Z 0000000180003d00 f   p5engine.obj
 0001:00002ef0       ?GetHashFromStorageIndex@@YAPEAUsim_entity_hash@@PEAUsim_region@@I@Z 0000000180003ef0 f   p5engine.obj
 0001:00002fc0       ?AddEntity@@YAPEAUsim_entity@@PEAUgame_state@@PEAUsim_region@@IPEAUlow_entity@@PEATv3@@@Z 0000000180003fc0 f   p5engine.obj
 0001:00003120       ?AddEntityRaw@@YAPEAUsim_entity@@PEAUgame_state@@PEAUsim_region@@IPEAUlow_entity@@@Z 0000000180004120 f   p5engine.obj
 0001:00003340       ?BeginSim@@YAPEAUsim_region@@PEAUmemory_arena@@PEAUgame_state@@PEAUworld@@Uworld_position@@Urectangle3@@M@Z 0000000180004340 f   p5engine.obj
 0001:00003a00       ?EndSim@@YAXPEAUsim_region@@PEAUgame_state@@@Z 0000000180004a00 f   p5engine.obj
 0001:00003d20       ?CanCollide@@YAHPEAUgame_state@@PEAUsim_entity@@1@Z 0000000180004d20 f   p5engine.obj
 0001:00003e70       ?HandleCollision@@YAHPEAUgame_state@@PEAUsim_entity@@1@Z 0000000180004e70 f   p5engine.obj
 0001:00003f50       ?CanOverlap@@YAHPEAUgame_state@@PEAUsim_entity@@1@Z 0000000180004f50 f   p5engine.obj
 0001:00003fb0       ?HandleOverlap@@YAXPEAUgame_state@@PEAUsim_entity@@1MPEAM@Z 0000000180004fb0 f   p5engine.obj
 0001:00004050       ?SpeculativeCollide@@YAHPEAUsim_entity@@0Tv3@@@Z 0000000180005050 f   p5engine.obj
 0001:000041c0       ?EntitiesOverlap@@YAHPEAUsim_entity@@0Tv3@@@Z 00000001800051c0 f   p5engine.obj
 0001:00004580       ?MoveEntity@@YAXPEAUgame_state@@PEAUsim_region@@PEAUsim_entity@@MPEAUmove_spec@@Tv3@@@Z 0000000180005580 f   p5engine.obj
 0001:00005f20       ?LoadAssetWorkDirectly@@YAXPEAUload_asset_work@@@Z 0000000180006f20 f   p5engine.obj
 0001:00006110       ?LoadAssetWork@@YAXPEAUplatform_work_queue@@PEAX@Z 0000000180007110 f   p5engine.obj
 0001:00006160       ?InsertBlock@@YAPEAUasset_memory_block@@PEAU1@_KPEAX@Z 0000000180007160 f   p5engine.obj
 0001:00006210       ?FindBlockForSize@@YAPEAUasset_memory_block@@PEAUgame_assets@@_K@Z 0000000180007210 f   p5engine.obj
 0001:000062b0       ?MergeIfPossible@@YAHPEAUgame_assets@@PEAUasset_memory_block@@1@Z 00000001800072b0 f   p5engine.obj
 0001:000063b0       ?GenerationHasCompleted@@YAHPEAUgame_assets@@I@Z 00000001800073b0 f   p5engine.obj
 0001:00006430       ?AcquireAssetMemory@@YAPEAUasset_memory_header@@PEAUgame_assets@@II@Z 0000000180007430 f   p5engine.obj
 0001:00006780       ?GetBestMatchAssetFrom@@YAIPEAUgame_assets@@W4asset_type_id@@PEAUasset_vector@@2@Z 0000000180007780 f   p5engine.obj
 0001:00006a30       ?GetRandomAssetFrom@@YAIPEAUgame_assets@@W4asset_type_id@@PEAUrandom_series@@@Z 0000000180007a30 f   p5engine.obj
 0001:00006b30       ?GetFirstAssetFrom@@YAIPEAUgame_assets@@W4asset_type_id@@@Z 0000000180007b30 f   p5engine.obj
 0001:00006c00       ?GetBestMatchBitmapFrom@@YA?AUbitmap_id@@PEAUgame_assets@@W4asset_type_id@@PEAUasset_vector@@2@Z 0000000180007c00 f   p5engine.obj
 0001:00006c50       ?GetFirstBitmapFrom@@YA?AUbitmap_id@@PEAUgame_assets@@W4asset_type_id@@@Z 0000000180007c50 f   p5engine.obj
 0001:00006c90       ?GetRandomBitmapFrom@@YA?AUbitmap_id@@PEAUgame_assets@@W4asset_type_id@@PEAUrandom_series@@@Z 0000000180007c90 f   p5engine.obj
 0001:00006ce0       ?GetRandomSoundFrom@@YA?AUsound_id@@PEAUgame_assets@@W4asset_type_id@@PEAUrandom_series@@@Z 0000000180007ce0 f   p5engine.obj
 0001:00006d30       ?GetBestMatchFontFrom@@YA?AUfont_id@@PEAUgame_assets@@W4asset_type_id@@PEAUasset_vector@@2@Z 0000000180007d30 f   p5engine.obj
 0001:00006d80       ?AllocateGameAssets@@YAPEAUgame_assets@@PEAUmemory_arena@@_KPEAUtransient_state@@@Z 0000000180007d80 f   p5engine.obj
 0001:00007740       ?GetHorizontalAdvanceForPair@@YAMPEAUp5a_font@@PEAUloaded_font@@II@Z 0000000180008740 f   p5engine.obj
 0001:000077d0       ?GetBitmapForGlyph@@YA?AUbitmap_id@@PEAUgame_assets@@PEAUp5a_font@@PEAUloaded_font@@I@Z 00000001800087d0 f   p5engine.obj
 0001:00007850       ?GetLineAdvanceFor@@YAMPEAUp5a_font@@@Z 0000000180008850 f   p5engine.obj
 0001:000078a0       ?GetStartingBaselineY@@YAMPEAUp5a_font@@@Z 00000001800088a0 f   p5engine.obj
 0001:000078e0       ?PlaySound@@YAPEAUplaying_sound@@PEAUaudio_state@@Usound_id@@@Z 00000001800088e0 f   p5engine.obj
 0001:00007a90       ?ChangeVolume@@YAXPEAUaudio_state@@PEAUplaying_sound@@MTv2@@@Z 0000000180008a90 f   p5engine.obj
 0001:00007b60       ?OutputPlayingSounds@@YAXPEAUaudio_state@@PEAUgame_sound_output_buffer@@PEAUgame_assets@@PEAUmemory_arena@@@Z 0000000180008b60 f   p5engine.obj
 0001:00008ce0       ?InitializeAudioState@@YAXPEAUaudio_state@@PEAUmemory_arena@@@Z 0000000180009ce0 f   p5engine.obj
 0001:00008d60       ?AddLowEntity@@YA?AUadd_low_entity_result@@PEAUgame_state@@W4entity_type@@Uworld_position@@@Z 0000000180009d60 f   p5engine.obj
 0001:00008f60       ?AddGroundedEntity@@YA?AUadd_low_entity_result@@PEAUgame_state@@W4entity_type@@Uworld_position@@PEAUsim_entity_collision_volume_group@@@Z 0000000180009f60 f   p5engine.obj
 0001:00009010       ?AddStandardRoom@@YA?AUadd_low_entity_result@@PEAUgame_state@@III@Z 000000018000a010 f   p5engine.obj
 0001:00009170       ?AddWall@@YA?AUadd_low_entity_result@@PEAUgame_state@@III@Z 000000018000a170 f   p5engine.obj
 0001:000092d0       ?AddStairs@@YA?AUadd_low_entity_result@@PEAUgame_state@@III@Z 000000018000a2d0 f   p5engine.obj
 0001:00009460       ?InitHitPoints@@YAXPEAUlow_entity@@I@Z 000000018000a460 f   p5engine.obj
 0001:000094f0       ?AddSword@@YA?AUadd_low_entity_result@@PEAUgame_state@@@Z 000000018000a4f0 f   p5engine.obj
 0001:000095e0       ?AddPlayer@@YA?AUadd_low_entity_result@@PEAUgame_state@@@Z 000000018000a5e0 f   p5engine.obj
 0001:00009720       ?AddMonstar@@YA?AUadd_low_entity_result@@PEAUgame_state@@III@Z 000000018000a720 f   p5engine.obj
 0001:00009890       ?AddFamiliar@@YA?AUadd_low_entity_result@@PEAUgame_state@@III@Z 000000018000a890 f   p5engine.obj
 0001:000099f0       ?DrawHitpoints@@YAXPEAUsim_entity@@PEAUrender_group@@@Z 000000018000a9f0 f   p5engine.obj
 0001:00009c60       ?MakeSimpleGroundedCollision@@YAPEAUsim_entity_collision_volume_group@@PEAUgame_state@@MMM@Z 000000018000ac60 f   p5engine.obj
 0001:00009dc0       ?MakeNullCollision@@YAPEAUsim_entity_collision_volume_group@@PEAUgame_state@@@Z 000000018000adc0 f   p5engine.obj
 0001:00009ea0       ?FillGroundChunkWork@@YAXPEAUplatform_work_queue@@PEAX@Z 000000018000aea0 f   p5engine.obj
 0001:0000a6d0       ?FillGroundChunk@@YAXPEAUtransient_state@@PEAUgame_state@@PEAUground_buffer@@PEAUworld_position@@@Z 000000018000b6d0 f   p5engine.obj
 0001:0000a7d0       ?ClearBitmap@@YAXPEAUloaded_bitmap@@@Z 000000018000b7d0 f   p5engine.obj
 0001:0000a830       ?MakeEmptyBitmap@@YA?AUloaded_bitmap@@PEAUmemory_arena@@HHH@Z 000000018000b830 f   p5engine.obj
 0001:0000a970       ?MakeSphereDiffuseMap@@YAXPEAUloaded_bitmap@@MM@Z 000000018000b970 f   p5engine.obj
 0001:0000aca0       ?MakeSphereNormalMap@@YAXPEAUloaded_bitmap@@MMM@Z 000000018000bca0 f   p5engine.obj
 0001:0000ebb0       $LN150                     000000018000fbb0     p5engine.obj
 0001:0000ec50       ?UpdateDebugRecords@@YAXPEAUdebug_state@@IPEAUdebug_record@@@Z 000000018000fc50 f   p5engine.obj
 0001:0000ed80       ?DEBUGTextLine@@YAXPEAD@Z  000000018000fd80 f   p5engine.obj
 0001:00015dd0       $$000000                   0000000180016dd0     MSVCRTD:chkstk.obj
 0001:00015e30       $$000000                   0000000180016e30     MSVCRTD:amdsecgs.obj
 0001:00015e60       ?dllmain_crt_dispatch@@YAHQEAUHINSTANCE__@@KQEAX@Z 0000000180016e60 f   MSVCRTD:dll_dllmain.obj
 0001:00015ef0       ?dllmain_crt_process_attach@@YAHQEAUHINSTANCE__@@QEAX@Z 0000000180016ef0 f   MSVCRTD:dll_dllmain.obj
 0001:00016030       ?dllmain_crt_process_detach@@YAH_N@Z 0000000180017030 f   MSVCRTD:dll_dllmain.obj
 0001:000160d0       ?dllmain_dispatch@@YAHQEAUHINSTANCE__@@KQEAX@Z 00000001800170d0 f   MSVCRTD:dll_dllmain.obj
 0001:00016210       ?dllmain_raw@@YAHQEAUHINSTANCE__@@KQEAX@Z 0000000180017210 f   MSVCRTD:dll_dllmain.obj
 0001:000163d0       capture_previous_context   00000001800173d0 f   MSVCRTD:gs_report.obj
 0001:00016490       __get_entropy              0000000180017490 f   MSVCRTD:gs_support.obj
 0001:000166d0       ?find_pe_section@@YAPEAU_IMAGE_SECTION_HEADER@@QEAE_K@Z 00000001800176d0 f   MSVCRTD:utility.obj
 0001:000167b0       ?is_potentially_valid_image_base@@YA_NQEAX@Z 00000001800177b0 f   MSVCRTD:utility.obj
 0001:00017360       $$000000                   0000000180018360     MSVCRTD:guard_dispatch.obj
 0001:00017380       $$000000                   0000000180018380     MSVCRTD:guard_xfg_dispatch.obj
 0001:000173a0       ?dtor$0@?0??LoadBitmap@@YAXPEAUgame_assets@@Ubitmap_id@@H@Z@4HA 00000001800183a0 f   p5engine.obj
 0001:000173bb       ?dtor$0@?0??LoadSound@@YAXPEAUgame_assets@@Usound_id@@@Z@4HA 00000001800183bb f   p5engine.obj
 0001:000173d6       ?dtor$0@?0??LoadFont@@YAXPEAUgame_assets@@Ufont_id@@H@Z@4HA 00000001800183d6 f   p5engine.obj
 0001:000173f1       ?dtor$0@?0??DEBUGReset@@YAXPEAUgame_assets@@II@Z@4HA 00000001800183f1 f   p5engine.obj
 0001:00017409       ?dtor$0@?0??DrawRectangle@@YAXPEAUloaded_bitmap@@Tv2@@1Tv4@@Urectangle2i@@H@Z@4HA 0000000180018409 f   p5engine.obj
 0001:00017424       ?dtor$0@?0??RenderGroupToOutput@@YAXPEAUrender_group@@PEAUloaded_bitmap@@Urectangle2i@@H@Z@4HA 0000000180018424 f   p5engine.obj
 0001:0001743f       ?dtor$0@?0??RenderGroupToOutput@@YAXPEAUrender_group@@PEAUloaded_bitmap@@@Z@4HA 000000018001843f f   p5engine.obj
 0001:00017457       ?dtor$0@?0??TiledRenderGroupToOutput@@YAXPEAUplatform_work_queue@@PEAUrender_group@@PEAUloaded_bitmap@@@Z@4HA 0000000180018457 f   p5engine.obj
 0001:00017472       ?dtor$0@?0??BeginRender@@YAXPEAUrender_group@@@Z@4HA 0000000180018472 f   p5engine.obj
 0001:0001748a       ?dtor$0@?0??EndRender@@YAXPEAUrender_group@@@Z@4HA 000000018001848a f   p5engine.obj
 0001:000174a2       ?dtor$0@?0??ChangeEntityLocation@@YAXPEAUmemory_arena@@PEAUworld@@IPEAUlow_entity@@Uworld_position@@@Z@4HA 00000001800184a2 f   p5engine.obj
 0001:000174bd       ?dtor$0@?0??AddEntityRaw@@YAPEAUsim_entity@@PEAUgame_state@@PEAUsim_region@@IPEAUlow_entity@@@Z@4HA 00000001800184bd f   p5engine.obj
 0001:000174d5       ?dtor$0@?0??BeginSim@@YAPEAUsim_region@@PEAUmemory_arena@@PEAUgame_state@@PEAUworld@@Uworld_position@@Urectangle3@@M@Z@4HA 00000001800184d5 f   p5engine.obj
 0001:000174f0       ?dtor$0@?0??EndSim@@YAXPEAUsim_region@@PEAUgame_state@@@Z@4HA 00000001800184f0 f   p5engine.obj
 0001:0001750b       ?dtor$0@?0??SpeculativeCollide@@YAHPEAUsim_entity@@0Tv3@@@Z@4HA 000000018001850b f   p5engine.obj
 0001:00017526       ?dtor$0@?0??EntitiesOverlap@@YAHPEAUsim_entity@@0Tv3@@@Z@4HA 0000000180018526 f   p5engine.obj
 0001:00017541       ?dtor$0@?0??MoveEntity@@YAXPEAUgame_state@@PEAUsim_region@@PEAUsim_entity@@MPEAUmove_spec@@Tv3@@@Z@4HA 0000000180018541 f   p5engine.obj
 0001:0001755c       ?dtor$0@?0??LoadAssetWorkDirectly@@YAXPEAUload_asset_work@@@Z@4HA 000000018001855c f   p5engine.obj
 0001:00017574       ?dtor$0@?0??AcquireAssetMemory@@YAPEAUasset_memory_header@@PEAUgame_assets@@II@Z@4HA 0000000180018574 f   p5engine.obj
 0001:0001758c       ?dtor$0@?0??GetBestMatchAssetFrom@@YAIPEAUgame_assets@@W4asset_type_id@@PEAUasset_vector@@2@Z@4HA 000000018001858c f   p5engine.obj
 0001:000175a7       ?dtor$0@?0??GetRandomAssetFrom@@YAIPEAUgame_assets@@W4asset_type_id@@PEAUrandom_series@@@Z@4HA 00000001800185a7 f   p5engine.obj
 0001:000175bf       ?dtor$0@?0??GetFirstAssetFrom@@YAIPEAUgame_assets@@W4asset_type_id@@@Z@4HA 00000001800185bf f   p5engine.obj
 0001:000175d7       ?dtor$0@?0??AllocateGameAssets@@YAPEAUgame_assets@@PEAUmemory_arena@@_KPEAUtransient_state@@@Z@4HA 00000001800185d7 f   p5engine.obj
 0001:000175f2       ?dtor$0@?0??PlaySound@@YAPEAUplaying_sound@@PEAUaudio_state@@Usound_id@@@Z@4HA 00000001800185f2 f   p5engine.obj
 0001:0001760a       ?dtor$0@?0??OutputPlayingSounds@@YAXPEAUaudio_state@@PEAUgame_sound_output_buffer@@PEAUgame_assets@@PEAUmemory_arena@@@Z@4HA 000000018001860a f   p5engine.obj
 0001:00017625       ?dtor$0@?0??FillGroundChunkWork@@YAXPEAUplatform_work_queue@@PEAX@Z@4HA 0000000180018625 f   p5engine.obj
 0001:00017640       GameUpdateAndRender$dtor$0 0000000180018640 f   p5engine.obj
 0001:00017660       ?dtor$0@?0??ChangeEntityLocationRaw@@YAXPEAUmemory_arena@@PEAUworld@@IPEAUworld_position@@2@Z@4HA 0000000180018660 f   p5engine.obj
 0001:00017680       ?dtor$0@?0??GetRenderEntityBasisPos@@YA?AUentity_basis_p_result@@PEAUrender_transform@@Tv3@@@Z@4HA 0000000180018680 f   p5engine.obj
 0001:000176a0       ?dtor$0@?0??GetWorldChunk@@YAPEAUworld_chunk@@PEAUworld@@HHHPEAUmemory_arena@@@Z@4HA 00000001800186a0 f   p5engine.obj
 0001:000176a0       ?dtor$0@?0??PushRenderElement_@@YAPEAXPEAUrender_group@@IW4render_group_entry_type@@@Z@4HA 00000001800186a0 f   p5engine.obj
 0001:000176c0       ?dtor$0@?0??DrawRectangleQuickly@@YAXPEAUloaded_bitmap@@Tv2@@11Tv4@@0MUrectangle2i@@H@Z@4HA 00000001800186c0 f   p5engine_optimized.obj
 0001:000176d0       ?dtor$1@?0??DrawRectangleQuickly@@YAXPEAUloaded_bitmap@@Tv2@@11Tv4@@0MUrectangle2i@@H@Z@4HA 00000001800186d0 f   p5engine_optimized.obj
 0001:000176e0       ?fin$0@?0??dllmain_crt_process_attach@@YAHQEAUHINSTANCE__@@QEAX@Z@4HA 00000001800186e0 f   MSVCRTD:dll_dllmain.obj
 0001:00017700       ?fin$0@?0??dllmain_crt_process_detach@@YAH_N@Z@4HA 0000000180018700 f   MSVCRTD:dll_dllmain.obj
 0001:0001771a       ?fin$1@?0??dllmain_crt_process_detach@@YAH_N@Z@4HA 000000018001871a f   MSVCRTD:dll_dllmain.obj
 0001:00017730       ?filt$0@?0??dllmain_dispatch@@YAHQEAUHINSTANCE__@@KQEAX@Z@4HA 0000000180018730 f   MSVCRTD:dll_dllmain.obj
 0001:00017780       __scrt_is_nonwritable_in_current_image$filt$0 0000000180018780 f   MSVCRTD:utility.obj
 0002:00000180       $SG32768                   0000000180019180     p5engine.obj
 0002:000001c8       $SG32805                   00000001800191c8     p5engine.obj
 0002:000001d8       $SG33045                   00000001800191d8     p5engine.obj
 0002:000001f0       $SG32806                   00000001800191f0     p5engine.obj
 0002:00000238       $SG32960                   0000000180019238     p5engine.obj
 0002:00000248       $SG33142                   0000000180019248     p5engine.obj
 0002:00000260       $SG32961                   0000000180019260     p5engine.obj
 0002:000002a8       $SG33326                   00000001800192a8     p5engine.obj
 0002:000002c0       $SG33046                   00000001800192c0     p5engine.obj
 0002:00000308       $SG33193                   0000000180019308     p5engine.obj
 0002:00000318       $SG33341                   0000000180019318     p5engine.obj
 0002:00000330       $SG33143                   0000000180019330     p5engine.obj
 0002:00000378       $SG33353                   0000000180019378     p5engine.obj
 0002:00000390       $SG33194                   0000000180019390     p5engine.obj
 0002:000003d4       $SG37286                   00000001800193d4     p5engine.obj
 0002:000003d8       $SG33230                   00000001800193d8     p5engine.obj
 0002:000003e8       $SG33499                   00000001800193e8     p5engine.obj
 0002:00000400       $SG33231                   0000000180019400     p5engine.obj
 0002:00000444       $SG32662                   0000000180019444     p5engine.obj
 0002:00000450       $SG33268                   0000000180019450     p5engine.obj
 0002:00000460       $SG33269                   0000000180019460     p5engine.obj
 0002:000004b0       $SG33327                   00000001800194b0     p5engine.obj
 0002:00000500       $SG33342                   0000000180019500     p5engine.obj
 0002:00000550       $SG33354                   0000000180019550     p5engine.obj
 0002:000005a0       $SG33500                   00000001800195a0     p5engine.obj
 0002:000005e8       $SG33502                   00000001800195e8     p5engine.obj
 0002:00000610       $SG33504                   0000000180019610     p5engine.obj
 0002:00000630       $SG33508                   0000000180019630     p5engine.obj
 0002:00000640       $SG33580                   0000000180019640     p5engine.obj
 0002:00000650       $SG33581                   0000000180019650     p5engine.obj
 0002:00000698       $SG33813                   0000000180019698     p5engine.obj
 0002:000006b0       $SG33814                   00000001800196b0     p5engine.obj
 0002:000006f8       $SG34167                   00000001800196f8     p5engine.obj
 0002:00000710       $SG34168                   0000000180019710     p5engine.obj
 0002:00000750       $SG34653                   0000000180019750     p5engine.obj
 0002:00000768       $SG34654                   0000000180019768     p5engine.obj
 0002:000007a8       $SG34741                   00000001800197a8     p5engine.obj
 0002:000007b8       $SG37103                   00000001800197b8     p5engine.obj
 0002:000007d0       $SG37104                   00000001800197d0     p5engine.obj
 0002:00000818       $SG37284                   0000000180019818     p5engine.obj
 0002:00000838       $SG31326                   0000000180019838     p5engine.obj
 0002:00000850       $SG31327                   0000000180019850     p5engine.obj
 0002:000008a0       $SG31645                   00000001800198a0     p5engine.obj
 0002:000008c0       $SG31646                   00000001800198c0     p5engine.obj
 0002:00000910       $SG31701                   0000000180019910     p5engine.obj
 0002:00000930       $SG31702                   0000000180019930     p5engine.obj
 0002:00000980       $SG31752                   0000000180019980     p5engine.obj
 0002:00000990       $SG31753                   0000000180019990     p5engine.obj
 0002:000009e0       $SG31815                   00000001800199e0     p5engine.obj
 0002:000009f0       $SG31816                   00000001800199f0     p5engine.obj
 0002:00000a40       $SG32064                   0000000180019a40     p5engine.obj
 0002:00000a60       $SG32065                   0000000180019a60     p5engine.obj
 0002:00000ab0       $SG32073                   0000000180019ab0     p5engine.obj
 0002:00000ac0       $SG32107                   0000000180019ac0     p5engine.obj
 0002:00000ae0       $SG32108                   0000000180019ae0     p5engine.obj
 0002:00000b30       $SG32136                   0000000180019b30     p5engine.obj
 0002:00000b50       $SG32137                   0000000180019b50     p5engine.obj
 0002:00000ba0       $SG32160                   0000000180019ba0     p5engine.obj
 0002:00000bb0       $SG32161                   0000000180019bb0     p5engine.obj
 0002:00000c00       $SG32169                   0000000180019c00     p5engine.obj
 0002:00000c10       $SG32170                   0000000180019c10     p5engine.obj
 0002:00000c60       $SG32453                   0000000180019c60     p5engine.obj
 0002:00000c80       $SG32454                   0000000180019c80     p5engine.obj
 0002:00000cc8       $SG32527                   0000000180019cc8     p5engine.obj
 0002:00000ce0       $SG32528                   0000000180019ce0     p5engine.obj
 0002:00000d28       $SG32536                   0000000180019d28     p5engine.obj
 0002:00000d38       $SG32630                   0000000180019d38     p5engine.obj
 0002:00000d50       $SG32631                   0000000180019d50     p5engine.obj
 0002:00000da0       $SG32663                   0000000180019da0     p5engine.obj
 0002:00000de8       $SG32767                   0000000180019de8     p5engine.obj
 0002:00001158       GS_ExceptionPointers       000000018001a158     MSVCRTD:gs_report.obj
 0002:00001848       $unwind$?EndGeneration@@YAXPEAUgame_assets@@I@Z 000000018001a848     p5engine.obj
 0002:00001848       $unwind$?GetBitmapInfo@@YAPEAUp5a_bitmap@@PEAUgame_assets@@Ubitmap_id@@@Z 000000018001a848     p5engine.obj
 0002:00001848       $unwind$?GetFile@@YAPEAUasset_file@@PEAUgame_assets@@I@Z 000000018001a848     p5engine.obj
 0002:00001848       $unwind$?GetFileHandleFor@@YAPEAUplatform_file_handle@@PEAUgame_assets@@I@Z 000000018001a848     p5engine.obj
 0002:00001848       $unwind$?GetFontInfo@@YAPEAUp5a_font@@PEAUgame_assets@@Ufont_id@@@Z 000000018001a848     p5engine.obj
 0002:00001848       $unwind$?GetLowEntity@@YAPEAUlow_entity@@PEAUgame_state@@I@Z 000000018001a848     p5engine.obj
 0002:00001848       $unwind$?GetSoundInfo@@YAPEAUp5a_sound@@PEAUgame_assets@@Usound_id@@@Z 000000018001a848     p5engine.obj
 0002:00001848       $unwind$?HasFlag@@YAHPEAUsim_entity@@I@Z 000000018001a848     p5engine.obj
 0002:00001848       $unwind$?PushFont@@YAPEAUloaded_font@@PEAUrender_group@@Ufont_id@@@Z 000000018001a848     p5engine.obj
 0002:00001848       $unwind$?RandomChoice@@YAIPEAUrandom_series@@I@Z 000000018001a848     p5engine.obj
 0002:00001848       $unwind$GetController      000000018001a848     p5engine.obj
 0002:00001850       $unwind$?InitializeArena@@YAXPEAUmemory_arena@@_KPEAX@Z 000000018001a850     p5engine.obj
 0002:00001858       $unwind$?GetAlignmentOffset@@YA_KPEAUmemory_arena@@_K@Z 000000018001a858     p5engine.obj
 0002:00001860       $unwind$??Y@YAAEATv2@@AEAT0@T0@@Z 000000018001a860     p5engine.obj
 0002:00001860       $unwind$?AtomicAddU64@@YA_KPEC_K_K@Z 000000018001a860     p5engine.obj
 0002:00001860       $unwind$?AtomicExchangeU64@@YA_KPEC_K_K@Z 000000018001a860     p5engine.obj
 0002:00001860       $unwind$?GetArenaSizeRemaining@@YA_KPEAUmemory_arena@@_K@Z 000000018001a860     p5engine.obj
 0002:00001860       $unwind$?Hadamard@@YA?ATv2@@T1@0@Z 000000018001a860     p5engine.obj
 0002:00001860       $unwind$?Inner@@YAMTv2@@0@Z 000000018001a860     p5engine.obj
 0002:00001860       $unwind$?Inner@@YAMTv3@@0@Z 000000018001a860     p5engine.obj
 0002:00001860       $unwind$?InsertAssetHeaderAtFront@@YAXPEAUgame_assets@@PEAUasset_memory_header@@@Z 000000018001a860     p5engine.obj
 0002:00001860       $unwind$?IsCanonical@@YAHPEAUworld@@Tv3@@@Z 000000018001a860     p5engine.obj
 0002:00001860       $unwind$?IsInRectangle@@YAHUrectangle3@@Tv3@@@Z 000000018001a860     p5engine.obj
 0002:00001860       $unwind$?RectanglesIntersect@@YAHUrectangle3@@0@Z 000000018001a860     p5engine.obj
 0002:00001860       $unwind$?ZeroSize@@YAX_KPEAX@Z 000000018001a860     p5engine.obj
 0002:00001860       $unwind$?find_pe_section@@YAPEAU_IMAGE_SECTION_HEADER@@QEAE_K@Z 000000018001a860     MSVCRTD:utility.obj
 0002:00001868       $unwind$?PushSize_@@YAPEAXPEAUmemory_arena@@_K1@Z 000000018001a868     p5engine.obj
 0002:00001870       $unwind$??G@YA?ATv3@@T0@@Z 000000018001a870     p5engine.obj
 0002:00001870       $unwind$?BeginTemporaryMemory@@YA?AUtemporary_memory@@PEAUmemory_arena@@@Z 000000018001a870     p5engine.obj
 0002:00001884       $unwind$?AllResourcesPresent@@YAHPEAUrender_group@@@Z 000000018001a884     p5engine.obj
 0002:00001884       $unwind$?BeginGeneration@@YAIPEAUgame_assets@@@Z 000000018001a884     p5engine.obj
 0002:00001884       $unwind$?EndTemporaryMemory@@YAXUtemporary_memory@@@Z 000000018001a884     p5engine.obj
 0002:00001884       $unwind$?GetDim@@YA?ATv2@@Urectangle2@@@Z 000000018001a884     p5engine.obj
 0002:00001884       $unwind$?IsValid@@YAHUworld_position@@@Z 000000018001a884     p5engine.obj
 0002:00001884       $unwind$?LengthSq@@YAMTv2@@@Z 000000018001a884     p5engine.obj
 0002:00001884       $unwind$?RandomBilateral@@YAMPEAUrandom_series@@@Z 000000018001a884     p5engine.obj
 0002:00001884       $unwind$?RandomNextUInt32@@YAIPEAUrandom_series@@@Z 000000018001a884     p5engine.obj
 0002:00001884       $unwind$?RandomUnilateral@@YAMPEAUrandom_series@@@Z 000000018001a884     p5engine.obj
 0002:00001884       $unwind$__CheckForDebuggerJustMyCode 000000018001a884     MSVCRTD:debugger_jmc.obj
 0002:00001884       $unwind$__report_gsfailure 000000018001a884     MSVCRTD:gs_report.obj
 0002:0000188c       $unwind$?BeginAssetLock@@YAXPEAUgame_assets@@@Z 000000018001a88c     p5engine.obj
 0002:0000188c       $unwind$?BeginDebugStatistic@@YAXPEAUdebug_statistic@@@Z 000000018001a88c     p5engine.obj
 0002:0000188c       $unwind$?CheckArena@@YAXPEAUmemory_arena@@@Z 000000018001a88c     p5engine.obj
 0002:0000188c       $unwind$?EndAssetLock@@YAXPEAUgame_assets@@@Z 000000018001a88c     p5engine.obj
 0002:0000188c       $unwind$?EndDebugStatistic@@YAXPEAUdebug_statistic@@@Z 000000018001a88c     p5engine.obj
 0002:0000188c       $unwind$?StoreEntityReference@@YAXPEATentity_reference@@@Z 000000018001a88c     p5engine.obj
 0002:0000188c       $unwind$__raise_securityfailure 000000018001a88c     MSVCRTD:gs_report.obj
 0002:0000188c       $unwind$?is_potentially_valid_image_base@@YA_NQEAX@Z 000000018001a88c     MSVCRTD:utility.obj
 0002:00001894       $unwind$?SubArena@@YAXPEAUmemory_arena@@0_K1@Z 000000018001a894     p5engine.obj
 0002:00001894       $unwind$__GSHandlerCheck   000000018001a894     MSVCRTD:gshandler.obj
 0002:0000189c       $unwind$?AtomicCompareExchangeU32@@YAIPECIII@Z 000000018001a89c     p5engine.obj
 0002:0000189c       $unwind$?GetAsset@@YAPEAUasset_memory_header@@PEAUgame_assets@@II@Z 000000018001a89c     p5engine.obj
 0002:0000189c       $unwind$?dllmain_crt_dispatch@@YAHQEAUHINSTANCE__@@KQEAX@Z 000000018001a89c     MSVCRTD:dll_dllmain.obj
 0002:0000189c       $unwind$?dllmain_raw@@YAHQEAUHINSTANCE__@@KQEAX@Z 000000018001a89c     MSVCRTD:dll_dllmain.obj
 0002:000018a4       $unwind$?AbsoluteValue@@YAMM@Z 000000018001a8a4     p5engine.obj
 0002:000018a4       $unwind$?Clamp01@@YAMM@Z   000000018001a8a4     p5engine.obj
 0002:000018a4       $unwind$?RoundReal32ToInt32@@YAHM@Z 000000018001a8a4     p5engine.obj
 0002:000018a4       $unwind$?RoundReal32ToUInt32@@YAIM@Z 000000018001a8a4     p5engine.obj
 0002:000018a4       $unwind$?SignOf@@YAMM@Z    000000018001a8a4     p5engine.obj
 0002:000018a4       $unwind$?Sin@@YAMM@Z       000000018001a8a4     p5engine.obj
 0002:000018a4       $unwind$?Square@@YAMM@Z    000000018001a8a4     p5engine.obj
 0002:000018a4       $unwind$?SquareRoot@@YAMM@Z 000000018001a8a4     p5engine.obj
 0002:000018ac       $unwind$?ATan2@@YAMMM@Z    000000018001a8ac     p5engine.obj
 0002:000018ac       $unwind$?IsCanonical@@YAHMM@Z 000000018001a8ac     p5engine.obj
 0002:000018ac       $unwind$?SafeRatio1@@YAMMM@Z 000000018001a8ac     p5engine.obj
 0002:000018b4       $unwind$?Clamp01MapToRange@@YAMMMM@Z 000000018001a8b4     p5engine.obj
 0002:000018b4       $unwind$?Clamp@@YAMMMM@Z   000000018001a8b4     p5engine.obj
 0002:000018b4       $unwind$?SafeRatioN@@YAMMMM@Z 000000018001a8b4     p5engine.obj
 0002:000018bc       $unwind$?V2@@YA?ATv2@@MM@Z 000000018001a8bc     p5engine.obj
 0002:000018cc       $unwind$?V2i@@YA?ATv2@@HH@Z 000000018001a8cc     p5engine.obj
 0002:000018d4       $unwind$??D@YA?ATv2@@MT0@@Z 000000018001a8d4     p5engine.obj
 0002:000018e4       $unwind$??G@YA?ATv2@@T0@0@Z 000000018001a8e4     p5engine.obj
 0002:000018e4       $unwind$??H@YA?ATv2@@T0@0@Z 000000018001a8e4     p5engine.obj
 0002:000018e4       $unwind$?GetBarycentric@@YA?ATv2@@Urectangle2@@T1@@Z 000000018001a8e4     p5engine.obj
 0002:000018f4       $unwind$?Clamp01@@YA?ATv2@@T1@@Z 000000018001a8f4     p5engine.obj
 0002:00001904       $unwind$?V3@@YA?ATv3@@MMM@Z 000000018001a904     p5engine.obj
 0002:00001904       $unwind$?V4@@YA?ATv4@@MMMM@Z 000000018001a904     p5engine.obj
 0002:00001918       $unwind$??D@YA?ATv3@@MT0@@Z 000000018001a918     p5engine.obj
 0002:00001918       $unwind$??D@YA?ATv4@@MT0@@Z 000000018001a918     p5engine.obj
 0002:00001918       $unwind$?ToV3@@YA?ATv3@@Tv2@@M@Z 000000018001a918     p5engine.obj
 0002:0000192c       $unwind$??D@YA?ATv3@@T0@M@Z 000000018001a92c     p5engine.obj
 0002:0000192c       $unwind$?GetCameraRectangleAtDistance@@YA?AUrectangle2@@PEAUrender_group@@M@Z 000000018001a92c     p5engine.obj
 0002:00001938       $unwind$??X@YAAEATv3@@AEAT0@M@Z 000000018001a938     p5engine.obj
 0002:00001944       $unwind$??G@YA?ATv3@@T0@0@Z 000000018001a944     p5engine.obj
 0002:00001944       $unwind$??H@YA?ATv3@@T0@0@Z 000000018001a944     p5engine.obj
 0002:00001958       $unwind$??Y@YAAEATv3@@AEAT0@T0@@Z 000000018001a958     p5engine.obj
 0002:00001958       $unwind$??Z@YAAEATv3@@AEAT0@T0@@Z 000000018001a958     p5engine.obj
 0002:00001958       $unwind$?GetDim@@YA?ATv3@@Urectangle3@@@Z 000000018001a958     p5engine.obj
 0002:00001964       $unwind$?AreInSameChunk@@YAHPEAUworld@@PEAUworld_position@@1@Z 000000018001a964     p5engine.obj
 0002:00001964       $unwind$?Hadamard@@YA?ATv3@@T1@0@Z 000000018001a964     p5engine.obj
 0002:00001964       $unwind$?RectCenterDim@@YA?AUrectangle2@@Tv2@@0@Z 000000018001a964     p5engine.obj
 0002:00001970       $unwind$?LengthSq@@YAMTv3@@@Z 000000018001a970     p5engine.obj
 0002:0000197c       $unwind$?Length@@YAMTv3@@@Z 000000018001a97c     p5engine.obj
 0002:0000197c       $unwind$?MakeEntityNonSpatial@@YAXPEAUsim_entity@@@Z 000000018001a97c     p5engine.obj
 0002:00001988       $unwind$?ToV4@@YA?ATv4@@Tv3@@M@Z 000000018001a988     p5engine.obj
 0002:00001994       $unwind$?RectCenterHalfDim@@YA?AUrectangle2@@Tv2@@0@Z 000000018001a994     p5engine.obj
 0002:000019a8       $unwind$?Intersect@@YA?AUrectangle2i@@U1@0@Z 000000018001a9a8     p5engine.obj
 0002:000019b4       $unwind$?Clear@@YAXPEAUrender_group@@Tv4@@@Z 000000018001a9b4     p5engine.obj
 0002:000019b4       $unwind$?GetMaxCorner@@YA?ATv3@@Urectangle3@@@Z 000000018001a9b4     p5engine.obj
 0002:000019b4       $unwind$?GetMinCorner@@YA?ATv3@@Urectangle3@@@Z 000000018001a9b4     p5engine.obj
 0002:000019c0       $unwind$?RectMinMax@@YA?AUrectangle3@@Tv3@@0@Z 000000018001a9c0     p5engine.obj
 0002:000019d4       $unwind$?AddRadiusTo@@YA?AUrectangle3@@U1@Tv3@@@Z 000000018001a9d4     p5engine.obj
 0002:000019d4       $unwind$?RectCenterHalfDim@@YA?AUrectangle3@@Tv3@@0@Z 000000018001a9d4     p5engine.obj
 0002:000019e8       $unwind$?RectCenterDim@@YA?AUrectangle3@@Tv3@@0@Z 000000018001a9e8     p5engine.obj
 0002:000019f4       $unwind$?RandomSeed@@YA?AUrandom_series@@I@Z 000000018001a9f4     p5engine.obj
 0002:00001a04       $unwind$?AddFlags@@YAXPEAUsim_entity@@I@Z 000000018001aa04     p5engine.obj
 0002:00001a04       $unwind$?ClearFlags@@YAXPEAUsim_entity@@I@Z 000000018001aa04     p5engine.obj
 0002:00001a04       $unwind$?PrefetchSound@@YAXPEAUgame_assets@@Usound_id@@@Z 000000018001aa04     p5engine.obj
 0002:00001a0c       $unwind$?MakeEntitySpatial@@YAXPEAUsim_entity@@Tv3@@1@Z 000000018001aa0c     p5engine.obj
 0002:00001a18       $unwind$?GetEntityGroundPoint@@YA?ATv3@@PEAUsim_entity@@T1@@Z 000000018001aa18     p5engine.obj
 0002:00001a24       $unwind$?GetEntityGroundPoint@@YA?ATv3@@PEAUsim_entity@@@Z 000000018001aa24     p5engine.obj
 0002:00001a30       $unwind$?GetStairGround@@YAMPEAUsim_entity@@Tv3@@@Z 000000018001aa30     p5engine.obj
 0002:00001a3c       $unwind$?RemoveAssetHeaderFromList@@YAXPEAUasset_memory_header@@@Z 000000018001aa3c     p5engine.obj
 0002:00001a44       $unwind$?LoadBitmap@@YAXPEAUgame_assets@@Ubitmap_id@@H@Z 000000018001aa44     p5engine.obj
 0002:00001a5c       $cppxdata$?LoadBitmap@@YAXPEAUgame_assets@@Ubitmap_id@@H@Z 000000018001aa5c     p5engine.obj
 0002:00001a65       $stateUnwindMap$?LoadBitmap@@YAXPEAUgame_assets@@Ubitmap_id@@H@Z 000000018001aa65     p5engine.obj
 0002:00001a6b       $ip2state$?LoadBitmap@@YAXPEAUgame_assets@@Ubitmap_id@@H@Z 000000018001aa6b     p5engine.obj
 0002:00001a73       $cppxdata$?LoadSound@@YAXPEAUgame_assets@@Usound_id@@@Z 000000018001aa73     p5engine.obj
 0002:00001a7c       $unwind$?dtor$0@?0??LoadBitmap@@YAXPEAUgame_assets@@Ubitmap_id@@H@Z@4HA 000000018001aa7c     p5engine.obj
 0002:00001a84       $unwind$?LoadSound@@YAXPEAUgame_assets@@Usound_id@@@Z 000000018001aa84     p5engine.obj
 0002:00001a9c       $stateUnwindMap$?LoadSound@@YAXPEAUgame_assets@@Usound_id@@@Z 000000018001aa9c     p5engine.obj
 0002:00001aa2       $ip2state$?LoadSound@@YAXPEAUgame_assets@@Usound_id@@@Z 000000018001aaa2     p5engine.obj
 0002:00001aaa       $cppxdata$?LoadFont@@YAXPEAUgame_assets@@Ufont_id@@H@Z 000000018001aaaa     p5engine.obj
 0002:00001ab3       $cppxdata$?DEBUGReset@@YAXPEAUgame_assets@@II@Z 000000018001aab3     p5engine.obj
 0002:00001abc       $unwind$?dtor$0@?0??LoadSound@@YAXPEAUgame_assets@@Usound_id@@@Z@4HA 000000018001aabc     p5engine.obj
 0002:00001ac4       $unwind$?LoadFont@@YAXPEAUgame_assets@@Ufont_id@@H@Z 000000018001aac4     p5engine.obj
 0002:00001adc       $stateUnwindMap$?LoadFont@@YAXPEAUgame_assets@@Ufont_id@@H@Z 000000018001aadc     p5engine.obj
 0002:00001ae2       $ip2state$?LoadFont@@YAXPEAUgame_assets@@Ufont_id@@H@Z 000000018001aae2     p5engine.obj
 0002:00001aea       $stateUnwindMap$?DEBUGReset@@YAXPEAUgame_assets@@II@Z 000000018001aaea     p5engine.obj
 0002:00001af0       $unwind$?dtor$0@?0??LoadFont@@YAXPEAUgame_assets@@Ufont_id@@H@Z@4HA 000000018001aaf0     p5engine.obj
 0002:00001af8       $unwind$?DEBUGReset@@YAXPEAUgame_assets@@II@Z 000000018001aaf8     p5engine.obj
 0002:00001b10       $ip2state$?DEBUGReset@@YAXPEAUgame_assets@@II@Z 000000018001ab10     p5engine.obj
 0002:00001b18       $unwind$?dtor$0@?0??DEBUGReset@@YAXPEAUgame_assets@@II@Z@4HA 000000018001ab18     p5engine.obj
 0002:00001b20       $unwind$?DEBUGOverlay@@YAXPEAUgame_memory@@@Z 000000018001ab20     p5engine.obj
 0002:00001b34       $unwind$?AddCollisionRule@@YAXPEAUgame_state@@IIH@Z 000000018001ab34     p5engine.obj
 0002:00001b3c       $unwind$?ClearCollisionRulesFor@@YAXPEAUgame_state@@I@Z 000000018001ab3c     p5engine.obj
 0002:00001b44       $unwind$?BeginTaskWithMemory@@YAPEAUtask_with_memory@@PEAUtransient_state@@@Z 000000018001ab44     p5engine.obj
[...]
 0002:00002144       $unwind$?MakeSimpleGroundedCollision@@YAPEAUsim_entity_collision_volume_group@@PEAUgame_state@@MMM@Z 000000018001b144     p5engine.obj
 0002:00002150       $unwind$?MakeNullCollision@@YAPEAUsim_entity_collision_volume_group@@PEAUgame_state@@@Z 000000018001b150     p5engine.obj
 0002:0000215c       $unwind$?FillGroundChunkWork@@YAXPEAUplatform_work_queue@@PEAX@Z 000000018001b15c     p5engine.obj
 0002:00002174       $stateUnwindMap$?FillGroundChunkWork@@YAXPEAUplatform_work_queue@@PEAX@Z 000000018001b174     p5engine.obj
 0002:0000217a       $ip2state$?FillGroundChunkWork@@YAXPEAUplatform_work_queue@@PEAX@Z 000000018001b17a     p5engine.obj
 0002:00002182       $cppxdata$GameUpdateAndRender 000000018001b182     p5engine.obj
 0002:0000218c       $unwind$?dtor$0@?0??FillGroundChunkWork@@YAXPEAUplatform_work_queue@@PEAX@Z@4HA 000000018001b18c     p5engine.obj
 0002:00002194       $unwind$?FillGroundChunk@@YAXPEAUtransient_state@@PEAUgame_state@@PEAUground_buffer@@PEAUworld_position@@@Z 000000018001b194     p5engine.obj
 0002:000021a0       $unwind$?ClearBitmap@@YAXPEAUloaded_bitmap@@@Z 000000018001b1a0     p5engine.obj
 0002:000021a8       $unwind$?MakeEmptyBitmap@@YA?AUloaded_bitmap@@PEAUmemory_arena@@HHH@Z 000000018001b1a8     p5engine.obj
 0002:000021bc       $unwind$?MakeSphereDiffuseMap@@YAXPEAUloaded_bitmap@@MM@Z 000000018001b1bc     p5engine.obj
 0002:000021c8       $unwind$?MakeSphereNormalMap@@YAXPEAUloaded_bitmap@@MMM@Z 000000018001b1c8     p5engine.obj
 0002:000021d4       $unwind$GameUpdateAndRender 000000018001b1d4     p5engine.obj
 0002:000021ec       $stateUnwindMap$GameUpdateAndRender 000000018001b1ec     p5engine.obj
 0002:000021f2       $ip2state$GameUpdateAndRender 000000018001b1f2     p5engine.obj
 0002:00002200       $unwind$GameUpdateAndRender$dtor$0 000000018001b200     p5engine.obj
 0002:00002208       $unwind$GameGetSoundSamples 000000018001b208     p5engine.obj
 0002:00002210       $unwind$?UpdateDebugRecords@@YAXPEAUdebug_state@@IPEAUdebug_record@@@Z 000000018001b210     p5engine.obj
 0002:00002218       $unwind$?DEBUGTextLine@@YAXPEAD@Z 000000018001b218     p5engine.obj
 0002:00002224       $unwind$GameDEBUGFrameEnd  000000018001b224     p5engine.obj
 0002:00002230       $unwind$?GetBitmap@@YAPEAUloaded_bitmap@@PEAUgame_assets@@Ubitmap_id@@I@Z 000000018001b230     p5engine.obj
 0002:00002230       $unwind$?GetFont@@YAPEAUloaded_font@@PEAUgame_assets@@Ufont_id@@I@Z 000000018001b230     p5engine.obj
 0002:00002230       $unwind$?GetSound@@YAPEAUloaded_sound@@PEAUgame_assets@@Usound_id@@I@Z 000000018001b230     p5engine.obj
 0002:00002238       $unwind$?GetHex@@YAID@Z    000000018001b238     p5engine.obj
 0002:00002238       $unwind$?IsHex@@YAHD@Z     000000018001b238     p5engine.obj
 0002:00002238       $unwind$?IsValid@@YAHUsound_id@@@Z 000000018001b238     p5engine.obj
 0002:00002240       $unwind$?GetNextSoundInChain@@YA?AUsound_id@@PEAUgame_assets@@U1@@Z 000000018001b240     p5engine.obj
 0002:00002250       $unwind$??0timed_block@@QEAA@HPEADH0H@Z 000000018001b250     p5engine.obj
 0002:00002258       $unwind$??1timed_block@@QEAA@XZ 000000018001b258     p5engine.obj
 0002:00002268       $cppxdata$??$_snprintf_s@$0BAA@@@YAHAEAY0BAA@D_KPEBDZZ 000000018001b268     p5engine.obj
 0002:00002268       $cppxdata$??$_snprintf_s@$0IA@@@YAHAEAY0IA@D_KPEBDZZ 000000018001b268     p5engine.obj
 0002:00002268       $cppxdata$??1timed_block@@QEAA@XZ 000000018001b268     p5engine.obj
 0002:0000226d       $ip2state$??$_snprintf_s@$0BAA@@@YAHAEAY0BAA@D_KPEBDZZ 000000018001b26d     p5engine.obj
 0002:0000226d       $ip2state$??$_snprintf_s@$0IA@@@YAHAEAY0IA@D_KPEBDZZ 000000018001b26d     p5engine.obj
 0002:0000226d       $ip2state$??1timed_block@@QEAA@XZ 000000018001b26d     p5engine.obj
 0002:00002270       $unwind$?GetRenderEntityBasisPos@@YA?AUentity_basis_p_result@@PEAUrender_transform@@Tv3@@@Z 000000018001b270     p5engine.obj
 0002:00002288       $cppxdata$?GetRenderEntityBasisPos@@YA?AUentity_basis_p_result@@PEAUrender_transform@@Tv3@@@Z 000000018001b288     p5engine.obj
 0002:00002291       $stateUnwindMap$?GetRenderEntityBasisPos@@YA?AUentity_basis_p_result@@PEAUrender_transform@@Tv3@@@Z 000000018001b291     p5engine.obj
 0002:00002297       $ip2state$?GetRenderEntityBasisPos@@YA?AUentity_basis_p_result@@PEAUrender_transform@@Tv3@@@Z 000000018001b297     p5engine.obj
 0002:000022a0       $unwind$?dtor$0@?0??ChangeEntityLocationRaw@@YAXPEAUmemory_arena@@PEAUworld@@IPEAUworld_position@@2@Z@4HA 000000018001b2a0     p5engine.obj
 0002:000022a0       $unwind$?dtor$0@?0??GetRenderEntityBasisPos@@YA?AUentity_basis_p_result@@PEAUrender_transform@@Tv3@@@Z@4HA 000000018001b2a0     p5engine.obj
 0002:000022a0       $unwind$?dtor$0@?0??GetWorldChunk@@YAPEAUworld_chunk@@PEAUworld@@HHHPEAUmemory_arena@@@Z@4HA 000000018001b2a0     p5engine.obj
 0002:000022a0       $unwind$?dtor$0@?0??PushRenderElement_@@YAPEAXPEAUrender_group@@IW4render_group_entry_type@@@Z@4HA 000000018001b2a0     p5engine.obj
 0002:000022a0       $unwind$?fin$0@?0??dllmain_crt_process_attach@@YAHQEAUHINSTANCE__@@QEAX@Z@4HA 000000018001b2a0     MSVCRTD:dll_dllmain.obj
 0002:000022a0       $unwind$?fin$0@?0??dllmain_crt_process_detach@@YAH_N@Z@4HA 000000018001b2a0     MSVCRTD:dll_dllmain.obj
 0002:000022a0       $unwind$?fin$1@?0??dllmain_crt_process_detach@@YAH_N@Z@4HA 000000018001b2a0     MSVCRTD:dll_dllmain.obj
 0002:000022a0       $unwind$__scrt_is_nonwritable_in_current_image$filt$0 000000018001b2a0     MSVCRTD:utility.obj
 0002:000022a8       $unwind$?PushRenderElement_@@YAPEAXPEAUrender_group@@IW4render_group_entry_type@@@Z 000000018001b2a8     p5engine.obj
 0002:000022bc       $cppxdata$?PushRenderElement_@@YAPEAXPEAUrender_group@@IW4render_group_entry_type@@@Z 000000018001b2bc     p5engine.obj
 0002:000022c5       $stateUnwindMap$?GetWorldChunk@@YAPEAUworld_chunk@@PEAUworld@@HHHPEAUmemory_arena@@@Z 000000018001b2c5     p5engine.obj
 0002:000022c5       $stateUnwindMap$?PushRenderElement_@@YAPEAXPEAUrender_group@@IW4render_group_entry_type@@@Z 000000018001b2c5     p5engine.obj
 0002:000022cb       $ip2state$?PushRenderElement_@@YAPEAXPEAUrender_group@@IW4render_group_entry_type@@@Z 000000018001b2cb     p5engine.obj
 0002:000022d4       $unwind$?PushBitmap@@YAXPEAUrender_group@@PEAUloaded_bitmap@@Tv3@@MTv4@@@Z 000000018001b2d4     p5engine.obj
 0002:000022e0       $unwind$?PushBitmap@@YAXPEAUrender_group@@Ubitmap_id@@Tv3@@MTv4@@@Z 000000018001b2e0     p5engine.obj
 0002:000022ec       $unwind$?PushRect@@YAXPEAUrender_group@@Tv3@@Tv2@@Tv4@@@Z 000000018001b2ec     p5engine.obj
 0002:000022f8       $unwind$?PushRectOutline@@YAXPEAUrender_group@@Tv3@@Tv2@@Tv4@@@Z 000000018001b2f8     p5engine.obj
 0002:00002304       $unwind$?Orthographic@@YAXPEAUrender_group@@HHM@Z 000000018001b304     p5engine.obj
 0002:00002304       $unwind$?Perspective@@YAXPEAUrender_group@@HHMMM@Z 000000018001b304     p5engine.obj
 0002:00002304       $unwind$__GSHandlerCheck_EH4 000000018001b304     MSVCRTD:gshandlereh4.obj
 0002:0000230c       $unwind$?RecanonicalizeCoord@@YAXMPEAHPEAM@Z 000000018001b30c     p5engine.obj
 0002:0000230c       $unwind$?Unproject@@YA?ATv2@@PEAUrender_group@@T1@M@Z 000000018001b30c     p5engine.obj
 0002:00002314       $unwind$?GetCameraRectangleAtTarget@@YA?AUrectangle2@@PEAUrender_group@@@Z 000000018001b314     p5engine.obj
 0002:00002320       $unwind$?NullPosition@@YA?AUworld_position@@XZ 000000018001b320     p5engine.obj
 0002:00002334       $unwind$?GetWorldChunk@@YAPEAUworld_chunk@@PEAUworld@@HHHPEAUmemory_arena@@@Z 000000018001b334     p5engine.obj
 0002:00002348       $cppxdata$?GetWorldChunk@@YAPEAUworld_chunk@@PEAUworld@@HHHPEAUmemory_arena@@@Z 000000018001b348     p5engine.obj
 0002:00002351       $ip2state$?GetWorldChunk@@YAPEAUworld_chunk@@PEAUworld@@HHHPEAUmemory_arena@@@Z 000000018001b351     p5engine.obj
 0002:0000235c       $unwind$?MapIntoChunkSpace@@YA?AUworld_position@@PEAUworld@@U1@Tv3@@@Z 000000018001b35c     p5engine.obj
 0002:00002370       $unwind$?ChunkPositionFromTilePosition@@YA?AUworld_position@@PEAUworld@@HHHTv3@@@Z 000000018001b370     p5engine.obj
 0002:00002384       $unwind$?CenteredChunkPoint@@YA?AUworld_position@@III@Z 000000018001b384     p5engine.obj
 0002:00002398       $unwind$?ChangeEntityLocationRaw@@YAXPEAUmemory_arena@@PEAUworld@@IPEAUworld_position@@2@Z 000000018001b398     p5engine.obj
 0002:000023b0       $cppxdata$?ChangeEntityLocationRaw@@YAXPEAUmemory_arena@@PEAUworld@@IPEAUworld_position@@2@Z 000000018001b3b0     p5engine.obj
 0002:000023b9       $stateUnwindMap$?ChangeEntityLocationRaw@@YAXPEAUmemory_arena@@PEAUworld@@IPEAUworld_position@@2@Z 000000018001b3b9     p5engine.obj
 0002:000023bf       $ip2state$?ChangeEntityLocationRaw@@YAXPEAUmemory_arena@@PEAUworld@@IPEAUworld_position@@2@Z 000000018001b3bf     p5engine.obj
 0002:000023c8       $unwind$?GetSimSpacePos@@YA?ATv3@@PEAUsim_region@@PEAUlow_entity@@@Z 000000018001b3c8     p5engine.obj
 0002:000023d4       $unwind$?LoadEntityReference@@YAXPEAUgame_state@@PEAUsim_region@@PEATentity_reference@@@Z 000000018001b3d4     p5engine.obj
 0002:000023e8       $unwind$?EntityOverlapsRectangle@@YAHTv3@@Usim_entity_collision_volume@@Urectangle3@@@Z 000000018001b3e8     p5engine.obj
 0002:000023f4       $unwind$?DefaultMoveSpec@@YA?AUmove_spec@@XZ 000000018001b3f4     p5engine.obj
 0002:00002408       $unwind$?GetGlyphFromCodepoint@@YAIPEAUp5a_font@@PEAUloaded_font@@I@Z 000000018001b408     p5engine.obj
 0002:00002410       $unwind$__local_stdio_printf_options 000000018001b410     p5engine.obj
 0002:00002410       $unwind$?__scrt_initialize_type_info@@YAXXZ 000000018001b410     MSVCRTD:tncleanup.obj
 0002:00002410       $unwind$?__scrt_uninitialize_type_info@@YAXXZ 000000018001b410     MSVCRTD:tncleanup.obj
 0002:00002410       $unwind$?configure_argv@__scrt_narrow_argv_policy@@SAHXZ 000000018001b410     MSVCRTD:utility.obj
 0002:00002410       $unwind$?initialize_environment@__scrt_narrow_environment_policy@@SAHXZ 000000018001b410     MSVCRTD:utility.obj
 0002:00002410       $unwind$__scrt_dllmain_after_initialize_c 000000018001b410     MSVCRTD:utility.obj
 0002:00002410       $unwind$__scrt_dllmain_before_initialize_c 000000018001b410     MSVCRTD:utility.obj
 0002:00002410       $unwind$__scrt_dllmain_crt_thread_attach 000000018001b410     MSVCRTD:utility.obj
 0002:00002410       $unwind$__scrt_dllmain_crt_thread_detach 000000018001b410     MSVCRTD:utility.obj
 0002:00002410       $unwind$__scrt_dllmain_uninitialize_c 000000018001b410     MSVCRTD:utility.obj
 0002:00002410       $unwind$__scrt_dllmain_uninitialize_critical 000000018001b410     MSVCRTD:utility.obj
 0002:00002418       $unwind$_vsnprintf_s_l     000000018001b418     p5engine.obj
 0002:00002420       $unwind$_vsnprintf_s       000000018001b420     p5engine.obj
 0002:00002428       $unwind$?AccumDebugStatistic@@YAXPEAUdebug_statistic@@N@Z 000000018001b428     p5engine.obj
 0002:00002430       $unwind$??$_snprintf_s@$0BAA@@@YAHAEAY0BAA@D_KPEBDZZ 000000018001b430     p5engine.obj
 0002:00002430       $unwind$??$_snprintf_s@$0IA@@@YAHAEAY0IA@D_KPEBDZZ 000000018001b430     p5engine.obj
 0002:00002444       $unwind$?DrawRectangleQuickly@@YAXPEAUloaded_bitmap@@Tv2@@11Tv4@@0MUrectangle2i@@H@Z 000000018001b444     p5engine_optimized.obj
 0002:00002498       $cppxdata$?DrawRectangleQuickly@@YAXPEAUloaded_bitmap@@Tv2@@11Tv4@@0MUrectangle2i@@H@Z 000000018001b498     p5engine_optimized.obj
 0002:000024a1       $stateUnwindMap$?DrawRectangleQuickly@@YAXPEAUloaded_bitmap@@Tv2@@11Tv4@@0MUrectangle2i@@H@Z 000000018001b4a1     p5engine_optimized.obj
 0002:000024b0       $ip2state$?DrawRectangleQuickly@@YAXPEAUloaded_bitmap@@Tv2@@11Tv4@@0MUrectangle2i@@H@Z 000000018001b4b0     p5engine_optimized.obj
 0002:000024c0       $unwind$__GSHandlerCheckCommon 000000018001b4c0     MSVCRTD:gshandler.obj
 0002:000024c8       $xdatasym                  000000018001b4c8     MSVCRTD:chkstk.obj
 0002:000024d0       $xdatasym                  000000018001b4d0     MSVCRTD:amdsecgs.obj
 0002:000024d4       $unwind$?dllmain_crt_process_attach@@YAHQEAUHINSTANCE__@@QEAX@Z 000000018001b4d4     MSVCRTD:dll_dllmain.obj
 0002:000024f4       $unwind$?dllmain_crt_process_detach@@YAH_N@Z 000000018001b4f4     MSVCRTD:dll_dllmain.obj
 0002:00002524       $unwind$?dllmain_dispatch@@YAHQEAUHINSTANCE__@@KQEAX@Z 000000018001b524     MSVCRTD:dll_dllmain.obj
 0002:00002544       $unwind$?filt$0@?0??dllmain_dispatch@@YAHQEAUHINSTANCE__@@KQEAX@Z@4HA 000000018001b544     MSVCRTD:dll_dllmain.obj
 0002:0000254c       $unwind$_DllMainCRTStartup 000000018001b54c     MSVCRTD:dll_dllmain.obj
 0002:0000254c       $unwind$DllMain            000000018001b54c     MSVCRTD:dll_dllmain_stub.obj
 0002:00002554       $unwind$capture_previous_context 000000018001b554     MSVCRTD:gs_report.obj
 0002:0000255c       $unwind$__scrt_initialize_default_local_stdio_options 000000018001b55c     MSVCRTD:default_local_stdio_options.obj
 0002:0000255c       $unwind$__security_init_cookie 000000018001b55c     MSVCRTD:gs_support.obj
 0002:00002564       $unwind$__get_entropy      000000018001b564     MSVCRTD:gs_support.obj
 0002:0000256c       $unwind$__scrt_is_nonwritable_in_current_image 000000018001b56c     MSVCRTD:utility.obj
 0002:0000258c       $unwind$__scrt_acquire_startup_lock 000000018001b58c     MSVCRTD:utility.obj
 0002:00002594       $unwind$__scrt_initialize_crt 000000018001b594     MSVCRTD:utility.obj
 0002:00002594       $unwind$__scrt_release_startup_lock 000000018001b594     MSVCRTD:utility.obj
 0002:0000259c       $unwind$__scrt_uninitialize_crt 000000018001b59c     MSVCRTD:utility.obj
 0002:000025a4       $unwind$__scrt_initialize_onexit_tables 000000018001b5a4     MSVCRTD:utility.obj
 0002:000025b0       $unwind$__scrt_dllmain_exception_filter 000000018001b5b0     MSVCRTD:utility.obj
 0002:000025b8       $unwind$__scrt_fastfail    000000018001b5b8     MSVCRTD:utility_desktop.obj
 0002:000025c4       $unwind$_RTC_Initialize    000000018001b5c4     MSVCRTD:initsect.obj
 0002:000025c4       $unwind$_RTC_Terminate     000000018001b5c4     MSVCRTD:initsect.obj
 0002:000025d0       $unwind$__isa_available_init 000000018001b5d0     MSVCRTD:cpu_disp.obj
 0002:000025e0       $unwind$__scrt_is_ucrt_dll_in_use 000000018001b5e0     MSVCRTD:ucrt_detection.obj
 0002:000025e8       $xdatasym                  000000018001b5e8     MSVCRTD:guard_dispatch.obj
 0002:000025f0       $xdatasym                  000000018001b5f0     MSVCRTD:guard_xfg_dispatch.obj
 0002:00002600       .edata                     000000018001b600     P5Engine.exp
 0002:00002628       rgpv                       000000018001b628     P5Engine.exp
 0002:00002634       rgszName                   000000018001b634     P5Engine.exp
 0002:00002640       rgwOrd                     000000018001b640     P5Engine.exp
 0002:00002646       szName                     000000018001b646     P5Engine.exp
 0002:00002653       $N00001                    000000018001b653     P5Engine.exp
 0002:00002665       $N00002                    000000018001b665     P5Engine.exp
 0002:00002679       $N00003                    000000018001b679     P5Engine.exp
 0002:0000285e       .idata$6                   000000018001b85e     vcruntimed:VCRUNTIME140_1D.dll
 0002:00002872       .idata$6                   000000018001b872     vcruntimed:VCRUNTIME140D.dll
 0002:0000296a       .idata$6                   000000018001b96a     ucrtd:ucrtbased.dll
 0002:00002ade       .idata$6                   000000018001bade     kernel32:KERNEL32.dll
 0003:00000000       ?RandomNumberTable@@3PAIA  000000018001c000     p5engine.obj
 0003:000044b0       ?DEBUGRenderGroup@@3PEAUrender_group@@EA 00000001800204b0     p5engine.obj
 0003:000044b8       ?LeftEdge@@3MA             00000001800204b8     p5engine.obj
 0003:000044bc       ?AtY@@3MA                  00000001800204bc     p5engine.obj
 0003:000044c0       ?Platform@@3Uplatform_api@@A 00000001800204c0     p5engine.obj
 0003:00004520       ?FontScale@@3MA            0000000180020520     p5engine.obj
 0003:00004524       ?FontID@@3Ufont_id@@A      0000000180020524     p5engine.obj
 0003:00004570       ?__proc_attached@@3HA      0000000180020570     MSVCRTD:dll_dllmain.obj
 0003:00004580       GS_ExceptionRecord         0000000180020580     MSVCRTD:gs_report.obj
 0003:00004620       GS_ContextRecord           0000000180020620     MSVCRTD:gs_report.obj
 0003:00004b18       ?is_initialized_as_dll@@3_NA 0000000180020b18     MSVCRTD:utility.obj
 0003:00004b19       ?module_local_atexit_table_initialized@@3_NA 0000000180020b19     MSVCRTD:utility.obj
 0003:00004b20       ?module_local_atexit_table@@3U_onexit_table_t@@A 0000000180020b20     MSVCRTD:utility.obj
 0003:00004b38       ?module_local_at_quick_exit_table@@3U_onexit_table_t@@A 0000000180020b38     MSVCRTD:utility.obj
 0005:00000000       __20BB4341_malloc@h        0000000180022000     p5engine.obj
 0005:00000001       __A435B42B_p5engine_types@h 0000000180022001     p5engine.obj
 0005:00000002       __7D4BEAAE_p5engine_platform@h 0000000180022002     p5engine.obj
 0005:00000003       __741AE07E_corecrt_math@h  0000000180022003     p5engine.obj
 0005:00000004       __7BF3FA8A_p5engine_intrinsics@h 0000000180022004     p5engine.obj
 0005:00000005       __87290AA6_p5engine_math@h 0000000180022005     p5engine.obj
 0005:00000006       __B7A387D6_p5engine_random@h 0000000180022006     p5engine.obj
 0005:00000007       __F17FF173_p5engine_entity@h 0000000180022007     p5engine.obj
 0005:00000008       __72A74871_p5engine_asset@h 0000000180022008     p5engine.obj
 0005:00000009       __E6E972D4_p5engine_debug@h 0000000180022009     p5engine.obj
 0005:0000000a       __BD87FD4A_p5engine@h      000000018002200a     p5engine.obj
 0005:0000000b       __6F2BF339_p5engine_render_group@cpp 000000018002200b     p5engine.obj
 0005:0000000c       __281AC6F8_p5engine_world@cpp 000000018002200c     p5engine.obj
 0005:0000000d       __B07C4A52_p5engine_sim_region@cpp 000000018002200d     p5engine.obj
 0005:0000000e       __BDC7FEEB_p5engine_entity@cpp 000000018002200e     p5engine.obj
 0005:0000000f       __3D4C1499_p5engine_asset@cpp 000000018002200f     p5engine.obj
 0005:00000010       __39A8D9B6_p5engine_audio@cpp 0000000180022010     p5engine.obj
 0005:00000011       __A2143F22_corecrt_stdio_config@h 0000000180022011     p5engine.obj
 0005:00000012       __829E1958_corecrt_wstdio@h 0000000180022012     p5engine.obj
 0005:00000013       __6DFAE8B8_stdio@h         0000000180022013     p5engine.obj
 0005:00000014       __283011C9_p5engine_debug@cpp 0000000180022014     p5engine.obj
 0005:00000015       __BAF57382_p5engine@cpp    0000000180022015     p5engine.obj
 0005:00000016       __20BB4341_malloc@h        0000000180022016     p5engine_optimized.obj
 0005:00000017       __A435B42B_p5engine_types@h 0000000180022017     p5engine_optimized.obj
 0005:00000018       __7D4BEAAE_p5engine_platform@h 0000000180022018     p5engine_optimized.obj
 0005:00000019       __741AE07E_corecrt_math@h  0000000180022019     p5engine_optimized.obj
 0005:0000001a       __7BF3FA8A_p5engine_intrinsics@h 000000018002201a     p5engine_optimized.obj
 0005:0000001b       __87290AA6_p5engine_math@h 000000018002201b     p5engine_optimized.obj
 0005:0000001c       __B7A387D6_p5engine_random@h 000000018002201c     p5engine_optimized.obj
 0005:0000001d       __F17FF173_p5engine_entity@h 000000018002201d     p5engine_optimized.obj
 0005:0000001e       __72A74871_p5engine_asset@h 000000018002201e     p5engine_optimized.obj
 0005:0000001f       __E6E972D4_p5engine_debug@h 000000018002201f     p5engine_optimized.obj
 0005:00000020       __BD87FD4A_p5engine@h      0000000180022020     p5engine_optimized.obj
 0005:00000021       __03FC23C0_p5engine_optimized@cpp 0000000180022021     p5engine_optimized.obj
 0006:00000060       $R000000                   0000000180023060     * linker generated manifest res *
