 P5Engine

 Timestamp is 634ce5f3 (Mon Oct 17 00:19:47 2022)

 Preferred load address is 0000000180000000

 Start         Length     Name                   Class
 0001:00000000 00015250H .text$mn                CODE
 0001:00015250 00000040H .text$mn$00             CODE
 0001:00015290 000000ddH .text$x                 CODE
 0002:00000000 00000100H .idata$5                DATA
 0002:00000100 00000028H .00cfg                  DATA
 0002:00000128 00000008H .CRT$XCA                DATA
 0002:00000130 00000008H .CRT$XCZ                DATA
 0002:00000138 00000008H .CRT$XIA                DATA
 0002:00000140 00000008H .CRT$XIZ                DATA
 0002:00000148 00000008H .CRT$XPA                DATA
 0002:00000150 00000008H .CRT$XPZ                DATA
 0002:00000158 00000008H .CRT$XTA                DATA
 0002:00000160 00000010H .CRT$XTZ                DATA
 0002:00000168 00000000H .gehcont$y              DATA
 0002:00000168 00000000H .gfids$y                DATA
 0002:00000170 00000410H .rdata                  DATA
 0002:00000580 00000000H .rdata$CastGuardVftablesA DATA
 0002:00000580 00000000H .rdata$CastGuardVftablesC DATA
 0002:00000580 00000164H .rdata$voltmd           DATA
 0002:000006e4 000002dcH .rdata$zzzdbg           DATA
 0002:000009c0 00000008H .rtc$IAA                DATA
 0002:000009c8 00000008H .rtc$IZZ                DATA
 0002:000009d0 00000008H .rtc$TAA                DATA
 0002:000009d8 00000008H .rtc$TZZ                DATA
 0002:000009e0 000007f0H .xdata                  DATA
 0002:000011d0 00000074H .edata                  DATA
 0002:00001244 0000003cH .idata$2                DATA
 0002:00001280 00000018H .idata$3                DATA
 0002:00001298 00000100H .idata$4                DATA
 0002:00001398 00000294H .idata$6                DATA
 0003:00000000 00004040H .data                   DATA
 0003:00004040 0000067cH .bss                    DATA
 0004:00000000 00000b7cH .pdata                  DATA
 0005:00000000 0000001cH .msvcjmc                DATA
 0006:00000000 00000060H .rsrc$01                DATA
 0006:00000060 00000098H .rsrc$02                DATA

  Address         Publics by Value              Rva+Base               Lib:Object

 0000:00000000       __x64_code_ranges_to_entry_points_count 0000000000000000     <absolute>
 0000:00000000       __arm64x_extra_rfe_table_size 0000000000000000     <absolute>
 0000:00000000       ___safe_se_handler_count   0000000000000000     <absolute>
 0000:00000000       __arm64x_extra_rfe_table   0000000000000000     <absolute>
 0000:00000000       __hybrid_auxiliary_iat_copy 0000000000000000     <absolute>
 0000:00000000       __AbsoluteZero             0000000000000000     <absolute>
 0000:00000000       __hybrid_auxiliary_iat     0000000000000000     <absolute>
 0000:00000000       __dynamic_value_reloc_table 0000000000000000     <absolute>
 0000:00000000       __guard_fids_count         0000000000000000     <absolute>
 0000:00000000       __hybrid_code_map_count    0000000000000000     <absolute>
 0000:00000000       __guard_longjmp_count      0000000000000000     <absolute>
 0000:00000000       __guard_iat_count          0000000000000000     <absolute>
 0000:00000000       __guard_check_icall_a64n_fptr 0000000000000000     <absolute>
 0000:00000000       __guard_fids_table         0000000000000000     <absolute>
 0000:00000000       __x64_code_ranges_to_entry_points 0000000000000000     <absolute>
 0000:00000000       __guard_eh_cont_count      0000000000000000     <absolute>
 0000:00000000       ___safe_se_handler_table   0000000000000000     <absolute>
 0000:00000000       __guard_longjmp_table      0000000000000000     <absolute>
 0000:00000000       __hybrid_code_map          0000000000000000     <absolute>
 0000:00000000       __guard_iat_table          0000000000000000     <absolute>
 0000:00000000       __arm64x_native_entrypoint 0000000000000000     <absolute>
 0000:00000000       __arm64x_redirection_metadata_count 0000000000000000     <absolute>
 0000:00000000       __enclave_config           0000000000000000     <absolute>
 0000:00000000       __guard_eh_cont_table      0000000000000000     <absolute>
 0000:00000000       __arm64x_redirection_metadata 0000000000000000     <absolute>
 0000:00000100       __guard_flags              0000000000000100     <absolute>
 0000:00000000       __ImageBase                0000000180000000     <linker-defined>
 0001:000049b0       ?GetSizeOfAsset@@YA?AUasset_memory_size@@PEAUgame_assets@@II@Z 00000001800059b0 f   p5engine.obj
 0001:00009070       GameUpdateAndRender        000000018000a070 f   p5engine.obj
 0001:0000dc30       GameGetSoundSamples        000000018000ec30 f   p5engine.obj
 0001:0000dca0       ??D@YA?ATv2@@MT0@@Z        000000018000eca0 f i p5engine.obj
 0001:0000dd20       ??D@YA?ATv3@@MT0@@Z        000000018000ed20 f i p5engine.obj
 0001:0000ddd0       ??D@YA?ATv3@@T0@M@Z        000000018000edd0 f i p5engine.obj
 0001:0000de50       ??D@YA?ATv4@@MT0@@Z        000000018000ee50 f i p5engine.obj
 0001:0000df20       ??G@YA?ATv2@@T0@0@Z        000000018000ef20 f i p5engine.obj
 0001:0000dfa0       ??G@YA?ATv3@@T0@0@Z        000000018000efa0 f i p5engine.obj
 0001:0000e060       ??H@YA?ATv2@@T0@0@Z        000000018000f060 f i p5engine.obj
 0001:0000e0e0       ??H@YA?ATv3@@T0@0@Z        000000018000f0e0 f i p5engine.obj
 0001:0000e1a0       ??H@YA?ATv4@@T0@0@Z        000000018000f1a0 f i p5engine.obj
 0001:0000e280       ??X@YAAEATv3@@AEAT0@M@Z    000000018000f280 f i p5engine.obj
 0001:0000e300       ??Y@YAAEATv2@@AEAT0@T0@@Z  000000018000f300 f i p5engine.obj
 0001:0000e350       ??Y@YAAEATv3@@AEAT0@T0@@Z  000000018000f350 f i p5engine.obj
 0001:0000e3f0       ??Y@YAAEATv4@@AEAT0@T0@@Z  000000018000f3f0 f i p5engine.obj
 0001:0000e490       ??Z@YAAEATv3@@AEAT0@T0@@Z  000000018000f490 f i p5engine.obj
 0001:0000e530       ?ATan2@@YAMMM@Z            000000018000f530 f i p5engine.obj
 0001:0000e580       ?AbsoluteValue@@YAMM@Z     000000018000f580 f i p5engine.obj
 0001:0000e5c0       ?AcquireAssetMemory@@YAPEAXPEAUgame_assets@@_K@Z 000000018000f5c0 f i p5engine.obj
 0001:0000e620       ?AddAssetHeaderToList@@YAXPEAUgame_assets@@IPEAXUasset_memory_size@@@Z 000000018000f620 f i p5engine.obj
 0001:0000e680       ?AddFlags@@YAXPEAUsim_entity@@I@Z 000000018000f680 f i p5engine.obj
 0001:0000e6c0       ?AddRadiusTo@@YA?AUrectangle3@@U1@Tv3@@@Z 000000018000f6c0 f i p5engine.obj
 0001:0000e830       ?AllResourcesPresent@@YAHPEAUrender_group@@@Z 000000018000f830 f i p5engine.obj
 0001:0000e880       ?AreInSameChunk@@YAHPEAUworld@@PEAUworld_position@@1@Z 000000018000f880 f i p5engine.obj
 0001:0000e980       ?AtomicCompareExchangeUInt32@@YAIPECIII@Z 000000018000f980 f i p5engine.obj
 0001:0000e9d0       ?BeginTemporaryMemory@@YA?AUtemporary_memory@@PEAUmemory_arena@@@Z 000000018000f9d0 f i p5engine.obj
 0001:0000ea70       ?CenteredChunkPoint@@YA?AUworld_position@@III@Z 000000018000fa70 f i p5engine.obj
 0001:0000eb00       ?ChangeEntityLocationRaw@@YAXPEAUmemory_arena@@PEAUworld@@IPEAUworld_position@@2@Z 000000018000fb00 f i p5engine.obj
 0001:0000eef0       ?CheckArena@@YAXPEAUmemory_arena@@@Z 000000018000fef0 f i p5engine.obj
 0001:0000ef20       ?ChunkPositionFromTilePosition@@YA?AUworld_position@@PEAUworld@@HHHTv3@@@Z 000000018000ff20 f i p5engine.obj
 0001:0000f1c0       ?Clamp01@@YA?ATv2@@T1@@Z   00000001800101c0 f i p5engine.obj
 0001:0000f230       ?Clamp01@@YAMM@Z           0000000180010230 f i p5engine.obj
 0001:0000f270       ?Clamp01MapToRange@@YAMMMM@Z 0000000180010270 f i p5engine.obj
 0001:0000f2f0       ?Clamp@@YAMMMM@Z           00000001800102f0 f i p5engine.obj
 0001:0000f360       ?Clear@@YAXPEAUrender_group@@Tv4@@@Z 0000000180010360 f i p5engine.obj
 0001:0000f3c0       ?ClearFlags@@YAXPEAUsim_entity@@I@Z 00000001800103c0 f i p5engine.obj
 0001:0000f400       ?DefaultMoveSpec@@YA?AUmove_spec@@XZ 0000000180010400 f i p5engine.obj
 0001:0000f4a0       ?EndTemporaryMemory@@YAXUtemporary_memory@@@Z 00000001800104a0 f i p5engine.obj
 0001:0000f520       ?EntityOverlapsRectangle@@YAHTv3@@Usim_entity_collision_volume@@Urectangle3@@@Z 0000000180010520 f i p5engine.obj
 0001:0000f6b0       ?GetAlignmentOffset@@YA_KPEAUmemory_arena@@_K@Z 00000001800106b0 f i p5engine.obj
 0001:0000f740       ?GetArenaSizeRemaining@@YA_KPEAUmemory_arena@@_K@Z 0000000180010740 f i p5engine.obj
 0001:0000f7a0       ?GetBarycentric@@YA?ATv2@@Urectangle2@@T1@@Z 00000001800107a0 f i p5engine.obj
 0001:0000f850       ?GetBitmap@@YAPEAUloaded_bitmap@@PEAUgame_assets@@Ubitmap_id@@H@Z 0000000180010850 f i p5engine.obj
 0001:0000f910       ?GetCameraRectangleAtDistance@@YA?AUrectangle2@@PEAUrender_group@@M@Z 0000000180010910 f i p5engine.obj
 0001:0000f9b0       ?GetCameraRectangleAtTarget@@YA?AUrectangle2@@PEAUrender_group@@@Z 00000001800109b0 f i p5engine.obj
 0001:0000fa20       ?GetDim@@YA?ATv2@@Urectangle2@@@Z 0000000180010a20 f i p5engine.obj
 0001:0000fa60       ?GetDim@@YA?ATv3@@Urectangle3@@@Z 0000000180010a60 f i p5engine.obj
 0001:0000fb00       ?GetEntityGroundPoint@@YA?ATv3@@PEAUsim_entity@@@Z 0000000180010b00 f i p5engine.obj
 0001:0000fb80       ?GetEntityGroundPoint@@YA?ATv3@@PEAUsim_entity@@T1@@Z 0000000180010b80 f i p5engine.obj
 0001:0000fbe0       ?GetFileHandleFor@@YAPEAUplatform_file_handle@@PEAUgame_assets@@I@Z 0000000180010be0 f i p5engine.obj
 0001:0000fc40       ?GetLowEntity@@YAPEAUlow_entity@@PEAUgame_state@@I@Z 0000000180010c40 f i p5engine.obj
 0001:0000fcb0       ?GetMaxCorner@@YA?ATv3@@Urectangle3@@@Z 0000000180010cb0 f i p5engine.obj
 0001:0000fd10       ?GetMinCorner@@YA?ATv3@@Urectangle3@@@Z 0000000180010d10 f i p5engine.obj
 0001:0000fd60       ?GetNextSoundInChain@@YA?AUsound_id@@PEAUgame_assets@@U1@@Z 0000000180010d60 f i p5engine.obj
 0001:0000fe20       ?GetRenderEntityBasisPos@@YA?AUentity_basis_p_result@@PEAUrender_transform@@Tv3@@@Z 0000000180010e20 f i p5engine.obj
 0001:000100c0       ?GetSimSpacePos@@YA?ATv3@@PEAUsim_region@@PEAUlow_entity@@@Z 00000001800110c0 f i p5engine.obj
 0001:000101b0       ?GetSound@@YAPEAUloaded_sound@@PEAUgame_assets@@Usound_id@@@Z 00000001800111b0 f i p5engine.obj
 0001:00010240       ?GetSoundInfo@@YAPEAUp5a_sound@@PEAUgame_assets@@Usound_id@@@Z 0000000180011240 f i p5engine.obj
 0001:000102a0       ?GetStairGround@@YAMPEAUsim_entity@@Tv3@@@Z 00000001800112a0 f i p5engine.obj
 0001:00010390       ?GetState@@YAIPEAUasset_slot@@@Z 0000000180011390 f i p5engine.obj
 0001:000103c0       ?GetType@@YAIPEAUasset_slot@@@Z 00000001800113c0 f i p5engine.obj
 0001:000103f0       ?GetWorldChunk@@YAPEAUworld_chunk@@PEAUworld@@HHHPEAUmemory_arena@@@Z 00000001800113f0 f i p5engine.obj
 0001:000105e0       ?Hadamard@@YA?ATv2@@T1@0@Z 00000001800115e0 f i p5engine.obj
 0001:00010640       ?Hadamard@@YA?ATv3@@T1@0@Z 0000000180011640 f i p5engine.obj
 0001:00010700       ?HasFlag@@YAHPEAUsim_entity@@I@Z 0000000180011700 f i p5engine.obj
 0001:00010740       ?InitializeArena@@YAXPEAUmemory_arena@@_KPEAX@Z 0000000180011740 f i p5engine.obj
 0001:000107a0       ?Inner@@YAMTv2@@0@Z        00000001800117a0 f i p5engine.obj
 0001:000107f0       ?Inner@@YAMTv3@@0@Z        00000001800117f0 f i p5engine.obj
 0001:00010860       ?InsertAssetHeaderAtFront@@YAXPEAUgame_assets@@PEAUasset_memory_header@@@Z 0000000180011860 f i p5engine.obj
 0001:000108d0       ?Intersect@@YA?AUrectangle2i@@U1@0@Z 00000001800118d0 f i p5engine.obj
 0001:000109e0       ?IsCanonical@@YAHMM@Z      00000001800119e0 f i p5engine.obj
 0001:00010a80       ?IsCanonical@@YAHPEAUworld@@Tv3@@@Z 0000000180011a80 f i p5engine.obj
 0001:00010b20       ?IsInRectangle@@YAHUrectangle3@@Tv3@@@Z 0000000180011b20 f i p5engine.obj
 0001:00010be0       ?IsValid@@YAHUsound_id@@@Z 0000000180011be0 f i p5engine.obj
 0001:00010c20       ?IsValid@@YAHUworld_position@@@Z 0000000180011c20 f i p5engine.obj
 0001:00010c70       ?Length@@YAMTv3@@@Z        0000000180011c70 f i p5engine.obj
 0001:00010cc0       ?LengthSq@@YAMTv2@@@Z      0000000180011cc0 f i p5engine.obj
 0001:00010d00       ?LengthSq@@YAMTv3@@@Z      0000000180011d00 f i p5engine.obj
 0001:00010d70       ?Lerp@@YAMMMM@Z            0000000180011d70 f i p5engine.obj
 0001:00010dd0       ?LoadEntityReference@@YAXPEAUgame_state@@PEAUsim_region@@PEATentity_reference@@@Z 0000000180011dd0 f i p5engine.obj
 0001:00010f00       ?MakeEntityNonSpatial@@YAXPEAUsim_entity@@@Z 0000000180011f00 f i p5engine.obj
 0001:00010f80       ?MakeEntitySpatial@@YAXPEAUsim_entity@@Tv3@@1@Z 0000000180011f80 f i p5engine.obj
 0001:00010ff0       ?MapIntoChunkSpace@@YA?AUworld_position@@PEAUworld@@U1@Tv3@@@Z 0000000180011ff0 f i p5engine.obj
 0001:000110e0       ?NullPosition@@YA?AUworld_position@@XZ 00000001800120e0 f i p5engine.obj
 0001:00011150       ?Orthographic@@YAXPEAUrender_group@@HHM@Z 0000000180012150 f i p5engine.obj
 0001:00011250       ?Perspective@@YAXPEAUrender_group@@HHMMM@Z 0000000180012250 f i p5engine.obj
 0001:00011340       ?PrefetchSound@@YAXPEAUgame_assets@@Usound_id@@@Z 0000000180012340 f i p5engine.obj
 0001:00011370       ?PushBitmap@@YAXPEAUrender_group@@PEAUloaded_bitmap@@Tv3@@MTv4@@@Z 0000000180012370 f i p5engine.obj
 0001:000115a0       ?PushBitmap@@YAXPEAUrender_group@@Ubitmap_id@@Tv3@@MTv4@@@Z 00000001800125a0 f i p5engine.obj
 0001:000116a0       ?PushRect@@YAXPEAUrender_group@@Tv3@@Tv2@@Tv4@@@Z 00000001800126a0 f i p5engine.obj
 0001:00011840       ?PushRectOutline@@YAXPEAUrender_group@@Tv3@@Tv2@@Tv4@@@Z 0000000180012840 f i p5engine.obj
 0001:00011cd0       ?PushRenderElement_@@YAPEAXPEAUrender_group@@IW4render_group_entry_type@@@Z 0000000180012cd0 f i p5engine.obj
 0001:00011d80       ?PushSize_@@YAPEAXPEAUmemory_arena@@_K1@Z 0000000180012d80 f i p5engine.obj
 0001:00011e50       ?RandomBetween@@YAMPEAUrandom_series@@MM@Z 0000000180012e50 f i p5engine.obj
 0001:00011ea0       ?RandomBilateral@@YAMPEAUrandom_series@@@Z 0000000180012ea0 f i p5engine.obj
 0001:00011ef0       ?RandomChoice@@YAIPEAUrandom_series@@I@Z 0000000180012ef0 f i p5engine.obj
 0001:00011f30       ?RandomNextUInt32@@YAIPEAUrandom_series@@@Z 0000000180012f30 f i p5engine.obj
 0001:00011fa0       ?RandomSeed@@YA?AUrandom_series@@I@Z 0000000180012fa0 f i p5engine.obj
 0001:00012010       ?RandomUnilateral@@YAMPEAUrandom_series@@@Z 0000000180013010 f i p5engine.obj
 0001:00012070       ?RecanonicalizeCoord@@YAXMPEAHPEAM@Z 0000000180013070 f i p5engine.obj
 0001:00012110       ?RectCenterDim@@YA?AUrectangle2@@Tv2@@0@Z 0000000180013110 f i p5engine.obj
 0001:000121a0       ?RectCenterDim@@YA?AUrectangle3@@Tv3@@0@Z 00000001800131a0 f i p5engine.obj
 0001:00012290       ?RectCenterHalfDim@@YA?AUrectangle2@@Tv2@@0@Z 0000000180013290 f i p5engine.obj
 0001:00012340       ?RectCenterHalfDim@@YA?AUrectangle3@@Tv3@@0@Z 0000000180013340 f i p5engine.obj
 0001:000124b0       ?RectMinMax@@YA?AUrectangle3@@Tv3@@0@Z 00000001800134b0 f i p5engine.obj
 0001:00012550       ?RectanglesIntersect@@YAHUrectangle3@@0@Z 0000000180013550 f i p5engine.obj
 0001:00012610       ?ReleaseAssetMemory@@YAXPEAUgame_assets@@_KPEAX@Z 0000000180013610 f i p5engine.obj
 0001:00012670       ?RoundReal32ToInt32@@YAHM@Z 0000000180013670 f i p5engine.obj
 0001:000126b0       ?RoundReal32ToUInt32@@YAIM@Z 00000001800136b0 f i p5engine.obj
 0001:000126f0       ?SafeRatio1@@YAMMM@Z       00000001800136f0 f i p5engine.obj
 0001:00012740       ?SafeRatioN@@YAMMMM@Z      0000000180013740 f i p5engine.obj
 0001:000127a0       ?SignOf@@YAMM@Z            00000001800137a0 f i p5engine.obj
 0001:00012800       ?Sin@@YAMM@Z               0000000180013800 f i p5engine.obj
 0001:00012840       ?Square@@YAMM@Z            0000000180013840 f i p5engine.obj
 0001:00012880       ?SquareRoot@@YAMM@Z        0000000180013880 f i p5engine.obj
 0001:000128c0       ?StoreEntityReference@@YAXPEATentity_reference@@@Z 00000001800138c0 f i p5engine.obj
 0001:00012900       ?SubArena@@YAXPEAUmemory_arena@@0_K1@Z 0000000180013900 f i p5engine.obj
 0001:00012970       ?ToV3@@YA?ATv3@@Tv2@@M@Z   0000000180013970 f i p5engine.obj
 0001:00012a00       ?Unproject@@YA?ATv2@@PEAUrender_group@@T1@M@Z 0000000180013a00 f i p5engine.obj
 0001:00012a50       ?V2@@YA?ATv2@@MM@Z         0000000180013a50 f i p5engine.obj
 0001:00012ac0       ?V2i@@YA?ATv2@@HH@Z        0000000180013ac0 f i p5engine.obj
 0001:00012b10       ?V3@@YA?ATv3@@MMM@Z        0000000180013b10 f i p5engine.obj
 0001:00012bb0       ?V4@@YA?ATv4@@MMMM@Z       0000000180013bb0 f i p5engine.obj
 0001:00012c60       ?ZeroSize@@YAX_KPEAX@Z     0000000180013c60 f i p5engine.obj
 0001:00012cc0       GetController              0000000180013cc0 f i p5engine.obj
 0001:00012d20       SafeTruncateToInt16        0000000180013d20 f i p5engine.obj
 0001:00012d80       SafeTruncateToUInt16       0000000180013d80 f i p5engine.obj
 0001:00012dd0       TruncateReal32ToInt32      0000000180013dd0 f i p5engine.obj
 0001:00012e00       ?DrawRectangleQuickly@@YAXPEAUloaded_bitmap@@Tv2@@11Tv4@@0MUrectangle2i@@H@Z 0000000180013e00 f   p5engine_optimized.obj
 0001:00013b40       __CheckForDebuggerJustMyCode 0000000180014b40 f   MSVCRTD:debugger_jmc.obj
 0001:00013b80       __GSHandlerCheck           0000000180014b80 f   MSVCRTD:gshandler.obj
 0001:00013bc0       __GSHandlerCheckCommon     0000000180014bc0 f   MSVCRTD:gshandler.obj
 0001:00013cd0       __chkstk                   0000000180014cd0 f   MSVCRTD:chkstk.obj
 0001:00013cd0       _alloca_probe              0000000180014cd0 f   MSVCRTD:chkstk.obj
 0001:00013d30       __security_check_cookie    0000000180014d30 f   MSVCRTD:amdsecgs.obj
 0001:00014160       _DllMainCRTStartup         0000000180015160 f   MSVCRTD:dll_dllmain.obj
 0001:000141a0       __raise_securityfailure    00000001800151a0 f   MSVCRTD:gs_report.obj
 0001:000141e0       __report_gsfailure         00000001800151e0 f   MSVCRTD:gs_report.obj
 0001:00014440       __security_init_cookie     0000000180015440 f   MSVCRTD:gs_support.obj
 0001:000144c0       DllMain                    00000001800154c0 f   MSVCRTD:dll_dllmain_stub.obj
 0001:00014500       ?__scrt_initialize_type_info@@YAXXZ 0000000180015500 f   MSVCRTD:tncleanup.obj
 0001:00014520       ?__scrt_uninitialize_type_info@@YAXXZ 0000000180015520 f   MSVCRTD:tncleanup.obj
 0001:00014540       __local_stdio_printf_options 0000000180015540 f i MSVCRTD:default_local_stdio_options.obj
 0001:00014550       __local_stdio_scanf_options 0000000180015550 f i MSVCRTD:default_local_stdio_options.obj
 0001:00014560       __scrt_initialize_default_local_stdio_options 0000000180015560 f   MSVCRTD:default_local_stdio_options.obj
 0001:000145b0       ?configure_argv@__scrt_narrow_argv_policy@@SAHXZ 00000001800155b0 f i MSVCRTD:utility.obj
 0001:000146a0       ?initialize_environment@__scrt_narrow_environment_policy@@SAHXZ 00000001800156a0 f i MSVCRTD:utility.obj
 0001:00014740       NtCurrentTeb               0000000180015740 f i MSVCRTD:utility.obj
 0001:00014750       __scrt_acquire_startup_lock 0000000180015750 f   MSVCRTD:utility.obj
 0001:000147c0       __scrt_dllmain_after_initialize_c 00000001800157c0 f   MSVCRTD:utility.obj
 0001:000147f0       __scrt_dllmain_before_initialize_c 00000001800157f0 f   MSVCRTD:utility.obj
 0001:00014810       __scrt_dllmain_crt_thread_attach 0000000180015810 f   MSVCRTD:utility.obj
 0001:00014840       __scrt_dllmain_crt_thread_detach 0000000180015840 f   MSVCRTD:utility.obj
 0001:00014860       __scrt_dllmain_exception_filter 0000000180015860 f   MSVCRTD:utility.obj
 0001:000148d0       __scrt_dllmain_uninitialize_c 00000001800158d0 f   MSVCRTD:utility.obj
 0001:00014900       __scrt_dllmain_uninitialize_critical 0000000180015900 f   MSVCRTD:utility.obj
 0001:00014920       __scrt_initialize_crt      0000000180015920 f   MSVCRTD:utility.obj
 0001:00014970       __scrt_initialize_onexit_tables 0000000180015970 f   MSVCRTD:utility.obj
 0001:00014a80       __scrt_is_nonwritable_in_current_image 0000000180015a80 f   MSVCRTD:utility.obj
 0001:00014b10       __scrt_release_startup_lock 0000000180015b10 f   MSVCRTD:utility.obj
 0001:00014b40       __scrt_uninitialize_crt    0000000180015b40 f   MSVCRTD:utility.obj
 0001:00014b80       __scrt_get_dyn_tls_init_callback 0000000180015b80 f   MSVCRTD:dyn_tls_init.obj
 0001:00014b90       __crt_debugger_hook        0000000180015b90 f   MSVCRTD:utility_desktop.obj
 0001:00014ba0       __scrt_fastfail            0000000180015ba0 f   MSVCRTD:utility_desktop.obj
 0001:00014d40       _RTC_Initialize            0000000180015d40 f   MSVCRTD:initsect.obj
 0001:00014d90       _RTC_Terminate             0000000180015d90 f   MSVCRTD:initsect.obj
 0001:00014de0       _guard_check_icall_nop     0000000180015de0 f i MSVCRTD:guard_support.obj
 0001:00014df0       __isa_available_init       0000000180015df0 f   MSVCRTD:cpu_disp.obj
 0001:00015190       _get_startup_argv_mode     0000000180016190 f   MSVCRTD:argv_mode.obj
 0001:000151a0       __scrt_is_ucrt_dll_in_use  00000001800161a0 f   MSVCRTD:ucrt_detection.obj
 0001:000151d0       __C_specific_handler       00000001800161d0 f   vcruntimed:VCRUNTIME140D.dll
 0001:000151d6       __std_type_info_destroy_list 00000001800161d6 f   vcruntimed:VCRUNTIME140D.dll
 0001:000151dc       atan2                      00000001800161dc f   ucrtd:ucrtbased.dll
 0001:000151e2       sinf                       00000001800161e2 f   ucrtd:ucrtbased.dll
 0001:000151e8       sqrtf                      00000001800161e8 f   ucrtd:ucrtbased.dll
 0001:000151ee       _initterm                  00000001800161ee f   ucrtd:ucrtbased.dll
 0001:000151f4       _initterm_e                00000001800161f4 f   ucrtd:ucrtbased.dll
 0001:000151fa       _seh_filter_dll            00000001800161fa f   ucrtd:ucrtbased.dll
 0001:00015200       _configure_narrow_argv     0000000180016200 f   ucrtd:ucrtbased.dll
 0001:00015206       _initialize_narrow_environment 0000000180016206 f   ucrtd:ucrtbased.dll
 0001:0001520c       _initialize_onexit_table   000000018001620c f   ucrtd:ucrtbased.dll
 0001:00015212       _execute_onexit_table      0000000180016212 f   ucrtd:ucrtbased.dll
 0001:00015218       _cexit                     0000000180016218 f   ucrtd:ucrtbased.dll
 0001:00015220       __acrt_initialize          0000000180016220 f   MSVCRTD:ucrt_stubs.obj
 0001:00015220       __scrt_stub_for_acrt_thread_attach 0000000180016220 f   MSVCRTD:ucrt_stubs.obj
 0001:00015220       __vcrt_thread_attach       0000000180016220 f   MSVCRTD:ucrt_stubs.obj
 0001:00015220       __vcrt_thread_detach       0000000180016220 f   MSVCRTD:ucrt_stubs.obj
 0001:00015220       __scrt_stub_for_acrt_initialize 0000000180016220 f   MSVCRTD:ucrt_stubs.obj
 0001:00015220       __vcrt_initialize          0000000180016220 f   MSVCRTD:ucrt_stubs.obj
 0001:00015220       __acrt_thread_detach       0000000180016220 f   MSVCRTD:ucrt_stubs.obj
 0001:00015220       __scrt_stub_for_acrt_thread_detach 0000000180016220 f   MSVCRTD:ucrt_stubs.obj
 0001:00015220       __acrt_thread_attach       0000000180016220 f   MSVCRTD:ucrt_stubs.obj
 0001:00015230       __vcrt_uninitialize_critical 0000000180016230 f   MSVCRTD:ucrt_stubs.obj
 0001:00015230       __acrt_uninitialize_critical 0000000180016230 f   MSVCRTD:ucrt_stubs.obj
 0001:00015230       __acrt_uninitialize        0000000180016230 f   MSVCRTD:ucrt_stubs.obj
 0001:00015230       __scrt_stub_for_acrt_uninitialize_critical 0000000180016230 f   MSVCRTD:ucrt_stubs.obj
 0001:00015230       __scrt_stub_for_acrt_uninitialize 0000000180016230 f   MSVCRTD:ucrt_stubs.obj
 0001:00015230       __vcrt_uninitialize        0000000180016230 f   MSVCRTD:ucrt_stubs.obj
 0001:00015240       _is_c_termination_complete 0000000180016240 f   MSVCRTD:ucrt_stubs.obj
 0001:00015240       __scrt_stub_for_is_c_termination_complete 0000000180016240 f   MSVCRTD:ucrt_stubs.obj
 0001:00015260       _guard_dispatch_icall_nop  0000000180016260 f   MSVCRTD:guard_dispatch.obj
 0001:00015280       _guard_xfg_dispatch_icall_nop 0000000180016280 f   MSVCRTD:guard_xfg_dispatch.obj
 0002:00000000       __imp_QueryPerformanceCounter 0000000180017000     kernel32:KERNEL32.dll
 0002:00000008       __imp_RtlCaptureContext    0000000180017008     kernel32:KERNEL32.dll
 0002:00000010       __imp_RtlLookupFunctionEntry 0000000180017010     kernel32:KERNEL32.dll
 0002:00000018       __imp_RtlVirtualUnwind     0000000180017018     kernel32:KERNEL32.dll
 0002:00000020       __imp_IsDebuggerPresent    0000000180017020     kernel32:KERNEL32.dll
 0002:00000028       __imp_InitializeSListHead  0000000180017028     kernel32:KERNEL32.dll
 0002:00000030       __imp_DisableThreadLibraryCalls 0000000180017030     kernel32:KERNEL32.dll
 0002:00000038       __imp_GetSystemTimeAsFileTime 0000000180017038     kernel32:KERNEL32.dll
 0002:00000040       __imp_GetCurrentProcessId  0000000180017040     kernel32:KERNEL32.dll
 0002:00000048       __imp_GetCurrentThreadId   0000000180017048     kernel32:KERNEL32.dll
 0002:00000050       __imp_IsProcessorFeaturePresent 0000000180017050     kernel32:KERNEL32.dll
 0002:00000058       __imp_TerminateProcess     0000000180017058     kernel32:KERNEL32.dll
 0002:00000060       __imp_GetCurrentProcess    0000000180017060     kernel32:KERNEL32.dll
 0002:00000068       __imp_SetUnhandledExceptionFilter 0000000180017068     kernel32:KERNEL32.dll
 0002:00000070       __imp_UnhandledExceptionFilter 0000000180017070     kernel32:KERNEL32.dll
 0002:00000078       \177KERNEL32_NULL_THUNK_DATA 0000000180017078     kernel32:KERNEL32.dll
 0002:00000080       __imp___std_type_info_destroy_list 0000000180017080     vcruntimed:VCRUNTIME140D.dll
 0002:00000088       __imp___C_specific_handler 0000000180017088     vcruntimed:VCRUNTIME140D.dll
 0002:00000090       \177VCRUNTIME140D_NULL_THUNK_DATA 0000000180017090     vcruntimed:VCRUNTIME140D.dll
 0002:00000098       __imp__cexit               0000000180017098     ucrtd:ucrtbased.dll
 0002:000000a0       __imp__execute_onexit_table 00000001800170a0     ucrtd:ucrtbased.dll
 0002:000000a8       __imp__initialize_onexit_table 00000001800170a8     ucrtd:ucrtbased.dll
 0002:000000b0       __imp__initialize_narrow_environment 00000001800170b0     ucrtd:ucrtbased.dll
 0002:000000b8       __imp__configure_narrow_argv 00000001800170b8     ucrtd:ucrtbased.dll
 0002:000000c0       __imp__initterm_e          00000001800170c0     ucrtd:ucrtbased.dll
 0002:000000c8       __imp__initterm            00000001800170c8     ucrtd:ucrtbased.dll
 0002:000000d0       __imp_sqrtf                00000001800170d0     ucrtd:ucrtbased.dll
 0002:000000d8       __imp_sinf                 00000001800170d8     ucrtd:ucrtbased.dll
 0002:000000e0       __imp_atan2                00000001800170e0     ucrtd:ucrtbased.dll
 0002:000000e8       __imp_roundf               00000001800170e8     ucrtd:ucrtbased.dll
 0002:000000f0       __imp__seh_filter_dll      00000001800170f0     ucrtd:ucrtbased.dll
 0002:000000f8       \177ucrtbased_NULL_THUNK_DATA 00000001800170f8     ucrtd:ucrtbased.dll
 0002:00000100       __guard_check_icall_fptr   0000000180017100     MSVCRTD:guard_support.obj
 0002:00000108       __guard_xfg_check_icall_fptr 0000000180017108     MSVCRTD:guard_support.obj
 0002:00000110       __guard_dispatch_icall_fptr 0000000180017110     MSVCRTD:guard_support.obj
 0002:00000118       __guard_xfg_dispatch_icall_fptr 0000000180017118     MSVCRTD:guard_support.obj
 0002:00000120       __guard_xfg_table_dispatch_icall_fptr 0000000180017120     MSVCRTD:guard_support.obj
 0002:00000128       __xc_a                     0000000180017128     MSVCRTD:initializers.obj
 0002:00000130       __xc_z                     0000000180017130     MSVCRTD:initializers.obj
 0002:00000138       __xi_a                     0000000180017138     MSVCRTD:initializers.obj
 0002:00000140       __xi_z                     0000000180017140     MSVCRTD:initializers.obj
 0002:00000148       __xp_a                     0000000180017148     MSVCRTD:initializers.obj
 0002:00000150       __xp_z                     0000000180017150     MSVCRTD:initializers.obj
 0002:00000158       __xt_a                     0000000180017158     MSVCRTD:initializers.obj
 0002:00000160       __xt_z                     0000000180017160     MSVCRTD:initializers.obj
 0002:00000210       ??_C@_0BA@NMEIMCEK@InvalidCodePath@ 0000000180017210     p5engine.obj
 0002:00000220       __real@00000000            0000000180017220     p5engine.obj
 0002:00000224       __real@308992b1            0000000180017224     p5engine.obj
 0002:00000228       __real@3a83126f            0000000180017228     p5engine.obj
 0002:0000022c       __real@3c23d70a            000000018001722c     p5engine.obj
 0002:00000230       __real@3cc30c31            0000000180017230     p5engine.obj
 0002:00000234       __real@3d4ccccd            0000000180017234     p5engine.obj
 0002:00000238       __real@3dcccccd            0000000180017238     p5engine.obj
 0002:0000023c       __real@3e4ccccd            000000018001723c     p5engine.obj
 0002:00000240       __real@3e800000            0000000180017240     p5engine.obj
 0002:00000244       __real@3e99999a            0000000180017244     p5engine.obj
 0002:00000248       __real@3ecccccd            0000000180017248     p5engine.obj
 0002:0000024c       __real@3ee147ae            000000018001724c     p5engine.obj
 0002:00000250       __real@3f000000            0000000180017250     p5engine.obj
 0002:00000254       __real@3f19999a            0000000180017254     p5engine.obj
 0002:00000258       __real@3f228f5c            0000000180017258     p5engine.obj
 0002:0000025c       __real@3f333333            000000018001725c     p5engine.obj
 0002:00000260       __real@3f3504f3            0000000180017260     p5engine.obj
 0002:00000264       __real@3f400000            0000000180017264     p5engine.obj
 0002:00000268       __real@3f666666            0000000180017268     p5engine.obj
 0002:0000026c       __real@3f800000            000000018001726c     p5engine.obj
 0002:00000270       __real@3f8ccccd            0000000180017270     p5engine.obj
 0002:00000274       __real@3f99999a            0000000180017274     p5engine.obj
 0002:00000278       __real@3fa66666            0000000180017278     p5engine.obj
 0002:0000027c       __real@3fb33333            000000018001727c     p5engine.obj
 0002:00000280       __real@3fc00000            0000000180017280     p5engine.obj
 0002:00000284       __real@40000000            0000000180017284     p5engine.obj
 0002:00000288       __real@400ccccd            0000000180017288     p5engine.obj
 0002:0000028c       __real@40400000            000000018001728c     p5engine.obj
 0002:00000290       __real@40800000            0000000180017290     p5engine.obj
 0002:00000294       __real@40a00000            0000000180017294     p5engine.obj
 0002:00000298       __real@40c00000            0000000180017298     p5engine.obj
 0002:0000029c       __real@40c90fdb            000000018001729c     p5engine.obj
 0002:000002a0       __real@40e00000            00000001800172a0     p5engine.obj
 0002:000002a4       __real@41100000            00000001800172a4     p5engine.obj
 0002:000002a8       __real@41700000            00000001800172a8     p5engine.obj
 0002:000002ac       __real@41800000            00000001800172ac     p5engine.obj
 0002:000002b0       __real@41880000            00000001800172b0     p5engine.obj
 0002:000002b4       __real@41a00000            00000001800172b4     p5engine.obj
 0002:000002b8       __real@41f00000            00000001800172b8     p5engine.obj
 0002:000002bc       __real@42340000            00000001800172bc     p5engine.obj
 0002:000002c0       __real@437f0000            00000001800172c0     p5engine.obj
 0002:000002c4       __real@461c4000            00000001800172c4     p5engine.obj
 0002:000002c8       __real@47c35000            00000001800172c8     p5engine.obj
 0002:000002cc       __real@49742400            00000001800172cc     p5engine.obj
 0002:000002d0       __real@7f7fffff            00000001800172d0     p5engine.obj
 0002:000002d4       __real@bc23d70a            00000001800172d4     p5engine.obj
 0002:000002d8       __real@bd4ccccd            00000001800172d8     p5engine.obj
 0002:000002dc       __real@be800000            00000001800172dc     p5engine.obj
 0002:000002e0       __real@becccccd            00000001800172e0     p5engine.obj
 0002:000002e4       __real@bf000000            00000001800172e4     p5engine.obj
 0002:000002e8       __real@bf800000            00000001800172e8     p5engine.obj
 0002:000002ec       __real@c0000000            00000001800172ec     p5engine.obj
 0002:000002f0       __real@c0100000            00000001800172f0     p5engine.obj
 0002:000002f4       __real@c0400000            00000001800172f4     p5engine.obj
 0002:000002f8       __real@c11ccccd            00000001800172f8     p5engine.obj
 0002:00000300       __xmm@00000000000000000000000000000000 0000000180017300     p5engine.obj
 0002:00000310       __xmm@3f8000003f8000003f8000003f800000 0000000180017310     p5engine.obj
 0002:00000320       __xmm@7fffffffffffffff7fffffffffffffff 0000000180017320     p5engine.obj
 0002:00000330       __xmm@80000000800000008000000080000000 0000000180017330     p5engine.obj
 0002:00000340       __xmm@000000ff000000ff000000ff000000ff 0000000180017340     p5engine_optimized.obj
 0002:00000350       __xmm@0000ffff0000ffff0000ffff0000ffff 0000000180017350     p5engine_optimized.obj
 0002:00000360       __xmm@00ff00ff00ff00ff00ff00ff00ff00ff 0000000180017360     p5engine_optimized.obj
 0002:00000370       __xmm@3b8080813b8080813b8080813b808081 0000000180017370     p5engine_optimized.obj
 0002:00000380       __xmm@3f0000003f0000003f0000003f000000 0000000180017380     p5engine_optimized.obj
 0002:00000390       __xmm@40800000408000004080000040800000 0000000180017390     p5engine_optimized.obj
 0002:000003a0       __xmm@477e0100477e0100477e0100477e0100 00000001800173a0     p5engine_optimized.obj
 0002:000003b0       __xmm@ffffffffffffffffffffffffffffffff 00000001800173b0     p5engine_optimized.obj
 0002:000003c0       _pRawDllMain               00000001800173c0     MSVCRTD:dll_dllmain.obj
 0002:000003c0       _pDefaultRawDllMain        00000001800173c0     MSVCRTD:dll_dllmain.obj
 0002:00000430       _load_config_used          0000000180017430     MSVCRTD:loadcfg.obj
 0002:00000580       __volatile_metadata        0000000180017580     <linker-defined>
 0002:000009c0       __rtc_iaa                  00000001800179c0     MSVCRTD:initsect.obj
 0002:000009c8       __rtc_izz                  00000001800179c8     MSVCRTD:initsect.obj
 0002:000009d0       __rtc_taa                  00000001800179d0     MSVCRTD:initsect.obj
 0002:000009d8       __rtc_tzz                  00000001800179d8     MSVCRTD:initsect.obj
 0002:00001244       __IMPORT_DESCRIPTOR_VCRUNTIME140D 0000000180018244     vcruntimed:VCRUNTIME140D.dll
 0002:00001258       __IMPORT_DESCRIPTOR_ucrtbased 0000000180018258     ucrtd:ucrtbased.dll
 0002:0000126c       __IMPORT_DESCRIPTOR_KERNEL32 000000018001826c     kernel32:KERNEL32.dll
 0002:00001280       __NULL_IMPORT_DESCRIPTOR   0000000180018280     vcruntimed:VCRUNTIME140D.dll
 0003:00004000       __security_cookie_complement 000000018001d000     MSVCRTD:gs_cookie.obj
 0003:00004008       __security_cookie          000000018001d008     MSVCRTD:gs_cookie.obj
 0003:00004010       _fltused                   000000018001d010     MSVCRTD:fltused.obj
 0003:00004014       __scrt_native_dllmain_reason 000000018001d014     MSVCRTD:utility.obj
 0003:00004018       __isa_available            000000018001d018     MSVCRTD:cpu_disp.obj
 0003:0000401c       __isa_enabled              000000018001d01c     MSVCRTD:cpu_disp.obj
 0003:00004020       __memcpy_nt_iters          000000018001d020     MSVCRTD:cpu_disp.obj
 0003:00004028       __memset_nt_iters          000000018001d028     MSVCRTD:cpu_disp.obj
 0003:00004030       __scrt_ucrt_dll_is_in_use  000000018001d030     MSVCRTD:ucrt_stubs.obj
 0003:00004040       DebugGlobalMemory          000000018001d040     p5engine.obj
 0003:00004630       ?__type_info_root_node@@3U__type_info_node@@A 000000018001d630     MSVCRTD:tncleanup.obj
 0003:00004640       ?_OptionsStorage@?1??__local_stdio_printf_options@@9@4_KA 000000018001d640     MSVCRTD:default_local_stdio_options.obj
 0003:00004648       ?_OptionsStorage@?1??__local_stdio_scanf_options@@9@4_KA 000000018001d648     MSVCRTD:default_local_stdio_options.obj
 0003:00004650       __scrt_current_native_startup_state 000000018001d650     MSVCRTD:utility.obj
 0003:00004658       __scrt_native_startup_lock 000000018001d658     MSVCRTD:utility.obj
 0003:00004698       __scrt_debugger_hook_flag  000000018001d698     MSVCRTD:utility_desktop.obj
 0003:000046a0       __castguard_check_failure_os_handled_fptr 000000018001d6a0     MSVCRTD:guard_support.obj
 0003:000046a8       __favor                    000000018001d6a8     MSVCRTD:cpu_disp.obj
 0003:000046b0       __dyn_tls_init_callback    000000018001d6b0     <common>
 0003:000046b8       __DebuggerCurrentSteppingThreadId 000000018001d6b8     <common>

 entry point at        0001:00014160

 Static symbols

 0000:fffde000       .debug$S                   0000000180000000     P5Engine.exp
 0000:fffde000       .debug$S                   0000000180000000     vcruntimed:VCRUNTIME140D.dll
 0000:fffde000       .debug$S                   0000000180000000     vcruntimed:VCRUNTIME140D.dll
 0000:fffde000       .debug$S                   0000000180000000     vcruntimed:VCRUNTIME140D.dll
 0000:fffde000       .debug$S                   0000000180000000     vcruntimed:VCRUNTIME140D.dll
 0000:fffde000       .debug$S                   0000000180000000     ucrtd:ucrtbased.dll
 0000:fffde000       .debug$S                   0000000180000000     ucrtd:ucrtbased.dll
 0000:fffde000       .debug$S                   0000000180000000     ucrtd:ucrtbased.dll
 0000:fffde000       .debug$S                   0000000180000000     ucrtd:ucrtbased.dll
 0000:fffde000       .debug$S                   0000000180000000     ucrtd:ucrtbased.dll
 0000:fffde000       .debug$S                   0000000180000000     ucrtd:ucrtbased.dll
 0000:fffde000       .debug$S                   0000000180000000     ucrtd:ucrtbased.dll
 0000:fffde000       .debug$S                   0000000180000000     ucrtd:ucrtbased.dll
 0000:fffde000       .debug$S                   0000000180000000     ucrtd:ucrtbased.dll
 0000:fffde000       .debug$S                   0000000180000000     ucrtd:ucrtbased.dll
 0000:fffde000       .debug$S                   0000000180000000     ucrtd:ucrtbased.dll
 0000:fffde000       .debug$S                   0000000180000000     ucrtd:ucrtbased.dll
 0000:fffde000       .debug$S                   0000000180000000     ucrtd:ucrtbased.dll
 0000:fffde000       .debug$S                   0000000180000000     ucrtd:ucrtbased.dll
 0000:fffde000       .debug$S                   0000000180000000     ucrtd:ucrtbased.dll
 0000:fffde000       .debug$S                   0000000180000000     ucrtd:ucrtbased.dll
 0000:fffde000       .debug$S                   0000000180000000     kernel32:KERNEL32.dll
 0000:fffde000       .debug$S                   0000000180000000     kernel32:KERNEL32.dll
 0000:fffde000       .debug$S                   0000000180000000     kernel32:KERNEL32.dll
 0000:fffde000       .debug$S                   0000000180000000     kernel32:KERNEL32.dll
 0000:fffde000       .debug$S                   0000000180000000     kernel32:KERNEL32.dll
 0000:fffde000       .debug$S                   0000000180000000     kernel32:KERNEL32.dll
 0000:fffde000       .debug$S                   0000000180000000     kernel32:KERNEL32.dll
 0000:fffde000       .debug$S                   0000000180000000     kernel32:KERNEL32.dll
 0000:fffde000       .debug$S                   0000000180000000     kernel32:KERNEL32.dll
 0000:fffde000       .debug$S                   0000000180000000     kernel32:KERNEL32.dll
 0000:fffde000       .debug$S                   0000000180000000     kernel32:KERNEL32.dll
 0000:fffde000       .debug$S                   0000000180000000     kernel32:KERNEL32.dll
 0000:fffde000       .debug$S                   0000000180000000     kernel32:KERNEL32.dll
 0000:fffde000       .debug$S                   0000000180000000     kernel32:KERNEL32.dll
 0000:fffde000       .debug$S                   0000000180000000     kernel32:KERNEL32.dll
 0000:fffde000       .debug$S                   0000000180000000     kernel32:KERNEL32.dll
 0000:fffde000       .debug$S                   0000000180000000     kernel32:KERNEL32.dll
 0001:00000000       ?MoveHeaderToFront@@YAXPEAUgame_assets@@IPEAUasset_slot@@@Z 0000000180001000 f   p5engine.obj
 0001:00000110       ?LoadBitmap@@YAXPEAUgame_assets@@Ubitmap_id@@H@Z 0000000180001110 f   p5engine.obj
 0001:00000450       ?LoadSound@@YAXPEAUgame_assets@@Usound_id@@@Z 0000000180001450 f   p5engine.obj
 0001:00000710       ?AddCollisionRule@@YAXPEAUgame_state@@IIH@Z 0000000180001710 f   p5engine.obj
 0001:00000890       ?ClearCollisionRulesFor@@YAXPEAUgame_state@@I@Z 0000000180001890 f   p5engine.obj
 0001:00000990       ?BeginTaskWithMemory@@YAPEAUtask_with_memory@@PEAUtransient_state@@@Z 0000000180001990 f   p5engine.obj
 0001:00000a70       ?EndTaskWithMemory@@YAXPEAUtask_with_memory@@@Z 0000000180001a70 f   p5engine.obj
 0001:00000ad0       ?DrawRectangle@@YAXPEAUloaded_bitmap@@Tv2@@1Tv4@@Urectangle2i@@H@Z 0000000180001ad0 f   p5engine.obj
 0001:00000d90       ?RenderGroupToOutput@@YAXPEAUrender_group@@PEAUloaded_bitmap@@Urectangle2i@@H@Z 0000000180001d90 f   p5engine.obj
 0001:00001190       ?DoTiledRenderWork@@YAXPEAUplatform_work_queue@@PEAX@Z 0000000180002190 f   p5engine.obj
 0001:00001240       ?RenderGroupToOutput@@YAXPEAUrender_group@@PEAUloaded_bitmap@@@Z 0000000180002240 f   p5engine.obj
 0001:00001330       ?TiledRenderGroupToOutput@@YAXPEAUplatform_work_queue@@PEAUrender_group@@PEAUloaded_bitmap@@@Z 0000000180002330 f   p5engine.obj
 0001:00001570       ?AllocateRenderGroup@@YAPEAUrender_group@@PEAUgame_assets@@PEAUmemory_arena@@IH@Z 0000000180002570 f   p5engine.obj
 0001:000016b0       ?InitializeWorld@@YAXPEAUworld@@Tv3@@@Z 00000001800026b0 f   p5engine.obj
 0001:00001750       ?Subtract@@YA?ATv3@@PEAUworld@@PEAUworld_position@@1@Z 0000000180002750 f   p5engine.obj
 0001:000019c0       ?ChangeEntityLocation@@YAXPEAUmemory_arena@@PEAUworld@@IPEAUlow_entity@@Uworld_position@@@Z 00000001800029c0 f   p5engine.obj
 0001:00001b50       ?GetHashFromStorageIndex@@YAPEAUsim_entity_hash@@PEAUsim_region@@I@Z 0000000180002b50 f   p5engine.obj
 0001:00001c20       ?AddEntity@@YAPEAUsim_entity@@PEAUgame_state@@PEAUsim_region@@IPEAUlow_entity@@PEATv3@@@Z 0000000180002c20 f   p5engine.obj
 0001:00001d80       ?AddEntityRaw@@YAPEAUsim_entity@@PEAUgame_state@@PEAUsim_region@@IPEAUlow_entity@@@Z 0000000180002d80 f   p5engine.obj
 0001:00001f00       ?BeginSim@@YAPEAUsim_region@@PEAUmemory_arena@@PEAUgame_state@@PEAUworld@@Uworld_position@@Urectangle3@@M@Z 0000000180002f00 f   p5engine.obj
 0001:00002570       ?EndSim@@YAXPEAUsim_region@@PEAUgame_state@@@Z 0000000180003570 f   p5engine.obj
 0001:00002830       ?CanCollide@@YAHPEAUgame_state@@PEAUsim_entity@@1@Z 0000000180003830 f   p5engine.obj
 0001:00002980       ?HandleCollision@@YAHPEAUgame_state@@PEAUsim_entity@@1@Z 0000000180003980 f   p5engine.obj
 0001:00002a60       ?CanOverlap@@YAHPEAUgame_state@@PEAUsim_entity@@1@Z 0000000180003a60 f   p5engine.obj
 0001:00002ac0       ?HandleOverlap@@YAXPEAUgame_state@@PEAUsim_entity@@1MPEAM@Z 0000000180003ac0 f   p5engine.obj
 0001:00002b60       ?SpeculativeCollide@@YAHPEAUsim_entity@@0Tv3@@@Z 0000000180003b60 f   p5engine.obj
 0001:00002c60       ?EntitiesOverlap@@YAHPEAUsim_entity@@0Tv3@@@Z 0000000180003c60 f   p5engine.obj
 0001:00002fa0       ?MoveEntity@@YAXPEAUgame_state@@PEAUsim_region@@PEAUsim_entity@@MPEAUmove_spec@@Tv3@@@Z 0000000180003fa0 f   p5engine.obj
 0001:00004900       ?LoadAssetWork@@YAXPEAUplatform_work_queue@@PEAX@Z 0000000180005900 f   p5engine.obj
 0001:00004b10       ?RemoveAssetHeaderFromList@@YAXPEAUasset_memory_header@@@Z 0000000180005b10 f   p5engine.obj
 0001:00004b80       ?GetBestMatchAssetFrom@@YAIPEAUgame_assets@@W4asset_type_id@@PEAUasset_vector@@2@Z 0000000180005b80 f   p5engine.obj
 0001:00004dc0       ?GetRandomAssetFrom@@YAIPEAUgame_assets@@W4asset_type_id@@PEAUrandom_series@@@Z 0000000180005dc0 f   p5engine.obj
 0001:00004e60       ?GetFirstAssetFrom@@YAIPEAUgame_assets@@W4asset_type_id@@@Z 0000000180005e60 f   p5engine.obj
 0001:00004ed0       ?GetBestMatchBitmapFrom@@YA?AUbitmap_id@@PEAUgame_assets@@W4asset_type_id@@PEAUasset_vector@@2@Z 0000000180005ed0 f   p5engine.obj
 0001:00004f20       ?GetFirstBitmapFrom@@YA?AUbitmap_id@@PEAUgame_assets@@W4asset_type_id@@@Z 0000000180005f20 f   p5engine.obj
 0001:00004f60       ?GetRandomBitmapFrom@@YA?AUbitmap_id@@PEAUgame_assets@@W4asset_type_id@@PEAUrandom_series@@@Z 0000000180005f60 f   p5engine.obj
 0001:00004fb0       ?GetFirstSoundFrom@@YA?AUsound_id@@PEAUgame_assets@@W4asset_type_id@@@Z 0000000180005fb0 f   p5engine.obj
 0001:00004ff0       ?GetRandomSoundFrom@@YA?AUsound_id@@PEAUgame_assets@@W4asset_type_id@@PEAUrandom_series@@@Z 0000000180005ff0 f   p5engine.obj
 0001:00005040       ?AllocateGameAssets@@YAPEAUgame_assets@@PEAUmemory_arena@@_KPEAUtransient_state@@@Z 0000000180006040 f   p5engine.obj
 0001:000058a0       ?EvictAsset@@YAXPEAUgame_assets@@PEAUasset_memory_header@@@Z 00000001800068a0 f   p5engine.obj
 0001:000059e0       ?EvictAssetsAsNecessary@@YAXPEAUgame_assets@@@Z 00000001800069e0 f   p5engine.obj
 0001:00005a90       ?PlaySound@@YAPEAUplaying_sound@@PEAUaudio_state@@Usound_id@@@Z 0000000180006a90 f   p5engine.obj
 0001:00005bc0       ?ChangeVolume@@YAXPEAUaudio_state@@PEAUplaying_sound@@MTv2@@@Z 0000000180006bc0 f   p5engine.obj
 0001:00005c90       ?OutputPlayingSounds@@YAXPEAUaudio_state@@PEAUgame_sound_output_buffer@@PEAUgame_assets@@PEAUmemory_arena@@@Z 0000000180006c90 f   p5engine.obj
 0001:00006d70       ?InitializeAudioState@@YAXPEAUaudio_state@@PEAUmemory_arena@@@Z 0000000180007d70 f   p5engine.obj
 0001:00006df0       ?AddLowEntity@@YA?AUadd_low_entity_result@@PEAUgame_state@@W4entity_type@@Uworld_position@@@Z 0000000180007df0 f   p5engine.obj
 0001:00006ff0       ?AddGroundedEntity@@YA?AUadd_low_entity_result@@PEAUgame_state@@W4entity_type@@Uworld_position@@PEAUsim_entity_collision_volume_group@@@Z 0000000180007ff0 f   p5engine.obj
 0001:000070a0       ?AddStandardRoom@@YA?AUadd_low_entity_result@@PEAUgame_state@@III@Z 00000001800080a0 f   p5engine.obj
 0001:00007200       ?AddWall@@YA?AUadd_low_entity_result@@PEAUgame_state@@III@Z 0000000180008200 f   p5engine.obj
 0001:00007360       ?AddStairs@@YA?AUadd_low_entity_result@@PEAUgame_state@@III@Z 0000000180008360 f   p5engine.obj
 0001:000074f0       ?InitHitPoints@@YAXPEAUlow_entity@@I@Z 00000001800084f0 f   p5engine.obj
 0001:00007580       ?AddSword@@YA?AUadd_low_entity_result@@PEAUgame_state@@@Z 0000000180008580 f   p5engine.obj
 0001:00007670       ?AddPlayer@@YA?AUadd_low_entity_result@@PEAUgame_state@@@Z 0000000180008670 f   p5engine.obj
 0001:000077b0       ?AddMonstar@@YA?AUadd_low_entity_result@@PEAUgame_state@@III@Z 00000001800087b0 f   p5engine.obj
 0001:00007920       ?AddFamiliar@@YA?AUadd_low_entity_result@@PEAUgame_state@@III@Z 0000000180008920 f   p5engine.obj
 0001:00007a80       ?DrawHitpoints@@YAXPEAUsim_entity@@PEAUrender_group@@@Z 0000000180008a80 f   p5engine.obj
 0001:00007cf0       ?MakeSimpleGroundedCollision@@YAPEAUsim_entity_collision_volume_group@@PEAUgame_state@@MMM@Z 0000000180008cf0 f   p5engine.obj
 0001:00007e50       ?MakeNullCollision@@YAPEAUsim_entity_collision_volume_group@@PEAUgame_state@@@Z 0000000180008e50 f   p5engine.obj
 0001:00007f30       ?FillGroundChunkWork@@YAXPEAUplatform_work_queue@@PEAX@Z 0000000180008f30 f   p5engine.obj
 0001:00007f90       ?FillGroundChunk@@YAXPEAUtransient_state@@PEAUgame_state@@PEAUground_buffer@@PEAUworld_position@@@Z 0000000180008f90 f   p5engine.obj
 0001:00008810       ?ClearBitmap@@YAXPEAUloaded_bitmap@@@Z 0000000180009810 f   p5engine.obj
 0001:00008870       ?MakeEmptyBitmap@@YA?AUloaded_bitmap@@PEAUmemory_arena@@HHH@Z 0000000180009870 f   p5engine.obj
 0001:00008960       ?MakeSphereDiffuseMap@@YAXPEAUloaded_bitmap@@MM@Z 0000000180009960 f   p5engine.obj
 0001:00008c90       ?MakeSphereNormalMap@@YAXPEAUloaded_bitmap@@MMM@Z 0000000180009c90 f   p5engine.obj
 0001:0000dc04       $LN167                     000000018000ec04     p5engine.obj
 0001:00013cc0       $$000000                   0000000180014cc0     MSVCRTD:chkstk.obj
 0001:00013d20       $$000000                   0000000180014d20     MSVCRTD:amdsecgs.obj
 0001:00013d50       ?dllmain_crt_dispatch@@YAHQEAUHINSTANCE__@@KQEAX@Z 0000000180014d50 f   MSVCRTD:dll_dllmain.obj
 0001:00013de0       ?dllmain_crt_process_attach@@YAHQEAUHINSTANCE__@@QEAX@Z 0000000180014de0 f   MSVCRTD:dll_dllmain.obj
 0001:00013f20       ?dllmain_crt_process_detach@@YAH_N@Z 0000000180014f20 f   MSVCRTD:dll_dllmain.obj
 0001:00013fc0       ?dllmain_dispatch@@YAHQEAUHINSTANCE__@@KQEAX@Z 0000000180014fc0 f   MSVCRTD:dll_dllmain.obj
 0001:00014100       ?dllmain_raw@@YAHQEAUHINSTANCE__@@KQEAX@Z 0000000180015100 f   MSVCRTD:dll_dllmain.obj
 0001:000142c0       capture_previous_context   00000001800152c0 f   MSVCRTD:gs_report.obj
 0001:00014380       __get_entropy              0000000180015380 f   MSVCRTD:gs_support.obj
 0001:000145d0       ?find_pe_section@@YAPEAU_IMAGE_SECTION_HEADER@@QEAE_K@Z 00000001800155d0 f   MSVCRTD:utility.obj
 0001:000146b0       ?is_potentially_valid_image_base@@YA_NQEAX@Z 00000001800156b0 f   MSVCRTD:utility.obj
 0001:00015250       $$000000                   0000000180016250     MSVCRTD:guard_dispatch.obj
 0001:00015270       $$000000                   0000000180016270     MSVCRTD:guard_xfg_dispatch.obj
 0001:00015290       ?fin$0@?0??dllmain_crt_process_attach@@YAHQEAUHINSTANCE__@@QEAX@Z@4HA 0000000180016290 f   MSVCRTD:dll_dllmain.obj
 0001:000152b0       ?fin$0@?0??dllmain_crt_process_detach@@YAH_N@Z@4HA 00000001800162b0 f   MSVCRTD:dll_dllmain.obj
 0001:000152ca       ?fin$1@?0??dllmain_crt_process_detach@@YAH_N@Z@4HA 00000001800162ca f   MSVCRTD:dll_dllmain.obj
 0001:000152e0       ?filt$0@?0??dllmain_dispatch@@YAHQEAUHINSTANCE__@@KQEAX@Z@4HA 00000001800162e0 f   MSVCRTD:dll_dllmain.obj
 0001:00015330       __scrt_is_nonwritable_in_current_image$filt$0 0000000180016330 f   MSVCRTD:utility.obj
 0002:00000170       $SG29550                   0000000180017170     p5engine.obj
 0002:00000180       $SG29979                   0000000180017180     p5engine.obj
 0002:00000190       $SG30782                   0000000180017190     p5engine.obj
 0002:00000198       $SG30784                   0000000180017198     p5engine.obj
 0002:000001c0       $SG30786                   00000001800171c0     p5engine.obj
 0002:000001e0       $SG30790                   00000001800171e0     p5engine.obj
 0002:000001f0       $SG30841                   00000001800171f0     p5engine.obj
 0002:00000200       $SG32146                   0000000180017200     p5engine.obj
 0002:000003c8       GS_ExceptionPointers       00000001800173c8     MSVCRTD:gs_report.obj
 0002:000009e0       $unwind$?AbsoluteValue@@YAMM@Z 00000001800179e0     p5engine.obj
 0002:000009e0       $unwind$?Clamp01@@YAMM@Z   00000001800179e0     p5engine.obj
 0002:000009e0       $unwind$?RoundReal32ToInt32@@YAHM@Z 00000001800179e0     p5engine.obj
 0002:000009e0       $unwind$?RoundReal32ToUInt32@@YAIM@Z 00000001800179e0     p5engine.obj
 0002:000009e0       $unwind$?SignOf@@YAMM@Z    00000001800179e0     p5engine.obj
 0002:000009e0       $unwind$?Sin@@YAMM@Z       00000001800179e0     p5engine.obj
 0002:000009e0       $unwind$?Square@@YAMM@Z    00000001800179e0     p5engine.obj
 0002:000009e0       $unwind$?SquareRoot@@YAMM@Z 00000001800179e0     p5engine.obj
 0002:000009e0       $unwind$TruncateReal32ToInt32 00000001800179e0     p5engine.obj
 0002:000009e8       $unwind$?IsValid@@YAHUsound_id@@@Z 00000001800179e8     p5engine.obj
 0002:000009e8       $unwind$SafeTruncateToInt16 00000001800179e8     p5engine.obj
 0002:000009e8       $unwind$SafeTruncateToUInt16 00000001800179e8     p5engine.obj
 0002:000009f0       $unwind$?GetFileHandleFor@@YAPEAUplatform_file_handle@@PEAUgame_assets@@I@Z 00000001800179f0     p5engine.obj
 0002:000009f0       $unwind$?GetLowEntity@@YAPEAUlow_entity@@PEAUgame_state@@I@Z 00000001800179f0     p5engine.obj
 0002:000009f0       $unwind$?GetSound@@YAPEAUloaded_sound@@PEAUgame_assets@@Usound_id@@@Z 00000001800179f0     p5engine.obj
 0002:000009f0       $unwind$?GetSoundInfo@@YAPEAUp5a_sound@@PEAUgame_assets@@Usound_id@@@Z 00000001800179f0     p5engine.obj
 0002:000009f0       $unwind$?HasFlag@@YAHPEAUsim_entity@@I@Z 00000001800179f0     p5engine.obj
 0002:000009f0       $unwind$?RandomChoice@@YAIPEAUrandom_series@@I@Z 00000001800179f0     p5engine.obj
 0002:000009f0       $unwind$GetController      00000001800179f0     p5engine.obj
 0002:000009f8       $unwind$?InitializeArena@@YAXPEAUmemory_arena@@_KPEAX@Z 00000001800179f8     p5engine.obj
 0002:00000a00       $unwind$?GetAlignmentOffset@@YA_KPEAUmemory_arena@@_K@Z 0000000180017a00     p5engine.obj
 0002:00000a08       $unwind$??Y@YAAEATv2@@AEAT0@T0@@Z 0000000180017a08     p5engine.obj
 0002:00000a08       $unwind$?AcquireAssetMemory@@YAPEAXPEAUgame_assets@@_K@Z 0000000180017a08     p5engine.obj
 0002:00000a08       $unwind$?GetArenaSizeRemaining@@YA_KPEAUmemory_arena@@_K@Z 0000000180017a08     p5engine.obj
 0002:00000a08       $unwind$?Hadamard@@YA?ATv2@@T1@0@Z 0000000180017a08     p5engine.obj
 0002:00000a08       $unwind$?Inner@@YAMTv2@@0@Z 0000000180017a08     p5engine.obj
 0002:00000a08       $unwind$?Inner@@YAMTv3@@0@Z 0000000180017a08     p5engine.obj
 0002:00000a08       $unwind$?InsertAssetHeaderAtFront@@YAXPEAUgame_assets@@PEAUasset_memory_header@@@Z 0000000180017a08     p5engine.obj
 0002:00000a08       $unwind$?IsCanonical@@YAHPEAUworld@@Tv3@@@Z 0000000180017a08     p5engine.obj
 0002:00000a08       $unwind$?IsInRectangle@@YAHUrectangle3@@Tv3@@@Z 0000000180017a08     p5engine.obj
 0002:00000a08       $unwind$?RectanglesIntersect@@YAHUrectangle3@@0@Z 0000000180017a08     p5engine.obj
 0002:00000a08       $unwind$?ZeroSize@@YAX_KPEAX@Z 0000000180017a08     p5engine.obj
 0002:00000a08       $unwind$?find_pe_section@@YAPEAU_IMAGE_SECTION_HEADER@@QEAE_K@Z 0000000180017a08     MSVCRTD:utility.obj
 0002:00000a10       $unwind$?PushSize_@@YAPEAXPEAUmemory_arena@@_K1@Z 0000000180017a10     p5engine.obj
 0002:00000a18       $unwind$?BeginTemporaryMemory@@YA?AUtemporary_memory@@PEAUmemory_arena@@@Z 0000000180017a18     p5engine.obj
 0002:00000a2c       $unwind$?AllResourcesPresent@@YAHPEAUrender_group@@@Z 0000000180017a2c     p5engine.obj
 0002:00000a2c       $unwind$?EndTemporaryMemory@@YAXUtemporary_memory@@@Z 0000000180017a2c     p5engine.obj
 0002:00000a2c       $unwind$?GetDim@@YA?ATv2@@Urectangle2@@@Z 0000000180017a2c     p5engine.obj
 0002:00000a2c       $unwind$?GetState@@YAIPEAUasset_slot@@@Z 0000000180017a2c     p5engine.obj
 0002:00000a2c       $unwind$?GetType@@YAIPEAUasset_slot@@@Z 0000000180017a2c     p5engine.obj
 0002:00000a2c       $unwind$?IsValid@@YAHUworld_position@@@Z 0000000180017a2c     p5engine.obj
 0002:00000a2c       $unwind$?LengthSq@@YAMTv2@@@Z 0000000180017a2c     p5engine.obj
 0002:00000a2c       $unwind$?RandomBilateral@@YAMPEAUrandom_series@@@Z 0000000180017a2c     p5engine.obj
 0002:00000a2c       $unwind$?RandomNextUInt32@@YAIPEAUrandom_series@@@Z 0000000180017a2c     p5engine.obj
 0002:00000a2c       $unwind$?RandomUnilateral@@YAMPEAUrandom_series@@@Z 0000000180017a2c     p5engine.obj
 0002:00000a2c       $unwind$__CheckForDebuggerJustMyCode 0000000180017a2c     MSVCRTD:debugger_jmc.obj
 0002:00000a2c       $unwind$__report_gsfailure 0000000180017a2c     MSVCRTD:gs_report.obj
 0002:00000a34       $unwind$?CheckArena@@YAXPEAUmemory_arena@@@Z 0000000180017a34     p5engine.obj
 0002:00000a34       $unwind$?StoreEntityReference@@YAXPEATentity_reference@@@Z 0000000180017a34     p5engine.obj
 0002:00000a34       $unwind$__raise_securityfailure 0000000180017a34     MSVCRTD:gs_report.obj
 0002:00000a34       $unwind$?is_potentially_valid_image_base@@YA_NQEAX@Z 0000000180017a34     MSVCRTD:utility.obj
 0002:00000a3c       $unwind$?SubArena@@YAXPEAUmemory_arena@@0_K1@Z 0000000180017a3c     p5engine.obj
 0002:00000a3c       $unwind$__GSHandlerCheck   0000000180017a3c     MSVCRTD:gshandler.obj
 0002:00000a44       $unwind$?AtomicCompareExchangeUInt32@@YAIPECIII@Z 0000000180017a44     p5engine.obj
 0002:00000a44       $unwind$?GetBitmap@@YAPEAUloaded_bitmap@@PEAUgame_assets@@Ubitmap_id@@H@Z 0000000180017a44     p5engine.obj
 0002:00000a44       $unwind$?PushRenderElement_@@YAPEAXPEAUrender_group@@IW4render_group_entry_type@@@Z 0000000180017a44     p5engine.obj
 0002:00000a44       $unwind$?dllmain_crt_dispatch@@YAHQEAUHINSTANCE__@@KQEAX@Z 0000000180017a44     MSVCRTD:dll_dllmain.obj
 0002:00000a44       $unwind$?dllmain_raw@@YAHQEAUHINSTANCE__@@KQEAX@Z 0000000180017a44     MSVCRTD:dll_dllmain.obj
 0002:00000a4c       $unwind$?ATan2@@YAMMM@Z    0000000180017a4c     p5engine.obj
 0002:00000a4c       $unwind$?IsCanonical@@YAHMM@Z 0000000180017a4c     p5engine.obj
 0002:00000a4c       $unwind$?SafeRatio1@@YAMMM@Z 0000000180017a4c     p5engine.obj
 0002:00000a54       $unwind$?Clamp01MapToRange@@YAMMMM@Z 0000000180017a54     p5engine.obj
 0002:00000a54       $unwind$?Clamp@@YAMMMM@Z   0000000180017a54     p5engine.obj
 0002:00000a54       $unwind$?Lerp@@YAMMMM@Z    0000000180017a54     p5engine.obj
 0002:00000a54       $unwind$?SafeRatioN@@YAMMMM@Z 0000000180017a54     p5engine.obj
 0002:00000a5c       $unwind$?V2@@YA?ATv2@@MM@Z 0000000180017a5c     p5engine.obj
 0002:00000a6c       $unwind$?V2i@@YA?ATv2@@HH@Z 0000000180017a6c     p5engine.obj
 0002:00000a74       $unwind$??D@YA?ATv2@@MT0@@Z 0000000180017a74     p5engine.obj
 0002:00000a84       $unwind$??G@YA?ATv2@@T0@0@Z 0000000180017a84     p5engine.obj
 0002:00000a84       $unwind$??H@YA?ATv2@@T0@0@Z 0000000180017a84     p5engine.obj
 0002:00000a84       $unwind$?GetBarycentric@@YA?ATv2@@Urectangle2@@T1@@Z 0000000180017a84     p5engine.obj
 0002:00000a94       $unwind$?Clamp01@@YA?ATv2@@T1@@Z 0000000180017a94     p5engine.obj
 0002:00000aa4       $unwind$?V3@@YA?ATv3@@MMM@Z 0000000180017aa4     p5engine.obj
 0002:00000aa4       $unwind$?V4@@YA?ATv4@@MMMM@Z 0000000180017aa4     p5engine.obj
 0002:00000ab8       $unwind$??D@YA?ATv3@@MT0@@Z 0000000180017ab8     p5engine.obj
 0002:00000ab8       $unwind$??D@YA?ATv4@@MT0@@Z 0000000180017ab8     p5engine.obj
 0002:00000ab8       $unwind$?ToV3@@YA?ATv3@@Tv2@@M@Z 0000000180017ab8     p5engine.obj
 0002:00000acc       $unwind$??D@YA?ATv3@@T0@M@Z 0000000180017acc     p5engine.obj
 0002:00000acc       $unwind$?GetCameraRectangleAtDistance@@YA?AUrectangle2@@PEAUrender_group@@M@Z 0000000180017acc     p5engine.obj
 0002:00000ad8       $unwind$??X@YAAEATv3@@AEAT0@M@Z 0000000180017ad8     p5engine.obj
 0002:00000ae4       $unwind$??G@YA?ATv3@@T0@0@Z 0000000180017ae4     p5engine.obj
 0002:00000ae4       $unwind$??H@YA?ATv3@@T0@0@Z 0000000180017ae4     p5engine.obj
 0002:00000ae4       $unwind$??H@YA?ATv4@@T0@0@Z 0000000180017ae4     p5engine.obj
 0002:00000af8       $unwind$??Y@YAAEATv3@@AEAT0@T0@@Z 0000000180017af8     p5engine.obj
 0002:00000af8       $unwind$??Y@YAAEATv4@@AEAT0@T0@@Z 0000000180017af8     p5engine.obj
 0002:00000af8       $unwind$??Z@YAAEATv3@@AEAT0@T0@@Z 0000000180017af8     p5engine.obj
 0002:00000af8       $unwind$?GetDim@@YA?ATv3@@Urectangle3@@@Z 0000000180017af8     p5engine.obj
 0002:00000b04       $unwind$?AreInSameChunk@@YAHPEAUworld@@PEAUworld_position@@1@Z 0000000180017b04     p5engine.obj
 0002:00000b04       $unwind$?Hadamard@@YA?ATv3@@T1@0@Z 0000000180017b04     p5engine.obj
 0002:00000b04       $unwind$?RectCenterDim@@YA?AUrectangle2@@Tv2@@0@Z 0000000180017b04     p5engine.obj
 0002:00000b10       $unwind$?LengthSq@@YAMTv3@@@Z 0000000180017b10     p5engine.obj
 0002:00000b1c       $unwind$?Length@@YAMTv3@@@Z 0000000180017b1c     p5engine.obj
 0002:00000b1c       $unwind$?MakeEntityNonSpatial@@YAXPEAUsim_entity@@@Z 0000000180017b1c     p5engine.obj
 0002:00000b28       $unwind$?RectCenterHalfDim@@YA?AUrectangle2@@Tv2@@0@Z 0000000180017b28     p5engine.obj
 0002:00000b3c       $unwind$?Intersect@@YA?AUrectangle2i@@U1@0@Z 0000000180017b3c     p5engine.obj
 0002:00000b48       $unwind$?Clear@@YAXPEAUrender_group@@Tv4@@@Z 0000000180017b48     p5engine.obj
 0002:00000b48       $unwind$?GetMaxCorner@@YA?ATv3@@Urectangle3@@@Z 0000000180017b48     p5engine.obj
 0002:00000b48       $unwind$?GetMinCorner@@YA?ATv3@@Urectangle3@@@Z 0000000180017b48     p5engine.obj
 0002:00000b54       $unwind$?RectMinMax@@YA?AUrectangle3@@Tv3@@0@Z 0000000180017b54     p5engine.obj
 0002:00000b68       $unwind$?AddRadiusTo@@YA?AUrectangle3@@U1@Tv3@@@Z 0000000180017b68     p5engine.obj
 0002:00000b68       $unwind$?RectCenterHalfDim@@YA?AUrectangle3@@Tv3@@0@Z 0000000180017b68     p5engine.obj
 0002:00000b7c       $unwind$?RectCenterDim@@YA?AUrectangle3@@Tv3@@0@Z 0000000180017b7c     p5engine.obj
 0002:00000b88       $unwind$?RandomSeed@@YA?AUrandom_series@@I@Z 0000000180017b88     p5engine.obj
 0002:00000b98       $unwind$?RandomBetween@@YAMPEAUrandom_series@@MM@Z 0000000180017b98     p5engine.obj
 0002:00000ba0       $unwind$?AddFlags@@YAXPEAUsim_entity@@I@Z 0000000180017ba0     p5engine.obj
 0002:00000ba0       $unwind$?ClearFlags@@YAXPEAUsim_entity@@I@Z 0000000180017ba0     p5engine.obj
 0002:00000ba0       $unwind$?PrefetchSound@@YAXPEAUgame_assets@@Usound_id@@@Z 0000000180017ba0     p5engine.obj
 0002:00000ba8       $unwind$?MakeEntitySpatial@@YAXPEAUsim_entity@@Tv3@@1@Z 0000000180017ba8     p5engine.obj
 0002:00000bb4       $unwind$?GetEntityGroundPoint@@YA?ATv3@@PEAUsim_entity@@T1@@Z 0000000180017bb4     p5engine.obj
 0002:00000bc0       $unwind$?GetEntityGroundPoint@@YA?ATv3@@PEAUsim_entity@@@Z 0000000180017bc0     p5engine.obj
 0002:00000bcc       $unwind$?GetStairGround@@YAMPEAUsim_entity@@Tv3@@@Z 0000000180017bcc     p5engine.obj
 0002:00000bd8       $unwind$?MoveHeaderToFront@@YAXPEAUgame_assets@@IPEAUasset_slot@@@Z 0000000180017bd8     p5engine.obj
 0002:00000be4       $unwind$?LoadBitmap@@YAXPEAUgame_assets@@Ubitmap_id@@H@Z 0000000180017be4     p5engine.obj
 0002:00000bf0       $unwind$?LoadSound@@YAXPEAUgame_assets@@Usound_id@@@Z 0000000180017bf0     p5engine.obj
 0002:00000bfc       $unwind$?AddCollisionRule@@YAXPEAUgame_state@@IIH@Z 0000000180017bfc     p5engine.obj
 0002:00000c04       $unwind$?ClearCollisionRulesFor@@YAXPEAUgame_state@@I@Z 0000000180017c04     p5engine.obj
 0002:00000c0c       $unwind$?BeginTaskWithMemory@@YAPEAUtask_with_memory@@PEAUtransient_state@@@Z 0000000180017c0c     p5engine.obj
 0002:00000c18       $unwind$?EndTaskWithMemory@@YAXPEAUtask_with_memory@@@Z 0000000180017c18     p5engine.obj
 0002:00000c24       $unwind$?DrawRectangle@@YAXPEAUloaded_bitmap@@Tv2@@1Tv4@@Urectangle2i@@H@Z 0000000180017c24     p5engine.obj
 0002:00000c30       $unwind$?RenderGroupToOutput@@YAXPEAUrender_group@@PEAUloaded_bitmap@@Urectangle2i@@H@Z 0000000180017c30     p5engine.obj
 0002:00000c3c       $unwind$?DoTiledRenderWork@@YAXPEAUplatform_work_queue@@PEAX@Z 0000000180017c3c     p5engine.obj
 0002:00000c48       $unwind$?RenderGroupToOutput@@YAXPEAUrender_group@@PEAUloaded_bitmap@@@Z 0000000180017c48     p5engine.obj
 0002:00000c5c       $unwind$?TiledRenderGroupToOutput@@YAXPEAUplatform_work_queue@@PEAUrender_group@@PEAUloaded_bitmap@@@Z 0000000180017c5c     p5engine.obj
 0002:00000c70       $unwind$?AllocateRenderGroup@@YAPEAUrender_group@@PEAUgame_assets@@PEAUmemory_arena@@IH@Z 0000000180017c70     p5engine.obj
 0002:00000c7c       $unwind$?InitializeWorld@@YAXPEAUworld@@Tv3@@@Z 0000000180017c7c     p5engine.obj
 0002:00000c88       $unwind$?Subtract@@YA?ATv3@@PEAUworld@@PEAUworld_position@@1@Z 0000000180017c88     p5engine.obj
 0002:00000c9c       $unwind$?ChangeEntityLocation@@YAXPEAUmemory_arena@@PEAUworld@@IPEAUlow_entity@@Uworld_position@@@Z 0000000180017c9c     p5engine.obj
 0002:00000ca8       $unwind$?GetHashFromStorageIndex@@YAPEAUsim_entity_hash@@PEAUsim_region@@I@Z 0000000180017ca8     p5engine.obj
 0002:00000cb0       $unwind$?AddEntity@@YAPEAUsim_entity@@PEAUgame_state@@PEAUsim_region@@IPEAUlow_entity@@PEATv3@@@Z 0000000180017cb0     p5engine.obj
 0002:00000cbc       $unwind$?AddEntityRaw@@YAPEAUsim_entity@@PEAUgame_state@@PEAUsim_region@@IPEAUlow_entity@@@Z 0000000180017cbc     p5engine.obj
 0002:00000cc8       $unwind$?BeginSim@@YAPEAUsim_region@@PEAUmemory_arena@@PEAUgame_state@@PEAUworld@@Uworld_position@@Urectangle3@@M@Z 0000000180017cc8     p5engine.obj
 0002:00000cdc       $unwind$?EndSim@@YAXPEAUsim_region@@PEAUgame_state@@@Z 0000000180017cdc     p5engine.obj
 0002:00000ce8       $unwind$?CanCollide@@YAHPEAUgame_state@@PEAUsim_entity@@1@Z 0000000180017ce8     p5engine.obj
 0002:00000cf0       $unwind$?HandleCollision@@YAHPEAUgame_state@@PEAUsim_entity@@1@Z 0000000180017cf0     p5engine.obj
 0002:00000cf8       $unwind$?CanOverlap@@YAHPEAUgame_state@@PEAUsim_entity@@1@Z 0000000180017cf8     p5engine.obj
 0002:00000d00       $unwind$?HandleOverlap@@YAXPEAUgame_state@@PEAUsim_entity@@1MPEAM@Z 0000000180017d00     p5engine.obj
 0002:00000d0c       $unwind$?SpeculativeCollide@@YAHPEAUsim_entity@@0Tv3@@@Z 0000000180017d0c     p5engine.obj
 0002:00000d18       $unwind$?EntitiesOverlap@@YAHPEAUsim_entity@@0Tv3@@@Z 0000000180017d18     p5engine.obj
 0002:00000d24       $unwind$?MoveEntity@@YAXPEAUgame_state@@PEAUsim_region@@PEAUsim_entity@@MPEAUmove_spec@@Tv3@@@Z 0000000180017d24     p5engine.obj
 0002:00000d38       $unwind$?LoadAssetWork@@YAXPEAUplatform_work_queue@@PEAX@Z 0000000180017d38     p5engine.obj
 0002:00000d40       $unwind$?GetSizeOfAsset@@YA?AUasset_memory_size@@PEAUgame_assets@@II@Z 0000000180017d40     p5engine.obj
 0002:00000d54       $unwind$?RemoveAssetHeaderFromList@@YAXPEAUasset_memory_header@@@Z 0000000180017d54     p5engine.obj
 0002:00000d5c       $unwind$?GetBestMatchAssetFrom@@YAIPEAUgame_assets@@W4asset_type_id@@PEAUasset_vector@@2@Z 0000000180017d5c     p5engine.obj
 0002:00000d64       $unwind$?GetRandomAssetFrom@@YAIPEAUgame_assets@@W4asset_type_id@@PEAUrandom_series@@@Z 0000000180017d64     p5engine.obj
 0002:00000d6c       $unwind$?GetFirstAssetFrom@@YAIPEAUgame_assets@@W4asset_type_id@@@Z 0000000180017d6c     p5engine.obj
 0002:00000d74       $unwind$?GetBestMatchBitmapFrom@@YA?AUbitmap_id@@PEAUgame_assets@@W4asset_type_id@@PEAUasset_vector@@2@Z 0000000180017d74     p5engine.obj
 0002:00000d7c       $unwind$?GetFirstBitmapFrom@@YA?AUbitmap_id@@PEAUgame_assets@@W4asset_type_id@@@Z 0000000180017d7c     p5engine.obj
 0002:00000d84       $unwind$?GetRandomBitmapFrom@@YA?AUbitmap_id@@PEAUgame_assets@@W4asset_type_id@@PEAUrandom_series@@@Z 0000000180017d84     p5engine.obj
 0002:00000d8c       $unwind$?GetFirstSoundFrom@@YA?AUsound_id@@PEAUgame_assets@@W4asset_type_id@@@Z 0000000180017d8c     p5engine.obj
 0002:00000d94       $unwind$?GetRandomSoundFrom@@YA?AUsound_id@@PEAUgame_assets@@W4asset_type_id@@PEAUrandom_series@@@Z 0000000180017d94     p5engine.obj
 0002:00000d9c       $unwind$?AllocateGameAssets@@YAPEAUgame_assets@@PEAUmemory_arena@@_KPEAUtransient_state@@@Z 0000000180017d9c     p5engine.obj
 0002:00000da8       $unwind$?EvictAsset@@YAXPEAUgame_assets@@PEAUasset_memory_header@@@Z 0000000180017da8     p5engine.obj
 0002:00000db4       $unwind$?EvictAssetsAsNecessary@@YAXPEAUgame_assets@@@Z 0000000180017db4     p5engine.obj
 0002:00000dbc       $unwind$?PlaySound@@YAPEAUplaying_sound@@PEAUaudio_state@@Usound_id@@@Z 0000000180017dbc     p5engine.obj
 0002:00000dc4       $unwind$?ChangeVolume@@YAXPEAUaudio_state@@PEAUplaying_sound@@MTv2@@@Z 0000000180017dc4     p5engine.obj
 0002:00000dcc       $unwind$?OutputPlayingSounds@@YAXPEAUaudio_state@@PEAUgame_sound_output_buffer@@PEAUgame_assets@@PEAUmemory_arena@@@Z 0000000180017dcc     p5engine.obj
 0002:00000de0       $unwind$?InitializeAudioState@@YAXPEAUaudio_state@@PEAUmemory_arena@@@Z 0000000180017de0     p5engine.obj
 0002:00000de8       $unwind$?AddLowEntity@@YA?AUadd_low_entity_result@@PEAUgame_state@@W4entity_type@@Uworld_position@@@Z 0000000180017de8     p5engine.obj
 0002:00000dfc       $unwind$?AddGroundedEntity@@YA?AUadd_low_entity_result@@PEAUgame_state@@W4entity_type@@Uworld_position@@PEAUsim_entity_collision_volume_group@@@Z 0000000180017dfc     p5engine.obj
 0002:00000e08       $unwind$?AddStandardRoom@@YA?AUadd_low_entity_result@@PEAUgame_state@@III@Z 0000000180017e08     p5engine.obj
 0002:00000e14       $unwind$?AddWall@@YA?AUadd_low_entity_result@@PEAUgame_state@@III@Z 0000000180017e14     p5engine.obj
 0002:00000e20       $unwind$?AddStairs@@YA?AUadd_low_entity_result@@PEAUgame_state@@III@Z 0000000180017e20     p5engine.obj
 0002:00000e2c       $unwind$?InitHitPoints@@YAXPEAUlow_entity@@I@Z 0000000180017e2c     p5engine.obj
 0002:00000e34       $unwind$?AddSword@@YA?AUadd_low_entity_result@@PEAUgame_state@@@Z 0000000180017e34     p5engine.obj
 0002:00000e40       $unwind$?AddPlayer@@YA?AUadd_low_entity_result@@PEAUgame_state@@@Z 0000000180017e40     p5engine.obj
 0002:00000e4c       $unwind$?AddMonstar@@YA?AUadd_low_entity_result@@PEAUgame_state@@III@Z 0000000180017e4c     p5engine.obj
 0002:00000e58       $unwind$?AddFamiliar@@YA?AUadd_low_entity_result@@PEAUgame_state@@III@Z 0000000180017e58     p5engine.obj
 0002:00000e64       $unwind$?DrawHitpoints@@YAXPEAUsim_entity@@PEAUrender_group@@@Z 0000000180017e64     p5engine.obj
 0002:00000e78       $unwind$?MakeSimpleGroundedCollision@@YAPEAUsim_entity_collision_volume_group@@PEAUgame_state@@MMM@Z 0000000180017e78     p5engine.obj
 0002:00000e84       $unwind$?MakeNullCollision@@YAPEAUsim_entity_collision_volume_group@@PEAUgame_state@@@Z 0000000180017e84     p5engine.obj
 0002:00000e90       $unwind$?FillGroundChunkWork@@YAXPEAUplatform_work_queue@@PEAX@Z 0000000180017e90     p5engine.obj
 0002:00000e98       $unwind$?FillGroundChunk@@YAXPEAUtransient_state@@PEAUgame_state@@PEAUground_buffer@@PEAUworld_position@@@Z 0000000180017e98     p5engine.obj
 0002:00000eac       $unwind$?ClearBitmap@@YAXPEAUloaded_bitmap@@@Z 0000000180017eac     p5engine.obj
 0002:00000eb4       $unwind$?MakeEmptyBitmap@@YA?AUloaded_bitmap@@PEAUmemory_arena@@HHH@Z 0000000180017eb4     p5engine.obj
 0002:00000ec8       $unwind$?MakeSphereDiffuseMap@@YAXPEAUloaded_bitmap@@MM@Z 0000000180017ec8     p5engine.obj
 0002:00000ed4       $unwind$?MakeSphereNormalMap@@YAXPEAUloaded_bitmap@@MMM@Z 0000000180017ed4     p5engine.obj
 0002:00000ee0       $unwind$GameUpdateAndRender 0000000180017ee0     p5engine.obj
 0002:00000ef4       $unwind$GameGetSoundSamples 0000000180017ef4     p5engine.obj
 0002:00000efc       $unwind$?GetNextSoundInChain@@YA?AUsound_id@@PEAUgame_assets@@U1@@Z 0000000180017efc     p5engine.obj
 0002:00000f0c       $unwind$?GetRenderEntityBasisPos@@YA?AUentity_basis_p_result@@PEAUrender_transform@@Tv3@@@Z 0000000180017f0c     p5engine.obj
 0002:00000f20       $unwind$?PushBitmap@@YAXPEAUrender_group@@PEAUloaded_bitmap@@Tv3@@MTv4@@@Z 0000000180017f20     p5engine.obj
 0002:00000f2c       $unwind$?PushBitmap@@YAXPEAUrender_group@@Ubitmap_id@@Tv3@@MTv4@@@Z 0000000180017f2c     p5engine.obj
 0002:00000f38       $unwind$?PushRect@@YAXPEAUrender_group@@Tv3@@Tv2@@Tv4@@@Z 0000000180017f38     p5engine.obj
 0002:00000f44       $unwind$?PushRectOutline@@YAXPEAUrender_group@@Tv3@@Tv2@@Tv4@@@Z 0000000180017f44     p5engine.obj
 0002:00000f50       $unwind$?Orthographic@@YAXPEAUrender_group@@HHM@Z 0000000180017f50     p5engine.obj
 0002:00000f50       $unwind$?Perspective@@YAXPEAUrender_group@@HHMMM@Z 0000000180017f50     p5engine.obj
 0002:00000f58       $unwind$?RecanonicalizeCoord@@YAXMPEAHPEAM@Z 0000000180017f58     p5engine.obj
 0002:00000f58       $unwind$?Unproject@@YA?ATv2@@PEAUrender_group@@T1@M@Z 0000000180017f58     p5engine.obj
 0002:00000f60       $unwind$?GetCameraRectangleAtTarget@@YA?AUrectangle2@@PEAUrender_group@@@Z 0000000180017f60     p5engine.obj
 0002:00000f6c       $unwind$?NullPosition@@YA?AUworld_position@@XZ 0000000180017f6c     p5engine.obj
 0002:00000f80       $unwind$?AddAssetHeaderToList@@YAXPEAUgame_assets@@IPEAXUasset_memory_size@@@Z 0000000180017f80     p5engine.obj
 0002:00000f80       $unwind$?GetWorldChunk@@YAPEAUworld_chunk@@PEAUworld@@HHHPEAUmemory_arena@@@Z 0000000180017f80     p5engine.obj
 0002:00000f80       $unwind$__scrt_dllmain_exception_filter 0000000180017f80     MSVCRTD:utility.obj
 0002:00000f88       $unwind$?MapIntoChunkSpace@@YA?AUworld_position@@PEAUworld@@U1@Tv3@@@Z 0000000180017f88     p5engine.obj
 0002:00000f9c       $unwind$?ChunkPositionFromTilePosition@@YA?AUworld_position@@PEAUworld@@HHHTv3@@@Z 0000000180017f9c     p5engine.obj
 0002:00000fb0       $unwind$?CenteredChunkPoint@@YA?AUworld_position@@III@Z 0000000180017fb0     p5engine.obj
 0002:00000fc4       $unwind$?ChangeEntityLocationRaw@@YAXPEAUmemory_arena@@PEAUworld@@IPEAUworld_position@@2@Z 0000000180017fc4     p5engine.obj
 0002:00000fd0       $unwind$?GetSimSpacePos@@YA?ATv3@@PEAUsim_region@@PEAUlow_entity@@@Z 0000000180017fd0     p5engine.obj
 0002:00000fdc       $unwind$?LoadEntityReference@@YAXPEAUgame_state@@PEAUsim_region@@PEATentity_reference@@@Z 0000000180017fdc     p5engine.obj
 0002:00000ff0       $unwind$?EntityOverlapsRectangle@@YAHTv3@@Usim_entity_collision_volume@@Urectangle3@@@Z 0000000180017ff0     p5engine.obj
 0002:00000ffc       $unwind$?DefaultMoveSpec@@YA?AUmove_spec@@XZ 0000000180017ffc     p5engine.obj
 0002:00001010       $unwind$?ReleaseAssetMemory@@YAXPEAUgame_assets@@_KPEAX@Z 0000000180018010     p5engine.obj
 0002:00001018       $unwind$?DrawRectangleQuickly@@YAXPEAUloaded_bitmap@@Tv2@@11Tv4@@0MUrectangle2i@@H@Z 0000000180018018     p5engine_optimized.obj
 0002:00001040       $chain$9$?DrawRectangleQuickly@@YAXPEAUloaded_bitmap@@Tv2@@11Tv4@@0MUrectangle2i@@H@Z 0000000180018040     p5engine_optimized.obj
 0002:00001078       $chain$10$?DrawRectangleQuickly@@YAXPEAUloaded_bitmap@@Tv2@@11Tv4@@0MUrectangle2i@@H@Z 0000000180018078     p5engine_optimized.obj
 0002:00001088       $unwind$__GSHandlerCheckCommon 0000000180018088     MSVCRTD:gshandler.obj
 0002:00001090       $xdatasym                  0000000180018090     MSVCRTD:chkstk.obj
 0002:00001098       $xdatasym                  0000000180018098     MSVCRTD:amdsecgs.obj
 0002:0000109c       $unwind$?dllmain_crt_process_attach@@YAHQEAUHINSTANCE__@@QEAX@Z 000000018001809c     MSVCRTD:dll_dllmain.obj
 0002:000010bc       $unwind$?fin$0@?0??dllmain_crt_process_attach@@YAHQEAUHINSTANCE__@@QEAX@Z@4HA 00000001800180bc     MSVCRTD:dll_dllmain.obj
 0002:000010bc       $unwind$?fin$0@?0??dllmain_crt_process_detach@@YAH_N@Z@4HA 00000001800180bc     MSVCRTD:dll_dllmain.obj
 0002:000010bc       $unwind$?fin$1@?0??dllmain_crt_process_detach@@YAH_N@Z@4HA 00000001800180bc     MSVCRTD:dll_dllmain.obj
 0002:000010bc       $unwind$__scrt_is_nonwritable_in_current_image$filt$0 00000001800180bc     MSVCRTD:utility.obj
 0002:000010c4       $unwind$?dllmain_crt_process_detach@@YAH_N@Z 00000001800180c4     MSVCRTD:dll_dllmain.obj
 0002:000010f4       $unwind$?dllmain_dispatch@@YAHQEAUHINSTANCE__@@KQEAX@Z 00000001800180f4     MSVCRTD:dll_dllmain.obj
 0002:00001114       $unwind$?filt$0@?0??dllmain_dispatch@@YAHQEAUHINSTANCE__@@KQEAX@Z@4HA 0000000180018114     MSVCRTD:dll_dllmain.obj
 0002:0000111c       $unwind$_DllMainCRTStartup 000000018001811c     MSVCRTD:dll_dllmain.obj
 0002:0000111c       $unwind$DllMain            000000018001811c     MSVCRTD:dll_dllmain_stub.obj
 0002:00001124       $unwind$capture_previous_context 0000000180018124     MSVCRTD:gs_report.obj
 0002:0000112c       $unwind$__scrt_initialize_default_local_stdio_options 000000018001812c     MSVCRTD:default_local_stdio_options.obj
 0002:0000112c       $unwind$__security_init_cookie 000000018001812c     MSVCRTD:gs_support.obj
 0002:00001134       $unwind$__get_entropy      0000000180018134     MSVCRTD:gs_support.obj
 0002:0000113c       $unwind$?__scrt_initialize_type_info@@YAXXZ 000000018001813c     MSVCRTD:tncleanup.obj
 0002:0000113c       $unwind$?__scrt_uninitialize_type_info@@YAXXZ 000000018001813c     MSVCRTD:tncleanup.obj
 0002:0000113c       $unwind$?configure_argv@__scrt_narrow_argv_policy@@SAHXZ 000000018001813c     MSVCRTD:utility.obj
 0002:0000113c       $unwind$?initialize_environment@__scrt_narrow_environment_policy@@SAHXZ 000000018001813c     MSVCRTD:utility.obj
 0002:0000113c       $unwind$__scrt_dllmain_after_initialize_c 000000018001813c     MSVCRTD:utility.obj
 0002:0000113c       $unwind$__scrt_dllmain_before_initialize_c 000000018001813c     MSVCRTD:utility.obj
 0002:0000113c       $unwind$__scrt_dllmain_crt_thread_attach 000000018001813c     MSVCRTD:utility.obj
 0002:0000113c       $unwind$__scrt_dllmain_crt_thread_detach 000000018001813c     MSVCRTD:utility.obj
 0002:0000113c       $unwind$__scrt_dllmain_uninitialize_c 000000018001813c     MSVCRTD:utility.obj
 0002:0000113c       $unwind$__scrt_dllmain_uninitialize_critical 000000018001813c     MSVCRTD:utility.obj
 0002:00001144       $unwind$__scrt_is_nonwritable_in_current_image 0000000180018144     MSVCRTD:utility.obj
 0002:00001164       $unwind$__scrt_acquire_startup_lock 0000000180018164     MSVCRTD:utility.obj
 0002:0000116c       $unwind$__scrt_initialize_crt 000000018001816c     MSVCRTD:utility.obj
 0002:0000116c       $unwind$__scrt_release_startup_lock 000000018001816c     MSVCRTD:utility.obj
 0002:00001174       $unwind$__scrt_uninitialize_crt 0000000180018174     MSVCRTD:utility.obj
 0002:0000117c       $unwind$__scrt_initialize_onexit_tables 000000018001817c     MSVCRTD:utility.obj
 0002:00001188       $unwind$__scrt_fastfail    0000000180018188     MSVCRTD:utility_desktop.obj
 0002:00001194       $unwind$_RTC_Initialize    0000000180018194     MSVCRTD:initsect.obj
 0002:00001194       $unwind$_RTC_Terminate     0000000180018194     MSVCRTD:initsect.obj
 0002:000011a0       $unwind$__isa_available_init 00000001800181a0     MSVCRTD:cpu_disp.obj
 0002:000011b0       $unwind$__scrt_is_ucrt_dll_in_use 00000001800181b0     MSVCRTD:ucrt_detection.obj
 0002:000011b8       $xdatasym                  00000001800181b8     MSVCRTD:guard_dispatch.obj
 0002:000011c0       $xdatasym                  00000001800181c0     MSVCRTD:guard_xfg_dispatch.obj
 0002:000011d0       .edata                     00000001800181d0     P5Engine.exp
 0002:000011f8       rgpv                       00000001800181f8     P5Engine.exp
 0002:00001200       rgszName                   0000000180018200     P5Engine.exp
 0002:00001208       rgwOrd                     0000000180018208     P5Engine.exp
 0002:0000120c       szName                     000000018001820c     P5Engine.exp
 0002:00001219       $N00001                    0000000180018219     P5Engine.exp
 0002:0000122d       $N00002                    000000018001822d     P5Engine.exp
 0002:000013d0       .idata$6                   00000001800183d0     vcruntimed:VCRUNTIME140D.dll
 0002:000014aa       .idata$6                   00000001800184aa     ucrtd:ucrtbased.dll
 0002:0000161e       .idata$6                   000000018001861e     kernel32:KERNEL32.dll
 0003:00000000       ?RandomNumberTable@@3PAIA  0000000180019000     p5engine.obj
 0003:00004050       ?Platform@@3Uplatform_api@@A 000000018001d050     p5engine.obj
 0003:000040b0       ?__proc_attached@@3HA      000000018001d0b0     MSVCRTD:dll_dllmain.obj
 0003:000040c0       GS_ExceptionRecord         000000018001d0c0     MSVCRTD:gs_report.obj
 0003:00004160       GS_ContextRecord           000000018001d160     MSVCRTD:gs_report.obj
 0003:00004660       ?is_initialized_as_dll@@3_NA 000000018001d660     MSVCRTD:utility.obj
 0003:00004661       ?module_local_atexit_table_initialized@@3_NA 000000018001d661     MSVCRTD:utility.obj
 0003:00004668       ?module_local_atexit_table@@3U_onexit_table_t@@A 000000018001d668     MSVCRTD:utility.obj
 0003:00004680       ?module_local_at_quick_exit_table@@3U_onexit_table_t@@A 000000018001d680     MSVCRTD:utility.obj
 0005:00000000       __20BB4341_malloc@h        000000018001f000     p5engine.obj
 0005:00000001       __A435B42B_p5engine_types@h 000000018001f001     p5engine.obj
 0005:00000002       __7D4BEAAE_p5engine_platform@h 000000018001f002     p5engine.obj
 0005:00000003       __741AE07E_corecrt_math@h  000000018001f003     p5engine.obj
 0005:00000004       __7BF3FA8A_p5engine_intrinsics@h 000000018001f004     p5engine.obj
 0005:00000005       __87290AA6_p5engine_math@h 000000018001f005     p5engine.obj
 0005:00000006       __B7A387D6_p5engine_random@h 000000018001f006     p5engine.obj
 0005:00000007       __F17FF173_p5engine_entity@h 000000018001f007     p5engine.obj
 0005:00000008       __72A74871_p5engine_asset@h 000000018001f008     p5engine.obj
 0005:00000009       __BD87FD4A_p5engine@h      000000018001f009     p5engine.obj
 0005:0000000a       __6F2BF339_p5engine_render_group@cpp 000000018001f00a     p5engine.obj
 0005:0000000b       __281AC6F8_p5engine_world@cpp 000000018001f00b     p5engine.obj
 0005:0000000c       __B07C4A52_p5engine_sim_region@cpp 000000018001f00c     p5engine.obj
 0005:0000000d       __BDC7FEEB_p5engine_entity@cpp 000000018001f00d     p5engine.obj
 0005:0000000e       __3D4C1499_p5engine_asset@cpp 000000018001f00e     p5engine.obj
 0005:0000000f       __39A8D9B6_p5engine_audio@cpp 000000018001f00f     p5engine.obj
 0005:00000010       __BAF57382_p5engine@cpp    000000018001f010     p5engine.obj
 0005:00000011       __20BB4341_malloc@h        000000018001f011     p5engine_optimized.obj
 0005:00000012       __A435B42B_p5engine_types@h 000000018001f012     p5engine_optimized.obj
 0005:00000013       __7D4BEAAE_p5engine_platform@h 000000018001f013     p5engine_optimized.obj
 0005:00000014       __741AE07E_corecrt_math@h  000000018001f014     p5engine_optimized.obj
 0005:00000015       __7BF3FA8A_p5engine_intrinsics@h 000000018001f015     p5engine_optimized.obj
 0005:00000016       __87290AA6_p5engine_math@h 000000018001f016     p5engine_optimized.obj
 0005:00000017       __B7A387D6_p5engine_random@h 000000018001f017     p5engine_optimized.obj
 0005:00000018       __F17FF173_p5engine_entity@h 000000018001f018     p5engine_optimized.obj
 0005:00000019       __72A74871_p5engine_asset@h 000000018001f019     p5engine_optimized.obj
 0005:0000001a       __BD87FD4A_p5engine@h      000000018001f01a     p5engine_optimized.obj
 0005:0000001b       __03FC23C0_p5engine_optimized@cpp 000000018001f01b     p5engine_optimized.obj
 0006:00000060       $R000000                   0000000180020060     * linker generated manifest res *
