 P5Engine

 Timestamp is 633013e4 (Sun Sep 25 03:40:04 2022)

 Preferred load address is 0000000180000000

 Start         Length     Name                   Class
 0001:00000000 00012de0H .text$mn                CODE
 0001:00012de0 00000040H .text$mn$00             CODE
 0001:00012e20 000000ddH .text$x                 CODE
 0002:00000000 00000100H .idata$5                DATA
 0002:00000100 00000028H .00cfg                  DATA
 0002:00000128 00000008H .CRT$XCA                DATA
 0002:00000130 00000008H .CRT$XCZ                DATA
 0002:00000138 00000008H .CRT$XIA                DATA
 0002:00000140 00000008H .CRT$XIZ                DATA
 0002:00000148 00000008H .CRT$XPA                DATA
 0002:00000150 00000008H .CRT$XPZ                DATA
 0002:00000158 00000008H .CRT$XTA                DATA
 0002:00000160 00000010H .CRT$XTZ                DATA
 0002:00000168 00000000H .gehcont$y              DATA
 0002:00000168 00000000H .gfids$y                DATA
 0002:00000170 00000390H .rdata                  DATA
 0002:00000500 00000000H .rdata$CastGuardVftablesA DATA
 0002:00000500 00000000H .rdata$CastGuardVftablesC DATA
 0002:00000500 0000014cH .rdata$voltmd           DATA
 0002:0000064c 000002dcH .rdata$zzzdbg           DATA
 0002:00000928 00000008H .rtc$IAA                DATA
 0002:00000930 00000008H .rtc$IZZ                DATA
 0002:00000938 00000008H .rtc$TAA                DATA
 0002:00000940 00000008H .rtc$TZZ                DATA
 0002:00000948 00000798H .xdata                  DATA
 0002:000010e0 00000074H .edata                  DATA
 0002:00001154 0000003cH .idata$2                DATA
 0002:00001190 00000018H .idata$3                DATA
 0002:000011a8 00000100H .idata$4                DATA
 0002:000012a8 00000294H .idata$6                DATA
 0003:00000000 00004040H .data                   DATA
 0003:00004040 0000062cH .bss                    DATA
 0004:00000000 00000a8cH .pdata                  DATA
 0005:00000000 0000001cH .msvcjmc                DATA
 0006:00000000 00000060H .rsrc$01                DATA
 0006:00000060 00000098H .rsrc$02                DATA

  Address         Publics by Value              Rva+Base               Lib:Object

 0000:00000000       __guard_longjmp_table      0000000000000000     <absolute>
 0000:00000000       __hybrid_auxiliary_iat_copy 0000000000000000     <absolute>
 0000:00000000       __hybrid_auxiliary_iat     0000000000000000     <absolute>
 0000:00000000       __AbsoluteZero             0000000000000000     <absolute>
 0000:00000000       __dynamic_value_reloc_table 0000000000000000     <absolute>
 0000:00000000       __x64_code_ranges_to_entry_points 0000000000000000     <absolute>
 0000:00000000       __guard_longjmp_count      0000000000000000     <absolute>
 0000:00000000       __guard_iat_count          0000000000000000     <absolute>
 0000:00000000       ___safe_se_handler_count   0000000000000000     <absolute>
 0000:00000000       __guard_check_icall_a64n_fptr 0000000000000000     <absolute>
 0000:00000000       __hybrid_code_map_count    0000000000000000     <absolute>
 0000:00000000       __guard_fids_table         0000000000000000     <absolute>
 0000:00000000       __arm64x_extra_rfe_table_size 0000000000000000     <absolute>
 0000:00000000       __guard_iat_table          0000000000000000     <absolute>
 0000:00000000       __hybrid_code_map          0000000000000000     <absolute>
 0000:00000000       __arm64x_redirection_metadata 0000000000000000     <absolute>
 0000:00000000       __guard_eh_cont_count      0000000000000000     <absolute>
 0000:00000000       __arm64x_extra_rfe_table   0000000000000000     <absolute>
 0000:00000000       __x64_code_ranges_to_entry_points_count 0000000000000000     <absolute>
 0000:00000000       __arm64x_redirection_metadata_count 0000000000000000     <absolute>
 0000:00000000       __enclave_config           0000000000000000     <absolute>
 0000:00000000       __arm64x_native_entrypoint 0000000000000000     <absolute>
 0000:00000000       ___safe_se_handler_table   0000000000000000     <absolute>
 0000:00000000       __guard_fids_count         0000000000000000     <absolute>
 0000:00000000       __guard_eh_cont_table      0000000000000000     <absolute>
 0000:00000100       __guard_flags              0000000000000100     <absolute>
 0000:00000000       __ImageBase                0000000180000000     <linker-defined>
 0001:00008480       GameUpdateAndRender        0000000180009480 f   p5engine.obj
 0001:0000bef0       GameGetSoundSamples        000000018000cef0 f   p5engine.obj
 0001:0000bf60       ??D@YA?ATv2@@MT0@@Z        000000018000cf60 f i p5engine.obj
 0001:0000bfe0       ??D@YA?ATv3@@MT0@@Z        000000018000cfe0 f i p5engine.obj
 0001:0000c090       ??D@YA?ATv3@@T0@M@Z        000000018000d090 f i p5engine.obj
 0001:0000c110       ??D@YA?ATv4@@MT0@@Z        000000018000d110 f i p5engine.obj
 0001:0000c1e0       ??G@YA?ATv2@@T0@0@Z        000000018000d1e0 f i p5engine.obj
 0001:0000c260       ??G@YA?ATv3@@T0@0@Z        000000018000d260 f i p5engine.obj
 0001:0000c320       ??H@YA?ATv2@@T0@0@Z        000000018000d320 f i p5engine.obj
 0001:0000c3a0       ??H@YA?ATv3@@T0@0@Z        000000018000d3a0 f i p5engine.obj
 0001:0000c460       ??X@YAAEATv3@@AEAT0@M@Z    000000018000d460 f i p5engine.obj
 0001:0000c4e0       ??Y@YAAEATv2@@AEAT0@T0@@Z  000000018000d4e0 f i p5engine.obj
 0001:0000c530       ??Y@YAAEATv3@@AEAT0@T0@@Z  000000018000d530 f i p5engine.obj
 0001:0000c5d0       ??Z@YAAEATv3@@AEAT0@T0@@Z  000000018000d5d0 f i p5engine.obj
 0001:0000c670       ?ATan2@@YAMMM@Z            000000018000d670 f i p5engine.obj
 0001:0000c6c0       ?AbsoluteValue@@YAMM@Z     000000018000d6c0 f i p5engine.obj
 0001:0000c700       ?AddFlags@@YAXPEAUsim_entity@@I@Z 000000018000d700 f i p5engine.obj
 0001:0000c740       ?AddRadiusTo@@YA?AUrectangle3@@U1@Tv3@@@Z 000000018000d740 f i p5engine.obj
 0001:0000c8b0       ?AllResourcesPresent@@YAHPEAUrender_group@@@Z 000000018000d8b0 f i p5engine.obj
 0001:0000c900       ?AreInSameChunk@@YAHPEAUworld@@PEAUworld_position@@1@Z 000000018000d900 f i p5engine.obj
 0001:0000ca00       ?AtomicCompareExchangeUInt32@@YAIPECIII@Z 000000018000da00 f i p5engine.obj
 0001:0000ca50       ?BeginTemporaryMemory@@YA?AUtemporary_memory@@PEAUmemory_arena@@@Z 000000018000da50 f i p5engine.obj
 0001:0000caf0       ?CenteredChunkPoint@@YA?AUworld_position@@III@Z 000000018000daf0 f i p5engine.obj
 0001:0000cb80       ?ChangeEntityLocationRaw@@YAXPEAUmemory_arena@@PEAUworld@@IPEAUworld_position@@2@Z 000000018000db80 f i p5engine.obj
 0001:0000cf70       ?CheckArena@@YAXPEAUmemory_arena@@@Z 000000018000df70 f i p5engine.obj
 0001:0000cfa0       ?ChunkPositionFromTilePosition@@YA?AUworld_position@@PEAUworld@@HHHTv3@@@Z 000000018000dfa0 f i p5engine.obj
 0001:0000d240       ?Clamp01@@YA?ATv2@@T1@@Z   000000018000e240 f i p5engine.obj
 0001:0000d2b0       ?Clamp01@@YAMM@Z           000000018000e2b0 f i p5engine.obj
 0001:0000d2f0       ?Clamp01MapToRange@@YAMMMM@Z 000000018000e2f0 f i p5engine.obj
 0001:0000d370       ?Clamp@@YAMMMM@Z           000000018000e370 f i p5engine.obj
 0001:0000d3e0       ?Clear@@YAXPEAUrender_group@@Tv4@@@Z 000000018000e3e0 f i p5engine.obj
 0001:0000d440       ?ClearFlags@@YAXPEAUsim_entity@@I@Z 000000018000e440 f i p5engine.obj
 0001:0000d480       ?DefaultMoveSpec@@YA?AUmove_spec@@XZ 000000018000e480 f i p5engine.obj
 0001:0000d520       ?EndTemporaryMemory@@YAXUtemporary_memory@@@Z 000000018000e520 f i p5engine.obj
 0001:0000d5a0       ?EntityOverlapsRectangle@@YAHTv3@@Usim_entity_collision_volume@@Urectangle3@@@Z 000000018000e5a0 f i p5engine.obj
 0001:0000d730       ?GetAlignmentOffset@@YA_KPEAUmemory_arena@@_K@Z 000000018000e730 f i p5engine.obj
 0001:0000d7c0       ?GetArenaSizeRemaining@@YA_KPEAUmemory_arena@@_K@Z 000000018000e7c0 f i p5engine.obj
 0001:0000d820       ?GetBarycentric@@YA?ATv2@@Urectangle2@@T1@@Z 000000018000e820 f i p5engine.obj
 0001:0000d8d0       ?GetBitmap@@YAPEAUloaded_bitmap@@PEAUgame_assets@@Ubitmap_id@@@Z 000000018000e8d0 f i p5engine.obj
 0001:0000d8d0       ?GetSound@@YAPEAUloaded_sound@@PEAUgame_assets@@Usound_id@@@Z 000000018000e8d0 f i p5engine.obj
 0001:0000d930       ?GetCameraRectangleAtDistance@@YA?AUrectangle2@@PEAUrender_group@@M@Z 000000018000e930 f i p5engine.obj
 0001:0000d9d0       ?GetCameraRectangleAtTarget@@YA?AUrectangle2@@PEAUrender_group@@@Z 000000018000e9d0 f i p5engine.obj
 0001:0000da40       ?GetDim@@YA?ATv2@@Urectangle2@@@Z 000000018000ea40 f i p5engine.obj
 0001:0000da80       ?GetDim@@YA?ATv3@@Urectangle3@@@Z 000000018000ea80 f i p5engine.obj
 0001:0000db20       ?GetEntityGroundPoint@@YA?ATv3@@PEAUsim_entity@@@Z 000000018000eb20 f i p5engine.obj
 0001:0000dba0       ?GetEntityGroundPoint@@YA?ATv3@@PEAUsim_entity@@T1@@Z 000000018000eba0 f i p5engine.obj
 0001:0000dc00       ?GetLowEntity@@YAPEAUlow_entity@@PEAUgame_state@@I@Z 000000018000ec00 f i p5engine.obj
 0001:0000dc70       ?GetMaxCorner@@YA?ATv3@@Urectangle3@@@Z 000000018000ec70 f i p5engine.obj
 0001:0000dcd0       ?GetMinCorner@@YA?ATv3@@Urectangle3@@@Z 000000018000ecd0 f i p5engine.obj
 0001:0000dd20       ?GetRenderEntityBasisPos@@YA?AUentity_basis_p_result@@PEAUrender_transform@@Tv3@@@Z 000000018000ed20 f i p5engine.obj
 0001:0000dfc0       ?GetSimSpacePos@@YA?ATv3@@PEAUsim_region@@PEAUlow_entity@@@Z 000000018000efc0 f i p5engine.obj
 0001:0000e0b0       ?GetSoundInfo@@YAPEAUp5a_sound@@PEAUgame_assets@@Usound_id@@@Z 000000018000f0b0 f i p5engine.obj
 0001:0000e110       ?GetStairGround@@YAMPEAUsim_entity@@Tv3@@@Z 000000018000f110 f i p5engine.obj
 0001:0000e200       ?GetWorldChunk@@YAPEAUworld_chunk@@PEAUworld@@HHHPEAUmemory_arena@@@Z 000000018000f200 f i p5engine.obj
 0001:0000e3f0       ?Hadamard@@YA?ATv2@@T1@0@Z 000000018000f3f0 f i p5engine.obj
 0001:0000e450       ?Hadamard@@YA?ATv3@@T1@0@Z 000000018000f450 f i p5engine.obj
 0001:0000e510       ?HasFlag@@YAHPEAUsim_entity@@I@Z 000000018000f510 f i p5engine.obj
 0001:0000e550       ?InitializeArena@@YAXPEAUmemory_arena@@_KPEAX@Z 000000018000f550 f i p5engine.obj
 0001:0000e5b0       ?Inner@@YAMTv2@@0@Z        000000018000f5b0 f i p5engine.obj
 0001:0000e600       ?Inner@@YAMTv3@@0@Z        000000018000f600 f i p5engine.obj
 0001:0000e670       ?Intersect@@YA?AUrectangle2i@@U1@0@Z 000000018000f670 f i p5engine.obj
 0001:0000e780       ?IsCanonical@@YAHMM@Z      000000018000f780 f i p5engine.obj
 0001:0000e820       ?IsCanonical@@YAHPEAUworld@@Tv3@@@Z 000000018000f820 f i p5engine.obj
 0001:0000e8c0       ?IsInRectangle@@YAHUrectangle3@@Tv3@@@Z 000000018000f8c0 f i p5engine.obj
 0001:0000e980       ?IsValid@@YAHUsound_id@@@Z 000000018000f980 f i p5engine.obj
 0001:0000e9c0       ?IsValid@@YAHUworld_position@@@Z 000000018000f9c0 f i p5engine.obj
 0001:0000ea10       ?Length@@YAMTv3@@@Z        000000018000fa10 f i p5engine.obj
 0001:0000ea60       ?LengthSq@@YAMTv2@@@Z      000000018000fa60 f i p5engine.obj
 0001:0000eaa0       ?LengthSq@@YAMTv3@@@Z      000000018000faa0 f i p5engine.obj
 0001:0000eb10       ?LoadEntityReference@@YAXPEAUgame_state@@PEAUsim_region@@PEATentity_reference@@@Z 000000018000fb10 f i p5engine.obj
 0001:0000ec40       ?MakeEntityNonSpatial@@YAXPEAUsim_entity@@@Z 000000018000fc40 f i p5engine.obj
 0001:0000ecc0       ?MakeEntitySpatial@@YAXPEAUsim_entity@@Tv3@@1@Z 000000018000fcc0 f i p5engine.obj
 0001:0000ed30       ?MapIntoChunkSpace@@YA?AUworld_position@@PEAUworld@@U1@Tv3@@@Z 000000018000fd30 f i p5engine.obj
 0001:0000ee20       ?NullPosition@@YA?AUworld_position@@XZ 000000018000fe20 f i p5engine.obj
 0001:0000ee90       ?Orthographic@@YAXPEAUrender_group@@HHM@Z 000000018000fe90 f i p5engine.obj
 0001:0000ef90       ?Perspective@@YAXPEAUrender_group@@HHMMM@Z 000000018000ff90 f i p5engine.obj
 0001:0000f080       ?PrefetchSound@@YAXPEAUgame_assets@@Usound_id@@@Z 0000000180010080 f i p5engine.obj
 0001:0000f0b0       ?PushBitmap@@YAXPEAUrender_group@@PEAUloaded_bitmap@@Tv3@@MTv4@@@Z 00000001800100b0 f i p5engine.obj
 0001:0000f2e0       ?PushBitmap@@YAXPEAUrender_group@@Ubitmap_id@@Tv3@@MTv4@@@Z 00000001800102e0 f i p5engine.obj
 0001:0000f3c0       ?PushRect@@YAXPEAUrender_group@@Tv3@@Tv2@@Tv4@@@Z 00000001800103c0 f i p5engine.obj
 0001:0000f560       ?PushRectOutline@@YAXPEAUrender_group@@Tv3@@Tv2@@Tv4@@@Z 0000000180010560 f i p5engine.obj
 0001:0000f9f0       ?PushRenderElement_@@YAPEAXPEAUrender_group@@IW4render_group_entry_type@@@Z 00000001800109f0 f i p5engine.obj
 0001:0000faa0       ?PushSize_@@YAPEAXPEAUmemory_arena@@_K1@Z 0000000180010aa0 f i p5engine.obj
 0001:0000fb70       ?RandomBilateral@@YAMPEAUrandom_series@@@Z 0000000180010b70 f i p5engine.obj
 0001:0000fbc0       ?RandomChoice@@YAIPEAUrandom_series@@I@Z 0000000180010bc0 f i p5engine.obj
 0001:0000fc00       ?RandomNextUInt32@@YAIPEAUrandom_series@@@Z 0000000180010c00 f i p5engine.obj
 0001:0000fc70       ?RandomSeed@@YA?AUrandom_series@@I@Z 0000000180010c70 f i p5engine.obj
 0001:0000fce0       ?RandomUnilateral@@YAMPEAUrandom_series@@@Z 0000000180010ce0 f i p5engine.obj
 0001:0000fd40       ?RecanonicalizeCoord@@YAXMPEAHPEAM@Z 0000000180010d40 f i p5engine.obj
 0001:0000fde0       ?RectCenterDim@@YA?AUrectangle2@@Tv2@@0@Z 0000000180010de0 f i p5engine.obj
 0001:0000fe70       ?RectCenterDim@@YA?AUrectangle3@@Tv3@@0@Z 0000000180010e70 f i p5engine.obj
 0001:0000ff60       ?RectCenterHalfDim@@YA?AUrectangle2@@Tv2@@0@Z 0000000180010f60 f i p5engine.obj
 0001:00010010       ?RectCenterHalfDim@@YA?AUrectangle3@@Tv3@@0@Z 0000000180011010 f i p5engine.obj
 0001:00010180       ?RectMinMax@@YA?AUrectangle3@@Tv3@@0@Z 0000000180011180 f i p5engine.obj
 0001:00010220       ?RectanglesIntersect@@YAHUrectangle3@@0@Z 0000000180011220 f i p5engine.obj
 0001:000102e0       ?RoundReal32ToInt32@@YAHM@Z 00000001800112e0 f i p5engine.obj
 0001:00010320       ?RoundReal32ToUInt32@@YAIM@Z 0000000180011320 f i p5engine.obj
 0001:00010360       ?SafeRatio1@@YAMMM@Z       0000000180011360 f i p5engine.obj
 0001:000103b0       ?SafeRatioN@@YAMMMM@Z      00000001800113b0 f i p5engine.obj
 0001:00010410       ?SignOf@@YAMM@Z            0000000180011410 f i p5engine.obj
 0001:00010470       ?Sin@@YAMM@Z               0000000180011470 f i p5engine.obj
 0001:000104b0       ?Square@@YAMM@Z            00000001800114b0 f i p5engine.obj
 0001:000104f0       ?SquareRoot@@YAMM@Z        00000001800114f0 f i p5engine.obj
 0001:00010530       ?StoreEntityReference@@YAXPEATentity_reference@@@Z 0000000180011530 f i p5engine.obj
 0001:00010570       ?SubArena@@YAXPEAUmemory_arena@@0_K1@Z 0000000180011570 f i p5engine.obj
 0001:000105e0       ?ToV3@@YA?ATv3@@Tv2@@M@Z   00000001800115e0 f i p5engine.obj
 0001:00010670       ?Unproject@@YA?ATv2@@PEAUrender_group@@T1@M@Z 0000000180011670 f i p5engine.obj
 0001:000106c0       ?V2@@YA?ATv2@@MM@Z         00000001800116c0 f i p5engine.obj
 0001:00010730       ?V2i@@YA?ATv2@@HH@Z        0000000180011730 f i p5engine.obj
 0001:00010780       ?V3@@YA?ATv3@@MMM@Z        0000000180011780 f i p5engine.obj
 0001:00010820       ?V4@@YA?ATv4@@MMMM@Z       0000000180011820 f i p5engine.obj
 0001:000108d0       ?ZeroSize@@YAX_KPEAX@Z     00000001800118d0 f i p5engine.obj
 0001:00010930       GetController              0000000180011930 f i p5engine.obj
 0001:00010990       ?DrawRectangleQuickly@@YAXPEAUloaded_bitmap@@Tv2@@11Tv4@@0MUrectangle2i@@H@Z 0000000180011990 f   p5engine_optimized.obj
 0001:000116d0       __CheckForDebuggerJustMyCode 00000001800126d0 f   MSVCRTD:debugger_jmc.obj
 0001:00011710       __GSHandlerCheck           0000000180012710 f   MSVCRTD:gshandler.obj
 0001:00011750       __GSHandlerCheckCommon     0000000180012750 f   MSVCRTD:gshandler.obj
 0001:00011860       __chkstk                   0000000180012860 f   MSVCRTD:chkstk.obj
 0001:00011860       _alloca_probe              0000000180012860 f   MSVCRTD:chkstk.obj
 0001:000118c0       __security_check_cookie    00000001800128c0 f   MSVCRTD:amdsecgs.obj
 0001:00011cf0       _DllMainCRTStartup         0000000180012cf0 f   MSVCRTD:dll_dllmain.obj
 0001:00011d30       __raise_securityfailure    0000000180012d30 f   MSVCRTD:gs_report.obj
 0001:00011d70       __report_gsfailure         0000000180012d70 f   MSVCRTD:gs_report.obj
 0001:00011fd0       __security_init_cookie     0000000180012fd0 f   MSVCRTD:gs_support.obj
 0001:00012050       DllMain                    0000000180013050 f   MSVCRTD:dll_dllmain_stub.obj
 0001:00012090       ?__scrt_initialize_type_info@@YAXXZ 0000000180013090 f   MSVCRTD:tncleanup.obj
 0001:000120b0       ?__scrt_uninitialize_type_info@@YAXXZ 00000001800130b0 f   MSVCRTD:tncleanup.obj
 0001:000120d0       __local_stdio_printf_options 00000001800130d0 f i MSVCRTD:default_local_stdio_options.obj
 0001:000120e0       __local_stdio_scanf_options 00000001800130e0 f i MSVCRTD:default_local_stdio_options.obj
 0001:000120f0       __scrt_initialize_default_local_stdio_options 00000001800130f0 f   MSVCRTD:default_local_stdio_options.obj
 0001:00012140       ?configure_argv@__scrt_narrow_argv_policy@@SAHXZ 0000000180013140 f i MSVCRTD:utility.obj
 0001:00012230       ?initialize_environment@__scrt_narrow_environment_policy@@SAHXZ 0000000180013230 f i MSVCRTD:utility.obj
 0001:000122d0       NtCurrentTeb               00000001800132d0 f i MSVCRTD:utility.obj
 0001:000122e0       __scrt_acquire_startup_lock 00000001800132e0 f   MSVCRTD:utility.obj
 0001:00012350       __scrt_dllmain_after_initialize_c 0000000180013350 f   MSVCRTD:utility.obj
 0001:00012380       __scrt_dllmain_before_initialize_c 0000000180013380 f   MSVCRTD:utility.obj
 0001:000123a0       __scrt_dllmain_crt_thread_attach 00000001800133a0 f   MSVCRTD:utility.obj
 0001:000123d0       __scrt_dllmain_crt_thread_detach 00000001800133d0 f   MSVCRTD:utility.obj
 0001:000123f0       __scrt_dllmain_exception_filter 00000001800133f0 f   MSVCRTD:utility.obj
 0001:00012460       __scrt_dllmain_uninitialize_c 0000000180013460 f   MSVCRTD:utility.obj
 0001:00012490       __scrt_dllmain_uninitialize_critical 0000000180013490 f   MSVCRTD:utility.obj
 0001:000124b0       __scrt_initialize_crt      00000001800134b0 f   MSVCRTD:utility.obj
 0001:00012500       __scrt_initialize_onexit_tables 0000000180013500 f   MSVCRTD:utility.obj
 0001:00012610       __scrt_is_nonwritable_in_current_image 0000000180013610 f   MSVCRTD:utility.obj
 0001:000126a0       __scrt_release_startup_lock 00000001800136a0 f   MSVCRTD:utility.obj
 0001:000126d0       __scrt_uninitialize_crt    00000001800136d0 f   MSVCRTD:utility.obj
 0001:00012710       __scrt_get_dyn_tls_init_callback 0000000180013710 f   MSVCRTD:dyn_tls_init.obj
 0001:00012720       __crt_debugger_hook        0000000180013720 f   MSVCRTD:utility_desktop.obj
 0001:00012730       __scrt_fastfail            0000000180013730 f   MSVCRTD:utility_desktop.obj
 0001:000128d0       _RTC_Initialize            00000001800138d0 f   MSVCRTD:initsect.obj
 0001:00012920       _RTC_Terminate             0000000180013920 f   MSVCRTD:initsect.obj
 0001:00012970       _guard_check_icall_nop     0000000180013970 f i MSVCRTD:guard_support.obj
 0001:00012980       __isa_available_init       0000000180013980 f   MSVCRTD:cpu_disp.obj
 0001:00012d20       _get_startup_argv_mode     0000000180013d20 f   MSVCRTD:argv_mode.obj
 0001:00012d30       __scrt_is_ucrt_dll_in_use  0000000180013d30 f   MSVCRTD:ucrt_detection.obj
 0001:00012d60       __C_specific_handler       0000000180013d60 f   vcruntimed:VCRUNTIME140D.dll
 0001:00012d66       __std_type_info_destroy_list 0000000180013d66 f   vcruntimed:VCRUNTIME140D.dll
 0001:00012d6c       atan2                      0000000180013d6c f   ucrtd:ucrtbased.dll
 0001:00012d72       sinf                       0000000180013d72 f   ucrtd:ucrtbased.dll
 0001:00012d78       sqrtf                      0000000180013d78 f   ucrtd:ucrtbased.dll
 0001:00012d7e       _initterm                  0000000180013d7e f   ucrtd:ucrtbased.dll
 0001:00012d84       _initterm_e                0000000180013d84 f   ucrtd:ucrtbased.dll
 0001:00012d8a       _seh_filter_dll            0000000180013d8a f   ucrtd:ucrtbased.dll
 0001:00012d90       _configure_narrow_argv     0000000180013d90 f   ucrtd:ucrtbased.dll
 0001:00012d96       _initialize_narrow_environment 0000000180013d96 f   ucrtd:ucrtbased.dll
 0001:00012d9c       _initialize_onexit_table   0000000180013d9c f   ucrtd:ucrtbased.dll
 0001:00012da2       _execute_onexit_table      0000000180013da2 f   ucrtd:ucrtbased.dll
 0001:00012da8       _cexit                     0000000180013da8 f   ucrtd:ucrtbased.dll
 0001:00012db0       __vcrt_thread_attach       0000000180013db0 f   MSVCRTD:ucrt_stubs.obj
 0001:00012db0       __acrt_thread_detach       0000000180013db0 f   MSVCRTD:ucrt_stubs.obj
 0001:00012db0       __scrt_stub_for_acrt_thread_attach 0000000180013db0 f   MSVCRTD:ucrt_stubs.obj
 0001:00012db0       __vcrt_initialize          0000000180013db0 f   MSVCRTD:ucrt_stubs.obj
 0001:00012db0       __acrt_thread_attach       0000000180013db0 f   MSVCRTD:ucrt_stubs.obj
 0001:00012db0       __scrt_stub_for_acrt_initialize 0000000180013db0 f   MSVCRTD:ucrt_stubs.obj
 0001:00012db0       __scrt_stub_for_acrt_thread_detach 0000000180013db0 f   MSVCRTD:ucrt_stubs.obj
 0001:00012db0       __vcrt_thread_detach       0000000180013db0 f   MSVCRTD:ucrt_stubs.obj
 0001:00012db0       __acrt_initialize          0000000180013db0 f   MSVCRTD:ucrt_stubs.obj
 0001:00012dc0       __vcrt_uninitialize        0000000180013dc0 f   MSVCRTD:ucrt_stubs.obj
 0001:00012dc0       __vcrt_uninitialize_critical 0000000180013dc0 f   MSVCRTD:ucrt_stubs.obj
 0001:00012dc0       __scrt_stub_for_acrt_uninitialize 0000000180013dc0 f   MSVCRTD:ucrt_stubs.obj
 0001:00012dc0       __acrt_uninitialize        0000000180013dc0 f   MSVCRTD:ucrt_stubs.obj
 0001:00012dc0       __scrt_stub_for_acrt_uninitialize_critical 0000000180013dc0 f   MSVCRTD:ucrt_stubs.obj
 0001:00012dc0       __acrt_uninitialize_critical 0000000180013dc0 f   MSVCRTD:ucrt_stubs.obj
 0001:00012dd0       __scrt_stub_for_is_c_termination_complete 0000000180013dd0 f   MSVCRTD:ucrt_stubs.obj
 0001:00012dd0       _is_c_termination_complete 0000000180013dd0 f   MSVCRTD:ucrt_stubs.obj
 0001:00012df0       _guard_dispatch_icall_nop  0000000180013df0 f   MSVCRTD:guard_dispatch.obj
 0001:00012e10       _guard_xfg_dispatch_icall_nop 0000000180013e10 f   MSVCRTD:guard_xfg_dispatch.obj
 0002:00000000       __imp_QueryPerformanceCounter 0000000180014000     kernel32:KERNEL32.dll
 0002:00000008       __imp_RtlCaptureContext    0000000180014008     kernel32:KERNEL32.dll
 0002:00000010       __imp_RtlLookupFunctionEntry 0000000180014010     kernel32:KERNEL32.dll
 0002:00000018       __imp_RtlVirtualUnwind     0000000180014018     kernel32:KERNEL32.dll
 0002:00000020       __imp_IsDebuggerPresent    0000000180014020     kernel32:KERNEL32.dll
 0002:00000028       __imp_InitializeSListHead  0000000180014028     kernel32:KERNEL32.dll
 0002:00000030       __imp_DisableThreadLibraryCalls 0000000180014030     kernel32:KERNEL32.dll
 0002:00000038       __imp_GetSystemTimeAsFileTime 0000000180014038     kernel32:KERNEL32.dll
 0002:00000040       __imp_GetCurrentProcessId  0000000180014040     kernel32:KERNEL32.dll
 0002:00000048       __imp_GetCurrentThreadId   0000000180014048     kernel32:KERNEL32.dll
 0002:00000050       __imp_IsProcessorFeaturePresent 0000000180014050     kernel32:KERNEL32.dll
 0002:00000058       __imp_TerminateProcess     0000000180014058     kernel32:KERNEL32.dll
 0002:00000060       __imp_GetCurrentProcess    0000000180014060     kernel32:KERNEL32.dll
 0002:00000068       __imp_SetUnhandledExceptionFilter 0000000180014068     kernel32:KERNEL32.dll
 0002:00000070       __imp_UnhandledExceptionFilter 0000000180014070     kernel32:KERNEL32.dll
 0002:00000078       \177KERNEL32_NULL_THUNK_DATA 0000000180014078     kernel32:KERNEL32.dll
 0002:00000080       __imp___std_type_info_destroy_list 0000000180014080     vcruntimed:VCRUNTIME140D.dll
 0002:00000088       __imp___C_specific_handler 0000000180014088     vcruntimed:VCRUNTIME140D.dll
 0002:00000090       \177VCRUNTIME140D_NULL_THUNK_DATA 0000000180014090     vcruntimed:VCRUNTIME140D.dll
 0002:00000098       __imp__cexit               0000000180014098     ucrtd:ucrtbased.dll
 0002:000000a0       __imp__execute_onexit_table 00000001800140a0     ucrtd:ucrtbased.dll
 0002:000000a8       __imp__initialize_onexit_table 00000001800140a8     ucrtd:ucrtbased.dll
 0002:000000b0       __imp__initialize_narrow_environment 00000001800140b0     ucrtd:ucrtbased.dll
 0002:000000b8       __imp__configure_narrow_argv 00000001800140b8     ucrtd:ucrtbased.dll
 0002:000000c0       __imp__initterm_e          00000001800140c0     ucrtd:ucrtbased.dll
 0002:000000c8       __imp__initterm            00000001800140c8     ucrtd:ucrtbased.dll
 0002:000000d0       __imp_sqrtf                00000001800140d0     ucrtd:ucrtbased.dll
 0002:000000d8       __imp_sinf                 00000001800140d8     ucrtd:ucrtbased.dll
 0002:000000e0       __imp_atan2                00000001800140e0     ucrtd:ucrtbased.dll
 0002:000000e8       __imp_roundf               00000001800140e8     ucrtd:ucrtbased.dll
 0002:000000f0       __imp__seh_filter_dll      00000001800140f0     ucrtd:ucrtbased.dll
 0002:000000f8       \177ucrtbased_NULL_THUNK_DATA 00000001800140f8     ucrtd:ucrtbased.dll
 0002:00000100       __guard_check_icall_fptr   0000000180014100     MSVCRTD:guard_support.obj
 0002:00000108       __guard_xfg_check_icall_fptr 0000000180014108     MSVCRTD:guard_support.obj
 0002:00000110       __guard_dispatch_icall_fptr 0000000180014110     MSVCRTD:guard_support.obj
 0002:00000118       __guard_xfg_dispatch_icall_fptr 0000000180014118     MSVCRTD:guard_support.obj
 0002:00000120       __guard_xfg_table_dispatch_icall_fptr 0000000180014120     MSVCRTD:guard_support.obj
 0002:00000128       __xc_a                     0000000180014128     MSVCRTD:initializers.obj
 0002:00000130       __xc_z                     0000000180014130     MSVCRTD:initializers.obj
 0002:00000138       __xi_a                     0000000180014138     MSVCRTD:initializers.obj
 0002:00000140       __xi_z                     0000000180014140     MSVCRTD:initializers.obj
 0002:00000148       __xp_a                     0000000180014148     MSVCRTD:initializers.obj
 0002:00000150       __xp_z                     0000000180014150     MSVCRTD:initializers.obj
 0002:00000158       __xt_a                     0000000180014158     MSVCRTD:initializers.obj
 0002:00000160       __xt_z                     0000000180014160     MSVCRTD:initializers.obj
 0002:000001b8       ??_C@_0BA@NMEIMCEK@InvalidCodePath@ 00000001800141b8     p5engine.obj
 0002:000001c8       __real@00000000            00000001800141c8     p5engine.obj
 0002:000001cc       __real@308992b1            00000001800141cc     p5engine.obj
 0002:000001d0       __real@3a83126f            00000001800141d0     p5engine.obj
 0002:000001d4       __real@3c23d70a            00000001800141d4     p5engine.obj
 0002:000001d8       __real@3cc30c31            00000001800141d8     p5engine.obj
 0002:000001dc       __real@3dcccccd            00000001800141dc     p5engine.obj
 0002:000001e0       __real@3e4ccccd            00000001800141e0     p5engine.obj
 0002:000001e4       __real@3e800000            00000001800141e4     p5engine.obj
 0002:000001e8       __real@3e99999a            00000001800141e8     p5engine.obj
 0002:000001ec       __real@3ecccccd            00000001800141ec     p5engine.obj
 0002:000001f0       __real@3ee147ae            00000001800141f0     p5engine.obj
 0002:000001f4       __real@3f000000            00000001800141f4     p5engine.obj
 0002:000001f8       __real@3f19999a            00000001800141f8     p5engine.obj
 0002:000001fc       __real@3f228f5c            00000001800141fc     p5engine.obj
 0002:00000200       __real@3f3504f3            0000000180014200     p5engine.obj
 0002:00000204       __real@3f400000            0000000180014204     p5engine.obj
 0002:00000208       __real@3f666666            0000000180014208     p5engine.obj
 0002:0000020c       __real@3f800000            000000018001420c     p5engine.obj
 0002:00000210       __real@3f8ccccd            0000000180014210     p5engine.obj
 0002:00000214       __real@3f99999a            0000000180014214     p5engine.obj
 0002:00000218       __real@3fa66666            0000000180014218     p5engine.obj
 0002:0000021c       __real@3fb33333            000000018001421c     p5engine.obj
 0002:00000220       __real@3fc00000            0000000180014220     p5engine.obj
 0002:00000224       __real@40000000            0000000180014224     p5engine.obj
 0002:00000228       __real@400ccccd            0000000180014228     p5engine.obj
 0002:0000022c       __real@40400000            000000018001422c     p5engine.obj
 0002:00000230       __real@40800000            0000000180014230     p5engine.obj
 0002:00000234       __real@40a00000            0000000180014234     p5engine.obj
 0002:00000238       __real@40c00000            0000000180014238     p5engine.obj
 0002:0000023c       __real@40c90fdb            000000018001423c     p5engine.obj
 0002:00000240       __real@41100000            0000000180014240     p5engine.obj
 0002:00000244       __real@41700000            0000000180014244     p5engine.obj
 0002:00000248       __real@41880000            0000000180014248     p5engine.obj
 0002:0000024c       __real@41a00000            000000018001424c     p5engine.obj
 0002:00000250       __real@41f00000            0000000180014250     p5engine.obj
 0002:00000254       __real@42340000            0000000180014254     p5engine.obj
 0002:00000258       __real@437f0000            0000000180014258     p5engine.obj
 0002:0000025c       __real@461c4000            000000018001425c     p5engine.obj
 0002:00000260       __real@47c35000            0000000180014260     p5engine.obj
 0002:00000264       __real@49742400            0000000180014264     p5engine.obj
 0002:00000268       __real@7f7fffff            0000000180014268     p5engine.obj
 0002:0000026c       __real@becccccd            000000018001426c     p5engine.obj
 0002:00000270       __real@bf000000            0000000180014270     p5engine.obj
 0002:00000274       __real@bf800000            0000000180014274     p5engine.obj
 0002:00000278       __real@c0000000            0000000180014278     p5engine.obj
 0002:0000027c       __real@c0100000            000000018001427c     p5engine.obj
 0002:00000280       __real@c0400000            0000000180014280     p5engine.obj
 0002:00000284       __real@c11ccccd            0000000180014284     p5engine.obj
 0002:00000290       __xmm@00000000000000000000000000000000 0000000180014290     p5engine.obj
 0002:000002a0       __xmm@3f8000003f8000003f8000003f800000 00000001800142a0     p5engine.obj
 0002:000002b0       __xmm@7fffffffffffffff7fffffffffffffff 00000001800142b0     p5engine.obj
 0002:000002c0       __xmm@80000000800000008000000080000000 00000001800142c0     p5engine.obj
 0002:000002d0       __xmm@000000ff000000ff000000ff000000ff 00000001800142d0     p5engine_optimized.obj
 0002:000002e0       __xmm@0000ffff0000ffff0000ffff0000ffff 00000001800142e0     p5engine_optimized.obj
 0002:000002f0       __xmm@00ff00ff00ff00ff00ff00ff00ff00ff 00000001800142f0     p5engine_optimized.obj
 0002:00000300       __xmm@3b8080813b8080813b8080813b808081 0000000180014300     p5engine_optimized.obj
 0002:00000310       __xmm@3f0000003f0000003f0000003f000000 0000000180014310     p5engine_optimized.obj
 0002:00000320       __xmm@40800000408000004080000040800000 0000000180014320     p5engine_optimized.obj
 0002:00000330       __xmm@477e0100477e0100477e0100477e0100 0000000180014330     p5engine_optimized.obj
 0002:00000340       __xmm@ffffffffffffffffffffffffffffffff 0000000180014340     p5engine_optimized.obj
 0002:00000350       _pRawDllMain               0000000180014350     MSVCRTD:dll_dllmain.obj
 0002:00000350       _pDefaultRawDllMain        0000000180014350     MSVCRTD:dll_dllmain.obj
 0002:000003c0       _load_config_used          00000001800143c0     MSVCRTD:loadcfg.obj
 0002:00000500       __volatile_metadata        0000000180014500     <linker-defined>
 0002:00000928       __rtc_iaa                  0000000180014928     MSVCRTD:initsect.obj
 0002:00000930       __rtc_izz                  0000000180014930     MSVCRTD:initsect.obj
 0002:00000938       __rtc_taa                  0000000180014938     MSVCRTD:initsect.obj
 0002:00000940       __rtc_tzz                  0000000180014940     MSVCRTD:initsect.obj
 0002:00001154       __IMPORT_DESCRIPTOR_VCRUNTIME140D 0000000180015154     vcruntimed:VCRUNTIME140D.dll
 0002:00001168       __IMPORT_DESCRIPTOR_ucrtbased 0000000180015168     ucrtd:ucrtbased.dll
 0002:0000117c       __IMPORT_DESCRIPTOR_KERNEL32 000000018001517c     kernel32:KERNEL32.dll
 0002:00001190       __NULL_IMPORT_DESCRIPTOR   0000000180015190     vcruntimed:VCRUNTIME140D.dll
 0003:00004000       __security_cookie_complement 000000018001a000     MSVCRTD:gs_cookie.obj
 0003:00004008       __security_cookie          000000018001a008     MSVCRTD:gs_cookie.obj
 0003:00004010       _fltused                   000000018001a010     MSVCRTD:fltused.obj
 0003:00004014       __scrt_native_dllmain_reason 000000018001a014     MSVCRTD:utility.obj
 0003:00004018       __isa_available            000000018001a018     MSVCRTD:cpu_disp.obj
 0003:0000401c       __isa_enabled              000000018001a01c     MSVCRTD:cpu_disp.obj
 0003:00004020       __memcpy_nt_iters          000000018001a020     MSVCRTD:cpu_disp.obj
 0003:00004028       __memset_nt_iters          000000018001a028     MSVCRTD:cpu_disp.obj
 0003:00004030       __scrt_ucrt_dll_is_in_use  000000018001a030     MSVCRTD:ucrt_stubs.obj
 0003:00004040       DebugGlobalMemory          000000018001a040     p5engine.obj
 0003:000045e0       ?__type_info_root_node@@3U__type_info_node@@A 000000018001a5e0     MSVCRTD:tncleanup.obj
 0003:000045f0       ?_OptionsStorage@?1??__local_stdio_printf_options@@9@4_KA 000000018001a5f0     MSVCRTD:default_local_stdio_options.obj
 0003:000045f8       ?_OptionsStorage@?1??__local_stdio_scanf_options@@9@4_KA 000000018001a5f8     MSVCRTD:default_local_stdio_options.obj
 0003:00004600       __scrt_current_native_startup_state 000000018001a600     MSVCRTD:utility.obj
 0003:00004608       __scrt_native_startup_lock 000000018001a608     MSVCRTD:utility.obj
 0003:00004648       __scrt_debugger_hook_flag  000000018001a648     MSVCRTD:utility_desktop.obj
 0003:00004650       __castguard_check_failure_os_handled_fptr 000000018001a650     MSVCRTD:guard_support.obj
 0003:00004658       __favor                    000000018001a658     MSVCRTD:cpu_disp.obj
 0003:00004660       __dyn_tls_init_callback    000000018001a660     <common>
 0003:00004668       __DebuggerCurrentSteppingThreadId 000000018001a668     <common>

 entry point at        0001:00011cf0

 Static symbols

 0000:fffe1000       .debug$S                   0000000180000000     P5Engine.exp
 0000:fffe1000       .debug$S                   0000000180000000     vcruntimed:VCRUNTIME140D.dll
 0000:fffe1000       .debug$S                   0000000180000000     vcruntimed:VCRUNTIME140D.dll
 0000:fffe1000       .debug$S                   0000000180000000     vcruntimed:VCRUNTIME140D.dll
 0000:fffe1000       .debug$S                   0000000180000000     vcruntimed:VCRUNTIME140D.dll
 0000:fffe1000       .debug$S                   0000000180000000     ucrtd:ucrtbased.dll
 0000:fffe1000       .debug$S                   0000000180000000     ucrtd:ucrtbased.dll
 0000:fffe1000       .debug$S                   0000000180000000     ucrtd:ucrtbased.dll
 0000:fffe1000       .debug$S                   0000000180000000     ucrtd:ucrtbased.dll
 0000:fffe1000       .debug$S                   0000000180000000     ucrtd:ucrtbased.dll
 0000:fffe1000       .debug$S                   0000000180000000     ucrtd:ucrtbased.dll
 0000:fffe1000       .debug$S                   0000000180000000     ucrtd:ucrtbased.dll
 0000:fffe1000       .debug$S                   0000000180000000     ucrtd:ucrtbased.dll
 0000:fffe1000       .debug$S                   0000000180000000     ucrtd:ucrtbased.dll
 0000:fffe1000       .debug$S                   0000000180000000     ucrtd:ucrtbased.dll
 0000:fffe1000       .debug$S                   0000000180000000     ucrtd:ucrtbased.dll
 0000:fffe1000       .debug$S                   0000000180000000     ucrtd:ucrtbased.dll
 0000:fffe1000       .debug$S                   0000000180000000     ucrtd:ucrtbased.dll
 0000:fffe1000       .debug$S                   0000000180000000     ucrtd:ucrtbased.dll
 0000:fffe1000       .debug$S                   0000000180000000     ucrtd:ucrtbased.dll
 0000:fffe1000       .debug$S                   0000000180000000     ucrtd:ucrtbased.dll
 0000:fffe1000       .debug$S                   0000000180000000     kernel32:KERNEL32.dll
 0000:fffe1000       .debug$S                   0000000180000000     kernel32:KERNEL32.dll
 0000:fffe1000       .debug$S                   0000000180000000     kernel32:KERNEL32.dll
 0000:fffe1000       .debug$S                   0000000180000000     kernel32:KERNEL32.dll
 0000:fffe1000       .debug$S                   0000000180000000     kernel32:KERNEL32.dll
 0000:fffe1000       .debug$S                   0000000180000000     kernel32:KERNEL32.dll
 0000:fffe1000       .debug$S                   0000000180000000     kernel32:KERNEL32.dll
 0000:fffe1000       .debug$S                   0000000180000000     kernel32:KERNEL32.dll
 0000:fffe1000       .debug$S                   0000000180000000     kernel32:KERNEL32.dll
 0000:fffe1000       .debug$S                   0000000180000000     kernel32:KERNEL32.dll
 0000:fffe1000       .debug$S                   0000000180000000     kernel32:KERNEL32.dll
 0000:fffe1000       .debug$S                   0000000180000000     kernel32:KERNEL32.dll
 0000:fffe1000       .debug$S                   0000000180000000     kernel32:KERNEL32.dll
 0000:fffe1000       .debug$S                   0000000180000000     kernel32:KERNEL32.dll
 0000:fffe1000       .debug$S                   0000000180000000     kernel32:KERNEL32.dll
 0000:fffe1000       .debug$S                   0000000180000000     kernel32:KERNEL32.dll
 0000:fffe1000       .debug$S                   0000000180000000     kernel32:KERNEL32.dll
 0001:00000000       ?LoadBitmap@@YAXPEAUgame_assets@@Ubitmap_id@@@Z 0000000180001000 f   p5engine.obj
 0001:00000140       ?LoadSound@@YAXPEAUgame_assets@@Usound_id@@@Z 0000000180001140 f   p5engine.obj
 0001:00000280       ?AddCollisionRule@@YAXPEAUgame_state@@IIH@Z 0000000180001280 f   p5engine.obj
 0001:00000400       ?ClearCollisionRulesFor@@YAXPEAUgame_state@@I@Z 0000000180001400 f   p5engine.obj
 0001:00000500       ?BeginTaskWithMemory@@YAPEAUtask_with_memory@@PEAUtransient_state@@@Z 0000000180001500 f   p5engine.obj
 0001:000005e0       ?EndTaskWithMemory@@YAXPEAUtask_with_memory@@@Z 00000001800015e0 f   p5engine.obj
 0001:00000640       ?DrawRectangle@@YAXPEAUloaded_bitmap@@Tv2@@1Tv4@@Urectangle2i@@H@Z 0000000180001640 f   p5engine.obj
 0001:00000900       ?RenderGroupToOutput@@YAXPEAUrender_group@@PEAUloaded_bitmap@@Urectangle2i@@H@Z 0000000180001900 f   p5engine.obj
 0001:00000cf0       ?DoTiledRenderWork@@YAXPEAUplatform_work_queue@@PEAX@Z 0000000180001cf0 f   p5engine.obj
 0001:00000da0       ?RenderGroupToOutput@@YAXPEAUrender_group@@PEAUloaded_bitmap@@@Z 0000000180001da0 f   p5engine.obj
 0001:00000e90       ?TiledRenderGroupToOutput@@YAXPEAUplatform_work_queue@@PEAUrender_group@@PEAUloaded_bitmap@@@Z 0000000180001e90 f   p5engine.obj
 0001:000010c0       ?AllocateRenderGroup@@YAPEAUrender_group@@PEAUgame_assets@@PEAUmemory_arena@@I@Z 00000001800020c0 f   p5engine.obj
 0001:000011f0       ?InitializeWorld@@YAXPEAUworld@@Tv3@@@Z 00000001800021f0 f   p5engine.obj
 0001:00001290       ?Subtract@@YA?ATv3@@PEAUworld@@PEAUworld_position@@1@Z 0000000180002290 f   p5engine.obj
 0001:00001500       ?ChangeEntityLocation@@YAXPEAUmemory_arena@@PEAUworld@@IPEAUlow_entity@@Uworld_position@@@Z 0000000180002500 f   p5engine.obj
 0001:00001690       ?GetHashFromStorageIndex@@YAPEAUsim_entity_hash@@PEAUsim_region@@I@Z 0000000180002690 f   p5engine.obj
 0001:00001760       ?AddEntity@@YAPEAUsim_entity@@PEAUgame_state@@PEAUsim_region@@IPEAUlow_entity@@PEATv3@@@Z 0000000180002760 f   p5engine.obj
 0001:000018c0       ?AddEntityRaw@@YAPEAUsim_entity@@PEAUgame_state@@PEAUsim_region@@IPEAUlow_entity@@@Z 00000001800028c0 f   p5engine.obj
 0001:00001a40       ?BeginSim@@YAPEAUsim_region@@PEAUmemory_arena@@PEAUgame_state@@PEAUworld@@Uworld_position@@Urectangle3@@M@Z 0000000180002a40 f   p5engine.obj
 0001:000020b0       ?EndSim@@YAXPEAUsim_region@@PEAUgame_state@@@Z 00000001800030b0 f   p5engine.obj
 0001:00002370       ?CanCollide@@YAHPEAUgame_state@@PEAUsim_entity@@1@Z 0000000180003370 f   p5engine.obj
 0001:000024c0       ?HandleCollision@@YAHPEAUgame_state@@PEAUsim_entity@@1@Z 00000001800034c0 f   p5engine.obj
 0001:000025a0       ?CanOverlap@@YAHPEAUgame_state@@PEAUsim_entity@@1@Z 00000001800035a0 f   p5engine.obj
 0001:00002600       ?HandleOverlap@@YAXPEAUgame_state@@PEAUsim_entity@@1MPEAM@Z 0000000180003600 f   p5engine.obj
 0001:000026a0       ?SpeculativeCollide@@YAHPEAUsim_entity@@0Tv3@@@Z 00000001800036a0 f   p5engine.obj
 0001:000027a0       ?EntitiesOverlap@@YAHPEAUsim_entity@@0Tv3@@@Z 00000001800037a0 f   p5engine.obj
 0001:00002ae0       ?MoveEntity@@YAXPEAUgame_state@@PEAUsim_region@@PEAUsim_entity@@MPEAUmove_spec@@Tv3@@@Z 0000000180003ae0 f   p5engine.obj
 0001:00004440       ?LoadBitmapWork@@YAXPEAUplatform_work_queue@@PEAX@Z 0000000180005440 f   p5engine.obj
 0001:000045f0       ?LoadSoundWork@@YAXPEAUplatform_work_queue@@PEAX@Z 00000001800055f0 f   p5engine.obj
 0001:00004760       ?GetBestMatchAssetFrom@@YAIPEAUgame_assets@@W4asset_type_id@@PEAUasset_vector@@2@Z 0000000180005760 f   p5engine.obj
 0001:00004990       ?GetRandomAssetFrom@@YAIPEAUgame_assets@@W4asset_type_id@@PEAUrandom_series@@@Z 0000000180005990 f   p5engine.obj
 0001:00004a20       ?GetFirstAssetFrom@@YAIPEAUgame_assets@@W4asset_type_id@@@Z 0000000180005a20 f   p5engine.obj
 0001:00004a80       ?GetBestMatchBitmapFrom@@YA?AUbitmap_id@@PEAUgame_assets@@W4asset_type_id@@PEAUasset_vector@@2@Z 0000000180005a80 f   p5engine.obj
 0001:00004ad0       ?GetFirstBitmapFrom@@YA?AUbitmap_id@@PEAUgame_assets@@W4asset_type_id@@@Z 0000000180005ad0 f   p5engine.obj
 0001:00004b10       ?GetRandomBitmapFrom@@YA?AUbitmap_id@@PEAUgame_assets@@W4asset_type_id@@PEAUrandom_series@@@Z 0000000180005b10 f   p5engine.obj
 0001:00004b60       ?GetFirstSoundFrom@@YA?AUsound_id@@PEAUgame_assets@@W4asset_type_id@@@Z 0000000180005b60 f   p5engine.obj
 0001:00004ba0       ?GetRandomSoundFrom@@YA?AUsound_id@@PEAUgame_assets@@W4asset_type_id@@PEAUrandom_series@@@Z 0000000180005ba0 f   p5engine.obj
 0001:00004bf0       ?AllocateGameAssets@@YAPEAUgame_assets@@PEAUmemory_arena@@_KPEAUtransient_state@@@Z 0000000180005bf0 f   p5engine.obj
 0001:00004e90       ?PlaySound@@YAPEAUplaying_sound@@PEAUaudio_state@@Usound_id@@@Z 0000000180005e90 f   p5engine.obj
 0001:00004fc0       ?ChangeVolume@@YAXPEAUaudio_state@@PEAUplaying_sound@@MTv2@@@Z 0000000180005fc0 f   p5engine.obj
 0001:00005080       ?OutputPlayingSounds@@YAXPEAUaudio_state@@PEAUgame_sound_output_buffer@@PEAUgame_assets@@PEAUmemory_arena@@@Z 0000000180006080 f   p5engine.obj
 0001:00006180       ?InitializeAudioState@@YAXPEAUaudio_state@@PEAUmemory_arena@@@Z 0000000180007180 f   p5engine.obj
 0001:00006200       ?AddLowEntity@@YA?AUadd_low_entity_result@@PEAUgame_state@@W4entity_type@@Uworld_position@@@Z 0000000180007200 f   p5engine.obj
 0001:00006400       ?AddGroundedEntity@@YA?AUadd_low_entity_result@@PEAUgame_state@@W4entity_type@@Uworld_position@@PEAUsim_entity_collision_volume_group@@@Z 0000000180007400 f   p5engine.obj
 0001:000064b0       ?AddStandardRoom@@YA?AUadd_low_entity_result@@PEAUgame_state@@III@Z 00000001800074b0 f   p5engine.obj
 0001:00006610       ?AddWall@@YA?AUadd_low_entity_result@@PEAUgame_state@@III@Z 0000000180007610 f   p5engine.obj
 0001:00006770       ?AddStairs@@YA?AUadd_low_entity_result@@PEAUgame_state@@III@Z 0000000180007770 f   p5engine.obj
 0001:00006900       ?InitHitPoints@@YAXPEAUlow_entity@@I@Z 0000000180007900 f   p5engine.obj
 0001:00006990       ?AddSword@@YA?AUadd_low_entity_result@@PEAUgame_state@@@Z 0000000180007990 f   p5engine.obj
 0001:00006a80       ?AddPlayer@@YA?AUadd_low_entity_result@@PEAUgame_state@@@Z 0000000180007a80 f   p5engine.obj
 0001:00006bc0       ?AddMonstar@@YA?AUadd_low_entity_result@@PEAUgame_state@@III@Z 0000000180007bc0 f   p5engine.obj
 0001:00006d30       ?AddFamiliar@@YA?AUadd_low_entity_result@@PEAUgame_state@@III@Z 0000000180007d30 f   p5engine.obj
 0001:00006e90       ?DrawHitpoints@@YAXPEAUsim_entity@@PEAUrender_group@@@Z 0000000180007e90 f   p5engine.obj
 0001:00007100       ?MakeSimpleGroundedCollision@@YAPEAUsim_entity_collision_volume_group@@PEAUgame_state@@MMM@Z 0000000180008100 f   p5engine.obj
 0001:00007260       ?MakeNullCollision@@YAPEAUsim_entity_collision_volume_group@@PEAUgame_state@@@Z 0000000180008260 f   p5engine.obj
 0001:00007340       ?FillGroundChunkWork@@YAXPEAUplatform_work_queue@@PEAX@Z 0000000180008340 f   p5engine.obj
 0001:000073a0       ?FillGroundChunk@@YAXPEAUtransient_state@@PEAUgame_state@@PEAUground_buffer@@PEAUworld_position@@@Z 00000001800083a0 f   p5engine.obj
 0001:00007c20       ?ClearBitmap@@YAXPEAUloaded_bitmap@@@Z 0000000180008c20 f   p5engine.obj
 0001:00007c80       ?MakeEmptyBitmap@@YA?AUloaded_bitmap@@PEAUmemory_arena@@HHH@Z 0000000180008c80 f   p5engine.obj
 0001:00007d70       ?MakeSphereDiffuseMap@@YAXPEAUloaded_bitmap@@MM@Z 0000000180008d70 f   p5engine.obj
 0001:000080a0       ?MakeSphereNormalMap@@YAXPEAUloaded_bitmap@@MMM@Z 00000001800090a0 f   p5engine.obj
 0001:0000bec8       $LN147                     000000018000cec8     p5engine.obj
 0001:00011850       $$000000                   0000000180012850     MSVCRTD:chkstk.obj
 0001:000118b0       $$000000                   00000001800128b0     MSVCRTD:amdsecgs.obj
 0001:000118e0       ?dllmain_crt_dispatch@@YAHQEAUHINSTANCE__@@KQEAX@Z 00000001800128e0 f   MSVCRTD:dll_dllmain.obj
 0001:00011970       ?dllmain_crt_process_attach@@YAHQEAUHINSTANCE__@@QEAX@Z 0000000180012970 f   MSVCRTD:dll_dllmain.obj
 0001:00011ab0       ?dllmain_crt_process_detach@@YAH_N@Z 0000000180012ab0 f   MSVCRTD:dll_dllmain.obj
 0001:00011b50       ?dllmain_dispatch@@YAHQEAUHINSTANCE__@@KQEAX@Z 0000000180012b50 f   MSVCRTD:dll_dllmain.obj
 0001:00011c90       ?dllmain_raw@@YAHQEAUHINSTANCE__@@KQEAX@Z 0000000180012c90 f   MSVCRTD:dll_dllmain.obj
 0001:00011e50       capture_previous_context   0000000180012e50 f   MSVCRTD:gs_report.obj
 0001:00011f10       __get_entropy              0000000180012f10 f   MSVCRTD:gs_support.obj
 0001:00012160       ?find_pe_section@@YAPEAU_IMAGE_SECTION_HEADER@@QEAE_K@Z 0000000180013160 f   MSVCRTD:utility.obj
 0001:00012240       ?is_potentially_valid_image_base@@YA_NQEAX@Z 0000000180013240 f   MSVCRTD:utility.obj
 0001:00012de0       $$000000                   0000000180013de0     MSVCRTD:guard_dispatch.obj
 0001:00012e00       $$000000                   0000000180013e00     MSVCRTD:guard_xfg_dispatch.obj
 0001:00012e20       ?fin$0@?0??dllmain_crt_process_attach@@YAHQEAUHINSTANCE__@@QEAX@Z@4HA 0000000180013e20 f   MSVCRTD:dll_dllmain.obj
 0001:00012e40       ?fin$0@?0??dllmain_crt_process_detach@@YAH_N@Z@4HA 0000000180013e40 f   MSVCRTD:dll_dllmain.obj
 0001:00012e5a       ?fin$1@?0??dllmain_crt_process_detach@@YAH_N@Z@4HA 0000000180013e5a f   MSVCRTD:dll_dllmain.obj
 0001:00012e70       ?filt$0@?0??dllmain_dispatch@@YAHQEAUHINSTANCE__@@KQEAX@Z@4HA 0000000180013e70 f   MSVCRTD:dll_dllmain.obj
 0001:00012ec0       __scrt_is_nonwritable_in_current_image$filt$0 0000000180013ec0 f   MSVCRTD:utility.obj
 0002:00000170       $SG29336                   0000000180014170     p5engine.obj
 0002:00000180       $SG29764                   0000000180014180     p5engine.obj
 0002:00000190       $SG30466                   0000000180014190     p5engine.obj
 0002:000001a8       $SG31681                   00000001800141a8     p5engine.obj
 0002:00000358       GS_ExceptionPointers       0000000180014358     MSVCRTD:gs_report.obj
 0002:00000948       $unwind$?GetBitmap@@YAPEAUloaded_bitmap@@PEAUgame_assets@@Ubitmap_id@@@Z 0000000180014948     p5engine.obj
 0002:00000948       $unwind$?GetLowEntity@@YAPEAUlow_entity@@PEAUgame_state@@I@Z 0000000180014948     p5engine.obj
 0002:00000948       $unwind$?GetSound@@YAPEAUloaded_sound@@PEAUgame_assets@@Usound_id@@@Z 0000000180014948     p5engine.obj
 0002:00000948       $unwind$?GetSoundInfo@@YAPEAUp5a_sound@@PEAUgame_assets@@Usound_id@@@Z 0000000180014948     p5engine.obj
 0002:00000948       $unwind$?HasFlag@@YAHPEAUsim_entity@@I@Z 0000000180014948     p5engine.obj
 0002:00000948       $unwind$?RandomChoice@@YAIPEAUrandom_series@@I@Z 0000000180014948     p5engine.obj
 0002:00000948       $unwind$GetController      0000000180014948     p5engine.obj
 0002:00000950       $unwind$?InitializeArena@@YAXPEAUmemory_arena@@_KPEAX@Z 0000000180014950     p5engine.obj
 0002:00000958       $unwind$?GetAlignmentOffset@@YA_KPEAUmemory_arena@@_K@Z 0000000180014958     p5engine.obj
 0002:00000960       $unwind$??Y@YAAEATv2@@AEAT0@T0@@Z 0000000180014960     p5engine.obj
 0002:00000960       $unwind$?GetArenaSizeRemaining@@YA_KPEAUmemory_arena@@_K@Z 0000000180014960     p5engine.obj
 0002:00000960       $unwind$?Hadamard@@YA?ATv2@@T1@0@Z 0000000180014960     p5engine.obj
 0002:00000960       $unwind$?Inner@@YAMTv2@@0@Z 0000000180014960     p5engine.obj
 0002:00000960       $unwind$?Inner@@YAMTv3@@0@Z 0000000180014960     p5engine.obj
 0002:00000960       $unwind$?IsCanonical@@YAHPEAUworld@@Tv3@@@Z 0000000180014960     p5engine.obj
 0002:00000960       $unwind$?IsInRectangle@@YAHUrectangle3@@Tv3@@@Z 0000000180014960     p5engine.obj
 0002:00000960       $unwind$?RectanglesIntersect@@YAHUrectangle3@@0@Z 0000000180014960     p5engine.obj
 0002:00000960       $unwind$?ZeroSize@@YAX_KPEAX@Z 0000000180014960     p5engine.obj
 0002:00000960       $unwind$?find_pe_section@@YAPEAU_IMAGE_SECTION_HEADER@@QEAE_K@Z 0000000180014960     MSVCRTD:utility.obj
 0002:00000968       $unwind$?PushSize_@@YAPEAXPEAUmemory_arena@@_K1@Z 0000000180014968     p5engine.obj
 0002:00000970       $unwind$?BeginTemporaryMemory@@YA?AUtemporary_memory@@PEAUmemory_arena@@@Z 0000000180014970     p5engine.obj
 0002:00000984       $unwind$?AllResourcesPresent@@YAHPEAUrender_group@@@Z 0000000180014984     p5engine.obj
 0002:00000984       $unwind$?EndTemporaryMemory@@YAXUtemporary_memory@@@Z 0000000180014984     p5engine.obj
 0002:00000984       $unwind$?GetDim@@YA?ATv2@@Urectangle2@@@Z 0000000180014984     p5engine.obj
 0002:00000984       $unwind$?IsValid@@YAHUworld_position@@@Z 0000000180014984     p5engine.obj
 0002:00000984       $unwind$?LengthSq@@YAMTv2@@@Z 0000000180014984     p5engine.obj
 0002:00000984       $unwind$?RandomBilateral@@YAMPEAUrandom_series@@@Z 0000000180014984     p5engine.obj
 0002:00000984       $unwind$?RandomNextUInt32@@YAIPEAUrandom_series@@@Z 0000000180014984     p5engine.obj
 0002:00000984       $unwind$?RandomUnilateral@@YAMPEAUrandom_series@@@Z 0000000180014984     p5engine.obj
 0002:00000984       $unwind$__CheckForDebuggerJustMyCode 0000000180014984     MSVCRTD:debugger_jmc.obj
 0002:00000984       $unwind$__report_gsfailure 0000000180014984     MSVCRTD:gs_report.obj
 0002:0000098c       $unwind$?CheckArena@@YAXPEAUmemory_arena@@@Z 000000018001498c     p5engine.obj
 0002:0000098c       $unwind$?StoreEntityReference@@YAXPEATentity_reference@@@Z 000000018001498c     p5engine.obj
 0002:0000098c       $unwind$__raise_securityfailure 000000018001498c     MSVCRTD:gs_report.obj
 0002:0000098c       $unwind$?is_potentially_valid_image_base@@YA_NQEAX@Z 000000018001498c     MSVCRTD:utility.obj
 0002:00000994       $unwind$?SubArena@@YAXPEAUmemory_arena@@0_K1@Z 0000000180014994     p5engine.obj
 0002:00000994       $unwind$__GSHandlerCheck   0000000180014994     MSVCRTD:gshandler.obj
 0002:0000099c       $unwind$?AtomicCompareExchangeUInt32@@YAIPECIII@Z 000000018001499c     p5engine.obj
 0002:0000099c       $unwind$?PushRenderElement_@@YAPEAXPEAUrender_group@@IW4render_group_entry_type@@@Z 000000018001499c     p5engine.obj
 0002:0000099c       $unwind$?dllmain_crt_dispatch@@YAHQEAUHINSTANCE__@@KQEAX@Z 000000018001499c     MSVCRTD:dll_dllmain.obj
 0002:0000099c       $unwind$?dllmain_raw@@YAHQEAUHINSTANCE__@@KQEAX@Z 000000018001499c     MSVCRTD:dll_dllmain.obj
 0002:000009a4       $unwind$?AbsoluteValue@@YAMM@Z 00000001800149a4     p5engine.obj
 0002:000009a4       $unwind$?Clamp01@@YAMM@Z   00000001800149a4     p5engine.obj
 0002:000009a4       $unwind$?RoundReal32ToInt32@@YAHM@Z 00000001800149a4     p5engine.obj
 0002:000009a4       $unwind$?RoundReal32ToUInt32@@YAIM@Z 00000001800149a4     p5engine.obj
 0002:000009a4       $unwind$?SignOf@@YAMM@Z    00000001800149a4     p5engine.obj
 0002:000009a4       $unwind$?Sin@@YAMM@Z       00000001800149a4     p5engine.obj
 0002:000009a4       $unwind$?Square@@YAMM@Z    00000001800149a4     p5engine.obj
 0002:000009a4       $unwind$?SquareRoot@@YAMM@Z 00000001800149a4     p5engine.obj
 0002:000009ac       $unwind$?ATan2@@YAMMM@Z    00000001800149ac     p5engine.obj
 0002:000009ac       $unwind$?IsCanonical@@YAHMM@Z 00000001800149ac     p5engine.obj
 0002:000009ac       $unwind$?SafeRatio1@@YAMMM@Z 00000001800149ac     p5engine.obj
 0002:000009b4       $unwind$?Clamp01MapToRange@@YAMMMM@Z 00000001800149b4     p5engine.obj
 0002:000009b4       $unwind$?Clamp@@YAMMMM@Z   00000001800149b4     p5engine.obj
 0002:000009b4       $unwind$?SafeRatioN@@YAMMMM@Z 00000001800149b4     p5engine.obj
 0002:000009bc       $unwind$?V2@@YA?ATv2@@MM@Z 00000001800149bc     p5engine.obj
 0002:000009cc       $unwind$?V2i@@YA?ATv2@@HH@Z 00000001800149cc     p5engine.obj
 0002:000009d4       $unwind$??D@YA?ATv2@@MT0@@Z 00000001800149d4     p5engine.obj
 0002:000009e4       $unwind$??G@YA?ATv2@@T0@0@Z 00000001800149e4     p5engine.obj
 0002:000009e4       $unwind$??H@YA?ATv2@@T0@0@Z 00000001800149e4     p5engine.obj
 0002:000009e4       $unwind$?GetBarycentric@@YA?ATv2@@Urectangle2@@T1@@Z 00000001800149e4     p5engine.obj
 0002:000009f4       $unwind$?Clamp01@@YA?ATv2@@T1@@Z 00000001800149f4     p5engine.obj
 0002:00000a04       $unwind$?V3@@YA?ATv3@@MMM@Z 0000000180014a04     p5engine.obj
 0002:00000a04       $unwind$?V4@@YA?ATv4@@MMMM@Z 0000000180014a04     p5engine.obj
 0002:00000a18       $unwind$??D@YA?ATv3@@MT0@@Z 0000000180014a18     p5engine.obj
 0002:00000a18       $unwind$??D@YA?ATv4@@MT0@@Z 0000000180014a18     p5engine.obj
 0002:00000a18       $unwind$?ToV3@@YA?ATv3@@Tv2@@M@Z 0000000180014a18     p5engine.obj
 0002:00000a2c       $unwind$??D@YA?ATv3@@T0@M@Z 0000000180014a2c     p5engine.obj
 0002:00000a2c       $unwind$?GetCameraRectangleAtDistance@@YA?AUrectangle2@@PEAUrender_group@@M@Z 0000000180014a2c     p5engine.obj
 0002:00000a38       $unwind$??X@YAAEATv3@@AEAT0@M@Z 0000000180014a38     p5engine.obj
 0002:00000a44       $unwind$??G@YA?ATv3@@T0@0@Z 0000000180014a44     p5engine.obj
 0002:00000a44       $unwind$??H@YA?ATv3@@T0@0@Z 0000000180014a44     p5engine.obj
 0002:00000a58       $unwind$??Y@YAAEATv3@@AEAT0@T0@@Z 0000000180014a58     p5engine.obj
 0002:00000a58       $unwind$??Z@YAAEATv3@@AEAT0@T0@@Z 0000000180014a58     p5engine.obj
 0002:00000a58       $unwind$?GetDim@@YA?ATv3@@Urectangle3@@@Z 0000000180014a58     p5engine.obj
 0002:00000a64       $unwind$?AreInSameChunk@@YAHPEAUworld@@PEAUworld_position@@1@Z 0000000180014a64     p5engine.obj
 0002:00000a64       $unwind$?Hadamard@@YA?ATv3@@T1@0@Z 0000000180014a64     p5engine.obj
 0002:00000a64       $unwind$?RectCenterDim@@YA?AUrectangle2@@Tv2@@0@Z 0000000180014a64     p5engine.obj
 0002:00000a70       $unwind$?LengthSq@@YAMTv3@@@Z 0000000180014a70     p5engine.obj
 0002:00000a7c       $unwind$?Length@@YAMTv3@@@Z 0000000180014a7c     p5engine.obj
 0002:00000a7c       $unwind$?MakeEntityNonSpatial@@YAXPEAUsim_entity@@@Z 0000000180014a7c     p5engine.obj
 0002:00000a88       $unwind$?RectCenterHalfDim@@YA?AUrectangle2@@Tv2@@0@Z 0000000180014a88     p5engine.obj
 0002:00000a9c       $unwind$?Intersect@@YA?AUrectangle2i@@U1@0@Z 0000000180014a9c     p5engine.obj
 0002:00000aa8       $unwind$?Clear@@YAXPEAUrender_group@@Tv4@@@Z 0000000180014aa8     p5engine.obj
 0002:00000aa8       $unwind$?GetMaxCorner@@YA?ATv3@@Urectangle3@@@Z 0000000180014aa8     p5engine.obj
 0002:00000aa8       $unwind$?GetMinCorner@@YA?ATv3@@Urectangle3@@@Z 0000000180014aa8     p5engine.obj
 0002:00000ab4       $unwind$?RectMinMax@@YA?AUrectangle3@@Tv3@@0@Z 0000000180014ab4     p5engine.obj
 0002:00000ac8       $unwind$?AddRadiusTo@@YA?AUrectangle3@@U1@Tv3@@@Z 0000000180014ac8     p5engine.obj
 0002:00000ac8       $unwind$?RectCenterHalfDim@@YA?AUrectangle3@@Tv3@@0@Z 0000000180014ac8     p5engine.obj
 0002:00000adc       $unwind$?RectCenterDim@@YA?AUrectangle3@@Tv3@@0@Z 0000000180014adc     p5engine.obj
 0002:00000ae8       $unwind$?RandomSeed@@YA?AUrandom_series@@I@Z 0000000180014ae8     p5engine.obj
 0002:00000af8       $unwind$?AddFlags@@YAXPEAUsim_entity@@I@Z 0000000180014af8     p5engine.obj
 0002:00000af8       $unwind$?ClearFlags@@YAXPEAUsim_entity@@I@Z 0000000180014af8     p5engine.obj
 0002:00000af8       $unwind$?PrefetchSound@@YAXPEAUgame_assets@@Usound_id@@@Z 0000000180014af8     p5engine.obj
 0002:00000b00       $unwind$?MakeEntitySpatial@@YAXPEAUsim_entity@@Tv3@@1@Z 0000000180014b00     p5engine.obj
 0002:00000b0c       $unwind$?GetEntityGroundPoint@@YA?ATv3@@PEAUsim_entity@@T1@@Z 0000000180014b0c     p5engine.obj
 0002:00000b18       $unwind$?GetEntityGroundPoint@@YA?ATv3@@PEAUsim_entity@@@Z 0000000180014b18     p5engine.obj
 0002:00000b24       $unwind$?GetStairGround@@YAMPEAUsim_entity@@Tv3@@@Z 0000000180014b24     p5engine.obj
 0002:00000b30       $unwind$?IsValid@@YAHUsound_id@@@Z 0000000180014b30     p5engine.obj
 0002:00000b38       $unwind$?LoadBitmap@@YAXPEAUgame_assets@@Ubitmap_id@@@Z 0000000180014b38     p5engine.obj
 0002:00000b40       $unwind$?LoadSound@@YAXPEAUgame_assets@@Usound_id@@@Z 0000000180014b40     p5engine.obj
 0002:00000b48       $unwind$?AddCollisionRule@@YAXPEAUgame_state@@IIH@Z 0000000180014b48     p5engine.obj
 0002:00000b50       $unwind$?ClearCollisionRulesFor@@YAXPEAUgame_state@@I@Z 0000000180014b50     p5engine.obj
 0002:00000b58       $unwind$?BeginTaskWithMemory@@YAPEAUtask_with_memory@@PEAUtransient_state@@@Z 0000000180014b58     p5engine.obj
 0002:00000b64       $unwind$?EndTaskWithMemory@@YAXPEAUtask_with_memory@@@Z 0000000180014b64     p5engine.obj
 0002:00000b70       $unwind$?DrawRectangle@@YAXPEAUloaded_bitmap@@Tv2@@1Tv4@@Urectangle2i@@H@Z 0000000180014b70     p5engine.obj
 0002:00000b7c       $unwind$?RenderGroupToOutput@@YAXPEAUrender_group@@PEAUloaded_bitmap@@Urectangle2i@@H@Z 0000000180014b7c     p5engine.obj
 0002:00000b88       $unwind$?DoTiledRenderWork@@YAXPEAUplatform_work_queue@@PEAX@Z 0000000180014b88     p5engine.obj
 0002:00000b94       $unwind$?RenderGroupToOutput@@YAXPEAUrender_group@@PEAUloaded_bitmap@@@Z 0000000180014b94     p5engine.obj
 0002:00000ba8       $unwind$?TiledRenderGroupToOutput@@YAXPEAUplatform_work_queue@@PEAUrender_group@@PEAUloaded_bitmap@@@Z 0000000180014ba8     p5engine.obj
 0002:00000bbc       $unwind$?AllocateRenderGroup@@YAPEAUrender_group@@PEAUgame_assets@@PEAUmemory_arena@@I@Z 0000000180014bbc     p5engine.obj
 0002:00000bc8       $unwind$?InitializeWorld@@YAXPEAUworld@@Tv3@@@Z 0000000180014bc8     p5engine.obj
 0002:00000bd4       $unwind$?Subtract@@YA?ATv3@@PEAUworld@@PEAUworld_position@@1@Z 0000000180014bd4     p5engine.obj
 0002:00000be8       $unwind$?ChangeEntityLocation@@YAXPEAUmemory_arena@@PEAUworld@@IPEAUlow_entity@@Uworld_position@@@Z 0000000180014be8     p5engine.obj
 0002:00000bf4       $unwind$?GetHashFromStorageIndex@@YAPEAUsim_entity_hash@@PEAUsim_region@@I@Z 0000000180014bf4     p5engine.obj
 0002:00000bfc       $unwind$?AddEntity@@YAPEAUsim_entity@@PEAUgame_state@@PEAUsim_region@@IPEAUlow_entity@@PEATv3@@@Z 0000000180014bfc     p5engine.obj
 0002:00000c08       $unwind$?AddEntityRaw@@YAPEAUsim_entity@@PEAUgame_state@@PEAUsim_region@@IPEAUlow_entity@@@Z 0000000180014c08     p5engine.obj
 0002:00000c14       $unwind$?BeginSim@@YAPEAUsim_region@@PEAUmemory_arena@@PEAUgame_state@@PEAUworld@@Uworld_position@@Urectangle3@@M@Z 0000000180014c14     p5engine.obj
 0002:00000c28       $unwind$?EndSim@@YAXPEAUsim_region@@PEAUgame_state@@@Z 0000000180014c28     p5engine.obj
 0002:00000c34       $unwind$?CanCollide@@YAHPEAUgame_state@@PEAUsim_entity@@1@Z 0000000180014c34     p5engine.obj
 0002:00000c3c       $unwind$?HandleCollision@@YAHPEAUgame_state@@PEAUsim_entity@@1@Z 0000000180014c3c     p5engine.obj
 0002:00000c44       $unwind$?CanOverlap@@YAHPEAUgame_state@@PEAUsim_entity@@1@Z 0000000180014c44     p5engine.obj
 0002:00000c4c       $unwind$?HandleOverlap@@YAXPEAUgame_state@@PEAUsim_entity@@1MPEAM@Z 0000000180014c4c     p5engine.obj
 0002:00000c58       $unwind$?SpeculativeCollide@@YAHPEAUsim_entity@@0Tv3@@@Z 0000000180014c58     p5engine.obj
 0002:00000c64       $unwind$?EntitiesOverlap@@YAHPEAUsim_entity@@0Tv3@@@Z 0000000180014c64     p5engine.obj
 0002:00000c70       $unwind$?MoveEntity@@YAXPEAUgame_state@@PEAUsim_region@@PEAUsim_entity@@MPEAUmove_spec@@Tv3@@@Z 0000000180014c70     p5engine.obj
 0002:00000c84       $unwind$?LoadBitmapWork@@YAXPEAUplatform_work_queue@@PEAX@Z 0000000180014c84     p5engine.obj
 0002:00000c8c       $unwind$?LoadSoundWork@@YAXPEAUplatform_work_queue@@PEAX@Z 0000000180014c8c     p5engine.obj
 0002:00000c94       $unwind$?GetBestMatchAssetFrom@@YAIPEAUgame_assets@@W4asset_type_id@@PEAUasset_vector@@2@Z 0000000180014c94     p5engine.obj
 0002:00000c9c       $unwind$?GetRandomAssetFrom@@YAIPEAUgame_assets@@W4asset_type_id@@PEAUrandom_series@@@Z 0000000180014c9c     p5engine.obj
 0002:00000ca4       $unwind$?GetFirstAssetFrom@@YAIPEAUgame_assets@@W4asset_type_id@@@Z 0000000180014ca4     p5engine.obj
 0002:00000cac       $unwind$?GetBestMatchBitmapFrom@@YA?AUbitmap_id@@PEAUgame_assets@@W4asset_type_id@@PEAUasset_vector@@2@Z 0000000180014cac     p5engine.obj
 0002:00000cb4       $unwind$?GetFirstBitmapFrom@@YA?AUbitmap_id@@PEAUgame_assets@@W4asset_type_id@@@Z 0000000180014cb4     p5engine.obj
 0002:00000cbc       $unwind$?GetRandomBitmapFrom@@YA?AUbitmap_id@@PEAUgame_assets@@W4asset_type_id@@PEAUrandom_series@@@Z 0000000180014cbc     p5engine.obj
 0002:00000cc4       $unwind$?GetFirstSoundFrom@@YA?AUsound_id@@PEAUgame_assets@@W4asset_type_id@@@Z 0000000180014cc4     p5engine.obj
 0002:00000ccc       $unwind$?GetRandomSoundFrom@@YA?AUsound_id@@PEAUgame_assets@@W4asset_type_id@@PEAUrandom_series@@@Z 0000000180014ccc     p5engine.obj
 0002:00000cd4       $unwind$?AllocateGameAssets@@YAPEAUgame_assets@@PEAUmemory_arena@@_KPEAUtransient_state@@@Z 0000000180014cd4     p5engine.obj
 0002:00000ce0       $unwind$?PlaySound@@YAPEAUplaying_sound@@PEAUaudio_state@@Usound_id@@@Z 0000000180014ce0     p5engine.obj
 0002:00000ce8       $unwind$?ChangeVolume@@YAXPEAUaudio_state@@PEAUplaying_sound@@MTv2@@@Z 0000000180014ce8     p5engine.obj
 0002:00000cf0       $unwind$?OutputPlayingSounds@@YAXPEAUaudio_state@@PEAUgame_sound_output_buffer@@PEAUgame_assets@@PEAUmemory_arena@@@Z 0000000180014cf0     p5engine.obj
 0002:00000d04       $unwind$?InitializeAudioState@@YAXPEAUaudio_state@@PEAUmemory_arena@@@Z 0000000180014d04     p5engine.obj
 0002:00000d0c       $unwind$?AddLowEntity@@YA?AUadd_low_entity_result@@PEAUgame_state@@W4entity_type@@Uworld_position@@@Z 0000000180014d0c     p5engine.obj
 0002:00000d20       $unwind$?AddGroundedEntity@@YA?AUadd_low_entity_result@@PEAUgame_state@@W4entity_type@@Uworld_position@@PEAUsim_entity_collision_volume_group@@@Z 0000000180014d20     p5engine.obj
 0002:00000d2c       $unwind$?AddStandardRoom@@YA?AUadd_low_entity_result@@PEAUgame_state@@III@Z 0000000180014d2c     p5engine.obj
 0002:00000d38       $unwind$?AddWall@@YA?AUadd_low_entity_result@@PEAUgame_state@@III@Z 0000000180014d38     p5engine.obj
 0002:00000d44       $unwind$?AddStairs@@YA?AUadd_low_entity_result@@PEAUgame_state@@III@Z 0000000180014d44     p5engine.obj
 0002:00000d50       $unwind$?InitHitPoints@@YAXPEAUlow_entity@@I@Z 0000000180014d50     p5engine.obj
 0002:00000d58       $unwind$?AddSword@@YA?AUadd_low_entity_result@@PEAUgame_state@@@Z 0000000180014d58     p5engine.obj
 0002:00000d64       $unwind$?AddPlayer@@YA?AUadd_low_entity_result@@PEAUgame_state@@@Z 0000000180014d64     p5engine.obj
 0002:00000d70       $unwind$?AddMonstar@@YA?AUadd_low_entity_result@@PEAUgame_state@@III@Z 0000000180014d70     p5engine.obj
 0002:00000d7c       $unwind$?AddFamiliar@@YA?AUadd_low_entity_result@@PEAUgame_state@@III@Z 0000000180014d7c     p5engine.obj
 0002:00000d88       $unwind$?DrawHitpoints@@YAXPEAUsim_entity@@PEAUrender_group@@@Z 0000000180014d88     p5engine.obj
 0002:00000d9c       $unwind$?MakeSimpleGroundedCollision@@YAPEAUsim_entity_collision_volume_group@@PEAUgame_state@@MMM@Z 0000000180014d9c     p5engine.obj
 0002:00000da8       $unwind$?MakeNullCollision@@YAPEAUsim_entity_collision_volume_group@@PEAUgame_state@@@Z 0000000180014da8     p5engine.obj
 0002:00000db4       $unwind$?FillGroundChunkWork@@YAXPEAUplatform_work_queue@@PEAX@Z 0000000180014db4     p5engine.obj
 0002:00000dbc       $unwind$?FillGroundChunk@@YAXPEAUtransient_state@@PEAUgame_state@@PEAUground_buffer@@PEAUworld_position@@@Z 0000000180014dbc     p5engine.obj
 0002:00000dd0       $unwind$?ClearBitmap@@YAXPEAUloaded_bitmap@@@Z 0000000180014dd0     p5engine.obj
 0002:00000dd8       $unwind$?MakeEmptyBitmap@@YA?AUloaded_bitmap@@PEAUmemory_arena@@HHH@Z 0000000180014dd8     p5engine.obj
 0002:00000dec       $unwind$?MakeSphereDiffuseMap@@YAXPEAUloaded_bitmap@@MM@Z 0000000180014dec     p5engine.obj
 0002:00000df8       $unwind$?MakeSphereNormalMap@@YAXPEAUloaded_bitmap@@MMM@Z 0000000180014df8     p5engine.obj
 0002:00000e04       $unwind$GameUpdateAndRender 0000000180014e04     p5engine.obj
 0002:00000e18       $unwind$GameGetSoundSamples 0000000180014e18     p5engine.obj
 0002:00000e20       $unwind$?GetRenderEntityBasisPos@@YA?AUentity_basis_p_result@@PEAUrender_transform@@Tv3@@@Z 0000000180014e20     p5engine.obj
 0002:00000e34       $unwind$?PushBitmap@@YAXPEAUrender_group@@PEAUloaded_bitmap@@Tv3@@MTv4@@@Z 0000000180014e34     p5engine.obj
 0002:00000e40       $unwind$?PushBitmap@@YAXPEAUrender_group@@Ubitmap_id@@Tv3@@MTv4@@@Z 0000000180014e40     p5engine.obj
 0002:00000e4c       $unwind$?PushRect@@YAXPEAUrender_group@@Tv3@@Tv2@@Tv4@@@Z 0000000180014e4c     p5engine.obj
 0002:00000e58       $unwind$?PushRectOutline@@YAXPEAUrender_group@@Tv3@@Tv2@@Tv4@@@Z 0000000180014e58     p5engine.obj
 0002:00000e64       $unwind$?Orthographic@@YAXPEAUrender_group@@HHM@Z 0000000180014e64     p5engine.obj
 0002:00000e64       $unwind$?Perspective@@YAXPEAUrender_group@@HHMMM@Z 0000000180014e64     p5engine.obj
 0002:00000e6c       $unwind$?RecanonicalizeCoord@@YAXMPEAHPEAM@Z 0000000180014e6c     p5engine.obj
 0002:00000e6c       $unwind$?Unproject@@YA?ATv2@@PEAUrender_group@@T1@M@Z 0000000180014e6c     p5engine.obj
 0002:00000e74       $unwind$?GetCameraRectangleAtTarget@@YA?AUrectangle2@@PEAUrender_group@@@Z 0000000180014e74     p5engine.obj
 0002:00000e80       $unwind$?NullPosition@@YA?AUworld_position@@XZ 0000000180014e80     p5engine.obj
 0002:00000e94       $unwind$?GetWorldChunk@@YAPEAUworld_chunk@@PEAUworld@@HHHPEAUmemory_arena@@@Z 0000000180014e94     p5engine.obj
 0002:00000e94       $unwind$__scrt_dllmain_exception_filter 0000000180014e94     MSVCRTD:utility.obj
 0002:00000e9c       $unwind$?MapIntoChunkSpace@@YA?AUworld_position@@PEAUworld@@U1@Tv3@@@Z 0000000180014e9c     p5engine.obj
 0002:00000eb0       $unwind$?ChunkPositionFromTilePosition@@YA?AUworld_position@@PEAUworld@@HHHTv3@@@Z 0000000180014eb0     p5engine.obj
 0002:00000ec4       $unwind$?CenteredChunkPoint@@YA?AUworld_position@@III@Z 0000000180014ec4     p5engine.obj
 0002:00000ed8       $unwind$?ChangeEntityLocationRaw@@YAXPEAUmemory_arena@@PEAUworld@@IPEAUworld_position@@2@Z 0000000180014ed8     p5engine.obj
 0002:00000ee4       $unwind$?GetSimSpacePos@@YA?ATv3@@PEAUsim_region@@PEAUlow_entity@@@Z 0000000180014ee4     p5engine.obj
 0002:00000ef0       $unwind$?LoadEntityReference@@YAXPEAUgame_state@@PEAUsim_region@@PEATentity_reference@@@Z 0000000180014ef0     p5engine.obj
 0002:00000f04       $unwind$?EntityOverlapsRectangle@@YAHTv3@@Usim_entity_collision_volume@@Urectangle3@@@Z 0000000180014f04     p5engine.obj
 0002:00000f10       $unwind$?DefaultMoveSpec@@YA?AUmove_spec@@XZ 0000000180014f10     p5engine.obj
 0002:00000f24       $unwind$?DrawRectangleQuickly@@YAXPEAUloaded_bitmap@@Tv2@@11Tv4@@0MUrectangle2i@@H@Z 0000000180014f24     p5engine_optimized.obj
 0002:00000f4c       $chain$9$?DrawRectangleQuickly@@YAXPEAUloaded_bitmap@@Tv2@@11Tv4@@0MUrectangle2i@@H@Z 0000000180014f4c     p5engine_optimized.obj
 0002:00000f84       $chain$10$?DrawRectangleQuickly@@YAXPEAUloaded_bitmap@@Tv2@@11Tv4@@0MUrectangle2i@@H@Z 0000000180014f84     p5engine_optimized.obj
 0002:00000f94       $unwind$__GSHandlerCheckCommon 0000000180014f94     MSVCRTD:gshandler.obj
 0002:00000fa0       $xdatasym                  0000000180014fa0     MSVCRTD:chkstk.obj
 0002:00000fa8       $xdatasym                  0000000180014fa8     MSVCRTD:amdsecgs.obj
 0002:00000fac       $unwind$?dllmain_crt_process_attach@@YAHQEAUHINSTANCE__@@QEAX@Z 0000000180014fac     MSVCRTD:dll_dllmain.obj
 0002:00000fcc       $unwind$?fin$0@?0??dllmain_crt_process_attach@@YAHQEAUHINSTANCE__@@QEAX@Z@4HA 0000000180014fcc     MSVCRTD:dll_dllmain.obj
 0002:00000fcc       $unwind$?fin$0@?0??dllmain_crt_process_detach@@YAH_N@Z@4HA 0000000180014fcc     MSVCRTD:dll_dllmain.obj
 0002:00000fcc       $unwind$?fin$1@?0??dllmain_crt_process_detach@@YAH_N@Z@4HA 0000000180014fcc     MSVCRTD:dll_dllmain.obj
 0002:00000fcc       $unwind$__scrt_is_nonwritable_in_current_image$filt$0 0000000180014fcc     MSVCRTD:utility.obj
 0002:00000fd4       $unwind$?dllmain_crt_process_detach@@YAH_N@Z 0000000180014fd4     MSVCRTD:dll_dllmain.obj
 0002:00001004       $unwind$?dllmain_dispatch@@YAHQEAUHINSTANCE__@@KQEAX@Z 0000000180015004     MSVCRTD:dll_dllmain.obj
 0002:00001024       $unwind$?filt$0@?0??dllmain_dispatch@@YAHQEAUHINSTANCE__@@KQEAX@Z@4HA 0000000180015024     MSVCRTD:dll_dllmain.obj
 0002:0000102c       $unwind$_DllMainCRTStartup 000000018001502c     MSVCRTD:dll_dllmain.obj
 0002:0000102c       $unwind$DllMain            000000018001502c     MSVCRTD:dll_dllmain_stub.obj
 0002:00001034       $unwind$capture_previous_context 0000000180015034     MSVCRTD:gs_report.obj
 0002:0000103c       $unwind$__scrt_initialize_default_local_stdio_options 000000018001503c     MSVCRTD:default_local_stdio_options.obj
 0002:0000103c       $unwind$__security_init_cookie 000000018001503c     MSVCRTD:gs_support.obj
 0002:00001044       $unwind$__get_entropy      0000000180015044     MSVCRTD:gs_support.obj
 0002:0000104c       $unwind$?__scrt_initialize_type_info@@YAXXZ 000000018001504c     MSVCRTD:tncleanup.obj
 0002:0000104c       $unwind$?__scrt_uninitialize_type_info@@YAXXZ 000000018001504c     MSVCRTD:tncleanup.obj
 0002:0000104c       $unwind$?configure_argv@__scrt_narrow_argv_policy@@SAHXZ 000000018001504c     MSVCRTD:utility.obj
 0002:0000104c       $unwind$?initialize_environment@__scrt_narrow_environment_policy@@SAHXZ 000000018001504c     MSVCRTD:utility.obj
 0002:0000104c       $unwind$__scrt_dllmain_after_initialize_c 000000018001504c     MSVCRTD:utility.obj
 0002:0000104c       $unwind$__scrt_dllmain_before_initialize_c 000000018001504c     MSVCRTD:utility.obj
 0002:0000104c       $unwind$__scrt_dllmain_crt_thread_attach 000000018001504c     MSVCRTD:utility.obj
 0002:0000104c       $unwind$__scrt_dllmain_crt_thread_detach 000000018001504c     MSVCRTD:utility.obj
 0002:0000104c       $unwind$__scrt_dllmain_uninitialize_c 000000018001504c     MSVCRTD:utility.obj
 0002:0000104c       $unwind$__scrt_dllmain_uninitialize_critical 000000018001504c     MSVCRTD:utility.obj
 0002:00001054       $unwind$__scrt_is_nonwritable_in_current_image 0000000180015054     MSVCRTD:utility.obj
 0002:00001074       $unwind$__scrt_acquire_startup_lock 0000000180015074     MSVCRTD:utility.obj
 0002:0000107c       $unwind$__scrt_initialize_crt 000000018001507c     MSVCRTD:utility.obj
 0002:0000107c       $unwind$__scrt_release_startup_lock 000000018001507c     MSVCRTD:utility.obj
 0002:00001084       $unwind$__scrt_uninitialize_crt 0000000180015084     MSVCRTD:utility.obj
 0002:0000108c       $unwind$__scrt_initialize_onexit_tables 000000018001508c     MSVCRTD:utility.obj
 0002:00001098       $unwind$__scrt_fastfail    0000000180015098     MSVCRTD:utility_desktop.obj
 0002:000010a4       $unwind$_RTC_Initialize    00000001800150a4     MSVCRTD:initsect.obj
 0002:000010a4       $unwind$_RTC_Terminate     00000001800150a4     MSVCRTD:initsect.obj
 0002:000010b0       $unwind$__isa_available_init 00000001800150b0     MSVCRTD:cpu_disp.obj
 0002:000010c0       $unwind$__scrt_is_ucrt_dll_in_use 00000001800150c0     MSVCRTD:ucrt_detection.obj
 0002:000010c8       $xdatasym                  00000001800150c8     MSVCRTD:guard_dispatch.obj
 0002:000010d0       $xdatasym                  00000001800150d0     MSVCRTD:guard_xfg_dispatch.obj
 0002:000010e0       .edata                     00000001800150e0     P5Engine.exp
 0002:00001108       rgpv                       0000000180015108     P5Engine.exp
 0002:00001110       rgszName                   0000000180015110     P5Engine.exp
 0002:00001118       rgwOrd                     0000000180015118     P5Engine.exp
 0002:0000111c       szName                     000000018001511c     P5Engine.exp
 0002:00001129       $N00001                    0000000180015129     P5Engine.exp
 0002:0000113d       $N00002                    000000018001513d     P5Engine.exp
 0002:000012e0       .idata$6                   00000001800152e0     vcruntimed:VCRUNTIME140D.dll
 0002:000013ba       .idata$6                   00000001800153ba     ucrtd:ucrtbased.dll
 0002:0000152e       .idata$6                   000000018001552e     kernel32:KERNEL32.dll
 0003:00000000       ?RandomNumberTable@@3PAIA  0000000180016000     p5engine.obj
 0003:00004048       ?PlatformAddEntry@@3P6AXPEAUplatform_work_queue@@P6AX0PEAX@Z1@ZEA 000000018001a048     p5engine.obj
 0003:00004050       ?PlatformCompleteAllWork@@3P6AXPEAUplatform_work_queue@@@ZEA 000000018001a050     p5engine.obj
 0003:00004058       ?PlatformReadEntireFile@@3P6A?AUdebug_read_file_result@@PEAD@ZEA 000000018001a058     p5engine.obj
 0003:00004060       ?__proc_attached@@3HA      000000018001a060     MSVCRTD:dll_dllmain.obj
 0003:00004070       GS_ExceptionRecord         000000018001a070     MSVCRTD:gs_report.obj
 0003:00004110       GS_ContextRecord           000000018001a110     MSVCRTD:gs_report.obj
 0003:00004610       ?is_initialized_as_dll@@3_NA 000000018001a610     MSVCRTD:utility.obj
 0003:00004611       ?module_local_atexit_table_initialized@@3_NA 000000018001a611     MSVCRTD:utility.obj
 0003:00004618       ?module_local_atexit_table@@3U_onexit_table_t@@A 000000018001a618     MSVCRTD:utility.obj
 0003:00004630       ?module_local_at_quick_exit_table@@3U_onexit_table_t@@A 000000018001a630     MSVCRTD:utility.obj
 0005:00000000       __20BB4341_malloc@h        000000018001c000     p5engine.obj
 0005:00000001       __CA2E469F_p5engine_types@h 000000018001c001     p5engine.obj
 0005:00000002       __13F3F6DF_p5engine_platform@h 000000018001c002     p5engine.obj
 0005:00000003       __741AE07E_corecrt_math@h  000000018001c003     p5engine.obj
 0005:00000004       __59D680CA_p5engine_intrinsics@h 000000018001c004     p5engine.obj
 0005:00000005       __F7DD5931_p5engine_math@h 000000018001c005     p5engine.obj
 0005:00000006       __7BC1EBB1_p5engine_random@h 000000018001c006     p5engine.obj
 0005:00000007       __3D1D9D14_p5engine_entity@h 000000018001c007     p5engine.obj
 0005:00000008       __1CBCBAC5_p5engine_asset@h 000000018001c008     p5engine.obj
 0005:00000009       __041FA700_p5engine@h      000000018001c009     p5engine.obj
 0005:0000000a       __90CAD781_p5engine_render_group@cpp 000000018001c00a     p5engine.obj
 0005:0000000b       __FB00506F_p5engine_world@cpp 000000018001c00b     p5engine.obj
 0005:0000000c       __F0D5BF50_p5engine_sim_region@cpp 000000018001c00c     p5engine.obj
 0005:0000000d       __D37FE29A_p5engine_entity@cpp 000000018001c00d     p5engine.obj
 0005:0000000e       __EE56820E_p5engine_asset@cpp 000000018001c00e     p5engine.obj
 0005:0000000f       __EAB24F21_p5engine_audio@cpp 000000018001c00f     p5engine.obj
 0005:00000010       __3BDDD57F_p5engine@cpp    000000018001c010     p5engine.obj
 0005:00000011       __20BB4341_malloc@h        000000018001c011     p5engine_optimized.obj
 0005:00000012       __CA2E469F_p5engine_types@h 000000018001c012     p5engine_optimized.obj
 0005:00000013       __13F3F6DF_p5engine_platform@h 000000018001c013     p5engine_optimized.obj
 0005:00000014       __741AE07E_corecrt_math@h  000000018001c014     p5engine_optimized.obj
 0005:00000015       __59D680CA_p5engine_intrinsics@h 000000018001c015     p5engine_optimized.obj
 0005:00000016       __F7DD5931_p5engine_math@h 000000018001c016     p5engine_optimized.obj
 0005:00000017       __7BC1EBB1_p5engine_random@h 000000018001c017     p5engine_optimized.obj
 0005:00000018       __3D1D9D14_p5engine_entity@h 000000018001c018     p5engine_optimized.obj
 0005:00000019       __1CBCBAC5_p5engine_asset@h 000000018001c019     p5engine_optimized.obj
 0005:0000001a       __041FA700_p5engine@h      000000018001c01a     p5engine_optimized.obj
 0005:0000001b       __7502472A_p5engine_optimized@cpp 000000018001c01b     p5engine_optimized.obj
 0006:00000060       $R000000                   000000018001d060     * linker generated manifest res *
