 P5Engine

 Timestamp is 634b88d2 (Sat Oct 15 23:30:10 2022)

 Preferred load address is 0000000180000000

 Start         Length     Name                   Class
 0001:00000000 000148a0H .text$mn                CODE
 0001:000148a0 00000040H .text$mn$00             CODE
 0001:000148e0 000000ddH .text$x                 CODE
 0002:00000000 00000100H .idata$5                DATA
 0002:00000100 00000028H .00cfg                  DATA
 0002:00000128 00000008H .CRT$XCA                DATA
 0002:00000130 00000008H .CRT$XCZ                DATA
 0002:00000138 00000008H .CRT$XIA                DATA
 0002:00000140 00000008H .CRT$XIZ                DATA
 0002:00000148 00000008H .CRT$XPA                DATA
 0002:00000150 00000008H .CRT$XPZ                DATA
 0002:00000158 00000008H .CRT$XTA                DATA
 0002:00000160 00000010H .CRT$XTZ                DATA
 0002:00000168 00000000H .gehcont$y              DATA
 0002:00000168 00000000H .gfids$y                DATA
 0002:00000170 00000410H .rdata                  DATA
 0002:00000580 00000000H .rdata$CastGuardVftablesA DATA
 0002:00000580 00000000H .rdata$CastGuardVftablesC DATA
 0002:00000580 0000015cH .rdata$voltmd           DATA
 0002:000006dc 000002dcH .rdata$zzzdbg           DATA
 0002:000009b8 00000008H .rtc$IAA                DATA
 0002:000009c0 00000008H .rtc$IZZ                DATA
 0002:000009c8 00000008H .rtc$TAA                DATA
 0002:000009d0 00000008H .rtc$TZZ                DATA
 0002:000009d8 000007a8H .xdata                  DATA
 0002:00001180 00000074H .edata                  DATA
 0002:000011f4 0000003cH .idata$2                DATA
 0002:00001230 00000018H .idata$3                DATA
 0002:00001248 00000100H .idata$4                DATA
 0002:00001348 00000294H .idata$6                DATA
 0003:00000000 00004040H .data                   DATA
 0003:00004040 0000066cH .bss                    DATA
 0004:00000000 00000ae0H .pdata                  DATA
 0005:00000000 0000001cH .msvcjmc                DATA
 0006:00000000 00000060H .rsrc$01                DATA
 0006:00000060 00000098H .rsrc$02                DATA

  Address         Publics by Value              Rva+Base               Lib:Object

 0000:00000000       __guard_longjmp_table      0000000000000000     <absolute>
 0000:00000000       __hybrid_auxiliary_iat_copy 0000000000000000     <absolute>
 0000:00000000       __hybrid_auxiliary_iat     0000000000000000     <absolute>
 0000:00000000       __AbsoluteZero             0000000000000000     <absolute>
 0000:00000000       __dynamic_value_reloc_table 0000000000000000     <absolute>
 0000:00000000       __x64_code_ranges_to_entry_points 0000000000000000     <absolute>
 0000:00000000       __guard_longjmp_count      0000000000000000     <absolute>
 0000:00000000       __guard_iat_count          0000000000000000     <absolute>
 0000:00000000       ___safe_se_handler_count   0000000000000000     <absolute>
 0000:00000000       __guard_check_icall_a64n_fptr 0000000000000000     <absolute>
 0000:00000000       __hybrid_code_map_count    0000000000000000     <absolute>
 0000:00000000       __arm64x_extra_rfe_table_size 0000000000000000     <absolute>
 0000:00000000       __guard_fids_table         0000000000000000     <absolute>
 0000:00000000       __guard_iat_table          0000000000000000     <absolute>
 0000:00000000       __hybrid_code_map          0000000000000000     <absolute>
 0000:00000000       __arm64x_redirection_metadata 0000000000000000     <absolute>
 0000:00000000       __guard_eh_cont_count      0000000000000000     <absolute>
 0000:00000000       __arm64x_extra_rfe_table   0000000000000000     <absolute>
 0000:00000000       __x64_code_ranges_to_entry_points_count 0000000000000000     <absolute>
 0000:00000000       __arm64x_redirection_metadata_count 0000000000000000     <absolute>
 0000:00000000       __enclave_config           0000000000000000     <absolute>
 0000:00000000       __arm64x_native_entrypoint 0000000000000000     <absolute>
 0000:00000000       ___safe_se_handler_table   0000000000000000     <absolute>
 0000:00000000       __guard_fids_count         0000000000000000     <absolute>
 0000:00000000       __guard_eh_cont_table      0000000000000000     <absolute>
 0000:00000100       __guard_flags              0000000000000100     <absolute>
 0000:00000000       __ImageBase                0000000180000000     <linker-defined>
 0001:00008a10       GameUpdateAndRender        0000000180009a10 f   p5engine.obj
 0001:0000d5c0       GameGetSoundSamples        000000018000e5c0 f   p5engine.obj
 0001:0000d630       ??D@YA?ATv2@@MT0@@Z        000000018000e630 f i p5engine.obj
 0001:0000d6b0       ??D@YA?ATv3@@MT0@@Z        000000018000e6b0 f i p5engine.obj
 0001:0000d760       ??D@YA?ATv3@@T0@M@Z        000000018000e760 f i p5engine.obj
 0001:0000d7e0       ??D@YA?ATv4@@MT0@@Z        000000018000e7e0 f i p5engine.obj
 0001:0000d8b0       ??G@YA?ATv2@@T0@0@Z        000000018000e8b0 f i p5engine.obj
 0001:0000d930       ??G@YA?ATv3@@T0@0@Z        000000018000e930 f i p5engine.obj
 0001:0000d9f0       ??H@YA?ATv2@@T0@0@Z        000000018000e9f0 f i p5engine.obj
 0001:0000da70       ??H@YA?ATv3@@T0@0@Z        000000018000ea70 f i p5engine.obj
 0001:0000db30       ??H@YA?ATv4@@T0@0@Z        000000018000eb30 f i p5engine.obj
 0001:0000dc10       ??X@YAAEATv3@@AEAT0@M@Z    000000018000ec10 f i p5engine.obj
 0001:0000dc90       ??Y@YAAEATv2@@AEAT0@T0@@Z  000000018000ec90 f i p5engine.obj
 0001:0000dce0       ??Y@YAAEATv3@@AEAT0@T0@@Z  000000018000ece0 f i p5engine.obj
 0001:0000dd80       ??Y@YAAEATv4@@AEAT0@T0@@Z  000000018000ed80 f i p5engine.obj
 0001:0000de20       ??Z@YAAEATv3@@AEAT0@T0@@Z  000000018000ee20 f i p5engine.obj
 0001:0000dec0       ?ATan2@@YAMMM@Z            000000018000eec0 f i p5engine.obj
 0001:0000df10       ?AbsoluteValue@@YAMM@Z     000000018000ef10 f i p5engine.obj
 0001:0000df50       ?AddFlags@@YAXPEAUsim_entity@@I@Z 000000018000ef50 f i p5engine.obj
 0001:0000df90       ?AddRadiusTo@@YA?AUrectangle3@@U1@Tv3@@@Z 000000018000ef90 f i p5engine.obj
 0001:0000e100       ?AllResourcesPresent@@YAHPEAUrender_group@@@Z 000000018000f100 f i p5engine.obj
 0001:0000e150       ?AreInSameChunk@@YAHPEAUworld@@PEAUworld_position@@1@Z 000000018000f150 f i p5engine.obj
 0001:0000e250       ?AtomicCompareExchangeUInt32@@YAIPECIII@Z 000000018000f250 f i p5engine.obj
 0001:0000e2a0       ?BeginTemporaryMemory@@YA?AUtemporary_memory@@PEAUmemory_arena@@@Z 000000018000f2a0 f i p5engine.obj
 0001:0000e340       ?CenteredChunkPoint@@YA?AUworld_position@@III@Z 000000018000f340 f i p5engine.obj
 0001:0000e3d0       ?ChangeEntityLocationRaw@@YAXPEAUmemory_arena@@PEAUworld@@IPEAUworld_position@@2@Z 000000018000f3d0 f i p5engine.obj
 0001:0000e7c0       ?CheckArena@@YAXPEAUmemory_arena@@@Z 000000018000f7c0 f i p5engine.obj
 0001:0000e7f0       ?ChunkPositionFromTilePosition@@YA?AUworld_position@@PEAUworld@@HHHTv3@@@Z 000000018000f7f0 f i p5engine.obj
 0001:0000ea90       ?Clamp01@@YA?ATv2@@T1@@Z   000000018000fa90 f i p5engine.obj
 0001:0000eb00       ?Clamp01@@YAMM@Z           000000018000fb00 f i p5engine.obj
 0001:0000eb40       ?Clamp01MapToRange@@YAMMMM@Z 000000018000fb40 f i p5engine.obj
 0001:0000ebc0       ?Clamp@@YAMMMM@Z           000000018000fbc0 f i p5engine.obj
 0001:0000ec30       ?Clear@@YAXPEAUrender_group@@Tv4@@@Z 000000018000fc30 f i p5engine.obj
 0001:0000ec90       ?ClearFlags@@YAXPEAUsim_entity@@I@Z 000000018000fc90 f i p5engine.obj
 0001:0000ecd0       ?DefaultMoveSpec@@YA?AUmove_spec@@XZ 000000018000fcd0 f i p5engine.obj
 0001:0000ed70       ?EndTemporaryMemory@@YAXUtemporary_memory@@@Z 000000018000fd70 f i p5engine.obj
 0001:0000edf0       ?EntityOverlapsRectangle@@YAHTv3@@Usim_entity_collision_volume@@Urectangle3@@@Z 000000018000fdf0 f i p5engine.obj
 0001:0000ef80       ?GetAlignmentOffset@@YA_KPEAUmemory_arena@@_K@Z 000000018000ff80 f i p5engine.obj
 0001:0000f010       ?GetArenaSizeRemaining@@YA_KPEAUmemory_arena@@_K@Z 0000000180010010 f i p5engine.obj
 0001:0000f070       ?GetBarycentric@@YA?ATv2@@Urectangle2@@T1@@Z 0000000180010070 f i p5engine.obj
 0001:0000f120       ?GetSound@@YAPEAUloaded_sound@@PEAUgame_assets@@Usound_id@@@Z 0000000180010120 f i p5engine.obj
 0001:0000f120       ?GetBitmap@@YAPEAUloaded_bitmap@@PEAUgame_assets@@Ubitmap_id@@@Z 0000000180010120 f i p5engine.obj
 0001:0000f1a0       ?GetCameraRectangleAtDistance@@YA?AUrectangle2@@PEAUrender_group@@M@Z 00000001800101a0 f i p5engine.obj
 0001:0000f240       ?GetCameraRectangleAtTarget@@YA?AUrectangle2@@PEAUrender_group@@@Z 0000000180010240 f i p5engine.obj
 0001:0000f2b0       ?GetDim@@YA?ATv2@@Urectangle2@@@Z 00000001800102b0 f i p5engine.obj
 0001:0000f2f0       ?GetDim@@YA?ATv3@@Urectangle3@@@Z 00000001800102f0 f i p5engine.obj
 0001:0000f390       ?GetEntityGroundPoint@@YA?ATv3@@PEAUsim_entity@@@Z 0000000180010390 f i p5engine.obj
 0001:0000f410       ?GetEntityGroundPoint@@YA?ATv3@@PEAUsim_entity@@T1@@Z 0000000180010410 f i p5engine.obj
 0001:0000f470       ?GetFileHandleFor@@YAPEAUplatform_file_handle@@PEAUgame_assets@@I@Z 0000000180010470 f i p5engine.obj
 0001:0000f4d0       ?GetLowEntity@@YAPEAUlow_entity@@PEAUgame_state@@I@Z 00000001800104d0 f i p5engine.obj
 0001:0000f540       ?GetMaxCorner@@YA?ATv3@@Urectangle3@@@Z 0000000180010540 f i p5engine.obj
 0001:0000f5a0       ?GetMinCorner@@YA?ATv3@@Urectangle3@@@Z 00000001800105a0 f i p5engine.obj
 0001:0000f5f0       ?GetNextSoundInChain@@YA?AUsound_id@@PEAUgame_assets@@U1@@Z 00000001800105f0 f i p5engine.obj
 0001:0000f6b0       ?GetRenderEntityBasisPos@@YA?AUentity_basis_p_result@@PEAUrender_transform@@Tv3@@@Z 00000001800106b0 f i p5engine.obj
 0001:0000f950       ?GetSimSpacePos@@YA?ATv3@@PEAUsim_region@@PEAUlow_entity@@@Z 0000000180010950 f i p5engine.obj
 0001:0000fa40       ?GetSoundInfo@@YAPEAUp5a_sound@@PEAUgame_assets@@Usound_id@@@Z 0000000180010a40 f i p5engine.obj
 0001:0000faa0       ?GetStairGround@@YAMPEAUsim_entity@@Tv3@@@Z 0000000180010aa0 f i p5engine.obj
 0001:0000fb90       ?GetWorldChunk@@YAPEAUworld_chunk@@PEAUworld@@HHHPEAUmemory_arena@@@Z 0000000180010b90 f i p5engine.obj
 0001:0000fd80       ?Hadamard@@YA?ATv2@@T1@0@Z 0000000180010d80 f i p5engine.obj
 0001:0000fde0       ?Hadamard@@YA?ATv3@@T1@0@Z 0000000180010de0 f i p5engine.obj
 0001:0000fea0       ?HasFlag@@YAHPEAUsim_entity@@I@Z 0000000180010ea0 f i p5engine.obj
 0001:0000fee0       ?InitializeArena@@YAXPEAUmemory_arena@@_KPEAX@Z 0000000180010ee0 f i p5engine.obj
 0001:0000ff40       ?Inner@@YAMTv2@@0@Z        0000000180010f40 f i p5engine.obj
 0001:0000ff90       ?Inner@@YAMTv3@@0@Z        0000000180010f90 f i p5engine.obj
 0001:00010000       ?Intersect@@YA?AUrectangle2i@@U1@0@Z 0000000180011000 f i p5engine.obj
 0001:00010110       ?IsCanonical@@YAHMM@Z      0000000180011110 f i p5engine.obj
 0001:000101b0       ?IsCanonical@@YAHPEAUworld@@Tv3@@@Z 00000001800111b0 f i p5engine.obj
 0001:00010250       ?IsInRectangle@@YAHUrectangle3@@Tv3@@@Z 0000000180011250 f i p5engine.obj
 0001:00010310       ?IsValid@@YAHUsound_id@@@Z 0000000180011310 f i p5engine.obj
 0001:00010350       ?IsValid@@YAHUworld_position@@@Z 0000000180011350 f i p5engine.obj
 0001:000103a0       ?Length@@YAMTv3@@@Z        00000001800113a0 f i p5engine.obj
 0001:000103f0       ?LengthSq@@YAMTv2@@@Z      00000001800113f0 f i p5engine.obj
 0001:00010430       ?LengthSq@@YAMTv3@@@Z      0000000180011430 f i p5engine.obj
 0001:000104a0       ?Lerp@@YAMMMM@Z            00000001800114a0 f i p5engine.obj
 0001:00010500       ?LoadEntityReference@@YAXPEAUgame_state@@PEAUsim_region@@PEATentity_reference@@@Z 0000000180011500 f i p5engine.obj
 0001:00010630       ?MakeEntityNonSpatial@@YAXPEAUsim_entity@@@Z 0000000180011630 f i p5engine.obj
 0001:000106b0       ?MakeEntitySpatial@@YAXPEAUsim_entity@@Tv3@@1@Z 00000001800116b0 f i p5engine.obj
 0001:00010720       ?MapIntoChunkSpace@@YA?AUworld_position@@PEAUworld@@U1@Tv3@@@Z 0000000180011720 f i p5engine.obj
 0001:00010810       ?NullPosition@@YA?AUworld_position@@XZ 0000000180011810 f i p5engine.obj
 0001:00010880       ?Orthographic@@YAXPEAUrender_group@@HHM@Z 0000000180011880 f i p5engine.obj
 0001:00010980       ?Perspective@@YAXPEAUrender_group@@HHMMM@Z 0000000180011980 f i p5engine.obj
 0001:00010a70       ?PrefetchSound@@YAXPEAUgame_assets@@Usound_id@@@Z 0000000180011a70 f i p5engine.obj
 0001:00010aa0       ?PushBitmap@@YAXPEAUrender_group@@PEAUloaded_bitmap@@Tv3@@MTv4@@@Z 0000000180011aa0 f i p5engine.obj
 0001:00010cd0       ?PushBitmap@@YAXPEAUrender_group@@Ubitmap_id@@Tv3@@MTv4@@@Z 0000000180011cd0 f i p5engine.obj
 0001:00010db0       ?PushRect@@YAXPEAUrender_group@@Tv3@@Tv2@@Tv4@@@Z 0000000180011db0 f i p5engine.obj
 0001:00010f50       ?PushRectOutline@@YAXPEAUrender_group@@Tv3@@Tv2@@Tv4@@@Z 0000000180011f50 f i p5engine.obj
 0001:000113e0       ?PushRenderElement_@@YAPEAXPEAUrender_group@@IW4render_group_entry_type@@@Z 00000001800123e0 f i p5engine.obj
 0001:00011490       ?PushSize_@@YAPEAXPEAUmemory_arena@@_K1@Z 0000000180012490 f i p5engine.obj
 0001:00011560       ?RandomBetween@@YAMPEAUrandom_series@@MM@Z 0000000180012560 f i p5engine.obj
 0001:000115b0       ?RandomBilateral@@YAMPEAUrandom_series@@@Z 00000001800125b0 f i p5engine.obj
 0001:00011600       ?RandomChoice@@YAIPEAUrandom_series@@I@Z 0000000180012600 f i p5engine.obj
 0001:00011640       ?RandomNextUInt32@@YAIPEAUrandom_series@@@Z 0000000180012640 f i p5engine.obj
 0001:000116b0       ?RandomSeed@@YA?AUrandom_series@@I@Z 00000001800126b0 f i p5engine.obj
 0001:00011720       ?RandomUnilateral@@YAMPEAUrandom_series@@@Z 0000000180012720 f i p5engine.obj
 0001:00011780       ?RecanonicalizeCoord@@YAXMPEAHPEAM@Z 0000000180012780 f i p5engine.obj
 0001:00011820       ?RectCenterDim@@YA?AUrectangle2@@Tv2@@0@Z 0000000180012820 f i p5engine.obj
 0001:000118b0       ?RectCenterDim@@YA?AUrectangle3@@Tv3@@0@Z 00000001800128b0 f i p5engine.obj
 0001:000119a0       ?RectCenterHalfDim@@YA?AUrectangle2@@Tv2@@0@Z 00000001800129a0 f i p5engine.obj
 0001:00011a50       ?RectCenterHalfDim@@YA?AUrectangle3@@Tv3@@0@Z 0000000180012a50 f i p5engine.obj
 0001:00011bc0       ?RectMinMax@@YA?AUrectangle3@@Tv3@@0@Z 0000000180012bc0 f i p5engine.obj
 0001:00011c60       ?RectanglesIntersect@@YAHUrectangle3@@0@Z 0000000180012c60 f i p5engine.obj
 0001:00011d20       ?RoundReal32ToInt32@@YAHM@Z 0000000180012d20 f i p5engine.obj
 0001:00011d60       ?RoundReal32ToUInt32@@YAIM@Z 0000000180012d60 f i p5engine.obj
 0001:00011da0       ?SafeRatio1@@YAMMM@Z       0000000180012da0 f i p5engine.obj
 0001:00011df0       ?SafeRatioN@@YAMMMM@Z      0000000180012df0 f i p5engine.obj
 0001:00011e50       ?SignOf@@YAMM@Z            0000000180012e50 f i p5engine.obj
 0001:00011eb0       ?Sin@@YAMM@Z               0000000180012eb0 f i p5engine.obj
 0001:00011ef0       ?Square@@YAMM@Z            0000000180012ef0 f i p5engine.obj
 0001:00011f30       ?SquareRoot@@YAMM@Z        0000000180012f30 f i p5engine.obj
 0001:00011f70       ?StoreEntityReference@@YAXPEATentity_reference@@@Z 0000000180012f70 f i p5engine.obj
 0001:00011fb0       ?SubArena@@YAXPEAUmemory_arena@@0_K1@Z 0000000180012fb0 f i p5engine.obj
 0001:00012020       ?ToV3@@YA?ATv3@@Tv2@@M@Z   0000000180013020 f i p5engine.obj
 0001:000120b0       ?Unproject@@YA?ATv2@@PEAUrender_group@@T1@M@Z 00000001800130b0 f i p5engine.obj
 0001:00012100       ?V2@@YA?ATv2@@MM@Z         0000000180013100 f i p5engine.obj
 0001:00012170       ?V2i@@YA?ATv2@@HH@Z        0000000180013170 f i p5engine.obj
 0001:000121c0       ?V3@@YA?ATv3@@MMM@Z        00000001800131c0 f i p5engine.obj
 0001:00012260       ?V4@@YA?ATv4@@MMMM@Z       0000000180013260 f i p5engine.obj
 0001:00012310       ?ZeroSize@@YAX_KPEAX@Z     0000000180013310 f i p5engine.obj
 0001:00012370       GetController              0000000180013370 f i p5engine.obj
 0001:000123d0       SafeTruncateToUInt16       00000001800133d0 f i p5engine.obj
 0001:00012420       TruncateReal32ToInt32      0000000180013420 f i p5engine.obj
 0001:00012450       ?DrawRectangleQuickly@@YAXPEAUloaded_bitmap@@Tv2@@11Tv4@@0MUrectangle2i@@H@Z 0000000180013450 f   p5engine_optimized.obj
 0001:00013190       __CheckForDebuggerJustMyCode 0000000180014190 f   MSVCRTD:debugger_jmc.obj
 0001:000131d0       __GSHandlerCheck           00000001800141d0 f   MSVCRTD:gshandler.obj
 0001:00013210       __GSHandlerCheckCommon     0000000180014210 f   MSVCRTD:gshandler.obj
 0001:00013320       __chkstk                   0000000180014320 f   MSVCRTD:chkstk.obj
 0001:00013320       _alloca_probe              0000000180014320 f   MSVCRTD:chkstk.obj
 0001:00013380       __security_check_cookie    0000000180014380 f   MSVCRTD:amdsecgs.obj
 0001:000137b0       _DllMainCRTStartup         00000001800147b0 f   MSVCRTD:dll_dllmain.obj
 0001:000137f0       __raise_securityfailure    00000001800147f0 f   MSVCRTD:gs_report.obj
 0001:00013830       __report_gsfailure         0000000180014830 f   MSVCRTD:gs_report.obj
 0001:00013a90       __security_init_cookie     0000000180014a90 f   MSVCRTD:gs_support.obj
 0001:00013b10       DllMain                    0000000180014b10 f   MSVCRTD:dll_dllmain_stub.obj
 0001:00013b50       ?__scrt_initialize_type_info@@YAXXZ 0000000180014b50 f   MSVCRTD:tncleanup.obj
 0001:00013b70       ?__scrt_uninitialize_type_info@@YAXXZ 0000000180014b70 f   MSVCRTD:tncleanup.obj
 0001:00013b90       __local_stdio_printf_options 0000000180014b90 f i MSVCRTD:default_local_stdio_options.obj
 0001:00013ba0       __local_stdio_scanf_options 0000000180014ba0 f i MSVCRTD:default_local_stdio_options.obj
 0001:00013bb0       __scrt_initialize_default_local_stdio_options 0000000180014bb0 f   MSVCRTD:default_local_stdio_options.obj
 0001:00013c00       ?configure_argv@__scrt_narrow_argv_policy@@SAHXZ 0000000180014c00 f i MSVCRTD:utility.obj
 0001:00013cf0       ?initialize_environment@__scrt_narrow_environment_policy@@SAHXZ 0000000180014cf0 f i MSVCRTD:utility.obj
 0001:00013d90       NtCurrentTeb               0000000180014d90 f i MSVCRTD:utility.obj
 0001:00013da0       __scrt_acquire_startup_lock 0000000180014da0 f   MSVCRTD:utility.obj
 0001:00013e10       __scrt_dllmain_after_initialize_c 0000000180014e10 f   MSVCRTD:utility.obj
 0001:00013e40       __scrt_dllmain_before_initialize_c 0000000180014e40 f   MSVCRTD:utility.obj
 0001:00013e60       __scrt_dllmain_crt_thread_attach 0000000180014e60 f   MSVCRTD:utility.obj
 0001:00013e90       __scrt_dllmain_crt_thread_detach 0000000180014e90 f   MSVCRTD:utility.obj
 0001:00013eb0       __scrt_dllmain_exception_filter 0000000180014eb0 f   MSVCRTD:utility.obj
 0001:00013f20       __scrt_dllmain_uninitialize_c 0000000180014f20 f   MSVCRTD:utility.obj
 0001:00013f50       __scrt_dllmain_uninitialize_critical 0000000180014f50 f   MSVCRTD:utility.obj
 0001:00013f70       __scrt_initialize_crt      0000000180014f70 f   MSVCRTD:utility.obj
 0001:00013fc0       __scrt_initialize_onexit_tables 0000000180014fc0 f   MSVCRTD:utility.obj
 0001:000140d0       __scrt_is_nonwritable_in_current_image 00000001800150d0 f   MSVCRTD:utility.obj
 0001:00014160       __scrt_release_startup_lock 0000000180015160 f   MSVCRTD:utility.obj
 0001:00014190       __scrt_uninitialize_crt    0000000180015190 f   MSVCRTD:utility.obj
 0001:000141d0       __scrt_get_dyn_tls_init_callback 00000001800151d0 f   MSVCRTD:dyn_tls_init.obj
 0001:000141e0       __crt_debugger_hook        00000001800151e0 f   MSVCRTD:utility_desktop.obj
 0001:000141f0       __scrt_fastfail            00000001800151f0 f   MSVCRTD:utility_desktop.obj
 0001:00014390       _RTC_Initialize            0000000180015390 f   MSVCRTD:initsect.obj
 0001:000143e0       _RTC_Terminate             00000001800153e0 f   MSVCRTD:initsect.obj
 0001:00014430       _guard_check_icall_nop     0000000180015430 f i MSVCRTD:guard_support.obj
 0001:00014440       __isa_available_init       0000000180015440 f   MSVCRTD:cpu_disp.obj
 0001:000147e0       _get_startup_argv_mode     00000001800157e0 f   MSVCRTD:argv_mode.obj
 0001:000147f0       __scrt_is_ucrt_dll_in_use  00000001800157f0 f   MSVCRTD:ucrt_detection.obj
 0001:00014820       __C_specific_handler       0000000180015820 f   vcruntimed:VCRUNTIME140D.dll
 0001:00014826       __std_type_info_destroy_list 0000000180015826 f   vcruntimed:VCRUNTIME140D.dll
 0001:0001482c       atan2                      000000018001582c f   ucrtd:ucrtbased.dll
 0001:00014832       sinf                       0000000180015832 f   ucrtd:ucrtbased.dll
 0001:00014838       sqrtf                      0000000180015838 f   ucrtd:ucrtbased.dll
 0001:0001483e       _initterm                  000000018001583e f   ucrtd:ucrtbased.dll
 0001:00014844       _initterm_e                0000000180015844 f   ucrtd:ucrtbased.dll
 0001:0001484a       _seh_filter_dll            000000018001584a f   ucrtd:ucrtbased.dll
 0001:00014850       _configure_narrow_argv     0000000180015850 f   ucrtd:ucrtbased.dll
 0001:00014856       _initialize_narrow_environment 0000000180015856 f   ucrtd:ucrtbased.dll
 0001:0001485c       _initialize_onexit_table   000000018001585c f   ucrtd:ucrtbased.dll
 0001:00014862       _execute_onexit_table      0000000180015862 f   ucrtd:ucrtbased.dll
 0001:00014868       _cexit                     0000000180015868 f   ucrtd:ucrtbased.dll
 0001:00014870       __acrt_thread_detach       0000000180015870 f   MSVCRTD:ucrt_stubs.obj
 0001:00014870       __acrt_thread_attach       0000000180015870 f   MSVCRTD:ucrt_stubs.obj
 0001:00014870       __acrt_initialize          0000000180015870 f   MSVCRTD:ucrt_stubs.obj
 0001:00014870       __scrt_stub_for_acrt_thread_attach 0000000180015870 f   MSVCRTD:ucrt_stubs.obj
 0001:00014870       __vcrt_thread_attach       0000000180015870 f   MSVCRTD:ucrt_stubs.obj
 0001:00014870       __scrt_stub_for_acrt_thread_detach 0000000180015870 f   MSVCRTD:ucrt_stubs.obj
 0001:00014870       __vcrt_thread_detach       0000000180015870 f   MSVCRTD:ucrt_stubs.obj
 0001:00014870       __scrt_stub_for_acrt_initialize 0000000180015870 f   MSVCRTD:ucrt_stubs.obj
 0001:00014870       __vcrt_initialize          0000000180015870 f   MSVCRTD:ucrt_stubs.obj
 0001:00014880       __acrt_uninitialize        0000000180015880 f   MSVCRTD:ucrt_stubs.obj
 0001:00014880       __scrt_stub_for_acrt_uninitialize 0000000180015880 f   MSVCRTD:ucrt_stubs.obj
 0001:00014880       __acrt_uninitialize_critical 0000000180015880 f   MSVCRTD:ucrt_stubs.obj
 0001:00014880       __scrt_stub_for_acrt_uninitialize_critical 0000000180015880 f   MSVCRTD:ucrt_stubs.obj
 0001:00014880       __vcrt_uninitialize        0000000180015880 f   MSVCRTD:ucrt_stubs.obj
 0001:00014880       __vcrt_uninitialize_critical 0000000180015880 f   MSVCRTD:ucrt_stubs.obj
 0001:00014890       __scrt_stub_for_is_c_termination_complete 0000000180015890 f   MSVCRTD:ucrt_stubs.obj
 0001:00014890       _is_c_termination_complete 0000000180015890 f   MSVCRTD:ucrt_stubs.obj
 0001:000148b0       _guard_dispatch_icall_nop  00000001800158b0 f   MSVCRTD:guard_dispatch.obj
 0001:000148d0       _guard_xfg_dispatch_icall_nop 00000001800158d0 f   MSVCRTD:guard_xfg_dispatch.obj
 0002:00000000       __imp_QueryPerformanceCounter 0000000180016000     kernel32:KERNEL32.dll
 0002:00000008       __imp_RtlCaptureContext    0000000180016008     kernel32:KERNEL32.dll
 0002:00000010       __imp_RtlLookupFunctionEntry 0000000180016010     kernel32:KERNEL32.dll
 0002:00000018       __imp_RtlVirtualUnwind     0000000180016018     kernel32:KERNEL32.dll
 0002:00000020       __imp_IsDebuggerPresent    0000000180016020     kernel32:KERNEL32.dll
 0002:00000028       __imp_InitializeSListHead  0000000180016028     kernel32:KERNEL32.dll
 0002:00000030       __imp_DisableThreadLibraryCalls 0000000180016030     kernel32:KERNEL32.dll
 0002:00000038       __imp_GetSystemTimeAsFileTime 0000000180016038     kernel32:KERNEL32.dll
 0002:00000040       __imp_GetCurrentProcessId  0000000180016040     kernel32:KERNEL32.dll
 0002:00000048       __imp_GetCurrentThreadId   0000000180016048     kernel32:KERNEL32.dll
 0002:00000050       __imp_IsProcessorFeaturePresent 0000000180016050     kernel32:KERNEL32.dll
 0002:00000058       __imp_TerminateProcess     0000000180016058     kernel32:KERNEL32.dll
 0002:00000060       __imp_GetCurrentProcess    0000000180016060     kernel32:KERNEL32.dll
 0002:00000068       __imp_SetUnhandledExceptionFilter 0000000180016068     kernel32:KERNEL32.dll
 0002:00000070       __imp_UnhandledExceptionFilter 0000000180016070     kernel32:KERNEL32.dll
 0002:00000078       \177KERNEL32_NULL_THUNK_DATA 0000000180016078     kernel32:KERNEL32.dll
 0002:00000080       __imp___std_type_info_destroy_list 0000000180016080     vcruntimed:VCRUNTIME140D.dll
 0002:00000088       __imp___C_specific_handler 0000000180016088     vcruntimed:VCRUNTIME140D.dll
 0002:00000090       \177VCRUNTIME140D_NULL_THUNK_DATA 0000000180016090     vcruntimed:VCRUNTIME140D.dll
 0002:00000098       __imp__cexit               0000000180016098     ucrtd:ucrtbased.dll
 0002:000000a0       __imp__execute_onexit_table 00000001800160a0     ucrtd:ucrtbased.dll
 0002:000000a8       __imp__initialize_onexit_table 00000001800160a8     ucrtd:ucrtbased.dll
 0002:000000b0       __imp__initialize_narrow_environment 00000001800160b0     ucrtd:ucrtbased.dll
 0002:000000b8       __imp__configure_narrow_argv 00000001800160b8     ucrtd:ucrtbased.dll
 0002:000000c0       __imp__initterm_e          00000001800160c0     ucrtd:ucrtbased.dll
 0002:000000c8       __imp__initterm            00000001800160c8     ucrtd:ucrtbased.dll
 0002:000000d0       __imp_sqrtf                00000001800160d0     ucrtd:ucrtbased.dll
 0002:000000d8       __imp_sinf                 00000001800160d8     ucrtd:ucrtbased.dll
 0002:000000e0       __imp_atan2                00000001800160e0     ucrtd:ucrtbased.dll
 0002:000000e8       __imp_roundf               00000001800160e8     ucrtd:ucrtbased.dll
 0002:000000f0       __imp__seh_filter_dll      00000001800160f0     ucrtd:ucrtbased.dll
 0002:000000f8       \177ucrtbased_NULL_THUNK_DATA 00000001800160f8     ucrtd:ucrtbased.dll
 0002:00000100       __guard_check_icall_fptr   0000000180016100     MSVCRTD:guard_support.obj
 0002:00000108       __guard_xfg_check_icall_fptr 0000000180016108     MSVCRTD:guard_support.obj
 0002:00000110       __guard_dispatch_icall_fptr 0000000180016110     MSVCRTD:guard_support.obj
 0002:00000118       __guard_xfg_dispatch_icall_fptr 0000000180016118     MSVCRTD:guard_support.obj
 0002:00000120       __guard_xfg_table_dispatch_icall_fptr 0000000180016120     MSVCRTD:guard_support.obj
 0002:00000128       __xc_a                     0000000180016128     MSVCRTD:initializers.obj
 0002:00000130       __xc_z                     0000000180016130     MSVCRTD:initializers.obj
 0002:00000138       __xi_a                     0000000180016138     MSVCRTD:initializers.obj
 0002:00000140       __xi_z                     0000000180016140     MSVCRTD:initializers.obj
 0002:00000148       __xp_a                     0000000180016148     MSVCRTD:initializers.obj
 0002:00000150       __xp_z                     0000000180016150     MSVCRTD:initializers.obj
 0002:00000158       __xt_a                     0000000180016158     MSVCRTD:initializers.obj
 0002:00000160       __xt_z                     0000000180016160     MSVCRTD:initializers.obj
 0002:00000200       ??_C@_0BA@NMEIMCEK@InvalidCodePath@ 0000000180016200     p5engine.obj
 0002:00000210       __real@00000000            0000000180016210     p5engine.obj
 0002:00000214       __real@308992b1            0000000180016214     p5engine.obj
 0002:00000218       __real@3a83126f            0000000180016218     p5engine.obj
 0002:0000021c       __real@3c23d70a            000000018001621c     p5engine.obj
 0002:00000220       __real@3cc30c31            0000000180016220     p5engine.obj
 0002:00000224       __real@3d4ccccd            0000000180016224     p5engine.obj
 0002:00000228       __real@3dcccccd            0000000180016228     p5engine.obj
 0002:0000022c       __real@3e4ccccd            000000018001622c     p5engine.obj
 0002:00000230       __real@3e800000            0000000180016230     p5engine.obj
 0002:00000234       __real@3e99999a            0000000180016234     p5engine.obj
 0002:00000238       __real@3ecccccd            0000000180016238     p5engine.obj
 0002:0000023c       __real@3ee147ae            000000018001623c     p5engine.obj
 0002:00000240       __real@3f000000            0000000180016240     p5engine.obj
 0002:00000244       __real@3f19999a            0000000180016244     p5engine.obj
 0002:00000248       __real@3f228f5c            0000000180016248     p5engine.obj
 0002:0000024c       __real@3f333333            000000018001624c     p5engine.obj
 0002:00000250       __real@3f3504f3            0000000180016250     p5engine.obj
 0002:00000254       __real@3f400000            0000000180016254     p5engine.obj
 0002:00000258       __real@3f666666            0000000180016258     p5engine.obj
 0002:0000025c       __real@3f800000            000000018001625c     p5engine.obj
 0002:00000260       __real@3f8ccccd            0000000180016260     p5engine.obj
 0002:00000264       __real@3f99999a            0000000180016264     p5engine.obj
 0002:00000268       __real@3fa66666            0000000180016268     p5engine.obj
 0002:0000026c       __real@3fb33333            000000018001626c     p5engine.obj
 0002:00000270       __real@3fc00000            0000000180016270     p5engine.obj
 0002:00000274       __real@40000000            0000000180016274     p5engine.obj
 0002:00000278       __real@400ccccd            0000000180016278     p5engine.obj
 0002:0000027c       __real@40400000            000000018001627c     p5engine.obj
 0002:00000280       __real@40800000            0000000180016280     p5engine.obj
 0002:00000284       __real@40a00000            0000000180016284     p5engine.obj
 0002:00000288       __real@40c00000            0000000180016288     p5engine.obj
 0002:0000028c       __real@40c90fdb            000000018001628c     p5engine.obj
 0002:00000290       __real@40e00000            0000000180016290     p5engine.obj
 0002:00000294       __real@41100000            0000000180016294     p5engine.obj
 0002:00000298       __real@41700000            0000000180016298     p5engine.obj
 0002:0000029c       __real@41800000            000000018001629c     p5engine.obj
 0002:000002a0       __real@41880000            00000001800162a0     p5engine.obj
 0002:000002a4       __real@41a00000            00000001800162a4     p5engine.obj
 0002:000002a8       __real@41f00000            00000001800162a8     p5engine.obj
 0002:000002ac       __real@42340000            00000001800162ac     p5engine.obj
 0002:000002b0       __real@437f0000            00000001800162b0     p5engine.obj
 0002:000002b4       __real@461c4000            00000001800162b4     p5engine.obj
 0002:000002b8       __real@47c35000            00000001800162b8     p5engine.obj
 0002:000002bc       __real@49742400            00000001800162bc     p5engine.obj
 0002:000002c0       __real@7f7fffff            00000001800162c0     p5engine.obj
 0002:000002c4       __real@bc23d70a            00000001800162c4     p5engine.obj
 0002:000002c8       __real@bd4ccccd            00000001800162c8     p5engine.obj
 0002:000002cc       __real@be800000            00000001800162cc     p5engine.obj
 0002:000002d0       __real@becccccd            00000001800162d0     p5engine.obj
 0002:000002d4       __real@bf000000            00000001800162d4     p5engine.obj
 0002:000002d8       __real@bf800000            00000001800162d8     p5engine.obj
 0002:000002dc       __real@c0000000            00000001800162dc     p5engine.obj
 0002:000002e0       __real@c0100000            00000001800162e0     p5engine.obj
 0002:000002e4       __real@c0400000            00000001800162e4     p5engine.obj
 0002:000002e8       __real@c11ccccd            00000001800162e8     p5engine.obj
 0002:000002f0       __xmm@00000000000000000000000000000000 00000001800162f0     p5engine.obj
 0002:00000300       __xmm@3f8000003f8000003f8000003f800000 0000000180016300     p5engine.obj
 0002:00000310       __xmm@7fffffffffffffff7fffffffffffffff 0000000180016310     p5engine.obj
 0002:00000320       __xmm@80000000800000008000000080000000 0000000180016320     p5engine.obj
 0002:00000330       __xmm@000000ff000000ff000000ff000000ff 0000000180016330     p5engine_optimized.obj
 0002:00000340       __xmm@0000ffff0000ffff0000ffff0000ffff 0000000180016340     p5engine_optimized.obj
 0002:00000350       __xmm@00ff00ff00ff00ff00ff00ff00ff00ff 0000000180016350     p5engine_optimized.obj
 0002:00000360       __xmm@3b8080813b8080813b8080813b808081 0000000180016360     p5engine_optimized.obj
 0002:00000370       __xmm@3f0000003f0000003f0000003f000000 0000000180016370     p5engine_optimized.obj
 0002:00000380       __xmm@40800000408000004080000040800000 0000000180016380     p5engine_optimized.obj
 0002:00000390       __xmm@477e0100477e0100477e0100477e0100 0000000180016390     p5engine_optimized.obj
 0002:000003a0       __xmm@ffffffffffffffffffffffffffffffff 00000001800163a0     p5engine_optimized.obj
 0002:000003b0       _pRawDllMain               00000001800163b0     MSVCRTD:dll_dllmain.obj
 0002:000003b0       _pDefaultRawDllMain        00000001800163b0     MSVCRTD:dll_dllmain.obj
 0002:00000420       _load_config_used          0000000180016420     MSVCRTD:loadcfg.obj
 0002:00000580       __volatile_metadata        0000000180016580     <linker-defined>
 0002:000009b8       __rtc_iaa                  00000001800169b8     MSVCRTD:initsect.obj
 0002:000009c0       __rtc_izz                  00000001800169c0     MSVCRTD:initsect.obj
 0002:000009c8       __rtc_taa                  00000001800169c8     MSVCRTD:initsect.obj
 0002:000009d0       __rtc_tzz                  00000001800169d0     MSVCRTD:initsect.obj
 0002:000011f4       __IMPORT_DESCRIPTOR_VCRUNTIME140D 00000001800171f4     vcruntimed:VCRUNTIME140D.dll
 0002:00001208       __IMPORT_DESCRIPTOR_ucrtbased 0000000180017208     ucrtd:ucrtbased.dll
 0002:0000121c       __IMPORT_DESCRIPTOR_KERNEL32 000000018001721c     kernel32:KERNEL32.dll
 0002:00001230       __NULL_IMPORT_DESCRIPTOR   0000000180017230     vcruntimed:VCRUNTIME140D.dll
 0003:00004000       __security_cookie_complement 000000018001c000     MSVCRTD:gs_cookie.obj
 0003:00004008       __security_cookie          000000018001c008     MSVCRTD:gs_cookie.obj
 0003:00004010       _fltused                   000000018001c010     MSVCRTD:fltused.obj
 0003:00004014       __scrt_native_dllmain_reason 000000018001c014     MSVCRTD:utility.obj
 0003:00004018       __isa_available            000000018001c018     MSVCRTD:cpu_disp.obj
 0003:0000401c       __isa_enabled              000000018001c01c     MSVCRTD:cpu_disp.obj
 0003:00004020       __memcpy_nt_iters          000000018001c020     MSVCRTD:cpu_disp.obj
 0003:00004028       __memset_nt_iters          000000018001c028     MSVCRTD:cpu_disp.obj
 0003:00004030       __scrt_ucrt_dll_is_in_use  000000018001c030     MSVCRTD:ucrt_stubs.obj
 0003:00004040       DebugGlobalMemory          000000018001c040     p5engine.obj
 0003:00004620       ?__type_info_root_node@@3U__type_info_node@@A 000000018001c620     MSVCRTD:tncleanup.obj
 0003:00004630       ?_OptionsStorage@?1??__local_stdio_printf_options@@9@4_KA 000000018001c630     MSVCRTD:default_local_stdio_options.obj
 0003:00004638       ?_OptionsStorage@?1??__local_stdio_scanf_options@@9@4_KA 000000018001c638     MSVCRTD:default_local_stdio_options.obj
 0003:00004640       __scrt_current_native_startup_state 000000018001c640     MSVCRTD:utility.obj
 0003:00004648       __scrt_native_startup_lock 000000018001c648     MSVCRTD:utility.obj
 0003:00004688       __scrt_debugger_hook_flag  000000018001c688     MSVCRTD:utility_desktop.obj
 0003:00004690       __castguard_check_failure_os_handled_fptr 000000018001c690     MSVCRTD:guard_support.obj
 0003:00004698       __favor                    000000018001c698     MSVCRTD:cpu_disp.obj
 0003:000046a0       __dyn_tls_init_callback    000000018001c6a0     <common>
 0003:000046a8       __DebuggerCurrentSteppingThreadId 000000018001c6a8     <common>

 entry point at        0001:000137b0

 Static symbols

 0000:fffdf000       .debug$S                   0000000180000000     P5Engine.exp
 0000:fffdf000       .debug$S                   0000000180000000     vcruntimed:VCRUNTIME140D.dll
 0000:fffdf000       .debug$S                   0000000180000000     vcruntimed:VCRUNTIME140D.dll
 0000:fffdf000       .debug$S                   0000000180000000     vcruntimed:VCRUNTIME140D.dll
 0000:fffdf000       .debug$S                   0000000180000000     vcruntimed:VCRUNTIME140D.dll
 0000:fffdf000       .debug$S                   0000000180000000     ucrtd:ucrtbased.dll
 0000:fffdf000       .debug$S                   0000000180000000     ucrtd:ucrtbased.dll
 0000:fffdf000       .debug$S                   0000000180000000     ucrtd:ucrtbased.dll
 0000:fffdf000       .debug$S                   0000000180000000     ucrtd:ucrtbased.dll
 0000:fffdf000       .debug$S                   0000000180000000     ucrtd:ucrtbased.dll
 0000:fffdf000       .debug$S                   0000000180000000     ucrtd:ucrtbased.dll
 0000:fffdf000       .debug$S                   0000000180000000     ucrtd:ucrtbased.dll
 0000:fffdf000       .debug$S                   0000000180000000     ucrtd:ucrtbased.dll
 0000:fffdf000       .debug$S                   0000000180000000     ucrtd:ucrtbased.dll
 0000:fffdf000       .debug$S                   0000000180000000     ucrtd:ucrtbased.dll
 0000:fffdf000       .debug$S                   0000000180000000     ucrtd:ucrtbased.dll
 0000:fffdf000       .debug$S                   0000000180000000     ucrtd:ucrtbased.dll
 0000:fffdf000       .debug$S                   0000000180000000     ucrtd:ucrtbased.dll
 0000:fffdf000       .debug$S                   0000000180000000     ucrtd:ucrtbased.dll
 0000:fffdf000       .debug$S                   0000000180000000     ucrtd:ucrtbased.dll
 0000:fffdf000       .debug$S                   0000000180000000     ucrtd:ucrtbased.dll
 0000:fffdf000       .debug$S                   0000000180000000     kernel32:KERNEL32.dll
 0000:fffdf000       .debug$S                   0000000180000000     kernel32:KERNEL32.dll
 0000:fffdf000       .debug$S                   0000000180000000     kernel32:KERNEL32.dll
 0000:fffdf000       .debug$S                   0000000180000000     kernel32:KERNEL32.dll
 0000:fffdf000       .debug$S                   0000000180000000     kernel32:KERNEL32.dll
 0000:fffdf000       .debug$S                   0000000180000000     kernel32:KERNEL32.dll
 0000:fffdf000       .debug$S                   0000000180000000     kernel32:KERNEL32.dll
 0000:fffdf000       .debug$S                   0000000180000000     kernel32:KERNEL32.dll
 0000:fffdf000       .debug$S                   0000000180000000     kernel32:KERNEL32.dll
 0000:fffdf000       .debug$S                   0000000180000000     kernel32:KERNEL32.dll
 0000:fffdf000       .debug$S                   0000000180000000     kernel32:KERNEL32.dll
 0000:fffdf000       .debug$S                   0000000180000000     kernel32:KERNEL32.dll
 0000:fffdf000       .debug$S                   0000000180000000     kernel32:KERNEL32.dll
 0000:fffdf000       .debug$S                   0000000180000000     kernel32:KERNEL32.dll
 0000:fffdf000       .debug$S                   0000000180000000     kernel32:KERNEL32.dll
 0000:fffdf000       .debug$S                   0000000180000000     kernel32:KERNEL32.dll
 0000:fffdf000       .debug$S                   0000000180000000     kernel32:KERNEL32.dll
 0001:00000000       ?LoadBitmap@@YAXPEAUgame_assets@@Ubitmap_id@@@Z 0000000180001000 f   p5engine.obj
 0001:000002c0       ?LoadSound@@YAXPEAUgame_assets@@Usound_id@@@Z 00000001800012c0 f   p5engine.obj
 0001:00000520       ?AddCollisionRule@@YAXPEAUgame_state@@IIH@Z 0000000180001520 f   p5engine.obj
 0001:000006a0       ?ClearCollisionRulesFor@@YAXPEAUgame_state@@I@Z 00000001800016a0 f   p5engine.obj
 0001:000007a0       ?BeginTaskWithMemory@@YAPEAUtask_with_memory@@PEAUtransient_state@@@Z 00000001800017a0 f   p5engine.obj
 0001:00000880       ?EndTaskWithMemory@@YAXPEAUtask_with_memory@@@Z 0000000180001880 f   p5engine.obj
 0001:000008e0       ?DrawRectangle@@YAXPEAUloaded_bitmap@@Tv2@@1Tv4@@Urectangle2i@@H@Z 00000001800018e0 f   p5engine.obj
 0001:00000ba0       ?RenderGroupToOutput@@YAXPEAUrender_group@@PEAUloaded_bitmap@@Urectangle2i@@H@Z 0000000180001ba0 f   p5engine.obj
 0001:00000fa0       ?DoTiledRenderWork@@YAXPEAUplatform_work_queue@@PEAX@Z 0000000180001fa0 f   p5engine.obj
 0001:00001050       ?RenderGroupToOutput@@YAXPEAUrender_group@@PEAUloaded_bitmap@@@Z 0000000180002050 f   p5engine.obj
 0001:00001140       ?TiledRenderGroupToOutput@@YAXPEAUplatform_work_queue@@PEAUrender_group@@PEAUloaded_bitmap@@@Z 0000000180002140 f   p5engine.obj
 0001:00001380       ?AllocateRenderGroup@@YAPEAUrender_group@@PEAUgame_assets@@PEAUmemory_arena@@I@Z 0000000180002380 f   p5engine.obj
 0001:000014b0       ?InitializeWorld@@YAXPEAUworld@@Tv3@@@Z 00000001800024b0 f   p5engine.obj
 0001:00001550       ?Subtract@@YA?ATv3@@PEAUworld@@PEAUworld_position@@1@Z 0000000180002550 f   p5engine.obj
 0001:000017c0       ?ChangeEntityLocation@@YAXPEAUmemory_arena@@PEAUworld@@IPEAUlow_entity@@Uworld_position@@@Z 00000001800027c0 f   p5engine.obj
 0001:00001950       ?GetHashFromStorageIndex@@YAPEAUsim_entity_hash@@PEAUsim_region@@I@Z 0000000180002950 f   p5engine.obj
 0001:00001a20       ?AddEntity@@YAPEAUsim_entity@@PEAUgame_state@@PEAUsim_region@@IPEAUlow_entity@@PEATv3@@@Z 0000000180002a20 f   p5engine.obj
 0001:00001b80       ?AddEntityRaw@@YAPEAUsim_entity@@PEAUgame_state@@PEAUsim_region@@IPEAUlow_entity@@@Z 0000000180002b80 f   p5engine.obj
 0001:00001d00       ?BeginSim@@YAPEAUsim_region@@PEAUmemory_arena@@PEAUgame_state@@PEAUworld@@Uworld_position@@Urectangle3@@M@Z 0000000180002d00 f   p5engine.obj
 0001:00002370       ?EndSim@@YAXPEAUsim_region@@PEAUgame_state@@@Z 0000000180003370 f   p5engine.obj
 0001:00002630       ?CanCollide@@YAHPEAUgame_state@@PEAUsim_entity@@1@Z 0000000180003630 f   p5engine.obj
 0001:00002780       ?HandleCollision@@YAHPEAUgame_state@@PEAUsim_entity@@1@Z 0000000180003780 f   p5engine.obj
 0001:00002860       ?CanOverlap@@YAHPEAUgame_state@@PEAUsim_entity@@1@Z 0000000180003860 f   p5engine.obj
 0001:000028c0       ?HandleOverlap@@YAXPEAUgame_state@@PEAUsim_entity@@1MPEAM@Z 00000001800038c0 f   p5engine.obj
 0001:00002960       ?SpeculativeCollide@@YAHPEAUsim_entity@@0Tv3@@@Z 0000000180003960 f   p5engine.obj
 0001:00002a60       ?EntitiesOverlap@@YAHPEAUsim_entity@@0Tv3@@@Z 0000000180003a60 f   p5engine.obj
 0001:00002da0       ?MoveEntity@@YAXPEAUgame_state@@PEAUsim_region@@PEAUsim_entity@@MPEAUmove_spec@@Tv3@@@Z 0000000180003da0 f   p5engine.obj
 0001:00004700       ?LoadAssetWork@@YAXPEAUplatform_work_queue@@PEAX@Z 0000000180005700 f   p5engine.obj
 0001:000047a0       ?GetBestMatchAssetFrom@@YAIPEAUgame_assets@@W4asset_type_id@@PEAUasset_vector@@2@Z 00000001800057a0 f   p5engine.obj
 0001:000049d0       ?GetRandomAssetFrom@@YAIPEAUgame_assets@@W4asset_type_id@@PEAUrandom_series@@@Z 00000001800059d0 f   p5engine.obj
 0001:00004a60       ?GetFirstAssetFrom@@YAIPEAUgame_assets@@W4asset_type_id@@@Z 0000000180005a60 f   p5engine.obj
 0001:00004ac0       ?GetBestMatchBitmapFrom@@YA?AUbitmap_id@@PEAUgame_assets@@W4asset_type_id@@PEAUasset_vector@@2@Z 0000000180005ac0 f   p5engine.obj
 0001:00004b10       ?GetFirstBitmapFrom@@YA?AUbitmap_id@@PEAUgame_assets@@W4asset_type_id@@@Z 0000000180005b10 f   p5engine.obj
 0001:00004b50       ?GetRandomBitmapFrom@@YA?AUbitmap_id@@PEAUgame_assets@@W4asset_type_id@@PEAUrandom_series@@@Z 0000000180005b50 f   p5engine.obj
 0001:00004ba0       ?GetFirstSoundFrom@@YA?AUsound_id@@PEAUgame_assets@@W4asset_type_id@@@Z 0000000180005ba0 f   p5engine.obj
 0001:00004be0       ?GetRandomSoundFrom@@YA?AUsound_id@@PEAUgame_assets@@W4asset_type_id@@PEAUrandom_series@@@Z 0000000180005be0 f   p5engine.obj
 0001:00004c30       ?AllocateGameAssets@@YAPEAUgame_assets@@PEAUmemory_arena@@_KPEAUtransient_state@@@Z 0000000180005c30 f   p5engine.obj
 0001:00005430       ?PlaySound@@YAPEAUplaying_sound@@PEAUaudio_state@@Usound_id@@@Z 0000000180006430 f   p5engine.obj
 0001:00005560       ?ChangeVolume@@YAXPEAUaudio_state@@PEAUplaying_sound@@MTv2@@@Z 0000000180006560 f   p5engine.obj
 0001:00005630       ?OutputPlayingSounds@@YAXPEAUaudio_state@@PEAUgame_sound_output_buffer@@PEAUgame_assets@@PEAUmemory_arena@@@Z 0000000180006630 f   p5engine.obj
 0001:00006710       ?InitializeAudioState@@YAXPEAUaudio_state@@PEAUmemory_arena@@@Z 0000000180007710 f   p5engine.obj
 0001:00006790       ?AddLowEntity@@YA?AUadd_low_entity_result@@PEAUgame_state@@W4entity_type@@Uworld_position@@@Z 0000000180007790 f   p5engine.obj
 0001:00006990       ?AddGroundedEntity@@YA?AUadd_low_entity_result@@PEAUgame_state@@W4entity_type@@Uworld_position@@PEAUsim_entity_collision_volume_group@@@Z 0000000180007990 f   p5engine.obj
 0001:00006a40       ?AddStandardRoom@@YA?AUadd_low_entity_result@@PEAUgame_state@@III@Z 0000000180007a40 f   p5engine.obj
 0001:00006ba0       ?AddWall@@YA?AUadd_low_entity_result@@PEAUgame_state@@III@Z 0000000180007ba0 f   p5engine.obj
 0001:00006d00       ?AddStairs@@YA?AUadd_low_entity_result@@PEAUgame_state@@III@Z 0000000180007d00 f   p5engine.obj
 0001:00006e90       ?InitHitPoints@@YAXPEAUlow_entity@@I@Z 0000000180007e90 f   p5engine.obj
 0001:00006f20       ?AddSword@@YA?AUadd_low_entity_result@@PEAUgame_state@@@Z 0000000180007f20 f   p5engine.obj
 0001:00007010       ?AddPlayer@@YA?AUadd_low_entity_result@@PEAUgame_state@@@Z 0000000180008010 f   p5engine.obj
 0001:00007150       ?AddMonstar@@YA?AUadd_low_entity_result@@PEAUgame_state@@III@Z 0000000180008150 f   p5engine.obj
 0001:000072c0       ?AddFamiliar@@YA?AUadd_low_entity_result@@PEAUgame_state@@III@Z 00000001800082c0 f   p5engine.obj
 0001:00007420       ?DrawHitpoints@@YAXPEAUsim_entity@@PEAUrender_group@@@Z 0000000180008420 f   p5engine.obj
 0001:00007690       ?MakeSimpleGroundedCollision@@YAPEAUsim_entity_collision_volume_group@@PEAUgame_state@@MMM@Z 0000000180008690 f   p5engine.obj
 0001:000077f0       ?MakeNullCollision@@YAPEAUsim_entity_collision_volume_group@@PEAUgame_state@@@Z 00000001800087f0 f   p5engine.obj
 0001:000078d0       ?FillGroundChunkWork@@YAXPEAUplatform_work_queue@@PEAX@Z 00000001800088d0 f   p5engine.obj
 0001:00007930       ?FillGroundChunk@@YAXPEAUtransient_state@@PEAUgame_state@@PEAUground_buffer@@PEAUworld_position@@@Z 0000000180008930 f   p5engine.obj
 0001:000081b0       ?ClearBitmap@@YAXPEAUloaded_bitmap@@@Z 00000001800091b0 f   p5engine.obj
 0001:00008210       ?MakeEmptyBitmap@@YA?AUloaded_bitmap@@PEAUmemory_arena@@HHH@Z 0000000180009210 f   p5engine.obj
 0001:00008300       ?MakeSphereDiffuseMap@@YAXPEAUloaded_bitmap@@MM@Z 0000000180009300 f   p5engine.obj
 0001:00008630       ?MakeSphereNormalMap@@YAXPEAUloaded_bitmap@@MMM@Z 0000000180009630 f   p5engine.obj
 0001:0000d590       $LN167                     000000018000e590     p5engine.obj
 0001:00013310       $$000000                   0000000180014310     MSVCRTD:chkstk.obj
 0001:00013370       $$000000                   0000000180014370     MSVCRTD:amdsecgs.obj
 0001:000133a0       ?dllmain_crt_dispatch@@YAHQEAUHINSTANCE__@@KQEAX@Z 00000001800143a0 f   MSVCRTD:dll_dllmain.obj
 0001:00013430       ?dllmain_crt_process_attach@@YAHQEAUHINSTANCE__@@QEAX@Z 0000000180014430 f   MSVCRTD:dll_dllmain.obj
 0001:00013570       ?dllmain_crt_process_detach@@YAH_N@Z 0000000180014570 f   MSVCRTD:dll_dllmain.obj
 0001:00013610       ?dllmain_dispatch@@YAHQEAUHINSTANCE__@@KQEAX@Z 0000000180014610 f   MSVCRTD:dll_dllmain.obj
 0001:00013750       ?dllmain_raw@@YAHQEAUHINSTANCE__@@KQEAX@Z 0000000180014750 f   MSVCRTD:dll_dllmain.obj
 0001:00013910       capture_previous_context   0000000180014910 f   MSVCRTD:gs_report.obj
 0001:000139d0       __get_entropy              00000001800149d0 f   MSVCRTD:gs_support.obj
 0001:00013c20       ?find_pe_section@@YAPEAU_IMAGE_SECTION_HEADER@@QEAE_K@Z 0000000180014c20 f   MSVCRTD:utility.obj
 0001:00013d00       ?is_potentially_valid_image_base@@YA_NQEAX@Z 0000000180014d00 f   MSVCRTD:utility.obj
 0001:000148a0       $$000000                   00000001800158a0     MSVCRTD:guard_dispatch.obj
 0001:000148c0       $$000000                   00000001800158c0     MSVCRTD:guard_xfg_dispatch.obj
 0001:000148e0       ?fin$0@?0??dllmain_crt_process_attach@@YAHQEAUHINSTANCE__@@QEAX@Z@4HA 00000001800158e0 f   MSVCRTD:dll_dllmain.obj
 0001:00014900       ?fin$0@?0??dllmain_crt_process_detach@@YAH_N@Z@4HA 0000000180015900 f   MSVCRTD:dll_dllmain.obj
 0001:0001491a       ?fin$1@?0??dllmain_crt_process_detach@@YAH_N@Z@4HA 000000018001591a f   MSVCRTD:dll_dllmain.obj
 0001:00014930       ?filt$0@?0??dllmain_dispatch@@YAHQEAUHINSTANCE__@@KQEAX@Z@4HA 0000000180015930 f   MSVCRTD:dll_dllmain.obj
 0001:00014980       __scrt_is_nonwritable_in_current_image$filt$0 0000000180015980 f   MSVCRTD:utility.obj
 0002:00000170       $SG29496                   0000000180016170     p5engine.obj
 0002:00000180       $SG29924                   0000000180016180     p5engine.obj
 0002:00000190       $SG30661                   0000000180016190     p5engine.obj
 0002:00000198       $SG30663                   0000000180016198     p5engine.obj
 0002:000001c0       $SG30665                   00000001800161c0     p5engine.obj
 0002:000001e0       $SG30669                   00000001800161e0     p5engine.obj
 0002:000001f0       $SG31981                   00000001800161f0     p5engine.obj
 0002:000003b8       GS_ExceptionPointers       00000001800163b8     MSVCRTD:gs_report.obj
 0002:000009d8       $unwind$?AbsoluteValue@@YAMM@Z 00000001800169d8     p5engine.obj
 0002:000009d8       $unwind$?Clamp01@@YAMM@Z   00000001800169d8     p5engine.obj
 0002:000009d8       $unwind$?RoundReal32ToInt32@@YAHM@Z 00000001800169d8     p5engine.obj
 0002:000009d8       $unwind$?RoundReal32ToUInt32@@YAIM@Z 00000001800169d8     p5engine.obj
 0002:000009d8       $unwind$?SignOf@@YAMM@Z    00000001800169d8     p5engine.obj
 0002:000009d8       $unwind$?Sin@@YAMM@Z       00000001800169d8     p5engine.obj
 0002:000009d8       $unwind$?Square@@YAMM@Z    00000001800169d8     p5engine.obj
 0002:000009d8       $unwind$?SquareRoot@@YAMM@Z 00000001800169d8     p5engine.obj
 0002:000009d8       $unwind$TruncateReal32ToInt32 00000001800169d8     p5engine.obj
 0002:000009e0       $unwind$?IsValid@@YAHUsound_id@@@Z 00000001800169e0     p5engine.obj
 0002:000009e0       $unwind$SafeTruncateToUInt16 00000001800169e0     p5engine.obj
 0002:000009e8       $unwind$?GetBitmap@@YAPEAUloaded_bitmap@@PEAUgame_assets@@Ubitmap_id@@@Z 00000001800169e8     p5engine.obj
 0002:000009e8       $unwind$?GetFileHandleFor@@YAPEAUplatform_file_handle@@PEAUgame_assets@@I@Z 00000001800169e8     p5engine.obj
 0002:000009e8       $unwind$?GetLowEntity@@YAPEAUlow_entity@@PEAUgame_state@@I@Z 00000001800169e8     p5engine.obj
 0002:000009e8       $unwind$?GetSound@@YAPEAUloaded_sound@@PEAUgame_assets@@Usound_id@@@Z 00000001800169e8     p5engine.obj
 0002:000009e8       $unwind$?GetSoundInfo@@YAPEAUp5a_sound@@PEAUgame_assets@@Usound_id@@@Z 00000001800169e8     p5engine.obj
 0002:000009e8       $unwind$?HasFlag@@YAHPEAUsim_entity@@I@Z 00000001800169e8     p5engine.obj
 0002:000009e8       $unwind$?RandomChoice@@YAIPEAUrandom_series@@I@Z 00000001800169e8     p5engine.obj
 0002:000009e8       $unwind$GetController      00000001800169e8     p5engine.obj
 0002:000009f0       $unwind$?InitializeArena@@YAXPEAUmemory_arena@@_KPEAX@Z 00000001800169f0     p5engine.obj
 0002:000009f8       $unwind$?GetAlignmentOffset@@YA_KPEAUmemory_arena@@_K@Z 00000001800169f8     p5engine.obj
 0002:00000a00       $unwind$??Y@YAAEATv2@@AEAT0@T0@@Z 0000000180016a00     p5engine.obj
 0002:00000a00       $unwind$?GetArenaSizeRemaining@@YA_KPEAUmemory_arena@@_K@Z 0000000180016a00     p5engine.obj
 0002:00000a00       $unwind$?Hadamard@@YA?ATv2@@T1@0@Z 0000000180016a00     p5engine.obj
 0002:00000a00       $unwind$?Inner@@YAMTv2@@0@Z 0000000180016a00     p5engine.obj
 0002:00000a00       $unwind$?Inner@@YAMTv3@@0@Z 0000000180016a00     p5engine.obj
 0002:00000a00       $unwind$?IsCanonical@@YAHPEAUworld@@Tv3@@@Z 0000000180016a00     p5engine.obj
 0002:00000a00       $unwind$?IsInRectangle@@YAHUrectangle3@@Tv3@@@Z 0000000180016a00     p5engine.obj
 0002:00000a00       $unwind$?RectanglesIntersect@@YAHUrectangle3@@0@Z 0000000180016a00     p5engine.obj
 0002:00000a00       $unwind$?ZeroSize@@YAX_KPEAX@Z 0000000180016a00     p5engine.obj
 0002:00000a00       $unwind$?find_pe_section@@YAPEAU_IMAGE_SECTION_HEADER@@QEAE_K@Z 0000000180016a00     MSVCRTD:utility.obj
 0002:00000a08       $unwind$?PushSize_@@YAPEAXPEAUmemory_arena@@_K1@Z 0000000180016a08     p5engine.obj
 0002:00000a10       $unwind$?BeginTemporaryMemory@@YA?AUtemporary_memory@@PEAUmemory_arena@@@Z 0000000180016a10     p5engine.obj
 0002:00000a24       $unwind$?AllResourcesPresent@@YAHPEAUrender_group@@@Z 0000000180016a24     p5engine.obj
 0002:00000a24       $unwind$?EndTemporaryMemory@@YAXUtemporary_memory@@@Z 0000000180016a24     p5engine.obj
 0002:00000a24       $unwind$?GetDim@@YA?ATv2@@Urectangle2@@@Z 0000000180016a24     p5engine.obj
 0002:00000a24       $unwind$?IsValid@@YAHUworld_position@@@Z 0000000180016a24     p5engine.obj
 0002:00000a24       $unwind$?LengthSq@@YAMTv2@@@Z 0000000180016a24     p5engine.obj
 0002:00000a24       $unwind$?RandomBilateral@@YAMPEAUrandom_series@@@Z 0000000180016a24     p5engine.obj
 0002:00000a24       $unwind$?RandomNextUInt32@@YAIPEAUrandom_series@@@Z 0000000180016a24     p5engine.obj
 0002:00000a24       $unwind$?RandomUnilateral@@YAMPEAUrandom_series@@@Z 0000000180016a24     p5engine.obj
 0002:00000a24       $unwind$__CheckForDebuggerJustMyCode 0000000180016a24     MSVCRTD:debugger_jmc.obj
 0002:00000a24       $unwind$__report_gsfailure 0000000180016a24     MSVCRTD:gs_report.obj
 0002:00000a2c       $unwind$?CheckArena@@YAXPEAUmemory_arena@@@Z 0000000180016a2c     p5engine.obj
 0002:00000a2c       $unwind$?StoreEntityReference@@YAXPEATentity_reference@@@Z 0000000180016a2c     p5engine.obj
 0002:00000a2c       $unwind$__raise_securityfailure 0000000180016a2c     MSVCRTD:gs_report.obj
 0002:00000a2c       $unwind$?is_potentially_valid_image_base@@YA_NQEAX@Z 0000000180016a2c     MSVCRTD:utility.obj
 0002:00000a34       $unwind$?SubArena@@YAXPEAUmemory_arena@@0_K1@Z 0000000180016a34     p5engine.obj
 0002:00000a34       $unwind$__GSHandlerCheck   0000000180016a34     MSVCRTD:gshandler.obj
 0002:00000a3c       $unwind$?AtomicCompareExchangeUInt32@@YAIPECIII@Z 0000000180016a3c     p5engine.obj
 0002:00000a3c       $unwind$?PushRenderElement_@@YAPEAXPEAUrender_group@@IW4render_group_entry_type@@@Z 0000000180016a3c     p5engine.obj
 0002:00000a3c       $unwind$?dllmain_crt_dispatch@@YAHQEAUHINSTANCE__@@KQEAX@Z 0000000180016a3c     MSVCRTD:dll_dllmain.obj
 0002:00000a3c       $unwind$?dllmain_raw@@YAHQEAUHINSTANCE__@@KQEAX@Z 0000000180016a3c     MSVCRTD:dll_dllmain.obj
 0002:00000a44       $unwind$?ATan2@@YAMMM@Z    0000000180016a44     p5engine.obj
 0002:00000a44       $unwind$?IsCanonical@@YAHMM@Z 0000000180016a44     p5engine.obj
 0002:00000a44       $unwind$?SafeRatio1@@YAMMM@Z 0000000180016a44     p5engine.obj
 0002:00000a4c       $unwind$?Clamp01MapToRange@@YAMMMM@Z 0000000180016a4c     p5engine.obj
 0002:00000a4c       $unwind$?Clamp@@YAMMMM@Z   0000000180016a4c     p5engine.obj
 0002:00000a4c       $unwind$?Lerp@@YAMMMM@Z    0000000180016a4c     p5engine.obj
 0002:00000a4c       $unwind$?SafeRatioN@@YAMMMM@Z 0000000180016a4c     p5engine.obj
 0002:00000a54       $unwind$?V2@@YA?ATv2@@MM@Z 0000000180016a54     p5engine.obj
 0002:00000a64       $unwind$?V2i@@YA?ATv2@@HH@Z 0000000180016a64     p5engine.obj
 0002:00000a6c       $unwind$??D@YA?ATv2@@MT0@@Z 0000000180016a6c     p5engine.obj
 0002:00000a7c       $unwind$??G@YA?ATv2@@T0@0@Z 0000000180016a7c     p5engine.obj
 0002:00000a7c       $unwind$??H@YA?ATv2@@T0@0@Z 0000000180016a7c     p5engine.obj
 0002:00000a7c       $unwind$?GetBarycentric@@YA?ATv2@@Urectangle2@@T1@@Z 0000000180016a7c     p5engine.obj
 0002:00000a8c       $unwind$?Clamp01@@YA?ATv2@@T1@@Z 0000000180016a8c     p5engine.obj
 0002:00000a9c       $unwind$?V3@@YA?ATv3@@MMM@Z 0000000180016a9c     p5engine.obj
 0002:00000a9c       $unwind$?V4@@YA?ATv4@@MMMM@Z 0000000180016a9c     p5engine.obj
 0002:00000ab0       $unwind$??D@YA?ATv3@@MT0@@Z 0000000180016ab0     p5engine.obj
 0002:00000ab0       $unwind$??D@YA?ATv4@@MT0@@Z 0000000180016ab0     p5engine.obj
 0002:00000ab0       $unwind$?ToV3@@YA?ATv3@@Tv2@@M@Z 0000000180016ab0     p5engine.obj
 0002:00000ac4       $unwind$??D@YA?ATv3@@T0@M@Z 0000000180016ac4     p5engine.obj
 0002:00000ac4       $unwind$?GetCameraRectangleAtDistance@@YA?AUrectangle2@@PEAUrender_group@@M@Z 0000000180016ac4     p5engine.obj
 0002:00000ad0       $unwind$??X@YAAEATv3@@AEAT0@M@Z 0000000180016ad0     p5engine.obj
 0002:00000adc       $unwind$??G@YA?ATv3@@T0@0@Z 0000000180016adc     p5engine.obj
 0002:00000adc       $unwind$??H@YA?ATv3@@T0@0@Z 0000000180016adc     p5engine.obj
 0002:00000adc       $unwind$??H@YA?ATv4@@T0@0@Z 0000000180016adc     p5engine.obj
 0002:00000af0       $unwind$??Y@YAAEATv3@@AEAT0@T0@@Z 0000000180016af0     p5engine.obj
 0002:00000af0       $unwind$??Y@YAAEATv4@@AEAT0@T0@@Z 0000000180016af0     p5engine.obj
 0002:00000af0       $unwind$??Z@YAAEATv3@@AEAT0@T0@@Z 0000000180016af0     p5engine.obj
 0002:00000af0       $unwind$?GetDim@@YA?ATv3@@Urectangle3@@@Z 0000000180016af0     p5engine.obj
 0002:00000afc       $unwind$?AreInSameChunk@@YAHPEAUworld@@PEAUworld_position@@1@Z 0000000180016afc     p5engine.obj
 0002:00000afc       $unwind$?Hadamard@@YA?ATv3@@T1@0@Z 0000000180016afc     p5engine.obj
 0002:00000afc       $unwind$?RectCenterDim@@YA?AUrectangle2@@Tv2@@0@Z 0000000180016afc     p5engine.obj
 0002:00000b08       $unwind$?LengthSq@@YAMTv3@@@Z 0000000180016b08     p5engine.obj
 0002:00000b14       $unwind$?Length@@YAMTv3@@@Z 0000000180016b14     p5engine.obj
 0002:00000b14       $unwind$?MakeEntityNonSpatial@@YAXPEAUsim_entity@@@Z 0000000180016b14     p5engine.obj
 0002:00000b20       $unwind$?RectCenterHalfDim@@YA?AUrectangle2@@Tv2@@0@Z 0000000180016b20     p5engine.obj
 0002:00000b34       $unwind$?Intersect@@YA?AUrectangle2i@@U1@0@Z 0000000180016b34     p5engine.obj
 0002:00000b40       $unwind$?Clear@@YAXPEAUrender_group@@Tv4@@@Z 0000000180016b40     p5engine.obj
 0002:00000b40       $unwind$?GetMaxCorner@@YA?ATv3@@Urectangle3@@@Z 0000000180016b40     p5engine.obj
 0002:00000b40       $unwind$?GetMinCorner@@YA?ATv3@@Urectangle3@@@Z 0000000180016b40     p5engine.obj
 0002:00000b4c       $unwind$?RectMinMax@@YA?AUrectangle3@@Tv3@@0@Z 0000000180016b4c     p5engine.obj
 0002:00000b60       $unwind$?AddRadiusTo@@YA?AUrectangle3@@U1@Tv3@@@Z 0000000180016b60     p5engine.obj
 0002:00000b60       $unwind$?RectCenterHalfDim@@YA?AUrectangle3@@Tv3@@0@Z 0000000180016b60     p5engine.obj
 0002:00000b74       $unwind$?RectCenterDim@@YA?AUrectangle3@@Tv3@@0@Z 0000000180016b74     p5engine.obj
 0002:00000b80       $unwind$?RandomSeed@@YA?AUrandom_series@@I@Z 0000000180016b80     p5engine.obj
 0002:00000b90       $unwind$?RandomBetween@@YAMPEAUrandom_series@@MM@Z 0000000180016b90     p5engine.obj
 0002:00000b98       $unwind$?AddFlags@@YAXPEAUsim_entity@@I@Z 0000000180016b98     p5engine.obj
 0002:00000b98       $unwind$?ClearFlags@@YAXPEAUsim_entity@@I@Z 0000000180016b98     p5engine.obj
 0002:00000b98       $unwind$?PrefetchSound@@YAXPEAUgame_assets@@Usound_id@@@Z 0000000180016b98     p5engine.obj
 0002:00000ba0       $unwind$?MakeEntitySpatial@@YAXPEAUsim_entity@@Tv3@@1@Z 0000000180016ba0     p5engine.obj
 0002:00000bac       $unwind$?GetEntityGroundPoint@@YA?ATv3@@PEAUsim_entity@@T1@@Z 0000000180016bac     p5engine.obj
 0002:00000bb8       $unwind$?GetEntityGroundPoint@@YA?ATv3@@PEAUsim_entity@@@Z 0000000180016bb8     p5engine.obj
 0002:00000bc4       $unwind$?GetStairGround@@YAMPEAUsim_entity@@Tv3@@@Z 0000000180016bc4     p5engine.obj
 0002:00000bd0       $unwind$?LoadBitmap@@YAXPEAUgame_assets@@Ubitmap_id@@@Z 0000000180016bd0     p5engine.obj
 0002:00000bd8       $unwind$?LoadSound@@YAXPEAUgame_assets@@Usound_id@@@Z 0000000180016bd8     p5engine.obj
 0002:00000be0       $unwind$?AddCollisionRule@@YAXPEAUgame_state@@IIH@Z 0000000180016be0     p5engine.obj
 0002:00000be8       $unwind$?ClearCollisionRulesFor@@YAXPEAUgame_state@@I@Z 0000000180016be8     p5engine.obj
 0002:00000bf0       $unwind$?BeginTaskWithMemory@@YAPEAUtask_with_memory@@PEAUtransient_state@@@Z 0000000180016bf0     p5engine.obj
 0002:00000bfc       $unwind$?EndTaskWithMemory@@YAXPEAUtask_with_memory@@@Z 0000000180016bfc     p5engine.obj
 0002:00000c08       $unwind$?DrawRectangle@@YAXPEAUloaded_bitmap@@Tv2@@1Tv4@@Urectangle2i@@H@Z 0000000180016c08     p5engine.obj
 0002:00000c14       $unwind$?RenderGroupToOutput@@YAXPEAUrender_group@@PEAUloaded_bitmap@@Urectangle2i@@H@Z 0000000180016c14     p5engine.obj
 0002:00000c20       $unwind$?DoTiledRenderWork@@YAXPEAUplatform_work_queue@@PEAX@Z 0000000180016c20     p5engine.obj
 0002:00000c2c       $unwind$?RenderGroupToOutput@@YAXPEAUrender_group@@PEAUloaded_bitmap@@@Z 0000000180016c2c     p5engine.obj
 0002:00000c40       $unwind$?TiledRenderGroupToOutput@@YAXPEAUplatform_work_queue@@PEAUrender_group@@PEAUloaded_bitmap@@@Z 0000000180016c40     p5engine.obj
 0002:00000c54       $unwind$?AllocateRenderGroup@@YAPEAUrender_group@@PEAUgame_assets@@PEAUmemory_arena@@I@Z 0000000180016c54     p5engine.obj
 0002:00000c60       $unwind$?InitializeWorld@@YAXPEAUworld@@Tv3@@@Z 0000000180016c60     p5engine.obj
 0002:00000c6c       $unwind$?Subtract@@YA?ATv3@@PEAUworld@@PEAUworld_position@@1@Z 0000000180016c6c     p5engine.obj
 0002:00000c80       $unwind$?ChangeEntityLocation@@YAXPEAUmemory_arena@@PEAUworld@@IPEAUlow_entity@@Uworld_position@@@Z 0000000180016c80     p5engine.obj
 0002:00000c8c       $unwind$?GetHashFromStorageIndex@@YAPEAUsim_entity_hash@@PEAUsim_region@@I@Z 0000000180016c8c     p5engine.obj
 0002:00000c94       $unwind$?AddEntity@@YAPEAUsim_entity@@PEAUgame_state@@PEAUsim_region@@IPEAUlow_entity@@PEATv3@@@Z 0000000180016c94     p5engine.obj
 0002:00000ca0       $unwind$?AddEntityRaw@@YAPEAUsim_entity@@PEAUgame_state@@PEAUsim_region@@IPEAUlow_entity@@@Z 0000000180016ca0     p5engine.obj
 0002:00000cac       $unwind$?BeginSim@@YAPEAUsim_region@@PEAUmemory_arena@@PEAUgame_state@@PEAUworld@@Uworld_position@@Urectangle3@@M@Z 0000000180016cac     p5engine.obj
 0002:00000cc0       $unwind$?EndSim@@YAXPEAUsim_region@@PEAUgame_state@@@Z 0000000180016cc0     p5engine.obj
 0002:00000ccc       $unwind$?CanCollide@@YAHPEAUgame_state@@PEAUsim_entity@@1@Z 0000000180016ccc     p5engine.obj
 0002:00000cd4       $unwind$?HandleCollision@@YAHPEAUgame_state@@PEAUsim_entity@@1@Z 0000000180016cd4     p5engine.obj
 0002:00000cdc       $unwind$?CanOverlap@@YAHPEAUgame_state@@PEAUsim_entity@@1@Z 0000000180016cdc     p5engine.obj
 0002:00000ce4       $unwind$?HandleOverlap@@YAXPEAUgame_state@@PEAUsim_entity@@1MPEAM@Z 0000000180016ce4     p5engine.obj
 0002:00000cf0       $unwind$?SpeculativeCollide@@YAHPEAUsim_entity@@0Tv3@@@Z 0000000180016cf0     p5engine.obj
 0002:00000cfc       $unwind$?EntitiesOverlap@@YAHPEAUsim_entity@@0Tv3@@@Z 0000000180016cfc     p5engine.obj
 0002:00000d08       $unwind$?MoveEntity@@YAXPEAUgame_state@@PEAUsim_region@@PEAUsim_entity@@MPEAUmove_spec@@Tv3@@@Z 0000000180016d08     p5engine.obj
 0002:00000d1c       $unwind$?LoadAssetWork@@YAXPEAUplatform_work_queue@@PEAX@Z 0000000180016d1c     p5engine.obj
 0002:00000d24       $unwind$?GetBestMatchAssetFrom@@YAIPEAUgame_assets@@W4asset_type_id@@PEAUasset_vector@@2@Z 0000000180016d24     p5engine.obj
 0002:00000d2c       $unwind$?GetRandomAssetFrom@@YAIPEAUgame_assets@@W4asset_type_id@@PEAUrandom_series@@@Z 0000000180016d2c     p5engine.obj
 0002:00000d34       $unwind$?GetFirstAssetFrom@@YAIPEAUgame_assets@@W4asset_type_id@@@Z 0000000180016d34     p5engine.obj
 0002:00000d3c       $unwind$?GetBestMatchBitmapFrom@@YA?AUbitmap_id@@PEAUgame_assets@@W4asset_type_id@@PEAUasset_vector@@2@Z 0000000180016d3c     p5engine.obj
 0002:00000d44       $unwind$?GetFirstBitmapFrom@@YA?AUbitmap_id@@PEAUgame_assets@@W4asset_type_id@@@Z 0000000180016d44     p5engine.obj
 0002:00000d4c       $unwind$?GetRandomBitmapFrom@@YA?AUbitmap_id@@PEAUgame_assets@@W4asset_type_id@@PEAUrandom_series@@@Z 0000000180016d4c     p5engine.obj
 0002:00000d54       $unwind$?GetFirstSoundFrom@@YA?AUsound_id@@PEAUgame_assets@@W4asset_type_id@@@Z 0000000180016d54     p5engine.obj
 0002:00000d5c       $unwind$?GetRandomSoundFrom@@YA?AUsound_id@@PEAUgame_assets@@W4asset_type_id@@PEAUrandom_series@@@Z 0000000180016d5c     p5engine.obj
 0002:00000d64       $unwind$?AllocateGameAssets@@YAPEAUgame_assets@@PEAUmemory_arena@@_KPEAUtransient_state@@@Z 0000000180016d64     p5engine.obj
 0002:00000d70       $unwind$?PlaySound@@YAPEAUplaying_sound@@PEAUaudio_state@@Usound_id@@@Z 0000000180016d70     p5engine.obj
 0002:00000d78       $unwind$?ChangeVolume@@YAXPEAUaudio_state@@PEAUplaying_sound@@MTv2@@@Z 0000000180016d78     p5engine.obj
 0002:00000d80       $unwind$?OutputPlayingSounds@@YAXPEAUaudio_state@@PEAUgame_sound_output_buffer@@PEAUgame_assets@@PEAUmemory_arena@@@Z 0000000180016d80     p5engine.obj
 0002:00000d94       $unwind$?InitializeAudioState@@YAXPEAUaudio_state@@PEAUmemory_arena@@@Z 0000000180016d94     p5engine.obj
 0002:00000d9c       $unwind$?AddLowEntity@@YA?AUadd_low_entity_result@@PEAUgame_state@@W4entity_type@@Uworld_position@@@Z 0000000180016d9c     p5engine.obj
 0002:00000db0       $unwind$?AddGroundedEntity@@YA?AUadd_low_entity_result@@PEAUgame_state@@W4entity_type@@Uworld_position@@PEAUsim_entity_collision_volume_group@@@Z 0000000180016db0     p5engine.obj
 0002:00000dbc       $unwind$?AddStandardRoom@@YA?AUadd_low_entity_result@@PEAUgame_state@@III@Z 0000000180016dbc     p5engine.obj
 0002:00000dc8       $unwind$?AddWall@@YA?AUadd_low_entity_result@@PEAUgame_state@@III@Z 0000000180016dc8     p5engine.obj
 0002:00000dd4       $unwind$?AddStairs@@YA?AUadd_low_entity_result@@PEAUgame_state@@III@Z 0000000180016dd4     p5engine.obj
 0002:00000de0       $unwind$?InitHitPoints@@YAXPEAUlow_entity@@I@Z 0000000180016de0     p5engine.obj
 0002:00000de8       $unwind$?AddSword@@YA?AUadd_low_entity_result@@PEAUgame_state@@@Z 0000000180016de8     p5engine.obj
 0002:00000df4       $unwind$?AddPlayer@@YA?AUadd_low_entity_result@@PEAUgame_state@@@Z 0000000180016df4     p5engine.obj
 0002:00000e00       $unwind$?AddMonstar@@YA?AUadd_low_entity_result@@PEAUgame_state@@III@Z 0000000180016e00     p5engine.obj
 0002:00000e0c       $unwind$?AddFamiliar@@YA?AUadd_low_entity_result@@PEAUgame_state@@III@Z 0000000180016e0c     p5engine.obj
 0002:00000e18       $unwind$?DrawHitpoints@@YAXPEAUsim_entity@@PEAUrender_group@@@Z 0000000180016e18     p5engine.obj
 0002:00000e2c       $unwind$?MakeSimpleGroundedCollision@@YAPEAUsim_entity_collision_volume_group@@PEAUgame_state@@MMM@Z 0000000180016e2c     p5engine.obj
 0002:00000e38       $unwind$?MakeNullCollision@@YAPEAUsim_entity_collision_volume_group@@PEAUgame_state@@@Z 0000000180016e38     p5engine.obj
 0002:00000e44       $unwind$?FillGroundChunkWork@@YAXPEAUplatform_work_queue@@PEAX@Z 0000000180016e44     p5engine.obj
 0002:00000e4c       $unwind$?FillGroundChunk@@YAXPEAUtransient_state@@PEAUgame_state@@PEAUground_buffer@@PEAUworld_position@@@Z 0000000180016e4c     p5engine.obj
 0002:00000e60       $unwind$?ClearBitmap@@YAXPEAUloaded_bitmap@@@Z 0000000180016e60     p5engine.obj
 0002:00000e68       $unwind$?MakeEmptyBitmap@@YA?AUloaded_bitmap@@PEAUmemory_arena@@HHH@Z 0000000180016e68     p5engine.obj
 0002:00000e7c       $unwind$?MakeSphereDiffuseMap@@YAXPEAUloaded_bitmap@@MM@Z 0000000180016e7c     p5engine.obj
 0002:00000e88       $unwind$?MakeSphereNormalMap@@YAXPEAUloaded_bitmap@@MMM@Z 0000000180016e88     p5engine.obj
 0002:00000e94       $unwind$GameUpdateAndRender 0000000180016e94     p5engine.obj
 0002:00000ea8       $unwind$GameGetSoundSamples 0000000180016ea8     p5engine.obj
 0002:00000eb0       $unwind$?GetNextSoundInChain@@YA?AUsound_id@@PEAUgame_assets@@U1@@Z 0000000180016eb0     p5engine.obj
 0002:00000ec0       $unwind$?GetRenderEntityBasisPos@@YA?AUentity_basis_p_result@@PEAUrender_transform@@Tv3@@@Z 0000000180016ec0     p5engine.obj
 0002:00000ed4       $unwind$?PushBitmap@@YAXPEAUrender_group@@PEAUloaded_bitmap@@Tv3@@MTv4@@@Z 0000000180016ed4     p5engine.obj
 0002:00000ee0       $unwind$?PushBitmap@@YAXPEAUrender_group@@Ubitmap_id@@Tv3@@MTv4@@@Z 0000000180016ee0     p5engine.obj
 0002:00000eec       $unwind$?PushRect@@YAXPEAUrender_group@@Tv3@@Tv2@@Tv4@@@Z 0000000180016eec     p5engine.obj
 0002:00000ef8       $unwind$?PushRectOutline@@YAXPEAUrender_group@@Tv3@@Tv2@@Tv4@@@Z 0000000180016ef8     p5engine.obj
 0002:00000f04       $unwind$?Orthographic@@YAXPEAUrender_group@@HHM@Z 0000000180016f04     p5engine.obj
 0002:00000f04       $unwind$?Perspective@@YAXPEAUrender_group@@HHMMM@Z 0000000180016f04     p5engine.obj
 0002:00000f0c       $unwind$?RecanonicalizeCoord@@YAXMPEAHPEAM@Z 0000000180016f0c     p5engine.obj
 0002:00000f0c       $unwind$?Unproject@@YA?ATv2@@PEAUrender_group@@T1@M@Z 0000000180016f0c     p5engine.obj
 0002:00000f14       $unwind$?GetCameraRectangleAtTarget@@YA?AUrectangle2@@PEAUrender_group@@@Z 0000000180016f14     p5engine.obj
 0002:00000f20       $unwind$?NullPosition@@YA?AUworld_position@@XZ 0000000180016f20     p5engine.obj
 0002:00000f34       $unwind$?GetWorldChunk@@YAPEAUworld_chunk@@PEAUworld@@HHHPEAUmemory_arena@@@Z 0000000180016f34     p5engine.obj
 0002:00000f34       $unwind$__scrt_dllmain_exception_filter 0000000180016f34     MSVCRTD:utility.obj
 0002:00000f3c       $unwind$?MapIntoChunkSpace@@YA?AUworld_position@@PEAUworld@@U1@Tv3@@@Z 0000000180016f3c     p5engine.obj
 0002:00000f50       $unwind$?ChunkPositionFromTilePosition@@YA?AUworld_position@@PEAUworld@@HHHTv3@@@Z 0000000180016f50     p5engine.obj
 0002:00000f64       $unwind$?CenteredChunkPoint@@YA?AUworld_position@@III@Z 0000000180016f64     p5engine.obj
 0002:00000f78       $unwind$?ChangeEntityLocationRaw@@YAXPEAUmemory_arena@@PEAUworld@@IPEAUworld_position@@2@Z 0000000180016f78     p5engine.obj
 0002:00000f84       $unwind$?GetSimSpacePos@@YA?ATv3@@PEAUsim_region@@PEAUlow_entity@@@Z 0000000180016f84     p5engine.obj
 0002:00000f90       $unwind$?LoadEntityReference@@YAXPEAUgame_state@@PEAUsim_region@@PEATentity_reference@@@Z 0000000180016f90     p5engine.obj
 0002:00000fa4       $unwind$?EntityOverlapsRectangle@@YAHTv3@@Usim_entity_collision_volume@@Urectangle3@@@Z 0000000180016fa4     p5engine.obj
 0002:00000fb0       $unwind$?DefaultMoveSpec@@YA?AUmove_spec@@XZ 0000000180016fb0     p5engine.obj
 0002:00000fc4       $unwind$?DrawRectangleQuickly@@YAXPEAUloaded_bitmap@@Tv2@@11Tv4@@0MUrectangle2i@@H@Z 0000000180016fc4     p5engine_optimized.obj
 0002:00000fec       $chain$9$?DrawRectangleQuickly@@YAXPEAUloaded_bitmap@@Tv2@@11Tv4@@0MUrectangle2i@@H@Z 0000000180016fec     p5engine_optimized.obj
 0002:00001024       $chain$10$?DrawRectangleQuickly@@YAXPEAUloaded_bitmap@@Tv2@@11Tv4@@0MUrectangle2i@@H@Z 0000000180017024     p5engine_optimized.obj
 0002:00001034       $unwind$__GSHandlerCheckCommon 0000000180017034     MSVCRTD:gshandler.obj
 0002:00001040       $xdatasym                  0000000180017040     MSVCRTD:chkstk.obj
 0002:00001048       $xdatasym                  0000000180017048     MSVCRTD:amdsecgs.obj
 0002:0000104c       $unwind$?dllmain_crt_process_attach@@YAHQEAUHINSTANCE__@@QEAX@Z 000000018001704c     MSVCRTD:dll_dllmain.obj
 0002:0000106c       $unwind$?fin$0@?0??dllmain_crt_process_attach@@YAHQEAUHINSTANCE__@@QEAX@Z@4HA 000000018001706c     MSVCRTD:dll_dllmain.obj
 0002:0000106c       $unwind$?fin$0@?0??dllmain_crt_process_detach@@YAH_N@Z@4HA 000000018001706c     MSVCRTD:dll_dllmain.obj
 0002:0000106c       $unwind$?fin$1@?0??dllmain_crt_process_detach@@YAH_N@Z@4HA 000000018001706c     MSVCRTD:dll_dllmain.obj
 0002:0000106c       $unwind$__scrt_is_nonwritable_in_current_image$filt$0 000000018001706c     MSVCRTD:utility.obj
 0002:00001074       $unwind$?dllmain_crt_process_detach@@YAH_N@Z 0000000180017074     MSVCRTD:dll_dllmain.obj
 0002:000010a4       $unwind$?dllmain_dispatch@@YAHQEAUHINSTANCE__@@KQEAX@Z 00000001800170a4     MSVCRTD:dll_dllmain.obj
 0002:000010c4       $unwind$?filt$0@?0??dllmain_dispatch@@YAHQEAUHINSTANCE__@@KQEAX@Z@4HA 00000001800170c4     MSVCRTD:dll_dllmain.obj
 0002:000010cc       $unwind$_DllMainCRTStartup 00000001800170cc     MSVCRTD:dll_dllmain.obj
 0002:000010cc       $unwind$DllMain            00000001800170cc     MSVCRTD:dll_dllmain_stub.obj
 0002:000010d4       $unwind$capture_previous_context 00000001800170d4     MSVCRTD:gs_report.obj
 0002:000010dc       $unwind$__scrt_initialize_default_local_stdio_options 00000001800170dc     MSVCRTD:default_local_stdio_options.obj
 0002:000010dc       $unwind$__security_init_cookie 00000001800170dc     MSVCRTD:gs_support.obj
 0002:000010e4       $unwind$__get_entropy      00000001800170e4     MSVCRTD:gs_support.obj
 0002:000010ec       $unwind$?__scrt_initialize_type_info@@YAXXZ 00000001800170ec     MSVCRTD:tncleanup.obj
 0002:000010ec       $unwind$?__scrt_uninitialize_type_info@@YAXXZ 00000001800170ec     MSVCRTD:tncleanup.obj
 0002:000010ec       $unwind$?configure_argv@__scrt_narrow_argv_policy@@SAHXZ 00000001800170ec     MSVCRTD:utility.obj
 0002:000010ec       $unwind$?initialize_environment@__scrt_narrow_environment_policy@@SAHXZ 00000001800170ec     MSVCRTD:utility.obj
 0002:000010ec       $unwind$__scrt_dllmain_after_initialize_c 00000001800170ec     MSVCRTD:utility.obj
 0002:000010ec       $unwind$__scrt_dllmain_before_initialize_c 00000001800170ec     MSVCRTD:utility.obj
 0002:000010ec       $unwind$__scrt_dllmain_crt_thread_attach 00000001800170ec     MSVCRTD:utility.obj
 0002:000010ec       $unwind$__scrt_dllmain_crt_thread_detach 00000001800170ec     MSVCRTD:utility.obj
 0002:000010ec       $unwind$__scrt_dllmain_uninitialize_c 00000001800170ec     MSVCRTD:utility.obj
 0002:000010ec       $unwind$__scrt_dllmain_uninitialize_critical 00000001800170ec     MSVCRTD:utility.obj
 0002:000010f4       $unwind$__scrt_is_nonwritable_in_current_image 00000001800170f4     MSVCRTD:utility.obj
 0002:00001114       $unwind$__scrt_acquire_startup_lock 0000000180017114     MSVCRTD:utility.obj
 0002:0000111c       $unwind$__scrt_initialize_crt 000000018001711c     MSVCRTD:utility.obj
 0002:0000111c       $unwind$__scrt_release_startup_lock 000000018001711c     MSVCRTD:utility.obj
 0002:00001124       $unwind$__scrt_uninitialize_crt 0000000180017124     MSVCRTD:utility.obj
 0002:0000112c       $unwind$__scrt_initialize_onexit_tables 000000018001712c     MSVCRTD:utility.obj
 0002:00001138       $unwind$__scrt_fastfail    0000000180017138     MSVCRTD:utility_desktop.obj
 0002:00001144       $unwind$_RTC_Initialize    0000000180017144     MSVCRTD:initsect.obj
 0002:00001144       $unwind$_RTC_Terminate     0000000180017144     MSVCRTD:initsect.obj
 0002:00001150       $unwind$__isa_available_init 0000000180017150     MSVCRTD:cpu_disp.obj
 0002:00001160       $unwind$__scrt_is_ucrt_dll_in_use 0000000180017160     MSVCRTD:ucrt_detection.obj
 0002:00001168       $xdatasym                  0000000180017168     MSVCRTD:guard_dispatch.obj
 0002:00001170       $xdatasym                  0000000180017170     MSVCRTD:guard_xfg_dispatch.obj
 0002:00001180       .edata                     0000000180017180     P5Engine.exp
 0002:000011a8       rgpv                       00000001800171a8     P5Engine.exp
 0002:000011b0       rgszName                   00000001800171b0     P5Engine.exp
 0002:000011b8       rgwOrd                     00000001800171b8     P5Engine.exp
 0002:000011bc       szName                     00000001800171bc     P5Engine.exp
 0002:000011c9       $N00001                    00000001800171c9     P5Engine.exp
 0002:000011dd       $N00002                    00000001800171dd     P5Engine.exp
 0002:00001380       .idata$6                   0000000180017380     vcruntimed:VCRUNTIME140D.dll
 0002:0000145a       .idata$6                   000000018001745a     ucrtd:ucrtbased.dll
 0002:000015ce       .idata$6                   00000001800175ce     kernel32:KERNEL32.dll
 0003:00000000       ?RandomNumberTable@@3PAIA  0000000180018000     p5engine.obj
 0003:00004050       ?Platform@@3Uplatform_api@@A 000000018001c050     p5engine.obj
 0003:000040a0       ?__proc_attached@@3HA      000000018001c0a0     MSVCRTD:dll_dllmain.obj
 0003:000040b0       GS_ExceptionRecord         000000018001c0b0     MSVCRTD:gs_report.obj
 0003:00004150       GS_ContextRecord           000000018001c150     MSVCRTD:gs_report.obj
 0003:00004650       ?is_initialized_as_dll@@3_NA 000000018001c650     MSVCRTD:utility.obj
 0003:00004651       ?module_local_atexit_table_initialized@@3_NA 000000018001c651     MSVCRTD:utility.obj
 0003:00004658       ?module_local_atexit_table@@3U_onexit_table_t@@A 000000018001c658     MSVCRTD:utility.obj
 0003:00004670       ?module_local_at_quick_exit_table@@3U_onexit_table_t@@A 000000018001c670     MSVCRTD:utility.obj
 0005:00000000       __20BB4341_malloc@h        000000018001e000     p5engine.obj
 0005:00000001       __A435B42B_p5engine_types@h 000000018001e001     p5engine.obj
 0005:00000002       __7D4BEAAE_p5engine_platform@h 000000018001e002     p5engine.obj
 0005:00000003       __741AE07E_corecrt_math@h  000000018001e003     p5engine.obj
 0005:00000004       __7BF3FA8A_p5engine_intrinsics@h 000000018001e004     p5engine.obj
 0005:00000005       __87290AA6_p5engine_math@h 000000018001e005     p5engine.obj
 0005:00000006       __B7A387D6_p5engine_random@h 000000018001e006     p5engine.obj
 0005:00000007       __F17FF173_p5engine_entity@h 000000018001e007     p5engine.obj
 0005:00000008       __72A74871_p5engine_asset@h 000000018001e008     p5engine.obj
 0005:00000009       __BD87FD4A_p5engine@h      000000018001e009     p5engine.obj
 0005:0000000a       __6F2BF339_p5engine_render_group@cpp 000000018001e00a     p5engine.obj
 0005:0000000b       __281AC6F8_p5engine_world@cpp 000000018001e00b     p5engine.obj
 0005:0000000c       __B07C4A52_p5engine_sim_region@cpp 000000018001e00c     p5engine.obj
 0005:0000000d       __BDC7FEEB_p5engine_entity@cpp 000000018001e00d     p5engine.obj
 0005:0000000e       __3D4C1499_p5engine_asset@cpp 000000018001e00e     p5engine.obj
 0005:0000000f       __39A8D9B6_p5engine_audio@cpp 000000018001e00f     p5engine.obj
 0005:00000010       __BAF57382_p5engine@cpp    000000018001e010     p5engine.obj
 0005:00000011       __20BB4341_malloc@h        000000018001e011     p5engine_optimized.obj
 0005:00000012       __A435B42B_p5engine_types@h 000000018001e012     p5engine_optimized.obj
 0005:00000013       __7D4BEAAE_p5engine_platform@h 000000018001e013     p5engine_optimized.obj
 0005:00000014       __741AE07E_corecrt_math@h  000000018001e014     p5engine_optimized.obj
 0005:00000015       __7BF3FA8A_p5engine_intrinsics@h 000000018001e015     p5engine_optimized.obj
 0005:00000016       __87290AA6_p5engine_math@h 000000018001e016     p5engine_optimized.obj
 0005:00000017       __B7A387D6_p5engine_random@h 000000018001e017     p5engine_optimized.obj
 0005:00000018       __F17FF173_p5engine_entity@h 000000018001e018     p5engine_optimized.obj
 0005:00000019       __72A74871_p5engine_asset@h 000000018001e019     p5engine_optimized.obj
 0005:0000001a       __BD87FD4A_p5engine@h      000000018001e01a     p5engine_optimized.obj
 0005:0000001b       __03FC23C0_p5engine_optimized@cpp 000000018001e01b     p5engine_optimized.obj
 0006:00000060       $R000000                   000000018001f060     * linker generated manifest res *
