 P5Engine

 Timestamp is 631d912c (Sun Sep 11 02:41:32 2022)

 Preferred load address is 0000000180000000

 Start         Length     Name                   Class
 0001:00000000 00013860H .text$mn                CODE
 0001:00013860 00000040H .text$mn$00             CODE
 0001:000138a0 000000ddH .text$x                 CODE
 0002:00000000 00000108H .idata$5                DATA
 0002:00000108 00000028H .00cfg                  DATA
 0002:00000130 00000008H .CRT$XCA                DATA
 0002:00000138 00000008H .CRT$XCZ                DATA
 0002:00000140 00000008H .CRT$XIA                DATA
 0002:00000148 00000008H .CRT$XIZ                DATA
 0002:00000150 00000008H .CRT$XPA                DATA
 0002:00000158 00000008H .CRT$XPZ                DATA
 0002:00000160 00000008H .CRT$XTA                DATA
 0002:00000168 00000008H .CRT$XTZ                DATA
 0002:00000170 00000000H .gehcont$y              DATA
 0002:00000170 00000000H .gfids$y                DATA
 0002:00000170 00000590H .rdata                  DATA
 0002:00000700 00000000H .rdata$CastGuardVftablesA DATA
 0002:00000700 00000000H .rdata$CastGuardVftablesC DATA
 0002:00000700 00000174H .rdata$voltmd           DATA
 0002:00000874 000002dcH .rdata$zzzdbg           DATA
 0002:00000b50 00000008H .rtc$IAA                DATA
 0002:00000b58 00000008H .rtc$IZZ                DATA
 0002:00000b60 00000008H .rtc$TAA                DATA
 0002:00000b68 00000008H .rtc$TZZ                DATA
 0002:00000b70 00000720H .xdata                  DATA
 0002:00001290 00000074H .edata                  DATA
 0002:00001304 0000003cH .idata$2                DATA
 0002:00001340 00000018H .idata$3                DATA
 0002:00001358 00000108H .idata$4                DATA
 0002:00001460 0000029eH .idata$6                DATA
 0003:00000000 00004040H .data                   DATA
 0003:00004040 0000062cH .bss                    DATA
 0004:00000000 00000a44H .pdata                  DATA
 0005:00000000 0000000fH .msvcjmc                DATA
 0006:00000000 00000060H .rsrc$01                DATA
 0006:00000060 00000098H .rsrc$02                DATA

  Address         Publics by Value              Rva+Base               Lib:Object

 0000:00000000       __dynamic_value_reloc_table 0000000000000000     <absolute>
 0000:00000000       __arm64x_extra_rfe_table_size 0000000000000000     <absolute>
 0000:00000000       __hybrid_auxiliary_iat_copy 0000000000000000     <absolute>
 0000:00000000       __hybrid_auxiliary_iat     0000000000000000     <absolute>
 0000:00000000       __AbsoluteZero             0000000000000000     <absolute>
 0000:00000000       ___safe_se_handler_table   0000000000000000     <absolute>
 0000:00000000       __hybrid_code_map          0000000000000000     <absolute>
 0000:00000000       __guard_eh_cont_count      0000000000000000     <absolute>
 0000:00000000       __guard_longjmp_count      0000000000000000     <absolute>
 0000:00000000       __arm64x_extra_rfe_table   0000000000000000     <absolute>
 0000:00000000       __hybrid_code_map_count    0000000000000000     <absolute>
 0000:00000000       __guard_iat_count          0000000000000000     <absolute>
 0000:00000000       __guard_check_icall_a64n_fptr 0000000000000000     <absolute>
 0000:00000000       __guard_fids_table         0000000000000000     <absolute>
 0000:00000000       __guard_fids_count         0000000000000000     <absolute>
 0000:00000000       __guard_iat_table          0000000000000000     <absolute>
 0000:00000000       __x64_code_ranges_to_entry_points 0000000000000000     <absolute>
 0000:00000000       __arm64x_redirection_metadata 0000000000000000     <absolute>
 0000:00000000       __guard_longjmp_table      0000000000000000     <absolute>
 0000:00000000       __arm64x_redirection_metadata_count 0000000000000000     <absolute>
 0000:00000000       __arm64x_native_entrypoint 0000000000000000     <absolute>
 0000:00000000       __x64_code_ranges_to_entry_points_count 0000000000000000     <absolute>
 0000:00000000       __enclave_config           0000000000000000     <absolute>
 0000:00000000       __guard_eh_cont_table      0000000000000000     <absolute>
 0000:00000000       ___safe_se_handler_count   0000000000000000     <absolute>
 0000:00000100       __guard_flags              0000000000000100     <absolute>
 0000:00000000       __ImageBase                0000000180000000     <linker-defined>
 0001:00009c70       GameUpdateAndRender        000000018000ac70 f   p5engine.obj
 0001:0000d410       GameGetSoundSamples        000000018000e410 f   p5engine.obj
 0001:0000d460       ??D@YA?ATv2@@MT0@@Z        000000018000e460 f i p5engine.obj
 0001:0000d4e0       ??D@YA?ATv3@@MT0@@Z        000000018000e4e0 f i p5engine.obj
 0001:0000d590       ??D@YA?ATv3@@T0@M@Z        000000018000e590 f i p5engine.obj
 0001:0000d610       ??D@YA?ATv4@@MT0@@Z        000000018000e610 f i p5engine.obj
 0001:0000d6e0       ??G@YA?ATv2@@T0@0@Z        000000018000e6e0 f i p5engine.obj
 0001:0000d760       ??G@YA?ATv3@@T0@0@Z        000000018000e760 f i p5engine.obj
 0001:0000d820       ??H@YA?ATv2@@T0@0@Z        000000018000e820 f i p5engine.obj
 0001:0000d8a0       ??H@YA?ATv3@@T0@0@Z        000000018000e8a0 f i p5engine.obj
 0001:0000d960       ??X@YAAEATv3@@AEAT0@M@Z    000000018000e960 f i p5engine.obj
 0001:0000d9e0       ??Y@YAAEATv2@@AEAT0@T0@@Z  000000018000e9e0 f i p5engine.obj
 0001:0000da30       ??Y@YAAEATv3@@AEAT0@T0@@Z  000000018000ea30 f i p5engine.obj
 0001:0000dad0       ??Z@YAAEATv3@@AEAT0@T0@@Z  000000018000ead0 f i p5engine.obj
 0001:0000db70       ?AbsoluteValue@@YAMM@Z     000000018000eb70 f i p5engine.obj
 0001:0000dbb0       ?AddFlags@@YAXPEAUsim_entity@@I@Z 000000018000ebb0 f i p5engine.obj
 0001:0000dbf0       ?AddRadiusTo@@YA?AUrectangle3@@U1@Tv3@@@Z 000000018000ebf0 f i p5engine.obj
 0001:0000dd60       ?AllResourcesPresent@@YAHPEAUrender_group@@@Z 000000018000ed60 f i p5engine.obj
 0001:0000ddb0       ?AreInSameChunk@@YAHPEAUworld@@PEAUworld_position@@1@Z 000000018000edb0 f i p5engine.obj
 0001:0000deb0       ?AtomicCompareExchangeUInt32@@YAIPECIII@Z 000000018000eeb0 f i p5engine.obj
 0001:0000df00       ?BeginTemporaryMemory@@YA?AUtemporary_memory@@PEAUmemory_arena@@@Z 000000018000ef00 f i p5engine.obj
 0001:0000dfa0       ?CeilReal32ToInt32@@YAHM@Z 000000018000efa0 f i p5engine.obj
 0001:0000dfe0       ?CenteredChunkPoint@@YA?AUworld_position@@III@Z 000000018000efe0 f i p5engine.obj
 0001:0000e070       ?ChangeEntityLocationRaw@@YAXPEAUmemory_arena@@PEAUworld@@IPEAUworld_position@@2@Z 000000018000f070 f i p5engine.obj
 0001:0000e460       ?CheckArena@@YAXPEAUmemory_arena@@@Z 000000018000f460 f i p5engine.obj
 0001:0000e490       ?ChunkPositionFromTilePosition@@YA?AUworld_position@@PEAUworld@@HHHTv3@@@Z 000000018000f490 f i p5engine.obj
 0001:0000e730       ?Clamp01@@YA?ATv2@@T1@@Z   000000018000f730 f i p5engine.obj
 0001:0000e7a0       ?Clamp01@@YAMM@Z           000000018000f7a0 f i p5engine.obj
 0001:0000e7e0       ?Clamp01MapToRange@@YAMMMM@Z 000000018000f7e0 f i p5engine.obj
 0001:0000e860       ?Clamp@@YAMMMM@Z           000000018000f860 f i p5engine.obj
 0001:0000e8d0       ?Clear@@YAXPEAUrender_group@@Tv4@@@Z 000000018000f8d0 f i p5engine.obj
 0001:0000e930       ?ClearFlags@@YAXPEAUsim_entity@@I@Z 000000018000f930 f i p5engine.obj
 0001:0000e970       ?DefaultMoveSpec@@YA?AUmove_spec@@XZ 000000018000f970 f i p5engine.obj
 0001:0000ea10       ?EndTemporaryMemory@@YAXUtemporary_memory@@@Z 000000018000fa10 f i p5engine.obj
 0001:0000ea90       ?EntityOverlapsRectangle@@YAHTv3@@Usim_entity_collision_volume@@Urectangle3@@@Z 000000018000fa90 f i p5engine.obj
 0001:0000ec20       ?FindLeastSignificantSetBit@@YA?AUbit_scan_result@@I@Z 000000018000fc20 f i p5engine.obj
 0001:0000ec90       ?FloorReal32ToInt32@@YAHM@Z 000000018000fc90 f i p5engine.obj
 0001:0000ecd0       ?GetAlignmentOffset@@YA_KPEAUmemory_arena@@_K@Z 000000018000fcd0 f i p5engine.obj
 0001:0000ed60       ?GetArenaSizeRemaining@@YA_KPEAUmemory_arena@@_K@Z 000000018000fd60 f i p5engine.obj
 0001:0000edc0       ?GetBarycentric@@YA?ATv2@@Urectangle2@@T1@@Z 000000018000fdc0 f i p5engine.obj
 0001:0000ee70       ?GetBitmap@@YAPEAUloaded_bitmap@@PEAUgame_assets@@Ubitmap_id@@@Z 000000018000fe70 f i p5engine.obj
 0001:0000eeb0       ?GetCameraRectangleAtDistance@@YA?AUrectangle2@@PEAUrender_group@@M@Z 000000018000feb0 f i p5engine.obj
 0001:0000ef50       ?GetCameraRectangleAtTarget@@YA?AUrectangle2@@PEAUrender_group@@@Z 000000018000ff50 f i p5engine.obj
 0001:0000efc0       ?GetClampedRectArea@@YAHUrectangle2i@@@Z 000000018000ffc0 f i p5engine.obj
 0001:0000f030       ?GetDim@@YA?ATv2@@Urectangle2@@@Z 0000000180010030 f i p5engine.obj
 0001:0000f070       ?GetDim@@YA?ATv3@@Urectangle3@@@Z 0000000180010070 f i p5engine.obj
 0001:0000f110       ?GetEntityGroundPoint@@YA?ATv3@@PEAUsim_entity@@@Z 0000000180010110 f i p5engine.obj
 0001:0000f190       ?GetEntityGroundPoint@@YA?ATv3@@PEAUsim_entity@@T1@@Z 0000000180010190 f i p5engine.obj
 0001:0000f1f0       ?GetLowEntity@@YAPEAUlow_entity@@PEAUgame_state@@I@Z 00000001800101f0 f i p5engine.obj
 0001:0000f260       ?GetMaxCorner@@YA?ATv3@@Urectangle3@@@Z 0000000180010260 f i p5engine.obj
 0001:0000f2c0       ?GetMinCorner@@YA?ATv3@@Urectangle3@@@Z 00000001800102c0 f i p5engine.obj
 0001:0000f310       ?GetRenderEntityBasisPos@@YA?AUentity_basis_p_result@@PEAUrender_transform@@Tv3@@@Z 0000000180010310 f i p5engine.obj
 0001:0000f5b0       ?GetSimSpacePos@@YA?ATv3@@PEAUsim_region@@PEAUlow_entity@@@Z 00000001800105b0 f i p5engine.obj
 0001:0000f6a0       ?GetStairGround@@YAMPEAUsim_entity@@Tv3@@@Z 00000001800106a0 f i p5engine.obj
 0001:0000f790       ?GetWorldChunk@@YAPEAUworld_chunk@@PEAUworld@@HHHPEAUmemory_arena@@@Z 0000000180010790 f i p5engine.obj
 0001:0000f980       ?Hadamard@@YA?ATv2@@T1@0@Z 0000000180010980 f i p5engine.obj
 0001:0000f9e0       ?Hadamard@@YA?ATv3@@T1@0@Z 00000001800109e0 f i p5engine.obj
 0001:0000faa0       ?HasArea@@YAHUrectangle2i@@@Z 0000000180010aa0 f i p5engine.obj
 0001:0000fb00       ?HasFlag@@YAHPEAUsim_entity@@I@Z 0000000180010b00 f i p5engine.obj
 0001:0000fb40       ?InitializeArena@@YAXPEAUmemory_arena@@_KPEAX@Z 0000000180010b40 f i p5engine.obj
 0001:0000fba0       ?Inner@@YAMTv2@@0@Z        0000000180010ba0 f i p5engine.obj
 0001:0000fbf0       ?Inner@@YAMTv3@@0@Z        0000000180010bf0 f i p5engine.obj
 0001:0000fc60       ?Intersect@@YA?AUrectangle2i@@U1@0@Z 0000000180010c60 f i p5engine.obj
 0001:0000fd70       ?InvertedInfinityRectangle@@YA?AUrectangle2i@@XZ 0000000180010d70 f i p5engine.obj
 0001:0000fdd0       ?IsCanonical@@YAHMM@Z      0000000180010dd0 f i p5engine.obj
 0001:0000fe70       ?IsCanonical@@YAHPEAUworld@@Tv3@@@Z 0000000180010e70 f i p5engine.obj
 0001:0000ff10       ?IsInRectangle@@YAHUrectangle3@@Tv3@@@Z 0000000180010f10 f i p5engine.obj
 0001:0000ffd0       ?IsValid@@YAHUworld_position@@@Z 0000000180010fd0 f i p5engine.obj
 0001:00010020       ?Length@@YAMTv3@@@Z        0000000180011020 f i p5engine.obj
 0001:00010070       ?LengthSq@@YAMTv2@@@Z      0000000180011070 f i p5engine.obj
 0001:000100b0       ?LengthSq@@YAMTv3@@@Z      00000001800110b0 f i p5engine.obj
 0001:00010120       ?Linear1ToSRGB255@@YA?ATv4@@T1@@Z 0000000180011120 f i p5engine.obj
 0001:00010220       ?LoadEntityReference@@YAXPEAUgame_state@@PEAUsim_region@@PEATentity_reference@@@Z 0000000180011220 f i p5engine.obj
 0001:00010350       ?MakeEntityNonSpatial@@YAXPEAUsim_entity@@@Z 0000000180011350 f i p5engine.obj
 0001:000103d0       ?MakeEntitySpatial@@YAXPEAUsim_entity@@Tv3@@1@Z 00000001800113d0 f i p5engine.obj
 0001:00010440       ?MapIntoChunkSpace@@YA?AUworld_position@@PEAUworld@@U1@Tv3@@@Z 0000000180011440 f i p5engine.obj
 0001:00010530       ?NullPosition@@YA?AUworld_position@@XZ 0000000180011530 f i p5engine.obj
 0001:000105a0       ?Orthographic@@YAXPEAUrender_group@@HHM@Z 00000001800115a0 f i p5engine.obj
 0001:000106a0       ?Perspective@@YAXPEAUrender_group@@HHMMM@Z 00000001800116a0 f i p5engine.obj
 0001:00010790       ?PushBitmap@@YAXPEAUrender_group@@PEAUloaded_bitmap@@Tv3@@MTv4@@@Z 0000000180011790 f i p5engine.obj
 0001:000109c0       ?PushBitmap@@YAXPEAUrender_group@@Ubitmap_id@@Tv3@@MTv4@@@Z 00000001800119c0 f i p5engine.obj
 0001:00010aa0       ?PushRect@@YAXPEAUrender_group@@Tv3@@Tv2@@Tv4@@@Z 0000000180011aa0 f i p5engine.obj
 0001:00010c40       ?PushRectOutline@@YAXPEAUrender_group@@Tv3@@Tv2@@Tv4@@@Z 0000000180011c40 f i p5engine.obj
 0001:000110d0       ?PushRenderElement_@@YAPEAXPEAUrender_group@@IW4render_group_entry_type@@@Z 00000001800120d0 f i p5engine.obj
 0001:00011180       ?PushSize_@@YAPEAXPEAUmemory_arena@@_K1@Z 0000000180012180 f i p5engine.obj
 0001:00011250       ?RandomBilateral@@YAMPEAUrandom_series@@@Z 0000000180012250 f i p5engine.obj
 0001:000112a0       ?RandomChoice@@YAIPEAUrandom_series@@I@Z 00000001800122a0 f i p5engine.obj
 0001:000112e0       ?RandomNextUInt32@@YAIPEAUrandom_series@@@Z 00000001800122e0 f i p5engine.obj
 0001:00011350       ?RandomSeed@@YA?AUrandom_series@@I@Z 0000000180012350 f i p5engine.obj
 0001:000113c0       ?RandomUnilateral@@YAMPEAUrandom_series@@@Z 00000001800123c0 f i p5engine.obj
 0001:00011420       ?RecanonicalizeCoord@@YAXMPEAHPEAM@Z 0000000180012420 f i p5engine.obj
 0001:000114c0       ?RectCenterDim@@YA?AUrectangle2@@Tv2@@0@Z 00000001800124c0 f i p5engine.obj
 0001:00011550       ?RectCenterDim@@YA?AUrectangle3@@Tv3@@0@Z 0000000180012550 f i p5engine.obj
 0001:00011640       ?RectCenterHalfDim@@YA?AUrectangle2@@Tv2@@0@Z 0000000180012640 f i p5engine.obj
 0001:000116f0       ?RectCenterHalfDim@@YA?AUrectangle3@@Tv3@@0@Z 00000001800126f0 f i p5engine.obj
 0001:00011860       ?RectMinMax@@YA?AUrectangle3@@Tv3@@0@Z 0000000180012860 f i p5engine.obj
 0001:00011900       ?RectanglesIntersect@@YAHUrectangle3@@0@Z 0000000180012900 f i p5engine.obj
 0001:000119c0       ?RoundReal32ToInt32@@YAHM@Z 00000001800129c0 f i p5engine.obj
 0001:00011a00       ?RoundReal32ToUInt32@@YAIM@Z 0000000180012a00 f i p5engine.obj
 0001:00011a40       ?SRGB255ToLinear1@@YA?ATv4@@T1@@Z 0000000180012a40 f i p5engine.obj
 0001:00011b20       ?SafeRatio0@@YAMMM@Z       0000000180012b20 f i p5engine.obj
 0001:00011b70       ?SafeRatio1@@YAMMM@Z       0000000180012b70 f i p5engine.obj
 0001:00011bc0       ?SafeRatioN@@YAMMMM@Z      0000000180012bc0 f i p5engine.obj
 0001:00011c20       ?Sin@@YAMM@Z               0000000180012c20 f i p5engine.obj
 0001:00011c60       ?Square@@YAMM@Z            0000000180012c60 f i p5engine.obj
 0001:00011ca0       ?SquareRoot@@YAMM@Z        0000000180012ca0 f i p5engine.obj
 0001:00011ce0       ?StoreEntityReference@@YAXPEATentity_reference@@@Z 0000000180012ce0 f i p5engine.obj
 0001:00011d20       ?SubArena@@YAXPEAUmemory_arena@@0_K1@Z 0000000180012d20 f i p5engine.obj
 0001:00011d90       ?ToV3@@YA?ATv3@@Tv2@@M@Z   0000000180012d90 f i p5engine.obj
 0001:00011e20       ?Unproject@@YA?ATv2@@PEAUrender_group@@T1@M@Z 0000000180012e20 f i p5engine.obj
 0001:00011e70       ?V2@@YA?ATv2@@MM@Z         0000000180012e70 f i p5engine.obj
 0001:00011ee0       ?V2i@@YA?ATv2@@HH@Z        0000000180012ee0 f i p5engine.obj
 0001:00011f30       ?V3@@YA?ATv3@@MMM@Z        0000000180012f30 f i p5engine.obj
 0001:00011fd0       ?V4@@YA?ATv4@@MMMM@Z       0000000180012fd0 f i p5engine.obj
 0001:00012080       ?ZeroSize@@YAX_KPEAX@Z     0000000180013080 f i p5engine.obj
 0001:000120e0       GetController              00000001800130e0 f i p5engine.obj
 0001:00012140       __CheckForDebuggerJustMyCode 0000000180013140 f   MSVCRTD:debugger_jmc.obj
 0001:00012180       __GSHandlerCheck           0000000180013180 f   MSVCRTD:gshandler.obj
 0001:000121c0       __GSHandlerCheckCommon     00000001800131c0 f   MSVCRTD:gshandler.obj
 0001:000122d0       _alloca_probe              00000001800132d0 f   MSVCRTD:chkstk.obj
 0001:000122d0       __chkstk                   00000001800132d0 f   MSVCRTD:chkstk.obj
 0001:00012330       __security_check_cookie    0000000180013330 f   MSVCRTD:amdsecgs.obj
 0001:00012760       _DllMainCRTStartup         0000000180013760 f   MSVCRTD:dll_dllmain.obj
 0001:000127a0       __raise_securityfailure    00000001800137a0 f   MSVCRTD:gs_report.obj
 0001:000127e0       __report_gsfailure         00000001800137e0 f   MSVCRTD:gs_report.obj
 0001:00012a40       __security_init_cookie     0000000180013a40 f   MSVCRTD:gs_support.obj
 0001:00012ac0       DllMain                    0000000180013ac0 f   MSVCRTD:dll_dllmain_stub.obj
 0001:00012b00       ?__scrt_initialize_type_info@@YAXXZ 0000000180013b00 f   MSVCRTD:tncleanup.obj
 0001:00012b20       ?__scrt_uninitialize_type_info@@YAXXZ 0000000180013b20 f   MSVCRTD:tncleanup.obj
 0001:00012b40       __local_stdio_printf_options 0000000180013b40 f i MSVCRTD:default_local_stdio_options.obj
 0001:00012b50       __local_stdio_scanf_options 0000000180013b50 f i MSVCRTD:default_local_stdio_options.obj
 0001:00012b60       __scrt_initialize_default_local_stdio_options 0000000180013b60 f   MSVCRTD:default_local_stdio_options.obj
 0001:00012bb0       ?configure_argv@__scrt_narrow_argv_policy@@SAHXZ 0000000180013bb0 f i MSVCRTD:utility.obj
 0001:00012ca0       ?initialize_environment@__scrt_narrow_environment_policy@@SAHXZ 0000000180013ca0 f i MSVCRTD:utility.obj
 0001:00012d40       NtCurrentTeb               0000000180013d40 f i MSVCRTD:utility.obj
 0001:00012d50       __scrt_acquire_startup_lock 0000000180013d50 f   MSVCRTD:utility.obj
 0001:00012dc0       __scrt_dllmain_after_initialize_c 0000000180013dc0 f   MSVCRTD:utility.obj
 0001:00012df0       __scrt_dllmain_before_initialize_c 0000000180013df0 f   MSVCRTD:utility.obj
 0001:00012e10       __scrt_dllmain_crt_thread_attach 0000000180013e10 f   MSVCRTD:utility.obj
 0001:00012e40       __scrt_dllmain_crt_thread_detach 0000000180013e40 f   MSVCRTD:utility.obj
 0001:00012e60       __scrt_dllmain_exception_filter 0000000180013e60 f   MSVCRTD:utility.obj
 0001:00012ed0       __scrt_dllmain_uninitialize_c 0000000180013ed0 f   MSVCRTD:utility.obj
 0001:00012f00       __scrt_dllmain_uninitialize_critical 0000000180013f00 f   MSVCRTD:utility.obj
 0001:00012f20       __scrt_initialize_crt      0000000180013f20 f   MSVCRTD:utility.obj
 0001:00012f70       __scrt_initialize_onexit_tables 0000000180013f70 f   MSVCRTD:utility.obj
 0001:00013080       __scrt_is_nonwritable_in_current_image 0000000180014080 f   MSVCRTD:utility.obj
 0001:00013110       __scrt_release_startup_lock 0000000180014110 f   MSVCRTD:utility.obj
 0001:00013140       __scrt_uninitialize_crt    0000000180014140 f   MSVCRTD:utility.obj
 0001:00013180       __scrt_get_dyn_tls_init_callback 0000000180014180 f   MSVCRTD:dyn_tls_init.obj
 0001:00013190       __crt_debugger_hook        0000000180014190 f   MSVCRTD:utility_desktop.obj
 0001:000131a0       __scrt_fastfail            00000001800141a0 f   MSVCRTD:utility_desktop.obj
 0001:00013340       _RTC_Initialize            0000000180014340 f   MSVCRTD:initsect.obj
 0001:00013390       _RTC_Terminate             0000000180014390 f   MSVCRTD:initsect.obj
 0001:000133e0       _guard_check_icall_nop     00000001800143e0 f i MSVCRTD:guard_support.obj
 0001:000133f0       __isa_available_init       00000001800143f0 f   MSVCRTD:cpu_disp.obj
 0001:00013790       _get_startup_argv_mode     0000000180014790 f   MSVCRTD:argv_mode.obj
 0001:000137a0       __scrt_is_ucrt_dll_in_use  00000001800147a0 f   MSVCRTD:ucrt_detection.obj
 0001:000137d0       __C_specific_handler       00000001800147d0 f   vcruntimed:VCRUNTIME140D.dll
 0001:000137d6       __std_type_info_destroy_list 00000001800147d6 f   vcruntimed:VCRUNTIME140D.dll
 0001:000137dc       ceilf                      00000001800147dc f   ucrtd:ucrtbased.dll
 0001:000137e2       floorf                     00000001800147e2 f   ucrtd:ucrtbased.dll
 0001:000137e8       sinf                       00000001800147e8 f   ucrtd:ucrtbased.dll
 0001:000137ee       sqrtf                      00000001800147ee f   ucrtd:ucrtbased.dll
 0001:000137f4       _initterm                  00000001800147f4 f   ucrtd:ucrtbased.dll
 0001:000137fa       _initterm_e                00000001800147fa f   ucrtd:ucrtbased.dll
 0001:00013800       _seh_filter_dll            0000000180014800 f   ucrtd:ucrtbased.dll
 0001:00013806       _configure_narrow_argv     0000000180014806 f   ucrtd:ucrtbased.dll
 0001:0001380c       _initialize_narrow_environment 000000018001480c f   ucrtd:ucrtbased.dll
 0001:00013812       _initialize_onexit_table   0000000180014812 f   ucrtd:ucrtbased.dll
 0001:00013818       _execute_onexit_table      0000000180014818 f   ucrtd:ucrtbased.dll
 0001:0001381e       _cexit                     000000018001481e f   ucrtd:ucrtbased.dll
 0001:00013830       __acrt_thread_detach       0000000180014830 f   MSVCRTD:ucrt_stubs.obj
 0001:00013830       __vcrt_thread_detach       0000000180014830 f   MSVCRTD:ucrt_stubs.obj
 0001:00013830       __acrt_initialize          0000000180014830 f   MSVCRTD:ucrt_stubs.obj
 0001:00013830       __scrt_stub_for_acrt_thread_detach 0000000180014830 f   MSVCRTD:ucrt_stubs.obj
 0001:00013830       __acrt_thread_attach       0000000180014830 f   MSVCRTD:ucrt_stubs.obj
 0001:00013830       __vcrt_thread_attach       0000000180014830 f   MSVCRTD:ucrt_stubs.obj
 0001:00013830       __scrt_stub_for_acrt_initialize 0000000180014830 f   MSVCRTD:ucrt_stubs.obj
 0001:00013830       __scrt_stub_for_acrt_thread_attach 0000000180014830 f   MSVCRTD:ucrt_stubs.obj
 0001:00013830       __vcrt_initialize          0000000180014830 f   MSVCRTD:ucrt_stubs.obj
 0001:00013840       __vcrt_uninitialize_critical 0000000180014840 f   MSVCRTD:ucrt_stubs.obj
 0001:00013840       __scrt_stub_for_acrt_uninitialize 0000000180014840 f   MSVCRTD:ucrt_stubs.obj
 0001:00013840       __acrt_uninitialize_critical 0000000180014840 f   MSVCRTD:ucrt_stubs.obj
 0001:00013840       __acrt_uninitialize        0000000180014840 f   MSVCRTD:ucrt_stubs.obj
 0001:00013840       __scrt_stub_for_acrt_uninitialize_critical 0000000180014840 f   MSVCRTD:ucrt_stubs.obj
 0001:00013840       __vcrt_uninitialize        0000000180014840 f   MSVCRTD:ucrt_stubs.obj
 0001:00013850       _is_c_termination_complete 0000000180014850 f   MSVCRTD:ucrt_stubs.obj
 0001:00013850       __scrt_stub_for_is_c_termination_complete 0000000180014850 f   MSVCRTD:ucrt_stubs.obj
 0001:00013870       _guard_dispatch_icall_nop  0000000180014870 f   MSVCRTD:guard_dispatch.obj
 0001:00013890       _guard_xfg_dispatch_icall_nop 0000000180014890 f   MSVCRTD:guard_xfg_dispatch.obj
 0002:00000000       __imp_QueryPerformanceCounter 0000000180015000     kernel32:KERNEL32.dll
 0002:00000008       __imp_RtlCaptureContext    0000000180015008     kernel32:KERNEL32.dll
 0002:00000010       __imp_RtlLookupFunctionEntry 0000000180015010     kernel32:KERNEL32.dll
 0002:00000018       __imp_RtlVirtualUnwind     0000000180015018     kernel32:KERNEL32.dll
 0002:00000020       __imp_IsDebuggerPresent    0000000180015020     kernel32:KERNEL32.dll
 0002:00000028       __imp_InitializeSListHead  0000000180015028     kernel32:KERNEL32.dll
 0002:00000030       __imp_DisableThreadLibraryCalls 0000000180015030     kernel32:KERNEL32.dll
 0002:00000038       __imp_GetSystemTimeAsFileTime 0000000180015038     kernel32:KERNEL32.dll
 0002:00000040       __imp_GetCurrentProcessId  0000000180015040     kernel32:KERNEL32.dll
 0002:00000048       __imp_GetCurrentThreadId   0000000180015048     kernel32:KERNEL32.dll
 0002:00000050       __imp_IsProcessorFeaturePresent 0000000180015050     kernel32:KERNEL32.dll
 0002:00000058       __imp_TerminateProcess     0000000180015058     kernel32:KERNEL32.dll
 0002:00000060       __imp_GetCurrentProcess    0000000180015060     kernel32:KERNEL32.dll
 0002:00000068       __imp_SetUnhandledExceptionFilter 0000000180015068     kernel32:KERNEL32.dll
 0002:00000070       __imp_UnhandledExceptionFilter 0000000180015070     kernel32:KERNEL32.dll
 0002:00000078       \177KERNEL32_NULL_THUNK_DATA 0000000180015078     kernel32:KERNEL32.dll
 0002:00000080       __imp___std_type_info_destroy_list 0000000180015080     vcruntimed:VCRUNTIME140D.dll
 0002:00000088       __imp___C_specific_handler 0000000180015088     vcruntimed:VCRUNTIME140D.dll
 0002:00000090       \177VCRUNTIME140D_NULL_THUNK_DATA 0000000180015090     vcruntimed:VCRUNTIME140D.dll
 0002:00000098       __imp__execute_onexit_table 0000000180015098     ucrtd:ucrtbased.dll
 0002:000000a0       __imp__initialize_onexit_table 00000001800150a0     ucrtd:ucrtbased.dll
 0002:000000a8       __imp__initialize_narrow_environment 00000001800150a8     ucrtd:ucrtbased.dll
 0002:000000b0       __imp__configure_narrow_argv 00000001800150b0     ucrtd:ucrtbased.dll
 0002:000000b8       __imp__cexit               00000001800150b8     ucrtd:ucrtbased.dll
 0002:000000c0       __imp__initterm_e          00000001800150c0     ucrtd:ucrtbased.dll
 0002:000000c8       __imp__initterm            00000001800150c8     ucrtd:ucrtbased.dll
 0002:000000d0       __imp_sqrtf                00000001800150d0     ucrtd:ucrtbased.dll
 0002:000000d8       __imp_sinf                 00000001800150d8     ucrtd:ucrtbased.dll
 0002:000000e0       __imp_floorf               00000001800150e0     ucrtd:ucrtbased.dll
 0002:000000e8       __imp_ceilf                00000001800150e8     ucrtd:ucrtbased.dll
 0002:000000f0       __imp_roundf               00000001800150f0     ucrtd:ucrtbased.dll
 0002:000000f8       __imp__seh_filter_dll      00000001800150f8     ucrtd:ucrtbased.dll
 0002:00000100       \177ucrtbased_NULL_THUNK_DATA 0000000180015100     ucrtd:ucrtbased.dll
 0002:00000108       __guard_check_icall_fptr   0000000180015108     MSVCRTD:guard_support.obj
 0002:00000110       __guard_xfg_check_icall_fptr 0000000180015110     MSVCRTD:guard_support.obj
 0002:00000118       __guard_dispatch_icall_fptr 0000000180015118     MSVCRTD:guard_support.obj
 0002:00000120       __guard_xfg_dispatch_icall_fptr 0000000180015120     MSVCRTD:guard_support.obj
 0002:00000128       __guard_xfg_table_dispatch_icall_fptr 0000000180015128     MSVCRTD:guard_support.obj
 0002:00000130       __xc_a                     0000000180015130     MSVCRTD:initializers.obj
 0002:00000138       __xc_z                     0000000180015138     MSVCRTD:initializers.obj
 0002:00000140       __xi_a                     0000000180015140     MSVCRTD:initializers.obj
 0002:00000148       __xi_z                     0000000180015148     MSVCRTD:initializers.obj
 0002:00000150       __xp_a                     0000000180015150     MSVCRTD:initializers.obj
 0002:00000158       __xp_z                     0000000180015158     MSVCRTD:initializers.obj
 0002:00000160       __xt_a                     0000000180015160     MSVCRTD:initializers.obj
 0002:00000168       __xt_z                     0000000180015168     MSVCRTD:initializers.obj
 0002:00000388       ??_C@_0BA@NMEIMCEK@InvalidCodePath@ 0000000180015388     p5engine.obj
 0002:00000398       __real@00000000            0000000180015398     p5engine.obj
 0002:0000039c       __real@308992b1            000000018001539c     p5engine.obj
 0002:000003a0       __real@3a83126f            00000001800153a0     p5engine.obj
 0002:000003a4       __real@3b808081            00000001800153a4     p5engine.obj
 0002:000003a8       __real@3c23d70a            00000001800153a8     p5engine.obj
 0002:000003ac       __real@3cc30c31            00000001800153ac     p5engine.obj
 0002:000003b0       __real@3dcccccd            00000001800153b0     p5engine.obj
 0002:000003b4       __real@3e4ccccd            00000001800153b4     p5engine.obj
 0002:000003b8       __real@3e800000            00000001800153b8     p5engine.obj
 0002:000003bc       __real@3e99999a            00000001800153bc     p5engine.obj
 0002:000003c0       __real@3ecccccd            00000001800153c0     p5engine.obj
 0002:000003c4       __real@3ee147ae            00000001800153c4     p5engine.obj
 0002:000003c8       __real@3f000000            00000001800153c8     p5engine.obj
 0002:000003cc       __real@3f19999a            00000001800153cc     p5engine.obj
 0002:000003d0       __real@3f228f5c            00000001800153d0     p5engine.obj
 0002:000003d4       __real@3f3504f3            00000001800153d4     p5engine.obj
 0002:000003d8       __real@3f400000            00000001800153d8     p5engine.obj
 0002:000003dc       __real@3f666666            00000001800153dc     p5engine.obj
 0002:000003e0       __real@3f800000            00000001800153e0     p5engine.obj
 0002:000003e4       __real@3f8ccccd            00000001800153e4     p5engine.obj
 0002:000003e8       __real@3f99999a            00000001800153e8     p5engine.obj
 0002:000003ec       __real@3fa66666            00000001800153ec     p5engine.obj
 0002:000003f0       __real@3fb33333            00000001800153f0     p5engine.obj
 0002:000003f4       __real@3fc00000            00000001800153f4     p5engine.obj
 0002:000003f8       __real@40000000            00000001800153f8     p5engine.obj
 0002:000003fc       __real@400ccccd            00000001800153fc     p5engine.obj
 0002:00000400       __real@40400000            0000000180015400     p5engine.obj
 0002:00000404       __real@40800000            0000000180015404     p5engine.obj
 0002:00000408       __real@40a00000            0000000180015408     p5engine.obj
 0002:0000040c       __real@40c00000            000000018001540c     p5engine.obj
 0002:00000410       __real@40c90fdb            0000000180015410     p5engine.obj
 0002:00000414       __real@41100000            0000000180015414     p5engine.obj
 0002:00000418       __real@41700000            0000000180015418     p5engine.obj
 0002:0000041c       __real@41880000            000000018001541c     p5engine.obj
 0002:00000420       __real@41a00000            0000000180015420     p5engine.obj
 0002:00000424       __real@41f00000            0000000180015424     p5engine.obj
 0002:00000428       __real@42000000            0000000180015428     p5engine.obj
 0002:0000042c       __real@42340000            000000018001542c     p5engine.obj
 0002:00000430       __real@42600000            0000000180015430     p5engine.obj
 0002:00000434       __real@437f0000            0000000180015434     p5engine.obj
 0002:00000438       __real@461c4000            0000000180015438     p5engine.obj
 0002:0000043c       __real@47c35000            000000018001543c     p5engine.obj
 0002:00000440       __real@7f7fffff            0000000180015440     p5engine.obj
 0002:00000444       __real@becccccd            0000000180015444     p5engine.obj
 0002:00000448       __real@bf000000            0000000180015448     p5engine.obj
 0002:0000044c       __real@bf800000            000000018001544c     p5engine.obj
 0002:00000450       __real@c0000000            0000000180015450     p5engine.obj
 0002:00000454       __real@c0100000            0000000180015454     p5engine.obj
 0002:00000458       __real@c0400000            0000000180015458     p5engine.obj
 0002:0000045c       __real@c11ccccd            000000018001545c     p5engine.obj
 0002:00000460       __xmm@00000000000000000000000000000000 0000000180015460     p5engine.obj
 0002:00000470       __xmm@000000ff000000ff000000ff000000ff 0000000180015470     p5engine.obj
 0002:00000480       __xmm@0000ffff0000ffff0000ffff0000ffff 0000000180015480     p5engine.obj
 0002:00000490       __xmm@00ff00ff00ff00ff00ff00ff00ff00ff 0000000180015490     p5engine.obj
 0002:000004a0       __xmm@3b8080813b8080813b8080813b808081 00000001800154a0     p5engine.obj
 0002:000004b0       __xmm@3f0000003f0000003f0000003f000000 00000001800154b0     p5engine.obj
 0002:000004c0       __xmm@3f8000003f8000003f8000003f800000 00000001800154c0     p5engine.obj
 0002:000004d0       __xmm@40800000408000004080000040800000 00000001800154d0     p5engine.obj
 0002:000004e0       __xmm@477e0100477e0100477e0100477e0100 00000001800154e0     p5engine.obj
 0002:000004f0       __xmm@7fffffffffffffff7fffffffffffffff 00000001800154f0     p5engine.obj
 0002:00000500       __xmm@80000000800000008000000080000000 0000000180015500     p5engine.obj
 0002:00000510       __xmm@ffffffffffffffffffffffffffffffff 0000000180015510     p5engine.obj
 0002:00000520       _pDefaultRawDllMain        0000000180015520     MSVCRTD:dll_dllmain.obj
 0002:00000520       _pRawDllMain               0000000180015520     MSVCRTD:dll_dllmain.obj
 0002:00000590       _load_config_used          0000000180015590     MSVCRTD:loadcfg.obj
 0002:00000700       __volatile_metadata        0000000180015700     <linker-defined>
 0002:00000b50       __rtc_iaa                  0000000180015b50     MSVCRTD:initsect.obj
 0002:00000b58       __rtc_izz                  0000000180015b58     MSVCRTD:initsect.obj
 0002:00000b60       __rtc_taa                  0000000180015b60     MSVCRTD:initsect.obj
 0002:00000b68       __rtc_tzz                  0000000180015b68     MSVCRTD:initsect.obj
 0002:00001304       __IMPORT_DESCRIPTOR_VCRUNTIME140D 0000000180016304     vcruntimed:VCRUNTIME140D.dll
 0002:00001318       __IMPORT_DESCRIPTOR_ucrtbased 0000000180016318     ucrtd:ucrtbased.dll
 0002:0000132c       __IMPORT_DESCRIPTOR_KERNEL32 000000018001632c     kernel32:KERNEL32.dll
 0002:00001340       __NULL_IMPORT_DESCRIPTOR   0000000180016340     vcruntimed:VCRUNTIME140D.dll
 0003:00004000       __security_cookie_complement 000000018001b000     MSVCRTD:gs_cookie.obj
 0003:00004008       __security_cookie          000000018001b008     MSVCRTD:gs_cookie.obj
 0003:00004010       _fltused                   000000018001b010     MSVCRTD:fltused.obj
 0003:00004014       __scrt_native_dllmain_reason 000000018001b014     MSVCRTD:utility.obj
 0003:00004018       __isa_available            000000018001b018     MSVCRTD:cpu_disp.obj
 0003:0000401c       __isa_enabled              000000018001b01c     MSVCRTD:cpu_disp.obj
 0003:00004020       __memcpy_nt_iters          000000018001b020     MSVCRTD:cpu_disp.obj
 0003:00004028       __memset_nt_iters          000000018001b028     MSVCRTD:cpu_disp.obj
 0003:00004030       __scrt_ucrt_dll_is_in_use  000000018001b030     MSVCRTD:ucrt_stubs.obj
 0003:00004040       DebugGlobalMemory          000000018001b040     p5engine.obj
 0003:000045e0       ?__type_info_root_node@@3U__type_info_node@@A 000000018001b5e0     MSVCRTD:tncleanup.obj
 0003:000045f0       ?_OptionsStorage@?1??__local_stdio_printf_options@@9@4_KA 000000018001b5f0     MSVCRTD:default_local_stdio_options.obj
 0003:000045f8       ?_OptionsStorage@?1??__local_stdio_scanf_options@@9@4_KA 000000018001b5f8     MSVCRTD:default_local_stdio_options.obj
 0003:00004600       __scrt_current_native_startup_state 000000018001b600     MSVCRTD:utility.obj
 0003:00004608       __scrt_native_startup_lock 000000018001b608     MSVCRTD:utility.obj
 0003:00004648       __scrt_debugger_hook_flag  000000018001b648     MSVCRTD:utility_desktop.obj
 0003:00004650       __castguard_check_failure_os_handled_fptr 000000018001b650     MSVCRTD:guard_support.obj
 0003:00004658       __favor                    000000018001b658     MSVCRTD:cpu_disp.obj
 0003:00004660       __dyn_tls_init_callback    000000018001b660     <common>
 0003:00004668       __DebuggerCurrentSteppingThreadId 000000018001b668     <common>

 entry point at        0001:00012760

 Static symbols

 0000:fffe0000       .debug$S                   0000000180000000     P5Engine.exp
 0000:fffe0000       .debug$S                   0000000180000000     vcruntimed:VCRUNTIME140D.dll
 0000:fffe0000       .debug$S                   0000000180000000     vcruntimed:VCRUNTIME140D.dll
 0000:fffe0000       .debug$S                   0000000180000000     vcruntimed:VCRUNTIME140D.dll
 0000:fffe0000       .debug$S                   0000000180000000     vcruntimed:VCRUNTIME140D.dll
 0000:fffe0000       .debug$S                   0000000180000000     ucrtd:ucrtbased.dll
 0000:fffe0000       .debug$S                   0000000180000000     ucrtd:ucrtbased.dll
 0000:fffe0000       .debug$S                   0000000180000000     ucrtd:ucrtbased.dll
 0000:fffe0000       .debug$S                   0000000180000000     ucrtd:ucrtbased.dll
 0000:fffe0000       .debug$S                   0000000180000000     ucrtd:ucrtbased.dll
 0000:fffe0000       .debug$S                   0000000180000000     ucrtd:ucrtbased.dll
 0000:fffe0000       .debug$S                   0000000180000000     ucrtd:ucrtbased.dll
 0000:fffe0000       .debug$S                   0000000180000000     ucrtd:ucrtbased.dll
 0000:fffe0000       .debug$S                   0000000180000000     ucrtd:ucrtbased.dll
 0000:fffe0000       .debug$S                   0000000180000000     ucrtd:ucrtbased.dll
 0000:fffe0000       .debug$S                   0000000180000000     ucrtd:ucrtbased.dll
 0000:fffe0000       .debug$S                   0000000180000000     ucrtd:ucrtbased.dll
 0000:fffe0000       .debug$S                   0000000180000000     ucrtd:ucrtbased.dll
 0000:fffe0000       .debug$S                   0000000180000000     ucrtd:ucrtbased.dll
 0000:fffe0000       .debug$S                   0000000180000000     ucrtd:ucrtbased.dll
 0000:fffe0000       .debug$S                   0000000180000000     ucrtd:ucrtbased.dll
 0000:fffe0000       .debug$S                   0000000180000000     ucrtd:ucrtbased.dll
 0000:fffe0000       .debug$S                   0000000180000000     kernel32:KERNEL32.dll
 0000:fffe0000       .debug$S                   0000000180000000     kernel32:KERNEL32.dll
 0000:fffe0000       .debug$S                   0000000180000000     kernel32:KERNEL32.dll
 0000:fffe0000       .debug$S                   0000000180000000     kernel32:KERNEL32.dll
 0000:fffe0000       .debug$S                   0000000180000000     kernel32:KERNEL32.dll
 0000:fffe0000       .debug$S                   0000000180000000     kernel32:KERNEL32.dll
 0000:fffe0000       .debug$S                   0000000180000000     kernel32:KERNEL32.dll
 0000:fffe0000       .debug$S                   0000000180000000     kernel32:KERNEL32.dll
 0000:fffe0000       .debug$S                   0000000180000000     kernel32:KERNEL32.dll
 0000:fffe0000       .debug$S                   0000000180000000     kernel32:KERNEL32.dll
 0000:fffe0000       .debug$S                   0000000180000000     kernel32:KERNEL32.dll
 0000:fffe0000       .debug$S                   0000000180000000     kernel32:KERNEL32.dll
 0000:fffe0000       .debug$S                   0000000180000000     kernel32:KERNEL32.dll
 0000:fffe0000       .debug$S                   0000000180000000     kernel32:KERNEL32.dll
 0000:fffe0000       .debug$S                   0000000180000000     kernel32:KERNEL32.dll
 0000:fffe0000       .debug$S                   0000000180000000     kernel32:KERNEL32.dll
 0000:fffe0000       .debug$S                   0000000180000000     kernel32:KERNEL32.dll
 0001:00000000       ?LoadBitmap@@YAXPEAUgame_assets@@Ubitmap_id@@@Z 0000000180001000 f   p5engine.obj
 0001:00000270       $LN13                      0000000180001270     p5engine.obj
 0001:00000290       ?AddCollisionRule@@YAXPEAUgame_state@@IIH@Z 0000000180001290 f   p5engine.obj
 0001:00000410       ?ClearCollisionRulesFor@@YAXPEAUgame_state@@I@Z 0000000180001410 f   p5engine.obj
 0001:00000510       ?BeginTaskWithMemory@@YAPEAUtask_with_memory@@PEAUtransient_state@@@Z 0000000180001510 f   p5engine.obj
 0001:000005f0       ?EndTaskWithMemory@@YAXPEAUtask_with_memory@@@Z 00000001800015f0 f   p5engine.obj
 0001:00000650       ?DrawRectangle@@YAXPEAUloaded_bitmap@@Tv2@@1Tv4@@Urectangle2i@@H@Z 0000000180001650 f   p5engine.obj
 0001:00000910       ?DrawRectangleQuickly@@YAXPEAUloaded_bitmap@@Tv2@@11Tv4@@0MUrectangle2i@@H@Z 0000000180001910 f   p5engine.obj
 0001:00002d90       ?RenderGroupToOutput@@YAXPEAUrender_group@@PEAUloaded_bitmap@@Urectangle2i@@H@Z 0000000180003d90 f   p5engine.obj
 0001:00003180       ?DoTiledRenderWork@@YAXPEAUplatform_work_queue@@PEAX@Z 0000000180004180 f   p5engine.obj
 0001:00003230       ?RenderGroupToOutput@@YAXPEAUrender_group@@PEAUloaded_bitmap@@@Z 0000000180004230 f   p5engine.obj
 0001:00003320       ?TiledRenderGroupToOutput@@YAXPEAUplatform_work_queue@@PEAUrender_group@@PEAUloaded_bitmap@@@Z 0000000180004320 f   p5engine.obj
 0001:00003550       ?AllocateRenderGroup@@YAPEAUrender_group@@PEAUgame_assets@@PEAUmemory_arena@@I@Z 0000000180004550 f   p5engine.obj
 0001:00003680       ?InitializeWorld@@YAXPEAUworld@@Tv3@@@Z 0000000180004680 f   p5engine.obj
 0001:00003720       ?Subtract@@YA?ATv3@@PEAUworld@@PEAUworld_position@@1@Z 0000000180004720 f   p5engine.obj
 0001:00003990       ?ChangeEntityLocation@@YAXPEAUmemory_arena@@PEAUworld@@IPEAUlow_entity@@Uworld_position@@@Z 0000000180004990 f   p5engine.obj
 0001:00003b20       ?GetHashFromStorageIndex@@YAPEAUsim_entity_hash@@PEAUsim_region@@I@Z 0000000180004b20 f   p5engine.obj
 0001:00003bf0       ?AddEntity@@YAPEAUsim_entity@@PEAUgame_state@@PEAUsim_region@@IPEAUlow_entity@@PEATv3@@@Z 0000000180004bf0 f   p5engine.obj
 0001:00003d50       ?AddEntityRaw@@YAPEAUsim_entity@@PEAUgame_state@@PEAUsim_region@@IPEAUlow_entity@@@Z 0000000180004d50 f   p5engine.obj
 0001:00003ed0       ?BeginSim@@YAPEAUsim_region@@PEAUmemory_arena@@PEAUgame_state@@PEAUworld@@Uworld_position@@Urectangle3@@M@Z 0000000180004ed0 f   p5engine.obj
 0001:00004540       ?EndSim@@YAXPEAUsim_region@@PEAUgame_state@@@Z 0000000180005540 f   p5engine.obj
 0001:00004800       ?CanCollide@@YAHPEAUgame_state@@PEAUsim_entity@@1@Z 0000000180005800 f   p5engine.obj
 0001:00004950       ?HandleCollision@@YAHPEAUgame_state@@PEAUsim_entity@@1@Z 0000000180005950 f   p5engine.obj
 0001:00004a30       ?CanOverlap@@YAHPEAUgame_state@@PEAUsim_entity@@1@Z 0000000180005a30 f   p5engine.obj
 0001:00004a90       ?HandleOverlap@@YAXPEAUgame_state@@PEAUsim_entity@@1MPEAM@Z 0000000180005a90 f   p5engine.obj
 0001:00004b30       ?SpeculativeCollide@@YAHPEAUsim_entity@@0Tv3@@@Z 0000000180005b30 f   p5engine.obj
 0001:00004c30       ?EntitiesOverlap@@YAHPEAUsim_entity@@0Tv3@@@Z 0000000180005c30 f   p5engine.obj
 0001:00004f70       ?MoveEntity@@YAXPEAUgame_state@@PEAUsim_region@@PEAUsim_entity@@MPEAUmove_spec@@Tv3@@@Z 0000000180005f70 f   p5engine.obj
 0001:00006940       ?TopDownAlign@@YA?ATv2@@PEAUloaded_bitmap@@T1@@Z 0000000180007940 f   p5engine.obj
 0001:000069c0       ?SetTopDownAlign@@YAXPEAUhero_bitmaps@@Tv2@@@Z 00000001800079c0 f   p5engine.obj
 0001:00006a10       ?DEBUGLoadBMP@@YA?AUloaded_bitmap@@PEADHH@Z 0000000180007a10 f   p5engine.obj
 0001:00006fb0       ?DEBUGLoadBMP@@YA?AUloaded_bitmap@@PEAD@Z 0000000180007fb0 f   p5engine.obj
 0001:00007050       ?LoadBitmapWork@@YAXPEAUplatform_work_queue@@PEAX@Z 0000000180008050 f   p5engine.obj
 0001:00007190       ?GetFirstBitmapID@@YA?AUbitmap_id@@PEAUgame_assets@@W4asset_type_id@@@Z 0000000180008190 f   p5engine.obj
 0001:00007230       ?AllocateGameAssets@@YAPEAUgame_assets@@PEAUmemory_arena@@_KPEAUtransient_state@@@Z 0000000180008230 f   p5engine.obj
 0001:00007950       ?GameOutputSound@@YAXPEAUgame_state@@PEAUgame_sound_output_buffer@@H@Z 0000000180008950 f   p5engine.obj
 0001:00007a10       ?AddLowEntity@@YA?AUadd_low_entity_result@@PEAUgame_state@@W4entity_type@@Uworld_position@@@Z 0000000180008a10 f   p5engine.obj
 0001:00007c00       ?AddGroundedEntity@@YA?AUadd_low_entity_result@@PEAUgame_state@@W4entity_type@@Uworld_position@@PEAUsim_entity_collision_volume_group@@@Z 0000000180008c00 f   p5engine.obj
 0001:00007cb0       ?AddStandardRoom@@YA?AUadd_low_entity_result@@PEAUgame_state@@III@Z 0000000180008cb0 f   p5engine.obj
 0001:00007e10       ?AddWall@@YA?AUadd_low_entity_result@@PEAUgame_state@@III@Z 0000000180008e10 f   p5engine.obj
 0001:00007f70       ?AddStairs@@YA?AUadd_low_entity_result@@PEAUgame_state@@III@Z 0000000180008f70 f   p5engine.obj
 0001:00008100       ?InitHitPoints@@YAXPEAUlow_entity@@I@Z 0000000180009100 f   p5engine.obj
 0001:00008190       ?AddSword@@YA?AUadd_low_entity_result@@PEAUgame_state@@@Z 0000000180009190 f   p5engine.obj
 0001:00008280       ?AddPlayer@@YA?AUadd_low_entity_result@@PEAUgame_state@@@Z 0000000180009280 f   p5engine.obj
 0001:000083c0       ?AddMonstar@@YA?AUadd_low_entity_result@@PEAUgame_state@@III@Z 00000001800093c0 f   p5engine.obj
 0001:00008530       ?AddFamiliar@@YA?AUadd_low_entity_result@@PEAUgame_state@@III@Z 0000000180009530 f   p5engine.obj
 0001:00008690       ?DrawHitpoints@@YAXPEAUsim_entity@@PEAUrender_group@@@Z 0000000180009690 f   p5engine.obj
 0001:00008900       ?MakeSimpleGroundedCollision@@YAPEAUsim_entity_collision_volume_group@@PEAUgame_state@@MMM@Z 0000000180009900 f   p5engine.obj
 0001:00008a50       ?MakeNullCollision@@YAPEAUsim_entity_collision_volume_group@@PEAUgame_state@@@Z 0000000180009a50 f   p5engine.obj
 0001:00008b30       ?FillGroundChunkWork@@YAXPEAUplatform_work_queue@@PEAX@Z 0000000180009b30 f   p5engine.obj
 0001:00008b90       ?FillGroundChunk@@YAXPEAUtransient_state@@PEAUgame_state@@PEAUground_buffer@@PEAUworld_position@@@Z 0000000180009b90 f   p5engine.obj
 0001:00009410       ?ClearBitmap@@YAXPEAUloaded_bitmap@@@Z 000000018000a410 f   p5engine.obj
 0001:00009470       ?MakeEmptyBitmap@@YA?AUloaded_bitmap@@PEAUmemory_arena@@HHH@Z 000000018000a470 f   p5engine.obj
 0001:00009560       ?MakeSphereDiffuseMap@@YAXPEAUloaded_bitmap@@MM@Z 000000018000a560 f   p5engine.obj
 0001:00009890       ?MakeSphereNormalMap@@YAXPEAUloaded_bitmap@@MMM@Z 000000018000a890 f   p5engine.obj
 0001:0000d3ec       $LN145                     000000018000e3ec     p5engine.obj
 0001:000122c0       $$000000                   00000001800132c0     MSVCRTD:chkstk.obj
 0001:00012320       $$000000                   0000000180013320     MSVCRTD:amdsecgs.obj
 0001:00012350       ?dllmain_crt_dispatch@@YAHQEAUHINSTANCE__@@KQEAX@Z 0000000180013350 f   MSVCRTD:dll_dllmain.obj
 0001:000123e0       ?dllmain_crt_process_attach@@YAHQEAUHINSTANCE__@@QEAX@Z 00000001800133e0 f   MSVCRTD:dll_dllmain.obj
 0001:00012520       ?dllmain_crt_process_detach@@YAH_N@Z 0000000180013520 f   MSVCRTD:dll_dllmain.obj
 0001:000125c0       ?dllmain_dispatch@@YAHQEAUHINSTANCE__@@KQEAX@Z 00000001800135c0 f   MSVCRTD:dll_dllmain.obj
 0001:00012700       ?dllmain_raw@@YAHQEAUHINSTANCE__@@KQEAX@Z 0000000180013700 f   MSVCRTD:dll_dllmain.obj
 0001:000128c0       capture_previous_context   00000001800138c0 f   MSVCRTD:gs_report.obj
 0001:00012980       __get_entropy              0000000180013980 f   MSVCRTD:gs_support.obj
 0001:00012bd0       ?find_pe_section@@YAPEAU_IMAGE_SECTION_HEADER@@QEAE_K@Z 0000000180013bd0 f   MSVCRTD:utility.obj
 0001:00012cb0       ?is_potentially_valid_image_base@@YA_NQEAX@Z 0000000180013cb0 f   MSVCRTD:utility.obj
 0001:00013860       $$000000                   0000000180014860     MSVCRTD:guard_dispatch.obj
 0001:00013880       $$000000                   0000000180014880     MSVCRTD:guard_xfg_dispatch.obj
 0001:000138a0       ?fin$0@?0??dllmain_crt_process_attach@@YAHQEAUHINSTANCE__@@QEAX@Z@4HA 00000001800148a0 f   MSVCRTD:dll_dllmain.obj
 0001:000138c0       ?fin$0@?0??dllmain_crt_process_detach@@YAH_N@Z@4HA 00000001800148c0 f   MSVCRTD:dll_dllmain.obj
 0001:000138da       ?fin$1@?0??dllmain_crt_process_detach@@YAH_N@Z@4HA 00000001800148da f   MSVCRTD:dll_dllmain.obj
 0001:000138f0       ?filt$0@?0??dllmain_dispatch@@YAHQEAUHINSTANCE__@@KQEAX@Z@4HA 00000001800148f0 f   MSVCRTD:dll_dllmain.obj
 0001:00013940       __scrt_is_nonwritable_in_current_image$filt$0 0000000180014940 f   MSVCRTD:utility.obj
 0002:00000170       $SG29750                   0000000180015170     p5engine.obj
 0002:00000180       $SG30177                   0000000180015180     p5engine.obj
 0002:00000190       $SG30834                   0000000180015190     p5engine.obj
 0002:00000198       $SG30836                   0000000180015198     p5engine.obj
 0002:000001a8       $SG30838                   00000001800151a8     p5engine.obj
 0002:000001c0       $SG30840                   00000001800151c0     p5engine.obj
 0002:000001d8       $SG30842                   00000001800151d8     p5engine.obj
 0002:000001f0       $SG30844                   00000001800151f0     p5engine.obj
 0002:00000208       $SG30846                   0000000180015208     p5engine.obj
 0002:00000218       $SG30919                   0000000180015218     p5engine.obj
 0002:00000230       $SG30920                   0000000180015230     p5engine.obj
 0002:00000248       $SG30921                   0000000180015248     p5engine.obj
 0002:00000260       $SG30922                   0000000180015260     p5engine.obj
 0002:00000278       $SG30923                   0000000180015278     p5engine.obj
 0002:00000290       $SG30924                   0000000180015290     p5engine.obj
 0002:000002a8       $SG30925                   00000001800152a8     p5engine.obj
 0002:000002c8       $SG30926                   00000001800152c8     p5engine.obj
 0002:000002e0       $SG30927                   00000001800152e0     p5engine.obj
 0002:000002f8       $SG30928                   00000001800152f8     p5engine.obj
 0002:00000318       $SG30929                   0000000180015318     p5engine.obj
 0002:00000330       $SG30930                   0000000180015330     p5engine.obj
 0002:00000348       $SG30931                   0000000180015348     p5engine.obj
 0002:00000360       $SG30932                   0000000180015360     p5engine.obj
 0002:00000378       $SG31902                   0000000180015378     p5engine.obj
 0002:00000528       GS_ExceptionPointers       0000000180015528     MSVCRTD:gs_report.obj
 0002:00000b70       $unwind$?GetBitmap@@YAPEAUloaded_bitmap@@PEAUgame_assets@@Ubitmap_id@@@Z 0000000180015b70     p5engine.obj
 0002:00000b70       $unwind$?GetLowEntity@@YAPEAUlow_entity@@PEAUgame_state@@I@Z 0000000180015b70     p5engine.obj
 0002:00000b70       $unwind$?HasFlag@@YAHPEAUsim_entity@@I@Z 0000000180015b70     p5engine.obj
 0002:00000b70       $unwind$?RandomChoice@@YAIPEAUrandom_series@@I@Z 0000000180015b70     p5engine.obj
 0002:00000b70       $unwind$GetController      0000000180015b70     p5engine.obj
 0002:00000b78       $unwind$?InitializeArena@@YAXPEAUmemory_arena@@_KPEAX@Z 0000000180015b78     p5engine.obj
 0002:00000b80       $unwind$?GetAlignmentOffset@@YA_KPEAUmemory_arena@@_K@Z 0000000180015b80     p5engine.obj
 0002:00000b88       $unwind$??Y@YAAEATv2@@AEAT0@T0@@Z 0000000180015b88     p5engine.obj
 0002:00000b88       $unwind$?GetArenaSizeRemaining@@YA_KPEAUmemory_arena@@_K@Z 0000000180015b88     p5engine.obj
 0002:00000b88       $unwind$?Hadamard@@YA?ATv2@@T1@0@Z 0000000180015b88     p5engine.obj
 0002:00000b88       $unwind$?Inner@@YAMTv2@@0@Z 0000000180015b88     p5engine.obj
 0002:00000b88       $unwind$?Inner@@YAMTv3@@0@Z 0000000180015b88     p5engine.obj
 0002:00000b88       $unwind$?IsCanonical@@YAHPEAUworld@@Tv3@@@Z 0000000180015b88     p5engine.obj
 0002:00000b88       $unwind$?IsInRectangle@@YAHUrectangle3@@Tv3@@@Z 0000000180015b88     p5engine.obj
 0002:00000b88       $unwind$?RectanglesIntersect@@YAHUrectangle3@@0@Z 0000000180015b88     p5engine.obj
 0002:00000b88       $unwind$?ZeroSize@@YAX_KPEAX@Z 0000000180015b88     p5engine.obj
 0002:00000b88       $unwind$?find_pe_section@@YAPEAU_IMAGE_SECTION_HEADER@@QEAE_K@Z 0000000180015b88     MSVCRTD:utility.obj
 0002:00000b90       $unwind$?PushSize_@@YAPEAXPEAUmemory_arena@@_K1@Z 0000000180015b90     p5engine.obj
 0002:00000b98       $unwind$?BeginTemporaryMemory@@YA?AUtemporary_memory@@PEAUmemory_arena@@@Z 0000000180015b98     p5engine.obj
 0002:00000bac       $unwind$?AllResourcesPresent@@YAHPEAUrender_group@@@Z 0000000180015bac     p5engine.obj
 0002:00000bac       $unwind$?EndTemporaryMemory@@YAXUtemporary_memory@@@Z 0000000180015bac     p5engine.obj
 0002:00000bac       $unwind$?GetClampedRectArea@@YAHUrectangle2i@@@Z 0000000180015bac     p5engine.obj
 0002:00000bac       $unwind$?GetDim@@YA?ATv2@@Urectangle2@@@Z 0000000180015bac     p5engine.obj
 0002:00000bac       $unwind$?HasArea@@YAHUrectangle2i@@@Z 0000000180015bac     p5engine.obj
 0002:00000bac       $unwind$?IsValid@@YAHUworld_position@@@Z 0000000180015bac     p5engine.obj
 0002:00000bac       $unwind$?LengthSq@@YAMTv2@@@Z 0000000180015bac     p5engine.obj
 0002:00000bac       $unwind$?RandomBilateral@@YAMPEAUrandom_series@@@Z 0000000180015bac     p5engine.obj
 0002:00000bac       $unwind$?RandomNextUInt32@@YAIPEAUrandom_series@@@Z 0000000180015bac     p5engine.obj
 0002:00000bac       $unwind$?RandomUnilateral@@YAMPEAUrandom_series@@@Z 0000000180015bac     p5engine.obj
 0002:00000bac       $unwind$__CheckForDebuggerJustMyCode 0000000180015bac     MSVCRTD:debugger_jmc.obj
 0002:00000bac       $unwind$__report_gsfailure 0000000180015bac     MSVCRTD:gs_report.obj
 0002:00000bb4       $unwind$?CheckArena@@YAXPEAUmemory_arena@@@Z 0000000180015bb4     p5engine.obj
 0002:00000bb4       $unwind$?StoreEntityReference@@YAXPEATentity_reference@@@Z 0000000180015bb4     p5engine.obj
 0002:00000bb4       $unwind$__raise_securityfailure 0000000180015bb4     MSVCRTD:gs_report.obj
 0002:00000bb4       $unwind$?is_potentially_valid_image_base@@YA_NQEAX@Z 0000000180015bb4     MSVCRTD:utility.obj
 0002:00000bbc       $unwind$?SubArena@@YAXPEAUmemory_arena@@0_K1@Z 0000000180015bbc     p5engine.obj
 0002:00000bbc       $unwind$__GSHandlerCheck   0000000180015bbc     MSVCRTD:gshandler.obj
 0002:00000bc4       $unwind$?AtomicCompareExchangeUInt32@@YAIPECIII@Z 0000000180015bc4     p5engine.obj
 0002:00000bc4       $unwind$?PushRenderElement_@@YAPEAXPEAUrender_group@@IW4render_group_entry_type@@@Z 0000000180015bc4     p5engine.obj
 0002:00000bc4       $unwind$?dllmain_crt_dispatch@@YAHQEAUHINSTANCE__@@KQEAX@Z 0000000180015bc4     MSVCRTD:dll_dllmain.obj
 0002:00000bc4       $unwind$?dllmain_raw@@YAHQEAUHINSTANCE__@@KQEAX@Z 0000000180015bc4     MSVCRTD:dll_dllmain.obj
 0002:00000bcc       $unwind$?AbsoluteValue@@YAMM@Z 0000000180015bcc     p5engine.obj
 0002:00000bcc       $unwind$?CeilReal32ToInt32@@YAHM@Z 0000000180015bcc     p5engine.obj
 0002:00000bcc       $unwind$?Clamp01@@YAMM@Z   0000000180015bcc     p5engine.obj
 0002:00000bcc       $unwind$?FloorReal32ToInt32@@YAHM@Z 0000000180015bcc     p5engine.obj
 0002:00000bcc       $unwind$?RoundReal32ToInt32@@YAHM@Z 0000000180015bcc     p5engine.obj
 0002:00000bcc       $unwind$?RoundReal32ToUInt32@@YAIM@Z 0000000180015bcc     p5engine.obj
 0002:00000bcc       $unwind$?Sin@@YAMM@Z       0000000180015bcc     p5engine.obj
 0002:00000bcc       $unwind$?Square@@YAMM@Z    0000000180015bcc     p5engine.obj
 0002:00000bcc       $unwind$?SquareRoot@@YAMM@Z 0000000180015bcc     p5engine.obj
 0002:00000bd4       $unwind$?FindLeastSignificantSetBit@@YA?AUbit_scan_result@@I@Z 0000000180015bd4     p5engine.obj
 0002:00000bd4       $unwind$?RandomSeed@@YA?AUrandom_series@@I@Z 0000000180015bd4     p5engine.obj
 0002:00000be4       $unwind$?Clamp01MapToRange@@YAMMMM@Z 0000000180015be4     p5engine.obj
 0002:00000be4       $unwind$?Clamp@@YAMMMM@Z   0000000180015be4     p5engine.obj
 0002:00000be4       $unwind$?SafeRatioN@@YAMMMM@Z 0000000180015be4     p5engine.obj
 0002:00000bec       $unwind$?IsCanonical@@YAHMM@Z 0000000180015bec     p5engine.obj
 0002:00000bec       $unwind$?SafeRatio0@@YAMMM@Z 0000000180015bec     p5engine.obj
 0002:00000bec       $unwind$?SafeRatio1@@YAMMM@Z 0000000180015bec     p5engine.obj
 0002:00000bf4       $unwind$?V2@@YA?ATv2@@MM@Z 0000000180015bf4     p5engine.obj
 0002:00000c04       $unwind$?V2i@@YA?ATv2@@HH@Z 0000000180015c04     p5engine.obj
 0002:00000c0c       $unwind$??D@YA?ATv2@@MT0@@Z 0000000180015c0c     p5engine.obj
 0002:00000c1c       $unwind$??G@YA?ATv2@@T0@0@Z 0000000180015c1c     p5engine.obj
 0002:00000c1c       $unwind$??H@YA?ATv2@@T0@0@Z 0000000180015c1c     p5engine.obj
 0002:00000c1c       $unwind$?GetBarycentric@@YA?ATv2@@Urectangle2@@T1@@Z 0000000180015c1c     p5engine.obj
 0002:00000c2c       $unwind$?Clamp01@@YA?ATv2@@T1@@Z 0000000180015c2c     p5engine.obj
 0002:00000c3c       $unwind$?V3@@YA?ATv3@@MMM@Z 0000000180015c3c     p5engine.obj
 0002:00000c3c       $unwind$?V4@@YA?ATv4@@MMMM@Z 0000000180015c3c     p5engine.obj
 0002:00000c50       $unwind$??D@YA?ATv3@@MT0@@Z 0000000180015c50     p5engine.obj
 0002:00000c50       $unwind$??D@YA?ATv4@@MT0@@Z 0000000180015c50     p5engine.obj
 0002:00000c50       $unwind$?ToV3@@YA?ATv3@@Tv2@@M@Z 0000000180015c50     p5engine.obj
 0002:00000c64       $unwind$??D@YA?ATv3@@T0@M@Z 0000000180015c64     p5engine.obj
 0002:00000c64       $unwind$?GetCameraRectangleAtDistance@@YA?AUrectangle2@@PEAUrender_group@@M@Z 0000000180015c64     p5engine.obj
 0002:00000c70       $unwind$??X@YAAEATv3@@AEAT0@M@Z 0000000180015c70     p5engine.obj
 0002:00000c7c       $unwind$??G@YA?ATv3@@T0@0@Z 0000000180015c7c     p5engine.obj
 0002:00000c7c       $unwind$??H@YA?ATv3@@T0@0@Z 0000000180015c7c     p5engine.obj
 0002:00000c90       $unwind$??Y@YAAEATv3@@AEAT0@T0@@Z 0000000180015c90     p5engine.obj
 0002:00000c90       $unwind$??Z@YAAEATv3@@AEAT0@T0@@Z 0000000180015c90     p5engine.obj
 0002:00000c90       $unwind$?GetDim@@YA?ATv3@@Urectangle3@@@Z 0000000180015c90     p5engine.obj
 0002:00000c9c       $unwind$?AreInSameChunk@@YAHPEAUworld@@PEAUworld_position@@1@Z 0000000180015c9c     p5engine.obj
 0002:00000c9c       $unwind$?Hadamard@@YA?ATv3@@T1@0@Z 0000000180015c9c     p5engine.obj
 0002:00000c9c       $unwind$?RectCenterDim@@YA?AUrectangle2@@Tv2@@0@Z 0000000180015c9c     p5engine.obj
 0002:00000ca8       $unwind$?LengthSq@@YAMTv3@@@Z 0000000180015ca8     p5engine.obj
 0002:00000cb4       $unwind$?Length@@YAMTv3@@@Z 0000000180015cb4     p5engine.obj
 0002:00000cb4       $unwind$?MakeEntityNonSpatial@@YAXPEAUsim_entity@@@Z 0000000180015cb4     p5engine.obj
 0002:00000cc0       $unwind$?RectCenterHalfDim@@YA?AUrectangle2@@Tv2@@0@Z 0000000180015cc0     p5engine.obj
 0002:00000cd4       $unwind$?Intersect@@YA?AUrectangle2i@@U1@0@Z 0000000180015cd4     p5engine.obj
 0002:00000ce0       $unwind$?InvertedInfinityRectangle@@YA?AUrectangle2i@@XZ 0000000180015ce0     p5engine.obj
 0002:00000cec       $unwind$?Clear@@YAXPEAUrender_group@@Tv4@@@Z 0000000180015cec     p5engine.obj
 0002:00000cec       $unwind$?GetMaxCorner@@YA?ATv3@@Urectangle3@@@Z 0000000180015cec     p5engine.obj
 0002:00000cec       $unwind$?GetMinCorner@@YA?ATv3@@Urectangle3@@@Z 0000000180015cec     p5engine.obj
 0002:00000cf8       $unwind$?RectMinMax@@YA?AUrectangle3@@Tv3@@0@Z 0000000180015cf8     p5engine.obj
 0002:00000d0c       $unwind$?AddRadiusTo@@YA?AUrectangle3@@U1@Tv3@@@Z 0000000180015d0c     p5engine.obj
 0002:00000d0c       $unwind$?RectCenterHalfDim@@YA?AUrectangle3@@Tv3@@0@Z 0000000180015d0c     p5engine.obj
 0002:00000d20       $unwind$?RectCenterDim@@YA?AUrectangle3@@Tv3@@0@Z 0000000180015d20     p5engine.obj
 0002:00000d2c       $unwind$?AddFlags@@YAXPEAUsim_entity@@I@Z 0000000180015d2c     p5engine.obj
 0002:00000d2c       $unwind$?ClearFlags@@YAXPEAUsim_entity@@I@Z 0000000180015d2c     p5engine.obj
 0002:00000d34       $unwind$?MakeEntitySpatial@@YAXPEAUsim_entity@@Tv3@@1@Z 0000000180015d34     p5engine.obj
 0002:00000d40       $unwind$?GetEntityGroundPoint@@YA?ATv3@@PEAUsim_entity@@T1@@Z 0000000180015d40     p5engine.obj
 0002:00000d4c       $unwind$?GetEntityGroundPoint@@YA?ATv3@@PEAUsim_entity@@@Z 0000000180015d4c     p5engine.obj
 0002:00000d58       $unwind$?GetStairGround@@YAMPEAUsim_entity@@Tv3@@@Z 0000000180015d58     p5engine.obj
 0002:00000d64       $unwind$?LoadBitmap@@YAXPEAUgame_assets@@Ubitmap_id@@@Z 0000000180015d64     p5engine.obj
 0002:00000d6c       $unwind$?AddCollisionRule@@YAXPEAUgame_state@@IIH@Z 0000000180015d6c     p5engine.obj
 0002:00000d74       $unwind$?ClearCollisionRulesFor@@YAXPEAUgame_state@@I@Z 0000000180015d74     p5engine.obj
 0002:00000d7c       $unwind$?BeginTaskWithMemory@@YAPEAUtask_with_memory@@PEAUtransient_state@@@Z 0000000180015d7c     p5engine.obj
 0002:00000d88       $unwind$?EndTaskWithMemory@@YAXPEAUtask_with_memory@@@Z 0000000180015d88     p5engine.obj
 0002:00000d94       $unwind$?DrawRectangle@@YAXPEAUloaded_bitmap@@Tv2@@1Tv4@@Urectangle2i@@H@Z 0000000180015d94     p5engine.obj
 0002:00000da0       $unwind$?DrawRectangleQuickly@@YAXPEAUloaded_bitmap@@Tv2@@11Tv4@@0MUrectangle2i@@H@Z 0000000180015da0     p5engine.obj
 0002:00000db4       $unwind$?RenderGroupToOutput@@YAXPEAUrender_group@@PEAUloaded_bitmap@@Urectangle2i@@H@Z 0000000180015db4     p5engine.obj
 0002:00000dc0       $unwind$?DoTiledRenderWork@@YAXPEAUplatform_work_queue@@PEAX@Z 0000000180015dc0     p5engine.obj
 0002:00000dcc       $unwind$?RenderGroupToOutput@@YAXPEAUrender_group@@PEAUloaded_bitmap@@@Z 0000000180015dcc     p5engine.obj
 0002:00000de0       $unwind$?TiledRenderGroupToOutput@@YAXPEAUplatform_work_queue@@PEAUrender_group@@PEAUloaded_bitmap@@@Z 0000000180015de0     p5engine.obj
 0002:00000df4       $unwind$?AllocateRenderGroup@@YAPEAUrender_group@@PEAUgame_assets@@PEAUmemory_arena@@I@Z 0000000180015df4     p5engine.obj
 0002:00000e00       $unwind$?InitializeWorld@@YAXPEAUworld@@Tv3@@@Z 0000000180015e00     p5engine.obj
 0002:00000e0c       $unwind$?Subtract@@YA?ATv3@@PEAUworld@@PEAUworld_position@@1@Z 0000000180015e0c     p5engine.obj
 0002:00000e20       $unwind$?ChangeEntityLocation@@YAXPEAUmemory_arena@@PEAUworld@@IPEAUlow_entity@@Uworld_position@@@Z 0000000180015e20     p5engine.obj
 0002:00000e2c       $unwind$?GetHashFromStorageIndex@@YAPEAUsim_entity_hash@@PEAUsim_region@@I@Z 0000000180015e2c     p5engine.obj
 0002:00000e34       $unwind$?AddEntity@@YAPEAUsim_entity@@PEAUgame_state@@PEAUsim_region@@IPEAUlow_entity@@PEATv3@@@Z 0000000180015e34     p5engine.obj
 0002:00000e40       $unwind$?AddEntityRaw@@YAPEAUsim_entity@@PEAUgame_state@@PEAUsim_region@@IPEAUlow_entity@@@Z 0000000180015e40     p5engine.obj
 0002:00000e4c       $unwind$?BeginSim@@YAPEAUsim_region@@PEAUmemory_arena@@PEAUgame_state@@PEAUworld@@Uworld_position@@Urectangle3@@M@Z 0000000180015e4c     p5engine.obj
 0002:00000e60       $unwind$?EndSim@@YAXPEAUsim_region@@PEAUgame_state@@@Z 0000000180015e60     p5engine.obj
 0002:00000e6c       $unwind$?CanCollide@@YAHPEAUgame_state@@PEAUsim_entity@@1@Z 0000000180015e6c     p5engine.obj
 0002:00000e74       $unwind$?HandleCollision@@YAHPEAUgame_state@@PEAUsim_entity@@1@Z 0000000180015e74     p5engine.obj
 0002:00000e7c       $unwind$?CanOverlap@@YAHPEAUgame_state@@PEAUsim_entity@@1@Z 0000000180015e7c     p5engine.obj
 0002:00000e84       $unwind$?HandleOverlap@@YAXPEAUgame_state@@PEAUsim_entity@@1MPEAM@Z 0000000180015e84     p5engine.obj
 0002:00000e90       $unwind$?SpeculativeCollide@@YAHPEAUsim_entity@@0Tv3@@@Z 0000000180015e90     p5engine.obj
 0002:00000e9c       $unwind$?EntitiesOverlap@@YAHPEAUsim_entity@@0Tv3@@@Z 0000000180015e9c     p5engine.obj
 0002:00000ea8       $unwind$?MoveEntity@@YAXPEAUgame_state@@PEAUsim_region@@PEAUsim_entity@@MPEAUmove_spec@@Tv3@@@Z 0000000180015ea8     p5engine.obj
 0002:00000ebc       $unwind$?TopDownAlign@@YA?ATv2@@PEAUloaded_bitmap@@T1@@Z 0000000180015ebc     p5engine.obj
 0002:00000ec4       $unwind$?SetTopDownAlign@@YAXPEAUhero_bitmaps@@Tv2@@@Z 0000000180015ec4     p5engine.obj
 0002:00000ecc       $unwind$?DEBUGLoadBMP@@YA?AUloaded_bitmap@@PEADHH@Z 0000000180015ecc     p5engine.obj
 0002:00000ee0       $unwind$?DEBUGLoadBMP@@YA?AUloaded_bitmap@@PEAD@Z 0000000180015ee0     p5engine.obj
 0002:00000eec       $unwind$?LoadBitmapWork@@YAXPEAUplatform_work_queue@@PEAX@Z 0000000180015eec     p5engine.obj
 0002:00000ef8       $unwind$?GetFirstBitmapID@@YA?AUbitmap_id@@PEAUgame_assets@@W4asset_type_id@@@Z 0000000180015ef8     p5engine.obj
 0002:00000f08       $unwind$?AllocateGameAssets@@YAPEAUgame_assets@@PEAUmemory_arena@@_KPEAUtransient_state@@@Z 0000000180015f08     p5engine.obj
 0002:00000f14       $unwind$?GameOutputSound@@YAXPEAUgame_state@@PEAUgame_sound_output_buffer@@H@Z 0000000180015f14     p5engine.obj
 0002:00000f1c       $unwind$?AddLowEntity@@YA?AUadd_low_entity_result@@PEAUgame_state@@W4entity_type@@Uworld_position@@@Z 0000000180015f1c     p5engine.obj
 0002:00000f30       $unwind$?AddGroundedEntity@@YA?AUadd_low_entity_result@@PEAUgame_state@@W4entity_type@@Uworld_position@@PEAUsim_entity_collision_volume_group@@@Z 0000000180015f30     p5engine.obj
 0002:00000f3c       $unwind$?AddStandardRoom@@YA?AUadd_low_entity_result@@PEAUgame_state@@III@Z 0000000180015f3c     p5engine.obj
 0002:00000f48       $unwind$?AddWall@@YA?AUadd_low_entity_result@@PEAUgame_state@@III@Z 0000000180015f48     p5engine.obj
 0002:00000f54       $unwind$?AddStairs@@YA?AUadd_low_entity_result@@PEAUgame_state@@III@Z 0000000180015f54     p5engine.obj
 0002:00000f60       $unwind$?InitHitPoints@@YAXPEAUlow_entity@@I@Z 0000000180015f60     p5engine.obj
 0002:00000f68       $unwind$?AddSword@@YA?AUadd_low_entity_result@@PEAUgame_state@@@Z 0000000180015f68     p5engine.obj
 0002:00000f74       $unwind$?AddPlayer@@YA?AUadd_low_entity_result@@PEAUgame_state@@@Z 0000000180015f74     p5engine.obj
 0002:00000f80       $unwind$?AddMonstar@@YA?AUadd_low_entity_result@@PEAUgame_state@@III@Z 0000000180015f80     p5engine.obj
 0002:00000f8c       $unwind$?AddFamiliar@@YA?AUadd_low_entity_result@@PEAUgame_state@@III@Z 0000000180015f8c     p5engine.obj
 0002:00000f98       $unwind$?DrawHitpoints@@YAXPEAUsim_entity@@PEAUrender_group@@@Z 0000000180015f98     p5engine.obj
 0002:00000fac       $unwind$?MakeSimpleGroundedCollision@@YAPEAUsim_entity_collision_volume_group@@PEAUgame_state@@MMM@Z 0000000180015fac     p5engine.obj
 0002:00000fb8       $unwind$?MakeNullCollision@@YAPEAUsim_entity_collision_volume_group@@PEAUgame_state@@@Z 0000000180015fb8     p5engine.obj
 0002:00000fc4       $unwind$?FillGroundChunkWork@@YAXPEAUplatform_work_queue@@PEAX@Z 0000000180015fc4     p5engine.obj
 0002:00000fcc       $unwind$?FillGroundChunk@@YAXPEAUtransient_state@@PEAUgame_state@@PEAUground_buffer@@PEAUworld_position@@@Z 0000000180015fcc     p5engine.obj
 0002:00000fe0       $unwind$?ClearBitmap@@YAXPEAUloaded_bitmap@@@Z 0000000180015fe0     p5engine.obj
 0002:00000fe8       $unwind$?MakeEmptyBitmap@@YA?AUloaded_bitmap@@PEAUmemory_arena@@HHH@Z 0000000180015fe8     p5engine.obj
 0002:00000ffc       $unwind$?MakeSphereDiffuseMap@@YAXPEAUloaded_bitmap@@MM@Z 0000000180015ffc     p5engine.obj
 0002:00001008       $unwind$?MakeSphereNormalMap@@YAXPEAUloaded_bitmap@@MMM@Z 0000000180016008     p5engine.obj
 0002:00001014       $unwind$GameUpdateAndRender 0000000180016014     p5engine.obj
 0002:00001028       $unwind$GameGetSoundSamples 0000000180016028     p5engine.obj
 0002:00001030       $unwind$?Linear1ToSRGB255@@YA?ATv4@@T1@@Z 0000000180016030     p5engine.obj
 0002:00001030       $unwind$?SRGB255ToLinear1@@YA?ATv4@@T1@@Z 0000000180016030     p5engine.obj
 0002:00001044       $unwind$?GetRenderEntityBasisPos@@YA?AUentity_basis_p_result@@PEAUrender_transform@@Tv3@@@Z 0000000180016044     p5engine.obj
 0002:00001058       $unwind$?PushBitmap@@YAXPEAUrender_group@@PEAUloaded_bitmap@@Tv3@@MTv4@@@Z 0000000180016058     p5engine.obj
 0002:00001064       $unwind$?PushBitmap@@YAXPEAUrender_group@@Ubitmap_id@@Tv3@@MTv4@@@Z 0000000180016064     p5engine.obj
 0002:00001070       $unwind$?PushRect@@YAXPEAUrender_group@@Tv3@@Tv2@@Tv4@@@Z 0000000180016070     p5engine.obj
 0002:0000107c       $unwind$?PushRectOutline@@YAXPEAUrender_group@@Tv3@@Tv2@@Tv4@@@Z 000000018001607c     p5engine.obj
 0002:00001088       $unwind$?Orthographic@@YAXPEAUrender_group@@HHM@Z 0000000180016088     p5engine.obj
 0002:00001088       $unwind$?Perspective@@YAXPEAUrender_group@@HHMMM@Z 0000000180016088     p5engine.obj
 0002:00001090       $unwind$?RecanonicalizeCoord@@YAXMPEAHPEAM@Z 0000000180016090     p5engine.obj
 0002:00001090       $unwind$?Unproject@@YA?ATv2@@PEAUrender_group@@T1@M@Z 0000000180016090     p5engine.obj
 0002:00001098       $unwind$?GetCameraRectangleAtTarget@@YA?AUrectangle2@@PEAUrender_group@@@Z 0000000180016098     p5engine.obj
 0002:000010a4       $unwind$?NullPosition@@YA?AUworld_position@@XZ 00000001800160a4     p5engine.obj
 0002:000010b8       $unwind$?GetWorldChunk@@YAPEAUworld_chunk@@PEAUworld@@HHHPEAUmemory_arena@@@Z 00000001800160b8     p5engine.obj
 0002:000010b8       $unwind$__scrt_dllmain_exception_filter 00000001800160b8     MSVCRTD:utility.obj
 0002:000010c0       $unwind$?MapIntoChunkSpace@@YA?AUworld_position@@PEAUworld@@U1@Tv3@@@Z 00000001800160c0     p5engine.obj
 0002:000010d4       $unwind$?ChunkPositionFromTilePosition@@YA?AUworld_position@@PEAUworld@@HHHTv3@@@Z 00000001800160d4     p5engine.obj
 0002:000010e8       $unwind$?CenteredChunkPoint@@YA?AUworld_position@@III@Z 00000001800160e8     p5engine.obj
 0002:000010fc       $unwind$?ChangeEntityLocationRaw@@YAXPEAUmemory_arena@@PEAUworld@@IPEAUworld_position@@2@Z 00000001800160fc     p5engine.obj
 0002:00001108       $unwind$?GetSimSpacePos@@YA?ATv3@@PEAUsim_region@@PEAUlow_entity@@@Z 0000000180016108     p5engine.obj
 0002:00001114       $unwind$?LoadEntityReference@@YAXPEAUgame_state@@PEAUsim_region@@PEATentity_reference@@@Z 0000000180016114     p5engine.obj
 0002:00001128       $unwind$?EntityOverlapsRectangle@@YAHTv3@@Usim_entity_collision_volume@@Urectangle3@@@Z 0000000180016128     p5engine.obj
 0002:00001134       $unwind$?DefaultMoveSpec@@YA?AUmove_spec@@XZ 0000000180016134     p5engine.obj
 0002:00001148       $unwind$__GSHandlerCheckCommon 0000000180016148     MSVCRTD:gshandler.obj
 0002:00001150       $xdatasym                  0000000180016150     MSVCRTD:chkstk.obj
 0002:00001158       $xdatasym                  0000000180016158     MSVCRTD:amdsecgs.obj
 0002:0000115c       $unwind$?dllmain_crt_process_attach@@YAHQEAUHINSTANCE__@@QEAX@Z 000000018001615c     MSVCRTD:dll_dllmain.obj
 0002:0000117c       $unwind$?fin$0@?0??dllmain_crt_process_attach@@YAHQEAUHINSTANCE__@@QEAX@Z@4HA 000000018001617c     MSVCRTD:dll_dllmain.obj
 0002:0000117c       $unwind$?fin$0@?0??dllmain_crt_process_detach@@YAH_N@Z@4HA 000000018001617c     MSVCRTD:dll_dllmain.obj
 0002:0000117c       $unwind$?fin$1@?0??dllmain_crt_process_detach@@YAH_N@Z@4HA 000000018001617c     MSVCRTD:dll_dllmain.obj
 0002:0000117c       $unwind$__scrt_is_nonwritable_in_current_image$filt$0 000000018001617c     MSVCRTD:utility.obj
 0002:00001184       $unwind$?dllmain_crt_process_detach@@YAH_N@Z 0000000180016184     MSVCRTD:dll_dllmain.obj
 0002:000011b4       $unwind$?dllmain_dispatch@@YAHQEAUHINSTANCE__@@KQEAX@Z 00000001800161b4     MSVCRTD:dll_dllmain.obj
 0002:000011d4       $unwind$?filt$0@?0??dllmain_dispatch@@YAHQEAUHINSTANCE__@@KQEAX@Z@4HA 00000001800161d4     MSVCRTD:dll_dllmain.obj
 0002:000011dc       $unwind$_DllMainCRTStartup 00000001800161dc     MSVCRTD:dll_dllmain.obj
 0002:000011dc       $unwind$DllMain            00000001800161dc     MSVCRTD:dll_dllmain_stub.obj
 0002:000011e4       $unwind$capture_previous_context 00000001800161e4     MSVCRTD:gs_report.obj
 0002:000011ec       $unwind$__scrt_initialize_default_local_stdio_options 00000001800161ec     MSVCRTD:default_local_stdio_options.obj
 0002:000011ec       $unwind$__security_init_cookie 00000001800161ec     MSVCRTD:gs_support.obj
 0002:000011f4       $unwind$__get_entropy      00000001800161f4     MSVCRTD:gs_support.obj
 0002:000011fc       $unwind$?__scrt_initialize_type_info@@YAXXZ 00000001800161fc     MSVCRTD:tncleanup.obj
 0002:000011fc       $unwind$?__scrt_uninitialize_type_info@@YAXXZ 00000001800161fc     MSVCRTD:tncleanup.obj
 0002:000011fc       $unwind$?configure_argv@__scrt_narrow_argv_policy@@SAHXZ 00000001800161fc     MSVCRTD:utility.obj
 0002:000011fc       $unwind$?initialize_environment@__scrt_narrow_environment_policy@@SAHXZ 00000001800161fc     MSVCRTD:utility.obj
 0002:000011fc       $unwind$__scrt_dllmain_after_initialize_c 00000001800161fc     MSVCRTD:utility.obj
 0002:000011fc       $unwind$__scrt_dllmain_before_initialize_c 00000001800161fc     MSVCRTD:utility.obj
 0002:000011fc       $unwind$__scrt_dllmain_crt_thread_attach 00000001800161fc     MSVCRTD:utility.obj
 0002:000011fc       $unwind$__scrt_dllmain_crt_thread_detach 00000001800161fc     MSVCRTD:utility.obj
 0002:000011fc       $unwind$__scrt_dllmain_uninitialize_c 00000001800161fc     MSVCRTD:utility.obj
 0002:000011fc       $unwind$__scrt_dllmain_uninitialize_critical 00000001800161fc     MSVCRTD:utility.obj
 0002:00001204       $unwind$__scrt_is_nonwritable_in_current_image 0000000180016204     MSVCRTD:utility.obj
 0002:00001224       $unwind$__scrt_acquire_startup_lock 0000000180016224     MSVCRTD:utility.obj
 0002:0000122c       $unwind$__scrt_initialize_crt 000000018001622c     MSVCRTD:utility.obj
 0002:0000122c       $unwind$__scrt_release_startup_lock 000000018001622c     MSVCRTD:utility.obj
 0002:00001234       $unwind$__scrt_uninitialize_crt 0000000180016234     MSVCRTD:utility.obj
 0002:0000123c       $unwind$__scrt_initialize_onexit_tables 000000018001623c     MSVCRTD:utility.obj
 0002:00001248       $unwind$__scrt_fastfail    0000000180016248     MSVCRTD:utility_desktop.obj
 0002:00001254       $unwind$_RTC_Initialize    0000000180016254     MSVCRTD:initsect.obj
 0002:00001254       $unwind$_RTC_Terminate     0000000180016254     MSVCRTD:initsect.obj
 0002:00001260       $unwind$__isa_available_init 0000000180016260     MSVCRTD:cpu_disp.obj
 0002:00001270       $unwind$__scrt_is_ucrt_dll_in_use 0000000180016270     MSVCRTD:ucrt_detection.obj
 0002:00001278       $xdatasym                  0000000180016278     MSVCRTD:guard_dispatch.obj
 0002:00001280       $xdatasym                  0000000180016280     MSVCRTD:guard_xfg_dispatch.obj
 0002:00001290       .edata                     0000000180016290     P5Engine.exp
 0002:000012b8       rgpv                       00000001800162b8     P5Engine.exp
 0002:000012c0       rgszName                   00000001800162c0     P5Engine.exp
 0002:000012c8       rgwOrd                     00000001800162c8     P5Engine.exp
 0002:000012cc       szName                     00000001800162cc     P5Engine.exp
 0002:000012d9       $N00001                    00000001800162d9     P5Engine.exp
 0002:000012ed       $N00002                    00000001800162ed     P5Engine.exp
 0002:00001498       .idata$6                   0000000180016498     vcruntimed:VCRUNTIME140D.dll
 0002:0000157c       .idata$6                   000000018001657c     ucrtd:ucrtbased.dll
 0002:000016f0       .idata$6                   00000001800166f0     kernel32:KERNEL32.dll
 0003:00000000       ?RandomNumberTable@@3PAIA  0000000180017000     p5engine.obj
 0003:00004048       ?PlatformAddEntry@@3P6AXPEAUplatform_work_queue@@P6AX0PEAX@Z1@ZEA 000000018001b048     p5engine.obj
 0003:00004050       ?PlatformCompleteAllWork@@3P6AXPEAUplatform_work_queue@@@ZEA 000000018001b050     p5engine.obj
 0003:00004058       ?PlatformReadEntireFile@@3P6A?AUdebug_read_file_result@@PEAD@ZEA 000000018001b058     p5engine.obj
 0003:00004060       ?__proc_attached@@3HA      000000018001b060     MSVCRTD:dll_dllmain.obj
 0003:00004070       GS_ExceptionRecord         000000018001b070     MSVCRTD:gs_report.obj
 0003:00004110       GS_ContextRecord           000000018001b110     MSVCRTD:gs_report.obj
 0003:00004610       ?is_initialized_as_dll@@3_NA 000000018001b610     MSVCRTD:utility.obj
 0003:00004611       ?module_local_atexit_table_initialized@@3_NA 000000018001b611     MSVCRTD:utility.obj
 0003:00004618       ?module_local_atexit_table@@3U_onexit_table_t@@A 000000018001b618     MSVCRTD:utility.obj
 0003:00004630       ?module_local_at_quick_exit_table@@3U_onexit_table_t@@A 000000018001b630     MSVCRTD:utility.obj
 0005:00000000       __20BB4341_malloc@h        000000018001d000     p5engine.obj
 0005:00000001       __7D4BEAAE_p5engine_platform@h 000000018001d001     p5engine.obj
 0005:00000002       __741AE07E_corecrt_math@h  000000018001d002     p5engine.obj
 0005:00000003       __7BF3FA8A_p5engine_intrinsics@h 000000018001d003     p5engine.obj
 0005:00000004       __87290AA6_p5engine_math@h 000000018001d004     p5engine.obj
 0005:00000005       __F17FF173_p5engine_entity@h 000000018001d005     p5engine.obj
 0005:00000006       __72A74871_p5engine_asset@h 000000018001d006     p5engine.obj
 0005:00000007       __BD87FD4A_p5engine@h      000000018001d007     p5engine.obj
 0005:00000008       __6F2BF339_p5engine_render_group@cpp 000000018001d008     p5engine.obj
 0005:00000009       __281AC6F8_p5engine_world@cpp 000000018001d009     p5engine.obj
 0005:0000000a       __B07C4A52_p5engine_sim_region@cpp 000000018001d00a     p5engine.obj
 0005:0000000b       __BDC7FEEB_p5engine_entity@cpp 000000018001d00b     p5engine.obj
 0005:0000000c       __3D4C1499_p5engine_asset@cpp 000000018001d00c     p5engine.obj
 0005:0000000d       __B7A387D6_p5engine_random@h 000000018001d00d     p5engine.obj
 0005:0000000e       __BAF57382_p5engine@cpp    000000018001d00e     p5engine.obj
 0006:00000060       $R000000                   000000018001e060     * linker generated manifest res *
