 P5Engine

 Timestamp is 63787c4c (Sat Nov 19 00:48:44 2022)

 Preferred load address is 0000000180000000

 Start         Length     Name                   Class
 0001:00000000 000174b0H .text$mn                CODE
 0001:000174b0 00000040H .text$mn$00             CODE
 0001:000174f0 0000041dH .text$x                 CODE
 0002:00000000 00000118H .idata$5                DATA
 0002:00000118 00000028H .00cfg                  DATA
 0002:00000140 00000008H .CRT$XCA                DATA
 0002:00000148 00000008H .CRT$XCZ                DATA
 0002:00000150 00000008H .CRT$XIA                DATA
 0002:00000158 00000008H .CRT$XIZ                DATA
 0002:00000160 00000008H .CRT$XPA                DATA
 0002:00000168 00000008H .CRT$XPZ                DATA
 0002:00000170 00000008H .CRT$XTA                DATA
 0002:00000178 00000008H .CRT$XTZ                DATA
 0002:00000180 00000000H .gehcont$y              DATA
 0002:00000180 00000000H .gfids$y                DATA
 0002:00000180 00001180H .rdata                  DATA
 0002:00001300 00000000H .rdata$CastGuardVftablesA DATA
 0002:00001300 00000000H .rdata$CastGuardVftablesC DATA
 0002:00001300 00000240H .rdata$voltmd           DATA
 0002:00001540 000002d8H .rdata$zzzdbg           DATA
 0002:00001818 00000008H .rtc$IAA                DATA
 0002:00001820 00000008H .rtc$IZZ                DATA
 0002:00001828 00000008H .rtc$TAA                DATA
 0002:00001830 00000008H .rtc$TZZ                DATA
 0002:00001838 00000db8H .xdata                  DATA
 0002:000025f0 00000090H .edata                  DATA
 0002:00002680 00000050H .idata$2                DATA
 0002:000026d0 00000018H .idata$3                DATA
 0002:000026e8 00000118H .idata$4                DATA
 0002:00002800 000002dcH .idata$6                DATA
 0003:00000000 00004050H .data                   DATA
 0003:00004050 026006a4H .bss                    DATA
 0004:00000000 00000e10H .pdata                  DATA
 0005:00000000 00000020H .msvcjmc                DATA
 0006:00000000 00000060H .rsrc$01                DATA
 0006:00000060 00000098H .rsrc$02                DATA

  Address         Publics by Value              Rva+Base               Lib:Object

 0000:00000000       __guard_eh_cont_count      0000000000000000     <absolute>
 0000:00000000       __guard_fids_count         0000000000000000     <absolute>
 0000:00000000       __AbsoluteZero             0000000000000000     <absolute>
 0000:00000000       __x64_code_ranges_to_entry_points 0000000000000000     <absolute>
 0000:00000000       ___safe_se_handler_count   0000000000000000     <absolute>
 0000:00000000       __dynamic_value_reloc_table 0000000000000000     <absolute>
 0000:00000000       __arm64x_redirection_metadata 0000000000000000     <absolute>
 0000:00000000       __guard_check_icall_a64n_fptr 0000000000000000     <absolute>
 0000:00000000       __guard_longjmp_table      0000000000000000     <absolute>
 0000:00000000       __guard_fids_table         0000000000000000     <absolute>
 0000:00000000       __hybrid_code_map_count    0000000000000000     <absolute>
 0000:00000000       __arm64x_extra_rfe_table_size 0000000000000000     <absolute>
 0000:00000000       __arm64x_extra_rfe_table   0000000000000000     <absolute>
 0000:00000000       __guard_iat_count          0000000000000000     <absolute>
 0000:00000000       __hybrid_auxiliary_iat_copy 0000000000000000     <absolute>
 0000:00000000       ___safe_se_handler_table   0000000000000000     <absolute>
 0000:00000000       __guard_iat_table          0000000000000000     <absolute>
 0000:00000000       __hybrid_auxiliary_iat     0000000000000000     <absolute>
 0000:00000000       __hybrid_code_map          0000000000000000     <absolute>
 0000:00000000       __x64_code_ranges_to_entry_points_count 0000000000000000     <absolute>
 0000:00000000       __arm64x_redirection_metadata_count 0000000000000000     <absolute>
 0000:00000000       __guard_longjmp_count      0000000000000000     <absolute>
 0000:00000000       __arm64x_native_entrypoint 0000000000000000     <absolute>
 0000:00000000       __enclave_config           0000000000000000     <absolute>
 0000:00000000       __guard_eh_cont_table      0000000000000000     <absolute>
 0000:00000100       __guard_flags              0000000000000100     <absolute>
 0000:00000000       __ImageBase                0000000180000000     <linker-defined>
 0001:0000b070       GameUpdateAndRender        000000018000c070 f   p5engine.obj
 0001:0000ebd0       GameGetSoundSamples        000000018000fbd0 f   p5engine.obj
 0001:0000f4e0       GameDEBUGFrameEnd          00000001800104e0 f   p5engine.obj
 0001:0000f610       ??$_snprintf_s@$0BAA@@@YAHAEAY0BAA@D_KPEBDZZ 0000000180010610 f i p5engine.obj
 0001:0000f690       ??0timed_block@@QEAA@HPEADH0H@Z 0000000180010690 f i p5engine.obj
 0001:0000f730       ??1timed_block@@QEAA@XZ    0000000180010730 f i p5engine.obj
 0001:0000f760       ??D@YA?ATv2@@MT0@@Z        0000000180010760 f i p5engine.obj
 0001:0000f7e0       ??D@YA?ATv3@@MT0@@Z        00000001800107e0 f i p5engine.obj
 0001:0000f890       ??D@YA?ATv3@@T0@M@Z        0000000180010890 f i p5engine.obj
 0001:0000f910       ??D@YA?ATv4@@MT0@@Z        0000000180010910 f i p5engine.obj
 0001:0000f9e0       ??G@YA?ATv2@@T0@0@Z        00000001800109e0 f i p5engine.obj
 0001:0000fa60       ??G@YA?ATv3@@T0@0@Z        0000000180010a60 f i p5engine.obj
 0001:0000fb20       ??G@YA?ATv3@@T0@@Z         0000000180010b20 f i p5engine.obj
 0001:0000fbd0       ??H@YA?ATv2@@T0@0@Z        0000000180010bd0 f i p5engine.obj
 0001:0000fc50       ??H@YA?ATv3@@T0@0@Z        0000000180010c50 f i p5engine.obj
 0001:0000fd10       ??X@YAAEATv3@@AEAT0@M@Z    0000000180010d10 f i p5engine.obj
 0001:0000fd90       ??Y@YAAEATv2@@AEAT0@T0@@Z  0000000180010d90 f i p5engine.obj
 0001:0000fde0       ??Y@YAAEATv3@@AEAT0@T0@@Z  0000000180010de0 f i p5engine.obj
 0001:0000fe80       ??Z@YAAEATv3@@AEAT0@T0@@Z  0000000180010e80 f i p5engine.obj
 0001:0000ff20       ?ATan2@@YAMMM@Z            0000000180010f20 f i p5engine.obj
 0001:0000ff70       ?AbsoluteValue@@YAMM@Z     0000000180010f70 f i p5engine.obj
 0001:0000ffb0       ?AccumDebugStatistic@@YAXPEAUdebug_statistic@@N@Z 0000000180010fb0 f i p5engine.obj
 0001:00010040       ?AddFlags@@YAXPEAUsim_entity@@I@Z 0000000180011040 f i p5engine.obj
 0001:00010080       ?AddRadiusTo@@YA?AUrectangle3@@U1@Tv3@@@Z 0000000180011080 f i p5engine.obj
 0001:000101f0       ?AllResourcesPresent@@YAHPEAUrender_group@@@Z 00000001800111f0 f i p5engine.obj
 0001:00010240       ?AreInSameChunk@@YAHPEAUworld@@PEAUworld_position@@1@Z 0000000180011240 f i p5engine.obj
 0001:00010340       ?BeginAssetLock@@YAXPEAUgame_assets@@@Z 0000000180011340 f i p5engine.obj
 0001:00010380       ?BeginDebugStatistic@@YAXPEAUdebug_statistic@@@Z 0000000180011380 f i p5engine.obj
 0001:000103e0       ?BeginGeneration@@YAIPEAUgame_assets@@@Z 00000001800113e0 f i p5engine.obj
 0001:00010490       ?BeginTemporaryMemory@@YA?AUtemporary_memory@@PEAUmemory_arena@@@Z 0000000180011490 f i p5engine.obj
 0001:00010530       ?CenteredChunkPoint@@YA?AUworld_position@@III@Z 0000000180011530 f i p5engine.obj
 0001:000105c0       ?ChangeEntityLocationRaw@@YAXPEAUmemory_arena@@PEAUworld@@IPEAUworld_position@@2@Z 00000001800115c0 f i p5engine.obj
 0001:00010a20       ?CheckArena@@YAXPEAUmemory_arena@@@Z 0000000180011a20 f i p5engine.obj
 0001:00010a50       ?ChunkPositionFromTilePosition@@YA?AUworld_position@@PEAUworld@@HHHTv3@@@Z 0000000180011a50 f i p5engine.obj
 0001:00010cf0       ?Clamp01@@YA?ATv2@@T1@@Z   0000000180011cf0 f i p5engine.obj
 0001:00010d60       ?Clamp01@@YAMM@Z           0000000180011d60 f i p5engine.obj
 0001:00010da0       ?Clamp01MapToRange@@YAMMMM@Z 0000000180011da0 f i p5engine.obj
 0001:00010e20       ?Clamp@@YAMMMM@Z           0000000180011e20 f i p5engine.obj
 0001:00010e90       ?Clear@@YAXPEAUrender_group@@Tv4@@@Z 0000000180011e90 f i p5engine.obj
 0001:00010ef0       ?ClearFlags@@YAXPEAUsim_entity@@I@Z 0000000180011ef0 f i p5engine.obj
 0001:00010f30       ?DefaultMoveSpec@@YA?AUmove_spec@@XZ 0000000180011f30 f i p5engine.obj
 0001:00010fd0       ?EndAssetLock@@YAXPEAUgame_assets@@@Z 0000000180011fd0 f i p5engine.obj
 0001:00011000       ?EndDebugStatistic@@YAXPEAUdebug_statistic@@@Z 0000000180012000 f i p5engine.obj
 0001:00011070       ?EndGeneration@@YAXPEAUgame_assets@@I@Z 0000000180012070 f i p5engine.obj
 0001:00011130       ?EndTemporaryMemory@@YAXUtemporary_memory@@@Z 0000000180012130 f i p5engine.obj
 0001:000111b0       ?EntityOverlapsRectangle@@YAHTv3@@Usim_entity_collision_volume@@Urectangle3@@@Z 00000001800121b0 f i p5engine.obj
 0001:00011340       ?GetAlignmentOffset@@YA_KPEAUmemory_arena@@_K@Z 0000000180012340 f i p5engine.obj
 0001:000113d0       ?GetArenaSizeRemaining@@YA_KPEAUmemory_arena@@_K@Z 00000001800123d0 f i p5engine.obj
 0001:00011430       ?GetAsset@@YAPEAUasset_memory_header@@PEAUgame_assets@@II@Z 0000000180012430 f i p5engine.obj
 0001:00011500       ?GetBarycentric@@YA?ATv2@@Urectangle2@@T1@@Z 0000000180012500 f i p5engine.obj
 0001:000115b0       ?GetFont@@YAPEAUloaded_font@@PEAUgame_assets@@Ufont_id@@I@Z 00000001800125b0 f i p5engine.obj
 0001:000115b0       ?GetBitmap@@YAPEAUloaded_bitmap@@PEAUgame_assets@@Ubitmap_id@@I@Z 00000001800125b0 f i p5engine.obj
 0001:000115b0       ?GetSound@@YAPEAUloaded_sound@@PEAUgame_assets@@Usound_id@@I@Z 00000001800125b0 f i p5engine.obj
 0001:00011620       ?GetSoundInfo@@YAPEAUp5a_sound@@PEAUgame_assets@@Usound_id@@@Z 0000000180012620 f i p5engine.obj
 0001:00011620       ?GetFontInfo@@YAPEAUp5a_font@@PEAUgame_assets@@Ufont_id@@@Z 0000000180012620 f i p5engine.obj
 0001:00011620       ?GetBitmapInfo@@YAPEAUp5a_bitmap@@PEAUgame_assets@@Ubitmap_id@@@Z 0000000180012620 f i p5engine.obj
 0001:00011680       ?GetCameraRectangleAtDistance@@YA?AUrectangle2@@PEAUrender_group@@M@Z 0000000180012680 f i p5engine.obj
 0001:00011720       ?GetCameraRectangleAtTarget@@YA?AUrectangle2@@PEAUrender_group@@@Z 0000000180012720 f i p5engine.obj
 0001:00011790       ?GetDim@@YA?ATv2@@Urectangle2@@@Z 0000000180012790 f i p5engine.obj
 0001:000117d0       ?GetDim@@YA?ATv3@@Urectangle3@@@Z 00000001800127d0 f i p5engine.obj
 0001:00011870       ?GetEntityGroundPoint@@YA?ATv3@@PEAUsim_entity@@@Z 0000000180012870 f i p5engine.obj
 0001:000118f0       ?GetEntityGroundPoint@@YA?ATv3@@PEAUsim_entity@@T1@@Z 00000001800128f0 f i p5engine.obj
 0001:00011950       ?GetFile@@YAPEAUasset_file@@PEAUgame_assets@@I@Z 0000000180012950 f i p5engine.obj
 0001:000119b0       ?GetFileHandleFor@@YAPEAUplatform_file_handle@@PEAUgame_assets@@I@Z 00000001800129b0 f i p5engine.obj
 0001:00011a10       ?GetGlyphFromCodepoint@@YAIPEAUp5a_font@@PEAUloaded_font@@I@Z 0000000180012a10 f i p5engine.obj
 0001:00011a80       ?GetHex@@YAID@Z            0000000180012a80 f i p5engine.obj
 0001:00011af0       ?GetLowEntity@@YAPEAUlow_entity@@PEAUgame_state@@I@Z 0000000180012af0 f i p5engine.obj
 0001:00011b60       ?GetMaxCorner@@YA?ATv3@@Urectangle3@@@Z 0000000180012b60 f i p5engine.obj
 0001:00011bc0       ?GetMinCorner@@YA?ATv3@@Urectangle3@@@Z 0000000180012bc0 f i p5engine.obj
 0001:00011c10       ?GetNextSoundInChain@@YA?AUsound_id@@PEAUgame_assets@@U1@@Z 0000000180012c10 f i p5engine.obj
 0001:00011cd0       ?GetRenderEntityBasisPos@@YA?AUentity_basis_p_result@@PEAUrender_transform@@Tv3@@@Z 0000000180012cd0 f i p5engine.obj
 0001:00011fe0       ?GetSimSpacePos@@YA?ATv3@@PEAUsim_region@@PEAUlow_entity@@@Z 0000000180012fe0 f i p5engine.obj
 0001:000120d0       ?GetStairGround@@YAMPEAUsim_entity@@Tv3@@@Z 00000001800130d0 f i p5engine.obj
 0001:000121c0       ?GetWorldChunk@@YAPEAUworld_chunk@@PEAUworld@@HHHPEAUmemory_arena@@@Z 00000001800131c0 f i p5engine.obj
 0001:00012430       ?Hadamard@@YA?ATv2@@T1@0@Z 0000000180013430 f i p5engine.obj
 0001:00012490       ?Hadamard@@YA?ATv3@@T1@0@Z 0000000180013490 f i p5engine.obj
 0001:00012550       ?HasFlag@@YAHPEAUsim_entity@@I@Z 0000000180013550 f i p5engine.obj
 0001:00012590       ?InitializeArena@@YAXPEAUmemory_arena@@_KPEAX@Z 0000000180013590 f i p5engine.obj
 0001:000125f0       ?Inner@@YAMTv2@@0@Z        00000001800135f0 f i p5engine.obj
 0001:00012640       ?Inner@@YAMTv3@@0@Z        0000000180013640 f i p5engine.obj
 0001:000126b0       ?InsertAssetHeaderAtFront@@YAXPEAUgame_assets@@PEAUasset_memory_header@@@Z 00000001800136b0 f i p5engine.obj
 0001:00012720       ?Intersect@@YA?AUrectangle2i@@U1@0@Z 0000000180013720 f i p5engine.obj
 0001:00012830       ?IsCanonical@@YAHMM@Z      0000000180013830 f i p5engine.obj
 0001:000128d0       ?IsCanonical@@YAHPEAUworld@@Tv3@@@Z 00000001800138d0 f i p5engine.obj
 0001:00012970       ?IsHex@@YAHD@Z             0000000180013970 f i p5engine.obj
 0001:000129d0       ?IsInRectangle@@YAHUrectangle3@@Tv3@@@Z 00000001800139d0 f i p5engine.obj
 0001:00012a90       ?IsValid@@YAHUsound_id@@@Z 0000000180013a90 f i p5engine.obj
 0001:00012ad0       ?IsValid@@YAHUworld_position@@@Z 0000000180013ad0 f i p5engine.obj
 0001:00012b20       ?Length@@YAMTv3@@@Z        0000000180013b20 f i p5engine.obj
 0001:00012b70       ?LengthSq@@YAMTv2@@@Z      0000000180013b70 f i p5engine.obj
 0001:00012bb0       ?LengthSq@@YAMTv3@@@Z      0000000180013bb0 f i p5engine.obj
 0001:00012c20       ?LoadEntityReference@@YAXPEAUgame_state@@PEAUsim_region@@PEATentity_reference@@@Z 0000000180013c20 f i p5engine.obj
 0001:00012d50       ?MakeEntityNonSpatial@@YAXPEAUsim_entity@@@Z 0000000180013d50 f i p5engine.obj
 0001:00012dd0       ?MakeEntitySpatial@@YAXPEAUsim_entity@@Tv3@@1@Z 0000000180013dd0 f i p5engine.obj
 0001:00012e40       ?MapIntoChunkSpace@@YA?AUworld_position@@PEAUworld@@U1@Tv3@@@Z 0000000180013e40 f i p5engine.obj
 0001:00012f30       ?NullPosition@@YA?AUworld_position@@XZ 0000000180013f30 f i p5engine.obj
 0001:00012fa0       ?Orthographic@@YAXPEAUrender_group@@HHM@Z 0000000180013fa0 f i p5engine.obj
 0001:000130a0       ?Perspective@@YAXPEAUrender_group@@HHMMM@Z 00000001800140a0 f i p5engine.obj
 0001:00013190       ?PrefetchSound@@YAXPEAUgame_assets@@Usound_id@@@Z 0000000180014190 f i p5engine.obj
 0001:000131c0       ?PushBitmap@@YAXPEAUrender_group@@PEAUloaded_bitmap@@Tv3@@MTv4@@@Z 00000001800141c0 f i p5engine.obj
 0001:000133f0       ?PushBitmap@@YAXPEAUrender_group@@Ubitmap_id@@Tv3@@MTv4@@@Z 00000001800143f0 f i p5engine.obj
 0001:00013550       ?PushFont@@YAPEAUloaded_font@@PEAUrender_group@@Ufont_id@@@Z 0000000180014550 f i p5engine.obj
 0001:000135e0       ?PushRect@@YAXPEAUrender_group@@Tv3@@Tv2@@Tv4@@@Z 00000001800145e0 f i p5engine.obj
 0001:00013780       ?PushRectOutline@@YAXPEAUrender_group@@Tv3@@Tv2@@Tv4@@@Z 0000000180014780 f i p5engine.obj
 0001:00013c10       ?PushRenderElement_@@YAPEAXPEAUrender_group@@IW4render_group_entry_type@@@Z 0000000180014c10 f i p5engine.obj
 0001:00013d40       ?PushSize_@@YAPEAXPEAUmemory_arena@@_K1@Z 0000000180014d40 f i p5engine.obj
 0001:00013e10       ?RandomBilateral@@YAMPEAUrandom_series@@@Z 0000000180014e10 f i p5engine.obj
 0001:00013e60       ?RandomChoice@@YAIPEAUrandom_series@@I@Z 0000000180014e60 f i p5engine.obj
 0001:00013ea0       ?RandomNextUInt32@@YAIPEAUrandom_series@@@Z 0000000180014ea0 f i p5engine.obj
 0001:00013f10       ?RandomSeed@@YA?AUrandom_series@@I@Z 0000000180014f10 f i p5engine.obj
 0001:00013f80       ?RandomUnilateral@@YAMPEAUrandom_series@@@Z 0000000180014f80 f i p5engine.obj
 0001:00013fe0       ?RecanonicalizeCoord@@YAXMPEAHPEAM@Z 0000000180014fe0 f i p5engine.obj
 0001:00014080       ?RectCenterDim@@YA?AUrectangle2@@Tv2@@0@Z 0000000180015080 f i p5engine.obj
 0001:00014110       ?RectCenterDim@@YA?AUrectangle3@@Tv3@@0@Z 0000000180015110 f i p5engine.obj
 0001:00014200       ?RectCenterHalfDim@@YA?AUrectangle2@@Tv2@@0@Z 0000000180015200 f i p5engine.obj
 0001:000142b0       ?RectCenterHalfDim@@YA?AUrectangle3@@Tv3@@0@Z 00000001800152b0 f i p5engine.obj
 0001:00014420       ?RectMinMax@@YA?AUrectangle3@@Tv3@@0@Z 0000000180015420 f i p5engine.obj
 0001:000144c0       ?RectanglesIntersect@@YAHUrectangle3@@0@Z 00000001800154c0 f i p5engine.obj
 0001:00014580       ?RoundReal32ToInt32@@YAHM@Z 0000000180015580 f i p5engine.obj
 0001:000145c0       ?RoundReal32ToUInt32@@YAIM@Z 00000001800155c0 f i p5engine.obj
 0001:00014600       ?SafeRatio1@@YAMMM@Z       0000000180015600 f i p5engine.obj
 0001:00014650       ?SafeRatioN@@YAMMMM@Z      0000000180015650 f i p5engine.obj
 0001:000146b0       ?SignOf@@YAMM@Z            00000001800156b0 f i p5engine.obj
 0001:00014710       ?Sin@@YAMM@Z               0000000180015710 f i p5engine.obj
 0001:00014750       ?Square@@YAMM@Z            0000000180015750 f i p5engine.obj
 0001:00014790       ?SquareRoot@@YAMM@Z        0000000180015790 f i p5engine.obj
 0001:000147d0       ?StoreEntityReference@@YAXPEATentity_reference@@@Z 00000001800157d0 f i p5engine.obj
 0001:00014810       ?SubArena@@YAXPEAUmemory_arena@@0_K1@Z 0000000180015810 f i p5engine.obj
 0001:00014880       ?ToV3@@YA?ATv3@@Tv2@@M@Z   0000000180015880 f i p5engine.obj
 0001:00014910       ?ToV4@@YA?ATv4@@Tv3@@M@Z   0000000180015910 f i p5engine.obj
 0001:00014980       ?Unproject@@YA?ATv2@@PEAUrender_group@@T1@M@Z 0000000180015980 f i p5engine.obj
 0001:000149d0       ?V2@@YA?ATv2@@MM@Z         00000001800159d0 f i p5engine.obj
 0001:00014a40       ?V2i@@YA?ATv2@@HH@Z        0000000180015a40 f i p5engine.obj
 0001:00014a90       ?V3@@YA?ATv3@@MMM@Z        0000000180015a90 f i p5engine.obj
 0001:00014b30       ?V4@@YA?ATv4@@MMMM@Z       0000000180015b30 f i p5engine.obj
 0001:00014be0       ?ZeroSize@@YAX_KPEAX@Z     0000000180015be0 f i p5engine.obj
 0001:00014c40       AtomicAddU64               0000000180015c40 f i p5engine.obj
 0001:00014c80       AtomicCompareExchangeU32   0000000180015c80 f i p5engine.obj
 0001:00014cd0       AtomicExchangeU64          0000000180015cd0 f i p5engine.obj
 0001:00014d10       GetController              0000000180015d10 f i p5engine.obj
 0001:00014d70       GetThreadID                0000000180015d70 f i p5engine.obj
 0001:00014db0       RecordDebugEvent           0000000180015db0 f i p5engine.obj
 0001:00014e90       __local_stdio_printf_options 0000000180015e90 f i p5engine.obj
 0001:00014eb0       _vsnprintf_s               0000000180015eb0 f i p5engine.obj
 0001:00014f10       _vsnprintf_s_l             0000000180015f10 f i p5engine.obj
 0001:00014fa0       ?DrawRectangleQuickly@@YAXPEAUloaded_bitmap@@Tv2@@11Tv4@@0MUrectangle2i@@H@Z 0000000180015fa0 f   p5engine_optimized.obj
 0001:00015cf0       __CheckForDebuggerJustMyCode 0000000180016cf0 f   MSVCRTD:debugger_jmc.obj
 0001:00015d30       __GSHandlerCheck           0000000180016d30 f   MSVCRTD:gshandler.obj
 0001:00015d70       __GSHandlerCheckCommon     0000000180016d70 f   MSVCRTD:gshandler.obj
 0001:00015e70       __GSHandlerCheck_EH4       0000000180016e70 f   MSVCRTD:gshandlereh4.obj
 0001:00015f30       __chkstk                   0000000180016f30 f   MSVCRTD:chkstk.obj
 0001:00015f30       _alloca_probe              0000000180016f30 f   MSVCRTD:chkstk.obj
 0001:00015f90       __security_check_cookie    0000000180016f90 f   MSVCRTD:amdsecgs.obj
 0001:000163c0       _DllMainCRTStartup         00000001800173c0 f   MSVCRTD:dll_dllmain.obj
 0001:00016400       __raise_securityfailure    0000000180017400 f   MSVCRTD:gs_report.obj
 0001:00016440       __report_gsfailure         0000000180017440 f   MSVCRTD:gs_report.obj
 0001:000166a0       __security_init_cookie     00000001800176a0 f   MSVCRTD:gs_support.obj
 0001:00016720       DllMain                    0000000180017720 f   MSVCRTD:dll_dllmain_stub.obj
 0001:00016760       ?__scrt_initialize_type_info@@YAXXZ 0000000180017760 f   MSVCRTD:tncleanup.obj
 0001:00016780       ?__scrt_uninitialize_type_info@@YAXXZ 0000000180017780 f   MSVCRTD:tncleanup.obj
 0001:000167a0       __local_stdio_scanf_options 00000001800177a0 f i MSVCRTD:default_local_stdio_options.obj
 0001:000167b0       __scrt_initialize_default_local_stdio_options 00000001800177b0 f   MSVCRTD:default_local_stdio_options.obj
 0001:00016800       ?configure_argv@__scrt_narrow_argv_policy@@SAHXZ 0000000180017800 f i MSVCRTD:utility.obj
 0001:000168f0       ?initialize_environment@__scrt_narrow_environment_policy@@SAHXZ 00000001800178f0 f i MSVCRTD:utility.obj
 0001:00016990       NtCurrentTeb               0000000180017990 f i MSVCRTD:utility.obj
 0001:000169a0       __scrt_acquire_startup_lock 00000001800179a0 f   MSVCRTD:utility.obj
 0001:00016a10       __scrt_dllmain_after_initialize_c 0000000180017a10 f   MSVCRTD:utility.obj
 0001:00016a40       __scrt_dllmain_before_initialize_c 0000000180017a40 f   MSVCRTD:utility.obj
 0001:00016a60       __scrt_dllmain_crt_thread_attach 0000000180017a60 f   MSVCRTD:utility.obj
 0001:00016a90       __scrt_dllmain_crt_thread_detach 0000000180017a90 f   MSVCRTD:utility.obj
 0001:00016ab0       __scrt_dllmain_exception_filter 0000000180017ab0 f   MSVCRTD:utility.obj
 0001:00016b20       __scrt_dllmain_uninitialize_c 0000000180017b20 f   MSVCRTD:utility.obj
 0001:00016b50       __scrt_dllmain_uninitialize_critical 0000000180017b50 f   MSVCRTD:utility.obj
 0001:00016b70       __scrt_initialize_crt      0000000180017b70 f   MSVCRTD:utility.obj
 0001:00016bc0       __scrt_initialize_onexit_tables 0000000180017bc0 f   MSVCRTD:utility.obj
 0001:00016cd0       __scrt_is_nonwritable_in_current_image 0000000180017cd0 f   MSVCRTD:utility.obj
 0001:00016d60       __scrt_release_startup_lock 0000000180017d60 f   MSVCRTD:utility.obj
 0001:00016d90       __scrt_uninitialize_crt    0000000180017d90 f   MSVCRTD:utility.obj
 0001:00016dd0       __scrt_get_dyn_tls_init_callback 0000000180017dd0 f   MSVCRTD:dyn_tls_init.obj
 0001:00016de0       __crt_debugger_hook        0000000180017de0 f   MSVCRTD:utility_desktop.obj
 0001:00016df0       __scrt_fastfail            0000000180017df0 f   MSVCRTD:utility_desktop.obj
 0001:00016f90       _RTC_Initialize            0000000180017f90 f   MSVCRTD:initsect.obj
 0001:00016fe0       _RTC_Terminate             0000000180017fe0 f   MSVCRTD:initsect.obj
 0001:00017030       _guard_check_icall_nop     0000000180018030 f i MSVCRTD:guard_support.obj
 0001:00017040       __isa_available_init       0000000180018040 f   MSVCRTD:cpu_disp.obj
 0001:000173e0       _get_startup_argv_mode     00000001800183e0 f   MSVCRTD:argv_mode.obj
 0001:000173f0       __scrt_is_ucrt_dll_in_use  00000001800183f0 f   MSVCRTD:ucrt_detection.obj
 0001:00017420       __CxxFrameHandler4         0000000180018420 f   vcruntimed:VCRUNTIME140_1D.dll
 0001:00017426       __C_specific_handler       0000000180018426 f   vcruntimed:VCRUNTIME140D.dll
 0001:0001742c       __std_type_info_destroy_list 000000018001842c f   vcruntimed:VCRUNTIME140D.dll
 0001:00017432       atan2                      0000000180018432 f   ucrtd:ucrtbased.dll
 0001:00017438       sinf                       0000000180018438 f   ucrtd:ucrtbased.dll
 0001:0001743e       sqrtf                      000000018001843e f   ucrtd:ucrtbased.dll
 0001:00017444       _initterm                  0000000180018444 f   ucrtd:ucrtbased.dll
 0001:0001744a       _initterm_e                000000018001844a f   ucrtd:ucrtbased.dll
 0001:00017450       _seh_filter_dll            0000000180018450 f   ucrtd:ucrtbased.dll
 0001:00017456       _configure_narrow_argv     0000000180018456 f   ucrtd:ucrtbased.dll
 0001:0001745c       _initialize_narrow_environment 000000018001845c f   ucrtd:ucrtbased.dll
 0001:00017462       _initialize_onexit_table   0000000180018462 f   ucrtd:ucrtbased.dll
 0001:00017468       _execute_onexit_table      0000000180018468 f   ucrtd:ucrtbased.dll
 0001:0001746e       _cexit                     000000018001846e f   ucrtd:ucrtbased.dll
 0001:00017480       __vcrt_thread_attach       0000000180018480 f   MSVCRTD:ucrt_stubs.obj
 0001:00017480       __acrt_thread_detach       0000000180018480 f   MSVCRTD:ucrt_stubs.obj
 0001:00017480       __vcrt_thread_detach       0000000180018480 f   MSVCRTD:ucrt_stubs.obj
 0001:00017480       __scrt_stub_for_acrt_thread_attach 0000000180018480 f   MSVCRTD:ucrt_stubs.obj
 0001:00017480       __vcrt_initialize          0000000180018480 f   MSVCRTD:ucrt_stubs.obj
 0001:00017480       __acrt_initialize          0000000180018480 f   MSVCRTD:ucrt_stubs.obj
 0001:00017480       __acrt_thread_attach       0000000180018480 f   MSVCRTD:ucrt_stubs.obj
 0001:00017480       __scrt_stub_for_acrt_initialize 0000000180018480 f   MSVCRTD:ucrt_stubs.obj
 0001:00017480       __scrt_stub_for_acrt_thread_detach 0000000180018480 f   MSVCRTD:ucrt_stubs.obj
 0001:00017490       __acrt_uninitialize_critical 0000000180018490 f   MSVCRTD:ucrt_stubs.obj
 0001:00017490       __vcrt_uninitialize_critical 0000000180018490 f   MSVCRTD:ucrt_stubs.obj
 0001:00017490       __acrt_uninitialize        0000000180018490 f   MSVCRTD:ucrt_stubs.obj
 0001:00017490       __vcrt_uninitialize        0000000180018490 f   MSVCRTD:ucrt_stubs.obj
 0001:00017490       __scrt_stub_for_acrt_uninitialize 0000000180018490 f   MSVCRTD:ucrt_stubs.obj
 0001:00017490       __scrt_stub_for_acrt_uninitialize_critical 0000000180018490 f   MSVCRTD:ucrt_stubs.obj
 0001:000174a0       __scrt_stub_for_is_c_termination_complete 00000001800184a0 f   MSVCRTD:ucrt_stubs.obj
 0001:000174a0       _is_c_termination_complete 00000001800184a0 f   MSVCRTD:ucrt_stubs.obj
 0001:000174c0       _guard_dispatch_icall_nop  00000001800184c0 f   MSVCRTD:guard_dispatch.obj
 0001:000174e0       _guard_xfg_dispatch_icall_nop 00000001800184e0 f   MSVCRTD:guard_xfg_dispatch.obj
 0002:00000000       __imp_GetCurrentProcessId  0000000180019000     kernel32:KERNEL32.dll
 0002:00000008       __imp_RtlCaptureContext    0000000180019008     kernel32:KERNEL32.dll
 0002:00000010       __imp_RtlLookupFunctionEntry 0000000180019010     kernel32:KERNEL32.dll
 0002:00000018       __imp_RtlVirtualUnwind     0000000180019018     kernel32:KERNEL32.dll
 0002:00000020       __imp_UnhandledExceptionFilter 0000000180019020     kernel32:KERNEL32.dll
 0002:00000028       __imp_SetUnhandledExceptionFilter 0000000180019028     kernel32:KERNEL32.dll
 0002:00000030       __imp_IsDebuggerPresent    0000000180019030     kernel32:KERNEL32.dll
 0002:00000038       __imp_InitializeSListHead  0000000180019038     kernel32:KERNEL32.dll
 0002:00000040       __imp_DisableThreadLibraryCalls 0000000180019040     kernel32:KERNEL32.dll
 0002:00000048       __imp_GetSystemTimeAsFileTime 0000000180019048     kernel32:KERNEL32.dll
 0002:00000050       __imp_GetCurrentThreadId   0000000180019050     kernel32:KERNEL32.dll
 0002:00000058       __imp_QueryPerformanceCounter 0000000180019058     kernel32:KERNEL32.dll
 0002:00000060       __imp_IsProcessorFeaturePresent 0000000180019060     kernel32:KERNEL32.dll
 0002:00000068       __imp_TerminateProcess     0000000180019068     kernel32:KERNEL32.dll
 0002:00000070       __imp_GetCurrentProcess    0000000180019070     kernel32:KERNEL32.dll
 0002:00000078       \177KERNEL32_NULL_THUNK_DATA 0000000180019078     kernel32:KERNEL32.dll
 0002:00000080       __imp___std_type_info_destroy_list 0000000180019080     vcruntimed:VCRUNTIME140D.dll
 0002:00000088       __imp___C_specific_handler 0000000180019088     vcruntimed:VCRUNTIME140D.dll
 0002:00000090       \177VCRUNTIME140D_NULL_THUNK_DATA 0000000180019090     vcruntimed:VCRUNTIME140D.dll
 0002:00000098       __imp___CxxFrameHandler4   0000000180019098     vcruntimed:VCRUNTIME140_1D.dll
 0002:000000a0       \177VCRUNTIME140_1D_NULL_THUNK_DATA 00000001800190a0     vcruntimed:VCRUNTIME140_1D.dll
 0002:000000a8       __imp__cexit               00000001800190a8     ucrtd:ucrtbased.dll
 0002:000000b0       __imp__execute_onexit_table 00000001800190b0     ucrtd:ucrtbased.dll
 0002:000000b8       __imp__initialize_onexit_table 00000001800190b8     ucrtd:ucrtbased.dll
 0002:000000c0       __imp__initialize_narrow_environment 00000001800190c0     ucrtd:ucrtbased.dll
 0002:000000c8       __imp__configure_narrow_argv 00000001800190c8     ucrtd:ucrtbased.dll
 0002:000000d0       __imp__initterm_e          00000001800190d0     ucrtd:ucrtbased.dll
 0002:000000d8       __imp__initterm            00000001800190d8     ucrtd:ucrtbased.dll
 0002:000000e0       __imp_sqrtf                00000001800190e0     ucrtd:ucrtbased.dll
 0002:000000e8       __imp_sinf                 00000001800190e8     ucrtd:ucrtbased.dll
 0002:000000f0       __imp_atan2                00000001800190f0     ucrtd:ucrtbased.dll
 0002:000000f8       __imp___stdio_common_vsnprintf_s 00000001800190f8     ucrtd:ucrtbased.dll
 0002:00000100       __imp_roundf               0000000180019100     ucrtd:ucrtbased.dll
 0002:00000108       __imp__seh_filter_dll      0000000180019108     ucrtd:ucrtbased.dll
 0002:00000110       \177ucrtbased_NULL_THUNK_DATA 0000000180019110     ucrtd:ucrtbased.dll
 0002:00000118       __guard_check_icall_fptr   0000000180019118     MSVCRTD:guard_support.obj
 0002:00000120       __guard_xfg_check_icall_fptr 0000000180019120     MSVCRTD:guard_support.obj
 0002:00000128       __guard_dispatch_icall_fptr 0000000180019128     MSVCRTD:guard_support.obj
 0002:00000130       __guard_xfg_dispatch_icall_fptr 0000000180019130     MSVCRTD:guard_support.obj
 0002:00000138       __guard_xfg_table_dispatch_icall_fptr 0000000180019138     MSVCRTD:guard_support.obj
 0002:00000140       __xc_a                     0000000180019140     MSVCRTD:initializers.obj
 0002:00000148       __xc_z                     0000000180019148     MSVCRTD:initializers.obj
 0002:00000150       __xi_a                     0000000180019150     MSVCRTD:initializers.obj
 0002:00000158       __xi_z                     0000000180019158     MSVCRTD:initializers.obj
 0002:00000160       __xp_a                     0000000180019160     MSVCRTD:initializers.obj
 0002:00000168       __xp_z                     0000000180019168     MSVCRTD:initializers.obj
 0002:00000170       __xt_a                     0000000180019170     MSVCRTD:initializers.obj
 0002:00000178       __xt_z                     0000000180019178     MSVCRTD:initializers.obj
 0002:00000df8       ??_C@_0BA@NMEIMCEK@InvalidCodePath@ 0000000180019df8     p5engine.obj
 0002:00000e08       ??_C@_0BI@OKLOPCDD@GetRenderEntityBasisPos@ 0000000180019e08     p5engine.obj
 0002:00000e20       ??_C@_0EJ@PHPNEBOK@C?3?2Users?2pguru?2source?2repos?2p5?9@ 0000000180019e20     p5engine.obj
 0002:00000e70       ??_C@_0BD@JDBJLMOD@PushRenderElement_@ 0000000180019e70     p5engine.obj
 0002:00000e88       ??_C@_0O@NBAOOJGC@GetWorldChunk@ 0000000180019e88     p5engine.obj
 0002:00000ea0       ??_C@_0EC@FAMPFJPC@C?3?2Users?2pguru?2source?2repos?2p5?9@ 0000000180019ea0     p5engine.obj
 0002:00000ee8       ??_C@_0BI@OAEKEAEN@ChangeEntityLocationRaw@ 0000000180019ee8     p5engine.obj
 0002:00000f00       __real@00000000            0000000180019f00     p5engine.obj
 0002:00000f08       __real@0000000000000000    0000000180019f08     p5engine.obj
 0002:00000f10       __real@308992b1            0000000180019f10     p5engine.obj
 0002:00000f14       __real@3a83126f            0000000180019f14     p5engine.obj
 0002:00000f18       __real@3c23d70a            0000000180019f18     p5engine.obj
 0002:00000f1c       __real@3cc30c31            0000000180019f1c     p5engine.obj
 0002:00000f20       __real@3dcccccd            0000000180019f20     p5engine.obj
 0002:00000f24       __real@3de38e39            0000000180019f24     p5engine.obj
 0002:00000f28       __real@3e4ccccd            0000000180019f28     p5engine.obj
 0002:00000f2c       __real@3e800000            0000000180019f2c     p5engine.obj
 0002:00000f30       __real@3e99999a            0000000180019f30     p5engine.obj
 0002:00000f34       __real@3ecccccd            0000000180019f34     p5engine.obj
 0002:00000f38       __real@3ee147ae            0000000180019f38     p5engine.obj
 0002:00000f3c       __real@3f000000            0000000180019f3c     p5engine.obj
 0002:00000f40       __real@3f19999a            0000000180019f40     p5engine.obj
 0002:00000f44       __real@3f228f5c            0000000180019f44     p5engine.obj
 0002:00000f48       __real@3f3504f3            0000000180019f48     p5engine.obj
 0002:00000f4c       __real@3f400000            0000000180019f4c     p5engine.obj
 0002:00000f50       __real@3f666666            0000000180019f50     p5engine.obj
 0002:00000f54       __real@3f800000            0000000180019f54     p5engine.obj
 0002:00000f58       __real@3f8ccccd            0000000180019f58     p5engine.obj
 0002:00000f5c       __real@3f99999a            0000000180019f5c     p5engine.obj
 0002:00000f60       __real@3fa66666            0000000180019f60     p5engine.obj
 0002:00000f64       __real@3fb33333            0000000180019f64     p5engine.obj
 0002:00000f68       __real@3fc00000            0000000180019f68     p5engine.obj
 0002:00000f70       __real@3fe0000000000000    0000000180019f70     p5engine.obj
 0002:00000f78       __real@3ff0000000000000    0000000180019f78     p5engine.obj
 0002:00000f80       __real@40000000            0000000180019f80     p5engine.obj
 0002:00000f84       __real@400ccccd            0000000180019f84     p5engine.obj
 0002:00000f88       __real@40400000            0000000180019f88     p5engine.obj
 0002:00000f8c       __real@40800000            0000000180019f8c     p5engine.obj
 0002:00000f90       __real@40a00000            0000000180019f90     p5engine.obj
 0002:00000f94       __real@40c00000            0000000180019f94     p5engine.obj
 0002:00000f98       __real@40c90fdb            0000000180019f98     p5engine.obj
 0002:00000f9c       __real@41000000            0000000180019f9c     p5engine.obj
 0002:00000fa0       __real@41100000            0000000180019fa0     p5engine.obj
 0002:00000fa4       __real@41200000            0000000180019fa4     p5engine.obj
 0002:00000fa8       __real@41700000            0000000180019fa8     p5engine.obj
 0002:00000fac       __real@41880000            0000000180019fac     p5engine.obj
 0002:00000fb0       __real@41a00000            0000000180019fb0     p5engine.obj
 0002:00000fb4       __real@41f00000            0000000180019fb4     p5engine.obj
 0002:00000fb8       __real@41f00625            0000000180019fb8     p5engine.obj
 0002:00000fbc       __real@42340000            0000000180019fbc     p5engine.obj
 0002:00000fc0       __real@42f00000            0000000180019fc0     p5engine.obj
 0002:00000fc4       __real@43520000            0000000180019fc4     p5engine.obj
 0002:00000fc8       __real@437f0000            0000000180019fc8     p5engine.obj
 0002:00000fcc       __real@43960000            0000000180019fcc     p5engine.obj
 0002:00000fd0       __real@461c4000            0000000180019fd0     p5engine.obj
 0002:00000fd4       __real@47c35000            0000000180019fd4     p5engine.obj
 0002:00000fd8       __real@47efffffe0000000    0000000180019fd8     p5engine.obj
 0002:00000fe0       __real@49742400            0000000180019fe0     p5engine.obj
 0002:00000fe4       __real@7f7fffff            0000000180019fe4     p5engine.obj
 0002:00000fe8       __real@becccccd            0000000180019fe8     p5engine.obj
 0002:00000fec       __real@bf000000            0000000180019fec     p5engine.obj
 0002:00000ff0       __real@bf800000            0000000180019ff0     p5engine.obj
 0002:00000ff4       __real@c0000000            0000000180019ff4     p5engine.obj
 0002:00000ff8       __real@c0100000            0000000180019ff8     p5engine.obj
 0002:00000ffc       __real@c0400000            0000000180019ffc     p5engine.obj
 0002:00001000       __real@c11ccccd            000000018001a000     p5engine.obj
 0002:00001008       __real@c7efffffe0000000    000000018001a008     p5engine.obj
 0002:00001010       __xmm@00000000000000000000000000000000 000000018001a010     p5engine.obj
 0002:00001020       __xmm@3f8000003f8000003f8000003f800000 000000018001a020     p5engine.obj
 0002:00001030       __xmm@7fffffffffffffff7fffffffffffffff 000000018001a030     p5engine.obj
 0002:00001040       __xmm@80000000800000008000000080000000 000000018001a040     p5engine.obj
 0002:00001050       ??_C@_0BF@IHBADFJI@DrawRectangleQuickly@ 000000018001a050     p5engine_optimized.obj
 0002:00001070       ??_C@_0EG@JEOCENLP@C?3?2Users?2pguru?2source?2repos?2p5?9@ 000000018001a070     p5engine_optimized.obj
 0002:000010c0       __xmm@000000ff000000ff000000ff000000ff 000000018001a0c0     p5engine_optimized.obj
 0002:000010d0       __xmm@0000ffff0000ffff0000ffff0000ffff 000000018001a0d0     p5engine_optimized.obj
 0002:000010e0       __xmm@00ff00ff00ff00ff00ff00ff00ff00ff 000000018001a0e0     p5engine_optimized.obj
 0002:000010f0       __xmm@3b8080813b8080813b8080813b808081 000000018001a0f0     p5engine_optimized.obj
 0002:00001100       __xmm@3f0000003f0000003f0000003f000000 000000018001a100     p5engine_optimized.obj
 0002:00001110       __xmm@40800000408000004080000040800000 000000018001a110     p5engine_optimized.obj
 0002:00001120       __xmm@477e0100477e0100477e0100477e0100 000000018001a120     p5engine_optimized.obj
 0002:00001130       __xmm@ffffffffffffffffffffffffffffffff 000000018001a130     p5engine_optimized.obj
 0002:00001140       _pDefaultRawDllMain        000000018001a140     MSVCRTD:dll_dllmain.obj
 0002:00001140       _pRawDllMain               000000018001a140     MSVCRTD:dll_dllmain.obj
 0002:000011b0       _load_config_used          000000018001a1b0     MSVCRTD:loadcfg.obj
 0002:00001300       __volatile_metadata        000000018001a300     <linker-defined>
 0002:00001818       __rtc_iaa                  000000018001a818     MSVCRTD:initsect.obj
 0002:00001820       __rtc_izz                  000000018001a820     MSVCRTD:initsect.obj
 0002:00001828       __rtc_taa                  000000018001a828     MSVCRTD:initsect.obj
 0002:00001830       __rtc_tzz                  000000018001a830     MSVCRTD:initsect.obj
 0002:00002680       __IMPORT_DESCRIPTOR_VCRUNTIME140_1D 000000018001b680     vcruntimed:VCRUNTIME140_1D.dll
 0002:00002694       __IMPORT_DESCRIPTOR_VCRUNTIME140D 000000018001b694     vcruntimed:VCRUNTIME140D.dll
 0002:000026a8       __IMPORT_DESCRIPTOR_ucrtbased 000000018001b6a8     ucrtd:ucrtbased.dll
 0002:000026bc       __IMPORT_DESCRIPTOR_KERNEL32 000000018001b6bc     kernel32:KERNEL32.dll
 0002:000026d0       __NULL_IMPORT_DESCRIPTOR   000000018001b6d0     vcruntimed:VCRUNTIME140D.dll
 0003:00004000       ?DebugRecords_Optimized_Count@@3IA 0000000180020000     p5engine_optimized.obj
 0003:00004010       __security_cookie_complement 0000000180020010     MSVCRTD:gs_cookie.obj
 0003:00004018       __security_cookie          0000000180020018     MSVCRTD:gs_cookie.obj
 0003:00004020       _fltused                   0000000180020020     MSVCRTD:fltused.obj
 0003:00004024       __scrt_native_dllmain_reason 0000000180020024     MSVCRTD:utility.obj
 0003:00004028       __isa_available            0000000180020028     MSVCRTD:cpu_disp.obj
 0003:0000402c       __isa_enabled              000000018002002c     MSVCRTD:cpu_disp.obj
 0003:00004030       __memcpy_nt_iters          0000000180020030     MSVCRTD:cpu_disp.obj
 0003:00004038       __memset_nt_iters          0000000180020038     MSVCRTD:cpu_disp.obj
 0003:00004040       __scrt_ucrt_dll_is_in_use  0000000180020040     MSVCRTD:ucrt_stubs.obj
 0003:00004050       DebugGlobalMemory          0000000180020050     p5engine.obj
 0003:00004060       GlobalDebugTable           0000000180020060     p5engine.obj
 0003:026040e8       ?_OptionsStorage@?1??__local_stdio_printf_options@@9@4_KA 00000001826200e8     p5engine.obj
 0003:02604670       ?__type_info_root_node@@3U__type_info_node@@A 0000000182620670     MSVCRTD:tncleanup.obj
 0003:02604680       ?_OptionsStorage@?1??__local_stdio_scanf_options@@9@4_KA 0000000182620680     MSVCRTD:default_local_stdio_options.obj
 0003:02604688       __scrt_current_native_startup_state 0000000182620688     MSVCRTD:utility.obj
 0003:02604690       __scrt_native_startup_lock 0000000182620690     MSVCRTD:utility.obj
 0003:026046d0       __scrt_debugger_hook_flag  00000001826206d0     MSVCRTD:utility_desktop.obj
 0003:026046d8       __castguard_check_failure_os_handled_fptr 00000001826206d8     MSVCRTD:guard_support.obj
 0003:026046e0       __favor                    00000001826206e0     MSVCRTD:cpu_disp.obj
 0003:026046e8       __dyn_tls_init_callback    00000001826206e8     <common>
 0003:026046f0       __DebuggerCurrentSteppingThreadId 00000001826206f0     <common>

 entry point at        0001:000163c0

 Static symbols

 0000:fd9db000       .debug$S                   0000000180000000     P5Engine.exp
 0000:fd9db000       .debug$S                   0000000180000000     vcruntimed:VCRUNTIME140D.dll
 0000:fd9db000       .debug$S                   0000000180000000     vcruntimed:VCRUNTIME140D.dll
 0000:fd9db000       .debug$S                   0000000180000000     vcruntimed:VCRUNTIME140D.dll
 0000:fd9db000       .debug$S                   0000000180000000     vcruntimed:VCRUNTIME140D.dll
 0000:fd9db000       .debug$S                   0000000180000000     vcruntimed:VCRUNTIME140_1D.dll
 0000:fd9db000       .debug$S                   0000000180000000     ucrtd:ucrtbased.dll
 0000:fd9db000       .debug$S                   0000000180000000     ucrtd:ucrtbased.dll
 0000:fd9db000       .debug$S                   0000000180000000     ucrtd:ucrtbased.dll
 0000:fd9db000       .debug$S                   0000000180000000     ucrtd:ucrtbased.dll
 0000:fd9db000       .debug$S                   0000000180000000     ucrtd:ucrtbased.dll
 0000:fd9db000       .debug$S                   0000000180000000     ucrtd:ucrtbased.dll
 0000:fd9db000       .debug$S                   0000000180000000     ucrtd:ucrtbased.dll
 0000:fd9db000       .debug$S                   0000000180000000     ucrtd:ucrtbased.dll
 0000:fd9db000       .debug$S                   0000000180000000     ucrtd:ucrtbased.dll
 0000:fd9db000       .debug$S                   0000000180000000     ucrtd:ucrtbased.dll
 0000:fd9db000       .debug$S                   0000000180000000     ucrtd:ucrtbased.dll
 0000:fd9db000       .debug$S                   0000000180000000     ucrtd:ucrtbased.dll
 0000:fd9db000       .debug$S                   0000000180000000     ucrtd:ucrtbased.dll
 0000:fd9db000       .debug$S                   0000000180000000     ucrtd:ucrtbased.dll
 0000:fd9db000       .debug$S                   0000000180000000     ucrtd:ucrtbased.dll
 0000:fd9db000       .debug$S                   0000000180000000     ucrtd:ucrtbased.dll
 0000:fd9db000       .debug$S                   0000000180000000     ucrtd:ucrtbased.dll
 0000:fd9db000       .debug$S                   0000000180000000     kernel32:KERNEL32.dll
 0000:fd9db000       .debug$S                   0000000180000000     kernel32:KERNEL32.dll
 0000:fd9db000       .debug$S                   0000000180000000     kernel32:KERNEL32.dll
 0000:fd9db000       .debug$S                   0000000180000000     kernel32:KERNEL32.dll
 0000:fd9db000       .debug$S                   0000000180000000     kernel32:KERNEL32.dll
 0000:fd9db000       .debug$S                   0000000180000000     kernel32:KERNEL32.dll
 0000:fd9db000       .debug$S                   0000000180000000     kernel32:KERNEL32.dll
 0000:fd9db000       .debug$S                   0000000180000000     kernel32:KERNEL32.dll
 0000:fd9db000       .debug$S                   0000000180000000     kernel32:KERNEL32.dll
 0000:fd9db000       .debug$S                   0000000180000000     kernel32:KERNEL32.dll
 0000:fd9db000       .debug$S                   0000000180000000     kernel32:KERNEL32.dll
 0000:fd9db000       .debug$S                   0000000180000000     kernel32:KERNEL32.dll
 0000:fd9db000       .debug$S                   0000000180000000     kernel32:KERNEL32.dll
 0000:fd9db000       .debug$S                   0000000180000000     kernel32:KERNEL32.dll
 0000:fd9db000       .debug$S                   0000000180000000     kernel32:KERNEL32.dll
 0000:fd9db000       .debug$S                   0000000180000000     kernel32:KERNEL32.dll
 0000:fd9db000       .debug$S                   0000000180000000     kernel32:KERNEL32.dll
 0001:00000000       ?RemoveAssetHeaderFromList@@YAXPEAUasset_memory_header@@@Z 0000000180001000 f   p5engine.obj
 0001:00000070       ?LoadBitmap@@YAXPEAUgame_assets@@Ubitmap_id@@H@Z 0000000180001070 f   p5engine.obj
 0001:00000430       ?LoadSound@@YAXPEAUgame_assets@@Usound_id@@@Z 0000000180001430 f   p5engine.obj
 0001:00000730       ?LoadFont@@YAXPEAUgame_assets@@Ufont_id@@H@Z 0000000180001730 f   p5engine.obj
 0001:00000a90       ?DEBUGReset@@YAXPEAUgame_assets@@II@Z 0000000180001a90 f   p5engine.obj
 0001:00000c60       ?DEBUGOverlay@@YAXPEAUgame_memory@@@Z 0000000180001c60 f   p5engine.obj
 0001:000017f0       ?AddCollisionRule@@YAXPEAUgame_state@@IIH@Z 00000001800027f0 f   p5engine.obj
 0001:00001970       ?ClearCollisionRulesFor@@YAXPEAUgame_state@@I@Z 0000000180002970 f   p5engine.obj
 0001:00001a70       ?BeginTaskWithMemory@@YAPEAUtask_with_memory@@PEAUtransient_state@@@Z 0000000180002a70 f   p5engine.obj
 0001:00001b50       ?EndTaskWithMemory@@YAXPEAUtask_with_memory@@@Z 0000000180002b50 f   p5engine.obj
 0001:00001bb0       ?DrawRectangle@@YAXPEAUloaded_bitmap@@Tv2@@1Tv4@@Urectangle2i@@H@Z 0000000180002bb0 f   p5engine.obj
 0001:00001ed0       ?RenderGroupToOutput@@YAXPEAUrender_group@@PEAUloaded_bitmap@@Urectangle2i@@H@Z 0000000180002ed0 f   p5engine.obj
 0001:000022a0       ?DoTiledRenderWork@@YAXPEAUplatform_work_queue@@PEAX@Z 00000001800032a0 f   p5engine.obj
 0001:00002350       ?RenderGroupToOutput@@YAXPEAUrender_group@@PEAUloaded_bitmap@@@Z 0000000180003350 f   p5engine.obj
 0001:00002490       ?TiledRenderGroupToOutput@@YAXPEAUplatform_work_queue@@PEAUrender_group@@PEAUloaded_bitmap@@@Z 0000000180003490 f   p5engine.obj
 0001:00002720       ?AllocateRenderGroup@@YAPEAUrender_group@@PEAUgame_assets@@PEAUmemory_arena@@IH@Z 0000000180003720 f   p5engine.obj
 0001:00002870       ?BeginRender@@YAXPEAUrender_group@@@Z 0000000180003870 f   p5engine.obj
 0001:00002930       ?EndRender@@YAXPEAUrender_group@@@Z 0000000180003930 f   p5engine.obj
 0001:00002a00       ?InitializeWorld@@YAXPEAUworld@@Tv3@@@Z 0000000180003a00 f   p5engine.obj
 0001:00002aa0       ?Subtract@@YA?ATv3@@PEAUworld@@PEAUworld_position@@1@Z 0000000180003aa0 f   p5engine.obj
 0001:00002d10       ?ChangeEntityLocation@@YAXPEAUmemory_arena@@PEAUworld@@IPEAUlow_entity@@Uworld_position@@@Z 0000000180003d10 f   p5engine.obj
 0001:00002f00       ?GetHashFromStorageIndex@@YAPEAUsim_entity_hash@@PEAUsim_region@@I@Z 0000000180003f00 f   p5engine.obj
 0001:00002fd0       ?AddEntity@@YAPEAUsim_entity@@PEAUgame_state@@PEAUsim_region@@IPEAUlow_entity@@PEATv3@@@Z 0000000180003fd0 f   p5engine.obj
 0001:00003130       ?AddEntityRaw@@YAPEAUsim_entity@@PEAUgame_state@@PEAUsim_region@@IPEAUlow_entity@@@Z 0000000180004130 f   p5engine.obj
 0001:00003350       ?BeginSim@@YAPEAUsim_region@@PEAUmemory_arena@@PEAUgame_state@@PEAUworld@@Uworld_position@@Urectangle3@@M@Z 0000000180004350 f   p5engine.obj
 0001:00003a10       ?EndSim@@YAXPEAUsim_region@@PEAUgame_state@@@Z 0000000180004a10 f   p5engine.obj
 0001:00003d30       ?CanCollide@@YAHPEAUgame_state@@PEAUsim_entity@@1@Z 0000000180004d30 f   p5engine.obj
 0001:00003e80       ?HandleCollision@@YAHPEAUgame_state@@PEAUsim_entity@@1@Z 0000000180004e80 f   p5engine.obj
 0001:00003f60       ?CanOverlap@@YAHPEAUgame_state@@PEAUsim_entity@@1@Z 0000000180004f60 f   p5engine.obj
 0001:00003fc0       ?HandleOverlap@@YAXPEAUgame_state@@PEAUsim_entity@@1MPEAM@Z 0000000180004fc0 f   p5engine.obj
 0001:00004060       ?SpeculativeCollide@@YAHPEAUsim_entity@@0Tv3@@@Z 0000000180005060 f   p5engine.obj
 0001:000041d0       ?EntitiesOverlap@@YAHPEAUsim_entity@@0Tv3@@@Z 00000001800051d0 f   p5engine.obj
 0001:00004590       ?MoveEntity@@YAXPEAUgame_state@@PEAUsim_region@@PEAUsim_entity@@MPEAUmove_spec@@Tv3@@@Z 0000000180005590 f   p5engine.obj
 0001:00005f30       ?LoadAssetWorkDirectly@@YAXPEAUload_asset_work@@@Z 0000000180006f30 f   p5engine.obj
 0001:00006120       ?LoadAssetWork@@YAXPEAUplatform_work_queue@@PEAX@Z 0000000180007120 f   p5engine.obj
 0001:00006170       ?InsertBlock@@YAPEAUasset_memory_block@@PEAU1@_KPEAX@Z 0000000180007170 f   p5engine.obj
 0001:00006220       ?FindBlockForSize@@YAPEAUasset_memory_block@@PEAUgame_assets@@_K@Z 0000000180007220 f   p5engine.obj
 0001:000062c0       ?MergeIfPossible@@YAHPEAUgame_assets@@PEAUasset_memory_block@@1@Z 00000001800072c0 f   p5engine.obj
 0001:000063c0       ?GenerationHasCompleted@@YAHPEAUgame_assets@@I@Z 00000001800073c0 f   p5engine.obj
 0001:00006440       ?AcquireAssetMemory@@YAPEAUasset_memory_header@@PEAUgame_assets@@II@Z 0000000180007440 f   p5engine.obj
 0001:00006790       ?GetBestMatchAssetFrom@@YAIPEAUgame_assets@@W4asset_type_id@@PEAUasset_vector@@2@Z 0000000180007790 f   p5engine.obj
 0001:00006a40       ?GetRandomAssetFrom@@YAIPEAUgame_assets@@W4asset_type_id@@PEAUrandom_series@@@Z 0000000180007a40 f   p5engine.obj
 0001:00006b40       ?GetFirstAssetFrom@@YAIPEAUgame_assets@@W4asset_type_id@@@Z 0000000180007b40 f   p5engine.obj
 0001:00006c10       ?GetBestMatchBitmapFrom@@YA?AUbitmap_id@@PEAUgame_assets@@W4asset_type_id@@PEAUasset_vector@@2@Z 0000000180007c10 f   p5engine.obj
 0001:00006c60       ?GetFirstBitmapFrom@@YA?AUbitmap_id@@PEAUgame_assets@@W4asset_type_id@@@Z 0000000180007c60 f   p5engine.obj
 0001:00006ca0       ?GetRandomBitmapFrom@@YA?AUbitmap_id@@PEAUgame_assets@@W4asset_type_id@@PEAUrandom_series@@@Z 0000000180007ca0 f   p5engine.obj
 0001:00006cf0       ?GetRandomSoundFrom@@YA?AUsound_id@@PEAUgame_assets@@W4asset_type_id@@PEAUrandom_series@@@Z 0000000180007cf0 f   p5engine.obj
 0001:00006d40       ?GetBestMatchFontFrom@@YA?AUfont_id@@PEAUgame_assets@@W4asset_type_id@@PEAUasset_vector@@2@Z 0000000180007d40 f   p5engine.obj
 0001:00006d90       ?AllocateGameAssets@@YAPEAUgame_assets@@PEAUmemory_arena@@_KPEAUtransient_state@@@Z 0000000180007d90 f   p5engine.obj
 0001:00007750       ?GetHorizontalAdvanceForPair@@YAMPEAUp5a_font@@PEAUloaded_font@@II@Z 0000000180008750 f   p5engine.obj
 0001:000077e0       ?GetBitmapForGlyph@@YA?AUbitmap_id@@PEAUgame_assets@@PEAUp5a_font@@PEAUloaded_font@@I@Z 00000001800087e0 f   p5engine.obj
 0001:00007860       ?GetLineAdvanceFor@@YAMPEAUp5a_font@@@Z 0000000180008860 f   p5engine.obj
 0001:000078b0       ?GetStartingBaselineY@@YAMPEAUp5a_font@@@Z 00000001800088b0 f   p5engine.obj
 0001:000078f0       ?PlaySound@@YAPEAUplaying_sound@@PEAUaudio_state@@Usound_id@@@Z 00000001800088f0 f   p5engine.obj
 0001:00007a80       ?ChangeVolume@@YAXPEAUaudio_state@@PEAUplaying_sound@@MTv2@@@Z 0000000180008a80 f   p5engine.obj
 0001:00007b50       ?OutputPlayingSounds@@YAXPEAUaudio_state@@PEAUgame_sound_output_buffer@@PEAUgame_assets@@PEAUmemory_arena@@@Z 0000000180008b50 f   p5engine.obj
 0001:00008cd0       ?InitializeAudioState@@YAXPEAUaudio_state@@PEAUmemory_arena@@@Z 0000000180009cd0 f   p5engine.obj
 0001:00008d50       ?AddLowEntity@@YA?AUadd_low_entity_result@@PEAUgame_state@@W4entity_type@@Uworld_position@@@Z 0000000180009d50 f   p5engine.obj
 0001:00008f50       ?AddGroundedEntity@@YA?AUadd_low_entity_result@@PEAUgame_state@@W4entity_type@@Uworld_position@@PEAUsim_entity_collision_volume_group@@@Z 0000000180009f50 f   p5engine.obj
 0001:00009000       ?AddStandardRoom@@YA?AUadd_low_entity_result@@PEAUgame_state@@III@Z 000000018000a000 f   p5engine.obj
 0001:00009160       ?AddWall@@YA?AUadd_low_entity_result@@PEAUgame_state@@III@Z 000000018000a160 f   p5engine.obj
 0001:000092c0       ?AddStairs@@YA?AUadd_low_entity_result@@PEAUgame_state@@III@Z 000000018000a2c0 f   p5engine.obj
 0001:00009450       ?InitHitPoints@@YAXPEAUlow_entity@@I@Z 000000018000a450 f   p5engine.obj
 0001:000094e0       ?AddSword@@YA?AUadd_low_entity_result@@PEAUgame_state@@@Z 000000018000a4e0 f   p5engine.obj
 0001:000095d0       ?AddPlayer@@YA?AUadd_low_entity_result@@PEAUgame_state@@@Z 000000018000a5d0 f   p5engine.obj
 0001:00009710       ?AddMonstar@@YA?AUadd_low_entity_result@@PEAUgame_state@@III@Z 000000018000a710 f   p5engine.obj
 0001:00009880       ?AddFamiliar@@YA?AUadd_low_entity_result@@PEAUgame_state@@III@Z 000000018000a880 f   p5engine.obj
 0001:000099e0       ?DrawHitpoints@@YAXPEAUsim_entity@@PEAUrender_group@@@Z 000000018000a9e0 f   p5engine.obj
 0001:00009c50       ?MakeSimpleGroundedCollision@@YAPEAUsim_entity_collision_volume_group@@PEAUgame_state@@MMM@Z 000000018000ac50 f   p5engine.obj
 0001:00009db0       ?MakeNullCollision@@YAPEAUsim_entity_collision_volume_group@@PEAUgame_state@@@Z 000000018000adb0 f   p5engine.obj
 0001:00009e90       ?FillGroundChunkWork@@YAXPEAUplatform_work_queue@@PEAX@Z 000000018000ae90 f   p5engine.obj
 0001:0000a6c0       ?FillGroundChunk@@YAXPEAUtransient_state@@PEAUgame_state@@PEAUground_buffer@@PEAUworld_position@@@Z 000000018000b6c0 f   p5engine.obj
 0001:0000a7c0       ?ClearBitmap@@YAXPEAUloaded_bitmap@@@Z 000000018000b7c0 f   p5engine.obj
 0001:0000a820       ?MakeEmptyBitmap@@YA?AUloaded_bitmap@@PEAUmemory_arena@@HHH@Z 000000018000b820 f   p5engine.obj
 0001:0000a960       ?MakeSphereDiffuseMap@@YAXPEAUloaded_bitmap@@MM@Z 000000018000b960 f   p5engine.obj
 0001:0000ac90       ?MakeSphereNormalMap@@YAXPEAUloaded_bitmap@@MMM@Z 000000018000bc90 f   p5engine.obj
 0001:0000eba0       $LN150                     000000018000fba0     p5engine.obj
 0001:0000ec40       ?DEBUGTextLine@@YAXPEAD@Z  000000018000fc40 f   p5engine.obj
 0001:0000f270       ?CollateDebugRecords@@YAXPEAUdebug_state@@IPEAUdebug_event@@@Z 0000000180010270 f   p5engine.obj
 0001:00015f20       $$000000                   0000000180016f20     MSVCRTD:chkstk.obj
 0001:00015f80       $$000000                   0000000180016f80     MSVCRTD:amdsecgs.obj
 0001:00015fb0       ?dllmain_crt_dispatch@@YAHQEAUHINSTANCE__@@KQEAX@Z 0000000180016fb0 f   MSVCRTD:dll_dllmain.obj
 0001:00016040       ?dllmain_crt_process_attach@@YAHQEAUHINSTANCE__@@QEAX@Z 0000000180017040 f   MSVCRTD:dll_dllmain.obj
 0001:00016180       ?dllmain_crt_process_detach@@YAH_N@Z 0000000180017180 f   MSVCRTD:dll_dllmain.obj
 0001:00016220       ?dllmain_dispatch@@YAHQEAUHINSTANCE__@@KQEAX@Z 0000000180017220 f   MSVCRTD:dll_dllmain.obj
 0001:00016360       ?dllmain_raw@@YAHQEAUHINSTANCE__@@KQEAX@Z 0000000180017360 f   MSVCRTD:dll_dllmain.obj
 0001:00016520       capture_previous_context   0000000180017520 f   MSVCRTD:gs_report.obj
 0001:000165e0       __get_entropy              00000001800175e0 f   MSVCRTD:gs_support.obj
 0001:00016820       ?find_pe_section@@YAPEAU_IMAGE_SECTION_HEADER@@QEAE_K@Z 0000000180017820 f   MSVCRTD:utility.obj
 0001:00016900       ?is_potentially_valid_image_base@@YA_NQEAX@Z 0000000180017900 f   MSVCRTD:utility.obj
 0001:000174b0       $$000000                   00000001800184b0     MSVCRTD:guard_dispatch.obj
 0001:000174d0       $$000000                   00000001800184d0     MSVCRTD:guard_xfg_dispatch.obj
 0001:000174f0       ?dtor$0@?0??LoadBitmap@@YAXPEAUgame_assets@@Ubitmap_id@@H@Z@4HA 00000001800184f0 f   p5engine.obj
 0001:0001750b       ?dtor$0@?0??LoadSound@@YAXPEAUgame_assets@@Usound_id@@@Z@4HA 000000018001850b f   p5engine.obj
 0001:00017526       ?dtor$0@?0??LoadFont@@YAXPEAUgame_assets@@Ufont_id@@H@Z@4HA 0000000180018526 f   p5engine.obj
 0001:00017541       ?dtor$0@?0??DEBUGReset@@YAXPEAUgame_assets@@II@Z@4HA 0000000180018541 f   p5engine.obj
 0001:00017559       ?dtor$0@?0??DrawRectangle@@YAXPEAUloaded_bitmap@@Tv2@@1Tv4@@Urectangle2i@@H@Z@4HA 0000000180018559 f   p5engine.obj
 0001:00017574       ?dtor$0@?0??RenderGroupToOutput@@YAXPEAUrender_group@@PEAUloaded_bitmap@@Urectangle2i@@H@Z@4HA 0000000180018574 f   p5engine.obj
 0001:0001758f       ?dtor$0@?0??RenderGroupToOutput@@YAXPEAUrender_group@@PEAUloaded_bitmap@@@Z@4HA 000000018001858f f   p5engine.obj
 0001:000175a7       ?dtor$0@?0??TiledRenderGroupToOutput@@YAXPEAUplatform_work_queue@@PEAUrender_group@@PEAUloaded_bitmap@@@Z@4HA 00000001800185a7 f   p5engine.obj
 0001:000175c2       ?dtor$0@?0??BeginRender@@YAXPEAUrender_group@@@Z@4HA 00000001800185c2 f   p5engine.obj
 0001:000175da       ?dtor$0@?0??EndRender@@YAXPEAUrender_group@@@Z@4HA 00000001800185da f   p5engine.obj
 0001:000175f2       ?dtor$0@?0??ChangeEntityLocation@@YAXPEAUmemory_arena@@PEAUworld@@IPEAUlow_entity@@Uworld_position@@@Z@4HA 00000001800185f2 f   p5engine.obj
 0001:0001760d       ?dtor$0@?0??AddEntityRaw@@YAPEAUsim_entity@@PEAUgame_state@@PEAUsim_region@@IPEAUlow_entity@@@Z@4HA 000000018001860d f   p5engine.obj
 0001:00017625       ?dtor$0@?0??BeginSim@@YAPEAUsim_region@@PEAUmemory_arena@@PEAUgame_state@@PEAUworld@@Uworld_position@@Urectangle3@@M@Z@4HA 0000000180018625 f   p5engine.obj
 0001:00017640       ?dtor$0@?0??EndSim@@YAXPEAUsim_region@@PEAUgame_state@@@Z@4HA 0000000180018640 f   p5engine.obj
 0001:0001765b       ?dtor$0@?0??SpeculativeCollide@@YAHPEAUsim_entity@@0Tv3@@@Z@4HA 000000018001865b f   p5engine.obj
 0001:00017676       ?dtor$0@?0??EntitiesOverlap@@YAHPEAUsim_entity@@0Tv3@@@Z@4HA 0000000180018676 f   p5engine.obj
 0001:00017691       ?dtor$0@?0??MoveEntity@@YAXPEAUgame_state@@PEAUsim_region@@PEAUsim_entity@@MPEAUmove_spec@@Tv3@@@Z@4HA 0000000180018691 f   p5engine.obj
 0001:000176ac       ?dtor$0@?0??LoadAssetWorkDirectly@@YAXPEAUload_asset_work@@@Z@4HA 00000001800186ac f   p5engine.obj
 0001:000176c4       ?dtor$0@?0??AcquireAssetMemory@@YAPEAUasset_memory_header@@PEAUgame_assets@@II@Z@4HA 00000001800186c4 f   p5engine.obj
 0001:000176dc       ?dtor$0@?0??GetBestMatchAssetFrom@@YAIPEAUgame_assets@@W4asset_type_id@@PEAUasset_vector@@2@Z@4HA 00000001800186dc f   p5engine.obj
 0001:000176f7       ?dtor$0@?0??GetRandomAssetFrom@@YAIPEAUgame_assets@@W4asset_type_id@@PEAUrandom_series@@@Z@4HA 00000001800186f7 f   p5engine.obj
 0001:0001770f       ?dtor$0@?0??GetFirstAssetFrom@@YAIPEAUgame_assets@@W4asset_type_id@@@Z@4HA 000000018001870f f   p5engine.obj
 0001:00017727       ?dtor$0@?0??AllocateGameAssets@@YAPEAUgame_assets@@PEAUmemory_arena@@_KPEAUtransient_state@@@Z@4HA 0000000180018727 f   p5engine.obj
 0001:00017742       ?dtor$0@?0??PlaySound@@YAPEAUplaying_sound@@PEAUaudio_state@@Usound_id@@@Z@4HA 0000000180018742 f   p5engine.obj
 0001:0001775a       ?dtor$0@?0??OutputPlayingSounds@@YAXPEAUaudio_state@@PEAUgame_sound_output_buffer@@PEAUgame_assets@@PEAUmemory_arena@@@Z@4HA 000000018001875a f   p5engine.obj
 0001:00017775       ?dtor$0@?0??FillGroundChunkWork@@YAXPEAUplatform_work_queue@@PEAX@Z@4HA 0000000180018775 f   p5engine.obj
 0001:00017790       GameUpdateAndRender$dtor$0 0000000180018790 f   p5engine.obj
 0001:000177b0       ?dtor$0@?0??ChangeEntityLocationRaw@@YAXPEAUmemory_arena@@PEAUworld@@IPEAUworld_position@@2@Z@4HA 00000001800187b0 f   p5engine.obj
 0001:000177d0       ?dtor$0@?0??GetRenderEntityBasisPos@@YA?AUentity_basis_p_result@@PEAUrender_transform@@Tv3@@@Z@4HA 00000001800187d0 f   p5engine.obj
 0001:000177f0       ?dtor$0@?0??GetWorldChunk@@YAPEAUworld_chunk@@PEAUworld@@HHHPEAUmemory_arena@@@Z@4HA 00000001800187f0 f   p5engine.obj
 0001:000177f0       ?dtor$0@?0??PushRenderElement_@@YAPEAXPEAUrender_group@@IW4render_group_entry_type@@@Z@4HA 00000001800187f0 f   p5engine.obj
 0001:00017810       ?dtor$0@?0??DrawRectangleQuickly@@YAXPEAUloaded_bitmap@@Tv2@@11Tv4@@0MUrectangle2i@@H@Z@4HA 0000000180018810 f   p5engine_optimized.obj
 0001:00017820       ?dtor$1@?0??DrawRectangleQuickly@@YAXPEAUloaded_bitmap@@Tv2@@11Tv4@@0MUrectangle2i@@H@Z@4HA 0000000180018820 f   p5engine_optimized.obj
 0001:00017830       ?fin$0@?0??dllmain_crt_process_attach@@YAHQEAUHINSTANCE__@@QEAX@Z@4HA 0000000180018830 f   MSVCRTD:dll_dllmain.obj
 0001:00017850       ?fin$0@?0??dllmain_crt_process_detach@@YAH_N@Z@4HA 0000000180018850 f   MSVCRTD:dll_dllmain.obj
 0001:0001786a       ?fin$1@?0??dllmain_crt_process_detach@@YAH_N@Z@4HA 000000018001886a f   MSVCRTD:dll_dllmain.obj
 0001:00017880       ?filt$0@?0??dllmain_dispatch@@YAHQEAUHINSTANCE__@@KQEAX@Z@4HA 0000000180018880 f   MSVCRTD:dll_dllmain.obj
 0001:000178d0       __scrt_is_nonwritable_in_current_image$filt$0 00000001800188d0 f   MSVCRTD:utility.obj
 0002:00000180       $SG32817                   0000000180019180     p5engine.obj
 0002:000001a0       $SG32818                   00000001800191a0     p5engine.obj
 0002:000001e8       $SG32855                   00000001800191e8     p5engine.obj
 0002:000001f8       $SG33095                   00000001800191f8     p5engine.obj
 0002:00000210       $SG32856                   0000000180019210     p5engine.obj
 0002:00000258       $SG33010                   0000000180019258     p5engine.obj
 0002:00000268       $SG33192                   0000000180019268     p5engine.obj
 0002:00000280       $SG33011                   0000000180019280     p5engine.obj
 0002:000002c8       $SG33376                   00000001800192c8     p5engine.obj
 0002:000002e0       $SG33096                   00000001800192e0     p5engine.obj
 0002:00000328       $SG33243                   0000000180019328     p5engine.obj
 0002:00000338       $SG33391                   0000000180019338     p5engine.obj
 0002:00000350       $SG33193                   0000000180019350     p5engine.obj
 0002:00000398       $SG33403                   0000000180019398     p5engine.obj
 0002:000003b0       $SG33244                   00000001800193b0     p5engine.obj
 0002:000003f8       $SG33280                   00000001800193f8     p5engine.obj
 0002:00000408       $SG33549                   0000000180019408     p5engine.obj
 0002:00000420       $SG33281                   0000000180019420     p5engine.obj
 0002:00000468       $SG33318                   0000000180019468     p5engine.obj
 0002:00000478       $SG33552                   0000000180019478     p5engine.obj
 0002:000004a0       $SG33319                   00000001800194a0     p5engine.obj
 0002:000004e8       $SG33554                   00000001800194e8     p5engine.obj
 0002:00000508       $SG33863                   0000000180019508     p5engine.obj
 0002:00000520       $SG33377                   0000000180019520     p5engine.obj
 0002:00000568       $SG33558                   0000000180019568     p5engine.obj
 0002:00000578       $SG34217                   0000000180019578     p5engine.obj
 0002:00000590       $SG33392                   0000000180019590     p5engine.obj
 0002:000005d8       $SG34218                   00000001800195d8     p5engine.obj
 0002:00000614       $SG32712                   0000000180019614     p5engine.obj
 0002:00000620       $SG33404                   0000000180019620     p5engine.obj
 0002:00000668       $SG34703                   0000000180019668     p5engine.obj
 0002:00000680       $SG33550                   0000000180019680     p5engine.obj
 0002:000006c8       $SG33630                   00000001800196c8     p5engine.obj
 0002:000006d8       $SG34704                   00000001800196d8     p5engine.obj
 0002:00000720       $SG33631                   0000000180019720     p5engine.obj
 0002:00000770       $SG33864                   0000000180019770     p5engine.obj
 0002:000007b8       $SG34791                   00000001800197b8     p5engine.obj
 0002:000007c8       $SG37139                   00000001800197c8     p5engine.obj
 0002:000007e0       $SG37140                   00000001800197e0     p5engine.obj
 0002:00000828       $SG37315                   0000000180019828     p5engine.obj
 0002:00000848       $SG31376                   0000000180019848     p5engine.obj
 0002:00000860       $SG31377                   0000000180019860     p5engine.obj
 0002:000008b0       $SG31695                   00000001800198b0     p5engine.obj
 0002:000008d0       $SG31696                   00000001800198d0     p5engine.obj
 0002:00000920       $SG31751                   0000000180019920     p5engine.obj
 0002:00000940       $SG31752                   0000000180019940     p5engine.obj
 0002:00000990       $SG31802                   0000000180019990     p5engine.obj
 0002:000009a0       $SG31803                   00000001800199a0     p5engine.obj
 0002:000009f0       $SG31865                   00000001800199f0     p5engine.obj
 0002:00000a00       $SG31866                   0000000180019a00     p5engine.obj
 0002:00000a50       $SG32114                   0000000180019a50     p5engine.obj
 0002:00000a70       $SG32115                   0000000180019a70     p5engine.obj
 0002:00000ac0       $SG32123                   0000000180019ac0     p5engine.obj
 0002:00000ad0       $SG32157                   0000000180019ad0     p5engine.obj
 0002:00000af0       $SG32158                   0000000180019af0     p5engine.obj
 0002:00000b40       $SG32186                   0000000180019b40     p5engine.obj
 0002:00000b60       $SG32187                   0000000180019b60     p5engine.obj
 0002:00000bb0       $SG32210                   0000000180019bb0     p5engine.obj
 0002:00000bc0       $SG32211                   0000000180019bc0     p5engine.obj
 0002:00000c10       $SG32219                   0000000180019c10     p5engine.obj
 0002:00000c20       $SG32220                   0000000180019c20     p5engine.obj
 0002:00000c70       $SG32503                   0000000180019c70     p5engine.obj
 0002:00000c90       $SG32504                   0000000180019c90     p5engine.obj
 0002:00000cd8       $SG32577                   0000000180019cd8     p5engine.obj
 0002:00000cf0       $SG32578                   0000000180019cf0     p5engine.obj
 0002:00000d38       $SG32586                   0000000180019d38     p5engine.obj
 0002:00000d48       $SG32680                   0000000180019d48     p5engine.obj
 0002:00000d60       $SG32681                   0000000180019d60     p5engine.obj
 0002:00000db0       $SG32713                   0000000180019db0     p5engine.obj
 0002:00001148       GS_ExceptionPointers       000000018001a148     MSVCRTD:gs_report.obj
 0002:00001838       $unwind$?GetAsset@@YAPEAUasset_memory_header@@PEAUgame_assets@@II@Z 000000018001a838     p5engine.obj
 0002:00001838       $unwind$AtomicCompareExchangeU32 000000018001a838     p5engine.obj
 0002:00001838       $unwind$?dllmain_crt_dispatch@@YAHQEAUHINSTANCE__@@KQEAX@Z 000000018001a838     MSVCRTD:dll_dllmain.obj
 0002:00001838       $unwind$?dllmain_raw@@YAHQEAUHINSTANCE__@@KQEAX@Z 000000018001a838     MSVCRTD:dll_dllmain.obj
 0002:00001840       $unwind$??Y@YAAEATv2@@AEAT0@T0@@Z 000000018001a840     p5engine.obj
 0002:00001840       $unwind$?GetArenaSizeRemaining@@YA_KPEAUmemory_arena@@_K@Z 000000018001a840     p5engine.obj
 0002:00001840       $unwind$?Hadamard@@YA?ATv2@@T1@0@Z 000000018001a840     p5engine.obj
 0002:00001840       $unwind$?Inner@@YAMTv2@@0@Z 000000018001a840     p5engine.obj
 0002:00001840       $unwind$?Inner@@YAMTv3@@0@Z 000000018001a840     p5engine.obj
 0002:00001840       $unwind$?InsertAssetHeaderAtFront@@YAXPEAUgame_assets@@PEAUasset_memory_header@@@Z 000000018001a840     p5engine.obj
 0002:00001840       $unwind$?IsCanonical@@YAHPEAUworld@@Tv3@@@Z 000000018001a840     p5engine.obj
 0002:00001840       $unwind$?IsInRectangle@@YAHUrectangle3@@Tv3@@@Z 000000018001a840     p5engine.obj
 0002:00001840       $unwind$?RectanglesIntersect@@YAHUrectangle3@@0@Z 000000018001a840     p5engine.obj
 0002:00001840       $unwind$?ZeroSize@@YAX_KPEAX@Z 000000018001a840     p5engine.obj
 0002:00001840       $unwind$AtomicAddU64       000000018001a840     p5engine.obj
 0002:00001840       $unwind$AtomicExchangeU64  000000018001a840     p5engine.obj
 0002:00001840       $unwind$?find_pe_section@@YAPEAU_IMAGE_SECTION_HEADER@@QEAE_K@Z 000000018001a840     MSVCRTD:utility.obj
 0002:00001848       $unwind$GetThreadID        000000018001a848     p5engine.obj
 0002:00001848       $unwind$__scrt_initialize_default_local_stdio_options 000000018001a848     MSVCRTD:default_local_stdio_options.obj
 0002:00001848       $unwind$__security_init_cookie 000000018001a848     MSVCRTD:gs_support.obj
 0002:00001850       $unwind$?EndGeneration@@YAXPEAUgame_assets@@I@Z 000000018001a850     p5engine.obj
 0002:00001850       $unwind$?GetBitmapInfo@@YAPEAUp5a_bitmap@@PEAUgame_assets@@Ubitmap_id@@@Z 000000018001a850     p5engine.obj
 0002:00001850       $unwind$?GetFile@@YAPEAUasset_file@@PEAUgame_assets@@I@Z 000000018001a850     p5engine.obj
 0002:00001850       $unwind$?GetFileHandleFor@@YAPEAUplatform_file_handle@@PEAUgame_assets@@I@Z 000000018001a850     p5engine.obj
 0002:00001850       $unwind$?GetFontInfo@@YAPEAUp5a_font@@PEAUgame_assets@@Ufont_id@@@Z 000000018001a850     p5engine.obj
 0002:00001850       $unwind$?GetLowEntity@@YAPEAUlow_entity@@PEAUgame_state@@I@Z 000000018001a850     p5engine.obj
 0002:00001850       $unwind$?GetSoundInfo@@YAPEAUp5a_sound@@PEAUgame_assets@@Usound_id@@@Z 000000018001a850     p5engine.obj
 0002:00001850       $unwind$?HasFlag@@YAHPEAUsim_entity@@I@Z 000000018001a850     p5engine.obj
 0002:00001850       $unwind$?PushFont@@YAPEAUloaded_font@@PEAUrender_group@@Ufont_id@@@Z 000000018001a850     p5engine.obj
 0002:00001850       $unwind$?RandomChoice@@YAIPEAUrandom_series@@I@Z 000000018001a850     p5engine.obj
 0002:00001850       $unwind$GetController      000000018001a850     p5engine.obj
 0002:00001858       $unwind$RecordDebugEvent   000000018001a858     p5engine.obj
 0002:00001860       $unwind$??0timed_block@@QEAA@HPEADH0H@Z 000000018001a860     p5engine.obj
 0002:00001860       $unwind$__scrt_dllmain_exception_filter 000000018001a860     MSVCRTD:utility.obj
 0002:00001868       $unwind$??1timed_block@@QEAA@XZ 000000018001a868     p5engine.obj
 0002:00001878       $cppxdata$??$_snprintf_s@$0BAA@@@YAHAEAY0BAA@D_KPEBDZZ 000000018001a878     p5engine.obj
 0002:00001878       $cppxdata$??1timed_block@@QEAA@XZ 000000018001a878     p5engine.obj
 0002:0000187d       $ip2state$??$_snprintf_s@$0BAA@@@YAHAEAY0BAA@D_KPEBDZZ 000000018001a87d     p5engine.obj
 0002:0000187d       $ip2state$??1timed_block@@QEAA@XZ 000000018001a87d     p5engine.obj
 0002:00001880       $unwind$?InitializeArena@@YAXPEAUmemory_arena@@_KPEAX@Z 000000018001a880     p5engine.obj
 0002:00001888       $unwind$?GetAlignmentOffset@@YA_KPEAUmemory_arena@@_K@Z 000000018001a888     p5engine.obj
 0002:00001890       $unwind$?PushSize_@@YAPEAXPEAUmemory_arena@@_K1@Z 000000018001a890     p5engine.obj
 0002:00001898       $unwind$??G@YA?ATv3@@T0@@Z 000000018001a898     p5engine.obj
 0002:00001898       $unwind$?BeginTemporaryMemory@@YA?AUtemporary_memory@@PEAUmemory_arena@@@Z 000000018001a898     p5engine.obj
 0002:000018ac       $unwind$?AllResourcesPresent@@YAHPEAUrender_group@@@Z 000000018001a8ac     p5engine.obj
 0002:000018ac       $unwind$?BeginGeneration@@YAIPEAUgame_assets@@@Z 000000018001a8ac     p5engine.obj
 0002:000018ac       $unwind$?EndTemporaryMemory@@YAXUtemporary_memory@@@Z 000000018001a8ac     p5engine.obj
 0002:000018ac       $unwind$?GetDim@@YA?ATv2@@Urectangle2@@@Z 000000018001a8ac     p5engine.obj
 0002:000018ac       $unwind$?IsValid@@YAHUworld_position@@@Z 000000018001a8ac     p5engine.obj
 0002:000018ac       $unwind$?LengthSq@@YAMTv2@@@Z 000000018001a8ac     p5engine.obj
 0002:000018ac       $unwind$?RandomBilateral@@YAMPEAUrandom_series@@@Z 000000018001a8ac     p5engine.obj
 0002:000018ac       $unwind$?RandomNextUInt32@@YAIPEAUrandom_series@@@Z 000000018001a8ac     p5engine.obj
 0002:000018ac       $unwind$?RandomUnilateral@@YAMPEAUrandom_series@@@Z 000000018001a8ac     p5engine.obj
 0002:000018ac       $unwind$__CheckForDebuggerJustMyCode 000000018001a8ac     MSVCRTD:debugger_jmc.obj
 0002:000018ac       $unwind$__report_gsfailure 000000018001a8ac     MSVCRTD:gs_report.obj
 0002:000018b4       $unwind$?BeginAssetLock@@YAXPEAUgame_assets@@@Z 000000018001a8b4     p5engine.obj
 0002:000018b4       $unwind$?BeginDebugStatistic@@YAXPEAUdebug_statistic@@@Z 000000018001a8b4     p5engine.obj
 0002:000018b4       $unwind$?CheckArena@@YAXPEAUmemory_arena@@@Z 000000018001a8b4     p5engine.obj
 0002:000018b4       $unwind$?EndAssetLock@@YAXPEAUgame_assets@@@Z 000000018001a8b4     p5engine.obj
 0002:000018b4       $unwind$?EndDebugStatistic@@YAXPEAUdebug_statistic@@@Z 000000018001a8b4     p5engine.obj
 0002:000018b4       $unwind$?StoreEntityReference@@YAXPEATentity_reference@@@Z 000000018001a8b4     p5engine.obj
 0002:000018b4       $unwind$__raise_securityfailure 000000018001a8b4     MSVCRTD:gs_report.obj
 0002:000018b4       $unwind$?is_potentially_valid_image_base@@YA_NQEAX@Z 000000018001a8b4     MSVCRTD:utility.obj
 0002:000018bc       $unwind$?SubArena@@YAXPEAUmemory_arena@@0_K1@Z 000000018001a8bc     p5engine.obj
 0002:000018bc       $unwind$__GSHandlerCheck   000000018001a8bc     MSVCRTD:gshandler.obj
 0002:000018c4       $unwind$?AbsoluteValue@@YAMM@Z 000000018001a8c4     p5engine.obj
 0002:000018c4       $unwind$?Clamp01@@YAMM@Z   000000018001a8c4     p5engine.obj
 0002:000018c4       $unwind$?RoundReal32ToInt32@@YAHM@Z 000000018001a8c4     p5engine.obj
 0002:000018c4       $unwind$?RoundReal32ToUInt32@@YAIM@Z 000000018001a8c4     p5engine.obj
 0002:000018c4       $unwind$?SignOf@@YAMM@Z    000000018001a8c4     p5engine.obj
 0002:000018c4       $unwind$?Sin@@YAMM@Z       000000018001a8c4     p5engine.obj
 0002:000018c4       $unwind$?Square@@YAMM@Z    000000018001a8c4     p5engine.obj
 0002:000018c4       $unwind$?SquareRoot@@YAMM@Z 000000018001a8c4     p5engine.obj
 0002:000018cc       $unwind$?ATan2@@YAMMM@Z    000000018001a8cc     p5engine.obj
 0002:000018cc       $unwind$?IsCanonical@@YAHMM@Z 000000018001a8cc     p5engine.obj
 0002:000018cc       $unwind$?SafeRatio1@@YAMMM@Z 000000018001a8cc     p5engine.obj
 0002:000018d4       $unwind$?Clamp01MapToRange@@YAMMMM@Z 000000018001a8d4     p5engine.obj
 0002:000018d4       $unwind$?Clamp@@YAMMMM@Z   000000018001a8d4     p5engine.obj
 0002:000018d4       $unwind$?SafeRatioN@@YAMMMM@Z 000000018001a8d4     p5engine.obj
 0002:000018dc       $unwind$?V2@@YA?ATv2@@MM@Z 000000018001a8dc     p5engine.obj
 0002:000018ec       $unwind$?V2i@@YA?ATv2@@HH@Z 000000018001a8ec     p5engine.obj
 0002:000018f4       $unwind$??D@YA?ATv2@@MT0@@Z 000000018001a8f4     p5engine.obj
 0002:00001904       $unwind$??G@YA?ATv2@@T0@0@Z 000000018001a904     p5engine.obj
 0002:00001904       $unwind$??H@YA?ATv2@@T0@0@Z 000000018001a904     p5engine.obj
 0002:00001904       $unwind$?GetBarycentric@@YA?ATv2@@Urectangle2@@T1@@Z 000000018001a904     p5engine.obj
 0002:00001914       $unwind$?Clamp01@@YA?ATv2@@T1@@Z 000000018001a914     p5engine.obj
 0002:00001924       $unwind$?V3@@YA?ATv3@@MMM@Z 000000018001a924     p5engine.obj
 0002:00001924       $unwind$?V4@@YA?ATv4@@MMMM@Z 000000018001a924     p5engine.obj
 0002:00001938       $unwind$??D@YA?ATv3@@MT0@@Z 000000018001a938     p5engine.obj
 0002:00001938       $unwind$??D@YA?ATv4@@MT0@@Z 000000018001a938     p5engine.obj
 0002:00001938       $unwind$?ToV3@@YA?ATv3@@Tv2@@M@Z 000000018001a938     p5engine.obj
 0002:0000194c       $unwind$??D@YA?ATv3@@T0@M@Z 000000018001a94c     p5engine.obj
 0002:0000194c       $unwind$?GetCameraRectangleAtDistance@@YA?AUrectangle2@@PEAUrender_group@@M@Z 000000018001a94c     p5engine.obj
 0002:00001958       $unwind$??X@YAAEATv3@@AEAT0@M@Z 000000018001a958     p5engine.obj
 0002:00001964       $unwind$??G@YA?ATv3@@T0@0@Z 000000018001a964     p5engine.obj
 0002:00001964       $unwind$??H@YA?ATv3@@T0@0@Z 000000018001a964     p5engine.obj
 0002:00001978       $unwind$??Y@YAAEATv3@@AEAT0@T0@@Z 000000018001a978     p5engine.obj
 0002:00001978       $unwind$??Z@YAAEATv3@@AEAT0@T0@@Z 000000018001a978     p5engine.obj
 0002:00001978       $unwind$?GetDim@@YA?ATv3@@Urectangle3@@@Z 000000018001a978     p5engine.obj
 0002:00001984       $unwind$?AreInSameChunk@@YAHPEAUworld@@PEAUworld_position@@1@Z 000000018001a984     p5engine.obj
 0002:00001984       $unwind$?Hadamard@@YA?ATv3@@T1@0@Z 000000018001a984     p5engine.obj
 0002:00001984       $unwind$?RectCenterDim@@YA?AUrectangle2@@Tv2@@0@Z 000000018001a984     p5engine.obj
 0002:00001990       $unwind$?LengthSq@@YAMTv3@@@Z 000000018001a990     p5engine.obj
 0002:0000199c       $unwind$?Length@@YAMTv3@@@Z 000000018001a99c     p5engine.obj
 0002:0000199c       $unwind$?MakeEntityNonSpatial@@YAXPEAUsim_entity@@@Z 000000018001a99c     p5engine.obj
 0002:000019a8       $unwind$?ToV4@@YA?ATv4@@Tv3@@M@Z 000000018001a9a8     p5engine.obj
 0002:000019b4       $unwind$?RectCenterHalfDim@@YA?AUrectangle2@@Tv2@@0@Z 000000018001a9b4     p5engine.obj
 0002:000019c8       $unwind$?Intersect@@YA?AUrectangle2i@@U1@0@Z 000000018001a9c8     p5engine.obj
 0002:000019d4       $unwind$?Clear@@YAXPEAUrender_group@@Tv4@@@Z 000000018001a9d4     p5engine.obj
 0002:000019d4       $unwind$?GetMaxCorner@@YA?ATv3@@Urectangle3@@@Z 000000018001a9d4     p5engine.obj
 0002:000019d4       $unwind$?GetMinCorner@@YA?ATv3@@Urectangle3@@@Z 000000018001a9d4     p5engine.obj
 0002:000019e0       $unwind$?RectMinMax@@YA?AUrectangle3@@Tv3@@0@Z 000000018001a9e0     p5engine.obj
 0002:000019f4       $unwind$?AddRadiusTo@@YA?AUrectangle3@@U1@Tv3@@@Z 000000018001a9f4     p5engine.obj
 0002:000019f4       $unwind$?RectCenterHalfDim@@YA?AUrectangle3@@Tv3@@0@Z 000000018001a9f4     p5engine.obj
 0002:00001a08       $unwind$?RectCenterDim@@YA?AUrectangle3@@Tv3@@0@Z 000000018001aa08     p5engine.obj
 0002:00001a14       $unwind$?RandomSeed@@YA?AUrandom_series@@I@Z 000000018001aa14     p5engine.obj
 0002:00001a24       $unwind$?AddFlags@@YAXPEAUsim_entity@@I@Z 000000018001aa24     p5engine.obj
 0002:00001a24       $unwind$?ClearFlags@@YAXPEAUsim_entity@@I@Z 000000018001aa24     p5engine.obj
 0002:00001a24       $unwind$?PrefetchSound@@YAXPEAUgame_assets@@Usound_id@@@Z 000000018001aa24     p5engine.obj
 0002:00001a2c       $unwind$?MakeEntitySpatial@@YAXPEAUsim_entity@@Tv3@@1@Z 000000018001aa2c     p5engine.obj
 0002:00001a38       $unwind$?GetEntityGroundPoint@@YA?ATv3@@PEAUsim_entity@@T1@@Z 000000018001aa38     p5engine.obj
 0002:00001a44       $unwind$?GetEntityGroundPoint@@YA?ATv3@@PEAUsim_entity@@@Z 000000018001aa44     p5engine.obj
 0002:00001a50       $unwind$?GetStairGround@@YAMPEAUsim_entity@@Tv3@@@Z 000000018001aa50     p5engine.obj
 0002:00001a5c       $unwind$?RemoveAssetHeaderFromList@@YAXPEAUasset_memory_header@@@Z 000000018001aa5c     p5engine.obj
 0002:00001a64       $unwind$?LoadBitmap@@YAXPEAUgame_assets@@Ubitmap_id@@H@Z 000000018001aa64     p5engine.obj
 0002:00001a7c       $cppxdata$?LoadBitmap@@YAXPEAUgame_assets@@Ubitmap_id@@H@Z 000000018001aa7c     p5engine.obj
 0002:00001a85       $stateUnwindMap$?LoadBitmap@@YAXPEAUgame_assets@@Ubitmap_id@@H@Z 000000018001aa85     p5engine.obj
 0002:00001a8b       $ip2state$?LoadBitmap@@YAXPEAUgame_assets@@Ubitmap_id@@H@Z 000000018001aa8b     p5engine.obj
 0002:00001a93       $cppxdata$?LoadSound@@YAXPEAUgame_assets@@Usound_id@@@Z 000000018001aa93     p5engine.obj
 0002:00001a9c       $unwind$?dtor$0@?0??LoadBitmap@@YAXPEAUgame_assets@@Ubitmap_id@@H@Z@4HA 000000018001aa9c     p5engine.obj
 0002:00001aa4       $unwind$?LoadSound@@YAXPEAUgame_assets@@Usound_id@@@Z 000000018001aaa4     p5engine.obj
 0002:00001abc       $stateUnwindMap$?LoadSound@@YAXPEAUgame_assets@@Usound_id@@@Z 000000018001aabc     p5engine.obj
 0002:00001ac2       $ip2state$?LoadSound@@YAXPEAUgame_assets@@Usound_id@@@Z 000000018001aac2     p5engine.obj
 0002:00001aca       $cppxdata$?LoadFont@@YAXPEAUgame_assets@@Ufont_id@@H@Z 000000018001aaca     p5engine.obj
 0002:00001ad3       $cppxdata$?DEBUGReset@@YAXPEAUgame_assets@@II@Z 000000018001aad3     p5engine.obj
 0002:00001adc       $unwind$?dtor$0@?0??LoadSound@@YAXPEAUgame_assets@@Usound_id@@@Z@4HA 000000018001aadc     p5engine.obj
 0002:00001ae4       $unwind$?LoadFont@@YAXPEAUgame_assets@@Ufont_id@@H@Z 000000018001aae4     p5engine.obj
 0002:00001afc       $stateUnwindMap$?LoadFont@@YAXPEAUgame_assets@@Ufont_id@@H@Z 000000018001aafc     p5engine.obj
 0002:00001b02       $ip2state$?LoadFont@@YAXPEAUgame_assets@@Ufont_id@@H@Z 000000018001ab02     p5engine.obj
 0002:00001b0a       $stateUnwindMap$?DEBUGReset@@YAXPEAUgame_assets@@II@Z 000000018001ab0a     p5engine.obj
[...]
 0002:000020d4       $unwind$?AddLowEntity@@YA?AUadd_low_entity_result@@PEAUgame_state@@W4entity_type@@Uworld_position@@@Z 000000018001b0d4     p5engine.obj
 0002:000020e8       $unwind$?AddGroundedEntity@@YA?AUadd_low_entity_result@@PEAUgame_state@@W4entity_type@@Uworld_position@@PEAUsim_entity_collision_volume_group@@@Z 000000018001b0e8     p5engine.obj
 0002:000020f4       $unwind$?AddStandardRoom@@YA?AUadd_low_entity_result@@PEAUgame_state@@III@Z 000000018001b0f4     p5engine.obj
 0002:00002100       $unwind$?AddWall@@YA?AUadd_low_entity_result@@PEAUgame_state@@III@Z 000000018001b100     p5engine.obj
 0002:0000210c       $unwind$?AddStairs@@YA?AUadd_low_entity_result@@PEAUgame_state@@III@Z 000000018001b10c     p5engine.obj
 0002:00002118       $unwind$?InitHitPoints@@YAXPEAUlow_entity@@I@Z 000000018001b118     p5engine.obj
 0002:00002120       $unwind$?AddSword@@YA?AUadd_low_entity_result@@PEAUgame_state@@@Z 000000018001b120     p5engine.obj
 0002:0000212c       $unwind$?AddPlayer@@YA?AUadd_low_entity_result@@PEAUgame_state@@@Z 000000018001b12c     p5engine.obj
 0002:00002138       $unwind$?AddMonstar@@YA?AUadd_low_entity_result@@PEAUgame_state@@III@Z 000000018001b138     p5engine.obj
 0002:00002144       $unwind$?AddFamiliar@@YA?AUadd_low_entity_result@@PEAUgame_state@@III@Z 000000018001b144     p5engine.obj
 0002:00002150       $unwind$?DrawHitpoints@@YAXPEAUsim_entity@@PEAUrender_group@@@Z 000000018001b150     p5engine.obj
 0002:00002164       $unwind$?MakeSimpleGroundedCollision@@YAPEAUsim_entity_collision_volume_group@@PEAUgame_state@@MMM@Z 000000018001b164     p5engine.obj
 0002:00002170       $unwind$?MakeNullCollision@@YAPEAUsim_entity_collision_volume_group@@PEAUgame_state@@@Z 000000018001b170     p5engine.obj
 0002:0000217c       $unwind$?FillGroundChunkWork@@YAXPEAUplatform_work_queue@@PEAX@Z 000000018001b17c     p5engine.obj
 0002:00002194       $stateUnwindMap$?FillGroundChunkWork@@YAXPEAUplatform_work_queue@@PEAX@Z 000000018001b194     p5engine.obj
 0002:0000219a       $ip2state$?FillGroundChunkWork@@YAXPEAUplatform_work_queue@@PEAX@Z 000000018001b19a     p5engine.obj
 0002:000021a2       $cppxdata$GameUpdateAndRender 000000018001b1a2     p5engine.obj
 0002:000021ac       $unwind$?dtor$0@?0??FillGroundChunkWork@@YAXPEAUplatform_work_queue@@PEAX@Z@4HA 000000018001b1ac     p5engine.obj
 0002:000021b4       $unwind$?FillGroundChunk@@YAXPEAUtransient_state@@PEAUgame_state@@PEAUground_buffer@@PEAUworld_position@@@Z 000000018001b1b4     p5engine.obj
 0002:000021c0       $unwind$?ClearBitmap@@YAXPEAUloaded_bitmap@@@Z 000000018001b1c0     p5engine.obj
 0002:000021c8       $unwind$?MakeEmptyBitmap@@YA?AUloaded_bitmap@@PEAUmemory_arena@@HHH@Z 000000018001b1c8     p5engine.obj
 0002:000021dc       $unwind$?MakeSphereDiffuseMap@@YAXPEAUloaded_bitmap@@MM@Z 000000018001b1dc     p5engine.obj
 0002:000021e8       $unwind$?MakeSphereNormalMap@@YAXPEAUloaded_bitmap@@MMM@Z 000000018001b1e8     p5engine.obj
 0002:000021f4       $unwind$GameUpdateAndRender 000000018001b1f4     p5engine.obj
 0002:0000220c       $stateUnwindMap$GameUpdateAndRender 000000018001b20c     p5engine.obj
 0002:00002212       $ip2state$GameUpdateAndRender 000000018001b212     p5engine.obj
 0002:00002220       $unwind$GameUpdateAndRender$dtor$0 000000018001b220     p5engine.obj
 0002:00002228       $unwind$GameGetSoundSamples 000000018001b228     p5engine.obj
 0002:00002230       $unwind$?DEBUGTextLine@@YAXPEAD@Z 000000018001b230     p5engine.obj
 0002:0000223c       $unwind$?CollateDebugRecords@@YAXPEAUdebug_state@@IPEAUdebug_event@@@Z 000000018001b23c     p5engine.obj
 0002:00002244       $unwind$GameDEBUGFrameEnd  000000018001b244     p5engine.obj
 0002:00002250       $unwind$?GetBitmap@@YAPEAUloaded_bitmap@@PEAUgame_assets@@Ubitmap_id@@I@Z 000000018001b250     p5engine.obj
 0002:00002250       $unwind$?GetFont@@YAPEAUloaded_font@@PEAUgame_assets@@Ufont_id@@I@Z 000000018001b250     p5engine.obj
 0002:00002250       $unwind$?GetSound@@YAPEAUloaded_sound@@PEAUgame_assets@@Usound_id@@I@Z 000000018001b250     p5engine.obj
 0002:00002258       $unwind$?GetHex@@YAID@Z    000000018001b258     p5engine.obj
 0002:00002258       $unwind$?IsHex@@YAHD@Z     000000018001b258     p5engine.obj
 0002:00002258       $unwind$?IsValid@@YAHUsound_id@@@Z 000000018001b258     p5engine.obj
 0002:00002260       $unwind$?GetNextSoundInChain@@YA?AUsound_id@@PEAUgame_assets@@U1@@Z 000000018001b260     p5engine.obj
 0002:00002270       $unwind$?GetRenderEntityBasisPos@@YA?AUentity_basis_p_result@@PEAUrender_transform@@Tv3@@@Z 000000018001b270     p5engine.obj
 0002:00002288       $cppxdata$?GetRenderEntityBasisPos@@YA?AUentity_basis_p_result@@PEAUrender_transform@@Tv3@@@Z 000000018001b288     p5engine.obj
 0002:00002291       $stateUnwindMap$?GetRenderEntityBasisPos@@YA?AUentity_basis_p_result@@PEAUrender_transform@@Tv3@@@Z 000000018001b291     p5engine.obj
 0002:00002297       $ip2state$?GetRenderEntityBasisPos@@YA?AUentity_basis_p_result@@PEAUrender_transform@@Tv3@@@Z 000000018001b297     p5engine.obj
 0002:000022a0       $unwind$?dtor$0@?0??ChangeEntityLocationRaw@@YAXPEAUmemory_arena@@PEAUworld@@IPEAUworld_position@@2@Z@4HA 000000018001b2a0     p5engine.obj
 0002:000022a0       $unwind$?dtor$0@?0??GetRenderEntityBasisPos@@YA?AUentity_basis_p_result@@PEAUrender_transform@@Tv3@@@Z@4HA 000000018001b2a0     p5engine.obj
 0002:000022a0       $unwind$?dtor$0@?0??GetWorldChunk@@YAPEAUworld_chunk@@PEAUworld@@HHHPEAUmemory_arena@@@Z@4HA 000000018001b2a0     p5engine.obj
 0002:000022a0       $unwind$?dtor$0@?0??PushRenderElement_@@YAPEAXPEAUrender_group@@IW4render_group_entry_type@@@Z@4HA 000000018001b2a0     p5engine.obj
 0002:000022a0       $unwind$?fin$0@?0??dllmain_crt_process_attach@@YAHQEAUHINSTANCE__@@QEAX@Z@4HA 000000018001b2a0     MSVCRTD:dll_dllmain.obj
 0002:000022a0       $unwind$?fin$0@?0??dllmain_crt_process_detach@@YAH_N@Z@4HA 000000018001b2a0     MSVCRTD:dll_dllmain.obj
 0002:000022a0       $unwind$?fin$1@?0??dllmain_crt_process_detach@@YAH_N@Z@4HA 000000018001b2a0     MSVCRTD:dll_dllmain.obj
 0002:000022a0       $unwind$__scrt_is_nonwritable_in_current_image$filt$0 000000018001b2a0     MSVCRTD:utility.obj
 0002:000022a8       $unwind$?PushRenderElement_@@YAPEAXPEAUrender_group@@IW4render_group_entry_type@@@Z 000000018001b2a8     p5engine.obj
 0002:000022bc       $cppxdata$?PushRenderElement_@@YAPEAXPEAUrender_group@@IW4render_group_entry_type@@@Z 000000018001b2bc     p5engine.obj
 0002:000022c5       $stateUnwindMap$?GetWorldChunk@@YAPEAUworld_chunk@@PEAUworld@@HHHPEAUmemory_arena@@@Z 000000018001b2c5     p5engine.obj
 0002:000022c5       $stateUnwindMap$?PushRenderElement_@@YAPEAXPEAUrender_group@@IW4render_group_entry_type@@@Z 000000018001b2c5     p5engine.obj
 0002:000022cb       $ip2state$?PushRenderElement_@@YAPEAXPEAUrender_group@@IW4render_group_entry_type@@@Z 000000018001b2cb     p5engine.obj
 0002:000022d4       $unwind$?PushBitmap@@YAXPEAUrender_group@@PEAUloaded_bitmap@@Tv3@@MTv4@@@Z 000000018001b2d4     p5engine.obj
 0002:000022e0       $unwind$?PushBitmap@@YAXPEAUrender_group@@Ubitmap_id@@Tv3@@MTv4@@@Z 000000018001b2e0     p5engine.obj
 0002:000022ec       $unwind$?PushRect@@YAXPEAUrender_group@@Tv3@@Tv2@@Tv4@@@Z 000000018001b2ec     p5engine.obj
 0002:000022f8       $unwind$?PushRectOutline@@YAXPEAUrender_group@@Tv3@@Tv2@@Tv4@@@Z 000000018001b2f8     p5engine.obj
 0002:00002304       $unwind$?Orthographic@@YAXPEAUrender_group@@HHM@Z 000000018001b304     p5engine.obj
 0002:00002304       $unwind$?Perspective@@YAXPEAUrender_group@@HHMMM@Z 000000018001b304     p5engine.obj
 0002:00002304       $unwind$__GSHandlerCheck_EH4 000000018001b304     MSVCRTD:gshandlereh4.obj
 0002:0000230c       $unwind$?RecanonicalizeCoord@@YAXMPEAHPEAM@Z 000000018001b30c     p5engine.obj
 0002:0000230c       $unwind$?Unproject@@YA?ATv2@@PEAUrender_group@@T1@M@Z 000000018001b30c     p5engine.obj
 0002:00002314       $unwind$?GetCameraRectangleAtTarget@@YA?AUrectangle2@@PEAUrender_group@@@Z 000000018001b314     p5engine.obj
 0002:00002320       $unwind$?NullPosition@@YA?AUworld_position@@XZ 000000018001b320     p5engine.obj
 0002:00002334       $unwind$?GetWorldChunk@@YAPEAUworld_chunk@@PEAUworld@@HHHPEAUmemory_arena@@@Z 000000018001b334     p5engine.obj
 0002:00002348       $cppxdata$?GetWorldChunk@@YAPEAUworld_chunk@@PEAUworld@@HHHPEAUmemory_arena@@@Z 000000018001b348     p5engine.obj
 0002:00002351       $ip2state$?GetWorldChunk@@YAPEAUworld_chunk@@PEAUworld@@HHHPEAUmemory_arena@@@Z 000000018001b351     p5engine.obj
 0002:0000235c       $unwind$?MapIntoChunkSpace@@YA?AUworld_position@@PEAUworld@@U1@Tv3@@@Z 000000018001b35c     p5engine.obj
 0002:00002370       $unwind$?ChunkPositionFromTilePosition@@YA?AUworld_position@@PEAUworld@@HHHTv3@@@Z 000000018001b370     p5engine.obj
 0002:00002384       $unwind$?CenteredChunkPoint@@YA?AUworld_position@@III@Z 000000018001b384     p5engine.obj
 0002:00002398       $unwind$?ChangeEntityLocationRaw@@YAXPEAUmemory_arena@@PEAUworld@@IPEAUworld_position@@2@Z 000000018001b398     p5engine.obj
 0002:000023b0       $cppxdata$?ChangeEntityLocationRaw@@YAXPEAUmemory_arena@@PEAUworld@@IPEAUworld_position@@2@Z 000000018001b3b0     p5engine.obj
 0002:000023b9       $stateUnwindMap$?ChangeEntityLocationRaw@@YAXPEAUmemory_arena@@PEAUworld@@IPEAUworld_position@@2@Z 000000018001b3b9     p5engine.obj
 0002:000023bf       $ip2state$?ChangeEntityLocationRaw@@YAXPEAUmemory_arena@@PEAUworld@@IPEAUworld_position@@2@Z 000000018001b3bf     p5engine.obj
 0002:000023c8       $unwind$?GetSimSpacePos@@YA?ATv3@@PEAUsim_region@@PEAUlow_entity@@@Z 000000018001b3c8     p5engine.obj
 0002:000023d4       $unwind$?LoadEntityReference@@YAXPEAUgame_state@@PEAUsim_region@@PEATentity_reference@@@Z 000000018001b3d4     p5engine.obj
 0002:000023e8       $unwind$?EntityOverlapsRectangle@@YAHTv3@@Usim_entity_collision_volume@@Urectangle3@@@Z 000000018001b3e8     p5engine.obj
 0002:000023f4       $unwind$?DefaultMoveSpec@@YA?AUmove_spec@@XZ 000000018001b3f4     p5engine.obj
 0002:00002408       $unwind$?GetGlyphFromCodepoint@@YAIPEAUp5a_font@@PEAUloaded_font@@I@Z 000000018001b408     p5engine.obj
 0002:00002410       $unwind$__local_stdio_printf_options 000000018001b410     p5engine.obj
 0002:00002410       $unwind$?__scrt_initialize_type_info@@YAXXZ 000000018001b410     MSVCRTD:tncleanup.obj
 0002:00002410       $unwind$?__scrt_uninitialize_type_info@@YAXXZ 000000018001b410     MSVCRTD:tncleanup.obj
 0002:00002410       $unwind$?configure_argv@__scrt_narrow_argv_policy@@SAHXZ 000000018001b410     MSVCRTD:utility.obj
 0002:00002410       $unwind$?initialize_environment@__scrt_narrow_environment_policy@@SAHXZ 000000018001b410     MSVCRTD:utility.obj
 0002:00002410       $unwind$__scrt_dllmain_after_initialize_c 000000018001b410     MSVCRTD:utility.obj
 0002:00002410       $unwind$__scrt_dllmain_before_initialize_c 000000018001b410     MSVCRTD:utility.obj
 0002:00002410       $unwind$__scrt_dllmain_crt_thread_attach 000000018001b410     MSVCRTD:utility.obj
 0002:00002410       $unwind$__scrt_dllmain_crt_thread_detach 000000018001b410     MSVCRTD:utility.obj
 0002:00002410       $unwind$__scrt_dllmain_uninitialize_c 000000018001b410     MSVCRTD:utility.obj
 0002:00002410       $unwind$__scrt_dllmain_uninitialize_critical 000000018001b410     MSVCRTD:utility.obj
 0002:00002418       $unwind$_vsnprintf_s_l     000000018001b418     p5engine.obj
 0002:00002420       $unwind$_vsnprintf_s       000000018001b420     p5engine.obj
 0002:00002428       $unwind$?AccumDebugStatistic@@YAXPEAUdebug_statistic@@N@Z 000000018001b428     p5engine.obj
 0002:00002430       $unwind$??$_snprintf_s@$0BAA@@@YAHAEAY0BAA@D_KPEBDZZ 000000018001b430     p5engine.obj
 0002:00002444       $unwind$?DrawRectangleQuickly@@YAXPEAUloaded_bitmap@@Tv2@@11Tv4@@0MUrectangle2i@@H@Z 000000018001b444     p5engine_optimized.obj
 0002:00002498       $cppxdata$?DrawRectangleQuickly@@YAXPEAUloaded_bitmap@@Tv2@@11Tv4@@0MUrectangle2i@@H@Z 000000018001b498     p5engine_optimized.obj
 0002:000024a1       $stateUnwindMap$?DrawRectangleQuickly@@YAXPEAUloaded_bitmap@@Tv2@@11Tv4@@0MUrectangle2i@@H@Z 000000018001b4a1     p5engine_optimized.obj
 0002:000024ae       $ip2state$?DrawRectangleQuickly@@YAXPEAUloaded_bitmap@@Tv2@@11Tv4@@0MUrectangle2i@@H@Z 000000018001b4ae     p5engine_optimized.obj
 0002:000024bc       $unwind$__GSHandlerCheckCommon 000000018001b4bc     MSVCRTD:gshandler.obj
 0002:000024c8       $xdatasym                  000000018001b4c8     MSVCRTD:chkstk.obj
 0002:000024d0       $xdatasym                  000000018001b4d0     MSVCRTD:amdsecgs.obj
 0002:000024d4       $unwind$?dllmain_crt_process_attach@@YAHQEAUHINSTANCE__@@QEAX@Z 000000018001b4d4     MSVCRTD:dll_dllmain.obj
 0002:000024f4       $unwind$?dllmain_crt_process_detach@@YAH_N@Z 000000018001b4f4     MSVCRTD:dll_dllmain.obj
 0002:00002524       $unwind$?dllmain_dispatch@@YAHQEAUHINSTANCE__@@KQEAX@Z 000000018001b524     MSVCRTD:dll_dllmain.obj
 0002:00002544       $unwind$?filt$0@?0??dllmain_dispatch@@YAHQEAUHINSTANCE__@@KQEAX@Z@4HA 000000018001b544     MSVCRTD:dll_dllmain.obj
 0002:0000254c       $unwind$_DllMainCRTStartup 000000018001b54c     MSVCRTD:dll_dllmain.obj
 0002:0000254c       $unwind$DllMain            000000018001b54c     MSVCRTD:dll_dllmain_stub.obj
 0002:00002554       $unwind$capture_previous_context 000000018001b554     MSVCRTD:gs_report.obj
 0002:0000255c       $unwind$__get_entropy      000000018001b55c     MSVCRTD:gs_support.obj
 0002:00002564       $unwind$__scrt_is_nonwritable_in_current_image 000000018001b564     MSVCRTD:utility.obj
 0002:00002584       $unwind$__scrt_acquire_startup_lock 000000018001b584     MSVCRTD:utility.obj
 0002:0000258c       $unwind$__scrt_initialize_crt 000000018001b58c     MSVCRTD:utility.obj
 0002:0000258c       $unwind$__scrt_release_startup_lock 000000018001b58c     MSVCRTD:utility.obj
 0002:00002594       $unwind$__scrt_uninitialize_crt 000000018001b594     MSVCRTD:utility.obj
 0002:0000259c       $unwind$__scrt_initialize_onexit_tables 000000018001b59c     MSVCRTD:utility.obj
 0002:000025a8       $unwind$__scrt_fastfail    000000018001b5a8     MSVCRTD:utility_desktop.obj
 0002:000025b4       $unwind$_RTC_Initialize    000000018001b5b4     MSVCRTD:initsect.obj
 0002:000025b4       $unwind$_RTC_Terminate     000000018001b5b4     MSVCRTD:initsect.obj
 0002:000025c0       $unwind$__isa_available_init 000000018001b5c0     MSVCRTD:cpu_disp.obj
 0002:000025d0       $unwind$__scrt_is_ucrt_dll_in_use 000000018001b5d0     MSVCRTD:ucrt_detection.obj
 0002:000025d8       $xdatasym                  000000018001b5d8     MSVCRTD:guard_dispatch.obj
 0002:000025e0       $xdatasym                  000000018001b5e0     MSVCRTD:guard_xfg_dispatch.obj
 0002:000025f0       .edata                     000000018001b5f0     P5Engine.exp
 0002:00002618       rgpv                       000000018001b618     P5Engine.exp
 0002:00002624       rgszName                   000000018001b624     P5Engine.exp
 0002:00002630       rgwOrd                     000000018001b630     P5Engine.exp
 0002:00002636       szName                     000000018001b636     P5Engine.exp
 0002:00002643       $N00001                    000000018001b643     P5Engine.exp
 0002:00002655       $N00002                    000000018001b655     P5Engine.exp
 0002:00002669       $N00003                    000000018001b669     P5Engine.exp
 0002:0000284e       .idata$6                   000000018001b84e     vcruntimed:VCRUNTIME140_1D.dll
 0002:00002862       .idata$6                   000000018001b862     vcruntimed:VCRUNTIME140D.dll
 0002:0000295a       .idata$6                   000000018001b95a     ucrtd:ucrtbased.dll
 0002:00002ace       .idata$6                   000000018001bace     kernel32:KERNEL32.dll
 0003:00000000       ?RandomNumberTable@@3PAIA  000000018001c000     p5engine.obj
 0003:02604070       ?DEBUGRenderGroup@@3PEAUrender_group@@EA 0000000182620070     p5engine.obj
 0003:02604078       ?LeftEdge@@3MA             0000000182620078     p5engine.obj
 0003:0260407c       ?AtY@@3MA                  000000018262007c     p5engine.obj
 0003:02604080       ?Platform@@3Uplatform_api@@A 0000000182620080     p5engine.obj
 0003:026040e0       ?FontScale@@3MA            00000001826200e0     p5engine.obj
 0003:026040e4       ?FontID@@3Ufont_id@@A      00000001826200e4     p5engine.obj
 0003:026040f0       ?__proc_attached@@3HA      00000001826200f0     MSVCRTD:dll_dllmain.obj
 0003:02604100       GS_ExceptionRecord         0000000182620100     MSVCRTD:gs_report.obj
 0003:026041a0       GS_ContextRecord           00000001826201a0     MSVCRTD:gs_report.obj
 0003:02604698       ?is_initialized_as_dll@@3_NA 0000000182620698     MSVCRTD:utility.obj
 0003:02604699       ?module_local_atexit_table_initialized@@3_NA 0000000182620699     MSVCRTD:utility.obj
 0003:026046a0       ?module_local_atexit_table@@3U_onexit_table_t@@A 00000001826206a0     MSVCRTD:utility.obj
 0003:026046b8       ?module_local_at_quick_exit_table@@3U_onexit_table_t@@A 00000001826206b8     MSVCRTD:utility.obj
 0005:00000000       __20BB4341_malloc@h        0000000182622000     p5engine.obj
 0005:00000001       __A435B42B_p5engine_types@h 0000000182622001     p5engine.obj
 0005:00000002       __7D4BEAAE_p5engine_platform@h 0000000182622002     p5engine.obj
 0005:00000003       __741AE07E_corecrt_math@h  0000000182622003     p5engine.obj
 0005:00000004       __7BF3FA8A_p5engine_intrinsics@h 0000000182622004     p5engine.obj
 0005:00000005       __87290AA6_p5engine_math@h 0000000182622005     p5engine.obj
 0005:00000006       __B7A387D6_p5engine_random@h 0000000182622006     p5engine.obj
 0005:00000007       __F17FF173_p5engine_entity@h 0000000182622007     p5engine.obj
 0005:00000008       __72A74871_p5engine_asset@h 0000000182622008     p5engine.obj
 0005:00000009       __BD87FD4A_p5engine@h      0000000182622009     p5engine.obj
 0005:0000000a       __6F2BF339_p5engine_render_group@cpp 000000018262200a     p5engine.obj
 0005:0000000b       __281AC6F8_p5engine_world@cpp 000000018262200b     p5engine.obj
 0005:0000000c       __B07C4A52_p5engine_sim_region@cpp 000000018262200c     p5engine.obj
 0005:0000000d       __BDC7FEEB_p5engine_entity@cpp 000000018262200d     p5engine.obj
 0005:0000000e       __3D4C1499_p5engine_asset@cpp 000000018262200e     p5engine.obj
 0005:0000000f       __39A8D9B6_p5engine_audio@cpp 000000018262200f     p5engine.obj
 0005:00000010       __A2143F22_corecrt_stdio_config@h 0000000182622010     p5engine.obj
 0005:00000011       __829E1958_corecrt_wstdio@h 0000000182622011     p5engine.obj
 0005:00000012       __6DFAE8B8_stdio@h         0000000182622012     p5engine.obj
 0005:00000013       __283011C9_p5engine_debug@cpp 0000000182622013     p5engine.obj
 0005:00000014       __BAF57382_p5engine@cpp    0000000182622014     p5engine.obj
 0005:00000015       __20BB4341_malloc@h        0000000182622015     p5engine_optimized.obj
 0005:00000016       __A435B42B_p5engine_types@h 0000000182622016     p5engine_optimized.obj
 0005:00000017       __7D4BEAAE_p5engine_platform@h 0000000182622017     p5engine_optimized.obj
 0005:00000018       __741AE07E_corecrt_math@h  0000000182622018     p5engine_optimized.obj
 0005:00000019       __7BF3FA8A_p5engine_intrinsics@h 0000000182622019     p5engine_optimized.obj
 0005:0000001a       __87290AA6_p5engine_math@h 000000018262201a     p5engine_optimized.obj
 0005:0000001b       __B7A387D6_p5engine_random@h 000000018262201b     p5engine_optimized.obj
 0005:0000001c       __F17FF173_p5engine_entity@h 000000018262201c     p5engine_optimized.obj
 0005:0000001d       __72A74871_p5engine_asset@h 000000018262201d     p5engine_optimized.obj
 0005:0000001e       __BD87FD4A_p5engine@h      000000018262201e     p5engine_optimized.obj
 0005:0000001f       __03FC23C0_p5engine_optimized@cpp 000000018262201f     p5engine_optimized.obj
 0006:00000060       $R000000                   0000000182623060     * linker generated manifest res *
