 P5Engine

 Timestamp is 63581543 (Tue Oct 25 11:56:35 2022)

 Preferred load address is 0000000180000000

 Start         Length     Name                   Class
 0001:00000000 00015c90H .text$mn                CODE
 0001:00015c90 00000040H .text$mn$00             CODE
 0001:00015cd0 000000ddH .text$x                 CODE
 0002:00000000 00000100H .idata$5                DATA
 0002:00000100 00000028H .00cfg                  DATA
 0002:00000128 00000008H .CRT$XCA                DATA
 0002:00000130 00000008H .CRT$XCZ                DATA
 0002:00000138 00000008H .CRT$XIA                DATA
 0002:00000140 00000008H .CRT$XIZ                DATA
 0002:00000148 00000008H .CRT$XPA                DATA
 0002:00000150 00000008H .CRT$XPZ                DATA
 0002:00000158 00000008H .CRT$XTA                DATA
 0002:00000160 00000010H .CRT$XTZ                DATA
 0002:00000168 00000000H .gehcont$y              DATA
 0002:00000168 00000000H .gfids$y                DATA
 0002:00000170 00000490H .rdata                  DATA
 0002:00000600 00000000H .rdata$CastGuardVftablesA DATA
 0002:00000600 00000000H .rdata$CastGuardVftablesC DATA
 0002:00000600 00000188H .rdata$voltmd           DATA
 0002:00000788 000002d8H .rdata$zzzdbg           DATA
 0002:00000a60 00000008H .rtc$IAA                DATA
 0002:00000a68 00000008H .rtc$IZZ                DATA
 0002:00000a70 00000008H .rtc$TAA                DATA
 0002:00000a78 00000008H .rtc$TZZ                DATA
 0002:00000a80 00000830H .xdata                  DATA
 0002:000012b0 00000074H .edata                  DATA
 0002:00001324 0000003cH .idata$2                DATA
 0002:00001360 00000018H .idata$3                DATA
 0002:00001378 00000100H .idata$4                DATA
 0002:00001478 00000294H .idata$6                DATA
 0003:00000000 00004040H .data                   DATA
 0003:00004040 0000067cH .bss                    DATA
 0004:00000000 00000bacH .pdata                  DATA
 0005:00000000 0000001cH .msvcjmc                DATA
 0006:00000000 00000060H .rsrc$01                DATA
 0006:00000060 00000098H .rsrc$02                DATA

  Address         Publics by Value              Rva+Base               Lib:Object

 0000:00000000       __hybrid_auxiliary_iat     0000000000000000     <absolute>
 0000:00000000       __arm64x_redirection_metadata 0000000000000000     <absolute>
 0000:00000000       __guard_iat_count          0000000000000000     <absolute>
 0000:00000000       __AbsoluteZero             0000000000000000     <absolute>
 0000:00000000       __guard_longjmp_count      0000000000000000     <absolute>
 0000:00000000       __x64_code_ranges_to_entry_points_count 0000000000000000     <absolute>
 0000:00000000       ___safe_se_handler_table   0000000000000000     <absolute>
 0000:00000000       __guard_check_icall_a64n_fptr 0000000000000000     <absolute>
 0000:00000000       __guard_fids_table         0000000000000000     <absolute>
 0000:00000000       __hybrid_code_map_count    0000000000000000     <absolute>
 0000:00000000       __dynamic_value_reloc_table 0000000000000000     <absolute>
 0000:00000000       __guard_iat_table          0000000000000000     <absolute>
 0000:00000000       __guard_longjmp_table      0000000000000000     <absolute>
 0000:00000000       __x64_code_ranges_to_entry_points 0000000000000000     <absolute>
 0000:00000000       __guard_eh_cont_count      0000000000000000     <absolute>
 0000:00000000       __hybrid_auxiliary_iat_copy 0000000000000000     <absolute>
 0000:00000000       __guard_fids_count         0000000000000000     <absolute>
 0000:00000000       __arm64x_extra_rfe_table   0000000000000000     <absolute>
 0000:00000000       __hybrid_code_map          0000000000000000     <absolute>
 0000:00000000       __arm64x_redirection_metadata_count 0000000000000000     <absolute>
 0000:00000000       __arm64x_native_entrypoint 0000000000000000     <absolute>
 0000:00000000       __enclave_config           0000000000000000     <absolute>
 0000:00000000       ___safe_se_handler_count   0000000000000000     <absolute>
 0000:00000000       __guard_eh_cont_table      0000000000000000     <absolute>
 0000:00000000       __arm64x_extra_rfe_table_size 0000000000000000     <absolute>
 0000:00000100       __guard_flags              0000000000000100     <absolute>
 0000:00000000       __ImageBase                0000000180000000     <linker-defined>
 0001:000097a0       GameUpdateAndRender        000000018000a7a0 f   p5engine.obj
 0001:0000e5a0       GameGetSoundSamples        000000018000f5a0 f   p5engine.obj
 0001:0000e610       ??D@YA?ATv2@@MT0@@Z        000000018000f610 f i p5engine.obj
 0001:0000e690       ??D@YA?ATv3@@MT0@@Z        000000018000f690 f i p5engine.obj
 0001:0000e740       ??D@YA?ATv3@@T0@M@Z        000000018000f740 f i p5engine.obj
 0001:0000e7c0       ??D@YA?ATv4@@MT0@@Z        000000018000f7c0 f i p5engine.obj
 0001:0000e890       ??G@YA?ATv2@@T0@0@Z        000000018000f890 f i p5engine.obj
 0001:0000e910       ??G@YA?ATv3@@T0@0@Z        000000018000f910 f i p5engine.obj
 0001:0000e9d0       ??G@YA?ATv3@@T0@@Z         000000018000f9d0 f i p5engine.obj
 0001:0000ea80       ??H@YA?ATv2@@T0@0@Z        000000018000fa80 f i p5engine.obj
 0001:0000eb00       ??H@YA?ATv3@@T0@0@Z        000000018000fb00 f i p5engine.obj
 0001:0000ebc0       ??H@YA?ATv4@@T0@0@Z        000000018000fbc0 f i p5engine.obj
 0001:0000eca0       ??X@YAAEATv3@@AEAT0@M@Z    000000018000fca0 f i p5engine.obj
 0001:0000ed20       ??Y@YAAEATv2@@AEAT0@T0@@Z  000000018000fd20 f i p5engine.obj
 0001:0000ed70       ??Y@YAAEATv3@@AEAT0@T0@@Z  000000018000fd70 f i p5engine.obj
 0001:0000ee10       ??Y@YAAEATv4@@AEAT0@T0@@Z  000000018000fe10 f i p5engine.obj
 0001:0000eeb0       ??Z@YAAEATv3@@AEAT0@T0@@Z  000000018000feb0 f i p5engine.obj
 0001:0000ef50       ?ATan2@@YAMMM@Z            000000018000ff50 f i p5engine.obj
 0001:0000efa0       ?AbsoluteValue@@YAMM@Z     000000018000ffa0 f i p5engine.obj
 0001:0000efe0       ?AddFlags@@YAXPEAUsim_entity@@I@Z 000000018000ffe0 f i p5engine.obj
 0001:0000f020       ?AddRadiusTo@@YA?AUrectangle3@@U1@Tv3@@@Z 0000000180010020 f i p5engine.obj
 0001:0000f190       ?AllResourcesPresent@@YAHPEAUrender_group@@@Z 0000000180010190 f i p5engine.obj
 0001:0000f1e0       ?AreInSameChunk@@YAHPEAUworld@@PEAUworld_position@@1@Z 00000001800101e0 f i p5engine.obj
 0001:0000f2e0       ?AtomicCompareExchangeUInt32@@YAIPECIII@Z 00000001800102e0 f i p5engine.obj
 0001:0000f330       ?BeginAssetLock@@YAXPEAUgame_assets@@@Z 0000000180010330 f i p5engine.obj
 0001:0000f370       ?BeginGeneration@@YAIPEAUgame_assets@@@Z 0000000180010370 f i p5engine.obj
 0001:0000f420       ?BeginTemporaryMemory@@YA?AUtemporary_memory@@PEAUmemory_arena@@@Z 0000000180010420 f i p5engine.obj
 0001:0000f4c0       ?CenteredChunkPoint@@YA?AUworld_position@@III@Z 00000001800104c0 f i p5engine.obj
 0001:0000f550       ?ChangeEntityLocationRaw@@YAXPEAUmemory_arena@@PEAUworld@@IPEAUworld_position@@2@Z 0000000180010550 f i p5engine.obj
 0001:0000f940       ?CheckArena@@YAXPEAUmemory_arena@@@Z 0000000180010940 f i p5engine.obj
 0001:0000f970       ?ChunkPositionFromTilePosition@@YA?AUworld_position@@PEAUworld@@HHHTv3@@@Z 0000000180010970 f i p5engine.obj
 0001:0000fc10       ?Clamp01@@YA?ATv2@@T1@@Z   0000000180010c10 f i p5engine.obj
 0001:0000fc80       ?Clamp01@@YAMM@Z           0000000180010c80 f i p5engine.obj
 0001:0000fcc0       ?Clamp01MapToRange@@YAMMMM@Z 0000000180010cc0 f i p5engine.obj
 0001:0000fd40       ?Clamp@@YAMMMM@Z           0000000180010d40 f i p5engine.obj
 0001:0000fdb0       ?Clear@@YAXPEAUrender_group@@Tv4@@@Z 0000000180010db0 f i p5engine.obj
 0001:0000fe10       ?ClearFlags@@YAXPEAUsim_entity@@I@Z 0000000180010e10 f i p5engine.obj
 0001:0000fe50       ?DefaultMoveSpec@@YA?AUmove_spec@@XZ 0000000180010e50 f i p5engine.obj
 0001:0000fef0       ?EndAssetLock@@YAXPEAUgame_assets@@@Z 0000000180010ef0 f i p5engine.obj
 0001:0000ff20       ?EndGeneration@@YAXPEAUgame_assets@@I@Z 0000000180010f20 f i p5engine.obj
 0001:0000ffe0       ?EndTemporaryMemory@@YAXUtemporary_memory@@@Z 0000000180010fe0 f i p5engine.obj
 0001:00010060       ?EntityOverlapsRectangle@@YAHTv3@@Usim_entity_collision_volume@@Urectangle3@@@Z 0000000180011060 f i p5engine.obj
 0001:000101f0       ?GetAlignmentOffset@@YA_KPEAUmemory_arena@@_K@Z 00000001800111f0 f i p5engine.obj
 0001:00010280       ?GetArenaSizeRemaining@@YA_KPEAUmemory_arena@@_K@Z 0000000180011280 f i p5engine.obj
 0001:000102e0       ?GetAsset@@YAPEAUasset_memory_header@@PEAUgame_assets@@II@Z 00000001800112e0 f i p5engine.obj
 0001:000103b0       ?GetBarycentric@@YA?ATv2@@Urectangle2@@T1@@Z 00000001800113b0 f i p5engine.obj
 0001:00010460       ?GetBitmap@@YAPEAUloaded_bitmap@@PEAUgame_assets@@Ubitmap_id@@I@Z 0000000180011460 f i p5engine.obj
 0001:00010460       ?GetSound@@YAPEAUloaded_sound@@PEAUgame_assets@@Usound_id@@I@Z 0000000180011460 f i p5engine.obj
 0001:000104d0       ?GetCameraRectangleAtDistance@@YA?AUrectangle2@@PEAUrender_group@@M@Z 00000001800114d0 f i p5engine.obj
 0001:00010570       ?GetCameraRectangleAtTarget@@YA?AUrectangle2@@PEAUrender_group@@@Z 0000000180011570 f i p5engine.obj
 0001:000105e0       ?GetDim@@YA?ATv2@@Urectangle2@@@Z 00000001800115e0 f i p5engine.obj
 0001:00010620       ?GetDim@@YA?ATv3@@Urectangle3@@@Z 0000000180011620 f i p5engine.obj
 0001:000106c0       ?GetEntityGroundPoint@@YA?ATv3@@PEAUsim_entity@@@Z 00000001800116c0 f i p5engine.obj
 0001:00010740       ?GetEntityGroundPoint@@YA?ATv3@@PEAUsim_entity@@T1@@Z 0000000180011740 f i p5engine.obj
 0001:000107a0       ?GetFileHandleFor@@YAPEAUplatform_file_handle@@PEAUgame_assets@@I@Z 00000001800117a0 f i p5engine.obj
 0001:00010800       ?GetLowEntity@@YAPEAUlow_entity@@PEAUgame_state@@I@Z 0000000180011800 f i p5engine.obj
 0001:00010870       ?GetMaxCorner@@YA?ATv3@@Urectangle3@@@Z 0000000180011870 f i p5engine.obj
 0001:000108d0       ?GetMinCorner@@YA?ATv3@@Urectangle3@@@Z 00000001800118d0 f i p5engine.obj
 0001:00010920       ?GetNextSoundInChain@@YA?AUsound_id@@PEAUgame_assets@@U1@@Z 0000000180011920 f i p5engine.obj
 0001:000109e0       ?GetRenderEntityBasisPos@@YA?AUentity_basis_p_result@@PEAUrender_transform@@Tv3@@@Z 00000001800119e0 f i p5engine.obj
 0001:00010c80       ?GetSimSpacePos@@YA?ATv3@@PEAUsim_region@@PEAUlow_entity@@@Z 0000000180011c80 f i p5engine.obj
 0001:00010d70       ?GetSoundInfo@@YAPEAUp5a_sound@@PEAUgame_assets@@Usound_id@@@Z 0000000180011d70 f i p5engine.obj
 0001:00010dd0       ?GetStairGround@@YAMPEAUsim_entity@@Tv3@@@Z 0000000180011dd0 f i p5engine.obj
 0001:00010ec0       ?GetWorldChunk@@YAPEAUworld_chunk@@PEAUworld@@HHHPEAUmemory_arena@@@Z 0000000180011ec0 f i p5engine.obj
 0001:000110b0       ?Hadamard@@YA?ATv2@@T1@0@Z 00000001800120b0 f i p5engine.obj
 0001:00011110       ?Hadamard@@YA?ATv3@@T1@0@Z 0000000180012110 f i p5engine.obj
 0001:000111d0       ?HasFlag@@YAHPEAUsim_entity@@I@Z 00000001800121d0 f i p5engine.obj
 0001:00011210       ?InitializeArena@@YAXPEAUmemory_arena@@_KPEAX@Z 0000000180012210 f i p5engine.obj
 0001:00011270       ?Inner@@YAMTv2@@0@Z        0000000180012270 f i p5engine.obj
 0001:000112c0       ?Inner@@YAMTv3@@0@Z        00000001800122c0 f i p5engine.obj
 0001:00011330       ?InsertAssetHeaderAtFront@@YAXPEAUgame_assets@@PEAUasset_memory_header@@@Z 0000000180012330 f i p5engine.obj
 0001:000113a0       ?Intersect@@YA?AUrectangle2i@@U1@0@Z 00000001800123a0 f i p5engine.obj
 0001:000114b0       ?IsCanonical@@YAHMM@Z      00000001800124b0 f i p5engine.obj
 0001:00011550       ?IsCanonical@@YAHPEAUworld@@Tv3@@@Z 0000000180012550 f i p5engine.obj
 0001:000115f0       ?IsInRectangle@@YAHUrectangle3@@Tv3@@@Z 00000001800125f0 f i p5engine.obj
 0001:000116b0       ?IsValid@@YAHUsound_id@@@Z 00000001800126b0 f i p5engine.obj
 0001:000116f0       ?IsValid@@YAHUworld_position@@@Z 00000001800126f0 f i p5engine.obj
 0001:00011740       ?Length@@YAMTv3@@@Z        0000000180012740 f i p5engine.obj
 0001:00011790       ?LengthSq@@YAMTv2@@@Z      0000000180012790 f i p5engine.obj
 0001:000117d0       ?LengthSq@@YAMTv3@@@Z      00000001800127d0 f i p5engine.obj
 0001:00011840       ?Lerp@@YAMMMM@Z            0000000180012840 f i p5engine.obj
 0001:000118a0       ?LoadEntityReference@@YAXPEAUgame_state@@PEAUsim_region@@PEATentity_reference@@@Z 00000001800128a0 f i p5engine.obj
 0001:000119d0       ?MakeEntityNonSpatial@@YAXPEAUsim_entity@@@Z 00000001800129d0 f i p5engine.obj
 0001:00011a50       ?MakeEntitySpatial@@YAXPEAUsim_entity@@Tv3@@1@Z 0000000180012a50 f i p5engine.obj
 0001:00011ac0       ?MapIntoChunkSpace@@YA?AUworld_position@@PEAUworld@@U1@Tv3@@@Z 0000000180012ac0 f i p5engine.obj
 0001:00011bb0       ?NullPosition@@YA?AUworld_position@@XZ 0000000180012bb0 f i p5engine.obj
 0001:00011c20       ?Orthographic@@YAXPEAUrender_group@@HHM@Z 0000000180012c20 f i p5engine.obj
 0001:00011d20       ?Perspective@@YAXPEAUrender_group@@HHMMM@Z 0000000180012d20 f i p5engine.obj
 0001:00011e10       ?PrefetchSound@@YAXPEAUgame_assets@@Usound_id@@@Z 0000000180012e10 f i p5engine.obj
 0001:00011e40       ?PushBitmap@@YAXPEAUrender_group@@PEAUloaded_bitmap@@Tv3@@MTv4@@@Z 0000000180012e40 f i p5engine.obj
 0001:00012070       ?PushBitmap@@YAXPEAUrender_group@@Ubitmap_id@@Tv3@@MTv4@@@Z 0000000180013070 f i p5engine.obj
 0001:000121d0       ?PushRect@@YAXPEAUrender_group@@Tv3@@Tv2@@Tv4@@@Z 00000001800131d0 f i p5engine.obj
 0001:00012370       ?PushRectOutline@@YAXPEAUrender_group@@Tv3@@Tv2@@Tv4@@@Z 0000000180013370 f i p5engine.obj
 0001:00012800       ?PushRenderElement_@@YAPEAXPEAUrender_group@@IW4render_group_entry_type@@@Z 0000000180013800 f i p5engine.obj
 0001:000128d0       ?PushSize_@@YAPEAXPEAUmemory_arena@@_K1@Z 00000001800138d0 f i p5engine.obj
 0001:000129a0       ?RandomBetween@@YAMPEAUrandom_series@@MM@Z 00000001800139a0 f i p5engine.obj
 0001:000129f0       ?RandomBilateral@@YAMPEAUrandom_series@@@Z 00000001800139f0 f i p5engine.obj
 0001:00012a40       ?RandomChoice@@YAIPEAUrandom_series@@I@Z 0000000180013a40 f i p5engine.obj
 0001:00012a80       ?RandomNextUInt32@@YAIPEAUrandom_series@@@Z 0000000180013a80 f i p5engine.obj
 0001:00012af0       ?RandomSeed@@YA?AUrandom_series@@I@Z 0000000180013af0 f i p5engine.obj
 0001:00012b60       ?RandomUnilateral@@YAMPEAUrandom_series@@@Z 0000000180013b60 f i p5engine.obj
 0001:00012bc0       ?RecanonicalizeCoord@@YAXMPEAHPEAM@Z 0000000180013bc0 f i p5engine.obj
 0001:00012c60       ?RectCenterDim@@YA?AUrectangle2@@Tv2@@0@Z 0000000180013c60 f i p5engine.obj
 0001:00012cf0       ?RectCenterDim@@YA?AUrectangle3@@Tv3@@0@Z 0000000180013cf0 f i p5engine.obj
 0001:00012de0       ?RectCenterHalfDim@@YA?AUrectangle2@@Tv2@@0@Z 0000000180013de0 f i p5engine.obj
 0001:00012e90       ?RectCenterHalfDim@@YA?AUrectangle3@@Tv3@@0@Z 0000000180013e90 f i p5engine.obj
 0001:00013000       ?RectMinMax@@YA?AUrectangle3@@Tv3@@0@Z 0000000180014000 f i p5engine.obj
 0001:000130a0       ?RectanglesIntersect@@YAHUrectangle3@@0@Z 00000001800140a0 f i p5engine.obj
 0001:00013160       ?RoundReal32ToInt32@@YAHM@Z 0000000180014160 f i p5engine.obj
 0001:000131a0       ?RoundReal32ToUInt32@@YAIM@Z 00000001800141a0 f i p5engine.obj
 0001:000131e0       ?SafeRatio1@@YAMMM@Z       00000001800141e0 f i p5engine.obj
 0001:00013230       ?SafeRatioN@@YAMMMM@Z      0000000180014230 f i p5engine.obj
 0001:00013290       ?SignOf@@YAMM@Z            0000000180014290 f i p5engine.obj
 0001:000132f0       ?Sin@@YAMM@Z               00000001800142f0 f i p5engine.obj
 0001:00013330       ?Square@@YAMM@Z            0000000180014330 f i p5engine.obj
 0001:00013370       ?SquareRoot@@YAMM@Z        0000000180014370 f i p5engine.obj
 0001:000133b0       ?StoreEntityReference@@YAXPEATentity_reference@@@Z 00000001800143b0 f i p5engine.obj
 0001:000133f0       ?SubArena@@YAXPEAUmemory_arena@@0_K1@Z 00000001800143f0 f i p5engine.obj
 0001:00013460       ?ToV3@@YA?ATv3@@Tv2@@M@Z   0000000180014460 f i p5engine.obj
 0001:000134f0       ?Unproject@@YA?ATv2@@PEAUrender_group@@T1@M@Z 00000001800144f0 f i p5engine.obj
 0001:00013540       ?V2@@YA?ATv2@@MM@Z         0000000180014540 f i p5engine.obj
 0001:000135b0       ?V2i@@YA?ATv2@@HH@Z        00000001800145b0 f i p5engine.obj
 0001:00013600       ?V3@@YA?ATv3@@MMM@Z        0000000180014600 f i p5engine.obj
 0001:000136a0       ?V4@@YA?ATv4@@MMMM@Z       00000001800146a0 f i p5engine.obj
 0001:00013750       ?ZeroSize@@YAX_KPEAX@Z     0000000180014750 f i p5engine.obj
 0001:000137b0       GetController              00000001800147b0 f i p5engine.obj
 0001:00013810       TruncateReal32ToInt32      0000000180014810 f i p5engine.obj
 0001:00013840       ?DrawRectangleQuickly@@YAXPEAUloaded_bitmap@@Tv2@@11Tv4@@0MUrectangle2i@@H@Z 0000000180014840 f   p5engine_optimized.obj
 0001:00014580       __CheckForDebuggerJustMyCode 0000000180015580 f   MSVCRTD:debugger_jmc.obj
 0001:000145c0       __GSHandlerCheck           00000001800155c0 f   MSVCRTD:gshandler.obj
 0001:00014600       __GSHandlerCheckCommon     0000000180015600 f   MSVCRTD:gshandler.obj
 0001:00014710       _alloca_probe              0000000180015710 f   MSVCRTD:chkstk.obj
 0001:00014710       __chkstk                   0000000180015710 f   MSVCRTD:chkstk.obj
 0001:00014770       __security_check_cookie    0000000180015770 f   MSVCRTD:amdsecgs.obj
 0001:00014ba0       _DllMainCRTStartup         0000000180015ba0 f   MSVCRTD:dll_dllmain.obj
 0001:00014be0       __raise_securityfailure    0000000180015be0 f   MSVCRTD:gs_report.obj
 0001:00014c20       __report_gsfailure         0000000180015c20 f   MSVCRTD:gs_report.obj
 0001:00014e80       __security_init_cookie     0000000180015e80 f   MSVCRTD:gs_support.obj
 0001:00014f00       DllMain                    0000000180015f00 f   MSVCRTD:dll_dllmain_stub.obj
 0001:00014f40       ?__scrt_initialize_type_info@@YAXXZ 0000000180015f40 f   MSVCRTD:tncleanup.obj
 0001:00014f60       ?__scrt_uninitialize_type_info@@YAXXZ 0000000180015f60 f   MSVCRTD:tncleanup.obj
 0001:00014f80       __local_stdio_printf_options 0000000180015f80 f i MSVCRTD:default_local_stdio_options.obj
 0001:00014f90       __local_stdio_scanf_options 0000000180015f90 f i MSVCRTD:default_local_stdio_options.obj
 0001:00014fa0       __scrt_initialize_default_local_stdio_options 0000000180015fa0 f   MSVCRTD:default_local_stdio_options.obj
 0001:00014ff0       ?configure_argv@__scrt_narrow_argv_policy@@SAHXZ 0000000180015ff0 f i MSVCRTD:utility.obj
 0001:000150e0       ?initialize_environment@__scrt_narrow_environment_policy@@SAHXZ 00000001800160e0 f i MSVCRTD:utility.obj
 0001:00015180       NtCurrentTeb               0000000180016180 f i MSVCRTD:utility.obj
 0001:00015190       __scrt_acquire_startup_lock 0000000180016190 f   MSVCRTD:utility.obj
 0001:00015200       __scrt_dllmain_after_initialize_c 0000000180016200 f   MSVCRTD:utility.obj
 0001:00015230       __scrt_dllmain_before_initialize_c 0000000180016230 f   MSVCRTD:utility.obj
 0001:00015250       __scrt_dllmain_crt_thread_attach 0000000180016250 f   MSVCRTD:utility.obj
 0001:00015280       __scrt_dllmain_crt_thread_detach 0000000180016280 f   MSVCRTD:utility.obj
 0001:000152a0       __scrt_dllmain_exception_filter 00000001800162a0 f   MSVCRTD:utility.obj
 0001:00015310       __scrt_dllmain_uninitialize_c 0000000180016310 f   MSVCRTD:utility.obj
 0001:00015340       __scrt_dllmain_uninitialize_critical 0000000180016340 f   MSVCRTD:utility.obj
 0001:00015360       __scrt_initialize_crt      0000000180016360 f   MSVCRTD:utility.obj
 0001:000153b0       __scrt_initialize_onexit_tables 00000001800163b0 f   MSVCRTD:utility.obj
 0001:000154c0       __scrt_is_nonwritable_in_current_image 00000001800164c0 f   MSVCRTD:utility.obj
 0001:00015550       __scrt_release_startup_lock 0000000180016550 f   MSVCRTD:utility.obj
 0001:00015580       __scrt_uninitialize_crt    0000000180016580 f   MSVCRTD:utility.obj
 0001:000155c0       __scrt_get_dyn_tls_init_callback 00000001800165c0 f   MSVCRTD:dyn_tls_init.obj
 0001:000155d0       __crt_debugger_hook        00000001800165d0 f   MSVCRTD:utility_desktop.obj
 0001:000155e0       __scrt_fastfail            00000001800165e0 f   MSVCRTD:utility_desktop.obj
 0001:00015780       _RTC_Initialize            0000000180016780 f   MSVCRTD:initsect.obj
 0001:000157d0       _RTC_Terminate             00000001800167d0 f   MSVCRTD:initsect.obj
 0001:00015820       _guard_check_icall_nop     0000000180016820 f i MSVCRTD:guard_support.obj
 0001:00015830       __isa_available_init       0000000180016830 f   MSVCRTD:cpu_disp.obj
 0001:00015bd0       _get_startup_argv_mode     0000000180016bd0 f   MSVCRTD:argv_mode.obj
 0001:00015be0       __scrt_is_ucrt_dll_in_use  0000000180016be0 f   MSVCRTD:ucrt_detection.obj
 0001:00015c10       __C_specific_handler       0000000180016c10 f   vcruntimed:VCRUNTIME140D.dll
 0001:00015c16       __std_type_info_destroy_list 0000000180016c16 f   vcruntimed:VCRUNTIME140D.dll
 0001:00015c1c       atan2                      0000000180016c1c f   ucrtd:ucrtbased.dll
 0001:00015c22       sinf                       0000000180016c22 f   ucrtd:ucrtbased.dll
 0001:00015c28       sqrtf                      0000000180016c28 f   ucrtd:ucrtbased.dll
 0001:00015c2e       _initterm                  0000000180016c2e f   ucrtd:ucrtbased.dll
 0001:00015c34       _initterm_e                0000000180016c34 f   ucrtd:ucrtbased.dll
 0001:00015c3a       _seh_filter_dll            0000000180016c3a f   ucrtd:ucrtbased.dll
 0001:00015c40       _configure_narrow_argv     0000000180016c40 f   ucrtd:ucrtbased.dll
 0001:00015c46       _initialize_narrow_environment 0000000180016c46 f   ucrtd:ucrtbased.dll
 0001:00015c4c       _initialize_onexit_table   0000000180016c4c f   ucrtd:ucrtbased.dll
 0001:00015c52       _execute_onexit_table      0000000180016c52 f   ucrtd:ucrtbased.dll
 0001:00015c58       _cexit                     0000000180016c58 f   ucrtd:ucrtbased.dll
 0001:00015c60       __acrt_initialize          0000000180016c60 f   MSVCRTD:ucrt_stubs.obj
 0001:00015c60       __scrt_stub_for_acrt_initialize 0000000180016c60 f   MSVCRTD:ucrt_stubs.obj
 0001:00015c60       __vcrt_thread_attach       0000000180016c60 f   MSVCRTD:ucrt_stubs.obj
 0001:00015c60       __acrt_thread_attach       0000000180016c60 f   MSVCRTD:ucrt_stubs.obj
 0001:00015c60       __vcrt_initialize          0000000180016c60 f   MSVCRTD:ucrt_stubs.obj
 0001:00015c60       __scrt_stub_for_acrt_thread_detach 0000000180016c60 f   MSVCRTD:ucrt_stubs.obj
 0001:00015c60       __acrt_thread_detach       0000000180016c60 f   MSVCRTD:ucrt_stubs.obj
 0001:00015c60       __vcrt_thread_detach       0000000180016c60 f   MSVCRTD:ucrt_stubs.obj
 0001:00015c60       __scrt_stub_for_acrt_thread_attach 0000000180016c60 f   MSVCRTD:ucrt_stubs.obj
 0001:00015c70       __vcrt_uninitialize_critical 0000000180016c70 f   MSVCRTD:ucrt_stubs.obj
 0001:00015c70       __vcrt_uninitialize        0000000180016c70 f   MSVCRTD:ucrt_stubs.obj
 0001:00015c70       __scrt_stub_for_acrt_uninitialize_critical 0000000180016c70 f   MSVCRTD:ucrt_stubs.obj
 0001:00015c70       __scrt_stub_for_acrt_uninitialize 0000000180016c70 f   MSVCRTD:ucrt_stubs.obj
 0001:00015c70       __acrt_uninitialize_critical 0000000180016c70 f   MSVCRTD:ucrt_stubs.obj
 0001:00015c70       __acrt_uninitialize        0000000180016c70 f   MSVCRTD:ucrt_stubs.obj
 0001:00015c80       _is_c_termination_complete 0000000180016c80 f   MSVCRTD:ucrt_stubs.obj
 0001:00015c80       __scrt_stub_for_is_c_termination_complete 0000000180016c80 f   MSVCRTD:ucrt_stubs.obj
 0001:00015ca0       _guard_dispatch_icall_nop  0000000180016ca0 f   MSVCRTD:guard_dispatch.obj
 0001:00015cc0       _guard_xfg_dispatch_icall_nop 0000000180016cc0 f   MSVCRTD:guard_xfg_dispatch.obj
 0002:00000000       __imp_QueryPerformanceCounter 0000000180017000     kernel32:KERNEL32.dll
 0002:00000008       __imp_RtlCaptureContext    0000000180017008     kernel32:KERNEL32.dll
 0002:00000010       __imp_RtlLookupFunctionEntry 0000000180017010     kernel32:KERNEL32.dll
 0002:00000018       __imp_RtlVirtualUnwind     0000000180017018     kernel32:KERNEL32.dll
 0002:00000020       __imp_IsDebuggerPresent    0000000180017020     kernel32:KERNEL32.dll
 0002:00000028       __imp_InitializeSListHead  0000000180017028     kernel32:KERNEL32.dll
 0002:00000030       __imp_DisableThreadLibraryCalls 0000000180017030     kernel32:KERNEL32.dll
 0002:00000038       __imp_GetSystemTimeAsFileTime 0000000180017038     kernel32:KERNEL32.dll
 0002:00000040       __imp_GetCurrentProcessId  0000000180017040     kernel32:KERNEL32.dll
 0002:00000048       __imp_GetCurrentThreadId   0000000180017048     kernel32:KERNEL32.dll
 0002:00000050       __imp_IsProcessorFeaturePresent 0000000180017050     kernel32:KERNEL32.dll
 0002:00000058       __imp_TerminateProcess     0000000180017058     kernel32:KERNEL32.dll
 0002:00000060       __imp_GetCurrentProcess    0000000180017060     kernel32:KERNEL32.dll
 0002:00000068       __imp_SetUnhandledExceptionFilter 0000000180017068     kernel32:KERNEL32.dll
 0002:00000070       __imp_UnhandledExceptionFilter 0000000180017070     kernel32:KERNEL32.dll
 0002:00000078       \177KERNEL32_NULL_THUNK_DATA 0000000180017078     kernel32:KERNEL32.dll
 0002:00000080       __imp___std_type_info_destroy_list 0000000180017080     vcruntimed:VCRUNTIME140D.dll
 0002:00000088       __imp___C_specific_handler 0000000180017088     vcruntimed:VCRUNTIME140D.dll
 0002:00000090       \177VCRUNTIME140D_NULL_THUNK_DATA 0000000180017090     vcruntimed:VCRUNTIME140D.dll
 0002:00000098       __imp__cexit               0000000180017098     ucrtd:ucrtbased.dll
 0002:000000a0       __imp__execute_onexit_table 00000001800170a0     ucrtd:ucrtbased.dll
 0002:000000a8       __imp__initialize_onexit_table 00000001800170a8     ucrtd:ucrtbased.dll
 0002:000000b0       __imp__initialize_narrow_environment 00000001800170b0     ucrtd:ucrtbased.dll
 0002:000000b8       __imp__configure_narrow_argv 00000001800170b8     ucrtd:ucrtbased.dll
 0002:000000c0       __imp__initterm_e          00000001800170c0     ucrtd:ucrtbased.dll
 0002:000000c8       __imp__initterm            00000001800170c8     ucrtd:ucrtbased.dll
 0002:000000d0       __imp_sqrtf                00000001800170d0     ucrtd:ucrtbased.dll
 0002:000000d8       __imp_sinf                 00000001800170d8     ucrtd:ucrtbased.dll
 0002:000000e0       __imp_atan2                00000001800170e0     ucrtd:ucrtbased.dll
 0002:000000e8       __imp_roundf               00000001800170e8     ucrtd:ucrtbased.dll
 0002:000000f0       __imp__seh_filter_dll      00000001800170f0     ucrtd:ucrtbased.dll
 0002:000000f8       \177ucrtbased_NULL_THUNK_DATA 00000001800170f8     ucrtd:ucrtbased.dll
 0002:00000100       __guard_check_icall_fptr   0000000180017100     MSVCRTD:guard_support.obj
 0002:00000108       __guard_xfg_check_icall_fptr 0000000180017108     MSVCRTD:guard_support.obj
 0002:00000110       __guard_dispatch_icall_fptr 0000000180017110     MSVCRTD:guard_support.obj
 0002:00000118       __guard_xfg_dispatch_icall_fptr 0000000180017118     MSVCRTD:guard_support.obj
 0002:00000120       __guard_xfg_table_dispatch_icall_fptr 0000000180017120     MSVCRTD:guard_support.obj
 0002:00000128       __xc_a                     0000000180017128     MSVCRTD:initializers.obj
 0002:00000130       __xc_z                     0000000180017130     MSVCRTD:initializers.obj
 0002:00000138       __xi_a                     0000000180017138     MSVCRTD:initializers.obj
 0002:00000140       __xi_z                     0000000180017140     MSVCRTD:initializers.obj
 0002:00000148       __xp_a                     0000000180017148     MSVCRTD:initializers.obj
 0002:00000150       __xp_z                     0000000180017150     MSVCRTD:initializers.obj
 0002:00000158       __xt_a                     0000000180017158     MSVCRTD:initializers.obj
 0002:00000160       __xt_z                     0000000180017160     MSVCRTD:initializers.obj
 0002:00000290       ??_C@_0BA@NMEIMCEK@InvalidCodePath@ 0000000180017290     p5engine.obj
 0002:000002a0       __real@00000000            00000001800172a0     p5engine.obj
 0002:000002a4       __real@308992b1            00000001800172a4     p5engine.obj
 0002:000002a8       __real@3a83126f            00000001800172a8     p5engine.obj
 0002:000002ac       __real@3c23d70a            00000001800172ac     p5engine.obj
 0002:000002b0       __real@3cc30c31            00000001800172b0     p5engine.obj
 0002:000002b4       __real@3d4ccccd            00000001800172b4     p5engine.obj
 0002:000002b8       __real@3dcccccd            00000001800172b8     p5engine.obj
 0002:000002bc       __real@3e4ccccd            00000001800172bc     p5engine.obj
 0002:000002c0       __real@3e800000            00000001800172c0     p5engine.obj
 0002:000002c4       __real@3e99999a            00000001800172c4     p5engine.obj
 0002:000002c8       __real@3ecccccd            00000001800172c8     p5engine.obj
 0002:000002cc       __real@3ee147ae            00000001800172cc     p5engine.obj
 0002:000002d0       __real@3f000000            00000001800172d0     p5engine.obj
 0002:000002d4       __real@3f19999a            00000001800172d4     p5engine.obj
 0002:000002d8       __real@3f228f5c            00000001800172d8     p5engine.obj
 0002:000002dc       __real@3f333333            00000001800172dc     p5engine.obj
 0002:000002e0       __real@3f3504f3            00000001800172e0     p5engine.obj
 0002:000002e4       __real@3f400000            00000001800172e4     p5engine.obj
 0002:000002e8       __real@3f666666            00000001800172e8     p5engine.obj
 0002:000002ec       __real@3f800000            00000001800172ec     p5engine.obj
 0002:000002f0       __real@3f8ccccd            00000001800172f0     p5engine.obj
 0002:000002f4       __real@3f99999a            00000001800172f4     p5engine.obj
 0002:000002f8       __real@3fa66666            00000001800172f8     p5engine.obj
 0002:000002fc       __real@3fb33333            00000001800172fc     p5engine.obj
 0002:00000300       __real@3fc00000            0000000180017300     p5engine.obj
 0002:00000304       __real@40000000            0000000180017304     p5engine.obj
 0002:00000308       __real@400ccccd            0000000180017308     p5engine.obj
 0002:0000030c       __real@40400000            000000018001730c     p5engine.obj
 0002:00000310       __real@40800000            0000000180017310     p5engine.obj
 0002:00000314       __real@40a00000            0000000180017314     p5engine.obj
 0002:00000318       __real@40c00000            0000000180017318     p5engine.obj
 0002:0000031c       __real@40c90fdb            000000018001731c     p5engine.obj
 0002:00000320       __real@40e00000            0000000180017320     p5engine.obj
 0002:00000324       __real@41100000            0000000180017324     p5engine.obj
 0002:00000328       __real@41700000            0000000180017328     p5engine.obj
 0002:0000032c       __real@41800000            000000018001732c     p5engine.obj
 0002:00000330       __real@41880000            0000000180017330     p5engine.obj
 0002:00000334       __real@41a00000            0000000180017334     p5engine.obj
 0002:00000338       __real@41f00000            0000000180017338     p5engine.obj
 0002:0000033c       __real@42340000            000000018001733c     p5engine.obj
 0002:00000340       __real@437f0000            0000000180017340     p5engine.obj
 0002:00000344       __real@461c4000            0000000180017344     p5engine.obj
 0002:00000348       __real@47c35000            0000000180017348     p5engine.obj
 0002:0000034c       __real@49742400            000000018001734c     p5engine.obj
 0002:00000350       __real@7f7fffff            0000000180017350     p5engine.obj
 0002:00000354       __real@bc23d70a            0000000180017354     p5engine.obj
 0002:00000358       __real@bd4ccccd            0000000180017358     p5engine.obj
 0002:0000035c       __real@be800000            000000018001735c     p5engine.obj
 0002:00000360       __real@becccccd            0000000180017360     p5engine.obj
 0002:00000364       __real@bf000000            0000000180017364     p5engine.obj
 0002:00000368       __real@bf800000            0000000180017368     p5engine.obj
 0002:0000036c       __real@c0000000            000000018001736c     p5engine.obj
 0002:00000370       __real@c0100000            0000000180017370     p5engine.obj
 0002:00000374       __real@c0400000            0000000180017374     p5engine.obj
 0002:00000378       __real@c11ccccd            0000000180017378     p5engine.obj
 0002:00000380       __xmm@00000000000000000000000000000000 0000000180017380     p5engine.obj
 0002:00000390       __xmm@3f8000003f8000003f8000003f800000 0000000180017390     p5engine.obj
 0002:000003a0       __xmm@7fffffffffffffff7fffffffffffffff 00000001800173a0     p5engine.obj
 0002:000003b0       __xmm@80000000800000008000000080000000 00000001800173b0     p5engine.obj
 0002:000003c0       __xmm@000000ff000000ff000000ff000000ff 00000001800173c0     p5engine_optimized.obj
 0002:000003d0       __xmm@0000ffff0000ffff0000ffff0000ffff 00000001800173d0     p5engine_optimized.obj
 0002:000003e0       __xmm@00ff00ff00ff00ff00ff00ff00ff00ff 00000001800173e0     p5engine_optimized.obj
 0002:000003f0       __xmm@3b8080813b8080813b8080813b808081 00000001800173f0     p5engine_optimized.obj
 0002:00000400       __xmm@3f0000003f0000003f0000003f000000 0000000180017400     p5engine_optimized.obj
 0002:00000410       __xmm@40800000408000004080000040800000 0000000180017410     p5engine_optimized.obj
 0002:00000420       __xmm@477e0100477e0100477e0100477e0100 0000000180017420     p5engine_optimized.obj
 0002:00000430       __xmm@ffffffffffffffffffffffffffffffff 0000000180017430     p5engine_optimized.obj
 0002:00000440       _pDefaultRawDllMain        0000000180017440     MSVCRTD:dll_dllmain.obj
 0002:00000440       _pRawDllMain               0000000180017440     MSVCRTD:dll_dllmain.obj
 0002:000004b0       _load_config_used          00000001800174b0     MSVCRTD:loadcfg.obj
 0002:00000600       __volatile_metadata        0000000180017600     <linker-defined>
 0002:00000a60       __rtc_iaa                  0000000180017a60     MSVCRTD:initsect.obj
 0002:00000a68       __rtc_izz                  0000000180017a68     MSVCRTD:initsect.obj
 0002:00000a70       __rtc_taa                  0000000180017a70     MSVCRTD:initsect.obj
 0002:00000a78       __rtc_tzz                  0000000180017a78     MSVCRTD:initsect.obj
 0002:00001324       __IMPORT_DESCRIPTOR_VCRUNTIME140D 0000000180018324     vcruntimed:VCRUNTIME140D.dll
 0002:00001338       __IMPORT_DESCRIPTOR_ucrtbased 0000000180018338     ucrtd:ucrtbased.dll
 0002:0000134c       __IMPORT_DESCRIPTOR_KERNEL32 000000018001834c     kernel32:KERNEL32.dll
 0002:00001360       __NULL_IMPORT_DESCRIPTOR   0000000180018360     vcruntimed:VCRUNTIME140D.dll
 0003:00004000       __security_cookie_complement 000000018001d000     MSVCRTD:gs_cookie.obj
 0003:00004008       __security_cookie          000000018001d008     MSVCRTD:gs_cookie.obj
 0003:00004010       _fltused                   000000018001d010     MSVCRTD:fltused.obj
 0003:00004014       __scrt_native_dllmain_reason 000000018001d014     MSVCRTD:utility.obj
 0003:00004018       __isa_available            000000018001d018     MSVCRTD:cpu_disp.obj
 0003:0000401c       __isa_enabled              000000018001d01c     MSVCRTD:cpu_disp.obj
 0003:00004020       __memcpy_nt_iters          000000018001d020     MSVCRTD:cpu_disp.obj
 0003:00004028       __memset_nt_iters          000000018001d028     MSVCRTD:cpu_disp.obj
 0003:00004030       __scrt_ucrt_dll_is_in_use  000000018001d030     MSVCRTD:ucrt_stubs.obj
 0003:00004040       DebugGlobalMemory          000000018001d040     p5engine.obj
 0003:00004630       ?__type_info_root_node@@3U__type_info_node@@A 000000018001d630     MSVCRTD:tncleanup.obj
 0003:00004640       ?_OptionsStorage@?1??__local_stdio_printf_options@@9@4_KA 000000018001d640     MSVCRTD:default_local_stdio_options.obj
 0003:00004648       ?_OptionsStorage@?1??__local_stdio_scanf_options@@9@4_KA 000000018001d648     MSVCRTD:default_local_stdio_options.obj
 0003:00004650       __scrt_current_native_startup_state 000000018001d650     MSVCRTD:utility.obj
 0003:00004658       __scrt_native_startup_lock 000000018001d658     MSVCRTD:utility.obj
 0003:00004698       __scrt_debugger_hook_flag  000000018001d698     MSVCRTD:utility_desktop.obj
 0003:000046a0       __castguard_check_failure_os_handled_fptr 000000018001d6a0     MSVCRTD:guard_support.obj
 0003:000046a8       __favor                    000000018001d6a8     MSVCRTD:cpu_disp.obj
 0003:000046b0       __dyn_tls_init_callback    000000018001d6b0     <common>
 0003:000046b8       __DebuggerCurrentSteppingThreadId 000000018001d6b8     <common>

 entry point at        0001:00014ba0

 Static symbols

 0000:fffde000       .debug$S                   0000000180000000     P5Engine.exp
 0000:fffde000       .debug$S                   0000000180000000     vcruntimed:VCRUNTIME140D.dll
 0000:fffde000       .debug$S                   0000000180000000     vcruntimed:VCRUNTIME140D.dll
 0000:fffde000       .debug$S                   0000000180000000     vcruntimed:VCRUNTIME140D.dll
 0000:fffde000       .debug$S                   0000000180000000     vcruntimed:VCRUNTIME140D.dll
 0000:fffde000       .debug$S                   0000000180000000     ucrtd:ucrtbased.dll
 0000:fffde000       .debug$S                   0000000180000000     ucrtd:ucrtbased.dll
 0000:fffde000       .debug$S                   0000000180000000     ucrtd:ucrtbased.dll
 0000:fffde000       .debug$S                   0000000180000000     ucrtd:ucrtbased.dll
 0000:fffde000       .debug$S                   0000000180000000     ucrtd:ucrtbased.dll
 0000:fffde000       .debug$S                   0000000180000000     ucrtd:ucrtbased.dll
 0000:fffde000       .debug$S                   0000000180000000     ucrtd:ucrtbased.dll
 0000:fffde000       .debug$S                   0000000180000000     ucrtd:ucrtbased.dll
 0000:fffde000       .debug$S                   0000000180000000     ucrtd:ucrtbased.dll
 0000:fffde000       .debug$S                   0000000180000000     ucrtd:ucrtbased.dll
 0000:fffde000       .debug$S                   0000000180000000     ucrtd:ucrtbased.dll
 0000:fffde000       .debug$S                   0000000180000000     ucrtd:ucrtbased.dll
 0000:fffde000       .debug$S                   0000000180000000     ucrtd:ucrtbased.dll
 0000:fffde000       .debug$S                   0000000180000000     ucrtd:ucrtbased.dll
 0000:fffde000       .debug$S                   0000000180000000     ucrtd:ucrtbased.dll
 0000:fffde000       .debug$S                   0000000180000000     ucrtd:ucrtbased.dll
 0000:fffde000       .debug$S                   0000000180000000     kernel32:KERNEL32.dll
 0000:fffde000       .debug$S                   0000000180000000     kernel32:KERNEL32.dll
 0000:fffde000       .debug$S                   0000000180000000     kernel32:KERNEL32.dll
 0000:fffde000       .debug$S                   0000000180000000     kernel32:KERNEL32.dll
 0000:fffde000       .debug$S                   0000000180000000     kernel32:KERNEL32.dll
 0000:fffde000       .debug$S                   0000000180000000     kernel32:KERNEL32.dll
 0000:fffde000       .debug$S                   0000000180000000     kernel32:KERNEL32.dll
 0000:fffde000       .debug$S                   0000000180000000     kernel32:KERNEL32.dll
 0000:fffde000       .debug$S                   0000000180000000     kernel32:KERNEL32.dll
 0000:fffde000       .debug$S                   0000000180000000     kernel32:KERNEL32.dll
 0000:fffde000       .debug$S                   0000000180000000     kernel32:KERNEL32.dll
 0000:fffde000       .debug$S                   0000000180000000     kernel32:KERNEL32.dll
 0000:fffde000       .debug$S                   0000000180000000     kernel32:KERNEL32.dll
 0000:fffde000       .debug$S                   0000000180000000     kernel32:KERNEL32.dll
 0000:fffde000       .debug$S                   0000000180000000     kernel32:KERNEL32.dll
 0000:fffde000       .debug$S                   0000000180000000     kernel32:KERNEL32.dll
 0000:fffde000       .debug$S                   0000000180000000     kernel32:KERNEL32.dll
 0001:00000000       ?RemoveAssetHeaderFromList@@YAXPEAUasset_memory_header@@@Z 0000000180001000 f   p5engine.obj
 0001:00000070       ?LoadBitmap@@YAXPEAUgame_assets@@Ubitmap_id@@H@Z 0000000180001070 f   p5engine.obj
 0001:000003e0       ?LoadSound@@YAXPEAUgame_assets@@Usound_id@@@Z 00000001800013e0 f   p5engine.obj
 0001:00000680       ?AddCollisionRule@@YAXPEAUgame_state@@IIH@Z 0000000180001680 f   p5engine.obj
 0001:00000800       ?ClearCollisionRulesFor@@YAXPEAUgame_state@@I@Z 0000000180001800 f   p5engine.obj
 0001:00000900       ?BeginTaskWithMemory@@YAPEAUtask_with_memory@@PEAUtransient_state@@@Z 0000000180001900 f   p5engine.obj
 0001:000009e0       ?EndTaskWithMemory@@YAXPEAUtask_with_memory@@@Z 00000001800019e0 f   p5engine.obj
 0001:00000a40       ?DrawRectangle@@YAXPEAUloaded_bitmap@@Tv2@@1Tv4@@Urectangle2i@@H@Z 0000000180001a40 f   p5engine.obj
 0001:00000cf0       ?RenderGroupToOutput@@YAXPEAUrender_group@@PEAUloaded_bitmap@@Urectangle2i@@H@Z 0000000180001cf0 f   p5engine.obj
 0001:000010e0       ?DoTiledRenderWork@@YAXPEAUplatform_work_queue@@PEAX@Z 00000001800020e0 f   p5engine.obj
 0001:00001190       ?RenderGroupToOutput@@YAXPEAUrender_group@@PEAUloaded_bitmap@@@Z 0000000180002190 f   p5engine.obj
 0001:00001290       ?TiledRenderGroupToOutput@@YAXPEAUplatform_work_queue@@PEAUrender_group@@PEAUloaded_bitmap@@@Z 0000000180002290 f   p5engine.obj
 0001:000014e0       ?AllocateRenderGroup@@YAPEAUrender_group@@PEAUgame_assets@@PEAUmemory_arena@@IH@Z 00000001800024e0 f   p5engine.obj
 0001:00001630       ?BeginRender@@YAXPEAUrender_group@@@Z 0000000180002630 f   p5engine.obj
 0001:00001690       ?EndRender@@YAXPEAUrender_group@@@Z 0000000180002690 f   p5engine.obj
 0001:00001710       ?InitializeWorld@@YAXPEAUworld@@Tv3@@@Z 0000000180002710 f   p5engine.obj
 0001:000017b0       ?Subtract@@YA?ATv3@@PEAUworld@@PEAUworld_position@@1@Z 00000001800027b0 f   p5engine.obj
 0001:00001a20       ?ChangeEntityLocation@@YAXPEAUmemory_arena@@PEAUworld@@IPEAUlow_entity@@Uworld_position@@@Z 0000000180002a20 f   p5engine.obj
 0001:00001bb0       ?GetHashFromStorageIndex@@YAPEAUsim_entity_hash@@PEAUsim_region@@I@Z 0000000180002bb0 f   p5engine.obj
 0001:00001c80       ?AddEntity@@YAPEAUsim_entity@@PEAUgame_state@@PEAUsim_region@@IPEAUlow_entity@@PEATv3@@@Z 0000000180002c80 f   p5engine.obj
 0001:00001de0       ?AddEntityRaw@@YAPEAUsim_entity@@PEAUgame_state@@PEAUsim_region@@IPEAUlow_entity@@@Z 0000000180002de0 f   p5engine.obj
 0001:00001f60       ?BeginSim@@YAPEAUsim_region@@PEAUmemory_arena@@PEAUgame_state@@PEAUworld@@Uworld_position@@Urectangle3@@M@Z 0000000180002f60 f   p5engine.obj
 0001:000025d0       ?EndSim@@YAXPEAUsim_region@@PEAUgame_state@@@Z 00000001800035d0 f   p5engine.obj
 0001:00002890       ?CanCollide@@YAHPEAUgame_state@@PEAUsim_entity@@1@Z 0000000180003890 f   p5engine.obj
 0001:000029e0       ?HandleCollision@@YAHPEAUgame_state@@PEAUsim_entity@@1@Z 00000001800039e0 f   p5engine.obj
 0001:00002ac0       ?CanOverlap@@YAHPEAUgame_state@@PEAUsim_entity@@1@Z 0000000180003ac0 f   p5engine.obj
 0001:00002b20       ?HandleOverlap@@YAXPEAUgame_state@@PEAUsim_entity@@1MPEAM@Z 0000000180003b20 f   p5engine.obj
 0001:00002bc0       ?SpeculativeCollide@@YAHPEAUsim_entity@@0Tv3@@@Z 0000000180003bc0 f   p5engine.obj
 0001:00002cc0       ?EntitiesOverlap@@YAHPEAUsim_entity@@0Tv3@@@Z 0000000180003cc0 f   p5engine.obj
 0001:00003000       ?MoveEntity@@YAXPEAUgame_state@@PEAUsim_region@@PEAUsim_entity@@MPEAUmove_spec@@Tv3@@@Z 0000000180004000 f   p5engine.obj
 0001:00004960       ?LoadAssetWorkDirectly@@YAXPEAUload_asset_work@@@Z 0000000180005960 f   p5engine.obj
 0001:000049f0       ?LoadAssetWork@@YAXPEAUplatform_work_queue@@PEAX@Z 00000001800059f0 f   p5engine.obj
 0001:00004a40       ?InsertBlock@@YAPEAUasset_memory_block@@PEAU1@_KPEAX@Z 0000000180005a40 f   p5engine.obj
 0001:00004af0       ?FindBlockForSize@@YAPEAUasset_memory_block@@PEAUgame_assets@@_K@Z 0000000180005af0 f   p5engine.obj
 0001:00004b90       ?MergeIfPossible@@YAHPEAUgame_assets@@PEAUasset_memory_block@@1@Z 0000000180005b90 f   p5engine.obj
 0001:00004c90       ?GenerationHasCompleted@@YAHPEAUgame_assets@@I@Z 0000000180005c90 f   p5engine.obj
 0001:00004d10       ?AcquireAssetMemory@@YAPEAUasset_memory_header@@PEAUgame_assets@@II@Z 0000000180005d10 f   p5engine.obj
 0001:00004fc0       ?GetBestMatchAssetFrom@@YAIPEAUgame_assets@@W4asset_type_id@@PEAUasset_vector@@2@Z 0000000180005fc0 f   p5engine.obj
 0001:00005200       ?GetRandomAssetFrom@@YAIPEAUgame_assets@@W4asset_type_id@@PEAUrandom_series@@@Z 0000000180006200 f   p5engine.obj
 0001:000052a0       ?GetFirstAssetFrom@@YAIPEAUgame_assets@@W4asset_type_id@@@Z 00000001800062a0 f   p5engine.obj
 0001:00005310       ?GetBestMatchBitmapFrom@@YA?AUbitmap_id@@PEAUgame_assets@@W4asset_type_id@@PEAUasset_vector@@2@Z 0000000180006310 f   p5engine.obj
 0001:00005360       ?GetFirstBitmapFrom@@YA?AUbitmap_id@@PEAUgame_assets@@W4asset_type_id@@@Z 0000000180006360 f   p5engine.obj
 0001:000053a0       ?GetRandomBitmapFrom@@YA?AUbitmap_id@@PEAUgame_assets@@W4asset_type_id@@PEAUrandom_series@@@Z 00000001800063a0 f   p5engine.obj
 0001:000053f0       ?GetRandomSoundFrom@@YA?AUsound_id@@PEAUgame_assets@@W4asset_type_id@@PEAUrandom_series@@@Z 00000001800063f0 f   p5engine.obj
 0001:00005440       ?AllocateGameAssets@@YAPEAUgame_assets@@PEAUmemory_arena@@_KPEAUtransient_state@@@Z 0000000180006440 f   p5engine.obj
 0001:00005d60       ?PlaySound@@YAPEAUplaying_sound@@PEAUaudio_state@@Usound_id@@@Z 0000000180006d60 f   p5engine.obj
 0001:00005e90       ?ChangeVolume@@YAXPEAUaudio_state@@PEAUplaying_sound@@MTv2@@@Z 0000000180006e90 f   p5engine.obj
 0001:00005f60       ?OutputPlayingSounds@@YAXPEAUaudio_state@@PEAUgame_sound_output_buffer@@PEAUgame_assets@@PEAUmemory_arena@@@Z 0000000180006f60 f   p5engine.obj
 0001:00007070       ?InitializeAudioState@@YAXPEAUaudio_state@@PEAUmemory_arena@@@Z 0000000180008070 f   p5engine.obj
 0001:000070f0       ?AddLowEntity@@YA?AUadd_low_entity_result@@PEAUgame_state@@W4entity_type@@Uworld_position@@@Z 00000001800080f0 f   p5engine.obj
 0001:000072f0       ?AddGroundedEntity@@YA?AUadd_low_entity_result@@PEAUgame_state@@W4entity_type@@Uworld_position@@PEAUsim_entity_collision_volume_group@@@Z 00000001800082f0 f   p5engine.obj
 0001:000073a0       ?AddStandardRoom@@YA?AUadd_low_entity_result@@PEAUgame_state@@III@Z 00000001800083a0 f   p5engine.obj
 0001:00007500       ?AddWall@@YA?AUadd_low_entity_result@@PEAUgame_state@@III@Z 0000000180008500 f   p5engine.obj
 0001:00007660       ?AddStairs@@YA?AUadd_low_entity_result@@PEAUgame_state@@III@Z 0000000180008660 f   p5engine.obj
 0001:000077f0       ?InitHitPoints@@YAXPEAUlow_entity@@I@Z 00000001800087f0 f   p5engine.obj
 0001:00007880       ?AddSword@@YA?AUadd_low_entity_result@@PEAUgame_state@@@Z 0000000180008880 f   p5engine.obj
 0001:00007970       ?AddPlayer@@YA?AUadd_low_entity_result@@PEAUgame_state@@@Z 0000000180008970 f   p5engine.obj
 0001:00007ab0       ?AddMonstar@@YA?AUadd_low_entity_result@@PEAUgame_state@@III@Z 0000000180008ab0 f   p5engine.obj
 0001:00007c20       ?AddFamiliar@@YA?AUadd_low_entity_result@@PEAUgame_state@@III@Z 0000000180008c20 f   p5engine.obj
 0001:00007d80       ?DrawHitpoints@@YAXPEAUsim_entity@@PEAUrender_group@@@Z 0000000180008d80 f   p5engine.obj
 0001:00007ff0       ?MakeSimpleGroundedCollision@@YAPEAUsim_entity_collision_volume_group@@PEAUgame_state@@MMM@Z 0000000180008ff0 f   p5engine.obj
 0001:00008150       ?MakeNullCollision@@YAPEAUsim_entity_collision_volume_group@@PEAUgame_state@@@Z 0000000180009150 f   p5engine.obj
 0001:00008230       ?FillGroundChunkWork@@YAXPEAUplatform_work_queue@@PEAX@Z 0000000180009230 f   p5engine.obj
 0001:00008a20       ?FillGroundChunk@@YAXPEAUtransient_state@@PEAUgame_state@@PEAUground_buffer@@PEAUworld_position@@@Z 0000000180009a20 f   p5engine.obj
 0001:00008b20       ?ClearBitmap@@YAXPEAUloaded_bitmap@@@Z 0000000180009b20 f   p5engine.obj
 0001:00008b80       ?MakeEmptyBitmap@@YA?AUloaded_bitmap@@PEAUmemory_arena@@HHH@Z 0000000180009b80 f   p5engine.obj
 0001:00008cc0       ?MakeSphereDiffuseMap@@YAXPEAUloaded_bitmap@@MM@Z 0000000180009cc0 f   p5engine.obj
 0001:00008ff0       ?MakeSphereNormalMap@@YAXPEAUloaded_bitmap@@MMM@Z 0000000180009ff0 f   p5engine.obj
 0001:000093d0       ?DEBUGReset@@YAXII@Z       000000018000a3d0 f   p5engine.obj
 0001:00009490       ?DEBUGTextLine@@YAXPEAD@Z  000000018000a490 f   p5engine.obj
 0001:000096e0       ?OverlayCycleCounters@@YAXPEAUgame_memory@@@Z 000000018000a6e0 f   p5engine.obj
 0001:0000e57c       $LN169                     000000018000f57c     p5engine.obj
 0001:00014700       $$000000                   0000000180015700     MSVCRTD:chkstk.obj
 0001:00014760       $$000000                   0000000180015760     MSVCRTD:amdsecgs.obj
 0001:00014790       ?dllmain_crt_dispatch@@YAHQEAUHINSTANCE__@@KQEAX@Z 0000000180015790 f   MSVCRTD:dll_dllmain.obj
 0001:00014820       ?dllmain_crt_process_attach@@YAHQEAUHINSTANCE__@@QEAX@Z 0000000180015820 f   MSVCRTD:dll_dllmain.obj
 0001:00014960       ?dllmain_crt_process_detach@@YAH_N@Z 0000000180015960 f   MSVCRTD:dll_dllmain.obj
 0001:00014a00       ?dllmain_dispatch@@YAHQEAUHINSTANCE__@@KQEAX@Z 0000000180015a00 f   MSVCRTD:dll_dllmain.obj
 0001:00014b40       ?dllmain_raw@@YAHQEAUHINSTANCE__@@KQEAX@Z 0000000180015b40 f   MSVCRTD:dll_dllmain.obj
 0001:00014d00       capture_previous_context   0000000180015d00 f   MSVCRTD:gs_report.obj
 0001:00014dc0       __get_entropy              0000000180015dc0 f   MSVCRTD:gs_support.obj
 0001:00015010       ?find_pe_section@@YAPEAU_IMAGE_SECTION_HEADER@@QEAE_K@Z 0000000180016010 f   MSVCRTD:utility.obj
 0001:000150f0       ?is_potentially_valid_image_base@@YA_NQEAX@Z 00000001800160f0 f   MSVCRTD:utility.obj
 0001:00015c90       $$000000                   0000000180016c90     MSVCRTD:guard_dispatch.obj
 0001:00015cb0       $$000000                   0000000180016cb0     MSVCRTD:guard_xfg_dispatch.obj
 0001:00015cd0       ?fin$0@?0??dllmain_crt_process_attach@@YAHQEAUHINSTANCE__@@QEAX@Z@4HA 0000000180016cd0 f   MSVCRTD:dll_dllmain.obj
 0001:00015cf0       ?fin$0@?0??dllmain_crt_process_detach@@YAH_N@Z@4HA 0000000180016cf0 f   MSVCRTD:dll_dllmain.obj
 0001:00015d0a       ?fin$1@?0??dllmain_crt_process_detach@@YAH_N@Z@4HA 0000000180016d0a f   MSVCRTD:dll_dllmain.obj
 0001:00015d20       ?filt$0@?0??dllmain_dispatch@@YAHQEAUHINSTANCE__@@KQEAX@Z@4HA 0000000180016d20 f   MSVCRTD:dll_dllmain.obj
 0001:00015d70       __scrt_is_nonwritable_in_current_image$filt$0 0000000180016d70 f   MSVCRTD:utility.obj
 0002:00000170       $SG33098                   0000000180017170     p5engine.obj
 0002:00000198       $SG33100                   0000000180017198     p5engine.obj
 0002:000001b8       $SG33104                   00000001800171b8     p5engine.obj
 0002:000001c8       $SG33918                   00000001800171c8     p5engine.obj
 0002:000001e0       $SG33919                   00000001800171e0     p5engine.obj
 0002:000001f8       $SG33920                   00000001800171f8     p5engine.obj
 0002:00000210       $SG33921                   0000000180017210     p5engine.obj
 0002:00000220       $SG33922                   0000000180017220     p5engine.obj
 0002:00000238       $SG33923                   0000000180017238     p5engine.obj
 0002:00000250       $SG34422                   0000000180017250     p5engine.obj
 0002:00000260       $SG34442                   0000000180017260     p5engine.obj
 0002:00000270       $SG31838                   0000000180017270     p5engine.obj
 0002:00000280       $SG32277                   0000000180017280     p5engine.obj
 0002:00000448       GS_ExceptionPointers       0000000180017448     MSVCRTD:gs_report.obj
 0002:00000a80       $unwind$?AbsoluteValue@@YAMM@Z 0000000180017a80     p5engine.obj
 0002:00000a80       $unwind$?Clamp01@@YAMM@Z   0000000180017a80     p5engine.obj
 0002:00000a80       $unwind$?RoundReal32ToInt32@@YAHM@Z 0000000180017a80     p5engine.obj
 0002:00000a80       $unwind$?RoundReal32ToUInt32@@YAIM@Z 0000000180017a80     p5engine.obj
 0002:00000a80       $unwind$?SignOf@@YAMM@Z    0000000180017a80     p5engine.obj
 0002:00000a80       $unwind$?Sin@@YAMM@Z       0000000180017a80     p5engine.obj
 0002:00000a80       $unwind$?Square@@YAMM@Z    0000000180017a80     p5engine.obj
 0002:00000a80       $unwind$?SquareRoot@@YAMM@Z 0000000180017a80     p5engine.obj
 0002:00000a80       $unwind$TruncateReal32ToInt32 0000000180017a80     p5engine.obj
 0002:00000a88       $unwind$?EndGeneration@@YAXPEAUgame_assets@@I@Z 0000000180017a88     p5engine.obj
 0002:00000a88       $unwind$?GetFileHandleFor@@YAPEAUplatform_file_handle@@PEAUgame_assets@@I@Z 0000000180017a88     p5engine.obj
 0002:00000a88       $unwind$?GetLowEntity@@YAPEAUlow_entity@@PEAUgame_state@@I@Z 0000000180017a88     p5engine.obj
 0002:00000a88       $unwind$?GetSoundInfo@@YAPEAUp5a_sound@@PEAUgame_assets@@Usound_id@@@Z 0000000180017a88     p5engine.obj
 0002:00000a88       $unwind$?HasFlag@@YAHPEAUsim_entity@@I@Z 0000000180017a88     p5engine.obj
 0002:00000a88       $unwind$?RandomChoice@@YAIPEAUrandom_series@@I@Z 0000000180017a88     p5engine.obj
 0002:00000a88       $unwind$GetController      0000000180017a88     p5engine.obj
 0002:00000a90       $unwind$?InitializeArena@@YAXPEAUmemory_arena@@_KPEAX@Z 0000000180017a90     p5engine.obj
 0002:00000a98       $unwind$?GetAlignmentOffset@@YA_KPEAUmemory_arena@@_K@Z 0000000180017a98     p5engine.obj
 0002:00000aa0       $unwind$??Y@YAAEATv2@@AEAT0@T0@@Z 0000000180017aa0     p5engine.obj
 0002:00000aa0       $unwind$?GetArenaSizeRemaining@@YA_KPEAUmemory_arena@@_K@Z 0000000180017aa0     p5engine.obj
 0002:00000aa0       $unwind$?Hadamard@@YA?ATv2@@T1@0@Z 0000000180017aa0     p5engine.obj
 0002:00000aa0       $unwind$?Inner@@YAMTv2@@0@Z 0000000180017aa0     p5engine.obj
 0002:00000aa0       $unwind$?Inner@@YAMTv3@@0@Z 0000000180017aa0     p5engine.obj
 0002:00000aa0       $unwind$?InsertAssetHeaderAtFront@@YAXPEAUgame_assets@@PEAUasset_memory_header@@@Z 0000000180017aa0     p5engine.obj
 0002:00000aa0       $unwind$?IsCanonical@@YAHPEAUworld@@Tv3@@@Z 0000000180017aa0     p5engine.obj
 0002:00000aa0       $unwind$?IsInRectangle@@YAHUrectangle3@@Tv3@@@Z 0000000180017aa0     p5engine.obj
 0002:00000aa0       $unwind$?RectanglesIntersect@@YAHUrectangle3@@0@Z 0000000180017aa0     p5engine.obj
 0002:00000aa0       $unwind$?ZeroSize@@YAX_KPEAX@Z 0000000180017aa0     p5engine.obj
 0002:00000aa0       $unwind$?find_pe_section@@YAPEAU_IMAGE_SECTION_HEADER@@QEAE_K@Z 0000000180017aa0     MSVCRTD:utility.obj
 0002:00000aa8       $unwind$?PushSize_@@YAPEAXPEAUmemory_arena@@_K1@Z 0000000180017aa8     p5engine.obj
 0002:00000ab0       $unwind$??G@YA?ATv3@@T0@@Z 0000000180017ab0     p5engine.obj
 0002:00000ab0       $unwind$?BeginTemporaryMemory@@YA?AUtemporary_memory@@PEAUmemory_arena@@@Z 0000000180017ab0     p5engine.obj
 0002:00000ac4       $unwind$?AllResourcesPresent@@YAHPEAUrender_group@@@Z 0000000180017ac4     p5engine.obj
 0002:00000ac4       $unwind$?BeginGeneration@@YAIPEAUgame_assets@@@Z 0000000180017ac4     p5engine.obj
 0002:00000ac4       $unwind$?EndTemporaryMemory@@YAXUtemporary_memory@@@Z 0000000180017ac4     p5engine.obj
 0002:00000ac4       $unwind$?GetDim@@YA?ATv2@@Urectangle2@@@Z 0000000180017ac4     p5engine.obj
 0002:00000ac4       $unwind$?IsValid@@YAHUworld_position@@@Z 0000000180017ac4     p5engine.obj
 0002:00000ac4       $unwind$?LengthSq@@YAMTv2@@@Z 0000000180017ac4     p5engine.obj
 0002:00000ac4       $unwind$?RandomBilateral@@YAMPEAUrandom_series@@@Z 0000000180017ac4     p5engine.obj
 0002:00000ac4       $unwind$?RandomNextUInt32@@YAIPEAUrandom_series@@@Z 0000000180017ac4     p5engine.obj
 0002:00000ac4       $unwind$?RandomUnilateral@@YAMPEAUrandom_series@@@Z 0000000180017ac4     p5engine.obj
 0002:00000ac4       $unwind$__CheckForDebuggerJustMyCode 0000000180017ac4     MSVCRTD:debugger_jmc.obj
 0002:00000ac4       $unwind$__report_gsfailure 0000000180017ac4     MSVCRTD:gs_report.obj
 0002:00000acc       $unwind$?BeginAssetLock@@YAXPEAUgame_assets@@@Z 0000000180017acc     p5engine.obj
 0002:00000acc       $unwind$?CheckArena@@YAXPEAUmemory_arena@@@Z 0000000180017acc     p5engine.obj
 0002:00000acc       $unwind$?EndAssetLock@@YAXPEAUgame_assets@@@Z 0000000180017acc     p5engine.obj
 0002:00000acc       $unwind$?StoreEntityReference@@YAXPEATentity_reference@@@Z 0000000180017acc     p5engine.obj
 0002:00000acc       $unwind$__raise_securityfailure 0000000180017acc     MSVCRTD:gs_report.obj
 0002:00000acc       $unwind$?is_potentially_valid_image_base@@YA_NQEAX@Z 0000000180017acc     MSVCRTD:utility.obj
 0002:00000ad4       $unwind$?SubArena@@YAXPEAUmemory_arena@@0_K1@Z 0000000180017ad4     p5engine.obj
 0002:00000ad4       $unwind$__GSHandlerCheck   0000000180017ad4     MSVCRTD:gshandler.obj
 0002:00000adc       $unwind$?AtomicCompareExchangeUInt32@@YAIPECIII@Z 0000000180017adc     p5engine.obj
 0002:00000adc       $unwind$?GetAsset@@YAPEAUasset_memory_header@@PEAUgame_assets@@II@Z 0000000180017adc     p5engine.obj
 0002:00000adc       $unwind$?PushRenderElement_@@YAPEAXPEAUrender_group@@IW4render_group_entry_type@@@Z 0000000180017adc     p5engine.obj
 0002:00000adc       $unwind$?dllmain_crt_dispatch@@YAHQEAUHINSTANCE__@@KQEAX@Z 0000000180017adc     MSVCRTD:dll_dllmain.obj
 0002:00000adc       $unwind$?dllmain_raw@@YAHQEAUHINSTANCE__@@KQEAX@Z 0000000180017adc     MSVCRTD:dll_dllmain.obj
 0002:00000ae4       $unwind$?ATan2@@YAMMM@Z    0000000180017ae4     p5engine.obj
 0002:00000ae4       $unwind$?IsCanonical@@YAHMM@Z 0000000180017ae4     p5engine.obj
 0002:00000ae4       $unwind$?SafeRatio1@@YAMMM@Z 0000000180017ae4     p5engine.obj
 0002:00000aec       $unwind$?Clamp01MapToRange@@YAMMMM@Z 0000000180017aec     p5engine.obj
 0002:00000aec       $unwind$?Clamp@@YAMMMM@Z   0000000180017aec     p5engine.obj
 0002:00000aec       $unwind$?Lerp@@YAMMMM@Z    0000000180017aec     p5engine.obj
 0002:00000aec       $unwind$?SafeRatioN@@YAMMMM@Z 0000000180017aec     p5engine.obj
 0002:00000af4       $unwind$?V2@@YA?ATv2@@MM@Z 0000000180017af4     p5engine.obj
 0002:00000b04       $unwind$?V2i@@YA?ATv2@@HH@Z 0000000180017b04     p5engine.obj
 0002:00000b0c       $unwind$??D@YA?ATv2@@MT0@@Z 0000000180017b0c     p5engine.obj
 0002:00000b1c       $unwind$??G@YA?ATv2@@T0@0@Z 0000000180017b1c     p5engine.obj
 0002:00000b1c       $unwind$??H@YA?ATv2@@T0@0@Z 0000000180017b1c     p5engine.obj
 0002:00000b1c       $unwind$?GetBarycentric@@YA?ATv2@@Urectangle2@@T1@@Z 0000000180017b1c     p5engine.obj
 0002:00000b2c       $unwind$?Clamp01@@YA?ATv2@@T1@@Z 0000000180017b2c     p5engine.obj
 0002:00000b3c       $unwind$?V3@@YA?ATv3@@MMM@Z 0000000180017b3c     p5engine.obj
 0002:00000b3c       $unwind$?V4@@YA?ATv4@@MMMM@Z 0000000180017b3c     p5engine.obj
 0002:00000b50       $unwind$??D@YA?ATv3@@MT0@@Z 0000000180017b50     p5engine.obj
 0002:00000b50       $unwind$??D@YA?ATv4@@MT0@@Z 0000000180017b50     p5engine.obj
 0002:00000b50       $unwind$?ToV3@@YA?ATv3@@Tv2@@M@Z 0000000180017b50     p5engine.obj
 0002:00000b64       $unwind$??D@YA?ATv3@@T0@M@Z 0000000180017b64     p5engine.obj
 0002:00000b64       $unwind$?GetCameraRectangleAtDistance@@YA?AUrectangle2@@PEAUrender_group@@M@Z 0000000180017b64     p5engine.obj
 0002:00000b70       $unwind$??X@YAAEATv3@@AEAT0@M@Z 0000000180017b70     p5engine.obj
 0002:00000b7c       $unwind$??G@YA?ATv3@@T0@0@Z 0000000180017b7c     p5engine.obj
 0002:00000b7c       $unwind$??H@YA?ATv3@@T0@0@Z 0000000180017b7c     p5engine.obj
 0002:00000b7c       $unwind$??H@YA?ATv4@@T0@0@Z 0000000180017b7c     p5engine.obj
 0002:00000b90       $unwind$??Y@YAAEATv3@@AEAT0@T0@@Z 0000000180017b90     p5engine.obj
 0002:00000b90       $unwind$??Y@YAAEATv4@@AEAT0@T0@@Z 0000000180017b90     p5engine.obj
 0002:00000b90       $unwind$??Z@YAAEATv3@@AEAT0@T0@@Z 0000000180017b90     p5engine.obj
 0002:00000b90       $unwind$?GetDim@@YA?ATv3@@Urectangle3@@@Z 0000000180017b90     p5engine.obj
 0002:00000b9c       $unwind$?AreInSameChunk@@YAHPEAUworld@@PEAUworld_position@@1@Z 0000000180017b9c     p5engine.obj
 0002:00000b9c       $unwind$?Hadamard@@YA?ATv3@@T1@0@Z 0000000180017b9c     p5engine.obj
 0002:00000b9c       $unwind$?RectCenterDim@@YA?AUrectangle2@@Tv2@@0@Z 0000000180017b9c     p5engine.obj
 0002:00000ba8       $unwind$?LengthSq@@YAMTv3@@@Z 0000000180017ba8     p5engine.obj
 0002:00000bb4       $unwind$?Length@@YAMTv3@@@Z 0000000180017bb4     p5engine.obj
 0002:00000bb4       $unwind$?MakeEntityNonSpatial@@YAXPEAUsim_entity@@@Z 0000000180017bb4     p5engine.obj
 0002:00000bc0       $unwind$?RectCenterHalfDim@@YA?AUrectangle2@@Tv2@@0@Z 0000000180017bc0     p5engine.obj
 0002:00000bd4       $unwind$?Intersect@@YA?AUrectangle2i@@U1@0@Z 0000000180017bd4     p5engine.obj
 0002:00000be0       $unwind$?Clear@@YAXPEAUrender_group@@Tv4@@@Z 0000000180017be0     p5engine.obj
 0002:00000be0       $unwind$?GetMaxCorner@@YA?ATv3@@Urectangle3@@@Z 0000000180017be0     p5engine.obj
 0002:00000be0       $unwind$?GetMinCorner@@YA?ATv3@@Urectangle3@@@Z 0000000180017be0     p5engine.obj
 0002:00000bec       $unwind$?RectMinMax@@YA?AUrectangle3@@Tv3@@0@Z 0000000180017bec     p5engine.obj
 0002:00000c00       $unwind$?AddRadiusTo@@YA?AUrectangle3@@U1@Tv3@@@Z 0000000180017c00     p5engine.obj
 0002:00000c00       $unwind$?RectCenterHalfDim@@YA?AUrectangle3@@Tv3@@0@Z 0000000180017c00     p5engine.obj
 0002:00000c14       $unwind$?RectCenterDim@@YA?AUrectangle3@@Tv3@@0@Z 0000000180017c14     p5engine.obj
 0002:00000c20       $unwind$?RandomSeed@@YA?AUrandom_series@@I@Z 0000000180017c20     p5engine.obj
 0002:00000c30       $unwind$?RandomBetween@@YAMPEAUrandom_series@@MM@Z 0000000180017c30     p5engine.obj
 0002:00000c38       $unwind$?AddFlags@@YAXPEAUsim_entity@@I@Z 0000000180017c38     p5engine.obj
 0002:00000c38       $unwind$?ClearFlags@@YAXPEAUsim_entity@@I@Z 0000000180017c38     p5engine.obj
 0002:00000c38       $unwind$?PrefetchSound@@YAXPEAUgame_assets@@Usound_id@@@Z 0000000180017c38     p5engine.obj
 0002:00000c40       $unwind$?MakeEntitySpatial@@YAXPEAUsim_entity@@Tv3@@1@Z 0000000180017c40     p5engine.obj
 0002:00000c4c       $unwind$?GetEntityGroundPoint@@YA?ATv3@@PEAUsim_entity@@T1@@Z 0000000180017c4c     p5engine.obj
 0002:00000c58       $unwind$?GetEntityGroundPoint@@YA?ATv3@@PEAUsim_entity@@@Z 0000000180017c58     p5engine.obj
 0002:00000c64       $unwind$?GetStairGround@@YAMPEAUsim_entity@@Tv3@@@Z 0000000180017c64     p5engine.obj
 0002:00000c70       $unwind$?RemoveAssetHeaderFromList@@YAXPEAUasset_memory_header@@@Z 0000000180017c70     p5engine.obj
 0002:00000c78       $unwind$?LoadBitmap@@YAXPEAUgame_assets@@Ubitmap_id@@H@Z 0000000180017c78     p5engine.obj
 0002:00000c8c       $unwind$?LoadSound@@YAXPEAUgame_assets@@Usound_id@@@Z 0000000180017c8c     p5engine.obj
 0002:00000ca0       $unwind$?AddCollisionRule@@YAXPEAUgame_state@@IIH@Z 0000000180017ca0     p5engine.obj
 0002:00000ca8       $unwind$?ClearCollisionRulesFor@@YAXPEAUgame_state@@I@Z 0000000180017ca8     p5engine.obj
 0002:00000cb0       $unwind$?BeginTaskWithMemory@@YAPEAUtask_with_memory@@PEAUtransient_state@@@Z 0000000180017cb0     p5engine.obj
 0002:00000cbc       $unwind$?EndTaskWithMemory@@YAXPEAUtask_with_memory@@@Z 0000000180017cbc     p5engine.obj
 0002:00000cc8       $unwind$?DrawRectangle@@YAXPEAUloaded_bitmap@@Tv2@@1Tv4@@Urectangle2i@@H@Z 0000000180017cc8     p5engine.obj
 0002:00000cd4       $unwind$?RenderGroupToOutput@@YAXPEAUrender_group@@PEAUloaded_bitmap@@Urectangle2i@@H@Z 0000000180017cd4     p5engine.obj
 0002:00000ce0       $unwind$?DoTiledRenderWork@@YAXPEAUplatform_work_queue@@PEAX@Z 0000000180017ce0     p5engine.obj
 0002:00000cec       $unwind$?RenderGroupToOutput@@YAXPEAUrender_group@@PEAUloaded_bitmap@@@Z 0000000180017cec     p5engine.obj
 0002:00000d00       $unwind$?TiledRenderGroupToOutput@@YAXPEAUplatform_work_queue@@PEAUrender_group@@PEAUloaded_bitmap@@@Z 0000000180017d00     p5engine.obj
 0002:00000d14       $unwind$?AllocateRenderGroup@@YAPEAUrender_group@@PEAUgame_assets@@PEAUmemory_arena@@IH@Z 0000000180017d14     p5engine.obj
 0002:00000d20       $unwind$?BeginRender@@YAXPEAUrender_group@@@Z 0000000180017d20     p5engine.obj
 0002:00000d28       $unwind$?EndRender@@YAXPEAUrender_group@@@Z 0000000180017d28     p5engine.obj
 0002:00000d30       $unwind$?InitializeWorld@@YAXPEAUworld@@Tv3@@@Z 0000000180017d30     p5engine.obj
 0002:00000d3c       $unwind$?Subtract@@YA?ATv3@@PEAUworld@@PEAUworld_position@@1@Z 0000000180017d3c     p5engine.obj
 0002:00000d50       $unwind$?ChangeEntityLocation@@YAXPEAUmemory_arena@@PEAUworld@@IPEAUlow_entity@@Uworld_position@@@Z 0000000180017d50     p5engine.obj
 0002:00000d5c       $unwind$?GetHashFromStorageIndex@@YAPEAUsim_entity_hash@@PEAUsim_region@@I@Z 0000000180017d5c     p5engine.obj
 0002:00000d64       $unwind$?AddEntity@@YAPEAUsim_entity@@PEAUgame_state@@PEAUsim_region@@IPEAUlow_entity@@PEATv3@@@Z 0000000180017d64     p5engine.obj
 0002:00000d70       $unwind$?AddEntityRaw@@YAPEAUsim_entity@@PEAUgame_state@@PEAUsim_region@@IPEAUlow_entity@@@Z 0000000180017d70     p5engine.obj
 0002:00000d7c       $unwind$?BeginSim@@YAPEAUsim_region@@PEAUmemory_arena@@PEAUgame_state@@PEAUworld@@Uworld_position@@Urectangle3@@M@Z 0000000180017d7c     p5engine.obj
 0002:00000d90       $unwind$?EndSim@@YAXPEAUsim_region@@PEAUgame_state@@@Z 0000000180017d90     p5engine.obj
 0002:00000d9c       $unwind$?CanCollide@@YAHPEAUgame_state@@PEAUsim_entity@@1@Z 0000000180017d9c     p5engine.obj
 0002:00000da4       $unwind$?HandleCollision@@YAHPEAUgame_state@@PEAUsim_entity@@1@Z 0000000180017da4     p5engine.obj
 0002:00000dac       $unwind$?CanOverlap@@YAHPEAUgame_state@@PEAUsim_entity@@1@Z 0000000180017dac     p5engine.obj
 0002:00000db4       $unwind$?HandleOverlap@@YAXPEAUgame_state@@PEAUsim_entity@@1MPEAM@Z 0000000180017db4     p5engine.obj
 0002:00000dc0       $unwind$?SpeculativeCollide@@YAHPEAUsim_entity@@0Tv3@@@Z 0000000180017dc0     p5engine.obj
 0002:00000dcc       $unwind$?EntitiesOverlap@@YAHPEAUsim_entity@@0Tv3@@@Z 0000000180017dcc     p5engine.obj
 0002:00000dd8       $unwind$?MoveEntity@@YAXPEAUgame_state@@PEAUsim_region@@PEAUsim_entity@@MPEAUmove_spec@@Tv3@@@Z 0000000180017dd8     p5engine.obj
 0002:00000dec       $unwind$?LoadAssetWorkDirectly@@YAXPEAUload_asset_work@@@Z 0000000180017dec     p5engine.obj
 0002:00000df4       $unwind$?LoadAssetWork@@YAXPEAUplatform_work_queue@@PEAX@Z 0000000180017df4     p5engine.obj
 0002:00000dfc       $unwind$?InsertBlock@@YAPEAUasset_memory_block@@PEAU1@_KPEAX@Z 0000000180017dfc     p5engine.obj
 0002:00000e04       $unwind$?FindBlockForSize@@YAPEAUasset_memory_block@@PEAUgame_assets@@_K@Z 0000000180017e04     p5engine.obj
 0002:00000e0c       $unwind$?MergeIfPossible@@YAHPEAUgame_assets@@PEAUasset_memory_block@@1@Z 0000000180017e0c     p5engine.obj
 0002:00000e14       $unwind$?GenerationHasCompleted@@YAHPEAUgame_assets@@I@Z 0000000180017e14     p5engine.obj
 0002:00000e1c       $unwind$?AcquireAssetMemory@@YAPEAUasset_memory_header@@PEAUgame_assets@@II@Z 0000000180017e1c     p5engine.obj
 0002:00000e24       $unwind$?GetBestMatchAssetFrom@@YAIPEAUgame_assets@@W4asset_type_id@@PEAUasset_vector@@2@Z 0000000180017e24     p5engine.obj
 0002:00000e2c       $unwind$?GetRandomAssetFrom@@YAIPEAUgame_assets@@W4asset_type_id@@PEAUrandom_series@@@Z 0000000180017e2c     p5engine.obj
 0002:00000e34       $unwind$?GetFirstAssetFrom@@YAIPEAUgame_assets@@W4asset_type_id@@@Z 0000000180017e34     p5engine.obj
 0002:00000e3c       $unwind$?GetBestMatchBitmapFrom@@YA?AUbitmap_id@@PEAUgame_assets@@W4asset_type_id@@PEAUasset_vector@@2@Z 0000000180017e3c     p5engine.obj
 0002:00000e44       $unwind$?GetFirstBitmapFrom@@YA?AUbitmap_id@@PEAUgame_assets@@W4asset_type_id@@@Z 0000000180017e44     p5engine.obj
 0002:00000e4c       $unwind$?GetRandomBitmapFrom@@YA?AUbitmap_id@@PEAUgame_assets@@W4asset_type_id@@PEAUrandom_series@@@Z 0000000180017e4c     p5engine.obj
 0002:00000e54       $unwind$?GetRandomSoundFrom@@YA?AUsound_id@@PEAUgame_assets@@W4asset_type_id@@PEAUrandom_series@@@Z 0000000180017e54     p5engine.obj
 0002:00000e5c       $unwind$?AllocateGameAssets@@YAPEAUgame_assets@@PEAUmemory_arena@@_KPEAUtransient_state@@@Z 0000000180017e5c     p5engine.obj
 0002:00000e70       $unwind$?PlaySound@@YAPEAUplaying_sound@@PEAUaudio_state@@Usound_id@@@Z 0000000180017e70     p5engine.obj
 0002:00000e78       $unwind$?ChangeVolume@@YAXPEAUaudio_state@@PEAUplaying_sound@@MTv2@@@Z 0000000180017e78     p5engine.obj
 0002:00000e80       $unwind$?OutputPlayingSounds@@YAXPEAUaudio_state@@PEAUgame_sound_output_buffer@@PEAUgame_assets@@PEAUmemory_arena@@@Z 0000000180017e80     p5engine.obj
 0002:00000e94       $unwind$?InitializeAudioState@@YAXPEAUaudio_state@@PEAUmemory_arena@@@Z 0000000180017e94     p5engine.obj
 0002:00000e9c       $unwind$?AddLowEntity@@YA?AUadd_low_entity_result@@PEAUgame_state@@W4entity_type@@Uworld_position@@@Z 0000000180017e9c     p5engine.obj
 0002:00000eb0       $unwind$?AddGroundedEntity@@YA?AUadd_low_entity_result@@PEAUgame_state@@W4entity_type@@Uworld_position@@PEAUsim_entity_collision_volume_group@@@Z 0000000180017eb0     p5engine.obj
 0002:00000ebc       $unwind$?AddStandardRoom@@YA?AUadd_low_entity_result@@PEAUgame_state@@III@Z 0000000180017ebc     p5engine.obj
 0002:00000ec8       $unwind$?AddWall@@YA?AUadd_low_entity_result@@PEAUgame_state@@III@Z 0000000180017ec8     p5engine.obj
 0002:00000ed4       $unwind$?AddStairs@@YA?AUadd_low_entity_result@@PEAUgame_state@@III@Z 0000000180017ed4     p5engine.obj
 0002:00000ee0       $unwind$?InitHitPoints@@YAXPEAUlow_entity@@I@Z 0000000180017ee0     p5engine.obj
 0002:00000ee8       $unwind$?AddSword@@YA?AUadd_low_entity_result@@PEAUgame_state@@@Z 0000000180017ee8     p5engine.obj
 0002:00000ef4       $unwind$?AddPlayer@@YA?AUadd_low_entity_result@@PEAUgame_state@@@Z 0000000180017ef4     p5engine.obj
 0002:00000f00       $unwind$?AddMonstar@@YA?AUadd_low_entity_result@@PEAUgame_state@@III@Z 0000000180017f00     p5engine.obj
 0002:00000f0c       $unwind$?AddFamiliar@@YA?AUadd_low_entity_result@@PEAUgame_state@@III@Z 0000000180017f0c     p5engine.obj
 0002:00000f18       $unwind$?DrawHitpoints@@YAXPEAUsim_entity@@PEAUrender_group@@@Z 0000000180017f18     p5engine.obj
 0002:00000f2c       $unwind$?MakeSimpleGroundedCollision@@YAPEAUsim_entity_collision_volume_group@@PEAUgame_state@@MMM@Z 0000000180017f2c     p5engine.obj
 0002:00000f38       $unwind$?MakeNullCollision@@YAPEAUsim_entity_collision_volume_group@@PEAUgame_state@@@Z 0000000180017f38     p5engine.obj
 0002:00000f44       $unwind$?FillGroundChunkWork@@YAXPEAUplatform_work_queue@@PEAX@Z 0000000180017f44     p5engine.obj
 0002:00000f58       $unwind$?FillGroundChunk@@YAXPEAUtransient_state@@PEAUgame_state@@PEAUground_buffer@@PEAUworld_position@@@Z 0000000180017f58     p5engine.obj
 0002:00000f64       $unwind$?ClearBitmap@@YAXPEAUloaded_bitmap@@@Z 0000000180017f64     p5engine.obj
 0002:00000f6c       $unwind$?MakeEmptyBitmap@@YA?AUloaded_bitmap@@PEAUmemory_arena@@HHH@Z 0000000180017f6c     p5engine.obj
 0002:00000f80       $unwind$?MakeSphereDiffuseMap@@YAXPEAUloaded_bitmap@@MM@Z 0000000180017f80     p5engine.obj
 0002:00000f8c       $unwind$?MakeSphereNormalMap@@YAXPEAUloaded_bitmap@@MMM@Z 0000000180017f8c     p5engine.obj
 0002:00000f98       $unwind$?DEBUGReset@@YAXII@Z 0000000180017f98     p5engine.obj
 0002:00000fa0       $unwind$?DEBUGTextLine@@YAXPEAD@Z 0000000180017fa0     p5engine.obj
 0002:00000fb4       $unwind$?OverlayCycleCounters@@YAXPEAUgame_memory@@@Z 0000000180017fb4     p5engine.obj
 0002:00000fbc       $unwind$GameUpdateAndRender 0000000180017fbc     p5engine.obj
 0002:00000fd0       $unwind$GameGetSoundSamples 0000000180017fd0     p5engine.obj
 0002:00000fd8       $unwind$?GetBitmap@@YAPEAUloaded_bitmap@@PEAUgame_assets@@Ubitmap_id@@I@Z 0000000180017fd8     p5engine.obj
 0002:00000fd8       $unwind$?GetSound@@YAPEAUloaded_sound@@PEAUgame_assets@@Usound_id@@I@Z 0000000180017fd8     p5engine.obj
 0002:00000fe0       $unwind$?IsValid@@YAHUsound_id@@@Z 0000000180017fe0     p5engine.obj
 0002:00000fe8       $unwind$?GetNextSoundInChain@@YA?AUsound_id@@PEAUgame_assets@@U1@@Z 0000000180017fe8     p5engine.obj
 0002:00000ff8       $unwind$?GetRenderEntityBasisPos@@YA?AUentity_basis_p_result@@PEAUrender_transform@@Tv3@@@Z 0000000180017ff8     p5engine.obj
 0002:0000100c       $unwind$?PushBitmap@@YAXPEAUrender_group@@PEAUloaded_bitmap@@Tv3@@MTv4@@@Z 000000018001800c     p5engine.obj
 0002:00001018       $unwind$?PushBitmap@@YAXPEAUrender_group@@Ubitmap_id@@Tv3@@MTv4@@@Z 0000000180018018     p5engine.obj
 0002:00001024       $unwind$?PushRect@@YAXPEAUrender_group@@Tv3@@Tv2@@Tv4@@@Z 0000000180018024     p5engine.obj
 0002:00001030       $unwind$?PushRectOutline@@YAXPEAUrender_group@@Tv3@@Tv2@@Tv4@@@Z 0000000180018030     p5engine.obj
 0002:0000103c       $unwind$?Orthographic@@YAXPEAUrender_group@@HHM@Z 000000018001803c     p5engine.obj
 0002:0000103c       $unwind$?Perspective@@YAXPEAUrender_group@@HHMMM@Z 000000018001803c     p5engine.obj
 0002:00001044       $unwind$?RecanonicalizeCoord@@YAXMPEAHPEAM@Z 0000000180018044     p5engine.obj
 0002:00001044       $unwind$?Unproject@@YA?ATv2@@PEAUrender_group@@T1@M@Z 0000000180018044     p5engine.obj
 0002:0000104c       $unwind$?GetCameraRectangleAtTarget@@YA?AUrectangle2@@PEAUrender_group@@@Z 000000018001804c     p5engine.obj
 0002:00001058       $unwind$?NullPosition@@YA?AUworld_position@@XZ 0000000180018058     p5engine.obj
 0002:0000106c       $unwind$?GetWorldChunk@@YAPEAUworld_chunk@@PEAUworld@@HHHPEAUmemory_arena@@@Z 000000018001806c     p5engine.obj
 0002:0000106c       $unwind$__scrt_dllmain_exception_filter 000000018001806c     MSVCRTD:utility.obj
 0002:00001074       $unwind$?MapIntoChunkSpace@@YA?AUworld_position@@PEAUworld@@U1@Tv3@@@Z 0000000180018074     p5engine.obj
 0002:00001088       $unwind$?ChunkPositionFromTilePosition@@YA?AUworld_position@@PEAUworld@@HHHTv3@@@Z 0000000180018088     p5engine.obj
 0002:0000109c       $unwind$?CenteredChunkPoint@@YA?AUworld_position@@III@Z 000000018001809c     p5engine.obj
 0002:000010b0       $unwind$?ChangeEntityLocationRaw@@YAXPEAUmemory_arena@@PEAUworld@@IPEAUworld_position@@2@Z 00000001800180b0     p5engine.obj
 0002:000010bc       $unwind$?GetSimSpacePos@@YA?ATv3@@PEAUsim_region@@PEAUlow_entity@@@Z 00000001800180bc     p5engine.obj
 0002:000010c8       $unwind$?LoadEntityReference@@YAXPEAUgame_state@@PEAUsim_region@@PEATentity_reference@@@Z 00000001800180c8     p5engine.obj
 0002:000010dc       $unwind$?EntityOverlapsRectangle@@YAHTv3@@Usim_entity_collision_volume@@Urectangle3@@@Z 00000001800180dc     p5engine.obj
 0002:000010e8       $unwind$?DefaultMoveSpec@@YA?AUmove_spec@@XZ 00000001800180e8     p5engine.obj
 0002:000010fc       $unwind$?DrawRectangleQuickly@@YAXPEAUloaded_bitmap@@Tv2@@11Tv4@@0MUrectangle2i@@H@Z 00000001800180fc     p5engine_optimized.obj
 0002:00001124       $chain$9$?DrawRectangleQuickly@@YAXPEAUloaded_bitmap@@Tv2@@11Tv4@@0MUrectangle2i@@H@Z 0000000180018124     p5engine_optimized.obj
 0002:0000115c       $chain$10$?DrawRectangleQuickly@@YAXPEAUloaded_bitmap@@Tv2@@11Tv4@@0MUrectangle2i@@H@Z 000000018001815c     p5engine_optimized.obj
 0002:0000116c       $unwind$__GSHandlerCheckCommon 000000018001816c     MSVCRTD:gshandler.obj
 0002:00001178       $xdatasym                  0000000180018178     MSVCRTD:chkstk.obj
 0002:00001180       $xdatasym                  0000000180018180     MSVCRTD:amdsecgs.obj
 0002:00001184       $unwind$?dllmain_crt_process_attach@@YAHQEAUHINSTANCE__@@QEAX@Z 0000000180018184     MSVCRTD:dll_dllmain.obj
 0002:000011a4       $unwind$?fin$0@?0??dllmain_crt_process_attach@@YAHQEAUHINSTANCE__@@QEAX@Z@4HA 00000001800181a4     MSVCRTD:dll_dllmain.obj
 0002:000011a4       $unwind$?fin$0@?0??dllmain_crt_process_detach@@YAH_N@Z@4HA 00000001800181a4     MSVCRTD:dll_dllmain.obj
 0002:000011a4       $unwind$?fin$1@?0??dllmain_crt_process_detach@@YAH_N@Z@4HA 00000001800181a4     MSVCRTD:dll_dllmain.obj
 0002:000011a4       $unwind$__scrt_is_nonwritable_in_current_image$filt$0 00000001800181a4     MSVCRTD:utility.obj
 0002:000011ac       $unwind$?dllmain_crt_process_detach@@YAH_N@Z 00000001800181ac     MSVCRTD:dll_dllmain.obj
 0002:000011dc       $unwind$?dllmain_dispatch@@YAHQEAUHINSTANCE__@@KQEAX@Z 00000001800181dc     MSVCRTD:dll_dllmain.obj
 0002:000011fc       $unwind$?filt$0@?0??dllmain_dispatch@@YAHQEAUHINSTANCE__@@KQEAX@Z@4HA 00000001800181fc     MSVCRTD:dll_dllmain.obj
 0002:00001204       $unwind$_DllMainCRTStartup 0000000180018204     MSVCRTD:dll_dllmain.obj
 0002:00001204       $unwind$DllMain            0000000180018204     MSVCRTD:dll_dllmain_stub.obj
 0002:0000120c       $unwind$capture_previous_context 000000018001820c     MSVCRTD:gs_report.obj
 0002:00001214       $unwind$__scrt_initialize_default_local_stdio_options 0000000180018214     MSVCRTD:default_local_stdio_options.obj
 0002:00001214       $unwind$__security_init_cookie 0000000180018214     MSVCRTD:gs_support.obj
 0002:0000121c       $unwind$__get_entropy      000000018001821c     MSVCRTD:gs_support.obj
 0002:00001224       $unwind$?__scrt_initialize_type_info@@YAXXZ 0000000180018224     MSVCRTD:tncleanup.obj
 0002:00001224       $unwind$?__scrt_uninitialize_type_info@@YAXXZ 0000000180018224     MSVCRTD:tncleanup.obj
 0002:00001224       $unwind$?configure_argv@__scrt_narrow_argv_policy@@SAHXZ 0000000180018224     MSVCRTD:utility.obj
 0002:00001224       $unwind$?initialize_environment@__scrt_narrow_environment_policy@@SAHXZ 0000000180018224     MSVCRTD:utility.obj
 0002:00001224       $unwind$__scrt_dllmain_after_initialize_c 0000000180018224     MSVCRTD:utility.obj
 0002:00001224       $unwind$__scrt_dllmain_before_initialize_c 0000000180018224     MSVCRTD:utility.obj
 0002:00001224       $unwind$__scrt_dllmain_crt_thread_attach 0000000180018224     MSVCRTD:utility.obj
 0002:00001224       $unwind$__scrt_dllmain_crt_thread_detach 0000000180018224     MSVCRTD:utility.obj
 0002:00001224       $unwind$__scrt_dllmain_uninitialize_c 0000000180018224     MSVCRTD:utility.obj
 0002:00001224       $unwind$__scrt_dllmain_uninitialize_critical 0000000180018224     MSVCRTD:utility.obj
 0002:0000122c       $unwind$__scrt_is_nonwritable_in_current_image 000000018001822c     MSVCRTD:utility.obj
 0002:0000124c       $unwind$__scrt_acquire_startup_lock 000000018001824c     MSVCRTD:utility.obj
 0002:00001254       $unwind$__scrt_initialize_crt 0000000180018254     MSVCRTD:utility.obj
 0002:00001254       $unwind$__scrt_release_startup_lock 0000000180018254     MSVCRTD:utility.obj
 0002:0000125c       $unwind$__scrt_uninitialize_crt 000000018001825c     MSVCRTD:utility.obj
 0002:00001264       $unwind$__scrt_initialize_onexit_tables 0000000180018264     MSVCRTD:utility.obj
 0002:00001270       $unwind$__scrt_fastfail    0000000180018270     MSVCRTD:utility_desktop.obj
 0002:0000127c       $unwind$_RTC_Initialize    000000018001827c     MSVCRTD:initsect.obj
 0002:0000127c       $unwind$_RTC_Terminate     000000018001827c     MSVCRTD:initsect.obj
 0002:00001288       $unwind$__isa_available_init 0000000180018288     MSVCRTD:cpu_disp.obj
 0002:00001298       $unwind$__scrt_is_ucrt_dll_in_use 0000000180018298     MSVCRTD:ucrt_detection.obj
 0002:000012a0       $xdatasym                  00000001800182a0     MSVCRTD:guard_dispatch.obj
 0002:000012a8       $xdatasym                  00000001800182a8     MSVCRTD:guard_xfg_dispatch.obj
 0002:000012b0       .edata                     00000001800182b0     P5Engine.exp
 0002:000012d8       rgpv                       00000001800182d8     P5Engine.exp
 0002:000012e0       rgszName                   00000001800182e0     P5Engine.exp
 0002:000012e8       rgwOrd                     00000001800182e8     P5Engine.exp
 0002:000012ec       szName                     00000001800182ec     P5Engine.exp
 0002:000012f9       $N00001                    00000001800182f9     P5Engine.exp
 0002:0000130d       $N00002                    000000018001830d     P5Engine.exp
 0002:000014b0       .idata$6                   00000001800184b0     vcruntimed:VCRUNTIME140D.dll
 0002:0000158a       .idata$6                   000000018001858a     ucrtd:ucrtbased.dll
 0002:000016fe       .idata$6                   00000001800186fe     kernel32:KERNEL32.dll
 0003:00000000       ?RandomNumberTable@@3PAIA  0000000180019000     p5engine.obj
 0003:00004048       ?DEBUGRenderGroup@@3PEAUrender_group@@EA 000000018001d048     p5engine.obj
 0003:00004050       ?Platform@@3Uplatform_api@@A 000000018001d050     p5engine.obj
 0003:000040b0       ?LeftEdge@@3MA             000000018001d0b0     p5engine.obj
 0003:000040b4       ?FontScale@@3MA            000000018001d0b4     p5engine.obj
 0003:000040b8       ?AtY@@3MA                  000000018001d0b8     p5engine.obj
 0003:000040bc       ?__proc_attached@@3HA      000000018001d0bc     MSVCRTD:dll_dllmain.obj
 0003:000040c0       GS_ExceptionRecord         000000018001d0c0     MSVCRTD:gs_report.obj
 0003:00004160       GS_ContextRecord           000000018001d160     MSVCRTD:gs_report.obj
 0003:00004660       ?is_initialized_as_dll@@3_NA 000000018001d660     MSVCRTD:utility.obj
 0003:00004661       ?module_local_atexit_table_initialized@@3_NA 000000018001d661     MSVCRTD:utility.obj
 0003:00004668       ?module_local_atexit_table@@3U_onexit_table_t@@A 000000018001d668     MSVCRTD:utility.obj
 0003:00004680       ?module_local_at_quick_exit_table@@3U_onexit_table_t@@A 000000018001d680     MSVCRTD:utility.obj
 0005:00000000       __20BB4341_malloc@h        000000018001f000     p5engine.obj
 0005:00000001       __A435B42B_p5engine_types@h 000000018001f001     p5engine.obj
 0005:00000002       __7D4BEAAE_p5engine_platform@h 000000018001f002     p5engine.obj
 0005:00000003       __741AE07E_corecrt_math@h  000000018001f003     p5engine.obj
 0005:00000004       __7BF3FA8A_p5engine_intrinsics@h 000000018001f004     p5engine.obj
 0005:00000005       __87290AA6_p5engine_math@h 000000018001f005     p5engine.obj
 0005:00000006       __B7A387D6_p5engine_random@h 000000018001f006     p5engine.obj
 0005:00000007       __F17FF173_p5engine_entity@h 000000018001f007     p5engine.obj
 0005:00000008       __72A74871_p5engine_asset@h 000000018001f008     p5engine.obj
 0005:00000009       __BD87FD4A_p5engine@h      000000018001f009     p5engine.obj
 0005:0000000a       __6F2BF339_p5engine_render_group@cpp 000000018001f00a     p5engine.obj
 0005:0000000b       __281AC6F8_p5engine_world@cpp 000000018001f00b     p5engine.obj
 0005:0000000c       __B07C4A52_p5engine_sim_region@cpp 000000018001f00c     p5engine.obj
 0005:0000000d       __BDC7FEEB_p5engine_entity@cpp 000000018001f00d     p5engine.obj
 0005:0000000e       __3D4C1499_p5engine_asset@cpp 000000018001f00e     p5engine.obj
 0005:0000000f       __39A8D9B6_p5engine_audio@cpp 000000018001f00f     p5engine.obj
 0005:00000010       __BAF57382_p5engine@cpp    000000018001f010     p5engine.obj
 0005:00000011       __20BB4341_malloc@h        000000018001f011     p5engine_optimized.obj
 0005:00000012       __A435B42B_p5engine_types@h 000000018001f012     p5engine_optimized.obj
 0005:00000013       __7D4BEAAE_p5engine_platform@h 000000018001f013     p5engine_optimized.obj
 0005:00000014       __741AE07E_corecrt_math@h  000000018001f014     p5engine_optimized.obj
 0005:00000015       __7BF3FA8A_p5engine_intrinsics@h 000000018001f015     p5engine_optimized.obj
 0005:00000016       __87290AA6_p5engine_math@h 000000018001f016     p5engine_optimized.obj
 0005:00000017       __B7A387D6_p5engine_random@h 000000018001f017     p5engine_optimized.obj
 0005:00000018       __F17FF173_p5engine_entity@h 000000018001f018     p5engine_optimized.obj
 0005:00000019       __72A74871_p5engine_asset@h 000000018001f019     p5engine_optimized.obj
 0005:0000001a       __BD87FD4A_p5engine@h      000000018001f01a     p5engine_optimized.obj
 0005:0000001b       __03FC23C0_p5engine_optimized@cpp 000000018001f01b     p5engine_optimized.obj
 0006:00000060       $R000000                   0000000180020060     * linker generated manifest res *
