 P5Engine

 Timestamp is 613f0b3d (Mon Sep 13 01:26:37 2021)

 Preferred load address is 0000000180000000

 Start         Length     Name                   Class
 0001:00000000 00010000H .textbss                DATA
 0002:00000000 00014630H .text$mn                CODE
 0002:00014630 00001040H .text$mn$00             CODE
 0002:00015670 00001141H .text$x                 CODE
 0003:00000000 00000110H .CRT$XCA                DATA
 0003:00000110 00000110H .CRT$XCZ                DATA
 0003:00000220 00000110H .CRT$XIA                DATA
 0003:00000330 00000110H .CRT$XIZ                DATA
 0003:00000440 00000110H .CRT$XPA                DATA
 0003:00000550 00000110H .CRT$XPZ                DATA
 0003:00000660 00000110H .CRT$XTA                DATA
 0003:00000770 00000110H .CRT$XTZ                DATA
 0003:00000880 00003c00H .rdata                  DATA
 0003:00004480 00000110H .rdata$CastGuardVftablesA DATA
 0003:00004590 0000010cH .rdata$CastGuardVftablesC DATA
 0003:0000469c 0000017cH .rdata$zzzdbg           DATA
 0003:00004818 00000110H .rtc$IAA                DATA
 0003:00004928 00000110H .rtc$IMZ                DATA
 0003:00004a38 00000110H .rtc$IZZ                DATA
 0003:00004b48 00000110H .rtc$TAA                DATA
 0003:00004c58 00000110H .rtc$TMZ                DATA
 0003:00004d68 00000110H .rtc$TZZ                DATA
 0003:00004e78 000011a8H .xdata                  DATA
 0003:00006020 00000187H .edata                  DATA
 0004:00000000 00004e40H .data                   DATA
 0004:00004e40 00000788H .bss                    DATA
 0005:00000000 00002688H .pdata                  DATA
 0006:00000000 00000340H .idata$5                DATA
 0006:00000340 0000003cH .idata$2                DATA
 0006:0000037c 00000014H .idata$3                DATA
 0006:00000390 00000340H .idata$4                DATA
 0006:000006d0 00000656H .idata$6                DATA
 0007:00000000 0000010dH .msvcjmc                DATA
 0008:00000000 00000151H .00cfg                  DATA
 0009:00000000 00000170H .rsrc$01                DATA
 0009:00000170 000001b6H .rsrc$02                DATA

  Address         Publics by Value              Rva+Base               Lib:Object

 0000:00000000       __arm64x_native_entrypoint 0000000000000000     <absolute>
 0000:00000000       __arm64x_redirection_metadata 0000000000000000     <absolute>
 0000:00000000       __guard_fids_table         0000000000000000     <absolute>
 0000:00000000       __guard_iat_table          0000000000000000     <absolute>
 0000:00000000       __guard_check_icall_a64n_fptr 0000000000000000     <absolute>
 0000:00000000       __x64_code_ranges_to_entry_points_count 0000000000000000     <absolute>
 0000:00000000       ___safe_se_handler_table   0000000000000000     <absolute>
 0000:00000000       __guard_iat_count          0000000000000000     <absolute>
 0000:00000000       ___safe_se_handler_count   0000000000000000     <absolute>
 0000:00000000       __guard_longjmp_count      0000000000000000     <absolute>
 0000:00000000       __hybrid_code_map_count    0000000000000000     <absolute>
 0000:00000000       __dynamic_value_reloc_table 0000000000000000     <absolute>
 0000:00000000       __AbsoluteZero             0000000000000000     <absolute>
 0000:00000000       __arm64x_extra_rfe_table_size 0000000000000000     <absolute>
 0000:00000000       __hybrid_auxiliary_iat     0000000000000000     <absolute>
 0000:00000000       __arm64x_redirection_metadata_count 0000000000000000     <absolute>
 0000:00000000       __guard_longjmp_table      0000000000000000     <absolute>
 0000:00000000       __hybrid_auxiliary_iat_copy 0000000000000000     <absolute>
 0000:00000000       __x64_code_ranges_to_entry_points 0000000000000000     <absolute>
 0000:00000000       __guard_eh_cont_count      0000000000000000     <absolute>
 0000:00000000       __enclave_config           0000000000000000     <absolute>
 0000:00000000       __volatile_metadata        0000000000000000     <absolute>
 0000:00000000       __guard_fids_count         0000000000000000     <absolute>
 0000:00000000       __guard_eh_cont_table      0000000000000000     <absolute>
 0000:00000000       __arm64x_extra_rfe_table   0000000000000000     <absolute>
 0000:00000000       __hybrid_code_map          0000000000000000     <absolute>
 0000:00000100       __guard_flags              0000000000000100     <absolute>
 0000:00000000       __ImageBase                0000000180000000     <linker-defined>
 0001:00000000       __enc$textbss$begin        0000000180001000     <linker-defined>
 0001:00010000       __enc$textbss$end          0000000180011000     <linker-defined>
 0002:00000970       ??D@YA?ATv2@@MT0@@Z        0000000180011970 f i p5engine.obj
 0002:00000a60       ??D@YA?ATv3@@MT0@@Z        0000000180011a60 f i p5engine.obj
 0002:00000ba0       ??D@YA?ATv3@@T0@M@Z        0000000180011ba0 f i p5engine.obj
 0002:00000ca0       ??G@YA?ATv2@@T0@0@Z        0000000180011ca0 f i p5engine.obj
 0002:00000d90       ??G@YA?ATv3@@T0@0@Z        0000000180011d90 f i p5engine.obj
 0002:00000ee0       ??H@YA?ATv2@@T0@0@Z        0000000180011ee0 f i p5engine.obj
 0002:00000fd0       ??H@YA?ATv3@@T0@0@Z        0000000180011fd0 f i p5engine.obj
 0002:00001120       ??X@YAAEATv3@@AEAT0@M@Z    0000000180012120 f i p5engine.obj
 0002:000011e0       ??Y@YAAEATv2@@AEAT0@T0@@Z  00000001800121e0 f i p5engine.obj
 0002:00001260       ??Y@YAAEATv3@@AEAT0@T0@@Z  0000000180012260 f i p5engine.obj
 0002:00001340       ??Z@YAAEATv3@@AEAT0@T0@@Z  0000000180012340 f i p5engine.obj
 0002:00001420       ?AbsoluteValue@@YAMM@Z     0000000180012420 f i p5engine.obj
 0002:00001c20       ?AddFlags@@YAXPEAUsim_entity@@I@Z 0000000180012c20 f i p5engine.obj
 0002:000023e0       ?AddRadiusTo@@YA?AUrectangle3@@U1@Tv3@@@Z 00000001800133e0 f i p5engine.obj
 0002:00002d60       ?AreInSameChunk@@YAHPEAUworld@@PEAUworld_position@@1@Z 0000000180013d60 f i p5engine.obj
 0002:00003b30       ?ChangeEntityLocationRaw@@YAXPEAUmemory_arena@@PEAUworld@@IPEAUworld_position@@2@Z 0000000180014b30 f i p5engine.obj
 0002:00004030       ?ChunkPositionFromTilePosition@@YA?AUworld_position@@PEAUworld@@HHHTv3@@@Z 0000000180015030 f i p5engine.obj
 0002:00004390       ?Clamp01@@YA?ATv2@@T1@@Z   0000000180015390 f i p5engine.obj
 0002:00004470       ?Clamp01@@YAMM@Z           0000000180015470 f i p5engine.obj
 0002:000044d0       ?Clamp@@YAMMMM@Z           00000001800154d0 f i p5engine.obj
 0002:000046a0       ?ClearFlags@@YAXPEAUsim_entity@@I@Z 00000001800156a0 f i p5engine.obj
 0002:00004b90       ?DefaultMoveSpec@@YA?AUmove_spec@@XZ 0000000180015b90 f i p5engine.obj
 0002:00005fb0       ?EntityOverlapsRectangle@@YAHTv3@@Usim_entity_collision_volume@@Urectangle3@@@Z 0000000180016fb0 f i p5engine.obj
 0002:000061e0       ?FindLeastSignificantSetBit@@YA?AUbit_scan_result@@I@Z 00000001800171e0 f i p5engine.obj
 0002:000063a0       ?GetBarycentric@@YA?ATv2@@Urectangle2@@T1@@Z 00000001800173a0 f i p5engine.obj
 0002:000064e0       ?GetEntityGroundPoint@@YA?ATv3@@PEAUsim_entity@@@Z 00000001800174e0 f i p5engine.obj
 0002:000066b0       ?GetLowEntity@@YAPEAUlow_entity@@PEAUgame_state@@I@Z 00000001800176b0 f i p5engine.obj
 0002:00006750       ?GetMaxCorner@@YA?ATv3@@Urectangle3@@@Z 0000000180017750 f i p5engine.obj
 0002:00006810       ?GetMinCorner@@YA?ATv3@@Urectangle3@@@Z 0000000180017810 f i p5engine.obj
 0002:000068d0       ?GetSimSpacePos@@YA?ATv3@@PEAUsim_region@@PEAUlow_entity@@@Z 00000001800178d0 f i p5engine.obj
 0002:00006a50       ?GetStairGround@@YAMPEAUsim_entity@@Tv3@@@Z 0000000180017a50 f i p5engine.obj
 0002:00006bc0       ?GetWorldChunk@@YAPEAUworld_chunk@@PEAUworld@@HHHPEAUmemory_arena@@@Z 0000000180017bc0 f i p5engine.obj
 0002:00006e40       ?Hadamard@@YA?ATv3@@T1@0@Z 0000000180017e40 f i p5engine.obj
 0002:00007190       ?HasFlag@@YAHPEAUsim_entity@@I@Z 0000000180018190 f i p5engine.obj
 0002:000072b0       ?InitializeArena@@YAXPEAUmemory_arena@@_KPEAX@Z 00000001800182b0 f i p5engine.obj
 0002:000074a0       ?Inner@@YAMTv3@@0@Z        00000001800184a0 f i p5engine.obj
 0002:00007550       ?IsCanonical@@YAHMM@Z      0000000180018550 f i p5engine.obj
 0002:00007620       ?IsCanonical@@YAHPEAUworld@@Tv3@@@Z 0000000180018620 f i p5engine.obj
 0002:00007700       ?IsInRectangle@@YAHUrectangle3@@Tv3@@@Z 0000000180018700 f i p5engine.obj
 0002:00007820       ?IsValid@@YAHUworld_position@@@Z 0000000180018820 f i p5engine.obj
 0002:00007890       ?Length@@YAMTv3@@@Z        0000000180018890 f i p5engine.obj
 0002:00007910       ?LengthSq@@YAMTv3@@@Z      0000000180018910 f i p5engine.obj
 0002:000079b0       ?LoadEntityReference@@YAXPEAUgame_state@@PEAUsim_region@@PEATentity_reference@@@Z 00000001800189b0 f i p5engine.obj
 0002:00007b50       ?MakeEntityNonSpatial@@YAXPEAUsim_entity@@@Z 0000000180018b50 f i p5engine.obj
 0002:00007c10       ?MakeEntitySpatial@@YAXPEAUsim_entity@@Tv3@@1@Z 0000000180018c10 f i p5engine.obj
 0002:00007f70       ?MapIntoChunkSpace@@YA?AUworld_position@@PEAUworld@@U1@Tv3@@@Z 0000000180018f70 f i p5engine.obj
 0002:00009fb0       ?NullPosition@@YA?AUworld_position@@XZ 000000018001afb0 f i p5engine.obj
 0002:0000a090       ?PushBitmap@@YAXPEAUentity_visible_piece_group@@PEAUloaded_bitmap@@Tv2@@M2MM@Z 000000018001b090 f i p5engine.obj
 0002:0000a230       ?PushPiece@@YAXPEAUentity_visible_piece_group@@PEAUloaded_bitmap@@Tv2@@2M2Tv4@@M@Z 000000018001b230 f i p5engine.obj
 0002:0000a430       ?PushRect@@YAXPEAUentity_visible_piece_group@@Tv2@@M1Tv4@@M@Z 000000018001b430 f i p5engine.obj
 0002:0000a520       ?PushRectOutline@@YAXPEAUentity_visible_piece_group@@Tv2@@M1Tv4@@M@Z 000000018001b520 f i p5engine.obj
 0002:0000a980       ?PushSize_@@YAPEAXPEAUmemory_arena@@_K@Z 000000018001b980 f i p5engine.obj
 0002:0000aa40       ?RecanonicalizeCoord@@YAXMPEAHPEAM@Z 000000018001ba40 f i p5engine.obj
 0002:0000ab30       ?RectCenterDim@@YA?AUrectangle2@@Tv2@@0@Z 000000018001bb30 f i p5engine.obj
 0002:0000ac30       ?RectCenterDim@@YA?AUrectangle3@@Tv3@@0@Z 000000018001bc30 f i p5engine.obj
 0002:0000ada0       ?RectCenterHalfDim@@YA?AUrectangle2@@Tv2@@0@Z 000000018001bda0 f i p5engine.obj
 0002:0000aee0       ?RectCenterHalfDim@@YA?AUrectangle3@@Tv3@@0@Z 000000018001bee0 f i p5engine.obj
 0002:0000b0f0       ?RectanglesIntersect@@YAHUrectangle3@@0@Z 000000018001c0f0 f i p5engine.obj
 0002:0000b220       ?RotateLeft@@YAIIH@Z       000000018001c220 f i p5engine.obj
 0002:0000b280       ?RoundReal32ToInt32@@YAHM@Z 000000018001c280 f i p5engine.obj
 0002:0000b2e0       ?RoundReal32ToUInt32@@YAIM@Z 000000018001c2e0 f i p5engine.obj
 0002:0000b340       ?Sin@@YAMM@Z               000000018001c340 f i p5engine.obj
 0002:0000b4f0       ?Square@@YAMM@Z            000000018001c4f0 f i p5engine.obj
 0002:0000b550       ?SquareRoot@@YAMM@Z        000000018001c550 f i p5engine.obj
 0002:0000b5b0       ?StoreEntityReference@@YAXPEATentity_reference@@@Z 000000018001c5b0 f i p5engine.obj
 0002:0000b940       ?V2@@YA?ATv2@@MM@Z         000000018001c940 f i p5engine.obj
 0002:0000ba10       ?V3@@YA?ATv3@@MMM@Z        000000018001ca10 f i p5engine.obj
 0002:0000bb30       ?V4@@YA?ATv4@@MMMM@Z       000000018001cb30 f i p5engine.obj
 0002:0000bc60       ?ZeroSize@@YAX_KPEAX@Z     000000018001cc60 f i p5engine.obj
 0002:0000bd00       GameGetSoundSamples        000000018001cd00 f   p5engine.obj
 0002:0000bd70       GameUpdateAndRender        000000018001cd70 f   p5engine.obj
 0002:0000f000       GetController              0000000180020000 f i p5engine.obj
 0002:0000f080       __JustMyCode_Default       0000000180020080 f i p5engine.obj
 0002:0000f090       _RTC_AllocaHelper          0000000180020090 f   MSVCRTD:stack.obj
 0002:0000f0e0       _RTC_CheckStackVars        00000001800200e0 f   MSVCRTD:stack.obj
 0002:0000f190       _RTC_CheckStackVars2       0000000180020190 f   MSVCRTD:stack.obj
 0002:0000f2e0       _CRT_RTC_INIT              00000001800202e0 f   MSVCRTD:init.obj
 0002:0000f2f0       _CRT_RTC_INITW             00000001800202f0 f   MSVCRTD:init.obj
 0002:0000f300       _RTC_InitBase              0000000180020300 f   MSVCRTD:init.obj
 0002:0000f350       _RTC_Shutdown              0000000180020350 f   MSVCRTD:init.obj
 0002:0000f380       __CheckForDebuggerJustMyCode 0000000180020380 f   MSVCRTD:debugger_jmc.obj
 0002:0000f3d0       __GSHandlerCheck           00000001800203d0 f   MSVCRTD:gshandler.obj
 0002:0000f420       __GSHandlerCheckCommon     0000000180020420 f   MSVCRTD:gshandler.obj
 0002:0000f570       __chkstk                   0000000180020570 f   MSVCRTD:chkstk.obj
 0002:0000f570       _alloca_probe              0000000180020570 f   MSVCRTD:chkstk.obj
 0002:0000f5f0       __security_check_cookie    00000001800205f0 f   MSVCRTD:amdsecgs.obj
 0002:0000fb20       _CRT_INIT                  0000000180020b20 f   MSVCRTD:dll_dllmain.obj
 0002:0000fb60       _DllMainCRTStartup         0000000180020b60 f   MSVCRTD:dll_dllmain.obj
 0002:0000fc60       ?_RTC_AllocaFailure@@YAXPEAXPEAU_RTC_ALLOCA_NODE@@H@Z 0000000180020c60 f   MSVCRTD:error.obj
 0002:0000fe10       ?_RTC_Failure@@YAXPEAXH@Z  0000000180020e10 f   MSVCRTD:error.obj
 0002:0000fe80       ?_RTC_StackFailure@@YAXPEAXPEBD@Z 0000000180020e80 f   MSVCRTD:error.obj
 0002:000103c0       _RTC_UninitUse             00000001800213c0 f   MSVCRTD:error.obj
 0002:000104c0       __local_stdio_printf_options 00000001800214c0 f i MSVCRTD:error.obj
 0002:000104d0       _vsprintf_s_l              00000001800214d0 f i MSVCRTD:error.obj
 0002:00010550       sprintf_s                  0000000180021550 f i MSVCRTD:error.obj
 0002:00010580       ?_RTC_GetErrorFunc@@YAP6AHHPEBDH00ZZPEBX@Z 0000000180021580 f   MSVCRTD:userapi.obj
 0002:00010590       ?_RTC_GetErrorFuncW@@YAP6AHHPEB_WH00ZZPEBX@Z 0000000180021590 f   MSVCRTD:userapi.obj
 0002:000105a0       _RTC_GetErrDesc            00000001800215a0 f   MSVCRTD:userapi.obj
 0002:000105c0       _RTC_NumErrors             00000001800215c0 f   MSVCRTD:userapi.obj
 0002:000105d0       _RTC_SetErrorFunc          00000001800215d0 f   MSVCRTD:userapi.obj
 0002:000105f0       _RTC_SetErrorFuncW         00000001800215f0 f   MSVCRTD:userapi.obj
 0002:00010610       _RTC_SetErrorType          0000000180021610 f   MSVCRTD:userapi.obj
 0002:00010640       __raise_securityfailure    0000000180021640 f   MSVCRTD:gs_report.obj
 0002:00010690       __report_gsfailure         0000000180021690 f   MSVCRTD:gs_report.obj
 0002:000107a0       __report_rangecheckfailure 00000001800217a0 f   MSVCRTD:gs_report.obj
 0002:000107c0       __report_securityfailure   00000001800217c0 f   MSVCRTD:gs_report.obj
 0002:00010890       __report_securityfailureEx 0000000180021890 f   MSVCRTD:gs_report.obj
 0002:00010c80       __security_init_cookie     0000000180021c80 f   MSVCRTD:gs_support.obj
 0002:00010d20       DllMain                    0000000180021d20 f   MSVCRTD:dll_dllmain_stub.obj
 0002:00010d70       ?__scrt_initialize_type_info@@YAXXZ 0000000180021d70 f   MSVCRTD:tncleanup.obj
 0002:00010d90       ?__scrt_uninitialize_type_info@@YAXXZ 0000000180021d90 f   MSVCRTD:tncleanup.obj
 0002:00010db0       __local_stdio_scanf_options 0000000180021db0 f i MSVCRTD:default_local_stdio_options.obj
 0002:00010dc0       __scrt_initialize_default_local_stdio_options 0000000180021dc0 f   MSVCRTD:default_local_stdio_options.obj
 0002:00010e20       ?configure_argv@__scrt_narrow_argv_policy@@SAHXZ 0000000180021e20 f i MSVCRTD:utility.obj
 0002:00010f40       ?initialize_environment@__scrt_narrow_environment_policy@@SAHXZ 0000000180021f40 f i MSVCRTD:utility.obj
 0002:00011010       NtCurrentTeb               0000000180022010 f i MSVCRTD:utility.obj
 0002:00011020       __scrt_acquire_startup_lock 0000000180022020 f   MSVCRTD:utility.obj
 0002:000110a0       __scrt_dllmain_after_initialize_c 00000001800220a0 f   MSVCRTD:utility.obj
 0002:000110e0       __scrt_dllmain_before_initialize_c 00000001800220e0 f   MSVCRTD:utility.obj
 0002:00011110       __scrt_dllmain_crt_thread_attach 0000000180022110 f   MSVCRTD:utility.obj
 0002:00011150       __scrt_dllmain_crt_thread_detach 0000000180022150 f   MSVCRTD:utility.obj
 0002:00011170       __scrt_dllmain_exception_filter 0000000180022170 f   MSVCRTD:utility.obj
 0002:000111f0       __scrt_dllmain_uninitialize_c 00000001800221f0 f   MSVCRTD:utility.obj
 0002:00011230       __scrt_dllmain_uninitialize_critical 0000000180022230 f   MSVCRTD:utility.obj
 0002:00011250       __scrt_initialize_crt      0000000180022250 f   MSVCRTD:utility.obj
 0002:000112b0       __scrt_initialize_onexit_tables 00000001800222b0 f   MSVCRTD:utility.obj
 0002:00011400       __scrt_is_nonwritable_in_current_image 0000000180022400 f   MSVCRTD:utility.obj
 0002:000114b0       __scrt_release_startup_lock 00000001800224b0 f   MSVCRTD:utility.obj
 0002:000114f0       __scrt_uninitialize_crt    00000001800224f0 f   MSVCRTD:utility.obj
 0002:00011540       _onexit                    0000000180022540 f   MSVCRTD:utility.obj
 0002:000115e0       at_quick_exit              00000001800225e0 f   MSVCRTD:utility.obj
 0002:00011640       atexit                     0000000180022640 f   MSVCRTD:utility.obj
 0002:00011680       __scrt_get_dyn_tls_init_callback 0000000180022680 f   MSVCRTD:dyn_tls_init.obj
 0002:00011690       __crt_debugger_hook        0000000180022690 f   MSVCRTD:utility_desktop.obj
 0002:000116b0       __scrt_fastfail            00000001800226b0 f   MSVCRTD:utility_desktop.obj
 0002:000118b0       __scrt_get_show_window_mode 00000001800228b0 f   MSVCRTD:utility_desktop.obj
 0002:00011920       __scrt_initialize_mta      0000000180022920 f   MSVCRTD:utility_desktop.obj
 0002:00011940       __scrt_initialize_winrt    0000000180022940 f   MSVCRTD:utility_desktop.obj
 0002:00011950       __scrt_is_managed_app      0000000180022950 f   MSVCRTD:utility_desktop.obj
 0002:00011a20       __scrt_set_unhandled_exception_filter 0000000180022a20 f   MSVCRTD:utility_desktop.obj
 0002:00011a40       __scrt_stub_for_initialize_mta 0000000180022a40 f   MSVCRTD:utility_desktop.obj
 0002:00011a40       __scrt_exe_initialize_mta  0000000180022a40 f   MSVCRTD:utility_desktop.obj
 0002:00011a50       __scrt_unhandled_exception_filter 0000000180022a50 f   MSVCRTD:utility_desktop.obj
 0002:00011b10       _RTC_Initialize            0000000180022b10 f   MSVCRTD:initsect.obj
 0002:00011b70       _RTC_Terminate             0000000180022b70 f   MSVCRTD:initsect.obj
 0002:00011bd0       _guard_check_icall_nop     0000000180022bd0 f i MSVCRTD:guard_support.obj
 0002:00011be0       ReadNoFence64              0000000180022be0 f i MSVCRTD:guard_support.obj
 0002:00011c10       ReadPointerNoFence         0000000180022c10 f i MSVCRTD:guard_support.obj
 0002:00011c30       __castguard_check_failure_debugbreak 0000000180022c30 f i MSVCRTD:guard_support.obj
 0002:00011c60       __castguard_check_failure_fastfail 0000000180022c60 f i MSVCRTD:guard_support.obj
 0002:00011c90       __castguard_check_failure_nop 0000000180022c90 f i MSVCRTD:guard_support.obj
 0002:00011ca0       __castguard_check_failure_os_handled 0000000180022ca0 f i MSVCRTD:guard_support.obj
 0002:00011d90       __castguard_slow_path_check_debugbreak 0000000180022d90 f i MSVCRTD:guard_support.obj
 0002:00011de0       __castguard_slow_path_check_fastfail 0000000180022de0 f i MSVCRTD:guard_support.obj
 0002:00011e40       __castguard_slow_path_check_nop 0000000180022e40 f i MSVCRTD:guard_support.obj
 0002:00011e60       __castguard_slow_path_check_os_handled 0000000180022e60 f i MSVCRTD:guard_support.obj
 0002:00011f70       _guard_icall_checks_enforced 0000000180022f70 f i MSVCRTD:guard_support.obj
 0002:00011fc0       _guard_rf_checks_enforced  0000000180022fc0 f i MSVCRTD:guard_support.obj
 0002:00012620       ?_RTC_GetSrcLine@@YAHPEAEPEA_WKPEAH1K@Z 0000000180023620 f   MSVCRTD:pdblkup.obj
 0002:00012ae0       __isa_available_init       0000000180023ae0 f   MSVCRTD:cpu_disp.obj
 0002:00012f60       _get_startup_argv_mode     0000000180023f60 f   MSVCRTD:argv_mode.obj
 0002:00012f70       __scrt_is_ucrt_dll_in_use  0000000180023f70 f   MSVCRTD:ucrt_detection.obj
 0002:00012fa0       __C_specific_handler       0000000180023fa0 f   vcruntimed:VCRUNTIME140D.dll
 0002:00012fa6       __C_specific_handler_noexcept 0000000180023fa6 f   vcruntimed:VCRUNTIME140D.dll
 0002:00012fac       __std_type_info_destroy_list 0000000180023fac f   vcruntimed:VCRUNTIME140D.dll
 0002:00012fb2       __current_exception        0000000180023fb2 f   vcruntimed:VCRUNTIME140D.dll
 0002:00012fb8       __current_exception_context 0000000180023fb8 f   vcruntimed:VCRUNTIME140D.dll
 0002:00012fbe       __vcrt_GetModuleFileNameW  0000000180023fbe f   vcruntimed:VCRUNTIME140D.dll
 0002:00012fc4       __vcrt_GetModuleHandleW    0000000180023fc4 f   vcruntimed:VCRUNTIME140D.dll
 0002:00012fca       __vcrt_LoadLibraryExW      0000000180023fca f   vcruntimed:VCRUNTIME140D.dll
 0002:00012fd0       fabs                       0000000180023fd0 f   ucrtd:ucrtbased.dll
 0002:00012fd6       roundf                     0000000180023fd6 f   ucrtd:ucrtbased.dll
 0002:00012fdc       sinf                       0000000180023fdc f   ucrtd:ucrtbased.dll
 0002:00012fe2       sqrtf                      0000000180023fe2 f   ucrtd:ucrtbased.dll
 0002:00012fe8       _rotl                      0000000180023fe8 f   ucrtd:ucrtbased.dll
 0002:00012fee       _CrtDbgReport              0000000180023fee f   ucrtd:ucrtbased.dll
 0002:00012ff4       _CrtDbgReportW             0000000180023ff4 f   ucrtd:ucrtbased.dll
 0002:00012ffa       _initterm                  0000000180023ffa f   ucrtd:ucrtbased.dll
 0002:00013000       _initterm_e                0000000180024000 f   ucrtd:ucrtbased.dll
 0002:00013006       strcpy_s                   0000000180024006 f   ucrtd:ucrtbased.dll
 0002:0001300c       strcat_s                   000000018002400c f   ucrtd:ucrtbased.dll
 0002:00013012       __stdio_common_vsprintf_s  0000000180024012 f   ucrtd:ucrtbased.dll
 0002:00013018       _seh_filter_dll            0000000180024018 f   ucrtd:ucrtbased.dll
 0002:0001301e       _configure_narrow_argv     000000018002401e f   ucrtd:ucrtbased.dll
 0002:00013024       _initialize_narrow_environment 0000000180024024 f   ucrtd:ucrtbased.dll
 0002:0001302a       _initialize_onexit_table   000000018002402a f   ucrtd:ucrtbased.dll
 0002:00013030       _register_onexit_function  0000000180024030 f   ucrtd:ucrtbased.dll
 0002:00013036       _execute_onexit_table      0000000180024036 f   ucrtd:ucrtbased.dll
 0002:0001303c       _crt_atexit                000000018002403c f   ucrtd:ucrtbased.dll
 0002:00013042       _crt_at_quick_exit         0000000180024042 f   ucrtd:ucrtbased.dll
 0002:00013048       _cexit                     0000000180024048 f   ucrtd:ucrtbased.dll
 0002:0001304e       terminate                  000000018002404e f   ucrtd:ucrtbased.dll
 0002:00013054       _wmakepath_s               0000000180024054 f   ucrtd:ucrtbased.dll
 0002:0001305a       _wsplitpath_s              000000018002405a f   ucrtd:ucrtbased.dll
 0002:00013060       wcscpy_s                   0000000180024060 f   ucrtd:ucrtbased.dll
 0002:00013066       GetCurrentThreadId         0000000180024066 f   kernel32:KERNEL32.dll
 0002:0001306c       IsDebuggerPresent          000000018002406c f   kernel32:KERNEL32.dll
 0002:00013072       RaiseException             0000000180024072 f   kernel32:KERNEL32.dll
 0002:00013078       MultiByteToWideChar        0000000180024078 f   kernel32:KERNEL32.dll
 0002:0001307e       WideCharToMultiByte        000000018002407e f   kernel32:KERNEL32.dll
 0002:00013084       RtlCaptureContext          0000000180024084 f   kernel32:KERNEL32.dll
 0002:0001308a       RtlLookupFunctionEntry     000000018002408a f   kernel32:KERNEL32.dll
 0002:00013090       RtlVirtualUnwind           0000000180024090 f   kernel32:KERNEL32.dll
 0002:00013096       UnhandledExceptionFilter   0000000180024096 f   kernel32:KERNEL32.dll
 0002:0001309c       SetUnhandledExceptionFilter 000000018002409c f   kernel32:KERNEL32.dll
 0002:000130a2       GetCurrentProcess          00000001800240a2 f   kernel32:KERNEL32.dll
 0002:000130a8       TerminateProcess           00000001800240a8 f   kernel32:KERNEL32.dll
 0002:000130ae       IsProcessorFeaturePresent  00000001800240ae f   kernel32:KERNEL32.dll
 0002:000130b4       QueryPerformanceCounter    00000001800240b4 f   kernel32:KERNEL32.dll
 0002:000130ba       GetCurrentProcessId        00000001800240ba f   kernel32:KERNEL32.dll
 0002:000130c0       GetSystemTimeAsFileTime    00000001800240c0 f   kernel32:KERNEL32.dll
 0002:000130c6       DisableThreadLibraryCalls  00000001800240c6 f   kernel32:KERNEL32.dll
 0002:000130cc       InitializeSListHead        00000001800240cc f   kernel32:KERNEL32.dll
 0002:000130d2       GetStartupInfoW            00000001800240d2 f   kernel32:KERNEL32.dll
 0002:000130d8       GetModuleHandleW           00000001800240d8 f   kernel32:KERNEL32.dll
 0002:000130de       GetLastError               00000001800240de f   kernel32:KERNEL32.dll
 0002:000130e4       HeapAlloc                  00000001800240e4 f   kernel32:KERNEL32.dll
 0002:000130ea       HeapFree                   00000001800240ea f   kernel32:KERNEL32.dll
 0002:000130f0       GetProcessHeap             00000001800240f0 f   kernel32:KERNEL32.dll
 0002:000130f6       VirtualQuery               00000001800240f6 f   kernel32:KERNEL32.dll
 0002:000130fc       FreeLibrary                00000001800240fc f   kernel32:KERNEL32.dll
 0002:00013102       GetProcAddress             0000000180024102 f   kernel32:KERNEL32.dll
 0002:00013110       __acrt_initialize          0000000180024110 f   MSVCRTD:ucrt_stubs.obj
 0002:00013110       __scrt_stub_for_acrt_initialize 0000000180024110 f   MSVCRTD:ucrt_stubs.obj
 0002:00013110       __vcrt_initialize          0000000180024110 f   MSVCRTD:ucrt_stubs.obj
 0002:00013120       __acrt_thread_attach       0000000180024120 f   MSVCRTD:ucrt_stubs.obj
 0002:00013120       __vcrt_thread_attach       0000000180024120 f   MSVCRTD:ucrt_stubs.obj
 0002:00013120       __scrt_stub_for_acrt_thread_attach 0000000180024120 f   MSVCRTD:ucrt_stubs.obj
 0002:00013130       __scrt_stub_for_acrt_thread_detach 0000000180024130 f   MSVCRTD:ucrt_stubs.obj
 0002:00013130       __acrt_thread_detach       0000000180024130 f   MSVCRTD:ucrt_stubs.obj
 0002:00013130       __vcrt_thread_detach       0000000180024130 f   MSVCRTD:ucrt_stubs.obj
 0002:00013140       __vcrt_uninitialize        0000000180024140 f   MSVCRTD:ucrt_stubs.obj
 0002:00013140       __acrt_uninitialize        0000000180024140 f   MSVCRTD:ucrt_stubs.obj
 0002:00013140       __scrt_stub_for_acrt_uninitialize 0000000180024140 f   MSVCRTD:ucrt_stubs.obj
 0002:00013150       __scrt_stub_for_acrt_uninitialize_critical 0000000180024150 f   MSVCRTD:ucrt_stubs.obj
 0002:00013150       __vcrt_uninitialize_critical 0000000180024150 f   MSVCRTD:ucrt_stubs.obj
 0002:00013150       __acrt_uninitialize_critical 0000000180024150 f   MSVCRTD:ucrt_stubs.obj
 0002:00013160       __scrt_stub_for_is_c_termination_complete 0000000180024160 f   MSVCRTD:ucrt_stubs.obj
 0002:00013160       _is_c_termination_complete 0000000180024160 f   MSVCRTD:ucrt_stubs.obj
 0002:00014640       _guard_dispatch_icall_nop  0000000180025640 f   MSVCRTD:guard_dispatch.obj
 0002:00014660       _guard_xfg_dispatch_icall_nop 0000000180025660 f   MSVCRTD:guard_xfg_dispatch.obj
 0003:00000000       __xc_a                     0000000180028000     MSVCRTD:initializers.obj
 0003:00000110       __xc_z                     0000000180028110     MSVCRTD:initializers.obj
 0003:00000220       __xi_a                     0000000180028220     MSVCRTD:initializers.obj
 0003:00000330       __xi_z                     0000000180028330     MSVCRTD:initializers.obj
 0003:00000440       __xp_a                     0000000180028440     MSVCRTD:initializers.obj
 0003:00000550       __xp_z                     0000000180028550     MSVCRTD:initializers.obj
 0003:00000660       __xt_a                     0000000180028660     MSVCRTD:initializers.obj
 0003:00000770       __xt_z                     0000000180028770     MSVCRTD:initializers.obj
 0003:00003370       ??_C@_0BA@NMEIMCEK@InvalidCodePath@ 000000018002b370     p5engine.obj
 0003:00003388       ??_C@_0BF@HOIOEMCL@P5Engine?1data?1bg?4bmp@ 000000018002b388     p5engine.obj
 0003:000033a8       ??_C@_0BJ@EPENJOEL@P5Engine?1data?1shadow?4bmp@ 000000018002b3a8     p5engine.obj
 0003:000033c8       ??_C@_0BJ@HEECFFOE@P5Engine?1data?1stairs?4bmp@ 000000018002b3c8     p5engine.obj
 0003:000033e8       ??_C@_0BH@DDOBAHNL@P5Engine?1data?1tree?4bmp@ 000000018002b3e8     p5engine.obj
 0003:00003408       ??_C@_0BI@EPGPCLAL@P5Engine?1data?1enemy?4bmp@ 000000018002b408     p5engine.obj
 0003:00003428       ??_C@_0BG@IEBKPHGI@P5Engine?1data?1orb?4bmp@ 000000018002b428     p5engine.obj
 0003:00003448       ??_C@_0BP@CIDLMIJA@P5Engine?1data?1char?9right?90?4bmp@ 000000018002b448     p5engine.obj
 0003:00003470       ??_C@_0BO@PEBAPFLC@P5Engine?1data?1char?9back?90?4bmp@ 000000018002b470     p5engine.obj
 0003:00003498       ??_C@_0BO@EAIBBIAG@P5Engine?1data?1char?9left?90?4bmp@ 000000018002b498     p5engine.obj
 0003:000034c0       ??_C@_0BP@MKDPGEOC@P5Engine?1data?1char?9front?90?4bmp@ 000000018002b4c0     p5engine.obj
 0003:000034e8       ??_C@_0BO@KNNOBFKI@P5Engine?1data?1sword?9right?4bmp@ 000000018002b4e8     p5engine.obj
 0003:00003510       ??_C@_0BN@LDDHILOB@P5Engine?1data?1sword?9back?4bmp@ 000000018002b510     p5engine.obj
 0003:00003538       ??_C@_0BN@FPAHMBGA@P5Engine?1data?1sword?9left?4bmp@ 000000018002b538     p5engine.obj
 0003:00003560       ??_C@_0BO@BNDLMGBJ@P5Engine?1data?1sword?9front?4bmp@ 000000018002b560     p5engine.obj
 0003:00003584       __real@00000000            000000018002b584     p5engine.obj
 0003:00003588       __real@3a83126f            000000018002b588     p5engine.obj
 0003:0000358c       __real@3c23d70a            000000018002b58c     p5engine.obj
 0003:00003590       __real@3dcccccd            000000018002b590     p5engine.obj
 0003:00003594       __real@3e4ccccd            000000018002b594     p5engine.obj
 0003:00003598       __real@3e800000            000000018002b598     p5engine.obj
 0003:0000359c       __real@3f000000            000000018002b59c     p5engine.obj
 0003:000035a0       __real@3f666666            000000018002b5a0     p5engine.obj
 0003:000035a4       __real@3f800000            000000018002b5a4     p5engine.obj
 0003:000035a8       __real@3f8ccccd            000000018002b5a8     p5engine.obj
 0003:000035ac       __real@3f99999a            000000018002b5ac     p5engine.obj
 0003:000035b0       __real@3fb33333            000000018002b5b0     p5engine.obj
 0003:000035b4       __real@3fc00000            000000018002b5b4     p5engine.obj
 0003:000035b8       __real@40000000            000000018002b5b8     p5engine.obj
 0003:000035bc       __real@400ccccd            000000018002b5bc     p5engine.obj
 0003:000035c0       __real@40400000            000000018002b5c0     p5engine.obj
 0003:000035c4       __real@40a00000            000000018002b5c4     p5engine.obj
 0003:000035c8       __real@40c00000            000000018002b5c8     p5engine.obj
 0003:000035cc       __real@40c90fdb            000000018002b5cc     p5engine.obj
 0003:000035d0       __real@41200000            000000018002b5d0     p5engine.obj
 0003:000035d4       __real@41800000            000000018002b5d4     p5engine.obj
 0003:000035d8       __real@41880000            000000018002b5d8     p5engine.obj
 0003:000035dc       __real@41a00000            000000018002b5dc     p5engine.obj
 0003:000035e0       __real@41c00000            000000018002b5e0     p5engine.obj
 0003:000035e4       __real@41f00000            000000018002b5e4     p5engine.obj
 0003:000035e8       __real@42000000            000000018002b5e8     p5engine.obj
 0003:000035ec       __real@42340000            000000018002b5ec     p5engine.obj
 0003:000035f0       __real@42600000            000000018002b5f0     p5engine.obj
 0003:000035f4       __real@42800000            000000018002b5f4     p5engine.obj
 0003:000035f8       __real@42960000            000000018002b5f8     p5engine.obj
 0003:000035fc       __real@437f0000            000000018002b5fc     p5engine.obj
 0003:00003600       __real@461c4000            000000018002b600     p5engine.obj
 0003:00003604       __real@47c35000            000000018002b604     p5engine.obj
 0003:00003608       __real@becccccd            000000018002b608     p5engine.obj
 0003:0000360c       __real@bf000000            000000018002b60c     p5engine.obj
 0003:00003610       __real@bf800000            000000018002b610     p5engine.obj
 0003:00003614       __real@c11ccccd            000000018002b614     p5engine.obj
 0003:00003620       __xmm@80000000800000008000000080000000 000000018002b620     p5engine.obj
 0003:00003638       _pRawDllMain               000000018002b638     MSVCRTD:dll_dllmain.obj
 0003:00003638       _pDefaultRawDllMain        000000018002b638     MSVCRTD:dll_dllmain.obj
 0003:00003730       ??_C@_0NN@JMPELKLB@The?5value?5of?5ESP?5was?5not?5proper@ 000000018002b730     MSVCRTD:error.obj
 0003:00003840       ??_C@_0BBN@ELNNILBE@A?5cast?5to?5a?5smaller?5data?5type?5h@ 000000018002b840     MSVCRTD:error.obj
 0003:00003998       ??_C@_0BN@BPOGFMJL@Stack?5memory?5was?5corrupted?$AN?6@ 000000018002b998     MSVCRTD:error.obj
 0003:000039c0       ??_C@_0DG@DAJCDLPN@A?5local?5variable?5was?5used?5befor@ 000000018002b9c0     MSVCRTD:error.obj
 0003:00003a00       ??_C@_0CM@JMIDGKLA@Stack?5memory?5around?5_alloca?5was@ 000000018002ba00     MSVCRTD:error.obj
 0003:00003a38       ??_C@_0BO@CHIONIOI@Unknown?5Runtime?5Check?5Error?$AN?6@ 000000018002ba38     MSVCRTD:error.obj
 0003:00003a60       ??_C@_1GM@CNOOJIHC@?$AAR?$AAu?$AAn?$AAt?$AAi?$AAm?$AAe?$AA?5?$AAC?$AAh?$AAe?$AAc?$AAk?$AA?5?$AAE@ 000000018002ba60     MSVCRTD:error.obj
 0003:00003af0       ??_C@_1EA@NFKNIFJP@?$AAR?$AAu?$AAn?$AA?9?$AAT?$AAi?$AAm?$AAe?$AA?5?$AAC?$AAh?$AAe?$AAc?$AAk?$AA?5@ 000000018002baf0     MSVCRTD:error.obj
 0003:00003b40       ??_C@_0BB@PFFGGCJP@Unknown?5Filename@ 000000018002bb40     MSVCRTD:error.obj
 0003:00003b58       ??_C@_0BE@GNBOBNCK@Unknown?5Module?5Name@ 000000018002bb58     MSVCRTD:error.obj
 0003:00003b70       ??_C@_0CA@IODNCDPG@Run?9Time?5Check?5Failure?5?$CD?$CFd?5?9?5?$CFs@ 000000018002bb70     MSVCRTD:error.obj
 0003:00003b98       ??_C@_0CG@IAFNJNEE@Stack?5corrupted?5near?5unknown?5va@ 000000018002bb98     MSVCRTD:error.obj
 0003:00003bc8       ??_C@_05MKKEDADM@?$CF?42X?5@ 000000018002bbc8     MSVCRTD:error.obj
 0003:00003bd0       ??_C@_0EJ@LJKNEOLN@Stack?5area?5around?5_alloca?5memor@ 000000018002bbd0     MSVCRTD:error.obj
 0003:00003c28       ??_C@_01EEMJAFIK@?6@       000000018002bc28     MSVCRTD:error.obj
 0003:00003c2c       ??_C@_02LLMPMKNF@?$DO?5@   000000018002bc2c     MSVCRTD:error.obj
 0003:00003c30       ??_C@_08OMAHNMHJ@?6Data?3?5?$DM@ 000000018002bc30     MSVCRTD:error.obj
 0003:00003c40       ??_C@_0CK@DKGBICFE@?6Allocation?5number?5within?5this?5@ 000000018002bc40     MSVCRTD:error.obj
 0003:00003c78       ??_C@_07DFDJCKFN@?6Size?3?5@ 000000018002bc78     MSVCRTD:error.obj
 0003:00003c88       ??_C@_0N@MHFFIMFG@?6Address?3?50x@ 000000018002bc88     MSVCRTD:error.obj
 0003:00003ca0       ??_C@_0EI@CLEPFNGI@Stack?5area?5around?5_alloca?5memor@ 000000018002bca0     MSVCRTD:error.obj
 0003:00003cf8       ??_C@_0BK@ODNDAGKB@?$CFs?$CFs?$CFp?$CFs?$CFzd?$CFs?$CFd?$CFs?$CFs?$CFs?$CFs?$CFs@ 000000018002bcf8     MSVCRTD:error.obj
 0003:00003d18       ??_C@_0DE@OHJBPMBP@A?5variable?5is?5being?5used?5withou@ 000000018002bd18     MSVCRTD:error.obj
 0003:00003d88       ??_C@_0BJ@HEGAHDFO@Stack?5pointer?5corruption@ 000000018002bd88     MSVCRTD:userapi.obj
 0003:00003da8       ??_C@_0CK@FEGOIOPB@Cast?5to?5smaller?5type?5causing?5lo@ 000000018002bda8     MSVCRTD:userapi.obj
 0003:00003de0       ??_C@_0BI@CIGMDCBH@Stack?5memory?5corruption@ 000000018002bde0     MSVCRTD:userapi.obj
 0003:00003e00       ??_C@_0CK@CNLNOEPB@Local?5variable?5used?5before?5init@ 000000018002be00     MSVCRTD:userapi.obj
 0003:00003e38       ??_C@_0BP@OGBCLIBO@Stack?5around?5_alloca?5corrupted@ 000000018002be38     MSVCRTD:userapi.obj
 0003:00003ee0       ??_C@_1EI@MLPKHBGE@?$AAa?$AAp?$AAi?$AA?9?$AAm?$AAs?$AA?9?$AAw?$AAi?$AAn?$AA?9?$AAc?$AAo?$AAr?$AAe@ 000000018002bee0     MSVCRTD:pdblkup.obj
 0003:00003f38       ??_C@_1BK@JHLNAEJL@?$AAa?$AAd?$AAv?$AAa?$AAp?$AAi?$AA3?$AA2?$AA?4?$AAd?$AAl?$AAl@ 000000018002bf38     MSVCRTD:pdblkup.obj
 0003:00003f58       ??_C@_0O@COHOBMLB@RegOpenKeyExW@ 000000018002bf58     MSVCRTD:pdblkup.obj
 0003:00003f68       ??_C@_0BB@GLNAEDBD@RegQueryValueExW@ 000000018002bf68     MSVCRTD:pdblkup.obj
 0003:00003f80       ??_C@_0M@HLOHPNFA@RegCloseKey@ 000000018002bf80     MSVCRTD:pdblkup.obj
 0003:00003f90       ??_C@_1HE@EBEAGLFB@?$AAS?$AAO?$AAF?$AAT?$AAW?$AAA?$AAR?$AAE?$AA?2?$AAW?$AAo?$AAw?$AA6?$AA4?$AA3@ 000000018002bf90     MSVCRTD:pdblkup.obj
 0003:00004020       ??_C@_1BG@EABPBLLF@?$AAP?$AAr?$AAo?$AAd?$AAu?$AAc?$AAt?$AAD?$AAi?$AAr@ 000000018002c020     MSVCRTD:pdblkup.obj
 0003:00004068       ??_C@_1BC@JINFINNJ@?$AAM?$AAS?$AAP?$AAD?$AAB?$AA1?$AA4?$AA0@ 000000018002c068     MSVCRTD:pdblkup.obj
 0003:00004080       ??_C@_0BB@KCIACLNC@PDBOpenValidate5@ 000000018002c080     MSVCRTD:pdblkup.obj
 0003:00004094       ??_C@_01KDCPPGHE@r@        000000018002c094     MSVCRTD:pdblkup.obj
 0003:000040d0       _load_config_used          000000018002c0d0     MSVCRTD:loadcfg.obj
 0003:00004480       __CastGuardVftablesStart   000000018002c480     MSVCRTD:guard_support.obj
 0003:00004590       __CastGuardVftablesEnd     000000018002c590     MSVCRTD:guard_support.obj
 0003:00004818       __rtc_iaa                  000000018002c818     MSVCRTD:initsect.obj
 0003:00004a38       __rtc_izz                  000000018002ca38     MSVCRTD:initsect.obj
 0003:00004b48       __rtc_taa                  000000018002cb48     MSVCRTD:initsect.obj
 0003:00004d68       __rtc_tzz                  000000018002cd68     MSVCRTD:initsect.obj
 0004:00004cd0       __security_cookie_complement 0000000180033cd0     MSVCRTD:gs_cookie.obj
 0004:00004cd8       __security_cookie          0000000180033cd8     MSVCRTD:gs_cookie.obj
 0004:00004ce4       _fltused                   0000000180033ce4     MSVCRTD:fltused.obj
 0004:00004ce8       ?_RTC_ErrorLevels@@3PAHA   0000000180033ce8     MSVCRTD:error.obj
 0004:00004d00       __scrt_native_dllmain_reason 0000000180033d00     MSVCRTD:utility.obj
 0004:00004d08       __isa_available            0000000180033d08     MSVCRTD:cpu_disp.obj
 0004:00004d0c       __isa_enabled              0000000180033d0c     MSVCRTD:cpu_disp.obj
 0004:00004d10       __memcpy_nt_iters          0000000180033d10     MSVCRTD:cpu_disp.obj
 0004:00004d18       __memset_nt_iters          0000000180033d18     MSVCRTD:cpu_disp.obj
 0004:00004d30       __scrt_ucrt_dll_is_in_use  0000000180033d30     MSVCRTD:ucrt_stubs.obj
 0004:00004e48       ?_OptionsStorage@?1??__local_stdio_printf_options@@9@4_KA 0000000180033e48     MSVCRTD:error.obj
 0004:00005500       ?__type_info_root_node@@3U__type_info_node@@A 0000000180034500     MSVCRTD:tncleanup.obj
 0004:00005518       ?_OptionsStorage@?1??__local_stdio_scanf_options@@9@4_KA 0000000180034518     MSVCRTD:default_local_stdio_options.obj
 0004:00005528       __scrt_current_native_startup_state 0000000180034528     MSVCRTD:utility.obj
 0004:00005530       __scrt_native_startup_lock 0000000180034530     MSVCRTD:utility.obj
 0004:00005580       __scrt_debugger_hook_flag  0000000180034580     MSVCRTD:utility_desktop.obj
 0004:00005588       __castguard_check_failure_os_handled_fptr 0000000180034588     MSVCRTD:guard_support.obj
 0004:000055a4       __favor                    00000001800345a4     MSVCRTD:cpu_disp.obj
 0004:000055a8       __dyn_tls_init_callback    00000001800345a8     <common>
 0004:000055bc       __DebuggerCurrentSteppingThreadId 00000001800345bc     <common>
 0006:00000000       __imp_DisableThreadLibraryCalls 0000000180038000     kernel32:KERNEL32.dll
 0006:00000008       __imp_IsDebuggerPresent    0000000180038008     kernel32:KERNEL32.dll
 0006:00000010       __imp_RaiseException       0000000180038010     kernel32:KERNEL32.dll
 0006:00000018       __imp_MultiByteToWideChar  0000000180038018     kernel32:KERNEL32.dll
 0006:00000020       __imp_WideCharToMultiByte  0000000180038020     kernel32:KERNEL32.dll
 0006:00000028       __imp_RtlCaptureContext    0000000180038028     kernel32:KERNEL32.dll
 0006:00000030       __imp_RtlLookupFunctionEntry 0000000180038030     kernel32:KERNEL32.dll
 0006:00000038       __imp_RtlVirtualUnwind     0000000180038038     kernel32:KERNEL32.dll
 0006:00000040       __imp_GetProcAddress       0000000180038040     kernel32:KERNEL32.dll
 0006:00000048       __imp_FreeLibrary          0000000180038048     kernel32:KERNEL32.dll
 0006:00000050       __imp_VirtualQuery         0000000180038050     kernel32:KERNEL32.dll
 0006:00000058       __imp_GetProcessHeap       0000000180038058     kernel32:KERNEL32.dll
 0006:00000060       __imp_HeapFree             0000000180038060     kernel32:KERNEL32.dll
 0006:00000068       __imp_HeapAlloc            0000000180038068     kernel32:KERNEL32.dll
 0006:00000070       __imp_GetLastError         0000000180038070     kernel32:KERNEL32.dll
 0006:00000078       __imp_GetModuleHandleW     0000000180038078     kernel32:KERNEL32.dll
 0006:00000080       __imp_GetStartupInfoW      0000000180038080     kernel32:KERNEL32.dll
 0006:00000088       __imp_InitializeSListHead  0000000180038088     kernel32:KERNEL32.dll
 0006:00000090       __imp_GetCurrentThreadId   0000000180038090     kernel32:KERNEL32.dll
 0006:00000098       __imp_GetSystemTimeAsFileTime 0000000180038098     kernel32:KERNEL32.dll
 0006:000000a0       __imp_GetCurrentProcessId  00000001800380a0     kernel32:KERNEL32.dll
 0006:000000a8       __imp_QueryPerformanceCounter 00000001800380a8     kernel32:KERNEL32.dll
 0006:000000b0       __imp_IsProcessorFeaturePresent 00000001800380b0     kernel32:KERNEL32.dll
 0006:000000b8       __imp_TerminateProcess     00000001800380b8     kernel32:KERNEL32.dll
 0006:000000c0       __imp_GetCurrentProcess    00000001800380c0     kernel32:KERNEL32.dll
 0006:000000c8       __imp_SetUnhandledExceptionFilter 00000001800380c8     kernel32:KERNEL32.dll
 0006:000000d0       __imp_UnhandledExceptionFilter 00000001800380d0     kernel32:KERNEL32.dll
 0006:000000d8       \177KERNEL32_NULL_THUNK_DATA 00000001800380d8     kernel32:KERNEL32.dll
 0006:00000158       __imp___vcrt_GetModuleHandleW 0000000180038158     vcruntimed:VCRUNTIME140D.dll
 0006:00000160       __imp___vcrt_GetModuleFileNameW 0000000180038160     vcruntimed:VCRUNTIME140D.dll
 0006:00000168       __imp___current_exception_context 0000000180038168     vcruntimed:VCRUNTIME140D.dll
 0006:00000170       __imp___C_specific_handler 0000000180038170     vcruntimed:VCRUNTIME140D.dll
 0006:00000178       __imp___current_exception  0000000180038178     vcruntimed:VCRUNTIME140D.dll
 0006:00000180       __imp___std_type_info_destroy_list 0000000180038180     vcruntimed:VCRUNTIME140D.dll
 0006:00000188       __imp___C_specific_handler_noexcept 0000000180038188     vcruntimed:VCRUNTIME140D.dll
 0006:00000190       __imp___vcrt_LoadLibraryExW 0000000180038190     vcruntimed:VCRUNTIME140D.dll
 0006:00000198       \177VCRUNTIME140D_NULL_THUNK_DATA 0000000180038198     vcruntimed:VCRUNTIME140D.dll
 0006:000001f8       __imp_wcscpy_s             00000001800381f8     ucrtd:ucrtbased.dll
 0006:00000200       __imp__wsplitpath_s        0000000180038200     ucrtd:ucrtbased.dll
 0006:00000208       __imp_terminate            0000000180038208     ucrtd:ucrtbased.dll
 0006:00000210       __imp__cexit               0000000180038210     ucrtd:ucrtbased.dll
 0006:00000218       __imp__crt_at_quick_exit   0000000180038218     ucrtd:ucrtbased.dll
 0006:00000220       __imp__crt_atexit          0000000180038220     ucrtd:ucrtbased.dll
 0006:00000228       __imp__execute_onexit_table 0000000180038228     ucrtd:ucrtbased.dll
 0006:00000230       __imp__register_onexit_function 0000000180038230     ucrtd:ucrtbased.dll
 0006:00000238       __imp__initialize_onexit_table 0000000180038238     ucrtd:ucrtbased.dll
 0006:00000240       __imp__initialize_narrow_environment 0000000180038240     ucrtd:ucrtbased.dll
 0006:00000248       __imp__configure_narrow_argv 0000000180038248     ucrtd:ucrtbased.dll
 0006:00000250       __imp__seh_filter_dll      0000000180038250     ucrtd:ucrtbased.dll
 0006:00000258       __imp__wmakepath_s         0000000180038258     ucrtd:ucrtbased.dll
 0006:00000260       __imp_strcat_s             0000000180038260     ucrtd:ucrtbased.dll
 0006:00000268       __imp_strcpy_s             0000000180038268     ucrtd:ucrtbased.dll
 0006:00000270       __imp__initterm_e          0000000180038270     ucrtd:ucrtbased.dll
 0006:00000278       __imp__initterm            0000000180038278     ucrtd:ucrtbased.dll
 0006:00000280       __imp__CrtDbgReportW       0000000180038280     ucrtd:ucrtbased.dll
 0006:00000288       __imp__CrtDbgReport        0000000180038288     ucrtd:ucrtbased.dll
 0006:00000290       __imp__rotl                0000000180038290     ucrtd:ucrtbased.dll
 0006:00000298       __imp_sqrtf                0000000180038298     ucrtd:ucrtbased.dll
 0006:000002a0       __imp_sinf                 00000001800382a0     ucrtd:ucrtbased.dll
 0006:000002a8       __imp_roundf               00000001800382a8     ucrtd:ucrtbased.dll
 0006:000002b0       __imp_fabs                 00000001800382b0     ucrtd:ucrtbased.dll
 0006:000002b8       __imp___stdio_common_vsprintf_s 00000001800382b8     ucrtd:ucrtbased.dll
 0006:000002c0       \177ucrtbased_NULL_THUNK_DATA 00000001800382c0     ucrtd:ucrtbased.dll
 0006:00000340       __IMPORT_DESCRIPTOR_VCRUNTIME140D 0000000180038340     vcruntimed:VCRUNTIME140D.dll
 0006:00000354       __IMPORT_DESCRIPTOR_ucrtbased 0000000180038354     ucrtd:ucrtbased.dll
 0006:00000368       __IMPORT_DESCRIPTOR_KERNEL32 0000000180038368     kernel32:KERNEL32.dll
 0006:0000037c       __NULL_IMPORT_DESCRIPTOR   000000018003837c     vcruntimed:VCRUNTIME140D.dll
 0008:00000000       __guard_check_icall_fptr   000000018003a000     MSVCRTD:guard_support.obj
 0008:00000010       __guard_xfg_check_icall_fptr 000000018003a010     MSVCRTD:guard_support.obj
 0008:00000020       __guard_dispatch_icall_fptr 000000018003a020     MSVCRTD:guard_support.obj
 0008:00000030       __guard_xfg_dispatch_icall_fptr 000000018003a030     MSVCRTD:guard_support.obj
 0008:00000040       __guard_xfg_table_dispatch_icall_fptr 000000018003a040     MSVCRTD:guard_support.obj

 entry point at        0002:0000000f

 Static symbols

 0000:fffc3000       .debug$S                   0000000180000000     P5Engine.exp
 0000:fffc6000       _volmd                     0000000180000000     p5engine.obj
 0000:fffc6000       _volmd                     0000000180000000     p5engine.obj
 0000:fffc6000       _volmd                     0000000180000000     p5engine.obj
 0000:fffc6000       _volmd                     0000000180000000     p5engine.obj
 0000:fffc6000       _volmd                     0000000180000000     p5engine.obj
 0000:fffc6000       _volmd                     0000000180000000     p5engine.obj
 0000:fffc6000       _volmd                     0000000180000000     p5engine.obj
 0000:fffc6000       _volmd                     0000000180000000     p5engine.obj
 0000:fffc6000       _volmd                     0000000180000000     p5engine.obj
 0000:fffc6000       _volmd                     0000000180000000     p5engine.obj
 0000:fffc6000       _volmd                     0000000180000000     p5engine.obj
 0000:fffc6000       _volmd                     0000000180000000     p5engine.obj
 0000:fffc6000       _volmd                     0000000180000000     p5engine.obj
 0000:fffc6000       _volmd                     0000000180000000     p5engine.obj
 0000:fffc6000       _volmd                     0000000180000000     p5engine.obj
 0000:fffc6000       _volmd                     0000000180000000     p5engine.obj
 0000:fffc6000       _volmd                     0000000180000000     p5engine.obj
 0000:fffc6000       _volmd                     0000000180000000     p5engine.obj
 0000:fffc6000       _volmd                     0000000180000000     p5engine.obj
 0000:fffc6000       _volmd                     0000000180000000     p5engine.obj
 0000:fffc6000       _volmd                     0000000180000000     p5engine.obj
 0000:fffc6000       _volmd                     0000000180000000     p5engine.obj
 0000:fffc6000       _volmd                     0000000180000000     p5engine.obj
 0000:fffc6000       _volmd                     0000000180000000     p5engine.obj
 0000:fffc6000       _volmd                     0000000180000000     p5engine.obj
 0000:fffc6000       _volmd                     0000000180000000     p5engine.obj
 0000:fffc6000       _volmd                     0000000180000000     p5engine.obj
 0000:fffc6000       _volmd                     0000000180000000     p5engine.obj
 0000:fffc6000       _volmd                     0000000180000000     MSVCRTD:cpu_disp.obj
 0000:fffc7000       __guard_ehcont_?dllmain_dispatch@@YAHQEAUHINSTANCE__@@KQEAX@Z 0000000180000000     MSVCRTD:dll_dllmain.obj
 0000:fffc7000       __guard_fids_?dllmain_dispatch@@YAHQEAUHINSTANCE__@@KQEAX@Z 0000000180000000     MSVCRTD:dll_dllmain.obj
 0000:fffc7000       __guard_ehcont_?notify_debugger@@YAXAEBUtagEXCEPTION_VISUALCPP_DEBUG_INFO@@@Z 0000000180000000     MSVCRTD:error.obj
 0000:fffc6000       _volmd                     0000000180000000     MSVCRTD:gs_report.obj
 0000:fffc6000       _volmd                     0000000180000000     MSVCRTD:gs_report.obj
 0000:fffc6000       _volmd                     0000000180000000     MSVCRTD:gs_report.obj
 0000:fffc7000       __guard_fids__             0000000180000000     MSVCRTD:guard_support.obj
 0000:fffc7000       __guard_fids__             0000000180000000     MSVCRTD:guard_support.obj
 0000:fffc7000       __guard_fids__guard_icall_checks_enforced 0000000180000000     MSVCRTD:guard_support.obj
 0000:fffc6000       _volmd                     0000000180000000     MSVCRTD:guard_support.obj
 0000:fffc6000       _volmd                     0000000180000000     MSVCRTD:guard_support.obj
 0000:fffc6000       _volmd                     0000000180000000     MSVCRTD:guard_support.obj
 0000:fffc7000       __guard_fids__CRT_RTC_INIT 0000000180000000     MSVCRTD:init.obj
 0000:fffc7000       __guard_fids__CRT_RTC_INITW 0000000180000000     MSVCRTD:init.obj
 0000:fffc7000       __guard_ehcont___scrt_is_nonwritable_in_current_image 0000000180000000     MSVCRTD:utility.obj
 0000:fffc6000       _volmd                     0000000180000000     MSVCRTD:utility.obj
 0000:fffc6000       _volmd                     0000000180000000     MSVCRTD:utility.obj
 0000:fffc6000       _volmd                     0000000180000000     MSVCRTD:utility.obj
 0000:fffc7000       __guard_fids___scrt_set_unhandled_exception_filter 0000000180000000     MSVCRTD:utility_desktop.obj
 0000:fffc6000       _volmd                     0000000180000000     MSVCRTD:utility_desktop.obj
 0000:fffc3000       .debug$S                   0000000180000000     vcruntimed:VCRUNTIME140D.dll
 0000:fffc3000       .debug$S                   0000000180000000     vcruntimed:VCRUNTIME140D.dll
 0000:fffc3000       .debug$S                   0000000180000000     vcruntimed:VCRUNTIME140D.dll
 0000:fffc3000       .debug$S                   0000000180000000     vcruntimed:VCRUNTIME140D.dll
 0000:fffc3000       .debug$S                   0000000180000000     vcruntimed:VCRUNTIME140D.dll
 0000:fffc3000       .debug$S                   0000000180000000     vcruntimed:VCRUNTIME140D.dll
 0000:fffc3000       .debug$S                   0000000180000000     vcruntimed:VCRUNTIME140D.dll
 0000:fffc3000       .debug$S                   0000000180000000     vcruntimed:VCRUNTIME140D.dll
 0000:fffc3000       .debug$S                   0000000180000000     ucrtd:ucrtbased.dll
 0000:fffc3000       .debug$S                   0000000180000000     ucrtd:ucrtbased.dll
 0000:fffc3000       .debug$S                   0000000180000000     ucrtd:ucrtbased.dll
 0000:fffc3000       .debug$S                   0000000180000000     ucrtd:ucrtbased.dll
 0000:fffc3000       .debug$S                   0000000180000000     ucrtd:ucrtbased.dll
 0000:fffc3000       .debug$S                   0000000180000000     ucrtd:ucrtbased.dll
 0000:fffc3000       .debug$S                   0000000180000000     ucrtd:ucrtbased.dll
 0000:fffc3000       .debug$S                   0000000180000000     ucrtd:ucrtbased.dll
 0000:fffc3000       .debug$S                   0000000180000000     ucrtd:ucrtbased.dll
 0000:fffc3000       .debug$S                   0000000180000000     ucrtd:ucrtbased.dll
 0000:fffc3000       .debug$S                   0000000180000000     ucrtd:ucrtbased.dll
 0000:fffc3000       .debug$S                   0000000180000000     ucrtd:ucrtbased.dll
 0000:fffc3000       .debug$S                   0000000180000000     ucrtd:ucrtbased.dll
 0000:fffc3000       .debug$S                   0000000180000000     ucrtd:ucrtbased.dll
 0000:fffc3000       .debug$S                   0000000180000000     ucrtd:ucrtbased.dll
 0000:fffc3000       .debug$S                   0000000180000000     ucrtd:ucrtbased.dll
 0000:fffc3000       .debug$S                   0000000180000000     ucrtd:ucrtbased.dll
 0000:fffc3000       .debug$S                   0000000180000000     ucrtd:ucrtbased.dll
 0000:fffc3000       .debug$S                   0000000180000000     ucrtd:ucrtbased.dll
 0000:fffc3000       .debug$S                   0000000180000000     ucrtd:ucrtbased.dll
 0000:fffc3000       .debug$S                   0000000180000000     ucrtd:ucrtbased.dll
 0000:fffc3000       .debug$S                   0000000180000000     ucrtd:ucrtbased.dll
 0000:fffc3000       .debug$S                   0000000180000000     ucrtd:ucrtbased.dll
 0000:fffc3000       .debug$S                   0000000180000000     ucrtd:ucrtbased.dll
 0000:fffc3000       .debug$S                   0000000180000000     ucrtd:ucrtbased.dll
 0000:fffc3000       .debug$S                   0000000180000000     kernel32:KERNEL32.dll
 0000:fffc3000       .debug$S                   0000000180000000     kernel32:KERNEL32.dll
 0000:fffc3000       .debug$S                   0000000180000000     kernel32:KERNEL32.dll
 0000:fffc3000       .debug$S                   0000000180000000     kernel32:KERNEL32.dll
 0000:fffc3000       .debug$S                   0000000180000000     kernel32:KERNEL32.dll
 0000:fffc3000       .debug$S                   0000000180000000     kernel32:KERNEL32.dll
 0000:fffc3000       .debug$S                   0000000180000000     kernel32:KERNEL32.dll
 0000:fffc3000       .debug$S                   0000000180000000     kernel32:KERNEL32.dll
 0000:fffc3000       .debug$S                   0000000180000000     kernel32:KERNEL32.dll
 0000:fffc3000       .debug$S                   0000000180000000     kernel32:KERNEL32.dll
 0000:fffc3000       .debug$S                   0000000180000000     kernel32:KERNEL32.dll
 0000:fffc3000       .debug$S                   0000000180000000     kernel32:KERNEL32.dll
 0000:fffc3000       .debug$S                   0000000180000000     kernel32:KERNEL32.dll
 0000:fffc3000       .debug$S                   0000000180000000     kernel32:KERNEL32.dll
 0000:fffc3000       .debug$S                   0000000180000000     kernel32:KERNEL32.dll
 0000:fffc3000       .debug$S                   0000000180000000     kernel32:KERNEL32.dll
 0000:fffc3000       .debug$S                   0000000180000000     kernel32:KERNEL32.dll
 0000:fffc3000       .debug$S                   0000000180000000     kernel32:KERNEL32.dll
 0000:fffc3000       .debug$S                   0000000180000000     kernel32:KERNEL32.dll
 0000:fffc3000       .debug$S                   0000000180000000     kernel32:KERNEL32.dll
 0000:fffc3000       .debug$S                   0000000180000000     kernel32:KERNEL32.dll
 0000:fffc3000       .debug$S                   0000000180000000     kernel32:KERNEL32.dll
 0000:fffc3000       .debug$S                   0000000180000000     kernel32:KERNEL32.dll
 0000:fffc3000       .debug$S                   0000000180000000     kernel32:KERNEL32.dll
 0000:fffc3000       .debug$S                   0000000180000000     kernel32:KERNEL32.dll
 0000:fffc3000       .debug$S                   0000000180000000     kernel32:KERNEL32.dll
 0000:fffc3000       .debug$S                   0000000180000000     kernel32:KERNEL32.dll
 0002:00001480       ?AddCollisionRule@@YAXPEAUgame_state@@IIH@Z 0000000180012480 f   p5engine.obj
 0002:00001680       ?AddEntity@@YAPEAUsim_entity@@PEAUgame_state@@PEAUsim_region@@IPEAUlow_entity@@PEATv3@@@Z 0000000180012680 f   p5engine.obj
 0002:00001820       ?AddEntityRaw@@YAPEAUsim_entity@@PEAUgame_state@@PEAUsim_region@@IPEAUlow_entity@@@Z 0000000180012820 f   p5engine.obj
 0002:00001a30       ?AddFamiliar@@YA?AUadd_low_entity_result@@PEAUgame_state@@III@Z 0000000180012a30 f   p5engine.obj
 0002:00001c80       ?AddGroundedEntity@@YA?AUadd_low_entity_result@@PEAUgame_state@@W4entity_type@@Uworld_position@@PEAUsim_entity_collision_volume_group@@@Z 0000000180012c80 f   p5engine.obj
 0002:00001da0       ?AddLowEntity@@YA?AUadd_low_entity_result@@PEAUgame_state@@W4entity_type@@Uworld_position@@@Z 0000000180012da0 f   p5engine.obj
 0002:00002020       ?AddMonstar@@YA?AUadd_low_entity_result@@PEAUgame_state@@III@Z 0000000180013020 f   p5engine.obj
 0002:00002220       ?AddPlayer@@YA?AUadd_low_entity_result@@PEAUgame_state@@@Z 0000000180013220 f   p5engine.obj
 0002:000025f0       ?AddStairs@@YA?AUadd_low_entity_result@@PEAUgame_state@@III@Z 00000001800135f0 f   p5engine.obj
 0002:00002820       ?AddStandardRoom@@YA?AUadd_low_entity_result@@PEAUgame_state@@III@Z 0000000180013820 f   p5engine.obj
 0002:00002a10       ?AddSword@@YA?AUadd_low_entity_result@@PEAUgame_state@@@Z 0000000180013a10 f   p5engine.obj
 0002:00002b70       ?AddWall@@YA?AUadd_low_entity_result@@PEAUgame_state@@III@Z 0000000180013b70 f   p5engine.obj
 0002:00002ec0       ?BeginSim@@YAPEAUsim_region@@PEAUmemory_arena@@PEAUgame_state@@PEAUworld@@Uworld_position@@Urectangle3@@M@Z 0000000180013ec0 f   p5engine.obj
 0002:000036e0       ?CanCollide@@YAHPEAUgame_state@@PEAUsim_entity@@1@Z 00000001800146e0 f   p5engine.obj
 0002:000038d0       ?CanOverlap@@YAHPEAUgame_state@@PEAUsim_entity@@1@Z 00000001800148d0 f   p5engine.obj
 0002:00003950       ?ChangeEntityLocation@@YAXPEAUmemory_arena@@PEAUworld@@IPEAUlow_entity@@Uworld_position@@@Z 0000000180014950 f   p5engine.obj
 0002:00004570       ?ClearCollisionRulesFor@@YAXPEAUgame_state@@I@Z 0000000180015570 f   p5engine.obj
 0002:00004700       ?DEBUGLoadBMP@@YA?AUloaded_bitmap@@PEAUthread_context@@P6A?AUdebug_read_file_result@@0PEAD@Z1@Z 0000000180015700 f   p5engine.obj
 0002:00004ca0       ?DrawBitmap@@YAXPEAUgame_offscreen_buffer@@PEAUloaded_bitmap@@MMM@Z 0000000180015ca0 f   p5engine.obj
 0002:00005220       ?DrawHitpoints@@YAXPEAUsim_entity@@PEAUentity_visible_piece_group@@@Z 0000000180016220 f   p5engine.obj
 0002:00005520       ?DrawRectangle@@YAXPEAUgame_offscreen_buffer@@Tv2@@1MMM@Z 0000000180016520 f   p5engine.obj
 0002:000057c0       ?EndSim@@YAXPEAUsim_region@@PEAUgame_state@@@Z 00000001800167c0 f   p5engine.obj
 0002:00005b90       ?EntitiesOverlap@@YAHPEAUsim_entity@@0Tv3@@@Z 0000000180016b90 f   p5engine.obj
 0002:000062b0       ?GameOutputSound@@YAXPEAUgame_state@@PEAUgame_sound_output_buffer@@H@Z 00000001800172b0 f   p5engine.obj
 0002:000065a0       ?GetHashFromStorageIndex@@YAPEAUsim_entity_hash@@PEAUsim_region@@I@Z 00000001800175a0 f   p5engine.obj
 0002:00006f80       ?HandleCollision@@YAHPEAUgame_state@@PEAUsim_entity@@1@Z 0000000180017f80 f   p5engine.obj
 0002:000070b0       ?HandleOverlap@@YAXPEAUgame_state@@PEAUsim_entity@@1MPEAM@Z 00000001800180b0 f   p5engine.obj
 0002:000071f0       ?InitHitPoints@@YAXPEAUlow_entity@@I@Z 00000001800181f0 f   p5engine.obj
 0002:00007330       ?InitializeWorld@@YAXPEAUworld@@MM@Z 0000000180018330 f   p5engine.obj
 0002:00007cb0       ?MakeNullCollision@@YAPEAUsim_entity_collision_volume_group@@PEAUgame_state@@@Z 0000000180018cb0 f   p5engine.obj
 0002:00007dd0       ?MakeSimpleGroundedCollision@@YAPEAUsim_entity_collision_volume_group@@PEAUgame_state@@MMM@Z 0000000180018dd0 f   p5engine.obj
 0002:000080f0       ?MoveEntity@@YAXPEAUgame_state@@PEAUsim_region@@PEAUsim_entity@@MPEAUmove_spec@@Tv3@@@Z 00000001800190f0 f   p5engine.obj
 0002:0000b3a0       ?SpeculativeCollide@@YAHPEAUsim_entity@@0@Z 000000018001c3a0 f   p5engine.obj
 0002:0000b610       ?Subtract@@YA?ATv3@@PEAUworld@@PEAUworld_position@@1@Z 000000018001c610 f   p5engine.obj
 0002:0000e5c0       $LN110                     000000018001f5c0     p5engine.obj
 0002:0000f560       $$000000                   0000000180020560     MSVCRTD:chkstk.obj
 0002:0000f5e0       $$000000                   00000001800205e0     MSVCRTD:amdsecgs.obj
 0002:0000f620       ?dllmain_crt_dispatch@@YAHQEAUHINSTANCE__@@KQEAX@Z 0000000180020620 f   MSVCRTD:dll_dllmain.obj
 0002:0000f6d0       ?dllmain_crt_process_attach@@YAHQEAUHINSTANCE__@@QEAX@Z 00000001800206d0 f   MSVCRTD:dll_dllmain.obj
 0002:0000f860       ?dllmain_crt_process_detach@@YAH_N@Z 0000000180020860 f   MSVCRTD:dll_dllmain.obj
 0002:0000f920       ?dllmain_dispatch@@YAHQEAUHINSTANCE__@@KQEAX@Z 0000000180020920 f   MSVCRTD:dll_dllmain.obj
 0002:0000fab0       ?dllmain_raw@@YAHQEAUHINSTANCE__@@KQEAX@Z 0000000180020ab0 f   MSVCRTD:dll_dllmain.obj
 0002:0000fbb0       ?DebuggerProbe@@YA_NK@Z    0000000180020bb0 f   MSVCRTD:error.obj
 0002:0000fc00       ?DebuggerRuntime@@YA_NKHPEAXPEB_W@Z 0000000180020c00 f   MSVCRTD:error.obj
 0002:0000ff90       ?_getMemBlockDataString@@YAXPEAD0PEBD_K@Z 0000000180020f90 f   MSVCRTD:error.obj
 0002:00010070       ?_strlen_priv@@YA_KPEBD@Z  0000000180021070 f   MSVCRTD:error.obj
 0002:00010090       ?failwithmessage@@YAXPEAXHHPEBD@Z 0000000180021090 f   MSVCRTD:error.obj
 0002:00010390       ?notify_debugger@@YAXAEBUtagEXCEPTION_VISUALCPP_DEBUG_INFO@@@Z 0000000180021390 f   MSVCRTD:error.obj
 0002:000109f0       capture_current_context    00000001800219f0 f   MSVCRTD:gs_report.obj
 0002:00010ab0       capture_previous_context   0000000180021ab0 f   MSVCRTD:gs_report.obj
 0002:00010b90       __get_entropy              0000000180021b90 f   MSVCRTD:gs_support.obj
 0002:00010e40       ?find_pe_section@@YAPEAU_IMAGE_SECTION_HEADER@@QEAE_K@Z 0000000180021e40 f   MSVCRTD:utility.obj
 0002:00010f60       ?is_potentially_valid_image_base@@YA_NQEAX@Z 0000000180021f60 f   MSVCRTD:utility.obj
 0002:00011d00       __castguard_compat_check   0000000180022d00 f   MSVCRTD:guard_support.obj
 0002:00011ee0       __castguard_slow_path_compat_check 0000000180022ee0 f   MSVCRTD:guard_support.obj
 0002:00011fd0       ?GetPdbDll@@YAPEAUHINSTANCE__@@XZ 0000000180022fd0 f   MSVCRTD:pdblkup.obj
 0002:00012170       ?GetPdbDllFromInstallPath@@YAPEAUHINSTANCE__@@XZ 0000000180023170 f   MSVCRTD:pdblkup.obj
 0002:000124d0       ?GetPdbDllPathFromFilePath@@YAHPEB_WPEA_W_K@Z 00000001800234d0 f   MSVCRTD:pdblkup.obj
 0002:00014630       $$000000                   0000000180025630     MSVCRTD:guard_dispatch.obj
 0002:00014650       $$000000                   0000000180025650     MSVCRTD:guard_xfg_dispatch.obj
 0002:00015670       ?fin$0@?0??dllmain_crt_process_attach@@YAHQEAUHINSTANCE__@@QEAX@Z@4HA 0000000180026670 f   MSVCRTD:dll_dllmain.obj
 0002:00015690       ?fin$0@?0??dllmain_crt_process_detach@@YAH_N@Z@4HA 0000000180026690 f   MSVCRTD:dll_dllmain.obj
 0002:000156aa       ?fin$1@?0??dllmain_crt_process_detach@@YAH_N@Z@4HA 00000001800266aa f   MSVCRTD:dll_dllmain.obj
 0002:000156d0       ?filt$0@?0??dllmain_dispatch@@YAHQEAUHINSTANCE__@@KQEAX@Z@4HA 00000001800266d0 f   MSVCRTD:dll_dllmain.obj
 0002:00015730       ?filt$0@?0??notify_debugger@@YAXAEBUtagEXCEPTION_VISUALCPP_DEBUG_INFO@@@Z@4HA 0000000180026730 f   MSVCRTD:error.obj
 0002:00015760       __scrt_is_nonwritable_in_current_image$filt$0 0000000180026760 f   MSVCRTD:utility.obj
 0003:00000880       ?FindLeastSignificantSetBit@@YA?AUbit_scan_result@@I@Z$rtcName$0 0000000180028880     p5engine.obj
 0003:00000890       ?FindLeastSignificantSetBit@@YA?AUbit_scan_result@@I@Z$rtcVarDesc 0000000180028890     p5engine.obj
 0003:000008d0       ?FindLeastSignificantSetBit@@YA?AUbit_scan_result@@I@Z$rtcFrameData 00000001800288d0     p5engine.obj
 0003:00000900       ?V2@@YA?ATv2@@MM@Z$rtcName$0 0000000180028900     p5engine.obj
 0003:00000910       ?V2@@YA?ATv2@@MM@Z$rtcVarDesc 0000000180028910     p5engine.obj
 0003:00000950       ?V2@@YA?ATv2@@MM@Z$rtcFrameData 0000000180028950     p5engine.obj
 0003:00000980       ??D@YA?ATv2@@MT0@@Z$rtcName$0 0000000180028980     p5engine.obj
 0003:00000990       ??D@YA?ATv2@@MT0@@Z$rtcVarDesc 0000000180028990     p5engine.obj
 0003:000009d0       ??D@YA?ATv2@@MT0@@Z$rtcFrameData 00000001800289d0     p5engine.obj
 0003:00000a00       ??H@YA?ATv2@@T0@0@Z$rtcName$0 0000000180028a00     p5engine.obj
 0003:00000a10       ??H@YA?ATv2@@T0@0@Z$rtcVarDesc 0000000180028a10     p5engine.obj
 0003:00000a50       ??H@YA?ATv2@@T0@0@Z$rtcFrameData 0000000180028a50     p5engine.obj
 0003:00000a80       ??G@YA?ATv2@@T0@0@Z$rtcName$0 0000000180028a80     p5engine.obj
 0003:00000a90       ??G@YA?ATv2@@T0@0@Z$rtcVarDesc 0000000180028a90     p5engine.obj
 0003:00000ad0       ??G@YA?ATv2@@T0@0@Z$rtcFrameData 0000000180028ad0     p5engine.obj
 0003:00000b00       ?Clamp01@@YA?ATv2@@T1@@Z$rtcName$0 0000000180028b00     p5engine.obj
 0003:00000b10       ?Clamp01@@YA?ATv2@@T1@@Z$rtcVarDesc 0000000180028b10     p5engine.obj
 0003:00000b50       ?Clamp01@@YA?ATv2@@T1@@Z$rtcFrameData 0000000180028b50     p5engine.obj
 0003:00000b80       ?V3@@YA?ATv3@@MMM@Z$rtcName$0 0000000180028b80     p5engine.obj
 0003:00000b90       ?V3@@YA?ATv3@@MMM@Z$rtcVarDesc 0000000180028b90     p5engine.obj
 0003:00000bd0       ?V3@@YA?ATv3@@MMM@Z$rtcFrameData 0000000180028bd0     p5engine.obj
 0003:00000c00       ??D@YA?ATv3@@MT0@@Z$rtcName$0 0000000180028c00     p5engine.obj
 0003:00000c10       ??D@YA?ATv3@@MT0@@Z$rtcVarDesc 0000000180028c10     p5engine.obj
 0003:00000c50       ??D@YA?ATv3@@MT0@@Z$rtcFrameData 0000000180028c50     p5engine.obj
 0003:00000c80       ??D@YA?ATv3@@T0@M@Z$rtcName$0 0000000180028c80     p5engine.obj
 0003:00000c90       ??D@YA?ATv3@@T0@M@Z$rtcVarDesc 0000000180028c90     p5engine.obj
 0003:00000cd0       ??D@YA?ATv3@@T0@M@Z$rtcFrameData 0000000180028cd0     p5engine.obj
 0003:00000d00       ??H@YA?ATv3@@T0@0@Z$rtcName$0 0000000180028d00     p5engine.obj
 0003:00000d10       ??H@YA?ATv3@@T0@0@Z$rtcVarDesc 0000000180028d10     p5engine.obj
 0003:00000d50       ??H@YA?ATv3@@T0@0@Z$rtcFrameData 0000000180028d50     p5engine.obj
 0003:00000d80       ??G@YA?ATv3@@T0@0@Z$rtcName$0 0000000180028d80     p5engine.obj
 0003:00000d90       ??G@YA?ATv3@@T0@0@Z$rtcVarDesc 0000000180028d90     p5engine.obj
 0003:00000dd0       ??G@YA?ATv3@@T0@0@Z$rtcFrameData 0000000180028dd0     p5engine.obj
 0003:00000e00       ?Hadamard@@YA?ATv3@@T1@0@Z$rtcName$0 0000000180028e00     p5engine.obj
 0003:00000e10       ?Hadamard@@YA?ATv3@@T1@0@Z$rtcVarDesc 0000000180028e10     p5engine.obj
 0003:00000e50       ?Hadamard@@YA?ATv3@@T1@0@Z$rtcFrameData 0000000180028e50     p5engine.obj
 0003:00000e80       ?V4@@YA?ATv4@@MMMM@Z$rtcName$0 0000000180028e80     p5engine.obj
 0003:00000e90       ?V4@@YA?ATv4@@MMMM@Z$rtcVarDesc 0000000180028e90     p5engine.obj
 0003:00000ed0       ?V4@@YA?ATv4@@MMMM@Z$rtcFrameData 0000000180028ed0     p5engine.obj
 0003:00000f00       ?RectCenterHalfDim@@YA?AUrectangle2@@Tv2@@0@Z$rtcName$0 0000000180028f00     p5engine.obj
 0003:00000f10       ?RectCenterHalfDim@@YA?AUrectangle2@@Tv2@@0@Z$rtcVarDesc 0000000180028f10     p5engine.obj
 0003:00000f50       ?RectCenterHalfDim@@YA?AUrectangle2@@Tv2@@0@Z$rtcFrameData 0000000180028f50     p5engine.obj
 0003:00000f80       ?RectCenterDim@@YA?AUrectangle2@@Tv2@@0@Z$rtcName$0 0000000180028f80     p5engine.obj
 0003:00000f90       ?RectCenterDim@@YA?AUrectangle2@@Tv2@@0@Z$rtcVarDesc 0000000180028f90     p5engine.obj
 0003:00000fd0       ?RectCenterDim@@YA?AUrectangle2@@Tv2@@0@Z$rtcFrameData 0000000180028fd0     p5engine.obj
 0003:00001000       ?GetBarycentric@@YA?ATv2@@Urectangle2@@T1@@Z$rtcName$0 0000000180029000     p5engine.obj
 0003:00001010       ?GetBarycentric@@YA?ATv2@@Urectangle2@@T1@@Z$rtcVarDesc 0000000180029010     p5engine.obj
 0003:00001050       ?GetBarycentric@@YA?ATv2@@Urectangle2@@T1@@Z$rtcFrameData 0000000180029050     p5engine.obj
 0003:00001080       ?GetMinCorner@@YA?ATv3@@Urectangle3@@@Z$rtcName$0 0000000180029080     p5engine.obj
 0003:00001090       ?GetMinCorner@@YA?ATv3@@Urectangle3@@@Z$rtcVarDesc 0000000180029090     p5engine.obj
 0003:000010d0       ?GetMinCorner@@YA?ATv3@@Urectangle3@@@Z$rtcFrameData 00000001800290d0     p5engine.obj
 0003:00001100       ?GetMaxCorner@@YA?ATv3@@Urectangle3@@@Z$rtcName$0 0000000180029100     p5engine.obj
 0003:00001110       ?GetMaxCorner@@YA?ATv3@@Urectangle3@@@Z$rtcVarDesc 0000000180029110     p5engine.obj
 0003:00001150       ?GetMaxCorner@@YA?ATv3@@Urectangle3@@@Z$rtcFrameData 0000000180029150     p5engine.obj
 0003:00001180       ?RectCenterHalfDim@@YA?AUrectangle3@@Tv3@@0@Z$rtcName$0 0000000180029180     p5engine.obj
 0003:00001190       ?RectCenterHalfDim@@YA?AUrectangle3@@Tv3@@0@Z$rtcVarDesc 0000000180029190     p5engine.obj
 0003:000011d0       ?RectCenterHalfDim@@YA?AUrectangle3@@Tv3@@0@Z$rtcFrameData 00000001800291d0     p5engine.obj
 0003:00001200       ?AddRadiusTo@@YA?AUrectangle3@@U1@Tv3@@@Z$rtcName$0 0000000180029200     p5engine.obj
 0003:00001210       ?AddRadiusTo@@YA?AUrectangle3@@U1@Tv3@@@Z$rtcVarDesc 0000000180029210     p5engine.obj
 0003:00001250       ?AddRadiusTo@@YA?AUrectangle3@@U1@Tv3@@@Z$rtcFrameData 0000000180029250     p5engine.obj
 0003:00001280       ?RectCenterDim@@YA?AUrectangle3@@Tv3@@0@Z$rtcName$0 0000000180029280     p5engine.obj
 0003:00001290       ?RectCenterDim@@YA?AUrectangle3@@Tv3@@0@Z$rtcVarDesc 0000000180029290     p5engine.obj
 0003:000012d0       ?RectCenterDim@@YA?AUrectangle3@@Tv3@@0@Z$rtcFrameData 00000001800292d0     p5engine.obj
 0003:00001300       ?GetEntityGroundPoint@@YA?ATv3@@PEAUsim_entity@@@Z$rtcName$0 0000000180029300     p5engine.obj
 0003:00001310       ?GetEntityGroundPoint@@YA?ATv3@@PEAUsim_entity@@@Z$rtcVarDesc 0000000180029310     p5engine.obj
 0003:00001350       ?GetEntityGroundPoint@@YA?ATv3@@PEAUsim_entity@@@Z$rtcFrameData 0000000180029350     p5engine.obj
 0003:00001380       ?GetStairGround@@YAMPEAUsim_entity@@Tv3@@@Z$rtcName$0 0000000180029380     p5engine.obj
 0003:0000138c       ?GetStairGround@@YAMPEAUsim_entity@@Tv3@@@Z$rtcName$1 000000018002938c     p5engine.obj
 0003:000013a0       ?GetStairGround@@YAMPEAUsim_entity@@Tv3@@@Z$rtcVarDesc 00000001800293a0     p5engine.obj
 0003:00001420       ?GetStairGround@@YAMPEAUsim_entity@@Tv3@@@Z$rtcFrameData 0000000180029420     p5engine.obj
 0003:00001460       ?NullPosition@@YA?AUworld_position@@XZ$rtcName$0 0000000180029460     p5engine.obj
 0003:00001470       ?NullPosition@@YA?AUworld_position@@XZ$rtcVarDesc 0000000180029470     p5engine.obj
 0003:000014b0       ?NullPosition@@YA?AUworld_position@@XZ$rtcFrameData 00000001800294b0     p5engine.obj
 0003:000014e0       ?MapIntoChunkSpace@@YA?AUworld_position@@PEAUworld@@U1@Tv3@@@Z$rtcName$0 00000001800294e0     p5engine.obj
 0003:000014f0       ?MapIntoChunkSpace@@YA?AUworld_position@@PEAUworld@@U1@Tv3@@@Z$rtcVarDesc 00000001800294f0     p5engine.obj
 0003:00001530       ?MapIntoChunkSpace@@YA?AUworld_position@@PEAUworld@@U1@Tv3@@@Z$rtcFrameData 0000000180029530     p5engine.obj
 0003:00001560       ?ChunkPositionFromTilePosition@@YA?AUworld_position@@PEAUworld@@HHHTv3@@@Z$rtcName$0 0000000180029560     p5engine.obj
 0003:00001568       ?ChunkPositionFromTilePosition@@YA?AUworld_position@@PEAUworld@@HHHTv3@@@Z$rtcName$1 0000000180029568     p5engine.obj
 0003:00001570       ?ChunkPositionFromTilePosition@@YA?AUworld_position@@PEAUworld@@HHHTv3@@@Z$rtcName$2 0000000180029570     p5engine.obj
 0003:00001578       ?ChunkPositionFromTilePosition@@YA?AUworld_position@@PEAUworld@@HHHTv3@@@Z$rtcName$3 0000000180029578     p5engine.obj
 0003:00001580       ?ChunkPositionFromTilePosition@@YA?AUworld_position@@PEAUworld@@HHHTv3@@@Z$rtcVarDesc 0000000180029580     p5engine.obj
 0003:00001680       ?ChunkPositionFromTilePosition@@YA?AUworld_position@@PEAUworld@@HHHTv3@@@Z$rtcFrameData 0000000180029680     p5engine.obj
 0003:000016d0       ?Subtract@@YA?ATv3@@PEAUworld@@PEAUworld_position@@1@Z$rtcName$0 00000001800296d0     p5engine.obj
 0003:000016d8       ?Subtract@@YA?ATv3@@PEAUworld@@PEAUworld_position@@1@Z$rtcName$1 00000001800296d8     p5engine.obj
 0003:000016e0       ?Subtract@@YA?ATv3@@PEAUworld@@PEAUworld_position@@1@Z$rtcVarDesc 00000001800296e0     p5engine.obj
 0003:00001760       ?Subtract@@YA?ATv3@@PEAUworld@@PEAUworld_position@@1@Z$rtcFrameData 0000000180029760     p5engine.obj
 0003:00001790       ?GetSimSpacePos@@YA?ATv3@@PEAUsim_region@@PEAUlow_entity@@@Z$rtcName$0 0000000180029790     p5engine.obj
 0003:000017a0       ?GetSimSpacePos@@YA?ATv3@@PEAUsim_region@@PEAUlow_entity@@@Z$rtcVarDesc 00000001800297a0     p5engine.obj
 0003:000017e0       ?GetSimSpacePos@@YA?ATv3@@PEAUsim_region@@PEAUlow_entity@@@Z$rtcFrameData 00000001800297e0     p5engine.obj
 0003:00001810       ?LoadEntityReference@@YAXPEAUgame_state@@PEAUsim_region@@PEATentity_reference@@@Z$rtcName$0 0000000180029810     p5engine.obj
 0003:00001820       ?LoadEntityReference@@YAXPEAUgame_state@@PEAUsim_region@@PEATentity_reference@@@Z$rtcVarDesc 0000000180029820     p5engine.obj
 0003:00001860       ?LoadEntityReference@@YAXPEAUgame_state@@PEAUsim_region@@PEATentity_reference@@@Z$rtcFrameData 0000000180029860     p5engine.obj
 0003:00001890       ?EntityOverlapsRectangle@@YAHTv3@@Usim_entity_collision_volume@@Urectangle3@@@Z$rtcName$0 0000000180029890     p5engine.obj
 0003:000018a0       ?EntityOverlapsRectangle@@YAHTv3@@Usim_entity_collision_volume@@Urectangle3@@@Z$rtcVarDesc 00000001800298a0     p5engine.obj
 0003:000018e0       ?EntityOverlapsRectangle@@YAHTv3@@Usim_entity_collision_volume@@Urectangle3@@@Z$rtcFrameData 00000001800298e0     p5engine.obj
 0003:00001910       ?BeginSim@@YAPEAUsim_region@@PEAUmemory_arena@@PEAUgame_state@@PEAUworld@@Uworld_position@@Urectangle3@@M@Z$rtcName$0 0000000180029910     p5engine.obj
 0003:00001920       ?BeginSim@@YAPEAUsim_region@@PEAUmemory_arena@@PEAUgame_state@@PEAUworld@@Uworld_position@@Urectangle3@@M@Z$rtcName$1 0000000180029920     p5engine.obj
 0003:00001930       ?BeginSim@@YAPEAUsim_region@@PEAUmemory_arena@@PEAUgame_state@@PEAUworld@@Uworld_position@@Urectangle3@@M@Z$rtcName$2 0000000180029930     p5engine.obj
 0003:00001940       ?BeginSim@@YAPEAUsim_region@@PEAUmemory_arena@@PEAUgame_state@@PEAUworld@@Uworld_position@@Urectangle3@@M@Z$rtcVarDesc 0000000180029940     p5engine.obj
 0003:00001a00       ?BeginSim@@YAPEAUsim_region@@PEAUmemory_arena@@PEAUgame_state@@PEAUworld@@Uworld_position@@Urectangle3@@M@Z$rtcFrameData 0000000180029a00     p5engine.obj
 0003:00001a50       ?EndSim@@YAXPEAUsim_region@@PEAUgame_state@@@Z$rtcName$0 0000000180029a50     p5engine.obj
 0003:00001a58       ?EndSim@@YAXPEAUsim_region@@PEAUgame_state@@@Z$rtcName$1 0000000180029a58     p5engine.obj
 0003:00001a70       ?EndSim@@YAXPEAUsim_region@@PEAUgame_state@@@Z$rtcVarDesc 0000000180029a70     p5engine.obj
 0003:00001af0       ?EndSim@@YAXPEAUsim_region@@PEAUgame_state@@@Z$rtcFrameData 0000000180029af0     p5engine.obj
 0003:00001b30       ?SpeculativeCollide@@YAHPEAUsim_entity@@0@Z$rtcName$0 0000000180029b30     p5engine.obj
 0003:00001b50       ?SpeculativeCollide@@YAHPEAUsim_entity@@0@Z$rtcVarDesc 0000000180029b50     p5engine.obj
 0003:00001b90       ?SpeculativeCollide@@YAHPEAUsim_entity@@0@Z$rtcFrameData 0000000180029b90     p5engine.obj
 0003:00001bc0       ?EntitiesOverlap@@YAHPEAUsim_entity@@0Tv3@@@Z$rtcName$0 0000000180029bc0     p5engine.obj
 0003:00001bd0       ?EntitiesOverlap@@YAHPEAUsim_entity@@0Tv3@@@Z$rtcName$1 0000000180029bd0     p5engine.obj
 0003:00001be0       ?EntitiesOverlap@@YAHPEAUsim_entity@@0Tv3@@@Z$rtcVarDesc 0000000180029be0     p5engine.obj
 0003:00001c60       ?EntitiesOverlap@@YAHPEAUsim_entity@@0Tv3@@@Z$rtcFrameData 0000000180029c60     p5engine.obj
 0003:00001ca0       ?MoveEntity@@YAXPEAUgame_state@@PEAUsim_region@@PEAUsim_entity@@MPEAUmove_spec@@Tv3@@@Z$rtcName$0 0000000180029ca0     p5engine.obj
 0003:00001ca8       ?MoveEntity@@YAXPEAUgame_state@@PEAUsim_region@@PEAUsim_entity@@MPEAUmove_spec@@Tv3@@@Z$rtcName$1 0000000180029ca8     p5engine.obj
 0003:00001cb4       ?MoveEntity@@YAXPEAUgame_state@@PEAUsim_region@@PEAUsim_entity@@MPEAUmove_spec@@Tv3@@@Z$rtcName$11 0000000180029cb4     p5engine.obj
 0003:00001cb8       ?MoveEntity@@YAXPEAUgame_state@@PEAUsim_region@@PEAUsim_entity@@MPEAUmove_spec@@Tv3@@@Z$rtcName$2 0000000180029cb8     p5engine.obj
 0003:00001cc8       ?MoveEntity@@YAXPEAUgame_state@@PEAUsim_region@@PEAUsim_entity@@MPEAUmove_spec@@Tv3@@@Z$rtcName$3 0000000180029cc8     p5engine.obj
 0003:00001cd8       ?MoveEntity@@YAXPEAUgame_state@@PEAUsim_region@@PEAUsim_entity@@MPEAUmove_spec@@Tv3@@@Z$rtcName$4 0000000180029cd8     p5engine.obj
 0003:00001ce8       ?MoveEntity@@YAXPEAUgame_state@@PEAUsim_region@@PEAUsim_entity@@MPEAUmove_spec@@Tv3@@@Z$rtcName$5 0000000180029ce8     p5engine.obj
 0003:00001cf8       ?MoveEntity@@YAXPEAUgame_state@@PEAUsim_region@@PEAUsim_entity@@MPEAUmove_spec@@Tv3@@@Z$rtcName$6 0000000180029cf8     p5engine.obj
 0003:00001d08       ?MoveEntity@@YAXPEAUgame_state@@PEAUsim_region@@PEAUsim_entity@@MPEAUmove_spec@@Tv3@@@Z$rtcName$7 0000000180029d08     p5engine.obj
 0003:00001d18       ?MoveEntity@@YAXPEAUgame_state@@PEAUsim_region@@PEAUsim_entity@@MPEAUmove_spec@@Tv3@@@Z$rtcName$8 0000000180029d18     p5engine.obj
 0003:00001d30       ?MoveEntity@@YAXPEAUgame_state@@PEAUsim_region@@PEAUsim_entity@@MPEAUmove_spec@@Tv3@@@Z$rtcName$9 0000000180029d30     p5engine.obj
 0003:00001d40       ?MoveEntity@@YAXPEAUgame_state@@PEAUsim_region@@PEAUsim_entity@@MPEAUmove_spec@@Tv3@@@Z$rtcName$10 0000000180029d40     p5engine.obj
 0003:00001d4c       ?MoveEntity@@YAXPEAUgame_state@@PEAUsim_region@@PEAUsim_entity@@MPEAUmove_spec@@Tv3@@@Z$rtcName$12 0000000180029d4c     p5engine.obj
 0003:00001d58       ?MoveEntity@@YAXPEAUgame_state@@PEAUsim_region@@PEAUsim_entity@@MPEAUmove_spec@@Tv3@@@Z$rtcName$13 0000000180029d58     p5engine.obj
 0003:00001d68       ?MoveEntity@@YAXPEAUgame_state@@PEAUsim_region@@PEAUsim_entity@@MPEAUmove_spec@@Tv3@@@Z$rtcName$14 0000000180029d68     p5engine.obj
 0003:00001d78       ?MoveEntity@@YAXPEAUgame_state@@PEAUsim_region@@PEAUsim_entity@@MPEAUmove_spec@@Tv3@@@Z$rtcName$15 0000000180029d78     p5engine.obj
 0003:00001d80       ?MoveEntity@@YAXPEAUgame_state@@PEAUsim_region@@PEAUsim_entity@@MPEAUmove_spec@@Tv3@@@Z$rtcName$16 0000000180029d80     p5engine.obj
 0003:00001d8c       ?MoveEntity@@YAXPEAUgame_state@@PEAUsim_region@@PEAUsim_entity@@MPEAUmove_spec@@Tv3@@@Z$rtcName$17 0000000180029d8c     p5engine.obj
 0003:00001d98       ?MoveEntity@@YAXPEAUgame_state@@PEAUsim_region@@PEAUsim_entity@@MPEAUmove_spec@@Tv3@@@Z$rtcFrameData 0000000180029d98     p5engine.obj
 0003:00001db0       ?MoveEntity@@YAXPEAUgame_state@@PEAUsim_region@@PEAUsim_entity@@MPEAUmove_spec@@Tv3@@@Z$rtcVarDesc 0000000180029db0     p5engine.obj
 0003:000022f0       ?DefaultMoveSpec@@YA?AUmove_spec@@XZ$rtcName$0 000000018002a2f0     p5engine.obj
 0003:00002300       ?DefaultMoveSpec@@YA?AUmove_spec@@XZ$rtcVarDesc 000000018002a300     p5engine.obj
 0003:00002340       ?DefaultMoveSpec@@YA?AUmove_spec@@XZ$rtcFrameData 000000018002a340     p5engine.obj
[...]
 0003:00005410       $unwind$?ChangeEntityLocationRaw@@YAXPEAUmemory_arena@@PEAUworld@@IPEAUworld_position@@2@Z 000000018002d410     p5engine.obj
 0003:00005424       $unwind$?ChangeEntityLocation@@YAXPEAUmemory_arena@@PEAUworld@@IPEAUlow_entity@@Uworld_position@@@Z 000000018002d424     p5engine.obj
 0003:00005438       $unwind$?GetHashFromStorageIndex@@YAPEAUsim_entity_hash@@PEAUsim_region@@I@Z 000000018002d438     p5engine.obj
 0003:0000544c       $unwind$?GetSimSpacePos@@YA?ATv3@@PEAUsim_region@@PEAUlow_entity@@@Z 000000018002d44c     p5engine.obj
 0003:00005460       $unwind$?AddEntity@@YAPEAUsim_entity@@PEAUgame_state@@PEAUsim_region@@IPEAUlow_entity@@PEATv3@@@Z 000000018002d460     p5engine.obj
 0003:00005474       $unwind$?LoadEntityReference@@YAXPEAUgame_state@@PEAUsim_region@@PEATentity_reference@@@Z 000000018002d474     p5engine.obj
 0003:00005490       $unwind$?StoreEntityReference@@YAXPEATentity_reference@@@Z 000000018002d490     p5engine.obj
 0003:000054a4       $unwind$?AddEntityRaw@@YAPEAUsim_entity@@PEAUgame_state@@PEAUsim_region@@IPEAUlow_entity@@@Z 000000018002d4a4     p5engine.obj
 0003:000054b8       $unwind$?EntityOverlapsRectangle@@YAHTv3@@Usim_entity_collision_volume@@Urectangle3@@@Z 000000018002d4b8     p5engine.obj
 0003:000054cc       $unwind$?BeginSim@@YAPEAUsim_region@@PEAUmemory_arena@@PEAUgame_state@@PEAUworld@@Uworld_position@@Urectangle3@@M@Z 000000018002d4cc     p5engine.obj
 0003:000054e8       $unwind$?EndSim@@YAXPEAUsim_region@@PEAUgame_state@@@Z 000000018002d4e8     p5engine.obj
 0003:00005504       $unwind$?CanCollide@@YAHPEAUgame_state@@PEAUsim_entity@@1@Z 000000018002d504     p5engine.obj
 0003:00005518       $unwind$?HandleCollision@@YAHPEAUgame_state@@PEAUsim_entity@@1@Z 000000018002d518     p5engine.obj
 0003:0000552c       $unwind$?CanOverlap@@YAHPEAUgame_state@@PEAUsim_entity@@1@Z 000000018002d52c     p5engine.obj
 0003:00005540       $unwind$?HandleOverlap@@YAXPEAUgame_state@@PEAUsim_entity@@1MPEAM@Z 000000018002d540     p5engine.obj
 0003:00005554       $unwind$?SpeculativeCollide@@YAHPEAUsim_entity@@0@Z 000000018002d554     p5engine.obj
 0003:00005568       $unwind$?EntitiesOverlap@@YAHPEAUsim_entity@@0Tv3@@@Z 000000018002d568     p5engine.obj
 0003:0000557c       $unwind$?MoveEntity@@YAXPEAUgame_state@@PEAUsim_region@@PEAUsim_entity@@MPEAUmove_spec@@Tv3@@@Z 000000018002d57c     p5engine.obj
 0003:00005598       $unwind$?DefaultMoveSpec@@YA?AUmove_spec@@XZ 000000018002d598     p5engine.obj
 0003:000055b4       $unwind$?GameOutputSound@@YAXPEAUgame_state@@PEAUgame_sound_output_buffer@@H@Z 000000018002d5b4     p5engine.obj
 0003:000055c8       $unwind$?DrawRectangle@@YAXPEAUgame_offscreen_buffer@@Tv2@@1MMM@Z 000000018002d5c8     p5engine.obj
 0003:000055dc       $unwind$?DrawBitmap@@YAXPEAUgame_offscreen_buffer@@PEAUloaded_bitmap@@MMM@Z 000000018002d5dc     p5engine.obj
 0003:000055f0       $unwind$?DEBUGLoadBMP@@YA?AUloaded_bitmap@@PEAUthread_context@@P6A?AUdebug_read_file_result@@0PEAD@Z1@Z 000000018002d5f0     p5engine.obj
 0003:0000560c       $unwind$?AddLowEntity@@YA?AUadd_low_entity_result@@PEAUgame_state@@W4entity_type@@Uworld_position@@@Z 000000018002d60c     p5engine.obj
 0003:00005628       $unwind$?AddGroundedEntity@@YA?AUadd_low_entity_result@@PEAUgame_state@@W4entity_type@@Uworld_position@@PEAUsim_entity_collision_volume_group@@@Z 000000018002d628     p5engine.obj
 0003:0000563c       $unwind$?AddStandardRoom@@YA?AUadd_low_entity_result@@PEAUgame_state@@III@Z 000000018002d63c     p5engine.obj
 0003:00005650       $unwind$?AddWall@@YA?AUadd_low_entity_result@@PEAUgame_state@@III@Z 000000018002d650     p5engine.obj
 0003:00005664       $unwind$?AddStairs@@YA?AUadd_low_entity_result@@PEAUgame_state@@III@Z 000000018002d664     p5engine.obj
 0003:00005678       $unwind$?InitHitPoints@@YAXPEAUlow_entity@@I@Z 000000018002d678     p5engine.obj
 0003:0000568c       $unwind$?AddSword@@YA?AUadd_low_entity_result@@PEAUgame_state@@@Z 000000018002d68c     p5engine.obj
 0003:000056a0       $unwind$?AddPlayer@@YA?AUadd_low_entity_result@@PEAUgame_state@@@Z 000000018002d6a0     p5engine.obj
 0003:000056b4       $unwind$?AddMonstar@@YA?AUadd_low_entity_result@@PEAUgame_state@@III@Z 000000018002d6b4     p5engine.obj
 0003:000056c8       $unwind$?AddFamiliar@@YA?AUadd_low_entity_result@@PEAUgame_state@@III@Z 000000018002d6c8     p5engine.obj
 0003:000056dc       $unwind$?PushPiece@@YAXPEAUentity_visible_piece_group@@PEAUloaded_bitmap@@Tv2@@2M2Tv4@@M@Z 000000018002d6dc     p5engine.obj
 0003:000056f0       $unwind$?PushBitmap@@YAXPEAUentity_visible_piece_group@@PEAUloaded_bitmap@@Tv2@@M2MM@Z 000000018002d6f0     p5engine.obj
 0003:00005704       $unwind$?PushRect@@YAXPEAUentity_visible_piece_group@@Tv2@@M1Tv4@@M@Z 000000018002d704     p5engine.obj
 0003:00005718       $unwind$?PushRectOutline@@YAXPEAUentity_visible_piece_group@@Tv2@@M1Tv4@@M@Z 000000018002d718     p5engine.obj
 0003:0000572c       $unwind$?DrawHitpoints@@YAXPEAUsim_entity@@PEAUentity_visible_piece_group@@@Z 000000018002d72c     p5engine.obj
 0003:00005748       $unwind$?MakeSimpleGroundedCollision@@YAPEAUsim_entity_collision_volume_group@@PEAUgame_state@@MMM@Z 000000018002d748     p5engine.obj
 0003:0000575c       $unwind$?MakeNullCollision@@YAPEAUsim_entity_collision_volume_group@@PEAUgame_state@@@Z 000000018002d75c     p5engine.obj
 0003:00005770       $unwind$GameUpdateAndRender 000000018002d770     p5engine.obj
 0003:0000578c       $unwind$GameGetSoundSamples 000000018002d78c     p5engine.obj
 0003:000057a0       $unwind$_RTC_CheckStackVars 000000018002d7a0     MSVCRTD:stack.obj
 0003:000057b4       $chain$0$_RTC_CheckStackVars 000000018002d7b4     MSVCRTD:stack.obj
 0003:000057cc       $chain$1$_RTC_CheckStackVars 000000018002d7cc     MSVCRTD:stack.obj
 0003:000057e0       $unwind$_RTC_CheckStackVars2 000000018002d7e0     MSVCRTD:stack.obj
 0003:000057f0       $chain$1$_RTC_CheckStackVars2 000000018002d7f0     MSVCRTD:stack.obj
 0003:0000580c       $chain$2$_RTC_CheckStackVars2 000000018002d80c     MSVCRTD:stack.obj
 0003:00005824       $chain$3$_RTC_CheckStackVars2 000000018002d824     MSVCRTD:stack.obj
 0003:0000583c       $chain$4$_RTC_CheckStackVars2 000000018002d83c     MSVCRTD:stack.obj
 0003:00005850       $chain$5$_RTC_CheckStackVars2 000000018002d850     MSVCRTD:stack.obj
 0003:00005864       $chain$6$_RTC_CheckStackVars2 000000018002d864     MSVCRTD:stack.obj
 0003:00005878       $unwind$_RTC_AllocaHelper  000000018002d878     MSVCRTD:stack.obj
 0003:00005880       $chain$0$_RTC_AllocaHelper 000000018002d880     MSVCRTD:stack.obj
 0003:00005898       $chain$1$_RTC_AllocaHelper 000000018002d898     MSVCRTD:stack.obj
 0003:000058ac       $unwind$_RTC_Shutdown      000000018002d8ac     MSVCRTD:init.obj
 0003:000058b4       $unwind$_RTC_InitBase      000000018002d8b4     MSVCRTD:init.obj
 0003:000058bc       $unwind$__CheckForDebuggerJustMyCode 000000018002d8bc     MSVCRTD:debugger_jmc.obj
 0003:000058c4       $unwind$__GSHandlerCheckCommon 000000018002d8c4     MSVCRTD:gshandler.obj
 0003:000058cc       $unwind$__GSHandlerCheck   000000018002d8cc     MSVCRTD:gshandler.obj
 0003:000058d8       $xdatasym                  000000018002d8d8     MSVCRTD:chkstk.obj
 0003:000058e0       $xdatasym                  000000018002d8e0     MSVCRTD:amdsecgs.obj
 0003:000058e4       $unwind$?dllmain_crt_process_attach@@YAHQEAUHINSTANCE__@@QEAX@Z 000000018002d8e4     MSVCRTD:dll_dllmain.obj
 0003:00005908       $unwind$?fin$0@?0??dllmain_crt_process_attach@@YAHQEAUHINSTANCE__@@QEAX@Z@4HA 000000018002d908     MSVCRTD:dll_dllmain.obj
 0003:00005910       $unwind$?dllmain_crt_process_detach@@YAH_N@Z 000000018002d910     MSVCRTD:dll_dllmain.obj
 0003:00005944       $unwind$?fin$0@?0??dllmain_crt_process_detach@@YAH_N@Z@4HA 000000018002d944     MSVCRTD:dll_dllmain.obj
 0003:0000594c       $unwind$?fin$1@?0??dllmain_crt_process_detach@@YAH_N@Z@4HA 000000018002d94c     MSVCRTD:dll_dllmain.obj
 0003:00005954       $unwind$?dllmain_crt_dispatch@@YAHQEAUHINSTANCE__@@KQEAX@Z 000000018002d954     MSVCRTD:dll_dllmain.obj
 0003:0000595c       $unwind$_CRT_INIT          000000018002d95c     MSVCRTD:dll_dllmain.obj
 0003:00005964       $unwind$?dllmain_raw@@YAHQEAUHINSTANCE__@@KQEAX@Z 000000018002d964     MSVCRTD:dll_dllmain.obj
 0003:0000596c       $unwind$?dllmain_dispatch@@YAHQEAUHINSTANCE__@@KQEAX@Z 000000018002d96c     MSVCRTD:dll_dllmain.obj
 0003:00005990       $unwind$?filt$0@?0??dllmain_dispatch@@YAHQEAUHINSTANCE__@@KQEAX@Z@4HA 000000018002d990     MSVCRTD:dll_dllmain.obj
 0003:00005998       $unwind$_DllMainCRTStartup 000000018002d998     MSVCRTD:dll_dllmain.obj
 0003:000059a0       $unwind$_RTC_UninitUse     000000018002d9a0     MSVCRTD:error.obj
 0003:000059bc       $unwind$?_RTC_StackFailure@@YAXPEAXPEBD@Z 000000018002d9bc     MSVCRTD:error.obj
 0003:000059dc       $unwind$?_RTC_AllocaFailure@@YAXPEAXPEAU_RTC_ALLOCA_NODE@@H@Z 000000018002d9dc     MSVCRTD:error.obj
 0003:000059f8       $chain$0$?_RTC_AllocaFailure@@YAXPEAXPEAU_RTC_ALLOCA_NODE@@H@Z 000000018002d9f8     MSVCRTD:error.obj
 0003:00005a10       $chain$1$?_RTC_AllocaFailure@@YAXPEAXPEAU_RTC_ALLOCA_NODE@@H@Z 000000018002da10     MSVCRTD:error.obj
 0003:00005a24       $unwind$_vsprintf_s_l      000000018002da24     MSVCRTD:error.obj
 0003:00005a3c       $unwind$sprintf_s          000000018002da3c     MSVCRTD:error.obj
 0003:00005a44       $unwind$?notify_debugger@@YAXAEBUtagEXCEPTION_VISUALCPP_DEBUG_INFO@@@Z 000000018002da44     MSVCRTD:error.obj
 0003:00005a68       $unwind$?filt$0@?0??notify_debugger@@YAXAEBUtagEXCEPTION_VISUALCPP_DEBUG_INFO@@@Z@4HA 000000018002da68     MSVCRTD:error.obj
 0003:00005a70       $unwind$?DebuggerProbe@@YA_NK@Z 000000018002da70     MSVCRTD:error.obj
 0003:00005a78       $unwind$?DebuggerRuntime@@YA_NKHPEAXPEB_W@Z 000000018002da78     MSVCRTD:error.obj
 0003:00005a80       $unwind$?failwithmessage@@YAXPEAXHHPEBD@Z 000000018002da80     MSVCRTD:error.obj
 0003:00005aa8       $unwind$?_getMemBlockDataString@@YAXPEAD0PEBD_K@Z 000000018002daa8     MSVCRTD:error.obj
 0003:00005abc       $chain$3$?_getMemBlockDataString@@YAXPEAD0PEBD_K@Z 000000018002dabc     MSVCRTD:error.obj
 0003:00005ae0       $chain$4$?_getMemBlockDataString@@YAXPEAD0PEBD_K@Z 000000018002dae0     MSVCRTD:error.obj
 0003:00005af4       $unwind$__report_securityfailure 000000018002daf4     MSVCRTD:gs_report.obj
 0003:00005afc       $unwind$__report_securityfailureEx 000000018002dafc     MSVCRTD:gs_report.obj
 0003:00005b04       $unwind$__report_rangecheckfailure 000000018002db04     MSVCRTD:gs_report.obj
 0003:00005b0c       $unwind$__report_gsfailure 000000018002db0c     MSVCRTD:gs_report.obj
 0003:00005b14       $unwind$capture_current_context 000000018002db14     MSVCRTD:gs_report.obj
 0003:00005b1c       $unwind$capture_previous_context 000000018002db1c     MSVCRTD:gs_report.obj
 0003:00005b24       $unwind$__raise_securityfailure 000000018002db24     MSVCRTD:gs_report.obj
 0003:00005b2c       $unwind$__security_init_cookie 000000018002db2c     MSVCRTD:gs_support.obj
 0003:00005b34       $unwind$__get_entropy      000000018002db34     MSVCRTD:gs_support.obj
 0003:00005b3c       $unwind$DllMain            000000018002db3c     MSVCRTD:dll_dllmain_stub.obj
 0003:00005b44       $unwind$?__scrt_initialize_type_info@@YAXXZ 000000018002db44     MSVCRTD:tncleanup.obj
 0003:00005b4c       $unwind$?__scrt_uninitialize_type_info@@YAXXZ 000000018002db4c     MSVCRTD:tncleanup.obj
 0003:00005b54       $unwind$__scrt_initialize_default_local_stdio_options 000000018002db54     MSVCRTD:default_local_stdio_options.obj
 0003:00005b5c       $unwind$atexit             000000018002db5c     MSVCRTD:utility.obj
 0003:00005b64       $unwind$_onexit            000000018002db64     MSVCRTD:utility.obj
 0003:00005b6c       $unwind$at_quick_exit      000000018002db6c     MSVCRTD:utility.obj
 0003:00005b74       $unwind$__scrt_is_nonwritable_in_current_image 000000018002db74     MSVCRTD:utility.obj
 0003:00005b98       $unwind$__scrt_is_nonwritable_in_current_image$filt$0 000000018002db98     MSVCRTD:utility.obj
 0003:00005ba0       $unwind$__scrt_acquire_startup_lock 000000018002dba0     MSVCRTD:utility.obj
 0003:00005ba8       $unwind$__scrt_release_startup_lock 000000018002dba8     MSVCRTD:utility.obj
 0003:00005bb0       $unwind$__scrt_initialize_crt 000000018002dbb0     MSVCRTD:utility.obj
 0003:00005bb8       $unwind$__scrt_uninitialize_crt 000000018002dbb8     MSVCRTD:utility.obj
 0003:00005bc0       $unwind$__scrt_initialize_onexit_tables 000000018002dbc0     MSVCRTD:utility.obj
 0003:00005bd0       $unwind$__scrt_dllmain_exception_filter 000000018002dbd0     MSVCRTD:utility.obj
 0003:00005bd8       $unwind$__scrt_dllmain_before_initialize_c 000000018002dbd8     MSVCRTD:utility.obj
 0003:00005be0       $unwind$__scrt_dllmain_after_initialize_c 000000018002dbe0     MSVCRTD:utility.obj
 0003:00005be8       $unwind$__scrt_dllmain_uninitialize_c 000000018002dbe8     MSVCRTD:utility.obj
 0003:00005bf0       $unwind$__scrt_dllmain_uninitialize_critical 000000018002dbf0     MSVCRTD:utility.obj
 0003:00005bf8       $unwind$__scrt_dllmain_crt_thread_attach 000000018002dbf8     MSVCRTD:utility.obj
 0003:00005c00       $unwind$__scrt_dllmain_crt_thread_detach 000000018002dc00     MSVCRTD:utility.obj
 0003:00005c08       $unwind$?configure_argv@__scrt_narrow_argv_policy@@SAHXZ 000000018002dc08     MSVCRTD:utility.obj
 0003:00005c10       $unwind$?initialize_environment@__scrt_narrow_environment_policy@@SAHXZ 000000018002dc10     MSVCRTD:utility.obj
 0003:00005c18       $unwind$?is_potentially_valid_image_base@@YA_NQEAX@Z 000000018002dc18     MSVCRTD:utility.obj
 0003:00005c20       $unwind$?find_pe_section@@YAPEAU_IMAGE_SECTION_HEADER@@QEAE_K@Z 000000018002dc20     MSVCRTD:utility.obj
 0003:00005c28       $unwind$__scrt_get_show_window_mode 000000018002dc28     MSVCRTD:utility_desktop.obj
 0003:00005c38       $unwind$__scrt_is_managed_app 000000018002dc38     MSVCRTD:utility_desktop.obj
 0003:00005c40       $unwind$__scrt_initialize_mta 000000018002dc40     MSVCRTD:utility_desktop.obj
 0003:00005c48       $unwind$__scrt_set_unhandled_exception_filter 000000018002dc48     MSVCRTD:utility_desktop.obj
 0003:00005c50       $unwind$__scrt_fastfail    000000018002dc50     MSVCRTD:utility_desktop.obj
 0003:00005c60       $unwind$__scrt_unhandled_exception_filter 000000018002dc60     MSVCRTD:utility_desktop.obj
 0003:00005c68       $unwind$_RTC_Initialize    000000018002dc68     MSVCRTD:initsect.obj
 0003:00005c78       $unwind$_RTC_Terminate     000000018002dc78     MSVCRTD:initsect.obj
 0003:00005c88       $unwind$ReadNoFence64      000000018002dc88     MSVCRTD:guard_support.obj
 0003:00005c90       $unwind$ReadPointerNoFence 000000018002dc90     MSVCRTD:guard_support.obj
 0003:00005c98       $unwind$_guard_icall_checks_enforced 000000018002dc98     MSVCRTD:guard_support.obj
 0003:00005ca0       $unwind$__castguard_compat_check 000000018002dca0     MSVCRTD:guard_support.obj
 0003:00005ca8       $unwind$__castguard_check_failure_debugbreak 000000018002dca8     MSVCRTD:guard_support.obj
 0003:00005cb0       $unwind$__castguard_check_failure_fastfail 000000018002dcb0     MSVCRTD:guard_support.obj
 0003:00005cb8       $unwind$__castguard_check_failure_os_handled 000000018002dcb8     MSVCRTD:guard_support.obj
 0003:00005cc0       $unwind$__castguard_slow_path_compat_check 000000018002dcc0     MSVCRTD:guard_support.obj
 0003:00005cc8       $unwind$__castguard_slow_path_check_debugbreak 000000018002dcc8     MSVCRTD:guard_support.obj
 0003:00005cd0       $unwind$__castguard_slow_path_check_fastfail 000000018002dcd0     MSVCRTD:guard_support.obj
 0003:00005cd8       $unwind$__castguard_slow_path_check_os_handled 000000018002dcd8     MSVCRTD:guard_support.obj
 0003:00005ce0       $unwind$?_RTC_GetSrcLine@@YAHPEAEPEA_WKPEAH1K@Z 000000018002dce0     MSVCRTD:pdblkup.obj
 0003:00005cfc       $unwind$?GetPdbDllFromInstallPath@@YAPEAUHINSTANCE__@@XZ 000000018002dcfc     MSVCRTD:pdblkup.obj
 0003:00005d24       $unwind$?GetPdbDllPathFromFilePath@@YAHPEB_WPEA_W_K@Z 000000018002dd24     MSVCRTD:pdblkup.obj
 0003:00005d40       $unwind$?GetPdbDll@@YAPEAUHINSTANCE__@@XZ 000000018002dd40     MSVCRTD:pdblkup.obj
 0003:00005d54       $unwind$__isa_available_init 000000018002dd54     MSVCRTD:cpu_disp.obj
 0003:00005d68       $unwind$__scrt_is_ucrt_dll_in_use 000000018002dd68     MSVCRTD:ucrt_detection.obj
 0003:00005d70       $xdatasym                  000000018002dd70     MSVCRTD:guard_dispatch.obj
 0003:00005d78       $xdatasym                  000000018002dd78     MSVCRTD:guard_xfg_dispatch.obj
 0003:00006020       .edata                     000000018002e020     P5Engine.exp
 0003:00006048       rgpv                       000000018002e048     P5Engine.exp
 0003:00006050       rgszName                   000000018002e050     P5Engine.exp
 0003:00006058       rgwOrd                     000000018002e058     P5Engine.exp
 0003:0000605c       szName                     000000018002e05c     P5Engine.exp
 0003:00006069       $N00001                    000000018002e069     P5Engine.exp
 0003:0000607d       $N00002                    000000018002e07d     P5Engine.exp
 0004:00000000       ?RandomNumberTable@@3PAIA  000000018002f000     p5engine.obj
 0004:00004e40       ?init@?1??_RTC_InitBase@@9@4_NA 0000000180033e40     MSVCRTD:init.obj
 0004:00004e44       ?__proc_attached@@3HA      0000000180033e44     MSVCRTD:dll_dllmain.obj
 0004:00004e58       ?_RTC_ErrorReportFunc@@3P6AHHPEBDH00ZZEA 0000000180033e58     MSVCRTD:userapi.obj
 0004:00004e60       ?_RTC_ErrorReportFuncW@@3P6AHHPEB_WH00ZZEA 0000000180033e60     MSVCRTD:userapi.obj
 0004:00004e70       GS_ExceptionRecord         0000000180033e70     MSVCRTD:gs_report.obj
 0004:00004f10       GS_ContextRecord           0000000180033f10     MSVCRTD:gs_report.obj
 0004:00005538       ?is_initialized_as_dll@@3_NA 0000000180034538     MSVCRTD:utility.obj
 0004:00005539       ?module_local_atexit_table_initialized@@3_NA 0000000180034539     MSVCRTD:utility.obj
 0004:00005540       ?module_local_atexit_table@@3U_onexit_table_t@@A 0000000180034540     MSVCRTD:utility.obj
 0004:00005558       ?module_local_at_quick_exit_table@@3U_onexit_table_t@@A 0000000180034558     MSVCRTD:utility.obj
 0004:00005598       ?mspdb@@3PEAUHINSTANCE__@@EA 0000000180034598     MSVCRTD:pdblkup.obj
 0004:000055a1       ?alreadyTried@?1??GetPdbDll@@YAPEAUHINSTANCE__@@XZ@4_NA 00000001800345a1     MSVCRTD:pdblkup.obj
 0004:000055a2       ?PDBOK@?1??_RTC_GetSrcLine@@YAHPEAEPEA_WKPEAH1K@Z@4_NA 00000001800345a2     MSVCRTD:pdblkup.obj
 0006:000007aa       .idata$6                   00000001800387aa     vcruntimed:VCRUNTIME140D.dll
 0006:0000095a       .idata$6                   000000018003895a     ucrtd:ucrtbased.dll
 0006:00000b9c       .idata$6                   0000000180038b9c     kernel32:KERNEL32.dll
 0007:00000000       __5C0B09BC_p5engine_platform@h 0000000180039000     p5engine.obj
 0007:00000001       __09340588_corecrt_math@h  0000000180039001     p5engine.obj
 0007:00000002       __B0C4CEA9_malloc@h        0000000180039002     p5engine.obj
 0007:00000003       __3A0418DB_p5engine_intrinsics@h 0000000180039003     p5engine.obj
 0007:00000004       __6D6C9F34_p5engine_math@h 0000000180039004     p5engine.obj
 0007:00000005       __326D9465_p5engine_entity@h 0000000180039005     p5engine.obj
 0007:00000006       __B7D51BCB_p5engine@h      0000000180039006     p5engine.obj
 0007:00000007       __DC0D61CC_p5engine_world@cpp 0000000180039007     p5engine.obj
 0007:00000008       __5DD8E4E4_p5engine_sim_region@cpp 0000000180039008     p5engine.obj
 0007:00000009       __9C871DF9_p5engine_entity@cpp 0000000180039009     p5engine.obj
 0007:0000000a       __D1049797_p5engine@cpp    000000018003900a     p5engine.obj
 0009:00000170       $R000000                   000000018003b170     * linker generated manifest res *
