 P5Engine

 Timestamp is 615d5aed (Wed Oct  6 01:14:37 2021)

 Preferred load address is 0000000180000000

 Start         Length     Name                   Class
 0001:00000000 00010000H .textbss                DATA
 0002:00000000 00019b50H .text$mn                CODE
 0002:00019b50 00001040H .text$mn$00             CODE
 0002:0001ab90 00001141H .text$x                 CODE
 0003:00000000 00000110H .CRT$XCA                DATA
 0003:00000110 00000110H .CRT$XCZ                DATA
 0003:00000220 00000110H .CRT$XIA                DATA
 0003:00000330 00000110H .CRT$XIZ                DATA
 0003:00000440 00000110H .CRT$XPA                DATA
 0003:00000550 00000110H .CRT$XPZ                DATA
 0003:00000660 00000110H .CRT$XTA                DATA
 0003:00000770 00000110H .CRT$XTZ                DATA
 0003:00000880 00005500H .rdata                  DATA
 0003:00005d80 00000110H .rdata$CastGuardVftablesA DATA
 0003:00005e90 0000010cH .rdata$CastGuardVftablesC DATA
 0003:00005f9c 0000017cH .rdata$zzzdbg           DATA
 0003:00006118 00000110H .rtc$IAA                DATA
 0003:00006228 00000110H .rtc$IMZ                DATA
 0003:00006338 00000110H .rtc$IZZ                DATA
 0003:00006448 00000110H .rtc$TAA                DATA
 0003:00006558 00000110H .rtc$TMZ                DATA
 0003:00006668 00000110H .rtc$TZZ                DATA
 0003:00006778 000014a8H .xdata                  DATA
 0003:00007c20 00000187H .edata                  DATA
 0004:00000000 00004e40H .data                   DATA
 0004:00004e40 00000788H .bss                    DATA
 0005:00000000 0000282cH .pdata                  DATA
 0006:00000000 00000350H .idata$5                DATA
 0006:00000350 0000003cH .idata$2                DATA
 0006:0000038c 00000014H .idata$3                DATA
 0006:000003a0 00000350H .idata$4                DATA
 0006:000006f0 0000066aH .idata$6                DATA
 0007:00000000 0000010fH .msvcjmc                DATA
 0008:00000000 00000151H .00cfg                  DATA
 0009:00000000 00000170H .rsrc$01                DATA
 0009:00000170 000001b6H .rsrc$02                DATA

  Address         Publics by Value              Rva+Base               Lib:Object

 0000:00000000       ___safe_se_handler_count   0000000000000000     <absolute>
 0000:00000000       ___safe_se_handler_table   0000000000000000     <absolute>
 0000:00000000       __guard_longjmp_count      0000000000000000     <absolute>
 0000:00000000       __guard_fids_table         0000000000000000     <absolute>
 0000:00000000       __arm64x_extra_rfe_table_size 0000000000000000     <absolute>
 0000:00000000       __guard_longjmp_table      0000000000000000     <absolute>
 0000:00000000       __guard_iat_table          0000000000000000     <absolute>
 0000:00000000       __x64_code_ranges_to_entry_points_count 0000000000000000     <absolute>
 0000:00000000       __volatile_metadata        0000000000000000     <absolute>
 0000:00000000       __guard_fids_count         0000000000000000     <absolute>
 0000:00000000       __hybrid_auxiliary_iat     0000000000000000     <absolute>
 0000:00000000       __hybrid_code_map_count    0000000000000000     <absolute>
 0000:00000000       __x64_code_ranges_to_entry_points 0000000000000000     <absolute>
 0000:00000000       __guard_check_icall_a64n_fptr 0000000000000000     <absolute>
 0000:00000000       __guard_iat_count          0000000000000000     <absolute>
 0000:00000000       __arm64x_redirection_metadata 0000000000000000     <absolute>
 0000:00000000       __arm64x_extra_rfe_table   0000000000000000     <absolute>
 0000:00000000       __hybrid_auxiliary_iat_copy 0000000000000000     <absolute>
 0000:00000000       __arm64x_redirection_metadata_count 0000000000000000     <absolute>
 0000:00000000       __enclave_config           0000000000000000     <absolute>
 0000:00000000       __arm64x_native_entrypoint 0000000000000000     <absolute>
 0000:00000000       __guard_eh_cont_count      0000000000000000     <absolute>
 0000:00000000       __guard_eh_cont_table      0000000000000000     <absolute>
 0000:00000000       __AbsoluteZero             0000000000000000     <absolute>
 0000:00000000       __hybrid_code_map          0000000000000000     <absolute>
 0000:00000000       __dynamic_value_reloc_table 0000000000000000     <absolute>
 0000:00000100       __guard_flags              0000000000000100     <absolute>
 0000:00000000       __ImageBase                0000000180000000     <linker-defined>
 0001:00000000       __enc$textbss$begin        0000000180001000     <linker-defined>
 0001:00010000       __enc$textbss$end          0000000180011000     <linker-defined>
 0002:00000a90       ??D@YA?ATv2@@MT0@@Z        0000000180011a90 f i p5engine.obj
 0002:00000b80       ??D@YA?ATv3@@MT0@@Z        0000000180011b80 f i p5engine.obj
 0002:00000cc0       ??D@YA?ATv3@@T0@M@Z        0000000180011cc0 f i p5engine.obj
 0002:00000dc0       ??D@YA?ATv4@@MT0@@Z        0000000180011dc0 f i p5engine.obj
 0002:00000f20       ??G@YA?ATv2@@T0@0@Z        0000000180011f20 f i p5engine.obj
 0002:00001010       ??G@YA?ATv2@@T0@@Z         0000000180012010 f i p5engine.obj
 0002:00001100       ??G@YA?ATv3@@T0@0@Z        0000000180012100 f i p5engine.obj
 0002:00001250       ??H@YA?ATv2@@T0@0@Z        0000000180012250 f i p5engine.obj
 0002:00001340       ??H@YA?ATv3@@T0@0@Z        0000000180012340 f i p5engine.obj
 0002:00001490       ??H@YA?ATv4@@T0@0@Z        0000000180012490 f i p5engine.obj
 0002:00001600       ??X@YAAEATv3@@AEAT0@M@Z    0000000180012600 f i p5engine.obj
 0002:000016c0       ??X@YAAEATv4@@AEAT0@M@Z    00000001800126c0 f i p5engine.obj
 0002:00001780       ??Y@YAAEATv2@@AEAT0@T0@@Z  0000000180012780 f i p5engine.obj
 0002:00001800       ??Y@YAAEATv3@@AEAT0@T0@@Z  0000000180012800 f i p5engine.obj
 0002:000018e0       ??Z@YAAEATv3@@AEAT0@T0@@Z  00000001800128e0 f i p5engine.obj
 0002:000019c0       ?AbsoluteValue@@YAMM@Z     00000001800129c0 f i p5engine.obj
 0002:000021c0       ?AddFlags@@YAXPEAUsim_entity@@I@Z 00000001800131c0 f i p5engine.obj
 0002:00002980       ?AddRadiusTo@@YA?AUrectangle3@@U1@Tv3@@@Z 0000000180013980 f i p5engine.obj
 0002:00003430       ?AreInSameChunk@@YAHPEAUworld@@PEAUworld_position@@1@Z 0000000180014430 f i p5engine.obj
 0002:00003db0       ?BeginTemporaryMemory@@YA?AUtemporary_memory@@PEAUmemory_arena@@@Z 0000000180014db0 f i p5engine.obj
 0002:00004130       ?CeilReal32ToInt32@@YAHM@Z 0000000180015130 f i p5engine.obj
 0002:00004190       ?CenteredChunkPoint@@YA?AUworld_position@@III@Z 0000000180015190 f i p5engine.obj
 0002:00004480       ?ChangeEntityLocationRaw@@YAXPEAUmemory_arena@@PEAUworld@@IPEAUworld_position@@2@Z 0000000180015480 f i p5engine.obj
 0002:00004980       ?CheckArena@@YAXPEAUmemory_arena@@@Z 0000000180015980 f i p5engine.obj
 0002:000049e0       ?ChunkPositionFromTilePosition@@YA?AUworld_position@@PEAUworld@@HHHTv3@@@Z 00000001800159e0 f i p5engine.obj
 0002:00004d50       ?Clamp01@@YA?ATv2@@T1@@Z   0000000180015d50 f i p5engine.obj
 0002:00004e30       ?Clamp01@@YAMM@Z           0000000180015e30 f i p5engine.obj
 0002:00004e90       ?Clamp@@YAMMMM@Z           0000000180015e90 f i p5engine.obj
 0002:00004f30       ?Clear@@YAXPEAUrender_group@@Tv4@@@Z 0000000180015f30 f i p5engine.obj
 0002:00005170       ?ClearFlags@@YAXPEAUsim_entity@@I@Z 0000000180016170 f i p5engine.obj
 0002:000051d0       ?CoordinateSystem@@YAPEAUrender_entry_coordinate_system@@PEAUrender_group@@Tv2@@11Tv4@@PEAUloaded_bitmap@@@Z 00000001800161d0 f i p5engine.obj
 0002:000052b0       ?Cos@@YAMM@Z               00000001800162b0 f i p5engine.obj
 0002:00005960       ?DefaultMoveSpec@@YA?AUmove_spec@@XZ 0000000180016960 f i p5engine.obj
 0002:00007f80       ?EndTemporaryMemory@@YAXUtemporary_memory@@@Z 0000000180018f80 f i p5engine.obj
 0002:00008460       ?EntityOverlapsRectangle@@YAHTv3@@Usim_entity_collision_volume@@Urectangle3@@@Z 0000000180019460 f i p5engine.obj
 0002:00008f50       ?FindLeastSignificantSetBit@@YA?AUbit_scan_result@@I@Z 0000000180019f50 f i p5engine.obj
 0002:00009020       ?FloorReal32ToInt32@@YAHM@Z 000000018001a020 f i p5engine.obj
 0002:00009170       ?GetBarycentric@@YA?ATv2@@Urectangle2@@T1@@Z 000000018001a170 f i p5engine.obj
 0002:000092b0       ?GetEntityGroundPoint@@YA?ATv3@@PEAUsim_entity@@@Z 000000018001a2b0 f i p5engine.obj
 0002:000093b0       ?GetEntityGroundPoint@@YA?ATv3@@PEAUsim_entity@@T1@@Z 000000018001a3b0 f i p5engine.obj
 0002:00009580       ?GetLowEntity@@YAPEAUlow_entity@@PEAUgame_state@@I@Z 000000018001a580 f i p5engine.obj
 0002:00009620       ?GetMaxCorner@@YA?ATv3@@Urectangle3@@@Z 000000018001a620 f i p5engine.obj
 0002:000096e0       ?GetMinCorner@@YA?ATv3@@Urectangle3@@@Z 000000018001a6e0 f i p5engine.obj
 0002:000097a0       ?GetRenderEntityBasisPos@@YA?ATv2@@PEAUrender_group@@PEAUrender_entity_basis@@T1@@Z 000000018001a7a0 f i p5engine.obj
 0002:00009990       ?GetSimSpacePos@@YA?ATv3@@PEAUsim_region@@PEAUlow_entity@@@Z 000000018001a990 f i p5engine.obj
 0002:00009b10       ?GetStairGround@@YAMPEAUsim_entity@@Tv3@@@Z 000000018001ab10 f i p5engine.obj
 0002:00009c80       ?GetWorldChunk@@YAPEAUworld_chunk@@PEAUworld@@HHHPEAUmemory_arena@@@Z 000000018001ac80 f i p5engine.obj
 0002:00009f00       ?Hadamard@@YA?ATv3@@T1@0@Z 000000018001af00 f i p5engine.obj
 0002:0000a250       ?HasFlag@@YAHPEAUsim_entity@@I@Z 000000018001b250 f i p5engine.obj
 0002:0000a370       ?InitializeArena@@YAXPEAUmemory_arena@@_KPEAX@Z 000000018001b370 f i p5engine.obj
 0002:0000a4d0       ?Inner@@YAMTv2@@0@Z        000000018001b4d0 f i p5engine.obj
 0002:0000a550       ?Inner@@YAMTv3@@0@Z        000000018001b550 f i p5engine.obj
 0002:0000a600       ?IsCanonical@@YAHMM@Z      000000018001b600 f i p5engine.obj
 0002:0000a6d0       ?IsCanonical@@YAHPEAUworld@@Tv3@@@Z 000000018001b6d0 f i p5engine.obj
 0002:0000a7b0       ?IsInRectangle@@YAHUrectangle3@@Tv3@@@Z 000000018001b7b0 f i p5engine.obj
 0002:0000a8d0       ?IsValid@@YAHUworld_position@@@Z 000000018001b8d0 f i p5engine.obj
 0002:0000a940       ?Length@@YAMTv3@@@Z        000000018001b940 f i p5engine.obj
 0002:0000a9c0       ?LengthSq@@YAMTv2@@@Z      000000018001b9c0 f i p5engine.obj
 0002:0000aa20       ?LengthSq@@YAMTv3@@@Z      000000018001ba20 f i p5engine.obj
 0002:0000aac0       ?Lerp@@YA?ATv4@@T1@M0@Z    000000018001bac0 f i p5engine.obj
 0002:0000aca0       ?Linear1ToSRGB255@@YA?ATv4@@T1@@Z 000000018001bca0 f i p5engine.obj
 0002:0000ae20       ?LoadEntityReference@@YAXPEAUgame_state@@PEAUsim_region@@PEATentity_reference@@@Z 000000018001be20 f i p5engine.obj
 0002:0000b110       ?MakeEntityNonSpatial@@YAXPEAUsim_entity@@@Z 000000018001c110 f i p5engine.obj
 0002:0000b1d0       ?MakeEntitySpatial@@YAXPEAUsim_entity@@Tv3@@1@Z 000000018001c1d0 f i p5engine.obj
 0002:0000b530       ?MapIntoChunkSpace@@YA?AUworld_position@@PEAUworld@@U1@Tv3@@@Z 000000018001c530 f i p5engine.obj
 0002:0000d6f0       ?NullPosition@@YA?AUworld_position@@XZ 000000018001e6f0 f i p5engine.obj
 0002:0000d7d0       ?Perp@@YA?ATv2@@T1@@Z      000000018001e7d0 f i p5engine.obj
 0002:0000d870       ?PushBitmap@@YAXPEAUrender_group@@PEAUloaded_bitmap@@Tv2@@M2MM@Z 000000018001e870 f i p5engine.obj
 0002:0000d9f0       ?PushEntry@@YAXPEAUrender_group@@PEAUloaded_bitmap@@Tv2@@2M2Tv4@@M@Z 000000018001e9f0 f i p5engine.obj
 0002:0000dbb0       ?PushRect@@YAXPEAUrender_group@@Tv2@@M1Tv4@@M@Z 000000018001ebb0 f i p5engine.obj
 0002:0000ddf0       ?PushRectOutline@@YAXPEAUrender_group@@Tv2@@M1Tv4@@M@Z 000000018001edf0 f i p5engine.obj
 0002:0000e190       ?PushRenderElement_@@YAPEAXPEAUrender_group@@IW4render_group_entry_type@@@Z 000000018001f190 f i p5engine.obj
 0002:0000e270       ?PushSize_@@YAPEAXPEAUmemory_arena@@_K@Z 000000018001f270 f i p5engine.obj
 0002:0000e330       ?RandomChoice@@YAIPEAUrandom_series@@I@Z 000000018001f330 f i p5engine.obj
 0002:0000e390       ?RandomNextUInt32@@YAIPEAUrandom_series@@@Z 000000018001f390 f i p5engine.obj
 0002:0000e430       ?RandomSeed@@YA?AUrandom_series@@I@Z 000000018001f430 f i p5engine.obj
 0002:0000e500       ?RandomUnilateral@@YAMPEAUrandom_series@@@Z 000000018001f500 f i p5engine.obj
 0002:0000e580       ?RecanonicalizeCoord@@YAXMPEAHPEAM@Z 000000018001f580 f i p5engine.obj
 0002:0000e670       ?RectCenterDim@@YA?AUrectangle2@@Tv2@@0@Z 000000018001f670 f i p5engine.obj
 0002:0000e770       ?RectCenterDim@@YA?AUrectangle3@@Tv3@@0@Z 000000018001f770 f i p5engine.obj
 0002:0000e8e0       ?RectCenterHalfDim@@YA?AUrectangle2@@Tv2@@0@Z 000000018001f8e0 f i p5engine.obj
 0002:0000ea20       ?RectCenterHalfDim@@YA?AUrectangle3@@Tv3@@0@Z 000000018001fa20 f i p5engine.obj
 0002:0000ec30       ?RectanglesIntersect@@YAHUrectangle3@@0@Z 000000018001fc30 f i p5engine.obj
 0002:0000f4c0       ?RoundReal32ToInt32@@YAHM@Z 00000001800204c0 f i p5engine.obj
 0002:0000f520       ?RoundReal32ToUInt32@@YAIM@Z 0000000180020520 f i p5engine.obj
 0002:0000f580       ?SRGB255ToLinear1@@YA?ATv4@@T1@@Z 0000000180020580 f i p5engine.obj
 0002:0000f6f0       ?Sin@@YAMM@Z               00000001800206f0 f i p5engine.obj
 0002:0000f8d0       ?Square@@YAMM@Z            00000001800208d0 f i p5engine.obj
 0002:0000f930       ?SquareRoot@@YAMM@Z        0000000180020930 f i p5engine.obj
 0002:0000f990       ?StoreEntityReference@@YAXPEATentity_reference@@@Z 0000000180020990 f i p5engine.obj
 0002:0000fd10       ?V2@@YA?ATv2@@MM@Z         0000000180020d10 f i p5engine.obj
 0002:0000fde0       ?V2i@@YA?ATv2@@HH@Z        0000000180020de0 f i p5engine.obj
 0002:0000fe90       ?V3@@YA?ATv3@@MMM@Z        0000000180020e90 f i p5engine.obj
 0002:0000ffb0       ?V4@@YA?ATv4@@MMMM@Z       0000000180020fb0 f i p5engine.obj
 0002:000100e0       ?ZeroSize@@YAX_KPEAX@Z     00000001800210e0 f i p5engine.obj
 0002:00010180       GameGetSoundSamples        0000000180021180 f   p5engine.obj
 0002:000101f0       GameUpdateAndRender        00000001800211f0 f   p5engine.obj
 0002:00014470       GetController              0000000180025470 f i p5engine.obj
 0002:000144f0       __JustMyCode_Default       00000001800254f0 f i p5engine.obj
 0002:00014500       _RTC_AllocaHelper          0000000180025500 f   MSVCRTD:stack.obj
 0002:00014550       _RTC_CheckStackVars        0000000180025550 f   MSVCRTD:stack.obj
 0002:00014600       _RTC_CheckStackVars2       0000000180025600 f   MSVCRTD:stack.obj
 0002:00014750       _CRT_RTC_INIT              0000000180025750 f   MSVCRTD:init.obj
 0002:00014760       _CRT_RTC_INITW             0000000180025760 f   MSVCRTD:init.obj
 0002:00014770       _RTC_InitBase              0000000180025770 f   MSVCRTD:init.obj
 0002:000147c0       _RTC_Shutdown              00000001800257c0 f   MSVCRTD:init.obj
 0002:000147f0       __CheckForDebuggerJustMyCode 00000001800257f0 f   MSVCRTD:debugger_jmc.obj
 0002:00014840       __GSHandlerCheck           0000000180025840 f   MSVCRTD:gshandler.obj
 0002:00014890       __GSHandlerCheckCommon     0000000180025890 f   MSVCRTD:gshandler.obj
 0002:000149e0       _alloca_probe              00000001800259e0 f   MSVCRTD:chkstk.obj
 0002:000149e0       __chkstk                   00000001800259e0 f   MSVCRTD:chkstk.obj
 0002:00014a60       __security_check_cookie    0000000180025a60 f   MSVCRTD:amdsecgs.obj
 0002:00014f90       _CRT_INIT                  0000000180025f90 f   MSVCRTD:dll_dllmain.obj
 0002:00014fd0       _DllMainCRTStartup         0000000180025fd0 f   MSVCRTD:dll_dllmain.obj
 0002:000150d0       ?_RTC_AllocaFailure@@YAXPEAXPEAU_RTC_ALLOCA_NODE@@H@Z 00000001800260d0 f   MSVCRTD:error.obj
 0002:00015280       ?_RTC_Failure@@YAXPEAXH@Z  0000000180026280 f   MSVCRTD:error.obj
 0002:000152f0       ?_RTC_StackFailure@@YAXPEAXPEBD@Z 00000001800262f0 f   MSVCRTD:error.obj
 0002:00015830       _RTC_UninitUse             0000000180026830 f   MSVCRTD:error.obj
 0002:00015930       __local_stdio_printf_options 0000000180026930 f i MSVCRTD:error.obj
 0002:00015940       _vsprintf_s_l              0000000180026940 f i MSVCRTD:error.obj
 0002:000159c0       sprintf_s                  00000001800269c0 f i MSVCRTD:error.obj
 0002:000159f0       ?_RTC_GetErrorFunc@@YAP6AHHPEBDH00ZZPEBX@Z 00000001800269f0 f   MSVCRTD:userapi.obj
 0002:00015a00       ?_RTC_GetErrorFuncW@@YAP6AHHPEB_WH00ZZPEBX@Z 0000000180026a00 f   MSVCRTD:userapi.obj
 0002:00015a10       _RTC_GetErrDesc            0000000180026a10 f   MSVCRTD:userapi.obj
 0002:00015a30       _RTC_NumErrors             0000000180026a30 f   MSVCRTD:userapi.obj
 0002:00015a40       _RTC_SetErrorFunc          0000000180026a40 f   MSVCRTD:userapi.obj
 0002:00015a60       _RTC_SetErrorFuncW         0000000180026a60 f   MSVCRTD:userapi.obj
 0002:00015a80       _RTC_SetErrorType          0000000180026a80 f   MSVCRTD:userapi.obj
 0002:00015ab0       __raise_securityfailure    0000000180026ab0 f   MSVCRTD:gs_report.obj
 0002:00015b00       __report_gsfailure         0000000180026b00 f   MSVCRTD:gs_report.obj
 0002:00015c10       __report_rangecheckfailure 0000000180026c10 f   MSVCRTD:gs_report.obj
 0002:00015c30       __report_securityfailure   0000000180026c30 f   MSVCRTD:gs_report.obj
 0002:00015d00       __report_securityfailureEx 0000000180026d00 f   MSVCRTD:gs_report.obj
 0002:000160f0       __security_init_cookie     00000001800270f0 f   MSVCRTD:gs_support.obj
 0002:00016190       DllMain                    0000000180027190 f   MSVCRTD:dll_dllmain_stub.obj
 0002:000161e0       ?__scrt_initialize_type_info@@YAXXZ 00000001800271e0 f   MSVCRTD:tncleanup.obj
 0002:00016200       ?__scrt_uninitialize_type_info@@YAXXZ 0000000180027200 f   MSVCRTD:tncleanup.obj
 0002:00016220       __local_stdio_scanf_options 0000000180027220 f i MSVCRTD:default_local_stdio_options.obj
 0002:00016230       __scrt_initialize_default_local_stdio_options 0000000180027230 f   MSVCRTD:default_local_stdio_options.obj
 0002:00016290       ?configure_argv@__scrt_narrow_argv_policy@@SAHXZ 0000000180027290 f i MSVCRTD:utility.obj
 0002:000163b0       ?initialize_environment@__scrt_narrow_environment_policy@@SAHXZ 00000001800273b0 f i MSVCRTD:utility.obj
 0002:00016480       NtCurrentTeb               0000000180027480 f i MSVCRTD:utility.obj
 0002:00016490       __scrt_acquire_startup_lock 0000000180027490 f   MSVCRTD:utility.obj
 0002:00016510       __scrt_dllmain_after_initialize_c 0000000180027510 f   MSVCRTD:utility.obj
 0002:00016550       __scrt_dllmain_before_initialize_c 0000000180027550 f   MSVCRTD:utility.obj
 0002:00016580       __scrt_dllmain_crt_thread_attach 0000000180027580 f   MSVCRTD:utility.obj
 0002:000165c0       __scrt_dllmain_crt_thread_detach 00000001800275c0 f   MSVCRTD:utility.obj
 0002:000165e0       __scrt_dllmain_exception_filter 00000001800275e0 f   MSVCRTD:utility.obj
 0002:00016660       __scrt_dllmain_uninitialize_c 0000000180027660 f   MSVCRTD:utility.obj
 0002:000166a0       __scrt_dllmain_uninitialize_critical 00000001800276a0 f   MSVCRTD:utility.obj
 0002:000166c0       __scrt_initialize_crt      00000001800276c0 f   MSVCRTD:utility.obj
 0002:00016720       __scrt_initialize_onexit_tables 0000000180027720 f   MSVCRTD:utility.obj
 0002:00016870       __scrt_is_nonwritable_in_current_image 0000000180027870 f   MSVCRTD:utility.obj
 0002:00016920       __scrt_release_startup_lock 0000000180027920 f   MSVCRTD:utility.obj
 0002:00016960       __scrt_uninitialize_crt    0000000180027960 f   MSVCRTD:utility.obj
 0002:000169b0       _onexit                    00000001800279b0 f   MSVCRTD:utility.obj
 0002:00016a50       at_quick_exit              0000000180027a50 f   MSVCRTD:utility.obj
 0002:00016ab0       atexit                     0000000180027ab0 f   MSVCRTD:utility.obj
 0002:00016af0       __scrt_get_dyn_tls_init_callback 0000000180027af0 f   MSVCRTD:dyn_tls_init.obj
 0002:00016b00       __crt_debugger_hook        0000000180027b00 f   MSVCRTD:utility_desktop.obj
 0002:00016b20       __scrt_fastfail            0000000180027b20 f   MSVCRTD:utility_desktop.obj
 0002:00016d20       __scrt_get_show_window_mode 0000000180027d20 f   MSVCRTD:utility_desktop.obj
 0002:00016d90       __scrt_initialize_mta      0000000180027d90 f   MSVCRTD:utility_desktop.obj
 0002:00016db0       __scrt_initialize_winrt    0000000180027db0 f   MSVCRTD:utility_desktop.obj
 0002:00016dc0       __scrt_is_managed_app      0000000180027dc0 f   MSVCRTD:utility_desktop.obj
 0002:00016e90       __scrt_set_unhandled_exception_filter 0000000180027e90 f   MSVCRTD:utility_desktop.obj
 0002:00016eb0       __scrt_exe_initialize_mta  0000000180027eb0 f   MSVCRTD:utility_desktop.obj
 0002:00016eb0       __scrt_stub_for_initialize_mta 0000000180027eb0 f   MSVCRTD:utility_desktop.obj
 0002:00016ec0       __scrt_unhandled_exception_filter 0000000180027ec0 f   MSVCRTD:utility_desktop.obj
 0002:00016f80       _RTC_Initialize            0000000180027f80 f   MSVCRTD:initsect.obj
 0002:00016fe0       _RTC_Terminate             0000000180027fe0 f   MSVCRTD:initsect.obj
 0002:00017040       _guard_check_icall_nop     0000000180028040 f i MSVCRTD:guard_support.obj
 0002:00017050       ReadNoFence64              0000000180028050 f i MSVCRTD:guard_support.obj
 0002:00017080       ReadPointerNoFence         0000000180028080 f i MSVCRTD:guard_support.obj
 0002:000170a0       __castguard_check_failure_debugbreak 00000001800280a0 f i MSVCRTD:guard_support.obj
 0002:000170d0       __castguard_check_failure_fastfail 00000001800280d0 f i MSVCRTD:guard_support.obj
 0002:00017100       __castguard_check_failure_nop 0000000180028100 f i MSVCRTD:guard_support.obj
 0002:00017110       __castguard_check_failure_os_handled 0000000180028110 f i MSVCRTD:guard_support.obj
 0002:00017200       __castguard_slow_path_check_debugbreak 0000000180028200 f i MSVCRTD:guard_support.obj
 0002:00017250       __castguard_slow_path_check_fastfail 0000000180028250 f i MSVCRTD:guard_support.obj
 0002:000172b0       __castguard_slow_path_check_nop 00000001800282b0 f i MSVCRTD:guard_support.obj
 0002:000172d0       __castguard_slow_path_check_os_handled 00000001800282d0 f i MSVCRTD:guard_support.obj
 0002:000173e0       _guard_icall_checks_enforced 00000001800283e0 f i MSVCRTD:guard_support.obj
 0002:00017430       _guard_rf_checks_enforced  0000000180028430 f i MSVCRTD:guard_support.obj
 0002:00017a90       ?_RTC_GetSrcLine@@YAHPEAEPEA_WKPEAH1K@Z 0000000180028a90 f   MSVCRTD:pdblkup.obj
 0002:00017f50       __isa_available_init       0000000180028f50 f   MSVCRTD:cpu_disp.obj
 0002:000183d0       _get_startup_argv_mode     00000001800293d0 f   MSVCRTD:argv_mode.obj
 0002:000183e0       __scrt_is_ucrt_dll_in_use  00000001800293e0 f   MSVCRTD:ucrt_detection.obj
 0002:00018410       __C_specific_handler       0000000180029410 f   vcruntimed:VCRUNTIME140D.dll
 0002:00018416       __C_specific_handler_noexcept 0000000180029416 f   vcruntimed:VCRUNTIME140D.dll
 0002:0001841c       __std_type_info_destroy_list 000000018002941c f   vcruntimed:VCRUNTIME140D.dll
 0002:00018422       __current_exception        0000000180029422 f   vcruntimed:VCRUNTIME140D.dll
 0002:00018428       __current_exception_context 0000000180029428 f   vcruntimed:VCRUNTIME140D.dll
 0002:0001842e       __vcrt_GetModuleFileNameW  000000018002942e f   vcruntimed:VCRUNTIME140D.dll
 0002:00018434       __vcrt_GetModuleHandleW    0000000180029434 f   vcruntimed:VCRUNTIME140D.dll
 0002:0001843a       __vcrt_LoadLibraryExW      000000018002943a f   vcruntimed:VCRUNTIME140D.dll
 0002:00018440       fabs                       0000000180029440 f   ucrtd:ucrtbased.dll
 0002:00018446       roundf                     0000000180029446 f   ucrtd:ucrtbased.dll
 0002:0001844c       ceilf                      000000018002944c f   ucrtd:ucrtbased.dll
 0002:00018452       cosf                       0000000180029452 f   ucrtd:ucrtbased.dll
 0002:00018458       floorf                     0000000180029458 f   ucrtd:ucrtbased.dll
 0002:0001845e       sinf                       000000018002945e f   ucrtd:ucrtbased.dll
 0002:00018464       sqrtf                      0000000180029464 f   ucrtd:ucrtbased.dll
 0002:0001846a       _CrtDbgReport              000000018002946a f   ucrtd:ucrtbased.dll
 0002:00018470       _CrtDbgReportW             0000000180029470 f   ucrtd:ucrtbased.dll
 0002:00018476       _initterm                  0000000180029476 f   ucrtd:ucrtbased.dll
 0002:0001847c       _initterm_e                000000018002947c f   ucrtd:ucrtbased.dll
 0002:00018482       strcpy_s                   0000000180029482 f   ucrtd:ucrtbased.dll
 0002:00018488       strcat_s                   0000000180029488 f   ucrtd:ucrtbased.dll
 0002:0001848e       __stdio_common_vsprintf_s  000000018002948e f   ucrtd:ucrtbased.dll
 0002:00018494       _seh_filter_dll            0000000180029494 f   ucrtd:ucrtbased.dll
 0002:0001849a       _configure_narrow_argv     000000018002949a f   ucrtd:ucrtbased.dll
 0002:000184a0       _initialize_narrow_environment 00000001800294a0 f   ucrtd:ucrtbased.dll
 0002:000184a6       _initialize_onexit_table   00000001800294a6 f   ucrtd:ucrtbased.dll
 0002:000184ac       _register_onexit_function  00000001800294ac f   ucrtd:ucrtbased.dll
 0002:000184b2       _execute_onexit_table      00000001800294b2 f   ucrtd:ucrtbased.dll
 0002:000184b8       _crt_atexit                00000001800294b8 f   ucrtd:ucrtbased.dll
 0002:000184be       _crt_at_quick_exit         00000001800294be f   ucrtd:ucrtbased.dll
 0002:000184c4       _cexit                     00000001800294c4 f   ucrtd:ucrtbased.dll
 0002:000184ca       terminate                  00000001800294ca f   ucrtd:ucrtbased.dll
 0002:000184d0       _wmakepath_s               00000001800294d0 f   ucrtd:ucrtbased.dll
 0002:000184d6       _wsplitpath_s              00000001800294d6 f   ucrtd:ucrtbased.dll
 0002:000184dc       wcscpy_s                   00000001800294dc f   ucrtd:ucrtbased.dll
 0002:000184e2       GetCurrentThreadId         00000001800294e2 f   kernel32:KERNEL32.dll
 0002:000184e8       IsDebuggerPresent          00000001800294e8 f   kernel32:KERNEL32.dll
 0002:000184ee       RaiseException             00000001800294ee f   kernel32:KERNEL32.dll
 0002:000184f4       MultiByteToWideChar        00000001800294f4 f   kernel32:KERNEL32.dll
 0002:000184fa       WideCharToMultiByte        00000001800294fa f   kernel32:KERNEL32.dll
 0002:00018500       RtlCaptureContext          0000000180029500 f   kernel32:KERNEL32.dll
 0002:00018506       RtlLookupFunctionEntry     0000000180029506 f   kernel32:KERNEL32.dll
 0002:0001850c       RtlVirtualUnwind           000000018002950c f   kernel32:KERNEL32.dll
 0002:00018512       UnhandledExceptionFilter   0000000180029512 f   kernel32:KERNEL32.dll
 0002:00018518       SetUnhandledExceptionFilter 0000000180029518 f   kernel32:KERNEL32.dll
 0002:0001851e       GetCurrentProcess          000000018002951e f   kernel32:KERNEL32.dll
 0002:00018524       TerminateProcess           0000000180029524 f   kernel32:KERNEL32.dll
 0002:0001852a       IsProcessorFeaturePresent  000000018002952a f   kernel32:KERNEL32.dll
 0002:00018530       QueryPerformanceCounter    0000000180029530 f   kernel32:KERNEL32.dll
 0002:00018536       GetCurrentProcessId        0000000180029536 f   kernel32:KERNEL32.dll
 0002:0001853c       GetSystemTimeAsFileTime    000000018002953c f   kernel32:KERNEL32.dll
 0002:00018542       DisableThreadLibraryCalls  0000000180029542 f   kernel32:KERNEL32.dll
 0002:00018548       InitializeSListHead        0000000180029548 f   kernel32:KERNEL32.dll
 0002:0001854e       GetStartupInfoW            000000018002954e f   kernel32:KERNEL32.dll
 0002:00018554       GetModuleHandleW           0000000180029554 f   kernel32:KERNEL32.dll
 0002:0001855a       GetLastError               000000018002955a f   kernel32:KERNEL32.dll
 0002:00018560       HeapAlloc                  0000000180029560 f   kernel32:KERNEL32.dll
 0002:00018566       HeapFree                   0000000180029566 f   kernel32:KERNEL32.dll
 0002:0001856c       GetProcessHeap             000000018002956c f   kernel32:KERNEL32.dll
 0002:00018572       VirtualQuery               0000000180029572 f   kernel32:KERNEL32.dll
 0002:00018578       FreeLibrary                0000000180029578 f   kernel32:KERNEL32.dll
 0002:0001857e       GetProcAddress             000000018002957e f   kernel32:KERNEL32.dll
 0002:00018590       __vcrt_initialize          0000000180029590 f   MSVCRTD:ucrt_stubs.obj
 0002:00018590       __acrt_initialize          0000000180029590 f   MSVCRTD:ucrt_stubs.obj
 0002:00018590       __scrt_stub_for_acrt_initialize 0000000180029590 f   MSVCRTD:ucrt_stubs.obj
 0002:000185a0       __scrt_stub_for_acrt_thread_attach 00000001800295a0 f   MSVCRTD:ucrt_stubs.obj
 0002:000185a0       __acrt_thread_attach       00000001800295a0 f   MSVCRTD:ucrt_stubs.obj
 0002:000185a0       __vcrt_thread_attach       00000001800295a0 f   MSVCRTD:ucrt_stubs.obj
 0002:000185b0       __vcrt_thread_detach       00000001800295b0 f   MSVCRTD:ucrt_stubs.obj
 0002:000185b0       __acrt_thread_detach       00000001800295b0 f   MSVCRTD:ucrt_stubs.obj
 0002:000185b0       __scrt_stub_for_acrt_thread_detach 00000001800295b0 f   MSVCRTD:ucrt_stubs.obj
 0002:000185c0       __vcrt_uninitialize        00000001800295c0 f   MSVCRTD:ucrt_stubs.obj
 0002:000185c0       __acrt_uninitialize        00000001800295c0 f   MSVCRTD:ucrt_stubs.obj
 0002:000185c0       __scrt_stub_for_acrt_uninitialize 00000001800295c0 f   MSVCRTD:ucrt_stubs.obj
 0002:000185d0       __scrt_stub_for_acrt_uninitialize_critical 00000001800295d0 f   MSVCRTD:ucrt_stubs.obj
 0002:000185d0       __vcrt_uninitialize_critical 00000001800295d0 f   MSVCRTD:ucrt_stubs.obj
 0002:000185d0       __acrt_uninitialize_critical 00000001800295d0 f   MSVCRTD:ucrt_stubs.obj
 0002:000185e0       _is_c_termination_complete 00000001800295e0 f   MSVCRTD:ucrt_stubs.obj
 0002:000185e0       __scrt_stub_for_is_c_termination_complete 00000001800295e0 f   MSVCRTD:ucrt_stubs.obj
 0002:00019b60       _guard_dispatch_icall_nop  000000018002ab60 f   MSVCRTD:guard_dispatch.obj
 0002:00019b80       _guard_xfg_dispatch_icall_nop 000000018002ab80 f   MSVCRTD:guard_xfg_dispatch.obj
 0003:00000000       __xc_a                     000000018002d000     MSVCRTD:initializers.obj
 0003:00000110       __xc_z                     000000018002d110     MSVCRTD:initializers.obj
 0003:00000220       __xi_a                     000000018002d220     MSVCRTD:initializers.obj
 0003:00000330       __xi_z                     000000018002d330     MSVCRTD:initializers.obj
 0003:00000440       __xp_a                     000000018002d440     MSVCRTD:initializers.obj
 0003:00000550       __xp_z                     000000018002d550     MSVCRTD:initializers.obj
 0003:00000660       __xt_a                     000000018002d660     MSVCRTD:initializers.obj
 0003:00000770       __xt_z                     000000018002d770     MSVCRTD:initializers.obj
 0003:00004ba0       ??_C@_0BA@NMEIMCEK@InvalidCodePath@ 0000000180031ba0     p5engine.obj
 0003:00004bb8       ??_C@_0BJ@GOOPBPNK@P5Engine?1data?1grass1?4bmp@ 0000000180031bb8     p5engine.obj
 0003:00004bd8       ??_C@_0BI@GAHHFIBN@P5Engine?1data?1soil1?4bmp@ 0000000180031bd8     p5engine.obj
 0003:00004bf8       ??_C@_0BI@OGODCKLD@P5Engine?1data?1soil2?4bmp@ 0000000180031bf8     p5engine.obj
 0003:00004c18       ??_C@_0BI@CNLPPJBG@P5Engine?1data?1soil3?4bmp@ 0000000180031c18     p5engine.obj
 0003:00004c38       ??_C@_0BI@DGFEELIO@P5Engine?1data?1tuft1?4bmp@ 0000000180031c38     p5engine.obj
 0003:00004c58       ??_C@_0BI@LAMADJCA@P5Engine?1data?1tuft2?4bmp@ 0000000180031c58     p5engine.obj
 0003:00004c78       ??_C@_0BF@HOIOEMCL@P5Engine?1data?1bg?4bmp@ 0000000180031c78     p5engine.obj
 0003:00004c98       ??_C@_0BJ@EPENJOEL@P5Engine?1data?1shadow?4bmp@ 0000000180031c98     p5engine.obj
 0003:00004cb8       ??_C@_0BJ@HEECFFOE@P5Engine?1data?1stairs?4bmp@ 0000000180031cb8     p5engine.obj
 0003:00004cd8       ??_C@_0BH@DDOBAHNL@P5Engine?1data?1tree?4bmp@ 0000000180031cd8     p5engine.obj
 0003:00004cf8       ??_C@_0BI@EPGPCLAL@P5Engine?1data?1enemy?4bmp@ 0000000180031cf8     p5engine.obj
 0003:00004d18       ??_C@_0BG@IEBKPHGI@P5Engine?1data?1orb?4bmp@ 0000000180031d18     p5engine.obj
 0003:00004d38       ??_C@_0BP@CIDLMIJA@P5Engine?1data?1char?9right?90?4bmp@ 0000000180031d38     p5engine.obj
 0003:00004d60       ??_C@_0BO@PEBAPFLC@P5Engine?1data?1char?9back?90?4bmp@ 0000000180031d60     p5engine.obj
 0003:00004d88       ??_C@_0BO@EAIBBIAG@P5Engine?1data?1char?9left?90?4bmp@ 0000000180031d88     p5engine.obj
 0003:00004db0       ??_C@_0BP@MKDPGEOC@P5Engine?1data?1char?9front?90?4bmp@ 0000000180031db0     p5engine.obj
 0003:00004dd8       ??_C@_0BO@KNNOBFKI@P5Engine?1data?1sword?9right?4bmp@ 0000000180031dd8     p5engine.obj
 0003:00004e00       ??_C@_0BN@LDDHILOB@P5Engine?1data?1sword?9back?4bmp@ 0000000180031e00     p5engine.obj
 0003:00004e28       ??_C@_0BN@FPAHMBGA@P5Engine?1data?1sword?9left?4bmp@ 0000000180031e28     p5engine.obj
 0003:00004e50       ??_C@_0BO@BNDLMGBJ@P5Engine?1data?1sword?9front?4bmp@ 0000000180031e50     p5engine.obj
 0003:00004e74       __real@00000000            0000000180031e74     p5engine.obj
 0003:00004e78       __real@308992b1            0000000180031e78     p5engine.obj
 0003:00004e7c       __real@3a83126f            0000000180031e7c     p5engine.obj
 0003:00004e80       __real@3b808081            0000000180031e80     p5engine.obj
 0003:00004e84       __real@3c23d70a            0000000180031e84     p5engine.obj
 0003:00004e88       __real@3dcccccd            0000000180031e88     p5engine.obj
 0003:00004e8c       __real@3e4ccccd            0000000180031e8c     p5engine.obj
 0003:00004e90       __real@3e800000            0000000180031e90     p5engine.obj
 0003:00004e94       __real@3f000000            0000000180031e94     p5engine.obj
 0003:00004e98       __real@3f4ccccd            0000000180031e98     p5engine.obj
 0003:00004e9c       __real@3f666666            0000000180031e9c     p5engine.obj
 0003:00004ea0       __real@3f800000            0000000180031ea0     p5engine.obj
 0003:00004ea4       __real@3f8ccccd            0000000180031ea4     p5engine.obj
 0003:00004ea8       __real@3f99999a            0000000180031ea8     p5engine.obj
 0003:00004eac       __real@3fb33333            0000000180031eac     p5engine.obj
 0003:00004eb0       __real@3fc00000            0000000180031eb0     p5engine.obj
 0003:00004eb4       __real@40000000            0000000180031eb4     p5engine.obj
 0003:00004eb8       __real@400ccccd            0000000180031eb8     p5engine.obj
 0003:00004ec0       __real@401921fb60000000    0000000180031ec0     p5engine.obj
 0003:00004ecc       __real@40400000            0000000180031ecc     p5engine.obj
 0003:00004ed0       __real@40a00000            0000000180031ed0     p5engine.obj
 0003:00004ed4       __real@40c00000            0000000180031ed4     p5engine.obj
 0003:00004ed8       __real@40c90fdb            0000000180031ed8     p5engine.obj
 0003:00004edc       __real@41200000            0000000180031edc     p5engine.obj
 0003:00004ee0       __real@41700000            0000000180031ee0     p5engine.obj
 0003:00004ee4       __real@41880000            0000000180031ee4     p5engine.obj
 0003:00004ee8       __real@41a00000            0000000180031ee8     p5engine.obj
 0003:00004eec       __real@41c00000            0000000180031eec     p5engine.obj
 0003:00004ef0       __real@41f00000            0000000180031ef0     p5engine.obj
 0003:00004ef4       __real@42000000            0000000180031ef4     p5engine.obj
 0003:00004ef8       __real@42340000            0000000180031ef8     p5engine.obj
 0003:00004efc       __real@42400000            0000000180031efc     p5engine.obj
 0003:00004f00       __real@42600000            0000000180031f00     p5engine.obj
 0003:00004f04       __real@42800000            0000000180031f04     p5engine.obj
 0003:00004f08       __real@42960000            0000000180031f08     p5engine.obj
 0003:00004f0c       __real@42c80000            0000000180031f0c     p5engine.obj
 0003:00004f10       __real@437f0000            0000000180031f10     p5engine.obj
 0003:00004f14       __real@461c4000            0000000180031f14     p5engine.obj
 0003:00004f18       __real@47c35000            0000000180031f18     p5engine.obj
 0003:00004f1c       __real@7f7fffff            0000000180031f1c     p5engine.obj
 0003:00004f20       __real@becccccd            0000000180031f20     p5engine.obj
 0003:00004f24       __real@bf000000            0000000180031f24     p5engine.obj
 0003:00004f28       __real@bf800000            0000000180031f28     p5engine.obj
 0003:00004f2c       __real@c11ccccd            0000000180031f2c     p5engine.obj
 0003:00004f30       __xmm@80000000800000008000000080000000 0000000180031f30     p5engine.obj
 0003:00004f48       _pDefaultRawDllMain        0000000180031f48     MSVCRTD:dll_dllmain.obj
 0003:00004f48       _pRawDllMain               0000000180031f48     MSVCRTD:dll_dllmain.obj
 0003:00005040       ??_C@_0NN@JMPELKLB@The?5value?5of?5ESP?5was?5not?5proper@ 0000000180032040     MSVCRTD:error.obj
 0003:00005150       ??_C@_0BBN@ELNNILBE@A?5cast?5to?5a?5smaller?5data?5type?5h@ 0000000180032150     MSVCRTD:error.obj
 0003:000052a8       ??_C@_0BN@BPOGFMJL@Stack?5memory?5was?5corrupted?$AN?6@ 00000001800322a8     MSVCRTD:error.obj
 0003:000052d0       ??_C@_0DG@DAJCDLPN@A?5local?5variable?5was?5used?5befor@ 00000001800322d0     MSVCRTD:error.obj
 0003:00005310       ??_C@_0CM@JMIDGKLA@Stack?5memory?5around?5_alloca?5was@ 0000000180032310     MSVCRTD:error.obj
 0003:00005348       ??_C@_0BO@CHIONIOI@Unknown?5Runtime?5Check?5Error?$AN?6@ 0000000180032348     MSVCRTD:error.obj
 0003:00005370       ??_C@_1GM@CNOOJIHC@?$AAR?$AAu?$AAn?$AAt?$AAi?$AAm?$AAe?$AA?5?$AAC?$AAh?$AAe?$AAc?$AAk?$AA?5?$AAE@ 0000000180032370     MSVCRTD:error.obj
 0003:00005400       ??_C@_1EA@NFKNIFJP@?$AAR?$AAu?$AAn?$AA?9?$AAT?$AAi?$AAm?$AAe?$AA?5?$AAC?$AAh?$AAe?$AAc?$AAk?$AA?5@ 0000000180032400     MSVCRTD:error.obj
 0003:00005450       ??_C@_0BB@PFFGGCJP@Unknown?5Filename@ 0000000180032450     MSVCRTD:error.obj
 0003:00005468       ??_C@_0BE@GNBOBNCK@Unknown?5Module?5Name@ 0000000180032468     MSVCRTD:error.obj
 0003:00005480       ??_C@_0CA@IODNCDPG@Run?9Time?5Check?5Failure?5?$CD?$CFd?5?9?5?$CFs@ 0000000180032480     MSVCRTD:error.obj
 0003:000054a8       ??_C@_0CG@IAFNJNEE@Stack?5corrupted?5near?5unknown?5va@ 00000001800324a8     MSVCRTD:error.obj
 0003:000054d8       ??_C@_05MKKEDADM@?$CF?42X?5@ 00000001800324d8     MSVCRTD:error.obj
 0003:000054e0       ??_C@_0EJ@LJKNEOLN@Stack?5area?5around?5_alloca?5memor@ 00000001800324e0     MSVCRTD:error.obj
 0003:00005538       ??_C@_01EEMJAFIK@?6@       0000000180032538     MSVCRTD:error.obj
 0003:0000553c       ??_C@_02LLMPMKNF@?$DO?5@   000000018003253c     MSVCRTD:error.obj
 0003:00005540       ??_C@_08OMAHNMHJ@?6Data?3?5?$DM@ 0000000180032540     MSVCRTD:error.obj
 0003:00005550       ??_C@_0CK@DKGBICFE@?6Allocation?5number?5within?5this?5@ 0000000180032550     MSVCRTD:error.obj
 0003:00005588       ??_C@_07DFDJCKFN@?6Size?3?5@ 0000000180032588     MSVCRTD:error.obj
 0003:00005598       ??_C@_0N@MHFFIMFG@?6Address?3?50x@ 0000000180032598     MSVCRTD:error.obj
 0003:000055b0       ??_C@_0EI@CLEPFNGI@Stack?5area?5around?5_alloca?5memor@ 00000001800325b0     MSVCRTD:error.obj
 0003:00005608       ??_C@_0BK@ODNDAGKB@?$CFs?$CFs?$CFp?$CFs?$CFzd?$CFs?$CFd?$CFs?$CFs?$CFs?$CFs?$CFs@ 0000000180032608     MSVCRTD:error.obj
 0003:00005628       ??_C@_0DE@OHJBPMBP@A?5variable?5is?5being?5used?5withou@ 0000000180032628     MSVCRTD:error.obj
 0003:00005698       ??_C@_0BJ@HEGAHDFO@Stack?5pointer?5corruption@ 0000000180032698     MSVCRTD:userapi.obj
 0003:000056b8       ??_C@_0CK@FEGOIOPB@Cast?5to?5smaller?5type?5causing?5lo@ 00000001800326b8     MSVCRTD:userapi.obj
 0003:000056f0       ??_C@_0BI@CIGMDCBH@Stack?5memory?5corruption@ 00000001800326f0     MSVCRTD:userapi.obj
 0003:00005710       ??_C@_0CK@CNLNOEPB@Local?5variable?5used?5before?5init@ 0000000180032710     MSVCRTD:userapi.obj
 0003:00005748       ??_C@_0BP@OGBCLIBO@Stack?5around?5_alloca?5corrupted@ 0000000180032748     MSVCRTD:userapi.obj
 0003:000057f0       ??_C@_1EI@MLPKHBGE@?$AAa?$AAp?$AAi?$AA?9?$AAm?$AAs?$AA?9?$AAw?$AAi?$AAn?$AA?9?$AAc?$AAo?$AAr?$AAe@ 00000001800327f0     MSVCRTD:pdblkup.obj
 0003:00005848       ??_C@_1BK@JHLNAEJL@?$AAa?$AAd?$AAv?$AAa?$AAp?$AAi?$AA3?$AA2?$AA?4?$AAd?$AAl?$AAl@ 0000000180032848     MSVCRTD:pdblkup.obj
 0003:00005868       ??_C@_0O@COHOBMLB@RegOpenKeyExW@ 0000000180032868     MSVCRTD:pdblkup.obj
 0003:00005878       ??_C@_0BB@GLNAEDBD@RegQueryValueExW@ 0000000180032878     MSVCRTD:pdblkup.obj
 0003:00005890       ??_C@_0M@HLOHPNFA@RegCloseKey@ 0000000180032890     MSVCRTD:pdblkup.obj
 0003:000058a0       ??_C@_1HE@EBEAGLFB@?$AAS?$AAO?$AAF?$AAT?$AAW?$AAA?$AAR?$AAE?$AA?2?$AAW?$AAo?$AAw?$AA6?$AA4?$AA3@ 00000001800328a0     MSVCRTD:pdblkup.obj
 0003:00005930       ??_C@_1BG@EABPBLLF@?$AAP?$AAr?$AAo?$AAd?$AAu?$AAc?$AAt?$AAD?$AAi?$AAr@ 0000000180032930     MSVCRTD:pdblkup.obj
 0003:00005978       ??_C@_1BC@JINFINNJ@?$AAM?$AAS?$AAP?$AAD?$AAB?$AA1?$AA4?$AA0@ 0000000180032978     MSVCRTD:pdblkup.obj
 0003:00005990       ??_C@_0BB@KCIACLNC@PDBOpenValidate5@ 0000000180032990     MSVCRTD:pdblkup.obj
 0003:000059a4       ??_C@_01KDCPPGHE@r@        00000001800329a4     MSVCRTD:pdblkup.obj
 0003:000059e0       _load_config_used          00000001800329e0     MSVCRTD:loadcfg.obj
 0003:00005d80       __CastGuardVftablesStart   0000000180032d80     MSVCRTD:guard_support.obj
 0003:00005e90       __CastGuardVftablesEnd     0000000180032e90     MSVCRTD:guard_support.obj
 0003:00006118       __rtc_iaa                  0000000180033118     MSVCRTD:initsect.obj
 0003:00006338       __rtc_izz                  0000000180033338     MSVCRTD:initsect.obj
 0003:00006448       __rtc_taa                  0000000180033448     MSVCRTD:initsect.obj
 0003:00006668       __rtc_tzz                  0000000180033668     MSVCRTD:initsect.obj
 0004:00004cd0       __security_cookie_complement 0000000180039cd0     MSVCRTD:gs_cookie.obj
 0004:00004cd8       __security_cookie          0000000180039cd8     MSVCRTD:gs_cookie.obj
 0004:00004ce4       _fltused                   0000000180039ce4     MSVCRTD:fltused.obj
 0004:00004ce8       ?_RTC_ErrorLevels@@3PAHA   0000000180039ce8     MSVCRTD:error.obj
 0004:00004d00       __scrt_native_dllmain_reason 0000000180039d00     MSVCRTD:utility.obj
 0004:00004d08       __isa_available            0000000180039d08     MSVCRTD:cpu_disp.obj
 0004:00004d0c       __isa_enabled              0000000180039d0c     MSVCRTD:cpu_disp.obj
 0004:00004d10       __memcpy_nt_iters          0000000180039d10     MSVCRTD:cpu_disp.obj
 0004:00004d18       __memset_nt_iters          0000000180039d18     MSVCRTD:cpu_disp.obj
 0004:00004d30       __scrt_ucrt_dll_is_in_use  0000000180039d30     MSVCRTD:ucrt_stubs.obj
 0004:00004e48       ?_OptionsStorage@?1??__local_stdio_printf_options@@9@4_KA 0000000180039e48     MSVCRTD:error.obj
 0004:00005500       ?__type_info_root_node@@3U__type_info_node@@A 000000018003a500     MSVCRTD:tncleanup.obj
 0004:00005518       ?_OptionsStorage@?1??__local_stdio_scanf_options@@9@4_KA 000000018003a518     MSVCRTD:default_local_stdio_options.obj
 0004:00005528       __scrt_current_native_startup_state 000000018003a528     MSVCRTD:utility.obj
 0004:00005530       __scrt_native_startup_lock 000000018003a530     MSVCRTD:utility.obj
 0004:00005580       __scrt_debugger_hook_flag  000000018003a580     MSVCRTD:utility_desktop.obj
 0004:00005588       __castguard_check_failure_os_handled_fptr 000000018003a588     MSVCRTD:guard_support.obj
 0004:000055a4       __favor                    000000018003a5a4     MSVCRTD:cpu_disp.obj
 0004:000055a8       __dyn_tls_init_callback    000000018003a5a8     <common>
 0004:000055bc       __DebuggerCurrentSteppingThreadId 000000018003a5bc     <common>
 0006:00000000       __imp_DisableThreadLibraryCalls 000000018003e000     kernel32:KERNEL32.dll
 0006:00000008       __imp_IsDebuggerPresent    000000018003e008     kernel32:KERNEL32.dll
 0006:00000010       __imp_RaiseException       000000018003e010     kernel32:KERNEL32.dll
 0006:00000018       __imp_MultiByteToWideChar  000000018003e018     kernel32:KERNEL32.dll
 0006:00000020       __imp_WideCharToMultiByte  000000018003e020     kernel32:KERNEL32.dll
 0006:00000028       __imp_RtlCaptureContext    000000018003e028     kernel32:KERNEL32.dll
 0006:00000030       __imp_RtlLookupFunctionEntry 000000018003e030     kernel32:KERNEL32.dll
 0006:00000038       __imp_RtlVirtualUnwind     000000018003e038     kernel32:KERNEL32.dll
 0006:00000040       __imp_GetProcAddress       000000018003e040     kernel32:KERNEL32.dll
 0006:00000048       __imp_FreeLibrary          000000018003e048     kernel32:KERNEL32.dll
 0006:00000050       __imp_VirtualQuery         000000018003e050     kernel32:KERNEL32.dll
 0006:00000058       __imp_GetProcessHeap       000000018003e058     kernel32:KERNEL32.dll
 0006:00000060       __imp_HeapFree             000000018003e060     kernel32:KERNEL32.dll
 0006:00000068       __imp_HeapAlloc            000000018003e068     kernel32:KERNEL32.dll
 0006:00000070       __imp_GetLastError         000000018003e070     kernel32:KERNEL32.dll
 0006:00000078       __imp_GetModuleHandleW     000000018003e078     kernel32:KERNEL32.dll
 0006:00000080       __imp_GetStartupInfoW      000000018003e080     kernel32:KERNEL32.dll
 0006:00000088       __imp_InitializeSListHead  000000018003e088     kernel32:KERNEL32.dll
 0006:00000090       __imp_GetCurrentThreadId   000000018003e090     kernel32:KERNEL32.dll
 0006:00000098       __imp_GetSystemTimeAsFileTime 000000018003e098     kernel32:KERNEL32.dll
 0006:000000a0       __imp_GetCurrentProcessId  000000018003e0a0     kernel32:KERNEL32.dll
 0006:000000a8       __imp_QueryPerformanceCounter 000000018003e0a8     kernel32:KERNEL32.dll
 0006:000000b0       __imp_IsProcessorFeaturePresent 000000018003e0b0     kernel32:KERNEL32.dll
 0006:000000b8       __imp_TerminateProcess     000000018003e0b8     kernel32:KERNEL32.dll
 0006:000000c0       __imp_GetCurrentProcess    000000018003e0c0     kernel32:KERNEL32.dll
 0006:000000c8       __imp_SetUnhandledExceptionFilter 000000018003e0c8     kernel32:KERNEL32.dll
 0006:000000d0       __imp_UnhandledExceptionFilter 000000018003e0d0     kernel32:KERNEL32.dll
 0006:000000d8       \177KERNEL32_NULL_THUNK_DATA 000000018003e0d8     kernel32:KERNEL32.dll
 0006:00000158       __imp___vcrt_GetModuleHandleW 000000018003e158     vcruntimed:VCRUNTIME140D.dll
 0006:00000160       __imp___vcrt_GetModuleFileNameW 000000018003e160     vcruntimed:VCRUNTIME140D.dll
 0006:00000168       __imp___current_exception_context 000000018003e168     vcruntimed:VCRUNTIME140D.dll
 0006:00000170       __imp___current_exception  000000018003e170     vcruntimed:VCRUNTIME140D.dll
 0006:00000178       __imp___C_specific_handler 000000018003e178     vcruntimed:VCRUNTIME140D.dll
 0006:00000180       __imp___std_type_info_destroy_list 000000018003e180     vcruntimed:VCRUNTIME140D.dll
 0006:00000188       __imp___C_specific_handler_noexcept 000000018003e188     vcruntimed:VCRUNTIME140D.dll
 0006:00000190       __imp___vcrt_LoadLibraryExW 000000018003e190     vcruntimed:VCRUNTIME140D.dll
 0006:00000198       \177VCRUNTIME140D_NULL_THUNK_DATA 000000018003e198     vcruntimed:VCRUNTIME140D.dll
 0006:000001f8       __imp_wcscpy_s             000000018003e1f8     ucrtd:ucrtbased.dll
 0006:00000200       __imp__wsplitpath_s        000000018003e200     ucrtd:ucrtbased.dll
 0006:00000208       __imp__wmakepath_s         000000018003e208     ucrtd:ucrtbased.dll
 0006:00000210       __imp__cexit               000000018003e210     ucrtd:ucrtbased.dll
 0006:00000218       __imp__crt_at_quick_exit   000000018003e218     ucrtd:ucrtbased.dll
 0006:00000220       __imp__crt_atexit          000000018003e220     ucrtd:ucrtbased.dll
 0006:00000228       __imp__execute_onexit_table 000000018003e228     ucrtd:ucrtbased.dll
 0006:00000230       __imp__register_onexit_function 000000018003e230     ucrtd:ucrtbased.dll
 0006:00000238       __imp__initialize_onexit_table 000000018003e238     ucrtd:ucrtbased.dll
 0006:00000240       __imp__initialize_narrow_environment 000000018003e240     ucrtd:ucrtbased.dll
 0006:00000248       __imp__configure_narrow_argv 000000018003e248     ucrtd:ucrtbased.dll
 0006:00000250       __imp__seh_filter_dll      000000018003e250     ucrtd:ucrtbased.dll
 0006:00000258       __imp___stdio_common_vsprintf_s 000000018003e258     ucrtd:ucrtbased.dll
 0006:00000260       __imp_terminate            000000018003e260     ucrtd:ucrtbased.dll
 0006:00000268       __imp_strcpy_s             000000018003e268     ucrtd:ucrtbased.dll
 0006:00000270       __imp__initterm_e          000000018003e270     ucrtd:ucrtbased.dll
 0006:00000278       __imp__initterm            000000018003e278     ucrtd:ucrtbased.dll
 0006:00000280       __imp__CrtDbgReportW       000000018003e280     ucrtd:ucrtbased.dll
 0006:00000288       __imp__CrtDbgReport        000000018003e288     ucrtd:ucrtbased.dll
 0006:00000290       __imp_sqrtf                000000018003e290     ucrtd:ucrtbased.dll
 0006:00000298       __imp_sinf                 000000018003e298     ucrtd:ucrtbased.dll
 0006:000002a0       __imp_floorf               000000018003e2a0     ucrtd:ucrtbased.dll
 0006:000002a8       __imp_cosf                 000000018003e2a8     ucrtd:ucrtbased.dll
 0006:000002b0       __imp_ceilf                000000018003e2b0     ucrtd:ucrtbased.dll
 0006:000002b8       __imp_roundf               000000018003e2b8     ucrtd:ucrtbased.dll
 0006:000002c0       __imp_fabs                 000000018003e2c0     ucrtd:ucrtbased.dll
 0006:000002c8       __imp_strcat_s             000000018003e2c8     ucrtd:ucrtbased.dll
 0006:000002d0       \177ucrtbased_NULL_THUNK_DATA 000000018003e2d0     ucrtd:ucrtbased.dll
 0006:00000350       __IMPORT_DESCRIPTOR_VCRUNTIME140D 000000018003e350     vcruntimed:VCRUNTIME140D.dll
 0006:00000364       __IMPORT_DESCRIPTOR_ucrtbased 000000018003e364     ucrtd:ucrtbased.dll
 0006:00000378       __IMPORT_DESCRIPTOR_KERNEL32 000000018003e378     kernel32:KERNEL32.dll
 0006:0000038c       __NULL_IMPORT_DESCRIPTOR   000000018003e38c     vcruntimed:VCRUNTIME140D.dll
 0008:00000000       __guard_check_icall_fptr   0000000180040000     MSVCRTD:guard_support.obj
 0008:00000010       __guard_xfg_check_icall_fptr 0000000180040010     MSVCRTD:guard_support.obj
 0008:00000020       __guard_dispatch_icall_fptr 0000000180040020     MSVCRTD:guard_support.obj
 0008:00000030       __guard_xfg_dispatch_icall_fptr 0000000180040030     MSVCRTD:guard_support.obj
 0008:00000040       __guard_xfg_table_dispatch_icall_fptr 0000000180040040     MSVCRTD:guard_support.obj

 entry point at        0002:0000000f

 Static symbols

 0000:fffbd000       .debug$S                   0000000180000000     P5Engine.exp
 0000:fffc0000       _volmd                     0000000180000000     p5engine.obj
 0000:fffc0000       _volmd                     0000000180000000     p5engine.obj
 0000:fffc0000       _volmd                     0000000180000000     p5engine.obj
 0000:fffc0000       _volmd                     0000000180000000     p5engine.obj
 0000:fffc0000       _volmd                     0000000180000000     p5engine.obj
 0000:fffc0000       _volmd                     0000000180000000     p5engine.obj
 0000:fffc0000       _volmd                     0000000180000000     p5engine.obj
 0000:fffc0000       _volmd                     0000000180000000     p5engine.obj
 0000:fffc0000       _volmd                     0000000180000000     p5engine.obj
 0000:fffc0000       _volmd                     0000000180000000     p5engine.obj
 0000:fffc0000       _volmd                     0000000180000000     p5engine.obj
 0000:fffc0000       _volmd                     0000000180000000     p5engine.obj
 0000:fffc0000       _volmd                     0000000180000000     p5engine.obj
 0000:fffc0000       _volmd                     0000000180000000     p5engine.obj
 0000:fffc0000       _volmd                     0000000180000000     p5engine.obj
 0000:fffc0000       _volmd                     0000000180000000     p5engine.obj
 0000:fffc0000       _volmd                     0000000180000000     p5engine.obj
 0000:fffc0000       _volmd                     0000000180000000     p5engine.obj
 0000:fffc0000       _volmd                     0000000180000000     p5engine.obj
 0000:fffc0000       _volmd                     0000000180000000     p5engine.obj
 0000:fffc0000       _volmd                     0000000180000000     p5engine.obj
 0000:fffc0000       _volmd                     0000000180000000     p5engine.obj
 0000:fffc0000       _volmd                     0000000180000000     p5engine.obj
 0000:fffc0000       _volmd                     0000000180000000     p5engine.obj
 0000:fffc0000       _volmd                     0000000180000000     p5engine.obj
 0000:fffc0000       _volmd                     0000000180000000     p5engine.obj
 0000:fffc0000       _volmd                     0000000180000000     p5engine.obj
 0000:fffc0000       _volmd                     0000000180000000     p5engine.obj
 0000:fffc0000       _volmd                     0000000180000000     p5engine.obj
 0000:fffc0000       _volmd                     0000000180000000     p5engine.obj
 0000:fffc0000       _volmd                     0000000180000000     p5engine.obj
 0000:fffc0000       _volmd                     0000000180000000     p5engine.obj
 0000:fffc0000       _volmd                     0000000180000000     p5engine.obj
 0000:fffc0000       _volmd                     0000000180000000     p5engine.obj
 0000:fffc0000       _volmd                     0000000180000000     p5engine.obj
 0000:fffc0000       _volmd                     0000000180000000     p5engine.obj
 0000:fffc0000       _volmd                     0000000180000000     p5engine.obj
 0000:fffc0000       _volmd                     0000000180000000     p5engine.obj
 0000:fffc0000       _volmd                     0000000180000000     p5engine.obj
 0000:fffc0000       _volmd                     0000000180000000     MSVCRTD:cpu_disp.obj
 0000:fffc1000       __guard_ehcont_?dllmain_dispatch@@YAHQEAUHINSTANCE__@@KQEAX@Z 0000000180000000     MSVCRTD:dll_dllmain.obj
 0000:fffc1000       __guard_fids_?dllmain_dispatch@@YAHQEAUHINSTANCE__@@KQEAX@Z 0000000180000000     MSVCRTD:dll_dllmain.obj
 0000:fffc1000       __guard_ehcont_?notify_debugger@@YAXAEBUtagEXCEPTION_VISUALCPP_DEBUG_INFO@@@Z 0000000180000000     MSVCRTD:error.obj
 0000:fffc0000       _volmd                     0000000180000000     MSVCRTD:gs_report.obj
 0000:fffc0000       _volmd                     0000000180000000     MSVCRTD:gs_report.obj
 0000:fffc0000       _volmd                     0000000180000000     MSVCRTD:gs_report.obj
 0000:fffc1000       __guard_fids__             0000000180000000     MSVCRTD:guard_support.obj
 0000:fffc1000       __guard_fids__             0000000180000000     MSVCRTD:guard_support.obj
 0000:fffc1000       __guard_fids__guard_icall_checks_enforced 0000000180000000     MSVCRTD:guard_support.obj
 0000:fffc0000       _volmd                     0000000180000000     MSVCRTD:guard_support.obj
 0000:fffc0000       _volmd                     0000000180000000     MSVCRTD:guard_support.obj
 0000:fffc0000       _volmd                     0000000180000000     MSVCRTD:guard_support.obj
 0000:fffc1000       __guard_fids__CRT_RTC_INIT 0000000180000000     MSVCRTD:init.obj
 0000:fffc1000       __guard_fids__CRT_RTC_INITW 0000000180000000     MSVCRTD:init.obj
 0000:fffc1000       __guard_ehcont___scrt_is_nonwritable_in_current_image 0000000180000000     MSVCRTD:utility.obj
 0000:fffc0000       _volmd                     0000000180000000     MSVCRTD:utility.obj
 0000:fffc0000       _volmd                     0000000180000000     MSVCRTD:utility.obj
 0000:fffc0000       _volmd                     0000000180000000     MSVCRTD:utility.obj
 0000:fffc1000       __guard_fids___scrt_set_unhandled_exception_filter 0000000180000000     MSVCRTD:utility_desktop.obj
 0000:fffc0000       _volmd                     0000000180000000     MSVCRTD:utility_desktop.obj
 0000:fffbd000       .debug$S                   0000000180000000     vcruntimed:VCRUNTIME140D.dll
 0000:fffbd000       .debug$S                   0000000180000000     vcruntimed:VCRUNTIME140D.dll
 0000:fffbd000       .debug$S                   0000000180000000     vcruntimed:VCRUNTIME140D.dll
 0000:fffbd000       .debug$S                   0000000180000000     vcruntimed:VCRUNTIME140D.dll
 0000:fffbd000       .debug$S                   0000000180000000     vcruntimed:VCRUNTIME140D.dll
 0000:fffbd000       .debug$S                   0000000180000000     vcruntimed:VCRUNTIME140D.dll
 0000:fffbd000       .debug$S                   0000000180000000     vcruntimed:VCRUNTIME140D.dll
 0000:fffbd000       .debug$S                   0000000180000000     vcruntimed:VCRUNTIME140D.dll
 0000:fffbd000       .debug$S                   0000000180000000     ucrtd:ucrtbased.dll
 0000:fffbd000       .debug$S                   0000000180000000     ucrtd:ucrtbased.dll
 0000:fffbd000       .debug$S                   0000000180000000     ucrtd:ucrtbased.dll
 0000:fffbd000       .debug$S                   0000000180000000     ucrtd:ucrtbased.dll
 0000:fffbd000       .debug$S                   0000000180000000     ucrtd:ucrtbased.dll
 0000:fffbd000       .debug$S                   0000000180000000     ucrtd:ucrtbased.dll
 0000:fffbd000       .debug$S                   0000000180000000     ucrtd:ucrtbased.dll
 0000:fffbd000       .debug$S                   0000000180000000     ucrtd:ucrtbased.dll
 0000:fffbd000       .debug$S                   0000000180000000     ucrtd:ucrtbased.dll
 0000:fffbd000       .debug$S                   0000000180000000     ucrtd:ucrtbased.dll
 0000:fffbd000       .debug$S                   0000000180000000     ucrtd:ucrtbased.dll
 0000:fffbd000       .debug$S                   0000000180000000     ucrtd:ucrtbased.dll
 0000:fffbd000       .debug$S                   0000000180000000     ucrtd:ucrtbased.dll
 0000:fffbd000       .debug$S                   0000000180000000     ucrtd:ucrtbased.dll
 0000:fffbd000       .debug$S                   0000000180000000     ucrtd:ucrtbased.dll
 0000:fffbd000       .debug$S                   0000000180000000     ucrtd:ucrtbased.dll
 0000:fffbd000       .debug$S                   0000000180000000     ucrtd:ucrtbased.dll
 0000:fffbd000       .debug$S                   0000000180000000     ucrtd:ucrtbased.dll
 0000:fffbd000       .debug$S                   0000000180000000     ucrtd:ucrtbased.dll
 0000:fffbd000       .debug$S                   0000000180000000     ucrtd:ucrtbased.dll
 0000:fffbd000       .debug$S                   0000000180000000     ucrtd:ucrtbased.dll
 0000:fffbd000       .debug$S                   0000000180000000     ucrtd:ucrtbased.dll
 0000:fffbd000       .debug$S                   0000000180000000     ucrtd:ucrtbased.dll
 0000:fffbd000       .debug$S                   0000000180000000     ucrtd:ucrtbased.dll
 0000:fffbd000       .debug$S                   0000000180000000     ucrtd:ucrtbased.dll
 0000:fffbd000       .debug$S                   0000000180000000     ucrtd:ucrtbased.dll
 0000:fffbd000       .debug$S                   0000000180000000     ucrtd:ucrtbased.dll
 0000:fffbd000       .debug$S                   0000000180000000     kernel32:KERNEL32.dll
 0000:fffbd000       .debug$S                   0000000180000000     kernel32:KERNEL32.dll
 0000:fffbd000       .debug$S                   0000000180000000     kernel32:KERNEL32.dll
 0000:fffbd000       .debug$S                   0000000180000000     kernel32:KERNEL32.dll
 0000:fffbd000       .debug$S                   0000000180000000     kernel32:KERNEL32.dll
 0000:fffbd000       .debug$S                   0000000180000000     kernel32:KERNEL32.dll
 0000:fffbd000       .debug$S                   0000000180000000     kernel32:KERNEL32.dll
 0000:fffbd000       .debug$S                   0000000180000000     kernel32:KERNEL32.dll
 0000:fffbd000       .debug$S                   0000000180000000     kernel32:KERNEL32.dll
 0000:fffbd000       .debug$S                   0000000180000000     kernel32:KERNEL32.dll
 0000:fffbd000       .debug$S                   0000000180000000     kernel32:KERNEL32.dll
 0000:fffbd000       .debug$S                   0000000180000000     kernel32:KERNEL32.dll
 0000:fffbd000       .debug$S                   0000000180000000     kernel32:KERNEL32.dll
 0000:fffbd000       .debug$S                   0000000180000000     kernel32:KERNEL32.dll
 0000:fffbd000       .debug$S                   0000000180000000     kernel32:KERNEL32.dll
 0000:fffbd000       .debug$S                   0000000180000000     kernel32:KERNEL32.dll
 0000:fffbd000       .debug$S                   0000000180000000     kernel32:KERNEL32.dll
 0000:fffbd000       .debug$S                   0000000180000000     kernel32:KERNEL32.dll
 0000:fffbd000       .debug$S                   0000000180000000     kernel32:KERNEL32.dll
 0000:fffbd000       .debug$S                   0000000180000000     kernel32:KERNEL32.dll
 0000:fffbd000       .debug$S                   0000000180000000     kernel32:KERNEL32.dll
 0000:fffbd000       .debug$S                   0000000180000000     kernel32:KERNEL32.dll
 0000:fffbd000       .debug$S                   0000000180000000     kernel32:KERNEL32.dll
 0000:fffbd000       .debug$S                   0000000180000000     kernel32:KERNEL32.dll
 0000:fffbd000       .debug$S                   0000000180000000     kernel32:KERNEL32.dll
 0000:fffbd000       .debug$S                   0000000180000000     kernel32:KERNEL32.dll
 0000:fffbd000       .debug$S                   0000000180000000     kernel32:KERNEL32.dll
 0002:00001a20       ?AddCollisionRule@@YAXPEAUgame_state@@IIH@Z 0000000180012a20 f   p5engine.obj
 0002:00001c20       ?AddEntity@@YAPEAUsim_entity@@PEAUgame_state@@PEAUsim_region@@IPEAUlow_entity@@PEATv3@@@Z 0000000180012c20 f   p5engine.obj
 0002:00001dc0       ?AddEntityRaw@@YAPEAUsim_entity@@PEAUgame_state@@PEAUsim_region@@IPEAUlow_entity@@@Z 0000000180012dc0 f   p5engine.obj
 0002:00001fd0       ?AddFamiliar@@YA?AUadd_low_entity_result@@PEAUgame_state@@III@Z 0000000180012fd0 f   p5engine.obj
 0002:00002220       ?AddGroundedEntity@@YA?AUadd_low_entity_result@@PEAUgame_state@@W4entity_type@@Uworld_position@@PEAUsim_entity_collision_volume_group@@@Z 0000000180013220 f   p5engine.obj
 0002:00002340       ?AddLowEntity@@YA?AUadd_low_entity_result@@PEAUgame_state@@W4entity_type@@Uworld_position@@@Z 0000000180013340 f   p5engine.obj
 0002:000025c0       ?AddMonstar@@YA?AUadd_low_entity_result@@PEAUgame_state@@III@Z 00000001800135c0 f   p5engine.obj
 0002:000027c0       ?AddPlayer@@YA?AUadd_low_entity_result@@PEAUgame_state@@@Z 00000001800137c0 f   p5engine.obj
 0002:00002b90       ?AddStairs@@YA?AUadd_low_entity_result@@PEAUgame_state@@III@Z 0000000180013b90 f   p5engine.obj
 0002:00002dc0       ?AddStandardRoom@@YA?AUadd_low_entity_result@@PEAUgame_state@@III@Z 0000000180013dc0 f   p5engine.obj
 0002:00002fb0       ?AddSword@@YA?AUadd_low_entity_result@@PEAUgame_state@@@Z 0000000180013fb0 f   p5engine.obj
 0002:00003110       ?AddWall@@YA?AUadd_low_entity_result@@PEAUgame_state@@III@Z 0000000180014110 f   p5engine.obj
 0002:00003300       ?AllocateRenderGroup@@YAPEAUrender_group@@PEAUmemory_arena@@IM@Z 0000000180014300 f   p5engine.obj
 0002:00003590       ?BeginSim@@YAPEAUsim_region@@PEAUmemory_arena@@PEAUgame_state@@PEAUworld@@Uworld_position@@Urectangle3@@M@Z 0000000180014590 f   p5engine.obj
 0002:00003ec0       ?CanCollide@@YAHPEAUgame_state@@PEAUsim_entity@@1@Z 0000000180014ec0 f   p5engine.obj
 0002:000040b0       ?CanOverlap@@YAHPEAUgame_state@@PEAUsim_entity@@1@Z 00000001800150b0 f   p5engine.obj
 0002:000042a0       ?ChangeEntityLocation@@YAXPEAUmemory_arena@@PEAUworld@@IPEAUlow_entity@@Uworld_position@@@Z 00000001800152a0 f   p5engine.obj
 0002:00004fb0       ?ClearBitmap@@YAXPEAUloaded_bitmap@@@Z 0000000180015fb0 f   p5engine.obj
 0002:00005040       ?ClearCollisionRulesFor@@YAXPEAUgame_state@@I@Z 0000000180016040 f   p5engine.obj
 0002:00005310       ?DEBUGLoadBMP@@YA?AUloaded_bitmap@@PEAUthread_context@@P6A?AUdebug_read_file_result@@0PEAD@Z1@Z 0000000180016310 f   p5engine.obj
 0002:00005a70       ?DrawBitmap@@YAXPEAUloaded_bitmap@@0MMM@Z 0000000180016a70 f   p5engine.obj
 0002:00006210       ?DrawHitpoints@@YAXPEAUsim_entity@@PEAUrender_group@@@Z 0000000180017210 f   p5engine.obj
 0002:00006510       ?DrawRectangle@@YAXPEAUloaded_bitmap@@Tv2@@1MMMM@Z 0000000180017510 f   p5engine.obj
 0002:000067d0       ?DrawRectangleSlowly@@YAXPEAUloaded_bitmap@@Tv2@@11Tv4@@0@Z 00000001800177d0 f   p5engine.obj
 0002:00007bb0       ?EndSim@@YAXPEAUsim_region@@PEAUgame_state@@@Z 0000000180018bb0 f   p5engine.obj
 0002:00008040       ?EntitiesOverlap@@YAHPEAUsim_entity@@0Tv3@@@Z 0000000180019040 f   p5engine.obj
 0002:00008690       ?FillGroundChunk@@YAXPEAUtransient_state@@PEAUgame_state@@PEAUground_buffer@@PEAUworld_position@@@Z 0000000180019690 f   p5engine.obj
 0002:00009080       ?GameOutputSound@@YAXPEAUgame_state@@PEAUgame_sound_output_buffer@@H@Z 000000018001a080 f   p5engine.obj
 0002:00009470       ?GetHashFromStorageIndex@@YAPEAUsim_entity_hash@@PEAUsim_region@@I@Z 000000018001a470 f   p5engine.obj
 0002:0000a040       ?HandleCollision@@YAHPEAUgame_state@@PEAUsim_entity@@1@Z 000000018001b040 f   p5engine.obj
 0002:0000a170       ?HandleOverlap@@YAXPEAUgame_state@@PEAUsim_entity@@1MPEAM@Z 000000018001b170 f   p5engine.obj
 0002:0000a2b0       ?InitHitPoints@@YAXPEAUlow_entity@@I@Z 000000018001b2b0 f   p5engine.obj
 0002:0000a400       ?InitializeWorld@@YAXPEAUworld@@Tv3@@@Z 000000018001b400 f   p5engine.obj
 0002:0000afc0       ?MakeEmptyBitmap@@YA?AUloaded_bitmap@@PEAUmemory_arena@@HHH@Z 000000018001bfc0 f   p5engine.obj
 0002:0000b270       ?MakeNullCollision@@YAPEAUsim_entity_collision_volume_group@@PEAUgame_state@@@Z 000000018001c270 f   p5engine.obj
 0002:0000b390       ?MakeSimpleGroundedCollision@@YAPEAUsim_entity_collision_volume_group@@PEAUgame_state@@MMM@Z 000000018001c390 f   p5engine.obj
 0002:0000b6b0       ?MoveEntity@@YAXPEAUgame_state@@PEAUsim_region@@PEAUsim_entity@@MPEAUmove_spec@@Tv3@@@Z 000000018001c6b0 f   p5engine.obj
 0002:0000ed60       ?RenderGroupToOutput@@YAXPEAUrender_group@@PEAUloaded_bitmap@@@Z 000000018001fd60 f   p5engine.obj
 0002:0000f750       ?SpeculativeCollide@@YAHPEAUsim_entity@@0Tv3@@@Z 0000000180020750 f   p5engine.obj
 0002:0000f9f0       ?Subtract@@YA?ATv3@@PEAUworld@@PEAUworld_position@@1@Z 00000001800209f0 f   p5engine.obj
 0002:000136fc       $LN139                     00000001800246fc     p5engine.obj
 0002:000149d0       $$000000                   00000001800259d0     MSVCRTD:chkstk.obj
 0002:00014a50       $$000000                   0000000180025a50     MSVCRTD:amdsecgs.obj
 0002:00014a90       ?dllmain_crt_dispatch@@YAHQEAUHINSTANCE__@@KQEAX@Z 0000000180025a90 f   MSVCRTD:dll_dllmain.obj
 0002:00014b40       ?dllmain_crt_process_attach@@YAHQEAUHINSTANCE__@@QEAX@Z 0000000180025b40 f   MSVCRTD:dll_dllmain.obj
 0002:00014cd0       ?dllmain_crt_process_detach@@YAH_N@Z 0000000180025cd0 f   MSVCRTD:dll_dllmain.obj
 0002:00014d90       ?dllmain_dispatch@@YAHQEAUHINSTANCE__@@KQEAX@Z 0000000180025d90 f   MSVCRTD:dll_dllmain.obj
 0002:00014f20       ?dllmain_raw@@YAHQEAUHINSTANCE__@@KQEAX@Z 0000000180025f20 f   MSVCRTD:dll_dllmain.obj
 0002:00015020       ?DebuggerProbe@@YA_NK@Z    0000000180026020 f   MSVCRTD:error.obj
 0002:00015070       ?DebuggerRuntime@@YA_NKHPEAXPEB_W@Z 0000000180026070 f   MSVCRTD:error.obj
 0002:00015400       ?_getMemBlockDataString@@YAXPEAD0PEBD_K@Z 0000000180026400 f   MSVCRTD:error.obj
 0002:000154e0       ?_strlen_priv@@YA_KPEBD@Z  00000001800264e0 f   MSVCRTD:error.obj
 0002:00015500       ?failwithmessage@@YAXPEAXHHPEBD@Z 0000000180026500 f   MSVCRTD:error.obj
 0002:00015800       ?notify_debugger@@YAXAEBUtagEXCEPTION_VISUALCPP_DEBUG_INFO@@@Z 0000000180026800 f   MSVCRTD:error.obj
 0002:00015e60       capture_current_context    0000000180026e60 f   MSVCRTD:gs_report.obj
 0002:00015f20       capture_previous_context   0000000180026f20 f   MSVCRTD:gs_report.obj
 0002:00016000       __get_entropy              0000000180027000 f   MSVCRTD:gs_support.obj
 0002:000162b0       ?find_pe_section@@YAPEAU_IMAGE_SECTION_HEADER@@QEAE_K@Z 00000001800272b0 f   MSVCRTD:utility.obj
 0002:000163d0       ?is_potentially_valid_image_base@@YA_NQEAX@Z 00000001800273d0 f   MSVCRTD:utility.obj
 0002:00017170       __castguard_compat_check   0000000180028170 f   MSVCRTD:guard_support.obj
 0002:00017350       __castguard_slow_path_compat_check 0000000180028350 f   MSVCRTD:guard_support.obj
 0002:00017440       ?GetPdbDll@@YAPEAUHINSTANCE__@@XZ 0000000180028440 f   MSVCRTD:pdblkup.obj
 0002:000175e0       ?GetPdbDllFromInstallPath@@YAPEAUHINSTANCE__@@XZ 00000001800285e0 f   MSVCRTD:pdblkup.obj
 0002:00017940       ?GetPdbDllPathFromFilePath@@YAHPEB_WPEA_W_K@Z 0000000180028940 f   MSVCRTD:pdblkup.obj
 0002:00019b50       $$000000                   000000018002ab50     MSVCRTD:guard_dispatch.obj
 0002:00019b70       $$000000                   000000018002ab70     MSVCRTD:guard_xfg_dispatch.obj
 0002:0001ab90       ?fin$0@?0??dllmain_crt_process_attach@@YAHQEAUHINSTANCE__@@QEAX@Z@4HA 000000018002bb90 f   MSVCRTD:dll_dllmain.obj
 0002:0001abb0       ?fin$0@?0??dllmain_crt_process_detach@@YAH_N@Z@4HA 000000018002bbb0 f   MSVCRTD:dll_dllmain.obj
 0002:0001abca       ?fin$1@?0??dllmain_crt_process_detach@@YAH_N@Z@4HA 000000018002bbca f   MSVCRTD:dll_dllmain.obj
 0002:0001abf0       ?filt$0@?0??dllmain_dispatch@@YAHQEAUHINSTANCE__@@KQEAX@Z@4HA 000000018002bbf0 f   MSVCRTD:dll_dllmain.obj
 0002:0001ac50       ?filt$0@?0??notify_debugger@@YAXAEBUtagEXCEPTION_VISUALCPP_DEBUG_INFO@@@Z@4HA 000000018002bc50 f   MSVCRTD:error.obj
 0002:0001ac80       __scrt_is_nonwritable_in_current_image$filt$0 000000018002bc80 f   MSVCRTD:utility.obj
 0003:00000880       ?BeginTemporaryMemory@@YA?AUtemporary_memory@@PEAUmemory_arena@@@Z$rtcName$0 000000018002d880     p5engine.obj
 0003:00000890       ?BeginTemporaryMemory@@YA?AUtemporary_memory@@PEAUmemory_arena@@@Z$rtcVarDesc 000000018002d890     p5engine.obj
 0003:000008d0       ?BeginTemporaryMemory@@YA?AUtemporary_memory@@PEAUmemory_arena@@@Z$rtcFrameData 000000018002d8d0     p5engine.obj
 0003:00000900       ?FindLeastSignificantSetBit@@YA?AUbit_scan_result@@I@Z$rtcName$0 000000018002d900     p5engine.obj
 0003:00000910       ?FindLeastSignificantSetBit@@YA?AUbit_scan_result@@I@Z$rtcVarDesc 000000018002d910     p5engine.obj
 0003:00000950       ?FindLeastSignificantSetBit@@YA?AUbit_scan_result@@I@Z$rtcFrameData 000000018002d950     p5engine.obj
 0003:00000980       ?V2@@YA?ATv2@@MM@Z$rtcName$0 000000018002d980     p5engine.obj
 0003:00000990       ?V2@@YA?ATv2@@MM@Z$rtcVarDesc 000000018002d990     p5engine.obj
 0003:000009d0       ?V2@@YA?ATv2@@MM@Z$rtcFrameData 000000018002d9d0     p5engine.obj
 0003:00000a00       ?V2i@@YA?ATv2@@HH@Z$rtcName$0 000000018002da00     p5engine.obj
 0003:00000a10       ?V2i@@YA?ATv2@@HH@Z$rtcVarDesc 000000018002da10     p5engine.obj
 0003:00000a50       ?V2i@@YA?ATv2@@HH@Z$rtcFrameData 000000018002da50     p5engine.obj
 0003:00000a80       ??D@YA?ATv2@@MT0@@Z$rtcName$0 000000018002da80     p5engine.obj
 0003:00000a90       ??D@YA?ATv2@@MT0@@Z$rtcVarDesc 000000018002da90     p5engine.obj
 0003:00000ad0       ??D@YA?ATv2@@MT0@@Z$rtcFrameData 000000018002dad0     p5engine.obj
 0003:00000b00       ??G@YA?ATv2@@T0@@Z$rtcName$0 000000018002db00     p5engine.obj
 0003:00000b10       ??G@YA?ATv2@@T0@@Z$rtcVarDesc 000000018002db10     p5engine.obj
 0003:00000b50       ??G@YA?ATv2@@T0@@Z$rtcFrameData 000000018002db50     p5engine.obj
 0003:00000b80       ??H@YA?ATv2@@T0@0@Z$rtcName$0 000000018002db80     p5engine.obj
 0003:00000b90       ??H@YA?ATv2@@T0@0@Z$rtcVarDesc 000000018002db90     p5engine.obj
 0003:00000bd0       ??H@YA?ATv2@@T0@0@Z$rtcFrameData 000000018002dbd0     p5engine.obj
 0003:00000c00       ??G@YA?ATv2@@T0@0@Z$rtcName$0 000000018002dc00     p5engine.obj
 0003:00000c10       ??G@YA?ATv2@@T0@0@Z$rtcVarDesc 000000018002dc10     p5engine.obj
 0003:00000c50       ??G@YA?ATv2@@T0@0@Z$rtcFrameData 000000018002dc50     p5engine.obj
 0003:00000c80       ?Clamp01@@YA?ATv2@@T1@@Z$rtcName$0 000000018002dc80     p5engine.obj
 0003:00000c90       ?Clamp01@@YA?ATv2@@T1@@Z$rtcVarDesc 000000018002dc90     p5engine.obj
 0003:00000cd0       ?Clamp01@@YA?ATv2@@T1@@Z$rtcFrameData 000000018002dcd0     p5engine.obj
 0003:00000d00       ?Perp@@YA?ATv2@@T1@@Z$rtcName$0 000000018002dd00     p5engine.obj
 0003:00000d10       ?Perp@@YA?ATv2@@T1@@Z$rtcVarDesc 000000018002dd10     p5engine.obj
 0003:00000d50       ?Perp@@YA?ATv2@@T1@@Z$rtcFrameData 000000018002dd50     p5engine.obj
 0003:00000d80       ?V3@@YA?ATv3@@MMM@Z$rtcName$0 000000018002dd80     p5engine.obj
 0003:00000d90       ?V3@@YA?ATv3@@MMM@Z$rtcVarDesc 000000018002dd90     p5engine.obj
 0003:00000dd0       ?V3@@YA?ATv3@@MMM@Z$rtcFrameData 000000018002ddd0     p5engine.obj
 0003:00000e00       ??D@YA?ATv3@@MT0@@Z$rtcName$0 000000018002de00     p5engine.obj
 0003:00000e10       ??D@YA?ATv3@@MT0@@Z$rtcVarDesc 000000018002de10     p5engine.obj
 0003:00000e50       ??D@YA?ATv3@@MT0@@Z$rtcFrameData 000000018002de50     p5engine.obj
 0003:00000e80       ??D@YA?ATv3@@T0@M@Z$rtcName$0 000000018002de80     p5engine.obj
 0003:00000e90       ??D@YA?ATv3@@T0@M@Z$rtcVarDesc 000000018002de90     p5engine.obj
 0003:00000ed0       ??D@YA?ATv3@@T0@M@Z$rtcFrameData 000000018002ded0     p5engine.obj
 0003:00000f00       ??H@YA?ATv3@@T0@0@Z$rtcName$0 000000018002df00     p5engine.obj
 0003:00000f10       ??H@YA?ATv3@@T0@0@Z$rtcVarDesc 000000018002df10     p5engine.obj
 0003:00000f50       ??H@YA?ATv3@@T0@0@Z$rtcFrameData 000000018002df50     p5engine.obj
 0003:00000f80       ??G@YA?ATv3@@T0@0@Z$rtcName$0 000000018002df80     p5engine.obj
 0003:00000f90       ??G@YA?ATv3@@T0@0@Z$rtcVarDesc 000000018002df90     p5engine.obj
 0003:00000fd0       ??G@YA?ATv3@@T0@0@Z$rtcFrameData 000000018002dfd0     p5engine.obj
 0003:00001000       ?Hadamard@@YA?ATv3@@T1@0@Z$rtcName$0 000000018002e000     p5engine.obj
 0003:00001010       ?Hadamard@@YA?ATv3@@T1@0@Z$rtcVarDesc 000000018002e010     p5engine.obj
 0003:00001050       ?Hadamard@@YA?ATv3@@T1@0@Z$rtcFrameData 000000018002e050     p5engine.obj
 0003:00001080       ?V4@@YA?ATv4@@MMMM@Z$rtcName$0 000000018002e080     p5engine.obj
 0003:00001090       ?V4@@YA?ATv4@@MMMM@Z$rtcVarDesc 000000018002e090     p5engine.obj
 0003:000010d0       ?V4@@YA?ATv4@@MMMM@Z$rtcFrameData 000000018002e0d0     p5engine.obj
 0003:00001100       ??D@YA?ATv4@@MT0@@Z$rtcName$0 000000018002e100     p5engine.obj
 0003:00001110       ??D@YA?ATv4@@MT0@@Z$rtcVarDesc 000000018002e110     p5engine.obj
 0003:00001150       ??D@YA?ATv4@@MT0@@Z$rtcFrameData 000000018002e150     p5engine.obj
 0003:00001180       ??H@YA?ATv4@@T0@0@Z$rtcName$0 000000018002e180     p5engine.obj
 0003:00001190       ??H@YA?ATv4@@T0@0@Z$rtcVarDesc 000000018002e190     p5engine.obj
 0003:000011d0       ??H@YA?ATv4@@T0@0@Z$rtcFrameData 000000018002e1d0     p5engine.obj
 0003:00001200       ?Lerp@@YA?ATv4@@T1@M0@Z$rtcName$0 000000018002e200     p5engine.obj
 0003:00001210       ?Lerp@@YA?ATv4@@T1@M0@Z$rtcVarDesc 000000018002e210     p5engine.obj
 0003:00001250       ?Lerp@@YA?ATv4@@T1@M0@Z$rtcFrameData 000000018002e250     p5engine.obj
 0003:00001280       ?RectCenterHalfDim@@YA?AUrectangle2@@Tv2@@0@Z$rtcName$0 000000018002e280     p5engine.obj
 0003:00001290       ?RectCenterHalfDim@@YA?AUrectangle2@@Tv2@@0@Z$rtcVarDesc 000000018002e290     p5engine.obj
 0003:000012d0       ?RectCenterHalfDim@@YA?AUrectangle2@@Tv2@@0@Z$rtcFrameData 000000018002e2d0     p5engine.obj
 0003:00001300       ?RectCenterDim@@YA?AUrectangle2@@Tv2@@0@Z$rtcName$0 000000018002e300     p5engine.obj
 0003:00001310       ?RectCenterDim@@YA?AUrectangle2@@Tv2@@0@Z$rtcVarDesc 000000018002e310     p5engine.obj
 0003:00001350       ?RectCenterDim@@YA?AUrectangle2@@Tv2@@0@Z$rtcFrameData 000000018002e350     p5engine.obj
 0003:00001380       ?GetBarycentric@@YA?ATv2@@Urectangle2@@T1@@Z$rtcName$0 000000018002e380     p5engine.obj
 0003:00001390       ?GetBarycentric@@YA?ATv2@@Urectangle2@@T1@@Z$rtcVarDesc 000000018002e390     p5engine.obj
 0003:000013d0       ?GetBarycentric@@YA?ATv2@@Urectangle2@@T1@@Z$rtcFrameData 000000018002e3d0     p5engine.obj
 0003:00001400       ?GetMinCorner@@YA?ATv3@@Urectangle3@@@Z$rtcName$0 000000018002e400     p5engine.obj
 0003:00001410       ?GetMinCorner@@YA?ATv3@@Urectangle3@@@Z$rtcVarDesc 000000018002e410     p5engine.obj
 0003:00001450       ?GetMinCorner@@YA?ATv3@@Urectangle3@@@Z$rtcFrameData 000000018002e450     p5engine.obj
 0003:00001480       ?GetMaxCorner@@YA?ATv3@@Urectangle3@@@Z$rtcName$0 000000018002e480     p5engine.obj
 0003:00001490       ?GetMaxCorner@@YA?ATv3@@Urectangle3@@@Z$rtcVarDesc 000000018002e490     p5engine.obj
 0003:000014d0       ?GetMaxCorner@@YA?ATv3@@Urectangle3@@@Z$rtcFrameData 000000018002e4d0     p5engine.obj
 0003:00001500       ?RectCenterHalfDim@@YA?AUrectangle3@@Tv3@@0@Z$rtcName$0 000000018002e500     p5engine.obj
 0003:00001510       ?RectCenterHalfDim@@YA?AUrectangle3@@Tv3@@0@Z$rtcVarDesc 000000018002e510     p5engine.obj
 0003:00001550       ?RectCenterHalfDim@@YA?AUrectangle3@@Tv3@@0@Z$rtcFrameData 000000018002e550     p5engine.obj
 0003:00001580       ?AddRadiusTo@@YA?AUrectangle3@@U1@Tv3@@@Z$rtcName$0 000000018002e580     p5engine.obj
 0003:00001590       ?AddRadiusTo@@YA?AUrectangle3@@U1@Tv3@@@Z$rtcVarDesc 000000018002e590     p5engine.obj
 0003:000015d0       ?AddRadiusTo@@YA?AUrectangle3@@U1@Tv3@@@Z$rtcFrameData 000000018002e5d0     p5engine.obj
 0003:00001600       ?RectCenterDim@@YA?AUrectangle3@@Tv3@@0@Z$rtcName$0 000000018002e600     p5engine.obj
 0003:00001610       ?RectCenterDim@@YA?AUrectangle3@@Tv3@@0@Z$rtcVarDesc 000000018002e610     p5engine.obj
 0003:00001650       ?RectCenterDim@@YA?AUrectangle3@@Tv3@@0@Z$rtcFrameData 000000018002e650     p5engine.obj
 0003:00001680       ?GetEntityGroundPoint@@YA?ATv3@@PEAUsim_entity@@T1@@Z$rtcName$0 000000018002e680     p5engine.obj
 0003:00001690       ?GetEntityGroundPoint@@YA?ATv3@@PEAUsim_entity@@T1@@Z$rtcVarDesc 000000018002e690     p5engine.obj
 0003:000016d0       ?GetEntityGroundPoint@@YA?ATv3@@PEAUsim_entity@@T1@@Z$rtcFrameData 000000018002e6d0     p5engine.obj
 0003:00001700       ?GetEntityGroundPoint@@YA?ATv3@@PEAUsim_entity@@@Z$rtcName$0 000000018002e700     p5engine.obj
 0003:00001710       ?GetEntityGroundPoint@@YA?ATv3@@PEAUsim_entity@@@Z$rtcVarDesc 000000018002e710     p5engine.obj
 0003:00001750       ?GetEntityGroundPoint@@YA?ATv3@@PEAUsim_entity@@@Z$rtcFrameData 000000018002e750     p5engine.obj
 0003:00001780       ?GetStairGround@@YAMPEAUsim_entity@@Tv3@@@Z$rtcName$0 000000018002e780     p5engine.obj
 0003:0000178c       ?GetStairGround@@YAMPEAUsim_entity@@Tv3@@@Z$rtcName$1 000000018002e78c     p5engine.obj
 0003:000017a0       ?GetStairGround@@YAMPEAUsim_entity@@Tv3@@@Z$rtcVarDesc 000000018002e7a0     p5engine.obj
 0003:00001820       ?GetStairGround@@YAMPEAUsim_entity@@Tv3@@@Z$rtcFrameData 000000018002e820     p5engine.obj
 0003:00001860       ?SRGB255ToLinear1@@YA?ATv4@@T1@@Z$rtcName$0 000000018002e860     p5engine.obj
 0003:00001870       ?SRGB255ToLinear1@@YA?ATv4@@T1@@Z$rtcVarDesc 000000018002e870     p5engine.obj
 0003:000018b0       ?SRGB255ToLinear1@@YA?ATv4@@T1@@Z$rtcFrameData 000000018002e8b0     p5engine.obj
 0003:000018e0       ?Linear1ToSRGB255@@YA?ATv4@@T1@@Z$rtcName$0 000000018002e8e0     p5engine.obj
 0003:000018f0       ?Linear1ToSRGB255@@YA?ATv4@@T1@@Z$rtcVarDesc 000000018002e8f0     p5engine.obj
 0003:00001930       ?Linear1ToSRGB255@@YA?ATv4@@T1@@Z$rtcFrameData 000000018002e930     p5engine.obj
[...]
 0003:00006fd8       $unwind$?ChangeEntityLocation@@YAXPEAUmemory_arena@@PEAUworld@@IPEAUlow_entity@@Uworld_position@@@Z 0000000180033fd8     p5engine.obj
 0003:00006fec       $unwind$?GetHashFromStorageIndex@@YAPEAUsim_entity_hash@@PEAUsim_region@@I@Z 0000000180033fec     p5engine.obj
 0003:00007000       $unwind$?GetSimSpacePos@@YA?ATv3@@PEAUsim_region@@PEAUlow_entity@@@Z 0000000180034000     p5engine.obj
 0003:00007014       $unwind$?AddEntity@@YAPEAUsim_entity@@PEAUgame_state@@PEAUsim_region@@IPEAUlow_entity@@PEATv3@@@Z 0000000180034014     p5engine.obj
 0003:00007028       $unwind$?LoadEntityReference@@YAXPEAUgame_state@@PEAUsim_region@@PEATentity_reference@@@Z 0000000180034028     p5engine.obj
 0003:00007044       $unwind$?StoreEntityReference@@YAXPEATentity_reference@@@Z 0000000180034044     p5engine.obj
 0003:00007058       $unwind$?AddEntityRaw@@YAPEAUsim_entity@@PEAUgame_state@@PEAUsim_region@@IPEAUlow_entity@@@Z 0000000180034058     p5engine.obj
 0003:0000706c       $unwind$?EntityOverlapsRectangle@@YAHTv3@@Usim_entity_collision_volume@@Urectangle3@@@Z 000000018003406c     p5engine.obj
 0003:00007080       $unwind$?BeginSim@@YAPEAUsim_region@@PEAUmemory_arena@@PEAUgame_state@@PEAUworld@@Uworld_position@@Urectangle3@@M@Z 0000000180034080     p5engine.obj
 0003:0000709c       $unwind$?EndSim@@YAXPEAUsim_region@@PEAUgame_state@@@Z 000000018003409c     p5engine.obj
 0003:000070b8       $unwind$?CanCollide@@YAHPEAUgame_state@@PEAUsim_entity@@1@Z 00000001800340b8     p5engine.obj
 0003:000070cc       $unwind$?HandleCollision@@YAHPEAUgame_state@@PEAUsim_entity@@1@Z 00000001800340cc     p5engine.obj
 0003:000070e0       $unwind$?CanOverlap@@YAHPEAUgame_state@@PEAUsim_entity@@1@Z 00000001800340e0     p5engine.obj
 0003:000070f4       $unwind$?HandleOverlap@@YAXPEAUgame_state@@PEAUsim_entity@@1MPEAM@Z 00000001800340f4     p5engine.obj
 0003:00007108       $unwind$?SpeculativeCollide@@YAHPEAUsim_entity@@0Tv3@@@Z 0000000180034108     p5engine.obj
 0003:0000711c       $unwind$?EntitiesOverlap@@YAHPEAUsim_entity@@0Tv3@@@Z 000000018003411c     p5engine.obj
 0003:00007130       $unwind$?MoveEntity@@YAXPEAUgame_state@@PEAUsim_region@@PEAUsim_entity@@MPEAUmove_spec@@Tv3@@@Z 0000000180034130     p5engine.obj
 0003:0000714c       $unwind$?DefaultMoveSpec@@YA?AUmove_spec@@XZ 000000018003414c     p5engine.obj
 0003:00007168       $unwind$?RandomSeed@@YA?AUrandom_series@@I@Z 0000000180034168     p5engine.obj
 0003:00007184       $unwind$?RandomNextUInt32@@YAIPEAUrandom_series@@@Z 0000000180034184     p5engine.obj
 0003:00007198       $unwind$?RandomChoice@@YAIPEAUrandom_series@@I@Z 0000000180034198     p5engine.obj
 0003:000071ac       $unwind$?RandomUnilateral@@YAMPEAUrandom_series@@@Z 00000001800341ac     p5engine.obj
 0003:000071c0       $unwind$?GameOutputSound@@YAXPEAUgame_state@@PEAUgame_sound_output_buffer@@H@Z 00000001800341c0     p5engine.obj
 0003:000071d4       $unwind$?DEBUGLoadBMP@@YA?AUloaded_bitmap@@PEAUthread_context@@P6A?AUdebug_read_file_result@@0PEAD@Z1@Z 00000001800341d4     p5engine.obj
 0003:000071f0       $unwind$?AddLowEntity@@YA?AUadd_low_entity_result@@PEAUgame_state@@W4entity_type@@Uworld_position@@@Z 00000001800341f0     p5engine.obj
 0003:0000720c       $unwind$?AddGroundedEntity@@YA?AUadd_low_entity_result@@PEAUgame_state@@W4entity_type@@Uworld_position@@PEAUsim_entity_collision_volume_group@@@Z 000000018003420c     p5engine.obj
 0003:00007220       $unwind$?AddStandardRoom@@YA?AUadd_low_entity_result@@PEAUgame_state@@III@Z 0000000180034220     p5engine.obj
 0003:00007234       $unwind$?AddWall@@YA?AUadd_low_entity_result@@PEAUgame_state@@III@Z 0000000180034234     p5engine.obj
 0003:00007248       $unwind$?AddStairs@@YA?AUadd_low_entity_result@@PEAUgame_state@@III@Z 0000000180034248     p5engine.obj
 0003:0000725c       $unwind$?InitHitPoints@@YAXPEAUlow_entity@@I@Z 000000018003425c     p5engine.obj
 0003:00007270       $unwind$?AddSword@@YA?AUadd_low_entity_result@@PEAUgame_state@@@Z 0000000180034270     p5engine.obj
 0003:00007284       $unwind$?AddPlayer@@YA?AUadd_low_entity_result@@PEAUgame_state@@@Z 0000000180034284     p5engine.obj
 0003:00007298       $unwind$?AddMonstar@@YA?AUadd_low_entity_result@@PEAUgame_state@@III@Z 0000000180034298     p5engine.obj
 0003:000072ac       $unwind$?AddFamiliar@@YA?AUadd_low_entity_result@@PEAUgame_state@@III@Z 00000001800342ac     p5engine.obj
 0003:000072c0       $unwind$?DrawHitpoints@@YAXPEAUsim_entity@@PEAUrender_group@@@Z 00000001800342c0     p5engine.obj
 0003:000072dc       $unwind$?MakeSimpleGroundedCollision@@YAPEAUsim_entity_collision_volume_group@@PEAUgame_state@@MMM@Z 00000001800342dc     p5engine.obj
 0003:000072f0       $unwind$?MakeNullCollision@@YAPEAUsim_entity_collision_volume_group@@PEAUgame_state@@@Z 00000001800342f0     p5engine.obj
 0003:00007304       $unwind$?FillGroundChunk@@YAXPEAUtransient_state@@PEAUgame_state@@PEAUground_buffer@@PEAUworld_position@@@Z 0000000180034304     p5engine.obj
 0003:00007320       $unwind$?ClearBitmap@@YAXPEAUloaded_bitmap@@@Z 0000000180034320     p5engine.obj
 0003:00007334       $unwind$?MakeEmptyBitmap@@YA?AUloaded_bitmap@@PEAUmemory_arena@@HHH@Z 0000000180034334     p5engine.obj
 0003:00007350       $unwind$GameUpdateAndRender 0000000180034350     p5engine.obj
 0003:0000736c       $unwind$GameGetSoundSamples 000000018003436c     p5engine.obj
 0003:00007380       $unwind$_RTC_CheckStackVars 0000000180034380     MSVCRTD:stack.obj
 0003:00007394       $chain$0$_RTC_CheckStackVars 0000000180034394     MSVCRTD:stack.obj
 0003:000073ac       $chain$1$_RTC_CheckStackVars 00000001800343ac     MSVCRTD:stack.obj
 0003:000073c0       $unwind$_RTC_CheckStackVars2 00000001800343c0     MSVCRTD:stack.obj
 0003:000073d0       $chain$1$_RTC_CheckStackVars2 00000001800343d0     MSVCRTD:stack.obj
 0003:000073ec       $chain$2$_RTC_CheckStackVars2 00000001800343ec     MSVCRTD:stack.obj
 0003:00007404       $chain$3$_RTC_CheckStackVars2 0000000180034404     MSVCRTD:stack.obj
 0003:0000741c       $chain$4$_RTC_CheckStackVars2 000000018003441c     MSVCRTD:stack.obj
 0003:00007430       $chain$5$_RTC_CheckStackVars2 0000000180034430     MSVCRTD:stack.obj
 0003:00007444       $chain$6$_RTC_CheckStackVars2 0000000180034444     MSVCRTD:stack.obj
 0003:00007458       $unwind$_RTC_AllocaHelper  0000000180034458     MSVCRTD:stack.obj
 0003:00007460       $chain$0$_RTC_AllocaHelper 0000000180034460     MSVCRTD:stack.obj
 0003:00007478       $chain$1$_RTC_AllocaHelper 0000000180034478     MSVCRTD:stack.obj
 0003:0000748c       $unwind$_RTC_Shutdown      000000018003448c     MSVCRTD:init.obj
 0003:00007494       $unwind$_RTC_InitBase      0000000180034494     MSVCRTD:init.obj
 0003:0000749c       $unwind$__CheckForDebuggerJustMyCode 000000018003449c     MSVCRTD:debugger_jmc.obj
 0003:000074a4       $unwind$__GSHandlerCheckCommon 00000001800344a4     MSVCRTD:gshandler.obj
 0003:000074ac       $unwind$__GSHandlerCheck   00000001800344ac     MSVCRTD:gshandler.obj
 0003:000074b8       $xdatasym                  00000001800344b8     MSVCRTD:chkstk.obj
 0003:000074c0       $xdatasym                  00000001800344c0     MSVCRTD:amdsecgs.obj
 0003:000074c4       $unwind$?dllmain_crt_process_attach@@YAHQEAUHINSTANCE__@@QEAX@Z 00000001800344c4     MSVCRTD:dll_dllmain.obj
 0003:000074e8       $unwind$?fin$0@?0??dllmain_crt_process_attach@@YAHQEAUHINSTANCE__@@QEAX@Z@4HA 00000001800344e8     MSVCRTD:dll_dllmain.obj
 0003:000074f0       $unwind$?dllmain_crt_process_detach@@YAH_N@Z 00000001800344f0     MSVCRTD:dll_dllmain.obj
 0003:00007524       $unwind$?fin$0@?0??dllmain_crt_process_detach@@YAH_N@Z@4HA 0000000180034524     MSVCRTD:dll_dllmain.obj
 0003:0000752c       $unwind$?fin$1@?0??dllmain_crt_process_detach@@YAH_N@Z@4HA 000000018003452c     MSVCRTD:dll_dllmain.obj
 0003:00007534       $unwind$?dllmain_crt_dispatch@@YAHQEAUHINSTANCE__@@KQEAX@Z 0000000180034534     MSVCRTD:dll_dllmain.obj
 0003:0000753c       $unwind$_CRT_INIT          000000018003453c     MSVCRTD:dll_dllmain.obj
 0003:00007544       $unwind$?dllmain_raw@@YAHQEAUHINSTANCE__@@KQEAX@Z 0000000180034544     MSVCRTD:dll_dllmain.obj
 0003:0000754c       $unwind$?dllmain_dispatch@@YAHQEAUHINSTANCE__@@KQEAX@Z 000000018003454c     MSVCRTD:dll_dllmain.obj
 0003:00007570       $unwind$?filt$0@?0??dllmain_dispatch@@YAHQEAUHINSTANCE__@@KQEAX@Z@4HA 0000000180034570     MSVCRTD:dll_dllmain.obj
 0003:00007578       $unwind$_DllMainCRTStartup 0000000180034578     MSVCRTD:dll_dllmain.obj
 0003:00007580       $unwind$_RTC_UninitUse     0000000180034580     MSVCRTD:error.obj
 0003:0000759c       $unwind$?_RTC_StackFailure@@YAXPEAXPEBD@Z 000000018003459c     MSVCRTD:error.obj
 0003:000075bc       $unwind$?_RTC_AllocaFailure@@YAXPEAXPEAU_RTC_ALLOCA_NODE@@H@Z 00000001800345bc     MSVCRTD:error.obj
 0003:000075d8       $chain$0$?_RTC_AllocaFailure@@YAXPEAXPEAU_RTC_ALLOCA_NODE@@H@Z 00000001800345d8     MSVCRTD:error.obj
 0003:000075f0       $chain$1$?_RTC_AllocaFailure@@YAXPEAXPEAU_RTC_ALLOCA_NODE@@H@Z 00000001800345f0     MSVCRTD:error.obj
 0003:00007604       $unwind$_vsprintf_s_l      0000000180034604     MSVCRTD:error.obj
 0003:0000761c       $unwind$sprintf_s          000000018003461c     MSVCRTD:error.obj
 0003:00007624       $unwind$?notify_debugger@@YAXAEBUtagEXCEPTION_VISUALCPP_DEBUG_INFO@@@Z 0000000180034624     MSVCRTD:error.obj
 0003:00007648       $unwind$?filt$0@?0??notify_debugger@@YAXAEBUtagEXCEPTION_VISUALCPP_DEBUG_INFO@@@Z@4HA 0000000180034648     MSVCRTD:error.obj
 0003:00007650       $unwind$?DebuggerProbe@@YA_NK@Z 0000000180034650     MSVCRTD:error.obj
 0003:00007658       $unwind$?DebuggerRuntime@@YA_NKHPEAXPEB_W@Z 0000000180034658     MSVCRTD:error.obj
 0003:00007660       $unwind$?failwithmessage@@YAXPEAXHHPEBD@Z 0000000180034660     MSVCRTD:error.obj
 0003:00007688       $unwind$?_getMemBlockDataString@@YAXPEAD0PEBD_K@Z 0000000180034688     MSVCRTD:error.obj
 0003:0000769c       $chain$3$?_getMemBlockDataString@@YAXPEAD0PEBD_K@Z 000000018003469c     MSVCRTD:error.obj
 0003:000076c0       $chain$4$?_getMemBlockDataString@@YAXPEAD0PEBD_K@Z 00000001800346c0     MSVCRTD:error.obj
 0003:000076d4       $unwind$__report_securityfailure 00000001800346d4     MSVCRTD:gs_report.obj
 0003:000076dc       $unwind$__report_securityfailureEx 00000001800346dc     MSVCRTD:gs_report.obj
 0003:000076e4       $unwind$__report_rangecheckfailure 00000001800346e4     MSVCRTD:gs_report.obj
 0003:000076ec       $unwind$__report_gsfailure 00000001800346ec     MSVCRTD:gs_report.obj
 0003:000076f4       $unwind$capture_current_context 00000001800346f4     MSVCRTD:gs_report.obj
 0003:000076fc       $unwind$capture_previous_context 00000001800346fc     MSVCRTD:gs_report.obj
 0003:00007704       $unwind$__raise_securityfailure 0000000180034704     MSVCRTD:gs_report.obj
 0003:0000770c       $unwind$__security_init_cookie 000000018003470c     MSVCRTD:gs_support.obj
 0003:00007714       $unwind$__get_entropy      0000000180034714     MSVCRTD:gs_support.obj
 0003:0000771c       $unwind$DllMain            000000018003471c     MSVCRTD:dll_dllmain_stub.obj
 0003:00007724       $unwind$?__scrt_initialize_type_info@@YAXXZ 0000000180034724     MSVCRTD:tncleanup.obj
 0003:0000772c       $unwind$?__scrt_uninitialize_type_info@@YAXXZ 000000018003472c     MSVCRTD:tncleanup.obj
 0003:00007734       $unwind$__scrt_initialize_default_local_stdio_options 0000000180034734     MSVCRTD:default_local_stdio_options.obj
 0003:0000773c       $unwind$atexit             000000018003473c     MSVCRTD:utility.obj
 0003:00007744       $unwind$_onexit            0000000180034744     MSVCRTD:utility.obj
 0003:0000774c       $unwind$at_quick_exit      000000018003474c     MSVCRTD:utility.obj
 0003:00007754       $unwind$__scrt_is_nonwritable_in_current_image 0000000180034754     MSVCRTD:utility.obj
 0003:00007778       $unwind$__scrt_is_nonwritable_in_current_image$filt$0 0000000180034778     MSVCRTD:utility.obj
 0003:00007780       $unwind$__scrt_acquire_startup_lock 0000000180034780     MSVCRTD:utility.obj
 0003:00007788       $unwind$__scrt_release_startup_lock 0000000180034788     MSVCRTD:utility.obj
 0003:00007790       $unwind$__scrt_initialize_crt 0000000180034790     MSVCRTD:utility.obj
 0003:00007798       $unwind$__scrt_uninitialize_crt 0000000180034798     MSVCRTD:utility.obj
 0003:000077a0       $unwind$__scrt_initialize_onexit_tables 00000001800347a0     MSVCRTD:utility.obj
 0003:000077b0       $unwind$__scrt_dllmain_exception_filter 00000001800347b0     MSVCRTD:utility.obj
 0003:000077b8       $unwind$__scrt_dllmain_before_initialize_c 00000001800347b8     MSVCRTD:utility.obj
 0003:000077c0       $unwind$__scrt_dllmain_after_initialize_c 00000001800347c0     MSVCRTD:utility.obj
 0003:000077c8       $unwind$__scrt_dllmain_uninitialize_c 00000001800347c8     MSVCRTD:utility.obj
 0003:000077d0       $unwind$__scrt_dllmain_uninitialize_critical 00000001800347d0     MSVCRTD:utility.obj
 0003:000077d8       $unwind$__scrt_dllmain_crt_thread_attach 00000001800347d8     MSVCRTD:utility.obj
 0003:000077e0       $unwind$__scrt_dllmain_crt_thread_detach 00000001800347e0     MSVCRTD:utility.obj
 0003:000077e8       $unwind$?configure_argv@__scrt_narrow_argv_policy@@SAHXZ 00000001800347e8     MSVCRTD:utility.obj
 0003:000077f0       $unwind$?initialize_environment@__scrt_narrow_environment_policy@@SAHXZ 00000001800347f0     MSVCRTD:utility.obj
 0003:000077f8       $unwind$?is_potentially_valid_image_base@@YA_NQEAX@Z 00000001800347f8     MSVCRTD:utility.obj
 0003:00007800       $unwind$?find_pe_section@@YAPEAU_IMAGE_SECTION_HEADER@@QEAE_K@Z 0000000180034800     MSVCRTD:utility.obj
 0003:00007808       $unwind$__scrt_get_show_window_mode 0000000180034808     MSVCRTD:utility_desktop.obj
 0003:00007818       $unwind$__scrt_is_managed_app 0000000180034818     MSVCRTD:utility_desktop.obj
 0003:00007820       $unwind$__scrt_initialize_mta 0000000180034820     MSVCRTD:utility_desktop.obj
 0003:00007828       $unwind$__scrt_set_unhandled_exception_filter 0000000180034828     MSVCRTD:utility_desktop.obj
 0003:00007830       $unwind$__scrt_fastfail    0000000180034830     MSVCRTD:utility_desktop.obj
 0003:00007840       $unwind$__scrt_unhandled_exception_filter 0000000180034840     MSVCRTD:utility_desktop.obj
 0003:00007848       $unwind$_RTC_Initialize    0000000180034848     MSVCRTD:initsect.obj
 0003:00007858       $unwind$_RTC_Terminate     0000000180034858     MSVCRTD:initsect.obj
 0003:00007868       $unwind$ReadNoFence64      0000000180034868     MSVCRTD:guard_support.obj
 0003:00007870       $unwind$ReadPointerNoFence 0000000180034870     MSVCRTD:guard_support.obj
 0003:00007878       $unwind$_guard_icall_checks_enforced 0000000180034878     MSVCRTD:guard_support.obj
 0003:00007880       $unwind$__castguard_compat_check 0000000180034880     MSVCRTD:guard_support.obj
 0003:00007888       $unwind$__castguard_check_failure_debugbreak 0000000180034888     MSVCRTD:guard_support.obj
 0003:00007890       $unwind$__castguard_check_failure_fastfail 0000000180034890     MSVCRTD:guard_support.obj
 0003:00007898       $unwind$__castguard_check_failure_os_handled 0000000180034898     MSVCRTD:guard_support.obj
 0003:000078a0       $unwind$__castguard_slow_path_compat_check 00000001800348a0     MSVCRTD:guard_support.obj
 0003:000078a8       $unwind$__castguard_slow_path_check_debugbreak 00000001800348a8     MSVCRTD:guard_support.obj
 0003:000078b0       $unwind$__castguard_slow_path_check_fastfail 00000001800348b0     MSVCRTD:guard_support.obj
 0003:000078b8       $unwind$__castguard_slow_path_check_os_handled 00000001800348b8     MSVCRTD:guard_support.obj
 0003:000078c0       $unwind$?_RTC_GetSrcLine@@YAHPEAEPEA_WKPEAH1K@Z 00000001800348c0     MSVCRTD:pdblkup.obj
 0003:000078dc       $unwind$?GetPdbDllFromInstallPath@@YAPEAUHINSTANCE__@@XZ 00000001800348dc     MSVCRTD:pdblkup.obj
 0003:00007904       $unwind$?GetPdbDllPathFromFilePath@@YAHPEB_WPEA_W_K@Z 0000000180034904     MSVCRTD:pdblkup.obj
 0003:00007920       $unwind$?GetPdbDll@@YAPEAUHINSTANCE__@@XZ 0000000180034920     MSVCRTD:pdblkup.obj
 0003:00007934       $unwind$__isa_available_init 0000000180034934     MSVCRTD:cpu_disp.obj
 0003:00007948       $unwind$__scrt_is_ucrt_dll_in_use 0000000180034948     MSVCRTD:ucrt_detection.obj
 0003:00007950       $xdatasym                  0000000180034950     MSVCRTD:guard_dispatch.obj
 0003:00007958       $xdatasym                  0000000180034958     MSVCRTD:guard_xfg_dispatch.obj
 0003:00007c20       .edata                     0000000180034c20     P5Engine.exp
 0003:00007c48       rgpv                       0000000180034c48     P5Engine.exp
 0003:00007c50       rgszName                   0000000180034c50     P5Engine.exp
 0003:00007c58       rgwOrd                     0000000180034c58     P5Engine.exp
 0003:00007c5c       szName                     0000000180034c5c     P5Engine.exp
 0003:00007c69       $N00001                    0000000180034c69     P5Engine.exp
 0003:00007c7d       $N00002                    0000000180034c7d     P5Engine.exp
 0004:00000000       ?RandomNumberTable@@3PAIA  0000000180035000     p5engine.obj
 0004:00004e40       ?init@?1??_RTC_InitBase@@9@4_NA 0000000180039e40     MSVCRTD:init.obj
 0004:00004e44       ?__proc_attached@@3HA      0000000180039e44     MSVCRTD:dll_dllmain.obj
 0004:00004e58       ?_RTC_ErrorReportFunc@@3P6AHHPEBDH00ZZEA 0000000180039e58     MSVCRTD:userapi.obj
 0004:00004e60       ?_RTC_ErrorReportFuncW@@3P6AHHPEB_WH00ZZEA 0000000180039e60     MSVCRTD:userapi.obj
 0004:00004e70       GS_ExceptionRecord         0000000180039e70     MSVCRTD:gs_report.obj
 0004:00004f10       GS_ContextRecord           0000000180039f10     MSVCRTD:gs_report.obj
 0004:00005538       ?is_initialized_as_dll@@3_NA 000000018003a538     MSVCRTD:utility.obj
 0004:00005539       ?module_local_atexit_table_initialized@@3_NA 000000018003a539     MSVCRTD:utility.obj
 0004:00005540       ?module_local_atexit_table@@3U_onexit_table_t@@A 000000018003a540     MSVCRTD:utility.obj
 0004:00005558       ?module_local_at_quick_exit_table@@3U_onexit_table_t@@A 000000018003a558     MSVCRTD:utility.obj
 0004:00005598       ?mspdb@@3PEAUHINSTANCE__@@EA 000000018003a598     MSVCRTD:pdblkup.obj
 0004:000055a1       ?alreadyTried@?1??GetPdbDll@@YAPEAUHINSTANCE__@@XZ@4_NA 000000018003a5a1     MSVCRTD:pdblkup.obj
 0004:000055a2       ?PDBOK@?1??_RTC_GetSrcLine@@YAHPEAEPEA_WKPEAH1K@Z@4_NA 000000018003a5a2     MSVCRTD:pdblkup.obj
 0006:000007ca       .idata$6                   000000018003e7ca     vcruntimed:VCRUNTIME140D.dll
 0006:0000098c       .idata$6                   000000018003e98c     ucrtd:ucrtbased.dll
 0006:00000bce       .idata$6                   000000018003ebce     kernel32:KERNEL32.dll
 0007:00000000       __5C0B09BC_p5engine_platform@h 000000018003f000     p5engine.obj
 0007:00000001       __09340588_corecrt_math@h  000000018003f001     p5engine.obj
 0007:00000002       __B0C4CEA9_malloc@h        000000018003f002     p5engine.obj
 0007:00000003       __3A0418DB_p5engine_intrinsics@h 000000018003f003     p5engine.obj
 0007:00000004       __6D6C9F34_p5engine_math@h 000000018003f004     p5engine.obj
 0007:00000005       __326D9465_p5engine_entity@h 000000018003f005     p5engine.obj
 0007:00000006       __B7D51BCB_p5engine@h      000000018003f006     p5engine.obj
 0007:00000007       __ECDA994C_p5engine_render_group@cpp 000000018003f007     p5engine.obj
 0007:00000008       __DC0D61CC_p5engine_world@cpp 000000018003f008     p5engine.obj
 0007:00000009       __5DD8E4E4_p5engine_sim_region@cpp 000000018003f009     p5engine.obj
 0007:0000000a       __9C871DF9_p5engine_entity@cpp 000000018003f00a     p5engine.obj
 0007:0000000b       __74B1E2C0_p5engine_random@h 000000018003f00b     p5engine.obj
 0007:0000000c       __D1049797_p5engine@cpp    000000018003f00c     p5engine.obj
 0009:00000170       $R000000                   0000000180041170     * linker generated manifest res *
