 P5Engine

 Timestamp is 615acbfd (Mon Oct  4 02:40:13 2021)

 Preferred load address is 0000000180000000

 Start         Length     Name                   Class
 0001:00000000 00010000H .textbss                DATA
 0002:00000000 000197d0H .text$mn                CODE
 0002:000197d0 00001040H .text$mn$00             CODE
 0002:0001a810 00001141H .text$x                 CODE
 0003:00000000 00000110H .CRT$XCA                DATA
 0003:00000110 00000110H .CRT$XCZ                DATA
 0003:00000220 00000110H .CRT$XIA                DATA
 0003:00000330 00000110H .CRT$XIZ                DATA
 0003:00000440 00000110H .CRT$XPA                DATA
 0003:00000550 00000110H .CRT$XPZ                DATA
 0003:00000660 00000110H .CRT$XTA                DATA
 0003:00000770 00000110H .CRT$XTZ                DATA
 0003:00000880 00005380H .rdata                  DATA
 0003:00005c00 00000110H .rdata$CastGuardVftablesA DATA
 0003:00005d10 0000010cH .rdata$CastGuardVftablesC DATA
 0003:00005e1c 0000017cH .rdata$zzzdbg           DATA
 0003:00005f98 00000110H .rtc$IAA                DATA
 0003:000060a8 00000110H .rtc$IMZ                DATA
 0003:000061b8 00000110H .rtc$IZZ                DATA
 0003:000062c8 00000110H .rtc$TAA                DATA
 0003:000063d8 00000110H .rtc$TMZ                DATA
 0003:000064e8 00000110H .rtc$TZZ                DATA
 0003:000065f8 00001478H .xdata                  DATA
 0003:00007a70 00000187H .edata                  DATA
 0004:00000000 00004e40H .data                   DATA
 0004:00004e40 00000788H .bss                    DATA
 0005:00000000 00002820H .pdata                  DATA
 0006:00000000 00000350H .idata$5                DATA
 0006:00000350 0000003cH .idata$2                DATA
 0006:0000038c 00000014H .idata$3                DATA
 0006:000003a0 00000350H .idata$4                DATA
 0006:000006f0 0000066aH .idata$6                DATA
 0007:00000000 0000010fH .msvcjmc                DATA
 0008:00000000 00000151H .00cfg                  DATA
 0009:00000000 00000170H .rsrc$01                DATA
 0009:00000170 000001b6H .rsrc$02                DATA

  Address         Publics by Value              Rva+Base               Lib:Object

 0000:00000000       __guard_iat_table          0000000000000000     <absolute>
 0000:00000000       __hybrid_auxiliary_iat     0000000000000000     <absolute>
 0000:00000000       ___safe_se_handler_table   0000000000000000     <absolute>
 0000:00000000       __guard_longjmp_count      0000000000000000     <absolute>
 0000:00000000       ___safe_se_handler_count   0000000000000000     <absolute>
 0000:00000000       __AbsoluteZero             0000000000000000     <absolute>
 0000:00000000       __volatile_metadata        0000000000000000     <absolute>
 0000:00000000       __arm64x_redirection_metadata 0000000000000000     <absolute>
 0000:00000000       __hybrid_code_map          0000000000000000     <absolute>
 0000:00000000       __guard_check_icall_a64n_fptr 0000000000000000     <absolute>
 0000:00000000       __guard_fids_table         0000000000000000     <absolute>
 0000:00000000       __hybrid_code_map_count    0000000000000000     <absolute>
 0000:00000000       __guard_iat_count          0000000000000000     <absolute>
 0000:00000000       __arm64x_extra_rfe_table   0000000000000000     <absolute>
 0000:00000000       __x64_code_ranges_to_entry_points_count 0000000000000000     <absolute>
 0000:00000000       __hybrid_auxiliary_iat_copy 0000000000000000     <absolute>
 0000:00000000       __guard_eh_cont_count      0000000000000000     <absolute>
 0000:00000000       __guard_fids_count         0000000000000000     <absolute>
 0000:00000000       __x64_code_ranges_to_entry_points 0000000000000000     <absolute>
 0000:00000000       __arm64x_extra_rfe_table_size 0000000000000000     <absolute>
 0000:00000000       __arm64x_native_entrypoint 0000000000000000     <absolute>
 0000:00000000       __dynamic_value_reloc_table 0000000000000000     <absolute>
 0000:00000000       __guard_longjmp_table      0000000000000000     <absolute>
 0000:00000000       __arm64x_redirection_metadata_count 0000000000000000     <absolute>
 0000:00000000       __enclave_config           0000000000000000     <absolute>
 0000:00000000       __guard_eh_cont_table      0000000000000000     <absolute>
 0000:00000100       __guard_flags              0000000000000100     <absolute>
 0000:00000000       __ImageBase                0000000180000000     <linker-defined>
 0001:00000000       __enc$textbss$begin        0000000180001000     <linker-defined>
 0001:00010000       __enc$textbss$end          0000000180011000     <linker-defined>
 0002:00000a80       ??D@YA?ATv2@@MT0@@Z        0000000180011a80 f i p5engine.obj
 0002:00000b70       ??D@YA?ATv3@@MT0@@Z        0000000180011b70 f i p5engine.obj
 0002:00000cb0       ??D@YA?ATv3@@T0@M@Z        0000000180011cb0 f i p5engine.obj
 0002:00000db0       ??D@YA?ATv4@@MT0@@Z        0000000180011db0 f i p5engine.obj
 0002:00000f10       ??G@YA?ATv2@@T0@0@Z        0000000180011f10 f i p5engine.obj
 0002:00001000       ??G@YA?ATv2@@T0@@Z         0000000180012000 f i p5engine.obj
 0002:000010f0       ??G@YA?ATv3@@T0@0@Z        00000001800120f0 f i p5engine.obj
 0002:00001240       ??H@YA?ATv2@@T0@0@Z        0000000180012240 f i p5engine.obj
 0002:00001330       ??H@YA?ATv3@@T0@0@Z        0000000180012330 f i p5engine.obj
 0002:00001480       ??H@YA?ATv4@@T0@0@Z        0000000180012480 f i p5engine.obj
 0002:000015f0       ??X@YAAEATv3@@AEAT0@M@Z    00000001800125f0 f i p5engine.obj
 0002:000016b0       ??Y@YAAEATv2@@AEAT0@T0@@Z  00000001800126b0 f i p5engine.obj
 0002:00001730       ??Y@YAAEATv3@@AEAT0@T0@@Z  0000000180012730 f i p5engine.obj
 0002:00001810       ??Z@YAAEATv3@@AEAT0@T0@@Z  0000000180012810 f i p5engine.obj
 0002:000018f0       ?AbsoluteValue@@YAMM@Z     00000001800128f0 f i p5engine.obj
 0002:000020f0       ?AddFlags@@YAXPEAUsim_entity@@I@Z 00000001800130f0 f i p5engine.obj
 0002:000028b0       ?AddRadiusTo@@YA?AUrectangle3@@U1@Tv3@@@Z 00000001800138b0 f i p5engine.obj
 0002:00003360       ?AreInSameChunk@@YAHPEAUworld@@PEAUworld_position@@1@Z 0000000180014360 f i p5engine.obj
 0002:00003ce0       ?BeginTemporaryMemory@@YA?AUtemporary_memory@@PEAUmemory_arena@@@Z 0000000180014ce0 f i p5engine.obj
 0002:00004060       ?CeilReal32ToInt32@@YAHM@Z 0000000180015060 f i p5engine.obj
 0002:000040c0       ?CenteredChunkPoint@@YA?AUworld_position@@III@Z 00000001800150c0 f i p5engine.obj
 0002:000043b0       ?ChangeEntityLocationRaw@@YAXPEAUmemory_arena@@PEAUworld@@IPEAUworld_position@@2@Z 00000001800153b0 f i p5engine.obj
 0002:000048b0       ?CheckArena@@YAXPEAUmemory_arena@@@Z 00000001800158b0 f i p5engine.obj
 0002:00004910       ?ChunkPositionFromTilePosition@@YA?AUworld_position@@PEAUworld@@HHHTv3@@@Z 0000000180015910 f i p5engine.obj
 0002:00004c80       ?Clamp01@@YA?ATv2@@T1@@Z   0000000180015c80 f i p5engine.obj
 0002:00004d60       ?Clamp01@@YAMM@Z           0000000180015d60 f i p5engine.obj
 0002:00004dc0       ?Clamp@@YAMMMM@Z           0000000180015dc0 f i p5engine.obj
 0002:00004e60       ?Clear@@YAXPEAUrender_group@@Tv4@@@Z 0000000180015e60 f i p5engine.obj
 0002:000050a0       ?ClearFlags@@YAXPEAUsim_entity@@I@Z 00000001800160a0 f i p5engine.obj
 0002:00005100       ?CoordinateSystem@@YAPEAUrender_entry_coordinate_system@@PEAUrender_group@@Tv2@@11Tv4@@PEAUloaded_bitmap@@@Z 0000000180016100 f i p5engine.obj
 0002:000051e0       ?Cos@@YAMM@Z               00000001800161e0 f i p5engine.obj
 0002:000057e0       ?DefaultMoveSpec@@YA?AUmove_spec@@XZ 00000001800167e0 f i p5engine.obj
 0002:00007c10       ?EndTemporaryMemory@@YAXUtemporary_memory@@@Z 0000000180018c10 f i p5engine.obj
 0002:000080f0       ?EntityOverlapsRectangle@@YAHTv3@@Usim_entity_collision_volume@@Urectangle3@@@Z 00000001800190f0 f i p5engine.obj
 0002:00008be0       ?FindLeastSignificantSetBit@@YA?AUbit_scan_result@@I@Z 0000000180019be0 f i p5engine.obj
 0002:00008cb0       ?FloorReal32ToInt32@@YAHM@Z 0000000180019cb0 f i p5engine.obj
 0002:00008e00       ?GetBarycentric@@YA?ATv2@@Urectangle2@@T1@@Z 0000000180019e00 f i p5engine.obj
 0002:00008f40       ?GetEntityGroundPoint@@YA?ATv3@@PEAUsim_entity@@@Z 0000000180019f40 f i p5engine.obj
 0002:00009040       ?GetEntityGroundPoint@@YA?ATv3@@PEAUsim_entity@@T1@@Z 000000018001a040 f i p5engine.obj
 0002:00009210       ?GetLowEntity@@YAPEAUlow_entity@@PEAUgame_state@@I@Z 000000018001a210 f i p5engine.obj
 0002:000092b0       ?GetMaxCorner@@YA?ATv3@@Urectangle3@@@Z 000000018001a2b0 f i p5engine.obj
 0002:00009370       ?GetMinCorner@@YA?ATv3@@Urectangle3@@@Z 000000018001a370 f i p5engine.obj
 0002:00009430       ?GetRenderEntityBasisPos@@YA?ATv2@@PEAUrender_group@@PEAUrender_entity_basis@@T1@@Z 000000018001a430 f i p5engine.obj
 0002:00009620       ?GetSimSpacePos@@YA?ATv3@@PEAUsim_region@@PEAUlow_entity@@@Z 000000018001a620 f i p5engine.obj
 0002:000097a0       ?GetStairGround@@YAMPEAUsim_entity@@Tv3@@@Z 000000018001a7a0 f i p5engine.obj
 0002:00009910       ?GetWorldChunk@@YAPEAUworld_chunk@@PEAUworld@@HHHPEAUmemory_arena@@@Z 000000018001a910 f i p5engine.obj
 0002:00009b90       ?Hadamard@@YA?ATv3@@T1@0@Z 000000018001ab90 f i p5engine.obj
 0002:00009ee0       ?HasFlag@@YAHPEAUsim_entity@@I@Z 000000018001aee0 f i p5engine.obj
 0002:0000a000       ?InitializeArena@@YAXPEAUmemory_arena@@_KPEAX@Z 000000018001b000 f i p5engine.obj
 0002:0000a160       ?Inner@@YAMTv2@@0@Z        000000018001b160 f i p5engine.obj
 0002:0000a1e0       ?Inner@@YAMTv3@@0@Z        000000018001b1e0 f i p5engine.obj
 0002:0000a290       ?IsCanonical@@YAHMM@Z      000000018001b290 f i p5engine.obj
 0002:0000a360       ?IsCanonical@@YAHPEAUworld@@Tv3@@@Z 000000018001b360 f i p5engine.obj
 0002:0000a440       ?IsInRectangle@@YAHUrectangle3@@Tv3@@@Z 000000018001b440 f i p5engine.obj
 0002:0000a560       ?IsValid@@YAHUworld_position@@@Z 000000018001b560 f i p5engine.obj
 0002:0000a5d0       ?Length@@YAMTv3@@@Z        000000018001b5d0 f i p5engine.obj
 0002:0000a650       ?LengthSq@@YAMTv2@@@Z      000000018001b650 f i p5engine.obj
 0002:0000a6b0       ?LengthSq@@YAMTv3@@@Z      000000018001b6b0 f i p5engine.obj
 0002:0000a750       ?Lerp@@YA?ATv4@@T1@M0@Z    000000018001b750 f i p5engine.obj
 0002:0000a930       ?Linear1ToSRGB255@@YA?ATv4@@T1@@Z 000000018001b930 f i p5engine.obj
 0002:0000aaa0       ?LoadEntityReference@@YAXPEAUgame_state@@PEAUsim_region@@PEATentity_reference@@@Z 000000018001baa0 f i p5engine.obj
 0002:0000ad90       ?MakeEntityNonSpatial@@YAXPEAUsim_entity@@@Z 000000018001bd90 f i p5engine.obj
 0002:0000ae50       ?MakeEntitySpatial@@YAXPEAUsim_entity@@Tv3@@1@Z 000000018001be50 f i p5engine.obj
 0002:0000b1b0       ?MapIntoChunkSpace@@YA?AUworld_position@@PEAUworld@@U1@Tv3@@@Z 000000018001c1b0 f i p5engine.obj
 0002:0000d370       ?NullPosition@@YA?AUworld_position@@XZ 000000018001e370 f i p5engine.obj
 0002:0000d450       ?Perp@@YA?ATv2@@T1@@Z      000000018001e450 f i p5engine.obj
 0002:0000d4f0       ?PushBitmap@@YAXPEAUrender_group@@PEAUloaded_bitmap@@Tv2@@M2MM@Z 000000018001e4f0 f i p5engine.obj
 0002:0000d670       ?PushEntry@@YAXPEAUrender_group@@PEAUloaded_bitmap@@Tv2@@2M2Tv4@@M@Z 000000018001e670 f i p5engine.obj
 0002:0000d830       ?PushRect@@YAXPEAUrender_group@@Tv2@@M1Tv4@@M@Z 000000018001e830 f i p5engine.obj
 0002:0000da70       ?PushRectOutline@@YAXPEAUrender_group@@Tv2@@M1Tv4@@M@Z 000000018001ea70 f i p5engine.obj
 0002:0000de10       ?PushRenderElement_@@YAPEAUrender_group_entry_header@@PEAUrender_group@@IW4render_group_entry_type@@@Z 000000018001ee10 f i p5engine.obj
 0002:0000def0       ?PushSize_@@YAPEAXPEAUmemory_arena@@_K@Z 000000018001eef0 f i p5engine.obj
 0002:0000dfb0       ?RandomChoice@@YAIPEAUrandom_series@@I@Z 000000018001efb0 f i p5engine.obj
 0002:0000e010       ?RandomNextUInt32@@YAIPEAUrandom_series@@@Z 000000018001f010 f i p5engine.obj
 0002:0000e0b0       ?RandomSeed@@YA?AUrandom_series@@I@Z 000000018001f0b0 f i p5engine.obj
 0002:0000e180       ?RandomUnilateral@@YAMPEAUrandom_series@@@Z 000000018001f180 f i p5engine.obj
 0002:0000e200       ?RecanonicalizeCoord@@YAXMPEAHPEAM@Z 000000018001f200 f i p5engine.obj
 0002:0000e2f0       ?RectCenterDim@@YA?AUrectangle2@@Tv2@@0@Z 000000018001f2f0 f i p5engine.obj
 0002:0000e3f0       ?RectCenterDim@@YA?AUrectangle3@@Tv3@@0@Z 000000018001f3f0 f i p5engine.obj
 0002:0000e560       ?RectCenterHalfDim@@YA?AUrectangle2@@Tv2@@0@Z 000000018001f560 f i p5engine.obj
 0002:0000e6a0       ?RectCenterHalfDim@@YA?AUrectangle3@@Tv3@@0@Z 000000018001f6a0 f i p5engine.obj
 0002:0000e8b0       ?RectanglesIntersect@@YAHUrectangle3@@0@Z 000000018001f8b0 f i p5engine.obj
 0002:0000f140       ?RoundReal32ToInt32@@YAHM@Z 0000000180020140 f i p5engine.obj
 0002:0000f1a0       ?RoundReal32ToUInt32@@YAIM@Z 00000001800201a0 f i p5engine.obj
 0002:0000f200       ?SRGB255ToLinear1@@YA?ATv4@@T1@@Z 0000000180020200 f i p5engine.obj
 0002:0000f370       ?Sin@@YAMM@Z               0000000180020370 f i p5engine.obj
 0002:0000f550       ?Square@@YAMM@Z            0000000180020550 f i p5engine.obj
 0002:0000f5b0       ?SquareRoot@@YAMM@Z        00000001800205b0 f i p5engine.obj
 0002:0000f610       ?StoreEntityReference@@YAXPEATentity_reference@@@Z 0000000180020610 f i p5engine.obj
 0002:0000f990       ?V2@@YA?ATv2@@MM@Z         0000000180020990 f i p5engine.obj
 0002:0000fa60       ?V2i@@YA?ATv2@@HH@Z        0000000180020a60 f i p5engine.obj
 0002:0000fb10       ?V3@@YA?ATv3@@MMM@Z        0000000180020b10 f i p5engine.obj
 0002:0000fc30       ?V4@@YA?ATv4@@MMMM@Z       0000000180020c30 f i p5engine.obj
 0002:0000fd60       ?ZeroSize@@YAX_KPEAX@Z     0000000180020d60 f i p5engine.obj
 0002:0000fe00       GameGetSoundSamples        0000000180020e00 f   p5engine.obj
 0002:0000fe70       GameUpdateAndRender        0000000180020e70 f   p5engine.obj
 0002:00014100       GetController              0000000180025100 f i p5engine.obj
 0002:00014180       __JustMyCode_Default       0000000180025180 f i p5engine.obj
 0002:00014190       _RTC_AllocaHelper          0000000180025190 f   MSVCRTD:stack.obj
 0002:000141e0       _RTC_CheckStackVars        00000001800251e0 f   MSVCRTD:stack.obj
 0002:00014290       _RTC_CheckStackVars2       0000000180025290 f   MSVCRTD:stack.obj
 0002:000143e0       _CRT_RTC_INIT              00000001800253e0 f   MSVCRTD:init.obj
 0002:000143f0       _CRT_RTC_INITW             00000001800253f0 f   MSVCRTD:init.obj
 0002:00014400       _RTC_InitBase              0000000180025400 f   MSVCRTD:init.obj
 0002:00014450       _RTC_Shutdown              0000000180025450 f   MSVCRTD:init.obj
 0002:00014480       __CheckForDebuggerJustMyCode 0000000180025480 f   MSVCRTD:debugger_jmc.obj
 0002:000144d0       __GSHandlerCheck           00000001800254d0 f   MSVCRTD:gshandler.obj
 0002:00014520       __GSHandlerCheckCommon     0000000180025520 f   MSVCRTD:gshandler.obj
 0002:00014670       _alloca_probe              0000000180025670 f   MSVCRTD:chkstk.obj
 0002:00014670       __chkstk                   0000000180025670 f   MSVCRTD:chkstk.obj
 0002:000146f0       __security_check_cookie    00000001800256f0 f   MSVCRTD:amdsecgs.obj
 0002:00014c20       _CRT_INIT                  0000000180025c20 f   MSVCRTD:dll_dllmain.obj
 0002:00014c60       _DllMainCRTStartup         0000000180025c60 f   MSVCRTD:dll_dllmain.obj
 0002:00014d60       ?_RTC_AllocaFailure@@YAXPEAXPEAU_RTC_ALLOCA_NODE@@H@Z 0000000180025d60 f   MSVCRTD:error.obj
 0002:00014f10       ?_RTC_Failure@@YAXPEAXH@Z  0000000180025f10 f   MSVCRTD:error.obj
 0002:00014f80       ?_RTC_StackFailure@@YAXPEAXPEBD@Z 0000000180025f80 f   MSVCRTD:error.obj
 0002:000154c0       _RTC_UninitUse             00000001800264c0 f   MSVCRTD:error.obj
 0002:000155c0       __local_stdio_printf_options 00000001800265c0 f i MSVCRTD:error.obj
 0002:000155d0       _vsprintf_s_l              00000001800265d0 f i MSVCRTD:error.obj
 0002:00015650       sprintf_s                  0000000180026650 f i MSVCRTD:error.obj
 0002:00015680       ?_RTC_GetErrorFunc@@YAP6AHHPEBDH00ZZPEBX@Z 0000000180026680 f   MSVCRTD:userapi.obj
 0002:00015690       ?_RTC_GetErrorFuncW@@YAP6AHHPEB_WH00ZZPEBX@Z 0000000180026690 f   MSVCRTD:userapi.obj
 0002:000156a0       _RTC_GetErrDesc            00000001800266a0 f   MSVCRTD:userapi.obj
 0002:000156c0       _RTC_NumErrors             00000001800266c0 f   MSVCRTD:userapi.obj
 0002:000156d0       _RTC_SetErrorFunc          00000001800266d0 f   MSVCRTD:userapi.obj
 0002:000156f0       _RTC_SetErrorFuncW         00000001800266f0 f   MSVCRTD:userapi.obj
 0002:00015710       _RTC_SetErrorType          0000000180026710 f   MSVCRTD:userapi.obj
 0002:00015740       __raise_securityfailure    0000000180026740 f   MSVCRTD:gs_report.obj
 0002:00015790       __report_gsfailure         0000000180026790 f   MSVCRTD:gs_report.obj
 0002:000158a0       __report_rangecheckfailure 00000001800268a0 f   MSVCRTD:gs_report.obj
 0002:000158c0       __report_securityfailure   00000001800268c0 f   MSVCRTD:gs_report.obj
 0002:00015990       __report_securityfailureEx 0000000180026990 f   MSVCRTD:gs_report.obj
 0002:00015d80       __security_init_cookie     0000000180026d80 f   MSVCRTD:gs_support.obj
 0002:00015e20       DllMain                    0000000180026e20 f   MSVCRTD:dll_dllmain_stub.obj
 0002:00015e70       ?__scrt_initialize_type_info@@YAXXZ 0000000180026e70 f   MSVCRTD:tncleanup.obj
 0002:00015e90       ?__scrt_uninitialize_type_info@@YAXXZ 0000000180026e90 f   MSVCRTD:tncleanup.obj
 0002:00015eb0       __local_stdio_scanf_options 0000000180026eb0 f i MSVCRTD:default_local_stdio_options.obj
 0002:00015ec0       __scrt_initialize_default_local_stdio_options 0000000180026ec0 f   MSVCRTD:default_local_stdio_options.obj
 0002:00015f20       ?configure_argv@__scrt_narrow_argv_policy@@SAHXZ 0000000180026f20 f i MSVCRTD:utility.obj
 0002:00016040       ?initialize_environment@__scrt_narrow_environment_policy@@SAHXZ 0000000180027040 f i MSVCRTD:utility.obj
 0002:00016110       NtCurrentTeb               0000000180027110 f i MSVCRTD:utility.obj
 0002:00016120       __scrt_acquire_startup_lock 0000000180027120 f   MSVCRTD:utility.obj
 0002:000161a0       __scrt_dllmain_after_initialize_c 00000001800271a0 f   MSVCRTD:utility.obj
 0002:000161e0       __scrt_dllmain_before_initialize_c 00000001800271e0 f   MSVCRTD:utility.obj
 0002:00016210       __scrt_dllmain_crt_thread_attach 0000000180027210 f   MSVCRTD:utility.obj
 0002:00016250       __scrt_dllmain_crt_thread_detach 0000000180027250 f   MSVCRTD:utility.obj
 0002:00016270       __scrt_dllmain_exception_filter 0000000180027270 f   MSVCRTD:utility.obj
 0002:000162f0       __scrt_dllmain_uninitialize_c 00000001800272f0 f   MSVCRTD:utility.obj
 0002:00016330       __scrt_dllmain_uninitialize_critical 0000000180027330 f   MSVCRTD:utility.obj
 0002:00016350       __scrt_initialize_crt      0000000180027350 f   MSVCRTD:utility.obj
 0002:000163b0       __scrt_initialize_onexit_tables 00000001800273b0 f   MSVCRTD:utility.obj
 0002:00016500       __scrt_is_nonwritable_in_current_image 0000000180027500 f   MSVCRTD:utility.obj
 0002:000165b0       __scrt_release_startup_lock 00000001800275b0 f   MSVCRTD:utility.obj
 0002:000165f0       __scrt_uninitialize_crt    00000001800275f0 f   MSVCRTD:utility.obj
 0002:00016640       _onexit                    0000000180027640 f   MSVCRTD:utility.obj
 0002:000166e0       at_quick_exit              00000001800276e0 f   MSVCRTD:utility.obj
 0002:00016740       atexit                     0000000180027740 f   MSVCRTD:utility.obj
 0002:00016780       __scrt_get_dyn_tls_init_callback 0000000180027780 f   MSVCRTD:dyn_tls_init.obj
 0002:00016790       __crt_debugger_hook        0000000180027790 f   MSVCRTD:utility_desktop.obj
 0002:000167b0       __scrt_fastfail            00000001800277b0 f   MSVCRTD:utility_desktop.obj
 0002:000169b0       __scrt_get_show_window_mode 00000001800279b0 f   MSVCRTD:utility_desktop.obj
 0002:00016a20       __scrt_initialize_mta      0000000180027a20 f   MSVCRTD:utility_desktop.obj
 0002:00016a40       __scrt_initialize_winrt    0000000180027a40 f   MSVCRTD:utility_desktop.obj
 0002:00016a50       __scrt_is_managed_app      0000000180027a50 f   MSVCRTD:utility_desktop.obj
 0002:00016b20       __scrt_set_unhandled_exception_filter 0000000180027b20 f   MSVCRTD:utility_desktop.obj
 0002:00016b40       __scrt_stub_for_initialize_mta 0000000180027b40 f   MSVCRTD:utility_desktop.obj
 0002:00016b40       __scrt_exe_initialize_mta  0000000180027b40 f   MSVCRTD:utility_desktop.obj
 0002:00016b50       __scrt_unhandled_exception_filter 0000000180027b50 f   MSVCRTD:utility_desktop.obj
 0002:00016c10       _RTC_Initialize            0000000180027c10 f   MSVCRTD:initsect.obj
 0002:00016c70       _RTC_Terminate             0000000180027c70 f   MSVCRTD:initsect.obj
 0002:00016cd0       _guard_check_icall_nop     0000000180027cd0 f i MSVCRTD:guard_support.obj
 0002:00016ce0       ReadNoFence64              0000000180027ce0 f i MSVCRTD:guard_support.obj
 0002:00016d10       ReadPointerNoFence         0000000180027d10 f i MSVCRTD:guard_support.obj
 0002:00016d30       __castguard_check_failure_debugbreak 0000000180027d30 f i MSVCRTD:guard_support.obj
 0002:00016d60       __castguard_check_failure_fastfail 0000000180027d60 f i MSVCRTD:guard_support.obj
 0002:00016d90       __castguard_check_failure_nop 0000000180027d90 f i MSVCRTD:guard_support.obj
 0002:00016da0       __castguard_check_failure_os_handled 0000000180027da0 f i MSVCRTD:guard_support.obj
 0002:00016e90       __castguard_slow_path_check_debugbreak 0000000180027e90 f i MSVCRTD:guard_support.obj
 0002:00016ee0       __castguard_slow_path_check_fastfail 0000000180027ee0 f i MSVCRTD:guard_support.obj
 0002:00016f40       __castguard_slow_path_check_nop 0000000180027f40 f i MSVCRTD:guard_support.obj
 0002:00016f60       __castguard_slow_path_check_os_handled 0000000180027f60 f i MSVCRTD:guard_support.obj
 0002:00017070       _guard_icall_checks_enforced 0000000180028070 f i MSVCRTD:guard_support.obj
 0002:000170c0       _guard_rf_checks_enforced  00000001800280c0 f i MSVCRTD:guard_support.obj
 0002:00017720       ?_RTC_GetSrcLine@@YAHPEAEPEA_WKPEAH1K@Z 0000000180028720 f   MSVCRTD:pdblkup.obj
 0002:00017be0       __isa_available_init       0000000180028be0 f   MSVCRTD:cpu_disp.obj
 0002:00018060       _get_startup_argv_mode     0000000180029060 f   MSVCRTD:argv_mode.obj
 0002:00018070       __scrt_is_ucrt_dll_in_use  0000000180029070 f   MSVCRTD:ucrt_detection.obj
 0002:000180a0       __C_specific_handler       00000001800290a0 f   vcruntimed:VCRUNTIME140D.dll
 0002:000180a6       __C_specific_handler_noexcept 00000001800290a6 f   vcruntimed:VCRUNTIME140D.dll
 0002:000180ac       __std_type_info_destroy_list 00000001800290ac f   vcruntimed:VCRUNTIME140D.dll
 0002:000180b2       __current_exception        00000001800290b2 f   vcruntimed:VCRUNTIME140D.dll
 0002:000180b8       __current_exception_context 00000001800290b8 f   vcruntimed:VCRUNTIME140D.dll
 0002:000180be       __vcrt_GetModuleFileNameW  00000001800290be f   vcruntimed:VCRUNTIME140D.dll
 0002:000180c4       __vcrt_GetModuleHandleW    00000001800290c4 f   vcruntimed:VCRUNTIME140D.dll
 0002:000180ca       __vcrt_LoadLibraryExW      00000001800290ca f   vcruntimed:VCRUNTIME140D.dll
 0002:000180d0       fabs                       00000001800290d0 f   ucrtd:ucrtbased.dll
 0002:000180d6       roundf                     00000001800290d6 f   ucrtd:ucrtbased.dll
 0002:000180dc       ceilf                      00000001800290dc f   ucrtd:ucrtbased.dll
 0002:000180e2       cosf                       00000001800290e2 f   ucrtd:ucrtbased.dll
 0002:000180e8       floorf                     00000001800290e8 f   ucrtd:ucrtbased.dll
 0002:000180ee       sinf                       00000001800290ee f   ucrtd:ucrtbased.dll
 0002:000180f4       sqrtf                      00000001800290f4 f   ucrtd:ucrtbased.dll
 0002:000180fa       _CrtDbgReport              00000001800290fa f   ucrtd:ucrtbased.dll
 0002:00018100       _CrtDbgReportW             0000000180029100 f   ucrtd:ucrtbased.dll
 0002:00018106       _initterm                  0000000180029106 f   ucrtd:ucrtbased.dll
 0002:0001810c       _initterm_e                000000018002910c f   ucrtd:ucrtbased.dll
 0002:00018112       strcpy_s                   0000000180029112 f   ucrtd:ucrtbased.dll
 0002:00018118       strcat_s                   0000000180029118 f   ucrtd:ucrtbased.dll
 0002:0001811e       __stdio_common_vsprintf_s  000000018002911e f   ucrtd:ucrtbased.dll
 0002:00018124       _seh_filter_dll            0000000180029124 f   ucrtd:ucrtbased.dll
 0002:0001812a       _configure_narrow_argv     000000018002912a f   ucrtd:ucrtbased.dll
 0002:00018130       _initialize_narrow_environment 0000000180029130 f   ucrtd:ucrtbased.dll
 0002:00018136       _initialize_onexit_table   0000000180029136 f   ucrtd:ucrtbased.dll
 0002:0001813c       _register_onexit_function  000000018002913c f   ucrtd:ucrtbased.dll
 0002:00018142       _execute_onexit_table      0000000180029142 f   ucrtd:ucrtbased.dll
 0002:00018148       _crt_atexit                0000000180029148 f   ucrtd:ucrtbased.dll
 0002:0001814e       _crt_at_quick_exit         000000018002914e f   ucrtd:ucrtbased.dll
 0002:00018154       _cexit                     0000000180029154 f   ucrtd:ucrtbased.dll
 0002:0001815a       terminate                  000000018002915a f   ucrtd:ucrtbased.dll
 0002:00018160       _wmakepath_s               0000000180029160 f   ucrtd:ucrtbased.dll
 0002:00018166       _wsplitpath_s              0000000180029166 f   ucrtd:ucrtbased.dll
 0002:0001816c       wcscpy_s                   000000018002916c f   ucrtd:ucrtbased.dll
 0002:00018172       GetCurrentThreadId         0000000180029172 f   kernel32:KERNEL32.dll
 0002:00018178       IsDebuggerPresent          0000000180029178 f   kernel32:KERNEL32.dll
 0002:0001817e       RaiseException             000000018002917e f   kernel32:KERNEL32.dll
 0002:00018184       MultiByteToWideChar        0000000180029184 f   kernel32:KERNEL32.dll
 0002:0001818a       WideCharToMultiByte        000000018002918a f   kernel32:KERNEL32.dll
 0002:00018190       RtlCaptureContext          0000000180029190 f   kernel32:KERNEL32.dll
 0002:00018196       RtlLookupFunctionEntry     0000000180029196 f   kernel32:KERNEL32.dll
 0002:0001819c       RtlVirtualUnwind           000000018002919c f   kernel32:KERNEL32.dll
 0002:000181a2       UnhandledExceptionFilter   00000001800291a2 f   kernel32:KERNEL32.dll
 0002:000181a8       SetUnhandledExceptionFilter 00000001800291a8 f   kernel32:KERNEL32.dll
 0002:000181ae       GetCurrentProcess          00000001800291ae f   kernel32:KERNEL32.dll
 0002:000181b4       TerminateProcess           00000001800291b4 f   kernel32:KERNEL32.dll
 0002:000181ba       IsProcessorFeaturePresent  00000001800291ba f   kernel32:KERNEL32.dll
 0002:000181c0       QueryPerformanceCounter    00000001800291c0 f   kernel32:KERNEL32.dll
 0002:000181c6       GetCurrentProcessId        00000001800291c6 f   kernel32:KERNEL32.dll
 0002:000181cc       GetSystemTimeAsFileTime    00000001800291cc f   kernel32:KERNEL32.dll
 0002:000181d2       DisableThreadLibraryCalls  00000001800291d2 f   kernel32:KERNEL32.dll
 0002:000181d8       InitializeSListHead        00000001800291d8 f   kernel32:KERNEL32.dll
 0002:000181de       GetStartupInfoW            00000001800291de f   kernel32:KERNEL32.dll
 0002:000181e4       GetModuleHandleW           00000001800291e4 f   kernel32:KERNEL32.dll
 0002:000181ea       GetLastError               00000001800291ea f   kernel32:KERNEL32.dll
 0002:000181f0       HeapAlloc                  00000001800291f0 f   kernel32:KERNEL32.dll
 0002:000181f6       HeapFree                   00000001800291f6 f   kernel32:KERNEL32.dll
 0002:000181fc       GetProcessHeap             00000001800291fc f   kernel32:KERNEL32.dll
 0002:00018202       VirtualQuery               0000000180029202 f   kernel32:KERNEL32.dll
 0002:00018208       FreeLibrary                0000000180029208 f   kernel32:KERNEL32.dll
 0002:0001820e       GetProcAddress             000000018002920e f   kernel32:KERNEL32.dll
 0002:00018220       __acrt_initialize          0000000180029220 f   MSVCRTD:ucrt_stubs.obj
 0002:00018220       __scrt_stub_for_acrt_initialize 0000000180029220 f   MSVCRTD:ucrt_stubs.obj
 0002:00018220       __vcrt_initialize          0000000180029220 f   MSVCRTD:ucrt_stubs.obj
 0002:00018230       __acrt_thread_attach       0000000180029230 f   MSVCRTD:ucrt_stubs.obj
 0002:00018230       __vcrt_thread_attach       0000000180029230 f   MSVCRTD:ucrt_stubs.obj
 0002:00018230       __scrt_stub_for_acrt_thread_attach 0000000180029230 f   MSVCRTD:ucrt_stubs.obj
 0002:00018240       __vcrt_thread_detach       0000000180029240 f   MSVCRTD:ucrt_stubs.obj
 0002:00018240       __scrt_stub_for_acrt_thread_detach 0000000180029240 f   MSVCRTD:ucrt_stubs.obj
 0002:00018240       __acrt_thread_detach       0000000180029240 f   MSVCRTD:ucrt_stubs.obj
 0002:00018250       __scrt_stub_for_acrt_uninitialize 0000000180029250 f   MSVCRTD:ucrt_stubs.obj
 0002:00018250       __acrt_uninitialize        0000000180029250 f   MSVCRTD:ucrt_stubs.obj
 0002:00018250       __vcrt_uninitialize        0000000180029250 f   MSVCRTD:ucrt_stubs.obj
 0002:00018260       __acrt_uninitialize_critical 0000000180029260 f   MSVCRTD:ucrt_stubs.obj
 0002:00018260       __scrt_stub_for_acrt_uninitialize_critical 0000000180029260 f   MSVCRTD:ucrt_stubs.obj
 0002:00018260       __vcrt_uninitialize_critical 0000000180029260 f   MSVCRTD:ucrt_stubs.obj
 0002:00018270       _is_c_termination_complete 0000000180029270 f   MSVCRTD:ucrt_stubs.obj
 0002:00018270       __scrt_stub_for_is_c_termination_complete 0000000180029270 f   MSVCRTD:ucrt_stubs.obj
 0002:000197e0       _guard_dispatch_icall_nop  000000018002a7e0 f   MSVCRTD:guard_dispatch.obj
 0002:00019800       _guard_xfg_dispatch_icall_nop 000000018002a800 f   MSVCRTD:guard_xfg_dispatch.obj
 0003:00000000       __xc_a                     000000018002d000     MSVCRTD:initializers.obj
 0003:00000110       __xc_z                     000000018002d110     MSVCRTD:initializers.obj
 0003:00000220       __xi_a                     000000018002d220     MSVCRTD:initializers.obj
 0003:00000330       __xi_z                     000000018002d330     MSVCRTD:initializers.obj
 0003:00000440       __xp_a                     000000018002d440     MSVCRTD:initializers.obj
 0003:00000550       __xp_z                     000000018002d550     MSVCRTD:initializers.obj
 0003:00000660       __xt_a                     000000018002d660     MSVCRTD:initializers.obj
 0003:00000770       __xt_z                     000000018002d770     MSVCRTD:initializers.obj
 0003:000008e0       __real@c11ccccd            000000018002d8e0     p5engine.obj
 0003:000049c0       ??_C@_0BA@NMEIMCEK@InvalidCodePath@ 00000001800319c0     p5engine.obj
 0003:000049d8       ??_C@_0BJ@GOOPBPNK@P5Engine?1data?1grass1?4bmp@ 00000001800319d8     p5engine.obj
 0003:000049f8       ??_C@_0BI@GAHHFIBN@P5Engine?1data?1soil1?4bmp@ 00000001800319f8     p5engine.obj
 0003:00004a18       ??_C@_0BI@OGODCKLD@P5Engine?1data?1soil2?4bmp@ 0000000180031a18     p5engine.obj
 0003:00004a38       ??_C@_0BI@CNLPPJBG@P5Engine?1data?1soil3?4bmp@ 0000000180031a38     p5engine.obj
 0003:00004a58       ??_C@_0BI@DGFEELIO@P5Engine?1data?1tuft1?4bmp@ 0000000180031a58     p5engine.obj
 0003:00004a78       ??_C@_0BI@LAMADJCA@P5Engine?1data?1tuft2?4bmp@ 0000000180031a78     p5engine.obj
 0003:00004a98       ??_C@_0BF@HOIOEMCL@P5Engine?1data?1bg?4bmp@ 0000000180031a98     p5engine.obj
 0003:00004ab8       ??_C@_0BJ@EPENJOEL@P5Engine?1data?1shadow?4bmp@ 0000000180031ab8     p5engine.obj
 0003:00004ad8       ??_C@_0BJ@HEECFFOE@P5Engine?1data?1stairs?4bmp@ 0000000180031ad8     p5engine.obj
 0003:00004af8       ??_C@_0BH@DDOBAHNL@P5Engine?1data?1tree?4bmp@ 0000000180031af8     p5engine.obj
 0003:00004b18       ??_C@_0BI@EPGPCLAL@P5Engine?1data?1enemy?4bmp@ 0000000180031b18     p5engine.obj
 0003:00004b38       ??_C@_0BG@IEBKPHGI@P5Engine?1data?1orb?4bmp@ 0000000180031b38     p5engine.obj
 0003:00004b58       ??_C@_0BP@CIDLMIJA@P5Engine?1data?1char?9right?90?4bmp@ 0000000180031b58     p5engine.obj
 0003:00004b80       ??_C@_0BO@PEBAPFLC@P5Engine?1data?1char?9back?90?4bmp@ 0000000180031b80     p5engine.obj
 0003:00004ba8       ??_C@_0BO@EAIBBIAG@P5Engine?1data?1char?9left?90?4bmp@ 0000000180031ba8     p5engine.obj
 0003:00004bd0       ??_C@_0BP@MKDPGEOC@P5Engine?1data?1char?9front?90?4bmp@ 0000000180031bd0     p5engine.obj
 0003:00004bf8       ??_C@_0BO@KNNOBFKI@P5Engine?1data?1sword?9right?4bmp@ 0000000180031bf8     p5engine.obj
 0003:00004c20       ??_C@_0BN@LDDHILOB@P5Engine?1data?1sword?9back?4bmp@ 0000000180031c20     p5engine.obj
 0003:00004c48       ??_C@_0BN@FPAHMBGA@P5Engine?1data?1sword?9left?4bmp@ 0000000180031c48     p5engine.obj
 0003:00004c70       ??_C@_0BO@BNDLMGBJ@P5Engine?1data?1sword?9front?4bmp@ 0000000180031c70     p5engine.obj
 0003:00004c94       __real@00000000            0000000180031c94     p5engine.obj
 0003:00004c98       __real@308992b1            0000000180031c98     p5engine.obj
 0003:00004c9c       __real@3a83126f            0000000180031c9c     p5engine.obj
 0003:00004ca0       __real@3b808081            0000000180031ca0     p5engine.obj
 0003:00004ca4       __real@3c23d70a            0000000180031ca4     p5engine.obj
 0003:00004ca8       __real@3dcccccd            0000000180031ca8     p5engine.obj
 0003:00004cac       __real@3e4ccccd            0000000180031cac     p5engine.obj
 0003:00004cb0       __real@3e800000            0000000180031cb0     p5engine.obj
 0003:00004cb4       __real@3f000000            0000000180031cb4     p5engine.obj
 0003:00004cb8       __real@3f4ccccd            0000000180031cb8     p5engine.obj
 0003:00004cbc       __real@3f666666            0000000180031cbc     p5engine.obj
 0003:00004cc0       __real@3f800000            0000000180031cc0     p5engine.obj
 0003:00004cc4       __real@3f8ccccd            0000000180031cc4     p5engine.obj
 0003:00004cc8       __real@3f99999a            0000000180031cc8     p5engine.obj
 0003:00004ccc       __real@3fb33333            0000000180031ccc     p5engine.obj
 0003:00004cd0       __real@3fc00000            0000000180031cd0     p5engine.obj
 0003:00004cd4       __real@40000000            0000000180031cd4     p5engine.obj
 0003:00004cd8       __real@401921fb60000000    0000000180031cd8     p5engine.obj
 0003:00004ce4       __real@400ccccd            0000000180031ce4     p5engine.obj
 0003:00004ce8       __real@40400000            0000000180031ce8     p5engine.obj
 0003:00004cec       __real@40a00000            0000000180031cec     p5engine.obj
 0003:00004cf0       __real@40c00000            0000000180031cf0     p5engine.obj
 0003:00004cf4       __real@40c90fdb            0000000180031cf4     p5engine.obj
 0003:00004cf8       __real@41200000            0000000180031cf8     p5engine.obj
 0003:00004cfc       __real@41700000            0000000180031cfc     p5engine.obj
 0003:00004d00       __real@41880000            0000000180031d00     p5engine.obj
 0003:00004d04       __real@41a00000            0000000180031d04     p5engine.obj
 0003:00004d08       __real@41c00000            0000000180031d08     p5engine.obj
 0003:00004d0c       __real@41f00000            0000000180031d0c     p5engine.obj
 0003:00004d10       __real@42000000            0000000180031d10     p5engine.obj
 0003:00004d14       __real@42340000            0000000180031d14     p5engine.obj
 0003:00004d18       __real@42400000            0000000180031d18     p5engine.obj
 0003:00004d1c       __real@42600000            0000000180031d1c     p5engine.obj
 0003:00004d20       __real@42800000            0000000180031d20     p5engine.obj
 0003:00004d24       __real@42960000            0000000180031d24     p5engine.obj
 0003:00004d28       __real@42c80000            0000000180031d28     p5engine.obj
 0003:00004d2c       __real@437f0000            0000000180031d2c     p5engine.obj
 0003:00004d30       __real@461c4000            0000000180031d30     p5engine.obj
 0003:00004d34       __real@47c35000            0000000180031d34     p5engine.obj
 0003:00004d38       __real@7f7fffff            0000000180031d38     p5engine.obj
 0003:00004d3c       __real@becccccd            0000000180031d3c     p5engine.obj
 0003:00004d40       __real@bf000000            0000000180031d40     p5engine.obj
 0003:00004d44       __real@bf800000            0000000180031d44     p5engine.obj
 0003:00004d50       __xmm@80000000800000008000000080000000 0000000180031d50     p5engine.obj
 0003:00004d68       _pDefaultRawDllMain        0000000180031d68     MSVCRTD:dll_dllmain.obj
 0003:00004d68       _pRawDllMain               0000000180031d68     MSVCRTD:dll_dllmain.obj
 0003:00004e60       ??_C@_0NN@JMPELKLB@The?5value?5of?5ESP?5was?5not?5proper@ 0000000180031e60     MSVCRTD:error.obj
 0003:00004f70       ??_C@_0BBN@ELNNILBE@A?5cast?5to?5a?5smaller?5data?5type?5h@ 0000000180031f70     MSVCRTD:error.obj
 0003:000050c8       ??_C@_0BN@BPOGFMJL@Stack?5memory?5was?5corrupted?$AN?6@ 00000001800320c8     MSVCRTD:error.obj
 0003:000050f0       ??_C@_0DG@DAJCDLPN@A?5local?5variable?5was?5used?5befor@ 00000001800320f0     MSVCRTD:error.obj
 0003:00005130       ??_C@_0CM@JMIDGKLA@Stack?5memory?5around?5_alloca?5was@ 0000000180032130     MSVCRTD:error.obj
 0003:00005168       ??_C@_0BO@CHIONIOI@Unknown?5Runtime?5Check?5Error?$AN?6@ 0000000180032168     MSVCRTD:error.obj
 0003:00005190       ??_C@_1GM@CNOOJIHC@?$AAR?$AAu?$AAn?$AAt?$AAi?$AAm?$AAe?$AA?5?$AAC?$AAh?$AAe?$AAc?$AAk?$AA?5?$AAE@ 0000000180032190     MSVCRTD:error.obj
 0003:00005220       ??_C@_1EA@NFKNIFJP@?$AAR?$AAu?$AAn?$AA?9?$AAT?$AAi?$AAm?$AAe?$AA?5?$AAC?$AAh?$AAe?$AAc?$AAk?$AA?5@ 0000000180032220     MSVCRTD:error.obj
 0003:00005270       ??_C@_0BB@PFFGGCJP@Unknown?5Filename@ 0000000180032270     MSVCRTD:error.obj
 0003:00005288       ??_C@_0BE@GNBOBNCK@Unknown?5Module?5Name@ 0000000180032288     MSVCRTD:error.obj
 0003:000052a0       ??_C@_0CA@IODNCDPG@Run?9Time?5Check?5Failure?5?$CD?$CFd?5?9?5?$CFs@ 00000001800322a0     MSVCRTD:error.obj
 0003:000052c8       ??_C@_0CG@IAFNJNEE@Stack?5corrupted?5near?5unknown?5va@ 00000001800322c8     MSVCRTD:error.obj
 0003:000052f8       ??_C@_05MKKEDADM@?$CF?42X?5@ 00000001800322f8     MSVCRTD:error.obj
 0003:00005300       ??_C@_0EJ@LJKNEOLN@Stack?5area?5around?5_alloca?5memor@ 0000000180032300     MSVCRTD:error.obj
 0003:00005358       ??_C@_01EEMJAFIK@?6@       0000000180032358     MSVCRTD:error.obj
 0003:0000535c       ??_C@_02LLMPMKNF@?$DO?5@   000000018003235c     MSVCRTD:error.obj
 0003:00005360       ??_C@_08OMAHNMHJ@?6Data?3?5?$DM@ 0000000180032360     MSVCRTD:error.obj
 0003:00005370       ??_C@_0CK@DKGBICFE@?6Allocation?5number?5within?5this?5@ 0000000180032370     MSVCRTD:error.obj
 0003:000053a8       ??_C@_07DFDJCKFN@?6Size?3?5@ 00000001800323a8     MSVCRTD:error.obj
 0003:000053b8       ??_C@_0N@MHFFIMFG@?6Address?3?50x@ 00000001800323b8     MSVCRTD:error.obj
 0003:000053d0       ??_C@_0EI@CLEPFNGI@Stack?5area?5around?5_alloca?5memor@ 00000001800323d0     MSVCRTD:error.obj
 0003:00005428       ??_C@_0BK@ODNDAGKB@?$CFs?$CFs?$CFp?$CFs?$CFzd?$CFs?$CFd?$CFs?$CFs?$CFs?$CFs?$CFs@ 0000000180032428     MSVCRTD:error.obj
 0003:00005448       ??_C@_0DE@OHJBPMBP@A?5variable?5is?5being?5used?5withou@ 0000000180032448     MSVCRTD:error.obj
 0003:000054b8       ??_C@_0BJ@HEGAHDFO@Stack?5pointer?5corruption@ 00000001800324b8     MSVCRTD:userapi.obj
 0003:000054d8       ??_C@_0CK@FEGOIOPB@Cast?5to?5smaller?5type?5causing?5lo@ 00000001800324d8     MSVCRTD:userapi.obj
 0003:00005510       ??_C@_0BI@CIGMDCBH@Stack?5memory?5corruption@ 0000000180032510     MSVCRTD:userapi.obj
 0003:00005530       ??_C@_0CK@CNLNOEPB@Local?5variable?5used?5before?5init@ 0000000180032530     MSVCRTD:userapi.obj
 0003:00005568       ??_C@_0BP@OGBCLIBO@Stack?5around?5_alloca?5corrupted@ 0000000180032568     MSVCRTD:userapi.obj
 0003:00005610       ??_C@_1EI@MLPKHBGE@?$AAa?$AAp?$AAi?$AA?9?$AAm?$AAs?$AA?9?$AAw?$AAi?$AAn?$AA?9?$AAc?$AAo?$AAr?$AAe@ 0000000180032610     MSVCRTD:pdblkup.obj
 0003:00005668       ??_C@_1BK@JHLNAEJL@?$AAa?$AAd?$AAv?$AAa?$AAp?$AAi?$AA3?$AA2?$AA?4?$AAd?$AAl?$AAl@ 0000000180032668     MSVCRTD:pdblkup.obj
 0003:00005688       ??_C@_0O@COHOBMLB@RegOpenKeyExW@ 0000000180032688     MSVCRTD:pdblkup.obj
 0003:00005698       ??_C@_0BB@GLNAEDBD@RegQueryValueExW@ 0000000180032698     MSVCRTD:pdblkup.obj
 0003:000056b0       ??_C@_0M@HLOHPNFA@RegCloseKey@ 00000001800326b0     MSVCRTD:pdblkup.obj
 0003:000056c0       ??_C@_1HE@EBEAGLFB@?$AAS?$AAO?$AAF?$AAT?$AAW?$AAA?$AAR?$AAE?$AA?2?$AAW?$AAo?$AAw?$AA6?$AA4?$AA3@ 00000001800326c0     MSVCRTD:pdblkup.obj
 0003:00005750       ??_C@_1BG@EABPBLLF@?$AAP?$AAr?$AAo?$AAd?$AAu?$AAc?$AAt?$AAD?$AAi?$AAr@ 0000000180032750     MSVCRTD:pdblkup.obj
 0003:00005798       ??_C@_1BC@JINFINNJ@?$AAM?$AAS?$AAP?$AAD?$AAB?$AA1?$AA4?$AA0@ 0000000180032798     MSVCRTD:pdblkup.obj
 0003:000057b0       ??_C@_0BB@KCIACLNC@PDBOpenValidate5@ 00000001800327b0     MSVCRTD:pdblkup.obj
 0003:000057c4       ??_C@_01KDCPPGHE@r@        00000001800327c4     MSVCRTD:pdblkup.obj
 0003:00005800       _load_config_used          0000000180032800     MSVCRTD:loadcfg.obj
 0003:00005c00       __CastGuardVftablesStart   0000000180032c00     MSVCRTD:guard_support.obj
 0003:00005d10       __CastGuardVftablesEnd     0000000180032d10     MSVCRTD:guard_support.obj
 0003:00005f98       __rtc_iaa                  0000000180032f98     MSVCRTD:initsect.obj
 0003:000061b8       __rtc_izz                  00000001800331b8     MSVCRTD:initsect.obj
 0003:000062c8       __rtc_taa                  00000001800332c8     MSVCRTD:initsect.obj
 0003:000064e8       __rtc_tzz                  00000001800334e8     MSVCRTD:initsect.obj
 0004:00004cd0       __security_cookie_complement 0000000180039cd0     MSVCRTD:gs_cookie.obj
 0004:00004cd8       __security_cookie          0000000180039cd8     MSVCRTD:gs_cookie.obj
 0004:00004ce4       _fltused                   0000000180039ce4     MSVCRTD:fltused.obj
 0004:00004ce8       ?_RTC_ErrorLevels@@3PAHA   0000000180039ce8     MSVCRTD:error.obj
 0004:00004d00       __scrt_native_dllmain_reason 0000000180039d00     MSVCRTD:utility.obj
 0004:00004d08       __isa_available            0000000180039d08     MSVCRTD:cpu_disp.obj
 0004:00004d0c       __isa_enabled              0000000180039d0c     MSVCRTD:cpu_disp.obj
 0004:00004d10       __memcpy_nt_iters          0000000180039d10     MSVCRTD:cpu_disp.obj
 0004:00004d18       __memset_nt_iters          0000000180039d18     MSVCRTD:cpu_disp.obj
 0004:00004d30       __scrt_ucrt_dll_is_in_use  0000000180039d30     MSVCRTD:ucrt_stubs.obj
 0004:00004e48       ?_OptionsStorage@?1??__local_stdio_printf_options@@9@4_KA 0000000180039e48     MSVCRTD:error.obj
 0004:00005500       ?__type_info_root_node@@3U__type_info_node@@A 000000018003a500     MSVCRTD:tncleanup.obj
 0004:00005518       ?_OptionsStorage@?1??__local_stdio_scanf_options@@9@4_KA 000000018003a518     MSVCRTD:default_local_stdio_options.obj
 0004:00005528       __scrt_current_native_startup_state 000000018003a528     MSVCRTD:utility.obj
 0004:00005530       __scrt_native_startup_lock 000000018003a530     MSVCRTD:utility.obj
 0004:00005580       __scrt_debugger_hook_flag  000000018003a580     MSVCRTD:utility_desktop.obj
 0004:00005588       __castguard_check_failure_os_handled_fptr 000000018003a588     MSVCRTD:guard_support.obj
 0004:000055a4       __favor                    000000018003a5a4     MSVCRTD:cpu_disp.obj
 0004:000055a8       __dyn_tls_init_callback    000000018003a5a8     <common>
 0004:000055bc       __DebuggerCurrentSteppingThreadId 000000018003a5bc     <common>
 0006:00000000       __imp_DisableThreadLibraryCalls 000000018003e000     kernel32:KERNEL32.dll
 0006:00000008       __imp_IsDebuggerPresent    000000018003e008     kernel32:KERNEL32.dll
 0006:00000010       __imp_RaiseException       000000018003e010     kernel32:KERNEL32.dll
 0006:00000018       __imp_MultiByteToWideChar  000000018003e018     kernel32:KERNEL32.dll
 0006:00000020       __imp_WideCharToMultiByte  000000018003e020     kernel32:KERNEL32.dll
 0006:00000028       __imp_RtlCaptureContext    000000018003e028     kernel32:KERNEL32.dll
 0006:00000030       __imp_RtlLookupFunctionEntry 000000018003e030     kernel32:KERNEL32.dll
 0006:00000038       __imp_RtlVirtualUnwind     000000018003e038     kernel32:KERNEL32.dll
 0006:00000040       __imp_GetProcAddress       000000018003e040     kernel32:KERNEL32.dll
 0006:00000048       __imp_FreeLibrary          000000018003e048     kernel32:KERNEL32.dll
 0006:00000050       __imp_VirtualQuery         000000018003e050     kernel32:KERNEL32.dll
 0006:00000058       __imp_GetProcessHeap       000000018003e058     kernel32:KERNEL32.dll
 0006:00000060       __imp_HeapFree             000000018003e060     kernel32:KERNEL32.dll
 0006:00000068       __imp_HeapAlloc            000000018003e068     kernel32:KERNEL32.dll
 0006:00000070       __imp_GetLastError         000000018003e070     kernel32:KERNEL32.dll
 0006:00000078       __imp_GetModuleHandleW     000000018003e078     kernel32:KERNEL32.dll
 0006:00000080       __imp_GetStartupInfoW      000000018003e080     kernel32:KERNEL32.dll
 0006:00000088       __imp_InitializeSListHead  000000018003e088     kernel32:KERNEL32.dll
 0006:00000090       __imp_GetCurrentThreadId   000000018003e090     kernel32:KERNEL32.dll
 0006:00000098       __imp_GetSystemTimeAsFileTime 000000018003e098     kernel32:KERNEL32.dll
 0006:000000a0       __imp_GetCurrentProcessId  000000018003e0a0     kernel32:KERNEL32.dll
 0006:000000a8       __imp_QueryPerformanceCounter 000000018003e0a8     kernel32:KERNEL32.dll
 0006:000000b0       __imp_IsProcessorFeaturePresent 000000018003e0b0     kernel32:KERNEL32.dll
 0006:000000b8       __imp_TerminateProcess     000000018003e0b8     kernel32:KERNEL32.dll
 0006:000000c0       __imp_GetCurrentProcess    000000018003e0c0     kernel32:KERNEL32.dll
 0006:000000c8       __imp_SetUnhandledExceptionFilter 000000018003e0c8     kernel32:KERNEL32.dll
 0006:000000d0       __imp_UnhandledExceptionFilter 000000018003e0d0     kernel32:KERNEL32.dll
 0006:000000d8       \177KERNEL32_NULL_THUNK_DATA 000000018003e0d8     kernel32:KERNEL32.dll
 0006:00000158       __imp___vcrt_GetModuleHandleW 000000018003e158     vcruntimed:VCRUNTIME140D.dll
 0006:00000160       __imp___vcrt_GetModuleFileNameW 000000018003e160     vcruntimed:VCRUNTIME140D.dll
 0006:00000168       __imp___current_exception_context 000000018003e168     vcruntimed:VCRUNTIME140D.dll
 0006:00000170       __imp___current_exception  000000018003e170     vcruntimed:VCRUNTIME140D.dll
 0006:00000178       __imp___C_specific_handler 000000018003e178     vcruntimed:VCRUNTIME140D.dll
 0006:00000180       __imp___std_type_info_destroy_list 000000018003e180     vcruntimed:VCRUNTIME140D.dll
 0006:00000188       __imp___C_specific_handler_noexcept 000000018003e188     vcruntimed:VCRUNTIME140D.dll
 0006:00000190       __imp___vcrt_LoadLibraryExW 000000018003e190     vcruntimed:VCRUNTIME140D.dll
 0006:00000198       \177VCRUNTIME140D_NULL_THUNK_DATA 000000018003e198     vcruntimed:VCRUNTIME140D.dll
 0006:000001f8       __imp_wcscpy_s             000000018003e1f8     ucrtd:ucrtbased.dll
 0006:00000200       __imp__wsplitpath_s        000000018003e200     ucrtd:ucrtbased.dll
 0006:00000208       __imp__wmakepath_s         000000018003e208     ucrtd:ucrtbased.dll
 0006:00000210       __imp__cexit               000000018003e210     ucrtd:ucrtbased.dll
 0006:00000218       __imp__crt_at_quick_exit   000000018003e218     ucrtd:ucrtbased.dll
 0006:00000220       __imp__crt_atexit          000000018003e220     ucrtd:ucrtbased.dll
 0006:00000228       __imp__execute_onexit_table 000000018003e228     ucrtd:ucrtbased.dll
 0006:00000230       __imp__register_onexit_function 000000018003e230     ucrtd:ucrtbased.dll
 0006:00000238       __imp__initialize_onexit_table 000000018003e238     ucrtd:ucrtbased.dll
 0006:00000240       __imp__initialize_narrow_environment 000000018003e240     ucrtd:ucrtbased.dll
 0006:00000248       __imp__configure_narrow_argv 000000018003e248     ucrtd:ucrtbased.dll
 0006:00000250       __imp__seh_filter_dll      000000018003e250     ucrtd:ucrtbased.dll
 0006:00000258       __imp___stdio_common_vsprintf_s 000000018003e258     ucrtd:ucrtbased.dll
 0006:00000260       __imp_terminate            000000018003e260     ucrtd:ucrtbased.dll
 0006:00000268       __imp_strcpy_s             000000018003e268     ucrtd:ucrtbased.dll
 0006:00000270       __imp__initterm_e          000000018003e270     ucrtd:ucrtbased.dll
 0006:00000278       __imp__initterm            000000018003e278     ucrtd:ucrtbased.dll
 0006:00000280       __imp__CrtDbgReportW       000000018003e280     ucrtd:ucrtbased.dll
 0006:00000288       __imp__CrtDbgReport        000000018003e288     ucrtd:ucrtbased.dll
 0006:00000290       __imp_sqrtf                000000018003e290     ucrtd:ucrtbased.dll
 0006:00000298       __imp_sinf                 000000018003e298     ucrtd:ucrtbased.dll
 0006:000002a0       __imp_floorf               000000018003e2a0     ucrtd:ucrtbased.dll
 0006:000002a8       __imp_cosf                 000000018003e2a8     ucrtd:ucrtbased.dll
 0006:000002b0       __imp_ceilf                000000018003e2b0     ucrtd:ucrtbased.dll
 0006:000002b8       __imp_roundf               000000018003e2b8     ucrtd:ucrtbased.dll
 0006:000002c0       __imp_fabs                 000000018003e2c0     ucrtd:ucrtbased.dll
 0006:000002c8       __imp_strcat_s             000000018003e2c8     ucrtd:ucrtbased.dll
 0006:000002d0       \177ucrtbased_NULL_THUNK_DATA 000000018003e2d0     ucrtd:ucrtbased.dll
 0006:00000350       __IMPORT_DESCRIPTOR_VCRUNTIME140D 000000018003e350     vcruntimed:VCRUNTIME140D.dll
 0006:00000364       __IMPORT_DESCRIPTOR_ucrtbased 000000018003e364     ucrtd:ucrtbased.dll
 0006:00000378       __IMPORT_DESCRIPTOR_KERNEL32 000000018003e378     kernel32:KERNEL32.dll
 0006:0000038c       __NULL_IMPORT_DESCRIPTOR   000000018003e38c     vcruntimed:VCRUNTIME140D.dll
 0008:00000000       __guard_check_icall_fptr   0000000180040000     MSVCRTD:guard_support.obj
 0008:00000010       __guard_xfg_check_icall_fptr 0000000180040010     MSVCRTD:guard_support.obj
 0008:00000020       __guard_dispatch_icall_fptr 0000000180040020     MSVCRTD:guard_support.obj
 0008:00000030       __guard_xfg_dispatch_icall_fptr 0000000180040030     MSVCRTD:guard_support.obj
 0008:00000040       __guard_xfg_table_dispatch_icall_fptr 0000000180040040     MSVCRTD:guard_support.obj

 entry point at        0002:0000000f

 Static symbols

 0000:fffbd000       .debug$S                   0000000180000000     P5Engine.exp
 0000:fffc0000       _volmd                     0000000180000000     p5engine.obj
 0000:fffc0000       _volmd                     0000000180000000     p5engine.obj
 0000:fffc0000       _volmd                     0000000180000000     p5engine.obj
 0000:fffc0000       _volmd                     0000000180000000     p5engine.obj
 0000:fffc0000       _volmd                     0000000180000000     p5engine.obj
 0000:fffc0000       _volmd                     0000000180000000     p5engine.obj
 0000:fffc0000       _volmd                     0000000180000000     p5engine.obj
 0000:fffc0000       _volmd                     0000000180000000     p5engine.obj
 0000:fffc0000       _volmd                     0000000180000000     p5engine.obj
 0000:fffc0000       _volmd                     0000000180000000     p5engine.obj
 0000:fffc0000       _volmd                     0000000180000000     p5engine.obj
 0000:fffc0000       _volmd                     0000000180000000     p5engine.obj
 0000:fffc0000       _volmd                     0000000180000000     p5engine.obj
 0000:fffc0000       _volmd                     0000000180000000     p5engine.obj
 0000:fffc0000       _volmd                     0000000180000000     p5engine.obj
 0000:fffc0000       _volmd                     0000000180000000     p5engine.obj
 0000:fffc0000       _volmd                     0000000180000000     p5engine.obj
 0000:fffc0000       _volmd                     0000000180000000     p5engine.obj
 0000:fffc0000       _volmd                     0000000180000000     p5engine.obj
 0000:fffc0000       _volmd                     0000000180000000     p5engine.obj
 0000:fffc0000       _volmd                     0000000180000000     p5engine.obj
 0000:fffc0000       _volmd                     0000000180000000     p5engine.obj
 0000:fffc0000       _volmd                     0000000180000000     p5engine.obj
 0000:fffc0000       _volmd                     0000000180000000     p5engine.obj
 0000:fffc0000       _volmd                     0000000180000000     p5engine.obj
 0000:fffc0000       _volmd                     0000000180000000     p5engine.obj
 0000:fffc0000       _volmd                     0000000180000000     p5engine.obj
 0000:fffc0000       _volmd                     0000000180000000     p5engine.obj
 0000:fffc0000       _volmd                     0000000180000000     p5engine.obj
 0000:fffc0000       _volmd                     0000000180000000     p5engine.obj
 0000:fffc0000       _volmd                     0000000180000000     p5engine.obj
 0000:fffc0000       _volmd                     0000000180000000     p5engine.obj
 0000:fffc0000       _volmd                     0000000180000000     p5engine.obj
 0000:fffc0000       _volmd                     0000000180000000     p5engine.obj
 0000:fffc0000       _volmd                     0000000180000000     p5engine.obj
 0000:fffc0000       _volmd                     0000000180000000     p5engine.obj
 0000:fffc0000       _volmd                     0000000180000000     p5engine.obj
 0000:fffc0000       _volmd                     0000000180000000     p5engine.obj
 0000:fffc0000       _volmd                     0000000180000000     MSVCRTD:cpu_disp.obj
 0000:fffc1000       __guard_ehcont_?dllmain_dispatch@@YAHQEAUHINSTANCE__@@KQEAX@Z 0000000180000000     MSVCRTD:dll_dllmain.obj
 0000:fffc1000       __guard_fids_?dllmain_dispatch@@YAHQEAUHINSTANCE__@@KQEAX@Z 0000000180000000     MSVCRTD:dll_dllmain.obj
 0000:fffc1000       __guard_ehcont_?notify_debugger@@YAXAEBUtagEXCEPTION_VISUALCPP_DEBUG_INFO@@@Z 0000000180000000     MSVCRTD:error.obj
 0000:fffc0000       _volmd                     0000000180000000     MSVCRTD:gs_report.obj
 0000:fffc0000       _volmd                     0000000180000000     MSVCRTD:gs_report.obj
 0000:fffc0000       _volmd                     0000000180000000     MSVCRTD:gs_report.obj
 0000:fffc1000       __guard_fids__             0000000180000000     MSVCRTD:guard_support.obj
 0000:fffc1000       __guard_fids__             0000000180000000     MSVCRTD:guard_support.obj
 0000:fffc1000       __guard_fids__guard_icall_checks_enforced 0000000180000000     MSVCRTD:guard_support.obj
 0000:fffc0000       _volmd                     0000000180000000     MSVCRTD:guard_support.obj
 0000:fffc0000       _volmd                     0000000180000000     MSVCRTD:guard_support.obj
 0000:fffc0000       _volmd                     0000000180000000     MSVCRTD:guard_support.obj
 0000:fffc1000       __guard_fids__CRT_RTC_INIT 0000000180000000     MSVCRTD:init.obj
 0000:fffc1000       __guard_fids__CRT_RTC_INITW 0000000180000000     MSVCRTD:init.obj
 0000:fffc1000       __guard_ehcont___scrt_is_nonwritable_in_current_image 0000000180000000     MSVCRTD:utility.obj
 0000:fffc0000       _volmd                     0000000180000000     MSVCRTD:utility.obj
 0000:fffc0000       _volmd                     0000000180000000     MSVCRTD:utility.obj
 0000:fffc0000       _volmd                     0000000180000000     MSVCRTD:utility.obj
 0000:fffc1000       __guard_fids___scrt_set_unhandled_exception_filter 0000000180000000     MSVCRTD:utility_desktop.obj
 0000:fffc0000       _volmd                     0000000180000000     MSVCRTD:utility_desktop.obj
 0000:fffbd000       .debug$S                   0000000180000000     vcruntimed:VCRUNTIME140D.dll
 0000:fffbd000       .debug$S                   0000000180000000     vcruntimed:VCRUNTIME140D.dll
 0000:fffbd000       .debug$S                   0000000180000000     vcruntimed:VCRUNTIME140D.dll
 0000:fffbd000       .debug$S                   0000000180000000     vcruntimed:VCRUNTIME140D.dll
 0000:fffbd000       .debug$S                   0000000180000000     vcruntimed:VCRUNTIME140D.dll
 0000:fffbd000       .debug$S                   0000000180000000     vcruntimed:VCRUNTIME140D.dll
 0000:fffbd000       .debug$S                   0000000180000000     vcruntimed:VCRUNTIME140D.dll
 0000:fffbd000       .debug$S                   0000000180000000     vcruntimed:VCRUNTIME140D.dll
 0000:fffbd000       .debug$S                   0000000180000000     ucrtd:ucrtbased.dll
 0000:fffbd000       .debug$S                   0000000180000000     ucrtd:ucrtbased.dll
 0000:fffbd000       .debug$S                   0000000180000000     ucrtd:ucrtbased.dll
 0000:fffbd000       .debug$S                   0000000180000000     ucrtd:ucrtbased.dll
 0000:fffbd000       .debug$S                   0000000180000000     ucrtd:ucrtbased.dll
 0000:fffbd000       .debug$S                   0000000180000000     ucrtd:ucrtbased.dll
 0000:fffbd000       .debug$S                   0000000180000000     ucrtd:ucrtbased.dll
 0000:fffbd000       .debug$S                   0000000180000000     ucrtd:ucrtbased.dll
 0000:fffbd000       .debug$S                   0000000180000000     ucrtd:ucrtbased.dll
 0000:fffbd000       .debug$S                   0000000180000000     ucrtd:ucrtbased.dll
 0000:fffbd000       .debug$S                   0000000180000000     ucrtd:ucrtbased.dll
 0000:fffbd000       .debug$S                   0000000180000000     ucrtd:ucrtbased.dll
 0000:fffbd000       .debug$S                   0000000180000000     ucrtd:ucrtbased.dll
 0000:fffbd000       .debug$S                   0000000180000000     ucrtd:ucrtbased.dll
 0000:fffbd000       .debug$S                   0000000180000000     ucrtd:ucrtbased.dll
 0000:fffbd000       .debug$S                   0000000180000000     ucrtd:ucrtbased.dll
 0000:fffbd000       .debug$S                   0000000180000000     ucrtd:ucrtbased.dll
 0000:fffbd000       .debug$S                   0000000180000000     ucrtd:ucrtbased.dll
 0000:fffbd000       .debug$S                   0000000180000000     ucrtd:ucrtbased.dll
 0000:fffbd000       .debug$S                   0000000180000000     ucrtd:ucrtbased.dll
 0000:fffbd000       .debug$S                   0000000180000000     ucrtd:ucrtbased.dll
 0000:fffbd000       .debug$S                   0000000180000000     ucrtd:ucrtbased.dll
 0000:fffbd000       .debug$S                   0000000180000000     ucrtd:ucrtbased.dll
 0000:fffbd000       .debug$S                   0000000180000000     ucrtd:ucrtbased.dll
 0000:fffbd000       .debug$S                   0000000180000000     ucrtd:ucrtbased.dll
 0000:fffbd000       .debug$S                   0000000180000000     ucrtd:ucrtbased.dll
 0000:fffbd000       .debug$S                   0000000180000000     ucrtd:ucrtbased.dll
 0000:fffbd000       .debug$S                   0000000180000000     kernel32:KERNEL32.dll
 0000:fffbd000       .debug$S                   0000000180000000     kernel32:KERNEL32.dll
 0000:fffbd000       .debug$S                   0000000180000000     kernel32:KERNEL32.dll
 0000:fffbd000       .debug$S                   0000000180000000     kernel32:KERNEL32.dll
 0000:fffbd000       .debug$S                   0000000180000000     kernel32:KERNEL32.dll
 0000:fffbd000       .debug$S                   0000000180000000     kernel32:KERNEL32.dll
 0000:fffbd000       .debug$S                   0000000180000000     kernel32:KERNEL32.dll
 0000:fffbd000       .debug$S                   0000000180000000     kernel32:KERNEL32.dll
 0000:fffbd000       .debug$S                   0000000180000000     kernel32:KERNEL32.dll
 0000:fffbd000       .debug$S                   0000000180000000     kernel32:KERNEL32.dll
 0000:fffbd000       .debug$S                   0000000180000000     kernel32:KERNEL32.dll
 0000:fffbd000       .debug$S                   0000000180000000     kernel32:KERNEL32.dll
 0000:fffbd000       .debug$S                   0000000180000000     kernel32:KERNEL32.dll
 0000:fffbd000       .debug$S                   0000000180000000     kernel32:KERNEL32.dll
 0000:fffbd000       .debug$S                   0000000180000000     kernel32:KERNEL32.dll
 0000:fffbd000       .debug$S                   0000000180000000     kernel32:KERNEL32.dll
 0000:fffbd000       .debug$S                   0000000180000000     kernel32:KERNEL32.dll
 0000:fffbd000       .debug$S                   0000000180000000     kernel32:KERNEL32.dll
 0000:fffbd000       .debug$S                   0000000180000000     kernel32:KERNEL32.dll
 0000:fffbd000       .debug$S                   0000000180000000     kernel32:KERNEL32.dll
 0000:fffbd000       .debug$S                   0000000180000000     kernel32:KERNEL32.dll
 0000:fffbd000       .debug$S                   0000000180000000     kernel32:KERNEL32.dll
 0000:fffbd000       .debug$S                   0000000180000000     kernel32:KERNEL32.dll
 0000:fffbd000       .debug$S                   0000000180000000     kernel32:KERNEL32.dll
 0000:fffbd000       .debug$S                   0000000180000000     kernel32:KERNEL32.dll
 0000:fffbd000       .debug$S                   0000000180000000     kernel32:KERNEL32.dll
 0000:fffbd000       .debug$S                   0000000180000000     kernel32:KERNEL32.dll
 0002:00001950       ?AddCollisionRule@@YAXPEAUgame_state@@IIH@Z 0000000180012950 f   p5engine.obj
 0002:00001b50       ?AddEntity@@YAPEAUsim_entity@@PEAUgame_state@@PEAUsim_region@@IPEAUlow_entity@@PEATv3@@@Z 0000000180012b50 f   p5engine.obj
 0002:00001cf0       ?AddEntityRaw@@YAPEAUsim_entity@@PEAUgame_state@@PEAUsim_region@@IPEAUlow_entity@@@Z 0000000180012cf0 f   p5engine.obj
 0002:00001f00       ?AddFamiliar@@YA?AUadd_low_entity_result@@PEAUgame_state@@III@Z 0000000180012f00 f   p5engine.obj
 0002:00002150       ?AddGroundedEntity@@YA?AUadd_low_entity_result@@PEAUgame_state@@W4entity_type@@Uworld_position@@PEAUsim_entity_collision_volume_group@@@Z 0000000180013150 f   p5engine.obj
 0002:00002270       ?AddLowEntity@@YA?AUadd_low_entity_result@@PEAUgame_state@@W4entity_type@@Uworld_position@@@Z 0000000180013270 f   p5engine.obj
 0002:000024f0       ?AddMonstar@@YA?AUadd_low_entity_result@@PEAUgame_state@@III@Z 00000001800134f0 f   p5engine.obj
 0002:000026f0       ?AddPlayer@@YA?AUadd_low_entity_result@@PEAUgame_state@@@Z 00000001800136f0 f   p5engine.obj
 0002:00002ac0       ?AddStairs@@YA?AUadd_low_entity_result@@PEAUgame_state@@III@Z 0000000180013ac0 f   p5engine.obj
 0002:00002cf0       ?AddStandardRoom@@YA?AUadd_low_entity_result@@PEAUgame_state@@III@Z 0000000180013cf0 f   p5engine.obj
 0002:00002ee0       ?AddSword@@YA?AUadd_low_entity_result@@PEAUgame_state@@@Z 0000000180013ee0 f   p5engine.obj
 0002:00003040       ?AddWall@@YA?AUadd_low_entity_result@@PEAUgame_state@@III@Z 0000000180014040 f   p5engine.obj
 0002:00003230       ?AllocateRenderGroup@@YAPEAUrender_group@@PEAUmemory_arena@@IM@Z 0000000180014230 f   p5engine.obj
 0002:000034c0       ?BeginSim@@YAPEAUsim_region@@PEAUmemory_arena@@PEAUgame_state@@PEAUworld@@Uworld_position@@Urectangle3@@M@Z 00000001800144c0 f   p5engine.obj
 0002:00003df0       ?CanCollide@@YAHPEAUgame_state@@PEAUsim_entity@@1@Z 0000000180014df0 f   p5engine.obj
 0002:00003fe0       ?CanOverlap@@YAHPEAUgame_state@@PEAUsim_entity@@1@Z 0000000180014fe0 f   p5engine.obj
 0002:000041d0       ?ChangeEntityLocation@@YAXPEAUmemory_arena@@PEAUworld@@IPEAUlow_entity@@Uworld_position@@@Z 00000001800151d0 f   p5engine.obj
 0002:00004ee0       ?ClearBitmap@@YAXPEAUloaded_bitmap@@@Z 0000000180015ee0 f   p5engine.obj
 0002:00004f70       ?ClearCollisionRulesFor@@YAXPEAUgame_state@@I@Z 0000000180015f70 f   p5engine.obj
 0002:00005240       ?DEBUGLoadBMP@@YA?AUloaded_bitmap@@PEAUthread_context@@P6A?AUdebug_read_file_result@@0PEAD@Z1@Z 0000000180016240 f   p5engine.obj
 0002:000058f0       ?DrawBitmap@@YAXPEAUloaded_bitmap@@0MMM@Z 00000001800168f0 f   p5engine.obj
 0002:00005ef0       ?DrawHitpoints@@YAXPEAUsim_entity@@PEAUrender_group@@@Z 0000000180016ef0 f   p5engine.obj
 0002:000061f0       ?DrawRectangle@@YAXPEAUloaded_bitmap@@Tv2@@1MMMM@Z 00000001800171f0 f   p5engine.obj
 0002:000064b0       ?DrawRectangleSlowly@@YAXPEAUloaded_bitmap@@Tv2@@11Tv4@@0@Z 00000001800174b0 f   p5engine.obj
 0002:00007840       ?EndSim@@YAXPEAUsim_region@@PEAUgame_state@@@Z 0000000180018840 f   p5engine.obj
 0002:00007cd0       ?EntitiesOverlap@@YAHPEAUsim_entity@@0Tv3@@@Z 0000000180018cd0 f   p5engine.obj
 0002:00008320       ?FillGroundChunk@@YAXPEAUtransient_state@@PEAUgame_state@@PEAUground_buffer@@PEAUworld_position@@@Z 0000000180019320 f   p5engine.obj
 0002:00008d10       ?GameOutputSound@@YAXPEAUgame_state@@PEAUgame_sound_output_buffer@@H@Z 0000000180019d10 f   p5engine.obj
 0002:00009100       ?GetHashFromStorageIndex@@YAPEAUsim_entity_hash@@PEAUsim_region@@I@Z 000000018001a100 f   p5engine.obj
 0002:00009cd0       ?HandleCollision@@YAHPEAUgame_state@@PEAUsim_entity@@1@Z 000000018001acd0 f   p5engine.obj
 0002:00009e00       ?HandleOverlap@@YAXPEAUgame_state@@PEAUsim_entity@@1MPEAM@Z 000000018001ae00 f   p5engine.obj
 0002:00009f40       ?InitHitPoints@@YAXPEAUlow_entity@@I@Z 000000018001af40 f   p5engine.obj
 0002:0000a090       ?InitializeWorld@@YAXPEAUworld@@Tv3@@@Z 000000018001b090 f   p5engine.obj
 0002:0000ac40       ?MakeEmptyBitmap@@YA?AUloaded_bitmap@@PEAUmemory_arena@@HHH@Z 000000018001bc40 f   p5engine.obj
 0002:0000aef0       ?MakeNullCollision@@YAPEAUsim_entity_collision_volume_group@@PEAUgame_state@@@Z 000000018001bef0 f   p5engine.obj
 0002:0000b010       ?MakeSimpleGroundedCollision@@YAPEAUsim_entity_collision_volume_group@@PEAUgame_state@@MMM@Z 000000018001c010 f   p5engine.obj
 0002:0000b330       ?MoveEntity@@YAXPEAUgame_state@@PEAUsim_region@@PEAUsim_entity@@MPEAUmove_spec@@Tv3@@@Z 000000018001c330 f   p5engine.obj
 0002:0000e9e0       ?RenderGroupToOutput@@YAXPEAUrender_group@@PEAUloaded_bitmap@@@Z 000000018001f9e0 f   p5engine.obj
 0002:0000f3d0       ?SpeculativeCollide@@YAHPEAUsim_entity@@0Tv3@@@Z 00000001800203d0 f   p5engine.obj
 0002:0000f670       ?Subtract@@YA?ATv3@@PEAUworld@@PEAUworld_position@@1@Z 0000000180020670 f   p5engine.obj
 0002:0001337c       $LN139                     000000018002437c     p5engine.obj
 0002:00014660       $$000000                   0000000180025660     MSVCRTD:chkstk.obj
 0002:000146e0       $$000000                   00000001800256e0     MSVCRTD:amdsecgs.obj
 0002:00014720       ?dllmain_crt_dispatch@@YAHQEAUHINSTANCE__@@KQEAX@Z 0000000180025720 f   MSVCRTD:dll_dllmain.obj
 0002:000147d0       ?dllmain_crt_process_attach@@YAHQEAUHINSTANCE__@@QEAX@Z 00000001800257d0 f   MSVCRTD:dll_dllmain.obj
 0002:00014960       ?dllmain_crt_process_detach@@YAH_N@Z 0000000180025960 f   MSVCRTD:dll_dllmain.obj
 0002:00014a20       ?dllmain_dispatch@@YAHQEAUHINSTANCE__@@KQEAX@Z 0000000180025a20 f   MSVCRTD:dll_dllmain.obj
 0002:00014bb0       ?dllmain_raw@@YAHQEAUHINSTANCE__@@KQEAX@Z 0000000180025bb0 f   MSVCRTD:dll_dllmain.obj
 0002:00014cb0       ?DebuggerProbe@@YA_NK@Z    0000000180025cb0 f   MSVCRTD:error.obj
 0002:00014d00       ?DebuggerRuntime@@YA_NKHPEAXPEB_W@Z 0000000180025d00 f   MSVCRTD:error.obj
 0002:00015090       ?_getMemBlockDataString@@YAXPEAD0PEBD_K@Z 0000000180026090 f   MSVCRTD:error.obj
 0002:00015170       ?_strlen_priv@@YA_KPEBD@Z  0000000180026170 f   MSVCRTD:error.obj
 0002:00015190       ?failwithmessage@@YAXPEAXHHPEBD@Z 0000000180026190 f   MSVCRTD:error.obj
 0002:00015490       ?notify_debugger@@YAXAEBUtagEXCEPTION_VISUALCPP_DEBUG_INFO@@@Z 0000000180026490 f   MSVCRTD:error.obj
 0002:00015af0       capture_current_context    0000000180026af0 f   MSVCRTD:gs_report.obj
 0002:00015bb0       capture_previous_context   0000000180026bb0 f   MSVCRTD:gs_report.obj
 0002:00015c90       __get_entropy              0000000180026c90 f   MSVCRTD:gs_support.obj
 0002:00015f40       ?find_pe_section@@YAPEAU_IMAGE_SECTION_HEADER@@QEAE_K@Z 0000000180026f40 f   MSVCRTD:utility.obj
 0002:00016060       ?is_potentially_valid_image_base@@YA_NQEAX@Z 0000000180027060 f   MSVCRTD:utility.obj
 0002:00016e00       __castguard_compat_check   0000000180027e00 f   MSVCRTD:guard_support.obj
 0002:00016fe0       __castguard_slow_path_compat_check 0000000180027fe0 f   MSVCRTD:guard_support.obj
 0002:000170d0       ?GetPdbDll@@YAPEAUHINSTANCE__@@XZ 00000001800280d0 f   MSVCRTD:pdblkup.obj
 0002:00017270       ?GetPdbDllFromInstallPath@@YAPEAUHINSTANCE__@@XZ 0000000180028270 f   MSVCRTD:pdblkup.obj
 0002:000175d0       ?GetPdbDllPathFromFilePath@@YAHPEB_WPEA_W_K@Z 00000001800285d0 f   MSVCRTD:pdblkup.obj
 0002:000197d0       $$000000                   000000018002a7d0     MSVCRTD:guard_dispatch.obj
 0002:000197f0       $$000000                   000000018002a7f0     MSVCRTD:guard_xfg_dispatch.obj
 0002:0001a810       ?fin$0@?0??dllmain_crt_process_attach@@YAHQEAUHINSTANCE__@@QEAX@Z@4HA 000000018002b810 f   MSVCRTD:dll_dllmain.obj
 0002:0001a830       ?fin$0@?0??dllmain_crt_process_detach@@YAH_N@Z@4HA 000000018002b830 f   MSVCRTD:dll_dllmain.obj
 0002:0001a84a       ?fin$1@?0??dllmain_crt_process_detach@@YAH_N@Z@4HA 000000018002b84a f   MSVCRTD:dll_dllmain.obj
 0002:0001a870       ?filt$0@?0??dllmain_dispatch@@YAHQEAUHINSTANCE__@@KQEAX@Z@4HA 000000018002b870 f   MSVCRTD:dll_dllmain.obj
 0002:0001a8d0       ?filt$0@?0??notify_debugger@@YAXAEBUtagEXCEPTION_VISUALCPP_DEBUG_INFO@@@Z@4HA 000000018002b8d0 f   MSVCRTD:error.obj
 0002:0001a900       __scrt_is_nonwritable_in_current_image$filt$0 000000018002b900 f   MSVCRTD:utility.obj
 0003:00000880       ?BeginTemporaryMemory@@YA?AUtemporary_memory@@PEAUmemory_arena@@@Z$rtcName$0 000000018002d880     p5engine.obj
 0003:00000890       ?BeginTemporaryMemory@@YA?AUtemporary_memory@@PEAUmemory_arena@@@Z$rtcVarDesc 000000018002d890     p5engine.obj
 0003:000008d0       ?BeginTemporaryMemory@@YA?AUtemporary_memory@@PEAUmemory_arena@@@Z$rtcFrameData 000000018002d8d0     p5engine.obj
 0003:00000900       ?FindLeastSignificantSetBit@@YA?AUbit_scan_result@@I@Z$rtcName$0 000000018002d900     p5engine.obj
 0003:00000910       ?FindLeastSignificantSetBit@@YA?AUbit_scan_result@@I@Z$rtcVarDesc 000000018002d910     p5engine.obj
 0003:00000950       ?FindLeastSignificantSetBit@@YA?AUbit_scan_result@@I@Z$rtcFrameData 000000018002d950     p5engine.obj
 0003:00000980       ?V2@@YA?ATv2@@MM@Z$rtcName$0 000000018002d980     p5engine.obj
 0003:00000990       ?V2@@YA?ATv2@@MM@Z$rtcVarDesc 000000018002d990     p5engine.obj
 0003:000009d0       ?V2@@YA?ATv2@@MM@Z$rtcFrameData 000000018002d9d0     p5engine.obj
 0003:00000a00       ?V2i@@YA?ATv2@@HH@Z$rtcName$0 000000018002da00     p5engine.obj
 0003:00000a10       ?V2i@@YA?ATv2@@HH@Z$rtcVarDesc 000000018002da10     p5engine.obj
 0003:00000a50       ?V2i@@YA?ATv2@@HH@Z$rtcFrameData 000000018002da50     p5engine.obj
 0003:00000a80       ??D@YA?ATv2@@MT0@@Z$rtcName$0 000000018002da80     p5engine.obj
 0003:00000a90       ??D@YA?ATv2@@MT0@@Z$rtcVarDesc 000000018002da90     p5engine.obj
 0003:00000ad0       ??D@YA?ATv2@@MT0@@Z$rtcFrameData 000000018002dad0     p5engine.obj
 0003:00000b00       ??G@YA?ATv2@@T0@@Z$rtcName$0 000000018002db00     p5engine.obj
 0003:00000b10       ??G@YA?ATv2@@T0@@Z$rtcVarDesc 000000018002db10     p5engine.obj
 0003:00000b50       ??G@YA?ATv2@@T0@@Z$rtcFrameData 000000018002db50     p5engine.obj
 0003:00000b80       ??H@YA?ATv2@@T0@0@Z$rtcName$0 000000018002db80     p5engine.obj
 0003:00000b90       ??H@YA?ATv2@@T0@0@Z$rtcVarDesc 000000018002db90     p5engine.obj
 0003:00000bd0       ??H@YA?ATv2@@T0@0@Z$rtcFrameData 000000018002dbd0     p5engine.obj
 0003:00000c00       ??G@YA?ATv2@@T0@0@Z$rtcName$0 000000018002dc00     p5engine.obj
 0003:00000c10       ??G@YA?ATv2@@T0@0@Z$rtcVarDesc 000000018002dc10     p5engine.obj
 0003:00000c50       ??G@YA?ATv2@@T0@0@Z$rtcFrameData 000000018002dc50     p5engine.obj
 0003:00000c80       ?Clamp01@@YA?ATv2@@T1@@Z$rtcName$0 000000018002dc80     p5engine.obj
 0003:00000c90       ?Clamp01@@YA?ATv2@@T1@@Z$rtcVarDesc 000000018002dc90     p5engine.obj
 0003:00000cd0       ?Clamp01@@YA?ATv2@@T1@@Z$rtcFrameData 000000018002dcd0     p5engine.obj
 0003:00000d00       ?Perp@@YA?ATv2@@T1@@Z$rtcName$0 000000018002dd00     p5engine.obj
 0003:00000d10       ?Perp@@YA?ATv2@@T1@@Z$rtcVarDesc 000000018002dd10     p5engine.obj
 0003:00000d50       ?Perp@@YA?ATv2@@T1@@Z$rtcFrameData 000000018002dd50     p5engine.obj
 0003:00000d80       ?V3@@YA?ATv3@@MMM@Z$rtcName$0 000000018002dd80     p5engine.obj
 0003:00000d90       ?V3@@YA?ATv3@@MMM@Z$rtcVarDesc 000000018002dd90     p5engine.obj
 0003:00000dd0       ?V3@@YA?ATv3@@MMM@Z$rtcFrameData 000000018002ddd0     p5engine.obj
 0003:00000e00       ??D@YA?ATv3@@MT0@@Z$rtcName$0 000000018002de00     p5engine.obj
 0003:00000e10       ??D@YA?ATv3@@MT0@@Z$rtcVarDesc 000000018002de10     p5engine.obj
 0003:00000e50       ??D@YA?ATv3@@MT0@@Z$rtcFrameData 000000018002de50     p5engine.obj
 0003:00000e80       ??D@YA?ATv3@@T0@M@Z$rtcName$0 000000018002de80     p5engine.obj
 0003:00000e90       ??D@YA?ATv3@@T0@M@Z$rtcVarDesc 000000018002de90     p5engine.obj
 0003:00000ed0       ??D@YA?ATv3@@T0@M@Z$rtcFrameData 000000018002ded0     p5engine.obj
 0003:00000f00       ??H@YA?ATv3@@T0@0@Z$rtcName$0 000000018002df00     p5engine.obj
 0003:00000f10       ??H@YA?ATv3@@T0@0@Z$rtcVarDesc 000000018002df10     p5engine.obj
 0003:00000f50       ??H@YA?ATv3@@T0@0@Z$rtcFrameData 000000018002df50     p5engine.obj
 0003:00000f80       ??G@YA?ATv3@@T0@0@Z$rtcName$0 000000018002df80     p5engine.obj
 0003:00000f90       ??G@YA?ATv3@@T0@0@Z$rtcVarDesc 000000018002df90     p5engine.obj
 0003:00000fd0       ??G@YA?ATv3@@T0@0@Z$rtcFrameData 000000018002dfd0     p5engine.obj
 0003:00001000       ?Hadamard@@YA?ATv3@@T1@0@Z$rtcName$0 000000018002e000     p5engine.obj
 0003:00001010       ?Hadamard@@YA?ATv3@@T1@0@Z$rtcVarDesc 000000018002e010     p5engine.obj
 0003:00001050       ?Hadamard@@YA?ATv3@@T1@0@Z$rtcFrameData 000000018002e050     p5engine.obj
 0003:00001080       ?V4@@YA?ATv4@@MMMM@Z$rtcName$0 000000018002e080     p5engine.obj
 0003:00001090       ?V4@@YA?ATv4@@MMMM@Z$rtcVarDesc 000000018002e090     p5engine.obj
 0003:000010d0       ?V4@@YA?ATv4@@MMMM@Z$rtcFrameData 000000018002e0d0     p5engine.obj
 0003:00001100       ??D@YA?ATv4@@MT0@@Z$rtcName$0 000000018002e100     p5engine.obj
 0003:00001110       ??D@YA?ATv4@@MT0@@Z$rtcVarDesc 000000018002e110     p5engine.obj
 0003:00001150       ??D@YA?ATv4@@MT0@@Z$rtcFrameData 000000018002e150     p5engine.obj
 0003:00001180       ??H@YA?ATv4@@T0@0@Z$rtcName$0 000000018002e180     p5engine.obj
 0003:00001190       ??H@YA?ATv4@@T0@0@Z$rtcVarDesc 000000018002e190     p5engine.obj
 0003:000011d0       ??H@YA?ATv4@@T0@0@Z$rtcFrameData 000000018002e1d0     p5engine.obj
 0003:00001200       ?Lerp@@YA?ATv4@@T1@M0@Z$rtcName$0 000000018002e200     p5engine.obj
 0003:00001210       ?Lerp@@YA?ATv4@@T1@M0@Z$rtcVarDesc 000000018002e210     p5engine.obj
 0003:00001250       ?Lerp@@YA?ATv4@@T1@M0@Z$rtcFrameData 000000018002e250     p5engine.obj
 0003:00001280       ?RectCenterHalfDim@@YA?AUrectangle2@@Tv2@@0@Z$rtcName$0 000000018002e280     p5engine.obj
 0003:00001290       ?RectCenterHalfDim@@YA?AUrectangle2@@Tv2@@0@Z$rtcVarDesc 000000018002e290     p5engine.obj
 0003:000012d0       ?RectCenterHalfDim@@YA?AUrectangle2@@Tv2@@0@Z$rtcFrameData 000000018002e2d0     p5engine.obj
 0003:00001300       ?RectCenterDim@@YA?AUrectangle2@@Tv2@@0@Z$rtcName$0 000000018002e300     p5engine.obj
 0003:00001310       ?RectCenterDim@@YA?AUrectangle2@@Tv2@@0@Z$rtcVarDesc 000000018002e310     p5engine.obj
 0003:00001350       ?RectCenterDim@@YA?AUrectangle2@@Tv2@@0@Z$rtcFrameData 000000018002e350     p5engine.obj
 0003:00001380       ?GetBarycentric@@YA?ATv2@@Urectangle2@@T1@@Z$rtcName$0 000000018002e380     p5engine.obj
 0003:00001390       ?GetBarycentric@@YA?ATv2@@Urectangle2@@T1@@Z$rtcVarDesc 000000018002e390     p5engine.obj
 0003:000013d0       ?GetBarycentric@@YA?ATv2@@Urectangle2@@T1@@Z$rtcFrameData 000000018002e3d0     p5engine.obj
 0003:00001400       ?GetMinCorner@@YA?ATv3@@Urectangle3@@@Z$rtcName$0 000000018002e400     p5engine.obj
 0003:00001410       ?GetMinCorner@@YA?ATv3@@Urectangle3@@@Z$rtcVarDesc 000000018002e410     p5engine.obj
 0003:00001450       ?GetMinCorner@@YA?ATv3@@Urectangle3@@@Z$rtcFrameData 000000018002e450     p5engine.obj
 0003:00001480       ?GetMaxCorner@@YA?ATv3@@Urectangle3@@@Z$rtcName$0 000000018002e480     p5engine.obj
 0003:00001490       ?GetMaxCorner@@YA?ATv3@@Urectangle3@@@Z$rtcVarDesc 000000018002e490     p5engine.obj
 0003:000014d0       ?GetMaxCorner@@YA?ATv3@@Urectangle3@@@Z$rtcFrameData 000000018002e4d0     p5engine.obj
 0003:00001500       ?RectCenterHalfDim@@YA?AUrectangle3@@Tv3@@0@Z$rtcName$0 000000018002e500     p5engine.obj
 0003:00001510       ?RectCenterHalfDim@@YA?AUrectangle3@@Tv3@@0@Z$rtcVarDesc 000000018002e510     p5engine.obj
 0003:00001550       ?RectCenterHalfDim@@YA?AUrectangle3@@Tv3@@0@Z$rtcFrameData 000000018002e550     p5engine.obj
 0003:00001580       ?AddRadiusTo@@YA?AUrectangle3@@U1@Tv3@@@Z$rtcName$0 000000018002e580     p5engine.obj
 0003:00001590       ?AddRadiusTo@@YA?AUrectangle3@@U1@Tv3@@@Z$rtcVarDesc 000000018002e590     p5engine.obj
 0003:000015d0       ?AddRadiusTo@@YA?AUrectangle3@@U1@Tv3@@@Z$rtcFrameData 000000018002e5d0     p5engine.obj
 0003:00001600       ?RectCenterDim@@YA?AUrectangle3@@Tv3@@0@Z$rtcName$0 000000018002e600     p5engine.obj
 0003:00001610       ?RectCenterDim@@YA?AUrectangle3@@Tv3@@0@Z$rtcVarDesc 000000018002e610     p5engine.obj
 0003:00001650       ?RectCenterDim@@YA?AUrectangle3@@Tv3@@0@Z$rtcFrameData 000000018002e650     p5engine.obj
 0003:00001680       ?GetEntityGroundPoint@@YA?ATv3@@PEAUsim_entity@@T1@@Z$rtcName$0 000000018002e680     p5engine.obj
 0003:00001690       ?GetEntityGroundPoint@@YA?ATv3@@PEAUsim_entity@@T1@@Z$rtcVarDesc 000000018002e690     p5engine.obj
 0003:000016d0       ?GetEntityGroundPoint@@YA?ATv3@@PEAUsim_entity@@T1@@Z$rtcFrameData 000000018002e6d0     p5engine.obj
 0003:00001700       ?GetEntityGroundPoint@@YA?ATv3@@PEAUsim_entity@@@Z$rtcName$0 000000018002e700     p5engine.obj
 0003:00001710       ?GetEntityGroundPoint@@YA?ATv3@@PEAUsim_entity@@@Z$rtcVarDesc 000000018002e710     p5engine.obj
 0003:00001750       ?GetEntityGroundPoint@@YA?ATv3@@PEAUsim_entity@@@Z$rtcFrameData 000000018002e750     p5engine.obj
 0003:00001780       ?GetStairGround@@YAMPEAUsim_entity@@Tv3@@@Z$rtcName$0 000000018002e780     p5engine.obj
 0003:0000178c       ?GetStairGround@@YAMPEAUsim_entity@@Tv3@@@Z$rtcName$1 000000018002e78c     p5engine.obj
 0003:000017a0       ?GetStairGround@@YAMPEAUsim_entity@@Tv3@@@Z$rtcVarDesc 000000018002e7a0     p5engine.obj
 0003:00001820       ?GetStairGround@@YAMPEAUsim_entity@@Tv3@@@Z$rtcFrameData 000000018002e820     p5engine.obj
 0003:00001860       ?SRGB255ToLinear1@@YA?ATv4@@T1@@Z$rtcName$0 000000018002e860     p5engine.obj
 0003:00001870       ?SRGB255ToLinear1@@YA?ATv4@@T1@@Z$rtcVarDesc 000000018002e870     p5engine.obj
 0003:000018b0       ?SRGB255ToLinear1@@YA?ATv4@@T1@@Z$rtcFrameData 000000018002e8b0     p5engine.obj
 0003:000018e0       ?Linear1ToSRGB255@@YA?ATv4@@T1@@Z$rtcName$0 000000018002e8e0     p5engine.obj
 0003:000018f0       ?Linear1ToSRGB255@@YA?ATv4@@T1@@Z$rtcVarDesc 000000018002e8f0     p5engine.obj
 0003:00001930       ?Linear1ToSRGB255@@YA?ATv4@@T1@@Z$rtcFrameData 000000018002e930     p5engine.obj
 0003:00001960       ?DrawRectangleSlowly@@YAXPEAUloaded_bitmap@@Tv2@@11Tv4@@0@Z$rtcName$0 000000018002e960     p5engine.obj
 0003:00001964       ?DrawRectangleSlowly@@YAXPEAUloaded_bitmap@@Tv2@@11Tv4@@0@Z$rtcName$1 000000018002e964     p5engine.obj
[...]
 0003:00006e34       $unwind$?ChangeEntityLocation@@YAXPEAUmemory_arena@@PEAUworld@@IPEAUlow_entity@@Uworld_position@@@Z 0000000180033e34     p5engine.obj
 0003:00006e48       $unwind$?GetHashFromStorageIndex@@YAPEAUsim_entity_hash@@PEAUsim_region@@I@Z 0000000180033e48     p5engine.obj
 0003:00006e5c       $unwind$?GetSimSpacePos@@YA?ATv3@@PEAUsim_region@@PEAUlow_entity@@@Z 0000000180033e5c     p5engine.obj
 0003:00006e70       $unwind$?AddEntity@@YAPEAUsim_entity@@PEAUgame_state@@PEAUsim_region@@IPEAUlow_entity@@PEATv3@@@Z 0000000180033e70     p5engine.obj
 0003:00006e84       $unwind$?LoadEntityReference@@YAXPEAUgame_state@@PEAUsim_region@@PEATentity_reference@@@Z 0000000180033e84     p5engine.obj
 0003:00006ea0       $unwind$?StoreEntityReference@@YAXPEATentity_reference@@@Z 0000000180033ea0     p5engine.obj
 0003:00006eb4       $unwind$?AddEntityRaw@@YAPEAUsim_entity@@PEAUgame_state@@PEAUsim_region@@IPEAUlow_entity@@@Z 0000000180033eb4     p5engine.obj
 0003:00006ec8       $unwind$?EntityOverlapsRectangle@@YAHTv3@@Usim_entity_collision_volume@@Urectangle3@@@Z 0000000180033ec8     p5engine.obj
 0003:00006edc       $unwind$?BeginSim@@YAPEAUsim_region@@PEAUmemory_arena@@PEAUgame_state@@PEAUworld@@Uworld_position@@Urectangle3@@M@Z 0000000180033edc     p5engine.obj
 0003:00006ef8       $unwind$?EndSim@@YAXPEAUsim_region@@PEAUgame_state@@@Z 0000000180033ef8     p5engine.obj
 0003:00006f14       $unwind$?CanCollide@@YAHPEAUgame_state@@PEAUsim_entity@@1@Z 0000000180033f14     p5engine.obj
 0003:00006f28       $unwind$?HandleCollision@@YAHPEAUgame_state@@PEAUsim_entity@@1@Z 0000000180033f28     p5engine.obj
 0003:00006f3c       $unwind$?CanOverlap@@YAHPEAUgame_state@@PEAUsim_entity@@1@Z 0000000180033f3c     p5engine.obj
 0003:00006f50       $unwind$?HandleOverlap@@YAXPEAUgame_state@@PEAUsim_entity@@1MPEAM@Z 0000000180033f50     p5engine.obj
 0003:00006f64       $unwind$?SpeculativeCollide@@YAHPEAUsim_entity@@0Tv3@@@Z 0000000180033f64     p5engine.obj
 0003:00006f78       $unwind$?EntitiesOverlap@@YAHPEAUsim_entity@@0Tv3@@@Z 0000000180033f78     p5engine.obj
 0003:00006f8c       $unwind$?MoveEntity@@YAXPEAUgame_state@@PEAUsim_region@@PEAUsim_entity@@MPEAUmove_spec@@Tv3@@@Z 0000000180033f8c     p5engine.obj
 0003:00006fa8       $unwind$?DefaultMoveSpec@@YA?AUmove_spec@@XZ 0000000180033fa8     p5engine.obj
 0003:00006fc4       $unwind$?RandomSeed@@YA?AUrandom_series@@I@Z 0000000180033fc4     p5engine.obj
 0003:00006fe0       $unwind$?RandomNextUInt32@@YAIPEAUrandom_series@@@Z 0000000180033fe0     p5engine.obj
 0003:00006ff4       $unwind$?RandomChoice@@YAIPEAUrandom_series@@I@Z 0000000180033ff4     p5engine.obj
 0003:00007008       $unwind$?RandomUnilateral@@YAMPEAUrandom_series@@@Z 0000000180034008     p5engine.obj
 0003:0000701c       $unwind$?GameOutputSound@@YAXPEAUgame_state@@PEAUgame_sound_output_buffer@@H@Z 000000018003401c     p5engine.obj
 0003:00007030       $unwind$?DEBUGLoadBMP@@YA?AUloaded_bitmap@@PEAUthread_context@@P6A?AUdebug_read_file_result@@0PEAD@Z1@Z 0000000180034030     p5engine.obj
 0003:0000704c       $unwind$?AddLowEntity@@YA?AUadd_low_entity_result@@PEAUgame_state@@W4entity_type@@Uworld_position@@@Z 000000018003404c     p5engine.obj
 0003:00007068       $unwind$?AddGroundedEntity@@YA?AUadd_low_entity_result@@PEAUgame_state@@W4entity_type@@Uworld_position@@PEAUsim_entity_collision_volume_group@@@Z 0000000180034068     p5engine.obj
 0003:0000707c       $unwind$?AddStandardRoom@@YA?AUadd_low_entity_result@@PEAUgame_state@@III@Z 000000018003407c     p5engine.obj
 0003:00007090       $unwind$?AddWall@@YA?AUadd_low_entity_result@@PEAUgame_state@@III@Z 0000000180034090     p5engine.obj
 0003:000070a4       $unwind$?AddStairs@@YA?AUadd_low_entity_result@@PEAUgame_state@@III@Z 00000001800340a4     p5engine.obj
 0003:000070b8       $unwind$?InitHitPoints@@YAXPEAUlow_entity@@I@Z 00000001800340b8     p5engine.obj
 0003:000070cc       $unwind$?AddSword@@YA?AUadd_low_entity_result@@PEAUgame_state@@@Z 00000001800340cc     p5engine.obj
 0003:000070e0       $unwind$?AddPlayer@@YA?AUadd_low_entity_result@@PEAUgame_state@@@Z 00000001800340e0     p5engine.obj
 0003:000070f4       $unwind$?AddMonstar@@YA?AUadd_low_entity_result@@PEAUgame_state@@III@Z 00000001800340f4     p5engine.obj
 0003:00007108       $unwind$?AddFamiliar@@YA?AUadd_low_entity_result@@PEAUgame_state@@III@Z 0000000180034108     p5engine.obj
 0003:0000711c       $unwind$?DrawHitpoints@@YAXPEAUsim_entity@@PEAUrender_group@@@Z 000000018003411c     p5engine.obj
 0003:00007138       $unwind$?MakeSimpleGroundedCollision@@YAPEAUsim_entity_collision_volume_group@@PEAUgame_state@@MMM@Z 0000000180034138     p5engine.obj
 0003:0000714c       $unwind$?MakeNullCollision@@YAPEAUsim_entity_collision_volume_group@@PEAUgame_state@@@Z 000000018003414c     p5engine.obj
 0003:00007160       $unwind$?FillGroundChunk@@YAXPEAUtransient_state@@PEAUgame_state@@PEAUground_buffer@@PEAUworld_position@@@Z 0000000180034160     p5engine.obj
 0003:0000717c       $unwind$?ClearBitmap@@YAXPEAUloaded_bitmap@@@Z 000000018003417c     p5engine.obj
 0003:00007190       $unwind$?MakeEmptyBitmap@@YA?AUloaded_bitmap@@PEAUmemory_arena@@HHH@Z 0000000180034190     p5engine.obj
 0003:000071ac       $unwind$GameUpdateAndRender 00000001800341ac     p5engine.obj
 0003:000071c8       $unwind$GameGetSoundSamples 00000001800341c8     p5engine.obj
 0003:000071dc       $unwind$_RTC_CheckStackVars 00000001800341dc     MSVCRTD:stack.obj
 0003:000071f0       $chain$0$_RTC_CheckStackVars 00000001800341f0     MSVCRTD:stack.obj
 0003:00007208       $chain$1$_RTC_CheckStackVars 0000000180034208     MSVCRTD:stack.obj
 0003:0000721c       $unwind$_RTC_CheckStackVars2 000000018003421c     MSVCRTD:stack.obj
 0003:0000722c       $chain$1$_RTC_CheckStackVars2 000000018003422c     MSVCRTD:stack.obj
 0003:00007248       $chain$2$_RTC_CheckStackVars2 0000000180034248     MSVCRTD:stack.obj
 0003:00007260       $chain$3$_RTC_CheckStackVars2 0000000180034260     MSVCRTD:stack.obj
 0003:00007278       $chain$4$_RTC_CheckStackVars2 0000000180034278     MSVCRTD:stack.obj
 0003:0000728c       $chain$5$_RTC_CheckStackVars2 000000018003428c     MSVCRTD:stack.obj
 0003:000072a0       $chain$6$_RTC_CheckStackVars2 00000001800342a0     MSVCRTD:stack.obj
 0003:000072b4       $unwind$_RTC_AllocaHelper  00000001800342b4     MSVCRTD:stack.obj
 0003:000072bc       $chain$0$_RTC_AllocaHelper 00000001800342bc     MSVCRTD:stack.obj
 0003:000072d4       $chain$1$_RTC_AllocaHelper 00000001800342d4     MSVCRTD:stack.obj
 0003:000072e8       $unwind$_RTC_Shutdown      00000001800342e8     MSVCRTD:init.obj
 0003:000072f0       $unwind$_RTC_InitBase      00000001800342f0     MSVCRTD:init.obj
 0003:000072f8       $unwind$__CheckForDebuggerJustMyCode 00000001800342f8     MSVCRTD:debugger_jmc.obj
 0003:00007300       $unwind$__GSHandlerCheckCommon 0000000180034300     MSVCRTD:gshandler.obj
 0003:00007308       $unwind$__GSHandlerCheck   0000000180034308     MSVCRTD:gshandler.obj
 0003:00007310       $xdatasym                  0000000180034310     MSVCRTD:chkstk.obj
 0003:00007318       $xdatasym                  0000000180034318     MSVCRTD:amdsecgs.obj
 0003:0000731c       $unwind$?dllmain_crt_process_attach@@YAHQEAUHINSTANCE__@@QEAX@Z 000000018003431c     MSVCRTD:dll_dllmain.obj
 0003:00007340       $unwind$?fin$0@?0??dllmain_crt_process_attach@@YAHQEAUHINSTANCE__@@QEAX@Z@4HA 0000000180034340     MSVCRTD:dll_dllmain.obj
 0003:00007348       $unwind$?dllmain_crt_process_detach@@YAH_N@Z 0000000180034348     MSVCRTD:dll_dllmain.obj
 0003:0000737c       $unwind$?fin$0@?0??dllmain_crt_process_detach@@YAH_N@Z@4HA 000000018003437c     MSVCRTD:dll_dllmain.obj
 0003:00007384       $unwind$?fin$1@?0??dllmain_crt_process_detach@@YAH_N@Z@4HA 0000000180034384     MSVCRTD:dll_dllmain.obj
 0003:0000738c       $unwind$?dllmain_crt_dispatch@@YAHQEAUHINSTANCE__@@KQEAX@Z 000000018003438c     MSVCRTD:dll_dllmain.obj
 0003:00007394       $unwind$_CRT_INIT          0000000180034394     MSVCRTD:dll_dllmain.obj
 0003:0000739c       $unwind$?dllmain_raw@@YAHQEAUHINSTANCE__@@KQEAX@Z 000000018003439c     MSVCRTD:dll_dllmain.obj
 0003:000073a4       $unwind$?dllmain_dispatch@@YAHQEAUHINSTANCE__@@KQEAX@Z 00000001800343a4     MSVCRTD:dll_dllmain.obj
 0003:000073c8       $unwind$?filt$0@?0??dllmain_dispatch@@YAHQEAUHINSTANCE__@@KQEAX@Z@4HA 00000001800343c8     MSVCRTD:dll_dllmain.obj
 0003:000073d0       $unwind$_DllMainCRTStartup 00000001800343d0     MSVCRTD:dll_dllmain.obj
 0003:000073d8       $unwind$_RTC_UninitUse     00000001800343d8     MSVCRTD:error.obj
 0003:000073f4       $unwind$?_RTC_StackFailure@@YAXPEAXPEBD@Z 00000001800343f4     MSVCRTD:error.obj
 0003:00007414       $unwind$?_RTC_AllocaFailure@@YAXPEAXPEAU_RTC_ALLOCA_NODE@@H@Z 0000000180034414     MSVCRTD:error.obj
 0003:00007430       $chain$0$?_RTC_AllocaFailure@@YAXPEAXPEAU_RTC_ALLOCA_NODE@@H@Z 0000000180034430     MSVCRTD:error.obj
 0003:00007448       $chain$1$?_RTC_AllocaFailure@@YAXPEAXPEAU_RTC_ALLOCA_NODE@@H@Z 0000000180034448     MSVCRTD:error.obj
 0003:0000745c       $unwind$_vsprintf_s_l      000000018003445c     MSVCRTD:error.obj
 0003:00007474       $unwind$sprintf_s          0000000180034474     MSVCRTD:error.obj
 0003:0000747c       $unwind$?notify_debugger@@YAXAEBUtagEXCEPTION_VISUALCPP_DEBUG_INFO@@@Z 000000018003447c     MSVCRTD:error.obj
 0003:000074a0       $unwind$?filt$0@?0??notify_debugger@@YAXAEBUtagEXCEPTION_VISUALCPP_DEBUG_INFO@@@Z@4HA 00000001800344a0     MSVCRTD:error.obj
 0003:000074a8       $unwind$?DebuggerProbe@@YA_NK@Z 00000001800344a8     MSVCRTD:error.obj
 0003:000074b0       $unwind$?DebuggerRuntime@@YA_NKHPEAXPEB_W@Z 00000001800344b0     MSVCRTD:error.obj
 0003:000074b8       $unwind$?failwithmessage@@YAXPEAXHHPEBD@Z 00000001800344b8     MSVCRTD:error.obj
 0003:000074e0       $unwind$?_getMemBlockDataString@@YAXPEAD0PEBD_K@Z 00000001800344e0     MSVCRTD:error.obj
 0003:000074f4       $chain$3$?_getMemBlockDataString@@YAXPEAD0PEBD_K@Z 00000001800344f4     MSVCRTD:error.obj
 0003:00007518       $chain$4$?_getMemBlockDataString@@YAXPEAD0PEBD_K@Z 0000000180034518     MSVCRTD:error.obj
 0003:0000752c       $unwind$__report_securityfailure 000000018003452c     MSVCRTD:gs_report.obj
 0003:00007534       $unwind$__report_securityfailureEx 0000000180034534     MSVCRTD:gs_report.obj
 0003:0000753c       $unwind$__report_rangecheckfailure 000000018003453c     MSVCRTD:gs_report.obj
 0003:00007544       $unwind$__report_gsfailure 0000000180034544     MSVCRTD:gs_report.obj
 0003:0000754c       $unwind$capture_current_context 000000018003454c     MSVCRTD:gs_report.obj
 0003:00007554       $unwind$capture_previous_context 0000000180034554     MSVCRTD:gs_report.obj
 0003:0000755c       $unwind$__raise_securityfailure 000000018003455c     MSVCRTD:gs_report.obj
 0003:00007564       $unwind$__security_init_cookie 0000000180034564     MSVCRTD:gs_support.obj
 0003:0000756c       $unwind$__get_entropy      000000018003456c     MSVCRTD:gs_support.obj
 0003:00007574       $unwind$DllMain            0000000180034574     MSVCRTD:dll_dllmain_stub.obj
 0003:0000757c       $unwind$?__scrt_initialize_type_info@@YAXXZ 000000018003457c     MSVCRTD:tncleanup.obj
 0003:00007584       $unwind$?__scrt_uninitialize_type_info@@YAXXZ 0000000180034584     MSVCRTD:tncleanup.obj
 0003:0000758c       $unwind$__scrt_initialize_default_local_stdio_options 000000018003458c     MSVCRTD:default_local_stdio_options.obj
 0003:00007594       $unwind$atexit             0000000180034594     MSVCRTD:utility.obj
 0003:0000759c       $unwind$_onexit            000000018003459c     MSVCRTD:utility.obj
 0003:000075a4       $unwind$at_quick_exit      00000001800345a4     MSVCRTD:utility.obj
 0003:000075ac       $unwind$__scrt_is_nonwritable_in_current_image 00000001800345ac     MSVCRTD:utility.obj
 0003:000075d0       $unwind$__scrt_is_nonwritable_in_current_image$filt$0 00000001800345d0     MSVCRTD:utility.obj
 0003:000075d8       $unwind$__scrt_acquire_startup_lock 00000001800345d8     MSVCRTD:utility.obj
 0003:000075e0       $unwind$__scrt_release_startup_lock 00000001800345e0     MSVCRTD:utility.obj
 0003:000075e8       $unwind$__scrt_initialize_crt 00000001800345e8     MSVCRTD:utility.obj
 0003:000075f0       $unwind$__scrt_uninitialize_crt 00000001800345f0     MSVCRTD:utility.obj
 0003:000075f8       $unwind$__scrt_initialize_onexit_tables 00000001800345f8     MSVCRTD:utility.obj
 0003:00007608       $unwind$__scrt_dllmain_exception_filter 0000000180034608     MSVCRTD:utility.obj
 0003:00007610       $unwind$__scrt_dllmain_before_initialize_c 0000000180034610     MSVCRTD:utility.obj
 0003:00007618       $unwind$__scrt_dllmain_after_initialize_c 0000000180034618     MSVCRTD:utility.obj
 0003:00007620       $unwind$__scrt_dllmain_uninitialize_c 0000000180034620     MSVCRTD:utility.obj
 0003:00007628       $unwind$__scrt_dllmain_uninitialize_critical 0000000180034628     MSVCRTD:utility.obj
 0003:00007630       $unwind$__scrt_dllmain_crt_thread_attach 0000000180034630     MSVCRTD:utility.obj
 0003:00007638       $unwind$__scrt_dllmain_crt_thread_detach 0000000180034638     MSVCRTD:utility.obj
 0003:00007640       $unwind$?configure_argv@__scrt_narrow_argv_policy@@SAHXZ 0000000180034640     MSVCRTD:utility.obj
 0003:00007648       $unwind$?initialize_environment@__scrt_narrow_environment_policy@@SAHXZ 0000000180034648     MSVCRTD:utility.obj
 0003:00007650       $unwind$?is_potentially_valid_image_base@@YA_NQEAX@Z 0000000180034650     MSVCRTD:utility.obj
 0003:00007658       $unwind$?find_pe_section@@YAPEAU_IMAGE_SECTION_HEADER@@QEAE_K@Z 0000000180034658     MSVCRTD:utility.obj
 0003:00007660       $unwind$__scrt_get_show_window_mode 0000000180034660     MSVCRTD:utility_desktop.obj
 0003:00007670       $unwind$__scrt_is_managed_app 0000000180034670     MSVCRTD:utility_desktop.obj
 0003:00007678       $unwind$__scrt_initialize_mta 0000000180034678     MSVCRTD:utility_desktop.obj
 0003:00007680       $unwind$__scrt_set_unhandled_exception_filter 0000000180034680     MSVCRTD:utility_desktop.obj
 0003:00007688       $unwind$__scrt_fastfail    0000000180034688     MSVCRTD:utility_desktop.obj
 0003:00007698       $unwind$__scrt_unhandled_exception_filter 0000000180034698     MSVCRTD:utility_desktop.obj
 0003:000076a0       $unwind$_RTC_Initialize    00000001800346a0     MSVCRTD:initsect.obj
 0003:000076b0       $unwind$_RTC_Terminate     00000001800346b0     MSVCRTD:initsect.obj
 0003:000076c0       $unwind$ReadNoFence64      00000001800346c0     MSVCRTD:guard_support.obj
 0003:000076c8       $unwind$ReadPointerNoFence 00000001800346c8     MSVCRTD:guard_support.obj
 0003:000076d0       $unwind$_guard_icall_checks_enforced 00000001800346d0     MSVCRTD:guard_support.obj
 0003:000076d8       $unwind$__castguard_compat_check 00000001800346d8     MSVCRTD:guard_support.obj
 0003:000076e0       $unwind$__castguard_check_failure_debugbreak 00000001800346e0     MSVCRTD:guard_support.obj
 0003:000076e8       $unwind$__castguard_check_failure_fastfail 00000001800346e8     MSVCRTD:guard_support.obj
 0003:000076f0       $unwind$__castguard_check_failure_os_handled 00000001800346f0     MSVCRTD:guard_support.obj
 0003:000076f8       $unwind$__castguard_slow_path_compat_check 00000001800346f8     MSVCRTD:guard_support.obj
 0003:00007700       $unwind$__castguard_slow_path_check_debugbreak 0000000180034700     MSVCRTD:guard_support.obj
 0003:00007708       $unwind$__castguard_slow_path_check_fastfail 0000000180034708     MSVCRTD:guard_support.obj
 0003:00007710       $unwind$__castguard_slow_path_check_os_handled 0000000180034710     MSVCRTD:guard_support.obj
 0003:00007718       $unwind$?_RTC_GetSrcLine@@YAHPEAEPEA_WKPEAH1K@Z 0000000180034718     MSVCRTD:pdblkup.obj
 0003:00007734       $unwind$?GetPdbDllFromInstallPath@@YAPEAUHINSTANCE__@@XZ 0000000180034734     MSVCRTD:pdblkup.obj
 0003:0000775c       $unwind$?GetPdbDllPathFromFilePath@@YAHPEB_WPEA_W_K@Z 000000018003475c     MSVCRTD:pdblkup.obj
 0003:00007778       $unwind$?GetPdbDll@@YAPEAUHINSTANCE__@@XZ 0000000180034778     MSVCRTD:pdblkup.obj
 0003:0000778c       $unwind$__isa_available_init 000000018003478c     MSVCRTD:cpu_disp.obj
 0003:000077a0       $unwind$__scrt_is_ucrt_dll_in_use 00000001800347a0     MSVCRTD:ucrt_detection.obj
 0003:000077a8       $xdatasym                  00000001800347a8     MSVCRTD:guard_dispatch.obj
 0003:000077b0       $xdatasym                  00000001800347b0     MSVCRTD:guard_xfg_dispatch.obj
 0003:00007a70       .edata                     0000000180034a70     P5Engine.exp
 0003:00007a98       rgpv                       0000000180034a98     P5Engine.exp
 0003:00007aa0       rgszName                   0000000180034aa0     P5Engine.exp
 0003:00007aa8       rgwOrd                     0000000180034aa8     P5Engine.exp
 0003:00007aac       szName                     0000000180034aac     P5Engine.exp
 0003:00007ab9       $N00001                    0000000180034ab9     P5Engine.exp
 0003:00007acd       $N00002                    0000000180034acd     P5Engine.exp
 0004:00000000       ?RandomNumberTable@@3PAIA  0000000180035000     p5engine.obj
 0004:00004e40       ?init@?1??_RTC_InitBase@@9@4_NA 0000000180039e40     MSVCRTD:init.obj
 0004:00004e44       ?__proc_attached@@3HA      0000000180039e44     MSVCRTD:dll_dllmain.obj
 0004:00004e58       ?_RTC_ErrorReportFunc@@3P6AHHPEBDH00ZZEA 0000000180039e58     MSVCRTD:userapi.obj
 0004:00004e60       ?_RTC_ErrorReportFuncW@@3P6AHHPEB_WH00ZZEA 0000000180039e60     MSVCRTD:userapi.obj
 0004:00004e70       GS_ExceptionRecord         0000000180039e70     MSVCRTD:gs_report.obj
 0004:00004f10       GS_ContextRecord           0000000180039f10     MSVCRTD:gs_report.obj
 0004:00005538       ?is_initialized_as_dll@@3_NA 000000018003a538     MSVCRTD:utility.obj
 0004:00005539       ?module_local_atexit_table_initialized@@3_NA 000000018003a539     MSVCRTD:utility.obj
 0004:00005540       ?module_local_atexit_table@@3U_onexit_table_t@@A 000000018003a540     MSVCRTD:utility.obj
 0004:00005558       ?module_local_at_quick_exit_table@@3U_onexit_table_t@@A 000000018003a558     MSVCRTD:utility.obj
 0004:00005598       ?mspdb@@3PEAUHINSTANCE__@@EA 000000018003a598     MSVCRTD:pdblkup.obj
 0004:000055a1       ?alreadyTried@?1??GetPdbDll@@YAPEAUHINSTANCE__@@XZ@4_NA 000000018003a5a1     MSVCRTD:pdblkup.obj
 0004:000055a2       ?PDBOK@?1??_RTC_GetSrcLine@@YAHPEAEPEA_WKPEAH1K@Z@4_NA 000000018003a5a2     MSVCRTD:pdblkup.obj
 0006:000007ca       .idata$6                   000000018003e7ca     vcruntimed:VCRUNTIME140D.dll
 0006:0000098c       .idata$6                   000000018003e98c     ucrtd:ucrtbased.dll
 0006:00000bce       .idata$6                   000000018003ebce     kernel32:KERNEL32.dll
 0007:00000000       __5C0B09BC_p5engine_platform@h 000000018003f000     p5engine.obj
 0007:00000001       __09340588_corecrt_math@h  000000018003f001     p5engine.obj
 0007:00000002       __B0C4CEA9_malloc@h        000000018003f002     p5engine.obj
 0007:00000003       __3A0418DB_p5engine_intrinsics@h 000000018003f003     p5engine.obj
 0007:00000004       __6D6C9F34_p5engine_math@h 000000018003f004     p5engine.obj
 0007:00000005       __326D9465_p5engine_entity@h 000000018003f005     p5engine.obj
 0007:00000006       __B7D51BCB_p5engine@h      000000018003f006     p5engine.obj
 0007:00000007       __ECDA994C_p5engine_render_group@cpp 000000018003f007     p5engine.obj
 0007:00000008       __DC0D61CC_p5engine_world@cpp 000000018003f008     p5engine.obj
 0007:00000009       __5DD8E4E4_p5engine_sim_region@cpp 000000018003f009     p5engine.obj
 0007:0000000a       __9C871DF9_p5engine_entity@cpp 000000018003f00a     p5engine.obj
 0007:0000000b       __74B1E2C0_p5engine_random@h 000000018003f00b     p5engine.obj
 0007:0000000c       __D1049797_p5engine@cpp    000000018003f00c     p5engine.obj
 0009:00000170       $R000000                   0000000180041170     * linker generated manifest res *
