 P5Engine

 Timestamp is 63142d5a (Sat Sep  3 23:45:14 2022)

 Preferred load address is 0000000180000000

 Start         Length     Name                   Class
 0001:00000000 00009c60H .text$mn                CODE
 0001:00009c60 00000040H .text$mn$00             CODE
 0001:00009ca0 000000ddH .text$x                 CODE
 0002:00000000 000000f8H .idata$5                DATA
 0002:000000f8 00000028H .00cfg                  DATA
 0002:00000120 00000008H .CRT$XCA                DATA
 0002:00000128 00000008H .CRT$XCZ                DATA
 0002:00000130 00000008H .CRT$XIA                DATA
 0002:00000138 00000008H .CRT$XIZ                DATA
 0002:00000140 00000008H .CRT$XPA                DATA
 0002:00000148 00000008H .CRT$XPZ                DATA
 0002:00000150 00000008H .CRT$XTA                DATA
 0002:00000158 00000008H .CRT$XTZ                DATA
 0002:00000160 00000000H .gehcont$y              DATA
 0002:00000160 00000000H .gfids$y                DATA
 0002:00000160 00000620H .rdata                  DATA
 0002:00000780 00000000H .rdata$CastGuardVftablesA DATA
 0002:00000780 00000000H .rdata$CastGuardVftablesC DATA
 0002:00000780 00000020H .rdata$voltmd           DATA
 0002:000007a0 000002d8H .rdata$zzzdbg           DATA
 0002:00000a78 00000008H .rtc$IAA                DATA
 0002:00000a80 00000008H .rtc$IZZ                DATA
 0002:00000a88 00000008H .rtc$TAA                DATA
 0002:00000a90 00000008H .rtc$TZZ                DATA
 0002:00000a98 000006c8H .xdata                  DATA
 0002:00001160 00000074H .edata                  DATA
 0002:000011d4 0000003cH .idata$2                DATA
 0002:00001210 00000018H .idata$3                DATA
 0002:00001228 000000f8H .idata$4                DATA
 0002:00001320 0000028eH .idata$6                DATA
 0003:00000000 00004040H .data                   DATA
 0003:00004040 0000061cH .bss                    DATA
 0004:00000000 000004d4H .pdata                  DATA
 0005:00000000 0000000dH .msvcjmc                DATA
 0006:00000000 00000060H .rsrc$01                DATA
 0006:00000060 00000098H .rsrc$02                DATA

  Address         Publics by Value              Rva+Base               Lib:Object

 0000:00000000       __guard_iat_count          0000000000000000     <absolute>
 0000:00000000       __hybrid_auxiliary_iat     0000000000000000     <absolute>
 0000:00000000       __hybrid_auxiliary_iat_copy 0000000000000000     <absolute>
 0000:00000000       __arm64x_extra_rfe_table   0000000000000000     <absolute>
 0000:00000000       __dynamic_value_reloc_table 0000000000000000     <absolute>
 0000:00000000       __hybrid_code_map          0000000000000000     <absolute>
 0000:00000000       __x64_code_ranges_to_entry_points 0000000000000000     <absolute>
 0000:00000000       __hybrid_code_map_count    0000000000000000     <absolute>
 0000:00000000       __arm64x_extra_rfe_table_size 0000000000000000     <absolute>
 0000:00000000       ___safe_se_handler_count   0000000000000000     <absolute>
 0000:00000000       __x64_code_ranges_to_entry_points_count 0000000000000000     <absolute>
 0000:00000000       __AbsoluteZero             0000000000000000     <absolute>
 0000:00000000       __guard_longjmp_table      0000000000000000     <absolute>
 0000:00000000       __guard_check_icall_a64n_fptr 0000000000000000     <absolute>
 0000:00000000       __guard_fids_table         0000000000000000     <absolute>
 0000:00000000       __guard_longjmp_count      0000000000000000     <absolute>
 0000:00000000       __arm64x_native_entrypoint 0000000000000000     <absolute>
 0000:00000000       __guard_eh_cont_table      0000000000000000     <absolute>
 0000:00000000       __guard_eh_cont_count      0000000000000000     <absolute>
 0000:00000000       ___safe_se_handler_table   0000000000000000     <absolute>
 0000:00000000       __guard_iat_table          0000000000000000     <absolute>
 0000:00000000       __arm64x_redirection_metadata 0000000000000000     <absolute>
 0000:00000000       __enclave_config           0000000000000000     <absolute>
 0000:00000000       __arm64x_redirection_metadata_count 0000000000000000     <absolute>
 0000:00000000       __guard_fids_count         0000000000000000     <absolute>
 0000:00000100       __guard_flags              0000000000000100     <absolute>
 0000:00000000       __ImageBase                0000000180000000     <linker-defined>
 0001:00000000       ??X@YAAEATv3@@AEAT0@M@Z    0000000180001000 f i p5engine.obj
 0001:00000720       ?AreInSameChunk@@YAHPEAUworld@@PEAUworld_position@@1@Z 0000000180001720 f i p5engine.obj
 0001:00001040       ?ChangeEntityLocationRaw@@YAXPEAUmemory_arena@@PEAUworld@@IPEAUworld_position@@2@Z 0000000180002040 f i p5engine.obj
 0001:000012f0       ?ChunkPositionFromTilePosition@@YA?AUworld_position@@PEAUworld@@HHHTv3@@@Z 00000001800022f0 f i p5engine.obj
 0001:00002f60       ?EntityOverlapsRectangle@@YAHTv3@@Usim_entity_collision_volume@@Urectangle3@@@Z 0000000180003f60 f i p5engine.obj
 0001:00003110       ?GetRenderEntityBasisPos@@YA?AUentity_basis_p_result@@PEAUrender_group@@PEAUrender_entity_basis@@Tv2@@@Z 0000000180004110 f i p5engine.obj
 0001:000032c0       ?GetStairGround@@YAMPEAUsim_entity@@Tv3@@@Z 00000001800042c0 f i p5engine.obj
 0001:00003450       ?GetWorldChunk@@YAPEAUworld_chunk@@PEAUworld@@HHHPEAUmemory_arena@@@Z 0000000180004450 f i p5engine.obj
 0001:00003590       ?IsCanonical@@YAHMM@Z      0000000180004590 f i p5engine.obj
 0001:000046b0       ?PushRect@@YAXPEAUrender_group@@Tv3@@Tv2@@Tv4@@@Z 00000001800056b0 f i p5engine.obj
 0001:000047b0       ?PushRectOutline@@YAXPEAUrender_group@@Tv3@@Tv2@@Tv4@@@Z 00000001800057b0 f i p5engine.obj
 0001:000049b0       ?PushRenderElement_@@YAPEAXPEAUrender_group@@IW4render_group_entry_type@@@Z 00000001800059b0 f i p5engine.obj
 0001:00004a20       ?PushSize_@@YAPEAXPEAUmemory_arena@@_K@Z 0000000180005a20 f i p5engine.obj
 0001:00004a80       ?RecanonicalizeCoord@@YAXMPEAHPEAM@Z 0000000180005a80 f i p5engine.obj
 0001:00005130       GameGetSoundSamples        0000000180006130 f   p5engine.obj
 0001:00005170       GameUpdateAndRender        0000000180006170 f   p5engine.obj
 0001:000085b0       __CheckForDebuggerJustMyCode 00000001800095b0 f   MSVCRTD:debugger_jmc.obj
 0001:000085f0       __GSHandlerCheck           00000001800095f0 f   MSVCRTD:gshandler.obj
 0001:00008630       __GSHandlerCheckCommon     0000000180009630 f   MSVCRTD:gshandler.obj
 0001:00008740       __security_check_cookie    0000000180009740 f   MSVCRTD:amdsecgs.obj
 0001:00008b70       _DllMainCRTStartup         0000000180009b70 f   MSVCRTD:dll_dllmain.obj
 0001:00008bb0       __raise_securityfailure    0000000180009bb0 f   MSVCRTD:gs_report.obj
 0001:00008bf0       __report_gsfailure         0000000180009bf0 f   MSVCRTD:gs_report.obj
 0001:00008e50       __security_init_cookie     0000000180009e50 f   MSVCRTD:gs_support.obj
 0001:00008ed0       DllMain                    0000000180009ed0 f   MSVCRTD:dll_dllmain_stub.obj
 0001:00008f10       ?__scrt_initialize_type_info@@YAXXZ 0000000180009f10 f   MSVCRTD:tncleanup.obj
 0001:00008f30       ?__scrt_uninitialize_type_info@@YAXXZ 0000000180009f30 f   MSVCRTD:tncleanup.obj
 0001:00008f50       __local_stdio_printf_options 0000000180009f50 f i MSVCRTD:default_local_stdio_options.obj
 0001:00008f60       __local_stdio_scanf_options 0000000180009f60 f i MSVCRTD:default_local_stdio_options.obj
 0001:00008f70       __scrt_initialize_default_local_stdio_options 0000000180009f70 f   MSVCRTD:default_local_stdio_options.obj
 0001:00008fc0       ?configure_argv@__scrt_narrow_argv_policy@@SAHXZ 0000000180009fc0 f i MSVCRTD:utility.obj
 0001:000090b0       ?initialize_environment@__scrt_narrow_environment_policy@@SAHXZ 000000018000a0b0 f i MSVCRTD:utility.obj
 0001:00009150       NtCurrentTeb               000000018000a150 f i MSVCRTD:utility.obj
 0001:00009160       __scrt_acquire_startup_lock 000000018000a160 f   MSVCRTD:utility.obj
 0001:000091d0       __scrt_dllmain_after_initialize_c 000000018000a1d0 f   MSVCRTD:utility.obj
 0001:00009200       __scrt_dllmain_before_initialize_c 000000018000a200 f   MSVCRTD:utility.obj
 0001:00009220       __scrt_dllmain_crt_thread_attach 000000018000a220 f   MSVCRTD:utility.obj
 0001:00009250       __scrt_dllmain_crt_thread_detach 000000018000a250 f   MSVCRTD:utility.obj
 0001:00009270       __scrt_dllmain_exception_filter 000000018000a270 f   MSVCRTD:utility.obj
 0001:000092e0       __scrt_dllmain_uninitialize_c 000000018000a2e0 f   MSVCRTD:utility.obj
 0001:00009310       __scrt_dllmain_uninitialize_critical 000000018000a310 f   MSVCRTD:utility.obj
 0001:00009330       __scrt_initialize_crt      000000018000a330 f   MSVCRTD:utility.obj
 0001:00009380       __scrt_initialize_onexit_tables 000000018000a380 f   MSVCRTD:utility.obj
 0001:00009490       __scrt_is_nonwritable_in_current_image 000000018000a490 f   MSVCRTD:utility.obj
 0001:00009520       __scrt_release_startup_lock 000000018000a520 f   MSVCRTD:utility.obj
 0001:00009550       __scrt_uninitialize_crt    000000018000a550 f   MSVCRTD:utility.obj
 0001:00009590       __scrt_get_dyn_tls_init_callback 000000018000a590 f   MSVCRTD:dyn_tls_init.obj
 0001:000095a0       __crt_debugger_hook        000000018000a5a0 f   MSVCRTD:utility_desktop.obj
 0001:000095b0       __scrt_fastfail            000000018000a5b0 f   MSVCRTD:utility_desktop.obj
 0001:00009750       _RTC_Initialize            000000018000a750 f   MSVCRTD:initsect.obj
 0001:000097a0       _RTC_Terminate             000000018000a7a0 f   MSVCRTD:initsect.obj
 0001:000097f0       _guard_check_icall_nop     000000018000a7f0 f i MSVCRTD:guard_support.obj
 0001:00009800       __isa_available_init       000000018000a800 f   MSVCRTD:cpu_disp.obj
 0001:00009ba0       _get_startup_argv_mode     000000018000aba0 f   MSVCRTD:argv_mode.obj
 0001:00009bb0       __scrt_is_ucrt_dll_in_use  000000018000abb0 f   MSVCRTD:ucrt_detection.obj
 0001:00009be0       memset                     000000018000abe0 f   vcruntimed:VCRUNTIME140D.dll
 0001:00009be6       __C_specific_handler       000000018000abe6 f   vcruntimed:VCRUNTIME140D.dll
 0001:00009bec       __std_type_info_destroy_list 000000018000abec f   vcruntimed:VCRUNTIME140D.dll
 0001:00009bf2       sinf                       000000018000abf2 f   ucrtd:ucrtbased.dll
 0001:00009bf8       _initterm                  000000018000abf8 f   ucrtd:ucrtbased.dll
 0001:00009bfe       _initterm_e                000000018000abfe f   ucrtd:ucrtbased.dll
 0001:00009c04       _seh_filter_dll            000000018000ac04 f   ucrtd:ucrtbased.dll
 0001:00009c0a       _configure_narrow_argv     000000018000ac0a f   ucrtd:ucrtbased.dll
 0001:00009c10       _initialize_narrow_environment 000000018000ac10 f   ucrtd:ucrtbased.dll
 0001:00009c16       _initialize_onexit_table   000000018000ac16 f   ucrtd:ucrtbased.dll
 0001:00009c1c       _execute_onexit_table      000000018000ac1c f   ucrtd:ucrtbased.dll
 0001:00009c22       _cexit                     000000018000ac22 f   ucrtd:ucrtbased.dll
 0001:00009c30       __vcrt_initialize          000000018000ac30 f   MSVCRTD:ucrt_stubs.obj
 0001:00009c30       __acrt_initialize          000000018000ac30 f   MSVCRTD:ucrt_stubs.obj
 0001:00009c30       __vcrt_thread_detach       000000018000ac30 f   MSVCRTD:ucrt_stubs.obj
 0001:00009c30       __scrt_stub_for_acrt_initialize 000000018000ac30 f   MSVCRTD:ucrt_stubs.obj
 0001:00009c30       __scrt_stub_for_acrt_thread_detach 000000018000ac30 f   MSVCRTD:ucrt_stubs.obj
 0001:00009c30       __scrt_stub_for_acrt_thread_attach 000000018000ac30 f   MSVCRTD:ucrt_stubs.obj
 0001:00009c30       __acrt_thread_attach       000000018000ac30 f   MSVCRTD:ucrt_stubs.obj
 0001:00009c30       __vcrt_thread_attach       000000018000ac30 f   MSVCRTD:ucrt_stubs.obj
 0001:00009c30       __acrt_thread_detach       000000018000ac30 f   MSVCRTD:ucrt_stubs.obj
 0001:00009c40       __vcrt_uninitialize_critical 000000018000ac40 f   MSVCRTD:ucrt_stubs.obj
 0001:00009c40       __scrt_stub_for_acrt_uninitialize 000000018000ac40 f   MSVCRTD:ucrt_stubs.obj
 0001:00009c40       __vcrt_uninitialize        000000018000ac40 f   MSVCRTD:ucrt_stubs.obj
 0001:00009c40       __scrt_stub_for_acrt_uninitialize_critical 000000018000ac40 f   MSVCRTD:ucrt_stubs.obj
 0001:00009c40       __acrt_uninitialize        000000018000ac40 f   MSVCRTD:ucrt_stubs.obj
 0001:00009c40       __acrt_uninitialize_critical 000000018000ac40 f   MSVCRTD:ucrt_stubs.obj
 0001:00009c50       __scrt_stub_for_is_c_termination_complete 000000018000ac50 f   MSVCRTD:ucrt_stubs.obj
 0001:00009c50       _is_c_termination_complete 000000018000ac50 f   MSVCRTD:ucrt_stubs.obj
 0001:00009c70       _guard_dispatch_icall_nop  000000018000ac70 f   MSVCRTD:guard_dispatch.obj
 0001:00009c90       _guard_xfg_dispatch_icall_nop 000000018000ac90 f   MSVCRTD:guard_xfg_dispatch.obj
 0002:00000000       __imp_GetCurrentProcessId  000000018000b000     kernel32:KERNEL32.dll
 0002:00000008       __imp_GetCurrentThreadId   000000018000b008     kernel32:KERNEL32.dll
 0002:00000010       __imp_RtlLookupFunctionEntry 000000018000b010     kernel32:KERNEL32.dll
 0002:00000018       __imp_RtlVirtualUnwind     000000018000b018     kernel32:KERNEL32.dll
 0002:00000020       __imp_UnhandledExceptionFilter 000000018000b020     kernel32:KERNEL32.dll
 0002:00000028       __imp_IsDebuggerPresent    000000018000b028     kernel32:KERNEL32.dll
 0002:00000030       __imp_InitializeSListHead  000000018000b030     kernel32:KERNEL32.dll
 0002:00000038       __imp_DisableThreadLibraryCalls 000000018000b038     kernel32:KERNEL32.dll
 0002:00000040       __imp_GetSystemTimeAsFileTime 000000018000b040     kernel32:KERNEL32.dll
 0002:00000048       __imp_RtlCaptureContext    000000018000b048     kernel32:KERNEL32.dll
 0002:00000050       __imp_QueryPerformanceCounter 000000018000b050     kernel32:KERNEL32.dll
 0002:00000058       __imp_IsProcessorFeaturePresent 000000018000b058     kernel32:KERNEL32.dll
 0002:00000060       __imp_TerminateProcess     000000018000b060     kernel32:KERNEL32.dll
 0002:00000068       __imp_GetCurrentProcess    000000018000b068     kernel32:KERNEL32.dll
 0002:00000070       __imp_SetUnhandledExceptionFilter 000000018000b070     kernel32:KERNEL32.dll
 0002:00000078       \177KERNEL32_NULL_THUNK_DATA 000000018000b078     kernel32:KERNEL32.dll
 0002:00000080       __imp_memset               000000018000b080     vcruntimed:VCRUNTIME140D.dll
 0002:00000088       __imp___std_type_info_destroy_list 000000018000b088     vcruntimed:VCRUNTIME140D.dll
 0002:00000090       __imp___C_specific_handler 000000018000b090     vcruntimed:VCRUNTIME140D.dll
 0002:00000098       \177VCRUNTIME140D_NULL_THUNK_DATA 000000018000b098     vcruntimed:VCRUNTIME140D.dll
 0002:000000a0       __imp__cexit               000000018000b0a0     ucrtd:ucrtbased.dll
 0002:000000a8       __imp__execute_onexit_table 000000018000b0a8     ucrtd:ucrtbased.dll
 0002:000000b0       __imp__initialize_onexit_table 000000018000b0b0     ucrtd:ucrtbased.dll
 0002:000000b8       __imp__initialize_narrow_environment 000000018000b0b8     ucrtd:ucrtbased.dll
 0002:000000c0       __imp__seh_filter_dll      000000018000b0c0     ucrtd:ucrtbased.dll
 0002:000000c8       __imp__initterm_e          000000018000b0c8     ucrtd:ucrtbased.dll
 0002:000000d0       __imp__initterm            000000018000b0d0     ucrtd:ucrtbased.dll
 0002:000000d8       __imp_sinf                 000000018000b0d8     ucrtd:ucrtbased.dll
 0002:000000e0       __imp_roundf               000000018000b0e0     ucrtd:ucrtbased.dll
 0002:000000e8       __imp__configure_narrow_argv 000000018000b0e8     ucrtd:ucrtbased.dll
 0002:000000f0       \177ucrtbased_NULL_THUNK_DATA 000000018000b0f0     ucrtd:ucrtbased.dll
 0002:000000f8       __guard_check_icall_fptr   000000018000b0f8     MSVCRTD:guard_support.obj
 0002:00000100       __guard_xfg_check_icall_fptr 000000018000b100     MSVCRTD:guard_support.obj
 0002:00000108       __guard_dispatch_icall_fptr 000000018000b108     MSVCRTD:guard_support.obj
 0002:00000110       __guard_xfg_dispatch_icall_fptr 000000018000b110     MSVCRTD:guard_support.obj
 0002:00000118       __guard_xfg_table_dispatch_icall_fptr 000000018000b118     MSVCRTD:guard_support.obj
 0002:00000120       __xc_a                     000000018000b120     MSVCRTD:initializers.obj
 0002:00000128       __xc_z                     000000018000b128     MSVCRTD:initializers.obj
 0002:00000130       __xi_a                     000000018000b130     MSVCRTD:initializers.obj
 0002:00000138       __xi_z                     000000018000b138     MSVCRTD:initializers.obj
 0002:00000140       __xp_a                     000000018000b140     MSVCRTD:initializers.obj
 0002:00000148       __xp_z                     000000018000b148     MSVCRTD:initializers.obj
 0002:00000150       __xt_a                     000000018000b150     MSVCRTD:initializers.obj
 0002:00000158       __xt_z                     000000018000b158     MSVCRTD:initializers.obj
 0002:00000160       ??_C@_0BM@PJPBBIHG@?4?4?1P5Engine?1data?1grass1?4bmp@ 000000018000b160     p5engine.obj
 0002:00000180       ??_C@_0BL@KMKJHMBG@?4?4?1P5Engine?1data?1soil1?4bmp@ 000000018000b180     p5engine.obj
 0002:000001a0       ??_C@_0BL@CKDNAOLI@?4?4?1P5Engine?1data?1soil2?4bmp@ 000000018000b1a0     p5engine.obj
 0002:000001c0       ??_C@_0BL@OBGBNNBN@?4?4?1P5Engine?1data?1soil3?4bmp@ 000000018000b1c0     p5engine.obj
 0002:000001e0       ??_C@_0BL@PKIKGPIF@?4?4?1P5Engine?1data?1tuft1?4bmp@ 000000018000b1e0     p5engine.obj
 0002:00000200       ??_C@_0BL@HMBOBNCL@?4?4?1P5Engine?1data?1tuft2?4bmp@ 000000018000b200     p5engine.obj
 0002:00000220       ??_C@_0BI@LLDOGEFD@?4?4?1P5Engine?1data?1bg?4bmp@ 000000018000b220     p5engine.obj
 0002:00000238       ??_C@_0BM@NIFDJJOH@?4?4?1P5Engine?1data?1shadow?4bmp@ 000000018000b238     p5engine.obj
 0002:00000258       ??_C@_0BM@ODFMFCEI@?4?4?1P5Engine?1data?1stairs?4bmp@ 000000018000b258     p5engine.obj
 0002:00000278       ??_C@_0BK@OBLCJJGP@?4?4?1P5Engine?1data?1tree?4bmp@ 000000018000b278     p5engine.obj
 0002:00000298       ??_C@_0BL@IDLBAPAA@?4?4?1P5Engine?1data?1enemy?4bmp@ 000000018000b298     p5engine.obj
 0002:000002b8       ??_C@_0BJ@NKABLOEO@?4?4?1P5Engine?1data?1orb?4bmp@ 000000018000b2b8     p5engine.obj
 0002:000002d8       ??_C@_0CC@LMFPELMM@?4?4?1P5Engine?1data?1char?9right?90?4b@ 000000018000b2d8     p5engine.obj
 0002:00000300       ??_C@_0CB@PEKICNDL@?4?4?1P5Engine?1data?1char?9back?90?4bm@ 000000018000b300     p5engine.obj
 0002:00000328       ??_C@_0CB@EADJMAIP@?4?4?1P5Engine?1data?1char?9left?90?4bm@ 000000018000b328     p5engine.obj
 0002:00000350       ??_C@_0CC@FOFLOHLO@?4?4?1P5Engine?1data?1char?9front?90?4b@ 000000018000b350     p5engine.obj
 0002:00000378       ??_C@_0CB@KNGGMNCB@?4?4?1P5Engine?1data?1sword?9right?4bm@ 000000018000b378     p5engine.obj
 0002:000003a0       ??_C@_0CA@LOPACOB@?4?4?1P5Engine?1data?1sword?9back?4bmp@ 000000018000b3a0     p5engine.obj
 0002:000003c0       ??_C@_0CA@OHNPEIGA@?4?4?1P5Engine?1data?1sword?9left?4bmp@ 000000018000b3c0     p5engine.obj
 0002:000003e0       ??_C@_0CB@BNIDBOJA@?4?4?1P5Engine?1data?1sword?9front?4bm@ 000000018000b3e0     p5engine.obj
 0002:00000404       __real@37810183            000000018000b404     p5engine.obj
 0002:00000408       __real@3a83126f            000000018000b408     p5engine.obj
 0002:0000040c       __real@3b808081            000000018000b40c     p5engine.obj
 0002:00000410       __real@3c23d70a            000000018000b410     p5engine.obj
 0002:00000414       __real@3dcccccd            000000018000b414     p5engine.obj
 0002:00000418       __real@3e4ccccd            000000018000b418     p5engine.obj
 0002:0000041c       __real@3e800000            000000018000b41c     p5engine.obj
 0002:00000420       __real@3f000000            000000018000b420     p5engine.obj
 0002:00000424       __real@3f19999a            000000018000b424     p5engine.obj
 0002:00000428       __real@3f228f5c            000000018000b428     p5engine.obj
 0002:0000042c       __real@3f3504f3            000000018000b42c     p5engine.obj
 0002:00000430       __real@3f400000            000000018000b430     p5engine.obj
 0002:00000434       __real@3f666666            000000018000b434     p5engine.obj
 0002:00000438       __real@3f800000            000000018000b438     p5engine.obj
 0002:0000043c       __real@3f8ccccd            000000018000b43c     p5engine.obj
 0002:00000440       __real@3f99999a            000000018000b440     p5engine.obj
 0002:00000444       __real@3fb33333            000000018000b444     p5engine.obj
 0002:00000448       __real@3fc00000            000000018000b448     p5engine.obj
 0002:0000044c       __real@40000000            000000018000b44c     p5engine.obj
 0002:00000450       __real@40333333            000000018000b450     p5engine.obj
 0002:00000454       __real@40400000            000000018000b454     p5engine.obj
 0002:00000458       __real@40a00000            000000018000b458     p5engine.obj
 0002:0000045c       __real@40c90fdb            000000018000b45c     p5engine.obj
 0002:00000460       __real@411ccccd            000000018000b460     p5engine.obj
 0002:00000464       __real@41499999            000000018000b464     p5engine.obj
 0002:00000468       __real@41700000            000000018000b468     p5engine.obj
 0002:0000046c       __real@41a00000            000000018000b46c     p5engine.obj
 0002:00000470       __real@41be6666            000000018000b470     p5engine.obj
 0002:00000474       __real@41f00000            000000018000b474     p5engine.obj
 0002:00000478       __real@42ff0000            000000018000b478     p5engine.obj
 0002:0000047c       __real@43000000            000000018000b47c     p5engine.obj
 0002:00000480       __real@437f0000            000000018000b480     p5engine.obj
 0002:00000484       __real@461c4000            000000018000b484     p5engine.obj
 0002:00000488       __real@47c35000            000000018000b488     p5engine.obj
 0002:0000048c       __real@7f7fffff            000000018000b48c     p5engine.obj
 0002:00000490       __real@becccccd            000000018000b490     p5engine.obj
 0002:00000494       __real@bf000000            000000018000b494     p5engine.obj
 0002:00000498       __real@bf800000            000000018000b498     p5engine.obj
 0002:0000049c       __real@c0000000            000000018000b49c     p5engine.obj
 0002:000004a0       __real@c0100000            000000018000b4a0     p5engine.obj
 0002:000004a4       __real@c0400000            000000018000b4a4     p5engine.obj
 0002:000004b0       __xmm@000000003e8000003e8000003e800000 000000018000b4b0     p5engine.obj
 0002:000004c0       __xmm@000000ff000000ff000000ff000000ff 000000018000b4c0     p5engine.obj
 0002:000004d0       __xmm@0000ffff0000ffff0000ffff0000ffff 000000018000b4d0     p5engine.obj
 0002:000004e0       __xmm@00ff00ff00ff00ff00ff00ff00ff00ff 000000018000b4e0     p5engine.obj
 0002:000004f0       __xmm@3b8080813b8080813b8080813b808081 000000018000b4f0     p5engine.obj
 0002:00000500       __xmm@3f800000000000003f0000003f800000 000000018000b500     p5engine.obj
 0002:00000510       __xmm@3f800000000000003f8000003f800000 000000018000b510     p5engine.obj
 0002:00000520       __xmm@3f8000003dcccccd3f4000003f000000 000000018000b520     p5engine.obj
 0002:00000530       __xmm@3f8000003f800000000000003f800000 000000018000b530     p5engine.obj
 0002:00000540       __xmm@3f8000003f8000003f80000000000000 000000018000b540     p5engine.obj
 0002:00000550       __xmm@3f8000003f8000003f8000003f800000 000000018000b550     p5engine.obj
 0002:00000560       __xmm@40800000408000004080000040800000 000000018000b560     p5engine.obj
 0002:00000570       __xmm@477e0100477e0100477e0100477e0100 000000018000b570     p5engine.obj
 0002:00000580       __xmm@7fffffff7fffffff7fffffff7fffffff 000000018000b580     p5engine.obj
 0002:00000590       __xmm@80000000800000008000000080000000 000000018000b590     p5engine.obj
 0002:000005a0       __xmm@ffffffffffffffffffffffffffffffff 000000018000b5a0     p5engine.obj
 0002:000005b0       _pDefaultRawDllMain        000000018000b5b0     MSVCRTD:dll_dllmain.obj
 0002:000005b0       _pRawDllMain               000000018000b5b0     MSVCRTD:dll_dllmain.obj
 0002:00000620       _load_config_used          000000018000b620     MSVCRTD:loadcfg.obj
 0002:00000780       __volatile_metadata        000000018000b780     <linker-defined>
 0002:00000a78       __rtc_iaa                  000000018000ba78     MSVCRTD:initsect.obj
 0002:00000a80       __rtc_izz                  000000018000ba80     MSVCRTD:initsect.obj
 0002:00000a88       __rtc_taa                  000000018000ba88     MSVCRTD:initsect.obj
 0002:00000a90       __rtc_tzz                  000000018000ba90     MSVCRTD:initsect.obj
 0002:000011d4       __IMPORT_DESCRIPTOR_VCRUNTIME140D 000000018000c1d4     vcruntimed:VCRUNTIME140D.dll
 0002:000011e8       __IMPORT_DESCRIPTOR_ucrtbased 000000018000c1e8     ucrtd:ucrtbased.dll
 0002:000011fc       __IMPORT_DESCRIPTOR_KERNEL32 000000018000c1fc     kernel32:KERNEL32.dll
 0002:00001210       __NULL_IMPORT_DESCRIPTOR   000000018000c210     vcruntimed:VCRUNTIME140D.dll
 0003:00004000       __security_cookie_complement 0000000180011000     MSVCRTD:gs_cookie.obj
 0003:00004008       __security_cookie          0000000180011008     MSVCRTD:gs_cookie.obj
 0003:00004010       _fltused                   0000000180011010     MSVCRTD:fltused.obj
 0003:00004014       __scrt_native_dllmain_reason 0000000180011014     MSVCRTD:utility.obj
 0003:00004018       __isa_available            0000000180011018     MSVCRTD:cpu_disp.obj
 0003:0000401c       __isa_enabled              000000018001101c     MSVCRTD:cpu_disp.obj
 0003:00004020       __memcpy_nt_iters          0000000180011020     MSVCRTD:cpu_disp.obj
 0003:00004028       __memset_nt_iters          0000000180011028     MSVCRTD:cpu_disp.obj
 0003:00004030       __scrt_ucrt_dll_is_in_use  0000000180011030     MSVCRTD:ucrt_stubs.obj
 0003:00004040       DebugGlobalMemory          0000000180011040     p5engine.obj
 0003:000045d0       ?__type_info_root_node@@3U__type_info_node@@A 00000001800115d0     MSVCRTD:tncleanup.obj
 0003:000045e0       ?_OptionsStorage@?1??__local_stdio_printf_options@@9@4_KA 00000001800115e0     MSVCRTD:default_local_stdio_options.obj
 0003:000045e8       ?_OptionsStorage@?1??__local_stdio_scanf_options@@9@4_KA 00000001800115e8     MSVCRTD:default_local_stdio_options.obj
 0003:000045f0       __scrt_current_native_startup_state 00000001800115f0     MSVCRTD:utility.obj
 0003:000045f8       __scrt_native_startup_lock 00000001800115f8     MSVCRTD:utility.obj
 0003:00004638       __scrt_debugger_hook_flag  0000000180011638     MSVCRTD:utility_desktop.obj
 0003:00004640       __castguard_check_failure_os_handled_fptr 0000000180011640     MSVCRTD:guard_support.obj
 0003:00004648       __favor                    0000000180011648     MSVCRTD:cpu_disp.obj
 0003:00004650       __dyn_tls_init_callback    0000000180011650     <common>
 0003:00004658       __DebuggerCurrentSteppingThreadId 0000000180011658     <common>

 entry point at        0001:00008b70

 Static symbols

 0000:fffea000       .debug$S                   0000000180000000     P5Engine.exp
 0000:fffea000       .debug$S                   0000000180000000     vcruntimed:VCRUNTIME140D.dll
 0000:fffea000       .debug$S                   0000000180000000     vcruntimed:VCRUNTIME140D.dll
 0000:fffea000       .debug$S                   0000000180000000     vcruntimed:VCRUNTIME140D.dll
 0000:fffea000       .debug$S                   0000000180000000     vcruntimed:VCRUNTIME140D.dll
 0000:fffea000       .debug$S                   0000000180000000     vcruntimed:VCRUNTIME140D.dll
 0000:fffea000       .debug$S                   0000000180000000     ucrtd:ucrtbased.dll
 0000:fffea000       .debug$S                   0000000180000000     ucrtd:ucrtbased.dll
 0000:fffea000       .debug$S                   0000000180000000     ucrtd:ucrtbased.dll
 0000:fffea000       .debug$S                   0000000180000000     ucrtd:ucrtbased.dll
 0000:fffea000       .debug$S                   0000000180000000     ucrtd:ucrtbased.dll
 0000:fffea000       .debug$S                   0000000180000000     ucrtd:ucrtbased.dll
 0000:fffea000       .debug$S                   0000000180000000     ucrtd:ucrtbased.dll
 0000:fffea000       .debug$S                   0000000180000000     ucrtd:ucrtbased.dll
 0000:fffea000       .debug$S                   0000000180000000     ucrtd:ucrtbased.dll
 0000:fffea000       .debug$S                   0000000180000000     ucrtd:ucrtbased.dll
 0000:fffea000       .debug$S                   0000000180000000     ucrtd:ucrtbased.dll
 0000:fffea000       .debug$S                   0000000180000000     ucrtd:ucrtbased.dll
 0000:fffea000       .debug$S                   0000000180000000     ucrtd:ucrtbased.dll
 0000:fffea000       .debug$S                   0000000180000000     ucrtd:ucrtbased.dll
 0000:fffea000       .debug$S                   0000000180000000     kernel32:KERNEL32.dll
 0000:fffea000       .debug$S                   0000000180000000     kernel32:KERNEL32.dll
 0000:fffea000       .debug$S                   0000000180000000     kernel32:KERNEL32.dll
 0000:fffea000       .debug$S                   0000000180000000     kernel32:KERNEL32.dll
 0000:fffea000       .debug$S                   0000000180000000     kernel32:KERNEL32.dll
 0000:fffea000       .debug$S                   0000000180000000     kernel32:KERNEL32.dll
 0000:fffea000       .debug$S                   0000000180000000     kernel32:KERNEL32.dll
 0000:fffea000       .debug$S                   0000000180000000     kernel32:KERNEL32.dll
 0000:fffea000       .debug$S                   0000000180000000     kernel32:KERNEL32.dll
 0000:fffea000       .debug$S                   0000000180000000     kernel32:KERNEL32.dll
 0000:fffea000       .debug$S                   0000000180000000     kernel32:KERNEL32.dll
 0000:fffea000       .debug$S                   0000000180000000     kernel32:KERNEL32.dll
 0000:fffea000       .debug$S                   0000000180000000     kernel32:KERNEL32.dll
 0000:fffea000       .debug$S                   0000000180000000     kernel32:KERNEL32.dll
 0000:fffea000       .debug$S                   0000000180000000     kernel32:KERNEL32.dll
 0000:fffea000       .debug$S                   0000000180000000     kernel32:KERNEL32.dll
 0000:fffea000       .debug$S                   0000000180000000     kernel32:KERNEL32.dll
 0001:00000060       ?AddCollisionRule@@YAXPEAUgame_state@@IIH@Z 0000000180001060 f   p5engine.obj
 0001:00000140       ?AddEntity@@YAPEAUsim_entity@@PEAUgame_state@@PEAUsim_region@@IPEAUlow_entity@@PEATv3@@@Z 0000000180001140 f   p5engine.obj
 0001:00000260       ?AddEntityRaw@@YAPEAUsim_entity@@PEAUgame_state@@PEAUsim_region@@IPEAUlow_entity@@@Z 0000000180001260 f   p5engine.obj
 0001:00000450       ?AddLowEntity@@YA?AUadd_low_entity_result@@PEAUgame_state@@W4entity_type@@Uworld_position@@@Z 0000000180001450 f   p5engine.obj
 0001:000005a0       ?AllocateRenderGroup@@YAPEAUrender_group@@PEAUmemory_arena@@III@Z 00000001800015a0 f   p5engine.obj
 0001:00000830       ?BeginSim@@YAPEAUsim_region@@PEAUmemory_arena@@PEAUgame_state@@PEAUworld@@Uworld_position@@Urectangle3@@M@Z 0000000180001830 f   p5engine.obj
 0001:00000f60       ?ChangeEntityLocation@@YAXPEAUmemory_arena@@PEAUworld@@IPEAUlow_entity@@Uworld_position@@@Z 0000000180001f60 f   p5engine.obj
 0001:000014c0       ?DEBUGLoadBMP@@YA?AUloaded_bitmap@@PEAUthread_context@@P6A?AUdebug_read_file_result@@0PEAD@Z1HH@Z 00000001800024c0 f   p5engine.obj
 0001:00001860       ?DoTiledRenderWork@@YAXPEAUplatform_work_queue@@PEAX@Z 0000000180002860 f   p5engine.obj
 0001:000018c0       ?DrawHitpoints@@YAXPEAUsim_entity@@PEAUrender_group@@@Z 00000001800028c0 f   p5engine.obj
 0001:00001ac0       ?DrawRectangle@@YAXPEAUloaded_bitmap@@Tv2@@1Tv4@@Urectangle2i@@H@Z 0000000180002ac0 f   p5engine.obj
 0001:00001cc0       ?DrawRectangleQuickly@@YAXPEAUloaded_bitmap@@Tv2@@11Tv4@@0MUrectangle2i@@H@Z 0000000180002cc0 f   p5engine.obj
 0001:000029d0       ?EndSim@@YAXPEAUsim_region@@PEAUgame_state@@@Z 00000001800039d0 f   p5engine.obj
 0001:00002cc0       ?EntitiesOverlap@@YAHPEAUsim_entity@@0Tv3@@@Z 0000000180003cc0 f   p5engine.obj
 0001:000030a0       ?GetHashFromStorageIndex@@YAPEAUsim_entity_hash@@PEAUsim_region@@I@Z 00000001800040a0 f   p5engine.obj
 0001:00003600       ?MakeSimpleGroundedCollision@@YAPEAUsim_entity_collision_volume_group@@PEAUgame_state@@MMM@Z 0000000180004600 f   p5engine.obj
 0001:00003700       ?MoveEntity@@YAXPEAUgame_state@@PEAUsim_region@@PEAUsim_entity@@MPEAUmove_spec@@Tv3@@@Z 0000000180004700 f   p5engine.obj
 0001:00004b00       ?RenderGroupToOutput@@YAXPEAUrender_group@@PEAUloaded_bitmap@@Urectangle2i@@H@Z 0000000180005b00 f   p5engine.obj
 0001:00004e30       ?SetTopDownAlign@@YAXPEAUhero_bitmaps@@Tv2@@@Z 0000000180005e30 f   p5engine.obj
 0001:00004ed0       ?Subtract@@YA?ATv3@@PEAUworld@@PEAUworld_position@@1@Z 0000000180005ed0 f   p5engine.obj
 0001:00004fe0       ?TiledRenderGroupToOutput@@YAXPEAUplatform_work_queue@@PEAUrender_group@@PEAUloaded_bitmap@@@Z 0000000180005fe0 f   p5engine.obj
 0001:00008590       $LN1045                    0000000180009590     p5engine.obj
 0001:00008730       $$000000                   0000000180009730     MSVCRTD:amdsecgs.obj
 0001:00008760       ?dllmain_crt_dispatch@@YAHQEAUHINSTANCE__@@KQEAX@Z 0000000180009760 f   MSVCRTD:dll_dllmain.obj
 0001:000087f0       ?dllmain_crt_process_attach@@YAHQEAUHINSTANCE__@@QEAX@Z 00000001800097f0 f   MSVCRTD:dll_dllmain.obj
 0001:00008930       ?dllmain_crt_process_detach@@YAH_N@Z 0000000180009930 f   MSVCRTD:dll_dllmain.obj
 0001:000089d0       ?dllmain_dispatch@@YAHQEAUHINSTANCE__@@KQEAX@Z 00000001800099d0 f   MSVCRTD:dll_dllmain.obj
 0001:00008b10       ?dllmain_raw@@YAHQEAUHINSTANCE__@@KQEAX@Z 0000000180009b10 f   MSVCRTD:dll_dllmain.obj
 0001:00008cd0       capture_previous_context   0000000180009cd0 f   MSVCRTD:gs_report.obj
 0001:00008d90       __get_entropy              0000000180009d90 f   MSVCRTD:gs_support.obj
 0001:00008fe0       ?find_pe_section@@YAPEAU_IMAGE_SECTION_HEADER@@QEAE_K@Z 0000000180009fe0 f   MSVCRTD:utility.obj
 0001:000090c0       ?is_potentially_valid_image_base@@YA_NQEAX@Z 000000018000a0c0 f   MSVCRTD:utility.obj
 0001:00009c60       $$000000                   000000018000ac60     MSVCRTD:guard_dispatch.obj
 0001:00009c80       $$000000                   000000018000ac80     MSVCRTD:guard_xfg_dispatch.obj
 0001:00009ca0       ?fin$0@?0??dllmain_crt_process_attach@@YAHQEAUHINSTANCE__@@QEAX@Z@4HA 000000018000aca0 f   MSVCRTD:dll_dllmain.obj
 0001:00009cc0       ?fin$0@?0??dllmain_crt_process_detach@@YAH_N@Z@4HA 000000018000acc0 f   MSVCRTD:dll_dllmain.obj
 0001:00009cda       ?fin$1@?0??dllmain_crt_process_detach@@YAH_N@Z@4HA 000000018000acda f   MSVCRTD:dll_dllmain.obj
 0001:00009cf0       ?filt$0@?0??dllmain_dispatch@@YAHQEAUHINSTANCE__@@KQEAX@Z@4HA 000000018000acf0 f   MSVCRTD:dll_dllmain.obj
 0001:00009d40       __scrt_is_nonwritable_in_current_image$filt$0 000000018000ad40 f   MSVCRTD:utility.obj
 0002:000005b8       GS_ExceptionPointers       000000018000b5b8     MSVCRTD:gs_report.obj
 0002:00000a98       $unwind$?GetHashFromStorageIndex@@YAPEAUsim_entity_hash@@PEAUsim_region@@I@Z 000000018000ba98     p5engine.obj
 0002:00000a98       $unwind$?PushSize_@@YAPEAXPEAUmemory_arena@@_K@Z 000000018000ba98     p5engine.obj
 0002:00000a98       $unwind$_RTC_Initialize    000000018000ba98     MSVCRTD:initsect.obj
 0002:00000a98       $unwind$_RTC_Terminate     000000018000ba98     MSVCRTD:initsect.obj
 0002:00000aa4       $unwind$??X@YAAEATv3@@AEAT0@M@Z 000000018000baa4     p5engine.obj
 0002:00000ab0       $unwind$?GetStairGround@@YAMPEAUsim_entity@@Tv3@@@Z 000000018000bab0     p5engine.obj
 0002:00000abc       $unwind$?AddCollisionRule@@YAXPEAUgame_state@@IIH@Z 000000018000babc     p5engine.obj
 0002:00000abc       $unwind$?GetWorldChunk@@YAPEAUworld_chunk@@PEAUworld@@HHHPEAUmemory_arena@@@Z 000000018000babc     p5engine.obj
 0002:00000ad0       $unwind$?DrawRectangle@@YAXPEAUloaded_bitmap@@Tv2@@1Tv4@@Urectangle2i@@H@Z 000000018000bad0     p5engine.obj
 0002:00000afc       $unwind$?DrawRectangleQuickly@@YAXPEAUloaded_bitmap@@Tv2@@11Tv4@@0MUrectangle2i@@H@Z 000000018000bafc     p5engine.obj
 0002:00000b24       $chain$9$?DrawRectangleQuickly@@YAXPEAUloaded_bitmap@@Tv2@@11Tv4@@0MUrectangle2i@@H@Z 000000018000bb24     p5engine.obj
 0002:00000b5c       $chain$10$?DrawRectangleQuickly@@YAXPEAUloaded_bitmap@@Tv2@@11Tv4@@0MUrectangle2i@@H@Z 000000018000bb5c     p5engine.obj
 0002:00000b6c       $unwind$?PushRenderElement_@@YAPEAXPEAUrender_group@@IW4render_group_entry_type@@@Z 000000018000bb6c     p5engine.obj
 0002:00000b7c       $unwind$?PushRect@@YAXPEAUrender_group@@Tv3@@Tv2@@Tv4@@@Z 000000018000bb7c     p5engine.obj
 0002:00000b90       $unwind$?PushRectOutline@@YAXPEAUrender_group@@Tv3@@Tv2@@Tv4@@@Z 000000018000bb90     p5engine.obj
 0002:00000bac       $unwind$?GetRenderEntityBasisPos@@YA?AUentity_basis_p_result@@PEAUrender_group@@PEAUrender_entity_basis@@Tv2@@@Z 000000018000bbac     p5engine.obj
 0002:00000bc8       $unwind$?RenderGroupToOutput@@YAXPEAUrender_group@@PEAUloaded_bitmap@@Urectangle2i@@H@Z 000000018000bbc8     p5engine.obj
 0002:00000be0       $chain$1$?RenderGroupToOutput@@YAXPEAUrender_group@@PEAUloaded_bitmap@@Urectangle2i@@H@Z 000000018000bbe0     p5engine.obj
 0002:00000bf8       $chain$2$?RenderGroupToOutput@@YAXPEAUrender_group@@PEAUloaded_bitmap@@Urectangle2i@@H@Z 000000018000bbf8     p5engine.obj
 0002:00000c08       $unwind$?DoTiledRenderWork@@YAXPEAUplatform_work_queue@@PEAX@Z 000000018000bc08     p5engine.obj
 0002:00000c10       $unwind$?TiledRenderGroupToOutput@@YAXPEAUplatform_work_queue@@PEAUrender_group@@PEAUloaded_bitmap@@@Z 000000018000bc10     p5engine.obj
 0002:00000c38       $unwind$?AllocateRenderGroup@@YAPEAUrender_group@@PEAUmemory_arena@@III@Z 000000018000bc38     p5engine.obj
 0002:00000c4c       $unwind$?IsCanonical@@YAHMM@Z 000000018000bc4c     p5engine.obj
 0002:00000c5c       $unwind$?AreInSameChunk@@YAHPEAUworld@@PEAUworld_position@@1@Z 000000018000bc5c     p5engine.obj
 0002:00000c6c       $unwind$?RecanonicalizeCoord@@YAXMPEAHPEAM@Z 000000018000bc6c     p5engine.obj
 0002:00000c7c       $unwind$?ChunkPositionFromTilePosition@@YA?AUworld_position@@PEAUworld@@HHHTv3@@@Z 000000018000bc7c     p5engine.obj
 0002:00000ca0       $unwind$?Subtract@@YA?ATv3@@PEAUworld@@PEAUworld_position@@1@Z 000000018000bca0     p5engine.obj
 0002:00000cb8       $unwind$?ChangeEntityLocationRaw@@YAXPEAUmemory_arena@@PEAUworld@@IPEAUworld_position@@2@Z 000000018000bcb8     p5engine.obj
 0002:00000cd0       $unwind$?ChangeEntityLocation@@YAXPEAUmemory_arena@@PEAUworld@@IPEAUlow_entity@@Uworld_position@@@Z 000000018000bcd0     p5engine.obj
 0002:00000ce4       $unwind$?AddEntity@@YAPEAUsim_entity@@PEAUgame_state@@PEAUsim_region@@IPEAUlow_entity@@PEATv3@@@Z 000000018000bce4     p5engine.obj
 0002:00000cf8       $unwind$?AddEntityRaw@@YAPEAUsim_entity@@PEAUgame_state@@PEAUsim_region@@IPEAUlow_entity@@@Z 000000018000bcf8     p5engine.obj
 0002:00000d10       $chain$0$?AddEntityRaw@@YAPEAUsim_entity@@PEAUgame_state@@PEAUsim_region@@IPEAUlow_entity@@@Z 000000018000bd10     p5engine.obj
 0002:00000d24       $chain$1$?AddEntityRaw@@YAPEAUsim_entity@@PEAUgame_state@@PEAUsim_region@@IPEAUlow_entity@@@Z 000000018000bd24     p5engine.obj
 0002:00000d38       $chain$2$?AddEntityRaw@@YAPEAUsim_entity@@PEAUgame_state@@PEAUsim_region@@IPEAUlow_entity@@@Z 000000018000bd38     p5engine.obj
 0002:00000d4c       $chain$3$?AddEntityRaw@@YAPEAUsim_entity@@PEAUgame_state@@PEAUsim_region@@IPEAUlow_entity@@@Z 000000018000bd4c     p5engine.obj
 0002:00000d5c       $chain$4$?AddEntityRaw@@YAPEAUsim_entity@@PEAUgame_state@@PEAUsim_region@@IPEAUlow_entity@@@Z 000000018000bd5c     p5engine.obj
 0002:00000d6c       $chain$5$?AddEntityRaw@@YAPEAUsim_entity@@PEAUgame_state@@PEAUsim_region@@IPEAUlow_entity@@@Z 000000018000bd6c     p5engine.obj
 0002:00000d7c       $unwind$?EntityOverlapsRectangle@@YAHTv3@@Usim_entity_collision_volume@@Urectangle3@@@Z 000000018000bd7c     p5engine.obj
 0002:00000da4       $unwind$?BeginSim@@YAPEAUsim_region@@PEAUmemory_arena@@PEAUgame_state@@PEAUworld@@Uworld_position@@Urectangle3@@M@Z 000000018000bda4     p5engine.obj
 0002:00000dd0       $chain$3$?BeginSim@@YAPEAUsim_region@@PEAUmemory_arena@@PEAUgame_state@@PEAUworld@@Uworld_position@@Urectangle3@@M@Z 000000018000bdd0     p5engine.obj
 0002:00000df0       $chain$4$?BeginSim@@YAPEAUsim_region@@PEAUmemory_arena@@PEAUgame_state@@PEAUworld@@Uworld_position@@Urectangle3@@M@Z 000000018000bdf0     p5engine.obj
 0002:00000e00       $unwind$?EndSim@@YAXPEAUsim_region@@PEAUgame_state@@@Z 000000018000be00     p5engine.obj
 0002:00000e14       $chain$5$?EndSim@@YAXPEAUsim_region@@PEAUgame_state@@@Z 000000018000be14     p5engine.obj
 0002:00000e3c       $chain$6$?EndSim@@YAXPEAUsim_region@@PEAUgame_state@@@Z 000000018000be3c     p5engine.obj
 0002:00000e4c       $unwind$?EntitiesOverlap@@YAHPEAUsim_entity@@0Tv3@@@Z 000000018000be4c     p5engine.obj
 0002:00000e94       $unwind$?MoveEntity@@YAXPEAUgame_state@@PEAUsim_region@@PEAUsim_entity@@MPEAUmove_spec@@Tv3@@@Z 000000018000be94     p5engine.obj
 0002:00000ee0       $unwind$?DEBUGLoadBMP@@YA?AUloaded_bitmap@@PEAUthread_context@@P6A?AUdebug_read_file_result@@0PEAD@Z1HH@Z 000000018000bee0     p5engine.obj
 0002:00000ef8       $chain$3$?DEBUGLoadBMP@@YA?AUloaded_bitmap@@PEAUthread_context@@P6A?AUdebug_read_file_result@@0PEAD@Z1HH@Z 000000018000bef8     p5engine.obj
 0002:00000f18       $chain$6$?DEBUGLoadBMP@@YA?AUloaded_bitmap@@PEAUthread_context@@P6A?AUdebug_read_file_result@@0PEAD@Z1HH@Z 000000018000bf18     p5engine.obj
 0002:00000f34       $chain$7$?DEBUGLoadBMP@@YA?AUloaded_bitmap@@PEAUthread_context@@P6A?AUdebug_read_file_result@@0PEAD@Z1HH@Z 000000018000bf34     p5engine.obj
 0002:00000f44       $chain$8$?DEBUGLoadBMP@@YA?AUloaded_bitmap@@PEAUthread_context@@P6A?AUdebug_read_file_result@@0PEAD@Z1HH@Z 000000018000bf44     p5engine.obj
 0002:00000f54       $unwind$?AddLowEntity@@YA?AUadd_low_entity_result@@PEAUgame_state@@W4entity_type@@Uworld_position@@@Z 000000018000bf54     p5engine.obj
 0002:00000f70       $unwind$?DrawHitpoints@@YAXPEAUsim_entity@@PEAUrender_group@@@Z 000000018000bf70     p5engine.obj
 0002:00000f84       $unwind$?MakeSimpleGroundedCollision@@YAPEAUsim_entity_collision_volume_group@@PEAUgame_state@@MMM@Z 000000018000bf84     p5engine.obj
 0002:00000f98       $unwind$?SetTopDownAlign@@YAXPEAUhero_bitmaps@@Tv2@@@Z 000000018000bf98     p5engine.obj
 0002:00000fa4       $unwind$GameUpdateAndRender 000000018000bfa4     p5engine.obj
 0002:00000ff0       $unwind$GameGetSoundSamples 000000018000bff0     p5engine.obj
 0002:00000ff8       $unwind$__CheckForDebuggerJustMyCode 000000018000bff8     MSVCRTD:debugger_jmc.obj
 0002:00000ff8       $unwind$__report_gsfailure 000000018000bff8     MSVCRTD:gs_report.obj
 0002:00001000       $unwind$__GSHandlerCheckCommon 000000018000c000     MSVCRTD:gshandler.obj
 0002:00001008       $unwind$__GSHandlerCheck   000000018000c008     MSVCRTD:gshandler.obj
 0002:00001010       $xdatasym                  000000018000c010     MSVCRTD:amdsecgs.obj
 0002:00001014       $unwind$?dllmain_crt_process_attach@@YAHQEAUHINSTANCE__@@QEAX@Z 000000018000c014     MSVCRTD:dll_dllmain.obj
 0002:00001034       $unwind$?fin$0@?0??dllmain_crt_process_attach@@YAHQEAUHINSTANCE__@@QEAX@Z@4HA 000000018000c034     MSVCRTD:dll_dllmain.obj
 0002:00001034       $unwind$?fin$0@?0??dllmain_crt_process_detach@@YAH_N@Z@4HA 000000018000c034     MSVCRTD:dll_dllmain.obj
 0002:00001034       $unwind$?fin$1@?0??dllmain_crt_process_detach@@YAH_N@Z@4HA 000000018000c034     MSVCRTD:dll_dllmain.obj
 0002:00001034       $unwind$__scrt_is_nonwritable_in_current_image$filt$0 000000018000c034     MSVCRTD:utility.obj
 0002:0000103c       $unwind$?dllmain_crt_process_detach@@YAH_N@Z 000000018000c03c     MSVCRTD:dll_dllmain.obj
 0002:0000106c       $unwind$?dllmain_crt_dispatch@@YAHQEAUHINSTANCE__@@KQEAX@Z 000000018000c06c     MSVCRTD:dll_dllmain.obj
 0002:0000106c       $unwind$?dllmain_raw@@YAHQEAUHINSTANCE__@@KQEAX@Z 000000018000c06c     MSVCRTD:dll_dllmain.obj
 0002:00001074       $unwind$?dllmain_dispatch@@YAHQEAUHINSTANCE__@@KQEAX@Z 000000018000c074     MSVCRTD:dll_dllmain.obj
 0002:00001094       $unwind$?filt$0@?0??dllmain_dispatch@@YAHQEAUHINSTANCE__@@KQEAX@Z@4HA 000000018000c094     MSVCRTD:dll_dllmain.obj
 0002:0000109c       $unwind$_DllMainCRTStartup 000000018000c09c     MSVCRTD:dll_dllmain.obj
 0002:0000109c       $unwind$DllMain            000000018000c09c     MSVCRTD:dll_dllmain_stub.obj
 0002:000010a4       $unwind$capture_previous_context 000000018000c0a4     MSVCRTD:gs_report.obj
 0002:000010ac       $unwind$__raise_securityfailure 000000018000c0ac     MSVCRTD:gs_report.obj
 0002:000010ac       $unwind$?is_potentially_valid_image_base@@YA_NQEAX@Z 000000018000c0ac     MSVCRTD:utility.obj
 0002:000010b4       $unwind$__scrt_initialize_default_local_stdio_options 000000018000c0b4     MSVCRTD:default_local_stdio_options.obj
 0002:000010b4       $unwind$__security_init_cookie 000000018000c0b4     MSVCRTD:gs_support.obj
 0002:000010bc       $unwind$__get_entropy      000000018000c0bc     MSVCRTD:gs_support.obj
 0002:000010c4       $unwind$?__scrt_initialize_type_info@@YAXXZ 000000018000c0c4     MSVCRTD:tncleanup.obj
 0002:000010c4       $unwind$?__scrt_uninitialize_type_info@@YAXXZ 000000018000c0c4     MSVCRTD:tncleanup.obj
 0002:000010c4       $unwind$?configure_argv@__scrt_narrow_argv_policy@@SAHXZ 000000018000c0c4     MSVCRTD:utility.obj
 0002:000010c4       $unwind$?initialize_environment@__scrt_narrow_environment_policy@@SAHXZ 000000018000c0c4     MSVCRTD:utility.obj
 0002:000010c4       $unwind$__scrt_dllmain_after_initialize_c 000000018000c0c4     MSVCRTD:utility.obj
 0002:000010c4       $unwind$__scrt_dllmain_before_initialize_c 000000018000c0c4     MSVCRTD:utility.obj
 0002:000010c4       $unwind$__scrt_dllmain_crt_thread_attach 000000018000c0c4     MSVCRTD:utility.obj
 0002:000010c4       $unwind$__scrt_dllmain_crt_thread_detach 000000018000c0c4     MSVCRTD:utility.obj
 0002:000010c4       $unwind$__scrt_dllmain_uninitialize_c 000000018000c0c4     MSVCRTD:utility.obj
 0002:000010c4       $unwind$__scrt_dllmain_uninitialize_critical 000000018000c0c4     MSVCRTD:utility.obj
 0002:000010cc       $unwind$__scrt_is_nonwritable_in_current_image 000000018000c0cc     MSVCRTD:utility.obj
 0002:000010ec       $unwind$__scrt_acquire_startup_lock 000000018000c0ec     MSVCRTD:utility.obj
 0002:000010f4       $unwind$__scrt_initialize_crt 000000018000c0f4     MSVCRTD:utility.obj
 0002:000010f4       $unwind$__scrt_release_startup_lock 000000018000c0f4     MSVCRTD:utility.obj
 0002:000010fc       $unwind$__scrt_uninitialize_crt 000000018000c0fc     MSVCRTD:utility.obj
 0002:00001104       $unwind$__scrt_initialize_onexit_tables 000000018000c104     MSVCRTD:utility.obj
 0002:00001110       $unwind$__scrt_dllmain_exception_filter 000000018000c110     MSVCRTD:utility.obj
 0002:00001118       $unwind$?find_pe_section@@YAPEAU_IMAGE_SECTION_HEADER@@QEAE_K@Z 000000018000c118     MSVCRTD:utility.obj
 0002:00001120       $unwind$__scrt_fastfail    000000018000c120     MSVCRTD:utility_desktop.obj
 0002:0000112c       $unwind$__isa_available_init 000000018000c12c     MSVCRTD:cpu_disp.obj
 0002:0000113c       $unwind$__scrt_is_ucrt_dll_in_use 000000018000c13c     MSVCRTD:ucrt_detection.obj
 0002:00001148       $xdatasym                  000000018000c148     MSVCRTD:guard_dispatch.obj
 0002:00001150       $xdatasym                  000000018000c150     MSVCRTD:guard_xfg_dispatch.obj
 0002:00001160       .edata                     000000018000c160     P5Engine.exp
 0002:00001188       rgpv                       000000018000c188     P5Engine.exp
 0002:00001190       rgszName                   000000018000c190     P5Engine.exp
 0002:00001198       rgwOrd                     000000018000c198     P5Engine.exp
 0002:0000119c       szName                     000000018000c19c     P5Engine.exp
 0002:000011a9       $N00001                    000000018000c1a9     P5Engine.exp
 0002:000011bd       $N00002                    000000018000c1bd     P5Engine.exp
 0002:00001362       .idata$6                   000000018000c362     vcruntimed:VCRUNTIME140D.dll
 0002:0000142c       .idata$6                   000000018000c42c     ucrtd:ucrtbased.dll
 0002:000015a0       .idata$6                   000000018000c5a0     kernel32:KERNEL32.dll
 0003:00000000       ?RandomNumberTable@@3PAIA  000000018000d000     p5engine.obj
 0003:00004048       ?PlatformAddEntry@@3P6AXPEAUplatform_work_queue@@P6AX0PEAX@Z1@ZEA 0000000180011048     p5engine.obj
 0003:00004050       ?PlatformCompleteAllWork@@3P6AXPEAUplatform_work_queue@@@ZEA 0000000180011050     p5engine.obj
 0003:00004058       ?__proc_attached@@3HA      0000000180011058     MSVCRTD:dll_dllmain.obj
 0003:00004060       GS_ExceptionRecord         0000000180011060     MSVCRTD:gs_report.obj
 0003:00004100       GS_ContextRecord           0000000180011100     MSVCRTD:gs_report.obj
 0003:00004600       ?is_initialized_as_dll@@3_NA 0000000180011600     MSVCRTD:utility.obj
 0003:00004601       ?module_local_atexit_table_initialized@@3_NA 0000000180011601     MSVCRTD:utility.obj
 0003:00004608       ?module_local_atexit_table@@3U_onexit_table_t@@A 0000000180011608     MSVCRTD:utility.obj
 0003:00004620       ?module_local_at_quick_exit_table@@3U_onexit_table_t@@A 0000000180011620     MSVCRTD:utility.obj
 0005:00000000       __20BB4341_malloc@h        0000000180013000     p5engine.obj
 0005:00000001       __13F3F6DF_p5engine_platform@h 0000000180013001     p5engine.obj
 0005:00000002       __741AE07E_corecrt_math@h  0000000180013002     p5engine.obj
 0005:00000003       __59D680CA_p5engine_intrinsics@h 0000000180013003     p5engine.obj
 0005:00000004       __F7DD5931_p5engine_math@h 0000000180013004     p5engine.obj
 0005:00000005       __3D1D9D14_p5engine_entity@h 0000000180013005     p5engine.obj
 0005:00000006       __041FA700_p5engine@h      0000000180013006     p5engine.obj
 0005:00000007       __90CAD781_p5engine_render_group@cpp 0000000180013007     p5engine.obj
 0005:00000008       __FB00506F_p5engine_world@cpp 0000000180013008     p5engine.obj
 0005:00000009       __F0D5BF50_p5engine_sim_region@cpp 0000000180013009     p5engine.obj
 0005:0000000a       __D37FE29A_p5engine_entity@cpp 000000018001300a     p5engine.obj
 0005:0000000b       __7BC1EBB1_p5engine_random@h 000000018001300b     p5engine.obj
 0005:0000000c       __3BDDD57F_p5engine@cpp    000000018001300c     p5engine.obj
 0006:00000060       $R000000                   0000000180014060     * linker generated manifest res *
