 P5Engine

 Timestamp is 61347499 (Sun Sep  5 00:41:13 2021)

 Preferred load address is 0000000180000000

 Start         Length     Name                   Class
 0001:00000000 00010000H .textbss                DATA
 0002:00000000 00012d70H .text$mn                CODE
 0002:00012d70 00001040H .text$mn$00             CODE
 0002:00013db0 00001141H .text$x                 CODE
 0003:00000000 00000110H .CRT$XCA                DATA
 0003:00000110 00000110H .CRT$XCZ                DATA
 0003:00000220 00000110H .CRT$XIA                DATA
 0003:00000330 00000110H .CRT$XIZ                DATA
 0003:00000440 00000110H .CRT$XPA                DATA
 0003:00000550 00000110H .CRT$XPZ                DATA
 0003:00000660 00000110H .CRT$XTA                DATA
 0003:00000770 00000110H .CRT$XTZ                DATA
 0003:00000880 00003780H .rdata                  DATA
 0003:00004000 00000110H .rdata$CastGuardVftablesA DATA
 0003:00004110 0000010cH .rdata$CastGuardVftablesC DATA
 0003:0000421c 0000017cH .rdata$zzzdbg           DATA
 0003:00004398 00000110H .rtc$IAA                DATA
 0003:000044a8 00000110H .rtc$IMZ                DATA
 0003:000045b8 00000110H .rtc$IZZ                DATA
 0003:000046c8 00000110H .rtc$TAA                DATA
 0003:000047d8 00000110H .rtc$TMZ                DATA
 0003:000048e8 00000110H .rtc$TZZ                DATA
 0003:000049f8 00001138H .xdata                  DATA
 0003:00005b30 00000187H .edata                  DATA
 0004:00000000 00004e40H .data                   DATA
 0004:00004e40 00000788H .bss                    DATA
 0005:00000000 00002634H .pdata                  DATA
 0006:00000000 00000340H .idata$5                DATA
 0006:00000340 0000003cH .idata$2                DATA
 0006:0000037c 00000014H .idata$3                DATA
 0006:00000390 00000340H .idata$4                DATA
 0006:000006d0 00000656H .idata$6                DATA
 0007:00000000 0000010dH .msvcjmc                DATA
 0008:00000000 00000151H .00cfg                  DATA
 0009:00000000 00000170H .rsrc$01                DATA
 0009:00000170 000001b6H .rsrc$02                DATA

  Address         Publics by Value              Rva+Base               Lib:Object

 0000:00000000       __guard_eh_cont_count      0000000000000000     <absolute>
 0000:00000000       __hybrid_auxiliary_iat_copy 0000000000000000     <absolute>
 0000:00000000       __hybrid_code_map          0000000000000000     <absolute>
 0000:00000000       __arm64x_redirection_metadata 0000000000000000     <absolute>
 0000:00000000       __guard_iat_table          0000000000000000     <absolute>
 0000:00000000       __x64_code_ranges_to_entry_points_count 0000000000000000     <absolute>
 0000:00000000       __hybrid_auxiliary_iat     0000000000000000     <absolute>
 0000:00000000       ___safe_se_handler_table   0000000000000000     <absolute>
 0000:00000000       __arm64x_extra_rfe_table_size 0000000000000000     <absolute>
 0000:00000000       __AbsoluteZero             0000000000000000     <absolute>
 0000:00000000       __guard_iat_count          0000000000000000     <absolute>
 0000:00000000       __hybrid_code_map_count    0000000000000000     <absolute>
 0000:00000000       ___safe_se_handler_count   0000000000000000     <absolute>
 0000:00000000       __arm64x_extra_rfe_table   0000000000000000     <absolute>
 0000:00000000       __dynamic_value_reloc_table 0000000000000000     <absolute>
 0000:00000000       __guard_longjmp_table      0000000000000000     <absolute>
 0000:00000000       __x64_code_ranges_to_entry_points 0000000000000000     <absolute>
 0000:00000000       __arm64x_redirection_metadata_count 0000000000000000     <absolute>
 0000:00000000       __volatile_metadata        0000000000000000     <absolute>
 0000:00000000       __guard_check_icall_a64n_fptr 0000000000000000     <absolute>
 0000:00000000       __arm64x_native_entrypoint 0000000000000000     <absolute>
 0000:00000000       __enclave_config           0000000000000000     <absolute>
 0000:00000000       __guard_fids_count         0000000000000000     <absolute>
 0000:00000000       __guard_fids_table         0000000000000000     <absolute>
 0000:00000000       __guard_eh_cont_table      0000000000000000     <absolute>
 0000:00000000       __guard_longjmp_count      0000000000000000     <absolute>
 0000:00000100       __guard_flags              0000000000000100     <absolute>
 0000:00000000       __ImageBase                0000000180000000     <linker-defined>
 0001:00000000       __enc$textbss$begin        0000000180001000     <linker-defined>
 0001:00010000       __enc$textbss$end          0000000180011000     <linker-defined>
 0002:00000960       ??D@YA?ATv2@@MT0@@Z        0000000180011960 f i p5engine.obj
 0002:00000a50       ??D@YA?ATv3@@MT0@@Z        0000000180011a50 f i p5engine.obj
 0002:00000b90       ??D@YA?ATv3@@T0@M@Z        0000000180011b90 f i p5engine.obj
 0002:00000c90       ??G@YA?ATv2@@T0@0@Z        0000000180011c90 f i p5engine.obj
 0002:00000d80       ??G@YA?ATv3@@T0@0@Z        0000000180011d80 f i p5engine.obj
 0002:00000ed0       ??H@YA?ATv2@@T0@0@Z        0000000180011ed0 f i p5engine.obj
 0002:00000fc0       ??H@YA?ATv3@@T0@0@Z        0000000180011fc0 f i p5engine.obj
 0002:00001110       ??X@YAAEATv3@@AEAT0@M@Z    0000000180012110 f i p5engine.obj
 0002:000011d0       ??Y@YAAEATv2@@AEAT0@T0@@Z  00000001800121d0 f i p5engine.obj
 0002:00001250       ??Y@YAAEATv3@@AEAT0@T0@@Z  0000000180012250 f i p5engine.obj
 0002:00001330       ??Z@YAAEATv3@@AEAT0@T0@@Z  0000000180012330 f i p5engine.obj
 0002:00001410       ?AbsoluteValue@@YAMM@Z     0000000180012410 f i p5engine.obj
 0002:00001c20       ?AddFlags@@YAXPEAUsim_entity@@I@Z 0000000180012c20 f i p5engine.obj
 0002:000022d0       ?AddRadiusTo@@YA?AUrectangle3@@U1@Tv3@@@Z 00000001800132d0 f i p5engine.obj
 0002:00002aa0       ?AreInSameChunk@@YAHPEAUworld@@PEAUworld_position@@1@Z 0000000180013aa0 f i p5engine.obj
 0002:00003820       ?ChangeEntityLocationRaw@@YAXPEAUmemory_arena@@PEAUworld@@IPEAUworld_position@@2@Z 0000000180014820 f i p5engine.obj
 0002:00003d20       ?ChunkPositionFromTilePosition@@YA?AUworld_position@@PEAUworld@@HHHTv3@@@Z 0000000180014d20 f i p5engine.obj
 0002:00004000       ?Clamp01@@YA?ATv3@@T1@@Z   0000000180015000 f i p5engine.obj
 0002:00004130       ?Clamp01@@YAMM@Z           0000000180015130 f i p5engine.obj
 0002:00004190       ?Clamp@@YAMMMM@Z           0000000180015190 f i p5engine.obj
 0002:00004360       ?ClearFlags@@YAXPEAUsim_entity@@I@Z 0000000180015360 f i p5engine.obj
 0002:00004850       ?DefaultMoveSpec@@YA?AUmove_spec@@XZ 0000000180015850 f i p5engine.obj
 0002:00005840       ?EntityOverlapsRectangle@@YAHTv3@@0Urectangle3@@@Z 0000000180016840 f i p5engine.obj
 0002:000059f0       ?FindLeastSignificantSetBit@@YA?AUbit_scan_result@@I@Z 00000001800169f0 f i p5engine.obj
 0002:00005bb0       ?GetBarycentric@@YA?ATv3@@Urectangle3@@T1@@Z 0000000180016bb0 f i p5engine.obj
 0002:00005ec0       ?GetLowEntity@@YAPEAUlow_entity@@PEAUgame_state@@I@Z 0000000180016ec0 f i p5engine.obj
 0002:00005f60       ?GetMaxCorner@@YA?ATv3@@Urectangle3@@@Z 0000000180016f60 f i p5engine.obj
 0002:00006020       ?GetMinCorner@@YA?ATv3@@Urectangle3@@@Z 0000000180017020 f i p5engine.obj
 0002:000060e0       ?GetSimSpacePos@@YA?ATv3@@PEAUsim_region@@PEAUlow_entity@@@Z 00000001800170e0 f i p5engine.obj
 0002:00006260       ?GetWorldChunk@@YAPEAUworld_chunk@@PEAUworld@@HHHPEAUmemory_arena@@@Z 0000000180017260 f i p5engine.obj
 0002:000064e0       ?Hadamard@@YA?ATv3@@T1@0@Z 00000001800174e0 f i p5engine.obj
 0002:000069b0       ?HasFlag@@YAHPEAUsim_entity@@I@Z 00000001800179b0 f i p5engine.obj
 0002:00006ad0       ?InitializeArena@@YAXPEAUmemory_arena@@_KPEAX@Z 0000000180017ad0 f i p5engine.obj
 0002:00006cb0       ?Inner@@YAMTv3@@0@Z        0000000180017cb0 f i p5engine.obj
 0002:00006d60       ?IsCanonical@@YAHMM@Z      0000000180017d60 f i p5engine.obj
 0002:00006e30       ?IsCanonical@@YAHPEAUworld@@Tv3@@@Z 0000000180017e30 f i p5engine.obj
 0002:00006f10       ?IsInRectangle@@YAHUrectangle3@@Tv3@@@Z 0000000180017f10 f i p5engine.obj
 0002:00007030       ?IsValid@@YAHUworld_position@@@Z 0000000180018030 f i p5engine.obj
 0002:000070a0       ?Length@@YAMTv3@@@Z        00000001800180a0 f i p5engine.obj
 0002:00007120       ?LengthSq@@YAMTv3@@@Z      0000000180018120 f i p5engine.obj
 0002:000071c0       ?Lerp@@YAMMMM@Z            00000001800181c0 f i p5engine.obj
 0002:00007250       ?LoadEntityReference@@YAXPEAUgame_state@@PEAUsim_region@@PEATentity_reference@@@Z 0000000180018250 f i p5engine.obj
 0002:000073f0       ?MakeEntityNonSpatial@@YAXPEAUsim_entity@@@Z 00000001800183f0 f i p5engine.obj
 0002:000074b0       ?MakeEntitySpatial@@YAXPEAUsim_entity@@Tv3@@1@Z 00000001800184b0 f i p5engine.obj
 0002:00007550       ?MapIntoChunkSpace@@YA?AUworld_position@@PEAUworld@@U1@Tv3@@@Z 0000000180018550 f i p5engine.obj
 0002:00008f50       ?NullPosition@@YA?AUworld_position@@XZ 0000000180019f50 f i p5engine.obj
 0002:00009030       ?PushBitmap@@YAXPEAUentity_visible_piece_group@@PEAUloaded_bitmap@@Tv2@@M2MM@Z 000000018001a030 f i p5engine.obj
 0002:000091d0       ?PushPiece@@YAXPEAUentity_visible_piece_group@@PEAUloaded_bitmap@@Tv2@@2M2Tv4@@M@Z 000000018001a1d0 f i p5engine.obj
 0002:000093f0       ?PushRect@@YAXPEAUentity_visible_piece_group@@Tv2@@M1Tv4@@M@Z 000000018001a3f0 f i p5engine.obj
 0002:000094e0       ?PushSize_@@YAPEAXPEAUmemory_arena@@_K@Z 000000018001a4e0 f i p5engine.obj
 0002:000095a0       ?RecanonicalizeCoord@@YAXMPEAHPEAM@Z 000000018001a5a0 f i p5engine.obj
 0002:00009690       ?RectCenterDim@@YA?AUrectangle3@@Tv3@@0@Z 000000018001a690 f i p5engine.obj
 0002:00009800       ?RectCenterHalfDim@@YA?AUrectangle3@@Tv3@@0@Z 000000018001a800 f i p5engine.obj
 0002:00009a10       ?RectanglesIntersect@@YAHUrectangle3@@0@Z 000000018001aa10 f i p5engine.obj
 0002:00009b40       ?RotateLeft@@YAIIH@Z       000000018001ab40 f i p5engine.obj
 0002:00009ba0       ?RoundReal32ToInt32@@YAHM@Z 000000018001aba0 f i p5engine.obj
 0002:00009c00       ?RoundReal32ToUInt32@@YAIM@Z 000000018001ac00 f i p5engine.obj
 0002:00009c60       ?SafeRatio0@@YAMMM@Z       000000018001ac60 f i p5engine.obj
 0002:00009cd0       ?SafeRatioN@@YAMMMM@Z      000000018001acd0 f i p5engine.obj
 0002:00009d60       ?Sin@@YAMM@Z               000000018001ad60 f i p5engine.obj
 0002:0000a050       ?Square@@YAMM@Z            000000018001b050 f i p5engine.obj
 0002:0000a0b0       ?SquareRoot@@YAMM@Z        000000018001b0b0 f i p5engine.obj
 0002:0000a110       ?StoreEntityReference@@YAXPEATentity_reference@@@Z 000000018001b110 f i p5engine.obj
 0002:0000a620       ?V2@@YA?ATv2@@MM@Z         000000018001b620 f i p5engine.obj
 0002:0000a6f0       ?V3@@YA?ATv3@@MMM@Z        000000018001b6f0 f i p5engine.obj
 0002:0000a810       ?V4@@YA?ATv4@@MMMM@Z       000000018001b810 f i p5engine.obj
 0002:0000a940       ?ZeroSize@@YAX_KPEAX@Z     000000018001b940 f i p5engine.obj
 0002:0000a9e0       GameGetSoundSamples        000000018001b9e0 f   p5engine.obj
 0002:0000aa50       GameUpdateAndRender        000000018001ba50 f   p5engine.obj
 0002:0000d750       GetController              000000018001e750 f i p5engine.obj
 0002:0000d7d0       __JustMyCode_Default       000000018001e7d0 f i p5engine.obj
 0002:0000d7e0       _RTC_AllocaHelper          000000018001e7e0 f   MSVCRTD:stack.obj
 0002:0000d830       _RTC_CheckStackVars        000000018001e830 f   MSVCRTD:stack.obj
 0002:0000d8e0       _RTC_CheckStackVars2       000000018001e8e0 f   MSVCRTD:stack.obj
 0002:0000da30       _CRT_RTC_INIT              000000018001ea30 f   MSVCRTD:init.obj
 0002:0000da40       _CRT_RTC_INITW             000000018001ea40 f   MSVCRTD:init.obj
 0002:0000da50       _RTC_InitBase              000000018001ea50 f   MSVCRTD:init.obj
 0002:0000daa0       _RTC_Shutdown              000000018001eaa0 f   MSVCRTD:init.obj
 0002:0000dad0       __CheckForDebuggerJustMyCode 000000018001ead0 f   MSVCRTD:debugger_jmc.obj
 0002:0000db20       __GSHandlerCheck           000000018001eb20 f   MSVCRTD:gshandler.obj
 0002:0000db70       __GSHandlerCheckCommon     000000018001eb70 f   MSVCRTD:gshandler.obj
 0002:0000dcc0       __chkstk                   000000018001ecc0 f   MSVCRTD:chkstk.obj
 0002:0000dcc0       _alloca_probe              000000018001ecc0 f   MSVCRTD:chkstk.obj
 0002:0000dd40       __security_check_cookie    000000018001ed40 f   MSVCRTD:amdsecgs.obj
 0002:0000e270       _CRT_INIT                  000000018001f270 f   MSVCRTD:dll_dllmain.obj
 0002:0000e2b0       _DllMainCRTStartup         000000018001f2b0 f   MSVCRTD:dll_dllmain.obj
 0002:0000e3b0       ?_RTC_AllocaFailure@@YAXPEAXPEAU_RTC_ALLOCA_NODE@@H@Z 000000018001f3b0 f   MSVCRTD:error.obj
 0002:0000e560       ?_RTC_Failure@@YAXPEAXH@Z  000000018001f560 f   MSVCRTD:error.obj
 0002:0000e5d0       ?_RTC_StackFailure@@YAXPEAXPEBD@Z 000000018001f5d0 f   MSVCRTD:error.obj
 0002:0000eb10       _RTC_UninitUse             000000018001fb10 f   MSVCRTD:error.obj
 0002:0000ec10       __local_stdio_printf_options 000000018001fc10 f i MSVCRTD:error.obj
 0002:0000ec20       _vsprintf_s_l              000000018001fc20 f i MSVCRTD:error.obj
 0002:0000eca0       sprintf_s                  000000018001fca0 f i MSVCRTD:error.obj
 0002:0000ecd0       ?_RTC_GetErrorFunc@@YAP6AHHPEBDH00ZZPEBX@Z 000000018001fcd0 f   MSVCRTD:userapi.obj
 0002:0000ece0       ?_RTC_GetErrorFuncW@@YAP6AHHPEB_WH00ZZPEBX@Z 000000018001fce0 f   MSVCRTD:userapi.obj
 0002:0000ecf0       _RTC_GetErrDesc            000000018001fcf0 f   MSVCRTD:userapi.obj
 0002:0000ed10       _RTC_NumErrors             000000018001fd10 f   MSVCRTD:userapi.obj
 0002:0000ed20       _RTC_SetErrorFunc          000000018001fd20 f   MSVCRTD:userapi.obj
 0002:0000ed40       _RTC_SetErrorFuncW         000000018001fd40 f   MSVCRTD:userapi.obj
 0002:0000ed60       _RTC_SetErrorType          000000018001fd60 f   MSVCRTD:userapi.obj
 0002:0000ed90       __raise_securityfailure    000000018001fd90 f   MSVCRTD:gs_report.obj
 0002:0000ede0       __report_gsfailure         000000018001fde0 f   MSVCRTD:gs_report.obj
 0002:0000eef0       __report_rangecheckfailure 000000018001fef0 f   MSVCRTD:gs_report.obj
 0002:0000ef10       __report_securityfailure   000000018001ff10 f   MSVCRTD:gs_report.obj
 0002:0000efe0       __report_securityfailureEx 000000018001ffe0 f   MSVCRTD:gs_report.obj
 0002:0000f3d0       __security_init_cookie     00000001800203d0 f   MSVCRTD:gs_support.obj
 0002:0000f470       DllMain                    0000000180020470 f   MSVCRTD:dll_dllmain_stub.obj
 0002:0000f4c0       ?__scrt_initialize_type_info@@YAXXZ 00000001800204c0 f   MSVCRTD:tncleanup.obj
 0002:0000f4e0       ?__scrt_uninitialize_type_info@@YAXXZ 00000001800204e0 f   MSVCRTD:tncleanup.obj
 0002:0000f500       __local_stdio_scanf_options 0000000180020500 f i MSVCRTD:default_local_stdio_options.obj
 0002:0000f510       __scrt_initialize_default_local_stdio_options 0000000180020510 f   MSVCRTD:default_local_stdio_options.obj
 0002:0000f570       ?configure_argv@__scrt_narrow_argv_policy@@SAHXZ 0000000180020570 f i MSVCRTD:utility.obj
 0002:0000f690       ?initialize_environment@__scrt_narrow_environment_policy@@SAHXZ 0000000180020690 f i MSVCRTD:utility.obj
 0002:0000f760       NtCurrentTeb               0000000180020760 f i MSVCRTD:utility.obj
 0002:0000f770       __scrt_acquire_startup_lock 0000000180020770 f   MSVCRTD:utility.obj
 0002:0000f7f0       __scrt_dllmain_after_initialize_c 00000001800207f0 f   MSVCRTD:utility.obj
 0002:0000f830       __scrt_dllmain_before_initialize_c 0000000180020830 f   MSVCRTD:utility.obj
 0002:0000f860       __scrt_dllmain_crt_thread_attach 0000000180020860 f   MSVCRTD:utility.obj
 0002:0000f8a0       __scrt_dllmain_crt_thread_detach 00000001800208a0 f   MSVCRTD:utility.obj
 0002:0000f8c0       __scrt_dllmain_exception_filter 00000001800208c0 f   MSVCRTD:utility.obj
 0002:0000f940       __scrt_dllmain_uninitialize_c 0000000180020940 f   MSVCRTD:utility.obj
 0002:0000f980       __scrt_dllmain_uninitialize_critical 0000000180020980 f   MSVCRTD:utility.obj
 0002:0000f9a0       __scrt_initialize_crt      00000001800209a0 f   MSVCRTD:utility.obj
 0002:0000fa00       __scrt_initialize_onexit_tables 0000000180020a00 f   MSVCRTD:utility.obj
 0002:0000fb50       __scrt_is_nonwritable_in_current_image 0000000180020b50 f   MSVCRTD:utility.obj
 0002:0000fc00       __scrt_release_startup_lock 0000000180020c00 f   MSVCRTD:utility.obj
 0002:0000fc40       __scrt_uninitialize_crt    0000000180020c40 f   MSVCRTD:utility.obj
 0002:0000fc90       _onexit                    0000000180020c90 f   MSVCRTD:utility.obj
 0002:0000fd30       at_quick_exit              0000000180020d30 f   MSVCRTD:utility.obj
 0002:0000fd90       atexit                     0000000180020d90 f   MSVCRTD:utility.obj
 0002:0000fdd0       __scrt_get_dyn_tls_init_callback 0000000180020dd0 f   MSVCRTD:dyn_tls_init.obj
 0002:0000fde0       __crt_debugger_hook        0000000180020de0 f   MSVCRTD:utility_desktop.obj
 0002:0000fe00       __scrt_fastfail            0000000180020e00 f   MSVCRTD:utility_desktop.obj
 0002:00010000       __scrt_get_show_window_mode 0000000180021000 f   MSVCRTD:utility_desktop.obj
 0002:00010070       __scrt_initialize_mta      0000000180021070 f   MSVCRTD:utility_desktop.obj
 0002:00010090       __scrt_initialize_winrt    0000000180021090 f   MSVCRTD:utility_desktop.obj
 0002:000100a0       __scrt_is_managed_app      00000001800210a0 f   MSVCRTD:utility_desktop.obj
 0002:00010170       __scrt_set_unhandled_exception_filter 0000000180021170 f   MSVCRTD:utility_desktop.obj
 0002:00010190       __scrt_stub_for_initialize_mta 0000000180021190 f   MSVCRTD:utility_desktop.obj
 0002:00010190       __scrt_exe_initialize_mta  0000000180021190 f   MSVCRTD:utility_desktop.obj
 0002:000101a0       __scrt_unhandled_exception_filter 00000001800211a0 f   MSVCRTD:utility_desktop.obj
 0002:00010260       _RTC_Initialize            0000000180021260 f   MSVCRTD:initsect.obj
 0002:000102c0       _RTC_Terminate             00000001800212c0 f   MSVCRTD:initsect.obj
 0002:00010320       _guard_check_icall_nop     0000000180021320 f i MSVCRTD:guard_support.obj
 0002:00010330       ReadNoFence64              0000000180021330 f i MSVCRTD:guard_support.obj
 0002:00010360       ReadPointerNoFence         0000000180021360 f i MSVCRTD:guard_support.obj
 0002:00010380       __castguard_check_failure_debugbreak 0000000180021380 f i MSVCRTD:guard_support.obj
 0002:000103b0       __castguard_check_failure_fastfail 00000001800213b0 f i MSVCRTD:guard_support.obj
 0002:000103e0       __castguard_check_failure_nop 00000001800213e0 f i MSVCRTD:guard_support.obj
 0002:000103f0       __castguard_check_failure_os_handled 00000001800213f0 f i MSVCRTD:guard_support.obj
 0002:000104e0       __castguard_slow_path_check_debugbreak 00000001800214e0 f i MSVCRTD:guard_support.obj
 0002:00010530       __castguard_slow_path_check_fastfail 0000000180021530 f i MSVCRTD:guard_support.obj
 0002:00010590       __castguard_slow_path_check_nop 0000000180021590 f i MSVCRTD:guard_support.obj
 0002:000105b0       __castguard_slow_path_check_os_handled 00000001800215b0 f i MSVCRTD:guard_support.obj
 0002:000106c0       _guard_icall_checks_enforced 00000001800216c0 f i MSVCRTD:guard_support.obj
 0002:00010710       _guard_rf_checks_enforced  0000000180021710 f i MSVCRTD:guard_support.obj
 0002:00010d70       ?_RTC_GetSrcLine@@YAHPEAEPEA_WKPEAH1K@Z 0000000180021d70 f   MSVCRTD:pdblkup.obj
 0002:00011230       __isa_available_init       0000000180022230 f   MSVCRTD:cpu_disp.obj
 0002:000116b0       _get_startup_argv_mode     00000001800226b0 f   MSVCRTD:argv_mode.obj
 0002:000116c0       __scrt_is_ucrt_dll_in_use  00000001800226c0 f   MSVCRTD:ucrt_detection.obj
 0002:000116f0       __C_specific_handler       00000001800226f0 f   vcruntimed:VCRUNTIME140D.dll
 0002:000116f6       __C_specific_handler_noexcept 00000001800226f6 f   vcruntimed:VCRUNTIME140D.dll
 0002:000116fc       __std_type_info_destroy_list 00000001800226fc f   vcruntimed:VCRUNTIME140D.dll
 0002:00011702       __current_exception        0000000180022702 f   vcruntimed:VCRUNTIME140D.dll
 0002:00011708       __current_exception_context 0000000180022708 f   vcruntimed:VCRUNTIME140D.dll
 0002:0001170e       __vcrt_GetModuleFileNameW  000000018002270e f   vcruntimed:VCRUNTIME140D.dll
 0002:00011714       __vcrt_GetModuleHandleW    0000000180022714 f   vcruntimed:VCRUNTIME140D.dll
 0002:0001171a       __vcrt_LoadLibraryExW      000000018002271a f   vcruntimed:VCRUNTIME140D.dll
 0002:00011720       fabs                       0000000180022720 f   ucrtd:ucrtbased.dll
 0002:00011726       roundf                     0000000180022726 f   ucrtd:ucrtbased.dll
 0002:0001172c       sinf                       000000018002272c f   ucrtd:ucrtbased.dll
 0002:00011732       sqrtf                      0000000180022732 f   ucrtd:ucrtbased.dll
 0002:00011738       _rotl                      0000000180022738 f   ucrtd:ucrtbased.dll
 0002:0001173e       _CrtDbgReport              000000018002273e f   ucrtd:ucrtbased.dll
 0002:00011744       _CrtDbgReportW             0000000180022744 f   ucrtd:ucrtbased.dll
 0002:0001174a       _initterm                  000000018002274a f   ucrtd:ucrtbased.dll
 0002:00011750       _initterm_e                0000000180022750 f   ucrtd:ucrtbased.dll
 0002:00011756       strcpy_s                   0000000180022756 f   ucrtd:ucrtbased.dll
 0002:0001175c       strcat_s                   000000018002275c f   ucrtd:ucrtbased.dll
 0002:00011762       __stdio_common_vsprintf_s  0000000180022762 f   ucrtd:ucrtbased.dll
 0002:00011768       _seh_filter_dll            0000000180022768 f   ucrtd:ucrtbased.dll
 0002:0001176e       _configure_narrow_argv     000000018002276e f   ucrtd:ucrtbased.dll
 0002:00011774       _initialize_narrow_environment 0000000180022774 f   ucrtd:ucrtbased.dll
 0002:0001177a       _initialize_onexit_table   000000018002277a f   ucrtd:ucrtbased.dll
 0002:00011780       _register_onexit_function  0000000180022780 f   ucrtd:ucrtbased.dll
 0002:00011786       _execute_onexit_table      0000000180022786 f   ucrtd:ucrtbased.dll
 0002:0001178c       _crt_atexit                000000018002278c f   ucrtd:ucrtbased.dll
 0002:00011792       _crt_at_quick_exit         0000000180022792 f   ucrtd:ucrtbased.dll
 0002:00011798       _cexit                     0000000180022798 f   ucrtd:ucrtbased.dll
 0002:0001179e       terminate                  000000018002279e f   ucrtd:ucrtbased.dll
 0002:000117a4       _wmakepath_s               00000001800227a4 f   ucrtd:ucrtbased.dll
 0002:000117aa       _wsplitpath_s              00000001800227aa f   ucrtd:ucrtbased.dll
 0002:000117b0       wcscpy_s                   00000001800227b0 f   ucrtd:ucrtbased.dll
 0002:000117b6       GetCurrentThreadId         00000001800227b6 f   kernel32:KERNEL32.dll
 0002:000117bc       IsDebuggerPresent          00000001800227bc f   kernel32:KERNEL32.dll
 0002:000117c2       RaiseException             00000001800227c2 f   kernel32:KERNEL32.dll
 0002:000117c8       MultiByteToWideChar        00000001800227c8 f   kernel32:KERNEL32.dll
 0002:000117ce       WideCharToMultiByte        00000001800227ce f   kernel32:KERNEL32.dll
 0002:000117d4       RtlCaptureContext          00000001800227d4 f   kernel32:KERNEL32.dll
 0002:000117da       RtlLookupFunctionEntry     00000001800227da f   kernel32:KERNEL32.dll
 0002:000117e0       RtlVirtualUnwind           00000001800227e0 f   kernel32:KERNEL32.dll
 0002:000117e6       UnhandledExceptionFilter   00000001800227e6 f   kernel32:KERNEL32.dll
 0002:000117ec       SetUnhandledExceptionFilter 00000001800227ec f   kernel32:KERNEL32.dll
 0002:000117f2       GetCurrentProcess          00000001800227f2 f   kernel32:KERNEL32.dll
 0002:000117f8       TerminateProcess           00000001800227f8 f   kernel32:KERNEL32.dll
 0002:000117fe       IsProcessorFeaturePresent  00000001800227fe f   kernel32:KERNEL32.dll
 0002:00011804       QueryPerformanceCounter    0000000180022804 f   kernel32:KERNEL32.dll
 0002:0001180a       GetCurrentProcessId        000000018002280a f   kernel32:KERNEL32.dll
 0002:00011810       GetSystemTimeAsFileTime    0000000180022810 f   kernel32:KERNEL32.dll
 0002:00011816       DisableThreadLibraryCalls  0000000180022816 f   kernel32:KERNEL32.dll
 0002:0001181c       InitializeSListHead        000000018002281c f   kernel32:KERNEL32.dll
 0002:00011822       GetStartupInfoW            0000000180022822 f   kernel32:KERNEL32.dll
 0002:00011828       GetModuleHandleW           0000000180022828 f   kernel32:KERNEL32.dll
 0002:0001182e       GetLastError               000000018002282e f   kernel32:KERNEL32.dll
 0002:00011834       HeapAlloc                  0000000180022834 f   kernel32:KERNEL32.dll
 0002:0001183a       HeapFree                   000000018002283a f   kernel32:KERNEL32.dll
 0002:00011840       GetProcessHeap             0000000180022840 f   kernel32:KERNEL32.dll
 0002:00011846       VirtualQuery               0000000180022846 f   kernel32:KERNEL32.dll
 0002:0001184c       FreeLibrary                000000018002284c f   kernel32:KERNEL32.dll
 0002:00011852       GetProcAddress             0000000180022852 f   kernel32:KERNEL32.dll
 0002:00011860       __vcrt_initialize          0000000180022860 f   MSVCRTD:ucrt_stubs.obj
 0002:00011860       __scrt_stub_for_acrt_initialize 0000000180022860 f   MSVCRTD:ucrt_stubs.obj
 0002:00011860       __acrt_initialize          0000000180022860 f   MSVCRTD:ucrt_stubs.obj
 0002:00011870       __scrt_stub_for_acrt_thread_attach 0000000180022870 f   MSVCRTD:ucrt_stubs.obj
 0002:00011870       __acrt_thread_attach       0000000180022870 f   MSVCRTD:ucrt_stubs.obj
 0002:00011870       __vcrt_thread_attach       0000000180022870 f   MSVCRTD:ucrt_stubs.obj
 0002:00011880       __scrt_stub_for_acrt_thread_detach 0000000180022880 f   MSVCRTD:ucrt_stubs.obj
 0002:00011880       __vcrt_thread_detach       0000000180022880 f   MSVCRTD:ucrt_stubs.obj
 0002:00011880       __acrt_thread_detach       0000000180022880 f   MSVCRTD:ucrt_stubs.obj
 0002:00011890       __acrt_uninitialize        0000000180022890 f   MSVCRTD:ucrt_stubs.obj
 0002:00011890       __vcrt_uninitialize        0000000180022890 f   MSVCRTD:ucrt_stubs.obj
 0002:00011890       __scrt_stub_for_acrt_uninitialize 0000000180022890 f   MSVCRTD:ucrt_stubs.obj
 0002:000118a0       __scrt_stub_for_acrt_uninitialize_critical 00000001800228a0 f   MSVCRTD:ucrt_stubs.obj
 0002:000118a0       __vcrt_uninitialize_critical 00000001800228a0 f   MSVCRTD:ucrt_stubs.obj
 0002:000118a0       __acrt_uninitialize_critical 00000001800228a0 f   MSVCRTD:ucrt_stubs.obj
 0002:000118b0       _is_c_termination_complete 00000001800228b0 f   MSVCRTD:ucrt_stubs.obj
 0002:000118b0       __scrt_stub_for_is_c_termination_complete 00000001800228b0 f   MSVCRTD:ucrt_stubs.obj
 0002:00012d80       _guard_dispatch_icall_nop  0000000180023d80 f   MSVCRTD:guard_dispatch.obj
 0002:00012da0       _guard_xfg_dispatch_icall_nop 0000000180023da0 f   MSVCRTD:guard_xfg_dispatch.obj
 0003:00000000       __xc_a                     0000000180026000     MSVCRTD:initializers.obj
 0003:00000110       __xc_z                     0000000180026110     MSVCRTD:initializers.obj
 0003:00000220       __xi_a                     0000000180026220     MSVCRTD:initializers.obj
 0003:00000330       __xi_z                     0000000180026330     MSVCRTD:initializers.obj
 0003:00000440       __xp_a                     0000000180026440     MSVCRTD:initializers.obj
 0003:00000550       __xp_z                     0000000180026550     MSVCRTD:initializers.obj
 0003:00000660       __xt_a                     0000000180026660     MSVCRTD:initializers.obj
 0003:00000770       __xt_z                     0000000180026770     MSVCRTD:initializers.obj
 0003:00002f20       ??_C@_0BA@NMEIMCEK@InvalidCodePath@ 0000000180028f20     p5engine.obj
 0003:00002f38       ??_C@_0BF@HOIOEMCL@P5Engine?1data?1bg?4bmp@ 0000000180028f38     p5engine.obj
 0003:00002f58       ??_C@_0BJ@EPENJOEL@P5Engine?1data?1shadow?4bmp@ 0000000180028f58     p5engine.obj
 0003:00002f78       ??_C@_0BJ@HEECFFOE@P5Engine?1data?1stairs?4bmp@ 0000000180028f78     p5engine.obj
 0003:00002f98       ??_C@_0BH@DDOBAHNL@P5Engine?1data?1tree?4bmp@ 0000000180028f98     p5engine.obj
 0003:00002fb8       ??_C@_0BI@EPGPCLAL@P5Engine?1data?1enemy?4bmp@ 0000000180028fb8     p5engine.obj
 0003:00002fd8       ??_C@_0BG@IEBKPHGI@P5Engine?1data?1orb?4bmp@ 0000000180028fd8     p5engine.obj
 0003:00002ff8       ??_C@_0BP@CIDLMIJA@P5Engine?1data?1char?9right?90?4bmp@ 0000000180028ff8     p5engine.obj
 0003:00003020       ??_C@_0BO@PEBAPFLC@P5Engine?1data?1char?9back?90?4bmp@ 0000000180029020     p5engine.obj
 0003:00003048       ??_C@_0BO@EAIBBIAG@P5Engine?1data?1char?9left?90?4bmp@ 0000000180029048     p5engine.obj
 0003:00003070       ??_C@_0BP@MKDPGEOC@P5Engine?1data?1char?9front?90?4bmp@ 0000000180029070     p5engine.obj
 0003:00003098       ??_C@_0BO@KNNOBFKI@P5Engine?1data?1sword?9right?4bmp@ 0000000180029098     p5engine.obj
 0003:000030c0       ??_C@_0BN@LDDHILOB@P5Engine?1data?1sword?9back?4bmp@ 00000001800290c0     p5engine.obj
 0003:000030e8       ??_C@_0BN@FPAHMBGA@P5Engine?1data?1sword?9left?4bmp@ 00000001800290e8     p5engine.obj
 0003:00003110       ??_C@_0BO@BNDLMGBJ@P5Engine?1data?1sword?9front?4bmp@ 0000000180029110     p5engine.obj
 0003:00003134       __real@00000000            0000000180029134     p5engine.obj
 0003:00003138       __real@3a83126f            0000000180029138     p5engine.obj
 0003:0000313c       __real@3c23d70a            000000018002913c     p5engine.obj
 0003:00003140       __real@3dcccccd            0000000180029140     p5engine.obj
 0003:00003144       __real@3e4ccccd            0000000180029144     p5engine.obj
 0003:00003148       __real@3e800000            0000000180029148     p5engine.obj
 0003:0000314c       __real@3f000000            000000018002914c     p5engine.obj
 0003:00003150       __real@3f800000            0000000180029150     p5engine.obj
 0003:00003154       __real@3fb33333            0000000180029154     p5engine.obj
 0003:00003158       __real@3fc00000            0000000180029158     p5engine.obj
 0003:0000315c       __real@40000000            000000018002915c     p5engine.obj
 0003:00003160       __real@400ccccd            0000000180029160     p5engine.obj
 0003:00003164       __real@40400000            0000000180029164     p5engine.obj
 0003:00003168       __real@40a00000            0000000180029168     p5engine.obj
 0003:0000316c       __real@40c00000            000000018002916c     p5engine.obj
 0003:00003170       __real@40c90fdb            0000000180029170     p5engine.obj
 0003:00003174       __real@41200000            0000000180029174     p5engine.obj
 0003:00003178       __real@41800000            0000000180029178     p5engine.obj
 0003:0000317c       __real@41880000            000000018002917c     p5engine.obj
 0003:00003180       __real@41a00000            0000000180029180     p5engine.obj
 0003:00003184       __real@41c00000            0000000180029184     p5engine.obj
 0003:00003188       __real@41f00000            0000000180029188     p5engine.obj
 0003:0000318c       __real@42000000            000000018002918c     p5engine.obj
 0003:00003190       __real@42340000            0000000180029190     p5engine.obj
 0003:00003194       __real@42600000            0000000180029194     p5engine.obj
 0003:00003198       __real@42800000            0000000180029198     p5engine.obj
 0003:0000319c       __real@42820000            000000018002919c     p5engine.obj
 0003:000031a0       __real@42960000            00000001800291a0     p5engine.obj
 0003:000031a4       __real@437f0000            00000001800291a4     p5engine.obj
 0003:000031a8       __real@461c4000            00000001800291a8     p5engine.obj
 0003:000031ac       __real@47c35000            00000001800291ac     p5engine.obj
 0003:000031b0       __real@becccccd            00000001800291b0     p5engine.obj
 0003:000031b4       __real@bf000000            00000001800291b4     p5engine.obj
 0003:000031b8       __real@bf800000            00000001800291b8     p5engine.obj
 0003:000031bc       __real@c11ccccd            00000001800291bc     p5engine.obj
 0003:000031c0       __xmm@80000000800000008000000080000000 00000001800291c0     p5engine.obj
 0003:000031d8       _pDefaultRawDllMain        00000001800291d8     MSVCRTD:dll_dllmain.obj
 0003:000031d8       _pRawDllMain               00000001800291d8     MSVCRTD:dll_dllmain.obj
 0003:000032d0       ??_C@_0NN@JMPELKLB@The?5value?5of?5ESP?5was?5not?5proper@ 00000001800292d0     MSVCRTD:error.obj
 0003:000033e0       ??_C@_0BBN@ELNNILBE@A?5cast?5to?5a?5smaller?5data?5type?5h@ 00000001800293e0     MSVCRTD:error.obj
 0003:00003538       ??_C@_0BN@BPOGFMJL@Stack?5memory?5was?5corrupted?$AN?6@ 0000000180029538     MSVCRTD:error.obj
 0003:00003560       ??_C@_0DG@DAJCDLPN@A?5local?5variable?5was?5used?5befor@ 0000000180029560     MSVCRTD:error.obj
 0003:000035a0       ??_C@_0CM@JMIDGKLA@Stack?5memory?5around?5_alloca?5was@ 00000001800295a0     MSVCRTD:error.obj
 0003:000035d8       ??_C@_0BO@CHIONIOI@Unknown?5Runtime?5Check?5Error?$AN?6@ 00000001800295d8     MSVCRTD:error.obj
 0003:00003600       ??_C@_1GM@CNOOJIHC@?$AAR?$AAu?$AAn?$AAt?$AAi?$AAm?$AAe?$AA?5?$AAC?$AAh?$AAe?$AAc?$AAk?$AA?5?$AAE@ 0000000180029600     MSVCRTD:error.obj
 0003:00003690       ??_C@_1EA@NFKNIFJP@?$AAR?$AAu?$AAn?$AA?9?$AAT?$AAi?$AAm?$AAe?$AA?5?$AAC?$AAh?$AAe?$AAc?$AAk?$AA?5@ 0000000180029690     MSVCRTD:error.obj
 0003:000036e0       ??_C@_0BB@PFFGGCJP@Unknown?5Filename@ 00000001800296e0     MSVCRTD:error.obj
 0003:000036f8       ??_C@_0BE@GNBOBNCK@Unknown?5Module?5Name@ 00000001800296f8     MSVCRTD:error.obj
 0003:00003710       ??_C@_0CA@IODNCDPG@Run?9Time?5Check?5Failure?5?$CD?$CFd?5?9?5?$CFs@ 0000000180029710     MSVCRTD:error.obj
 0003:00003738       ??_C@_0CG@IAFNJNEE@Stack?5corrupted?5near?5unknown?5va@ 0000000180029738     MSVCRTD:error.obj
 0003:00003768       ??_C@_05MKKEDADM@?$CF?42X?5@ 0000000180029768     MSVCRTD:error.obj
 0003:00003770       ??_C@_0EJ@LJKNEOLN@Stack?5area?5around?5_alloca?5memor@ 0000000180029770     MSVCRTD:error.obj
 0003:000037c8       ??_C@_01EEMJAFIK@?6@       00000001800297c8     MSVCRTD:error.obj
 0003:000037cc       ??_C@_02LLMPMKNF@?$DO?5@   00000001800297cc     MSVCRTD:error.obj
 0003:000037d0       ??_C@_08OMAHNMHJ@?6Data?3?5?$DM@ 00000001800297d0     MSVCRTD:error.obj
 0003:000037e0       ??_C@_0CK@DKGBICFE@?6Allocation?5number?5within?5this?5@ 00000001800297e0     MSVCRTD:error.obj
 0003:00003818       ??_C@_07DFDJCKFN@?6Size?3?5@ 0000000180029818     MSVCRTD:error.obj
 0003:00003828       ??_C@_0N@MHFFIMFG@?6Address?3?50x@ 0000000180029828     MSVCRTD:error.obj
 0003:00003840       ??_C@_0EI@CLEPFNGI@Stack?5area?5around?5_alloca?5memor@ 0000000180029840     MSVCRTD:error.obj
 0003:00003898       ??_C@_0BK@ODNDAGKB@?$CFs?$CFs?$CFp?$CFs?$CFzd?$CFs?$CFd?$CFs?$CFs?$CFs?$CFs?$CFs@ 0000000180029898     MSVCRTD:error.obj
 0003:000038b8       ??_C@_0DE@OHJBPMBP@A?5variable?5is?5being?5used?5withou@ 00000001800298b8     MSVCRTD:error.obj
 0003:00003928       ??_C@_0BJ@HEGAHDFO@Stack?5pointer?5corruption@ 0000000180029928     MSVCRTD:userapi.obj
 0003:00003948       ??_C@_0CK@FEGOIOPB@Cast?5to?5smaller?5type?5causing?5lo@ 0000000180029948     MSVCRTD:userapi.obj
 0003:00003980       ??_C@_0BI@CIGMDCBH@Stack?5memory?5corruption@ 0000000180029980     MSVCRTD:userapi.obj
 0003:000039a0       ??_C@_0CK@CNLNOEPB@Local?5variable?5used?5before?5init@ 00000001800299a0     MSVCRTD:userapi.obj
 0003:000039d8       ??_C@_0BP@OGBCLIBO@Stack?5around?5_alloca?5corrupted@ 00000001800299d8     MSVCRTD:userapi.obj
 0003:00003a80       ??_C@_1EI@MLPKHBGE@?$AAa?$AAp?$AAi?$AA?9?$AAm?$AAs?$AA?9?$AAw?$AAi?$AAn?$AA?9?$AAc?$AAo?$AAr?$AAe@ 0000000180029a80     MSVCRTD:pdblkup.obj
 0003:00003ad8       ??_C@_1BK@JHLNAEJL@?$AAa?$AAd?$AAv?$AAa?$AAp?$AAi?$AA3?$AA2?$AA?4?$AAd?$AAl?$AAl@ 0000000180029ad8     MSVCRTD:pdblkup.obj
 0003:00003af8       ??_C@_0O@COHOBMLB@RegOpenKeyExW@ 0000000180029af8     MSVCRTD:pdblkup.obj
 0003:00003b08       ??_C@_0BB@GLNAEDBD@RegQueryValueExW@ 0000000180029b08     MSVCRTD:pdblkup.obj
 0003:00003b20       ??_C@_0M@HLOHPNFA@RegCloseKey@ 0000000180029b20     MSVCRTD:pdblkup.obj
 0003:00003b30       ??_C@_1HE@EBEAGLFB@?$AAS?$AAO?$AAF?$AAT?$AAW?$AAA?$AAR?$AAE?$AA?2?$AAW?$AAo?$AAw?$AA6?$AA4?$AA3@ 0000000180029b30     MSVCRTD:pdblkup.obj
 0003:00003bc0       ??_C@_1BG@EABPBLLF@?$AAP?$AAr?$AAo?$AAd?$AAu?$AAc?$AAt?$AAD?$AAi?$AAr@ 0000000180029bc0     MSVCRTD:pdblkup.obj
 0003:00003c08       ??_C@_1BC@JINFINNJ@?$AAM?$AAS?$AAP?$AAD?$AAB?$AA1?$AA4?$AA0@ 0000000180029c08     MSVCRTD:pdblkup.obj
 0003:00003c20       ??_C@_0BB@KCIACLNC@PDBOpenValidate5@ 0000000180029c20     MSVCRTD:pdblkup.obj
 0003:00003c34       ??_C@_01KDCPPGHE@r@        0000000180029c34     MSVCRTD:pdblkup.obj
 0003:00003c70       _load_config_used          0000000180029c70     MSVCRTD:loadcfg.obj
 0003:00004000       __CastGuardVftablesStart   000000018002a000     MSVCRTD:guard_support.obj
 0003:00004110       __CastGuardVftablesEnd     000000018002a110     MSVCRTD:guard_support.obj
 0003:00004398       __rtc_iaa                  000000018002a398     MSVCRTD:initsect.obj
 0003:000045b8       __rtc_izz                  000000018002a5b8     MSVCRTD:initsect.obj
 0003:000046c8       __rtc_taa                  000000018002a6c8     MSVCRTD:initsect.obj
 0003:000048e8       __rtc_tzz                  000000018002a8e8     MSVCRTD:initsect.obj
 0004:00004cd0       __security_cookie_complement 0000000180030cd0     MSVCRTD:gs_cookie.obj
 0004:00004cd8       __security_cookie          0000000180030cd8     MSVCRTD:gs_cookie.obj
 0004:00004ce4       _fltused                   0000000180030ce4     MSVCRTD:fltused.obj
 0004:00004ce8       ?_RTC_ErrorLevels@@3PAHA   0000000180030ce8     MSVCRTD:error.obj
 0004:00004d00       __scrt_native_dllmain_reason 0000000180030d00     MSVCRTD:utility.obj
 0004:00004d08       __isa_available            0000000180030d08     MSVCRTD:cpu_disp.obj
 0004:00004d0c       __isa_enabled              0000000180030d0c     MSVCRTD:cpu_disp.obj
 0004:00004d10       __memcpy_nt_iters          0000000180030d10     MSVCRTD:cpu_disp.obj
 0004:00004d18       __memset_nt_iters          0000000180030d18     MSVCRTD:cpu_disp.obj
 0004:00004d30       __scrt_ucrt_dll_is_in_use  0000000180030d30     MSVCRTD:ucrt_stubs.obj
 0004:00004e48       ?_OptionsStorage@?1??__local_stdio_printf_options@@9@4_KA 0000000180030e48     MSVCRTD:error.obj
 0004:00005500       ?__type_info_root_node@@3U__type_info_node@@A 0000000180031500     MSVCRTD:tncleanup.obj
 0004:00005518       ?_OptionsStorage@?1??__local_stdio_scanf_options@@9@4_KA 0000000180031518     MSVCRTD:default_local_stdio_options.obj
 0004:00005528       __scrt_current_native_startup_state 0000000180031528     MSVCRTD:utility.obj
 0004:00005530       __scrt_native_startup_lock 0000000180031530     MSVCRTD:utility.obj
 0004:00005580       __scrt_debugger_hook_flag  0000000180031580     MSVCRTD:utility_desktop.obj
 0004:00005588       __castguard_check_failure_os_handled_fptr 0000000180031588     MSVCRTD:guard_support.obj
 0004:000055a4       __favor                    00000001800315a4     MSVCRTD:cpu_disp.obj
 0004:000055a8       __dyn_tls_init_callback    00000001800315a8     <common>
 0004:000055bc       __DebuggerCurrentSteppingThreadId 00000001800315bc     <common>
 0006:00000000       __imp_DisableThreadLibraryCalls 0000000180035000     kernel32:KERNEL32.dll
 0006:00000008       __imp_IsDebuggerPresent    0000000180035008     kernel32:KERNEL32.dll
 0006:00000010       __imp_RaiseException       0000000180035010     kernel32:KERNEL32.dll
 0006:00000018       __imp_MultiByteToWideChar  0000000180035018     kernel32:KERNEL32.dll
 0006:00000020       __imp_WideCharToMultiByte  0000000180035020     kernel32:KERNEL32.dll
 0006:00000028       __imp_RtlCaptureContext    0000000180035028     kernel32:KERNEL32.dll
 0006:00000030       __imp_RtlLookupFunctionEntry 0000000180035030     kernel32:KERNEL32.dll
 0006:00000038       __imp_RtlVirtualUnwind     0000000180035038     kernel32:KERNEL32.dll
 0006:00000040       __imp_GetProcAddress       0000000180035040     kernel32:KERNEL32.dll
 0006:00000048       __imp_FreeLibrary          0000000180035048     kernel32:KERNEL32.dll
 0006:00000050       __imp_VirtualQuery         0000000180035050     kernel32:KERNEL32.dll
 0006:00000058       __imp_GetProcessHeap       0000000180035058     kernel32:KERNEL32.dll
 0006:00000060       __imp_HeapFree             0000000180035060     kernel32:KERNEL32.dll
 0006:00000068       __imp_HeapAlloc            0000000180035068     kernel32:KERNEL32.dll
 0006:00000070       __imp_GetLastError         0000000180035070     kernel32:KERNEL32.dll
 0006:00000078       __imp_GetModuleHandleW     0000000180035078     kernel32:KERNEL32.dll
 0006:00000080       __imp_GetStartupInfoW      0000000180035080     kernel32:KERNEL32.dll
 0006:00000088       __imp_InitializeSListHead  0000000180035088     kernel32:KERNEL32.dll
 0006:00000090       __imp_GetCurrentThreadId   0000000180035090     kernel32:KERNEL32.dll
 0006:00000098       __imp_GetSystemTimeAsFileTime 0000000180035098     kernel32:KERNEL32.dll
 0006:000000a0       __imp_GetCurrentProcessId  00000001800350a0     kernel32:KERNEL32.dll
 0006:000000a8       __imp_QueryPerformanceCounter 00000001800350a8     kernel32:KERNEL32.dll
 0006:000000b0       __imp_IsProcessorFeaturePresent 00000001800350b0     kernel32:KERNEL32.dll
 0006:000000b8       __imp_TerminateProcess     00000001800350b8     kernel32:KERNEL32.dll
 0006:000000c0       __imp_GetCurrentProcess    00000001800350c0     kernel32:KERNEL32.dll
 0006:000000c8       __imp_SetUnhandledExceptionFilter 00000001800350c8     kernel32:KERNEL32.dll
 0006:000000d0       __imp_UnhandledExceptionFilter 00000001800350d0     kernel32:KERNEL32.dll
 0006:000000d8       \177KERNEL32_NULL_THUNK_DATA 00000001800350d8     kernel32:KERNEL32.dll
 0006:00000158       __imp___vcrt_GetModuleHandleW 0000000180035158     vcruntimed:VCRUNTIME140D.dll
 0006:00000160       __imp___vcrt_GetModuleFileNameW 0000000180035160     vcruntimed:VCRUNTIME140D.dll
 0006:00000168       __imp___current_exception_context 0000000180035168     vcruntimed:VCRUNTIME140D.dll
 0006:00000170       __imp___C_specific_handler 0000000180035170     vcruntimed:VCRUNTIME140D.dll
 0006:00000178       __imp___current_exception  0000000180035178     vcruntimed:VCRUNTIME140D.dll
 0006:00000180       __imp___std_type_info_destroy_list 0000000180035180     vcruntimed:VCRUNTIME140D.dll
 0006:00000188       __imp___C_specific_handler_noexcept 0000000180035188     vcruntimed:VCRUNTIME140D.dll
 0006:00000190       __imp___vcrt_LoadLibraryExW 0000000180035190     vcruntimed:VCRUNTIME140D.dll
 0006:00000198       \177VCRUNTIME140D_NULL_THUNK_DATA 0000000180035198     vcruntimed:VCRUNTIME140D.dll
 0006:000001f8       __imp_wcscpy_s             00000001800351f8     ucrtd:ucrtbased.dll
 0006:00000200       __imp__wsplitpath_s        0000000180035200     ucrtd:ucrtbased.dll
 0006:00000208       __imp_terminate            0000000180035208     ucrtd:ucrtbased.dll
 0006:00000210       __imp__cexit               0000000180035210     ucrtd:ucrtbased.dll
 0006:00000218       __imp__crt_at_quick_exit   0000000180035218     ucrtd:ucrtbased.dll
 0006:00000220       __imp__crt_atexit          0000000180035220     ucrtd:ucrtbased.dll
 0006:00000228       __imp__execute_onexit_table 0000000180035228     ucrtd:ucrtbased.dll
 0006:00000230       __imp__register_onexit_function 0000000180035230     ucrtd:ucrtbased.dll
 0006:00000238       __imp__initialize_onexit_table 0000000180035238     ucrtd:ucrtbased.dll
 0006:00000240       __imp__initialize_narrow_environment 0000000180035240     ucrtd:ucrtbased.dll
 0006:00000248       __imp__configure_narrow_argv 0000000180035248     ucrtd:ucrtbased.dll
 0006:00000250       __imp__seh_filter_dll      0000000180035250     ucrtd:ucrtbased.dll
 0006:00000258       __imp__wmakepath_s         0000000180035258     ucrtd:ucrtbased.dll
 0006:00000260       __imp_strcat_s             0000000180035260     ucrtd:ucrtbased.dll
 0006:00000268       __imp_strcpy_s             0000000180035268     ucrtd:ucrtbased.dll
 0006:00000270       __imp__initterm_e          0000000180035270     ucrtd:ucrtbased.dll
 0006:00000278       __imp__initterm            0000000180035278     ucrtd:ucrtbased.dll
 0006:00000280       __imp__CrtDbgReportW       0000000180035280     ucrtd:ucrtbased.dll
 0006:00000288       __imp__CrtDbgReport        0000000180035288     ucrtd:ucrtbased.dll
 0006:00000290       __imp__rotl                0000000180035290     ucrtd:ucrtbased.dll
 0006:00000298       __imp_sqrtf                0000000180035298     ucrtd:ucrtbased.dll
 0006:000002a0       __imp_sinf                 00000001800352a0     ucrtd:ucrtbased.dll
 0006:000002a8       __imp_roundf               00000001800352a8     ucrtd:ucrtbased.dll
 0006:000002b0       __imp_fabs                 00000001800352b0     ucrtd:ucrtbased.dll
 0006:000002b8       __imp___stdio_common_vsprintf_s 00000001800352b8     ucrtd:ucrtbased.dll
 0006:000002c0       \177ucrtbased_NULL_THUNK_DATA 00000001800352c0     ucrtd:ucrtbased.dll
 0006:00000340       __IMPORT_DESCRIPTOR_VCRUNTIME140D 0000000180035340     vcruntimed:VCRUNTIME140D.dll
 0006:00000354       __IMPORT_DESCRIPTOR_ucrtbased 0000000180035354     ucrtd:ucrtbased.dll
 0006:00000368       __IMPORT_DESCRIPTOR_KERNEL32 0000000180035368     kernel32:KERNEL32.dll
 0006:0000037c       __NULL_IMPORT_DESCRIPTOR   000000018003537c     vcruntimed:VCRUNTIME140D.dll
 0008:00000000       __guard_check_icall_fptr   0000000180037000     MSVCRTD:guard_support.obj
 0008:00000010       __guard_xfg_check_icall_fptr 0000000180037010     MSVCRTD:guard_support.obj
 0008:00000020       __guard_dispatch_icall_fptr 0000000180037020     MSVCRTD:guard_support.obj
 0008:00000030       __guard_xfg_dispatch_icall_fptr 0000000180037030     MSVCRTD:guard_support.obj
 0008:00000040       __guard_xfg_table_dispatch_icall_fptr 0000000180037040     MSVCRTD:guard_support.obj

 entry point at        0002:0000000f

 Static symbols

 0000:fffc6000       .debug$S                   0000000180000000     P5Engine.exp
 0000:fffc9000       _volmd                     0000000180000000     p5engine.obj
 0000:fffc9000       _volmd                     0000000180000000     p5engine.obj
 0000:fffc9000       _volmd                     0000000180000000     p5engine.obj
 0000:fffc9000       _volmd                     0000000180000000     p5engine.obj
 0000:fffc9000       _volmd                     0000000180000000     p5engine.obj
 0000:fffc9000       _volmd                     0000000180000000     p5engine.obj
 0000:fffc9000       _volmd                     0000000180000000     p5engine.obj
 0000:fffc9000       _volmd                     0000000180000000     p5engine.obj
 0000:fffc9000       _volmd                     0000000180000000     p5engine.obj
 0000:fffc9000       _volmd                     0000000180000000     p5engine.obj
 0000:fffc9000       _volmd                     0000000180000000     p5engine.obj
 0000:fffc9000       _volmd                     0000000180000000     p5engine.obj
 0000:fffc9000       _volmd                     0000000180000000     p5engine.obj
 0000:fffc9000       _volmd                     0000000180000000     p5engine.obj
 0000:fffc9000       _volmd                     0000000180000000     p5engine.obj
 0000:fffc9000       _volmd                     0000000180000000     p5engine.obj
 0000:fffc9000       _volmd                     0000000180000000     p5engine.obj
 0000:fffc9000       _volmd                     0000000180000000     p5engine.obj
 0000:fffc9000       _volmd                     0000000180000000     p5engine.obj
 0000:fffc9000       _volmd                     0000000180000000     p5engine.obj
 0000:fffc9000       _volmd                     0000000180000000     p5engine.obj
 0000:fffc9000       _volmd                     0000000180000000     p5engine.obj
 0000:fffc9000       _volmd                     0000000180000000     p5engine.obj
 0000:fffc9000       _volmd                     0000000180000000     p5engine.obj
 0000:fffc9000       _volmd                     0000000180000000     p5engine.obj
 0000:fffc9000       _volmd                     0000000180000000     p5engine.obj
 0000:fffc9000       _volmd                     0000000180000000     p5engine.obj
 0000:fffc9000       _volmd                     0000000180000000     p5engine.obj
 0000:fffc9000       _volmd                     0000000180000000     p5engine.obj
 0000:fffc9000       _volmd                     0000000180000000     MSVCRTD:cpu_disp.obj
 0000:fffca000       __guard_ehcont_?dllmain_dispatch@@YAHQEAUHINSTANCE__@@KQEAX@Z 0000000180000000     MSVCRTD:dll_dllmain.obj
 0000:fffca000       __guard_fids_?dllmain_dispatch@@YAHQEAUHINSTANCE__@@KQEAX@Z 0000000180000000     MSVCRTD:dll_dllmain.obj
 0000:fffca000       __guard_ehcont_?notify_debugger@@YAXAEBUtagEXCEPTION_VISUALCPP_DEBUG_INFO@@@Z 0000000180000000     MSVCRTD:error.obj
 0000:fffc9000       _volmd                     0000000180000000     MSVCRTD:gs_report.obj
 0000:fffc9000       _volmd                     0000000180000000     MSVCRTD:gs_report.obj
 0000:fffc9000       _volmd                     0000000180000000     MSVCRTD:gs_report.obj
 0000:fffca000       __guard_fids__             0000000180000000     MSVCRTD:guard_support.obj
 0000:fffca000       __guard_fids__             0000000180000000     MSVCRTD:guard_support.obj
 0000:fffca000       __guard_fids__guard_icall_checks_enforced 0000000180000000     MSVCRTD:guard_support.obj
 0000:fffc9000       _volmd                     0000000180000000     MSVCRTD:guard_support.obj
 0000:fffc9000       _volmd                     0000000180000000     MSVCRTD:guard_support.obj
 0000:fffc9000       _volmd                     0000000180000000     MSVCRTD:guard_support.obj
 0000:fffca000       __guard_fids__CRT_RTC_INIT 0000000180000000     MSVCRTD:init.obj
 0000:fffca000       __guard_fids__CRT_RTC_INITW 0000000180000000     MSVCRTD:init.obj
 0000:fffca000       __guard_ehcont___scrt_is_nonwritable_in_current_image 0000000180000000     MSVCRTD:utility.obj
 0000:fffc9000       _volmd                     0000000180000000     MSVCRTD:utility.obj
 0000:fffc9000       _volmd                     0000000180000000     MSVCRTD:utility.obj
 0000:fffc9000       _volmd                     0000000180000000     MSVCRTD:utility.obj
 0000:fffca000       __guard_fids___scrt_set_unhandled_exception_filter 0000000180000000     MSVCRTD:utility_desktop.obj
 0000:fffc9000       _volmd                     0000000180000000     MSVCRTD:utility_desktop.obj
 0000:fffc6000       .debug$S                   0000000180000000     vcruntimed:VCRUNTIME140D.dll
 0000:fffc6000       .debug$S                   0000000180000000     vcruntimed:VCRUNTIME140D.dll
 0000:fffc6000       .debug$S                   0000000180000000     vcruntimed:VCRUNTIME140D.dll
 0000:fffc6000       .debug$S                   0000000180000000     vcruntimed:VCRUNTIME140D.dll
 0000:fffc6000       .debug$S                   0000000180000000     vcruntimed:VCRUNTIME140D.dll
 0000:fffc6000       .debug$S                   0000000180000000     vcruntimed:VCRUNTIME140D.dll
 0000:fffc6000       .debug$S                   0000000180000000     vcruntimed:VCRUNTIME140D.dll
 0000:fffc6000       .debug$S                   0000000180000000     vcruntimed:VCRUNTIME140D.dll
 0000:fffc6000       .debug$S                   0000000180000000     ucrtd:ucrtbased.dll
 0000:fffc6000       .debug$S                   0000000180000000     ucrtd:ucrtbased.dll
 0000:fffc6000       .debug$S                   0000000180000000     ucrtd:ucrtbased.dll
 0000:fffc6000       .debug$S                   0000000180000000     ucrtd:ucrtbased.dll
 0000:fffc6000       .debug$S                   0000000180000000     ucrtd:ucrtbased.dll
 0000:fffc6000       .debug$S                   0000000180000000     ucrtd:ucrtbased.dll
 0000:fffc6000       .debug$S                   0000000180000000     ucrtd:ucrtbased.dll
 0000:fffc6000       .debug$S                   0000000180000000     ucrtd:ucrtbased.dll
 0000:fffc6000       .debug$S                   0000000180000000     ucrtd:ucrtbased.dll
 0000:fffc6000       .debug$S                   0000000180000000     ucrtd:ucrtbased.dll
 0000:fffc6000       .debug$S                   0000000180000000     ucrtd:ucrtbased.dll
 0000:fffc6000       .debug$S                   0000000180000000     ucrtd:ucrtbased.dll
 0000:fffc6000       .debug$S                   0000000180000000     ucrtd:ucrtbased.dll
 0000:fffc6000       .debug$S                   0000000180000000     ucrtd:ucrtbased.dll
 0000:fffc6000       .debug$S                   0000000180000000     ucrtd:ucrtbased.dll
 0000:fffc6000       .debug$S                   0000000180000000     ucrtd:ucrtbased.dll
 0000:fffc6000       .debug$S                   0000000180000000     ucrtd:ucrtbased.dll
 0000:fffc6000       .debug$S                   0000000180000000     ucrtd:ucrtbased.dll
 0000:fffc6000       .debug$S                   0000000180000000     ucrtd:ucrtbased.dll
 0000:fffc6000       .debug$S                   0000000180000000     ucrtd:ucrtbased.dll
 0000:fffc6000       .debug$S                   0000000180000000     ucrtd:ucrtbased.dll
 0000:fffc6000       .debug$S                   0000000180000000     ucrtd:ucrtbased.dll
 0000:fffc6000       .debug$S                   0000000180000000     ucrtd:ucrtbased.dll
 0000:fffc6000       .debug$S                   0000000180000000     ucrtd:ucrtbased.dll
 0000:fffc6000       .debug$S                   0000000180000000     ucrtd:ucrtbased.dll
 0000:fffc6000       .debug$S                   0000000180000000     kernel32:KERNEL32.dll
 0000:fffc6000       .debug$S                   0000000180000000     kernel32:KERNEL32.dll
 0000:fffc6000       .debug$S                   0000000180000000     kernel32:KERNEL32.dll
 0000:fffc6000       .debug$S                   0000000180000000     kernel32:KERNEL32.dll
 0000:fffc6000       .debug$S                   0000000180000000     kernel32:KERNEL32.dll
 0000:fffc6000       .debug$S                   0000000180000000     kernel32:KERNEL32.dll
 0000:fffc6000       .debug$S                   0000000180000000     kernel32:KERNEL32.dll
 0000:fffc6000       .debug$S                   0000000180000000     kernel32:KERNEL32.dll
 0000:fffc6000       .debug$S                   0000000180000000     kernel32:KERNEL32.dll
 0000:fffc6000       .debug$S                   0000000180000000     kernel32:KERNEL32.dll
 0000:fffc6000       .debug$S                   0000000180000000     kernel32:KERNEL32.dll
 0000:fffc6000       .debug$S                   0000000180000000     kernel32:KERNEL32.dll
 0000:fffc6000       .debug$S                   0000000180000000     kernel32:KERNEL32.dll
 0000:fffc6000       .debug$S                   0000000180000000     kernel32:KERNEL32.dll
 0000:fffc6000       .debug$S                   0000000180000000     kernel32:KERNEL32.dll
 0000:fffc6000       .debug$S                   0000000180000000     kernel32:KERNEL32.dll
 0000:fffc6000       .debug$S                   0000000180000000     kernel32:KERNEL32.dll
 0000:fffc6000       .debug$S                   0000000180000000     kernel32:KERNEL32.dll
 0000:fffc6000       .debug$S                   0000000180000000     kernel32:KERNEL32.dll
 0000:fffc6000       .debug$S                   0000000180000000     kernel32:KERNEL32.dll
 0000:fffc6000       .debug$S                   0000000180000000     kernel32:KERNEL32.dll
 0000:fffc6000       .debug$S                   0000000180000000     kernel32:KERNEL32.dll
 0000:fffc6000       .debug$S                   0000000180000000     kernel32:KERNEL32.dll
 0000:fffc6000       .debug$S                   0000000180000000     kernel32:KERNEL32.dll
 0000:fffc6000       .debug$S                   0000000180000000     kernel32:KERNEL32.dll
 0000:fffc6000       .debug$S                   0000000180000000     kernel32:KERNEL32.dll
 0000:fffc6000       .debug$S                   0000000180000000     kernel32:KERNEL32.dll
 0002:00001470       ?AddCollisionRule@@YAXPEAUgame_state@@IIH@Z 0000000180012470 f   p5engine.obj
 0002:00001670       ?AddEntity@@YAPEAUsim_entity@@PEAUgame_state@@PEAUsim_region@@IPEAUlow_entity@@PEATv3@@@Z 0000000180012670 f   p5engine.obj
 0002:00001810       ?AddEntityRaw@@YAPEAUsim_entity@@PEAUgame_state@@PEAUsim_region@@IPEAUlow_entity@@@Z 0000000180012810 f   p5engine.obj
 0002:00001a20       ?AddFamiliar@@YA?AUadd_low_entity_result@@PEAUgame_state@@III@Z 0000000180012a20 f   p5engine.obj
 0002:00001c80       ?AddLowEntity@@YA?AUadd_low_entity_result@@PEAUgame_state@@W4entity_type@@Uworld_position@@@Z 0000000180012c80 f   p5engine.obj
 0002:00001ef0       ?AddMonstar@@YA?AUadd_low_entity_result@@PEAUgame_state@@III@Z 0000000180012ef0 f   p5engine.obj
 0002:00002100       ?AddPlayer@@YA?AUadd_low_entity_result@@PEAUgame_state@@@Z 0000000180013100 f   p5engine.obj
 0002:000024e0       ?AddStairs@@YA?AUadd_low_entity_result@@PEAUgame_state@@III@Z 00000001800134e0 f   p5engine.obj
 0002:00002730       ?AddSword@@YA?AUadd_low_entity_result@@PEAUgame_state@@@Z 0000000180013730 f   p5engine.obj
 0002:00002890       ?AddWall@@YA?AUadd_low_entity_result@@PEAUgame_state@@III@Z 0000000180013890 f   p5engine.obj
 0002:00002c00       ?BeginSim@@YAPEAUsim_region@@PEAUmemory_arena@@PEAUgame_state@@PEAUworld@@Uworld_position@@Urectangle3@@M@Z 0000000180013c00 f   p5engine.obj
 0002:00003410       ?CanCollide@@YAHPEAUgame_state@@PEAUsim_entity@@1@Z 0000000180014410 f   p5engine.obj
 0002:000035c0       ?CanOverlap@@YAHPEAUgame_state@@PEAUsim_entity@@1@Z 00000001800145c0 f   p5engine.obj
 0002:00003640       ?ChangeEntityLocation@@YAXPEAUmemory_arena@@PEAUworld@@IPEAUlow_entity@@Uworld_position@@@Z 0000000180014640 f   p5engine.obj
 0002:00004230       ?ClearCollisionRulesFor@@YAXPEAUgame_state@@I@Z 0000000180015230 f   p5engine.obj
 0002:000043c0       ?DEBUGLoadBMP@@YA?AUloaded_bitmap@@PEAUthread_context@@P6A?AUdebug_read_file_result@@0PEAD@Z1@Z 00000001800153c0 f   p5engine.obj
 0002:00004960       ?DrawBitmap@@YAXPEAUgame_offscreen_buffer@@PEAUloaded_bitmap@@MMM@Z 0000000180015960 f   p5engine.obj
 0002:00004ee0       ?DrawHitpoints@@YAXPEAUsim_entity@@PEAUentity_visible_piece_group@@@Z 0000000180015ee0 f   p5engine.obj
 0002:000051e0       ?DrawRectangle@@YAXPEAUgame_offscreen_buffer@@Tv2@@1MMM@Z 00000001800161e0 f   p5engine.obj
 0002:00005480       ?EndSim@@YAXPEAUsim_region@@PEAUgame_state@@@Z 0000000180016480 f   p5engine.obj
 0002:00005ac0       ?GameOutputSound@@YAXPEAUgame_state@@PEAUgame_sound_output_buffer@@H@Z 0000000180016ac0 f   p5engine.obj
 0002:00005db0       ?GetHashFromStorageIndex@@YAPEAUsim_entity_hash@@PEAUsim_region@@I@Z 0000000180016db0 f   p5engine.obj
 0002:00006620       ?HandleCollision@@YAHPEAUgame_state@@PEAUsim_entity@@1@Z 0000000180017620 f   p5engine.obj
 0002:00006780       ?HandleOverlap@@YAXPEAUgame_state@@PEAUsim_entity@@1MPEAM@Z 0000000180017780 f   p5engine.obj
 0002:00006a10       ?InitHitPoints@@YAXPEAUlow_entity@@I@Z 0000000180017a10 f   p5engine.obj
 0002:00006b50       ?InitializeWorld@@YAXPEAUworld@@M@Z 0000000180017b50 f   p5engine.obj
 0002:000076d0       ?MoveEntity@@YAXPEAUgame_state@@PEAUsim_region@@PEAUsim_entity@@MPEAUmove_spec@@Tv3@@@Z 00000001800186d0 f   p5engine.obj
 0002:00009dc0       ?SpeculativeCollide@@YAHPEAUsim_entity@@0@Z 000000018001adc0 f   p5engine.obj
 0002:0000a170       ?Subtract@@YA?ATv3@@PEAUworld@@PEAUworld_position@@1@Z 000000018001b170 f   p5engine.obj
 0002:0000a4a0       ?TestWall@@YAHMMMMMPEAMMM@Z 000000018001b4a0 f   p5engine.obj
 0002:0000ce6c       $LN106                     000000018001de6c     p5engine.obj
 0002:0000dcb0       $$000000                   000000018001ecb0     MSVCRTD:chkstk.obj
 0002:0000dd30       $$000000                   000000018001ed30     MSVCRTD:amdsecgs.obj
 0002:0000dd70       ?dllmain_crt_dispatch@@YAHQEAUHINSTANCE__@@KQEAX@Z 000000018001ed70 f   MSVCRTD:dll_dllmain.obj
 0002:0000de20       ?dllmain_crt_process_attach@@YAHQEAUHINSTANCE__@@QEAX@Z 000000018001ee20 f   MSVCRTD:dll_dllmain.obj
 0002:0000dfb0       ?dllmain_crt_process_detach@@YAH_N@Z 000000018001efb0 f   MSVCRTD:dll_dllmain.obj
 0002:0000e070       ?dllmain_dispatch@@YAHQEAUHINSTANCE__@@KQEAX@Z 000000018001f070 f   MSVCRTD:dll_dllmain.obj
 0002:0000e200       ?dllmain_raw@@YAHQEAUHINSTANCE__@@KQEAX@Z 000000018001f200 f   MSVCRTD:dll_dllmain.obj
 0002:0000e300       ?DebuggerProbe@@YA_NK@Z    000000018001f300 f   MSVCRTD:error.obj
 0002:0000e350       ?DebuggerRuntime@@YA_NKHPEAXPEB_W@Z 000000018001f350 f   MSVCRTD:error.obj
 0002:0000e6e0       ?_getMemBlockDataString@@YAXPEAD0PEBD_K@Z 000000018001f6e0 f   MSVCRTD:error.obj
 0002:0000e7c0       ?_strlen_priv@@YA_KPEBD@Z  000000018001f7c0 f   MSVCRTD:error.obj
 0002:0000e7e0       ?failwithmessage@@YAXPEAXHHPEBD@Z 000000018001f7e0 f   MSVCRTD:error.obj
 0002:0000eae0       ?notify_debugger@@YAXAEBUtagEXCEPTION_VISUALCPP_DEBUG_INFO@@@Z 000000018001fae0 f   MSVCRTD:error.obj
 0002:0000f140       capture_current_context    0000000180020140 f   MSVCRTD:gs_report.obj
 0002:0000f200       capture_previous_context   0000000180020200 f   MSVCRTD:gs_report.obj
 0002:0000f2e0       __get_entropy              00000001800202e0 f   MSVCRTD:gs_support.obj
 0002:0000f590       ?find_pe_section@@YAPEAU_IMAGE_SECTION_HEADER@@QEAE_K@Z 0000000180020590 f   MSVCRTD:utility.obj
 0002:0000f6b0       ?is_potentially_valid_image_base@@YA_NQEAX@Z 00000001800206b0 f   MSVCRTD:utility.obj
 0002:00010450       __castguard_compat_check   0000000180021450 f   MSVCRTD:guard_support.obj
 0002:00010630       __castguard_slow_path_compat_check 0000000180021630 f   MSVCRTD:guard_support.obj
 0002:00010720       ?GetPdbDll@@YAPEAUHINSTANCE__@@XZ 0000000180021720 f   MSVCRTD:pdblkup.obj
 0002:000108c0       ?GetPdbDllFromInstallPath@@YAPEAUHINSTANCE__@@XZ 00000001800218c0 f   MSVCRTD:pdblkup.obj
 0002:00010c20       ?GetPdbDllPathFromFilePath@@YAHPEB_WPEA_W_K@Z 0000000180021c20 f   MSVCRTD:pdblkup.obj
 0002:00012d70       $$000000                   0000000180023d70     MSVCRTD:guard_dispatch.obj
 0002:00012d90       $$000000                   0000000180023d90     MSVCRTD:guard_xfg_dispatch.obj
 0002:00013db0       ?fin$0@?0??dllmain_crt_process_attach@@YAHQEAUHINSTANCE__@@QEAX@Z@4HA 0000000180024db0 f   MSVCRTD:dll_dllmain.obj
 0002:00013dd0       ?fin$0@?0??dllmain_crt_process_detach@@YAH_N@Z@4HA 0000000180024dd0 f   MSVCRTD:dll_dllmain.obj
 0002:00013dea       ?fin$1@?0??dllmain_crt_process_detach@@YAH_N@Z@4HA 0000000180024dea f   MSVCRTD:dll_dllmain.obj
 0002:00013e10       ?filt$0@?0??dllmain_dispatch@@YAHQEAUHINSTANCE__@@KQEAX@Z@4HA 0000000180024e10 f   MSVCRTD:dll_dllmain.obj
 0002:00013e70       ?filt$0@?0??notify_debugger@@YAXAEBUtagEXCEPTION_VISUALCPP_DEBUG_INFO@@@Z@4HA 0000000180024e70 f   MSVCRTD:error.obj
 0002:00013ea0       __scrt_is_nonwritable_in_current_image$filt$0 0000000180024ea0 f   MSVCRTD:utility.obj
 0003:00000880       ?FindLeastSignificantSetBit@@YA?AUbit_scan_result@@I@Z$rtcName$0 0000000180026880     p5engine.obj
 0003:00000890       ?FindLeastSignificantSetBit@@YA?AUbit_scan_result@@I@Z$rtcVarDesc 0000000180026890     p5engine.obj
 0003:000008d0       ?FindLeastSignificantSetBit@@YA?AUbit_scan_result@@I@Z$rtcFrameData 00000001800268d0     p5engine.obj
 0003:00000900       ?V2@@YA?ATv2@@MM@Z$rtcName$0 0000000180026900     p5engine.obj
 0003:00000910       ?V2@@YA?ATv2@@MM@Z$rtcVarDesc 0000000180026910     p5engine.obj
 0003:00000950       ?V2@@YA?ATv2@@MM@Z$rtcFrameData 0000000180026950     p5engine.obj
 0003:00000980       ??D@YA?ATv2@@MT0@@Z$rtcName$0 0000000180026980     p5engine.obj
 0003:00000990       ??D@YA?ATv2@@MT0@@Z$rtcVarDesc 0000000180026990     p5engine.obj
 0003:000009d0       ??D@YA?ATv2@@MT0@@Z$rtcFrameData 00000001800269d0     p5engine.obj
 0003:00000a00       ??H@YA?ATv2@@T0@0@Z$rtcName$0 0000000180026a00     p5engine.obj
 0003:00000a10       ??H@YA?ATv2@@T0@0@Z$rtcVarDesc 0000000180026a10     p5engine.obj
 0003:00000a50       ??H@YA?ATv2@@T0@0@Z$rtcFrameData 0000000180026a50     p5engine.obj
 0003:00000a80       ??G@YA?ATv2@@T0@0@Z$rtcName$0 0000000180026a80     p5engine.obj
 0003:00000a90       ??G@YA?ATv2@@T0@0@Z$rtcVarDesc 0000000180026a90     p5engine.obj
 0003:00000ad0       ??G@YA?ATv2@@T0@0@Z$rtcFrameData 0000000180026ad0     p5engine.obj
 0003:00000b00       ?V3@@YA?ATv3@@MMM@Z$rtcName$0 0000000180026b00     p5engine.obj
 0003:00000b10       ?V3@@YA?ATv3@@MMM@Z$rtcVarDesc 0000000180026b10     p5engine.obj
 0003:00000b50       ?V3@@YA?ATv3@@MMM@Z$rtcFrameData 0000000180026b50     p5engine.obj
 0003:00000b80       ??D@YA?ATv3@@MT0@@Z$rtcName$0 0000000180026b80     p5engine.obj
 0003:00000b90       ??D@YA?ATv3@@MT0@@Z$rtcVarDesc 0000000180026b90     p5engine.obj
 0003:00000bd0       ??D@YA?ATv3@@MT0@@Z$rtcFrameData 0000000180026bd0     p5engine.obj
 0003:00000c00       ??D@YA?ATv3@@T0@M@Z$rtcName$0 0000000180026c00     p5engine.obj
 0003:00000c10       ??D@YA?ATv3@@T0@M@Z$rtcVarDesc 0000000180026c10     p5engine.obj
 0003:00000c50       ??D@YA?ATv3@@T0@M@Z$rtcFrameData 0000000180026c50     p5engine.obj
 0003:00000c80       ??H@YA?ATv3@@T0@0@Z$rtcName$0 0000000180026c80     p5engine.obj
 0003:00000c90       ??H@YA?ATv3@@T0@0@Z$rtcVarDesc 0000000180026c90     p5engine.obj
 0003:00000cd0       ??H@YA?ATv3@@T0@0@Z$rtcFrameData 0000000180026cd0     p5engine.obj
 0003:00000d00       ??G@YA?ATv3@@T0@0@Z$rtcName$0 0000000180026d00     p5engine.obj
 0003:00000d10       ??G@YA?ATv3@@T0@0@Z$rtcVarDesc 0000000180026d10     p5engine.obj
 0003:00000d50       ??G@YA?ATv3@@T0@0@Z$rtcFrameData 0000000180026d50     p5engine.obj
 0003:00000d80       ?Hadamard@@YA?ATv3@@T1@0@Z$rtcName$0 0000000180026d80     p5engine.obj
 0003:00000d90       ?Hadamard@@YA?ATv3@@T1@0@Z$rtcVarDesc 0000000180026d90     p5engine.obj
 0003:00000dd0       ?Hadamard@@YA?ATv3@@T1@0@Z$rtcFrameData 0000000180026dd0     p5engine.obj
 0003:00000e00       ?Clamp01@@YA?ATv3@@T1@@Z$rtcName$0 0000000180026e00     p5engine.obj
 0003:00000e10       ?Clamp01@@YA?ATv3@@T1@@Z$rtcVarDesc 0000000180026e10     p5engine.obj
 0003:00000e50       ?Clamp01@@YA?ATv3@@T1@@Z$rtcFrameData 0000000180026e50     p5engine.obj
 0003:00000e80       ?V4@@YA?ATv4@@MMMM@Z$rtcName$0 0000000180026e80     p5engine.obj
 0003:00000e90       ?V4@@YA?ATv4@@MMMM@Z$rtcVarDesc 0000000180026e90     p5engine.obj
 0003:00000ed0       ?V4@@YA?ATv4@@MMMM@Z$rtcFrameData 0000000180026ed0     p5engine.obj
 0003:00000f00       ?GetMinCorner@@YA?ATv3@@Urectangle3@@@Z$rtcName$0 0000000180026f00     p5engine.obj
 0003:00000f10       ?GetMinCorner@@YA?ATv3@@Urectangle3@@@Z$rtcVarDesc 0000000180026f10     p5engine.obj
 0003:00000f50       ?GetMinCorner@@YA?ATv3@@Urectangle3@@@Z$rtcFrameData 0000000180026f50     p5engine.obj
 0003:00000f80       ?GetMaxCorner@@YA?ATv3@@Urectangle3@@@Z$rtcName$0 0000000180026f80     p5engine.obj
 0003:00000f90       ?GetMaxCorner@@YA?ATv3@@Urectangle3@@@Z$rtcVarDesc 0000000180026f90     p5engine.obj
 0003:00000fd0       ?GetMaxCorner@@YA?ATv3@@Urectangle3@@@Z$rtcFrameData 0000000180026fd0     p5engine.obj
 0003:00001000       ?RectCenterHalfDim@@YA?AUrectangle3@@Tv3@@0@Z$rtcName$0 0000000180027000     p5engine.obj
 0003:00001010       ?RectCenterHalfDim@@YA?AUrectangle3@@Tv3@@0@Z$rtcVarDesc 0000000180027010     p5engine.obj
 0003:00001050       ?RectCenterHalfDim@@YA?AUrectangle3@@Tv3@@0@Z$rtcFrameData 0000000180027050     p5engine.obj
 0003:00001080       ?AddRadiusTo@@YA?AUrectangle3@@U1@Tv3@@@Z$rtcName$0 0000000180027080     p5engine.obj
 0003:00001090       ?AddRadiusTo@@YA?AUrectangle3@@U1@Tv3@@@Z$rtcVarDesc 0000000180027090     p5engine.obj
 0003:000010d0       ?AddRadiusTo@@YA?AUrectangle3@@U1@Tv3@@@Z$rtcFrameData 00000001800270d0     p5engine.obj
 0003:00001100       ?RectCenterDim@@YA?AUrectangle3@@Tv3@@0@Z$rtcName$0 0000000180027100     p5engine.obj
 0003:00001110       ?RectCenterDim@@YA?AUrectangle3@@Tv3@@0@Z$rtcVarDesc 0000000180027110     p5engine.obj
 0003:00001150       ?RectCenterDim@@YA?AUrectangle3@@Tv3@@0@Z$rtcFrameData 0000000180027150     p5engine.obj
 0003:00001180       ?GetBarycentric@@YA?ATv3@@Urectangle3@@T1@@Z$rtcName$0 0000000180027180     p5engine.obj
 0003:00001190       ?GetBarycentric@@YA?ATv3@@Urectangle3@@T1@@Z$rtcVarDesc 0000000180027190     p5engine.obj
 0003:000011d0       ?GetBarycentric@@YA?ATv3@@Urectangle3@@T1@@Z$rtcFrameData 00000001800271d0     p5engine.obj
 0003:00001200       ?NullPosition@@YA?AUworld_position@@XZ$rtcName$0 0000000180027200     p5engine.obj
 0003:00001210       ?NullPosition@@YA?AUworld_position@@XZ$rtcVarDesc 0000000180027210     p5engine.obj
 0003:00001250       ?NullPosition@@YA?AUworld_position@@XZ$rtcFrameData 0000000180027250     p5engine.obj
 0003:00001280       ?MapIntoChunkSpace@@YA?AUworld_position@@PEAUworld@@U1@Tv3@@@Z$rtcName$0 0000000180027280     p5engine.obj
 0003:00001290       ?MapIntoChunkSpace@@YA?AUworld_position@@PEAUworld@@U1@Tv3@@@Z$rtcVarDesc 0000000180027290     p5engine.obj
 0003:000012d0       ?MapIntoChunkSpace@@YA?AUworld_position@@PEAUworld@@U1@Tv3@@@Z$rtcFrameData 00000001800272d0     p5engine.obj
 0003:00001300       ?ChunkPositionFromTilePosition@@YA?AUworld_position@@PEAUworld@@HHHTv3@@@Z$rtcName$0 0000000180027300     p5engine.obj
 0003:00001308       ?ChunkPositionFromTilePosition@@YA?AUworld_position@@PEAUworld@@HHHTv3@@@Z$rtcName$1 0000000180027308     p5engine.obj
 0003:00001310       ?ChunkPositionFromTilePosition@@YA?AUworld_position@@PEAUworld@@HHHTv3@@@Z$rtcName$2 0000000180027310     p5engine.obj
 0003:00001320       ?ChunkPositionFromTilePosition@@YA?AUworld_position@@PEAUworld@@HHHTv3@@@Z$rtcVarDesc 0000000180027320     p5engine.obj
 0003:000013e0       ?ChunkPositionFromTilePosition@@YA?AUworld_position@@PEAUworld@@HHHTv3@@@Z$rtcFrameData 00000001800273e0     p5engine.obj
 0003:00001420       ?Subtract@@YA?ATv3@@PEAUworld@@PEAUworld_position@@1@Z$rtcName$0 0000000180027420     p5engine.obj
 0003:00001428       ?Subtract@@YA?ATv3@@PEAUworld@@PEAUworld_position@@1@Z$rtcName$1 0000000180027428     p5engine.obj
 0003:00001430       ?Subtract@@YA?ATv3@@PEAUworld@@PEAUworld_position@@1@Z$rtcVarDesc 0000000180027430     p5engine.obj
 0003:000014b0       ?Subtract@@YA?ATv3@@PEAUworld@@PEAUworld_position@@1@Z$rtcFrameData 00000001800274b0     p5engine.obj
 0003:000014e0       ?GetSimSpacePos@@YA?ATv3@@PEAUsim_region@@PEAUlow_entity@@@Z$rtcName$0 00000001800274e0     p5engine.obj
 0003:000014f0       ?GetSimSpacePos@@YA?ATv3@@PEAUsim_region@@PEAUlow_entity@@@Z$rtcVarDesc 00000001800274f0     p5engine.obj
 0003:00001530       ?GetSimSpacePos@@YA?ATv3@@PEAUsim_region@@PEAUlow_entity@@@Z$rtcFrameData 0000000180027530     p5engine.obj
 0003:00001560       ?LoadEntityReference@@YAXPEAUgame_state@@PEAUsim_region@@PEATentity_reference@@@Z$rtcName$0 0000000180027560     p5engine.obj
 0003:00001570       ?LoadEntityReference@@YAXPEAUgame_state@@PEAUsim_region@@PEATentity_reference@@@Z$rtcVarDesc 0000000180027570     p5engine.obj
 0003:000015b0       ?LoadEntityReference@@YAXPEAUgame_state@@PEAUsim_region@@PEATentity_reference@@@Z$rtcFrameData 00000001800275b0     p5engine.obj
 0003:000015e0       ?EntityOverlapsRectangle@@YAHTv3@@0Urectangle3@@@Z$rtcName$0 00000001800275e0     p5engine.obj
 0003:000015f0       ?EntityOverlapsRectangle@@YAHTv3@@0Urectangle3@@@Z$rtcVarDesc 00000001800275f0     p5engine.obj
 0003:00001630       ?EntityOverlapsRectangle@@YAHTv3@@0Urectangle3@@@Z$rtcFrameData 0000000180027630     p5engine.obj
 0003:00001660       ?BeginSim@@YAPEAUsim_region@@PEAUmemory_arena@@PEAUgame_state@@PEAUworld@@Uworld_position@@Urectangle3@@M@Z$rtcName$0 0000000180027660     p5engine.obj
 0003:00001670       ?BeginSim@@YAPEAUsim_region@@PEAUmemory_arena@@PEAUgame_state@@PEAUworld@@Uworld_position@@Urectangle3@@M@Z$rtcName$1 0000000180027670     p5engine.obj
 0003:00001680       ?BeginSim@@YAPEAUsim_region@@PEAUmemory_arena@@PEAUgame_state@@PEAUworld@@Uworld_position@@Urectangle3@@M@Z$rtcName$2 0000000180027680     p5engine.obj
 0003:00001690       ?BeginSim@@YAPEAUsim_region@@PEAUmemory_arena@@PEAUgame_state@@PEAUworld@@Uworld_position@@Urectangle3@@M@Z$rtcVarDesc 0000000180027690     p5engine.obj
 0003:00001750       ?BeginSim@@YAPEAUsim_region@@PEAUmemory_arena@@PEAUgame_state@@PEAUworld@@Uworld_position@@Urectangle3@@M@Z$rtcFrameData 0000000180027750     p5engine.obj
 0003:000017a0       ?EndSim@@YAXPEAUsim_region@@PEAUgame_state@@@Z$rtcName$0 00000001800277a0     p5engine.obj
 0003:000017a8       ?EndSim@@YAXPEAUsim_region@@PEAUgame_state@@@Z$rtcName$1 00000001800277a8     p5engine.obj
 0003:000017c0       ?EndSim@@YAXPEAUsim_region@@PEAUgame_state@@@Z$rtcVarDesc 00000001800277c0     p5engine.obj
 0003:00001840       ?EndSim@@YAXPEAUsim_region@@PEAUgame_state@@@Z$rtcFrameData 0000000180027840     p5engine.obj
 0003:00001880       ?HandleOverlap@@YAXPEAUgame_state@@PEAUsim_entity@@1MPEAM@Z$rtcName$0 0000000180027880     p5engine.obj
 0003:0000188c       ?HandleOverlap@@YAXPEAUgame_state@@PEAUsim_entity@@1MPEAM@Z$rtcName$1 000000018002788c     p5engine.obj
 0003:000018a0       ?HandleOverlap@@YAXPEAUgame_state@@PEAUsim_entity@@1MPEAM@Z$rtcVarDesc 00000001800278a0     p5engine.obj
 0003:00001920       ?HandleOverlap@@YAXPEAUgame_state@@PEAUsim_entity@@1MPEAM@Z$rtcFrameData 0000000180027920     p5engine.obj
 0003:00001960       ?SpeculativeCollide@@YAHPEAUsim_entity@@0@Z$rtcName$0 0000000180027960     p5engine.obj
 0003:0000196c       ?SpeculativeCollide@@YAHPEAUsim_entity@@0@Z$rtcName$1 000000018002796c     p5engine.obj
 0003:00001980       ?SpeculativeCollide@@YAHPEAUsim_entity@@0@Z$rtcVarDesc 0000000180027980     p5engine.obj
 0003:00001a00       ?SpeculativeCollide@@YAHPEAUsim_entity@@0@Z$rtcFrameData 0000000180027a00     p5engine.obj
 0003:00001a40       ?MoveEntity@@YAXPEAUgame_state@@PEAUsim_region@@PEAUsim_entity@@MPEAUmove_spec@@Tv3@@@Z$rtcName$0 0000000180027a40     p5engine.obj
 0003:00001a50       ?MoveEntity@@YAXPEAUgame_state@@PEAUsim_region@@PEAUsim_entity@@MPEAUmove_spec@@Tv3@@@Z$rtcName$1 0000000180027a50     p5engine.obj
 0003:00001a5c       ?MoveEntity@@YAXPEAUgame_state@@PEAUsim_region@@PEAUsim_entity@@MPEAUmove_spec@@Tv3@@@Z$rtcName$8 0000000180027a5c     p5engine.obj
 0003:00001a60       ?MoveEntity@@YAXPEAUgame_state@@PEAUsim_region@@PEAUsim_entity@@MPEAUmove_spec@@Tv3@@@Z$rtcName$2 0000000180027a60     p5engine.obj
 0003:00001a70       ?MoveEntity@@YAXPEAUgame_state@@PEAUsim_region@@PEAUsim_entity@@MPEAUmove_spec@@Tv3@@@Z$rtcName$3 0000000180027a70     p5engine.obj
 0003:00001a80       ?MoveEntity@@YAXPEAUgame_state@@PEAUsim_region@@PEAUsim_entity@@MPEAUmove_spec@@Tv3@@@Z$rtcName$4 0000000180027a80     p5engine.obj
 0003:00001a90       ?MoveEntity@@YAXPEAUgame_state@@PEAUsim_region@@PEAUsim_entity@@MPEAUmove_spec@@Tv3@@@Z$rtcName$5 0000000180027a90     p5engine.obj
 0003:00001aa8       ?MoveEntity@@YAXPEAUgame_state@@PEAUsim_region@@PEAUsim_entity@@MPEAUmove_spec@@Tv3@@@Z$rtcName$6 0000000180027aa8     p5engine.obj
 0003:00001ab8       ?MoveEntity@@YAXPEAUgame_state@@PEAUsim_region@@PEAUsim_entity@@MPEAUmove_spec@@Tv3@@@Z$rtcName$7 0000000180027ab8     p5engine.obj
 0003:00001ac8       ?MoveEntity@@YAXPEAUgame_state@@PEAUsim_region@@PEAUsim_entity@@MPEAUmove_spec@@Tv3@@@Z$rtcName$9 0000000180027ac8     p5engine.obj
 0003:00001ad4       ?MoveEntity@@YAXPEAUgame_state@@PEAUsim_region@@PEAUsim_entity@@MPEAUmove_spec@@Tv3@@@Z$rtcName$12 0000000180027ad4     p5engine.obj
 0003:00001ae0       ?MoveEntity@@YAXPEAUgame_state@@PEAUsim_region@@PEAUsim_entity@@MPEAUmove_spec@@Tv3@@@Z$rtcName$10 0000000180027ae0     p5engine.obj
 0003:00001af0       ?MoveEntity@@YAXPEAUgame_state@@PEAUsim_region@@PEAUsim_entity@@MPEAUmove_spec@@Tv3@@@Z$rtcName$11 0000000180027af0     p5engine.obj
 0003:00001af8       ?MoveEntity@@YAXPEAUgame_state@@PEAUsim_region@@PEAUsim_entity@@MPEAUmove_spec@@Tv3@@@Z$rtcName$13 0000000180027af8     p5engine.obj
 0003:00001b08       ?MoveEntity@@YAXPEAUgame_state@@PEAUsim_region@@PEAUsim_entity@@MPEAUmove_spec@@Tv3@@@Z$rtcName$14 0000000180027b08     p5engine.obj
 0003:00001b18       ?MoveEntity@@YAXPEAUgame_state@@PEAUsim_region@@PEAUsim_entity@@MPEAUmove_spec@@Tv3@@@Z$rtcFrameData 0000000180027b18     p5engine.obj
 0003:00001b30       ?MoveEntity@@YAXPEAUgame_state@@PEAUsim_region@@PEAUsim_entity@@MPEAUmove_spec@@Tv3@@@Z$rtcVarDesc 0000000180027b30     p5engine.obj
 0003:00001fe0       ?DefaultMoveSpec@@YA?AUmove_spec@@XZ$rtcName$0 0000000180027fe0     p5engine.obj
 0003:00001ff0       ?DefaultMoveSpec@@YA?AUmove_spec@@XZ$rtcVarDesc 0000000180027ff0     p5engine.obj
 0003:00002030       ?DefaultMoveSpec@@YA?AUmove_spec@@XZ$rtcFrameData 0000000180028030     p5engine.obj
 0003:00002060       ?DEBUGLoadBMP@@YA?AUloaded_bitmap@@PEAUthread_context@@P6A?AUdebug_read_file_result@@0PEAD@Z1@Z$rtcName$0 0000000180028060     p5engine.obj
 0003:00002068       ?DEBUGLoadBMP@@YA?AUloaded_bitmap@@PEAUthread_context@@P6A?AUdebug_read_file_result@@0PEAD@Z1@Z$rtcName$1 0000000180028068     p5engine.obj
 0003:00002078       ?DEBUGLoadBMP@@YA?AUloaded_bitmap@@PEAUthread_context@@P6A?AUdebug_read_file_result@@0PEAD@Z1@Z$rtcName$2 0000000180028078     p5engine.obj
 0003:00002080       ?DEBUGLoadBMP@@YA?AUloaded_bitmap@@PEAUthread_context@@P6A?AUdebug_read_file_result@@0PEAD@Z1@Z$rtcName$3 0000000180028080     p5engine.obj
 0003:00002090       ?DEBUGLoadBMP@@YA?AUloaded_bitmap@@PEAUthread_context@@P6A?AUdebug_read_file_result@@0PEAD@Z1@Z$rtcName$4 0000000180028090     p5engine.obj
 0003:000020a0       ?DEBUGLoadBMP@@YA?AUloaded_bitmap@@PEAUthread_context@@P6A?AUdebug_read_file_result@@0PEAD@Z1@Z$rtcName$5 00000001800280a0     p5engine.obj
 0003:000020b0       ?DEBUGLoadBMP@@YA?AUloaded_bitmap@@PEAUthread_context@@P6A?AUdebug_read_file_result@@0PEAD@Z1@Z$rtcVarDesc 00000001800280b0     p5engine.obj
 0003:00002230       ?DEBUGLoadBMP@@YA?AUloaded_bitmap@@PEAUthread_context@@P6A?AUdebug_read_file_result@@0PEAD@Z1@Z$rtcFrameData 0000000180028230     p5engine.obj
 0003:000022a0       ?AddLowEntity@@YA?AUadd_low_entity_result@@PEAUgame_state@@W4entity_type@@Uworld_position@@@Z$rtcName$0 00000001800282a0     p5engine.obj
 0003:000022b0       ?AddLowEntity@@YA?AUadd_low_entity_result@@PEAUgame_state@@W4entity_type@@Uworld_position@@@Z$rtcVarDesc 00000001800282b0     p5engine.obj
 0003:000022f0       ?AddLowEntity@@YA?AUadd_low_entity_result@@PEAUgame_state@@W4entity_type@@Uworld_position@@@Z$rtcFrameData 00000001800282f0     p5engine.obj
 0003:00002320       ?AddWall@@YA?AUadd_low_entity_result@@PEAUgame_state@@III@Z$rtcName$0 0000000180028320     p5engine.obj
 0003:00002324       ?AddWall@@YA?AUadd_low_entity_result@@PEAUgame_state@@III@Z$rtcName$1 0000000180028324     p5engine.obj
 0003:00002330       ?AddWall@@YA?AUadd_low_entity_result@@PEAUgame_state@@III@Z$rtcVarDesc 0000000180028330     p5engine.obj
 0003:000023b0       ?AddWall@@YA?AUadd_low_entity_result@@PEAUgame_state@@III@Z$rtcFrameData 00000001800283b0     p5engine.obj
 0003:000023e0       ?AddStairs@@YA?AUadd_low_entity_result@@PEAUgame_state@@III@Z$rtcName$0 00000001800283e0     p5engine.obj
 0003:000023e8       ?AddStairs@@YA?AUadd_low_entity_result@@PEAUgame_state@@III@Z$rtcName$1 00000001800283e8     p5engine.obj
 0003:000023ec       ?AddStairs@@YA?AUadd_low_entity_result@@PEAUgame_state@@III@Z$rtcName$2 00000001800283ec     p5engine.obj
 0003:000023f8       ?AddStairs@@YA?AUadd_low_entity_result@@PEAUgame_state@@III@Z$rtcFrameData 00000001800283f8     p5engine.obj
 0003:00002410       ?AddStairs@@YA?AUadd_low_entity_result@@PEAUgame_state@@III@Z$rtcVarDesc 0000000180028410     p5engine.obj
[...]
 0003:00004ed0       $unwind$?AreInSameChunk@@YAHPEAUworld@@PEAUworld_position@@1@Z 000000018002aed0     p5engine.obj
 0003:00004ee4       $unwind$?GetWorldChunk@@YAPEAUworld_chunk@@PEAUworld@@HHHPEAUmemory_arena@@@Z 000000018002aee4     p5engine.obj
 0003:00004ef8       $unwind$?InitializeWorld@@YAXPEAUworld@@M@Z 000000018002aef8     p5engine.obj
 0003:00004f0c       $unwind$?RecanonicalizeCoord@@YAXMPEAHPEAM@Z 000000018002af0c     p5engine.obj
 0003:00004f20       $unwind$?MapIntoChunkSpace@@YA?AUworld_position@@PEAUworld@@U1@Tv3@@@Z 000000018002af20     p5engine.obj
 0003:00004f3c       $unwind$?ChunkPositionFromTilePosition@@YA?AUworld_position@@PEAUworld@@HHHTv3@@@Z 000000018002af3c     p5engine.obj
 0003:00004f58       $unwind$?Subtract@@YA?ATv3@@PEAUworld@@PEAUworld_position@@1@Z 000000018002af58     p5engine.obj
 0003:00004f74       $unwind$?ChangeEntityLocationRaw@@YAXPEAUmemory_arena@@PEAUworld@@IPEAUworld_position@@2@Z 000000018002af74     p5engine.obj
 0003:00004f88       $unwind$?ChangeEntityLocation@@YAXPEAUmemory_arena@@PEAUworld@@IPEAUlow_entity@@Uworld_position@@@Z 000000018002af88     p5engine.obj
 0003:00004f9c       $unwind$?GetHashFromStorageIndex@@YAPEAUsim_entity_hash@@PEAUsim_region@@I@Z 000000018002af9c     p5engine.obj
 0003:00004fb0       $unwind$?GetSimSpacePos@@YA?ATv3@@PEAUsim_region@@PEAUlow_entity@@@Z 000000018002afb0     p5engine.obj
 0003:00004fc4       $unwind$?AddEntity@@YAPEAUsim_entity@@PEAUgame_state@@PEAUsim_region@@IPEAUlow_entity@@PEATv3@@@Z 000000018002afc4     p5engine.obj
 0003:00004fd8       $unwind$?LoadEntityReference@@YAXPEAUgame_state@@PEAUsim_region@@PEATentity_reference@@@Z 000000018002afd8     p5engine.obj
 0003:00004ff4       $unwind$?StoreEntityReference@@YAXPEATentity_reference@@@Z 000000018002aff4     p5engine.obj
 0003:00005008       $unwind$?AddEntityRaw@@YAPEAUsim_entity@@PEAUgame_state@@PEAUsim_region@@IPEAUlow_entity@@@Z 000000018002b008     p5engine.obj
 0003:0000501c       $unwind$?EntityOverlapsRectangle@@YAHTv3@@0Urectangle3@@@Z 000000018002b01c     p5engine.obj
 0003:00005030       $unwind$?BeginSim@@YAPEAUsim_region@@PEAUmemory_arena@@PEAUgame_state@@PEAUworld@@Uworld_position@@Urectangle3@@M@Z 000000018002b030     p5engine.obj
 0003:0000504c       $unwind$?EndSim@@YAXPEAUsim_region@@PEAUgame_state@@@Z 000000018002b04c     p5engine.obj
 0003:00005068       $unwind$?TestWall@@YAHMMMMMPEAMMM@Z 000000018002b068     p5engine.obj
 0003:0000507c       $unwind$?CanCollide@@YAHPEAUgame_state@@PEAUsim_entity@@1@Z 000000018002b07c     p5engine.obj
 0003:00005090       $unwind$?HandleCollision@@YAHPEAUgame_state@@PEAUsim_entity@@1@Z 000000018002b090     p5engine.obj
 0003:000050a4       $unwind$?CanOverlap@@YAHPEAUgame_state@@PEAUsim_entity@@1@Z 000000018002b0a4     p5engine.obj
 0003:000050b8       $unwind$?HandleOverlap@@YAXPEAUgame_state@@PEAUsim_entity@@1MPEAM@Z 000000018002b0b8     p5engine.obj
 0003:000050d4       $unwind$?SpeculativeCollide@@YAHPEAUsim_entity@@0@Z 000000018002b0d4     p5engine.obj
 0003:000050f0       $unwind$?MoveEntity@@YAXPEAUgame_state@@PEAUsim_region@@PEAUsim_entity@@MPEAUmove_spec@@Tv3@@@Z 000000018002b0f0     p5engine.obj
 0003:0000510c       $unwind$?DefaultMoveSpec@@YA?AUmove_spec@@XZ 000000018002b10c     p5engine.obj
 0003:00005128       $unwind$?GameOutputSound@@YAXPEAUgame_state@@PEAUgame_sound_output_buffer@@H@Z 000000018002b128     p5engine.obj
 0003:0000513c       $unwind$?DrawRectangle@@YAXPEAUgame_offscreen_buffer@@Tv2@@1MMM@Z 000000018002b13c     p5engine.obj
 0003:00005150       $unwind$?DrawBitmap@@YAXPEAUgame_offscreen_buffer@@PEAUloaded_bitmap@@MMM@Z 000000018002b150     p5engine.obj
 0003:00005164       $unwind$?DEBUGLoadBMP@@YA?AUloaded_bitmap@@PEAUthread_context@@P6A?AUdebug_read_file_result@@0PEAD@Z1@Z 000000018002b164     p5engine.obj
 0003:00005180       $unwind$?AddLowEntity@@YA?AUadd_low_entity_result@@PEAUgame_state@@W4entity_type@@Uworld_position@@@Z 000000018002b180     p5engine.obj
 0003:0000519c       $unwind$?AddWall@@YA?AUadd_low_entity_result@@PEAUgame_state@@III@Z 000000018002b19c     p5engine.obj
 0003:000051b0       $unwind$?AddStairs@@YA?AUadd_low_entity_result@@PEAUgame_state@@III@Z 000000018002b1b0     p5engine.obj
 0003:000051c4       $unwind$?InitHitPoints@@YAXPEAUlow_entity@@I@Z 000000018002b1c4     p5engine.obj
 0003:000051d8       $unwind$?AddSword@@YA?AUadd_low_entity_result@@PEAUgame_state@@@Z 000000018002b1d8     p5engine.obj
 0003:000051ec       $unwind$?AddPlayer@@YA?AUadd_low_entity_result@@PEAUgame_state@@@Z 000000018002b1ec     p5engine.obj
 0003:00005200       $unwind$?AddMonstar@@YA?AUadd_low_entity_result@@PEAUgame_state@@III@Z 000000018002b200     p5engine.obj
 0003:00005214       $unwind$?AddFamiliar@@YA?AUadd_low_entity_result@@PEAUgame_state@@III@Z 000000018002b214     p5engine.obj
 0003:00005228       $unwind$?PushPiece@@YAXPEAUentity_visible_piece_group@@PEAUloaded_bitmap@@Tv2@@2M2Tv4@@M@Z 000000018002b228     p5engine.obj
 0003:0000523c       $unwind$?PushBitmap@@YAXPEAUentity_visible_piece_group@@PEAUloaded_bitmap@@Tv2@@M2MM@Z 000000018002b23c     p5engine.obj
 0003:00005250       $unwind$?PushRect@@YAXPEAUentity_visible_piece_group@@Tv2@@M1Tv4@@M@Z 000000018002b250     p5engine.obj
 0003:00005264       $unwind$?DrawHitpoints@@YAXPEAUsim_entity@@PEAUentity_visible_piece_group@@@Z 000000018002b264     p5engine.obj
 0003:00005280       $unwind$GameUpdateAndRender 000000018002b280     p5engine.obj
 0003:0000529c       $unwind$GameGetSoundSamples 000000018002b29c     p5engine.obj
 0003:000052b0       $unwind$_RTC_CheckStackVars 000000018002b2b0     MSVCRTD:stack.obj
 0003:000052c4       $chain$0$_RTC_CheckStackVars 000000018002b2c4     MSVCRTD:stack.obj
 0003:000052dc       $chain$1$_RTC_CheckStackVars 000000018002b2dc     MSVCRTD:stack.obj
 0003:000052f0       $unwind$_RTC_CheckStackVars2 000000018002b2f0     MSVCRTD:stack.obj
 0003:00005300       $chain$1$_RTC_CheckStackVars2 000000018002b300     MSVCRTD:stack.obj
 0003:0000531c       $chain$2$_RTC_CheckStackVars2 000000018002b31c     MSVCRTD:stack.obj
 0003:00005334       $chain$3$_RTC_CheckStackVars2 000000018002b334     MSVCRTD:stack.obj
 0003:0000534c       $chain$4$_RTC_CheckStackVars2 000000018002b34c     MSVCRTD:stack.obj
 0003:00005360       $chain$5$_RTC_CheckStackVars2 000000018002b360     MSVCRTD:stack.obj
 0003:00005374       $chain$6$_RTC_CheckStackVars2 000000018002b374     MSVCRTD:stack.obj
 0003:00005388       $unwind$_RTC_AllocaHelper  000000018002b388     MSVCRTD:stack.obj
 0003:00005390       $chain$0$_RTC_AllocaHelper 000000018002b390     MSVCRTD:stack.obj
 0003:000053a8       $chain$1$_RTC_AllocaHelper 000000018002b3a8     MSVCRTD:stack.obj
 0003:000053bc       $unwind$_RTC_Shutdown      000000018002b3bc     MSVCRTD:init.obj
 0003:000053c4       $unwind$_RTC_InitBase      000000018002b3c4     MSVCRTD:init.obj
 0003:000053cc       $unwind$__CheckForDebuggerJustMyCode 000000018002b3cc     MSVCRTD:debugger_jmc.obj
 0003:000053d4       $unwind$__GSHandlerCheckCommon 000000018002b3d4     MSVCRTD:gshandler.obj
 0003:000053dc       $unwind$__GSHandlerCheck   000000018002b3dc     MSVCRTD:gshandler.obj
 0003:000053e8       $xdatasym                  000000018002b3e8     MSVCRTD:chkstk.obj
 0003:000053f0       $xdatasym                  000000018002b3f0     MSVCRTD:amdsecgs.obj
 0003:000053f4       $unwind$?dllmain_crt_process_attach@@YAHQEAUHINSTANCE__@@QEAX@Z 000000018002b3f4     MSVCRTD:dll_dllmain.obj
 0003:00005418       $unwind$?fin$0@?0??dllmain_crt_process_attach@@YAHQEAUHINSTANCE__@@QEAX@Z@4HA 000000018002b418     MSVCRTD:dll_dllmain.obj
 0003:00005420       $unwind$?dllmain_crt_process_detach@@YAH_N@Z 000000018002b420     MSVCRTD:dll_dllmain.obj
 0003:00005454       $unwind$?fin$0@?0??dllmain_crt_process_detach@@YAH_N@Z@4HA 000000018002b454     MSVCRTD:dll_dllmain.obj
 0003:0000545c       $unwind$?fin$1@?0??dllmain_crt_process_detach@@YAH_N@Z@4HA 000000018002b45c     MSVCRTD:dll_dllmain.obj
 0003:00005464       $unwind$?dllmain_crt_dispatch@@YAHQEAUHINSTANCE__@@KQEAX@Z 000000018002b464     MSVCRTD:dll_dllmain.obj
 0003:0000546c       $unwind$_CRT_INIT          000000018002b46c     MSVCRTD:dll_dllmain.obj
 0003:00005474       $unwind$?dllmain_raw@@YAHQEAUHINSTANCE__@@KQEAX@Z 000000018002b474     MSVCRTD:dll_dllmain.obj
 0003:0000547c       $unwind$?dllmain_dispatch@@YAHQEAUHINSTANCE__@@KQEAX@Z 000000018002b47c     MSVCRTD:dll_dllmain.obj
 0003:000054a0       $unwind$?filt$0@?0??dllmain_dispatch@@YAHQEAUHINSTANCE__@@KQEAX@Z@4HA 000000018002b4a0     MSVCRTD:dll_dllmain.obj
 0003:000054a8       $unwind$_DllMainCRTStartup 000000018002b4a8     MSVCRTD:dll_dllmain.obj
 0003:000054b0       $unwind$_RTC_UninitUse     000000018002b4b0     MSVCRTD:error.obj
 0003:000054cc       $unwind$?_RTC_StackFailure@@YAXPEAXPEBD@Z 000000018002b4cc     MSVCRTD:error.obj
 0003:000054ec       $unwind$?_RTC_AllocaFailure@@YAXPEAXPEAU_RTC_ALLOCA_NODE@@H@Z 000000018002b4ec     MSVCRTD:error.obj
 0003:00005508       $chain$0$?_RTC_AllocaFailure@@YAXPEAXPEAU_RTC_ALLOCA_NODE@@H@Z 000000018002b508     MSVCRTD:error.obj
 0003:00005520       $chain$1$?_RTC_AllocaFailure@@YAXPEAXPEAU_RTC_ALLOCA_NODE@@H@Z 000000018002b520     MSVCRTD:error.obj
 0003:00005534       $unwind$_vsprintf_s_l      000000018002b534     MSVCRTD:error.obj
 0003:0000554c       $unwind$sprintf_s          000000018002b54c     MSVCRTD:error.obj
 0003:00005554       $unwind$?notify_debugger@@YAXAEBUtagEXCEPTION_VISUALCPP_DEBUG_INFO@@@Z 000000018002b554     MSVCRTD:error.obj
 0003:00005578       $unwind$?filt$0@?0??notify_debugger@@YAXAEBUtagEXCEPTION_VISUALCPP_DEBUG_INFO@@@Z@4HA 000000018002b578     MSVCRTD:error.obj
 0003:00005580       $unwind$?DebuggerProbe@@YA_NK@Z 000000018002b580     MSVCRTD:error.obj
 0003:00005588       $unwind$?DebuggerRuntime@@YA_NKHPEAXPEB_W@Z 000000018002b588     MSVCRTD:error.obj
 0003:00005590       $unwind$?failwithmessage@@YAXPEAXHHPEBD@Z 000000018002b590     MSVCRTD:error.obj
 0003:000055b8       $unwind$?_getMemBlockDataString@@YAXPEAD0PEBD_K@Z 000000018002b5b8     MSVCRTD:error.obj
 0003:000055cc       $chain$3$?_getMemBlockDataString@@YAXPEAD0PEBD_K@Z 000000018002b5cc     MSVCRTD:error.obj
 0003:000055f0       $chain$4$?_getMemBlockDataString@@YAXPEAD0PEBD_K@Z 000000018002b5f0     MSVCRTD:error.obj
 0003:00005604       $unwind$__report_securityfailure 000000018002b604     MSVCRTD:gs_report.obj
 0003:0000560c       $unwind$__report_securityfailureEx 000000018002b60c     MSVCRTD:gs_report.obj
 0003:00005614       $unwind$__report_rangecheckfailure 000000018002b614     MSVCRTD:gs_report.obj
 0003:0000561c       $unwind$__report_gsfailure 000000018002b61c     MSVCRTD:gs_report.obj
 0003:00005624       $unwind$capture_current_context 000000018002b624     MSVCRTD:gs_report.obj
 0003:0000562c       $unwind$capture_previous_context 000000018002b62c     MSVCRTD:gs_report.obj
 0003:00005634       $unwind$__raise_securityfailure 000000018002b634     MSVCRTD:gs_report.obj
 0003:0000563c       $unwind$__security_init_cookie 000000018002b63c     MSVCRTD:gs_support.obj
 0003:00005644       $unwind$__get_entropy      000000018002b644     MSVCRTD:gs_support.obj
 0003:0000564c       $unwind$DllMain            000000018002b64c     MSVCRTD:dll_dllmain_stub.obj
 0003:00005654       $unwind$?__scrt_initialize_type_info@@YAXXZ 000000018002b654     MSVCRTD:tncleanup.obj
 0003:0000565c       $unwind$?__scrt_uninitialize_type_info@@YAXXZ 000000018002b65c     MSVCRTD:tncleanup.obj
 0003:00005664       $unwind$__scrt_initialize_default_local_stdio_options 000000018002b664     MSVCRTD:default_local_stdio_options.obj
 0003:0000566c       $unwind$atexit             000000018002b66c     MSVCRTD:utility.obj
 0003:00005674       $unwind$_onexit            000000018002b674     MSVCRTD:utility.obj
 0003:0000567c       $unwind$at_quick_exit      000000018002b67c     MSVCRTD:utility.obj
 0003:00005684       $unwind$__scrt_is_nonwritable_in_current_image 000000018002b684     MSVCRTD:utility.obj
 0003:000056a8       $unwind$__scrt_is_nonwritable_in_current_image$filt$0 000000018002b6a8     MSVCRTD:utility.obj
 0003:000056b0       $unwind$__scrt_acquire_startup_lock 000000018002b6b0     MSVCRTD:utility.obj
 0003:000056b8       $unwind$__scrt_release_startup_lock 000000018002b6b8     MSVCRTD:utility.obj
 0003:000056c0       $unwind$__scrt_initialize_crt 000000018002b6c0     MSVCRTD:utility.obj
 0003:000056c8       $unwind$__scrt_uninitialize_crt 000000018002b6c8     MSVCRTD:utility.obj
 0003:000056d0       $unwind$__scrt_initialize_onexit_tables 000000018002b6d0     MSVCRTD:utility.obj
 0003:000056e0       $unwind$__scrt_dllmain_exception_filter 000000018002b6e0     MSVCRTD:utility.obj
 0003:000056e8       $unwind$__scrt_dllmain_before_initialize_c 000000018002b6e8     MSVCRTD:utility.obj
 0003:000056f0       $unwind$__scrt_dllmain_after_initialize_c 000000018002b6f0     MSVCRTD:utility.obj
 0003:000056f8       $unwind$__scrt_dllmain_uninitialize_c 000000018002b6f8     MSVCRTD:utility.obj
 0003:00005700       $unwind$__scrt_dllmain_uninitialize_critical 000000018002b700     MSVCRTD:utility.obj
 0003:00005708       $unwind$__scrt_dllmain_crt_thread_attach 000000018002b708     MSVCRTD:utility.obj
 0003:00005710       $unwind$__scrt_dllmain_crt_thread_detach 000000018002b710     MSVCRTD:utility.obj
 0003:00005718       $unwind$?configure_argv@__scrt_narrow_argv_policy@@SAHXZ 000000018002b718     MSVCRTD:utility.obj
 0003:00005720       $unwind$?initialize_environment@__scrt_narrow_environment_policy@@SAHXZ 000000018002b720     MSVCRTD:utility.obj
 0003:00005728       $unwind$?is_potentially_valid_image_base@@YA_NQEAX@Z 000000018002b728     MSVCRTD:utility.obj
 0003:00005730       $unwind$?find_pe_section@@YAPEAU_IMAGE_SECTION_HEADER@@QEAE_K@Z 000000018002b730     MSVCRTD:utility.obj
 0003:00005738       $unwind$__scrt_get_show_window_mode 000000018002b738     MSVCRTD:utility_desktop.obj
 0003:00005748       $unwind$__scrt_is_managed_app 000000018002b748     MSVCRTD:utility_desktop.obj
 0003:00005750       $unwind$__scrt_initialize_mta 000000018002b750     MSVCRTD:utility_desktop.obj
 0003:00005758       $unwind$__scrt_set_unhandled_exception_filter 000000018002b758     MSVCRTD:utility_desktop.obj
 0003:00005760       $unwind$__scrt_fastfail    000000018002b760     MSVCRTD:utility_desktop.obj
 0003:00005770       $unwind$__scrt_unhandled_exception_filter 000000018002b770     MSVCRTD:utility_desktop.obj
 0003:00005778       $unwind$_RTC_Initialize    000000018002b778     MSVCRTD:initsect.obj
 0003:00005788       $unwind$_RTC_Terminate     000000018002b788     MSVCRTD:initsect.obj
 0003:00005798       $unwind$ReadNoFence64      000000018002b798     MSVCRTD:guard_support.obj
 0003:000057a0       $unwind$ReadPointerNoFence 000000018002b7a0     MSVCRTD:guard_support.obj
 0003:000057a8       $unwind$_guard_icall_checks_enforced 000000018002b7a8     MSVCRTD:guard_support.obj
 0003:000057b0       $unwind$__castguard_compat_check 000000018002b7b0     MSVCRTD:guard_support.obj
 0003:000057b8       $unwind$__castguard_check_failure_debugbreak 000000018002b7b8     MSVCRTD:guard_support.obj
 0003:000057c0       $unwind$__castguard_check_failure_fastfail 000000018002b7c0     MSVCRTD:guard_support.obj
 0003:000057c8       $unwind$__castguard_check_failure_os_handled 000000018002b7c8     MSVCRTD:guard_support.obj
 0003:000057d0       $unwind$__castguard_slow_path_compat_check 000000018002b7d0     MSVCRTD:guard_support.obj
 0003:000057d8       $unwind$__castguard_slow_path_check_debugbreak 000000018002b7d8     MSVCRTD:guard_support.obj
 0003:000057e0       $unwind$__castguard_slow_path_check_fastfail 000000018002b7e0     MSVCRTD:guard_support.obj
 0003:000057e8       $unwind$__castguard_slow_path_check_os_handled 000000018002b7e8     MSVCRTD:guard_support.obj
 0003:000057f0       $unwind$?_RTC_GetSrcLine@@YAHPEAEPEA_WKPEAH1K@Z 000000018002b7f0     MSVCRTD:pdblkup.obj
 0003:0000580c       $unwind$?GetPdbDllFromInstallPath@@YAPEAUHINSTANCE__@@XZ 000000018002b80c     MSVCRTD:pdblkup.obj
 0003:00005834       $unwind$?GetPdbDllPathFromFilePath@@YAHPEB_WPEA_W_K@Z 000000018002b834     MSVCRTD:pdblkup.obj
 0003:00005850       $unwind$?GetPdbDll@@YAPEAUHINSTANCE__@@XZ 000000018002b850     MSVCRTD:pdblkup.obj
 0003:00005864       $unwind$__isa_available_init 000000018002b864     MSVCRTD:cpu_disp.obj
 0003:00005878       $unwind$__scrt_is_ucrt_dll_in_use 000000018002b878     MSVCRTD:ucrt_detection.obj
 0003:00005880       $xdatasym                  000000018002b880     MSVCRTD:guard_dispatch.obj
 0003:00005888       $xdatasym                  000000018002b888     MSVCRTD:guard_xfg_dispatch.obj
 0003:00005b30       .edata                     000000018002bb30     P5Engine.exp
 0003:00005b58       rgpv                       000000018002bb58     P5Engine.exp
 0003:00005b60       rgszName                   000000018002bb60     P5Engine.exp
 0003:00005b68       rgwOrd                     000000018002bb68     P5Engine.exp
 0003:00005b6c       szName                     000000018002bb6c     P5Engine.exp
 0003:00005b79       $N00001                    000000018002bb79     P5Engine.exp
 0003:00005b8d       $N00002                    000000018002bb8d     P5Engine.exp
 0004:00000000       ?RandomNumberTable@@3PAIA  000000018002c000     p5engine.obj
 0004:00004e40       ?init@?1??_RTC_InitBase@@9@4_NA 0000000180030e40     MSVCRTD:init.obj
 0004:00004e44       ?__proc_attached@@3HA      0000000180030e44     MSVCRTD:dll_dllmain.obj
 0004:00004e58       ?_RTC_ErrorReportFunc@@3P6AHHPEBDH00ZZEA 0000000180030e58     MSVCRTD:userapi.obj
 0004:00004e60       ?_RTC_ErrorReportFuncW@@3P6AHHPEB_WH00ZZEA 0000000180030e60     MSVCRTD:userapi.obj
 0004:00004e70       GS_ExceptionRecord         0000000180030e70     MSVCRTD:gs_report.obj
 0004:00004f10       GS_ContextRecord           0000000180030f10     MSVCRTD:gs_report.obj
 0004:00005538       ?is_initialized_as_dll@@3_NA 0000000180031538     MSVCRTD:utility.obj
 0004:00005539       ?module_local_atexit_table_initialized@@3_NA 0000000180031539     MSVCRTD:utility.obj
 0004:00005540       ?module_local_atexit_table@@3U_onexit_table_t@@A 0000000180031540     MSVCRTD:utility.obj
 0004:00005558       ?module_local_at_quick_exit_table@@3U_onexit_table_t@@A 0000000180031558     MSVCRTD:utility.obj
 0004:00005598       ?mspdb@@3PEAUHINSTANCE__@@EA 0000000180031598     MSVCRTD:pdblkup.obj
 0004:000055a1       ?alreadyTried@?1??GetPdbDll@@YAPEAUHINSTANCE__@@XZ@4_NA 00000001800315a1     MSVCRTD:pdblkup.obj
 0004:000055a2       ?PDBOK@?1??_RTC_GetSrcLine@@YAHPEAEPEA_WKPEAH1K@Z@4_NA 00000001800315a2     MSVCRTD:pdblkup.obj
 0006:000007aa       .idata$6                   00000001800357aa     vcruntimed:VCRUNTIME140D.dll
 0006:0000095a       .idata$6                   000000018003595a     ucrtd:ucrtbased.dll
 0006:00000b9c       .idata$6                   0000000180035b9c     kernel32:KERNEL32.dll
 0007:00000000       __5C0B09BC_p5engine_platform@h 0000000180036000     p5engine.obj
 0007:00000001       __09340588_corecrt_math@h  0000000180036001     p5engine.obj
 0007:00000002       __B0C4CEA9_malloc@h        0000000180036002     p5engine.obj
 0007:00000003       __3A0418DB_p5engine_intrinsics@h 0000000180036003     p5engine.obj
 0007:00000004       __6D6C9F34_p5engine_math@h 0000000180036004     p5engine.obj
 0007:00000005       __326D9465_p5engine_entity@h 0000000180036005     p5engine.obj
 0007:00000006       __B7D51BCB_p5engine@h      0000000180036006     p5engine.obj
 0007:00000007       __DC0D61CC_p5engine_world@cpp 0000000180036007     p5engine.obj
 0007:00000008       __5DD8E4E4_p5engine_sim_region@cpp 0000000180036008     p5engine.obj
 0007:00000009       __9C871DF9_p5engine_entity@cpp 0000000180036009     p5engine.obj
 0007:0000000a       __D1049797_p5engine@cpp    000000018003600a     p5engine.obj
 0009:00000170       $R000000                   0000000180038170     * linker generated manifest res *
