 P5Engine

 Timestamp is 6325869b (Sat Sep 17 03:34:35 2022)

 Preferred load address is 0000000180000000

 Start         Length     Name                   Class
 0001:00000000 00014f90H .text$mn                CODE
 0001:00014f90 00000040H .text$mn$00             CODE
 0001:00014fd0 000000ddH .text$x                 CODE
 0002:00000000 00000110H .idata$5                DATA
 0002:00000110 00000028H .00cfg                  DATA
 0002:00000138 00000008H .CRT$XCA                DATA
 0002:00000140 00000008H .CRT$XCZ                DATA
 0002:00000148 00000008H .CRT$XIA                DATA
 0002:00000150 00000008H .CRT$XIZ                DATA
 0002:00000158 00000008H .CRT$XPA                DATA
 0002:00000160 00000008H .CRT$XPZ                DATA
 0002:00000168 00000008H .CRT$XTA                DATA
 0002:00000170 00000010H .CRT$XTZ                DATA
 0002:00000178 00000000H .gehcont$y              DATA
 0002:00000178 00000000H .gfids$y                DATA
 0002:00000180 00000780H .rdata                  DATA
 0002:00000900 00000000H .rdata$CastGuardVftablesA DATA
 0002:00000900 00000000H .rdata$CastGuardVftablesC DATA
 0002:00000900 00000174H .rdata$voltmd           DATA
 0002:00000a74 000002dcH .rdata$zzzdbg           DATA
 0002:00000d50 00000008H .rtc$IAA                DATA
 0002:00000d58 00000008H .rtc$IZZ                DATA
 0002:00000d60 00000008H .rtc$TAA                DATA
 0002:00000d68 00000008H .rtc$TZZ                DATA
 0002:00000d70 00000790H .xdata                  DATA
 0002:00001500 00000074H .edata                  DATA
 0002:00001574 0000003cH .idata$2                DATA
 0002:000015b0 00000018H .idata$3                DATA
 0002:000015c8 00000110H .idata$4                DATA
 0002:000016d8 000002a6H .idata$6                DATA
 0003:00000000 00004040H .data                   DATA
 0003:00004040 0000062cH .bss                    DATA
 0004:00000000 00000b58H .pdata                  DATA
 0005:00000000 0000000fH .msvcjmc                DATA
 0006:00000000 00000060H .rsrc$01                DATA
 0006:00000060 00000098H .rsrc$02                DATA

  Address         Publics by Value              Rva+Base               Lib:Object

 0000:00000000       __guard_eh_cont_count      0000000000000000     <absolute>
 0000:00000000       __guard_longjmp_table      0000000000000000     <absolute>
 0000:00000000       __dynamic_value_reloc_table 0000000000000000     <absolute>
 0000:00000000       __AbsoluteZero             0000000000000000     <absolute>
 0000:00000000       __guard_longjmp_count      0000000000000000     <absolute>
 0000:00000000       __guard_iat_count          0000000000000000     <absolute>
 0000:00000000       __hybrid_auxiliary_iat_copy 0000000000000000     <absolute>
 0000:00000000       ___safe_se_handler_count   0000000000000000     <absolute>
 0000:00000000       __arm64x_extra_rfe_table_size 0000000000000000     <absolute>
 0000:00000000       __guard_check_icall_a64n_fptr 0000000000000000     <absolute>
 0000:00000000       __guard_fids_table         0000000000000000     <absolute>
 0000:00000000       __guard_iat_table          0000000000000000     <absolute>
 0000:00000000       __hybrid_code_map_count    0000000000000000     <absolute>
 0000:00000000       __hybrid_code_map          0000000000000000     <absolute>
 0000:00000000       __arm64x_redirection_metadata 0000000000000000     <absolute>
 0000:00000000       __arm64x_extra_rfe_table   0000000000000000     <absolute>
 0000:00000000       __x64_code_ranges_to_entry_points 0000000000000000     <absolute>
 0000:00000000       __x64_code_ranges_to_entry_points_count 0000000000000000     <absolute>
 0000:00000000       __guard_fids_count         0000000000000000     <absolute>
 0000:00000000       __arm64x_redirection_metadata_count 0000000000000000     <absolute>
 0000:00000000       __enclave_config           0000000000000000     <absolute>
 0000:00000000       __guard_eh_cont_table      0000000000000000     <absolute>
 0000:00000000       ___safe_se_handler_table   0000000000000000     <absolute>
 0000:00000000       __arm64x_native_entrypoint 0000000000000000     <absolute>
 0000:00000000       __hybrid_auxiliary_iat     0000000000000000     <absolute>
 0000:00000100       __guard_flags              0000000000000100     <absolute>
 0000:00000000       __ImageBase                0000000180000000     <linker-defined>
 0001:0000aa40       GameUpdateAndRender        000000018000ba40 f   p5engine.obj
 0001:0000e3d0       GameGetSoundSamples        000000018000f3d0 f   p5engine.obj
 0001:0000e8d0       ??D@YA?ATv2@@MT0@@Z        000000018000f8d0 f i p5engine.obj
 0001:0000e950       ??D@YA?ATv3@@MT0@@Z        000000018000f950 f i p5engine.obj
 0001:0000ea00       ??D@YA?ATv3@@T0@M@Z        000000018000fa00 f i p5engine.obj
 0001:0000ea80       ??D@YA?ATv4@@MT0@@Z        000000018000fa80 f i p5engine.obj
 0001:0000eb50       ??G@YA?ATv2@@T0@0@Z        000000018000fb50 f i p5engine.obj
 0001:0000ebd0       ??G@YA?ATv3@@T0@0@Z        000000018000fbd0 f i p5engine.obj
 0001:0000ec90       ??H@YA?ATv2@@T0@0@Z        000000018000fc90 f i p5engine.obj
 0001:0000ed10       ??H@YA?ATv3@@T0@0@Z        000000018000fd10 f i p5engine.obj
 0001:0000edd0       ??X@YAAEATv3@@AEAT0@M@Z    000000018000fdd0 f i p5engine.obj
 0001:0000ee50       ??Y@YAAEATv2@@AEAT0@T0@@Z  000000018000fe50 f i p5engine.obj
 0001:0000eea0       ??Y@YAAEATv3@@AEAT0@T0@@Z  000000018000fea0 f i p5engine.obj
 0001:0000ef40       ??Z@YAAEATv3@@AEAT0@T0@@Z  000000018000ff40 f i p5engine.obj
 0001:0000efe0       ?ATan2@@YAMMM@Z            000000018000ffe0 f i p5engine.obj
 0001:0000f030       ?AbsoluteValue@@YAMM@Z     0000000180010030 f i p5engine.obj
 0001:0000f070       ?AddFlags@@YAXPEAUsim_entity@@I@Z 0000000180010070 f i p5engine.obj
 0001:0000f0b0       ?AddRadiusTo@@YA?AUrectangle3@@U1@Tv3@@@Z 00000001800100b0 f i p5engine.obj
 0001:0000f220       ?AllResourcesPresent@@YAHPEAUrender_group@@@Z 0000000180010220 f i p5engine.obj
 0001:0000f270       ?AreInSameChunk@@YAHPEAUworld@@PEAUworld_position@@1@Z 0000000180010270 f i p5engine.obj
 0001:0000f370       ?AtomicCompareExchangeUInt32@@YAIPECIII@Z 0000000180010370 f i p5engine.obj
 0001:0000f3c0       ?BeginTemporaryMemory@@YA?AUtemporary_memory@@PEAUmemory_arena@@@Z 00000001800103c0 f i p5engine.obj
 0001:0000f460       ?CeilReal32ToInt32@@YAHM@Z 0000000180010460 f i p5engine.obj
 0001:0000f4a0       ?CenteredChunkPoint@@YA?AUworld_position@@III@Z 00000001800104a0 f i p5engine.obj
 0001:0000f530       ?ChangeEntityLocationRaw@@YAXPEAUmemory_arena@@PEAUworld@@IPEAUworld_position@@2@Z 0000000180010530 f i p5engine.obj
 0001:0000f920       ?CheckArena@@YAXPEAUmemory_arena@@@Z 0000000180010920 f i p5engine.obj
 0001:0000f950       ?ChunkPositionFromTilePosition@@YA?AUworld_position@@PEAUworld@@HHHTv3@@@Z 0000000180010950 f i p5engine.obj
 0001:0000fbf0       ?Clamp01@@YA?ATv2@@T1@@Z   0000000180010bf0 f i p5engine.obj
 0001:0000fc60       ?Clamp01@@YAMM@Z           0000000180010c60 f i p5engine.obj
 0001:0000fca0       ?Clamp01MapToRange@@YAMMMM@Z 0000000180010ca0 f i p5engine.obj
 0001:0000fd20       ?Clamp@@YAMMMM@Z           0000000180010d20 f i p5engine.obj
 0001:0000fd90       ?Clear@@YAXPEAUrender_group@@Tv4@@@Z 0000000180010d90 f i p5engine.obj
 0001:0000fdf0       ?ClearFlags@@YAXPEAUsim_entity@@I@Z 0000000180010df0 f i p5engine.obj
 0001:0000fe30       ?DefaultMoveSpec@@YA?AUmove_spec@@XZ 0000000180010e30 f i p5engine.obj
 0001:0000fed0       ?EndTemporaryMemory@@YAXUtemporary_memory@@@Z 0000000180010ed0 f i p5engine.obj
 0001:0000ff50       ?EntityOverlapsRectangle@@YAHTv3@@Usim_entity_collision_volume@@Urectangle3@@@Z 0000000180010f50 f i p5engine.obj
 0001:000100e0       ?FindLeastSignificantSetBit@@YA?AUbit_scan_result@@I@Z 00000001800110e0 f i p5engine.obj
 0001:00010150       ?FloorReal32ToInt32@@YAHM@Z 0000000180011150 f i p5engine.obj
 0001:00010190       ?GetAlignmentOffset@@YA_KPEAUmemory_arena@@_K@Z 0000000180011190 f i p5engine.obj
 0001:00010220       ?GetArenaSizeRemaining@@YA_KPEAUmemory_arena@@_K@Z 0000000180011220 f i p5engine.obj
 0001:00010280       ?GetBarycentric@@YA?ATv2@@Urectangle2@@T1@@Z 0000000180011280 f i p5engine.obj
 0001:00010330       ?GetBitmap@@YAPEAUloaded_bitmap@@PEAUgame_assets@@Ubitmap_id@@@Z 0000000180011330 f i p5engine.obj
 0001:00010370       ?GetCameraRectangleAtDistance@@YA?AUrectangle2@@PEAUrender_group@@M@Z 0000000180011370 f i p5engine.obj
 0001:00010410       ?GetCameraRectangleAtTarget@@YA?AUrectangle2@@PEAUrender_group@@@Z 0000000180011410 f i p5engine.obj
 0001:00010480       ?GetChunkData@@YAPEAXUriff_iterator@@@Z 0000000180011480 f i p5engine.obj
 0001:000104b0       ?GetChunkDataSize@@YAIUriff_iterator@@@Z 00000001800114b0 f i p5engine.obj
 0001:000104f0       ?GetClampedRectArea@@YAHUrectangle2i@@@Z 00000001800114f0 f i p5engine.obj
 0001:00010560       ?GetDim@@YA?ATv2@@Urectangle2@@@Z 0000000180011560 f i p5engine.obj
 0001:000105a0       ?GetDim@@YA?ATv3@@Urectangle3@@@Z 00000001800115a0 f i p5engine.obj
 0001:00010640       ?GetEntityGroundPoint@@YA?ATv3@@PEAUsim_entity@@@Z 0000000180011640 f i p5engine.obj
 0001:000106c0       ?GetEntityGroundPoint@@YA?ATv3@@PEAUsim_entity@@T1@@Z 00000001800116c0 f i p5engine.obj
 0001:00010720       ?GetLowEntity@@YAPEAUlow_entity@@PEAUgame_state@@I@Z 0000000180011720 f i p5engine.obj
 0001:00010790       ?GetMaxCorner@@YA?ATv3@@Urectangle3@@@Z 0000000180011790 f i p5engine.obj
 0001:000107f0       ?GetMinCorner@@YA?ATv3@@Urectangle3@@@Z 00000001800117f0 f i p5engine.obj
 0001:00010840       ?GetRenderEntityBasisPos@@YA?AUentity_basis_p_result@@PEAUrender_transform@@Tv3@@@Z 0000000180011840 f i p5engine.obj
 0001:00010ae0       ?GetSimSpacePos@@YA?ATv3@@PEAUsim_region@@PEAUlow_entity@@@Z 0000000180011ae0 f i p5engine.obj
 0001:00010bd0       ?GetSound@@YAPEAUloaded_sound@@PEAUgame_assets@@Usound_id@@@Z 0000000180011bd0 f i p5engine.obj
 0001:00010c10       ?GetStairGround@@YAMPEAUsim_entity@@Tv3@@@Z 0000000180011c10 f i p5engine.obj
 0001:00010d00       ?GetType@@YAIUriff_iterator@@@Z 0000000180011d00 f i p5engine.obj
 0001:00010d40       ?GetWorldChunk@@YAPEAUworld_chunk@@PEAUworld@@HHHPEAUmemory_arena@@@Z 0000000180011d40 f i p5engine.obj
 0001:00010f30       ?Hadamard@@YA?ATv2@@T1@0@Z 0000000180011f30 f i p5engine.obj
 0001:00010f90       ?Hadamard@@YA?ATv3@@T1@0@Z 0000000180011f90 f i p5engine.obj
 0001:00011050       ?HasArea@@YAHUrectangle2i@@@Z 0000000180012050 f i p5engine.obj
 0001:000110b0       ?HasFlag@@YAHPEAUsim_entity@@I@Z 00000001800120b0 f i p5engine.obj
 0001:000110f0       ?InitializeArena@@YAXPEAUmemory_arena@@_KPEAX@Z 00000001800120f0 f i p5engine.obj
 0001:00011150       ?Inner@@YAMTv2@@0@Z        0000000180012150 f i p5engine.obj
 0001:000111a0       ?Inner@@YAMTv3@@0@Z        00000001800121a0 f i p5engine.obj
 0001:00011210       ?Intersect@@YA?AUrectangle2i@@U1@0@Z 0000000180012210 f i p5engine.obj
 0001:00011320       ?InvertedInfinityRectangle@@YA?AUrectangle2i@@XZ 0000000180012320 f i p5engine.obj
 0001:00011380       ?IsCanonical@@YAHMM@Z      0000000180012380 f i p5engine.obj
 0001:00011420       ?IsCanonical@@YAHPEAUworld@@Tv3@@@Z 0000000180012420 f i p5engine.obj
 0001:000114c0       ?IsInRectangle@@YAHUrectangle3@@Tv3@@@Z 00000001800124c0 f i p5engine.obj
 0001:00011580       ?IsValid@@YAHUriff_iterator@@@Z 0000000180012580 f i p5engine.obj
 0001:000115d0       ?IsValid@@YAHUworld_position@@@Z 00000001800125d0 f i p5engine.obj
 0001:00011620       ?Length@@YAMTv3@@@Z        0000000180012620 f i p5engine.obj
 0001:00011670       ?LengthSq@@YAMTv2@@@Z      0000000180012670 f i p5engine.obj
 0001:000116b0       ?LengthSq@@YAMTv3@@@Z      00000001800126b0 f i p5engine.obj
 0001:00011720       ?Linear1ToSRGB255@@YA?ATv4@@T1@@Z 0000000180012720 f i p5engine.obj
 0001:00011820       ?LoadEntityReference@@YAXPEAUgame_state@@PEAUsim_region@@PEATentity_reference@@@Z 0000000180012820 f i p5engine.obj
 0001:00011950       ?MakeEntityNonSpatial@@YAXPEAUsim_entity@@@Z 0000000180012950 f i p5engine.obj
 0001:000119d0       ?MakeEntitySpatial@@YAXPEAUsim_entity@@Tv3@@1@Z 00000001800129d0 f i p5engine.obj
 0001:00011a40       ?MapIntoChunkSpace@@YA?AUworld_position@@PEAUworld@@U1@Tv3@@@Z 0000000180012a40 f i p5engine.obj
 0001:00011b30       ?NextChunk@@YA?AUriff_iterator@@U1@@Z 0000000180012b30 f i p5engine.obj
 0001:00011ba0       ?NullPosition@@YA?AUworld_position@@XZ 0000000180012ba0 f i p5engine.obj
 0001:00011c10       ?Orthographic@@YAXPEAUrender_group@@HHM@Z 0000000180012c10 f i p5engine.obj
 0001:00011d10       ?ParseChunkAt@@YA?AUriff_iterator@@PEAX0@Z 0000000180012d10 f i p5engine.obj
 0001:00011d70       ?Perspective@@YAXPEAUrender_group@@HHMMM@Z 0000000180012d70 f i p5engine.obj
 0001:00011e60       ?PushBitmap@@YAXPEAUrender_group@@PEAUloaded_bitmap@@Tv3@@MTv4@@@Z 0000000180012e60 f i p5engine.obj
 0001:00012090       ?PushBitmap@@YAXPEAUrender_group@@Ubitmap_id@@Tv3@@MTv4@@@Z 0000000180013090 f i p5engine.obj
 0001:00012170       ?PushRect@@YAXPEAUrender_group@@Tv3@@Tv2@@Tv4@@@Z 0000000180013170 f i p5engine.obj
 0001:00012310       ?PushRectOutline@@YAXPEAUrender_group@@Tv3@@Tv2@@Tv4@@@Z 0000000180013310 f i p5engine.obj
 0001:000127a0       ?PushRenderElement_@@YAPEAXPEAUrender_group@@IW4render_group_entry_type@@@Z 00000001800137a0 f i p5engine.obj
 0001:00012850       ?PushSize_@@YAPEAXPEAUmemory_arena@@_K1@Z 0000000180013850 f i p5engine.obj
 0001:00012920       ?RandomBilateral@@YAMPEAUrandom_series@@@Z 0000000180013920 f i p5engine.obj
 0001:00012970       ?RandomChoice@@YAIPEAUrandom_series@@I@Z 0000000180013970 f i p5engine.obj
 0001:000129b0       ?RandomNextUInt32@@YAIPEAUrandom_series@@@Z 00000001800139b0 f i p5engine.obj
 0001:00012a20       ?RandomSeed@@YA?AUrandom_series@@I@Z 0000000180013a20 f i p5engine.obj
 0001:00012a90       ?RandomUnilateral@@YAMPEAUrandom_series@@@Z 0000000180013a90 f i p5engine.obj
 0001:00012af0       ?RecanonicalizeCoord@@YAXMPEAHPEAM@Z 0000000180013af0 f i p5engine.obj
 0001:00012b90       ?RectCenterDim@@YA?AUrectangle2@@Tv2@@0@Z 0000000180013b90 f i p5engine.obj
 0001:00012c20       ?RectCenterDim@@YA?AUrectangle3@@Tv3@@0@Z 0000000180013c20 f i p5engine.obj
 0001:00012d10       ?RectCenterHalfDim@@YA?AUrectangle2@@Tv2@@0@Z 0000000180013d10 f i p5engine.obj
 0001:00012dc0       ?RectCenterHalfDim@@YA?AUrectangle3@@Tv3@@0@Z 0000000180013dc0 f i p5engine.obj
 0001:00012f30       ?RectMinMax@@YA?AUrectangle3@@Tv3@@0@Z 0000000180013f30 f i p5engine.obj
 0001:00012fd0       ?RectanglesIntersect@@YAHUrectangle3@@0@Z 0000000180013fd0 f i p5engine.obj
 0001:00013090       ?RoundReal32ToInt32@@YAHM@Z 0000000180014090 f i p5engine.obj
 0001:000130d0       ?RoundReal32ToUInt32@@YAIM@Z 00000001800140d0 f i p5engine.obj
 0001:00013110       ?SRGB255ToLinear1@@YA?ATv4@@T1@@Z 0000000180014110 f i p5engine.obj
 0001:000131f0       ?SafeRatio0@@YAMMM@Z       00000001800141f0 f i p5engine.obj
 0001:00013240       ?SafeRatio1@@YAMMM@Z       0000000180014240 f i p5engine.obj
 0001:00013290       ?SafeRatioN@@YAMMMM@Z      0000000180014290 f i p5engine.obj
 0001:000132f0       ?SignOf@@YAMM@Z            00000001800142f0 f i p5engine.obj
 0001:00013350       ?Sin@@YAMM@Z               0000000180014350 f i p5engine.obj
 0001:00013390       ?Square@@YAMM@Z            0000000180014390 f i p5engine.obj
 0001:000133d0       ?SquareRoot@@YAMM@Z        00000001800143d0 f i p5engine.obj
 0001:00013410       ?StoreEntityReference@@YAXPEATentity_reference@@@Z 0000000180014410 f i p5engine.obj
 0001:00013450       ?SubArena@@YAXPEAUmemory_arena@@0_K1@Z 0000000180014450 f i p5engine.obj
 0001:000134c0       ?ToV3@@YA?ATv3@@Tv2@@M@Z   00000001800144c0 f i p5engine.obj
 0001:00013550       ?Unproject@@YA?ATv2@@PEAUrender_group@@T1@M@Z 0000000180014550 f i p5engine.obj
 0001:000135a0       ?V2@@YA?ATv2@@MM@Z         00000001800145a0 f i p5engine.obj
 0001:00013610       ?V2i@@YA?ATv2@@HH@Z        0000000180014610 f i p5engine.obj
 0001:00013660       ?V3@@YA?ATv3@@MMM@Z        0000000180014660 f i p5engine.obj
 0001:00013700       ?V4@@YA?ATv4@@MMMM@Z       0000000180014700 f i p5engine.obj
 0001:000137b0       ?ZeroSize@@YAX_KPEAX@Z     00000001800147b0 f i p5engine.obj
 0001:00013810       GetController              0000000180014810 f i p5engine.obj
 0001:00013870       __CheckForDebuggerJustMyCode 0000000180014870 f   MSVCRTD:debugger_jmc.obj
 0001:000138b0       __GSHandlerCheck           00000001800148b0 f   MSVCRTD:gshandler.obj
 0001:000138f0       __GSHandlerCheckCommon     00000001800148f0 f   MSVCRTD:gshandler.obj
 0001:00013a00       _alloca_probe              0000000180014a00 f   MSVCRTD:chkstk.obj
 0001:00013a00       __chkstk                   0000000180014a00 f   MSVCRTD:chkstk.obj
 0001:00013a60       __security_check_cookie    0000000180014a60 f   MSVCRTD:amdsecgs.obj
 0001:00013e90       _DllMainCRTStartup         0000000180014e90 f   MSVCRTD:dll_dllmain.obj
 0001:00013ed0       __raise_securityfailure    0000000180014ed0 f   MSVCRTD:gs_report.obj
 0001:00013f10       __report_gsfailure         0000000180014f10 f   MSVCRTD:gs_report.obj
 0001:00014170       __security_init_cookie     0000000180015170 f   MSVCRTD:gs_support.obj
 0001:000141f0       DllMain                    00000001800151f0 f   MSVCRTD:dll_dllmain_stub.obj
 0001:00014230       ?__scrt_initialize_type_info@@YAXXZ 0000000180015230 f   MSVCRTD:tncleanup.obj
 0001:00014250       ?__scrt_uninitialize_type_info@@YAXXZ 0000000180015250 f   MSVCRTD:tncleanup.obj
 0001:00014270       __local_stdio_printf_options 0000000180015270 f i MSVCRTD:default_local_stdio_options.obj
 0001:00014280       __local_stdio_scanf_options 0000000180015280 f i MSVCRTD:default_local_stdio_options.obj
 0001:00014290       __scrt_initialize_default_local_stdio_options 0000000180015290 f   MSVCRTD:default_local_stdio_options.obj
 0001:000142e0       ?configure_argv@__scrt_narrow_argv_policy@@SAHXZ 00000001800152e0 f i MSVCRTD:utility.obj
 0001:000143d0       ?initialize_environment@__scrt_narrow_environment_policy@@SAHXZ 00000001800153d0 f i MSVCRTD:utility.obj
 0001:00014470       NtCurrentTeb               0000000180015470 f i MSVCRTD:utility.obj
 0001:00014480       __scrt_acquire_startup_lock 0000000180015480 f   MSVCRTD:utility.obj
 0001:000144f0       __scrt_dllmain_after_initialize_c 00000001800154f0 f   MSVCRTD:utility.obj
 0001:00014520       __scrt_dllmain_before_initialize_c 0000000180015520 f   MSVCRTD:utility.obj
 0001:00014540       __scrt_dllmain_crt_thread_attach 0000000180015540 f   MSVCRTD:utility.obj
 0001:00014570       __scrt_dllmain_crt_thread_detach 0000000180015570 f   MSVCRTD:utility.obj
 0001:00014590       __scrt_dllmain_exception_filter 0000000180015590 f   MSVCRTD:utility.obj
 0001:00014600       __scrt_dllmain_uninitialize_c 0000000180015600 f   MSVCRTD:utility.obj
 0001:00014630       __scrt_dllmain_uninitialize_critical 0000000180015630 f   MSVCRTD:utility.obj
 0001:00014650       __scrt_initialize_crt      0000000180015650 f   MSVCRTD:utility.obj
 0001:000146a0       __scrt_initialize_onexit_tables 00000001800156a0 f   MSVCRTD:utility.obj
 0001:000147b0       __scrt_is_nonwritable_in_current_image 00000001800157b0 f   MSVCRTD:utility.obj
 0001:00014840       __scrt_release_startup_lock 0000000180015840 f   MSVCRTD:utility.obj
 0001:00014870       __scrt_uninitialize_crt    0000000180015870 f   MSVCRTD:utility.obj
 0001:000148b0       __scrt_get_dyn_tls_init_callback 00000001800158b0 f   MSVCRTD:dyn_tls_init.obj
 0001:000148c0       __crt_debugger_hook        00000001800158c0 f   MSVCRTD:utility_desktop.obj
 0001:000148d0       __scrt_fastfail            00000001800158d0 f   MSVCRTD:utility_desktop.obj
 0001:00014a70       _RTC_Initialize            0000000180015a70 f   MSVCRTD:initsect.obj
 0001:00014ac0       _RTC_Terminate             0000000180015ac0 f   MSVCRTD:initsect.obj
 0001:00014b10       _guard_check_icall_nop     0000000180015b10 f i MSVCRTD:guard_support.obj
 0001:00014b20       __isa_available_init       0000000180015b20 f   MSVCRTD:cpu_disp.obj
 0001:00014ec0       _get_startup_argv_mode     0000000180015ec0 f   MSVCRTD:argv_mode.obj
 0001:00014ed0       __scrt_is_ucrt_dll_in_use  0000000180015ed0 f   MSVCRTD:ucrt_detection.obj
 0001:00014f00       __C_specific_handler       0000000180015f00 f   vcruntimed:VCRUNTIME140D.dll
 0001:00014f06       __std_type_info_destroy_list 0000000180015f06 f   vcruntimed:VCRUNTIME140D.dll
 0001:00014f0c       atan2                      0000000180015f0c f   ucrtd:ucrtbased.dll
 0001:00014f12       ceilf                      0000000180015f12 f   ucrtd:ucrtbased.dll
 0001:00014f18       floorf                     0000000180015f18 f   ucrtd:ucrtbased.dll
 0001:00014f1e       sinf                       0000000180015f1e f   ucrtd:ucrtbased.dll
 0001:00014f24       sqrtf                      0000000180015f24 f   ucrtd:ucrtbased.dll
 0001:00014f2a       _initterm                  0000000180015f2a f   ucrtd:ucrtbased.dll
 0001:00014f30       _initterm_e                0000000180015f30 f   ucrtd:ucrtbased.dll
 0001:00014f36       _seh_filter_dll            0000000180015f36 f   ucrtd:ucrtbased.dll
 0001:00014f3c       _configure_narrow_argv     0000000180015f3c f   ucrtd:ucrtbased.dll
 0001:00014f42       _initialize_narrow_environment 0000000180015f42 f   ucrtd:ucrtbased.dll
 0001:00014f48       _initialize_onexit_table   0000000180015f48 f   ucrtd:ucrtbased.dll
 0001:00014f4e       _execute_onexit_table      0000000180015f4e f   ucrtd:ucrtbased.dll
 0001:00014f54       _cexit                     0000000180015f54 f   ucrtd:ucrtbased.dll
 0001:00014f60       __acrt_initialize          0000000180015f60 f   MSVCRTD:ucrt_stubs.obj
 0001:00014f60       __scrt_stub_for_acrt_thread_detach 0000000180015f60 f   MSVCRTD:ucrt_stubs.obj
 0001:00014f60       __scrt_stub_for_acrt_thread_attach 0000000180015f60 f   MSVCRTD:ucrt_stubs.obj
 0001:00014f60       __vcrt_initialize          0000000180015f60 f   MSVCRTD:ucrt_stubs.obj
 0001:00014f60       __acrt_thread_detach       0000000180015f60 f   MSVCRTD:ucrt_stubs.obj
 0001:00014f60       __vcrt_thread_detach       0000000180015f60 f   MSVCRTD:ucrt_stubs.obj
 0001:00014f60       __vcrt_thread_attach       0000000180015f60 f   MSVCRTD:ucrt_stubs.obj
 0001:00014f60       __acrt_thread_attach       0000000180015f60 f   MSVCRTD:ucrt_stubs.obj
 0001:00014f60       __scrt_stub_for_acrt_initialize 0000000180015f60 f   MSVCRTD:ucrt_stubs.obj
 0001:00014f70       __scrt_stub_for_acrt_uninitialize_critical 0000000180015f70 f   MSVCRTD:ucrt_stubs.obj
 0001:00014f70       __acrt_uninitialize        0000000180015f70 f   MSVCRTD:ucrt_stubs.obj
 0001:00014f70       __vcrt_uninitialize_critical 0000000180015f70 f   MSVCRTD:ucrt_stubs.obj
 0001:00014f70       __scrt_stub_for_acrt_uninitialize 0000000180015f70 f   MSVCRTD:ucrt_stubs.obj
 0001:00014f70       __vcrt_uninitialize        0000000180015f70 f   MSVCRTD:ucrt_stubs.obj
 0001:00014f70       __acrt_uninitialize_critical 0000000180015f70 f   MSVCRTD:ucrt_stubs.obj
 0001:00014f80       _is_c_termination_complete 0000000180015f80 f   MSVCRTD:ucrt_stubs.obj
 0001:00014f80       __scrt_stub_for_is_c_termination_complete 0000000180015f80 f   MSVCRTD:ucrt_stubs.obj
 0001:00014fa0       _guard_dispatch_icall_nop  0000000180015fa0 f   MSVCRTD:guard_dispatch.obj
 0001:00014fc0       _guard_xfg_dispatch_icall_nop 0000000180015fc0 f   MSVCRTD:guard_xfg_dispatch.obj
 0002:00000000       __imp_GetCurrentProcessId  0000000180017000     kernel32:KERNEL32.dll
 0002:00000008       __imp_RtlCaptureContext    0000000180017008     kernel32:KERNEL32.dll
 0002:00000010       __imp_RtlLookupFunctionEntry 0000000180017010     kernel32:KERNEL32.dll
 0002:00000018       __imp_RtlVirtualUnwind     0000000180017018     kernel32:KERNEL32.dll
 0002:00000020       __imp_IsDebuggerPresent    0000000180017020     kernel32:KERNEL32.dll
 0002:00000028       __imp_InitializeSListHead  0000000180017028     kernel32:KERNEL32.dll
 0002:00000030       __imp_DisableThreadLibraryCalls 0000000180017030     kernel32:KERNEL32.dll
 0002:00000038       __imp_GetSystemTimeAsFileTime 0000000180017038     kernel32:KERNEL32.dll
 0002:00000040       __imp_GetCurrentThreadId   0000000180017040     kernel32:KERNEL32.dll
 0002:00000048       __imp_QueryPerformanceCounter 0000000180017048     kernel32:KERNEL32.dll
 0002:00000050       __imp_IsProcessorFeaturePresent 0000000180017050     kernel32:KERNEL32.dll
 0002:00000058       __imp_TerminateProcess     0000000180017058     kernel32:KERNEL32.dll
 0002:00000060       __imp_GetCurrentProcess    0000000180017060     kernel32:KERNEL32.dll
 0002:00000068       __imp_SetUnhandledExceptionFilter 0000000180017068     kernel32:KERNEL32.dll
 0002:00000070       __imp_UnhandledExceptionFilter 0000000180017070     kernel32:KERNEL32.dll
 0002:00000078       \177KERNEL32_NULL_THUNK_DATA 0000000180017078     kernel32:KERNEL32.dll
 0002:00000080       __imp___std_type_info_destroy_list 0000000180017080     vcruntimed:VCRUNTIME140D.dll
 0002:00000088       __imp___C_specific_handler 0000000180017088     vcruntimed:VCRUNTIME140D.dll
 0002:00000090       \177VCRUNTIME140D_NULL_THUNK_DATA 0000000180017090     vcruntimed:VCRUNTIME140D.dll
 0002:00000098       __imp__execute_onexit_table 0000000180017098     ucrtd:ucrtbased.dll
 0002:000000a0       __imp__initialize_onexit_table 00000001800170a0     ucrtd:ucrtbased.dll
 0002:000000a8       __imp__initialize_narrow_environment 00000001800170a8     ucrtd:ucrtbased.dll
 0002:000000b0       __imp__configure_narrow_argv 00000001800170b0     ucrtd:ucrtbased.dll
 0002:000000b8       __imp__seh_filter_dll      00000001800170b8     ucrtd:ucrtbased.dll
 0002:000000c0       __imp__initterm_e          00000001800170c0     ucrtd:ucrtbased.dll
 0002:000000c8       __imp__initterm            00000001800170c8     ucrtd:ucrtbased.dll
 0002:000000d0       __imp_sqrtf                00000001800170d0     ucrtd:ucrtbased.dll
 0002:000000d8       __imp_sinf                 00000001800170d8     ucrtd:ucrtbased.dll
 0002:000000e0       __imp_floorf               00000001800170e0     ucrtd:ucrtbased.dll
 0002:000000e8       __imp_ceilf                00000001800170e8     ucrtd:ucrtbased.dll
 0002:000000f0       __imp_atan2                00000001800170f0     ucrtd:ucrtbased.dll
 0002:000000f8       __imp_roundf               00000001800170f8     ucrtd:ucrtbased.dll
 0002:00000100       __imp__cexit               0000000180017100     ucrtd:ucrtbased.dll
 0002:00000108       \177ucrtbased_NULL_THUNK_DATA 0000000180017108     ucrtd:ucrtbased.dll
 0002:00000110       __guard_check_icall_fptr   0000000180017110     MSVCRTD:guard_support.obj
 0002:00000118       __guard_xfg_check_icall_fptr 0000000180017118     MSVCRTD:guard_support.obj
 0002:00000120       __guard_dispatch_icall_fptr 0000000180017120     MSVCRTD:guard_support.obj
 0002:00000128       __guard_xfg_dispatch_icall_fptr 0000000180017128     MSVCRTD:guard_support.obj
 0002:00000130       __guard_xfg_table_dispatch_icall_fptr 0000000180017130     MSVCRTD:guard_support.obj
 0002:00000138       __xc_a                     0000000180017138     MSVCRTD:initializers.obj
 0002:00000140       __xc_z                     0000000180017140     MSVCRTD:initializers.obj
 0002:00000148       __xi_a                     0000000180017148     MSVCRTD:initializers.obj
 0002:00000150       __xi_z                     0000000180017150     MSVCRTD:initializers.obj
 0002:00000158       __xp_a                     0000000180017158     MSVCRTD:initializers.obj
 0002:00000160       __xp_z                     0000000180017160     MSVCRTD:initializers.obj
 0002:00000168       __xt_a                     0000000180017168     MSVCRTD:initializers.obj
 0002:00000170       __xt_z                     0000000180017170     MSVCRTD:initializers.obj
 0002:00000580       ??_C@_0BA@NMEIMCEK@InvalidCodePath@ 0000000180017580     p5engine.obj
 0002:00000590       __real@00000000            0000000180017590     p5engine.obj
 0002:00000594       __real@308992b1            0000000180017594     p5engine.obj
 0002:00000598       __real@3a83126f            0000000180017598     p5engine.obj
 0002:0000059c       __real@3b808081            000000018001759c     p5engine.obj
 0002:000005a0       __real@3c23d70a            00000001800175a0     p5engine.obj
 0002:000005a4       __real@3cc30c31            00000001800175a4     p5engine.obj
 0002:000005a8       __real@3dcccccd            00000001800175a8     p5engine.obj
 0002:000005ac       __real@3de00000            00000001800175ac     p5engine.obj
 0002:000005b0       __real@3e4ccccd            00000001800175b0     p5engine.obj
 0002:000005b4       __real@3e800000            00000001800175b4     p5engine.obj
 0002:000005b8       __real@3e99999a            00000001800175b8     p5engine.obj
 0002:000005bc       __real@3eae4c41            00000001800175bc     p5engine.obj
 0002:000005c0       __real@3ecccccd            00000001800175c0     p5engine.obj
 0002:000005c4       __real@3ee147ae            00000001800175c4     p5engine.obj
 0002:000005c8       __real@3f000000            00000001800175c8     p5engine.obj
 0002:000005cc       __real@3f19999a            00000001800175cc     p5engine.obj
 0002:000005d0       __real@3f228f5c            00000001800175d0     p5engine.obj
 0002:000005d4       __real@3f3504f3            00000001800175d4     p5engine.obj
 0002:000005d8       __real@3f400000            00000001800175d8     p5engine.obj
 0002:000005dc       __real@3f540000            00000001800175dc     p5engine.obj
 0002:000005e0       __real@3f666666            00000001800175e0     p5engine.obj
 0002:000005e4       __real@3f800000            00000001800175e4     p5engine.obj
 0002:000005e8       __real@3f8ba2e9            00000001800175e8     p5engine.obj
 0002:000005ec       __real@3f8ccccd            00000001800175ec     p5engine.obj
 0002:000005f0       __real@3f99999a            00000001800175f0     p5engine.obj
 0002:000005f4       __real@3fa66666            00000001800175f4     p5engine.obj
 0002:000005f8       __real@3fb33333            00000001800175f8     p5engine.obj
 0002:000005fc       __real@3fc00000            00000001800175fc     p5engine.obj
 0002:00000600       __real@3fc90fdb            0000000180017600     p5engine.obj
 0002:00000604       __real@40000000            0000000180017604     p5engine.obj
 0002:00000608       __real@400ccccd            0000000180017608     p5engine.obj
 0002:0000060c       __real@40400000            000000018001760c     p5engine.obj
 0002:00000610       __real@40490fdb            0000000180017610     p5engine.obj
 0002:00000614       __real@40800000            0000000180017614     p5engine.obj
 0002:00000618       __real@4096cbe4            0000000180017618     p5engine.obj
 0002:0000061c       __real@40a00000            000000018001761c     p5engine.obj
 0002:00000620       __real@40c00000            0000000180017620     p5engine.obj
 0002:00000624       __real@40c90fdb            0000000180017624     p5engine.obj
 0002:00000628       __real@41100000            0000000180017628     p5engine.obj
 0002:0000062c       __real@41700000            000000018001762c     p5engine.obj
 0002:00000630       __real@41880000            0000000180017630     p5engine.obj
 0002:00000634       __real@41a00000            0000000180017634     p5engine.obj
 0002:00000638       __real@41f00000            0000000180017638     p5engine.obj
 0002:0000063c       __real@42340000            000000018001763c     p5engine.obj
 0002:00000640       __real@437f0000            0000000180017640     p5engine.obj
 0002:00000644       __real@461c4000            0000000180017644     p5engine.obj
 0002:00000648       __real@47c35000            0000000180017648     p5engine.obj
 0002:0000064c       __real@49742400            000000018001764c     p5engine.obj
 0002:00000650       __real@7f7fffff            0000000180017650     p5engine.obj
 0002:00000654       __real@becccccd            0000000180017654     p5engine.obj
 0002:00000658       __real@bf000000            0000000180017658     p5engine.obj
 0002:0000065c       __real@bf800000            000000018001765c     p5engine.obj
 0002:00000660       __real@c0000000            0000000180017660     p5engine.obj
 0002:00000664       __real@c0100000            0000000180017664     p5engine.obj
 0002:00000668       __real@c0400000            0000000180017668     p5engine.obj
 0002:0000066c       __real@c11ccccd            000000018001766c     p5engine.obj
 0002:00000670       __xmm@00000000000000000000000000000000 0000000180017670     p5engine.obj
 0002:00000680       __xmm@000000ff000000ff000000ff000000ff 0000000180017680     p5engine.obj
 0002:00000690       __xmm@0000ffff0000ffff0000ffff0000ffff 0000000180017690     p5engine.obj
 0002:000006a0       __xmm@00ff00ff00ff00ff00ff00ff00ff00ff 00000001800176a0     p5engine.obj
 0002:000006b0       __xmm@3b8080813b8080813b8080813b808081 00000001800176b0     p5engine.obj
 0002:000006c0       __xmm@3f0000003f0000003f0000003f000000 00000001800176c0     p5engine.obj
 0002:000006d0       __xmm@3f8000003f8000003f8000003f800000 00000001800176d0     p5engine.obj
 0002:000006e0       __xmm@40800000408000004080000040800000 00000001800176e0     p5engine.obj
 0002:000006f0       __xmm@477e0100477e0100477e0100477e0100 00000001800176f0     p5engine.obj
 0002:00000700       __xmm@7fffffffffffffff7fffffffffffffff 0000000180017700     p5engine.obj
 0002:00000710       __xmm@80000000800000008000000080000000 0000000180017710     p5engine.obj
 0002:00000720       __xmm@ffffffffffffffffffffffffffffffff 0000000180017720     p5engine.obj
 0002:00000730       _pRawDllMain               0000000180017730     MSVCRTD:dll_dllmain.obj
 0002:00000730       _pDefaultRawDllMain        0000000180017730     MSVCRTD:dll_dllmain.obj
 0002:000007a0       _load_config_used          00000001800177a0     MSVCRTD:loadcfg.obj
 0002:00000900       __volatile_metadata        0000000180017900     <linker-defined>
 0002:00000d50       __rtc_iaa                  0000000180017d50     MSVCRTD:initsect.obj
 0002:00000d58       __rtc_izz                  0000000180017d58     MSVCRTD:initsect.obj
 0002:00000d60       __rtc_taa                  0000000180017d60     MSVCRTD:initsect.obj
 0002:00000d68       __rtc_tzz                  0000000180017d68     MSVCRTD:initsect.obj
 0002:00001574       __IMPORT_DESCRIPTOR_VCRUNTIME140D 0000000180018574     vcruntimed:VCRUNTIME140D.dll
 0002:00001588       __IMPORT_DESCRIPTOR_ucrtbased 0000000180018588     ucrtd:ucrtbased.dll
 0002:0000159c       __IMPORT_DESCRIPTOR_KERNEL32 000000018001859c     kernel32:KERNEL32.dll
 0002:000015b0       __NULL_IMPORT_DESCRIPTOR   00000001800185b0     vcruntimed:VCRUNTIME140D.dll
 0003:00004000       __security_cookie_complement 000000018001d000     MSVCRTD:gs_cookie.obj
 0003:00004008       __security_cookie          000000018001d008     MSVCRTD:gs_cookie.obj
 0003:00004010       _fltused                   000000018001d010     MSVCRTD:fltused.obj
 0003:00004014       __scrt_native_dllmain_reason 000000018001d014     MSVCRTD:utility.obj
 0003:00004018       __isa_available            000000018001d018     MSVCRTD:cpu_disp.obj
 0003:0000401c       __isa_enabled              000000018001d01c     MSVCRTD:cpu_disp.obj
 0003:00004020       __memcpy_nt_iters          000000018001d020     MSVCRTD:cpu_disp.obj
 0003:00004028       __memset_nt_iters          000000018001d028     MSVCRTD:cpu_disp.obj
 0003:00004030       __scrt_ucrt_dll_is_in_use  000000018001d030     MSVCRTD:ucrt_stubs.obj
 0003:00004040       DebugGlobalMemory          000000018001d040     p5engine.obj
 0003:000045e0       ?__type_info_root_node@@3U__type_info_node@@A 000000018001d5e0     MSVCRTD:tncleanup.obj
 0003:000045f0       ?_OptionsStorage@?1??__local_stdio_printf_options@@9@4_KA 000000018001d5f0     MSVCRTD:default_local_stdio_options.obj
 0003:000045f8       ?_OptionsStorage@?1??__local_stdio_scanf_options@@9@4_KA 000000018001d5f8     MSVCRTD:default_local_stdio_options.obj
 0003:00004600       __scrt_current_native_startup_state 000000018001d600     MSVCRTD:utility.obj
 0003:00004608       __scrt_native_startup_lock 000000018001d608     MSVCRTD:utility.obj
 0003:00004648       __scrt_debugger_hook_flag  000000018001d648     MSVCRTD:utility_desktop.obj
 0003:00004650       __castguard_check_failure_os_handled_fptr 000000018001d650     MSVCRTD:guard_support.obj
 0003:00004658       __favor                    000000018001d658     MSVCRTD:cpu_disp.obj
 0003:00004660       __dyn_tls_init_callback    000000018001d660     <common>
 0003:00004668       __DebuggerCurrentSteppingThreadId 000000018001d668     <common>

 entry point at        0001:00013e90

 Static symbols

 0000:fffde000       .debug$S                   0000000180000000     P5Engine.exp
 0000:fffde000       .debug$S                   0000000180000000     vcruntimed:VCRUNTIME140D.dll
 0000:fffde000       .debug$S                   0000000180000000     vcruntimed:VCRUNTIME140D.dll
 0000:fffde000       .debug$S                   0000000180000000     vcruntimed:VCRUNTIME140D.dll
 0000:fffde000       .debug$S                   0000000180000000     vcruntimed:VCRUNTIME140D.dll
 0000:fffde000       .debug$S                   0000000180000000     ucrtd:ucrtbased.dll
 0000:fffde000       .debug$S                   0000000180000000     ucrtd:ucrtbased.dll
 0000:fffde000       .debug$S                   0000000180000000     ucrtd:ucrtbased.dll
 0000:fffde000       .debug$S                   0000000180000000     ucrtd:ucrtbased.dll
 0000:fffde000       .debug$S                   0000000180000000     ucrtd:ucrtbased.dll
 0000:fffde000       .debug$S                   0000000180000000     ucrtd:ucrtbased.dll
 0000:fffde000       .debug$S                   0000000180000000     ucrtd:ucrtbased.dll
 0000:fffde000       .debug$S                   0000000180000000     ucrtd:ucrtbased.dll
 0000:fffde000       .debug$S                   0000000180000000     ucrtd:ucrtbased.dll
 0000:fffde000       .debug$S                   0000000180000000     ucrtd:ucrtbased.dll
 0000:fffde000       .debug$S                   0000000180000000     ucrtd:ucrtbased.dll
 0000:fffde000       .debug$S                   0000000180000000     ucrtd:ucrtbased.dll
 0000:fffde000       .debug$S                   0000000180000000     ucrtd:ucrtbased.dll
 0000:fffde000       .debug$S                   0000000180000000     ucrtd:ucrtbased.dll
 0000:fffde000       .debug$S                   0000000180000000     ucrtd:ucrtbased.dll
 0000:fffde000       .debug$S                   0000000180000000     ucrtd:ucrtbased.dll
 0000:fffde000       .debug$S                   0000000180000000     ucrtd:ucrtbased.dll
 0000:fffde000       .debug$S                   0000000180000000     ucrtd:ucrtbased.dll
 0000:fffde000       .debug$S                   0000000180000000     kernel32:KERNEL32.dll
 0000:fffde000       .debug$S                   0000000180000000     kernel32:KERNEL32.dll
 0000:fffde000       .debug$S                   0000000180000000     kernel32:KERNEL32.dll
 0000:fffde000       .debug$S                   0000000180000000     kernel32:KERNEL32.dll
 0000:fffde000       .debug$S                   0000000180000000     kernel32:KERNEL32.dll
 0000:fffde000       .debug$S                   0000000180000000     kernel32:KERNEL32.dll
 0000:fffde000       .debug$S                   0000000180000000     kernel32:KERNEL32.dll
 0000:fffde000       .debug$S                   0000000180000000     kernel32:KERNEL32.dll
 0000:fffde000       .debug$S                   0000000180000000     kernel32:KERNEL32.dll
 0000:fffde000       .debug$S                   0000000180000000     kernel32:KERNEL32.dll
 0000:fffde000       .debug$S                   0000000180000000     kernel32:KERNEL32.dll
 0000:fffde000       .debug$S                   0000000180000000     kernel32:KERNEL32.dll
 0000:fffde000       .debug$S                   0000000180000000     kernel32:KERNEL32.dll
 0000:fffde000       .debug$S                   0000000180000000     kernel32:KERNEL32.dll
 0000:fffde000       .debug$S                   0000000180000000     kernel32:KERNEL32.dll
 0000:fffde000       .debug$S                   0000000180000000     kernel32:KERNEL32.dll
 0000:fffde000       .debug$S                   0000000180000000     kernel32:KERNEL32.dll
 0001:00000000       ?LoadBitmap@@YAXPEAUgame_assets@@Ubitmap_id@@@Z 0000000180001000 f   p5engine.obj
 0001:00000140       ?LoadSound@@YAXPEAUgame_assets@@Usound_id@@@Z 0000000180001140 f   p5engine.obj
 0001:00000280       ?AddCollisionRule@@YAXPEAUgame_state@@IIH@Z 0000000180001280 f   p5engine.obj
 0001:00000400       ?ClearCollisionRulesFor@@YAXPEAUgame_state@@I@Z 0000000180001400 f   p5engine.obj
 0001:00000500       ?BeginTaskWithMemory@@YAPEAUtask_with_memory@@PEAUtransient_state@@@Z 0000000180001500 f   p5engine.obj
 0001:000005e0       ?EndTaskWithMemory@@YAXPEAUtask_with_memory@@@Z 00000001800015e0 f   p5engine.obj
 0001:00000640       ?DrawRectangle@@YAXPEAUloaded_bitmap@@Tv2@@1Tv4@@Urectangle2i@@H@Z 0000000180001640 f   p5engine.obj
 0001:00000900       ?DrawRectangleQuickly@@YAXPEAUloaded_bitmap@@Tv2@@11Tv4@@0MUrectangle2i@@H@Z 0000000180001900 f   p5engine.obj
 0001:00002d80       ?RenderGroupToOutput@@YAXPEAUrender_group@@PEAUloaded_bitmap@@Urectangle2i@@H@Z 0000000180003d80 f   p5engine.obj
 0001:00003170       ?DoTiledRenderWork@@YAXPEAUplatform_work_queue@@PEAX@Z 0000000180004170 f   p5engine.obj
 0001:00003220       ?RenderGroupToOutput@@YAXPEAUrender_group@@PEAUloaded_bitmap@@@Z 0000000180004220 f   p5engine.obj
 0001:00003310       ?TiledRenderGroupToOutput@@YAXPEAUplatform_work_queue@@PEAUrender_group@@PEAUloaded_bitmap@@@Z 0000000180004310 f   p5engine.obj
 0001:00003540       ?AllocateRenderGroup@@YAPEAUrender_group@@PEAUgame_assets@@PEAUmemory_arena@@I@Z 0000000180004540 f   p5engine.obj
 0001:00003670       ?InitializeWorld@@YAXPEAUworld@@Tv3@@@Z 0000000180004670 f   p5engine.obj
 0001:00003710       ?Subtract@@YA?ATv3@@PEAUworld@@PEAUworld_position@@1@Z 0000000180004710 f   p5engine.obj
 0001:00003980       ?ChangeEntityLocation@@YAXPEAUmemory_arena@@PEAUworld@@IPEAUlow_entity@@Uworld_position@@@Z 0000000180004980 f   p5engine.obj
 0001:00003b10       ?GetHashFromStorageIndex@@YAPEAUsim_entity_hash@@PEAUsim_region@@I@Z 0000000180004b10 f   p5engine.obj
 0001:00003be0       ?AddEntity@@YAPEAUsim_entity@@PEAUgame_state@@PEAUsim_region@@IPEAUlow_entity@@PEATv3@@@Z 0000000180004be0 f   p5engine.obj
 0001:00003d40       ?AddEntityRaw@@YAPEAUsim_entity@@PEAUgame_state@@PEAUsim_region@@IPEAUlow_entity@@@Z 0000000180004d40 f   p5engine.obj
 0001:00003ec0       ?BeginSim@@YAPEAUsim_region@@PEAUmemory_arena@@PEAUgame_state@@PEAUworld@@Uworld_position@@Urectangle3@@M@Z 0000000180004ec0 f   p5engine.obj
 0001:00004530       ?EndSim@@YAXPEAUsim_region@@PEAUgame_state@@@Z 0000000180005530 f   p5engine.obj
 0001:000047f0       ?CanCollide@@YAHPEAUgame_state@@PEAUsim_entity@@1@Z 00000001800057f0 f   p5engine.obj
 0001:00004940       ?HandleCollision@@YAHPEAUgame_state@@PEAUsim_entity@@1@Z 0000000180005940 f   p5engine.obj
 0001:00004a20       ?CanOverlap@@YAHPEAUgame_state@@PEAUsim_entity@@1@Z 0000000180005a20 f   p5engine.obj
 0001:00004a80       ?HandleOverlap@@YAXPEAUgame_state@@PEAUsim_entity@@1MPEAM@Z 0000000180005a80 f   p5engine.obj
 0001:00004b20       ?SpeculativeCollide@@YAHPEAUsim_entity@@0Tv3@@@Z 0000000180005b20 f   p5engine.obj
 0001:00004c20       ?EntitiesOverlap@@YAHPEAUsim_entity@@0Tv3@@@Z 0000000180005c20 f   p5engine.obj
 0001:00004f60       ?MoveEntity@@YAXPEAUgame_state@@PEAUsim_region@@PEAUsim_entity@@MPEAUmove_spec@@Tv3@@@Z 0000000180005f60 f   p5engine.obj
 0001:000068c0       ?DEBUGLoadBMP@@YA?AUloaded_bitmap@@PEADTv2@@@Z 00000001800078c0 f   p5engine.obj
 0001:00006dd0       ?DEBUGLoadWAV@@YA?AUloaded_sound@@PEAD@Z 0000000180007dd0 f   p5engine.obj
 0001:00007260       ?LoadBitmapWork@@YAXPEAUplatform_work_queue@@PEAX@Z 0000000180008260 f   p5engine.obj
 0001:00007360       ?LoadSoundWork@@YAXPEAUplatform_work_queue@@PEAX@Z 0000000180008360 f   p5engine.obj
 0001:00007450       ?GetBestMatchAssetFrom@@YAIPEAUgame_assets@@W4asset_type_id@@PEAUasset_vector@@2@Z 0000000180008450 f   p5engine.obj
 0001:00007690       ?GetRandomAssetFrom@@YAIPEAUgame_assets@@W4asset_type_id@@PEAUrandom_series@@@Z 0000000180008690 f   p5engine.obj
 0001:00007750       ?GetFirstAssetFrom@@YAIPEAUgame_assets@@W4asset_type_id@@@Z 0000000180008750 f   p5engine.obj
 0001:000077d0       ?GetBestMatchBitmapFrom@@YA?AUbitmap_id@@PEAUgame_assets@@W4asset_type_id@@PEAUasset_vector@@2@Z 00000001800087d0 f   p5engine.obj
 0001:00007820       ?GetFirstBitmapFrom@@YA?AUbitmap_id@@PEAUgame_assets@@W4asset_type_id@@@Z 0000000180008820 f   p5engine.obj
 0001:00007860       ?GetRandomBitmapFrom@@YA?AUbitmap_id@@PEAUgame_assets@@W4asset_type_id@@PEAUrandom_series@@@Z 0000000180008860 f   p5engine.obj
 0001:000078b0       ?GetFirstSoundFrom@@YA?AUsound_id@@PEAUgame_assets@@W4asset_type_id@@@Z 00000001800088b0 f   p5engine.obj
 0001:000078f0       ?GetRandomSoundFrom@@YA?AUsound_id@@PEAUgame_assets@@W4asset_type_id@@PEAUrandom_series@@@Z 00000001800088f0 f   p5engine.obj
 0001:00007940       ?DEBUGAddBitmapInfo@@YA?AUbitmap_id@@PEAUgame_assets@@PEADTv2@@@Z 0000000180008940 f   p5engine.obj
 0001:000079f0       ?DEBUGAddSoundInfo@@YA?AUsound_id@@PEAUgame_assets@@PEAD@Z 00000001800089f0 f   p5engine.obj
 0001:00007a90       ?BeginAssetType@@YAXPEAUgame_assets@@W4asset_type_id@@@Z 0000000180008a90 f   p5engine.obj
 0001:00007b30       ?AddBitmapAsset@@YAXPEAUgame_assets@@PEADTv2@@@Z 0000000180008b30 f   p5engine.obj
 0001:00007c40       ?AddSoundAsset@@YAXPEAUgame_assets@@PEAD@Z 0000000180008c40 f   p5engine.obj
 0001:00007d40       ?AddTag@@YAXPEAUgame_assets@@W4asset_tag_id@@M@Z 0000000180008d40 f   p5engine.obj
 0001:00007e00       ?EndAssetType@@YAXPEAUgame_assets@@@Z 0000000180008e00 f   p5engine.obj
 0001:00007e80       ?AllocateGameAssets@@YAPEAUgame_assets@@PEAUmemory_arena@@_KPEAUtransient_state@@@Z 0000000180008e80 f   p5engine.obj
 0001:000086b0       ?AddLowEntity@@YA?AUadd_low_entity_result@@PEAUgame_state@@W4entity_type@@Uworld_position@@@Z 00000001800096b0 f   p5engine.obj
 0001:000088b0       ?AddGroundedEntity@@YA?AUadd_low_entity_result@@PEAUgame_state@@W4entity_type@@Uworld_position@@PEAUsim_entity_collision_volume_group@@@Z 00000001800098b0 f   p5engine.obj
 0001:00008960       ?AddStandardRoom@@YA?AUadd_low_entity_result@@PEAUgame_state@@III@Z 0000000180009960 f   p5engine.obj
 0001:00008ac0       ?AddWall@@YA?AUadd_low_entity_result@@PEAUgame_state@@III@Z 0000000180009ac0 f   p5engine.obj
 0001:00008c20       ?AddStairs@@YA?AUadd_low_entity_result@@PEAUgame_state@@III@Z 0000000180009c20 f   p5engine.obj
 0001:00008db0       ?InitHitPoints@@YAXPEAUlow_entity@@I@Z 0000000180009db0 f   p5engine.obj
 0001:00008e40       ?AddSword@@YA?AUadd_low_entity_result@@PEAUgame_state@@@Z 0000000180009e40 f   p5engine.obj
 0001:00008f30       ?AddPlayer@@YA?AUadd_low_entity_result@@PEAUgame_state@@@Z 0000000180009f30 f   p5engine.obj
 0001:00009070       ?AddMonstar@@YA?AUadd_low_entity_result@@PEAUgame_state@@III@Z 000000018000a070 f   p5engine.obj
 0001:000091e0       ?AddFamiliar@@YA?AUadd_low_entity_result@@PEAUgame_state@@III@Z 000000018000a1e0 f   p5engine.obj
 0001:00009340       ?DrawHitpoints@@YAXPEAUsim_entity@@PEAUrender_group@@@Z 000000018000a340 f   p5engine.obj
 0001:000095b0       ?MakeSimpleGroundedCollision@@YAPEAUsim_entity_collision_volume_group@@PEAUgame_state@@MMM@Z 000000018000a5b0 f   p5engine.obj
 0001:00009710       ?MakeNullCollision@@YAPEAUsim_entity_collision_volume_group@@PEAUgame_state@@@Z 000000018000a710 f   p5engine.obj
 0001:000097f0       ?FillGroundChunkWork@@YAXPEAUplatform_work_queue@@PEAX@Z 000000018000a7f0 f   p5engine.obj
 0001:00009850       ?FillGroundChunk@@YAXPEAUtransient_state@@PEAUgame_state@@PEAUground_buffer@@PEAUworld_position@@@Z 000000018000a850 f   p5engine.obj
 0001:0000a0d0       ?ClearBitmap@@YAXPEAUloaded_bitmap@@@Z 000000018000b0d0 f   p5engine.obj
 0001:0000a130       ?MakeEmptyBitmap@@YA?AUloaded_bitmap@@PEAUmemory_arena@@HHH@Z 000000018000b130 f   p5engine.obj
 0001:0000a220       ?MakeSphereDiffuseMap@@YAXPEAUloaded_bitmap@@MM@Z 000000018000b220 f   p5engine.obj
 0001:0000a550       ?MakeSphereNormalMap@@YAXPEAUloaded_bitmap@@MMM@Z 000000018000b550 f   p5engine.obj
 0001:0000a930       ?PlaySound@@YAPEAUplaying_sound@@PEAUgame_state@@Usound_id@@@Z 000000018000b930 f   p5engine.obj
 0001:0000e3a4       $LN145                     000000018000f3a4     p5engine.obj
 0001:000139f0       $$000000                   00000001800149f0     MSVCRTD:chkstk.obj
 0001:00013a50       $$000000                   0000000180014a50     MSVCRTD:amdsecgs.obj
 0001:00013a80       ?dllmain_crt_dispatch@@YAHQEAUHINSTANCE__@@KQEAX@Z 0000000180014a80 f   MSVCRTD:dll_dllmain.obj
 0001:00013b10       ?dllmain_crt_process_attach@@YAHQEAUHINSTANCE__@@QEAX@Z 0000000180014b10 f   MSVCRTD:dll_dllmain.obj
 0001:00013c50       ?dllmain_crt_process_detach@@YAH_N@Z 0000000180014c50 f   MSVCRTD:dll_dllmain.obj
 0001:00013cf0       ?dllmain_dispatch@@YAHQEAUHINSTANCE__@@KQEAX@Z 0000000180014cf0 f   MSVCRTD:dll_dllmain.obj
 0001:00013e30       ?dllmain_raw@@YAHQEAUHINSTANCE__@@KQEAX@Z 0000000180014e30 f   MSVCRTD:dll_dllmain.obj
 0001:00013ff0       capture_previous_context   0000000180014ff0 f   MSVCRTD:gs_report.obj
 0001:000140b0       __get_entropy              00000001800150b0 f   MSVCRTD:gs_support.obj
 0001:00014300       ?find_pe_section@@YAPEAU_IMAGE_SECTION_HEADER@@QEAE_K@Z 0000000180015300 f   MSVCRTD:utility.obj
 0001:000143e0       ?is_potentially_valid_image_base@@YA_NQEAX@Z 00000001800153e0 f   MSVCRTD:utility.obj
 0001:00014f90       $$000000                   0000000180015f90     MSVCRTD:guard_dispatch.obj
 0001:00014fb0       $$000000                   0000000180015fb0     MSVCRTD:guard_xfg_dispatch.obj
 0001:00014fd0       ?fin$0@?0??dllmain_crt_process_attach@@YAHQEAUHINSTANCE__@@QEAX@Z@4HA 0000000180015fd0 f   MSVCRTD:dll_dllmain.obj
 0001:00014ff0       ?fin$0@?0??dllmain_crt_process_detach@@YAH_N@Z@4HA 0000000180015ff0 f   MSVCRTD:dll_dllmain.obj
 0001:0001500a       ?fin$1@?0??dllmain_crt_process_detach@@YAH_N@Z@4HA 000000018001600a f   MSVCRTD:dll_dllmain.obj
 0001:00015020       ?filt$0@?0??dllmain_dispatch@@YAHQEAUHINSTANCE__@@KQEAX@Z@4HA 0000000180016020 f   MSVCRTD:dll_dllmain.obj
 0001:00015070       __scrt_is_nonwritable_in_current_image$filt$0 0000000180016070 f   MSVCRTD:utility.obj
 0002:00000180       $SG29897                   0000000180017180     p5engine.obj
 0002:00000190       $SG30324                   0000000180017190     p5engine.obj
 0002:000001a0       $SG31084                   00000001800171a0     p5engine.obj
 0002:000001c8       $SG31409                   00000001800171c8     p5engine.obj
 0002:000001e8       $SG31410                   00000001800171e8     p5engine.obj
 0002:00000208       $SG31411                   0000000180017208     p5engine.obj
 0002:00000228       $SG31412                   0000000180017228     p5engine.obj
 0002:00000240       $SG31413                   0000000180017240     p5engine.obj
 0002:00000260       $SG31414                   0000000180017260     p5engine.obj
 0002:00000280       $SG31415                   0000000180017280     p5engine.obj
 0002:000002a0       $SG31416                   00000001800172a0     p5engine.obj
 0002:000002c0       $SG31417                   00000001800172c0     p5engine.obj
 0002:000002e0       $SG31418                   00000001800172e0     p5engine.obj
 0002:00000300       $SG31419                   0000000180017300     p5engine.obj
 0002:00000328       $SG31420                   0000000180017328     p5engine.obj
 0002:00000348       $SG31421                   0000000180017348     p5engine.obj
 0002:00000368       $SG31422                   0000000180017368     p5engine.obj
 0002:00000390       $SG31423                   0000000180017390     p5engine.obj
 0002:000003b0       $SG31424                   00000001800173b0     p5engine.obj
 0002:000003d0       $SG31425                   00000001800173d0     p5engine.obj
 0002:000003f0       $SG31426                   00000001800173f0     p5engine.obj
 0002:00000410       $SG31427                   0000000180017410     p5engine.obj
 0002:00000430       $SG31428                   0000000180017430     p5engine.obj
 0002:00000450       $SG31429                   0000000180017450     p5engine.obj
 0002:00000470       $SG31430                   0000000180017470     p5engine.obj
 0002:00000490       $SG31431                   0000000180017490     p5engine.obj
 0002:000004b0       $SG31432                   00000001800174b0     p5engine.obj
 0002:000004d0       $SG31433                   00000001800174d0     p5engine.obj
 0002:000004f0       $SG31434                   00000001800174f0     p5engine.obj
 0002:00000510       $SG31435                   0000000180017510     p5engine.obj
 0002:00000530       $SG31436                   0000000180017530     p5engine.obj
 0002:00000550       $SG31437                   0000000180017550     p5engine.obj
 0002:00000570       $SG32389                   0000000180017570     p5engine.obj
 0002:00000738       GS_ExceptionPointers       0000000180017738     MSVCRTD:gs_report.obj
 0002:00000d70       $unwind$?GetBitmap@@YAPEAUloaded_bitmap@@PEAUgame_assets@@Ubitmap_id@@@Z 0000000180017d70     p5engine.obj
 0002:00000d70       $unwind$?GetLowEntity@@YAPEAUlow_entity@@PEAUgame_state@@I@Z 0000000180017d70     p5engine.obj
 0002:00000d70       $unwind$?GetSound@@YAPEAUloaded_sound@@PEAUgame_assets@@Usound_id@@@Z 0000000180017d70     p5engine.obj
 0002:00000d70       $unwind$?HasFlag@@YAHPEAUsim_entity@@I@Z 0000000180017d70     p5engine.obj
 0002:00000d70       $unwind$?RandomChoice@@YAIPEAUrandom_series@@I@Z 0000000180017d70     p5engine.obj
 0002:00000d70       $unwind$GetController      0000000180017d70     p5engine.obj
 0002:00000d78       $unwind$?InitializeArena@@YAXPEAUmemory_arena@@_KPEAX@Z 0000000180017d78     p5engine.obj
 0002:00000d80       $unwind$?GetAlignmentOffset@@YA_KPEAUmemory_arena@@_K@Z 0000000180017d80     p5engine.obj
 0002:00000d88       $unwind$??Y@YAAEATv2@@AEAT0@T0@@Z 0000000180017d88     p5engine.obj
 0002:00000d88       $unwind$?GetArenaSizeRemaining@@YA_KPEAUmemory_arena@@_K@Z 0000000180017d88     p5engine.obj
 0002:00000d88       $unwind$?Hadamard@@YA?ATv2@@T1@0@Z 0000000180017d88     p5engine.obj
 0002:00000d88       $unwind$?Inner@@YAMTv2@@0@Z 0000000180017d88     p5engine.obj
 0002:00000d88       $unwind$?Inner@@YAMTv3@@0@Z 0000000180017d88     p5engine.obj
 0002:00000d88       $unwind$?IsCanonical@@YAHPEAUworld@@Tv3@@@Z 0000000180017d88     p5engine.obj
 0002:00000d88       $unwind$?IsInRectangle@@YAHUrectangle3@@Tv3@@@Z 0000000180017d88     p5engine.obj
 0002:00000d88       $unwind$?RectanglesIntersect@@YAHUrectangle3@@0@Z 0000000180017d88     p5engine.obj
 0002:00000d88       $unwind$?ZeroSize@@YAX_KPEAX@Z 0000000180017d88     p5engine.obj
 0002:00000d88       $unwind$?find_pe_section@@YAPEAU_IMAGE_SECTION_HEADER@@QEAE_K@Z 0000000180017d88     MSVCRTD:utility.obj
 0002:00000d90       $unwind$?PushSize_@@YAPEAXPEAUmemory_arena@@_K1@Z 0000000180017d90     p5engine.obj
 0002:00000d98       $unwind$?BeginTemporaryMemory@@YA?AUtemporary_memory@@PEAUmemory_arena@@@Z 0000000180017d98     p5engine.obj
 0002:00000dac       $unwind$?AllResourcesPresent@@YAHPEAUrender_group@@@Z 0000000180017dac     p5engine.obj
 0002:00000dac       $unwind$?EndTemporaryMemory@@YAXUtemporary_memory@@@Z 0000000180017dac     p5engine.obj
 0002:00000dac       $unwind$?GetChunkData@@YAPEAXUriff_iterator@@@Z 0000000180017dac     p5engine.obj
 0002:00000dac       $unwind$?GetChunkDataSize@@YAIUriff_iterator@@@Z 0000000180017dac     p5engine.obj
 0002:00000dac       $unwind$?GetClampedRectArea@@YAHUrectangle2i@@@Z 0000000180017dac     p5engine.obj
 0002:00000dac       $unwind$?GetDim@@YA?ATv2@@Urectangle2@@@Z 0000000180017dac     p5engine.obj
 0002:00000dac       $unwind$?GetType@@YAIUriff_iterator@@@Z 0000000180017dac     p5engine.obj
 0002:00000dac       $unwind$?HasArea@@YAHUrectangle2i@@@Z 0000000180017dac     p5engine.obj
 0002:00000dac       $unwind$?IsValid@@YAHUriff_iterator@@@Z 0000000180017dac     p5engine.obj
 0002:00000dac       $unwind$?IsValid@@YAHUworld_position@@@Z 0000000180017dac     p5engine.obj
 0002:00000dac       $unwind$?LengthSq@@YAMTv2@@@Z 0000000180017dac     p5engine.obj
 0002:00000dac       $unwind$?RandomBilateral@@YAMPEAUrandom_series@@@Z 0000000180017dac     p5engine.obj
 0002:00000dac       $unwind$?RandomNextUInt32@@YAIPEAUrandom_series@@@Z 0000000180017dac     p5engine.obj
 0002:00000dac       $unwind$?RandomUnilateral@@YAMPEAUrandom_series@@@Z 0000000180017dac     p5engine.obj
 0002:00000dac       $unwind$__CheckForDebuggerJustMyCode 0000000180017dac     MSVCRTD:debugger_jmc.obj
 0002:00000dac       $unwind$__report_gsfailure 0000000180017dac     MSVCRTD:gs_report.obj
 0002:00000db4       $unwind$?CheckArena@@YAXPEAUmemory_arena@@@Z 0000000180017db4     p5engine.obj
 0002:00000db4       $unwind$?StoreEntityReference@@YAXPEATentity_reference@@@Z 0000000180017db4     p5engine.obj
 0002:00000db4       $unwind$__raise_securityfailure 0000000180017db4     MSVCRTD:gs_report.obj
 0002:00000db4       $unwind$?is_potentially_valid_image_base@@YA_NQEAX@Z 0000000180017db4     MSVCRTD:utility.obj
 0002:00000dbc       $unwind$?SubArena@@YAXPEAUmemory_arena@@0_K1@Z 0000000180017dbc     p5engine.obj
 0002:00000dbc       $unwind$__GSHandlerCheck   0000000180017dbc     MSVCRTD:gshandler.obj
 0002:00000dc4       $unwind$?AtomicCompareExchangeUInt32@@YAIPECIII@Z 0000000180017dc4     p5engine.obj
 0002:00000dc4       $unwind$?PushRenderElement_@@YAPEAXPEAUrender_group@@IW4render_group_entry_type@@@Z 0000000180017dc4     p5engine.obj
 0002:00000dc4       $unwind$?dllmain_crt_dispatch@@YAHQEAUHINSTANCE__@@KQEAX@Z 0000000180017dc4     MSVCRTD:dll_dllmain.obj
 0002:00000dc4       $unwind$?dllmain_raw@@YAHQEAUHINSTANCE__@@KQEAX@Z 0000000180017dc4     MSVCRTD:dll_dllmain.obj
 0002:00000dcc       $unwind$?AbsoluteValue@@YAMM@Z 0000000180017dcc     p5engine.obj
 0002:00000dcc       $unwind$?CeilReal32ToInt32@@YAHM@Z 0000000180017dcc     p5engine.obj
 0002:00000dcc       $unwind$?Clamp01@@YAMM@Z   0000000180017dcc     p5engine.obj
 0002:00000dcc       $unwind$?FloorReal32ToInt32@@YAHM@Z 0000000180017dcc     p5engine.obj
 0002:00000dcc       $unwind$?RoundReal32ToInt32@@YAHM@Z 0000000180017dcc     p5engine.obj
 0002:00000dcc       $unwind$?RoundReal32ToUInt32@@YAIM@Z 0000000180017dcc     p5engine.obj
 0002:00000dcc       $unwind$?SignOf@@YAMM@Z    0000000180017dcc     p5engine.obj
 0002:00000dcc       $unwind$?Sin@@YAMM@Z       0000000180017dcc     p5engine.obj
 0002:00000dcc       $unwind$?Square@@YAMM@Z    0000000180017dcc     p5engine.obj
 0002:00000dcc       $unwind$?SquareRoot@@YAMM@Z 0000000180017dcc     p5engine.obj
 0002:00000dd4       $unwind$?ATan2@@YAMMM@Z    0000000180017dd4     p5engine.obj
 0002:00000dd4       $unwind$?IsCanonical@@YAHMM@Z 0000000180017dd4     p5engine.obj
 0002:00000dd4       $unwind$?SafeRatio0@@YAMMM@Z 0000000180017dd4     p5engine.obj
 0002:00000dd4       $unwind$?SafeRatio1@@YAMMM@Z 0000000180017dd4     p5engine.obj
 0002:00000ddc       $unwind$?FindLeastSignificantSetBit@@YA?AUbit_scan_result@@I@Z 0000000180017ddc     p5engine.obj
 0002:00000ddc       $unwind$?RandomSeed@@YA?AUrandom_series@@I@Z 0000000180017ddc     p5engine.obj
 0002:00000dec       $unwind$?Clamp01MapToRange@@YAMMMM@Z 0000000180017dec     p5engine.obj
 0002:00000dec       $unwind$?Clamp@@YAMMMM@Z   0000000180017dec     p5engine.obj
 0002:00000dec       $unwind$?SafeRatioN@@YAMMMM@Z 0000000180017dec     p5engine.obj
 0002:00000df4       $unwind$?V2@@YA?ATv2@@MM@Z 0000000180017df4     p5engine.obj
 0002:00000e04       $unwind$?V2i@@YA?ATv2@@HH@Z 0000000180017e04     p5engine.obj
 0002:00000e0c       $unwind$??D@YA?ATv2@@MT0@@Z 0000000180017e0c     p5engine.obj
 0002:00000e1c       $unwind$??G@YA?ATv2@@T0@0@Z 0000000180017e1c     p5engine.obj
 0002:00000e1c       $unwind$??H@YA?ATv2@@T0@0@Z 0000000180017e1c     p5engine.obj
 0002:00000e1c       $unwind$?GetBarycentric@@YA?ATv2@@Urectangle2@@T1@@Z 0000000180017e1c     p5engine.obj
 0002:00000e2c       $unwind$?Clamp01@@YA?ATv2@@T1@@Z 0000000180017e2c     p5engine.obj
 0002:00000e3c       $unwind$?V3@@YA?ATv3@@MMM@Z 0000000180017e3c     p5engine.obj
 0002:00000e3c       $unwind$?V4@@YA?ATv4@@MMMM@Z 0000000180017e3c     p5engine.obj
 0002:00000e50       $unwind$??D@YA?ATv3@@MT0@@Z 0000000180017e50     p5engine.obj
 0002:00000e50       $unwind$??D@YA?ATv4@@MT0@@Z 0000000180017e50     p5engine.obj
 0002:00000e50       $unwind$?ToV3@@YA?ATv3@@Tv2@@M@Z 0000000180017e50     p5engine.obj
 0002:00000e64       $unwind$??D@YA?ATv3@@T0@M@Z 0000000180017e64     p5engine.obj
 0002:00000e64       $unwind$?GetCameraRectangleAtDistance@@YA?AUrectangle2@@PEAUrender_group@@M@Z 0000000180017e64     p5engine.obj
 0002:00000e70       $unwind$??X@YAAEATv3@@AEAT0@M@Z 0000000180017e70     p5engine.obj
 0002:00000e7c       $unwind$??G@YA?ATv3@@T0@0@Z 0000000180017e7c     p5engine.obj
 0002:00000e7c       $unwind$??H@YA?ATv3@@T0@0@Z 0000000180017e7c     p5engine.obj
 0002:00000e90       $unwind$??Y@YAAEATv3@@AEAT0@T0@@Z 0000000180017e90     p5engine.obj
 0002:00000e90       $unwind$??Z@YAAEATv3@@AEAT0@T0@@Z 0000000180017e90     p5engine.obj
 0002:00000e90       $unwind$?GetDim@@YA?ATv3@@Urectangle3@@@Z 0000000180017e90     p5engine.obj
 0002:00000e9c       $unwind$?AreInSameChunk@@YAHPEAUworld@@PEAUworld_position@@1@Z 0000000180017e9c     p5engine.obj
 0002:00000e9c       $unwind$?Hadamard@@YA?ATv3@@T1@0@Z 0000000180017e9c     p5engine.obj
 0002:00000e9c       $unwind$?RectCenterDim@@YA?AUrectangle2@@Tv2@@0@Z 0000000180017e9c     p5engine.obj
 0002:00000ea8       $unwind$?LengthSq@@YAMTv3@@@Z 0000000180017ea8     p5engine.obj
 0002:00000eb4       $unwind$?Length@@YAMTv3@@@Z 0000000180017eb4     p5engine.obj
 0002:00000eb4       $unwind$?MakeEntityNonSpatial@@YAXPEAUsim_entity@@@Z 0000000180017eb4     p5engine.obj
 0002:00000ec0       $unwind$?RectCenterHalfDim@@YA?AUrectangle2@@Tv2@@0@Z 0000000180017ec0     p5engine.obj
 0002:00000ed4       $unwind$?Intersect@@YA?AUrectangle2i@@U1@0@Z 0000000180017ed4     p5engine.obj
 0002:00000ee0       $unwind$?InvertedInfinityRectangle@@YA?AUrectangle2i@@XZ 0000000180017ee0     p5engine.obj
 0002:00000eec       $unwind$?Clear@@YAXPEAUrender_group@@Tv4@@@Z 0000000180017eec     p5engine.obj
 0002:00000eec       $unwind$?GetMaxCorner@@YA?ATv3@@Urectangle3@@@Z 0000000180017eec     p5engine.obj
 0002:00000eec       $unwind$?GetMinCorner@@YA?ATv3@@Urectangle3@@@Z 0000000180017eec     p5engine.obj
 0002:00000eec       $unwind$?NextChunk@@YA?AUriff_iterator@@U1@@Z 0000000180017eec     p5engine.obj
 0002:00000ef8       $unwind$?RectMinMax@@YA?AUrectangle3@@Tv3@@0@Z 0000000180017ef8     p5engine.obj
 0002:00000f0c       $unwind$?AddRadiusTo@@YA?AUrectangle3@@U1@Tv3@@@Z 0000000180017f0c     p5engine.obj
 0002:00000f0c       $unwind$?RectCenterHalfDim@@YA?AUrectangle3@@Tv3@@0@Z 0000000180017f0c     p5engine.obj
 0002:00000f20       $unwind$?RectCenterDim@@YA?AUrectangle3@@Tv3@@0@Z 0000000180017f20     p5engine.obj
 0002:00000f2c       $unwind$?AddFlags@@YAXPEAUsim_entity@@I@Z 0000000180017f2c     p5engine.obj
 0002:00000f2c       $unwind$?ClearFlags@@YAXPEAUsim_entity@@I@Z 0000000180017f2c     p5engine.obj
 0002:00000f34       $unwind$?MakeEntitySpatial@@YAXPEAUsim_entity@@Tv3@@1@Z 0000000180017f34     p5engine.obj
 0002:00000f40       $unwind$?GetEntityGroundPoint@@YA?ATv3@@PEAUsim_entity@@T1@@Z 0000000180017f40     p5engine.obj
 0002:00000f40       $unwind$?ParseChunkAt@@YA?AUriff_iterator@@PEAX0@Z 0000000180017f40     p5engine.obj
 0002:00000f4c       $unwind$?GetEntityGroundPoint@@YA?ATv3@@PEAUsim_entity@@@Z 0000000180017f4c     p5engine.obj
 0002:00000f58       $unwind$?GetStairGround@@YAMPEAUsim_entity@@Tv3@@@Z 0000000180017f58     p5engine.obj
 0002:00000f64       $unwind$?LoadBitmap@@YAXPEAUgame_assets@@Ubitmap_id@@@Z 0000000180017f64     p5engine.obj
 0002:00000f6c       $unwind$?LoadSound@@YAXPEAUgame_assets@@Usound_id@@@Z 0000000180017f6c     p5engine.obj
 0002:00000f74       $unwind$?AddCollisionRule@@YAXPEAUgame_state@@IIH@Z 0000000180017f74     p5engine.obj
 0002:00000f7c       $unwind$?ClearCollisionRulesFor@@YAXPEAUgame_state@@I@Z 0000000180017f7c     p5engine.obj
 0002:00000f84       $unwind$?BeginTaskWithMemory@@YAPEAUtask_with_memory@@PEAUtransient_state@@@Z 0000000180017f84     p5engine.obj
 0002:00000f90       $unwind$?EndTaskWithMemory@@YAXPEAUtask_with_memory@@@Z 0000000180017f90     p5engine.obj
 0002:00000f9c       $unwind$?DrawRectangle@@YAXPEAUloaded_bitmap@@Tv2@@1Tv4@@Urectangle2i@@H@Z 0000000180017f9c     p5engine.obj
 0002:00000fa8       $unwind$?DrawRectangleQuickly@@YAXPEAUloaded_bitmap@@Tv2@@11Tv4@@0MUrectangle2i@@H@Z 0000000180017fa8     p5engine.obj
 0002:00000fbc       $unwind$?RenderGroupToOutput@@YAXPEAUrender_group@@PEAUloaded_bitmap@@Urectangle2i@@H@Z 0000000180017fbc     p5engine.obj
 0002:00000fc8       $unwind$?DoTiledRenderWork@@YAXPEAUplatform_work_queue@@PEAX@Z 0000000180017fc8     p5engine.obj
 0002:00000fd4       $unwind$?RenderGroupToOutput@@YAXPEAUrender_group@@PEAUloaded_bitmap@@@Z 0000000180017fd4     p5engine.obj
 0002:00000fe8       $unwind$?TiledRenderGroupToOutput@@YAXPEAUplatform_work_queue@@PEAUrender_group@@PEAUloaded_bitmap@@@Z 0000000180017fe8     p5engine.obj
 0002:00000ffc       $unwind$?AllocateRenderGroup@@YAPEAUrender_group@@PEAUgame_assets@@PEAUmemory_arena@@I@Z 0000000180017ffc     p5engine.obj
 0002:00001008       $unwind$?InitializeWorld@@YAXPEAUworld@@Tv3@@@Z 0000000180018008     p5engine.obj
 0002:00001014       $unwind$?Subtract@@YA?ATv3@@PEAUworld@@PEAUworld_position@@1@Z 0000000180018014     p5engine.obj
 0002:00001028       $unwind$?ChangeEntityLocation@@YAXPEAUmemory_arena@@PEAUworld@@IPEAUlow_entity@@Uworld_position@@@Z 0000000180018028     p5engine.obj
 0002:00001034       $unwind$?GetHashFromStorageIndex@@YAPEAUsim_entity_hash@@PEAUsim_region@@I@Z 0000000180018034     p5engine.obj
 0002:0000103c       $unwind$?AddEntity@@YAPEAUsim_entity@@PEAUgame_state@@PEAUsim_region@@IPEAUlow_entity@@PEATv3@@@Z 000000018001803c     p5engine.obj
 0002:00001048       $unwind$?AddEntityRaw@@YAPEAUsim_entity@@PEAUgame_state@@PEAUsim_region@@IPEAUlow_entity@@@Z 0000000180018048     p5engine.obj
 0002:00001054       $unwind$?BeginSim@@YAPEAUsim_region@@PEAUmemory_arena@@PEAUgame_state@@PEAUworld@@Uworld_position@@Urectangle3@@M@Z 0000000180018054     p5engine.obj
 0002:00001068       $unwind$?EndSim@@YAXPEAUsim_region@@PEAUgame_state@@@Z 0000000180018068     p5engine.obj
 0002:00001074       $unwind$?CanCollide@@YAHPEAUgame_state@@PEAUsim_entity@@1@Z 0000000180018074     p5engine.obj
 0002:0000107c       $unwind$?HandleCollision@@YAHPEAUgame_state@@PEAUsim_entity@@1@Z 000000018001807c     p5engine.obj
 0002:00001084       $unwind$?CanOverlap@@YAHPEAUgame_state@@PEAUsim_entity@@1@Z 0000000180018084     p5engine.obj
 0002:0000108c       $unwind$?HandleOverlap@@YAXPEAUgame_state@@PEAUsim_entity@@1MPEAM@Z 000000018001808c     p5engine.obj
 0002:00001098       $unwind$?SpeculativeCollide@@YAHPEAUsim_entity@@0Tv3@@@Z 0000000180018098     p5engine.obj
 0002:000010a4       $unwind$?EntitiesOverlap@@YAHPEAUsim_entity@@0Tv3@@@Z 00000001800180a4     p5engine.obj
 0002:000010b0       $unwind$?MoveEntity@@YAXPEAUgame_state@@PEAUsim_region@@PEAUsim_entity@@MPEAUmove_spec@@Tv3@@@Z 00000001800180b0     p5engine.obj
 0002:000010c4       $unwind$?DEBUGLoadBMP@@YA?AUloaded_bitmap@@PEADTv2@@@Z 00000001800180c4     p5engine.obj
 0002:000010d8       $unwind$?DEBUGLoadWAV@@YA?AUloaded_sound@@PEAD@Z 00000001800180d8     p5engine.obj
 0002:000010ec       $unwind$?LoadBitmapWork@@YAXPEAUplatform_work_queue@@PEAX@Z 00000001800180ec     p5engine.obj
 0002:000010f8       $unwind$?LoadSoundWork@@YAXPEAUplatform_work_queue@@PEAX@Z 00000001800180f8     p5engine.obj
 0002:00001104       $unwind$?GetBestMatchAssetFrom@@YAIPEAUgame_assets@@W4asset_type_id@@PEAUasset_vector@@2@Z 0000000180018104     p5engine.obj
 0002:0000110c       $unwind$?GetRandomAssetFrom@@YAIPEAUgame_assets@@W4asset_type_id@@PEAUrandom_series@@@Z 000000018001810c     p5engine.obj
 0002:00001114       $unwind$?GetFirstAssetFrom@@YAIPEAUgame_assets@@W4asset_type_id@@@Z 0000000180018114     p5engine.obj
 0002:0000111c       $unwind$?GetBestMatchBitmapFrom@@YA?AUbitmap_id@@PEAUgame_assets@@W4asset_type_id@@PEAUasset_vector@@2@Z 000000018001811c     p5engine.obj
 0002:00001124       $unwind$?GetFirstBitmapFrom@@YA?AUbitmap_id@@PEAUgame_assets@@W4asset_type_id@@@Z 0000000180018124     p5engine.obj
 0002:0000112c       $unwind$?GetRandomBitmapFrom@@YA?AUbitmap_id@@PEAUgame_assets@@W4asset_type_id@@PEAUrandom_series@@@Z 000000018001812c     p5engine.obj
 0002:00001134       $unwind$?GetFirstSoundFrom@@YA?AUsound_id@@PEAUgame_assets@@W4asset_type_id@@@Z 0000000180018134     p5engine.obj
 0002:0000113c       $unwind$?GetRandomSoundFrom@@YA?AUsound_id@@PEAUgame_assets@@W4asset_type_id@@PEAUrandom_series@@@Z 000000018001813c     p5engine.obj
 0002:00001144       $unwind$?DEBUGAddBitmapInfo@@YA?AUbitmap_id@@PEAUgame_assets@@PEADTv2@@@Z 0000000180018144     p5engine.obj
 0002:0000114c       $unwind$?DEBUGAddSoundInfo@@YA?AUsound_id@@PEAUgame_assets@@PEAD@Z 000000018001814c     p5engine.obj
 0002:00001154       $unwind$?BeginAssetType@@YAXPEAUgame_assets@@W4asset_type_id@@@Z 0000000180018154     p5engine.obj
 0002:0000115c       $unwind$?AddBitmapAsset@@YAXPEAUgame_assets@@PEADTv2@@@Z 000000018001815c     p5engine.obj
 0002:00001164       $unwind$?AddSoundAsset@@YAXPEAUgame_assets@@PEAD@Z 0000000180018164     p5engine.obj
 0002:0000116c       $unwind$?AddTag@@YAXPEAUgame_assets@@W4asset_tag_id@@M@Z 000000018001816c     p5engine.obj
 0002:00001174       $unwind$?EndAssetType@@YAXPEAUgame_assets@@@Z 0000000180018174     p5engine.obj
 0002:0000117c       $unwind$?AllocateGameAssets@@YAPEAUgame_assets@@PEAUmemory_arena@@_KPEAUtransient_state@@@Z 000000018001817c     p5engine.obj
 0002:00001184       $unwind$?AddLowEntity@@YA?AUadd_low_entity_result@@PEAUgame_state@@W4entity_type@@Uworld_position@@@Z 0000000180018184     p5engine.obj
 0002:00001198       $unwind$?AddGroundedEntity@@YA?AUadd_low_entity_result@@PEAUgame_state@@W4entity_type@@Uworld_position@@PEAUsim_entity_collision_volume_group@@@Z 0000000180018198     p5engine.obj
 0002:000011a4       $unwind$?AddStandardRoom@@YA?AUadd_low_entity_result@@PEAUgame_state@@III@Z 00000001800181a4     p5engine.obj
 0002:000011b0       $unwind$?AddWall@@YA?AUadd_low_entity_result@@PEAUgame_state@@III@Z 00000001800181b0     p5engine.obj
 0002:000011bc       $unwind$?AddStairs@@YA?AUadd_low_entity_result@@PEAUgame_state@@III@Z 00000001800181bc     p5engine.obj
 0002:000011c8       $unwind$?InitHitPoints@@YAXPEAUlow_entity@@I@Z 00000001800181c8     p5engine.obj
 0002:000011d0       $unwind$?AddSword@@YA?AUadd_low_entity_result@@PEAUgame_state@@@Z 00000001800181d0     p5engine.obj
 0002:000011dc       $unwind$?AddPlayer@@YA?AUadd_low_entity_result@@PEAUgame_state@@@Z 00000001800181dc     p5engine.obj
 0002:000011e8       $unwind$?AddMonstar@@YA?AUadd_low_entity_result@@PEAUgame_state@@III@Z 00000001800181e8     p5engine.obj
 0002:000011f4       $unwind$?AddFamiliar@@YA?AUadd_low_entity_result@@PEAUgame_state@@III@Z 00000001800181f4     p5engine.obj
 0002:00001200       $unwind$?DrawHitpoints@@YAXPEAUsim_entity@@PEAUrender_group@@@Z 0000000180018200     p5engine.obj
 0002:00001214       $unwind$?MakeSimpleGroundedCollision@@YAPEAUsim_entity_collision_volume_group@@PEAUgame_state@@MMM@Z 0000000180018214     p5engine.obj
 0002:00001220       $unwind$?MakeNullCollision@@YAPEAUsim_entity_collision_volume_group@@PEAUgame_state@@@Z 0000000180018220     p5engine.obj
 0002:0000122c       $unwind$?FillGroundChunkWork@@YAXPEAUplatform_work_queue@@PEAX@Z 000000018001822c     p5engine.obj
 0002:00001234       $unwind$?FillGroundChunk@@YAXPEAUtransient_state@@PEAUgame_state@@PEAUground_buffer@@PEAUworld_position@@@Z 0000000180018234     p5engine.obj
 0002:00001248       $unwind$?ClearBitmap@@YAXPEAUloaded_bitmap@@@Z 0000000180018248     p5engine.obj
 0002:00001250       $unwind$?MakeEmptyBitmap@@YA?AUloaded_bitmap@@PEAUmemory_arena@@HHH@Z 0000000180018250     p5engine.obj
 0002:00001264       $unwind$?MakeSphereDiffuseMap@@YAXPEAUloaded_bitmap@@MM@Z 0000000180018264     p5engine.obj
 0002:00001270       $unwind$?MakeSphereNormalMap@@YAXPEAUloaded_bitmap@@MMM@Z 0000000180018270     p5engine.obj
 0002:0000127c       $unwind$?PlaySound@@YAPEAUplaying_sound@@PEAUgame_state@@Usound_id@@@Z 000000018001827c     p5engine.obj
 0002:00001284       $unwind$GameUpdateAndRender 0000000180018284     p5engine.obj
 0002:00001298       $unwind$GameGetSoundSamples 0000000180018298     p5engine.obj
 0002:000012a4       $unwind$?Linear1ToSRGB255@@YA?ATv4@@T1@@Z 00000001800182a4     p5engine.obj
 0002:000012a4       $unwind$?SRGB255ToLinear1@@YA?ATv4@@T1@@Z 00000001800182a4     p5engine.obj
 0002:000012b8       $unwind$?GetRenderEntityBasisPos@@YA?AUentity_basis_p_result@@PEAUrender_transform@@Tv3@@@Z 00000001800182b8     p5engine.obj
 0002:000012cc       $unwind$?PushBitmap@@YAXPEAUrender_group@@PEAUloaded_bitmap@@Tv3@@MTv4@@@Z 00000001800182cc     p5engine.obj
 0002:000012d8       $unwind$?PushBitmap@@YAXPEAUrender_group@@Ubitmap_id@@Tv3@@MTv4@@@Z 00000001800182d8     p5engine.obj
 0002:000012e4       $unwind$?PushRect@@YAXPEAUrender_group@@Tv3@@Tv2@@Tv4@@@Z 00000001800182e4     p5engine.obj
 0002:000012f0       $unwind$?PushRectOutline@@YAXPEAUrender_group@@Tv3@@Tv2@@Tv4@@@Z 00000001800182f0     p5engine.obj
 0002:000012fc       $unwind$?Orthographic@@YAXPEAUrender_group@@HHM@Z 00000001800182fc     p5engine.obj
 0002:000012fc       $unwind$?Perspective@@YAXPEAUrender_group@@HHMMM@Z 00000001800182fc     p5engine.obj
 0002:00001304       $unwind$?RecanonicalizeCoord@@YAXMPEAHPEAM@Z 0000000180018304     p5engine.obj
 0002:00001304       $unwind$?Unproject@@YA?ATv2@@PEAUrender_group@@T1@M@Z 0000000180018304     p5engine.obj
 0002:0000130c       $unwind$?GetCameraRectangleAtTarget@@YA?AUrectangle2@@PEAUrender_group@@@Z 000000018001830c     p5engine.obj
 0002:00001318       $unwind$?NullPosition@@YA?AUworld_position@@XZ 0000000180018318     p5engine.obj
 0002:0000132c       $unwind$?GetWorldChunk@@YAPEAUworld_chunk@@PEAUworld@@HHHPEAUmemory_arena@@@Z 000000018001832c     p5engine.obj
 0002:0000132c       $unwind$__scrt_dllmain_exception_filter 000000018001832c     MSVCRTD:utility.obj
 0002:00001334       $unwind$?MapIntoChunkSpace@@YA?AUworld_position@@PEAUworld@@U1@Tv3@@@Z 0000000180018334     p5engine.obj
 0002:00001348       $unwind$?ChunkPositionFromTilePosition@@YA?AUworld_position@@PEAUworld@@HHHTv3@@@Z 0000000180018348     p5engine.obj
 0002:0000135c       $unwind$?CenteredChunkPoint@@YA?AUworld_position@@III@Z 000000018001835c     p5engine.obj
 0002:00001370       $unwind$?ChangeEntityLocationRaw@@YAXPEAUmemory_arena@@PEAUworld@@IPEAUworld_position@@2@Z 0000000180018370     p5engine.obj
 0002:0000137c       $unwind$?GetSimSpacePos@@YA?ATv3@@PEAUsim_region@@PEAUlow_entity@@@Z 000000018001837c     p5engine.obj
 0002:00001388       $unwind$?LoadEntityReference@@YAXPEAUgame_state@@PEAUsim_region@@PEATentity_reference@@@Z 0000000180018388     p5engine.obj
 0002:0000139c       $unwind$?EntityOverlapsRectangle@@YAHTv3@@Usim_entity_collision_volume@@Urectangle3@@@Z 000000018001839c     p5engine.obj
 0002:000013a8       $unwind$?DefaultMoveSpec@@YA?AUmove_spec@@XZ 00000001800183a8     p5engine.obj
 0002:000013bc       $unwind$__GSHandlerCheckCommon 00000001800183bc     MSVCRTD:gshandler.obj
 0002:000013c8       $xdatasym                  00000001800183c8     MSVCRTD:chkstk.obj
 0002:000013d0       $xdatasym                  00000001800183d0     MSVCRTD:amdsecgs.obj
 0002:000013d4       $unwind$?dllmain_crt_process_attach@@YAHQEAUHINSTANCE__@@QEAX@Z 00000001800183d4     MSVCRTD:dll_dllmain.obj
 0002:000013f4       $unwind$?fin$0@?0??dllmain_crt_process_attach@@YAHQEAUHINSTANCE__@@QEAX@Z@4HA 00000001800183f4     MSVCRTD:dll_dllmain.obj
 0002:000013f4       $unwind$?fin$0@?0??dllmain_crt_process_detach@@YAH_N@Z@4HA 00000001800183f4     MSVCRTD:dll_dllmain.obj
 0002:000013f4       $unwind$?fin$1@?0??dllmain_crt_process_detach@@YAH_N@Z@4HA 00000001800183f4     MSVCRTD:dll_dllmain.obj
 0002:000013f4       $unwind$__scrt_is_nonwritable_in_current_image$filt$0 00000001800183f4     MSVCRTD:utility.obj
 0002:000013fc       $unwind$?dllmain_crt_process_detach@@YAH_N@Z 00000001800183fc     MSVCRTD:dll_dllmain.obj
 0002:0000142c       $unwind$?dllmain_dispatch@@YAHQEAUHINSTANCE__@@KQEAX@Z 000000018001842c     MSVCRTD:dll_dllmain.obj
 0002:0000144c       $unwind$?filt$0@?0??dllmain_dispatch@@YAHQEAUHINSTANCE__@@KQEAX@Z@4HA 000000018001844c     MSVCRTD:dll_dllmain.obj
 0002:00001454       $unwind$_DllMainCRTStartup 0000000180018454     MSVCRTD:dll_dllmain.obj
 0002:00001454       $unwind$DllMain            0000000180018454     MSVCRTD:dll_dllmain_stub.obj
 0002:0000145c       $unwind$capture_previous_context 000000018001845c     MSVCRTD:gs_report.obj
 0002:00001464       $unwind$__scrt_initialize_default_local_stdio_options 0000000180018464     MSVCRTD:default_local_stdio_options.obj
 0002:00001464       $unwind$__security_init_cookie 0000000180018464     MSVCRTD:gs_support.obj
 0002:0000146c       $unwind$__get_entropy      000000018001846c     MSVCRTD:gs_support.obj
 0002:00001474       $unwind$?__scrt_initialize_type_info@@YAXXZ 0000000180018474     MSVCRTD:tncleanup.obj
 0002:00001474       $unwind$?__scrt_uninitialize_type_info@@YAXXZ 0000000180018474     MSVCRTD:tncleanup.obj
 0002:00001474       $unwind$?configure_argv@__scrt_narrow_argv_policy@@SAHXZ 0000000180018474     MSVCRTD:utility.obj
 0002:00001474       $unwind$?initialize_environment@__scrt_narrow_environment_policy@@SAHXZ 0000000180018474     MSVCRTD:utility.obj
 0002:00001474       $unwind$__scrt_dllmain_after_initialize_c 0000000180018474     MSVCRTD:utility.obj
 0002:00001474       $unwind$__scrt_dllmain_before_initialize_c 0000000180018474     MSVCRTD:utility.obj
 0002:00001474       $unwind$__scrt_dllmain_crt_thread_attach 0000000180018474     MSVCRTD:utility.obj
 0002:00001474       $unwind$__scrt_dllmain_crt_thread_detach 0000000180018474     MSVCRTD:utility.obj
 0002:00001474       $unwind$__scrt_dllmain_uninitialize_c 0000000180018474     MSVCRTD:utility.obj
 0002:00001474       $unwind$__scrt_dllmain_uninitialize_critical 0000000180018474     MSVCRTD:utility.obj
 0002:0000147c       $unwind$__scrt_is_nonwritable_in_current_image 000000018001847c     MSVCRTD:utility.obj
 0002:0000149c       $unwind$__scrt_acquire_startup_lock 000000018001849c     MSVCRTD:utility.obj
 0002:000014a4       $unwind$__scrt_initialize_crt 00000001800184a4     MSVCRTD:utility.obj
 0002:000014a4       $unwind$__scrt_release_startup_lock 00000001800184a4     MSVCRTD:utility.obj
 0002:000014ac       $unwind$__scrt_uninitialize_crt 00000001800184ac     MSVCRTD:utility.obj
 0002:000014b4       $unwind$__scrt_initialize_onexit_tables 00000001800184b4     MSVCRTD:utility.obj
 0002:000014c0       $unwind$__scrt_fastfail    00000001800184c0     MSVCRTD:utility_desktop.obj
 0002:000014cc       $unwind$_RTC_Initialize    00000001800184cc     MSVCRTD:initsect.obj
 0002:000014cc       $unwind$_RTC_Terminate     00000001800184cc     MSVCRTD:initsect.obj
 0002:000014d8       $unwind$__isa_available_init 00000001800184d8     MSVCRTD:cpu_disp.obj
 0002:000014e8       $unwind$__scrt_is_ucrt_dll_in_use 00000001800184e8     MSVCRTD:ucrt_detection.obj
 0002:000014f0       $xdatasym                  00000001800184f0     MSVCRTD:guard_dispatch.obj
 0002:000014f8       $xdatasym                  00000001800184f8     MSVCRTD:guard_xfg_dispatch.obj
 0002:00001500       .edata                     0000000180018500     P5Engine.exp
 0002:00001528       rgpv                       0000000180018528     P5Engine.exp
 0002:00001530       rgszName                   0000000180018530     P5Engine.exp
 0002:00001538       rgwOrd                     0000000180018538     P5Engine.exp
 0002:0000153c       szName                     000000018001853c     P5Engine.exp
 0002:00001549       $N00001                    0000000180018549     P5Engine.exp
 0002:0000155d       $N00002                    000000018001855d     P5Engine.exp
 0002:00001710       .idata$6                   0000000180018710     vcruntimed:VCRUNTIME140D.dll
 0002:000017fc       .idata$6                   00000001800187fc     ucrtd:ucrtbased.dll
 0002:00001970       .idata$6                   0000000180018970     kernel32:KERNEL32.dll
 0003:00000000       ?RandomNumberTable@@3PAIA  0000000180019000     p5engine.obj
 0003:00004048       ?PlatformAddEntry@@3P6AXPEAUplatform_work_queue@@P6AX0PEAX@Z1@ZEA 000000018001d048     p5engine.obj
 0003:00004050       ?PlatformCompleteAllWork@@3P6AXPEAUplatform_work_queue@@@ZEA 000000018001d050     p5engine.obj
 0003:00004058       ?PlatformReadEntireFile@@3P6A?AUdebug_read_file_result@@PEAD@ZEA 000000018001d058     p5engine.obj
 0003:00004060       ?__proc_attached@@3HA      000000018001d060     MSVCRTD:dll_dllmain.obj
 0003:00004070       GS_ExceptionRecord         000000018001d070     MSVCRTD:gs_report.obj
 0003:00004110       GS_ContextRecord           000000018001d110     MSVCRTD:gs_report.obj
 0003:00004610       ?is_initialized_as_dll@@3_NA 000000018001d610     MSVCRTD:utility.obj
 0003:00004611       ?module_local_atexit_table_initialized@@3_NA 000000018001d611     MSVCRTD:utility.obj
 0003:00004618       ?module_local_atexit_table@@3U_onexit_table_t@@A 000000018001d618     MSVCRTD:utility.obj
 0003:00004630       ?module_local_at_quick_exit_table@@3U_onexit_table_t@@A 000000018001d630     MSVCRTD:utility.obj
 0005:00000000       __20BB4341_malloc@h        000000018001f000     p5engine.obj
 0005:00000001       __7D4BEAAE_p5engine_platform@h 000000018001f001     p5engine.obj
 0005:00000002       __741AE07E_corecrt_math@h  000000018001f002     p5engine.obj
 0005:00000003       __7BF3FA8A_p5engine_intrinsics@h 000000018001f003     p5engine.obj
 0005:00000004       __87290AA6_p5engine_math@h 000000018001f004     p5engine.obj
 0005:00000005       __B7A387D6_p5engine_random@h 000000018001f005     p5engine.obj
 0005:00000006       __F17FF173_p5engine_entity@h 000000018001f006     p5engine.obj
 0005:00000007       __72A74871_p5engine_asset@h 000000018001f007     p5engine.obj
 0005:00000008       __BD87FD4A_p5engine@h      000000018001f008     p5engine.obj
 0005:00000009       __6F2BF339_p5engine_render_group@cpp 000000018001f009     p5engine.obj
 0005:0000000a       __281AC6F8_p5engine_world@cpp 000000018001f00a     p5engine.obj
 0005:0000000b       __B07C4A52_p5engine_sim_region@cpp 000000018001f00b     p5engine.obj
 0005:0000000c       __BDC7FEEB_p5engine_entity@cpp 000000018001f00c     p5engine.obj
 0005:0000000d       __3D4C1499_p5engine_asset@cpp 000000018001f00d     p5engine.obj
 0005:0000000e       __BAF57382_p5engine@cpp    000000018001f00e     p5engine.obj
 0006:00000060       $R000000                   0000000180020060     * linker generated manifest res *
