 P5Engine

 Timestamp is 6157db10 (Fri Oct  1 21:07:44 2021)

 Preferred load address is 0000000180000000

 Start         Length     Name                   Class
 0001:00000000 00010000H .textbss                DATA
 0002:00000000 00018160H .text$mn                CODE
 0002:00018160 00001040H .text$mn$00             CODE
 0002:000191a0 00001141H .text$x                 CODE
 0003:00000000 00000110H .CRT$XCA                DATA
 0003:00000110 00000110H .CRT$XCZ                DATA
 0003:00000220 00000110H .CRT$XIA                DATA
 0003:00000330 00000110H .CRT$XIZ                DATA
 0003:00000440 00000110H .CRT$XPA                DATA
 0003:00000550 00000110H .CRT$XPZ                DATA
 0003:00000660 00000110H .CRT$XTA                DATA
 0003:00000770 00000110H .CRT$XTZ                DATA
 0003:00000880 00004d00H .rdata                  DATA
 0003:00005580 00000110H .rdata$CastGuardVftablesA DATA
 0003:00005690 0000010cH .rdata$CastGuardVftablesC DATA
 0003:0000579c 0000017cH .rdata$zzzdbg           DATA
 0003:00005918 00000110H .rtc$IAA                DATA
 0003:00005a28 00000110H .rtc$IMZ                DATA
 0003:00005b38 00000110H .rtc$IZZ                DATA
 0003:00005c48 00000110H .rtc$TAA                DATA
 0003:00005d58 00000110H .rtc$TMZ                DATA
 0003:00005e68 00000110H .rtc$TZZ                DATA
 0003:00005f78 000013e8H .xdata                  DATA
 0003:00007360 00000187H .edata                  DATA
 0004:00000000 00004e40H .data                   DATA
 0004:00004e40 00000788H .bss                    DATA
 0005:00000000 000027d8H .pdata                  DATA
 0006:00000000 00000350H .idata$5                DATA
 0006:00000350 0000003cH .idata$2                DATA
 0006:0000038c 00000014H .idata$3                DATA
 0006:000003a0 00000350H .idata$4                DATA
 0006:000006f0 0000066aH .idata$6                DATA
 0007:00000000 0000010fH .msvcjmc                DATA
 0008:00000000 00000151H .00cfg                  DATA
 0009:00000000 00000170H .rsrc$01                DATA
 0009:00000170 000001b6H .rsrc$02                DATA

  Address         Publics by Value              Rva+Base               Lib:Object

 0000:00000000       __guard_iat_table          0000000000000000     <absolute>
 0000:00000000       __x64_code_ranges_to_entry_points_count 0000000000000000     <absolute>
 0000:00000000       ___safe_se_handler_table   0000000000000000     <absolute>
 0000:00000000       __guard_iat_count          0000000000000000     <absolute>
 0000:00000000       __guard_eh_cont_count      0000000000000000     <absolute>
 0000:00000000       __guard_longjmp_table      0000000000000000     <absolute>
 0000:00000000       __x64_code_ranges_to_entry_points 0000000000000000     <absolute>
 0000:00000000       __arm64x_redirection_metadata_count 0000000000000000     <absolute>
 0000:00000000       __hybrid_auxiliary_iat_copy 0000000000000000     <absolute>
 0000:00000000       __hybrid_auxiliary_iat     0000000000000000     <absolute>
 0000:00000000       __arm64x_redirection_metadata 0000000000000000     <absolute>
 0000:00000000       __hybrid_code_map_count    0000000000000000     <absolute>
 0000:00000000       __guard_fids_count         0000000000000000     <absolute>
 0000:00000000       __enclave_config           0000000000000000     <absolute>
 0000:00000000       __arm64x_extra_rfe_table   0000000000000000     <absolute>
 0000:00000000       __hybrid_code_map          0000000000000000     <absolute>
 0000:00000000       __AbsoluteZero             0000000000000000     <absolute>
 0000:00000000       __guard_fids_table         0000000000000000     <absolute>
 0000:00000000       __volatile_metadata        0000000000000000     <absolute>
 0000:00000000       __arm64x_extra_rfe_table_size 0000000000000000     <absolute>
 0000:00000000       __arm64x_native_entrypoint 0000000000000000     <absolute>
 0000:00000000       __guard_check_icall_a64n_fptr 0000000000000000     <absolute>
 0000:00000000       __guard_eh_cont_table      0000000000000000     <absolute>
 0000:00000000       ___safe_se_handler_count   0000000000000000     <absolute>
 0000:00000000       __dynamic_value_reloc_table 0000000000000000     <absolute>
 0000:00000000       __guard_longjmp_count      0000000000000000     <absolute>
 0000:00000100       __guard_flags              0000000000000100     <absolute>
 0000:00000000       __ImageBase                0000000180000000     <linker-defined>
 0001:00000000       __enc$textbss$begin        0000000180001000     <linker-defined>
 0001:00010000       __enc$textbss$end          0000000180011000     <linker-defined>
 0002:00000a50       ??D@YA?ATv2@@MT0@@Z        0000000180011a50 f i p5engine.obj
 0002:00000b40       ??D@YA?ATv3@@MT0@@Z        0000000180011b40 f i p5engine.obj
 0002:00000c80       ??D@YA?ATv3@@T0@M@Z        0000000180011c80 f i p5engine.obj
 0002:00000d80       ??G@YA?ATv2@@T0@0@Z        0000000180011d80 f i p5engine.obj
 0002:00000e70       ??G@YA?ATv2@@T0@@Z         0000000180011e70 f i p5engine.obj
 0002:00000f60       ??G@YA?ATv3@@T0@0@Z        0000000180011f60 f i p5engine.obj
 0002:000010b0       ??H@YA?ATv2@@T0@0@Z        00000001800120b0 f i p5engine.obj
 0002:000011a0       ??H@YA?ATv3@@T0@0@Z        00000001800121a0 f i p5engine.obj
 0002:000012f0       ??X@YAAEATv3@@AEAT0@M@Z    00000001800122f0 f i p5engine.obj
 0002:000013b0       ??Y@YAAEATv2@@AEAT0@T0@@Z  00000001800123b0 f i p5engine.obj
 0002:00001430       ??Y@YAAEATv3@@AEAT0@T0@@Z  0000000180012430 f i p5engine.obj
 0002:00001510       ??Z@YAAEATv3@@AEAT0@T0@@Z  0000000180012510 f i p5engine.obj
 0002:000015f0       ?AbsoluteValue@@YAMM@Z     00000001800125f0 f i p5engine.obj
 0002:00001df0       ?AddFlags@@YAXPEAUsim_entity@@I@Z 0000000180012df0 f i p5engine.obj
 0002:000025b0       ?AddRadiusTo@@YA?AUrectangle3@@U1@Tv3@@@Z 00000001800135b0 f i p5engine.obj
 0002:00003060       ?AreInSameChunk@@YAHPEAUworld@@PEAUworld_position@@1@Z 0000000180014060 f i p5engine.obj
 0002:000039e0       ?BeginTemporaryMemory@@YA?AUtemporary_memory@@PEAUmemory_arena@@@Z 00000001800149e0 f i p5engine.obj
 0002:00003d60       ?CeilReal32ToInt32@@YAHM@Z 0000000180014d60 f i p5engine.obj
 0002:00003dc0       ?CenteredChunkPoint@@YA?AUworld_position@@III@Z 0000000180014dc0 f i p5engine.obj
 0002:000040b0       ?ChangeEntityLocationRaw@@YAXPEAUmemory_arena@@PEAUworld@@IPEAUworld_position@@2@Z 00000001800150b0 f i p5engine.obj
 0002:000045b0       ?CheckArena@@YAXPEAUmemory_arena@@@Z 00000001800155b0 f i p5engine.obj
 0002:00004610       ?ChunkPositionFromTilePosition@@YA?AUworld_position@@PEAUworld@@HHHTv3@@@Z 0000000180015610 f i p5engine.obj
 0002:00004980       ?Clamp01@@YA?ATv2@@T1@@Z   0000000180015980 f i p5engine.obj
 0002:00004a60       ?Clamp01@@YAMM@Z           0000000180015a60 f i p5engine.obj
 0002:00004ac0       ?Clamp@@YAMMMM@Z           0000000180015ac0 f i p5engine.obj
 0002:00004b60       ?Clear@@YAXPEAUrender_group@@Tv4@@@Z 0000000180015b60 f i p5engine.obj
 0002:00004da0       ?ClearFlags@@YAXPEAUsim_entity@@I@Z 0000000180015da0 f i p5engine.obj
 0002:00004e00       ?CoordinateSystem@@YAPEAUrender_entry_coordinate_system@@PEAUrender_group@@Tv2@@11Tv4@@@Z 0000000180015e00 f i p5engine.obj
 0002:00004ed0       ?Cos@@YAMM@Z               0000000180015ed0 f i p5engine.obj
 0002:000054d0       ?DefaultMoveSpec@@YA?AUmove_spec@@XZ 00000001800164d0 f i p5engine.obj
 0002:00006c60       ?EndTemporaryMemory@@YAXUtemporary_memory@@@Z 0000000180017c60 f i p5engine.obj
 0002:00007140       ?EntityOverlapsRectangle@@YAHTv3@@Usim_entity_collision_volume@@Urectangle3@@@Z 0000000180018140 f i p5engine.obj
 0002:00007c30       ?FindLeastSignificantSetBit@@YA?AUbit_scan_result@@I@Z 0000000180018c30 f i p5engine.obj
 0002:00007d00       ?FloorReal32ToInt32@@YAHM@Z 0000000180018d00 f i p5engine.obj
 0002:00007e50       ?GetBarycentric@@YA?ATv2@@Urectangle2@@T1@@Z 0000000180018e50 f i p5engine.obj
 0002:00007f90       ?GetEntityGroundPoint@@YA?ATv3@@PEAUsim_entity@@@Z 0000000180018f90 f i p5engine.obj
 0002:00008090       ?GetEntityGroundPoint@@YA?ATv3@@PEAUsim_entity@@T1@@Z 0000000180019090 f i p5engine.obj
 0002:00008260       ?GetLowEntity@@YAPEAUlow_entity@@PEAUgame_state@@I@Z 0000000180019260 f i p5engine.obj
 0002:00008300       ?GetMaxCorner@@YA?ATv3@@Urectangle3@@@Z 0000000180019300 f i p5engine.obj
 0002:000083c0       ?GetMinCorner@@YA?ATv3@@Urectangle3@@@Z 00000001800193c0 f i p5engine.obj
 0002:00008480       ?GetRenderEntityBasisPos@@YA?ATv2@@PEAUrender_group@@PEAUrender_entity_basis@@T1@@Z 0000000180019480 f i p5engine.obj
 0002:00008670       ?GetSimSpacePos@@YA?ATv3@@PEAUsim_region@@PEAUlow_entity@@@Z 0000000180019670 f i p5engine.obj
 0002:000087f0       ?GetStairGround@@YAMPEAUsim_entity@@Tv3@@@Z 00000001800197f0 f i p5engine.obj
 0002:00008960       ?GetWorldChunk@@YAPEAUworld_chunk@@PEAUworld@@HHHPEAUmemory_arena@@@Z 0000000180019960 f i p5engine.obj
 0002:00008be0       ?Hadamard@@YA?ATv3@@T1@0@Z 0000000180019be0 f i p5engine.obj
 0002:00008f30       ?HasFlag@@YAHPEAUsim_entity@@I@Z 0000000180019f30 f i p5engine.obj
 0002:00009050       ?InitializeArena@@YAXPEAUmemory_arena@@_KPEAX@Z 000000018001a050 f i p5engine.obj
 0002:000091b0       ?Inner@@YAMTv2@@0@Z        000000018001a1b0 f i p5engine.obj
 0002:00009230       ?Inner@@YAMTv3@@0@Z        000000018001a230 f i p5engine.obj
 0002:000092e0       ?IsCanonical@@YAHMM@Z      000000018001a2e0 f i p5engine.obj
 0002:000093b0       ?IsCanonical@@YAHPEAUworld@@Tv3@@@Z 000000018001a3b0 f i p5engine.obj
 0002:00009490       ?IsInRectangle@@YAHUrectangle3@@Tv3@@@Z 000000018001a490 f i p5engine.obj
 0002:000095b0       ?IsValid@@YAHUworld_position@@@Z 000000018001a5b0 f i p5engine.obj
 0002:00009620       ?Length@@YAMTv3@@@Z        000000018001a620 f i p5engine.obj
 0002:000096a0       ?LengthSq@@YAMTv2@@@Z      000000018001a6a0 f i p5engine.obj
 0002:00009700       ?LengthSq@@YAMTv3@@@Z      000000018001a700 f i p5engine.obj
 0002:000097a0       ?LoadEntityReference@@YAXPEAUgame_state@@PEAUsim_region@@PEATentity_reference@@@Z 000000018001a7a0 f i p5engine.obj
 0002:00009a90       ?MakeEntityNonSpatial@@YAXPEAUsim_entity@@@Z 000000018001aa90 f i p5engine.obj
 0002:00009b50       ?MakeEntitySpatial@@YAXPEAUsim_entity@@Tv3@@1@Z 000000018001ab50 f i p5engine.obj
 0002:00009eb0       ?MapIntoChunkSpace@@YA?AUworld_position@@PEAUworld@@U1@Tv3@@@Z 000000018001aeb0 f i p5engine.obj
 0002:0000c070       ?NullPosition@@YA?AUworld_position@@XZ 000000018001d070 f i p5engine.obj
 0002:0000c150       ?PushBitmap@@YAXPEAUrender_group@@PEAUloaded_bitmap@@Tv2@@M2MM@Z 000000018001d150 f i p5engine.obj
 0002:0000c2d0       ?PushEntry@@YAXPEAUrender_group@@PEAUloaded_bitmap@@Tv2@@2M2Tv4@@M@Z 000000018001d2d0 f i p5engine.obj
 0002:0000c490       ?PushRect@@YAXPEAUrender_group@@Tv2@@M1Tv4@@M@Z 000000018001d490 f i p5engine.obj
 0002:0000c6d0       ?PushRectOutline@@YAXPEAUrender_group@@Tv2@@M1Tv4@@M@Z 000000018001d6d0 f i p5engine.obj
 0002:0000ca70       ?PushRenderElement_@@YAPEAUrender_group_entry_header@@PEAUrender_group@@IW4render_group_entry_type@@@Z 000000018001da70 f i p5engine.obj
 0002:0000cb50       ?PushSize_@@YAPEAXPEAUmemory_arena@@_K@Z 000000018001db50 f i p5engine.obj
 0002:0000cc10       ?RandomChoice@@YAIPEAUrandom_series@@I@Z 000000018001dc10 f i p5engine.obj
 0002:0000cc70       ?RandomNextUInt32@@YAIPEAUrandom_series@@@Z 000000018001dc70 f i p5engine.obj
 0002:0000cd10       ?RandomSeed@@YA?AUrandom_series@@I@Z 000000018001dd10 f i p5engine.obj
 0002:0000cde0       ?RandomUnilateral@@YAMPEAUrandom_series@@@Z 000000018001dde0 f i p5engine.obj
 0002:0000ce60       ?RecanonicalizeCoord@@YAXMPEAHPEAM@Z 000000018001de60 f i p5engine.obj
 0002:0000cf50       ?RectCenterDim@@YA?AUrectangle2@@Tv2@@0@Z 000000018001df50 f i p5engine.obj
 0002:0000d050       ?RectCenterDim@@YA?AUrectangle3@@Tv3@@0@Z 000000018001e050 f i p5engine.obj
 0002:0000d1c0       ?RectCenterHalfDim@@YA?AUrectangle2@@Tv2@@0@Z 000000018001e1c0 f i p5engine.obj
 0002:0000d300       ?RectCenterHalfDim@@YA?AUrectangle3@@Tv3@@0@Z 000000018001e300 f i p5engine.obj
 0002:0000d510       ?RectanglesIntersect@@YAHUrectangle3@@0@Z 000000018001e510 f i p5engine.obj
 0002:0000dd90       ?RoundReal32ToInt32@@YAHM@Z 000000018001ed90 f i p5engine.obj
 0002:0000ddf0       ?RoundReal32ToUInt32@@YAIM@Z 000000018001edf0 f i p5engine.obj
 0002:0000de50       ?Sin@@YAMM@Z               000000018001ee50 f i p5engine.obj
 0002:0000e030       ?Square@@YAMM@Z            000000018001f030 f i p5engine.obj
 0002:0000e090       ?SquareRoot@@YAMM@Z        000000018001f090 f i p5engine.obj
 0002:0000e0f0       ?StoreEntityReference@@YAXPEATentity_reference@@@Z 000000018001f0f0 f i p5engine.obj
 0002:0000e470       ?V2@@YA?ATv2@@MM@Z         000000018001f470 f i p5engine.obj
 0002:0000e540       ?V2i@@YA?ATv2@@HH@Z        000000018001f540 f i p5engine.obj
 0002:0000e5f0       ?V3@@YA?ATv3@@MMM@Z        000000018001f5f0 f i p5engine.obj
 0002:0000e710       ?V4@@YA?ATv4@@MMMM@Z       000000018001f710 f i p5engine.obj
 0002:0000e840       ?ZeroSize@@YAX_KPEAX@Z     000000018001f840 f i p5engine.obj
 0002:0000e8e0       GameGetSoundSamples        000000018001f8e0 f   p5engine.obj
 0002:0000e950       GameUpdateAndRender        000000018001f950 f   p5engine.obj
 0002:00012aa0       GetController              0000000180023aa0 f i p5engine.obj
 0002:00012b20       __JustMyCode_Default       0000000180023b20 f i p5engine.obj
 0002:00012b30       _RTC_AllocaHelper          0000000180023b30 f   MSVCRTD:stack.obj
 0002:00012b80       _RTC_CheckStackVars        0000000180023b80 f   MSVCRTD:stack.obj
 0002:00012c30       _RTC_CheckStackVars2       0000000180023c30 f   MSVCRTD:stack.obj
 0002:00012d80       _CRT_RTC_INIT              0000000180023d80 f   MSVCRTD:init.obj
 0002:00012d90       _CRT_RTC_INITW             0000000180023d90 f   MSVCRTD:init.obj
 0002:00012da0       _RTC_InitBase              0000000180023da0 f   MSVCRTD:init.obj
 0002:00012df0       _RTC_Shutdown              0000000180023df0 f   MSVCRTD:init.obj
 0002:00012e20       __CheckForDebuggerJustMyCode 0000000180023e20 f   MSVCRTD:debugger_jmc.obj
 0002:00012e70       __GSHandlerCheck           0000000180023e70 f   MSVCRTD:gshandler.obj
 0002:00012ec0       __GSHandlerCheckCommon     0000000180023ec0 f   MSVCRTD:gshandler.obj
 0002:00013010       _alloca_probe              0000000180024010 f   MSVCRTD:chkstk.obj
 0002:00013010       __chkstk                   0000000180024010 f   MSVCRTD:chkstk.obj
 0002:00013090       __security_check_cookie    0000000180024090 f   MSVCRTD:amdsecgs.obj
 0002:000135c0       _CRT_INIT                  00000001800245c0 f   MSVCRTD:dll_dllmain.obj
 0002:00013600       _DllMainCRTStartup         0000000180024600 f   MSVCRTD:dll_dllmain.obj
 0002:00013700       ?_RTC_AllocaFailure@@YAXPEAXPEAU_RTC_ALLOCA_NODE@@H@Z 0000000180024700 f   MSVCRTD:error.obj
 0002:000138b0       ?_RTC_Failure@@YAXPEAXH@Z  00000001800248b0 f   MSVCRTD:error.obj
 0002:00013920       ?_RTC_StackFailure@@YAXPEAXPEBD@Z 0000000180024920 f   MSVCRTD:error.obj
 0002:00013e60       _RTC_UninitUse             0000000180024e60 f   MSVCRTD:error.obj
 0002:00013f60       __local_stdio_printf_options 0000000180024f60 f i MSVCRTD:error.obj
 0002:00013f70       _vsprintf_s_l              0000000180024f70 f i MSVCRTD:error.obj
 0002:00013ff0       sprintf_s                  0000000180024ff0 f i MSVCRTD:error.obj
 0002:00014020       ?_RTC_GetErrorFunc@@YAP6AHHPEBDH00ZZPEBX@Z 0000000180025020 f   MSVCRTD:userapi.obj
 0002:00014030       ?_RTC_GetErrorFuncW@@YAP6AHHPEB_WH00ZZPEBX@Z 0000000180025030 f   MSVCRTD:userapi.obj
 0002:00014040       _RTC_GetErrDesc            0000000180025040 f   MSVCRTD:userapi.obj
 0002:00014060       _RTC_NumErrors             0000000180025060 f   MSVCRTD:userapi.obj
 0002:00014070       _RTC_SetErrorFunc          0000000180025070 f   MSVCRTD:userapi.obj
 0002:00014090       _RTC_SetErrorFuncW         0000000180025090 f   MSVCRTD:userapi.obj
 0002:000140b0       _RTC_SetErrorType          00000001800250b0 f   MSVCRTD:userapi.obj
 0002:000140e0       __raise_securityfailure    00000001800250e0 f   MSVCRTD:gs_report.obj
 0002:00014130       __report_gsfailure         0000000180025130 f   MSVCRTD:gs_report.obj
 0002:00014240       __report_rangecheckfailure 0000000180025240 f   MSVCRTD:gs_report.obj
 0002:00014260       __report_securityfailure   0000000180025260 f   MSVCRTD:gs_report.obj
 0002:00014330       __report_securityfailureEx 0000000180025330 f   MSVCRTD:gs_report.obj
 0002:00014720       __security_init_cookie     0000000180025720 f   MSVCRTD:gs_support.obj
 0002:000147c0       DllMain                    00000001800257c0 f   MSVCRTD:dll_dllmain_stub.obj
 0002:00014810       ?__scrt_initialize_type_info@@YAXXZ 0000000180025810 f   MSVCRTD:tncleanup.obj
 0002:00014830       ?__scrt_uninitialize_type_info@@YAXXZ 0000000180025830 f   MSVCRTD:tncleanup.obj
 0002:00014850       __local_stdio_scanf_options 0000000180025850 f i MSVCRTD:default_local_stdio_options.obj
 0002:00014860       __scrt_initialize_default_local_stdio_options 0000000180025860 f   MSVCRTD:default_local_stdio_options.obj
 0002:000148c0       ?configure_argv@__scrt_narrow_argv_policy@@SAHXZ 00000001800258c0 f i MSVCRTD:utility.obj
 0002:000149e0       ?initialize_environment@__scrt_narrow_environment_policy@@SAHXZ 00000001800259e0 f i MSVCRTD:utility.obj
 0002:00014ab0       NtCurrentTeb               0000000180025ab0 f i MSVCRTD:utility.obj
 0002:00014ac0       __scrt_acquire_startup_lock 0000000180025ac0 f   MSVCRTD:utility.obj
 0002:00014b40       __scrt_dllmain_after_initialize_c 0000000180025b40 f   MSVCRTD:utility.obj
 0002:00014b80       __scrt_dllmain_before_initialize_c 0000000180025b80 f   MSVCRTD:utility.obj
 0002:00014bb0       __scrt_dllmain_crt_thread_attach 0000000180025bb0 f   MSVCRTD:utility.obj
 0002:00014bf0       __scrt_dllmain_crt_thread_detach 0000000180025bf0 f   MSVCRTD:utility.obj
 0002:00014c10       __scrt_dllmain_exception_filter 0000000180025c10 f   MSVCRTD:utility.obj
 0002:00014c90       __scrt_dllmain_uninitialize_c 0000000180025c90 f   MSVCRTD:utility.obj
 0002:00014cd0       __scrt_dllmain_uninitialize_critical 0000000180025cd0 f   MSVCRTD:utility.obj
 0002:00014cf0       __scrt_initialize_crt      0000000180025cf0 f   MSVCRTD:utility.obj
 0002:00014d50       __scrt_initialize_onexit_tables 0000000180025d50 f   MSVCRTD:utility.obj
 0002:00014ea0       __scrt_is_nonwritable_in_current_image 0000000180025ea0 f   MSVCRTD:utility.obj
 0002:00014f50       __scrt_release_startup_lock 0000000180025f50 f   MSVCRTD:utility.obj
 0002:00014f90       __scrt_uninitialize_crt    0000000180025f90 f   MSVCRTD:utility.obj
 0002:00014fe0       _onexit                    0000000180025fe0 f   MSVCRTD:utility.obj
 0002:00015080       at_quick_exit              0000000180026080 f   MSVCRTD:utility.obj
 0002:000150e0       atexit                     00000001800260e0 f   MSVCRTD:utility.obj
 0002:00015120       __scrt_get_dyn_tls_init_callback 0000000180026120 f   MSVCRTD:dyn_tls_init.obj
 0002:00015130       __crt_debugger_hook        0000000180026130 f   MSVCRTD:utility_desktop.obj
 0002:00015150       __scrt_fastfail            0000000180026150 f   MSVCRTD:utility_desktop.obj
 0002:00015350       __scrt_get_show_window_mode 0000000180026350 f   MSVCRTD:utility_desktop.obj
 0002:000153c0       __scrt_initialize_mta      00000001800263c0 f   MSVCRTD:utility_desktop.obj
 0002:000153e0       __scrt_initialize_winrt    00000001800263e0 f   MSVCRTD:utility_desktop.obj
 0002:000153f0       __scrt_is_managed_app      00000001800263f0 f   MSVCRTD:utility_desktop.obj
 0002:000154c0       __scrt_set_unhandled_exception_filter 00000001800264c0 f   MSVCRTD:utility_desktop.obj
 0002:000154e0       __scrt_stub_for_initialize_mta 00000001800264e0 f   MSVCRTD:utility_desktop.obj
 0002:000154e0       __scrt_exe_initialize_mta  00000001800264e0 f   MSVCRTD:utility_desktop.obj
 0002:000154f0       __scrt_unhandled_exception_filter 00000001800264f0 f   MSVCRTD:utility_desktop.obj
 0002:000155b0       _RTC_Initialize            00000001800265b0 f   MSVCRTD:initsect.obj
 0002:00015610       _RTC_Terminate             0000000180026610 f   MSVCRTD:initsect.obj
 0002:00015670       _guard_check_icall_nop     0000000180026670 f i MSVCRTD:guard_support.obj
 0002:00015680       ReadNoFence64              0000000180026680 f i MSVCRTD:guard_support.obj
 0002:000156b0       ReadPointerNoFence         00000001800266b0 f i MSVCRTD:guard_support.obj
 0002:000156d0       __castguard_check_failure_debugbreak 00000001800266d0 f i MSVCRTD:guard_support.obj
 0002:00015700       __castguard_check_failure_fastfail 0000000180026700 f i MSVCRTD:guard_support.obj
 0002:00015730       __castguard_check_failure_nop 0000000180026730 f i MSVCRTD:guard_support.obj
 0002:00015740       __castguard_check_failure_os_handled 0000000180026740 f i MSVCRTD:guard_support.obj
 0002:00015830       __castguard_slow_path_check_debugbreak 0000000180026830 f i MSVCRTD:guard_support.obj
 0002:00015880       __castguard_slow_path_check_fastfail 0000000180026880 f i MSVCRTD:guard_support.obj
 0002:000158e0       __castguard_slow_path_check_nop 00000001800268e0 f i MSVCRTD:guard_support.obj
 0002:00015900       __castguard_slow_path_check_os_handled 0000000180026900 f i MSVCRTD:guard_support.obj
 0002:00015a10       _guard_icall_checks_enforced 0000000180026a10 f i MSVCRTD:guard_support.obj
 0002:00015a60       _guard_rf_checks_enforced  0000000180026a60 f i MSVCRTD:guard_support.obj
 0002:000160c0       ?_RTC_GetSrcLine@@YAHPEAEPEA_WKPEAH1K@Z 00000001800270c0 f   MSVCRTD:pdblkup.obj
 0002:00016580       __isa_available_init       0000000180027580 f   MSVCRTD:cpu_disp.obj
 0002:00016a00       _get_startup_argv_mode     0000000180027a00 f   MSVCRTD:argv_mode.obj
 0002:00016a10       __scrt_is_ucrt_dll_in_use  0000000180027a10 f   MSVCRTD:ucrt_detection.obj
 0002:00016a40       __C_specific_handler       0000000180027a40 f   vcruntimed:VCRUNTIME140D.dll
 0002:00016a46       __C_specific_handler_noexcept 0000000180027a46 f   vcruntimed:VCRUNTIME140D.dll
 0002:00016a4c       __std_type_info_destroy_list 0000000180027a4c f   vcruntimed:VCRUNTIME140D.dll
 0002:00016a52       __current_exception        0000000180027a52 f   vcruntimed:VCRUNTIME140D.dll
 0002:00016a58       __current_exception_context 0000000180027a58 f   vcruntimed:VCRUNTIME140D.dll
 0002:00016a5e       __vcrt_GetModuleFileNameW  0000000180027a5e f   vcruntimed:VCRUNTIME140D.dll
 0002:00016a64       __vcrt_GetModuleHandleW    0000000180027a64 f   vcruntimed:VCRUNTIME140D.dll
 0002:00016a6a       __vcrt_LoadLibraryExW      0000000180027a6a f   vcruntimed:VCRUNTIME140D.dll
 0002:00016a70       fabs                       0000000180027a70 f   ucrtd:ucrtbased.dll
 0002:00016a76       roundf                     0000000180027a76 f   ucrtd:ucrtbased.dll
 0002:00016a7c       ceilf                      0000000180027a7c f   ucrtd:ucrtbased.dll
 0002:00016a82       cosf                       0000000180027a82 f   ucrtd:ucrtbased.dll
 0002:00016a88       floorf                     0000000180027a88 f   ucrtd:ucrtbased.dll
 0002:00016a8e       sinf                       0000000180027a8e f   ucrtd:ucrtbased.dll
 0002:00016a94       sqrtf                      0000000180027a94 f   ucrtd:ucrtbased.dll
 0002:00016a9a       _CrtDbgReport              0000000180027a9a f   ucrtd:ucrtbased.dll
 0002:00016aa0       _CrtDbgReportW             0000000180027aa0 f   ucrtd:ucrtbased.dll
 0002:00016aa6       _initterm                  0000000180027aa6 f   ucrtd:ucrtbased.dll
 0002:00016aac       _initterm_e                0000000180027aac f   ucrtd:ucrtbased.dll
 0002:00016ab2       strcpy_s                   0000000180027ab2 f   ucrtd:ucrtbased.dll
 0002:00016ab8       strcat_s                   0000000180027ab8 f   ucrtd:ucrtbased.dll
 0002:00016abe       __stdio_common_vsprintf_s  0000000180027abe f   ucrtd:ucrtbased.dll
 0002:00016ac4       _seh_filter_dll            0000000180027ac4 f   ucrtd:ucrtbased.dll
 0002:00016aca       _configure_narrow_argv     0000000180027aca f   ucrtd:ucrtbased.dll
 0002:00016ad0       _initialize_narrow_environment 0000000180027ad0 f   ucrtd:ucrtbased.dll
 0002:00016ad6       _initialize_onexit_table   0000000180027ad6 f   ucrtd:ucrtbased.dll
 0002:00016adc       _register_onexit_function  0000000180027adc f   ucrtd:ucrtbased.dll
 0002:00016ae2       _execute_onexit_table      0000000180027ae2 f   ucrtd:ucrtbased.dll
 0002:00016ae8       _crt_atexit                0000000180027ae8 f   ucrtd:ucrtbased.dll
 0002:00016aee       _crt_at_quick_exit         0000000180027aee f   ucrtd:ucrtbased.dll
 0002:00016af4       _cexit                     0000000180027af4 f   ucrtd:ucrtbased.dll
 0002:00016afa       terminate                  0000000180027afa f   ucrtd:ucrtbased.dll
 0002:00016b00       _wmakepath_s               0000000180027b00 f   ucrtd:ucrtbased.dll
 0002:00016b06       _wsplitpath_s              0000000180027b06 f   ucrtd:ucrtbased.dll
 0002:00016b0c       wcscpy_s                   0000000180027b0c f   ucrtd:ucrtbased.dll
 0002:00016b12       GetCurrentThreadId         0000000180027b12 f   kernel32:KERNEL32.dll
 0002:00016b18       IsDebuggerPresent          0000000180027b18 f   kernel32:KERNEL32.dll
 0002:00016b1e       RaiseException             0000000180027b1e f   kernel32:KERNEL32.dll
 0002:00016b24       MultiByteToWideChar        0000000180027b24 f   kernel32:KERNEL32.dll
 0002:00016b2a       WideCharToMultiByte        0000000180027b2a f   kernel32:KERNEL32.dll
 0002:00016b30       RtlCaptureContext          0000000180027b30 f   kernel32:KERNEL32.dll
 0002:00016b36       RtlLookupFunctionEntry     0000000180027b36 f   kernel32:KERNEL32.dll
 0002:00016b3c       RtlVirtualUnwind           0000000180027b3c f   kernel32:KERNEL32.dll
 0002:00016b42       UnhandledExceptionFilter   0000000180027b42 f   kernel32:KERNEL32.dll
 0002:00016b48       SetUnhandledExceptionFilter 0000000180027b48 f   kernel32:KERNEL32.dll
 0002:00016b4e       GetCurrentProcess          0000000180027b4e f   kernel32:KERNEL32.dll
 0002:00016b54       TerminateProcess           0000000180027b54 f   kernel32:KERNEL32.dll
 0002:00016b5a       IsProcessorFeaturePresent  0000000180027b5a f   kernel32:KERNEL32.dll
 0002:00016b60       QueryPerformanceCounter    0000000180027b60 f   kernel32:KERNEL32.dll
 0002:00016b66       GetCurrentProcessId        0000000180027b66 f   kernel32:KERNEL32.dll
 0002:00016b6c       GetSystemTimeAsFileTime    0000000180027b6c f   kernel32:KERNEL32.dll
 0002:00016b72       DisableThreadLibraryCalls  0000000180027b72 f   kernel32:KERNEL32.dll
 0002:00016b78       InitializeSListHead        0000000180027b78 f   kernel32:KERNEL32.dll
 0002:00016b7e       GetStartupInfoW            0000000180027b7e f   kernel32:KERNEL32.dll
 0002:00016b84       GetModuleHandleW           0000000180027b84 f   kernel32:KERNEL32.dll
 0002:00016b8a       GetLastError               0000000180027b8a f   kernel32:KERNEL32.dll
 0002:00016b90       HeapAlloc                  0000000180027b90 f   kernel32:KERNEL32.dll
 0002:00016b96       HeapFree                   0000000180027b96 f   kernel32:KERNEL32.dll
 0002:00016b9c       GetProcessHeap             0000000180027b9c f   kernel32:KERNEL32.dll
 0002:00016ba2       VirtualQuery               0000000180027ba2 f   kernel32:KERNEL32.dll
 0002:00016ba8       FreeLibrary                0000000180027ba8 f   kernel32:KERNEL32.dll
 0002:00016bae       GetProcAddress             0000000180027bae f   kernel32:KERNEL32.dll
 0002:00016bc0       __vcrt_initialize          0000000180027bc0 f   MSVCRTD:ucrt_stubs.obj
 0002:00016bc0       __scrt_stub_for_acrt_initialize 0000000180027bc0 f   MSVCRTD:ucrt_stubs.obj
 0002:00016bc0       __acrt_initialize          0000000180027bc0 f   MSVCRTD:ucrt_stubs.obj
 0002:00016bd0       __acrt_thread_attach       0000000180027bd0 f   MSVCRTD:ucrt_stubs.obj
 0002:00016bd0       __scrt_stub_for_acrt_thread_attach 0000000180027bd0 f   MSVCRTD:ucrt_stubs.obj
 0002:00016bd0       __vcrt_thread_attach       0000000180027bd0 f   MSVCRTD:ucrt_stubs.obj
 0002:00016be0       __scrt_stub_for_acrt_thread_detach 0000000180027be0 f   MSVCRTD:ucrt_stubs.obj
 0002:00016be0       __acrt_thread_detach       0000000180027be0 f   MSVCRTD:ucrt_stubs.obj
 0002:00016be0       __vcrt_thread_detach       0000000180027be0 f   MSVCRTD:ucrt_stubs.obj
 0002:00016bf0       __vcrt_uninitialize        0000000180027bf0 f   MSVCRTD:ucrt_stubs.obj
 0002:00016bf0       __acrt_uninitialize        0000000180027bf0 f   MSVCRTD:ucrt_stubs.obj
 0002:00016bf0       __scrt_stub_for_acrt_uninitialize 0000000180027bf0 f   MSVCRTD:ucrt_stubs.obj
 0002:00016c00       __vcrt_uninitialize_critical 0000000180027c00 f   MSVCRTD:ucrt_stubs.obj
 0002:00016c00       __scrt_stub_for_acrt_uninitialize_critical 0000000180027c00 f   MSVCRTD:ucrt_stubs.obj
 0002:00016c00       __acrt_uninitialize_critical 0000000180027c00 f   MSVCRTD:ucrt_stubs.obj
 0002:00016c10       __scrt_stub_for_is_c_termination_complete 0000000180027c10 f   MSVCRTD:ucrt_stubs.obj
 0002:00016c10       _is_c_termination_complete 0000000180027c10 f   MSVCRTD:ucrt_stubs.obj
 0002:00018170       _guard_dispatch_icall_nop  0000000180029170 f   MSVCRTD:guard_dispatch.obj
 0002:00018190       _guard_xfg_dispatch_icall_nop 0000000180029190 f   MSVCRTD:guard_xfg_dispatch.obj
 0003:00000000       __xc_a                     000000018002c000     MSVCRTD:initializers.obj
 0003:00000110       __xc_z                     000000018002c110     MSVCRTD:initializers.obj
 0003:00000220       __xi_a                     000000018002c220     MSVCRTD:initializers.obj
 0003:00000330       __xi_z                     000000018002c330     MSVCRTD:initializers.obj
 0003:00000440       __xp_a                     000000018002c440     MSVCRTD:initializers.obj
 0003:00000550       __xp_z                     000000018002c550     MSVCRTD:initializers.obj
 0003:00000660       __xt_a                     000000018002c660     MSVCRTD:initializers.obj
 0003:00000770       __xt_z                     000000018002c770     MSVCRTD:initializers.obj
 0003:000043a0       ??_C@_0BA@NMEIMCEK@InvalidCodePath@ 00000001800303a0     p5engine.obj
 0003:000043b8       ??_C@_0BJ@GOOPBPNK@P5Engine?1data?1grass1?4bmp@ 00000001800303b8     p5engine.obj
 0003:000043d8       ??_C@_0BI@GAHHFIBN@P5Engine?1data?1soil1?4bmp@ 00000001800303d8     p5engine.obj
 0003:000043f8       ??_C@_0BI@OGODCKLD@P5Engine?1data?1soil2?4bmp@ 00000001800303f8     p5engine.obj
 0003:00004418       ??_C@_0BI@CNLPPJBG@P5Engine?1data?1soil3?4bmp@ 0000000180030418     p5engine.obj
 0003:00004438       ??_C@_0BI@DGFEELIO@P5Engine?1data?1tuft1?4bmp@ 0000000180030438     p5engine.obj
 0003:00004458       ??_C@_0BI@LAMADJCA@P5Engine?1data?1tuft2?4bmp@ 0000000180030458     p5engine.obj
 0003:00004478       ??_C@_0BF@HOIOEMCL@P5Engine?1data?1bg?4bmp@ 0000000180030478     p5engine.obj
 0003:00004498       ??_C@_0BJ@EPENJOEL@P5Engine?1data?1shadow?4bmp@ 0000000180030498     p5engine.obj
 0003:000044b8       ??_C@_0BJ@HEECFFOE@P5Engine?1data?1stairs?4bmp@ 00000001800304b8     p5engine.obj
 0003:000044d8       ??_C@_0BH@DDOBAHNL@P5Engine?1data?1tree?4bmp@ 00000001800304d8     p5engine.obj
 0003:000044f8       ??_C@_0BI@EPGPCLAL@P5Engine?1data?1enemy?4bmp@ 00000001800304f8     p5engine.obj
 0003:00004518       ??_C@_0BG@IEBKPHGI@P5Engine?1data?1orb?4bmp@ 0000000180030518     p5engine.obj
 0003:00004538       ??_C@_0BP@CIDLMIJA@P5Engine?1data?1char?9right?90?4bmp@ 0000000180030538     p5engine.obj
 0003:00004560       ??_C@_0BO@PEBAPFLC@P5Engine?1data?1char?9back?90?4bmp@ 0000000180030560     p5engine.obj
 0003:00004588       ??_C@_0BO@EAIBBIAG@P5Engine?1data?1char?9left?90?4bmp@ 0000000180030588     p5engine.obj
 0003:000045b0       ??_C@_0BP@MKDPGEOC@P5Engine?1data?1char?9front?90?4bmp@ 00000001800305b0     p5engine.obj
 0003:000045d8       ??_C@_0BO@KNNOBFKI@P5Engine?1data?1sword?9right?4bmp@ 00000001800305d8     p5engine.obj
 0003:00004600       ??_C@_0BN@LDDHILOB@P5Engine?1data?1sword?9back?4bmp@ 0000000180030600     p5engine.obj
 0003:00004628       ??_C@_0BN@FPAHMBGA@P5Engine?1data?1sword?9left?4bmp@ 0000000180030628     p5engine.obj
 0003:00004650       ??_C@_0BO@BNDLMGBJ@P5Engine?1data?1sword?9front?4bmp@ 0000000180030650     p5engine.obj
 0003:00004674       __real@00000000            0000000180030674     p5engine.obj
 0003:00004678       __real@308992b1            0000000180030678     p5engine.obj
 0003:0000467c       __real@3a83126f            000000018003067c     p5engine.obj
 0003:00004680       __real@3c23d70a            0000000180030680     p5engine.obj
 0003:00004684       __real@3dcccccd            0000000180030684     p5engine.obj
 0003:00004688       __real@3e4ccccd            0000000180030688     p5engine.obj
 0003:0000468c       __real@3e800000            000000018003068c     p5engine.obj
 0003:00004690       __real@3f000000            0000000180030690     p5engine.obj
 0003:00004694       __real@3f666666            0000000180030694     p5engine.obj
 0003:00004698       __real@3f800000            0000000180030698     p5engine.obj
 0003:0000469c       __real@3f8ccccd            000000018003069c     p5engine.obj
 0003:000046a0       __real@3f99999a            00000001800306a0     p5engine.obj
 0003:000046a4       __real@3fb33333            00000001800306a4     p5engine.obj
 0003:000046a8       __real@3fc00000            00000001800306a8     p5engine.obj
 0003:000046ac       __real@40000000            00000001800306ac     p5engine.obj
 0003:000046b0       __real@400ccccd            00000001800306b0     p5engine.obj
 0003:000046b4       __real@40400000            00000001800306b4     p5engine.obj
 0003:000046b8       __real@40a00000            00000001800306b8     p5engine.obj
 0003:000046bc       __real@40c00000            00000001800306bc     p5engine.obj
 0003:000046c0       __real@40c90fdb            00000001800306c0     p5engine.obj
 0003:000046c4       __real@41200000            00000001800306c4     p5engine.obj
 0003:000046c8       __real@41700000            00000001800306c8     p5engine.obj
 0003:000046cc       __real@41880000            00000001800306cc     p5engine.obj
 0003:000046d0       __real@41a00000            00000001800306d0     p5engine.obj
 0003:000046d4       __real@41c00000            00000001800306d4     p5engine.obj
 0003:000046d8       __real@41f00000            00000001800306d8     p5engine.obj
 0003:000046dc       __real@42000000            00000001800306dc     p5engine.obj
 0003:000046e0       __real@42340000            00000001800306e0     p5engine.obj
 0003:000046e4       __real@42400000            00000001800306e4     p5engine.obj
 0003:000046e8       __real@42600000            00000001800306e8     p5engine.obj
 0003:000046ec       __real@42800000            00000001800306ec     p5engine.obj
 0003:000046f0       __real@42960000            00000001800306f0     p5engine.obj
 0003:000046f4       __real@42c80000            00000001800306f4     p5engine.obj
 0003:000046f8       __real@437f0000            00000001800306f8     p5engine.obj
 0003:000046fc       __real@461c4000            00000001800306fc     p5engine.obj
 0003:00004700       __real@47c35000            0000000180030700     p5engine.obj
 0003:00004704       __real@7f7fffff            0000000180030704     p5engine.obj
 0003:00004708       __real@becccccd            0000000180030708     p5engine.obj
 0003:0000470c       __real@bf000000            000000018003070c     p5engine.obj
 0003:00004710       __real@bf800000            0000000180030710     p5engine.obj
 0003:00004714       __real@c11ccccd            0000000180030714     p5engine.obj
 0003:00004720       __xmm@80000000800000008000000080000000 0000000180030720     p5engine.obj
 0003:00004738       _pRawDllMain               0000000180030738     MSVCRTD:dll_dllmain.obj
 0003:00004738       _pDefaultRawDllMain        0000000180030738     MSVCRTD:dll_dllmain.obj
 0003:00004830       ??_C@_0NN@JMPELKLB@The?5value?5of?5ESP?5was?5not?5proper@ 0000000180030830     MSVCRTD:error.obj
 0003:00004940       ??_C@_0BBN@ELNNILBE@A?5cast?5to?5a?5smaller?5data?5type?5h@ 0000000180030940     MSVCRTD:error.obj
 0003:00004a98       ??_C@_0BN@BPOGFMJL@Stack?5memory?5was?5corrupted?$AN?6@ 0000000180030a98     MSVCRTD:error.obj
 0003:00004ac0       ??_C@_0DG@DAJCDLPN@A?5local?5variable?5was?5used?5befor@ 0000000180030ac0     MSVCRTD:error.obj
 0003:00004b00       ??_C@_0CM@JMIDGKLA@Stack?5memory?5around?5_alloca?5was@ 0000000180030b00     MSVCRTD:error.obj
 0003:00004b38       ??_C@_0BO@CHIONIOI@Unknown?5Runtime?5Check?5Error?$AN?6@ 0000000180030b38     MSVCRTD:error.obj
 0003:00004b60       ??_C@_1GM@CNOOJIHC@?$AAR?$AAu?$AAn?$AAt?$AAi?$AAm?$AAe?$AA?5?$AAC?$AAh?$AAe?$AAc?$AAk?$AA?5?$AAE@ 0000000180030b60     MSVCRTD:error.obj
 0003:00004bf0       ??_C@_1EA@NFKNIFJP@?$AAR?$AAu?$AAn?$AA?9?$AAT?$AAi?$AAm?$AAe?$AA?5?$AAC?$AAh?$AAe?$AAc?$AAk?$AA?5@ 0000000180030bf0     MSVCRTD:error.obj
 0003:00004c40       ??_C@_0BB@PFFGGCJP@Unknown?5Filename@ 0000000180030c40     MSVCRTD:error.obj
 0003:00004c58       ??_C@_0BE@GNBOBNCK@Unknown?5Module?5Name@ 0000000180030c58     MSVCRTD:error.obj
 0003:00004c70       ??_C@_0CA@IODNCDPG@Run?9Time?5Check?5Failure?5?$CD?$CFd?5?9?5?$CFs@ 0000000180030c70     MSVCRTD:error.obj
 0003:00004c98       ??_C@_0CG@IAFNJNEE@Stack?5corrupted?5near?5unknown?5va@ 0000000180030c98     MSVCRTD:error.obj
 0003:00004cc8       ??_C@_05MKKEDADM@?$CF?42X?5@ 0000000180030cc8     MSVCRTD:error.obj
 0003:00004cd0       ??_C@_0EJ@LJKNEOLN@Stack?5area?5around?5_alloca?5memor@ 0000000180030cd0     MSVCRTD:error.obj
 0003:00004d28       ??_C@_01EEMJAFIK@?6@       0000000180030d28     MSVCRTD:error.obj
 0003:00004d2c       ??_C@_02LLMPMKNF@?$DO?5@   0000000180030d2c     MSVCRTD:error.obj
 0003:00004d30       ??_C@_08OMAHNMHJ@?6Data?3?5?$DM@ 0000000180030d30     MSVCRTD:error.obj
 0003:00004d40       ??_C@_0CK@DKGBICFE@?6Allocation?5number?5within?5this?5@ 0000000180030d40     MSVCRTD:error.obj
 0003:00004d78       ??_C@_07DFDJCKFN@?6Size?3?5@ 0000000180030d78     MSVCRTD:error.obj
 0003:00004d88       ??_C@_0N@MHFFIMFG@?6Address?3?50x@ 0000000180030d88     MSVCRTD:error.obj
 0003:00004da0       ??_C@_0EI@CLEPFNGI@Stack?5area?5around?5_alloca?5memor@ 0000000180030da0     MSVCRTD:error.obj
 0003:00004df8       ??_C@_0BK@ODNDAGKB@?$CFs?$CFs?$CFp?$CFs?$CFzd?$CFs?$CFd?$CFs?$CFs?$CFs?$CFs?$CFs@ 0000000180030df8     MSVCRTD:error.obj
 0003:00004e18       ??_C@_0DE@OHJBPMBP@A?5variable?5is?5being?5used?5withou@ 0000000180030e18     MSVCRTD:error.obj
 0003:00004e88       ??_C@_0BJ@HEGAHDFO@Stack?5pointer?5corruption@ 0000000180030e88     MSVCRTD:userapi.obj
 0003:00004ea8       ??_C@_0CK@FEGOIOPB@Cast?5to?5smaller?5type?5causing?5lo@ 0000000180030ea8     MSVCRTD:userapi.obj
 0003:00004ee0       ??_C@_0BI@CIGMDCBH@Stack?5memory?5corruption@ 0000000180030ee0     MSVCRTD:userapi.obj
 0003:00004f00       ??_C@_0CK@CNLNOEPB@Local?5variable?5used?5before?5init@ 0000000180030f00     MSVCRTD:userapi.obj
 0003:00004f38       ??_C@_0BP@OGBCLIBO@Stack?5around?5_alloca?5corrupted@ 0000000180030f38     MSVCRTD:userapi.obj
 0003:00004fe0       ??_C@_1EI@MLPKHBGE@?$AAa?$AAp?$AAi?$AA?9?$AAm?$AAs?$AA?9?$AAw?$AAi?$AAn?$AA?9?$AAc?$AAo?$AAr?$AAe@ 0000000180030fe0     MSVCRTD:pdblkup.obj
 0003:00005038       ??_C@_1BK@JHLNAEJL@?$AAa?$AAd?$AAv?$AAa?$AAp?$AAi?$AA3?$AA2?$AA?4?$AAd?$AAl?$AAl@ 0000000180031038     MSVCRTD:pdblkup.obj
 0003:00005058       ??_C@_0O@COHOBMLB@RegOpenKeyExW@ 0000000180031058     MSVCRTD:pdblkup.obj
 0003:00005068       ??_C@_0BB@GLNAEDBD@RegQueryValueExW@ 0000000180031068     MSVCRTD:pdblkup.obj
 0003:00005080       ??_C@_0M@HLOHPNFA@RegCloseKey@ 0000000180031080     MSVCRTD:pdblkup.obj
 0003:00005090       ??_C@_1HE@EBEAGLFB@?$AAS?$AAO?$AAF?$AAT?$AAW?$AAA?$AAR?$AAE?$AA?2?$AAW?$AAo?$AAw?$AA6?$AA4?$AA3@ 0000000180031090     MSVCRTD:pdblkup.obj
 0003:00005120       ??_C@_1BG@EABPBLLF@?$AAP?$AAr?$AAo?$AAd?$AAu?$AAc?$AAt?$AAD?$AAi?$AAr@ 0000000180031120     MSVCRTD:pdblkup.obj
 0003:00005168       ??_C@_1BC@JINFINNJ@?$AAM?$AAS?$AAP?$AAD?$AAB?$AA1?$AA4?$AA0@ 0000000180031168     MSVCRTD:pdblkup.obj
 0003:00005180       ??_C@_0BB@KCIACLNC@PDBOpenValidate5@ 0000000180031180     MSVCRTD:pdblkup.obj
 0003:00005194       ??_C@_01KDCPPGHE@r@        0000000180031194     MSVCRTD:pdblkup.obj
 0003:000051d0       _load_config_used          00000001800311d0     MSVCRTD:loadcfg.obj
 0003:00005580       __CastGuardVftablesStart   0000000180031580     MSVCRTD:guard_support.obj
 0003:00005690       __CastGuardVftablesEnd     0000000180031690     MSVCRTD:guard_support.obj
 0003:00005918       __rtc_iaa                  0000000180031918     MSVCRTD:initsect.obj
 0003:00005b38       __rtc_izz                  0000000180031b38     MSVCRTD:initsect.obj
 0003:00005c48       __rtc_taa                  0000000180031c48     MSVCRTD:initsect.obj
 0003:00005e68       __rtc_tzz                  0000000180031e68     MSVCRTD:initsect.obj
 0004:00004cd0       __security_cookie_complement 0000000180038cd0     MSVCRTD:gs_cookie.obj
 0004:00004cd8       __security_cookie          0000000180038cd8     MSVCRTD:gs_cookie.obj
 0004:00004ce4       _fltused                   0000000180038ce4     MSVCRTD:fltused.obj
 0004:00004ce8       ?_RTC_ErrorLevels@@3PAHA   0000000180038ce8     MSVCRTD:error.obj
 0004:00004d00       __scrt_native_dllmain_reason 0000000180038d00     MSVCRTD:utility.obj
 0004:00004d08       __isa_available            0000000180038d08     MSVCRTD:cpu_disp.obj
 0004:00004d0c       __isa_enabled              0000000180038d0c     MSVCRTD:cpu_disp.obj
 0004:00004d10       __memcpy_nt_iters          0000000180038d10     MSVCRTD:cpu_disp.obj
 0004:00004d18       __memset_nt_iters          0000000180038d18     MSVCRTD:cpu_disp.obj
 0004:00004d30       __scrt_ucrt_dll_is_in_use  0000000180038d30     MSVCRTD:ucrt_stubs.obj
 0004:00004e48       ?_OptionsStorage@?1??__local_stdio_printf_options@@9@4_KA 0000000180038e48     MSVCRTD:error.obj
 0004:00005500       ?__type_info_root_node@@3U__type_info_node@@A 0000000180039500     MSVCRTD:tncleanup.obj
 0004:00005518       ?_OptionsStorage@?1??__local_stdio_scanf_options@@9@4_KA 0000000180039518     MSVCRTD:default_local_stdio_options.obj
 0004:00005528       __scrt_current_native_startup_state 0000000180039528     MSVCRTD:utility.obj
 0004:00005530       __scrt_native_startup_lock 0000000180039530     MSVCRTD:utility.obj
 0004:00005580       __scrt_debugger_hook_flag  0000000180039580     MSVCRTD:utility_desktop.obj
 0004:00005588       __castguard_check_failure_os_handled_fptr 0000000180039588     MSVCRTD:guard_support.obj
 0004:000055a4       __favor                    00000001800395a4     MSVCRTD:cpu_disp.obj
 0004:000055a8       __dyn_tls_init_callback    00000001800395a8     <common>
 0004:000055bc       __DebuggerCurrentSteppingThreadId 00000001800395bc     <common>
 0006:00000000       __imp_DisableThreadLibraryCalls 000000018003d000     kernel32:KERNEL32.dll
 0006:00000008       __imp_IsDebuggerPresent    000000018003d008     kernel32:KERNEL32.dll
 0006:00000010       __imp_RaiseException       000000018003d010     kernel32:KERNEL32.dll
 0006:00000018       __imp_MultiByteToWideChar  000000018003d018     kernel32:KERNEL32.dll
 0006:00000020       __imp_WideCharToMultiByte  000000018003d020     kernel32:KERNEL32.dll
 0006:00000028       __imp_RtlCaptureContext    000000018003d028     kernel32:KERNEL32.dll
 0006:00000030       __imp_RtlLookupFunctionEntry 000000018003d030     kernel32:KERNEL32.dll
 0006:00000038       __imp_RtlVirtualUnwind     000000018003d038     kernel32:KERNEL32.dll
 0006:00000040       __imp_GetProcAddress       000000018003d040     kernel32:KERNEL32.dll
 0006:00000048       __imp_FreeLibrary          000000018003d048     kernel32:KERNEL32.dll
 0006:00000050       __imp_VirtualQuery         000000018003d050     kernel32:KERNEL32.dll
 0006:00000058       __imp_GetProcessHeap       000000018003d058     kernel32:KERNEL32.dll
 0006:00000060       __imp_HeapFree             000000018003d060     kernel32:KERNEL32.dll
 0006:00000068       __imp_HeapAlloc            000000018003d068     kernel32:KERNEL32.dll
 0006:00000070       __imp_GetLastError         000000018003d070     kernel32:KERNEL32.dll
 0006:00000078       __imp_GetModuleHandleW     000000018003d078     kernel32:KERNEL32.dll
 0006:00000080       __imp_GetStartupInfoW      000000018003d080     kernel32:KERNEL32.dll
 0006:00000088       __imp_InitializeSListHead  000000018003d088     kernel32:KERNEL32.dll
 0006:00000090       __imp_GetCurrentThreadId   000000018003d090     kernel32:KERNEL32.dll
 0006:00000098       __imp_GetSystemTimeAsFileTime 000000018003d098     kernel32:KERNEL32.dll
 0006:000000a0       __imp_GetCurrentProcessId  000000018003d0a0     kernel32:KERNEL32.dll
 0006:000000a8       __imp_QueryPerformanceCounter 000000018003d0a8     kernel32:KERNEL32.dll
 0006:000000b0       __imp_IsProcessorFeaturePresent 000000018003d0b0     kernel32:KERNEL32.dll
 0006:000000b8       __imp_TerminateProcess     000000018003d0b8     kernel32:KERNEL32.dll
 0006:000000c0       __imp_GetCurrentProcess    000000018003d0c0     kernel32:KERNEL32.dll
 0006:000000c8       __imp_SetUnhandledExceptionFilter 000000018003d0c8     kernel32:KERNEL32.dll
 0006:000000d0       __imp_UnhandledExceptionFilter 000000018003d0d0     kernel32:KERNEL32.dll
 0006:000000d8       \177KERNEL32_NULL_THUNK_DATA 000000018003d0d8     kernel32:KERNEL32.dll
 0006:00000158       __imp___vcrt_GetModuleHandleW 000000018003d158     vcruntimed:VCRUNTIME140D.dll
 0006:00000160       __imp___vcrt_GetModuleFileNameW 000000018003d160     vcruntimed:VCRUNTIME140D.dll
 0006:00000168       __imp___current_exception_context 000000018003d168     vcruntimed:VCRUNTIME140D.dll
 0006:00000170       __imp___current_exception  000000018003d170     vcruntimed:VCRUNTIME140D.dll
 0006:00000178       __imp___C_specific_handler 000000018003d178     vcruntimed:VCRUNTIME140D.dll
 0006:00000180       __imp___std_type_info_destroy_list 000000018003d180     vcruntimed:VCRUNTIME140D.dll
 0006:00000188       __imp___C_specific_handler_noexcept 000000018003d188     vcruntimed:VCRUNTIME140D.dll
 0006:00000190       __imp___vcrt_LoadLibraryExW 000000018003d190     vcruntimed:VCRUNTIME140D.dll
 0006:00000198       \177VCRUNTIME140D_NULL_THUNK_DATA 000000018003d198     vcruntimed:VCRUNTIME140D.dll
 0006:000001f8       __imp_wcscpy_s             000000018003d1f8     ucrtd:ucrtbased.dll
 0006:00000200       __imp__wsplitpath_s        000000018003d200     ucrtd:ucrtbased.dll
 0006:00000208       __imp__wmakepath_s         000000018003d208     ucrtd:ucrtbased.dll
 0006:00000210       __imp__cexit               000000018003d210     ucrtd:ucrtbased.dll
 0006:00000218       __imp__crt_at_quick_exit   000000018003d218     ucrtd:ucrtbased.dll
 0006:00000220       __imp__crt_atexit          000000018003d220     ucrtd:ucrtbased.dll
 0006:00000228       __imp__execute_onexit_table 000000018003d228     ucrtd:ucrtbased.dll
 0006:00000230       __imp__register_onexit_function 000000018003d230     ucrtd:ucrtbased.dll
 0006:00000238       __imp__initialize_onexit_table 000000018003d238     ucrtd:ucrtbased.dll
 0006:00000240       __imp__initialize_narrow_environment 000000018003d240     ucrtd:ucrtbased.dll
 0006:00000248       __imp__configure_narrow_argv 000000018003d248     ucrtd:ucrtbased.dll
 0006:00000250       __imp__seh_filter_dll      000000018003d250     ucrtd:ucrtbased.dll
 0006:00000258       __imp___stdio_common_vsprintf_s 000000018003d258     ucrtd:ucrtbased.dll
 0006:00000260       __imp_terminate            000000018003d260     ucrtd:ucrtbased.dll
 0006:00000268       __imp_strcpy_s             000000018003d268     ucrtd:ucrtbased.dll
 0006:00000270       __imp__initterm_e          000000018003d270     ucrtd:ucrtbased.dll
 0006:00000278       __imp__initterm            000000018003d278     ucrtd:ucrtbased.dll
 0006:00000280       __imp__CrtDbgReportW       000000018003d280     ucrtd:ucrtbased.dll
 0006:00000288       __imp__CrtDbgReport        000000018003d288     ucrtd:ucrtbased.dll
 0006:00000290       __imp_sqrtf                000000018003d290     ucrtd:ucrtbased.dll
 0006:00000298       __imp_sinf                 000000018003d298     ucrtd:ucrtbased.dll
 0006:000002a0       __imp_floorf               000000018003d2a0     ucrtd:ucrtbased.dll
 0006:000002a8       __imp_cosf                 000000018003d2a8     ucrtd:ucrtbased.dll
 0006:000002b0       __imp_ceilf                000000018003d2b0     ucrtd:ucrtbased.dll
 0006:000002b8       __imp_roundf               000000018003d2b8     ucrtd:ucrtbased.dll
 0006:000002c0       __imp_fabs                 000000018003d2c0     ucrtd:ucrtbased.dll
 0006:000002c8       __imp_strcat_s             000000018003d2c8     ucrtd:ucrtbased.dll
 0006:000002d0       \177ucrtbased_NULL_THUNK_DATA 000000018003d2d0     ucrtd:ucrtbased.dll
 0006:00000350       __IMPORT_DESCRIPTOR_VCRUNTIME140D 000000018003d350     vcruntimed:VCRUNTIME140D.dll
 0006:00000364       __IMPORT_DESCRIPTOR_ucrtbased 000000018003d364     ucrtd:ucrtbased.dll
 0006:00000378       __IMPORT_DESCRIPTOR_KERNEL32 000000018003d378     kernel32:KERNEL32.dll
 0006:0000038c       __NULL_IMPORT_DESCRIPTOR   000000018003d38c     vcruntimed:VCRUNTIME140D.dll
 0008:00000000       __guard_check_icall_fptr   000000018003f000     MSVCRTD:guard_support.obj
 0008:00000010       __guard_xfg_check_icall_fptr 000000018003f010     MSVCRTD:guard_support.obj
 0008:00000020       __guard_dispatch_icall_fptr 000000018003f020     MSVCRTD:guard_support.obj
 0008:00000030       __guard_xfg_dispatch_icall_fptr 000000018003f030     MSVCRTD:guard_support.obj
 0008:00000040       __guard_xfg_table_dispatch_icall_fptr 000000018003f040     MSVCRTD:guard_support.obj

 entry point at        0002:0000000f

 Static symbols

 0000:fffbe000       .debug$S                   0000000180000000     P5Engine.exp
 0000:fffc1000       _volmd                     0000000180000000     p5engine.obj
 0000:fffc1000       _volmd                     0000000180000000     p5engine.obj
 0000:fffc1000       _volmd                     0000000180000000     p5engine.obj
 0000:fffc1000       _volmd                     0000000180000000     p5engine.obj
 0000:fffc1000       _volmd                     0000000180000000     p5engine.obj
 0000:fffc1000       _volmd                     0000000180000000     p5engine.obj
 0000:fffc1000       _volmd                     0000000180000000     p5engine.obj
 0000:fffc1000       _volmd                     0000000180000000     p5engine.obj
 0000:fffc1000       _volmd                     0000000180000000     p5engine.obj
 0000:fffc1000       _volmd                     0000000180000000     p5engine.obj
 0000:fffc1000       _volmd                     0000000180000000     p5engine.obj
 0000:fffc1000       _volmd                     0000000180000000     p5engine.obj
 0000:fffc1000       _volmd                     0000000180000000     p5engine.obj
 0000:fffc1000       _volmd                     0000000180000000     p5engine.obj
 0000:fffc1000       _volmd                     0000000180000000     p5engine.obj
 0000:fffc1000       _volmd                     0000000180000000     p5engine.obj
 0000:fffc1000       _volmd                     0000000180000000     p5engine.obj
 0000:fffc1000       _volmd                     0000000180000000     p5engine.obj
 0000:fffc1000       _volmd                     0000000180000000     p5engine.obj
 0000:fffc1000       _volmd                     0000000180000000     p5engine.obj
 0000:fffc1000       _volmd                     0000000180000000     p5engine.obj
 0000:fffc1000       _volmd                     0000000180000000     p5engine.obj
 0000:fffc1000       _volmd                     0000000180000000     p5engine.obj
 0000:fffc1000       _volmd                     0000000180000000     p5engine.obj
 0000:fffc1000       _volmd                     0000000180000000     p5engine.obj
 0000:fffc1000       _volmd                     0000000180000000     p5engine.obj
 0000:fffc1000       _volmd                     0000000180000000     p5engine.obj
 0000:fffc1000       _volmd                     0000000180000000     p5engine.obj
 0000:fffc1000       _volmd                     0000000180000000     p5engine.obj
 0000:fffc1000       _volmd                     0000000180000000     p5engine.obj
 0000:fffc1000       _volmd                     0000000180000000     p5engine.obj
 0000:fffc1000       _volmd                     0000000180000000     p5engine.obj
 0000:fffc1000       _volmd                     0000000180000000     p5engine.obj
 0000:fffc1000       _volmd                     0000000180000000     p5engine.obj
 0000:fffc1000       _volmd                     0000000180000000     MSVCRTD:cpu_disp.obj
 0000:fffc2000       __guard_ehcont_?dllmain_dispatch@@YAHQEAUHINSTANCE__@@KQEAX@Z 0000000180000000     MSVCRTD:dll_dllmain.obj
 0000:fffc2000       __guard_fids_?dllmain_dispatch@@YAHQEAUHINSTANCE__@@KQEAX@Z 0000000180000000     MSVCRTD:dll_dllmain.obj
 0000:fffc2000       __guard_ehcont_?notify_debugger@@YAXAEBUtagEXCEPTION_VISUALCPP_DEBUG_INFO@@@Z 0000000180000000     MSVCRTD:error.obj
 0000:fffc1000       _volmd                     0000000180000000     MSVCRTD:gs_report.obj
 0000:fffc1000       _volmd                     0000000180000000     MSVCRTD:gs_report.obj
 0000:fffc1000       _volmd                     0000000180000000     MSVCRTD:gs_report.obj
 0000:fffc2000       __guard_fids__             0000000180000000     MSVCRTD:guard_support.obj
 0000:fffc2000       __guard_fids__             0000000180000000     MSVCRTD:guard_support.obj
 0000:fffc2000       __guard_fids__guard_icall_checks_enforced 0000000180000000     MSVCRTD:guard_support.obj
 0000:fffc1000       _volmd                     0000000180000000     MSVCRTD:guard_support.obj
 0000:fffc1000       _volmd                     0000000180000000     MSVCRTD:guard_support.obj
 0000:fffc1000       _volmd                     0000000180000000     MSVCRTD:guard_support.obj
 0000:fffc2000       __guard_fids__CRT_RTC_INIT 0000000180000000     MSVCRTD:init.obj
 0000:fffc2000       __guard_fids__CRT_RTC_INITW 0000000180000000     MSVCRTD:init.obj
 0000:fffc2000       __guard_ehcont___scrt_is_nonwritable_in_current_image 0000000180000000     MSVCRTD:utility.obj
 0000:fffc1000       _volmd                     0000000180000000     MSVCRTD:utility.obj
 0000:fffc1000       _volmd                     0000000180000000     MSVCRTD:utility.obj
 0000:fffc1000       _volmd                     0000000180000000     MSVCRTD:utility.obj
 0000:fffc2000       __guard_fids___scrt_set_unhandled_exception_filter 0000000180000000     MSVCRTD:utility_desktop.obj
 0000:fffc1000       _volmd                     0000000180000000     MSVCRTD:utility_desktop.obj
 0000:fffbe000       .debug$S                   0000000180000000     vcruntimed:VCRUNTIME140D.dll
 0000:fffbe000       .debug$S                   0000000180000000     vcruntimed:VCRUNTIME140D.dll
 0000:fffbe000       .debug$S                   0000000180000000     vcruntimed:VCRUNTIME140D.dll
 0000:fffbe000       .debug$S                   0000000180000000     vcruntimed:VCRUNTIME140D.dll
 0000:fffbe000       .debug$S                   0000000180000000     vcruntimed:VCRUNTIME140D.dll
 0000:fffbe000       .debug$S                   0000000180000000     vcruntimed:VCRUNTIME140D.dll
 0000:fffbe000       .debug$S                   0000000180000000     vcruntimed:VCRUNTIME140D.dll
 0000:fffbe000       .debug$S                   0000000180000000     vcruntimed:VCRUNTIME140D.dll
 0000:fffbe000       .debug$S                   0000000180000000     ucrtd:ucrtbased.dll
 0000:fffbe000       .debug$S                   0000000180000000     ucrtd:ucrtbased.dll
 0000:fffbe000       .debug$S                   0000000180000000     ucrtd:ucrtbased.dll
 0000:fffbe000       .debug$S                   0000000180000000     ucrtd:ucrtbased.dll
 0000:fffbe000       .debug$S                   0000000180000000     ucrtd:ucrtbased.dll
 0000:fffbe000       .debug$S                   0000000180000000     ucrtd:ucrtbased.dll
 0000:fffbe000       .debug$S                   0000000180000000     ucrtd:ucrtbased.dll
 0000:fffbe000       .debug$S                   0000000180000000     ucrtd:ucrtbased.dll
 0000:fffbe000       .debug$S                   0000000180000000     ucrtd:ucrtbased.dll
 0000:fffbe000       .debug$S                   0000000180000000     ucrtd:ucrtbased.dll
 0000:fffbe000       .debug$S                   0000000180000000     ucrtd:ucrtbased.dll
 0000:fffbe000       .debug$S                   0000000180000000     ucrtd:ucrtbased.dll
 0000:fffbe000       .debug$S                   0000000180000000     ucrtd:ucrtbased.dll
 0000:fffbe000       .debug$S                   0000000180000000     ucrtd:ucrtbased.dll
 0000:fffbe000       .debug$S                   0000000180000000     ucrtd:ucrtbased.dll
 0000:fffbe000       .debug$S                   0000000180000000     ucrtd:ucrtbased.dll
 0000:fffbe000       .debug$S                   0000000180000000     ucrtd:ucrtbased.dll
 0000:fffbe000       .debug$S                   0000000180000000     ucrtd:ucrtbased.dll
 0000:fffbe000       .debug$S                   0000000180000000     ucrtd:ucrtbased.dll
 0000:fffbe000       .debug$S                   0000000180000000     ucrtd:ucrtbased.dll
 0000:fffbe000       .debug$S                   0000000180000000     ucrtd:ucrtbased.dll
 0000:fffbe000       .debug$S                   0000000180000000     ucrtd:ucrtbased.dll
 0000:fffbe000       .debug$S                   0000000180000000     ucrtd:ucrtbased.dll
 0000:fffbe000       .debug$S                   0000000180000000     ucrtd:ucrtbased.dll
 0000:fffbe000       .debug$S                   0000000180000000     ucrtd:ucrtbased.dll
 0000:fffbe000       .debug$S                   0000000180000000     ucrtd:ucrtbased.dll
 0000:fffbe000       .debug$S                   0000000180000000     ucrtd:ucrtbased.dll
 0000:fffbe000       .debug$S                   0000000180000000     kernel32:KERNEL32.dll
 0000:fffbe000       .debug$S                   0000000180000000     kernel32:KERNEL32.dll
 0000:fffbe000       .debug$S                   0000000180000000     kernel32:KERNEL32.dll
 0000:fffbe000       .debug$S                   0000000180000000     kernel32:KERNEL32.dll
 0000:fffbe000       .debug$S                   0000000180000000     kernel32:KERNEL32.dll
 0000:fffbe000       .debug$S                   0000000180000000     kernel32:KERNEL32.dll
 0000:fffbe000       .debug$S                   0000000180000000     kernel32:KERNEL32.dll
 0000:fffbe000       .debug$S                   0000000180000000     kernel32:KERNEL32.dll
 0000:fffbe000       .debug$S                   0000000180000000     kernel32:KERNEL32.dll
 0000:fffbe000       .debug$S                   0000000180000000     kernel32:KERNEL32.dll
 0000:fffbe000       .debug$S                   0000000180000000     kernel32:KERNEL32.dll
 0000:fffbe000       .debug$S                   0000000180000000     kernel32:KERNEL32.dll
 0000:fffbe000       .debug$S                   0000000180000000     kernel32:KERNEL32.dll
 0000:fffbe000       .debug$S                   0000000180000000     kernel32:KERNEL32.dll
 0000:fffbe000       .debug$S                   0000000180000000     kernel32:KERNEL32.dll
 0000:fffbe000       .debug$S                   0000000180000000     kernel32:KERNEL32.dll
 0000:fffbe000       .debug$S                   0000000180000000     kernel32:KERNEL32.dll
 0000:fffbe000       .debug$S                   0000000180000000     kernel32:KERNEL32.dll
 0000:fffbe000       .debug$S                   0000000180000000     kernel32:KERNEL32.dll
 0000:fffbe000       .debug$S                   0000000180000000     kernel32:KERNEL32.dll
 0000:fffbe000       .debug$S                   0000000180000000     kernel32:KERNEL32.dll
 0000:fffbe000       .debug$S                   0000000180000000     kernel32:KERNEL32.dll
 0000:fffbe000       .debug$S                   0000000180000000     kernel32:KERNEL32.dll
 0000:fffbe000       .debug$S                   0000000180000000     kernel32:KERNEL32.dll
 0000:fffbe000       .debug$S                   0000000180000000     kernel32:KERNEL32.dll
 0000:fffbe000       .debug$S                   0000000180000000     kernel32:KERNEL32.dll
 0000:fffbe000       .debug$S                   0000000180000000     kernel32:KERNEL32.dll
 0002:00001650       ?AddCollisionRule@@YAXPEAUgame_state@@IIH@Z 0000000180012650 f   p5engine.obj
 0002:00001850       ?AddEntity@@YAPEAUsim_entity@@PEAUgame_state@@PEAUsim_region@@IPEAUlow_entity@@PEATv3@@@Z 0000000180012850 f   p5engine.obj
 0002:000019f0       ?AddEntityRaw@@YAPEAUsim_entity@@PEAUgame_state@@PEAUsim_region@@IPEAUlow_entity@@@Z 00000001800129f0 f   p5engine.obj
 0002:00001c00       ?AddFamiliar@@YA?AUadd_low_entity_result@@PEAUgame_state@@III@Z 0000000180012c00 f   p5engine.obj
 0002:00001e50       ?AddGroundedEntity@@YA?AUadd_low_entity_result@@PEAUgame_state@@W4entity_type@@Uworld_position@@PEAUsim_entity_collision_volume_group@@@Z 0000000180012e50 f   p5engine.obj
 0002:00001f70       ?AddLowEntity@@YA?AUadd_low_entity_result@@PEAUgame_state@@W4entity_type@@Uworld_position@@@Z 0000000180012f70 f   p5engine.obj
 0002:000021f0       ?AddMonstar@@YA?AUadd_low_entity_result@@PEAUgame_state@@III@Z 00000001800131f0 f   p5engine.obj
 0002:000023f0       ?AddPlayer@@YA?AUadd_low_entity_result@@PEAUgame_state@@@Z 00000001800133f0 f   p5engine.obj
 0002:000027c0       ?AddStairs@@YA?AUadd_low_entity_result@@PEAUgame_state@@III@Z 00000001800137c0 f   p5engine.obj
 0002:000029f0       ?AddStandardRoom@@YA?AUadd_low_entity_result@@PEAUgame_state@@III@Z 00000001800139f0 f   p5engine.obj
 0002:00002be0       ?AddSword@@YA?AUadd_low_entity_result@@PEAUgame_state@@@Z 0000000180013be0 f   p5engine.obj
 0002:00002d40       ?AddWall@@YA?AUadd_low_entity_result@@PEAUgame_state@@III@Z 0000000180013d40 f   p5engine.obj
 0002:00002f30       ?AllocateRenderGroup@@YAPEAUrender_group@@PEAUmemory_arena@@IM@Z 0000000180013f30 f   p5engine.obj
 0002:000031c0       ?BeginSim@@YAPEAUsim_region@@PEAUmemory_arena@@PEAUgame_state@@PEAUworld@@Uworld_position@@Urectangle3@@M@Z 00000001800141c0 f   p5engine.obj
 0002:00003af0       ?CanCollide@@YAHPEAUgame_state@@PEAUsim_entity@@1@Z 0000000180014af0 f   p5engine.obj
 0002:00003ce0       ?CanOverlap@@YAHPEAUgame_state@@PEAUsim_entity@@1@Z 0000000180014ce0 f   p5engine.obj
 0002:00003ed0       ?ChangeEntityLocation@@YAXPEAUmemory_arena@@PEAUworld@@IPEAUlow_entity@@Uworld_position@@@Z 0000000180014ed0 f   p5engine.obj
 0002:00004be0       ?ClearBitmap@@YAXPEAUloaded_bitmap@@@Z 0000000180015be0 f   p5engine.obj
 0002:00004c70       ?ClearCollisionRulesFor@@YAXPEAUgame_state@@I@Z 0000000180015c70 f   p5engine.obj
 0002:00004f30       ?DEBUGLoadBMP@@YA?AUloaded_bitmap@@PEAUthread_context@@P6A?AUdebug_read_file_result@@0PEAD@Z1@Z 0000000180015f30 f   p5engine.obj
 0002:000055e0       ?DrawBitmap@@YAXPEAUloaded_bitmap@@0MMM@Z 00000001800165e0 f   p5engine.obj
 0002:00005be0       ?DrawHitpoints@@YAXPEAUsim_entity@@PEAUrender_group@@@Z 0000000180016be0 f   p5engine.obj
 0002:00005ee0       ?DrawRectangle@@YAXPEAUloaded_bitmap@@Tv2@@1MMMM@Z 0000000180016ee0 f   p5engine.obj
 0002:000061a0       ?DrawRectangleSlowly@@YAXPEAUloaded_bitmap@@Tv2@@11Tv4@@@Z 00000001800171a0 f   p5engine.obj
 0002:00006890       ?EndSim@@YAXPEAUsim_region@@PEAUgame_state@@@Z 0000000180017890 f   p5engine.obj
 0002:00006d20       ?EntitiesOverlap@@YAHPEAUsim_entity@@0Tv3@@@Z 0000000180017d20 f   p5engine.obj
 0002:00007370       ?FillGroundChunk@@YAXPEAUtransient_state@@PEAUgame_state@@PEAUground_buffer@@PEAUworld_position@@@Z 0000000180018370 f   p5engine.obj
 0002:00007d60       ?GameOutputSound@@YAXPEAUgame_state@@PEAUgame_sound_output_buffer@@H@Z 0000000180018d60 f   p5engine.obj
 0002:00008150       ?GetHashFromStorageIndex@@YAPEAUsim_entity_hash@@PEAUsim_region@@I@Z 0000000180019150 f   p5engine.obj
 0002:00008d20       ?HandleCollision@@YAHPEAUgame_state@@PEAUsim_entity@@1@Z 0000000180019d20 f   p5engine.obj
 0002:00008e50       ?HandleOverlap@@YAXPEAUgame_state@@PEAUsim_entity@@1MPEAM@Z 0000000180019e50 f   p5engine.obj
 0002:00008f90       ?InitHitPoints@@YAXPEAUlow_entity@@I@Z 0000000180019f90 f   p5engine.obj
 0002:000090e0       ?InitializeWorld@@YAXPEAUworld@@Tv3@@@Z 000000018001a0e0 f   p5engine.obj
 0002:00009940       ?MakeEmptyBitmap@@YA?AUloaded_bitmap@@PEAUmemory_arena@@HHH@Z 000000018001a940 f   p5engine.obj
 0002:00009bf0       ?MakeNullCollision@@YAPEAUsim_entity_collision_volume_group@@PEAUgame_state@@@Z 000000018001abf0 f   p5engine.obj
 0002:00009d10       ?MakeSimpleGroundedCollision@@YAPEAUsim_entity_collision_volume_group@@PEAUgame_state@@MMM@Z 000000018001ad10 f   p5engine.obj
 0002:0000a030       ?MoveEntity@@YAXPEAUgame_state@@PEAUsim_region@@PEAUsim_entity@@MPEAUmove_spec@@Tv3@@@Z 000000018001b030 f   p5engine.obj
 0002:0000d640       ?RenderGroupToOutput@@YAXPEAUrender_group@@PEAUloaded_bitmap@@@Z 000000018001e640 f   p5engine.obj
 0002:0000deb0       ?SpeculativeCollide@@YAHPEAUsim_entity@@0Tv3@@@Z 000000018001eeb0 f   p5engine.obj
 0002:0000e150       ?Subtract@@YA?ATv3@@PEAUworld@@PEAUworld_position@@1@Z 000000018001f150 f   p5engine.obj
 0002:00011d6c       $LN138                     0000000180022d6c     p5engine.obj
 0002:00013000       $$000000                   0000000180024000     MSVCRTD:chkstk.obj
 0002:00013080       $$000000                   0000000180024080     MSVCRTD:amdsecgs.obj
 0002:000130c0       ?dllmain_crt_dispatch@@YAHQEAUHINSTANCE__@@KQEAX@Z 00000001800240c0 f   MSVCRTD:dll_dllmain.obj
 0002:00013170       ?dllmain_crt_process_attach@@YAHQEAUHINSTANCE__@@QEAX@Z 0000000180024170 f   MSVCRTD:dll_dllmain.obj
 0002:00013300       ?dllmain_crt_process_detach@@YAH_N@Z 0000000180024300 f   MSVCRTD:dll_dllmain.obj
 0002:000133c0       ?dllmain_dispatch@@YAHQEAUHINSTANCE__@@KQEAX@Z 00000001800243c0 f   MSVCRTD:dll_dllmain.obj
 0002:00013550       ?dllmain_raw@@YAHQEAUHINSTANCE__@@KQEAX@Z 0000000180024550 f   MSVCRTD:dll_dllmain.obj
 0002:00013650       ?DebuggerProbe@@YA_NK@Z    0000000180024650 f   MSVCRTD:error.obj
 0002:000136a0       ?DebuggerRuntime@@YA_NKHPEAXPEB_W@Z 00000001800246a0 f   MSVCRTD:error.obj
 0002:00013a30       ?_getMemBlockDataString@@YAXPEAD0PEBD_K@Z 0000000180024a30 f   MSVCRTD:error.obj
 0002:00013b10       ?_strlen_priv@@YA_KPEBD@Z  0000000180024b10 f   MSVCRTD:error.obj
 0002:00013b30       ?failwithmessage@@YAXPEAXHHPEBD@Z 0000000180024b30 f   MSVCRTD:error.obj
 0002:00013e30       ?notify_debugger@@YAXAEBUtagEXCEPTION_VISUALCPP_DEBUG_INFO@@@Z 0000000180024e30 f   MSVCRTD:error.obj
 0002:00014490       capture_current_context    0000000180025490 f   MSVCRTD:gs_report.obj
 0002:00014550       capture_previous_context   0000000180025550 f   MSVCRTD:gs_report.obj
 0002:00014630       __get_entropy              0000000180025630 f   MSVCRTD:gs_support.obj
 0002:000148e0       ?find_pe_section@@YAPEAU_IMAGE_SECTION_HEADER@@QEAE_K@Z 00000001800258e0 f   MSVCRTD:utility.obj
 0002:00014a00       ?is_potentially_valid_image_base@@YA_NQEAX@Z 0000000180025a00 f   MSVCRTD:utility.obj
 0002:000157a0       __castguard_compat_check   00000001800267a0 f   MSVCRTD:guard_support.obj
 0002:00015980       __castguard_slow_path_compat_check 0000000180026980 f   MSVCRTD:guard_support.obj
 0002:00015a70       ?GetPdbDll@@YAPEAUHINSTANCE__@@XZ 0000000180026a70 f   MSVCRTD:pdblkup.obj
 0002:00015c10       ?GetPdbDllFromInstallPath@@YAPEAUHINSTANCE__@@XZ 0000000180026c10 f   MSVCRTD:pdblkup.obj
 0002:00015f70       ?GetPdbDllPathFromFilePath@@YAHPEB_WPEA_W_K@Z 0000000180026f70 f   MSVCRTD:pdblkup.obj
 0002:00018160       $$000000                   0000000180029160     MSVCRTD:guard_dispatch.obj
 0002:00018180       $$000000                   0000000180029180     MSVCRTD:guard_xfg_dispatch.obj
 0002:000191a0       ?fin$0@?0??dllmain_crt_process_attach@@YAHQEAUHINSTANCE__@@QEAX@Z@4HA 000000018002a1a0 f   MSVCRTD:dll_dllmain.obj
 0002:000191c0       ?fin$0@?0??dllmain_crt_process_detach@@YAH_N@Z@4HA 000000018002a1c0 f   MSVCRTD:dll_dllmain.obj
 0002:000191da       ?fin$1@?0??dllmain_crt_process_detach@@YAH_N@Z@4HA 000000018002a1da f   MSVCRTD:dll_dllmain.obj
 0002:00019200       ?filt$0@?0??dllmain_dispatch@@YAHQEAUHINSTANCE__@@KQEAX@Z@4HA 000000018002a200 f   MSVCRTD:dll_dllmain.obj
 0002:00019260       ?filt$0@?0??notify_debugger@@YAXAEBUtagEXCEPTION_VISUALCPP_DEBUG_INFO@@@Z@4HA 000000018002a260 f   MSVCRTD:error.obj
 0002:00019290       __scrt_is_nonwritable_in_current_image$filt$0 000000018002a290 f   MSVCRTD:utility.obj
 0003:00000880       ?BeginTemporaryMemory@@YA?AUtemporary_memory@@PEAUmemory_arena@@@Z$rtcName$0 000000018002c880     p5engine.obj
 0003:00000890       ?BeginTemporaryMemory@@YA?AUtemporary_memory@@PEAUmemory_arena@@@Z$rtcVarDesc 000000018002c890     p5engine.obj
 0003:000008d0       ?BeginTemporaryMemory@@YA?AUtemporary_memory@@PEAUmemory_arena@@@Z$rtcFrameData 000000018002c8d0     p5engine.obj
 0003:00000900       ?FindLeastSignificantSetBit@@YA?AUbit_scan_result@@I@Z$rtcName$0 000000018002c900     p5engine.obj
 0003:00000910       ?FindLeastSignificantSetBit@@YA?AUbit_scan_result@@I@Z$rtcVarDesc 000000018002c910     p5engine.obj
 0003:00000950       ?FindLeastSignificantSetBit@@YA?AUbit_scan_result@@I@Z$rtcFrameData 000000018002c950     p5engine.obj
 0003:00000980       ?V2@@YA?ATv2@@MM@Z$rtcName$0 000000018002c980     p5engine.obj
 0003:00000990       ?V2@@YA?ATv2@@MM@Z$rtcVarDesc 000000018002c990     p5engine.obj
 0003:000009d0       ?V2@@YA?ATv2@@MM@Z$rtcFrameData 000000018002c9d0     p5engine.obj
 0003:00000a00       ?V2i@@YA?ATv2@@HH@Z$rtcName$0 000000018002ca00     p5engine.obj
 0003:00000a10       ?V2i@@YA?ATv2@@HH@Z$rtcVarDesc 000000018002ca10     p5engine.obj
 0003:00000a50       ?V2i@@YA?ATv2@@HH@Z$rtcFrameData 000000018002ca50     p5engine.obj
 0003:00000a80       ??D@YA?ATv2@@MT0@@Z$rtcName$0 000000018002ca80     p5engine.obj
 0003:00000a90       ??D@YA?ATv2@@MT0@@Z$rtcVarDesc 000000018002ca90     p5engine.obj
 0003:00000ad0       ??D@YA?ATv2@@MT0@@Z$rtcFrameData 000000018002cad0     p5engine.obj
 0003:00000b00       ??G@YA?ATv2@@T0@@Z$rtcName$0 000000018002cb00     p5engine.obj
 0003:00000b10       ??G@YA?ATv2@@T0@@Z$rtcVarDesc 000000018002cb10     p5engine.obj
 0003:00000b50       ??G@YA?ATv2@@T0@@Z$rtcFrameData 000000018002cb50     p5engine.obj
 0003:00000b80       ??H@YA?ATv2@@T0@0@Z$rtcName$0 000000018002cb80     p5engine.obj
 0003:00000b90       ??H@YA?ATv2@@T0@0@Z$rtcVarDesc 000000018002cb90     p5engine.obj
 0003:00000bd0       ??H@YA?ATv2@@T0@0@Z$rtcFrameData 000000018002cbd0     p5engine.obj
 0003:00000c00       ??G@YA?ATv2@@T0@0@Z$rtcName$0 000000018002cc00     p5engine.obj
 0003:00000c10       ??G@YA?ATv2@@T0@0@Z$rtcVarDesc 000000018002cc10     p5engine.obj
 0003:00000c50       ??G@YA?ATv2@@T0@0@Z$rtcFrameData 000000018002cc50     p5engine.obj
 0003:00000c80       ?Clamp01@@YA?ATv2@@T1@@Z$rtcName$0 000000018002cc80     p5engine.obj
 0003:00000c90       ?Clamp01@@YA?ATv2@@T1@@Z$rtcVarDesc 000000018002cc90     p5engine.obj
 0003:00000cd0       ?Clamp01@@YA?ATv2@@T1@@Z$rtcFrameData 000000018002ccd0     p5engine.obj
 0003:00000d00       ?V3@@YA?ATv3@@MMM@Z$rtcName$0 000000018002cd00     p5engine.obj
 0003:00000d10       ?V3@@YA?ATv3@@MMM@Z$rtcVarDesc 000000018002cd10     p5engine.obj
 0003:00000d50       ?V3@@YA?ATv3@@MMM@Z$rtcFrameData 000000018002cd50     p5engine.obj
 0003:00000d80       ??D@YA?ATv3@@MT0@@Z$rtcName$0 000000018002cd80     p5engine.obj
 0003:00000d90       ??D@YA?ATv3@@MT0@@Z$rtcVarDesc 000000018002cd90     p5engine.obj
 0003:00000dd0       ??D@YA?ATv3@@MT0@@Z$rtcFrameData 000000018002cdd0     p5engine.obj
 0003:00000e00       ??D@YA?ATv3@@T0@M@Z$rtcName$0 000000018002ce00     p5engine.obj
 0003:00000e10       ??D@YA?ATv3@@T0@M@Z$rtcVarDesc 000000018002ce10     p5engine.obj
 0003:00000e50       ??D@YA?ATv3@@T0@M@Z$rtcFrameData 000000018002ce50     p5engine.obj
 0003:00000e80       ??H@YA?ATv3@@T0@0@Z$rtcName$0 000000018002ce80     p5engine.obj
 0003:00000e90       ??H@YA?ATv3@@T0@0@Z$rtcVarDesc 000000018002ce90     p5engine.obj
 0003:00000ed0       ??H@YA?ATv3@@T0@0@Z$rtcFrameData 000000018002ced0     p5engine.obj
 0003:00000f00       ??G@YA?ATv3@@T0@0@Z$rtcName$0 000000018002cf00     p5engine.obj
 0003:00000f10       ??G@YA?ATv3@@T0@0@Z$rtcVarDesc 000000018002cf10     p5engine.obj
 0003:00000f50       ??G@YA?ATv3@@T0@0@Z$rtcFrameData 000000018002cf50     p5engine.obj
 0003:00000f80       ?Hadamard@@YA?ATv3@@T1@0@Z$rtcName$0 000000018002cf80     p5engine.obj
 0003:00000f90       ?Hadamard@@YA?ATv3@@T1@0@Z$rtcVarDesc 000000018002cf90     p5engine.obj
 0003:00000fd0       ?Hadamard@@YA?ATv3@@T1@0@Z$rtcFrameData 000000018002cfd0     p5engine.obj
 0003:00001000       ?V4@@YA?ATv4@@MMMM@Z$rtcName$0 000000018002d000     p5engine.obj
 0003:00001010       ?V4@@YA?ATv4@@MMMM@Z$rtcVarDesc 000000018002d010     p5engine.obj
 0003:00001050       ?V4@@YA?ATv4@@MMMM@Z$rtcFrameData 000000018002d050     p5engine.obj
 0003:00001080       ?RectCenterHalfDim@@YA?AUrectangle2@@Tv2@@0@Z$rtcName$0 000000018002d080     p5engine.obj
 0003:00001090       ?RectCenterHalfDim@@YA?AUrectangle2@@Tv2@@0@Z$rtcVarDesc 000000018002d090     p5engine.obj
 0003:000010d0       ?RectCenterHalfDim@@YA?AUrectangle2@@Tv2@@0@Z$rtcFrameData 000000018002d0d0     p5engine.obj
 0003:00001100       ?RectCenterDim@@YA?AUrectangle2@@Tv2@@0@Z$rtcName$0 000000018002d100     p5engine.obj
 0003:00001110       ?RectCenterDim@@YA?AUrectangle2@@Tv2@@0@Z$rtcVarDesc 000000018002d110     p5engine.obj
 0003:00001150       ?RectCenterDim@@YA?AUrectangle2@@Tv2@@0@Z$rtcFrameData 000000018002d150     p5engine.obj
 0003:00001180       ?GetBarycentric@@YA?ATv2@@Urectangle2@@T1@@Z$rtcName$0 000000018002d180     p5engine.obj
 0003:00001190       ?GetBarycentric@@YA?ATv2@@Urectangle2@@T1@@Z$rtcVarDesc 000000018002d190     p5engine.obj
 0003:000011d0       ?GetBarycentric@@YA?ATv2@@Urectangle2@@T1@@Z$rtcFrameData 000000018002d1d0     p5engine.obj
 0003:00001200       ?GetMinCorner@@YA?ATv3@@Urectangle3@@@Z$rtcName$0 000000018002d200     p5engine.obj
 0003:00001210       ?GetMinCorner@@YA?ATv3@@Urectangle3@@@Z$rtcVarDesc 000000018002d210     p5engine.obj
 0003:00001250       ?GetMinCorner@@YA?ATv3@@Urectangle3@@@Z$rtcFrameData 000000018002d250     p5engine.obj
 0003:00001280       ?GetMaxCorner@@YA?ATv3@@Urectangle3@@@Z$rtcName$0 000000018002d280     p5engine.obj
 0003:00001290       ?GetMaxCorner@@YA?ATv3@@Urectangle3@@@Z$rtcVarDesc 000000018002d290     p5engine.obj
 0003:000012d0       ?GetMaxCorner@@YA?ATv3@@Urectangle3@@@Z$rtcFrameData 000000018002d2d0     p5engine.obj
 0003:00001300       ?RectCenterHalfDim@@YA?AUrectangle3@@Tv3@@0@Z$rtcName$0 000000018002d300     p5engine.obj
 0003:00001310       ?RectCenterHalfDim@@YA?AUrectangle3@@Tv3@@0@Z$rtcVarDesc 000000018002d310     p5engine.obj
 0003:00001350       ?RectCenterHalfDim@@YA?AUrectangle3@@Tv3@@0@Z$rtcFrameData 000000018002d350     p5engine.obj
 0003:00001380       ?AddRadiusTo@@YA?AUrectangle3@@U1@Tv3@@@Z$rtcName$0 000000018002d380     p5engine.obj
 0003:00001390       ?AddRadiusTo@@YA?AUrectangle3@@U1@Tv3@@@Z$rtcVarDesc 000000018002d390     p5engine.obj
 0003:000013d0       ?AddRadiusTo@@YA?AUrectangle3@@U1@Tv3@@@Z$rtcFrameData 000000018002d3d0     p5engine.obj
 0003:00001400       ?RectCenterDim@@YA?AUrectangle3@@Tv3@@0@Z$rtcName$0 000000018002d400     p5engine.obj
 0003:00001410       ?RectCenterDim@@YA?AUrectangle3@@Tv3@@0@Z$rtcVarDesc 000000018002d410     p5engine.obj
 0003:00001450       ?RectCenterDim@@YA?AUrectangle3@@Tv3@@0@Z$rtcFrameData 000000018002d450     p5engine.obj
 0003:00001480       ?GetEntityGroundPoint@@YA?ATv3@@PEAUsim_entity@@T1@@Z$rtcName$0 000000018002d480     p5engine.obj
 0003:00001490       ?GetEntityGroundPoint@@YA?ATv3@@PEAUsim_entity@@T1@@Z$rtcVarDesc 000000018002d490     p5engine.obj
 0003:000014d0       ?GetEntityGroundPoint@@YA?ATv3@@PEAUsim_entity@@T1@@Z$rtcFrameData 000000018002d4d0     p5engine.obj
 0003:00001500       ?GetEntityGroundPoint@@YA?ATv3@@PEAUsim_entity@@@Z$rtcName$0 000000018002d500     p5engine.obj
 0003:00001510       ?GetEntityGroundPoint@@YA?ATv3@@PEAUsim_entity@@@Z$rtcVarDesc 000000018002d510     p5engine.obj
 0003:00001550       ?GetEntityGroundPoint@@YA?ATv3@@PEAUsim_entity@@@Z$rtcFrameData 000000018002d550     p5engine.obj
 0003:00001580       ?GetStairGround@@YAMPEAUsim_entity@@Tv3@@@Z$rtcName$0 000000018002d580     p5engine.obj
 0003:0000158c       ?GetStairGround@@YAMPEAUsim_entity@@Tv3@@@Z$rtcName$1 000000018002d58c     p5engine.obj
 0003:000015a0       ?GetStairGround@@YAMPEAUsim_entity@@Tv3@@@Z$rtcVarDesc 000000018002d5a0     p5engine.obj
 0003:00001620       ?GetStairGround@@YAMPEAUsim_entity@@Tv3@@@Z$rtcFrameData 000000018002d620     p5engine.obj
 0003:00001660       ?DrawRectangleSlowly@@YAXPEAUloaded_bitmap@@Tv2@@11Tv4@@@Z$rtcName$0 000000018002d660     p5engine.obj
 0003:00001664       ?DrawRectangleSlowly@@YAXPEAUloaded_bitmap@@Tv2@@11Tv4@@@Z$rtcName$1 000000018002d664     p5engine.obj
 0003:00001670       ?DrawRectangleSlowly@@YAXPEAUloaded_bitmap@@Tv2@@11Tv4@@@Z$rtcName$2 000000018002d670     p5engine.obj
 0003:00001680       ?DrawRectangleSlowly@@YAXPEAUloaded_bitmap@@Tv2@@11Tv4@@@Z$rtcVarDesc 000000018002d680     p5engine.obj
 0003:00001740       ?DrawRectangleSlowly@@YAXPEAUloaded_bitmap@@Tv2@@11Tv4@@@Z$rtcFrameData 000000018002d740     p5engine.obj
 0003:00001780       ?PushBitmap@@YAXPEAUrender_group@@PEAUloaded_bitmap@@Tv2@@M2MM@Z$rtcName$0 000000018002d780     p5engine.obj
 0003:00001784       ?PushBitmap@@YAXPEAUrender_group@@PEAUloaded_bitmap@@Tv2@@M2MM@Z$rtcName$1 000000018002d784     p5engine.obj
 0003:00001790       ?PushBitmap@@YAXPEAUrender_group@@PEAUloaded_bitmap@@Tv2@@M2MM@Z$rtcVarDesc 000000018002d790     p5engine.obj
 0003:00001810       ?PushBitmap@@YAXPEAUrender_group@@PEAUloaded_bitmap@@Tv2@@M2MM@Z$rtcFrameData 000000018002d810     p5engine.obj
 0003:00001840       ?PushRect@@YAXPEAUrender_group@@Tv2@@M1Tv4@@M@Z$rtcName$0 000000018002d840     p5engine.obj
 0003:00001850       ?PushRect@@YAXPEAUrender_group@@Tv2@@M1Tv4@@M@Z$rtcVarDesc 000000018002d850     p5engine.obj
 0003:00001890       ?PushRect@@YAXPEAUrender_group@@Tv2@@M1Tv4@@M@Z$rtcFrameData 000000018002d890     p5engine.obj
 0003:000018c0       ?GetRenderEntityBasisPos@@YA?ATv2@@PEAUrender_group@@PEAUrender_entity_basis@@T1@@Z$rtcName$0 000000018002d8c0     p5engine.obj
 0003:000018d0       ?GetRenderEntityBasisPos@@YA?ATv2@@PEAUrender_group@@PEAUrender_entity_basis@@T1@@Z$rtcName$1 000000018002d8d0     p5engine.obj
 0003:000018e0       ?GetRenderEntityBasisPos@@YA?ATv2@@PEAUrender_group@@PEAUrender_entity_basis@@T1@@Z$rtcVarDesc 000000018002d8e0     p5engine.obj
 0003:00001960       ?GetRenderEntityBasisPos@@YA?ATv2@@PEAUrender_group@@PEAUrender_entity_basis@@T1@@Z$rtcFrameData 000000018002d960     p5engine.obj
 0003:000019a0       ?RenderGroupToOutput@@YAXPEAUrender_group@@PEAUloaded_bitmap@@@Z$rtcName$0 000000018002d9a0     p5engine.obj
 0003:000019b0       ?RenderGroupToOutput@@YAXPEAUrender_group@@PEAUloaded_bitmap@@@Z$rtcName$1 000000018002d9b0     p5engine.obj
 0003:000019b4       ?RenderGroupToOutput@@YAXPEAUrender_group@@PEAUloaded_bitmap@@@Z$rtcName$2 000000018002d9b4     p5engine.obj
 0003:000019b8       ?RenderGroupToOutput@@YAXPEAUrender_group@@PEAUloaded_bitmap@@@Z$rtcName$3 000000018002d9b8     p5engine.obj
 0003:000019c0       ?RenderGroupToOutput@@YAXPEAUrender_group@@PEAUloaded_bitmap@@@Z$rtcName$4 000000018002d9c0     p5engine.obj
 0003:000019c4       ?RenderGroupToOutput@@YAXPEAUrender_group@@PEAUloaded_bitmap@@@Z$rtcName$5 000000018002d9c4     p5engine.obj
 0003:000019d0       ?RenderGroupToOutput@@YAXPEAUrender_group@@PEAUloaded_bitmap@@@Z$rtcVarDesc 000000018002d9d0     p5engine.obj
[...]
 0003:0000671c       $unwind$?ChangeEntityLocation@@YAXPEAUmemory_arena@@PEAUworld@@IPEAUlow_entity@@Uworld_position@@@Z 000000018003271c     p5engine.obj
 0003:00006730       $unwind$?GetHashFromStorageIndex@@YAPEAUsim_entity_hash@@PEAUsim_region@@I@Z 0000000180032730     p5engine.obj
 0003:00006744       $unwind$?GetSimSpacePos@@YA?ATv3@@PEAUsim_region@@PEAUlow_entity@@@Z 0000000180032744     p5engine.obj
 0003:00006758       $unwind$?AddEntity@@YAPEAUsim_entity@@PEAUgame_state@@PEAUsim_region@@IPEAUlow_entity@@PEATv3@@@Z 0000000180032758     p5engine.obj
 0003:0000676c       $unwind$?LoadEntityReference@@YAXPEAUgame_state@@PEAUsim_region@@PEATentity_reference@@@Z 000000018003276c     p5engine.obj
 0003:00006788       $unwind$?StoreEntityReference@@YAXPEATentity_reference@@@Z 0000000180032788     p5engine.obj
 0003:0000679c       $unwind$?AddEntityRaw@@YAPEAUsim_entity@@PEAUgame_state@@PEAUsim_region@@IPEAUlow_entity@@@Z 000000018003279c     p5engine.obj
 0003:000067b0       $unwind$?EntityOverlapsRectangle@@YAHTv3@@Usim_entity_collision_volume@@Urectangle3@@@Z 00000001800327b0     p5engine.obj
 0003:000067c4       $unwind$?BeginSim@@YAPEAUsim_region@@PEAUmemory_arena@@PEAUgame_state@@PEAUworld@@Uworld_position@@Urectangle3@@M@Z 00000001800327c4     p5engine.obj
 0003:000067e0       $unwind$?EndSim@@YAXPEAUsim_region@@PEAUgame_state@@@Z 00000001800327e0     p5engine.obj
 0003:000067fc       $unwind$?CanCollide@@YAHPEAUgame_state@@PEAUsim_entity@@1@Z 00000001800327fc     p5engine.obj
 0003:00006810       $unwind$?HandleCollision@@YAHPEAUgame_state@@PEAUsim_entity@@1@Z 0000000180032810     p5engine.obj
 0003:00006824       $unwind$?CanOverlap@@YAHPEAUgame_state@@PEAUsim_entity@@1@Z 0000000180032824     p5engine.obj
 0003:00006838       $unwind$?HandleOverlap@@YAXPEAUgame_state@@PEAUsim_entity@@1MPEAM@Z 0000000180032838     p5engine.obj
 0003:0000684c       $unwind$?SpeculativeCollide@@YAHPEAUsim_entity@@0Tv3@@@Z 000000018003284c     p5engine.obj
 0003:00006860       $unwind$?EntitiesOverlap@@YAHPEAUsim_entity@@0Tv3@@@Z 0000000180032860     p5engine.obj
 0003:00006874       $unwind$?MoveEntity@@YAXPEAUgame_state@@PEAUsim_region@@PEAUsim_entity@@MPEAUmove_spec@@Tv3@@@Z 0000000180032874     p5engine.obj
 0003:00006890       $unwind$?DefaultMoveSpec@@YA?AUmove_spec@@XZ 0000000180032890     p5engine.obj
 0003:000068ac       $unwind$?RandomSeed@@YA?AUrandom_series@@I@Z 00000001800328ac     p5engine.obj
 0003:000068c8       $unwind$?RandomNextUInt32@@YAIPEAUrandom_series@@@Z 00000001800328c8     p5engine.obj
 0003:000068dc       $unwind$?RandomChoice@@YAIPEAUrandom_series@@I@Z 00000001800328dc     p5engine.obj
 0003:000068f0       $unwind$?RandomUnilateral@@YAMPEAUrandom_series@@@Z 00000001800328f0     p5engine.obj
 0003:00006904       $unwind$?GameOutputSound@@YAXPEAUgame_state@@PEAUgame_sound_output_buffer@@H@Z 0000000180032904     p5engine.obj
 0003:00006918       $unwind$?DEBUGLoadBMP@@YA?AUloaded_bitmap@@PEAUthread_context@@P6A?AUdebug_read_file_result@@0PEAD@Z1@Z 0000000180032918     p5engine.obj
 0003:00006934       $unwind$?AddLowEntity@@YA?AUadd_low_entity_result@@PEAUgame_state@@W4entity_type@@Uworld_position@@@Z 0000000180032934     p5engine.obj
 0003:00006950       $unwind$?AddGroundedEntity@@YA?AUadd_low_entity_result@@PEAUgame_state@@W4entity_type@@Uworld_position@@PEAUsim_entity_collision_volume_group@@@Z 0000000180032950     p5engine.obj
 0003:00006964       $unwind$?AddStandardRoom@@YA?AUadd_low_entity_result@@PEAUgame_state@@III@Z 0000000180032964     p5engine.obj
 0003:00006978       $unwind$?AddWall@@YA?AUadd_low_entity_result@@PEAUgame_state@@III@Z 0000000180032978     p5engine.obj
 0003:0000698c       $unwind$?AddStairs@@YA?AUadd_low_entity_result@@PEAUgame_state@@III@Z 000000018003298c     p5engine.obj
 0003:000069a0       $unwind$?InitHitPoints@@YAXPEAUlow_entity@@I@Z 00000001800329a0     p5engine.obj
 0003:000069b4       $unwind$?AddSword@@YA?AUadd_low_entity_result@@PEAUgame_state@@@Z 00000001800329b4     p5engine.obj
 0003:000069c8       $unwind$?AddPlayer@@YA?AUadd_low_entity_result@@PEAUgame_state@@@Z 00000001800329c8     p5engine.obj
 0003:000069dc       $unwind$?AddMonstar@@YA?AUadd_low_entity_result@@PEAUgame_state@@III@Z 00000001800329dc     p5engine.obj
 0003:000069f0       $unwind$?AddFamiliar@@YA?AUadd_low_entity_result@@PEAUgame_state@@III@Z 00000001800329f0     p5engine.obj
 0003:00006a04       $unwind$?DrawHitpoints@@YAXPEAUsim_entity@@PEAUrender_group@@@Z 0000000180032a04     p5engine.obj
 0003:00006a20       $unwind$?MakeSimpleGroundedCollision@@YAPEAUsim_entity_collision_volume_group@@PEAUgame_state@@MMM@Z 0000000180032a20     p5engine.obj
 0003:00006a34       $unwind$?MakeNullCollision@@YAPEAUsim_entity_collision_volume_group@@PEAUgame_state@@@Z 0000000180032a34     p5engine.obj
 0003:00006a48       $unwind$?FillGroundChunk@@YAXPEAUtransient_state@@PEAUgame_state@@PEAUground_buffer@@PEAUworld_position@@@Z 0000000180032a48     p5engine.obj
 0003:00006a64       $unwind$?ClearBitmap@@YAXPEAUloaded_bitmap@@@Z 0000000180032a64     p5engine.obj
 0003:00006a78       $unwind$?MakeEmptyBitmap@@YA?AUloaded_bitmap@@PEAUmemory_arena@@HHH@Z 0000000180032a78     p5engine.obj
 0003:00006a94       $unwind$GameUpdateAndRender 0000000180032a94     p5engine.obj
 0003:00006ab0       $unwind$GameGetSoundSamples 0000000180032ab0     p5engine.obj
 0003:00006ac4       $unwind$_RTC_CheckStackVars 0000000180032ac4     MSVCRTD:stack.obj
 0003:00006ad8       $chain$0$_RTC_CheckStackVars 0000000180032ad8     MSVCRTD:stack.obj
 0003:00006af0       $chain$1$_RTC_CheckStackVars 0000000180032af0     MSVCRTD:stack.obj
 0003:00006b04       $unwind$_RTC_CheckStackVars2 0000000180032b04     MSVCRTD:stack.obj
 0003:00006b14       $chain$1$_RTC_CheckStackVars2 0000000180032b14     MSVCRTD:stack.obj
 0003:00006b30       $chain$2$_RTC_CheckStackVars2 0000000180032b30     MSVCRTD:stack.obj
 0003:00006b48       $chain$3$_RTC_CheckStackVars2 0000000180032b48     MSVCRTD:stack.obj
 0003:00006b60       $chain$4$_RTC_CheckStackVars2 0000000180032b60     MSVCRTD:stack.obj
 0003:00006b74       $chain$5$_RTC_CheckStackVars2 0000000180032b74     MSVCRTD:stack.obj
 0003:00006b88       $chain$6$_RTC_CheckStackVars2 0000000180032b88     MSVCRTD:stack.obj
 0003:00006b9c       $unwind$_RTC_AllocaHelper  0000000180032b9c     MSVCRTD:stack.obj
 0003:00006ba4       $chain$0$_RTC_AllocaHelper 0000000180032ba4     MSVCRTD:stack.obj
 0003:00006bbc       $chain$1$_RTC_AllocaHelper 0000000180032bbc     MSVCRTD:stack.obj
 0003:00006bd0       $unwind$_RTC_Shutdown      0000000180032bd0     MSVCRTD:init.obj
 0003:00006bd8       $unwind$_RTC_InitBase      0000000180032bd8     MSVCRTD:init.obj
 0003:00006be0       $unwind$__CheckForDebuggerJustMyCode 0000000180032be0     MSVCRTD:debugger_jmc.obj
 0003:00006be8       $unwind$__GSHandlerCheckCommon 0000000180032be8     MSVCRTD:gshandler.obj
 0003:00006bf0       $unwind$__GSHandlerCheck   0000000180032bf0     MSVCRTD:gshandler.obj
 0003:00006bf8       $xdatasym                  0000000180032bf8     MSVCRTD:chkstk.obj
 0003:00006c00       $xdatasym                  0000000180032c00     MSVCRTD:amdsecgs.obj
 0003:00006c04       $unwind$?dllmain_crt_process_attach@@YAHQEAUHINSTANCE__@@QEAX@Z 0000000180032c04     MSVCRTD:dll_dllmain.obj
 0003:00006c28       $unwind$?fin$0@?0??dllmain_crt_process_attach@@YAHQEAUHINSTANCE__@@QEAX@Z@4HA 0000000180032c28     MSVCRTD:dll_dllmain.obj
 0003:00006c30       $unwind$?dllmain_crt_process_detach@@YAH_N@Z 0000000180032c30     MSVCRTD:dll_dllmain.obj
 0003:00006c64       $unwind$?fin$0@?0??dllmain_crt_process_detach@@YAH_N@Z@4HA 0000000180032c64     MSVCRTD:dll_dllmain.obj
 0003:00006c6c       $unwind$?fin$1@?0??dllmain_crt_process_detach@@YAH_N@Z@4HA 0000000180032c6c     MSVCRTD:dll_dllmain.obj
 0003:00006c74       $unwind$?dllmain_crt_dispatch@@YAHQEAUHINSTANCE__@@KQEAX@Z 0000000180032c74     MSVCRTD:dll_dllmain.obj
 0003:00006c7c       $unwind$_CRT_INIT          0000000180032c7c     MSVCRTD:dll_dllmain.obj
 0003:00006c84       $unwind$?dllmain_raw@@YAHQEAUHINSTANCE__@@KQEAX@Z 0000000180032c84     MSVCRTD:dll_dllmain.obj
 0003:00006c8c       $unwind$?dllmain_dispatch@@YAHQEAUHINSTANCE__@@KQEAX@Z 0000000180032c8c     MSVCRTD:dll_dllmain.obj
 0003:00006cb0       $unwind$?filt$0@?0??dllmain_dispatch@@YAHQEAUHINSTANCE__@@KQEAX@Z@4HA 0000000180032cb0     MSVCRTD:dll_dllmain.obj
 0003:00006cb8       $unwind$_DllMainCRTStartup 0000000180032cb8     MSVCRTD:dll_dllmain.obj
 0003:00006cc0       $unwind$_RTC_UninitUse     0000000180032cc0     MSVCRTD:error.obj
 0003:00006cdc       $unwind$?_RTC_StackFailure@@YAXPEAXPEBD@Z 0000000180032cdc     MSVCRTD:error.obj
 0003:00006cfc       $unwind$?_RTC_AllocaFailure@@YAXPEAXPEAU_RTC_ALLOCA_NODE@@H@Z 0000000180032cfc     MSVCRTD:error.obj
 0003:00006d18       $chain$0$?_RTC_AllocaFailure@@YAXPEAXPEAU_RTC_ALLOCA_NODE@@H@Z 0000000180032d18     MSVCRTD:error.obj
 0003:00006d30       $chain$1$?_RTC_AllocaFailure@@YAXPEAXPEAU_RTC_ALLOCA_NODE@@H@Z 0000000180032d30     MSVCRTD:error.obj
 0003:00006d44       $unwind$_vsprintf_s_l      0000000180032d44     MSVCRTD:error.obj
 0003:00006d5c       $unwind$sprintf_s          0000000180032d5c     MSVCRTD:error.obj
 0003:00006d64       $unwind$?notify_debugger@@YAXAEBUtagEXCEPTION_VISUALCPP_DEBUG_INFO@@@Z 0000000180032d64     MSVCRTD:error.obj
 0003:00006d88       $unwind$?filt$0@?0??notify_debugger@@YAXAEBUtagEXCEPTION_VISUALCPP_DEBUG_INFO@@@Z@4HA 0000000180032d88     MSVCRTD:error.obj
 0003:00006d90       $unwind$?DebuggerProbe@@YA_NK@Z 0000000180032d90     MSVCRTD:error.obj
 0003:00006d98       $unwind$?DebuggerRuntime@@YA_NKHPEAXPEB_W@Z 0000000180032d98     MSVCRTD:error.obj
 0003:00006da0       $unwind$?failwithmessage@@YAXPEAXHHPEBD@Z 0000000180032da0     MSVCRTD:error.obj
 0003:00006dc8       $unwind$?_getMemBlockDataString@@YAXPEAD0PEBD_K@Z 0000000180032dc8     MSVCRTD:error.obj
 0003:00006ddc       $chain$3$?_getMemBlockDataString@@YAXPEAD0PEBD_K@Z 0000000180032ddc     MSVCRTD:error.obj
 0003:00006e00       $chain$4$?_getMemBlockDataString@@YAXPEAD0PEBD_K@Z 0000000180032e00     MSVCRTD:error.obj
 0003:00006e14       $unwind$__report_securityfailure 0000000180032e14     MSVCRTD:gs_report.obj
 0003:00006e1c       $unwind$__report_securityfailureEx 0000000180032e1c     MSVCRTD:gs_report.obj
 0003:00006e24       $unwind$__report_rangecheckfailure 0000000180032e24     MSVCRTD:gs_report.obj
 0003:00006e2c       $unwind$__report_gsfailure 0000000180032e2c     MSVCRTD:gs_report.obj
 0003:00006e34       $unwind$capture_current_context 0000000180032e34     MSVCRTD:gs_report.obj
 0003:00006e3c       $unwind$capture_previous_context 0000000180032e3c     MSVCRTD:gs_report.obj
 0003:00006e44       $unwind$__raise_securityfailure 0000000180032e44     MSVCRTD:gs_report.obj
 0003:00006e4c       $unwind$__security_init_cookie 0000000180032e4c     MSVCRTD:gs_support.obj
 0003:00006e54       $unwind$__get_entropy      0000000180032e54     MSVCRTD:gs_support.obj
 0003:00006e5c       $unwind$DllMain            0000000180032e5c     MSVCRTD:dll_dllmain_stub.obj
 0003:00006e64       $unwind$?__scrt_initialize_type_info@@YAXXZ 0000000180032e64     MSVCRTD:tncleanup.obj
 0003:00006e6c       $unwind$?__scrt_uninitialize_type_info@@YAXXZ 0000000180032e6c     MSVCRTD:tncleanup.obj
 0003:00006e74       $unwind$__scrt_initialize_default_local_stdio_options 0000000180032e74     MSVCRTD:default_local_stdio_options.obj
 0003:00006e7c       $unwind$atexit             0000000180032e7c     MSVCRTD:utility.obj
 0003:00006e84       $unwind$_onexit            0000000180032e84     MSVCRTD:utility.obj
 0003:00006e8c       $unwind$at_quick_exit      0000000180032e8c     MSVCRTD:utility.obj
 0003:00006e94       $unwind$__scrt_is_nonwritable_in_current_image 0000000180032e94     MSVCRTD:utility.obj
 0003:00006eb8       $unwind$__scrt_is_nonwritable_in_current_image$filt$0 0000000180032eb8     MSVCRTD:utility.obj
 0003:00006ec0       $unwind$__scrt_acquire_startup_lock 0000000180032ec0     MSVCRTD:utility.obj
 0003:00006ec8       $unwind$__scrt_release_startup_lock 0000000180032ec8     MSVCRTD:utility.obj
 0003:00006ed0       $unwind$__scrt_initialize_crt 0000000180032ed0     MSVCRTD:utility.obj
 0003:00006ed8       $unwind$__scrt_uninitialize_crt 0000000180032ed8     MSVCRTD:utility.obj
 0003:00006ee0       $unwind$__scrt_initialize_onexit_tables 0000000180032ee0     MSVCRTD:utility.obj
 0003:00006ef0       $unwind$__scrt_dllmain_exception_filter 0000000180032ef0     MSVCRTD:utility.obj
 0003:00006ef8       $unwind$__scrt_dllmain_before_initialize_c 0000000180032ef8     MSVCRTD:utility.obj
 0003:00006f00       $unwind$__scrt_dllmain_after_initialize_c 0000000180032f00     MSVCRTD:utility.obj
 0003:00006f08       $unwind$__scrt_dllmain_uninitialize_c 0000000180032f08     MSVCRTD:utility.obj
 0003:00006f10       $unwind$__scrt_dllmain_uninitialize_critical 0000000180032f10     MSVCRTD:utility.obj
 0003:00006f18       $unwind$__scrt_dllmain_crt_thread_attach 0000000180032f18     MSVCRTD:utility.obj
 0003:00006f20       $unwind$__scrt_dllmain_crt_thread_detach 0000000180032f20     MSVCRTD:utility.obj
 0003:00006f28       $unwind$?configure_argv@__scrt_narrow_argv_policy@@SAHXZ 0000000180032f28     MSVCRTD:utility.obj
 0003:00006f30       $unwind$?initialize_environment@__scrt_narrow_environment_policy@@SAHXZ 0000000180032f30     MSVCRTD:utility.obj
 0003:00006f38       $unwind$?is_potentially_valid_image_base@@YA_NQEAX@Z 0000000180032f38     MSVCRTD:utility.obj
 0003:00006f40       $unwind$?find_pe_section@@YAPEAU_IMAGE_SECTION_HEADER@@QEAE_K@Z 0000000180032f40     MSVCRTD:utility.obj
 0003:00006f48       $unwind$__scrt_get_show_window_mode 0000000180032f48     MSVCRTD:utility_desktop.obj
 0003:00006f58       $unwind$__scrt_is_managed_app 0000000180032f58     MSVCRTD:utility_desktop.obj
 0003:00006f60       $unwind$__scrt_initialize_mta 0000000180032f60     MSVCRTD:utility_desktop.obj
 0003:00006f68       $unwind$__scrt_set_unhandled_exception_filter 0000000180032f68     MSVCRTD:utility_desktop.obj
 0003:00006f70       $unwind$__scrt_fastfail    0000000180032f70     MSVCRTD:utility_desktop.obj
 0003:00006f80       $unwind$__scrt_unhandled_exception_filter 0000000180032f80     MSVCRTD:utility_desktop.obj
 0003:00006f88       $unwind$_RTC_Initialize    0000000180032f88     MSVCRTD:initsect.obj
 0003:00006f98       $unwind$_RTC_Terminate     0000000180032f98     MSVCRTD:initsect.obj
 0003:00006fa8       $unwind$ReadNoFence64      0000000180032fa8     MSVCRTD:guard_support.obj
 0003:00006fb0       $unwind$ReadPointerNoFence 0000000180032fb0     MSVCRTD:guard_support.obj
 0003:00006fb8       $unwind$_guard_icall_checks_enforced 0000000180032fb8     MSVCRTD:guard_support.obj
 0003:00006fc0       $unwind$__castguard_compat_check 0000000180032fc0     MSVCRTD:guard_support.obj
 0003:00006fc8       $unwind$__castguard_check_failure_debugbreak 0000000180032fc8     MSVCRTD:guard_support.obj
 0003:00006fd0       $unwind$__castguard_check_failure_fastfail 0000000180032fd0     MSVCRTD:guard_support.obj
 0003:00006fd8       $unwind$__castguard_check_failure_os_handled 0000000180032fd8     MSVCRTD:guard_support.obj
 0003:00006fe0       $unwind$__castguard_slow_path_compat_check 0000000180032fe0     MSVCRTD:guard_support.obj
 0003:00006fe8       $unwind$__castguard_slow_path_check_debugbreak 0000000180032fe8     MSVCRTD:guard_support.obj
 0003:00006ff0       $unwind$__castguard_slow_path_check_fastfail 0000000180032ff0     MSVCRTD:guard_support.obj
 0003:00006ff8       $unwind$__castguard_slow_path_check_os_handled 0000000180032ff8     MSVCRTD:guard_support.obj
 0003:00007000       $unwind$?_RTC_GetSrcLine@@YAHPEAEPEA_WKPEAH1K@Z 0000000180033000     MSVCRTD:pdblkup.obj
 0003:0000701c       $unwind$?GetPdbDllFromInstallPath@@YAPEAUHINSTANCE__@@XZ 000000018003301c     MSVCRTD:pdblkup.obj
 0003:00007044       $unwind$?GetPdbDllPathFromFilePath@@YAHPEB_WPEA_W_K@Z 0000000180033044     MSVCRTD:pdblkup.obj
 0003:00007060       $unwind$?GetPdbDll@@YAPEAUHINSTANCE__@@XZ 0000000180033060     MSVCRTD:pdblkup.obj
 0003:00007074       $unwind$__isa_available_init 0000000180033074     MSVCRTD:cpu_disp.obj
 0003:00007088       $unwind$__scrt_is_ucrt_dll_in_use 0000000180033088     MSVCRTD:ucrt_detection.obj
 0003:00007090       $xdatasym                  0000000180033090     MSVCRTD:guard_dispatch.obj
 0003:00007098       $xdatasym                  0000000180033098     MSVCRTD:guard_xfg_dispatch.obj
 0003:00007360       .edata                     0000000180033360     P5Engine.exp
 0003:00007388       rgpv                       0000000180033388     P5Engine.exp
 0003:00007390       rgszName                   0000000180033390     P5Engine.exp
 0003:00007398       rgwOrd                     0000000180033398     P5Engine.exp
 0003:0000739c       szName                     000000018003339c     P5Engine.exp
 0003:000073a9       $N00001                    00000001800333a9     P5Engine.exp
 0003:000073bd       $N00002                    00000001800333bd     P5Engine.exp
 0004:00000000       ?RandomNumberTable@@3PAIA  0000000180034000     p5engine.obj
 0004:00004e40       ?init@?1??_RTC_InitBase@@9@4_NA 0000000180038e40     MSVCRTD:init.obj
 0004:00004e44       ?__proc_attached@@3HA      0000000180038e44     MSVCRTD:dll_dllmain.obj
 0004:00004e58       ?_RTC_ErrorReportFunc@@3P6AHHPEBDH00ZZEA 0000000180038e58     MSVCRTD:userapi.obj
 0004:00004e60       ?_RTC_ErrorReportFuncW@@3P6AHHPEB_WH00ZZEA 0000000180038e60     MSVCRTD:userapi.obj
 0004:00004e70       GS_ExceptionRecord         0000000180038e70     MSVCRTD:gs_report.obj
 0004:00004f10       GS_ContextRecord           0000000180038f10     MSVCRTD:gs_report.obj
 0004:00005538       ?is_initialized_as_dll@@3_NA 0000000180039538     MSVCRTD:utility.obj
 0004:00005539       ?module_local_atexit_table_initialized@@3_NA 0000000180039539     MSVCRTD:utility.obj
 0004:00005540       ?module_local_atexit_table@@3U_onexit_table_t@@A 0000000180039540     MSVCRTD:utility.obj
 0004:00005558       ?module_local_at_quick_exit_table@@3U_onexit_table_t@@A 0000000180039558     MSVCRTD:utility.obj
 0004:00005598       ?mspdb@@3PEAUHINSTANCE__@@EA 0000000180039598     MSVCRTD:pdblkup.obj
 0004:000055a1       ?alreadyTried@?1??GetPdbDll@@YAPEAUHINSTANCE__@@XZ@4_NA 00000001800395a1     MSVCRTD:pdblkup.obj
 0004:000055a2       ?PDBOK@?1??_RTC_GetSrcLine@@YAHPEAEPEA_WKPEAH1K@Z@4_NA 00000001800395a2     MSVCRTD:pdblkup.obj
 0006:000007ca       .idata$6                   000000018003d7ca     vcruntimed:VCRUNTIME140D.dll
 0006:0000098c       .idata$6                   000000018003d98c     ucrtd:ucrtbased.dll
 0006:00000bce       .idata$6                   000000018003dbce     kernel32:KERNEL32.dll
 0007:00000000       __5C0B09BC_p5engine_platform@h 000000018003e000     p5engine.obj
 0007:00000001       __09340588_corecrt_math@h  000000018003e001     p5engine.obj
 0007:00000002       __B0C4CEA9_malloc@h        000000018003e002     p5engine.obj
 0007:00000003       __3A0418DB_p5engine_intrinsics@h 000000018003e003     p5engine.obj
 0007:00000004       __6D6C9F34_p5engine_math@h 000000018003e004     p5engine.obj
 0007:00000005       __326D9465_p5engine_entity@h 000000018003e005     p5engine.obj
 0007:00000006       __B7D51BCB_p5engine@h      000000018003e006     p5engine.obj
 0007:00000007       __ECDA994C_p5engine_render_group@cpp 000000018003e007     p5engine.obj
 0007:00000008       __DC0D61CC_p5engine_world@cpp 000000018003e008     p5engine.obj
 0007:00000009       __5DD8E4E4_p5engine_sim_region@cpp 000000018003e009     p5engine.obj
 0007:0000000a       __9C871DF9_p5engine_entity@cpp 000000018003e00a     p5engine.obj
 0007:0000000b       __74B1E2C0_p5engine_random@h 000000018003e00b     p5engine.obj
 0007:0000000c       __D1049797_p5engine@cpp    000000018003e00c     p5engine.obj
 0009:00000170       $R000000                   0000000180040170     * linker generated manifest res *
