 P5Engine

 Timestamp is 61596095 (Sun Oct  3 00:49:41 2021)

 Preferred load address is 0000000180000000

 Start         Length     Name                   Class
 0001:00000000 00010000H .textbss                DATA
 0002:00000000 00019240H .text$mn                CODE
 0002:00019240 00001040H .text$mn$00             CODE
 0002:0001a280 00001141H .text$x                 CODE
 0003:00000000 00000110H .CRT$XCA                DATA
 0003:00000110 00000110H .CRT$XCZ                DATA
 0003:00000220 00000110H .CRT$XIA                DATA
 0003:00000330 00000110H .CRT$XIZ                DATA
 0003:00000440 00000110H .CRT$XPA                DATA
 0003:00000550 00000110H .CRT$XPZ                DATA
 0003:00000660 00000110H .CRT$XTA                DATA
 0003:00000770 00000110H .CRT$XTZ                DATA
 0003:00000880 00005100H .rdata                  DATA
 0003:00005980 00000110H .rdata$CastGuardVftablesA DATA
 0003:00005a90 0000010cH .rdata$CastGuardVftablesC DATA
 0003:00005b9c 0000017cH .rdata$zzzdbg           DATA
 0003:00005d18 00000110H .rtc$IAA                DATA
 0003:00005e28 00000110H .rtc$IMZ                DATA
 0003:00005f38 00000110H .rtc$IZZ                DATA
 0003:00006048 00000110H .rtc$TAA                DATA
 0003:00006158 00000110H .rtc$TMZ                DATA
 0003:00006268 00000110H .rtc$TZZ                DATA
 0003:00006378 00001448H .xdata                  DATA
 0003:000077c0 00000187H .edata                  DATA
 0004:00000000 00004e40H .data                   DATA
 0004:00004e40 00000788H .bss                    DATA
 0005:00000000 00002808H .pdata                  DATA
 0006:00000000 00000350H .idata$5                DATA
 0006:00000350 0000003cH .idata$2                DATA
 0006:0000038c 00000014H .idata$3                DATA
 0006:000003a0 00000350H .idata$4                DATA
 0006:000006f0 0000066aH .idata$6                DATA
 0007:00000000 0000010fH .msvcjmc                DATA
 0008:00000000 00000151H .00cfg                  DATA
 0009:00000000 00000170H .rsrc$01                DATA
 0009:00000170 000001b6H .rsrc$02                DATA

  Address         Publics by Value              Rva+Base               Lib:Object

 0000:00000000       __guard_iat_table          0000000000000000     <absolute>
 0000:00000000       __x64_code_ranges_to_entry_points 0000000000000000     <absolute>
 0000:00000000       __dynamic_value_reloc_table 0000000000000000     <absolute>
 0000:00000000       __guard_longjmp_table      0000000000000000     <absolute>
 0000:00000000       __guard_fids_count         0000000000000000     <absolute>
 0000:00000000       __arm64x_extra_rfe_table   0000000000000000     <absolute>
 0000:00000000       __hybrid_code_map          0000000000000000     <absolute>
 0000:00000000       __arm64x_redirection_metadata 0000000000000000     <absolute>
 0000:00000000       __AbsoluteZero             0000000000000000     <absolute>
 0000:00000000       __volatile_metadata        0000000000000000     <absolute>
 0000:00000000       __hybrid_auxiliary_iat     0000000000000000     <absolute>
 0000:00000000       __hybrid_code_map_count    0000000000000000     <absolute>
 0000:00000000       ___safe_se_handler_table   0000000000000000     <absolute>
 0000:00000000       __arm64x_extra_rfe_table_size 0000000000000000     <absolute>
 0000:00000000       __guard_longjmp_count      0000000000000000     <absolute>
 0000:00000000       ___safe_se_handler_count   0000000000000000     <absolute>
 0000:00000000       __guard_check_icall_a64n_fptr 0000000000000000     <absolute>
 0000:00000000       __guard_fids_table         0000000000000000     <absolute>
 0000:00000000       __guard_iat_count          0000000000000000     <absolute>
 0000:00000000       __arm64x_redirection_metadata_count 0000000000000000     <absolute>
 0000:00000000       __arm64x_native_entrypoint 0000000000000000     <absolute>
 0000:00000000       __x64_code_ranges_to_entry_points_count 0000000000000000     <absolute>
 0000:00000000       __guard_eh_cont_table      0000000000000000     <absolute>
 0000:00000000       __guard_eh_cont_count      0000000000000000     <absolute>
 0000:00000000       __hybrid_auxiliary_iat_copy 0000000000000000     <absolute>
 0000:00000000       __enclave_config           0000000000000000     <absolute>
 0000:00000100       __guard_flags              0000000000000100     <absolute>
 0000:00000000       __ImageBase                0000000180000000     <linker-defined>
 0001:00000000       __enc$textbss$begin        0000000180001000     <linker-defined>
 0001:00010000       __enc$textbss$end          0000000180011000     <linker-defined>
 0002:00000a70       ??D@YA?ATv2@@MT0@@Z        0000000180011a70 f i p5engine.obj
 0002:00000b60       ??D@YA?ATv3@@MT0@@Z        0000000180011b60 f i p5engine.obj
 0002:00000ca0       ??D@YA?ATv3@@T0@M@Z        0000000180011ca0 f i p5engine.obj
 0002:00000da0       ??D@YA?ATv4@@MT0@@Z        0000000180011da0 f i p5engine.obj
 0002:00000f00       ??G@YA?ATv2@@T0@0@Z        0000000180011f00 f i p5engine.obj
 0002:00000ff0       ??G@YA?ATv2@@T0@@Z         0000000180011ff0 f i p5engine.obj
 0002:000010e0       ??G@YA?ATv3@@T0@0@Z        00000001800120e0 f i p5engine.obj
 0002:00001230       ??H@YA?ATv2@@T0@0@Z        0000000180012230 f i p5engine.obj
 0002:00001320       ??H@YA?ATv3@@T0@0@Z        0000000180012320 f i p5engine.obj
 0002:00001470       ??H@YA?ATv4@@T0@0@Z        0000000180012470 f i p5engine.obj
 0002:000015e0       ??X@YAAEATv3@@AEAT0@M@Z    00000001800125e0 f i p5engine.obj
 0002:000016a0       ??Y@YAAEATv2@@AEAT0@T0@@Z  00000001800126a0 f i p5engine.obj
 0002:00001720       ??Y@YAAEATv3@@AEAT0@T0@@Z  0000000180012720 f i p5engine.obj
 0002:00001800       ??Z@YAAEATv3@@AEAT0@T0@@Z  0000000180012800 f i p5engine.obj
 0002:000018e0       ?AbsoluteValue@@YAMM@Z     00000001800128e0 f i p5engine.obj
 0002:000020e0       ?AddFlags@@YAXPEAUsim_entity@@I@Z 00000001800130e0 f i p5engine.obj
 0002:000028a0       ?AddRadiusTo@@YA?AUrectangle3@@U1@Tv3@@@Z 00000001800138a0 f i p5engine.obj
 0002:00003350       ?AreInSameChunk@@YAHPEAUworld@@PEAUworld_position@@1@Z 0000000180014350 f i p5engine.obj
 0002:00003cd0       ?BeginTemporaryMemory@@YA?AUtemporary_memory@@PEAUmemory_arena@@@Z 0000000180014cd0 f i p5engine.obj
 0002:00004050       ?CeilReal32ToInt32@@YAHM@Z 0000000180015050 f i p5engine.obj
 0002:000040b0       ?CenteredChunkPoint@@YA?AUworld_position@@III@Z 00000001800150b0 f i p5engine.obj
 0002:000043a0       ?ChangeEntityLocationRaw@@YAXPEAUmemory_arena@@PEAUworld@@IPEAUworld_position@@2@Z 00000001800153a0 f i p5engine.obj
 0002:000048a0       ?CheckArena@@YAXPEAUmemory_arena@@@Z 00000001800158a0 f i p5engine.obj
 0002:00004900       ?ChunkPositionFromTilePosition@@YA?AUworld_position@@PEAUworld@@HHHTv3@@@Z 0000000180015900 f i p5engine.obj
 0002:00004c70       ?Clamp01@@YA?ATv2@@T1@@Z   0000000180015c70 f i p5engine.obj
 0002:00004d50       ?Clamp01@@YAMM@Z           0000000180015d50 f i p5engine.obj
 0002:00004db0       ?Clamp@@YAMMMM@Z           0000000180015db0 f i p5engine.obj
 0002:00004e50       ?Clear@@YAXPEAUrender_group@@Tv4@@@Z 0000000180015e50 f i p5engine.obj
 0002:00005090       ?ClearFlags@@YAXPEAUsim_entity@@I@Z 0000000180016090 f i p5engine.obj
 0002:000050f0       ?CoordinateSystem@@YAPEAUrender_entry_coordinate_system@@PEAUrender_group@@Tv2@@11Tv4@@PEAUloaded_bitmap@@@Z 00000001800160f0 f i p5engine.obj
 0002:000051d0       ?Cos@@YAMM@Z               00000001800161d0 f i p5engine.obj
 0002:000057d0       ?DefaultMoveSpec@@YA?AUmove_spec@@XZ 00000001800167d0 f i p5engine.obj
 0002:000079c0       ?EndTemporaryMemory@@YAXUtemporary_memory@@@Z 00000001800189c0 f i p5engine.obj
 0002:00007ea0       ?EntityOverlapsRectangle@@YAHTv3@@Usim_entity_collision_volume@@Urectangle3@@@Z 0000000180018ea0 f i p5engine.obj
 0002:00008990       ?FindLeastSignificantSetBit@@YA?AUbit_scan_result@@I@Z 0000000180019990 f i p5engine.obj
 0002:00008a60       ?FloorReal32ToInt32@@YAHM@Z 0000000180019a60 f i p5engine.obj
 0002:00008bb0       ?GetBarycentric@@YA?ATv2@@Urectangle2@@T1@@Z 0000000180019bb0 f i p5engine.obj
 0002:00008cf0       ?GetEntityGroundPoint@@YA?ATv3@@PEAUsim_entity@@@Z 0000000180019cf0 f i p5engine.obj
 0002:00008df0       ?GetEntityGroundPoint@@YA?ATv3@@PEAUsim_entity@@T1@@Z 0000000180019df0 f i p5engine.obj
 0002:00008fc0       ?GetLowEntity@@YAPEAUlow_entity@@PEAUgame_state@@I@Z 0000000180019fc0 f i p5engine.obj
 0002:00009060       ?GetMaxCorner@@YA?ATv3@@Urectangle3@@@Z 000000018001a060 f i p5engine.obj
 0002:00009120       ?GetMinCorner@@YA?ATv3@@Urectangle3@@@Z 000000018001a120 f i p5engine.obj
 0002:000091e0       ?GetRenderEntityBasisPos@@YA?ATv2@@PEAUrender_group@@PEAUrender_entity_basis@@T1@@Z 000000018001a1e0 f i p5engine.obj
 0002:000093d0       ?GetSimSpacePos@@YA?ATv3@@PEAUsim_region@@PEAUlow_entity@@@Z 000000018001a3d0 f i p5engine.obj
 0002:00009550       ?GetStairGround@@YAMPEAUsim_entity@@Tv3@@@Z 000000018001a550 f i p5engine.obj
 0002:000096c0       ?GetWorldChunk@@YAPEAUworld_chunk@@PEAUworld@@HHHPEAUmemory_arena@@@Z 000000018001a6c0 f i p5engine.obj
 0002:00009940       ?Hadamard@@YA?ATv3@@T1@0@Z 000000018001a940 f i p5engine.obj
 0002:00009c90       ?HasFlag@@YAHPEAUsim_entity@@I@Z 000000018001ac90 f i p5engine.obj
 0002:00009db0       ?InitializeArena@@YAXPEAUmemory_arena@@_KPEAX@Z 000000018001adb0 f i p5engine.obj
 0002:00009f10       ?Inner@@YAMTv2@@0@Z        000000018001af10 f i p5engine.obj
 0002:00009f90       ?Inner@@YAMTv3@@0@Z        000000018001af90 f i p5engine.obj
 0002:0000a040       ?IsCanonical@@YAHMM@Z      000000018001b040 f i p5engine.obj
 0002:0000a110       ?IsCanonical@@YAHPEAUworld@@Tv3@@@Z 000000018001b110 f i p5engine.obj
 0002:0000a1f0       ?IsInRectangle@@YAHUrectangle3@@Tv3@@@Z 000000018001b1f0 f i p5engine.obj
 0002:0000a310       ?IsValid@@YAHUworld_position@@@Z 000000018001b310 f i p5engine.obj
 0002:0000a380       ?Length@@YAMTv3@@@Z        000000018001b380 f i p5engine.obj
 0002:0000a400       ?LengthSq@@YAMTv2@@@Z      000000018001b400 f i p5engine.obj
 0002:0000a460       ?LengthSq@@YAMTv3@@@Z      000000018001b460 f i p5engine.obj
 0002:0000a500       ?Lerp@@YA?ATv4@@T1@M0@Z    000000018001b500 f i p5engine.obj
 0002:0000a6e0       ?LoadEntityReference@@YAXPEAUgame_state@@PEAUsim_region@@PEATentity_reference@@@Z 000000018001b6e0 f i p5engine.obj
 0002:0000a9d0       ?MakeEntityNonSpatial@@YAXPEAUsim_entity@@@Z 000000018001b9d0 f i p5engine.obj
 0002:0000aa90       ?MakeEntitySpatial@@YAXPEAUsim_entity@@Tv3@@1@Z 000000018001ba90 f i p5engine.obj
 0002:0000adf0       ?MapIntoChunkSpace@@YA?AUworld_position@@PEAUworld@@U1@Tv3@@@Z 000000018001bdf0 f i p5engine.obj
 0002:0000cfb0       ?NullPosition@@YA?AUworld_position@@XZ 000000018001dfb0 f i p5engine.obj
 0002:0000d090       ?Perp@@YA?ATv2@@T1@@Z      000000018001e090 f i p5engine.obj
 0002:0000d130       ?PushBitmap@@YAXPEAUrender_group@@PEAUloaded_bitmap@@Tv2@@M2MM@Z 000000018001e130 f i p5engine.obj
 0002:0000d2b0       ?PushEntry@@YAXPEAUrender_group@@PEAUloaded_bitmap@@Tv2@@2M2Tv4@@M@Z 000000018001e2b0 f i p5engine.obj
 0002:0000d470       ?PushRect@@YAXPEAUrender_group@@Tv2@@M1Tv4@@M@Z 000000018001e470 f i p5engine.obj
 0002:0000d6b0       ?PushRectOutline@@YAXPEAUrender_group@@Tv2@@M1Tv4@@M@Z 000000018001e6b0 f i p5engine.obj
 0002:0000da50       ?PushRenderElement_@@YAPEAUrender_group_entry_header@@PEAUrender_group@@IW4render_group_entry_type@@@Z 000000018001ea50 f i p5engine.obj
 0002:0000db30       ?PushSize_@@YAPEAXPEAUmemory_arena@@_K@Z 000000018001eb30 f i p5engine.obj
 0002:0000dbf0       ?RandomChoice@@YAIPEAUrandom_series@@I@Z 000000018001ebf0 f i p5engine.obj
 0002:0000dc50       ?RandomNextUInt32@@YAIPEAUrandom_series@@@Z 000000018001ec50 f i p5engine.obj
 0002:0000dcf0       ?RandomSeed@@YA?AUrandom_series@@I@Z 000000018001ecf0 f i p5engine.obj
 0002:0000ddc0       ?RandomUnilateral@@YAMPEAUrandom_series@@@Z 000000018001edc0 f i p5engine.obj
 0002:0000de40       ?RecanonicalizeCoord@@YAXMPEAHPEAM@Z 000000018001ee40 f i p5engine.obj
 0002:0000df30       ?RectCenterDim@@YA?AUrectangle2@@Tv2@@0@Z 000000018001ef30 f i p5engine.obj
 0002:0000e030       ?RectCenterDim@@YA?AUrectangle3@@Tv3@@0@Z 000000018001f030 f i p5engine.obj
 0002:0000e1a0       ?RectCenterHalfDim@@YA?AUrectangle2@@Tv2@@0@Z 000000018001f1a0 f i p5engine.obj
 0002:0000e2e0       ?RectCenterHalfDim@@YA?AUrectangle3@@Tv3@@0@Z 000000018001f2e0 f i p5engine.obj
 0002:0000e4f0       ?RectanglesIntersect@@YAHUrectangle3@@0@Z 000000018001f4f0 f i p5engine.obj
 0002:0000ed80       ?RoundReal32ToInt32@@YAHM@Z 000000018001fd80 f i p5engine.obj
 0002:0000ede0       ?RoundReal32ToUInt32@@YAIM@Z 000000018001fde0 f i p5engine.obj
 0002:0000ee40       ?Sin@@YAMM@Z               000000018001fe40 f i p5engine.obj
 0002:0000f020       ?Square@@YAMM@Z            0000000180020020 f i p5engine.obj
 0002:0000f080       ?SquareRoot@@YAMM@Z        0000000180020080 f i p5engine.obj
 0002:0000f0e0       ?StoreEntityReference@@YAXPEATentity_reference@@@Z 00000001800200e0 f i p5engine.obj
 0002:0000f460       ?V2@@YA?ATv2@@MM@Z         0000000180020460 f i p5engine.obj
 0002:0000f530       ?V2i@@YA?ATv2@@HH@Z        0000000180020530 f i p5engine.obj
 0002:0000f5e0       ?V3@@YA?ATv3@@MMM@Z        00000001800205e0 f i p5engine.obj
 0002:0000f700       ?V4@@YA?ATv4@@MMMM@Z       0000000180020700 f i p5engine.obj
 0002:0000f830       ?ZeroSize@@YAX_KPEAX@Z     0000000180020830 f i p5engine.obj
 0002:0000f8d0       GameGetSoundSamples        00000001800208d0 f   p5engine.obj
 0002:0000f940       GameUpdateAndRender        0000000180020940 f   p5engine.obj
 0002:00013b70       GetController              0000000180024b70 f i p5engine.obj
 0002:00013bf0       __JustMyCode_Default       0000000180024bf0 f i p5engine.obj
 0002:00013c00       _RTC_AllocaHelper          0000000180024c00 f   MSVCRTD:stack.obj
 0002:00013c50       _RTC_CheckStackVars        0000000180024c50 f   MSVCRTD:stack.obj
 0002:00013d00       _RTC_CheckStackVars2       0000000180024d00 f   MSVCRTD:stack.obj
 0002:00013e50       _CRT_RTC_INIT              0000000180024e50 f   MSVCRTD:init.obj
 0002:00013e60       _CRT_RTC_INITW             0000000180024e60 f   MSVCRTD:init.obj
 0002:00013e70       _RTC_InitBase              0000000180024e70 f   MSVCRTD:init.obj
 0002:00013ec0       _RTC_Shutdown              0000000180024ec0 f   MSVCRTD:init.obj
 0002:00013ef0       __CheckForDebuggerJustMyCode 0000000180024ef0 f   MSVCRTD:debugger_jmc.obj
 0002:00013f40       __GSHandlerCheck           0000000180024f40 f   MSVCRTD:gshandler.obj
 0002:00013f90       __GSHandlerCheckCommon     0000000180024f90 f   MSVCRTD:gshandler.obj
 0002:000140e0       _alloca_probe              00000001800250e0 f   MSVCRTD:chkstk.obj
 0002:000140e0       __chkstk                   00000001800250e0 f   MSVCRTD:chkstk.obj
 0002:00014160       __security_check_cookie    0000000180025160 f   MSVCRTD:amdsecgs.obj
 0002:00014690       _CRT_INIT                  0000000180025690 f   MSVCRTD:dll_dllmain.obj
 0002:000146d0       _DllMainCRTStartup         00000001800256d0 f   MSVCRTD:dll_dllmain.obj
 0002:000147d0       ?_RTC_AllocaFailure@@YAXPEAXPEAU_RTC_ALLOCA_NODE@@H@Z 00000001800257d0 f   MSVCRTD:error.obj
 0002:00014980       ?_RTC_Failure@@YAXPEAXH@Z  0000000180025980 f   MSVCRTD:error.obj
 0002:000149f0       ?_RTC_StackFailure@@YAXPEAXPEBD@Z 00000001800259f0 f   MSVCRTD:error.obj
 0002:00014f30       _RTC_UninitUse             0000000180025f30 f   MSVCRTD:error.obj
 0002:00015030       __local_stdio_printf_options 0000000180026030 f i MSVCRTD:error.obj
 0002:00015040       _vsprintf_s_l              0000000180026040 f i MSVCRTD:error.obj
 0002:000150c0       sprintf_s                  00000001800260c0 f i MSVCRTD:error.obj
 0002:000150f0       ?_RTC_GetErrorFunc@@YAP6AHHPEBDH00ZZPEBX@Z 00000001800260f0 f   MSVCRTD:userapi.obj
 0002:00015100       ?_RTC_GetErrorFuncW@@YAP6AHHPEB_WH00ZZPEBX@Z 0000000180026100 f   MSVCRTD:userapi.obj
 0002:00015110       _RTC_GetErrDesc            0000000180026110 f   MSVCRTD:userapi.obj
 0002:00015130       _RTC_NumErrors             0000000180026130 f   MSVCRTD:userapi.obj
 0002:00015140       _RTC_SetErrorFunc          0000000180026140 f   MSVCRTD:userapi.obj
 0002:00015160       _RTC_SetErrorFuncW         0000000180026160 f   MSVCRTD:userapi.obj
 0002:00015180       _RTC_SetErrorType          0000000180026180 f   MSVCRTD:userapi.obj
 0002:000151b0       __raise_securityfailure    00000001800261b0 f   MSVCRTD:gs_report.obj
 0002:00015200       __report_gsfailure         0000000180026200 f   MSVCRTD:gs_report.obj
 0002:00015310       __report_rangecheckfailure 0000000180026310 f   MSVCRTD:gs_report.obj
 0002:00015330       __report_securityfailure   0000000180026330 f   MSVCRTD:gs_report.obj
 0002:00015400       __report_securityfailureEx 0000000180026400 f   MSVCRTD:gs_report.obj
 0002:000157f0       __security_init_cookie     00000001800267f0 f   MSVCRTD:gs_support.obj
 0002:00015890       DllMain                    0000000180026890 f   MSVCRTD:dll_dllmain_stub.obj
 0002:000158e0       ?__scrt_initialize_type_info@@YAXXZ 00000001800268e0 f   MSVCRTD:tncleanup.obj
 0002:00015900       ?__scrt_uninitialize_type_info@@YAXXZ 0000000180026900 f   MSVCRTD:tncleanup.obj
 0002:00015920       __local_stdio_scanf_options 0000000180026920 f i MSVCRTD:default_local_stdio_options.obj
 0002:00015930       __scrt_initialize_default_local_stdio_options 0000000180026930 f   MSVCRTD:default_local_stdio_options.obj
 0002:00015990       ?configure_argv@__scrt_narrow_argv_policy@@SAHXZ 0000000180026990 f i MSVCRTD:utility.obj
 0002:00015ab0       ?initialize_environment@__scrt_narrow_environment_policy@@SAHXZ 0000000180026ab0 f i MSVCRTD:utility.obj
 0002:00015b80       NtCurrentTeb               0000000180026b80 f i MSVCRTD:utility.obj
 0002:00015b90       __scrt_acquire_startup_lock 0000000180026b90 f   MSVCRTD:utility.obj
 0002:00015c10       __scrt_dllmain_after_initialize_c 0000000180026c10 f   MSVCRTD:utility.obj
 0002:00015c50       __scrt_dllmain_before_initialize_c 0000000180026c50 f   MSVCRTD:utility.obj
 0002:00015c80       __scrt_dllmain_crt_thread_attach 0000000180026c80 f   MSVCRTD:utility.obj
 0002:00015cc0       __scrt_dllmain_crt_thread_detach 0000000180026cc0 f   MSVCRTD:utility.obj
 0002:00015ce0       __scrt_dllmain_exception_filter 0000000180026ce0 f   MSVCRTD:utility.obj
 0002:00015d60       __scrt_dllmain_uninitialize_c 0000000180026d60 f   MSVCRTD:utility.obj
 0002:00015da0       __scrt_dllmain_uninitialize_critical 0000000180026da0 f   MSVCRTD:utility.obj
 0002:00015dc0       __scrt_initialize_crt      0000000180026dc0 f   MSVCRTD:utility.obj
 0002:00015e20       __scrt_initialize_onexit_tables 0000000180026e20 f   MSVCRTD:utility.obj
 0002:00015f70       __scrt_is_nonwritable_in_current_image 0000000180026f70 f   MSVCRTD:utility.obj
 0002:00016020       __scrt_release_startup_lock 0000000180027020 f   MSVCRTD:utility.obj
 0002:00016060       __scrt_uninitialize_crt    0000000180027060 f   MSVCRTD:utility.obj
 0002:000160b0       _onexit                    00000001800270b0 f   MSVCRTD:utility.obj
 0002:00016150       at_quick_exit              0000000180027150 f   MSVCRTD:utility.obj
 0002:000161b0       atexit                     00000001800271b0 f   MSVCRTD:utility.obj
 0002:000161f0       __scrt_get_dyn_tls_init_callback 00000001800271f0 f   MSVCRTD:dyn_tls_init.obj
 0002:00016200       __crt_debugger_hook        0000000180027200 f   MSVCRTD:utility_desktop.obj
 0002:00016220       __scrt_fastfail            0000000180027220 f   MSVCRTD:utility_desktop.obj
 0002:00016420       __scrt_get_show_window_mode 0000000180027420 f   MSVCRTD:utility_desktop.obj
 0002:00016490       __scrt_initialize_mta      0000000180027490 f   MSVCRTD:utility_desktop.obj
 0002:000164b0       __scrt_initialize_winrt    00000001800274b0 f   MSVCRTD:utility_desktop.obj
 0002:000164c0       __scrt_is_managed_app      00000001800274c0 f   MSVCRTD:utility_desktop.obj
 0002:00016590       __scrt_set_unhandled_exception_filter 0000000180027590 f   MSVCRTD:utility_desktop.obj
 0002:000165b0       __scrt_stub_for_initialize_mta 00000001800275b0 f   MSVCRTD:utility_desktop.obj
 0002:000165b0       __scrt_exe_initialize_mta  00000001800275b0 f   MSVCRTD:utility_desktop.obj
 0002:000165c0       __scrt_unhandled_exception_filter 00000001800275c0 f   MSVCRTD:utility_desktop.obj
 0002:00016680       _RTC_Initialize            0000000180027680 f   MSVCRTD:initsect.obj
 0002:000166e0       _RTC_Terminate             00000001800276e0 f   MSVCRTD:initsect.obj
 0002:00016740       _guard_check_icall_nop     0000000180027740 f i MSVCRTD:guard_support.obj
 0002:00016750       ReadNoFence64              0000000180027750 f i MSVCRTD:guard_support.obj
 0002:00016780       ReadPointerNoFence         0000000180027780 f i MSVCRTD:guard_support.obj
 0002:000167a0       __castguard_check_failure_debugbreak 00000001800277a0 f i MSVCRTD:guard_support.obj
 0002:000167d0       __castguard_check_failure_fastfail 00000001800277d0 f i MSVCRTD:guard_support.obj
 0002:00016800       __castguard_check_failure_nop 0000000180027800 f i MSVCRTD:guard_support.obj
 0002:00016810       __castguard_check_failure_os_handled 0000000180027810 f i MSVCRTD:guard_support.obj
 0002:00016900       __castguard_slow_path_check_debugbreak 0000000180027900 f i MSVCRTD:guard_support.obj
 0002:00016950       __castguard_slow_path_check_fastfail 0000000180027950 f i MSVCRTD:guard_support.obj
 0002:000169b0       __castguard_slow_path_check_nop 00000001800279b0 f i MSVCRTD:guard_support.obj
 0002:000169d0       __castguard_slow_path_check_os_handled 00000001800279d0 f i MSVCRTD:guard_support.obj
 0002:00016ae0       _guard_icall_checks_enforced 0000000180027ae0 f i MSVCRTD:guard_support.obj
 0002:00016b30       _guard_rf_checks_enforced  0000000180027b30 f i MSVCRTD:guard_support.obj
 0002:00017190       ?_RTC_GetSrcLine@@YAHPEAEPEA_WKPEAH1K@Z 0000000180028190 f   MSVCRTD:pdblkup.obj
 0002:00017650       __isa_available_init       0000000180028650 f   MSVCRTD:cpu_disp.obj
 0002:00017ad0       _get_startup_argv_mode     0000000180028ad0 f   MSVCRTD:argv_mode.obj
 0002:00017ae0       __scrt_is_ucrt_dll_in_use  0000000180028ae0 f   MSVCRTD:ucrt_detection.obj
 0002:00017b10       __C_specific_handler       0000000180028b10 f   vcruntimed:VCRUNTIME140D.dll
 0002:00017b16       __C_specific_handler_noexcept 0000000180028b16 f   vcruntimed:VCRUNTIME140D.dll
 0002:00017b1c       __std_type_info_destroy_list 0000000180028b1c f   vcruntimed:VCRUNTIME140D.dll
 0002:00017b22       __current_exception        0000000180028b22 f   vcruntimed:VCRUNTIME140D.dll
 0002:00017b28       __current_exception_context 0000000180028b28 f   vcruntimed:VCRUNTIME140D.dll
 0002:00017b2e       __vcrt_GetModuleFileNameW  0000000180028b2e f   vcruntimed:VCRUNTIME140D.dll
 0002:00017b34       __vcrt_GetModuleHandleW    0000000180028b34 f   vcruntimed:VCRUNTIME140D.dll
 0002:00017b3a       __vcrt_LoadLibraryExW      0000000180028b3a f   vcruntimed:VCRUNTIME140D.dll
 0002:00017b40       fabs                       0000000180028b40 f   ucrtd:ucrtbased.dll
 0002:00017b46       roundf                     0000000180028b46 f   ucrtd:ucrtbased.dll
 0002:00017b4c       ceilf                      0000000180028b4c f   ucrtd:ucrtbased.dll
 0002:00017b52       cosf                       0000000180028b52 f   ucrtd:ucrtbased.dll
 0002:00017b58       floorf                     0000000180028b58 f   ucrtd:ucrtbased.dll
 0002:00017b5e       sinf                       0000000180028b5e f   ucrtd:ucrtbased.dll
 0002:00017b64       sqrtf                      0000000180028b64 f   ucrtd:ucrtbased.dll
 0002:00017b6a       _CrtDbgReport              0000000180028b6a f   ucrtd:ucrtbased.dll
 0002:00017b70       _CrtDbgReportW             0000000180028b70 f   ucrtd:ucrtbased.dll
 0002:00017b76       _initterm                  0000000180028b76 f   ucrtd:ucrtbased.dll
 0002:00017b7c       _initterm_e                0000000180028b7c f   ucrtd:ucrtbased.dll
 0002:00017b82       strcpy_s                   0000000180028b82 f   ucrtd:ucrtbased.dll
 0002:00017b88       strcat_s                   0000000180028b88 f   ucrtd:ucrtbased.dll
 0002:00017b8e       __stdio_common_vsprintf_s  0000000180028b8e f   ucrtd:ucrtbased.dll
 0002:00017b94       _seh_filter_dll            0000000180028b94 f   ucrtd:ucrtbased.dll
 0002:00017b9a       _configure_narrow_argv     0000000180028b9a f   ucrtd:ucrtbased.dll
 0002:00017ba0       _initialize_narrow_environment 0000000180028ba0 f   ucrtd:ucrtbased.dll
 0002:00017ba6       _initialize_onexit_table   0000000180028ba6 f   ucrtd:ucrtbased.dll
 0002:00017bac       _register_onexit_function  0000000180028bac f   ucrtd:ucrtbased.dll
 0002:00017bb2       _execute_onexit_table      0000000180028bb2 f   ucrtd:ucrtbased.dll
 0002:00017bb8       _crt_atexit                0000000180028bb8 f   ucrtd:ucrtbased.dll
 0002:00017bbe       _crt_at_quick_exit         0000000180028bbe f   ucrtd:ucrtbased.dll
 0002:00017bc4       _cexit                     0000000180028bc4 f   ucrtd:ucrtbased.dll
 0002:00017bca       terminate                  0000000180028bca f   ucrtd:ucrtbased.dll
 0002:00017bd0       _wmakepath_s               0000000180028bd0 f   ucrtd:ucrtbased.dll
 0002:00017bd6       _wsplitpath_s              0000000180028bd6 f   ucrtd:ucrtbased.dll
 0002:00017bdc       wcscpy_s                   0000000180028bdc f   ucrtd:ucrtbased.dll
 0002:00017be2       GetCurrentThreadId         0000000180028be2 f   kernel32:KERNEL32.dll
 0002:00017be8       IsDebuggerPresent          0000000180028be8 f   kernel32:KERNEL32.dll
 0002:00017bee       RaiseException             0000000180028bee f   kernel32:KERNEL32.dll
 0002:00017bf4       MultiByteToWideChar        0000000180028bf4 f   kernel32:KERNEL32.dll
 0002:00017bfa       WideCharToMultiByte        0000000180028bfa f   kernel32:KERNEL32.dll
 0002:00017c00       RtlCaptureContext          0000000180028c00 f   kernel32:KERNEL32.dll
 0002:00017c06       RtlLookupFunctionEntry     0000000180028c06 f   kernel32:KERNEL32.dll
 0002:00017c0c       RtlVirtualUnwind           0000000180028c0c f   kernel32:KERNEL32.dll
 0002:00017c12       UnhandledExceptionFilter   0000000180028c12 f   kernel32:KERNEL32.dll
 0002:00017c18       SetUnhandledExceptionFilter 0000000180028c18 f   kernel32:KERNEL32.dll
 0002:00017c1e       GetCurrentProcess          0000000180028c1e f   kernel32:KERNEL32.dll
 0002:00017c24       TerminateProcess           0000000180028c24 f   kernel32:KERNEL32.dll
 0002:00017c2a       IsProcessorFeaturePresent  0000000180028c2a f   kernel32:KERNEL32.dll
 0002:00017c30       QueryPerformanceCounter    0000000180028c30 f   kernel32:KERNEL32.dll
 0002:00017c36       GetCurrentProcessId        0000000180028c36 f   kernel32:KERNEL32.dll
 0002:00017c3c       GetSystemTimeAsFileTime    0000000180028c3c f   kernel32:KERNEL32.dll
 0002:00017c42       DisableThreadLibraryCalls  0000000180028c42 f   kernel32:KERNEL32.dll
 0002:00017c48       InitializeSListHead        0000000180028c48 f   kernel32:KERNEL32.dll
 0002:00017c4e       GetStartupInfoW            0000000180028c4e f   kernel32:KERNEL32.dll
 0002:00017c54       GetModuleHandleW           0000000180028c54 f   kernel32:KERNEL32.dll
 0002:00017c5a       GetLastError               0000000180028c5a f   kernel32:KERNEL32.dll
 0002:00017c60       HeapAlloc                  0000000180028c60 f   kernel32:KERNEL32.dll
 0002:00017c66       HeapFree                   0000000180028c66 f   kernel32:KERNEL32.dll
 0002:00017c6c       GetProcessHeap             0000000180028c6c f   kernel32:KERNEL32.dll
 0002:00017c72       VirtualQuery               0000000180028c72 f   kernel32:KERNEL32.dll
 0002:00017c78       FreeLibrary                0000000180028c78 f   kernel32:KERNEL32.dll
 0002:00017c7e       GetProcAddress             0000000180028c7e f   kernel32:KERNEL32.dll
 0002:00017c90       __acrt_initialize          0000000180028c90 f   MSVCRTD:ucrt_stubs.obj
 0002:00017c90       __scrt_stub_for_acrt_initialize 0000000180028c90 f   MSVCRTD:ucrt_stubs.obj
 0002:00017c90       __vcrt_initialize          0000000180028c90 f   MSVCRTD:ucrt_stubs.obj
 0002:00017ca0       __acrt_thread_attach       0000000180028ca0 f   MSVCRTD:ucrt_stubs.obj
 0002:00017ca0       __scrt_stub_for_acrt_thread_attach 0000000180028ca0 f   MSVCRTD:ucrt_stubs.obj
 0002:00017ca0       __vcrt_thread_attach       0000000180028ca0 f   MSVCRTD:ucrt_stubs.obj
 0002:00017cb0       __scrt_stub_for_acrt_thread_detach 0000000180028cb0 f   MSVCRTD:ucrt_stubs.obj
 0002:00017cb0       __acrt_thread_detach       0000000180028cb0 f   MSVCRTD:ucrt_stubs.obj
 0002:00017cb0       __vcrt_thread_detach       0000000180028cb0 f   MSVCRTD:ucrt_stubs.obj
 0002:00017cc0       __acrt_uninitialize        0000000180028cc0 f   MSVCRTD:ucrt_stubs.obj
 0002:00017cc0       __vcrt_uninitialize        0000000180028cc0 f   MSVCRTD:ucrt_stubs.obj
 0002:00017cc0       __scrt_stub_for_acrt_uninitialize 0000000180028cc0 f   MSVCRTD:ucrt_stubs.obj
 0002:00017cd0       __scrt_stub_for_acrt_uninitialize_critical 0000000180028cd0 f   MSVCRTD:ucrt_stubs.obj
 0002:00017cd0       __acrt_uninitialize_critical 0000000180028cd0 f   MSVCRTD:ucrt_stubs.obj
 0002:00017cd0       __vcrt_uninitialize_critical 0000000180028cd0 f   MSVCRTD:ucrt_stubs.obj
 0002:00017ce0       _is_c_termination_complete 0000000180028ce0 f   MSVCRTD:ucrt_stubs.obj
 0002:00017ce0       __scrt_stub_for_is_c_termination_complete 0000000180028ce0 f   MSVCRTD:ucrt_stubs.obj
 0002:00019250       _guard_dispatch_icall_nop  000000018002a250 f   MSVCRTD:guard_dispatch.obj
 0002:00019270       _guard_xfg_dispatch_icall_nop 000000018002a270 f   MSVCRTD:guard_xfg_dispatch.obj
 0003:00000000       __xc_a                     000000018002d000     MSVCRTD:initializers.obj
 0003:00000110       __xc_z                     000000018002d110     MSVCRTD:initializers.obj
 0003:00000220       __xi_a                     000000018002d220     MSVCRTD:initializers.obj
 0003:00000330       __xi_z                     000000018002d330     MSVCRTD:initializers.obj
 0003:00000440       __xp_a                     000000018002d440     MSVCRTD:initializers.obj
 0003:00000550       __xp_z                     000000018002d550     MSVCRTD:initializers.obj
 0003:00000660       __xt_a                     000000018002d660     MSVCRTD:initializers.obj
 0003:00000770       __xt_z                     000000018002d770     MSVCRTD:initializers.obj
 0003:000047b0       ??_C@_0BA@NMEIMCEK@InvalidCodePath@ 00000001800317b0     p5engine.obj
 0003:000047c8       ??_C@_0BJ@GOOPBPNK@P5Engine?1data?1grass1?4bmp@ 00000001800317c8     p5engine.obj
 0003:000047e8       ??_C@_0BI@GAHHFIBN@P5Engine?1data?1soil1?4bmp@ 00000001800317e8     p5engine.obj
 0003:00004808       ??_C@_0BI@OGODCKLD@P5Engine?1data?1soil2?4bmp@ 0000000180031808     p5engine.obj
 0003:00004828       ??_C@_0BI@CNLPPJBG@P5Engine?1data?1soil3?4bmp@ 0000000180031828     p5engine.obj
 0003:00004848       ??_C@_0BI@DGFEELIO@P5Engine?1data?1tuft1?4bmp@ 0000000180031848     p5engine.obj
 0003:00004868       ??_C@_0BI@LAMADJCA@P5Engine?1data?1tuft2?4bmp@ 0000000180031868     p5engine.obj
 0003:00004888       ??_C@_0BF@HOIOEMCL@P5Engine?1data?1bg?4bmp@ 0000000180031888     p5engine.obj
 0003:000048a8       ??_C@_0BJ@EPENJOEL@P5Engine?1data?1shadow?4bmp@ 00000001800318a8     p5engine.obj
 0003:000048c8       ??_C@_0BJ@HEECFFOE@P5Engine?1data?1stairs?4bmp@ 00000001800318c8     p5engine.obj
 0003:000048e8       ??_C@_0BH@DDOBAHNL@P5Engine?1data?1tree?4bmp@ 00000001800318e8     p5engine.obj
 0003:00004908       ??_C@_0BI@EPGPCLAL@P5Engine?1data?1enemy?4bmp@ 0000000180031908     p5engine.obj
 0003:00004928       ??_C@_0BG@IEBKPHGI@P5Engine?1data?1orb?4bmp@ 0000000180031928     p5engine.obj
 0003:00004948       ??_C@_0BP@CIDLMIJA@P5Engine?1data?1char?9right?90?4bmp@ 0000000180031948     p5engine.obj
 0003:00004970       ??_C@_0BO@PEBAPFLC@P5Engine?1data?1char?9back?90?4bmp@ 0000000180031970     p5engine.obj
 0003:00004998       ??_C@_0BO@EAIBBIAG@P5Engine?1data?1char?9left?90?4bmp@ 0000000180031998     p5engine.obj
 0003:000049c0       ??_C@_0BP@MKDPGEOC@P5Engine?1data?1char?9front?90?4bmp@ 00000001800319c0     p5engine.obj
 0003:000049e8       ??_C@_0BO@KNNOBFKI@P5Engine?1data?1sword?9right?4bmp@ 00000001800319e8     p5engine.obj
 0003:00004a10       ??_C@_0BN@LDDHILOB@P5Engine?1data?1sword?9back?4bmp@ 0000000180031a10     p5engine.obj
 0003:00004a38       ??_C@_0BN@FPAHMBGA@P5Engine?1data?1sword?9left?4bmp@ 0000000180031a38     p5engine.obj
 0003:00004a60       ??_C@_0BO@BNDLMGBJ@P5Engine?1data?1sword?9front?4bmp@ 0000000180031a60     p5engine.obj
 0003:00004a84       __real@00000000            0000000180031a84     p5engine.obj
 0003:00004a88       __real@308992b1            0000000180031a88     p5engine.obj
 0003:00004a8c       __real@3a83126f            0000000180031a8c     p5engine.obj
 0003:00004a90       __real@3c23d70a            0000000180031a90     p5engine.obj
 0003:00004a94       __real@3dcccccd            0000000180031a94     p5engine.obj
 0003:00004a98       __real@3e4ccccd            0000000180031a98     p5engine.obj
 0003:00004a9c       __real@3e800000            0000000180031a9c     p5engine.obj
 0003:00004aa0       __real@3f000000            0000000180031aa0     p5engine.obj
 0003:00004aa4       __real@3f666666            0000000180031aa4     p5engine.obj
 0003:00004aa8       __real@3f800000            0000000180031aa8     p5engine.obj
 0003:00004aac       __real@3f8ccccd            0000000180031aac     p5engine.obj
 0003:00004ab0       __real@3f99999a            0000000180031ab0     p5engine.obj
 0003:00004ab4       __real@3fb33333            0000000180031ab4     p5engine.obj
 0003:00004ab8       __real@3fc00000            0000000180031ab8     p5engine.obj
 0003:00004abc       __real@40000000            0000000180031abc     p5engine.obj
 0003:00004ac0       __real@400ccccd            0000000180031ac0     p5engine.obj
 0003:00004ac8       __real@401921fb60000000    0000000180031ac8     p5engine.obj
 0003:00004ad4       __real@40400000            0000000180031ad4     p5engine.obj
 0003:00004ad8       __real@40a00000            0000000180031ad8     p5engine.obj
 0003:00004adc       __real@40c00000            0000000180031adc     p5engine.obj
 0003:00004ae0       __real@40c90fdb            0000000180031ae0     p5engine.obj
 0003:00004ae4       __real@41200000            0000000180031ae4     p5engine.obj
 0003:00004ae8       __real@41700000            0000000180031ae8     p5engine.obj
 0003:00004aec       __real@41880000            0000000180031aec     p5engine.obj
 0003:00004af0       __real@41a00000            0000000180031af0     p5engine.obj
 0003:00004af4       __real@41c00000            0000000180031af4     p5engine.obj
 0003:00004af8       __real@41f00000            0000000180031af8     p5engine.obj
 0003:00004afc       __real@42000000            0000000180031afc     p5engine.obj
 0003:00004b00       __real@42340000            0000000180031b00     p5engine.obj
 0003:00004b04       __real@42400000            0000000180031b04     p5engine.obj
 0003:00004b08       __real@42600000            0000000180031b08     p5engine.obj
 0003:00004b0c       __real@42800000            0000000180031b0c     p5engine.obj
 0003:00004b10       __real@42960000            0000000180031b10     p5engine.obj
 0003:00004b14       __real@42c80000            0000000180031b14     p5engine.obj
 0003:00004b18       __real@437f0000            0000000180031b18     p5engine.obj
 0003:00004b1c       __real@461c4000            0000000180031b1c     p5engine.obj
 0003:00004b20       __real@47c35000            0000000180031b20     p5engine.obj
 0003:00004b24       __real@7f7fffff            0000000180031b24     p5engine.obj
 0003:00004b28       __real@becccccd            0000000180031b28     p5engine.obj
 0003:00004b2c       __real@bf000000            0000000180031b2c     p5engine.obj
 0003:00004b30       __real@bf800000            0000000180031b30     p5engine.obj
 0003:00004b34       __real@c11ccccd            0000000180031b34     p5engine.obj
 0003:00004b40       __xmm@80000000800000008000000080000000 0000000180031b40     p5engine.obj
 0003:00004b58       _pRawDllMain               0000000180031b58     MSVCRTD:dll_dllmain.obj
 0003:00004b58       _pDefaultRawDllMain        0000000180031b58     MSVCRTD:dll_dllmain.obj
 0003:00004c50       ??_C@_0NN@JMPELKLB@The?5value?5of?5ESP?5was?5not?5proper@ 0000000180031c50     MSVCRTD:error.obj
 0003:00004d60       ??_C@_0BBN@ELNNILBE@A?5cast?5to?5a?5smaller?5data?5type?5h@ 0000000180031d60     MSVCRTD:error.obj
 0003:00004eb8       ??_C@_0BN@BPOGFMJL@Stack?5memory?5was?5corrupted?$AN?6@ 0000000180031eb8     MSVCRTD:error.obj
 0003:00004ee0       ??_C@_0DG@DAJCDLPN@A?5local?5variable?5was?5used?5befor@ 0000000180031ee0     MSVCRTD:error.obj
 0003:00004f20       ??_C@_0CM@JMIDGKLA@Stack?5memory?5around?5_alloca?5was@ 0000000180031f20     MSVCRTD:error.obj
 0003:00004f58       ??_C@_0BO@CHIONIOI@Unknown?5Runtime?5Check?5Error?$AN?6@ 0000000180031f58     MSVCRTD:error.obj
 0003:00004f80       ??_C@_1GM@CNOOJIHC@?$AAR?$AAu?$AAn?$AAt?$AAi?$AAm?$AAe?$AA?5?$AAC?$AAh?$AAe?$AAc?$AAk?$AA?5?$AAE@ 0000000180031f80     MSVCRTD:error.obj
 0003:00005010       ??_C@_1EA@NFKNIFJP@?$AAR?$AAu?$AAn?$AA?9?$AAT?$AAi?$AAm?$AAe?$AA?5?$AAC?$AAh?$AAe?$AAc?$AAk?$AA?5@ 0000000180032010     MSVCRTD:error.obj
 0003:00005060       ??_C@_0BB@PFFGGCJP@Unknown?5Filename@ 0000000180032060     MSVCRTD:error.obj
 0003:00005078       ??_C@_0BE@GNBOBNCK@Unknown?5Module?5Name@ 0000000180032078     MSVCRTD:error.obj
 0003:00005090       ??_C@_0CA@IODNCDPG@Run?9Time?5Check?5Failure?5?$CD?$CFd?5?9?5?$CFs@ 0000000180032090     MSVCRTD:error.obj
 0003:000050b8       ??_C@_0CG@IAFNJNEE@Stack?5corrupted?5near?5unknown?5va@ 00000001800320b8     MSVCRTD:error.obj
 0003:000050e8       ??_C@_05MKKEDADM@?$CF?42X?5@ 00000001800320e8     MSVCRTD:error.obj
 0003:000050f0       ??_C@_0EJ@LJKNEOLN@Stack?5area?5around?5_alloca?5memor@ 00000001800320f0     MSVCRTD:error.obj
 0003:00005148       ??_C@_01EEMJAFIK@?6@       0000000180032148     MSVCRTD:error.obj
 0003:0000514c       ??_C@_02LLMPMKNF@?$DO?5@   000000018003214c     MSVCRTD:error.obj
 0003:00005150       ??_C@_08OMAHNMHJ@?6Data?3?5?$DM@ 0000000180032150     MSVCRTD:error.obj
 0003:00005160       ??_C@_0CK@DKGBICFE@?6Allocation?5number?5within?5this?5@ 0000000180032160     MSVCRTD:error.obj
 0003:00005198       ??_C@_07DFDJCKFN@?6Size?3?5@ 0000000180032198     MSVCRTD:error.obj
 0003:000051a8       ??_C@_0N@MHFFIMFG@?6Address?3?50x@ 00000001800321a8     MSVCRTD:error.obj
 0003:000051c0       ??_C@_0EI@CLEPFNGI@Stack?5area?5around?5_alloca?5memor@ 00000001800321c0     MSVCRTD:error.obj
 0003:00005218       ??_C@_0BK@ODNDAGKB@?$CFs?$CFs?$CFp?$CFs?$CFzd?$CFs?$CFd?$CFs?$CFs?$CFs?$CFs?$CFs@ 0000000180032218     MSVCRTD:error.obj
 0003:00005238       ??_C@_0DE@OHJBPMBP@A?5variable?5is?5being?5used?5withou@ 0000000180032238     MSVCRTD:error.obj
 0003:000052a8       ??_C@_0BJ@HEGAHDFO@Stack?5pointer?5corruption@ 00000001800322a8     MSVCRTD:userapi.obj
 0003:000052c8       ??_C@_0CK@FEGOIOPB@Cast?5to?5smaller?5type?5causing?5lo@ 00000001800322c8     MSVCRTD:userapi.obj
 0003:00005300       ??_C@_0BI@CIGMDCBH@Stack?5memory?5corruption@ 0000000180032300     MSVCRTD:userapi.obj
 0003:00005320       ??_C@_0CK@CNLNOEPB@Local?5variable?5used?5before?5init@ 0000000180032320     MSVCRTD:userapi.obj
 0003:00005358       ??_C@_0BP@OGBCLIBO@Stack?5around?5_alloca?5corrupted@ 0000000180032358     MSVCRTD:userapi.obj
 0003:00005400       ??_C@_1EI@MLPKHBGE@?$AAa?$AAp?$AAi?$AA?9?$AAm?$AAs?$AA?9?$AAw?$AAi?$AAn?$AA?9?$AAc?$AAo?$AAr?$AAe@ 0000000180032400     MSVCRTD:pdblkup.obj
 0003:00005458       ??_C@_1BK@JHLNAEJL@?$AAa?$AAd?$AAv?$AAa?$AAp?$AAi?$AA3?$AA2?$AA?4?$AAd?$AAl?$AAl@ 0000000180032458     MSVCRTD:pdblkup.obj
 0003:00005478       ??_C@_0O@COHOBMLB@RegOpenKeyExW@ 0000000180032478     MSVCRTD:pdblkup.obj
 0003:00005488       ??_C@_0BB@GLNAEDBD@RegQueryValueExW@ 0000000180032488     MSVCRTD:pdblkup.obj
 0003:000054a0       ??_C@_0M@HLOHPNFA@RegCloseKey@ 00000001800324a0     MSVCRTD:pdblkup.obj
 0003:000054b0       ??_C@_1HE@EBEAGLFB@?$AAS?$AAO?$AAF?$AAT?$AAW?$AAA?$AAR?$AAE?$AA?2?$AAW?$AAo?$AAw?$AA6?$AA4?$AA3@ 00000001800324b0     MSVCRTD:pdblkup.obj
 0003:00005540       ??_C@_1BG@EABPBLLF@?$AAP?$AAr?$AAo?$AAd?$AAu?$AAc?$AAt?$AAD?$AAi?$AAr@ 0000000180032540     MSVCRTD:pdblkup.obj
 0003:00005588       ??_C@_1BC@JINFINNJ@?$AAM?$AAS?$AAP?$AAD?$AAB?$AA1?$AA4?$AA0@ 0000000180032588     MSVCRTD:pdblkup.obj
 0003:000055a0       ??_C@_0BB@KCIACLNC@PDBOpenValidate5@ 00000001800325a0     MSVCRTD:pdblkup.obj
 0003:000055b4       ??_C@_01KDCPPGHE@r@        00000001800325b4     MSVCRTD:pdblkup.obj
 0003:000055f0       _load_config_used          00000001800325f0     MSVCRTD:loadcfg.obj
 0003:00005980       __CastGuardVftablesStart   0000000180032980     MSVCRTD:guard_support.obj
 0003:00005a90       __CastGuardVftablesEnd     0000000180032a90     MSVCRTD:guard_support.obj
 0003:00005d18       __rtc_iaa                  0000000180032d18     MSVCRTD:initsect.obj
 0003:00005f38       __rtc_izz                  0000000180032f38     MSVCRTD:initsect.obj
 0003:00006048       __rtc_taa                  0000000180033048     MSVCRTD:initsect.obj
 0003:00006268       __rtc_tzz                  0000000180033268     MSVCRTD:initsect.obj
 0004:00004cd0       __security_cookie_complement 0000000180039cd0     MSVCRTD:gs_cookie.obj
 0004:00004cd8       __security_cookie          0000000180039cd8     MSVCRTD:gs_cookie.obj
 0004:00004ce4       _fltused                   0000000180039ce4     MSVCRTD:fltused.obj
 0004:00004ce8       ?_RTC_ErrorLevels@@3PAHA   0000000180039ce8     MSVCRTD:error.obj
 0004:00004d00       __scrt_native_dllmain_reason 0000000180039d00     MSVCRTD:utility.obj
 0004:00004d08       __isa_available            0000000180039d08     MSVCRTD:cpu_disp.obj
 0004:00004d0c       __isa_enabled              0000000180039d0c     MSVCRTD:cpu_disp.obj
 0004:00004d10       __memcpy_nt_iters          0000000180039d10     MSVCRTD:cpu_disp.obj
 0004:00004d18       __memset_nt_iters          0000000180039d18     MSVCRTD:cpu_disp.obj
 0004:00004d30       __scrt_ucrt_dll_is_in_use  0000000180039d30     MSVCRTD:ucrt_stubs.obj
 0004:00004e48       ?_OptionsStorage@?1??__local_stdio_printf_options@@9@4_KA 0000000180039e48     MSVCRTD:error.obj
 0004:00005500       ?__type_info_root_node@@3U__type_info_node@@A 000000018003a500     MSVCRTD:tncleanup.obj
 0004:00005518       ?_OptionsStorage@?1??__local_stdio_scanf_options@@9@4_KA 000000018003a518     MSVCRTD:default_local_stdio_options.obj
 0004:00005528       __scrt_current_native_startup_state 000000018003a528     MSVCRTD:utility.obj
 0004:00005530       __scrt_native_startup_lock 000000018003a530     MSVCRTD:utility.obj
 0004:00005580       __scrt_debugger_hook_flag  000000018003a580     MSVCRTD:utility_desktop.obj
 0004:00005588       __castguard_check_failure_os_handled_fptr 000000018003a588     MSVCRTD:guard_support.obj
 0004:000055a4       __favor                    000000018003a5a4     MSVCRTD:cpu_disp.obj
 0004:000055a8       __dyn_tls_init_callback    000000018003a5a8     <common>
 0004:000055bc       __DebuggerCurrentSteppingThreadId 000000018003a5bc     <common>
 0006:00000000       __imp_DisableThreadLibraryCalls 000000018003e000     kernel32:KERNEL32.dll
 0006:00000008       __imp_IsDebuggerPresent    000000018003e008     kernel32:KERNEL32.dll
 0006:00000010       __imp_RaiseException       000000018003e010     kernel32:KERNEL32.dll
 0006:00000018       __imp_MultiByteToWideChar  000000018003e018     kernel32:KERNEL32.dll
 0006:00000020       __imp_WideCharToMultiByte  000000018003e020     kernel32:KERNEL32.dll
 0006:00000028       __imp_RtlCaptureContext    000000018003e028     kernel32:KERNEL32.dll
 0006:00000030       __imp_RtlLookupFunctionEntry 000000018003e030     kernel32:KERNEL32.dll
 0006:00000038       __imp_RtlVirtualUnwind     000000018003e038     kernel32:KERNEL32.dll
 0006:00000040       __imp_GetProcAddress       000000018003e040     kernel32:KERNEL32.dll
 0006:00000048       __imp_FreeLibrary          000000018003e048     kernel32:KERNEL32.dll
 0006:00000050       __imp_VirtualQuery         000000018003e050     kernel32:KERNEL32.dll
 0006:00000058       __imp_GetProcessHeap       000000018003e058     kernel32:KERNEL32.dll
 0006:00000060       __imp_HeapFree             000000018003e060     kernel32:KERNEL32.dll
 0006:00000068       __imp_HeapAlloc            000000018003e068     kernel32:KERNEL32.dll
 0006:00000070       __imp_GetLastError         000000018003e070     kernel32:KERNEL32.dll
 0006:00000078       __imp_GetModuleHandleW     000000018003e078     kernel32:KERNEL32.dll
 0006:00000080       __imp_GetStartupInfoW      000000018003e080     kernel32:KERNEL32.dll
 0006:00000088       __imp_InitializeSListHead  000000018003e088     kernel32:KERNEL32.dll
 0006:00000090       __imp_GetCurrentThreadId   000000018003e090     kernel32:KERNEL32.dll
 0006:00000098       __imp_GetSystemTimeAsFileTime 000000018003e098     kernel32:KERNEL32.dll
 0006:000000a0       __imp_GetCurrentProcessId  000000018003e0a0     kernel32:KERNEL32.dll
 0006:000000a8       __imp_QueryPerformanceCounter 000000018003e0a8     kernel32:KERNEL32.dll
 0006:000000b0       __imp_IsProcessorFeaturePresent 000000018003e0b0     kernel32:KERNEL32.dll
 0006:000000b8       __imp_TerminateProcess     000000018003e0b8     kernel32:KERNEL32.dll
 0006:000000c0       __imp_GetCurrentProcess    000000018003e0c0     kernel32:KERNEL32.dll
 0006:000000c8       __imp_SetUnhandledExceptionFilter 000000018003e0c8     kernel32:KERNEL32.dll
 0006:000000d0       __imp_UnhandledExceptionFilter 000000018003e0d0     kernel32:KERNEL32.dll
 0006:000000d8       \177KERNEL32_NULL_THUNK_DATA 000000018003e0d8     kernel32:KERNEL32.dll
 0006:00000158       __imp___vcrt_GetModuleHandleW 000000018003e158     vcruntimed:VCRUNTIME140D.dll
 0006:00000160       __imp___vcrt_GetModuleFileNameW 000000018003e160     vcruntimed:VCRUNTIME140D.dll
 0006:00000168       __imp___current_exception_context 000000018003e168     vcruntimed:VCRUNTIME140D.dll
 0006:00000170       __imp___current_exception  000000018003e170     vcruntimed:VCRUNTIME140D.dll
 0006:00000178       __imp___C_specific_handler 000000018003e178     vcruntimed:VCRUNTIME140D.dll
 0006:00000180       __imp___std_type_info_destroy_list 000000018003e180     vcruntimed:VCRUNTIME140D.dll
 0006:00000188       __imp___C_specific_handler_noexcept 000000018003e188     vcruntimed:VCRUNTIME140D.dll
 0006:00000190       __imp___vcrt_LoadLibraryExW 000000018003e190     vcruntimed:VCRUNTIME140D.dll
 0006:00000198       \177VCRUNTIME140D_NULL_THUNK_DATA 000000018003e198     vcruntimed:VCRUNTIME140D.dll
 0006:000001f8       __imp_wcscpy_s             000000018003e1f8     ucrtd:ucrtbased.dll
 0006:00000200       __imp__wsplitpath_s        000000018003e200     ucrtd:ucrtbased.dll
 0006:00000208       __imp__wmakepath_s         000000018003e208     ucrtd:ucrtbased.dll
 0006:00000210       __imp__cexit               000000018003e210     ucrtd:ucrtbased.dll
 0006:00000218       __imp__crt_at_quick_exit   000000018003e218     ucrtd:ucrtbased.dll
 0006:00000220       __imp__crt_atexit          000000018003e220     ucrtd:ucrtbased.dll
 0006:00000228       __imp__execute_onexit_table 000000018003e228     ucrtd:ucrtbased.dll
 0006:00000230       __imp__register_onexit_function 000000018003e230     ucrtd:ucrtbased.dll
 0006:00000238       __imp__initialize_onexit_table 000000018003e238     ucrtd:ucrtbased.dll
 0006:00000240       __imp__initialize_narrow_environment 000000018003e240     ucrtd:ucrtbased.dll
 0006:00000248       __imp__configure_narrow_argv 000000018003e248     ucrtd:ucrtbased.dll
 0006:00000250       __imp__seh_filter_dll      000000018003e250     ucrtd:ucrtbased.dll
 0006:00000258       __imp___stdio_common_vsprintf_s 000000018003e258     ucrtd:ucrtbased.dll
 0006:00000260       __imp_terminate            000000018003e260     ucrtd:ucrtbased.dll
 0006:00000268       __imp_strcpy_s             000000018003e268     ucrtd:ucrtbased.dll
 0006:00000270       __imp__initterm_e          000000018003e270     ucrtd:ucrtbased.dll
 0006:00000278       __imp__initterm            000000018003e278     ucrtd:ucrtbased.dll
 0006:00000280       __imp__CrtDbgReportW       000000018003e280     ucrtd:ucrtbased.dll
 0006:00000288       __imp__CrtDbgReport        000000018003e288     ucrtd:ucrtbased.dll
 0006:00000290       __imp_sqrtf                000000018003e290     ucrtd:ucrtbased.dll
 0006:00000298       __imp_sinf                 000000018003e298     ucrtd:ucrtbased.dll
 0006:000002a0       __imp_floorf               000000018003e2a0     ucrtd:ucrtbased.dll
 0006:000002a8       __imp_cosf                 000000018003e2a8     ucrtd:ucrtbased.dll
 0006:000002b0       __imp_ceilf                000000018003e2b0     ucrtd:ucrtbased.dll
 0006:000002b8       __imp_roundf               000000018003e2b8     ucrtd:ucrtbased.dll
 0006:000002c0       __imp_fabs                 000000018003e2c0     ucrtd:ucrtbased.dll
 0006:000002c8       __imp_strcat_s             000000018003e2c8     ucrtd:ucrtbased.dll
 0006:000002d0       \177ucrtbased_NULL_THUNK_DATA 000000018003e2d0     ucrtd:ucrtbased.dll
 0006:00000350       __IMPORT_DESCRIPTOR_VCRUNTIME140D 000000018003e350     vcruntimed:VCRUNTIME140D.dll
 0006:00000364       __IMPORT_DESCRIPTOR_ucrtbased 000000018003e364     ucrtd:ucrtbased.dll
 0006:00000378       __IMPORT_DESCRIPTOR_KERNEL32 000000018003e378     kernel32:KERNEL32.dll
 0006:0000038c       __NULL_IMPORT_DESCRIPTOR   000000018003e38c     vcruntimed:VCRUNTIME140D.dll
 0008:00000000       __guard_check_icall_fptr   0000000180040000     MSVCRTD:guard_support.obj
 0008:00000010       __guard_xfg_check_icall_fptr 0000000180040010     MSVCRTD:guard_support.obj
 0008:00000020       __guard_dispatch_icall_fptr 0000000180040020     MSVCRTD:guard_support.obj
 0008:00000030       __guard_xfg_dispatch_icall_fptr 0000000180040030     MSVCRTD:guard_support.obj
 0008:00000040       __guard_xfg_table_dispatch_icall_fptr 0000000180040040     MSVCRTD:guard_support.obj

 entry point at        0002:0000000f

 Static symbols

 0000:fffbd000       .debug$S                   0000000180000000     P5Engine.exp
 0000:fffc0000       _volmd                     0000000180000000     p5engine.obj
 0000:fffc0000       _volmd                     0000000180000000     p5engine.obj
 0000:fffc0000       _volmd                     0000000180000000     p5engine.obj
 0000:fffc0000       _volmd                     0000000180000000     p5engine.obj
 0000:fffc0000       _volmd                     0000000180000000     p5engine.obj
 0000:fffc0000       _volmd                     0000000180000000     p5engine.obj
 0000:fffc0000       _volmd                     0000000180000000     p5engine.obj
 0000:fffc0000       _volmd                     0000000180000000     p5engine.obj
 0000:fffc0000       _volmd                     0000000180000000     p5engine.obj
 0000:fffc0000       _volmd                     0000000180000000     p5engine.obj
 0000:fffc0000       _volmd                     0000000180000000     p5engine.obj
 0000:fffc0000       _volmd                     0000000180000000     p5engine.obj
 0000:fffc0000       _volmd                     0000000180000000     p5engine.obj
 0000:fffc0000       _volmd                     0000000180000000     p5engine.obj
 0000:fffc0000       _volmd                     0000000180000000     p5engine.obj
 0000:fffc0000       _volmd                     0000000180000000     p5engine.obj
 0000:fffc0000       _volmd                     0000000180000000     p5engine.obj
 0000:fffc0000       _volmd                     0000000180000000     p5engine.obj
 0000:fffc0000       _volmd                     0000000180000000     p5engine.obj
 0000:fffc0000       _volmd                     0000000180000000     p5engine.obj
 0000:fffc0000       _volmd                     0000000180000000     p5engine.obj
 0000:fffc0000       _volmd                     0000000180000000     p5engine.obj
 0000:fffc0000       _volmd                     0000000180000000     p5engine.obj
 0000:fffc0000       _volmd                     0000000180000000     p5engine.obj
 0000:fffc0000       _volmd                     0000000180000000     p5engine.obj
 0000:fffc0000       _volmd                     0000000180000000     p5engine.obj
 0000:fffc0000       _volmd                     0000000180000000     p5engine.obj
 0000:fffc0000       _volmd                     0000000180000000     p5engine.obj
 0000:fffc0000       _volmd                     0000000180000000     p5engine.obj
 0000:fffc0000       _volmd                     0000000180000000     p5engine.obj
 0000:fffc0000       _volmd                     0000000180000000     p5engine.obj
 0000:fffc0000       _volmd                     0000000180000000     p5engine.obj
 0000:fffc0000       _volmd                     0000000180000000     p5engine.obj
 0000:fffc0000       _volmd                     0000000180000000     p5engine.obj
 0000:fffc0000       _volmd                     0000000180000000     p5engine.obj
 0000:fffc0000       _volmd                     0000000180000000     p5engine.obj
 0000:fffc0000       _volmd                     0000000180000000     MSVCRTD:cpu_disp.obj
 0000:fffc1000       __guard_ehcont_?dllmain_dispatch@@YAHQEAUHINSTANCE__@@KQEAX@Z 0000000180000000     MSVCRTD:dll_dllmain.obj
 0000:fffc1000       __guard_fids_?dllmain_dispatch@@YAHQEAUHINSTANCE__@@KQEAX@Z 0000000180000000     MSVCRTD:dll_dllmain.obj
 0000:fffc1000       __guard_ehcont_?notify_debugger@@YAXAEBUtagEXCEPTION_VISUALCPP_DEBUG_INFO@@@Z 0000000180000000     MSVCRTD:error.obj
 0000:fffc0000       _volmd                     0000000180000000     MSVCRTD:gs_report.obj
 0000:fffc0000       _volmd                     0000000180000000     MSVCRTD:gs_report.obj
 0000:fffc0000       _volmd                     0000000180000000     MSVCRTD:gs_report.obj
 0000:fffc1000       __guard_fids__             0000000180000000     MSVCRTD:guard_support.obj
 0000:fffc1000       __guard_fids__             0000000180000000     MSVCRTD:guard_support.obj
 0000:fffc1000       __guard_fids__guard_icall_checks_enforced 0000000180000000     MSVCRTD:guard_support.obj
 0000:fffc0000       _volmd                     0000000180000000     MSVCRTD:guard_support.obj
 0000:fffc0000       _volmd                     0000000180000000     MSVCRTD:guard_support.obj
 0000:fffc0000       _volmd                     0000000180000000     MSVCRTD:guard_support.obj
 0000:fffc1000       __guard_fids__CRT_RTC_INIT 0000000180000000     MSVCRTD:init.obj
 0000:fffc1000       __guard_fids__CRT_RTC_INITW 0000000180000000     MSVCRTD:init.obj
 0000:fffc1000       __guard_ehcont___scrt_is_nonwritable_in_current_image 0000000180000000     MSVCRTD:utility.obj
 0000:fffc0000       _volmd                     0000000180000000     MSVCRTD:utility.obj
 0000:fffc0000       _volmd                     0000000180000000     MSVCRTD:utility.obj
 0000:fffc0000       _volmd                     0000000180000000     MSVCRTD:utility.obj
 0000:fffc1000       __guard_fids___scrt_set_unhandled_exception_filter 0000000180000000     MSVCRTD:utility_desktop.obj
 0000:fffc0000       _volmd                     0000000180000000     MSVCRTD:utility_desktop.obj
 0000:fffbd000       .debug$S                   0000000180000000     vcruntimed:VCRUNTIME140D.dll
 0000:fffbd000       .debug$S                   0000000180000000     vcruntimed:VCRUNTIME140D.dll
 0000:fffbd000       .debug$S                   0000000180000000     vcruntimed:VCRUNTIME140D.dll
 0000:fffbd000       .debug$S                   0000000180000000     vcruntimed:VCRUNTIME140D.dll
 0000:fffbd000       .debug$S                   0000000180000000     vcruntimed:VCRUNTIME140D.dll
 0000:fffbd000       .debug$S                   0000000180000000     vcruntimed:VCRUNTIME140D.dll
 0000:fffbd000       .debug$S                   0000000180000000     vcruntimed:VCRUNTIME140D.dll
 0000:fffbd000       .debug$S                   0000000180000000     vcruntimed:VCRUNTIME140D.dll
 0000:fffbd000       .debug$S                   0000000180000000     ucrtd:ucrtbased.dll
 0000:fffbd000       .debug$S                   0000000180000000     ucrtd:ucrtbased.dll
 0000:fffbd000       .debug$S                   0000000180000000     ucrtd:ucrtbased.dll
 0000:fffbd000       .debug$S                   0000000180000000     ucrtd:ucrtbased.dll
 0000:fffbd000       .debug$S                   0000000180000000     ucrtd:ucrtbased.dll
 0000:fffbd000       .debug$S                   0000000180000000     ucrtd:ucrtbased.dll
 0000:fffbd000       .debug$S                   0000000180000000     ucrtd:ucrtbased.dll
 0000:fffbd000       .debug$S                   0000000180000000     ucrtd:ucrtbased.dll
 0000:fffbd000       .debug$S                   0000000180000000     ucrtd:ucrtbased.dll
 0000:fffbd000       .debug$S                   0000000180000000     ucrtd:ucrtbased.dll
 0000:fffbd000       .debug$S                   0000000180000000     ucrtd:ucrtbased.dll
 0000:fffbd000       .debug$S                   0000000180000000     ucrtd:ucrtbased.dll
 0000:fffbd000       .debug$S                   0000000180000000     ucrtd:ucrtbased.dll
 0000:fffbd000       .debug$S                   0000000180000000     ucrtd:ucrtbased.dll
 0000:fffbd000       .debug$S                   0000000180000000     ucrtd:ucrtbased.dll
 0000:fffbd000       .debug$S                   0000000180000000     ucrtd:ucrtbased.dll
 0000:fffbd000       .debug$S                   0000000180000000     ucrtd:ucrtbased.dll
 0000:fffbd000       .debug$S                   0000000180000000     ucrtd:ucrtbased.dll
 0000:fffbd000       .debug$S                   0000000180000000     ucrtd:ucrtbased.dll
 0000:fffbd000       .debug$S                   0000000180000000     ucrtd:ucrtbased.dll
 0000:fffbd000       .debug$S                   0000000180000000     ucrtd:ucrtbased.dll
 0000:fffbd000       .debug$S                   0000000180000000     ucrtd:ucrtbased.dll
 0000:fffbd000       .debug$S                   0000000180000000     ucrtd:ucrtbased.dll
 0000:fffbd000       .debug$S                   0000000180000000     ucrtd:ucrtbased.dll
 0000:fffbd000       .debug$S                   0000000180000000     ucrtd:ucrtbased.dll
 0000:fffbd000       .debug$S                   0000000180000000     ucrtd:ucrtbased.dll
 0000:fffbd000       .debug$S                   0000000180000000     ucrtd:ucrtbased.dll
 0000:fffbd000       .debug$S                   0000000180000000     kernel32:KERNEL32.dll
 0000:fffbd000       .debug$S                   0000000180000000     kernel32:KERNEL32.dll
 0000:fffbd000       .debug$S                   0000000180000000     kernel32:KERNEL32.dll
 0000:fffbd000       .debug$S                   0000000180000000     kernel32:KERNEL32.dll
 0000:fffbd000       .debug$S                   0000000180000000     kernel32:KERNEL32.dll
 0000:fffbd000       .debug$S                   0000000180000000     kernel32:KERNEL32.dll
 0000:fffbd000       .debug$S                   0000000180000000     kernel32:KERNEL32.dll
 0000:fffbd000       .debug$S                   0000000180000000     kernel32:KERNEL32.dll
 0000:fffbd000       .debug$S                   0000000180000000     kernel32:KERNEL32.dll
 0000:fffbd000       .debug$S                   0000000180000000     kernel32:KERNEL32.dll
 0000:fffbd000       .debug$S                   0000000180000000     kernel32:KERNEL32.dll
 0000:fffbd000       .debug$S                   0000000180000000     kernel32:KERNEL32.dll
 0000:fffbd000       .debug$S                   0000000180000000     kernel32:KERNEL32.dll
 0000:fffbd000       .debug$S                   0000000180000000     kernel32:KERNEL32.dll
 0000:fffbd000       .debug$S                   0000000180000000     kernel32:KERNEL32.dll
 0000:fffbd000       .debug$S                   0000000180000000     kernel32:KERNEL32.dll
 0000:fffbd000       .debug$S                   0000000180000000     kernel32:KERNEL32.dll
 0000:fffbd000       .debug$S                   0000000180000000     kernel32:KERNEL32.dll
 0000:fffbd000       .debug$S                   0000000180000000     kernel32:KERNEL32.dll
 0000:fffbd000       .debug$S                   0000000180000000     kernel32:KERNEL32.dll
 0000:fffbd000       .debug$S                   0000000180000000     kernel32:KERNEL32.dll
 0000:fffbd000       .debug$S                   0000000180000000     kernel32:KERNEL32.dll
 0000:fffbd000       .debug$S                   0000000180000000     kernel32:KERNEL32.dll
 0000:fffbd000       .debug$S                   0000000180000000     kernel32:KERNEL32.dll
 0000:fffbd000       .debug$S                   0000000180000000     kernel32:KERNEL32.dll
 0000:fffbd000       .debug$S                   0000000180000000     kernel32:KERNEL32.dll
 0000:fffbd000       .debug$S                   0000000180000000     kernel32:KERNEL32.dll
 0002:00001940       ?AddCollisionRule@@YAXPEAUgame_state@@IIH@Z 0000000180012940 f   p5engine.obj
 0002:00001b40       ?AddEntity@@YAPEAUsim_entity@@PEAUgame_state@@PEAUsim_region@@IPEAUlow_entity@@PEATv3@@@Z 0000000180012b40 f   p5engine.obj
 0002:00001ce0       ?AddEntityRaw@@YAPEAUsim_entity@@PEAUgame_state@@PEAUsim_region@@IPEAUlow_entity@@@Z 0000000180012ce0 f   p5engine.obj
 0002:00001ef0       ?AddFamiliar@@YA?AUadd_low_entity_result@@PEAUgame_state@@III@Z 0000000180012ef0 f   p5engine.obj
 0002:00002140       ?AddGroundedEntity@@YA?AUadd_low_entity_result@@PEAUgame_state@@W4entity_type@@Uworld_position@@PEAUsim_entity_collision_volume_group@@@Z 0000000180013140 f   p5engine.obj
 0002:00002260       ?AddLowEntity@@YA?AUadd_low_entity_result@@PEAUgame_state@@W4entity_type@@Uworld_position@@@Z 0000000180013260 f   p5engine.obj
 0002:000024e0       ?AddMonstar@@YA?AUadd_low_entity_result@@PEAUgame_state@@III@Z 00000001800134e0 f   p5engine.obj
 0002:000026e0       ?AddPlayer@@YA?AUadd_low_entity_result@@PEAUgame_state@@@Z 00000001800136e0 f   p5engine.obj
 0002:00002ab0       ?AddStairs@@YA?AUadd_low_entity_result@@PEAUgame_state@@III@Z 0000000180013ab0 f   p5engine.obj
 0002:00002ce0       ?AddStandardRoom@@YA?AUadd_low_entity_result@@PEAUgame_state@@III@Z 0000000180013ce0 f   p5engine.obj
 0002:00002ed0       ?AddSword@@YA?AUadd_low_entity_result@@PEAUgame_state@@@Z 0000000180013ed0 f   p5engine.obj
 0002:00003030       ?AddWall@@YA?AUadd_low_entity_result@@PEAUgame_state@@III@Z 0000000180014030 f   p5engine.obj
 0002:00003220       ?AllocateRenderGroup@@YAPEAUrender_group@@PEAUmemory_arena@@IM@Z 0000000180014220 f   p5engine.obj
 0002:000034b0       ?BeginSim@@YAPEAUsim_region@@PEAUmemory_arena@@PEAUgame_state@@PEAUworld@@Uworld_position@@Urectangle3@@M@Z 00000001800144b0 f   p5engine.obj
 0002:00003de0       ?CanCollide@@YAHPEAUgame_state@@PEAUsim_entity@@1@Z 0000000180014de0 f   p5engine.obj
 0002:00003fd0       ?CanOverlap@@YAHPEAUgame_state@@PEAUsim_entity@@1@Z 0000000180014fd0 f   p5engine.obj
 0002:000041c0       ?ChangeEntityLocation@@YAXPEAUmemory_arena@@PEAUworld@@IPEAUlow_entity@@Uworld_position@@@Z 00000001800151c0 f   p5engine.obj
 0002:00004ed0       ?ClearBitmap@@YAXPEAUloaded_bitmap@@@Z 0000000180015ed0 f   p5engine.obj
 0002:00004f60       ?ClearCollisionRulesFor@@YAXPEAUgame_state@@I@Z 0000000180015f60 f   p5engine.obj
 0002:00005230       ?DEBUGLoadBMP@@YA?AUloaded_bitmap@@PEAUthread_context@@P6A?AUdebug_read_file_result@@0PEAD@Z1@Z 0000000180016230 f   p5engine.obj
 0002:000058e0       ?DrawBitmap@@YAXPEAUloaded_bitmap@@0MMM@Z 00000001800168e0 f   p5engine.obj
 0002:00005ee0       ?DrawHitpoints@@YAXPEAUsim_entity@@PEAUrender_group@@@Z 0000000180016ee0 f   p5engine.obj
 0002:000061e0       ?DrawRectangle@@YAXPEAUloaded_bitmap@@Tv2@@1MMMM@Z 00000001800171e0 f   p5engine.obj
 0002:000064a0       ?DrawRectangleSlowly@@YAXPEAUloaded_bitmap@@Tv2@@11Tv4@@0@Z 00000001800174a0 f   p5engine.obj
 0002:000075f0       ?EndSim@@YAXPEAUsim_region@@PEAUgame_state@@@Z 00000001800185f0 f   p5engine.obj
 0002:00007a80       ?EntitiesOverlap@@YAHPEAUsim_entity@@0Tv3@@@Z 0000000180018a80 f   p5engine.obj
 0002:000080d0       ?FillGroundChunk@@YAXPEAUtransient_state@@PEAUgame_state@@PEAUground_buffer@@PEAUworld_position@@@Z 00000001800190d0 f   p5engine.obj
 0002:00008ac0       ?GameOutputSound@@YAXPEAUgame_state@@PEAUgame_sound_output_buffer@@H@Z 0000000180019ac0 f   p5engine.obj
 0002:00008eb0       ?GetHashFromStorageIndex@@YAPEAUsim_entity_hash@@PEAUsim_region@@I@Z 0000000180019eb0 f   p5engine.obj
 0002:00009a80       ?HandleCollision@@YAHPEAUgame_state@@PEAUsim_entity@@1@Z 000000018001aa80 f   p5engine.obj
 0002:00009bb0       ?HandleOverlap@@YAXPEAUgame_state@@PEAUsim_entity@@1MPEAM@Z 000000018001abb0 f   p5engine.obj
 0002:00009cf0       ?InitHitPoints@@YAXPEAUlow_entity@@I@Z 000000018001acf0 f   p5engine.obj
 0002:00009e40       ?InitializeWorld@@YAXPEAUworld@@Tv3@@@Z 000000018001ae40 f   p5engine.obj
 0002:0000a880       ?MakeEmptyBitmap@@YA?AUloaded_bitmap@@PEAUmemory_arena@@HHH@Z 000000018001b880 f   p5engine.obj
 0002:0000ab30       ?MakeNullCollision@@YAPEAUsim_entity_collision_volume_group@@PEAUgame_state@@@Z 000000018001bb30 f   p5engine.obj
 0002:0000ac50       ?MakeSimpleGroundedCollision@@YAPEAUsim_entity_collision_volume_group@@PEAUgame_state@@MMM@Z 000000018001bc50 f   p5engine.obj
 0002:0000af70       ?MoveEntity@@YAXPEAUgame_state@@PEAUsim_region@@PEAUsim_entity@@MPEAUmove_spec@@Tv3@@@Z 000000018001bf70 f   p5engine.obj
 0002:0000e620       ?RenderGroupToOutput@@YAXPEAUrender_group@@PEAUloaded_bitmap@@@Z 000000018001f620 f   p5engine.obj
 0002:0000eea0       ?SpeculativeCollide@@YAHPEAUsim_entity@@0Tv3@@@Z 000000018001fea0 f   p5engine.obj
 0002:0000f140       ?Subtract@@YA?ATv3@@PEAUworld@@PEAUworld_position@@1@Z 0000000180020140 f   p5engine.obj
 0002:00012e58       $LN139                     0000000180023e58     p5engine.obj
 0002:000140d0       $$000000                   00000001800250d0     MSVCRTD:chkstk.obj
 0002:00014150       $$000000                   0000000180025150     MSVCRTD:amdsecgs.obj
 0002:00014190       ?dllmain_crt_dispatch@@YAHQEAUHINSTANCE__@@KQEAX@Z 0000000180025190 f   MSVCRTD:dll_dllmain.obj
 0002:00014240       ?dllmain_crt_process_attach@@YAHQEAUHINSTANCE__@@QEAX@Z 0000000180025240 f   MSVCRTD:dll_dllmain.obj
 0002:000143d0       ?dllmain_crt_process_detach@@YAH_N@Z 00000001800253d0 f   MSVCRTD:dll_dllmain.obj
 0002:00014490       ?dllmain_dispatch@@YAHQEAUHINSTANCE__@@KQEAX@Z 0000000180025490 f   MSVCRTD:dll_dllmain.obj
 0002:00014620       ?dllmain_raw@@YAHQEAUHINSTANCE__@@KQEAX@Z 0000000180025620 f   MSVCRTD:dll_dllmain.obj
 0002:00014720       ?DebuggerProbe@@YA_NK@Z    0000000180025720 f   MSVCRTD:error.obj
 0002:00014770       ?DebuggerRuntime@@YA_NKHPEAXPEB_W@Z 0000000180025770 f   MSVCRTD:error.obj
 0002:00014b00       ?_getMemBlockDataString@@YAXPEAD0PEBD_K@Z 0000000180025b00 f   MSVCRTD:error.obj
 0002:00014be0       ?_strlen_priv@@YA_KPEBD@Z  0000000180025be0 f   MSVCRTD:error.obj
 0002:00014c00       ?failwithmessage@@YAXPEAXHHPEBD@Z 0000000180025c00 f   MSVCRTD:error.obj
 0002:00014f00       ?notify_debugger@@YAXAEBUtagEXCEPTION_VISUALCPP_DEBUG_INFO@@@Z 0000000180025f00 f   MSVCRTD:error.obj
 0002:00015560       capture_current_context    0000000180026560 f   MSVCRTD:gs_report.obj
 0002:00015620       capture_previous_context   0000000180026620 f   MSVCRTD:gs_report.obj
 0002:00015700       __get_entropy              0000000180026700 f   MSVCRTD:gs_support.obj
 0002:000159b0       ?find_pe_section@@YAPEAU_IMAGE_SECTION_HEADER@@QEAE_K@Z 00000001800269b0 f   MSVCRTD:utility.obj
 0002:00015ad0       ?is_potentially_valid_image_base@@YA_NQEAX@Z 0000000180026ad0 f   MSVCRTD:utility.obj
 0002:00016870       __castguard_compat_check   0000000180027870 f   MSVCRTD:guard_support.obj
 0002:00016a50       __castguard_slow_path_compat_check 0000000180027a50 f   MSVCRTD:guard_support.obj
 0002:00016b40       ?GetPdbDll@@YAPEAUHINSTANCE__@@XZ 0000000180027b40 f   MSVCRTD:pdblkup.obj
 0002:00016ce0       ?GetPdbDllFromInstallPath@@YAPEAUHINSTANCE__@@XZ 0000000180027ce0 f   MSVCRTD:pdblkup.obj
 0002:00017040       ?GetPdbDllPathFromFilePath@@YAHPEB_WPEA_W_K@Z 0000000180028040 f   MSVCRTD:pdblkup.obj
 0002:00019240       $$000000                   000000018002a240     MSVCRTD:guard_dispatch.obj
 0002:00019260       $$000000                   000000018002a260     MSVCRTD:guard_xfg_dispatch.obj
 0002:0001a280       ?fin$0@?0??dllmain_crt_process_attach@@YAHQEAUHINSTANCE__@@QEAX@Z@4HA 000000018002b280 f   MSVCRTD:dll_dllmain.obj
 0002:0001a2a0       ?fin$0@?0??dllmain_crt_process_detach@@YAH_N@Z@4HA 000000018002b2a0 f   MSVCRTD:dll_dllmain.obj
 0002:0001a2ba       ?fin$1@?0??dllmain_crt_process_detach@@YAH_N@Z@4HA 000000018002b2ba f   MSVCRTD:dll_dllmain.obj
 0002:0001a2e0       ?filt$0@?0??dllmain_dispatch@@YAHQEAUHINSTANCE__@@KQEAX@Z@4HA 000000018002b2e0 f   MSVCRTD:dll_dllmain.obj
 0002:0001a340       ?filt$0@?0??notify_debugger@@YAXAEBUtagEXCEPTION_VISUALCPP_DEBUG_INFO@@@Z@4HA 000000018002b340 f   MSVCRTD:error.obj
 0002:0001a370       __scrt_is_nonwritable_in_current_image$filt$0 000000018002b370 f   MSVCRTD:utility.obj
 0003:00000880       ?BeginTemporaryMemory@@YA?AUtemporary_memory@@PEAUmemory_arena@@@Z$rtcName$0 000000018002d880     p5engine.obj
 0003:00000890       ?BeginTemporaryMemory@@YA?AUtemporary_memory@@PEAUmemory_arena@@@Z$rtcVarDesc 000000018002d890     p5engine.obj
 0003:000008d0       ?BeginTemporaryMemory@@YA?AUtemporary_memory@@PEAUmemory_arena@@@Z$rtcFrameData 000000018002d8d0     p5engine.obj
 0003:00000900       ?FindLeastSignificantSetBit@@YA?AUbit_scan_result@@I@Z$rtcName$0 000000018002d900     p5engine.obj
 0003:00000910       ?FindLeastSignificantSetBit@@YA?AUbit_scan_result@@I@Z$rtcVarDesc 000000018002d910     p5engine.obj
 0003:00000950       ?FindLeastSignificantSetBit@@YA?AUbit_scan_result@@I@Z$rtcFrameData 000000018002d950     p5engine.obj
 0003:00000980       ?V2@@YA?ATv2@@MM@Z$rtcName$0 000000018002d980     p5engine.obj
 0003:00000990       ?V2@@YA?ATv2@@MM@Z$rtcVarDesc 000000018002d990     p5engine.obj
 0003:000009d0       ?V2@@YA?ATv2@@MM@Z$rtcFrameData 000000018002d9d0     p5engine.obj
 0003:00000a00       ?V2i@@YA?ATv2@@HH@Z$rtcName$0 000000018002da00     p5engine.obj
 0003:00000a10       ?V2i@@YA?ATv2@@HH@Z$rtcVarDesc 000000018002da10     p5engine.obj
 0003:00000a50       ?V2i@@YA?ATv2@@HH@Z$rtcFrameData 000000018002da50     p5engine.obj
 0003:00000a80       ??D@YA?ATv2@@MT0@@Z$rtcName$0 000000018002da80     p5engine.obj
 0003:00000a90       ??D@YA?ATv2@@MT0@@Z$rtcVarDesc 000000018002da90     p5engine.obj
 0003:00000ad0       ??D@YA?ATv2@@MT0@@Z$rtcFrameData 000000018002dad0     p5engine.obj
 0003:00000b00       ??G@YA?ATv2@@T0@@Z$rtcName$0 000000018002db00     p5engine.obj
 0003:00000b10       ??G@YA?ATv2@@T0@@Z$rtcVarDesc 000000018002db10     p5engine.obj
 0003:00000b50       ??G@YA?ATv2@@T0@@Z$rtcFrameData 000000018002db50     p5engine.obj
 0003:00000b80       ??H@YA?ATv2@@T0@0@Z$rtcName$0 000000018002db80     p5engine.obj
 0003:00000b90       ??H@YA?ATv2@@T0@0@Z$rtcVarDesc 000000018002db90     p5engine.obj
 0003:00000bd0       ??H@YA?ATv2@@T0@0@Z$rtcFrameData 000000018002dbd0     p5engine.obj
 0003:00000c00       ??G@YA?ATv2@@T0@0@Z$rtcName$0 000000018002dc00     p5engine.obj
 0003:00000c10       ??G@YA?ATv2@@T0@0@Z$rtcVarDesc 000000018002dc10     p5engine.obj
 0003:00000c50       ??G@YA?ATv2@@T0@0@Z$rtcFrameData 000000018002dc50     p5engine.obj
 0003:00000c80       ?Clamp01@@YA?ATv2@@T1@@Z$rtcName$0 000000018002dc80     p5engine.obj
 0003:00000c90       ?Clamp01@@YA?ATv2@@T1@@Z$rtcVarDesc 000000018002dc90     p5engine.obj
 0003:00000cd0       ?Clamp01@@YA?ATv2@@T1@@Z$rtcFrameData 000000018002dcd0     p5engine.obj
 0003:00000d00       ?Perp@@YA?ATv2@@T1@@Z$rtcName$0 000000018002dd00     p5engine.obj
 0003:00000d10       ?Perp@@YA?ATv2@@T1@@Z$rtcVarDesc 000000018002dd10     p5engine.obj
 0003:00000d50       ?Perp@@YA?ATv2@@T1@@Z$rtcFrameData 000000018002dd50     p5engine.obj
 0003:00000d80       ?V3@@YA?ATv3@@MMM@Z$rtcName$0 000000018002dd80     p5engine.obj
 0003:00000d90       ?V3@@YA?ATv3@@MMM@Z$rtcVarDesc 000000018002dd90     p5engine.obj
 0003:00000dd0       ?V3@@YA?ATv3@@MMM@Z$rtcFrameData 000000018002ddd0     p5engine.obj
 0003:00000e00       ??D@YA?ATv3@@MT0@@Z$rtcName$0 000000018002de00     p5engine.obj
 0003:00000e10       ??D@YA?ATv3@@MT0@@Z$rtcVarDesc 000000018002de10     p5engine.obj
 0003:00000e50       ??D@YA?ATv3@@MT0@@Z$rtcFrameData 000000018002de50     p5engine.obj
 0003:00000e80       ??D@YA?ATv3@@T0@M@Z$rtcName$0 000000018002de80     p5engine.obj
 0003:00000e90       ??D@YA?ATv3@@T0@M@Z$rtcVarDesc 000000018002de90     p5engine.obj
 0003:00000ed0       ??D@YA?ATv3@@T0@M@Z$rtcFrameData 000000018002ded0     p5engine.obj
 0003:00000f00       ??H@YA?ATv3@@T0@0@Z$rtcName$0 000000018002df00     p5engine.obj
 0003:00000f10       ??H@YA?ATv3@@T0@0@Z$rtcVarDesc 000000018002df10     p5engine.obj
 0003:00000f50       ??H@YA?ATv3@@T0@0@Z$rtcFrameData 000000018002df50     p5engine.obj
 0003:00000f80       ??G@YA?ATv3@@T0@0@Z$rtcName$0 000000018002df80     p5engine.obj
 0003:00000f90       ??G@YA?ATv3@@T0@0@Z$rtcVarDesc 000000018002df90     p5engine.obj
 0003:00000fd0       ??G@YA?ATv3@@T0@0@Z$rtcFrameData 000000018002dfd0     p5engine.obj
 0003:00001000       ?Hadamard@@YA?ATv3@@T1@0@Z$rtcName$0 000000018002e000     p5engine.obj
 0003:00001010       ?Hadamard@@YA?ATv3@@T1@0@Z$rtcVarDesc 000000018002e010     p5engine.obj
 0003:00001050       ?Hadamard@@YA?ATv3@@T1@0@Z$rtcFrameData 000000018002e050     p5engine.obj
 0003:00001080       ?V4@@YA?ATv4@@MMMM@Z$rtcName$0 000000018002e080     p5engine.obj
 0003:00001090       ?V4@@YA?ATv4@@MMMM@Z$rtcVarDesc 000000018002e090     p5engine.obj
 0003:000010d0       ?V4@@YA?ATv4@@MMMM@Z$rtcFrameData 000000018002e0d0     p5engine.obj
 0003:00001100       ??D@YA?ATv4@@MT0@@Z$rtcName$0 000000018002e100     p5engine.obj
 0003:00001110       ??D@YA?ATv4@@MT0@@Z$rtcVarDesc 000000018002e110     p5engine.obj
 0003:00001150       ??D@YA?ATv4@@MT0@@Z$rtcFrameData 000000018002e150     p5engine.obj
 0003:00001180       ??H@YA?ATv4@@T0@0@Z$rtcName$0 000000018002e180     p5engine.obj
 0003:00001190       ??H@YA?ATv4@@T0@0@Z$rtcVarDesc 000000018002e190     p5engine.obj
 0003:000011d0       ??H@YA?ATv4@@T0@0@Z$rtcFrameData 000000018002e1d0     p5engine.obj
 0003:00001200       ?Lerp@@YA?ATv4@@T1@M0@Z$rtcName$0 000000018002e200     p5engine.obj
 0003:00001210       ?Lerp@@YA?ATv4@@T1@M0@Z$rtcVarDesc 000000018002e210     p5engine.obj
 0003:00001250       ?Lerp@@YA?ATv4@@T1@M0@Z$rtcFrameData 000000018002e250     p5engine.obj
 0003:00001280       ?RectCenterHalfDim@@YA?AUrectangle2@@Tv2@@0@Z$rtcName$0 000000018002e280     p5engine.obj
 0003:00001290       ?RectCenterHalfDim@@YA?AUrectangle2@@Tv2@@0@Z$rtcVarDesc 000000018002e290     p5engine.obj
 0003:000012d0       ?RectCenterHalfDim@@YA?AUrectangle2@@Tv2@@0@Z$rtcFrameData 000000018002e2d0     p5engine.obj
 0003:00001300       ?RectCenterDim@@YA?AUrectangle2@@Tv2@@0@Z$rtcName$0 000000018002e300     p5engine.obj
 0003:00001310       ?RectCenterDim@@YA?AUrectangle2@@Tv2@@0@Z$rtcVarDesc 000000018002e310     p5engine.obj
 0003:00001350       ?RectCenterDim@@YA?AUrectangle2@@Tv2@@0@Z$rtcFrameData 000000018002e350     p5engine.obj
 0003:00001380       ?GetBarycentric@@YA?ATv2@@Urectangle2@@T1@@Z$rtcName$0 000000018002e380     p5engine.obj
 0003:00001390       ?GetBarycentric@@YA?ATv2@@Urectangle2@@T1@@Z$rtcVarDesc 000000018002e390     p5engine.obj
 0003:000013d0       ?GetBarycentric@@YA?ATv2@@Urectangle2@@T1@@Z$rtcFrameData 000000018002e3d0     p5engine.obj
 0003:00001400       ?GetMinCorner@@YA?ATv3@@Urectangle3@@@Z$rtcName$0 000000018002e400     p5engine.obj
 0003:00001410       ?GetMinCorner@@YA?ATv3@@Urectangle3@@@Z$rtcVarDesc 000000018002e410     p5engine.obj
 0003:00001450       ?GetMinCorner@@YA?ATv3@@Urectangle3@@@Z$rtcFrameData 000000018002e450     p5engine.obj
 0003:00001480       ?GetMaxCorner@@YA?ATv3@@Urectangle3@@@Z$rtcName$0 000000018002e480     p5engine.obj
 0003:00001490       ?GetMaxCorner@@YA?ATv3@@Urectangle3@@@Z$rtcVarDesc 000000018002e490     p5engine.obj
 0003:000014d0       ?GetMaxCorner@@YA?ATv3@@Urectangle3@@@Z$rtcFrameData 000000018002e4d0     p5engine.obj
 0003:00001500       ?RectCenterHalfDim@@YA?AUrectangle3@@Tv3@@0@Z$rtcName$0 000000018002e500     p5engine.obj
 0003:00001510       ?RectCenterHalfDim@@YA?AUrectangle3@@Tv3@@0@Z$rtcVarDesc 000000018002e510     p5engine.obj
 0003:00001550       ?RectCenterHalfDim@@YA?AUrectangle3@@Tv3@@0@Z$rtcFrameData 000000018002e550     p5engine.obj
 0003:00001580       ?AddRadiusTo@@YA?AUrectangle3@@U1@Tv3@@@Z$rtcName$0 000000018002e580     p5engine.obj
 0003:00001590       ?AddRadiusTo@@YA?AUrectangle3@@U1@Tv3@@@Z$rtcVarDesc 000000018002e590     p5engine.obj
 0003:000015d0       ?AddRadiusTo@@YA?AUrectangle3@@U1@Tv3@@@Z$rtcFrameData 000000018002e5d0     p5engine.obj
 0003:00001600       ?RectCenterDim@@YA?AUrectangle3@@Tv3@@0@Z$rtcName$0 000000018002e600     p5engine.obj
 0003:00001610       ?RectCenterDim@@YA?AUrectangle3@@Tv3@@0@Z$rtcVarDesc 000000018002e610     p5engine.obj
 0003:00001650       ?RectCenterDim@@YA?AUrectangle3@@Tv3@@0@Z$rtcFrameData 000000018002e650     p5engine.obj
 0003:00001680       ?GetEntityGroundPoint@@YA?ATv3@@PEAUsim_entity@@T1@@Z$rtcName$0 000000018002e680     p5engine.obj
 0003:00001690       ?GetEntityGroundPoint@@YA?ATv3@@PEAUsim_entity@@T1@@Z$rtcVarDesc 000000018002e690     p5engine.obj
 0003:000016d0       ?GetEntityGroundPoint@@YA?ATv3@@PEAUsim_entity@@T1@@Z$rtcFrameData 000000018002e6d0     p5engine.obj
 0003:00001700       ?GetEntityGroundPoint@@YA?ATv3@@PEAUsim_entity@@@Z$rtcName$0 000000018002e700     p5engine.obj
 0003:00001710       ?GetEntityGroundPoint@@YA?ATv3@@PEAUsim_entity@@@Z$rtcVarDesc 000000018002e710     p5engine.obj
 0003:00001750       ?GetEntityGroundPoint@@YA?ATv3@@PEAUsim_entity@@@Z$rtcFrameData 000000018002e750     p5engine.obj
 0003:00001780       ?GetStairGround@@YAMPEAUsim_entity@@Tv3@@@Z$rtcName$0 000000018002e780     p5engine.obj
 0003:0000178c       ?GetStairGround@@YAMPEAUsim_entity@@Tv3@@@Z$rtcName$1 000000018002e78c     p5engine.obj
 0003:000017a0       ?GetStairGround@@YAMPEAUsim_entity@@Tv3@@@Z$rtcVarDesc 000000018002e7a0     p5engine.obj
 0003:00001820       ?GetStairGround@@YAMPEAUsim_entity@@Tv3@@@Z$rtcFrameData 000000018002e820     p5engine.obj
 0003:00001860       ?DrawRectangleSlowly@@YAXPEAUloaded_bitmap@@Tv2@@11Tv4@@0@Z$rtcName$0 000000018002e860     p5engine.obj
 0003:00001864       ?DrawRectangleSlowly@@YAXPEAUloaded_bitmap@@Tv2@@11Tv4@@0@Z$rtcName$1 000000018002e864     p5engine.obj
 0003:0000186c       ?DrawRectangleSlowly@@YAXPEAUloaded_bitmap@@Tv2@@11Tv4@@0@Z$rtcName$3 000000018002e86c     p5engine.obj
 0003:00001870       ?DrawRectangleSlowly@@YAXPEAUloaded_bitmap@@Tv2@@11Tv4@@0@Z$rtcName$2 000000018002e870     p5engine.obj
 0003:0000187c       ?DrawRectangleSlowly@@YAXPEAUloaded_bitmap@@Tv2@@11Tv4@@0@Z$rtcName$4 000000018002e87c     p5engine.obj
 0003:00001884       ?DrawRectangleSlowly@@YAXPEAUloaded_bitmap@@Tv2@@11Tv4@@0@Z$rtcName$5 000000018002e884     p5engine.obj
 0003:0000188c       ?DrawRectangleSlowly@@YAXPEAUloaded_bitmap@@Tv2@@11Tv4@@0@Z$rtcName$6 000000018002e88c     p5engine.obj
 0003:00001894       ?DrawRectangleSlowly@@YAXPEAUloaded_bitmap@@Tv2@@11Tv4@@0@Z$rtcName$7 000000018002e894     p5engine.obj
 0003:0000189c       ?DrawRectangleSlowly@@YAXPEAUloaded_bitmap@@Tv2@@11Tv4@@0@Z$rtcName$8 000000018002e89c     p5engine.obj
 0003:000018a8       ?DrawRectangleSlowly@@YAXPEAUloaded_bitmap@@Tv2@@11Tv4@@0@Z$rtcFrameData 000000018002e8a8     p5engine.obj
[...]
 0003:00006b7c       $unwind$?ChangeEntityLocation@@YAXPEAUmemory_arena@@PEAUworld@@IPEAUlow_entity@@Uworld_position@@@Z 0000000180033b7c     p5engine.obj
 0003:00006b90       $unwind$?GetHashFromStorageIndex@@YAPEAUsim_entity_hash@@PEAUsim_region@@I@Z 0000000180033b90     p5engine.obj
 0003:00006ba4       $unwind$?GetSimSpacePos@@YA?ATv3@@PEAUsim_region@@PEAUlow_entity@@@Z 0000000180033ba4     p5engine.obj
 0003:00006bb8       $unwind$?AddEntity@@YAPEAUsim_entity@@PEAUgame_state@@PEAUsim_region@@IPEAUlow_entity@@PEATv3@@@Z 0000000180033bb8     p5engine.obj
 0003:00006bcc       $unwind$?LoadEntityReference@@YAXPEAUgame_state@@PEAUsim_region@@PEATentity_reference@@@Z 0000000180033bcc     p5engine.obj
 0003:00006be8       $unwind$?StoreEntityReference@@YAXPEATentity_reference@@@Z 0000000180033be8     p5engine.obj
 0003:00006bfc       $unwind$?AddEntityRaw@@YAPEAUsim_entity@@PEAUgame_state@@PEAUsim_region@@IPEAUlow_entity@@@Z 0000000180033bfc     p5engine.obj
 0003:00006c10       $unwind$?EntityOverlapsRectangle@@YAHTv3@@Usim_entity_collision_volume@@Urectangle3@@@Z 0000000180033c10     p5engine.obj
 0003:00006c24       $unwind$?BeginSim@@YAPEAUsim_region@@PEAUmemory_arena@@PEAUgame_state@@PEAUworld@@Uworld_position@@Urectangle3@@M@Z 0000000180033c24     p5engine.obj
 0003:00006c40       $unwind$?EndSim@@YAXPEAUsim_region@@PEAUgame_state@@@Z 0000000180033c40     p5engine.obj
 0003:00006c5c       $unwind$?CanCollide@@YAHPEAUgame_state@@PEAUsim_entity@@1@Z 0000000180033c5c     p5engine.obj
 0003:00006c70       $unwind$?HandleCollision@@YAHPEAUgame_state@@PEAUsim_entity@@1@Z 0000000180033c70     p5engine.obj
 0003:00006c84       $unwind$?CanOverlap@@YAHPEAUgame_state@@PEAUsim_entity@@1@Z 0000000180033c84     p5engine.obj
 0003:00006c98       $unwind$?HandleOverlap@@YAXPEAUgame_state@@PEAUsim_entity@@1MPEAM@Z 0000000180033c98     p5engine.obj
 0003:00006cac       $unwind$?SpeculativeCollide@@YAHPEAUsim_entity@@0Tv3@@@Z 0000000180033cac     p5engine.obj
 0003:00006cc0       $unwind$?EntitiesOverlap@@YAHPEAUsim_entity@@0Tv3@@@Z 0000000180033cc0     p5engine.obj
 0003:00006cd4       $unwind$?MoveEntity@@YAXPEAUgame_state@@PEAUsim_region@@PEAUsim_entity@@MPEAUmove_spec@@Tv3@@@Z 0000000180033cd4     p5engine.obj
 0003:00006cf0       $unwind$?DefaultMoveSpec@@YA?AUmove_spec@@XZ 0000000180033cf0     p5engine.obj
 0003:00006d0c       $unwind$?RandomSeed@@YA?AUrandom_series@@I@Z 0000000180033d0c     p5engine.obj
 0003:00006d28       $unwind$?RandomNextUInt32@@YAIPEAUrandom_series@@@Z 0000000180033d28     p5engine.obj
 0003:00006d3c       $unwind$?RandomChoice@@YAIPEAUrandom_series@@I@Z 0000000180033d3c     p5engine.obj
 0003:00006d50       $unwind$?RandomUnilateral@@YAMPEAUrandom_series@@@Z 0000000180033d50     p5engine.obj
 0003:00006d64       $unwind$?GameOutputSound@@YAXPEAUgame_state@@PEAUgame_sound_output_buffer@@H@Z 0000000180033d64     p5engine.obj
 0003:00006d78       $unwind$?DEBUGLoadBMP@@YA?AUloaded_bitmap@@PEAUthread_context@@P6A?AUdebug_read_file_result@@0PEAD@Z1@Z 0000000180033d78     p5engine.obj
 0003:00006d94       $unwind$?AddLowEntity@@YA?AUadd_low_entity_result@@PEAUgame_state@@W4entity_type@@Uworld_position@@@Z 0000000180033d94     p5engine.obj
 0003:00006db0       $unwind$?AddGroundedEntity@@YA?AUadd_low_entity_result@@PEAUgame_state@@W4entity_type@@Uworld_position@@PEAUsim_entity_collision_volume_group@@@Z 0000000180033db0     p5engine.obj
 0003:00006dc4       $unwind$?AddStandardRoom@@YA?AUadd_low_entity_result@@PEAUgame_state@@III@Z 0000000180033dc4     p5engine.obj
 0003:00006dd8       $unwind$?AddWall@@YA?AUadd_low_entity_result@@PEAUgame_state@@III@Z 0000000180033dd8     p5engine.obj
 0003:00006dec       $unwind$?AddStairs@@YA?AUadd_low_entity_result@@PEAUgame_state@@III@Z 0000000180033dec     p5engine.obj
 0003:00006e00       $unwind$?InitHitPoints@@YAXPEAUlow_entity@@I@Z 0000000180033e00     p5engine.obj
 0003:00006e14       $unwind$?AddSword@@YA?AUadd_low_entity_result@@PEAUgame_state@@@Z 0000000180033e14     p5engine.obj
 0003:00006e28       $unwind$?AddPlayer@@YA?AUadd_low_entity_result@@PEAUgame_state@@@Z 0000000180033e28     p5engine.obj
 0003:00006e3c       $unwind$?AddMonstar@@YA?AUadd_low_entity_result@@PEAUgame_state@@III@Z 0000000180033e3c     p5engine.obj
 0003:00006e50       $unwind$?AddFamiliar@@YA?AUadd_low_entity_result@@PEAUgame_state@@III@Z 0000000180033e50     p5engine.obj
 0003:00006e64       $unwind$?DrawHitpoints@@YAXPEAUsim_entity@@PEAUrender_group@@@Z 0000000180033e64     p5engine.obj
 0003:00006e80       $unwind$?MakeSimpleGroundedCollision@@YAPEAUsim_entity_collision_volume_group@@PEAUgame_state@@MMM@Z 0000000180033e80     p5engine.obj
 0003:00006e94       $unwind$?MakeNullCollision@@YAPEAUsim_entity_collision_volume_group@@PEAUgame_state@@@Z 0000000180033e94     p5engine.obj
 0003:00006ea8       $unwind$?FillGroundChunk@@YAXPEAUtransient_state@@PEAUgame_state@@PEAUground_buffer@@PEAUworld_position@@@Z 0000000180033ea8     p5engine.obj
 0003:00006ec4       $unwind$?ClearBitmap@@YAXPEAUloaded_bitmap@@@Z 0000000180033ec4     p5engine.obj
 0003:00006ed8       $unwind$?MakeEmptyBitmap@@YA?AUloaded_bitmap@@PEAUmemory_arena@@HHH@Z 0000000180033ed8     p5engine.obj
 0003:00006ef4       $unwind$GameUpdateAndRender 0000000180033ef4     p5engine.obj
 0003:00006f10       $unwind$GameGetSoundSamples 0000000180033f10     p5engine.obj
 0003:00006f24       $unwind$_RTC_CheckStackVars 0000000180033f24     MSVCRTD:stack.obj
 0003:00006f38       $chain$0$_RTC_CheckStackVars 0000000180033f38     MSVCRTD:stack.obj
 0003:00006f50       $chain$1$_RTC_CheckStackVars 0000000180033f50     MSVCRTD:stack.obj
 0003:00006f64       $unwind$_RTC_CheckStackVars2 0000000180033f64     MSVCRTD:stack.obj
 0003:00006f74       $chain$1$_RTC_CheckStackVars2 0000000180033f74     MSVCRTD:stack.obj
 0003:00006f90       $chain$2$_RTC_CheckStackVars2 0000000180033f90     MSVCRTD:stack.obj
 0003:00006fa8       $chain$3$_RTC_CheckStackVars2 0000000180033fa8     MSVCRTD:stack.obj
 0003:00006fc0       $chain$4$_RTC_CheckStackVars2 0000000180033fc0     MSVCRTD:stack.obj
 0003:00006fd4       $chain$5$_RTC_CheckStackVars2 0000000180033fd4     MSVCRTD:stack.obj
 0003:00006fe8       $chain$6$_RTC_CheckStackVars2 0000000180033fe8     MSVCRTD:stack.obj
 0003:00006ffc       $unwind$_RTC_AllocaHelper  0000000180033ffc     MSVCRTD:stack.obj
 0003:00007004       $chain$0$_RTC_AllocaHelper 0000000180034004     MSVCRTD:stack.obj
 0003:0000701c       $chain$1$_RTC_AllocaHelper 000000018003401c     MSVCRTD:stack.obj
 0003:00007030       $unwind$_RTC_Shutdown      0000000180034030     MSVCRTD:init.obj
 0003:00007038       $unwind$_RTC_InitBase      0000000180034038     MSVCRTD:init.obj
 0003:00007040       $unwind$__CheckForDebuggerJustMyCode 0000000180034040     MSVCRTD:debugger_jmc.obj
 0003:00007048       $unwind$__GSHandlerCheckCommon 0000000180034048     MSVCRTD:gshandler.obj
 0003:00007050       $unwind$__GSHandlerCheck   0000000180034050     MSVCRTD:gshandler.obj
 0003:00007058       $xdatasym                  0000000180034058     MSVCRTD:chkstk.obj
 0003:00007060       $xdatasym                  0000000180034060     MSVCRTD:amdsecgs.obj
 0003:00007064       $unwind$?dllmain_crt_process_attach@@YAHQEAUHINSTANCE__@@QEAX@Z 0000000180034064     MSVCRTD:dll_dllmain.obj
 0003:00007088       $unwind$?fin$0@?0??dllmain_crt_process_attach@@YAHQEAUHINSTANCE__@@QEAX@Z@4HA 0000000180034088     MSVCRTD:dll_dllmain.obj
 0003:00007090       $unwind$?dllmain_crt_process_detach@@YAH_N@Z 0000000180034090     MSVCRTD:dll_dllmain.obj
 0003:000070c4       $unwind$?fin$0@?0??dllmain_crt_process_detach@@YAH_N@Z@4HA 00000001800340c4     MSVCRTD:dll_dllmain.obj
 0003:000070cc       $unwind$?fin$1@?0??dllmain_crt_process_detach@@YAH_N@Z@4HA 00000001800340cc     MSVCRTD:dll_dllmain.obj
 0003:000070d4       $unwind$?dllmain_crt_dispatch@@YAHQEAUHINSTANCE__@@KQEAX@Z 00000001800340d4     MSVCRTD:dll_dllmain.obj
 0003:000070dc       $unwind$_CRT_INIT          00000001800340dc     MSVCRTD:dll_dllmain.obj
 0003:000070e4       $unwind$?dllmain_raw@@YAHQEAUHINSTANCE__@@KQEAX@Z 00000001800340e4     MSVCRTD:dll_dllmain.obj
 0003:000070ec       $unwind$?dllmain_dispatch@@YAHQEAUHINSTANCE__@@KQEAX@Z 00000001800340ec     MSVCRTD:dll_dllmain.obj
 0003:00007110       $unwind$?filt$0@?0??dllmain_dispatch@@YAHQEAUHINSTANCE__@@KQEAX@Z@4HA 0000000180034110     MSVCRTD:dll_dllmain.obj
 0003:00007118       $unwind$_DllMainCRTStartup 0000000180034118     MSVCRTD:dll_dllmain.obj
 0003:00007120       $unwind$_RTC_UninitUse     0000000180034120     MSVCRTD:error.obj
 0003:0000713c       $unwind$?_RTC_StackFailure@@YAXPEAXPEBD@Z 000000018003413c     MSVCRTD:error.obj
 0003:0000715c       $unwind$?_RTC_AllocaFailure@@YAXPEAXPEAU_RTC_ALLOCA_NODE@@H@Z 000000018003415c     MSVCRTD:error.obj
 0003:00007178       $chain$0$?_RTC_AllocaFailure@@YAXPEAXPEAU_RTC_ALLOCA_NODE@@H@Z 0000000180034178     MSVCRTD:error.obj
 0003:00007190       $chain$1$?_RTC_AllocaFailure@@YAXPEAXPEAU_RTC_ALLOCA_NODE@@H@Z 0000000180034190     MSVCRTD:error.obj
 0003:000071a4       $unwind$_vsprintf_s_l      00000001800341a4     MSVCRTD:error.obj
 0003:000071bc       $unwind$sprintf_s          00000001800341bc     MSVCRTD:error.obj
 0003:000071c4       $unwind$?notify_debugger@@YAXAEBUtagEXCEPTION_VISUALCPP_DEBUG_INFO@@@Z 00000001800341c4     MSVCRTD:error.obj
 0003:000071e8       $unwind$?filt$0@?0??notify_debugger@@YAXAEBUtagEXCEPTION_VISUALCPP_DEBUG_INFO@@@Z@4HA 00000001800341e8     MSVCRTD:error.obj
 0003:000071f0       $unwind$?DebuggerProbe@@YA_NK@Z 00000001800341f0     MSVCRTD:error.obj
 0003:000071f8       $unwind$?DebuggerRuntime@@YA_NKHPEAXPEB_W@Z 00000001800341f8     MSVCRTD:error.obj
 0003:00007200       $unwind$?failwithmessage@@YAXPEAXHHPEBD@Z 0000000180034200     MSVCRTD:error.obj
 0003:00007228       $unwind$?_getMemBlockDataString@@YAXPEAD0PEBD_K@Z 0000000180034228     MSVCRTD:error.obj
 0003:0000723c       $chain$3$?_getMemBlockDataString@@YAXPEAD0PEBD_K@Z 000000018003423c     MSVCRTD:error.obj
 0003:00007260       $chain$4$?_getMemBlockDataString@@YAXPEAD0PEBD_K@Z 0000000180034260     MSVCRTD:error.obj
 0003:00007274       $unwind$__report_securityfailure 0000000180034274     MSVCRTD:gs_report.obj
 0003:0000727c       $unwind$__report_securityfailureEx 000000018003427c     MSVCRTD:gs_report.obj
 0003:00007284       $unwind$__report_rangecheckfailure 0000000180034284     MSVCRTD:gs_report.obj
 0003:0000728c       $unwind$__report_gsfailure 000000018003428c     MSVCRTD:gs_report.obj
 0003:00007294       $unwind$capture_current_context 0000000180034294     MSVCRTD:gs_report.obj
 0003:0000729c       $unwind$capture_previous_context 000000018003429c     MSVCRTD:gs_report.obj
 0003:000072a4       $unwind$__raise_securityfailure 00000001800342a4     MSVCRTD:gs_report.obj
 0003:000072ac       $unwind$__security_init_cookie 00000001800342ac     MSVCRTD:gs_support.obj
 0003:000072b4       $unwind$__get_entropy      00000001800342b4     MSVCRTD:gs_support.obj
 0003:000072bc       $unwind$DllMain            00000001800342bc     MSVCRTD:dll_dllmain_stub.obj
 0003:000072c4       $unwind$?__scrt_initialize_type_info@@YAXXZ 00000001800342c4     MSVCRTD:tncleanup.obj
 0003:000072cc       $unwind$?__scrt_uninitialize_type_info@@YAXXZ 00000001800342cc     MSVCRTD:tncleanup.obj
 0003:000072d4       $unwind$__scrt_initialize_default_local_stdio_options 00000001800342d4     MSVCRTD:default_local_stdio_options.obj
 0003:000072dc       $unwind$atexit             00000001800342dc     MSVCRTD:utility.obj
 0003:000072e4       $unwind$_onexit            00000001800342e4     MSVCRTD:utility.obj
 0003:000072ec       $unwind$at_quick_exit      00000001800342ec     MSVCRTD:utility.obj
 0003:000072f4       $unwind$__scrt_is_nonwritable_in_current_image 00000001800342f4     MSVCRTD:utility.obj
 0003:00007318       $unwind$__scrt_is_nonwritable_in_current_image$filt$0 0000000180034318     MSVCRTD:utility.obj
 0003:00007320       $unwind$__scrt_acquire_startup_lock 0000000180034320     MSVCRTD:utility.obj
 0003:00007328       $unwind$__scrt_release_startup_lock 0000000180034328     MSVCRTD:utility.obj
 0003:00007330       $unwind$__scrt_initialize_crt 0000000180034330     MSVCRTD:utility.obj
 0003:00007338       $unwind$__scrt_uninitialize_crt 0000000180034338     MSVCRTD:utility.obj
 0003:00007340       $unwind$__scrt_initialize_onexit_tables 0000000180034340     MSVCRTD:utility.obj
 0003:00007350       $unwind$__scrt_dllmain_exception_filter 0000000180034350     MSVCRTD:utility.obj
 0003:00007358       $unwind$__scrt_dllmain_before_initialize_c 0000000180034358     MSVCRTD:utility.obj
 0003:00007360       $unwind$__scrt_dllmain_after_initialize_c 0000000180034360     MSVCRTD:utility.obj
 0003:00007368       $unwind$__scrt_dllmain_uninitialize_c 0000000180034368     MSVCRTD:utility.obj
 0003:00007370       $unwind$__scrt_dllmain_uninitialize_critical 0000000180034370     MSVCRTD:utility.obj
 0003:00007378       $unwind$__scrt_dllmain_crt_thread_attach 0000000180034378     MSVCRTD:utility.obj
 0003:00007380       $unwind$__scrt_dllmain_crt_thread_detach 0000000180034380     MSVCRTD:utility.obj
 0003:00007388       $unwind$?configure_argv@__scrt_narrow_argv_policy@@SAHXZ 0000000180034388     MSVCRTD:utility.obj
 0003:00007390       $unwind$?initialize_environment@__scrt_narrow_environment_policy@@SAHXZ 0000000180034390     MSVCRTD:utility.obj
 0003:00007398       $unwind$?is_potentially_valid_image_base@@YA_NQEAX@Z 0000000180034398     MSVCRTD:utility.obj
 0003:000073a0       $unwind$?find_pe_section@@YAPEAU_IMAGE_SECTION_HEADER@@QEAE_K@Z 00000001800343a0     MSVCRTD:utility.obj
 0003:000073a8       $unwind$__scrt_get_show_window_mode 00000001800343a8     MSVCRTD:utility_desktop.obj
 0003:000073b8       $unwind$__scrt_is_managed_app 00000001800343b8     MSVCRTD:utility_desktop.obj
 0003:000073c0       $unwind$__scrt_initialize_mta 00000001800343c0     MSVCRTD:utility_desktop.obj
 0003:000073c8       $unwind$__scrt_set_unhandled_exception_filter 00000001800343c8     MSVCRTD:utility_desktop.obj
 0003:000073d0       $unwind$__scrt_fastfail    00000001800343d0     MSVCRTD:utility_desktop.obj
 0003:000073e0       $unwind$__scrt_unhandled_exception_filter 00000001800343e0     MSVCRTD:utility_desktop.obj
 0003:000073e8       $unwind$_RTC_Initialize    00000001800343e8     MSVCRTD:initsect.obj
 0003:000073f8       $unwind$_RTC_Terminate     00000001800343f8     MSVCRTD:initsect.obj
 0003:00007408       $unwind$ReadNoFence64      0000000180034408     MSVCRTD:guard_support.obj
 0003:00007410       $unwind$ReadPointerNoFence 0000000180034410     MSVCRTD:guard_support.obj
 0003:00007418       $unwind$_guard_icall_checks_enforced 0000000180034418     MSVCRTD:guard_support.obj
 0003:00007420       $unwind$__castguard_compat_check 0000000180034420     MSVCRTD:guard_support.obj
 0003:00007428       $unwind$__castguard_check_failure_debugbreak 0000000180034428     MSVCRTD:guard_support.obj
 0003:00007430       $unwind$__castguard_check_failure_fastfail 0000000180034430     MSVCRTD:guard_support.obj
 0003:00007438       $unwind$__castguard_check_failure_os_handled 0000000180034438     MSVCRTD:guard_support.obj
 0003:00007440       $unwind$__castguard_slow_path_compat_check 0000000180034440     MSVCRTD:guard_support.obj
 0003:00007448       $unwind$__castguard_slow_path_check_debugbreak 0000000180034448     MSVCRTD:guard_support.obj
 0003:00007450       $unwind$__castguard_slow_path_check_fastfail 0000000180034450     MSVCRTD:guard_support.obj
 0003:00007458       $unwind$__castguard_slow_path_check_os_handled 0000000180034458     MSVCRTD:guard_support.obj
 0003:00007460       $unwind$?_RTC_GetSrcLine@@YAHPEAEPEA_WKPEAH1K@Z 0000000180034460     MSVCRTD:pdblkup.obj
 0003:0000747c       $unwind$?GetPdbDllFromInstallPath@@YAPEAUHINSTANCE__@@XZ 000000018003447c     MSVCRTD:pdblkup.obj
 0003:000074a4       $unwind$?GetPdbDllPathFromFilePath@@YAHPEB_WPEA_W_K@Z 00000001800344a4     MSVCRTD:pdblkup.obj
 0003:000074c0       $unwind$?GetPdbDll@@YAPEAUHINSTANCE__@@XZ 00000001800344c0     MSVCRTD:pdblkup.obj
 0003:000074d4       $unwind$__isa_available_init 00000001800344d4     MSVCRTD:cpu_disp.obj
 0003:000074e8       $unwind$__scrt_is_ucrt_dll_in_use 00000001800344e8     MSVCRTD:ucrt_detection.obj
 0003:000074f0       $xdatasym                  00000001800344f0     MSVCRTD:guard_dispatch.obj
 0003:000074f8       $xdatasym                  00000001800344f8     MSVCRTD:guard_xfg_dispatch.obj
 0003:000077c0       .edata                     00000001800347c0     P5Engine.exp
 0003:000077e8       rgpv                       00000001800347e8     P5Engine.exp
 0003:000077f0       rgszName                   00000001800347f0     P5Engine.exp
 0003:000077f8       rgwOrd                     00000001800347f8     P5Engine.exp
 0003:000077fc       szName                     00000001800347fc     P5Engine.exp
 0003:00007809       $N00001                    0000000180034809     P5Engine.exp
 0003:0000781d       $N00002                    000000018003481d     P5Engine.exp
 0004:00000000       ?RandomNumberTable@@3PAIA  0000000180035000     p5engine.obj
 0004:00004e40       ?init@?1??_RTC_InitBase@@9@4_NA 0000000180039e40     MSVCRTD:init.obj
 0004:00004e44       ?__proc_attached@@3HA      0000000180039e44     MSVCRTD:dll_dllmain.obj
 0004:00004e58       ?_RTC_ErrorReportFunc@@3P6AHHPEBDH00ZZEA 0000000180039e58     MSVCRTD:userapi.obj
 0004:00004e60       ?_RTC_ErrorReportFuncW@@3P6AHHPEB_WH00ZZEA 0000000180039e60     MSVCRTD:userapi.obj
 0004:00004e70       GS_ExceptionRecord         0000000180039e70     MSVCRTD:gs_report.obj
 0004:00004f10       GS_ContextRecord           0000000180039f10     MSVCRTD:gs_report.obj
 0004:00005538       ?is_initialized_as_dll@@3_NA 000000018003a538     MSVCRTD:utility.obj
 0004:00005539       ?module_local_atexit_table_initialized@@3_NA 000000018003a539     MSVCRTD:utility.obj
 0004:00005540       ?module_local_atexit_table@@3U_onexit_table_t@@A 000000018003a540     MSVCRTD:utility.obj
 0004:00005558       ?module_local_at_quick_exit_table@@3U_onexit_table_t@@A 000000018003a558     MSVCRTD:utility.obj
 0004:00005598       ?mspdb@@3PEAUHINSTANCE__@@EA 000000018003a598     MSVCRTD:pdblkup.obj
 0004:000055a1       ?alreadyTried@?1??GetPdbDll@@YAPEAUHINSTANCE__@@XZ@4_NA 000000018003a5a1     MSVCRTD:pdblkup.obj
 0004:000055a2       ?PDBOK@?1??_RTC_GetSrcLine@@YAHPEAEPEA_WKPEAH1K@Z@4_NA 000000018003a5a2     MSVCRTD:pdblkup.obj
 0006:000007ca       .idata$6                   000000018003e7ca     vcruntimed:VCRUNTIME140D.dll
 0006:0000098c       .idata$6                   000000018003e98c     ucrtd:ucrtbased.dll
 0006:00000bce       .idata$6                   000000018003ebce     kernel32:KERNEL32.dll
 0007:00000000       __5C0B09BC_p5engine_platform@h 000000018003f000     p5engine.obj
 0007:00000001       __09340588_corecrt_math@h  000000018003f001     p5engine.obj
 0007:00000002       __B0C4CEA9_malloc@h        000000018003f002     p5engine.obj
 0007:00000003       __3A0418DB_p5engine_intrinsics@h 000000018003f003     p5engine.obj
 0007:00000004       __6D6C9F34_p5engine_math@h 000000018003f004     p5engine.obj
 0007:00000005       __326D9465_p5engine_entity@h 000000018003f005     p5engine.obj
 0007:00000006       __B7D51BCB_p5engine@h      000000018003f006     p5engine.obj
 0007:00000007       __ECDA994C_p5engine_render_group@cpp 000000018003f007     p5engine.obj
 0007:00000008       __DC0D61CC_p5engine_world@cpp 000000018003f008     p5engine.obj
 0007:00000009       __5DD8E4E4_p5engine_sim_region@cpp 000000018003f009     p5engine.obj
 0007:0000000a       __9C871DF9_p5engine_entity@cpp 000000018003f00a     p5engine.obj
 0007:0000000b       __74B1E2C0_p5engine_random@h 000000018003f00b     p5engine.obj
 0007:0000000c       __D1049797_p5engine@cpp    000000018003f00c     p5engine.obj
 0009:00000170       $R000000                   0000000180041170     * linker generated manifest res *
