 P5Engine

 Timestamp is 63786388 (Fri Nov 18 23:03:04 2022)

 Preferred load address is 0000000180000000

 Start         Length     Name                   Class
 0001:00000000 000175f0H .text$mn                CODE
 0001:000175f0 00000040H .text$mn$00             CODE
 0001:00017630 0000041dH .text$x                 CODE
 0002:00000000 00000118H .idata$5                DATA
 0002:00000118 00000028H .00cfg                  DATA
 0002:00000140 00000008H .CRT$XCA                DATA
 0002:00000148 00000008H .CRT$XCZ                DATA
 0002:00000150 00000008H .CRT$XIA                DATA
 0002:00000158 00000008H .CRT$XIZ                DATA
 0002:00000160 00000008H .CRT$XPA                DATA
 0002:00000168 00000008H .CRT$XPZ                DATA
 0002:00000170 00000008H .CRT$XTA                DATA
 0002:00000178 00000008H .CRT$XTZ                DATA
 0002:00000180 00000000H .gehcont$y              DATA
 0002:00000180 00000000H .gfids$y                DATA
 0002:00000180 00001180H .rdata                  DATA
 0002:00001300 00000000H .rdata$CastGuardVftablesA DATA
 0002:00001300 00000000H .rdata$CastGuardVftablesC DATA
 0002:00001300 00000244H .rdata$voltmd           DATA
 0002:00001544 000002dcH .rdata$zzzdbg           DATA
 0002:00001820 00000008H .rtc$IAA                DATA
 0002:00001828 00000008H .rtc$IZZ                DATA
 0002:00001830 00000008H .rtc$TAA                DATA
 0002:00001838 00000008H .rtc$TZZ                DATA
 0002:00001840 00000dc0H .xdata                  DATA
 0002:00002600 00000090H .edata                  DATA
 0002:00002690 00000050H .idata$2                DATA
 0002:000026e0 00000018H .idata$3                DATA
 0002:000026f8 00000118H .idata$4                DATA
 0002:00002810 000002dcH .idata$6                DATA
 0003:00000000 00004040H .data                   DATA
 0003:00004040 02000b44H .bss                    DATA
 0004:00000000 00000e04H .pdata                  DATA
 0005:00000000 00000022H .msvcjmc                DATA
 0006:00000000 00000060H .rsrc$01                DATA
 0006:00000060 00000098H .rsrc$02                DATA

  Address         Publics by Value              Rva+Base               Lib:Object

 0000:00000000       __arm64x_redirection_metadata 0000000000000000     <absolute>
 0000:00000000       __AbsoluteZero             0000000000000000     <absolute>
 0000:00000000       __hybrid_auxiliary_iat_copy 0000000000000000     <absolute>
 0000:00000000       __guard_eh_cont_count      0000000000000000     <absolute>
 0000:00000000       __hybrid_code_map          0000000000000000     <absolute>
 0000:00000000       __guard_fids_count         0000000000000000     <absolute>
 0000:00000000       __guard_check_icall_a64n_fptr 0000000000000000     <absolute>
 0000:00000000       __arm64x_extra_rfe_table_size 0000000000000000     <absolute>
 0000:00000000       __hybrid_auxiliary_iat     0000000000000000     <absolute>
 0000:00000000       __guard_fids_table         0000000000000000     <absolute>
 0000:00000000       __hybrid_code_map_count    0000000000000000     <absolute>
 0000:00000000       __x64_code_ranges_to_entry_points 0000000000000000     <absolute>
 0000:00000000       __dynamic_value_reloc_table 0000000000000000     <absolute>
 0000:00000000       __guard_iat_table          0000000000000000     <absolute>
 0000:00000000       __arm64x_extra_rfe_table   0000000000000000     <absolute>
 0000:00000000       ___safe_se_handler_table   0000000000000000     <absolute>
 0000:00000000       __guard_longjmp_table      0000000000000000     <absolute>
 0000:00000000       __guard_longjmp_count      0000000000000000     <absolute>
 0000:00000000       __x64_code_ranges_to_entry_points_count 0000000000000000     <absolute>
 0000:00000000       __arm64x_redirection_metadata_count 0000000000000000     <absolute>
 0000:00000000       __enclave_config           0000000000000000     <absolute>
 0000:00000000       __arm64x_native_entrypoint 0000000000000000     <absolute>
 0000:00000000       ___safe_se_handler_count   0000000000000000     <absolute>
 0000:00000000       __guard_iat_count          0000000000000000     <absolute>
 0000:00000000       __guard_eh_cont_table      0000000000000000     <absolute>
 0000:00000100       __guard_flags              0000000000000100     <absolute>
 0000:00000000       __ImageBase                0000000180000000     <linker-defined>
 0001:0000b090       GameUpdateAndRender        000000018000c090 f   p5engine.obj
 0001:0000ebf0       GameGetSoundSamples        000000018000fbf0 f   p5engine.obj
 0001:0000f510       GameDEBUGFrameEnd          0000000180010510 f   p5engine.obj
 0001:0000f640       ??$_snprintf_s@$0BAA@@@YAHAEAY0BAA@D_KPEBDZZ 0000000180010640 f i p5engine.obj
 0001:0000f6c0       ??0timed_block@@QEAA@HPEADH0H@Z 00000001800106c0 f i p5engine.obj
 0001:0000f780       ??1timed_block@@QEAA@XZ    0000000180010780 f i p5engine.obj
 0001:0000f7f0       ??D@YA?ATv2@@MT0@@Z        00000001800107f0 f i p5engine.obj
 0001:0000f870       ??D@YA?ATv3@@MT0@@Z        0000000180010870 f i p5engine.obj
 0001:0000f920       ??D@YA?ATv3@@T0@M@Z        0000000180010920 f i p5engine.obj
 0001:0000f9a0       ??D@YA?ATv4@@MT0@@Z        00000001800109a0 f i p5engine.obj
 0001:0000fa70       ??G@YA?ATv2@@T0@0@Z        0000000180010a70 f i p5engine.obj
 0001:0000faf0       ??G@YA?ATv3@@T0@0@Z        0000000180010af0 f i p5engine.obj
 0001:0000fbb0       ??G@YA?ATv3@@T0@@Z         0000000180010bb0 f i p5engine.obj
 0001:0000fc60       ??H@YA?ATv2@@T0@0@Z        0000000180010c60 f i p5engine.obj
 0001:0000fce0       ??H@YA?ATv3@@T0@0@Z        0000000180010ce0 f i p5engine.obj
 0001:0000fda0       ??X@YAAEATv3@@AEAT0@M@Z    0000000180010da0 f i p5engine.obj
 0001:0000fe20       ??Y@YAAEATv2@@AEAT0@T0@@Z  0000000180010e20 f i p5engine.obj
 0001:0000fe70       ??Y@YAAEATv3@@AEAT0@T0@@Z  0000000180010e70 f i p5engine.obj
 0001:0000ff10       ??Z@YAAEATv3@@AEAT0@T0@@Z  0000000180010f10 f i p5engine.obj
 0001:0000ffb0       ?ATan2@@YAMMM@Z            0000000180010fb0 f i p5engine.obj
 0001:00010000       ?AbsoluteValue@@YAMM@Z     0000000180011000 f i p5engine.obj
 0001:00010040       ?AccumDebugStatistic@@YAXPEAUdebug_statistic@@N@Z 0000000180011040 f i p5engine.obj
 0001:000100d0       ?AddFlags@@YAXPEAUsim_entity@@I@Z 00000001800110d0 f i p5engine.obj
 0001:00010110       ?AddRadiusTo@@YA?AUrectangle3@@U1@Tv3@@@Z 0000000180011110 f i p5engine.obj
 0001:00010280       ?AllResourcesPresent@@YAHPEAUrender_group@@@Z 0000000180011280 f i p5engine.obj
 0001:000102d0       ?AreInSameChunk@@YAHPEAUworld@@PEAUworld_position@@1@Z 00000001800112d0 f i p5engine.obj
 0001:000103d0       ?AtomicAddU64@@YA_KPEC_K_K@Z 00000001800113d0 f i p5engine.obj
 0001:00010410       ?AtomicCompareExchangeU32@@YAIPECIII@Z 0000000180011410 f i p5engine.obj
 0001:00010460       ?AtomicExchangeU64@@YA_KPEC_K_K@Z 0000000180011460 f i p5engine.obj
 0001:000104a0       ?BeginAssetLock@@YAXPEAUgame_assets@@@Z 00000001800114a0 f i p5engine.obj
 0001:000104e0       ?BeginDebugStatistic@@YAXPEAUdebug_statistic@@@Z 00000001800114e0 f i p5engine.obj
 0001:00010540       ?BeginGeneration@@YAIPEAUgame_assets@@@Z 0000000180011540 f i p5engine.obj
 0001:000105f0       ?BeginTemporaryMemory@@YA?AUtemporary_memory@@PEAUmemory_arena@@@Z 00000001800115f0 f i p5engine.obj
 0001:00010690       ?CenteredChunkPoint@@YA?AUworld_position@@III@Z 0000000180011690 f i p5engine.obj
 0001:00010720       ?ChangeEntityLocationRaw@@YAXPEAUmemory_arena@@PEAUworld@@IPEAUworld_position@@2@Z 0000000180011720 f i p5engine.obj
 0001:00010b80       ?CheckArena@@YAXPEAUmemory_arena@@@Z 0000000180011b80 f i p5engine.obj
 0001:00010bb0       ?ChunkPositionFromTilePosition@@YA?AUworld_position@@PEAUworld@@HHHTv3@@@Z 0000000180011bb0 f i p5engine.obj
 0001:00010e50       ?Clamp01@@YA?ATv2@@T1@@Z   0000000180011e50 f i p5engine.obj
 0001:00010ec0       ?Clamp01@@YAMM@Z           0000000180011ec0 f i p5engine.obj
 0001:00010f00       ?Clamp01MapToRange@@YAMMMM@Z 0000000180011f00 f i p5engine.obj
 0001:00010f80       ?Clamp@@YAMMMM@Z           0000000180011f80 f i p5engine.obj
 0001:00010ff0       ?Clear@@YAXPEAUrender_group@@Tv4@@@Z 0000000180011ff0 f i p5engine.obj
 0001:00011050       ?ClearFlags@@YAXPEAUsim_entity@@I@Z 0000000180012050 f i p5engine.obj
 0001:00011090       ?DefaultMoveSpec@@YA?AUmove_spec@@XZ 0000000180012090 f i p5engine.obj
 0001:00011130       ?EndAssetLock@@YAXPEAUgame_assets@@@Z 0000000180012130 f i p5engine.obj
 0001:00011160       ?EndDebugStatistic@@YAXPEAUdebug_statistic@@@Z 0000000180012160 f i p5engine.obj
 0001:000111d0       ?EndGeneration@@YAXPEAUgame_assets@@I@Z 00000001800121d0 f i p5engine.obj
 0001:00011290       ?EndTemporaryMemory@@YAXUtemporary_memory@@@Z 0000000180012290 f i p5engine.obj
 0001:00011310       ?EntityOverlapsRectangle@@YAHTv3@@Usim_entity_collision_volume@@Urectangle3@@@Z 0000000180012310 f i p5engine.obj
 0001:000114a0       ?GetAlignmentOffset@@YA_KPEAUmemory_arena@@_K@Z 00000001800124a0 f i p5engine.obj
 0001:00011530       ?GetArenaSizeRemaining@@YA_KPEAUmemory_arena@@_K@Z 0000000180012530 f i p5engine.obj
 0001:00011590       ?GetAsset@@YAPEAUasset_memory_header@@PEAUgame_assets@@II@Z 0000000180012590 f i p5engine.obj
 0001:00011660       ?GetBarycentric@@YA?ATv2@@Urectangle2@@T1@@Z 0000000180012660 f i p5engine.obj
 0001:00011710       ?GetSound@@YAPEAUloaded_sound@@PEAUgame_assets@@Usound_id@@I@Z 0000000180012710 f i p5engine.obj
 0001:00011710       ?GetBitmap@@YAPEAUloaded_bitmap@@PEAUgame_assets@@Ubitmap_id@@I@Z 0000000180012710 f i p5engine.obj
 0001:00011710       ?GetFont@@YAPEAUloaded_font@@PEAUgame_assets@@Ufont_id@@I@Z 0000000180012710 f i p5engine.obj
 0001:00011780       ?GetSoundInfo@@YAPEAUp5a_sound@@PEAUgame_assets@@Usound_id@@@Z 0000000180012780 f i p5engine.obj
 0001:00011780       ?GetFontInfo@@YAPEAUp5a_font@@PEAUgame_assets@@Ufont_id@@@Z 0000000180012780 f i p5engine.obj
 0001:00011780       ?GetBitmapInfo@@YAPEAUp5a_bitmap@@PEAUgame_assets@@Ubitmap_id@@@Z 0000000180012780 f i p5engine.obj
 0001:000117e0       ?GetCameraRectangleAtDistance@@YA?AUrectangle2@@PEAUrender_group@@M@Z 00000001800127e0 f i p5engine.obj
 0001:00011880       ?GetCameraRectangleAtTarget@@YA?AUrectangle2@@PEAUrender_group@@@Z 0000000180012880 f i p5engine.obj
 0001:000118f0       ?GetDim@@YA?ATv2@@Urectangle2@@@Z 00000001800128f0 f i p5engine.obj
 0001:00011930       ?GetDim@@YA?ATv3@@Urectangle3@@@Z 0000000180012930 f i p5engine.obj
 0001:000119d0       ?GetEntityGroundPoint@@YA?ATv3@@PEAUsim_entity@@@Z 00000001800129d0 f i p5engine.obj
 0001:00011a50       ?GetEntityGroundPoint@@YA?ATv3@@PEAUsim_entity@@T1@@Z 0000000180012a50 f i p5engine.obj
 0001:00011ab0       ?GetFile@@YAPEAUasset_file@@PEAUgame_assets@@I@Z 0000000180012ab0 f i p5engine.obj
 0001:00011b10       ?GetFileHandleFor@@YAPEAUplatform_file_handle@@PEAUgame_assets@@I@Z 0000000180012b10 f i p5engine.obj
 0001:00011b70       ?GetGlyphFromCodepoint@@YAIPEAUp5a_font@@PEAUloaded_font@@I@Z 0000000180012b70 f i p5engine.obj
 0001:00011be0       ?GetHex@@YAID@Z            0000000180012be0 f i p5engine.obj
 0001:00011c50       ?GetLowEntity@@YAPEAUlow_entity@@PEAUgame_state@@I@Z 0000000180012c50 f i p5engine.obj
 0001:00011cc0       ?GetMaxCorner@@YA?ATv3@@Urectangle3@@@Z 0000000180012cc0 f i p5engine.obj
 0001:00011d20       ?GetMinCorner@@YA?ATv3@@Urectangle3@@@Z 0000000180012d20 f i p5engine.obj
 0001:00011d70       ?GetNextSoundInChain@@YA?AUsound_id@@PEAUgame_assets@@U1@@Z 0000000180012d70 f i p5engine.obj
 0001:00011e30       ?GetRenderEntityBasisPos@@YA?AUentity_basis_p_result@@PEAUrender_transform@@Tv3@@@Z 0000000180012e30 f i p5engine.obj
 0001:00012140       ?GetSimSpacePos@@YA?ATv3@@PEAUsim_region@@PEAUlow_entity@@@Z 0000000180013140 f i p5engine.obj
 0001:00012230       ?GetStairGround@@YAMPEAUsim_entity@@Tv3@@@Z 0000000180013230 f i p5engine.obj
 0001:00012320       ?GetWorldChunk@@YAPEAUworld_chunk@@PEAUworld@@HHHPEAUmemory_arena@@@Z 0000000180013320 f i p5engine.obj
 0001:000125a0       ?Hadamard@@YA?ATv2@@T1@0@Z 00000001800135a0 f i p5engine.obj
 0001:00012600       ?Hadamard@@YA?ATv3@@T1@0@Z 0000000180013600 f i p5engine.obj
 0001:000126c0       ?HasFlag@@YAHPEAUsim_entity@@I@Z 00000001800136c0 f i p5engine.obj
 0001:00012700       ?InitializeArena@@YAXPEAUmemory_arena@@_KPEAX@Z 0000000180013700 f i p5engine.obj
 0001:00012760       ?Inner@@YAMTv2@@0@Z        0000000180013760 f i p5engine.obj
 0001:000127b0       ?Inner@@YAMTv3@@0@Z        00000001800137b0 f i p5engine.obj
 0001:00012820       ?InsertAssetHeaderAtFront@@YAXPEAUgame_assets@@PEAUasset_memory_header@@@Z 0000000180013820 f i p5engine.obj
 0001:00012890       ?Intersect@@YA?AUrectangle2i@@U1@0@Z 0000000180013890 f i p5engine.obj
 0001:000129a0       ?IsCanonical@@YAHMM@Z      00000001800139a0 f i p5engine.obj
 0001:00012a40       ?IsCanonical@@YAHPEAUworld@@Tv3@@@Z 0000000180013a40 f i p5engine.obj
 0001:00012ae0       ?IsHex@@YAHD@Z             0000000180013ae0 f i p5engine.obj
 0001:00012b40       ?IsInRectangle@@YAHUrectangle3@@Tv3@@@Z 0000000180013b40 f i p5engine.obj
 0001:00012c00       ?IsValid@@YAHUsound_id@@@Z 0000000180013c00 f i p5engine.obj
 0001:00012c40       ?IsValid@@YAHUworld_position@@@Z 0000000180013c40 f i p5engine.obj
 0001:00012c90       ?Length@@YAMTv3@@@Z        0000000180013c90 f i p5engine.obj
 0001:00012ce0       ?LengthSq@@YAMTv2@@@Z      0000000180013ce0 f i p5engine.obj
 0001:00012d20       ?LengthSq@@YAMTv3@@@Z      0000000180013d20 f i p5engine.obj
 0001:00012d90       ?LoadEntityReference@@YAXPEAUgame_state@@PEAUsim_region@@PEATentity_reference@@@Z 0000000180013d90 f i p5engine.obj
 0001:00012ec0       ?MakeEntityNonSpatial@@YAXPEAUsim_entity@@@Z 0000000180013ec0 f i p5engine.obj
 0001:00012f40       ?MakeEntitySpatial@@YAXPEAUsim_entity@@Tv3@@1@Z 0000000180013f40 f i p5engine.obj
 0001:00012fb0       ?MapIntoChunkSpace@@YA?AUworld_position@@PEAUworld@@U1@Tv3@@@Z 0000000180013fb0 f i p5engine.obj
 0001:000130a0       ?NullPosition@@YA?AUworld_position@@XZ 00000001800140a0 f i p5engine.obj
 0001:00013110       ?Orthographic@@YAXPEAUrender_group@@HHM@Z 0000000180014110 f i p5engine.obj
 0001:00013210       ?Perspective@@YAXPEAUrender_group@@HHMMM@Z 0000000180014210 f i p5engine.obj
 0001:00013300       ?PrefetchSound@@YAXPEAUgame_assets@@Usound_id@@@Z 0000000180014300 f i p5engine.obj
 0001:00013330       ?PushBitmap@@YAXPEAUrender_group@@PEAUloaded_bitmap@@Tv3@@MTv4@@@Z 0000000180014330 f i p5engine.obj
 0001:00013560       ?PushBitmap@@YAXPEAUrender_group@@Ubitmap_id@@Tv3@@MTv4@@@Z 0000000180014560 f i p5engine.obj
 0001:000136c0       ?PushFont@@YAPEAUloaded_font@@PEAUrender_group@@Ufont_id@@@Z 00000001800146c0 f i p5engine.obj
 0001:00013750       ?PushRect@@YAXPEAUrender_group@@Tv3@@Tv2@@Tv4@@@Z 0000000180014750 f i p5engine.obj
 0001:000138f0       ?PushRectOutline@@YAXPEAUrender_group@@Tv3@@Tv2@@Tv4@@@Z 00000001800148f0 f i p5engine.obj
 0001:00013d80       ?PushRenderElement_@@YAPEAXPEAUrender_group@@IW4render_group_entry_type@@@Z 0000000180014d80 f i p5engine.obj
 0001:00013ed0       ?PushSize_@@YAPEAXPEAUmemory_arena@@_K1@Z 0000000180014ed0 f i p5engine.obj
 0001:00013fa0       ?RandomBilateral@@YAMPEAUrandom_series@@@Z 0000000180014fa0 f i p5engine.obj
 0001:00013ff0       ?RandomChoice@@YAIPEAUrandom_series@@I@Z 0000000180014ff0 f i p5engine.obj
 0001:00014030       ?RandomNextUInt32@@YAIPEAUrandom_series@@@Z 0000000180015030 f i p5engine.obj
 0001:000140a0       ?RandomSeed@@YA?AUrandom_series@@I@Z 00000001800150a0 f i p5engine.obj
 0001:00014110       ?RandomUnilateral@@YAMPEAUrandom_series@@@Z 0000000180015110 f i p5engine.obj
 0001:00014170       ?RecanonicalizeCoord@@YAXMPEAHPEAM@Z 0000000180015170 f i p5engine.obj
 0001:00014210       ?RecordDebugEvent@@YAXHW4debug_event_type@@@Z 0000000180015210 f i p5engine.obj
 0001:000142f0       ?RectCenterDim@@YA?AUrectangle2@@Tv2@@0@Z 00000001800152f0 f i p5engine.obj
 0001:00014380       ?RectCenterDim@@YA?AUrectangle3@@Tv3@@0@Z 0000000180015380 f i p5engine.obj
 0001:00014470       ?RectCenterHalfDim@@YA?AUrectangle2@@Tv2@@0@Z 0000000180015470 f i p5engine.obj
 0001:00014520       ?RectCenterHalfDim@@YA?AUrectangle3@@Tv3@@0@Z 0000000180015520 f i p5engine.obj
 0001:00014690       ?RectMinMax@@YA?AUrectangle3@@Tv3@@0@Z 0000000180015690 f i p5engine.obj
 0001:00014730       ?RectanglesIntersect@@YAHUrectangle3@@0@Z 0000000180015730 f i p5engine.obj
 0001:000147f0       ?RoundReal32ToInt32@@YAHM@Z 00000001800157f0 f i p5engine.obj
 0001:00014830       ?RoundReal32ToUInt32@@YAIM@Z 0000000180015830 f i p5engine.obj
 0001:00014870       ?SafeRatio1@@YAMMM@Z       0000000180015870 f i p5engine.obj
 0001:000148c0       ?SafeRatioN@@YAMMMM@Z      00000001800158c0 f i p5engine.obj
 0001:00014920       ?SignOf@@YAMM@Z            0000000180015920 f i p5engine.obj
 0001:00014980       ?Sin@@YAMM@Z               0000000180015980 f i p5engine.obj
 0001:000149c0       ?Square@@YAMM@Z            00000001800159c0 f i p5engine.obj
 0001:00014a00       ?SquareRoot@@YAMM@Z        0000000180015a00 f i p5engine.obj
 0001:00014a40       ?StoreEntityReference@@YAXPEATentity_reference@@@Z 0000000180015a40 f i p5engine.obj
 0001:00014a80       ?SubArena@@YAXPEAUmemory_arena@@0_K1@Z 0000000180015a80 f i p5engine.obj
 0001:00014af0       ?ToV3@@YA?ATv3@@Tv2@@M@Z   0000000180015af0 f i p5engine.obj
 0001:00014b80       ?ToV4@@YA?ATv4@@Tv3@@M@Z   0000000180015b80 f i p5engine.obj
 0001:00014bf0       ?Unproject@@YA?ATv2@@PEAUrender_group@@T1@M@Z 0000000180015bf0 f i p5engine.obj
 0001:00014c40       ?V2@@YA?ATv2@@MM@Z         0000000180015c40 f i p5engine.obj
 0001:00014cb0       ?V2i@@YA?ATv2@@HH@Z        0000000180015cb0 f i p5engine.obj
 0001:00014d00       ?V3@@YA?ATv3@@MMM@Z        0000000180015d00 f i p5engine.obj
 0001:00014da0       ?V4@@YA?ATv4@@MMMM@Z       0000000180015da0 f i p5engine.obj
 0001:00014e50       ?ZeroSize@@YAX_KPEAX@Z     0000000180015e50 f i p5engine.obj
 0001:00014eb0       GetController              0000000180015eb0 f i p5engine.obj
 0001:00014f10       __local_stdio_printf_options 0000000180015f10 f i p5engine.obj
 0001:00014f30       _vsnprintf_s               0000000180015f30 f i p5engine.obj
 0001:00014f90       _vsnprintf_s_l             0000000180015f90 f i p5engine.obj
 0001:00015020       ?DrawRectangleQuickly@@YAXPEAUloaded_bitmap@@Tv2@@11Tv4@@0MUrectangle2i@@H@Z 0000000180016020 f   p5engine_optimized.obj
 0001:00015e30       __CheckForDebuggerJustMyCode 0000000180016e30 f   MSVCRTD:debugger_jmc.obj
 0001:00015e70       __GSHandlerCheck           0000000180016e70 f   MSVCRTD:gshandler.obj
 0001:00015eb0       __GSHandlerCheckCommon     0000000180016eb0 f   MSVCRTD:gshandler.obj
 0001:00015fb0       __GSHandlerCheck_EH4       0000000180016fb0 f   MSVCRTD:gshandlereh4.obj
 0001:00016070       __chkstk                   0000000180017070 f   MSVCRTD:chkstk.obj
 0001:00016070       _alloca_probe              0000000180017070 f   MSVCRTD:chkstk.obj
 0001:000160d0       __security_check_cookie    00000001800170d0 f   MSVCRTD:amdsecgs.obj
 0001:00016500       _DllMainCRTStartup         0000000180017500 f   MSVCRTD:dll_dllmain.obj
 0001:00016540       __raise_securityfailure    0000000180017540 f   MSVCRTD:gs_report.obj
 0001:00016580       __report_gsfailure         0000000180017580 f   MSVCRTD:gs_report.obj
 0001:000167e0       __security_init_cookie     00000001800177e0 f   MSVCRTD:gs_support.obj
 0001:00016860       DllMain                    0000000180017860 f   MSVCRTD:dll_dllmain_stub.obj
 0001:000168a0       ?__scrt_initialize_type_info@@YAXXZ 00000001800178a0 f   MSVCRTD:tncleanup.obj
 0001:000168c0       ?__scrt_uninitialize_type_info@@YAXXZ 00000001800178c0 f   MSVCRTD:tncleanup.obj
 0001:000168e0       __local_stdio_scanf_options 00000001800178e0 f i MSVCRTD:default_local_stdio_options.obj
 0001:000168f0       __scrt_initialize_default_local_stdio_options 00000001800178f0 f   MSVCRTD:default_local_stdio_options.obj
 0001:00016940       ?configure_argv@__scrt_narrow_argv_policy@@SAHXZ 0000000180017940 f i MSVCRTD:utility.obj
 0001:00016a30       ?initialize_environment@__scrt_narrow_environment_policy@@SAHXZ 0000000180017a30 f i MSVCRTD:utility.obj
 0001:00016ad0       NtCurrentTeb               0000000180017ad0 f i MSVCRTD:utility.obj
 0001:00016ae0       __scrt_acquire_startup_lock 0000000180017ae0 f   MSVCRTD:utility.obj
 0001:00016b50       __scrt_dllmain_after_initialize_c 0000000180017b50 f   MSVCRTD:utility.obj
 0001:00016b80       __scrt_dllmain_before_initialize_c 0000000180017b80 f   MSVCRTD:utility.obj
 0001:00016ba0       __scrt_dllmain_crt_thread_attach 0000000180017ba0 f   MSVCRTD:utility.obj
 0001:00016bd0       __scrt_dllmain_crt_thread_detach 0000000180017bd0 f   MSVCRTD:utility.obj
 0001:00016bf0       __scrt_dllmain_exception_filter 0000000180017bf0 f   MSVCRTD:utility.obj
 0001:00016c60       __scrt_dllmain_uninitialize_c 0000000180017c60 f   MSVCRTD:utility.obj
 0001:00016c90       __scrt_dllmain_uninitialize_critical 0000000180017c90 f   MSVCRTD:utility.obj
 0001:00016cb0       __scrt_initialize_crt      0000000180017cb0 f   MSVCRTD:utility.obj
 0001:00016d00       __scrt_initialize_onexit_tables 0000000180017d00 f   MSVCRTD:utility.obj
 0001:00016e10       __scrt_is_nonwritable_in_current_image 0000000180017e10 f   MSVCRTD:utility.obj
 0001:00016ea0       __scrt_release_startup_lock 0000000180017ea0 f   MSVCRTD:utility.obj
 0001:00016ed0       __scrt_uninitialize_crt    0000000180017ed0 f   MSVCRTD:utility.obj
 0001:00016f10       __scrt_get_dyn_tls_init_callback 0000000180017f10 f   MSVCRTD:dyn_tls_init.obj
 0001:00016f20       __crt_debugger_hook        0000000180017f20 f   MSVCRTD:utility_desktop.obj
 0001:00016f30       __scrt_fastfail            0000000180017f30 f   MSVCRTD:utility_desktop.obj
 0001:000170d0       _RTC_Initialize            00000001800180d0 f   MSVCRTD:initsect.obj
 0001:00017120       _RTC_Terminate             0000000180018120 f   MSVCRTD:initsect.obj
 0001:00017170       _guard_check_icall_nop     0000000180018170 f i MSVCRTD:guard_support.obj
 0001:00017180       __isa_available_init       0000000180018180 f   MSVCRTD:cpu_disp.obj
 0001:00017520       _get_startup_argv_mode     0000000180018520 f   MSVCRTD:argv_mode.obj
 0001:00017530       __scrt_is_ucrt_dll_in_use  0000000180018530 f   MSVCRTD:ucrt_detection.obj
 0001:00017560       __CxxFrameHandler4         0000000180018560 f   vcruntimed:VCRUNTIME140_1D.dll
 0001:00017566       __C_specific_handler       0000000180018566 f   vcruntimed:VCRUNTIME140D.dll
 0001:0001756c       __std_type_info_destroy_list 000000018001856c f   vcruntimed:VCRUNTIME140D.dll
 0001:00017572       atan2                      0000000180018572 f   ucrtd:ucrtbased.dll
 0001:00017578       sinf                       0000000180018578 f   ucrtd:ucrtbased.dll
 0001:0001757e       sqrtf                      000000018001857e f   ucrtd:ucrtbased.dll
 0001:00017584       _initterm                  0000000180018584 f   ucrtd:ucrtbased.dll
 0001:0001758a       _initterm_e                000000018001858a f   ucrtd:ucrtbased.dll
 0001:00017590       _seh_filter_dll            0000000180018590 f   ucrtd:ucrtbased.dll
 0001:00017596       _configure_narrow_argv     0000000180018596 f   ucrtd:ucrtbased.dll
 0001:0001759c       _initialize_narrow_environment 000000018001859c f   ucrtd:ucrtbased.dll
 0001:000175a2       _initialize_onexit_table   00000001800185a2 f   ucrtd:ucrtbased.dll
 0001:000175a8       _execute_onexit_table      00000001800185a8 f   ucrtd:ucrtbased.dll
 0001:000175ae       _cexit                     00000001800185ae f   ucrtd:ucrtbased.dll
 0001:000175c0       __acrt_thread_attach       00000001800185c0 f   MSVCRTD:ucrt_stubs.obj
 0001:000175c0       __acrt_thread_detach       00000001800185c0 f   MSVCRTD:ucrt_stubs.obj
 0001:000175c0       __scrt_stub_for_acrt_initialize 00000001800185c0 f   MSVCRTD:ucrt_stubs.obj
 0001:000175c0       __scrt_stub_for_acrt_thread_attach 00000001800185c0 f   MSVCRTD:ucrt_stubs.obj
 0001:000175c0       __scrt_stub_for_acrt_thread_detach 00000001800185c0 f   MSVCRTD:ucrt_stubs.obj
 0001:000175c0       __vcrt_thread_attach       00000001800185c0 f   MSVCRTD:ucrt_stubs.obj
 0001:000175c0       __vcrt_initialize          00000001800185c0 f   MSVCRTD:ucrt_stubs.obj
 0001:000175c0       __acrt_initialize          00000001800185c0 f   MSVCRTD:ucrt_stubs.obj
 0001:000175c0       __vcrt_thread_detach       00000001800185c0 f   MSVCRTD:ucrt_stubs.obj
 0001:000175d0       __acrt_uninitialize_critical 00000001800185d0 f   MSVCRTD:ucrt_stubs.obj
 0001:000175d0       __scrt_stub_for_acrt_uninitialize 00000001800185d0 f   MSVCRTD:ucrt_stubs.obj
 0001:000175d0       __vcrt_uninitialize        00000001800185d0 f   MSVCRTD:ucrt_stubs.obj
 0001:000175d0       __vcrt_uninitialize_critical 00000001800185d0 f   MSVCRTD:ucrt_stubs.obj
 0001:000175d0       __scrt_stub_for_acrt_uninitialize_critical 00000001800185d0 f   MSVCRTD:ucrt_stubs.obj
 0001:000175d0       __acrt_uninitialize        00000001800185d0 f   MSVCRTD:ucrt_stubs.obj
 0001:000175e0       _is_c_termination_complete 00000001800185e0 f   MSVCRTD:ucrt_stubs.obj
 0001:000175e0       __scrt_stub_for_is_c_termination_complete 00000001800185e0 f   MSVCRTD:ucrt_stubs.obj
 0001:00017600       _guard_dispatch_icall_nop  0000000180018600 f   MSVCRTD:guard_dispatch.obj
 0001:00017620       _guard_xfg_dispatch_icall_nop 0000000180018620 f   MSVCRTD:guard_xfg_dispatch.obj
 0002:00000000       __imp_GetCurrentProcessId  0000000180019000     kernel32:KERNEL32.dll
 0002:00000008       __imp_RtlCaptureContext    0000000180019008     kernel32:KERNEL32.dll
 0002:00000010       __imp_RtlLookupFunctionEntry 0000000180019010     kernel32:KERNEL32.dll
 0002:00000018       __imp_RtlVirtualUnwind     0000000180019018     kernel32:KERNEL32.dll
 0002:00000020       __imp_UnhandledExceptionFilter 0000000180019020     kernel32:KERNEL32.dll
 0002:00000028       __imp_SetUnhandledExceptionFilter 0000000180019028     kernel32:KERNEL32.dll
 0002:00000030       __imp_IsDebuggerPresent    0000000180019030     kernel32:KERNEL32.dll
 0002:00000038       __imp_InitializeSListHead  0000000180019038     kernel32:KERNEL32.dll
 0002:00000040       __imp_DisableThreadLibraryCalls 0000000180019040     kernel32:KERNEL32.dll
 0002:00000048       __imp_GetSystemTimeAsFileTime 0000000180019048     kernel32:KERNEL32.dll
 0002:00000050       __imp_GetCurrentThreadId   0000000180019050     kernel32:KERNEL32.dll
 0002:00000058       __imp_QueryPerformanceCounter 0000000180019058     kernel32:KERNEL32.dll
 0002:00000060       __imp_IsProcessorFeaturePresent 0000000180019060     kernel32:KERNEL32.dll
 0002:00000068       __imp_TerminateProcess     0000000180019068     kernel32:KERNEL32.dll
 0002:00000070       __imp_GetCurrentProcess    0000000180019070     kernel32:KERNEL32.dll
 0002:00000078       \177KERNEL32_NULL_THUNK_DATA 0000000180019078     kernel32:KERNEL32.dll
 0002:00000080       __imp___std_type_info_destroy_list 0000000180019080     vcruntimed:VCRUNTIME140D.dll
 0002:00000088       __imp___C_specific_handler 0000000180019088     vcruntimed:VCRUNTIME140D.dll
 0002:00000090       \177VCRUNTIME140D_NULL_THUNK_DATA 0000000180019090     vcruntimed:VCRUNTIME140D.dll
 0002:00000098       __imp___CxxFrameHandler4   0000000180019098     vcruntimed:VCRUNTIME140_1D.dll
 0002:000000a0       \177VCRUNTIME140_1D_NULL_THUNK_DATA 00000001800190a0     vcruntimed:VCRUNTIME140_1D.dll
 0002:000000a8       __imp__cexit               00000001800190a8     ucrtd:ucrtbased.dll
 0002:000000b0       __imp__execute_onexit_table 00000001800190b0     ucrtd:ucrtbased.dll
 0002:000000b8       __imp__initialize_onexit_table 00000001800190b8     ucrtd:ucrtbased.dll
 0002:000000c0       __imp__initialize_narrow_environment 00000001800190c0     ucrtd:ucrtbased.dll
 0002:000000c8       __imp__configure_narrow_argv 00000001800190c8     ucrtd:ucrtbased.dll
 0002:000000d0       __imp__initterm_e          00000001800190d0     ucrtd:ucrtbased.dll
 0002:000000d8       __imp__initterm            00000001800190d8     ucrtd:ucrtbased.dll
 0002:000000e0       __imp_sqrtf                00000001800190e0     ucrtd:ucrtbased.dll
 0002:000000e8       __imp_sinf                 00000001800190e8     ucrtd:ucrtbased.dll
 0002:000000f0       __imp_atan2                00000001800190f0     ucrtd:ucrtbased.dll
 0002:000000f8       __imp___stdio_common_vsnprintf_s 00000001800190f8     ucrtd:ucrtbased.dll
 0002:00000100       __imp_roundf               0000000180019100     ucrtd:ucrtbased.dll
 0002:00000108       __imp__seh_filter_dll      0000000180019108     ucrtd:ucrtbased.dll
 0002:00000110       \177ucrtbased_NULL_THUNK_DATA 0000000180019110     ucrtd:ucrtbased.dll
 0002:00000118       __guard_check_icall_fptr   0000000180019118     MSVCRTD:guard_support.obj
 0002:00000120       __guard_xfg_check_icall_fptr 0000000180019120     MSVCRTD:guard_support.obj
 0002:00000128       __guard_dispatch_icall_fptr 0000000180019128     MSVCRTD:guard_support.obj
 0002:00000130       __guard_xfg_dispatch_icall_fptr 0000000180019130     MSVCRTD:guard_support.obj
 0002:00000138       __guard_xfg_table_dispatch_icall_fptr 0000000180019138     MSVCRTD:guard_support.obj
 0002:00000140       __xc_a                     0000000180019140     MSVCRTD:initializers.obj
 0002:00000148       __xc_z                     0000000180019148     MSVCRTD:initializers.obj
 0002:00000150       __xi_a                     0000000180019150     MSVCRTD:initializers.obj
 0002:00000158       __xi_z                     0000000180019158     MSVCRTD:initializers.obj
 0002:00000160       __xp_a                     0000000180019160     MSVCRTD:initializers.obj
 0002:00000168       __xp_z                     0000000180019168     MSVCRTD:initializers.obj
 0002:00000170       __xt_a                     0000000180019170     MSVCRTD:initializers.obj
 0002:00000178       __xt_z                     0000000180019178     MSVCRTD:initializers.obj
 0002:00000df8       ??_C@_0BA@NMEIMCEK@InvalidCodePath@ 0000000180019df8     p5engine.obj
 0002:00000e08       ??_C@_0BI@OKLOPCDD@GetRenderEntityBasisPos@ 0000000180019e08     p5engine.obj
 0002:00000e20       ??_C@_0EJ@PHPNEBOK@C?3?2Users?2pguru?2source?2repos?2p5?9@ 0000000180019e20     p5engine.obj
 0002:00000e70       ??_C@_0BD@JDBJLMOD@PushRenderElement_@ 0000000180019e70     p5engine.obj
 0002:00000e88       ??_C@_0O@NBAOOJGC@GetWorldChunk@ 0000000180019e88     p5engine.obj
 0002:00000ea0       ??_C@_0EC@FAMPFJPC@C?3?2Users?2pguru?2source?2repos?2p5?9@ 0000000180019ea0     p5engine.obj
 0002:00000ee8       ??_C@_0BI@OAEKEAEN@ChangeEntityLocationRaw@ 0000000180019ee8     p5engine.obj
 0002:00000f00       __real@00000000            0000000180019f00     p5engine.obj
 0002:00000f08       __real@0000000000000000    0000000180019f08     p5engine.obj
 0002:00000f10       __real@308992b1            0000000180019f10     p5engine.obj
 0002:00000f14       __real@3a83126f            0000000180019f14     p5engine.obj
 0002:00000f18       __real@3c23d70a            0000000180019f18     p5engine.obj
 0002:00000f1c       __real@3cc30c31            0000000180019f1c     p5engine.obj
 0002:00000f20       __real@3dcccccd            0000000180019f20     p5engine.obj
 0002:00000f24       __real@3de38e39            0000000180019f24     p5engine.obj
 0002:00000f28       __real@3e4ccccd            0000000180019f28     p5engine.obj
 0002:00000f2c       __real@3e800000            0000000180019f2c     p5engine.obj
 0002:00000f30       __real@3e99999a            0000000180019f30     p5engine.obj
 0002:00000f34       __real@3ecccccd            0000000180019f34     p5engine.obj
 0002:00000f38       __real@3ee147ae            0000000180019f38     p5engine.obj
 0002:00000f3c       __real@3f000000            0000000180019f3c     p5engine.obj
 0002:00000f40       __real@3f19999a            0000000180019f40     p5engine.obj
 0002:00000f44       __real@3f228f5c            0000000180019f44     p5engine.obj
 0002:00000f48       __real@3f3504f3            0000000180019f48     p5engine.obj
 0002:00000f4c       __real@3f400000            0000000180019f4c     p5engine.obj
 0002:00000f50       __real@3f666666            0000000180019f50     p5engine.obj
 0002:00000f54       __real@3f800000            0000000180019f54     p5engine.obj
 0002:00000f58       __real@3f8ccccd            0000000180019f58     p5engine.obj
 0002:00000f5c       __real@3f99999a            0000000180019f5c     p5engine.obj
 0002:00000f60       __real@3fa66666            0000000180019f60     p5engine.obj
 0002:00000f64       __real@3fb33333            0000000180019f64     p5engine.obj
 0002:00000f68       __real@3fc00000            0000000180019f68     p5engine.obj
 0002:00000f70       __real@3fe0000000000000    0000000180019f70     p5engine.obj
 0002:00000f78       __real@3ff0000000000000    0000000180019f78     p5engine.obj
 0002:00000f80       __real@40000000            0000000180019f80     p5engine.obj
 0002:00000f84       __real@400ccccd            0000000180019f84     p5engine.obj
 0002:00000f88       __real@40400000            0000000180019f88     p5engine.obj
 0002:00000f8c       __real@40800000            0000000180019f8c     p5engine.obj
 0002:00000f90       __real@40a00000            0000000180019f90     p5engine.obj
 0002:00000f94       __real@40c00000            0000000180019f94     p5engine.obj
 0002:00000f98       __real@40c90fdb            0000000180019f98     p5engine.obj
 0002:00000f9c       __real@41000000            0000000180019f9c     p5engine.obj
 0002:00000fa0       __real@41100000            0000000180019fa0     p5engine.obj
 0002:00000fa4       __real@41200000            0000000180019fa4     p5engine.obj
 0002:00000fa8       __real@41700000            0000000180019fa8     p5engine.obj
 0002:00000fac       __real@41880000            0000000180019fac     p5engine.obj
 0002:00000fb0       __real@41a00000            0000000180019fb0     p5engine.obj
 0002:00000fb4       __real@41f00000            0000000180019fb4     p5engine.obj
 0002:00000fb8       __real@41f00625            0000000180019fb8     p5engine.obj
 0002:00000fbc       __real@42340000            0000000180019fbc     p5engine.obj
 0002:00000fc0       __real@42a00000            0000000180019fc0     p5engine.obj
 0002:00000fc4       __real@42f00000            0000000180019fc4     p5engine.obj
 0002:00000fc8       __real@43520000            0000000180019fc8     p5engine.obj
 0002:00000fcc       __real@437f0000            0000000180019fcc     p5engine.obj
 0002:00000fd0       __real@43960000            0000000180019fd0     p5engine.obj
 0002:00000fd4       __real@461c4000            0000000180019fd4     p5engine.obj
 0002:00000fd8       __real@47c35000            0000000180019fd8     p5engine.obj
 0002:00000fe0       __real@47efffffe0000000    0000000180019fe0     p5engine.obj
 0002:00000fe8       __real@49742400            0000000180019fe8     p5engine.obj
 0002:00000fec       __real@7f7fffff            0000000180019fec     p5engine.obj
 0002:00000ff0       __real@becccccd            0000000180019ff0     p5engine.obj
 0002:00000ff4       __real@bf000000            0000000180019ff4     p5engine.obj
 0002:00000ff8       __real@bf800000            0000000180019ff8     p5engine.obj
 0002:00000ffc       __real@c0000000            0000000180019ffc     p5engine.obj
 0002:00001000       __real@c0100000            000000018001a000     p5engine.obj
 0002:00001004       __real@c0400000            000000018001a004     p5engine.obj
 0002:00001008       __real@c11ccccd            000000018001a008     p5engine.obj
 0002:00001010       __real@c7efffffe0000000    000000018001a010     p5engine.obj
 0002:00001020       __xmm@00000000000000000000000000000000 000000018001a020     p5engine.obj
 0002:00001030       __xmm@3f8000003f8000003f8000003f800000 000000018001a030     p5engine.obj
 0002:00001040       __xmm@7fffffffffffffff7fffffffffffffff 000000018001a040     p5engine.obj
 0002:00001050       __xmm@80000000800000008000000080000000 000000018001a050     p5engine.obj
 0002:00001060       ?DebugRecords_Optimized_Count@@3IB 000000018001a060     p5engine_optimized.obj
 0002:00001068       ??_C@_0BF@IHBADFJI@DrawRectangleQuickly@ 000000018001a068     p5engine_optimized.obj
 0002:00001080       ??_C@_0EG@JEOCENLP@C?3?2Users?2pguru?2source?2repos?2p5?9@ 000000018001a080     p5engine_optimized.obj
 0002:000010d0       __xmm@000000ff000000ff000000ff000000ff 000000018001a0d0     p5engine_optimized.obj
 0002:000010e0       __xmm@0000ffff0000ffff0000ffff0000ffff 000000018001a0e0     p5engine_optimized.obj
 0002:000010f0       __xmm@00ff00ff00ff00ff00ff00ff00ff00ff 000000018001a0f0     p5engine_optimized.obj
 0002:00001100       __xmm@3b8080813b8080813b8080813b808081 000000018001a100     p5engine_optimized.obj
 0002:00001110       __xmm@3f0000003f0000003f0000003f000000 000000018001a110     p5engine_optimized.obj
 0002:00001120       __xmm@40800000408000004080000040800000 000000018001a120     p5engine_optimized.obj
 0002:00001130       __xmm@477e0100477e0100477e0100477e0100 000000018001a130     p5engine_optimized.obj
 0002:00001140       __xmm@ffffffffffffffffffffffffffffffff 000000018001a140     p5engine_optimized.obj
 0002:00001150       _pRawDllMain               000000018001a150     MSVCRTD:dll_dllmain.obj
 0002:00001150       _pDefaultRawDllMain        000000018001a150     MSVCRTD:dll_dllmain.obj
 0002:000011c0       _load_config_used          000000018001a1c0     MSVCRTD:loadcfg.obj
 0002:00001300       __volatile_metadata        000000018001a300     <linker-defined>
 0002:00001820       __rtc_iaa                  000000018001a820     MSVCRTD:initsect.obj
 0002:00001828       __rtc_izz                  000000018001a828     MSVCRTD:initsect.obj
 0002:00001830       __rtc_taa                  000000018001a830     MSVCRTD:initsect.obj
 0002:00001838       __rtc_tzz                  000000018001a838     MSVCRTD:initsect.obj
 0002:00002690       __IMPORT_DESCRIPTOR_VCRUNTIME140_1D 000000018001b690     vcruntimed:VCRUNTIME140_1D.dll
 0002:000026a4       __IMPORT_DESCRIPTOR_VCRUNTIME140D 000000018001b6a4     vcruntimed:VCRUNTIME140D.dll
 0002:000026b8       __IMPORT_DESCRIPTOR_ucrtbased 000000018001b6b8     ucrtd:ucrtbased.dll
 0002:000026cc       __IMPORT_DESCRIPTOR_KERNEL32 000000018001b6cc     kernel32:KERNEL32.dll
 0002:000026e0       __NULL_IMPORT_DESCRIPTOR   000000018001b6e0     vcruntimed:VCRUNTIME140D.dll
 0003:00004000       __security_cookie_complement 0000000180020000     MSVCRTD:gs_cookie.obj
 0003:00004008       __security_cookie          0000000180020008     MSVCRTD:gs_cookie.obj
 0003:00004010       _fltused                   0000000180020010     MSVCRTD:fltused.obj
 0003:00004014       __scrt_native_dllmain_reason 0000000180020014     MSVCRTD:utility.obj
 0003:00004018       __isa_available            0000000180020018     MSVCRTD:cpu_disp.obj
 0003:0000401c       __isa_enabled              000000018002001c     MSVCRTD:cpu_disp.obj
 0003:00004020       __memcpy_nt_iters          0000000180020020     MSVCRTD:cpu_disp.obj
 0003:00004028       __memset_nt_iters          0000000180020028     MSVCRTD:cpu_disp.obj
 0003:00004030       __scrt_ucrt_dll_is_in_use  0000000180020030     MSVCRTD:ucrt_stubs.obj
 0003:00004040       DebugGlobalMemory          0000000180020040     p5engine.obj
 0003:00004048       ?GlobalCurrentEventArrayIndex@@3IA 0000000180020048     p5engine.obj
 0003:00004050       ?DebugRecords_Main@@3PAUdebug_record@@A 0000000180020050     p5engine.obj
 0003:000044b0       ?Global_DebugEventArrayIndex_DebugEventIndex@@3_KA 00000001800204b0     p5engine.obj
 0003:000044c0       ?GlobalDebugEventArray@@3PAY0BAAAAA@Udebug_event@@A 00000001800204c0     p5engine.obj
 0003:02004538       ?_OptionsStorage@?1??__local_stdio_printf_options@@9@4_KA 0000000182020538     p5engine.obj
 0003:02004540       ?DebugRecords_Optimized@@3PAUdebug_record@@A 0000000182020540     p5engine_optimized.obj
 0003:02004b00       ?__type_info_root_node@@3U__type_info_node@@A 0000000182020b00     MSVCRTD:tncleanup.obj
 0003:02004b10       ?_OptionsStorage@?1??__local_stdio_scanf_options@@9@4_KA 0000000182020b10     MSVCRTD:default_local_stdio_options.obj
 0003:02004b18       __scrt_current_native_startup_state 0000000182020b18     MSVCRTD:utility.obj
 0003:02004b20       __scrt_native_startup_lock 0000000182020b20     MSVCRTD:utility.obj
 0003:02004b60       __scrt_debugger_hook_flag  0000000182020b60     MSVCRTD:utility_desktop.obj
 0003:02004b68       __castguard_check_failure_os_handled_fptr 0000000182020b68     MSVCRTD:guard_support.obj
 0003:02004b70       __favor                    0000000182020b70     MSVCRTD:cpu_disp.obj
 0003:02004b78       __dyn_tls_init_callback    0000000182020b78     <common>
 0003:02004b80       __DebuggerCurrentSteppingThreadId 0000000182020b80     <common>

 entry point at        0001:00016500

 Static symbols

 0000:fdfdb000       .debug$S                   0000000180000000     P5Engine.exp
 0000:fdfdb000       .debug$S                   0000000180000000     vcruntimed:VCRUNTIME140D.dll
 0000:fdfdb000       .debug$S                   0000000180000000     vcruntimed:VCRUNTIME140D.dll
 0000:fdfdb000       .debug$S                   0000000180000000     vcruntimed:VCRUNTIME140D.dll
 0000:fdfdb000       .debug$S                   0000000180000000     vcruntimed:VCRUNTIME140D.dll
 0000:fdfdb000       .debug$S                   0000000180000000     vcruntimed:VCRUNTIME140_1D.dll
 0000:fdfdb000       .debug$S                   0000000180000000     ucrtd:ucrtbased.dll
 0000:fdfdb000       .debug$S                   0000000180000000     ucrtd:ucrtbased.dll
 0000:fdfdb000       .debug$S                   0000000180000000     ucrtd:ucrtbased.dll
 0000:fdfdb000       .debug$S                   0000000180000000     ucrtd:ucrtbased.dll
 0000:fdfdb000       .debug$S                   0000000180000000     ucrtd:ucrtbased.dll
 0000:fdfdb000       .debug$S                   0000000180000000     ucrtd:ucrtbased.dll
 0000:fdfdb000       .debug$S                   0000000180000000     ucrtd:ucrtbased.dll
 0000:fdfdb000       .debug$S                   0000000180000000     ucrtd:ucrtbased.dll
 0000:fdfdb000       .debug$S                   0000000180000000     ucrtd:ucrtbased.dll
 0000:fdfdb000       .debug$S                   0000000180000000     ucrtd:ucrtbased.dll
 0000:fdfdb000       .debug$S                   0000000180000000     ucrtd:ucrtbased.dll
 0000:fdfdb000       .debug$S                   0000000180000000     ucrtd:ucrtbased.dll
 0000:fdfdb000       .debug$S                   0000000180000000     ucrtd:ucrtbased.dll
 0000:fdfdb000       .debug$S                   0000000180000000     ucrtd:ucrtbased.dll
 0000:fdfdb000       .debug$S                   0000000180000000     ucrtd:ucrtbased.dll
 0000:fdfdb000       .debug$S                   0000000180000000     ucrtd:ucrtbased.dll
 0000:fdfdb000       .debug$S                   0000000180000000     ucrtd:ucrtbased.dll
 0000:fdfdb000       .debug$S                   0000000180000000     kernel32:KERNEL32.dll
 0000:fdfdb000       .debug$S                   0000000180000000     kernel32:KERNEL32.dll
 0000:fdfdb000       .debug$S                   0000000180000000     kernel32:KERNEL32.dll
 0000:fdfdb000       .debug$S                   0000000180000000     kernel32:KERNEL32.dll
 0000:fdfdb000       .debug$S                   0000000180000000     kernel32:KERNEL32.dll
 0000:fdfdb000       .debug$S                   0000000180000000     kernel32:KERNEL32.dll
 0000:fdfdb000       .debug$S                   0000000180000000     kernel32:KERNEL32.dll
 0000:fdfdb000       .debug$S                   0000000180000000     kernel32:KERNEL32.dll
 0000:fdfdb000       .debug$S                   0000000180000000     kernel32:KERNEL32.dll
 0000:fdfdb000       .debug$S                   0000000180000000     kernel32:KERNEL32.dll
 0000:fdfdb000       .debug$S                   0000000180000000     kernel32:KERNEL32.dll
 0000:fdfdb000       .debug$S                   0000000180000000     kernel32:KERNEL32.dll
 0000:fdfdb000       .debug$S                   0000000180000000     kernel32:KERNEL32.dll
 0000:fdfdb000       .debug$S                   0000000180000000     kernel32:KERNEL32.dll
 0000:fdfdb000       .debug$S                   0000000180000000     kernel32:KERNEL32.dll
 0000:fdfdb000       .debug$S                   0000000180000000     kernel32:KERNEL32.dll
 0000:fdfdb000       .debug$S                   0000000180000000     kernel32:KERNEL32.dll
 0001:00000000       ?RemoveAssetHeaderFromList@@YAXPEAUasset_memory_header@@@Z 0000000180001000 f   p5engine.obj
 0001:00000070       ?LoadBitmap@@YAXPEAUgame_assets@@Ubitmap_id@@H@Z 0000000180001070 f   p5engine.obj
 0001:00000430       ?LoadSound@@YAXPEAUgame_assets@@Usound_id@@@Z 0000000180001430 f   p5engine.obj
 0001:00000730       ?LoadFont@@YAXPEAUgame_assets@@Ufont_id@@H@Z 0000000180001730 f   p5engine.obj
 0001:00000a90       ?DEBUGReset@@YAXPEAUgame_assets@@II@Z 0000000180001a90 f   p5engine.obj
 0001:00000c60       ?DEBUGOverlay@@YAXPEAUgame_memory@@@Z 0000000180001c60 f   p5engine.obj
 0001:000017f0       ?AddCollisionRule@@YAXPEAUgame_state@@IIH@Z 00000001800027f0 f   p5engine.obj
 0001:00001970       ?ClearCollisionRulesFor@@YAXPEAUgame_state@@I@Z 0000000180002970 f   p5engine.obj
 0001:00001a70       ?BeginTaskWithMemory@@YAPEAUtask_with_memory@@PEAUtransient_state@@@Z 0000000180002a70 f   p5engine.obj
 0001:00001b50       ?EndTaskWithMemory@@YAXPEAUtask_with_memory@@@Z 0000000180002b50 f   p5engine.obj
 0001:00001bb0       ?DrawRectangle@@YAXPEAUloaded_bitmap@@Tv2@@1Tv4@@Urectangle2i@@H@Z 0000000180002bb0 f   p5engine.obj
 0001:00001ed0       ?RenderGroupToOutput@@YAXPEAUrender_group@@PEAUloaded_bitmap@@Urectangle2i@@H@Z 0000000180002ed0 f   p5engine.obj
 0001:000022a0       ?DoTiledRenderWork@@YAXPEAUplatform_work_queue@@PEAX@Z 00000001800032a0 f   p5engine.obj
 0001:00002350       ?RenderGroupToOutput@@YAXPEAUrender_group@@PEAUloaded_bitmap@@@Z 0000000180003350 f   p5engine.obj
 0001:00002490       ?TiledRenderGroupToOutput@@YAXPEAUplatform_work_queue@@PEAUrender_group@@PEAUloaded_bitmap@@@Z 0000000180003490 f   p5engine.obj
 0001:00002720       ?AllocateRenderGroup@@YAPEAUrender_group@@PEAUgame_assets@@PEAUmemory_arena@@IH@Z 0000000180003720 f   p5engine.obj
 0001:00002870       ?BeginRender@@YAXPEAUrender_group@@@Z 0000000180003870 f   p5engine.obj
 0001:00002930       ?EndRender@@YAXPEAUrender_group@@@Z 0000000180003930 f   p5engine.obj
 0001:00002a00       ?InitializeWorld@@YAXPEAUworld@@Tv3@@@Z 0000000180003a00 f   p5engine.obj
 0001:00002aa0       ?Subtract@@YA?ATv3@@PEAUworld@@PEAUworld_position@@1@Z 0000000180003aa0 f   p5engine.obj
 0001:00002d10       ?ChangeEntityLocation@@YAXPEAUmemory_arena@@PEAUworld@@IPEAUlow_entity@@Uworld_position@@@Z 0000000180003d10 f   p5engine.obj
 0001:00002f00       ?GetHashFromStorageIndex@@YAPEAUsim_entity_hash@@PEAUsim_region@@I@Z 0000000180003f00 f   p5engine.obj
 0001:00002fd0       ?AddEntity@@YAPEAUsim_entity@@PEAUgame_state@@PEAUsim_region@@IPEAUlow_entity@@PEATv3@@@Z 0000000180003fd0 f   p5engine.obj
 0001:00003130       ?AddEntityRaw@@YAPEAUsim_entity@@PEAUgame_state@@PEAUsim_region@@IPEAUlow_entity@@@Z 0000000180004130 f   p5engine.obj
 0001:00003350       ?BeginSim@@YAPEAUsim_region@@PEAUmemory_arena@@PEAUgame_state@@PEAUworld@@Uworld_position@@Urectangle3@@M@Z 0000000180004350 f   p5engine.obj
 0001:00003a10       ?EndSim@@YAXPEAUsim_region@@PEAUgame_state@@@Z 0000000180004a10 f   p5engine.obj
 0001:00003d30       ?CanCollide@@YAHPEAUgame_state@@PEAUsim_entity@@1@Z 0000000180004d30 f   p5engine.obj
 0001:00003e80       ?HandleCollision@@YAHPEAUgame_state@@PEAUsim_entity@@1@Z 0000000180004e80 f   p5engine.obj
 0001:00003f60       ?CanOverlap@@YAHPEAUgame_state@@PEAUsim_entity@@1@Z 0000000180004f60 f   p5engine.obj
 0001:00003fc0       ?HandleOverlap@@YAXPEAUgame_state@@PEAUsim_entity@@1MPEAM@Z 0000000180004fc0 f   p5engine.obj
 0001:00004060       ?SpeculativeCollide@@YAHPEAUsim_entity@@0Tv3@@@Z 0000000180005060 f   p5engine.obj
 0001:000041d0       ?EntitiesOverlap@@YAHPEAUsim_entity@@0Tv3@@@Z 00000001800051d0 f   p5engine.obj
 0001:00004590       ?MoveEntity@@YAXPEAUgame_state@@PEAUsim_region@@PEAUsim_entity@@MPEAUmove_spec@@Tv3@@@Z 0000000180005590 f   p5engine.obj
 0001:00005f30       ?LoadAssetWorkDirectly@@YAXPEAUload_asset_work@@@Z 0000000180006f30 f   p5engine.obj
 0001:00006120       ?LoadAssetWork@@YAXPEAUplatform_work_queue@@PEAX@Z 0000000180007120 f   p5engine.obj
 0001:00006170       ?InsertBlock@@YAPEAUasset_memory_block@@PEAU1@_KPEAX@Z 0000000180007170 f   p5engine.obj
 0001:00006220       ?FindBlockForSize@@YAPEAUasset_memory_block@@PEAUgame_assets@@_K@Z 0000000180007220 f   p5engine.obj
 0001:000062c0       ?MergeIfPossible@@YAHPEAUgame_assets@@PEAUasset_memory_block@@1@Z 00000001800072c0 f   p5engine.obj
 0001:000063c0       ?GenerationHasCompleted@@YAHPEAUgame_assets@@I@Z 00000001800073c0 f   p5engine.obj
 0001:00006440       ?AcquireAssetMemory@@YAPEAUasset_memory_header@@PEAUgame_assets@@II@Z 0000000180007440 f   p5engine.obj
 0001:00006790       ?GetBestMatchAssetFrom@@YAIPEAUgame_assets@@W4asset_type_id@@PEAUasset_vector@@2@Z 0000000180007790 f   p5engine.obj
 0001:00006a40       ?GetRandomAssetFrom@@YAIPEAUgame_assets@@W4asset_type_id@@PEAUrandom_series@@@Z 0000000180007a40 f   p5engine.obj
 0001:00006b40       ?GetFirstAssetFrom@@YAIPEAUgame_assets@@W4asset_type_id@@@Z 0000000180007b40 f   p5engine.obj
 0001:00006c10       ?GetBestMatchBitmapFrom@@YA?AUbitmap_id@@PEAUgame_assets@@W4asset_type_id@@PEAUasset_vector@@2@Z 0000000180007c10 f   p5engine.obj
 0001:00006c60       ?GetFirstBitmapFrom@@YA?AUbitmap_id@@PEAUgame_assets@@W4asset_type_id@@@Z 0000000180007c60 f   p5engine.obj
 0001:00006ca0       ?GetRandomBitmapFrom@@YA?AUbitmap_id@@PEAUgame_assets@@W4asset_type_id@@PEAUrandom_series@@@Z 0000000180007ca0 f   p5engine.obj
 0001:00006cf0       ?GetRandomSoundFrom@@YA?AUsound_id@@PEAUgame_assets@@W4asset_type_id@@PEAUrandom_series@@@Z 0000000180007cf0 f   p5engine.obj
 0001:00006d40       ?GetBestMatchFontFrom@@YA?AUfont_id@@PEAUgame_assets@@W4asset_type_id@@PEAUasset_vector@@2@Z 0000000180007d40 f   p5engine.obj
 0001:00006d90       ?AllocateGameAssets@@YAPEAUgame_assets@@PEAUmemory_arena@@_KPEAUtransient_state@@@Z 0000000180007d90 f   p5engine.obj
 0001:00007750       ?GetHorizontalAdvanceForPair@@YAMPEAUp5a_font@@PEAUloaded_font@@II@Z 0000000180008750 f   p5engine.obj
 0001:000077e0       ?GetBitmapForGlyph@@YA?AUbitmap_id@@PEAUgame_assets@@PEAUp5a_font@@PEAUloaded_font@@I@Z 00000001800087e0 f   p5engine.obj
 0001:00007860       ?GetLineAdvanceFor@@YAMPEAUp5a_font@@@Z 0000000180008860 f   p5engine.obj
 0001:000078b0       ?GetStartingBaselineY@@YAMPEAUp5a_font@@@Z 00000001800088b0 f   p5engine.obj
 0001:000078f0       ?PlaySound@@YAPEAUplaying_sound@@PEAUaudio_state@@Usound_id@@@Z 00000001800088f0 f   p5engine.obj
 0001:00007aa0       ?ChangeVolume@@YAXPEAUaudio_state@@PEAUplaying_sound@@MTv2@@@Z 0000000180008aa0 f   p5engine.obj
 0001:00007b70       ?OutputPlayingSounds@@YAXPEAUaudio_state@@PEAUgame_sound_output_buffer@@PEAUgame_assets@@PEAUmemory_arena@@@Z 0000000180008b70 f   p5engine.obj
 0001:00008cf0       ?InitializeAudioState@@YAXPEAUaudio_state@@PEAUmemory_arena@@@Z 0000000180009cf0 f   p5engine.obj
 0001:00008d70       ?AddLowEntity@@YA?AUadd_low_entity_result@@PEAUgame_state@@W4entity_type@@Uworld_position@@@Z 0000000180009d70 f   p5engine.obj
 0001:00008f70       ?AddGroundedEntity@@YA?AUadd_low_entity_result@@PEAUgame_state@@W4entity_type@@Uworld_position@@PEAUsim_entity_collision_volume_group@@@Z 0000000180009f70 f   p5engine.obj
 0001:00009020       ?AddStandardRoom@@YA?AUadd_low_entity_result@@PEAUgame_state@@III@Z 000000018000a020 f   p5engine.obj
 0001:00009180       ?AddWall@@YA?AUadd_low_entity_result@@PEAUgame_state@@III@Z 000000018000a180 f   p5engine.obj
 0001:000092e0       ?AddStairs@@YA?AUadd_low_entity_result@@PEAUgame_state@@III@Z 000000018000a2e0 f   p5engine.obj
 0001:00009470       ?InitHitPoints@@YAXPEAUlow_entity@@I@Z 000000018000a470 f   p5engine.obj
 0001:00009500       ?AddSword@@YA?AUadd_low_entity_result@@PEAUgame_state@@@Z 000000018000a500 f   p5engine.obj
 0001:000095f0       ?AddPlayer@@YA?AUadd_low_entity_result@@PEAUgame_state@@@Z 000000018000a5f0 f   p5engine.obj
 0001:00009730       ?AddMonstar@@YA?AUadd_low_entity_result@@PEAUgame_state@@III@Z 000000018000a730 f   p5engine.obj
 0001:000098a0       ?AddFamiliar@@YA?AUadd_low_entity_result@@PEAUgame_state@@III@Z 000000018000a8a0 f   p5engine.obj
 0001:00009a00       ?DrawHitpoints@@YAXPEAUsim_entity@@PEAUrender_group@@@Z 000000018000aa00 f   p5engine.obj
 0001:00009c70       ?MakeSimpleGroundedCollision@@YAPEAUsim_entity_collision_volume_group@@PEAUgame_state@@MMM@Z 000000018000ac70 f   p5engine.obj
 0001:00009dd0       ?MakeNullCollision@@YAPEAUsim_entity_collision_volume_group@@PEAUgame_state@@@Z 000000018000add0 f   p5engine.obj
 0001:00009eb0       ?FillGroundChunkWork@@YAXPEAUplatform_work_queue@@PEAX@Z 000000018000aeb0 f   p5engine.obj
 0001:0000a6e0       ?FillGroundChunk@@YAXPEAUtransient_state@@PEAUgame_state@@PEAUground_buffer@@PEAUworld_position@@@Z 000000018000b6e0 f   p5engine.obj
 0001:0000a7e0       ?ClearBitmap@@YAXPEAUloaded_bitmap@@@Z 000000018000b7e0 f   p5engine.obj
 0001:0000a840       ?MakeEmptyBitmap@@YA?AUloaded_bitmap@@PEAUmemory_arena@@HHH@Z 000000018000b840 f   p5engine.obj
 0001:0000a980       ?MakeSphereDiffuseMap@@YAXPEAUloaded_bitmap@@MM@Z 000000018000b980 f   p5engine.obj
 0001:0000acb0       ?MakeSphereNormalMap@@YAXPEAUloaded_bitmap@@MMM@Z 000000018000bcb0 f   p5engine.obj
 0001:0000ebc0       $LN150                     000000018000fbc0     p5engine.obj
 0001:0000ec60       ?DEBUGTextLine@@YAXPEAD@Z  000000018000fc60 f   p5engine.obj
 0001:0000f290       ?CollateDebugRecords@@YAXPEAUdebug_state@@IPEAUdebug_event@@@Z 0000000180010290 f   p5engine.obj
 0001:00016060       $$000000                   0000000180017060     MSVCRTD:chkstk.obj
 0001:000160c0       $$000000                   00000001800170c0     MSVCRTD:amdsecgs.obj
 0001:000160f0       ?dllmain_crt_dispatch@@YAHQEAUHINSTANCE__@@KQEAX@Z 00000001800170f0 f   MSVCRTD:dll_dllmain.obj
 0001:00016180       ?dllmain_crt_process_attach@@YAHQEAUHINSTANCE__@@QEAX@Z 0000000180017180 f   MSVCRTD:dll_dllmain.obj
 0001:000162c0       ?dllmain_crt_process_detach@@YAH_N@Z 00000001800172c0 f   MSVCRTD:dll_dllmain.obj
 0001:00016360       ?dllmain_dispatch@@YAHQEAUHINSTANCE__@@KQEAX@Z 0000000180017360 f   MSVCRTD:dll_dllmain.obj
 0001:000164a0       ?dllmain_raw@@YAHQEAUHINSTANCE__@@KQEAX@Z 00000001800174a0 f   MSVCRTD:dll_dllmain.obj
 0001:00016660       capture_previous_context   0000000180017660 f   MSVCRTD:gs_report.obj
 0001:00016720       __get_entropy              0000000180017720 f   MSVCRTD:gs_support.obj
 0001:00016960       ?find_pe_section@@YAPEAU_IMAGE_SECTION_HEADER@@QEAE_K@Z 0000000180017960 f   MSVCRTD:utility.obj
 0001:00016a40       ?is_potentially_valid_image_base@@YA_NQEAX@Z 0000000180017a40 f   MSVCRTD:utility.obj
 0001:000175f0       $$000000                   00000001800185f0     MSVCRTD:guard_dispatch.obj
 0001:00017610       $$000000                   0000000180018610     MSVCRTD:guard_xfg_dispatch.obj
 0001:00017630       ?dtor$0@?0??LoadBitmap@@YAXPEAUgame_assets@@Ubitmap_id@@H@Z@4HA 0000000180018630 f   p5engine.obj
 0001:0001764b       ?dtor$0@?0??LoadSound@@YAXPEAUgame_assets@@Usound_id@@@Z@4HA 000000018001864b f   p5engine.obj
 0001:00017666       ?dtor$0@?0??LoadFont@@YAXPEAUgame_assets@@Ufont_id@@H@Z@4HA 0000000180018666 f   p5engine.obj
 0001:00017681       ?dtor$0@?0??DEBUGReset@@YAXPEAUgame_assets@@II@Z@4HA 0000000180018681 f   p5engine.obj
 0001:00017699       ?dtor$0@?0??DrawRectangle@@YAXPEAUloaded_bitmap@@Tv2@@1Tv4@@Urectangle2i@@H@Z@4HA 0000000180018699 f   p5engine.obj
 0001:000176b4       ?dtor$0@?0??RenderGroupToOutput@@YAXPEAUrender_group@@PEAUloaded_bitmap@@Urectangle2i@@H@Z@4HA 00000001800186b4 f   p5engine.obj
 0001:000176cf       ?dtor$0@?0??RenderGroupToOutput@@YAXPEAUrender_group@@PEAUloaded_bitmap@@@Z@4HA 00000001800186cf f   p5engine.obj
 0001:000176e7       ?dtor$0@?0??TiledRenderGroupToOutput@@YAXPEAUplatform_work_queue@@PEAUrender_group@@PEAUloaded_bitmap@@@Z@4HA 00000001800186e7 f   p5engine.obj
 0001:00017702       ?dtor$0@?0??BeginRender@@YAXPEAUrender_group@@@Z@4HA 0000000180018702 f   p5engine.obj
 0001:0001771a       ?dtor$0@?0??EndRender@@YAXPEAUrender_group@@@Z@4HA 000000018001871a f   p5engine.obj
 0001:00017732       ?dtor$0@?0??ChangeEntityLocation@@YAXPEAUmemory_arena@@PEAUworld@@IPEAUlow_entity@@Uworld_position@@@Z@4HA 0000000180018732 f   p5engine.obj
 0001:0001774d       ?dtor$0@?0??AddEntityRaw@@YAPEAUsim_entity@@PEAUgame_state@@PEAUsim_region@@IPEAUlow_entity@@@Z@4HA 000000018001874d f   p5engine.obj
 0001:00017765       ?dtor$0@?0??BeginSim@@YAPEAUsim_region@@PEAUmemory_arena@@PEAUgame_state@@PEAUworld@@Uworld_position@@Urectangle3@@M@Z@4HA 0000000180018765 f   p5engine.obj
 0001:00017780       ?dtor$0@?0??EndSim@@YAXPEAUsim_region@@PEAUgame_state@@@Z@4HA 0000000180018780 f   p5engine.obj
 0001:0001779b       ?dtor$0@?0??SpeculativeCollide@@YAHPEAUsim_entity@@0Tv3@@@Z@4HA 000000018001879b f   p5engine.obj
 0001:000177b6       ?dtor$0@?0??EntitiesOverlap@@YAHPEAUsim_entity@@0Tv3@@@Z@4HA 00000001800187b6 f   p5engine.obj
 0001:000177d1       ?dtor$0@?0??MoveEntity@@YAXPEAUgame_state@@PEAUsim_region@@PEAUsim_entity@@MPEAUmove_spec@@Tv3@@@Z@4HA 00000001800187d1 f   p5engine.obj
 0001:000177ec       ?dtor$0@?0??LoadAssetWorkDirectly@@YAXPEAUload_asset_work@@@Z@4HA 00000001800187ec f   p5engine.obj
 0001:00017804       ?dtor$0@?0??AcquireAssetMemory@@YAPEAUasset_memory_header@@PEAUgame_assets@@II@Z@4HA 0000000180018804 f   p5engine.obj
 0001:0001781c       ?dtor$0@?0??GetBestMatchAssetFrom@@YAIPEAUgame_assets@@W4asset_type_id@@PEAUasset_vector@@2@Z@4HA 000000018001881c f   p5engine.obj
 0001:00017837       ?dtor$0@?0??GetRandomAssetFrom@@YAIPEAUgame_assets@@W4asset_type_id@@PEAUrandom_series@@@Z@4HA 0000000180018837 f   p5engine.obj
 0001:0001784f       ?dtor$0@?0??GetFirstAssetFrom@@YAIPEAUgame_assets@@W4asset_type_id@@@Z@4HA 000000018001884f f   p5engine.obj
 0001:00017867       ?dtor$0@?0??AllocateGameAssets@@YAPEAUgame_assets@@PEAUmemory_arena@@_KPEAUtransient_state@@@Z@4HA 0000000180018867 f   p5engine.obj
 0001:00017882       ?dtor$0@?0??PlaySound@@YAPEAUplaying_sound@@PEAUaudio_state@@Usound_id@@@Z@4HA 0000000180018882 f   p5engine.obj
 0001:0001789a       ?dtor$0@?0??OutputPlayingSounds@@YAXPEAUaudio_state@@PEAUgame_sound_output_buffer@@PEAUgame_assets@@PEAUmemory_arena@@@Z@4HA 000000018001889a f   p5engine.obj
 0001:000178b5       ?dtor$0@?0??FillGroundChunkWork@@YAXPEAUplatform_work_queue@@PEAX@Z@4HA 00000001800188b5 f   p5engine.obj
 0001:000178d0       GameUpdateAndRender$dtor$0 00000001800188d0 f   p5engine.obj
 0001:000178f0       ?dtor$0@?0??ChangeEntityLocationRaw@@YAXPEAUmemory_arena@@PEAUworld@@IPEAUworld_position@@2@Z@4HA 00000001800188f0 f   p5engine.obj
 0001:00017910       ?dtor$0@?0??GetRenderEntityBasisPos@@YA?AUentity_basis_p_result@@PEAUrender_transform@@Tv3@@@Z@4HA 0000000180018910 f   p5engine.obj
 0001:00017930       ?dtor$0@?0??GetWorldChunk@@YAPEAUworld_chunk@@PEAUworld@@HHHPEAUmemory_arena@@@Z@4HA 0000000180018930 f   p5engine.obj
 0001:00017930       ?dtor$0@?0??PushRenderElement_@@YAPEAXPEAUrender_group@@IW4render_group_entry_type@@@Z@4HA 0000000180018930 f   p5engine.obj
 0001:00017950       ?dtor$0@?0??DrawRectangleQuickly@@YAXPEAUloaded_bitmap@@Tv2@@11Tv4@@0MUrectangle2i@@H@Z@4HA 0000000180018950 f   p5engine_optimized.obj
 0001:00017960       ?dtor$1@?0??DrawRectangleQuickly@@YAXPEAUloaded_bitmap@@Tv2@@11Tv4@@0MUrectangle2i@@H@Z@4HA 0000000180018960 f   p5engine_optimized.obj
 0001:00017970       ?fin$0@?0??dllmain_crt_process_attach@@YAHQEAUHINSTANCE__@@QEAX@Z@4HA 0000000180018970 f   MSVCRTD:dll_dllmain.obj
 0001:00017990       ?fin$0@?0??dllmain_crt_process_detach@@YAH_N@Z@4HA 0000000180018990 f   MSVCRTD:dll_dllmain.obj
 0001:000179aa       ?fin$1@?0??dllmain_crt_process_detach@@YAH_N@Z@4HA 00000001800189aa f   MSVCRTD:dll_dllmain.obj
 0001:000179c0       ?filt$0@?0??dllmain_dispatch@@YAHQEAUHINSTANCE__@@KQEAX@Z@4HA 00000001800189c0 f   MSVCRTD:dll_dllmain.obj
 0001:00017a10       __scrt_is_nonwritable_in_current_image$filt$0 0000000180018a10 f   MSVCRTD:utility.obj
 0002:00000180       $SG32801                   0000000180019180     p5engine.obj
 0002:000001a0       $SG32802                   00000001800191a0     p5engine.obj
 0002:000001e8       $SG32839                   00000001800191e8     p5engine.obj
 0002:000001f8       $SG33079                   00000001800191f8     p5engine.obj
 0002:00000210       $SG32840                   0000000180019210     p5engine.obj
 0002:00000258       $SG32994                   0000000180019258     p5engine.obj
 0002:00000268       $SG33176                   0000000180019268     p5engine.obj
 0002:00000280       $SG32995                   0000000180019280     p5engine.obj
 0002:000002c8       $SG33360                   00000001800192c8     p5engine.obj
 0002:000002e0       $SG33080                   00000001800192e0     p5engine.obj
 0002:00000328       $SG33227                   0000000180019328     p5engine.obj
 0002:00000338       $SG33375                   0000000180019338     p5engine.obj
 0002:00000350       $SG33177                   0000000180019350     p5engine.obj
 0002:00000398       $SG33387                   0000000180019398     p5engine.obj
 0002:000003b0       $SG33228                   00000001800193b0     p5engine.obj
 0002:000003f8       $SG33264                   00000001800193f8     p5engine.obj
 0002:00000408       $SG33533                   0000000180019408     p5engine.obj
 0002:00000420       $SG33265                   0000000180019420     p5engine.obj
 0002:00000468       $SG33302                   0000000180019468     p5engine.obj
 0002:00000478       $SG33536                   0000000180019478     p5engine.obj
 0002:000004a0       $SG33303                   00000001800194a0     p5engine.obj
 0002:000004e8       $SG33538                   00000001800194e8     p5engine.obj
 0002:00000508       $SG33847                   0000000180019508     p5engine.obj
 0002:00000520       $SG33361                   0000000180019520     p5engine.obj
 0002:00000568       $SG33542                   0000000180019568     p5engine.obj
 0002:00000578       $SG34201                   0000000180019578     p5engine.obj
 0002:00000590       $SG33376                   0000000180019590     p5engine.obj
 0002:000005d8       $SG34202                   00000001800195d8     p5engine.obj
 0002:00000614       $SG32696                   0000000180019614     p5engine.obj
 0002:00000620       $SG33388                   0000000180019620     p5engine.obj
 0002:00000668       $SG34687                   0000000180019668     p5engine.obj
 0002:00000680       $SG33534                   0000000180019680     p5engine.obj
 0002:000006c8       $SG33614                   00000001800196c8     p5engine.obj
 0002:000006d8       $SG34688                   00000001800196d8     p5engine.obj
 0002:00000720       $SG33615                   0000000180019720     p5engine.obj
 0002:00000770       $SG33848                   0000000180019770     p5engine.obj
 0002:000007b8       $SG34775                   00000001800197b8     p5engine.obj
 0002:000007c8       $SG37123                   00000001800197c8     p5engine.obj
 0002:000007e0       $SG37124                   00000001800197e0     p5engine.obj
 0002:00000828       $SG37299                   0000000180019828     p5engine.obj
 0002:00000848       $SG31360                   0000000180019848     p5engine.obj
 0002:00000860       $SG31361                   0000000180019860     p5engine.obj
 0002:000008b0       $SG31679                   00000001800198b0     p5engine.obj
 0002:000008d0       $SG31680                   00000001800198d0     p5engine.obj
 0002:00000920       $SG31735                   0000000180019920     p5engine.obj
 0002:00000940       $SG31736                   0000000180019940     p5engine.obj
 0002:00000990       $SG31786                   0000000180019990     p5engine.obj
 0002:000009a0       $SG31787                   00000001800199a0     p5engine.obj
 0002:000009f0       $SG31849                   00000001800199f0     p5engine.obj
 0002:00000a00       $SG31850                   0000000180019a00     p5engine.obj
 0002:00000a50       $SG32098                   0000000180019a50     p5engine.obj
 0002:00000a70       $SG32099                   0000000180019a70     p5engine.obj
 0002:00000ac0       $SG32107                   0000000180019ac0     p5engine.obj
 0002:00000ad0       $SG32141                   0000000180019ad0     p5engine.obj
 0002:00000af0       $SG32142                   0000000180019af0     p5engine.obj
 0002:00000b40       $SG32170                   0000000180019b40     p5engine.obj
 0002:00000b60       $SG32171                   0000000180019b60     p5engine.obj
 0002:00000bb0       $SG32194                   0000000180019bb0     p5engine.obj
 0002:00000bc0       $SG32195                   0000000180019bc0     p5engine.obj
 0002:00000c10       $SG32203                   0000000180019c10     p5engine.obj
 0002:00000c20       $SG32204                   0000000180019c20     p5engine.obj
 0002:00000c70       $SG32487                   0000000180019c70     p5engine.obj
 0002:00000c90       $SG32488                   0000000180019c90     p5engine.obj
 0002:00000cd8       $SG32561                   0000000180019cd8     p5engine.obj
 0002:00000cf0       $SG32562                   0000000180019cf0     p5engine.obj
 0002:00000d38       $SG32570                   0000000180019d38     p5engine.obj
 0002:00000d48       $SG32664                   0000000180019d48     p5engine.obj
 0002:00000d60       $SG32665                   0000000180019d60     p5engine.obj
 0002:00000db0       $SG32697                   0000000180019db0     p5engine.obj
 0002:00001158       GS_ExceptionPointers       000000018001a158     MSVCRTD:gs_report.obj
 0002:00001840       $unwind$?EndGeneration@@YAXPEAUgame_assets@@I@Z 000000018001a840     p5engine.obj
 0002:00001840       $unwind$?GetBitmapInfo@@YAPEAUp5a_bitmap@@PEAUgame_assets@@Ubitmap_id@@@Z 000000018001a840     p5engine.obj
 0002:00001840       $unwind$?GetFile@@YAPEAUasset_file@@PEAUgame_assets@@I@Z 000000018001a840     p5engine.obj
 0002:00001840       $unwind$?GetFileHandleFor@@YAPEAUplatform_file_handle@@PEAUgame_assets@@I@Z 000000018001a840     p5engine.obj
 0002:00001840       $unwind$?GetFontInfo@@YAPEAUp5a_font@@PEAUgame_assets@@Ufont_id@@@Z 000000018001a840     p5engine.obj
 0002:00001840       $unwind$?GetLowEntity@@YAPEAUlow_entity@@PEAUgame_state@@I@Z 000000018001a840     p5engine.obj
 0002:00001840       $unwind$?GetSoundInfo@@YAPEAUp5a_sound@@PEAUgame_assets@@Usound_id@@@Z 000000018001a840     p5engine.obj
 0002:00001840       $unwind$?HasFlag@@YAHPEAUsim_entity@@I@Z 000000018001a840     p5engine.obj
 0002:00001840       $unwind$?PushFont@@YAPEAUloaded_font@@PEAUrender_group@@Ufont_id@@@Z 000000018001a840     p5engine.obj
 0002:00001840       $unwind$?RandomChoice@@YAIPEAUrandom_series@@I@Z 000000018001a840     p5engine.obj
 0002:00001840       $unwind$GetController      000000018001a840     p5engine.obj
 0002:00001848       $unwind$?InitializeArena@@YAXPEAUmemory_arena@@_KPEAX@Z 000000018001a848     p5engine.obj
 0002:00001850       $unwind$?GetAlignmentOffset@@YA_KPEAUmemory_arena@@_K@Z 000000018001a850     p5engine.obj
 0002:00001858       $unwind$??Y@YAAEATv2@@AEAT0@T0@@Z 000000018001a858     p5engine.obj
 0002:00001858       $unwind$?AtomicAddU64@@YA_KPEC_K_K@Z 000000018001a858     p5engine.obj
 0002:00001858       $unwind$?AtomicExchangeU64@@YA_KPEC_K_K@Z 000000018001a858     p5engine.obj
 0002:00001858       $unwind$?GetArenaSizeRemaining@@YA_KPEAUmemory_arena@@_K@Z 000000018001a858     p5engine.obj
 0002:00001858       $unwind$?Hadamard@@YA?ATv2@@T1@0@Z 000000018001a858     p5engine.obj
 0002:00001858       $unwind$?Inner@@YAMTv2@@0@Z 000000018001a858     p5engine.obj
 0002:00001858       $unwind$?Inner@@YAMTv3@@0@Z 000000018001a858     p5engine.obj
 0002:00001858       $unwind$?InsertAssetHeaderAtFront@@YAXPEAUgame_assets@@PEAUasset_memory_header@@@Z 000000018001a858     p5engine.obj
 0002:00001858       $unwind$?IsCanonical@@YAHPEAUworld@@Tv3@@@Z 000000018001a858     p5engine.obj
 0002:00001858       $unwind$?IsInRectangle@@YAHUrectangle3@@Tv3@@@Z 000000018001a858     p5engine.obj
 0002:00001858       $unwind$?RectanglesIntersect@@YAHUrectangle3@@0@Z 000000018001a858     p5engine.obj
 0002:00001858       $unwind$?ZeroSize@@YAX_KPEAX@Z 000000018001a858     p5engine.obj
 0002:00001858       $unwind$?find_pe_section@@YAPEAU_IMAGE_SECTION_HEADER@@QEAE_K@Z 000000018001a858     MSVCRTD:utility.obj
 0002:00001860       $unwind$?PushSize_@@YAPEAXPEAUmemory_arena@@_K1@Z 000000018001a860     p5engine.obj
 0002:00001868       $unwind$??G@YA?ATv3@@T0@@Z 000000018001a868     p5engine.obj
 0002:00001868       $unwind$?BeginTemporaryMemory@@YA?AUtemporary_memory@@PEAUmemory_arena@@@Z 000000018001a868     p5engine.obj
 0002:0000187c       $unwind$?AllResourcesPresent@@YAHPEAUrender_group@@@Z 000000018001a87c     p5engine.obj
 0002:0000187c       $unwind$?BeginGeneration@@YAIPEAUgame_assets@@@Z 000000018001a87c     p5engine.obj
 0002:0000187c       $unwind$?EndTemporaryMemory@@YAXUtemporary_memory@@@Z 000000018001a87c     p5engine.obj
 0002:0000187c       $unwind$?GetDim@@YA?ATv2@@Urectangle2@@@Z 000000018001a87c     p5engine.obj
 0002:0000187c       $unwind$?IsValid@@YAHUworld_position@@@Z 000000018001a87c     p5engine.obj
 0002:0000187c       $unwind$?LengthSq@@YAMTv2@@@Z 000000018001a87c     p5engine.obj
 0002:0000187c       $unwind$?RandomBilateral@@YAMPEAUrandom_series@@@Z 000000018001a87c     p5engine.obj
 0002:0000187c       $unwind$?RandomNextUInt32@@YAIPEAUrandom_series@@@Z 000000018001a87c     p5engine.obj
 0002:0000187c       $unwind$?RandomUnilateral@@YAMPEAUrandom_series@@@Z 000000018001a87c     p5engine.obj
 0002:0000187c       $unwind$__CheckForDebuggerJustMyCode 000000018001a87c     MSVCRTD:debugger_jmc.obj
 0002:0000187c       $unwind$__report_gsfailure 000000018001a87c     MSVCRTD:gs_report.obj
 0002:00001884       $unwind$?BeginAssetLock@@YAXPEAUgame_assets@@@Z 000000018001a884     p5engine.obj
 0002:00001884       $unwind$?BeginDebugStatistic@@YAXPEAUdebug_statistic@@@Z 000000018001a884     p5engine.obj
 0002:00001884       $unwind$?CheckArena@@YAXPEAUmemory_arena@@@Z 000000018001a884     p5engine.obj
 0002:00001884       $unwind$?EndAssetLock@@YAXPEAUgame_assets@@@Z 000000018001a884     p5engine.obj
 0002:00001884       $unwind$?EndDebugStatistic@@YAXPEAUdebug_statistic@@@Z 000000018001a884     p5engine.obj
 0002:00001884       $unwind$?StoreEntityReference@@YAXPEATentity_reference@@@Z 000000018001a884     p5engine.obj
 0002:00001884       $unwind$__raise_securityfailure 000000018001a884     MSVCRTD:gs_report.obj
 0002:00001884       $unwind$?is_potentially_valid_image_base@@YA_NQEAX@Z 000000018001a884     MSVCRTD:utility.obj
 0002:0000188c       $unwind$?SubArena@@YAXPEAUmemory_arena@@0_K1@Z 000000018001a88c     p5engine.obj
 0002:0000188c       $unwind$__GSHandlerCheck   000000018001a88c     MSVCRTD:gshandler.obj
 0002:00001894       $unwind$?AtomicCompareExchangeU32@@YAIPECIII@Z 000000018001a894     p5engine.obj
 0002:00001894       $unwind$?GetAsset@@YAPEAUasset_memory_header@@PEAUgame_assets@@II@Z 000000018001a894     p5engine.obj
 0002:00001894       $unwind$?dllmain_crt_dispatch@@YAHQEAUHINSTANCE__@@KQEAX@Z 000000018001a894     MSVCRTD:dll_dllmain.obj
 0002:00001894       $unwind$?dllmain_raw@@YAHQEAUHINSTANCE__@@KQEAX@Z 000000018001a894     MSVCRTD:dll_dllmain.obj
 0002:0000189c       $unwind$?AbsoluteValue@@YAMM@Z 000000018001a89c     p5engine.obj
 0002:0000189c       $unwind$?Clamp01@@YAMM@Z   000000018001a89c     p5engine.obj
 0002:0000189c       $unwind$?RoundReal32ToInt32@@YAHM@Z 000000018001a89c     p5engine.obj
 0002:0000189c       $unwind$?RoundReal32ToUInt32@@YAIM@Z 000000018001a89c     p5engine.obj
 0002:0000189c       $unwind$?SignOf@@YAMM@Z    000000018001a89c     p5engine.obj
 0002:0000189c       $unwind$?Sin@@YAMM@Z       000000018001a89c     p5engine.obj
 0002:0000189c       $unwind$?Square@@YAMM@Z    000000018001a89c     p5engine.obj
 0002:0000189c       $unwind$?SquareRoot@@YAMM@Z 000000018001a89c     p5engine.obj
 0002:000018a4       $unwind$?ATan2@@YAMMM@Z    000000018001a8a4     p5engine.obj
 0002:000018a4       $unwind$?IsCanonical@@YAHMM@Z 000000018001a8a4     p5engine.obj
 0002:000018a4       $unwind$?SafeRatio1@@YAMMM@Z 000000018001a8a4     p5engine.obj
 0002:000018ac       $unwind$?Clamp01MapToRange@@YAMMMM@Z 000000018001a8ac     p5engine.obj
 0002:000018ac       $unwind$?Clamp@@YAMMMM@Z   000000018001a8ac     p5engine.obj
 0002:000018ac       $unwind$?SafeRatioN@@YAMMMM@Z 000000018001a8ac     p5engine.obj
 0002:000018b4       $unwind$?V2@@YA?ATv2@@MM@Z 000000018001a8b4     p5engine.obj
 0002:000018c4       $unwind$?V2i@@YA?ATv2@@HH@Z 000000018001a8c4     p5engine.obj
 0002:000018cc       $unwind$??D@YA?ATv2@@MT0@@Z 000000018001a8cc     p5engine.obj
 0002:000018dc       $unwind$??G@YA?ATv2@@T0@0@Z 000000018001a8dc     p5engine.obj
 0002:000018dc       $unwind$??H@YA?ATv2@@T0@0@Z 000000018001a8dc     p5engine.obj
 0002:000018dc       $unwind$?GetBarycentric@@YA?ATv2@@Urectangle2@@T1@@Z 000000018001a8dc     p5engine.obj
 0002:000018ec       $unwind$?Clamp01@@YA?ATv2@@T1@@Z 000000018001a8ec     p5engine.obj
 0002:000018fc       $unwind$?V3@@YA?ATv3@@MMM@Z 000000018001a8fc     p5engine.obj
 0002:000018fc       $unwind$?V4@@YA?ATv4@@MMMM@Z 000000018001a8fc     p5engine.obj
 0002:00001910       $unwind$??D@YA?ATv3@@MT0@@Z 000000018001a910     p5engine.obj
 0002:00001910       $unwind$??D@YA?ATv4@@MT0@@Z 000000018001a910     p5engine.obj
 0002:00001910       $unwind$?ToV3@@YA?ATv3@@Tv2@@M@Z 000000018001a910     p5engine.obj
 0002:00001924       $unwind$??D@YA?ATv3@@T0@M@Z 000000018001a924     p5engine.obj
 0002:00001924       $unwind$?GetCameraRectangleAtDistance@@YA?AUrectangle2@@PEAUrender_group@@M@Z 000000018001a924     p5engine.obj
 0002:00001930       $unwind$??X@YAAEATv3@@AEAT0@M@Z 000000018001a930     p5engine.obj
 0002:0000193c       $unwind$??G@YA?ATv3@@T0@0@Z 000000018001a93c     p5engine.obj
 0002:0000193c       $unwind$??H@YA?ATv3@@T0@0@Z 000000018001a93c     p5engine.obj
 0002:00001950       $unwind$??Y@YAAEATv3@@AEAT0@T0@@Z 000000018001a950     p5engine.obj
 0002:00001950       $unwind$??Z@YAAEATv3@@AEAT0@T0@@Z 000000018001a950     p5engine.obj
 0002:00001950       $unwind$?GetDim@@YA?ATv3@@Urectangle3@@@Z 000000018001a950     p5engine.obj
 0002:0000195c       $unwind$?AreInSameChunk@@YAHPEAUworld@@PEAUworld_position@@1@Z 000000018001a95c     p5engine.obj
 0002:0000195c       $unwind$?Hadamard@@YA?ATv3@@T1@0@Z 000000018001a95c     p5engine.obj
 0002:0000195c       $unwind$?RectCenterDim@@YA?AUrectangle2@@Tv2@@0@Z 000000018001a95c     p5engine.obj
 0002:00001968       $unwind$?LengthSq@@YAMTv3@@@Z 000000018001a968     p5engine.obj
 0002:00001974       $unwind$?Length@@YAMTv3@@@Z 000000018001a974     p5engine.obj
 0002:00001974       $unwind$?MakeEntityNonSpatial@@YAXPEAUsim_entity@@@Z 000000018001a974     p5engine.obj
 0002:00001980       $unwind$?ToV4@@YA?ATv4@@Tv3@@M@Z 000000018001a980     p5engine.obj
 0002:0000198c       $unwind$?RectCenterHalfDim@@YA?AUrectangle2@@Tv2@@0@Z 000000018001a98c     p5engine.obj
 0002:000019a0       $unwind$?Intersect@@YA?AUrectangle2i@@U1@0@Z 000000018001a9a0     p5engine.obj
 0002:000019ac       $unwind$?Clear@@YAXPEAUrender_group@@Tv4@@@Z 000000018001a9ac     p5engine.obj
 0002:000019ac       $unwind$?GetMaxCorner@@YA?ATv3@@Urectangle3@@@Z 000000018001a9ac     p5engine.obj
 0002:000019ac       $unwind$?GetMinCorner@@YA?ATv3@@Urectangle3@@@Z 000000018001a9ac     p5engine.obj
 0002:000019b8       $unwind$?RectMinMax@@YA?AUrectangle3@@Tv3@@0@Z 000000018001a9b8     p5engine.obj
 0002:000019cc       $unwind$?AddRadiusTo@@YA?AUrectangle3@@U1@Tv3@@@Z 000000018001a9cc     p5engine.obj
 0002:000019cc       $unwind$?RectCenterHalfDim@@YA?AUrectangle3@@Tv3@@0@Z 000000018001a9cc     p5engine.obj
 0002:000019e0       $unwind$?RectCenterDim@@YA?AUrectangle3@@Tv3@@0@Z 000000018001a9e0     p5engine.obj
 0002:000019ec       $unwind$?RandomSeed@@YA?AUrandom_series@@I@Z 000000018001a9ec     p5engine.obj
 0002:000019fc       $unwind$?AddFlags@@YAXPEAUsim_entity@@I@Z 000000018001a9fc     p5engine.obj
 0002:000019fc       $unwind$?ClearFlags@@YAXPEAUsim_entity@@I@Z 000000018001a9fc     p5engine.obj
 0002:000019fc       $unwind$?PrefetchSound@@YAXPEAUgame_assets@@Usound_id@@@Z 000000018001a9fc     p5engine.obj
 0002:00001a04       $unwind$?MakeEntitySpatial@@YAXPEAUsim_entity@@Tv3@@1@Z 000000018001aa04     p5engine.obj
 0002:00001a10       $unwind$?GetEntityGroundPoint@@YA?ATv3@@PEAUsim_entity@@T1@@Z 000000018001aa10     p5engine.obj
 0002:00001a1c       $unwind$?GetEntityGroundPoint@@YA?ATv3@@PEAUsim_entity@@@Z 000000018001aa1c     p5engine.obj
 0002:00001a28       $unwind$?GetStairGround@@YAMPEAUsim_entity@@Tv3@@@Z 000000018001aa28     p5engine.obj
 0002:00001a34       $unwind$?RemoveAssetHeaderFromList@@YAXPEAUasset_memory_header@@@Z 000000018001aa34     p5engine.obj
 0002:00001a3c       $unwind$?LoadBitmap@@YAXPEAUgame_assets@@Ubitmap_id@@H@Z 000000018001aa3c     p5engine.obj
 0002:00001a54       $cppxdata$?LoadBitmap@@YAXPEAUgame_assets@@Ubitmap_id@@H@Z 000000018001aa54     p5engine.obj
 0002:00001a5d       $stateUnwindMap$?LoadBitmap@@YAXPEAUgame_assets@@Ubitmap_id@@H@Z 000000018001aa5d     p5engine.obj
 0002:00001a63       $ip2state$?LoadBitmap@@YAXPEAUgame_assets@@Ubitmap_id@@H@Z 000000018001aa63     p5engine.obj
 0002:00001a6b       $cppxdata$?LoadSound@@YAXPEAUgame_assets@@Usound_id@@@Z 000000018001aa6b     p5engine.obj
 0002:00001a74       $unwind$?dtor$0@?0??LoadBitmap@@YAXPEAUgame_assets@@Ubitmap_id@@H@Z@4HA 000000018001aa74     p5engine.obj
 0002:00001a7c       $unwind$?LoadSound@@YAXPEAUgame_assets@@Usound_id@@@Z 000000018001aa7c     p5engine.obj
 0002:00001a94       $stateUnwindMap$?LoadSound@@YAXPEAUgame_assets@@Usound_id@@@Z 000000018001aa94     p5engine.obj
 0002:00001a9a       $ip2state$?LoadSound@@YAXPEAUgame_assets@@Usound_id@@@Z 000000018001aa9a     p5engine.obj
 0002:00001aa2       $cppxdata$?LoadFont@@YAXPEAUgame_assets@@Ufont_id@@H@Z 000000018001aaa2     p5engine.obj
 0002:00001aab       $cppxdata$?DEBUGReset@@YAXPEAUgame_assets@@II@Z 000000018001aaab     p5engine.obj
 0002:00001ab4       $unwind$?dtor$0@?0??LoadSound@@YAXPEAUgame_assets@@Usound_id@@@Z@4HA 000000018001aab4     p5engine.obj
 0002:00001abc       $unwind$?LoadFont@@YAXPEAUgame_assets@@Ufont_id@@H@Z 000000018001aabc     p5engine.obj
 0002:00001ad4       $stateUnwindMap$?LoadFont@@YAXPEAUgame_assets@@Ufont_id@@H@Z 000000018001aad4     p5engine.obj
 0002:00001ada       $ip2state$?LoadFont@@YAXPEAUgame_assets@@Ufont_id@@H@Z 000000018001aada     p5engine.obj
 0002:00001ae2       $stateUnwindMap$?DEBUGReset@@YAXPEAUgame_assets@@II@Z 000000018001aae2     p5engine.obj
 0002:00001ae8       $unwind$?dtor$0@?0??LoadFont@@YAXPEAUgame_assets@@Ufont_id@@H@Z@4HA 000000018001aae8     p5engine.obj
 0002:00001af0       $unwind$?DEBUGReset@@YAXPEAUgame_assets@@II@Z 000000018001aaf0     p5engine.obj
 0002:00001b08       $ip2state$?DEBUGReset@@YAXPEAUgame_assets@@II@Z 000000018001ab08     p5engine.obj
 0002:00001b10       $unwind$?dtor$0@?0??DEBUGReset@@YAXPEAUgame_assets@@II@Z@4HA 000000018001ab10     p5engine.obj
 0002:00001b18       $unwind$?DEBUGOverlay@@YAXPEAUgame_memory@@@Z 000000018001ab18     p5engine.obj
[...]
 0002:0000211c       $unwind$?AddFamiliar@@YA?AUadd_low_entity_result@@PEAUgame_state@@III@Z 000000018001b11c     p5engine.obj
 0002:00002128       $unwind$?DrawHitpoints@@YAXPEAUsim_entity@@PEAUrender_group@@@Z 000000018001b128     p5engine.obj
 0002:0000213c       $unwind$?MakeSimpleGroundedCollision@@YAPEAUsim_entity_collision_volume_group@@PEAUgame_state@@MMM@Z 000000018001b13c     p5engine.obj
 0002:00002148       $unwind$?MakeNullCollision@@YAPEAUsim_entity_collision_volume_group@@PEAUgame_state@@@Z 000000018001b148     p5engine.obj
 0002:00002154       $unwind$?FillGroundChunkWork@@YAXPEAUplatform_work_queue@@PEAX@Z 000000018001b154     p5engine.obj
 0002:0000216c       $stateUnwindMap$?FillGroundChunkWork@@YAXPEAUplatform_work_queue@@PEAX@Z 000000018001b16c     p5engine.obj
 0002:00002172       $ip2state$?FillGroundChunkWork@@YAXPEAUplatform_work_queue@@PEAX@Z 000000018001b172     p5engine.obj
 0002:0000217a       $cppxdata$GameUpdateAndRender 000000018001b17a     p5engine.obj
 0002:00002184       $unwind$?dtor$0@?0??FillGroundChunkWork@@YAXPEAUplatform_work_queue@@PEAX@Z@4HA 000000018001b184     p5engine.obj
 0002:0000218c       $unwind$?FillGroundChunk@@YAXPEAUtransient_state@@PEAUgame_state@@PEAUground_buffer@@PEAUworld_position@@@Z 000000018001b18c     p5engine.obj
 0002:00002198       $unwind$?ClearBitmap@@YAXPEAUloaded_bitmap@@@Z 000000018001b198     p5engine.obj
 0002:000021a0       $unwind$?MakeEmptyBitmap@@YA?AUloaded_bitmap@@PEAUmemory_arena@@HHH@Z 000000018001b1a0     p5engine.obj
 0002:000021b4       $unwind$?MakeSphereDiffuseMap@@YAXPEAUloaded_bitmap@@MM@Z 000000018001b1b4     p5engine.obj
 0002:000021c0       $unwind$?MakeSphereNormalMap@@YAXPEAUloaded_bitmap@@MMM@Z 000000018001b1c0     p5engine.obj
 0002:000021cc       $unwind$GameUpdateAndRender 000000018001b1cc     p5engine.obj
 0002:000021e4       $stateUnwindMap$GameUpdateAndRender 000000018001b1e4     p5engine.obj
 0002:000021ea       $ip2state$GameUpdateAndRender 000000018001b1ea     p5engine.obj
 0002:000021f8       $unwind$GameUpdateAndRender$dtor$0 000000018001b1f8     p5engine.obj
 0002:00002200       $unwind$GameGetSoundSamples 000000018001b200     p5engine.obj
 0002:00002208       $unwind$?DEBUGTextLine@@YAXPEAD@Z 000000018001b208     p5engine.obj
 0002:00002214       $unwind$?CollateDebugRecords@@YAXPEAUdebug_state@@IPEAUdebug_event@@@Z 000000018001b214     p5engine.obj
 0002:0000221c       $unwind$GameDEBUGFrameEnd  000000018001b21c     p5engine.obj
 0002:00002228       $unwind$?GetBitmap@@YAPEAUloaded_bitmap@@PEAUgame_assets@@Ubitmap_id@@I@Z 000000018001b228     p5engine.obj
 0002:00002228       $unwind$?GetFont@@YAPEAUloaded_font@@PEAUgame_assets@@Ufont_id@@I@Z 000000018001b228     p5engine.obj
 0002:00002228       $unwind$?GetSound@@YAPEAUloaded_sound@@PEAUgame_assets@@Usound_id@@I@Z 000000018001b228     p5engine.obj
 0002:00002230       $unwind$?GetHex@@YAID@Z    000000018001b230     p5engine.obj
 0002:00002230       $unwind$?IsHex@@YAHD@Z     000000018001b230     p5engine.obj
 0002:00002230       $unwind$?IsValid@@YAHUsound_id@@@Z 000000018001b230     p5engine.obj
 0002:00002238       $unwind$?GetNextSoundInChain@@YA?AUsound_id@@PEAUgame_assets@@U1@@Z 000000018001b238     p5engine.obj
 0002:00002248       $unwind$?RecordDebugEvent@@YAXHW4debug_event_type@@@Z 000000018001b248     p5engine.obj
 0002:00002250       $unwind$??0timed_block@@QEAA@HPEADH0H@Z 000000018001b250     p5engine.obj
 0002:00002258       $unwind$??1timed_block@@QEAA@XZ 000000018001b258     p5engine.obj
 0002:00002268       $cppxdata$??$_snprintf_s@$0BAA@@@YAHAEAY0BAA@D_KPEBDZZ 000000018001b268     p5engine.obj
 0002:00002268       $cppxdata$??1timed_block@@QEAA@XZ 000000018001b268     p5engine.obj
 0002:0000226d       $ip2state$??$_snprintf_s@$0BAA@@@YAHAEAY0BAA@D_KPEBDZZ 000000018001b26d     p5engine.obj
 0002:0000226d       $ip2state$??1timed_block@@QEAA@XZ 000000018001b26d     p5engine.obj
 0002:00002270       $unwind$?GetRenderEntityBasisPos@@YA?AUentity_basis_p_result@@PEAUrender_transform@@Tv3@@@Z 000000018001b270     p5engine.obj
 0002:00002288       $cppxdata$?GetRenderEntityBasisPos@@YA?AUentity_basis_p_result@@PEAUrender_transform@@Tv3@@@Z 000000018001b288     p5engine.obj
 0002:00002291       $stateUnwindMap$?GetRenderEntityBasisPos@@YA?AUentity_basis_p_result@@PEAUrender_transform@@Tv3@@@Z 000000018001b291     p5engine.obj
 0002:00002297       $ip2state$?GetRenderEntityBasisPos@@YA?AUentity_basis_p_result@@PEAUrender_transform@@Tv3@@@Z 000000018001b297     p5engine.obj
 0002:000022a0       $unwind$?dtor$0@?0??ChangeEntityLocationRaw@@YAXPEAUmemory_arena@@PEAUworld@@IPEAUworld_position@@2@Z@4HA 000000018001b2a0     p5engine.obj
 0002:000022a0       $unwind$?dtor$0@?0??GetRenderEntityBasisPos@@YA?AUentity_basis_p_result@@PEAUrender_transform@@Tv3@@@Z@4HA 000000018001b2a0     p5engine.obj
 0002:000022a0       $unwind$?dtor$0@?0??GetWorldChunk@@YAPEAUworld_chunk@@PEAUworld@@HHHPEAUmemory_arena@@@Z@4HA 000000018001b2a0     p5engine.obj
 0002:000022a0       $unwind$?dtor$0@?0??PushRenderElement_@@YAPEAXPEAUrender_group@@IW4render_group_entry_type@@@Z@4HA 000000018001b2a0     p5engine.obj
 0002:000022a0       $unwind$?fin$0@?0??dllmain_crt_process_attach@@YAHQEAUHINSTANCE__@@QEAX@Z@4HA 000000018001b2a0     MSVCRTD:dll_dllmain.obj
 0002:000022a0       $unwind$?fin$0@?0??dllmain_crt_process_detach@@YAH_N@Z@4HA 000000018001b2a0     MSVCRTD:dll_dllmain.obj
 0002:000022a0       $unwind$?fin$1@?0??dllmain_crt_process_detach@@YAH_N@Z@4HA 000000018001b2a0     MSVCRTD:dll_dllmain.obj
 0002:000022a0       $unwind$__scrt_is_nonwritable_in_current_image$filt$0 000000018001b2a0     MSVCRTD:utility.obj
 0002:000022a8       $unwind$?PushRenderElement_@@YAPEAXPEAUrender_group@@IW4render_group_entry_type@@@Z 000000018001b2a8     p5engine.obj
 0002:000022bc       $cppxdata$?PushRenderElement_@@YAPEAXPEAUrender_group@@IW4render_group_entry_type@@@Z 000000018001b2bc     p5engine.obj
 0002:000022c5       $stateUnwindMap$?GetWorldChunk@@YAPEAUworld_chunk@@PEAUworld@@HHHPEAUmemory_arena@@@Z 000000018001b2c5     p5engine.obj
 0002:000022c5       $stateUnwindMap$?PushRenderElement_@@YAPEAXPEAUrender_group@@IW4render_group_entry_type@@@Z 000000018001b2c5     p5engine.obj
 0002:000022cb       $ip2state$?PushRenderElement_@@YAPEAXPEAUrender_group@@IW4render_group_entry_type@@@Z 000000018001b2cb     p5engine.obj
 0002:000022d4       $unwind$?PushBitmap@@YAXPEAUrender_group@@PEAUloaded_bitmap@@Tv3@@MTv4@@@Z 000000018001b2d4     p5engine.obj
 0002:000022e0       $unwind$?PushBitmap@@YAXPEAUrender_group@@Ubitmap_id@@Tv3@@MTv4@@@Z 000000018001b2e0     p5engine.obj
 0002:000022ec       $unwind$?PushRect@@YAXPEAUrender_group@@Tv3@@Tv2@@Tv4@@@Z 000000018001b2ec     p5engine.obj
 0002:000022f8       $unwind$?PushRectOutline@@YAXPEAUrender_group@@Tv3@@Tv2@@Tv4@@@Z 000000018001b2f8     p5engine.obj
 0002:00002304       $unwind$?Orthographic@@YAXPEAUrender_group@@HHM@Z 000000018001b304     p5engine.obj
 0002:00002304       $unwind$?Perspective@@YAXPEAUrender_group@@HHMMM@Z 000000018001b304     p5engine.obj
 0002:00002304       $unwind$__GSHandlerCheck_EH4 000000018001b304     MSVCRTD:gshandlereh4.obj
 0002:0000230c       $unwind$?RecanonicalizeCoord@@YAXMPEAHPEAM@Z 000000018001b30c     p5engine.obj
 0002:0000230c       $unwind$?Unproject@@YA?ATv2@@PEAUrender_group@@T1@M@Z 000000018001b30c     p5engine.obj
 0002:00002314       $unwind$?GetCameraRectangleAtTarget@@YA?AUrectangle2@@PEAUrender_group@@@Z 000000018001b314     p5engine.obj
 0002:00002320       $unwind$?NullPosition@@YA?AUworld_position@@XZ 000000018001b320     p5engine.obj
 0002:00002334       $unwind$?GetWorldChunk@@YAPEAUworld_chunk@@PEAUworld@@HHHPEAUmemory_arena@@@Z 000000018001b334     p5engine.obj
 0002:00002348       $cppxdata$?GetWorldChunk@@YAPEAUworld_chunk@@PEAUworld@@HHHPEAUmemory_arena@@@Z 000000018001b348     p5engine.obj
 0002:00002351       $ip2state$?GetWorldChunk@@YAPEAUworld_chunk@@PEAUworld@@HHHPEAUmemory_arena@@@Z 000000018001b351     p5engine.obj
 0002:0000235c       $unwind$?MapIntoChunkSpace@@YA?AUworld_position@@PEAUworld@@U1@Tv3@@@Z 000000018001b35c     p5engine.obj
 0002:00002370       $unwind$?ChunkPositionFromTilePosition@@YA?AUworld_position@@PEAUworld@@HHHTv3@@@Z 000000018001b370     p5engine.obj
 0002:00002384       $unwind$?CenteredChunkPoint@@YA?AUworld_position@@III@Z 000000018001b384     p5engine.obj
 0002:00002398       $unwind$?ChangeEntityLocationRaw@@YAXPEAUmemory_arena@@PEAUworld@@IPEAUworld_position@@2@Z 000000018001b398     p5engine.obj
 0002:000023b0       $cppxdata$?ChangeEntityLocationRaw@@YAXPEAUmemory_arena@@PEAUworld@@IPEAUworld_position@@2@Z 000000018001b3b0     p5engine.obj
 0002:000023b9       $stateUnwindMap$?ChangeEntityLocationRaw@@YAXPEAUmemory_arena@@PEAUworld@@IPEAUworld_position@@2@Z 000000018001b3b9     p5engine.obj
 0002:000023bf       $ip2state$?ChangeEntityLocationRaw@@YAXPEAUmemory_arena@@PEAUworld@@IPEAUworld_position@@2@Z 000000018001b3bf     p5engine.obj
 0002:000023c8       $unwind$?GetSimSpacePos@@YA?ATv3@@PEAUsim_region@@PEAUlow_entity@@@Z 000000018001b3c8     p5engine.obj
 0002:000023d4       $unwind$?LoadEntityReference@@YAXPEAUgame_state@@PEAUsim_region@@PEATentity_reference@@@Z 000000018001b3d4     p5engine.obj
 0002:000023e8       $unwind$?EntityOverlapsRectangle@@YAHTv3@@Usim_entity_collision_volume@@Urectangle3@@@Z 000000018001b3e8     p5engine.obj
 0002:000023f4       $unwind$?DefaultMoveSpec@@YA?AUmove_spec@@XZ 000000018001b3f4     p5engine.obj
 0002:00002408       $unwind$?GetGlyphFromCodepoint@@YAIPEAUp5a_font@@PEAUloaded_font@@I@Z 000000018001b408     p5engine.obj
 0002:00002410       $unwind$__local_stdio_printf_options 000000018001b410     p5engine.obj
 0002:00002410       $unwind$?__scrt_initialize_type_info@@YAXXZ 000000018001b410     MSVCRTD:tncleanup.obj
 0002:00002410       $unwind$?__scrt_uninitialize_type_info@@YAXXZ 000000018001b410     MSVCRTD:tncleanup.obj
 0002:00002410       $unwind$?configure_argv@__scrt_narrow_argv_policy@@SAHXZ 000000018001b410     MSVCRTD:utility.obj
 0002:00002410       $unwind$?initialize_environment@__scrt_narrow_environment_policy@@SAHXZ 000000018001b410     MSVCRTD:utility.obj
 0002:00002410       $unwind$__scrt_dllmain_after_initialize_c 000000018001b410     MSVCRTD:utility.obj
 0002:00002410       $unwind$__scrt_dllmain_before_initialize_c 000000018001b410     MSVCRTD:utility.obj
 0002:00002410       $unwind$__scrt_dllmain_crt_thread_attach 000000018001b410     MSVCRTD:utility.obj
 0002:00002410       $unwind$__scrt_dllmain_crt_thread_detach 000000018001b410     MSVCRTD:utility.obj
 0002:00002410       $unwind$__scrt_dllmain_uninitialize_c 000000018001b410     MSVCRTD:utility.obj
 0002:00002410       $unwind$__scrt_dllmain_uninitialize_critical 000000018001b410     MSVCRTD:utility.obj
 0002:00002418       $unwind$_vsnprintf_s_l     000000018001b418     p5engine.obj
 0002:00002420       $unwind$_vsnprintf_s       000000018001b420     p5engine.obj
 0002:00002428       $unwind$?AccumDebugStatistic@@YAXPEAUdebug_statistic@@N@Z 000000018001b428     p5engine.obj
 0002:00002430       $unwind$??$_snprintf_s@$0BAA@@@YAHAEAY0BAA@D_KPEBDZZ 000000018001b430     p5engine.obj
 0002:00002444       $unwind$?DrawRectangleQuickly@@YAXPEAUloaded_bitmap@@Tv2@@11Tv4@@0MUrectangle2i@@H@Z 000000018001b444     p5engine_optimized.obj
 0002:00002498       $cppxdata$?DrawRectangleQuickly@@YAXPEAUloaded_bitmap@@Tv2@@11Tv4@@0MUrectangle2i@@H@Z 000000018001b498     p5engine_optimized.obj
 0002:000024a1       $stateUnwindMap$?DrawRectangleQuickly@@YAXPEAUloaded_bitmap@@Tv2@@11Tv4@@0MUrectangle2i@@H@Z 000000018001b4a1     p5engine_optimized.obj
 0002:000024b0       $ip2state$?DrawRectangleQuickly@@YAXPEAUloaded_bitmap@@Tv2@@11Tv4@@0MUrectangle2i@@H@Z 000000018001b4b0     p5engine_optimized.obj
 0002:000024c0       $unwind$__GSHandlerCheckCommon 000000018001b4c0     MSVCRTD:gshandler.obj
 0002:000024c8       $xdatasym                  000000018001b4c8     MSVCRTD:chkstk.obj
 0002:000024d0       $xdatasym                  000000018001b4d0     MSVCRTD:amdsecgs.obj
 0002:000024d4       $unwind$?dllmain_crt_process_attach@@YAHQEAUHINSTANCE__@@QEAX@Z 000000018001b4d4     MSVCRTD:dll_dllmain.obj
 0002:000024f4       $unwind$?dllmain_crt_process_detach@@YAH_N@Z 000000018001b4f4     MSVCRTD:dll_dllmain.obj
 0002:00002524       $unwind$?dllmain_dispatch@@YAHQEAUHINSTANCE__@@KQEAX@Z 000000018001b524     MSVCRTD:dll_dllmain.obj
 0002:00002544       $unwind$?filt$0@?0??dllmain_dispatch@@YAHQEAUHINSTANCE__@@KQEAX@Z@4HA 000000018001b544     MSVCRTD:dll_dllmain.obj
 0002:0000254c       $unwind$_DllMainCRTStartup 000000018001b54c     MSVCRTD:dll_dllmain.obj
 0002:0000254c       $unwind$DllMain            000000018001b54c     MSVCRTD:dll_dllmain_stub.obj
 0002:00002554       $unwind$capture_previous_context 000000018001b554     MSVCRTD:gs_report.obj
 0002:0000255c       $unwind$__scrt_initialize_default_local_stdio_options 000000018001b55c     MSVCRTD:default_local_stdio_options.obj
 0002:0000255c       $unwind$__security_init_cookie 000000018001b55c     MSVCRTD:gs_support.obj
 0002:00002564       $unwind$__get_entropy      000000018001b564     MSVCRTD:gs_support.obj
 0002:0000256c       $unwind$__scrt_is_nonwritable_in_current_image 000000018001b56c     MSVCRTD:utility.obj
 0002:0000258c       $unwind$__scrt_acquire_startup_lock 000000018001b58c     MSVCRTD:utility.obj
 0002:00002594       $unwind$__scrt_initialize_crt 000000018001b594     MSVCRTD:utility.obj
 0002:00002594       $unwind$__scrt_release_startup_lock 000000018001b594     MSVCRTD:utility.obj
 0002:0000259c       $unwind$__scrt_uninitialize_crt 000000018001b59c     MSVCRTD:utility.obj
 0002:000025a4       $unwind$__scrt_initialize_onexit_tables 000000018001b5a4     MSVCRTD:utility.obj
 0002:000025b0       $unwind$__scrt_dllmain_exception_filter 000000018001b5b0     MSVCRTD:utility.obj
 0002:000025b8       $unwind$__scrt_fastfail    000000018001b5b8     MSVCRTD:utility_desktop.obj
 0002:000025c4       $unwind$_RTC_Initialize    000000018001b5c4     MSVCRTD:initsect.obj
 0002:000025c4       $unwind$_RTC_Terminate     000000018001b5c4     MSVCRTD:initsect.obj
 0002:000025d0       $unwind$__isa_available_init 000000018001b5d0     MSVCRTD:cpu_disp.obj
 0002:000025e0       $unwind$__scrt_is_ucrt_dll_in_use 000000018001b5e0     MSVCRTD:ucrt_detection.obj
 0002:000025e8       $xdatasym                  000000018001b5e8     MSVCRTD:guard_dispatch.obj
 0002:000025f0       $xdatasym                  000000018001b5f0     MSVCRTD:guard_xfg_dispatch.obj
 0002:00002600       .edata                     000000018001b600     P5Engine.exp
 0002:00002628       rgpv                       000000018001b628     P5Engine.exp
 0002:00002634       rgszName                   000000018001b634     P5Engine.exp
 0002:00002640       rgwOrd                     000000018001b640     P5Engine.exp
 0002:00002646       szName                     000000018001b646     P5Engine.exp
 0002:00002653       $N00001                    000000018001b653     P5Engine.exp
 0002:00002665       $N00002                    000000018001b665     P5Engine.exp
 0002:00002679       $N00003                    000000018001b679     P5Engine.exp
 0002:0000285e       .idata$6                   000000018001b85e     vcruntimed:VCRUNTIME140_1D.dll
 0002:00002872       .idata$6                   000000018001b872     vcruntimed:VCRUNTIME140D.dll
 0002:0000296a       .idata$6                   000000018001b96a     ucrtd:ucrtbased.dll
 0002:00002ade       .idata$6                   000000018001bade     kernel32:KERNEL32.dll
 0003:00000000       ?RandomNumberTable@@3PAIA  000000018001c000     p5engine.obj
 0003:020044c0       ?DEBUGRenderGroup@@3PEAUrender_group@@EA 00000001820204c0     p5engine.obj
 0003:020044c8       ?LeftEdge@@3MA             00000001820204c8     p5engine.obj
 0003:020044cc       ?AtY@@3MA                  00000001820204cc     p5engine.obj
 0003:020044d0       ?Platform@@3Uplatform_api@@A 00000001820204d0     p5engine.obj
 0003:02004530       ?FontScale@@3MA            0000000182020530     p5engine.obj
 0003:02004534       ?FontID@@3Ufont_id@@A      0000000182020534     p5engine.obj
 0003:02004580       ?__proc_attached@@3HA      0000000182020580     MSVCRTD:dll_dllmain.obj
 0003:02004590       GS_ExceptionRecord         0000000182020590     MSVCRTD:gs_report.obj
 0003:02004630       GS_ContextRecord           0000000182020630     MSVCRTD:gs_report.obj
 0003:02004b28       ?is_initialized_as_dll@@3_NA 0000000182020b28     MSVCRTD:utility.obj
 0003:02004b29       ?module_local_atexit_table_initialized@@3_NA 0000000182020b29     MSVCRTD:utility.obj
 0003:02004b30       ?module_local_atexit_table@@3U_onexit_table_t@@A 0000000182020b30     MSVCRTD:utility.obj
 0003:02004b48       ?module_local_at_quick_exit_table@@3U_onexit_table_t@@A 0000000182020b48     MSVCRTD:utility.obj
 0005:00000000       __20BB4341_malloc@h        0000000182022000     p5engine.obj
 0005:00000001       __A435B42B_p5engine_types@h 0000000182022001     p5engine.obj
 0005:00000002       __7D4BEAAE_p5engine_platform@h 0000000182022002     p5engine.obj
 0005:00000003       __741AE07E_corecrt_math@h  0000000182022003     p5engine.obj
 0005:00000004       __7BF3FA8A_p5engine_intrinsics@h 0000000182022004     p5engine.obj
 0005:00000005       __87290AA6_p5engine_math@h 0000000182022005     p5engine.obj
 0005:00000006       __B7A387D6_p5engine_random@h 0000000182022006     p5engine.obj
 0005:00000007       __F17FF173_p5engine_entity@h 0000000182022007     p5engine.obj
 0005:00000008       __72A74871_p5engine_asset@h 0000000182022008     p5engine.obj
 0005:00000009       __E6E972D4_p5engine_debug@h 0000000182022009     p5engine.obj
 0005:0000000a       __BD87FD4A_p5engine@h      000000018202200a     p5engine.obj
 0005:0000000b       __6F2BF339_p5engine_render_group@cpp 000000018202200b     p5engine.obj
 0005:0000000c       __281AC6F8_p5engine_world@cpp 000000018202200c     p5engine.obj
 0005:0000000d       __B07C4A52_p5engine_sim_region@cpp 000000018202200d     p5engine.obj
 0005:0000000e       __BDC7FEEB_p5engine_entity@cpp 000000018202200e     p5engine.obj
 0005:0000000f       __3D4C1499_p5engine_asset@cpp 000000018202200f     p5engine.obj
 0005:00000010       __39A8D9B6_p5engine_audio@cpp 0000000182022010     p5engine.obj
 0005:00000011       __A2143F22_corecrt_stdio_config@h 0000000182022011     p5engine.obj
 0005:00000012       __829E1958_corecrt_wstdio@h 0000000182022012     p5engine.obj
 0005:00000013       __6DFAE8B8_stdio@h         0000000182022013     p5engine.obj
 0005:00000014       __283011C9_p5engine_debug@cpp 0000000182022014     p5engine.obj
 0005:00000015       __BAF57382_p5engine@cpp    0000000182022015     p5engine.obj
 0005:00000016       __20BB4341_malloc@h        0000000182022016     p5engine_optimized.obj
 0005:00000017       __A435B42B_p5engine_types@h 0000000182022017     p5engine_optimized.obj
 0005:00000018       __7D4BEAAE_p5engine_platform@h 0000000182022018     p5engine_optimized.obj
 0005:00000019       __741AE07E_corecrt_math@h  0000000182022019     p5engine_optimized.obj
 0005:0000001a       __7BF3FA8A_p5engine_intrinsics@h 000000018202201a     p5engine_optimized.obj
 0005:0000001b       __87290AA6_p5engine_math@h 000000018202201b     p5engine_optimized.obj
 0005:0000001c       __B7A387D6_p5engine_random@h 000000018202201c     p5engine_optimized.obj
 0005:0000001d       __F17FF173_p5engine_entity@h 000000018202201d     p5engine_optimized.obj
 0005:0000001e       __72A74871_p5engine_asset@h 000000018202201e     p5engine_optimized.obj
 0005:0000001f       __E6E972D4_p5engine_debug@h 000000018202201f     p5engine_optimized.obj
 0005:00000020       __BD87FD4A_p5engine@h      0000000182022020     p5engine_optimized.obj
 0005:00000021       __03FC23C0_p5engine_optimized@cpp 0000000182022021     p5engine_optimized.obj
 0006:00000060       $R000000                   0000000182023060     * linker generated manifest res *
