 P5Engine

 Timestamp is 6157dd73 (Fri Oct  1 21:17:55 2021)

 Preferred load address is 0000000180000000

 Start         Length     Name                   Class
 0001:00000000 00010000H .textbss                DATA
 0002:00000000 000181f0H .text$mn                CODE
 0002:000181f0 00001040H .text$mn$00             CODE
 0002:00019230 00001141H .text$x                 CODE
 0003:00000000 00000110H .CRT$XCA                DATA
 0003:00000110 00000110H .CRT$XCZ                DATA
 0003:00000220 00000110H .CRT$XIA                DATA
 0003:00000330 00000110H .CRT$XIZ                DATA
 0003:00000440 00000110H .CRT$XPA                DATA
 0003:00000550 00000110H .CRT$XPZ                DATA
 0003:00000660 00000110H .CRT$XTA                DATA
 0003:00000770 00000110H .CRT$XTZ                DATA
 0003:00000880 00004d80H .rdata                  DATA
 0003:00005600 00000110H .rdata$CastGuardVftablesA DATA
 0003:00005710 0000010cH .rdata$CastGuardVftablesC DATA
 0003:0000581c 0000017cH .rdata$zzzdbg           DATA
 0003:00005998 00000110H .rtc$IAA                DATA
 0003:00005aa8 00000110H .rtc$IMZ                DATA
 0003:00005bb8 00000110H .rtc$IZZ                DATA
 0003:00005cc8 00000110H .rtc$TAA                DATA
 0003:00005dd8 00000110H .rtc$TMZ                DATA
 0003:00005ee8 00000110H .rtc$TZZ                DATA
 0003:00005ff8 000013f8H .xdata                  DATA
 0003:000073f0 00000187H .edata                  DATA
 0004:00000000 00004e40H .data                   DATA
 0004:00004e40 00000788H .bss                    DATA
 0005:00000000 000027e4H .pdata                  DATA
 0006:00000000 00000350H .idata$5                DATA
 0006:00000350 0000003cH .idata$2                DATA
 0006:0000038c 00000014H .idata$3                DATA
 0006:000003a0 00000350H .idata$4                DATA
 0006:000006f0 0000066aH .idata$6                DATA
 0007:00000000 0000010fH .msvcjmc                DATA
 0008:00000000 00000151H .00cfg                  DATA
 0009:00000000 00000170H .rsrc$01                DATA
 0009:00000170 000001b6H .rsrc$02                DATA

  Address         Publics by Value              Rva+Base               Lib:Object

 0000:00000000       ___safe_se_handler_count   0000000000000000     <absolute>
 0000:00000000       __hybrid_auxiliary_iat     0000000000000000     <absolute>
 0000:00000000       __hybrid_auxiliary_iat_copy 0000000000000000     <absolute>
 0000:00000000       __guard_eh_cont_count      0000000000000000     <absolute>
 0000:00000000       ___safe_se_handler_table   0000000000000000     <absolute>
 0000:00000000       __hybrid_code_map          0000000000000000     <absolute>
 0000:00000000       __dynamic_value_reloc_table 0000000000000000     <absolute>
 0000:00000000       __guard_iat_table          0000000000000000     <absolute>
 0000:00000000       __guard_fids_table         0000000000000000     <absolute>
 0000:00000000       __x64_code_ranges_to_entry_points_count 0000000000000000     <absolute>
 0000:00000000       __guard_check_icall_a64n_fptr 0000000000000000     <absolute>
 0000:00000000       __hybrid_code_map_count    0000000000000000     <absolute>
 0000:00000000       __guard_fids_count         0000000000000000     <absolute>
 0000:00000000       __guard_longjmp_table      0000000000000000     <absolute>
 0000:00000000       __guard_longjmp_count      0000000000000000     <absolute>
 0000:00000000       __volatile_metadata        0000000000000000     <absolute>
 0000:00000000       __arm64x_extra_rfe_table_size 0000000000000000     <absolute>
 0000:00000000       __guard_iat_count          0000000000000000     <absolute>
 0000:00000000       __arm64x_redirection_metadata_count 0000000000000000     <absolute>
 0000:00000000       __enclave_config           0000000000000000     <absolute>
 0000:00000000       __arm64x_native_entrypoint 0000000000000000     <absolute>
 0000:00000000       __AbsoluteZero             0000000000000000     <absolute>
 0000:00000000       __x64_code_ranges_to_entry_points 0000000000000000     <absolute>
 0000:00000000       __arm64x_redirection_metadata 0000000000000000     <absolute>
 0000:00000000       __arm64x_extra_rfe_table   0000000000000000     <absolute>
 0000:00000000       __guard_eh_cont_table      0000000000000000     <absolute>
 0000:00000100       __guard_flags              0000000000000100     <absolute>
 0000:00000000       __ImageBase                0000000180000000     <linker-defined>
 0001:00000000       __enc$textbss$begin        0000000180001000     <linker-defined>
 0001:00010000       __enc$textbss$end          0000000180011000     <linker-defined>
 0002:00000a50       ??D@YA?ATv2@@MT0@@Z        0000000180011a50 f i p5engine.obj
 0002:00000b40       ??D@YA?ATv3@@MT0@@Z        0000000180011b40 f i p5engine.obj
 0002:00000c80       ??D@YA?ATv3@@T0@M@Z        0000000180011c80 f i p5engine.obj
 0002:00000d80       ??G@YA?ATv2@@T0@0@Z        0000000180011d80 f i p5engine.obj
 0002:00000e70       ??G@YA?ATv2@@T0@@Z         0000000180011e70 f i p5engine.obj
 0002:00000f60       ??G@YA?ATv3@@T0@0@Z        0000000180011f60 f i p5engine.obj
 0002:000010b0       ??H@YA?ATv2@@T0@0@Z        00000001800120b0 f i p5engine.obj
 0002:000011a0       ??H@YA?ATv3@@T0@0@Z        00000001800121a0 f i p5engine.obj
 0002:000012f0       ??X@YAAEATv3@@AEAT0@M@Z    00000001800122f0 f i p5engine.obj
 0002:000013b0       ??Y@YAAEATv2@@AEAT0@T0@@Z  00000001800123b0 f i p5engine.obj
 0002:00001430       ??Y@YAAEATv3@@AEAT0@T0@@Z  0000000180012430 f i p5engine.obj
 0002:00001510       ??Z@YAAEATv3@@AEAT0@T0@@Z  0000000180012510 f i p5engine.obj
 0002:000015f0       ?AbsoluteValue@@YAMM@Z     00000001800125f0 f i p5engine.obj
 0002:00001df0       ?AddFlags@@YAXPEAUsim_entity@@I@Z 0000000180012df0 f i p5engine.obj
 0002:000025b0       ?AddRadiusTo@@YA?AUrectangle3@@U1@Tv3@@@Z 00000001800135b0 f i p5engine.obj
 0002:00003060       ?AreInSameChunk@@YAHPEAUworld@@PEAUworld_position@@1@Z 0000000180014060 f i p5engine.obj
 0002:000039e0       ?BeginTemporaryMemory@@YA?AUtemporary_memory@@PEAUmemory_arena@@@Z 00000001800149e0 f i p5engine.obj
 0002:00003d60       ?CeilReal32ToInt32@@YAHM@Z 0000000180014d60 f i p5engine.obj
 0002:00003dc0       ?CenteredChunkPoint@@YA?AUworld_position@@III@Z 0000000180014dc0 f i p5engine.obj
 0002:000040b0       ?ChangeEntityLocationRaw@@YAXPEAUmemory_arena@@PEAUworld@@IPEAUworld_position@@2@Z 00000001800150b0 f i p5engine.obj
 0002:000045b0       ?CheckArena@@YAXPEAUmemory_arena@@@Z 00000001800155b0 f i p5engine.obj
 0002:00004610       ?ChunkPositionFromTilePosition@@YA?AUworld_position@@PEAUworld@@HHHTv3@@@Z 0000000180015610 f i p5engine.obj
 0002:00004980       ?Clamp01@@YA?ATv2@@T1@@Z   0000000180015980 f i p5engine.obj
 0002:00004a60       ?Clamp01@@YAMM@Z           0000000180015a60 f i p5engine.obj
 0002:00004ac0       ?Clamp@@YAMMMM@Z           0000000180015ac0 f i p5engine.obj
 0002:00004b60       ?Clear@@YAXPEAUrender_group@@Tv4@@@Z 0000000180015b60 f i p5engine.obj
 0002:00004da0       ?ClearFlags@@YAXPEAUsim_entity@@I@Z 0000000180015da0 f i p5engine.obj
 0002:00004e00       ?CoordinateSystem@@YAPEAUrender_entry_coordinate_system@@PEAUrender_group@@Tv2@@11Tv4@@@Z 0000000180015e00 f i p5engine.obj
 0002:00004ed0       ?Cos@@YAMM@Z               0000000180015ed0 f i p5engine.obj
 0002:000054d0       ?DefaultMoveSpec@@YA?AUmove_spec@@XZ 00000001800164d0 f i p5engine.obj
 0002:00006c60       ?EndTemporaryMemory@@YAXUtemporary_memory@@@Z 0000000180017c60 f i p5engine.obj
 0002:00007140       ?EntityOverlapsRectangle@@YAHTv3@@Usim_entity_collision_volume@@Urectangle3@@@Z 0000000180018140 f i p5engine.obj
 0002:00007c30       ?FindLeastSignificantSetBit@@YA?AUbit_scan_result@@I@Z 0000000180018c30 f i p5engine.obj
 0002:00007d00       ?FloorReal32ToInt32@@YAHM@Z 0000000180018d00 f i p5engine.obj
 0002:00007e50       ?GetBarycentric@@YA?ATv2@@Urectangle2@@T1@@Z 0000000180018e50 f i p5engine.obj
 0002:00007f90       ?GetEntityGroundPoint@@YA?ATv3@@PEAUsim_entity@@@Z 0000000180018f90 f i p5engine.obj
 0002:00008090       ?GetEntityGroundPoint@@YA?ATv3@@PEAUsim_entity@@T1@@Z 0000000180019090 f i p5engine.obj
 0002:00008260       ?GetLowEntity@@YAPEAUlow_entity@@PEAUgame_state@@I@Z 0000000180019260 f i p5engine.obj
 0002:00008300       ?GetMaxCorner@@YA?ATv3@@Urectangle3@@@Z 0000000180019300 f i p5engine.obj
 0002:000083c0       ?GetMinCorner@@YA?ATv3@@Urectangle3@@@Z 00000001800193c0 f i p5engine.obj
 0002:00008480       ?GetRenderEntityBasisPos@@YA?ATv2@@PEAUrender_group@@PEAUrender_entity_basis@@T1@@Z 0000000180019480 f i p5engine.obj
 0002:00008670       ?GetSimSpacePos@@YA?ATv3@@PEAUsim_region@@PEAUlow_entity@@@Z 0000000180019670 f i p5engine.obj
 0002:000087f0       ?GetStairGround@@YAMPEAUsim_entity@@Tv3@@@Z 00000001800197f0 f i p5engine.obj
 0002:00008960       ?GetWorldChunk@@YAPEAUworld_chunk@@PEAUworld@@HHHPEAUmemory_arena@@@Z 0000000180019960 f i p5engine.obj
 0002:00008be0       ?Hadamard@@YA?ATv3@@T1@0@Z 0000000180019be0 f i p5engine.obj
 0002:00008f30       ?HasFlag@@YAHPEAUsim_entity@@I@Z 0000000180019f30 f i p5engine.obj
 0002:00009050       ?InitializeArena@@YAXPEAUmemory_arena@@_KPEAX@Z 000000018001a050 f i p5engine.obj
 0002:000091b0       ?Inner@@YAMTv2@@0@Z        000000018001a1b0 f i p5engine.obj
 0002:00009230       ?Inner@@YAMTv3@@0@Z        000000018001a230 f i p5engine.obj
 0002:000092e0       ?IsCanonical@@YAHMM@Z      000000018001a2e0 f i p5engine.obj
 0002:000093b0       ?IsCanonical@@YAHPEAUworld@@Tv3@@@Z 000000018001a3b0 f i p5engine.obj
 0002:00009490       ?IsInRectangle@@YAHUrectangle3@@Tv3@@@Z 000000018001a490 f i p5engine.obj
 0002:000095b0       ?IsValid@@YAHUworld_position@@@Z 000000018001a5b0 f i p5engine.obj
 0002:00009620       ?Length@@YAMTv3@@@Z        000000018001a620 f i p5engine.obj
 0002:000096a0       ?LengthSq@@YAMTv2@@@Z      000000018001a6a0 f i p5engine.obj
 0002:00009700       ?LengthSq@@YAMTv3@@@Z      000000018001a700 f i p5engine.obj
 0002:000097a0       ?LoadEntityReference@@YAXPEAUgame_state@@PEAUsim_region@@PEATentity_reference@@@Z 000000018001a7a0 f i p5engine.obj
 0002:00009a90       ?MakeEntityNonSpatial@@YAXPEAUsim_entity@@@Z 000000018001aa90 f i p5engine.obj
 0002:00009b50       ?MakeEntitySpatial@@YAXPEAUsim_entity@@Tv3@@1@Z 000000018001ab50 f i p5engine.obj
 0002:00009eb0       ?MapIntoChunkSpace@@YA?AUworld_position@@PEAUworld@@U1@Tv3@@@Z 000000018001aeb0 f i p5engine.obj
 0002:0000c070       ?NullPosition@@YA?AUworld_position@@XZ 000000018001d070 f i p5engine.obj
 0002:0000c150       ?Perp@@YA?ATv2@@T1@@Z      000000018001d150 f i p5engine.obj
 0002:0000c1f0       ?PushBitmap@@YAXPEAUrender_group@@PEAUloaded_bitmap@@Tv2@@M2MM@Z 000000018001d1f0 f i p5engine.obj
 0002:0000c370       ?PushEntry@@YAXPEAUrender_group@@PEAUloaded_bitmap@@Tv2@@2M2Tv4@@M@Z 000000018001d370 f i p5engine.obj
 0002:0000c530       ?PushRect@@YAXPEAUrender_group@@Tv2@@M1Tv4@@M@Z 000000018001d530 f i p5engine.obj
 0002:0000c770       ?PushRectOutline@@YAXPEAUrender_group@@Tv2@@M1Tv4@@M@Z 000000018001d770 f i p5engine.obj
 0002:0000cb10       ?PushRenderElement_@@YAPEAUrender_group_entry_header@@PEAUrender_group@@IW4render_group_entry_type@@@Z 000000018001db10 f i p5engine.obj
 0002:0000cbf0       ?PushSize_@@YAPEAXPEAUmemory_arena@@_K@Z 000000018001dbf0 f i p5engine.obj
 0002:0000ccb0       ?RandomChoice@@YAIPEAUrandom_series@@I@Z 000000018001dcb0 f i p5engine.obj
 0002:0000cd10       ?RandomNextUInt32@@YAIPEAUrandom_series@@@Z 000000018001dd10 f i p5engine.obj
 0002:0000cdb0       ?RandomSeed@@YA?AUrandom_series@@I@Z 000000018001ddb0 f i p5engine.obj
 0002:0000ce80       ?RandomUnilateral@@YAMPEAUrandom_series@@@Z 000000018001de80 f i p5engine.obj
 0002:0000cf00       ?RecanonicalizeCoord@@YAXMPEAHPEAM@Z 000000018001df00 f i p5engine.obj
 0002:0000cff0       ?RectCenterDim@@YA?AUrectangle2@@Tv2@@0@Z 000000018001dff0 f i p5engine.obj
 0002:0000d0f0       ?RectCenterDim@@YA?AUrectangle3@@Tv3@@0@Z 000000018001e0f0 f i p5engine.obj
 0002:0000d260       ?RectCenterHalfDim@@YA?AUrectangle2@@Tv2@@0@Z 000000018001e260 f i p5engine.obj
 0002:0000d3a0       ?RectCenterHalfDim@@YA?AUrectangle3@@Tv3@@0@Z 000000018001e3a0 f i p5engine.obj
 0002:0000d5b0       ?RectanglesIntersect@@YAHUrectangle3@@0@Z 000000018001e5b0 f i p5engine.obj
 0002:0000de30       ?RoundReal32ToInt32@@YAHM@Z 000000018001ee30 f i p5engine.obj
 0002:0000de90       ?RoundReal32ToUInt32@@YAIM@Z 000000018001ee90 f i p5engine.obj
 0002:0000def0       ?Sin@@YAMM@Z               000000018001eef0 f i p5engine.obj
 0002:0000e0d0       ?Square@@YAMM@Z            000000018001f0d0 f i p5engine.obj
 0002:0000e130       ?SquareRoot@@YAMM@Z        000000018001f130 f i p5engine.obj
 0002:0000e190       ?StoreEntityReference@@YAXPEATentity_reference@@@Z 000000018001f190 f i p5engine.obj
 0002:0000e510       ?V2@@YA?ATv2@@MM@Z         000000018001f510 f i p5engine.obj
 0002:0000e5e0       ?V2i@@YA?ATv2@@HH@Z        000000018001f5e0 f i p5engine.obj
 0002:0000e690       ?V3@@YA?ATv3@@MMM@Z        000000018001f690 f i p5engine.obj
 0002:0000e7b0       ?V4@@YA?ATv4@@MMMM@Z       000000018001f7b0 f i p5engine.obj
 0002:0000e8e0       ?ZeroSize@@YAX_KPEAX@Z     000000018001f8e0 f i p5engine.obj
 0002:0000e980       GameGetSoundSamples        000000018001f980 f   p5engine.obj
 0002:0000e9f0       GameUpdateAndRender        000000018001f9f0 f   p5engine.obj
 0002:00012b30       GetController              0000000180023b30 f i p5engine.obj
 0002:00012bb0       __JustMyCode_Default       0000000180023bb0 f i p5engine.obj
 0002:00012bc0       _RTC_AllocaHelper          0000000180023bc0 f   MSVCRTD:stack.obj
 0002:00012c10       _RTC_CheckStackVars        0000000180023c10 f   MSVCRTD:stack.obj
 0002:00012cc0       _RTC_CheckStackVars2       0000000180023cc0 f   MSVCRTD:stack.obj
 0002:00012e10       _CRT_RTC_INIT              0000000180023e10 f   MSVCRTD:init.obj
 0002:00012e20       _CRT_RTC_INITW             0000000180023e20 f   MSVCRTD:init.obj
 0002:00012e30       _RTC_InitBase              0000000180023e30 f   MSVCRTD:init.obj
 0002:00012e80       _RTC_Shutdown              0000000180023e80 f   MSVCRTD:init.obj
 0002:00012eb0       __CheckForDebuggerJustMyCode 0000000180023eb0 f   MSVCRTD:debugger_jmc.obj
 0002:00012f00       __GSHandlerCheck           0000000180023f00 f   MSVCRTD:gshandler.obj
 0002:00012f50       __GSHandlerCheckCommon     0000000180023f50 f   MSVCRTD:gshandler.obj
 0002:000130a0       __chkstk                   00000001800240a0 f   MSVCRTD:chkstk.obj
 0002:000130a0       _alloca_probe              00000001800240a0 f   MSVCRTD:chkstk.obj
 0002:00013120       __security_check_cookie    0000000180024120 f   MSVCRTD:amdsecgs.obj
 0002:00013650       _CRT_INIT                  0000000180024650 f   MSVCRTD:dll_dllmain.obj
 0002:00013690       _DllMainCRTStartup         0000000180024690 f   MSVCRTD:dll_dllmain.obj
 0002:00013790       ?_RTC_AllocaFailure@@YAXPEAXPEAU_RTC_ALLOCA_NODE@@H@Z 0000000180024790 f   MSVCRTD:error.obj
 0002:00013940       ?_RTC_Failure@@YAXPEAXH@Z  0000000180024940 f   MSVCRTD:error.obj
 0002:000139b0       ?_RTC_StackFailure@@YAXPEAXPEBD@Z 00000001800249b0 f   MSVCRTD:error.obj
 0002:00013ef0       _RTC_UninitUse             0000000180024ef0 f   MSVCRTD:error.obj
 0002:00013ff0       __local_stdio_printf_options 0000000180024ff0 f i MSVCRTD:error.obj
 0002:00014000       _vsprintf_s_l              0000000180025000 f i MSVCRTD:error.obj
 0002:00014080       sprintf_s                  0000000180025080 f i MSVCRTD:error.obj
 0002:000140b0       ?_RTC_GetErrorFunc@@YAP6AHHPEBDH00ZZPEBX@Z 00000001800250b0 f   MSVCRTD:userapi.obj
 0002:000140c0       ?_RTC_GetErrorFuncW@@YAP6AHHPEB_WH00ZZPEBX@Z 00000001800250c0 f   MSVCRTD:userapi.obj
 0002:000140d0       _RTC_GetErrDesc            00000001800250d0 f   MSVCRTD:userapi.obj
 0002:000140f0       _RTC_NumErrors             00000001800250f0 f   MSVCRTD:userapi.obj
 0002:00014100       _RTC_SetErrorFunc          0000000180025100 f   MSVCRTD:userapi.obj
 0002:00014120       _RTC_SetErrorFuncW         0000000180025120 f   MSVCRTD:userapi.obj
 0002:00014140       _RTC_SetErrorType          0000000180025140 f   MSVCRTD:userapi.obj
 0002:00014170       __raise_securityfailure    0000000180025170 f   MSVCRTD:gs_report.obj
 0002:000141c0       __report_gsfailure         00000001800251c0 f   MSVCRTD:gs_report.obj
 0002:000142d0       __report_rangecheckfailure 00000001800252d0 f   MSVCRTD:gs_report.obj
 0002:000142f0       __report_securityfailure   00000001800252f0 f   MSVCRTD:gs_report.obj
 0002:000143c0       __report_securityfailureEx 00000001800253c0 f   MSVCRTD:gs_report.obj
 0002:000147b0       __security_init_cookie     00000001800257b0 f   MSVCRTD:gs_support.obj
 0002:00014850       DllMain                    0000000180025850 f   MSVCRTD:dll_dllmain_stub.obj
 0002:000148a0       ?__scrt_initialize_type_info@@YAXXZ 00000001800258a0 f   MSVCRTD:tncleanup.obj
 0002:000148c0       ?__scrt_uninitialize_type_info@@YAXXZ 00000001800258c0 f   MSVCRTD:tncleanup.obj
 0002:000148e0       __local_stdio_scanf_options 00000001800258e0 f i MSVCRTD:default_local_stdio_options.obj
 0002:000148f0       __scrt_initialize_default_local_stdio_options 00000001800258f0 f   MSVCRTD:default_local_stdio_options.obj
 0002:00014950       ?configure_argv@__scrt_narrow_argv_policy@@SAHXZ 0000000180025950 f i MSVCRTD:utility.obj
 0002:00014a70       ?initialize_environment@__scrt_narrow_environment_policy@@SAHXZ 0000000180025a70 f i MSVCRTD:utility.obj
 0002:00014b40       NtCurrentTeb               0000000180025b40 f i MSVCRTD:utility.obj
 0002:00014b50       __scrt_acquire_startup_lock 0000000180025b50 f   MSVCRTD:utility.obj
 0002:00014bd0       __scrt_dllmain_after_initialize_c 0000000180025bd0 f   MSVCRTD:utility.obj
 0002:00014c10       __scrt_dllmain_before_initialize_c 0000000180025c10 f   MSVCRTD:utility.obj
 0002:00014c40       __scrt_dllmain_crt_thread_attach 0000000180025c40 f   MSVCRTD:utility.obj
 0002:00014c80       __scrt_dllmain_crt_thread_detach 0000000180025c80 f   MSVCRTD:utility.obj
 0002:00014ca0       __scrt_dllmain_exception_filter 0000000180025ca0 f   MSVCRTD:utility.obj
 0002:00014d20       __scrt_dllmain_uninitialize_c 0000000180025d20 f   MSVCRTD:utility.obj
 0002:00014d60       __scrt_dllmain_uninitialize_critical 0000000180025d60 f   MSVCRTD:utility.obj
 0002:00014d80       __scrt_initialize_crt      0000000180025d80 f   MSVCRTD:utility.obj
 0002:00014de0       __scrt_initialize_onexit_tables 0000000180025de0 f   MSVCRTD:utility.obj
 0002:00014f30       __scrt_is_nonwritable_in_current_image 0000000180025f30 f   MSVCRTD:utility.obj
 0002:00014fe0       __scrt_release_startup_lock 0000000180025fe0 f   MSVCRTD:utility.obj
 0002:00015020       __scrt_uninitialize_crt    0000000180026020 f   MSVCRTD:utility.obj
 0002:00015070       _onexit                    0000000180026070 f   MSVCRTD:utility.obj
 0002:00015110       at_quick_exit              0000000180026110 f   MSVCRTD:utility.obj
 0002:00015170       atexit                     0000000180026170 f   MSVCRTD:utility.obj
 0002:000151b0       __scrt_get_dyn_tls_init_callback 00000001800261b0 f   MSVCRTD:dyn_tls_init.obj
 0002:000151c0       __crt_debugger_hook        00000001800261c0 f   MSVCRTD:utility_desktop.obj
 0002:000151e0       __scrt_fastfail            00000001800261e0 f   MSVCRTD:utility_desktop.obj
 0002:000153e0       __scrt_get_show_window_mode 00000001800263e0 f   MSVCRTD:utility_desktop.obj
 0002:00015450       __scrt_initialize_mta      0000000180026450 f   MSVCRTD:utility_desktop.obj
 0002:00015470       __scrt_initialize_winrt    0000000180026470 f   MSVCRTD:utility_desktop.obj
 0002:00015480       __scrt_is_managed_app      0000000180026480 f   MSVCRTD:utility_desktop.obj
 0002:00015550       __scrt_set_unhandled_exception_filter 0000000180026550 f   MSVCRTD:utility_desktop.obj
 0002:00015570       __scrt_exe_initialize_mta  0000000180026570 f   MSVCRTD:utility_desktop.obj
 0002:00015570       __scrt_stub_for_initialize_mta 0000000180026570 f   MSVCRTD:utility_desktop.obj
 0002:00015580       __scrt_unhandled_exception_filter 0000000180026580 f   MSVCRTD:utility_desktop.obj
 0002:00015640       _RTC_Initialize            0000000180026640 f   MSVCRTD:initsect.obj
 0002:000156a0       _RTC_Terminate             00000001800266a0 f   MSVCRTD:initsect.obj
 0002:00015700       _guard_check_icall_nop     0000000180026700 f i MSVCRTD:guard_support.obj
 0002:00015710       ReadNoFence64              0000000180026710 f i MSVCRTD:guard_support.obj
 0002:00015740       ReadPointerNoFence         0000000180026740 f i MSVCRTD:guard_support.obj
 0002:00015760       __castguard_check_failure_debugbreak 0000000180026760 f i MSVCRTD:guard_support.obj
 0002:00015790       __castguard_check_failure_fastfail 0000000180026790 f i MSVCRTD:guard_support.obj
 0002:000157c0       __castguard_check_failure_nop 00000001800267c0 f i MSVCRTD:guard_support.obj
 0002:000157d0       __castguard_check_failure_os_handled 00000001800267d0 f i MSVCRTD:guard_support.obj
 0002:000158c0       __castguard_slow_path_check_debugbreak 00000001800268c0 f i MSVCRTD:guard_support.obj
 0002:00015910       __castguard_slow_path_check_fastfail 0000000180026910 f i MSVCRTD:guard_support.obj
 0002:00015970       __castguard_slow_path_check_nop 0000000180026970 f i MSVCRTD:guard_support.obj
 0002:00015990       __castguard_slow_path_check_os_handled 0000000180026990 f i MSVCRTD:guard_support.obj
 0002:00015aa0       _guard_icall_checks_enforced 0000000180026aa0 f i MSVCRTD:guard_support.obj
 0002:00015af0       _guard_rf_checks_enforced  0000000180026af0 f i MSVCRTD:guard_support.obj
 0002:00016150       ?_RTC_GetSrcLine@@YAHPEAEPEA_WKPEAH1K@Z 0000000180027150 f   MSVCRTD:pdblkup.obj
 0002:00016610       __isa_available_init       0000000180027610 f   MSVCRTD:cpu_disp.obj
 0002:00016a90       _get_startup_argv_mode     0000000180027a90 f   MSVCRTD:argv_mode.obj
 0002:00016aa0       __scrt_is_ucrt_dll_in_use  0000000180027aa0 f   MSVCRTD:ucrt_detection.obj
 0002:00016ad0       __C_specific_handler       0000000180027ad0 f   vcruntimed:VCRUNTIME140D.dll
 0002:00016ad6       __C_specific_handler_noexcept 0000000180027ad6 f   vcruntimed:VCRUNTIME140D.dll
 0002:00016adc       __std_type_info_destroy_list 0000000180027adc f   vcruntimed:VCRUNTIME140D.dll
 0002:00016ae2       __current_exception        0000000180027ae2 f   vcruntimed:VCRUNTIME140D.dll
 0002:00016ae8       __current_exception_context 0000000180027ae8 f   vcruntimed:VCRUNTIME140D.dll
 0002:00016aee       __vcrt_GetModuleFileNameW  0000000180027aee f   vcruntimed:VCRUNTIME140D.dll
 0002:00016af4       __vcrt_GetModuleHandleW    0000000180027af4 f   vcruntimed:VCRUNTIME140D.dll
 0002:00016afa       __vcrt_LoadLibraryExW      0000000180027afa f   vcruntimed:VCRUNTIME140D.dll
 0002:00016b00       fabs                       0000000180027b00 f   ucrtd:ucrtbased.dll
 0002:00016b06       roundf                     0000000180027b06 f   ucrtd:ucrtbased.dll
 0002:00016b0c       ceilf                      0000000180027b0c f   ucrtd:ucrtbased.dll
 0002:00016b12       cosf                       0000000180027b12 f   ucrtd:ucrtbased.dll
 0002:00016b18       floorf                     0000000180027b18 f   ucrtd:ucrtbased.dll
 0002:00016b1e       sinf                       0000000180027b1e f   ucrtd:ucrtbased.dll
 0002:00016b24       sqrtf                      0000000180027b24 f   ucrtd:ucrtbased.dll
 0002:00016b2a       _CrtDbgReport              0000000180027b2a f   ucrtd:ucrtbased.dll
 0002:00016b30       _CrtDbgReportW             0000000180027b30 f   ucrtd:ucrtbased.dll
 0002:00016b36       _initterm                  0000000180027b36 f   ucrtd:ucrtbased.dll
 0002:00016b3c       _initterm_e                0000000180027b3c f   ucrtd:ucrtbased.dll
 0002:00016b42       strcpy_s                   0000000180027b42 f   ucrtd:ucrtbased.dll
 0002:00016b48       strcat_s                   0000000180027b48 f   ucrtd:ucrtbased.dll
 0002:00016b4e       __stdio_common_vsprintf_s  0000000180027b4e f   ucrtd:ucrtbased.dll
 0002:00016b54       _seh_filter_dll            0000000180027b54 f   ucrtd:ucrtbased.dll
 0002:00016b5a       _configure_narrow_argv     0000000180027b5a f   ucrtd:ucrtbased.dll
 0002:00016b60       _initialize_narrow_environment 0000000180027b60 f   ucrtd:ucrtbased.dll
 0002:00016b66       _initialize_onexit_table   0000000180027b66 f   ucrtd:ucrtbased.dll
 0002:00016b6c       _register_onexit_function  0000000180027b6c f   ucrtd:ucrtbased.dll
 0002:00016b72       _execute_onexit_table      0000000180027b72 f   ucrtd:ucrtbased.dll
 0002:00016b78       _crt_atexit                0000000180027b78 f   ucrtd:ucrtbased.dll
 0002:00016b7e       _crt_at_quick_exit         0000000180027b7e f   ucrtd:ucrtbased.dll
 0002:00016b84       _cexit                     0000000180027b84 f   ucrtd:ucrtbased.dll
 0002:00016b8a       terminate                  0000000180027b8a f   ucrtd:ucrtbased.dll
 0002:00016b90       _wmakepath_s               0000000180027b90 f   ucrtd:ucrtbased.dll
 0002:00016b96       _wsplitpath_s              0000000180027b96 f   ucrtd:ucrtbased.dll
 0002:00016b9c       wcscpy_s                   0000000180027b9c f   ucrtd:ucrtbased.dll
 0002:00016ba2       GetCurrentThreadId         0000000180027ba2 f   kernel32:KERNEL32.dll
 0002:00016ba8       IsDebuggerPresent          0000000180027ba8 f   kernel32:KERNEL32.dll
 0002:00016bae       RaiseException             0000000180027bae f   kernel32:KERNEL32.dll
 0002:00016bb4       MultiByteToWideChar        0000000180027bb4 f   kernel32:KERNEL32.dll
 0002:00016bba       WideCharToMultiByte        0000000180027bba f   kernel32:KERNEL32.dll
 0002:00016bc0       RtlCaptureContext          0000000180027bc0 f   kernel32:KERNEL32.dll
 0002:00016bc6       RtlLookupFunctionEntry     0000000180027bc6 f   kernel32:KERNEL32.dll
 0002:00016bcc       RtlVirtualUnwind           0000000180027bcc f   kernel32:KERNEL32.dll
 0002:00016bd2       UnhandledExceptionFilter   0000000180027bd2 f   kernel32:KERNEL32.dll
 0002:00016bd8       SetUnhandledExceptionFilter 0000000180027bd8 f   kernel32:KERNEL32.dll
 0002:00016bde       GetCurrentProcess          0000000180027bde f   kernel32:KERNEL32.dll
 0002:00016be4       TerminateProcess           0000000180027be4 f   kernel32:KERNEL32.dll
 0002:00016bea       IsProcessorFeaturePresent  0000000180027bea f   kernel32:KERNEL32.dll
 0002:00016bf0       QueryPerformanceCounter    0000000180027bf0 f   kernel32:KERNEL32.dll
 0002:00016bf6       GetCurrentProcessId        0000000180027bf6 f   kernel32:KERNEL32.dll
 0002:00016bfc       GetSystemTimeAsFileTime    0000000180027bfc f   kernel32:KERNEL32.dll
 0002:00016c02       DisableThreadLibraryCalls  0000000180027c02 f   kernel32:KERNEL32.dll
 0002:00016c08       InitializeSListHead        0000000180027c08 f   kernel32:KERNEL32.dll
 0002:00016c0e       GetStartupInfoW            0000000180027c0e f   kernel32:KERNEL32.dll
 0002:00016c14       GetModuleHandleW           0000000180027c14 f   kernel32:KERNEL32.dll
 0002:00016c1a       GetLastError               0000000180027c1a f   kernel32:KERNEL32.dll
 0002:00016c20       HeapAlloc                  0000000180027c20 f   kernel32:KERNEL32.dll
 0002:00016c26       HeapFree                   0000000180027c26 f   kernel32:KERNEL32.dll
 0002:00016c2c       GetProcessHeap             0000000180027c2c f   kernel32:KERNEL32.dll
 0002:00016c32       VirtualQuery               0000000180027c32 f   kernel32:KERNEL32.dll
 0002:00016c38       FreeLibrary                0000000180027c38 f   kernel32:KERNEL32.dll
 0002:00016c3e       GetProcAddress             0000000180027c3e f   kernel32:KERNEL32.dll
 0002:00016c50       __vcrt_initialize          0000000180027c50 f   MSVCRTD:ucrt_stubs.obj
 0002:00016c50       __scrt_stub_for_acrt_initialize 0000000180027c50 f   MSVCRTD:ucrt_stubs.obj
 0002:00016c50       __acrt_initialize          0000000180027c50 f   MSVCRTD:ucrt_stubs.obj
 0002:00016c60       __acrt_thread_attach       0000000180027c60 f   MSVCRTD:ucrt_stubs.obj
 0002:00016c60       __vcrt_thread_attach       0000000180027c60 f   MSVCRTD:ucrt_stubs.obj
 0002:00016c60       __scrt_stub_for_acrt_thread_attach 0000000180027c60 f   MSVCRTD:ucrt_stubs.obj
 0002:00016c70       __acrt_thread_detach       0000000180027c70 f   MSVCRTD:ucrt_stubs.obj
 0002:00016c70       __vcrt_thread_detach       0000000180027c70 f   MSVCRTD:ucrt_stubs.obj
 0002:00016c70       __scrt_stub_for_acrt_thread_detach 0000000180027c70 f   MSVCRTD:ucrt_stubs.obj
 0002:00016c80       __acrt_uninitialize        0000000180027c80 f   MSVCRTD:ucrt_stubs.obj
 0002:00016c80       __scrt_stub_for_acrt_uninitialize 0000000180027c80 f   MSVCRTD:ucrt_stubs.obj
 0002:00016c80       __vcrt_uninitialize        0000000180027c80 f   MSVCRTD:ucrt_stubs.obj
 0002:00016c90       __vcrt_uninitialize_critical 0000000180027c90 f   MSVCRTD:ucrt_stubs.obj
 0002:00016c90       __scrt_stub_for_acrt_uninitialize_critical 0000000180027c90 f   MSVCRTD:ucrt_stubs.obj
 0002:00016c90       __acrt_uninitialize_critical 0000000180027c90 f   MSVCRTD:ucrt_stubs.obj
 0002:00016ca0       _is_c_termination_complete 0000000180027ca0 f   MSVCRTD:ucrt_stubs.obj
 0002:00016ca0       __scrt_stub_for_is_c_termination_complete 0000000180027ca0 f   MSVCRTD:ucrt_stubs.obj
 0002:00018200       _guard_dispatch_icall_nop  0000000180029200 f   MSVCRTD:guard_dispatch.obj
 0002:00018220       _guard_xfg_dispatch_icall_nop 0000000180029220 f   MSVCRTD:guard_xfg_dispatch.obj
 0003:00000000       __xc_a                     000000018002c000     MSVCRTD:initializers.obj
 0003:00000110       __xc_z                     000000018002c110     MSVCRTD:initializers.obj
 0003:00000220       __xi_a                     000000018002c220     MSVCRTD:initializers.obj
 0003:00000330       __xi_z                     000000018002c330     MSVCRTD:initializers.obj
 0003:00000440       __xp_a                     000000018002c440     MSVCRTD:initializers.obj
 0003:00000550       __xp_z                     000000018002c550     MSVCRTD:initializers.obj
 0003:00000660       __xt_a                     000000018002c660     MSVCRTD:initializers.obj
 0003:00000770       __xt_z                     000000018002c770     MSVCRTD:initializers.obj
 0003:00004420       ??_C@_0BA@NMEIMCEK@InvalidCodePath@ 0000000180030420     p5engine.obj
 0003:00004438       ??_C@_0BJ@GOOPBPNK@P5Engine?1data?1grass1?4bmp@ 0000000180030438     p5engine.obj
 0003:00004458       ??_C@_0BI@GAHHFIBN@P5Engine?1data?1soil1?4bmp@ 0000000180030458     p5engine.obj
 0003:00004478       ??_C@_0BI@OGODCKLD@P5Engine?1data?1soil2?4bmp@ 0000000180030478     p5engine.obj
 0003:00004498       ??_C@_0BI@CNLPPJBG@P5Engine?1data?1soil3?4bmp@ 0000000180030498     p5engine.obj
 0003:000044b8       ??_C@_0BI@DGFEELIO@P5Engine?1data?1tuft1?4bmp@ 00000001800304b8     p5engine.obj
 0003:000044d8       ??_C@_0BI@LAMADJCA@P5Engine?1data?1tuft2?4bmp@ 00000001800304d8     p5engine.obj
 0003:000044f8       ??_C@_0BF@HOIOEMCL@P5Engine?1data?1bg?4bmp@ 00000001800304f8     p5engine.obj
 0003:00004518       ??_C@_0BJ@EPENJOEL@P5Engine?1data?1shadow?4bmp@ 0000000180030518     p5engine.obj
 0003:00004538       ??_C@_0BJ@HEECFFOE@P5Engine?1data?1stairs?4bmp@ 0000000180030538     p5engine.obj
 0003:00004558       ??_C@_0BH@DDOBAHNL@P5Engine?1data?1tree?4bmp@ 0000000180030558     p5engine.obj
 0003:00004578       ??_C@_0BI@EPGPCLAL@P5Engine?1data?1enemy?4bmp@ 0000000180030578     p5engine.obj
 0003:00004598       ??_C@_0BG@IEBKPHGI@P5Engine?1data?1orb?4bmp@ 0000000180030598     p5engine.obj
 0003:000045b8       ??_C@_0BP@CIDLMIJA@P5Engine?1data?1char?9right?90?4bmp@ 00000001800305b8     p5engine.obj
 0003:000045e0       ??_C@_0BO@PEBAPFLC@P5Engine?1data?1char?9back?90?4bmp@ 00000001800305e0     p5engine.obj
 0003:00004608       ??_C@_0BO@EAIBBIAG@P5Engine?1data?1char?9left?90?4bmp@ 0000000180030608     p5engine.obj
 0003:00004630       ??_C@_0BP@MKDPGEOC@P5Engine?1data?1char?9front?90?4bmp@ 0000000180030630     p5engine.obj
 0003:00004658       ??_C@_0BO@KNNOBFKI@P5Engine?1data?1sword?9right?4bmp@ 0000000180030658     p5engine.obj
 0003:00004680       ??_C@_0BN@LDDHILOB@P5Engine?1data?1sword?9back?4bmp@ 0000000180030680     p5engine.obj
 0003:000046a8       ??_C@_0BN@FPAHMBGA@P5Engine?1data?1sword?9left?4bmp@ 00000001800306a8     p5engine.obj
 0003:000046d0       ??_C@_0BO@BNDLMGBJ@P5Engine?1data?1sword?9front?4bmp@ 00000001800306d0     p5engine.obj
 0003:000046f4       __real@00000000            00000001800306f4     p5engine.obj
 0003:000046f8       __real@308992b1            00000001800306f8     p5engine.obj
 0003:000046fc       __real@3a83126f            00000001800306fc     p5engine.obj
 0003:00004700       __real@3c23d70a            0000000180030700     p5engine.obj
 0003:00004704       __real@3dcccccd            0000000180030704     p5engine.obj
 0003:00004708       __real@3e4ccccd            0000000180030708     p5engine.obj
 0003:0000470c       __real@3e800000            000000018003070c     p5engine.obj
 0003:00004710       __real@3f000000            0000000180030710     p5engine.obj
 0003:00004714       __real@3f666666            0000000180030714     p5engine.obj
 0003:00004718       __real@3f800000            0000000180030718     p5engine.obj
 0003:0000471c       __real@3f8ccccd            000000018003071c     p5engine.obj
 0003:00004720       __real@3f99999a            0000000180030720     p5engine.obj
 0003:00004724       __real@3fb33333            0000000180030724     p5engine.obj
 0003:00004728       __real@3fc00000            0000000180030728     p5engine.obj
 0003:0000472c       __real@40000000            000000018003072c     p5engine.obj
 0003:00004730       __real@400ccccd            0000000180030730     p5engine.obj
 0003:00004734       __real@40400000            0000000180030734     p5engine.obj
 0003:00004738       __real@40a00000            0000000180030738     p5engine.obj
 0003:0000473c       __real@40c00000            000000018003073c     p5engine.obj
 0003:00004740       __real@40c90fdb            0000000180030740     p5engine.obj
 0003:00004744       __real@41200000            0000000180030744     p5engine.obj
 0003:00004748       __real@41700000            0000000180030748     p5engine.obj
 0003:0000474c       __real@41880000            000000018003074c     p5engine.obj
 0003:00004750       __real@41a00000            0000000180030750     p5engine.obj
 0003:00004754       __real@41c00000            0000000180030754     p5engine.obj
 0003:00004758       __real@41f00000            0000000180030758     p5engine.obj
 0003:0000475c       __real@42000000            000000018003075c     p5engine.obj
 0003:00004760       __real@42340000            0000000180030760     p5engine.obj
 0003:00004764       __real@42400000            0000000180030764     p5engine.obj
 0003:00004768       __real@42600000            0000000180030768     p5engine.obj
 0003:0000476c       __real@42800000            000000018003076c     p5engine.obj
 0003:00004770       __real@42960000            0000000180030770     p5engine.obj
 0003:00004774       __real@42c80000            0000000180030774     p5engine.obj
 0003:00004778       __real@437f0000            0000000180030778     p5engine.obj
 0003:0000477c       __real@461c4000            000000018003077c     p5engine.obj
 0003:00004780       __real@47c35000            0000000180030780     p5engine.obj
 0003:00004784       __real@7f7fffff            0000000180030784     p5engine.obj
 0003:00004788       __real@becccccd            0000000180030788     p5engine.obj
 0003:0000478c       __real@bf000000            000000018003078c     p5engine.obj
 0003:00004790       __real@bf800000            0000000180030790     p5engine.obj
 0003:00004794       __real@c11ccccd            0000000180030794     p5engine.obj
 0003:000047a0       __xmm@80000000800000008000000080000000 00000001800307a0     p5engine.obj
 0003:000047b8       _pDefaultRawDllMain        00000001800307b8     MSVCRTD:dll_dllmain.obj
 0003:000047b8       _pRawDllMain               00000001800307b8     MSVCRTD:dll_dllmain.obj
 0003:000048b0       ??_C@_0NN@JMPELKLB@The?5value?5of?5ESP?5was?5not?5proper@ 00000001800308b0     MSVCRTD:error.obj
 0003:000049c0       ??_C@_0BBN@ELNNILBE@A?5cast?5to?5a?5smaller?5data?5type?5h@ 00000001800309c0     MSVCRTD:error.obj
 0003:00004b18       ??_C@_0BN@BPOGFMJL@Stack?5memory?5was?5corrupted?$AN?6@ 0000000180030b18     MSVCRTD:error.obj
 0003:00004b40       ??_C@_0DG@DAJCDLPN@A?5local?5variable?5was?5used?5befor@ 0000000180030b40     MSVCRTD:error.obj
 0003:00004b80       ??_C@_0CM@JMIDGKLA@Stack?5memory?5around?5_alloca?5was@ 0000000180030b80     MSVCRTD:error.obj
 0003:00004bb8       ??_C@_0BO@CHIONIOI@Unknown?5Runtime?5Check?5Error?$AN?6@ 0000000180030bb8     MSVCRTD:error.obj
 0003:00004be0       ??_C@_1GM@CNOOJIHC@?$AAR?$AAu?$AAn?$AAt?$AAi?$AAm?$AAe?$AA?5?$AAC?$AAh?$AAe?$AAc?$AAk?$AA?5?$AAE@ 0000000180030be0     MSVCRTD:error.obj
 0003:00004c70       ??_C@_1EA@NFKNIFJP@?$AAR?$AAu?$AAn?$AA?9?$AAT?$AAi?$AAm?$AAe?$AA?5?$AAC?$AAh?$AAe?$AAc?$AAk?$AA?5@ 0000000180030c70     MSVCRTD:error.obj
 0003:00004cc0       ??_C@_0BB@PFFGGCJP@Unknown?5Filename@ 0000000180030cc0     MSVCRTD:error.obj
 0003:00004cd8       ??_C@_0BE@GNBOBNCK@Unknown?5Module?5Name@ 0000000180030cd8     MSVCRTD:error.obj
 0003:00004cf0       ??_C@_0CA@IODNCDPG@Run?9Time?5Check?5Failure?5?$CD?$CFd?5?9?5?$CFs@ 0000000180030cf0     MSVCRTD:error.obj
 0003:00004d18       ??_C@_0CG@IAFNJNEE@Stack?5corrupted?5near?5unknown?5va@ 0000000180030d18     MSVCRTD:error.obj
 0003:00004d48       ??_C@_05MKKEDADM@?$CF?42X?5@ 0000000180030d48     MSVCRTD:error.obj
 0003:00004d50       ??_C@_0EJ@LJKNEOLN@Stack?5area?5around?5_alloca?5memor@ 0000000180030d50     MSVCRTD:error.obj
 0003:00004da8       ??_C@_01EEMJAFIK@?6@       0000000180030da8     MSVCRTD:error.obj
 0003:00004dac       ??_C@_02LLMPMKNF@?$DO?5@   0000000180030dac     MSVCRTD:error.obj
 0003:00004db0       ??_C@_08OMAHNMHJ@?6Data?3?5?$DM@ 0000000180030db0     MSVCRTD:error.obj
 0003:00004dc0       ??_C@_0CK@DKGBICFE@?6Allocation?5number?5within?5this?5@ 0000000180030dc0     MSVCRTD:error.obj
 0003:00004df8       ??_C@_07DFDJCKFN@?6Size?3?5@ 0000000180030df8     MSVCRTD:error.obj
 0003:00004e08       ??_C@_0N@MHFFIMFG@?6Address?3?50x@ 0000000180030e08     MSVCRTD:error.obj
 0003:00004e20       ??_C@_0EI@CLEPFNGI@Stack?5area?5around?5_alloca?5memor@ 0000000180030e20     MSVCRTD:error.obj
 0003:00004e78       ??_C@_0BK@ODNDAGKB@?$CFs?$CFs?$CFp?$CFs?$CFzd?$CFs?$CFd?$CFs?$CFs?$CFs?$CFs?$CFs@ 0000000180030e78     MSVCRTD:error.obj
 0003:00004e98       ??_C@_0DE@OHJBPMBP@A?5variable?5is?5being?5used?5withou@ 0000000180030e98     MSVCRTD:error.obj
 0003:00004f08       ??_C@_0BJ@HEGAHDFO@Stack?5pointer?5corruption@ 0000000180030f08     MSVCRTD:userapi.obj
 0003:00004f28       ??_C@_0CK@FEGOIOPB@Cast?5to?5smaller?5type?5causing?5lo@ 0000000180030f28     MSVCRTD:userapi.obj
 0003:00004f60       ??_C@_0BI@CIGMDCBH@Stack?5memory?5corruption@ 0000000180030f60     MSVCRTD:userapi.obj
 0003:00004f80       ??_C@_0CK@CNLNOEPB@Local?5variable?5used?5before?5init@ 0000000180030f80     MSVCRTD:userapi.obj
 0003:00004fb8       ??_C@_0BP@OGBCLIBO@Stack?5around?5_alloca?5corrupted@ 0000000180030fb8     MSVCRTD:userapi.obj
 0003:00005060       ??_C@_1EI@MLPKHBGE@?$AAa?$AAp?$AAi?$AA?9?$AAm?$AAs?$AA?9?$AAw?$AAi?$AAn?$AA?9?$AAc?$AAo?$AAr?$AAe@ 0000000180031060     MSVCRTD:pdblkup.obj
 0003:000050b8       ??_C@_1BK@JHLNAEJL@?$AAa?$AAd?$AAv?$AAa?$AAp?$AAi?$AA3?$AA2?$AA?4?$AAd?$AAl?$AAl@ 00000001800310b8     MSVCRTD:pdblkup.obj
 0003:000050d8       ??_C@_0O@COHOBMLB@RegOpenKeyExW@ 00000001800310d8     MSVCRTD:pdblkup.obj
 0003:000050e8       ??_C@_0BB@GLNAEDBD@RegQueryValueExW@ 00000001800310e8     MSVCRTD:pdblkup.obj
 0003:00005100       ??_C@_0M@HLOHPNFA@RegCloseKey@ 0000000180031100     MSVCRTD:pdblkup.obj
 0003:00005110       ??_C@_1HE@EBEAGLFB@?$AAS?$AAO?$AAF?$AAT?$AAW?$AAA?$AAR?$AAE?$AA?2?$AAW?$AAo?$AAw?$AA6?$AA4?$AA3@ 0000000180031110     MSVCRTD:pdblkup.obj
 0003:000051a0       ??_C@_1BG@EABPBLLF@?$AAP?$AAr?$AAo?$AAd?$AAu?$AAc?$AAt?$AAD?$AAi?$AAr@ 00000001800311a0     MSVCRTD:pdblkup.obj
 0003:000051e8       ??_C@_1BC@JINFINNJ@?$AAM?$AAS?$AAP?$AAD?$AAB?$AA1?$AA4?$AA0@ 00000001800311e8     MSVCRTD:pdblkup.obj
 0003:00005200       ??_C@_0BB@KCIACLNC@PDBOpenValidate5@ 0000000180031200     MSVCRTD:pdblkup.obj
 0003:00005214       ??_C@_01KDCPPGHE@r@        0000000180031214     MSVCRTD:pdblkup.obj
 0003:00005250       _load_config_used          0000000180031250     MSVCRTD:loadcfg.obj
 0003:00005600       __CastGuardVftablesStart   0000000180031600     MSVCRTD:guard_support.obj
 0003:00005710       __CastGuardVftablesEnd     0000000180031710     MSVCRTD:guard_support.obj
 0003:00005998       __rtc_iaa                  0000000180031998     MSVCRTD:initsect.obj
 0003:00005bb8       __rtc_izz                  0000000180031bb8     MSVCRTD:initsect.obj
 0003:00005cc8       __rtc_taa                  0000000180031cc8     MSVCRTD:initsect.obj
 0003:00005ee8       __rtc_tzz                  0000000180031ee8     MSVCRTD:initsect.obj
 0004:00004cd0       __security_cookie_complement 0000000180038cd0     MSVCRTD:gs_cookie.obj
 0004:00004cd8       __security_cookie          0000000180038cd8     MSVCRTD:gs_cookie.obj
 0004:00004ce4       _fltused                   0000000180038ce4     MSVCRTD:fltused.obj
 0004:00004ce8       ?_RTC_ErrorLevels@@3PAHA   0000000180038ce8     MSVCRTD:error.obj
 0004:00004d00       __scrt_native_dllmain_reason 0000000180038d00     MSVCRTD:utility.obj
 0004:00004d08       __isa_available            0000000180038d08     MSVCRTD:cpu_disp.obj
 0004:00004d0c       __isa_enabled              0000000180038d0c     MSVCRTD:cpu_disp.obj
 0004:00004d10       __memcpy_nt_iters          0000000180038d10     MSVCRTD:cpu_disp.obj
 0004:00004d18       __memset_nt_iters          0000000180038d18     MSVCRTD:cpu_disp.obj
 0004:00004d30       __scrt_ucrt_dll_is_in_use  0000000180038d30     MSVCRTD:ucrt_stubs.obj
 0004:00004e48       ?_OptionsStorage@?1??__local_stdio_printf_options@@9@4_KA 0000000180038e48     MSVCRTD:error.obj
 0004:00005500       ?__type_info_root_node@@3U__type_info_node@@A 0000000180039500     MSVCRTD:tncleanup.obj
 0004:00005518       ?_OptionsStorage@?1??__local_stdio_scanf_options@@9@4_KA 0000000180039518     MSVCRTD:default_local_stdio_options.obj
 0004:00005528       __scrt_current_native_startup_state 0000000180039528     MSVCRTD:utility.obj
 0004:00005530       __scrt_native_startup_lock 0000000180039530     MSVCRTD:utility.obj
 0004:00005580       __scrt_debugger_hook_flag  0000000180039580     MSVCRTD:utility_desktop.obj
 0004:00005588       __castguard_check_failure_os_handled_fptr 0000000180039588     MSVCRTD:guard_support.obj
 0004:000055a4       __favor                    00000001800395a4     MSVCRTD:cpu_disp.obj
 0004:000055a8       __dyn_tls_init_callback    00000001800395a8     <common>
 0004:000055bc       __DebuggerCurrentSteppingThreadId 00000001800395bc     <common>
 0006:00000000       __imp_DisableThreadLibraryCalls 000000018003d000     kernel32:KERNEL32.dll
 0006:00000008       __imp_IsDebuggerPresent    000000018003d008     kernel32:KERNEL32.dll
 0006:00000010       __imp_RaiseException       000000018003d010     kernel32:KERNEL32.dll
 0006:00000018       __imp_MultiByteToWideChar  000000018003d018     kernel32:KERNEL32.dll
 0006:00000020       __imp_WideCharToMultiByte  000000018003d020     kernel32:KERNEL32.dll
 0006:00000028       __imp_RtlCaptureContext    000000018003d028     kernel32:KERNEL32.dll
 0006:00000030       __imp_RtlLookupFunctionEntry 000000018003d030     kernel32:KERNEL32.dll
 0006:00000038       __imp_RtlVirtualUnwind     000000018003d038     kernel32:KERNEL32.dll
 0006:00000040       __imp_GetProcAddress       000000018003d040     kernel32:KERNEL32.dll
 0006:00000048       __imp_FreeLibrary          000000018003d048     kernel32:KERNEL32.dll
 0006:00000050       __imp_VirtualQuery         000000018003d050     kernel32:KERNEL32.dll
 0006:00000058       __imp_GetProcessHeap       000000018003d058     kernel32:KERNEL32.dll
 0006:00000060       __imp_HeapFree             000000018003d060     kernel32:KERNEL32.dll
 0006:00000068       __imp_HeapAlloc            000000018003d068     kernel32:KERNEL32.dll
 0006:00000070       __imp_GetLastError         000000018003d070     kernel32:KERNEL32.dll
 0006:00000078       __imp_GetModuleHandleW     000000018003d078     kernel32:KERNEL32.dll
 0006:00000080       __imp_GetStartupInfoW      000000018003d080     kernel32:KERNEL32.dll
 0006:00000088       __imp_InitializeSListHead  000000018003d088     kernel32:KERNEL32.dll
 0006:00000090       __imp_GetCurrentThreadId   000000018003d090     kernel32:KERNEL32.dll
 0006:00000098       __imp_GetSystemTimeAsFileTime 000000018003d098     kernel32:KERNEL32.dll
 0006:000000a0       __imp_GetCurrentProcessId  000000018003d0a0     kernel32:KERNEL32.dll
 0006:000000a8       __imp_QueryPerformanceCounter 000000018003d0a8     kernel32:KERNEL32.dll
 0006:000000b0       __imp_IsProcessorFeaturePresent 000000018003d0b0     kernel32:KERNEL32.dll
 0006:000000b8       __imp_TerminateProcess     000000018003d0b8     kernel32:KERNEL32.dll
 0006:000000c0       __imp_GetCurrentProcess    000000018003d0c0     kernel32:KERNEL32.dll
 0006:000000c8       __imp_SetUnhandledExceptionFilter 000000018003d0c8     kernel32:KERNEL32.dll
 0006:000000d0       __imp_UnhandledExceptionFilter 000000018003d0d0     kernel32:KERNEL32.dll
 0006:000000d8       \177KERNEL32_NULL_THUNK_DATA 000000018003d0d8     kernel32:KERNEL32.dll
 0006:00000158       __imp___vcrt_GetModuleHandleW 000000018003d158     vcruntimed:VCRUNTIME140D.dll
 0006:00000160       __imp___vcrt_GetModuleFileNameW 000000018003d160     vcruntimed:VCRUNTIME140D.dll
 0006:00000168       __imp___current_exception_context 000000018003d168     vcruntimed:VCRUNTIME140D.dll
 0006:00000170       __imp___current_exception  000000018003d170     vcruntimed:VCRUNTIME140D.dll
 0006:00000178       __imp___C_specific_handler 000000018003d178     vcruntimed:VCRUNTIME140D.dll
 0006:00000180       __imp___std_type_info_destroy_list 000000018003d180     vcruntimed:VCRUNTIME140D.dll
 0006:00000188       __imp___C_specific_handler_noexcept 000000018003d188     vcruntimed:VCRUNTIME140D.dll
 0006:00000190       __imp___vcrt_LoadLibraryExW 000000018003d190     vcruntimed:VCRUNTIME140D.dll
 0006:00000198       \177VCRUNTIME140D_NULL_THUNK_DATA 000000018003d198     vcruntimed:VCRUNTIME140D.dll
 0006:000001f8       __imp_wcscpy_s             000000018003d1f8     ucrtd:ucrtbased.dll
 0006:00000200       __imp__wsplitpath_s        000000018003d200     ucrtd:ucrtbased.dll
 0006:00000208       __imp__wmakepath_s         000000018003d208     ucrtd:ucrtbased.dll
 0006:00000210       __imp__cexit               000000018003d210     ucrtd:ucrtbased.dll
 0006:00000218       __imp__crt_at_quick_exit   000000018003d218     ucrtd:ucrtbased.dll
 0006:00000220       __imp__crt_atexit          000000018003d220     ucrtd:ucrtbased.dll
 0006:00000228       __imp__execute_onexit_table 000000018003d228     ucrtd:ucrtbased.dll
 0006:00000230       __imp__register_onexit_function 000000018003d230     ucrtd:ucrtbased.dll
 0006:00000238       __imp__initialize_onexit_table 000000018003d238     ucrtd:ucrtbased.dll
 0006:00000240       __imp__initialize_narrow_environment 000000018003d240     ucrtd:ucrtbased.dll
 0006:00000248       __imp__configure_narrow_argv 000000018003d248     ucrtd:ucrtbased.dll
 0006:00000250       __imp__seh_filter_dll      000000018003d250     ucrtd:ucrtbased.dll
 0006:00000258       __imp___stdio_common_vsprintf_s 000000018003d258     ucrtd:ucrtbased.dll
 0006:00000260       __imp_terminate            000000018003d260     ucrtd:ucrtbased.dll
 0006:00000268       __imp_strcpy_s             000000018003d268     ucrtd:ucrtbased.dll
 0006:00000270       __imp__initterm_e          000000018003d270     ucrtd:ucrtbased.dll
 0006:00000278       __imp__initterm            000000018003d278     ucrtd:ucrtbased.dll
 0006:00000280       __imp__CrtDbgReportW       000000018003d280     ucrtd:ucrtbased.dll
 0006:00000288       __imp__CrtDbgReport        000000018003d288     ucrtd:ucrtbased.dll
 0006:00000290       __imp_sqrtf                000000018003d290     ucrtd:ucrtbased.dll
 0006:00000298       __imp_sinf                 000000018003d298     ucrtd:ucrtbased.dll
 0006:000002a0       __imp_floorf               000000018003d2a0     ucrtd:ucrtbased.dll
 0006:000002a8       __imp_cosf                 000000018003d2a8     ucrtd:ucrtbased.dll
 0006:000002b0       __imp_ceilf                000000018003d2b0     ucrtd:ucrtbased.dll
 0006:000002b8       __imp_roundf               000000018003d2b8     ucrtd:ucrtbased.dll
 0006:000002c0       __imp_fabs                 000000018003d2c0     ucrtd:ucrtbased.dll
 0006:000002c8       __imp_strcat_s             000000018003d2c8     ucrtd:ucrtbased.dll
 0006:000002d0       \177ucrtbased_NULL_THUNK_DATA 000000018003d2d0     ucrtd:ucrtbased.dll
 0006:00000350       __IMPORT_DESCRIPTOR_VCRUNTIME140D 000000018003d350     vcruntimed:VCRUNTIME140D.dll
 0006:00000364       __IMPORT_DESCRIPTOR_ucrtbased 000000018003d364     ucrtd:ucrtbased.dll
 0006:00000378       __IMPORT_DESCRIPTOR_KERNEL32 000000018003d378     kernel32:KERNEL32.dll
 0006:0000038c       __NULL_IMPORT_DESCRIPTOR   000000018003d38c     vcruntimed:VCRUNTIME140D.dll
 0008:00000000       __guard_check_icall_fptr   000000018003f000     MSVCRTD:guard_support.obj
 0008:00000010       __guard_xfg_check_icall_fptr 000000018003f010     MSVCRTD:guard_support.obj
 0008:00000020       __guard_dispatch_icall_fptr 000000018003f020     MSVCRTD:guard_support.obj
 0008:00000030       __guard_xfg_dispatch_icall_fptr 000000018003f030     MSVCRTD:guard_support.obj
 0008:00000040       __guard_xfg_table_dispatch_icall_fptr 000000018003f040     MSVCRTD:guard_support.obj

 entry point at        0002:0000000f

 Static symbols

 0000:fffbe000       .debug$S                   0000000180000000     P5Engine.exp
 0000:fffc1000       _volmd                     0000000180000000     p5engine.obj
 0000:fffc1000       _volmd                     0000000180000000     p5engine.obj
 0000:fffc1000       _volmd                     0000000180000000     p5engine.obj
 0000:fffc1000       _volmd                     0000000180000000     p5engine.obj
 0000:fffc1000       _volmd                     0000000180000000     p5engine.obj
 0000:fffc1000       _volmd                     0000000180000000     p5engine.obj
 0000:fffc1000       _volmd                     0000000180000000     p5engine.obj
 0000:fffc1000       _volmd                     0000000180000000     p5engine.obj
 0000:fffc1000       _volmd                     0000000180000000     p5engine.obj
 0000:fffc1000       _volmd                     0000000180000000     p5engine.obj
 0000:fffc1000       _volmd                     0000000180000000     p5engine.obj
 0000:fffc1000       _volmd                     0000000180000000     p5engine.obj
 0000:fffc1000       _volmd                     0000000180000000     p5engine.obj
 0000:fffc1000       _volmd                     0000000180000000     p5engine.obj
 0000:fffc1000       _volmd                     0000000180000000     p5engine.obj
 0000:fffc1000       _volmd                     0000000180000000     p5engine.obj
 0000:fffc1000       _volmd                     0000000180000000     p5engine.obj
 0000:fffc1000       _volmd                     0000000180000000     p5engine.obj
 0000:fffc1000       _volmd                     0000000180000000     p5engine.obj
 0000:fffc1000       _volmd                     0000000180000000     p5engine.obj
 0000:fffc1000       _volmd                     0000000180000000     p5engine.obj
 0000:fffc1000       _volmd                     0000000180000000     p5engine.obj
 0000:fffc1000       _volmd                     0000000180000000     p5engine.obj
 0000:fffc1000       _volmd                     0000000180000000     p5engine.obj
 0000:fffc1000       _volmd                     0000000180000000     p5engine.obj
 0000:fffc1000       _volmd                     0000000180000000     p5engine.obj
 0000:fffc1000       _volmd                     0000000180000000     p5engine.obj
 0000:fffc1000       _volmd                     0000000180000000     p5engine.obj
 0000:fffc1000       _volmd                     0000000180000000     p5engine.obj
 0000:fffc1000       _volmd                     0000000180000000     p5engine.obj
 0000:fffc1000       _volmd                     0000000180000000     p5engine.obj
 0000:fffc1000       _volmd                     0000000180000000     p5engine.obj
 0000:fffc1000       _volmd                     0000000180000000     p5engine.obj
 0000:fffc1000       _volmd                     0000000180000000     p5engine.obj
 0000:fffc1000       _volmd                     0000000180000000     MSVCRTD:cpu_disp.obj
 0000:fffc2000       __guard_ehcont_?dllmain_dispatch@@YAHQEAUHINSTANCE__@@KQEAX@Z 0000000180000000     MSVCRTD:dll_dllmain.obj
 0000:fffc2000       __guard_fids_?dllmain_dispatch@@YAHQEAUHINSTANCE__@@KQEAX@Z 0000000180000000     MSVCRTD:dll_dllmain.obj
 0000:fffc2000       __guard_ehcont_?notify_debugger@@YAXAEBUtagEXCEPTION_VISUALCPP_DEBUG_INFO@@@Z 0000000180000000     MSVCRTD:error.obj
 0000:fffc1000       _volmd                     0000000180000000     MSVCRTD:gs_report.obj
 0000:fffc1000       _volmd                     0000000180000000     MSVCRTD:gs_report.obj
 0000:fffc1000       _volmd                     0000000180000000     MSVCRTD:gs_report.obj
 0000:fffc2000       __guard_fids__             0000000180000000     MSVCRTD:guard_support.obj
 0000:fffc2000       __guard_fids__             0000000180000000     MSVCRTD:guard_support.obj
 0000:fffc2000       __guard_fids__guard_icall_checks_enforced 0000000180000000     MSVCRTD:guard_support.obj
 0000:fffc1000       _volmd                     0000000180000000     MSVCRTD:guard_support.obj
 0000:fffc1000       _volmd                     0000000180000000     MSVCRTD:guard_support.obj
 0000:fffc1000       _volmd                     0000000180000000     MSVCRTD:guard_support.obj
 0000:fffc2000       __guard_fids__CRT_RTC_INIT 0000000180000000     MSVCRTD:init.obj
 0000:fffc2000       __guard_fids__CRT_RTC_INITW 0000000180000000     MSVCRTD:init.obj
 0000:fffc2000       __guard_ehcont___scrt_is_nonwritable_in_current_image 0000000180000000     MSVCRTD:utility.obj
 0000:fffc1000       _volmd                     0000000180000000     MSVCRTD:utility.obj
 0000:fffc1000       _volmd                     0000000180000000     MSVCRTD:utility.obj
 0000:fffc1000       _volmd                     0000000180000000     MSVCRTD:utility.obj
 0000:fffc2000       __guard_fids___scrt_set_unhandled_exception_filter 0000000180000000     MSVCRTD:utility_desktop.obj
 0000:fffc1000       _volmd                     0000000180000000     MSVCRTD:utility_desktop.obj
 0000:fffbe000       .debug$S                   0000000180000000     vcruntimed:VCRUNTIME140D.dll
 0000:fffbe000       .debug$S                   0000000180000000     vcruntimed:VCRUNTIME140D.dll
 0000:fffbe000       .debug$S                   0000000180000000     vcruntimed:VCRUNTIME140D.dll
 0000:fffbe000       .debug$S                   0000000180000000     vcruntimed:VCRUNTIME140D.dll
 0000:fffbe000       .debug$S                   0000000180000000     vcruntimed:VCRUNTIME140D.dll
 0000:fffbe000       .debug$S                   0000000180000000     vcruntimed:VCRUNTIME140D.dll
 0000:fffbe000       .debug$S                   0000000180000000     vcruntimed:VCRUNTIME140D.dll
 0000:fffbe000       .debug$S                   0000000180000000     vcruntimed:VCRUNTIME140D.dll
 0000:fffbe000       .debug$S                   0000000180000000     ucrtd:ucrtbased.dll
 0000:fffbe000       .debug$S                   0000000180000000     ucrtd:ucrtbased.dll
 0000:fffbe000       .debug$S                   0000000180000000     ucrtd:ucrtbased.dll
 0000:fffbe000       .debug$S                   0000000180000000     ucrtd:ucrtbased.dll
 0000:fffbe000       .debug$S                   0000000180000000     ucrtd:ucrtbased.dll
 0000:fffbe000       .debug$S                   0000000180000000     ucrtd:ucrtbased.dll
 0000:fffbe000       .debug$S                   0000000180000000     ucrtd:ucrtbased.dll
 0000:fffbe000       .debug$S                   0000000180000000     ucrtd:ucrtbased.dll
 0000:fffbe000       .debug$S                   0000000180000000     ucrtd:ucrtbased.dll
 0000:fffbe000       .debug$S                   0000000180000000     ucrtd:ucrtbased.dll
 0000:fffbe000       .debug$S                   0000000180000000     ucrtd:ucrtbased.dll
 0000:fffbe000       .debug$S                   0000000180000000     ucrtd:ucrtbased.dll
 0000:fffbe000       .debug$S                   0000000180000000     ucrtd:ucrtbased.dll
 0000:fffbe000       .debug$S                   0000000180000000     ucrtd:ucrtbased.dll
 0000:fffbe000       .debug$S                   0000000180000000     ucrtd:ucrtbased.dll
 0000:fffbe000       .debug$S                   0000000180000000     ucrtd:ucrtbased.dll
 0000:fffbe000       .debug$S                   0000000180000000     ucrtd:ucrtbased.dll
 0000:fffbe000       .debug$S                   0000000180000000     ucrtd:ucrtbased.dll
 0000:fffbe000       .debug$S                   0000000180000000     ucrtd:ucrtbased.dll
 0000:fffbe000       .debug$S                   0000000180000000     ucrtd:ucrtbased.dll
 0000:fffbe000       .debug$S                   0000000180000000     ucrtd:ucrtbased.dll
 0000:fffbe000       .debug$S                   0000000180000000     ucrtd:ucrtbased.dll
 0000:fffbe000       .debug$S                   0000000180000000     ucrtd:ucrtbased.dll
 0000:fffbe000       .debug$S                   0000000180000000     ucrtd:ucrtbased.dll
 0000:fffbe000       .debug$S                   0000000180000000     ucrtd:ucrtbased.dll
 0000:fffbe000       .debug$S                   0000000180000000     ucrtd:ucrtbased.dll
 0000:fffbe000       .debug$S                   0000000180000000     ucrtd:ucrtbased.dll
 0000:fffbe000       .debug$S                   0000000180000000     kernel32:KERNEL32.dll
 0000:fffbe000       .debug$S                   0000000180000000     kernel32:KERNEL32.dll
 0000:fffbe000       .debug$S                   0000000180000000     kernel32:KERNEL32.dll
 0000:fffbe000       .debug$S                   0000000180000000     kernel32:KERNEL32.dll
 0000:fffbe000       .debug$S                   0000000180000000     kernel32:KERNEL32.dll
 0000:fffbe000       .debug$S                   0000000180000000     kernel32:KERNEL32.dll
 0000:fffbe000       .debug$S                   0000000180000000     kernel32:KERNEL32.dll
 0000:fffbe000       .debug$S                   0000000180000000     kernel32:KERNEL32.dll
 0000:fffbe000       .debug$S                   0000000180000000     kernel32:KERNEL32.dll
 0000:fffbe000       .debug$S                   0000000180000000     kernel32:KERNEL32.dll
 0000:fffbe000       .debug$S                   0000000180000000     kernel32:KERNEL32.dll
 0000:fffbe000       .debug$S                   0000000180000000     kernel32:KERNEL32.dll
 0000:fffbe000       .debug$S                   0000000180000000     kernel32:KERNEL32.dll
 0000:fffbe000       .debug$S                   0000000180000000     kernel32:KERNEL32.dll
 0000:fffbe000       .debug$S                   0000000180000000     kernel32:KERNEL32.dll
 0000:fffbe000       .debug$S                   0000000180000000     kernel32:KERNEL32.dll
 0000:fffbe000       .debug$S                   0000000180000000     kernel32:KERNEL32.dll
 0000:fffbe000       .debug$S                   0000000180000000     kernel32:KERNEL32.dll
 0000:fffbe000       .debug$S                   0000000180000000     kernel32:KERNEL32.dll
 0000:fffbe000       .debug$S                   0000000180000000     kernel32:KERNEL32.dll
 0000:fffbe000       .debug$S                   0000000180000000     kernel32:KERNEL32.dll
 0000:fffbe000       .debug$S                   0000000180000000     kernel32:KERNEL32.dll
 0000:fffbe000       .debug$S                   0000000180000000     kernel32:KERNEL32.dll
 0000:fffbe000       .debug$S                   0000000180000000     kernel32:KERNEL32.dll
 0000:fffbe000       .debug$S                   0000000180000000     kernel32:KERNEL32.dll
 0000:fffbe000       .debug$S                   0000000180000000     kernel32:KERNEL32.dll
 0000:fffbe000       .debug$S                   0000000180000000     kernel32:KERNEL32.dll
 0002:00001650       ?AddCollisionRule@@YAXPEAUgame_state@@IIH@Z 0000000180012650 f   p5engine.obj
 0002:00001850       ?AddEntity@@YAPEAUsim_entity@@PEAUgame_state@@PEAUsim_region@@IPEAUlow_entity@@PEATv3@@@Z 0000000180012850 f   p5engine.obj
 0002:000019f0       ?AddEntityRaw@@YAPEAUsim_entity@@PEAUgame_state@@PEAUsim_region@@IPEAUlow_entity@@@Z 00000001800129f0 f   p5engine.obj
 0002:00001c00       ?AddFamiliar@@YA?AUadd_low_entity_result@@PEAUgame_state@@III@Z 0000000180012c00 f   p5engine.obj
 0002:00001e50       ?AddGroundedEntity@@YA?AUadd_low_entity_result@@PEAUgame_state@@W4entity_type@@Uworld_position@@PEAUsim_entity_collision_volume_group@@@Z 0000000180012e50 f   p5engine.obj
 0002:00001f70       ?AddLowEntity@@YA?AUadd_low_entity_result@@PEAUgame_state@@W4entity_type@@Uworld_position@@@Z 0000000180012f70 f   p5engine.obj
 0002:000021f0       ?AddMonstar@@YA?AUadd_low_entity_result@@PEAUgame_state@@III@Z 00000001800131f0 f   p5engine.obj
 0002:000023f0       ?AddPlayer@@YA?AUadd_low_entity_result@@PEAUgame_state@@@Z 00000001800133f0 f   p5engine.obj
 0002:000027c0       ?AddStairs@@YA?AUadd_low_entity_result@@PEAUgame_state@@III@Z 00000001800137c0 f   p5engine.obj
 0002:000029f0       ?AddStandardRoom@@YA?AUadd_low_entity_result@@PEAUgame_state@@III@Z 00000001800139f0 f   p5engine.obj
 0002:00002be0       ?AddSword@@YA?AUadd_low_entity_result@@PEAUgame_state@@@Z 0000000180013be0 f   p5engine.obj
 0002:00002d40       ?AddWall@@YA?AUadd_low_entity_result@@PEAUgame_state@@III@Z 0000000180013d40 f   p5engine.obj
 0002:00002f30       ?AllocateRenderGroup@@YAPEAUrender_group@@PEAUmemory_arena@@IM@Z 0000000180013f30 f   p5engine.obj
 0002:000031c0       ?BeginSim@@YAPEAUsim_region@@PEAUmemory_arena@@PEAUgame_state@@PEAUworld@@Uworld_position@@Urectangle3@@M@Z 00000001800141c0 f   p5engine.obj
 0002:00003af0       ?CanCollide@@YAHPEAUgame_state@@PEAUsim_entity@@1@Z 0000000180014af0 f   p5engine.obj
 0002:00003ce0       ?CanOverlap@@YAHPEAUgame_state@@PEAUsim_entity@@1@Z 0000000180014ce0 f   p5engine.obj
 0002:00003ed0       ?ChangeEntityLocation@@YAXPEAUmemory_arena@@PEAUworld@@IPEAUlow_entity@@Uworld_position@@@Z 0000000180014ed0 f   p5engine.obj
 0002:00004be0       ?ClearBitmap@@YAXPEAUloaded_bitmap@@@Z 0000000180015be0 f   p5engine.obj
 0002:00004c70       ?ClearCollisionRulesFor@@YAXPEAUgame_state@@I@Z 0000000180015c70 f   p5engine.obj
 0002:00004f30       ?DEBUGLoadBMP@@YA?AUloaded_bitmap@@PEAUthread_context@@P6A?AUdebug_read_file_result@@0PEAD@Z1@Z 0000000180015f30 f   p5engine.obj
 0002:000055e0       ?DrawBitmap@@YAXPEAUloaded_bitmap@@0MMM@Z 00000001800165e0 f   p5engine.obj
 0002:00005be0       ?DrawHitpoints@@YAXPEAUsim_entity@@PEAUrender_group@@@Z 0000000180016be0 f   p5engine.obj
 0002:00005ee0       ?DrawRectangle@@YAXPEAUloaded_bitmap@@Tv2@@1MMMM@Z 0000000180016ee0 f   p5engine.obj
 0002:000061a0       ?DrawRectangleSlowly@@YAXPEAUloaded_bitmap@@Tv2@@11Tv4@@@Z 00000001800171a0 f   p5engine.obj
 0002:00006890       ?EndSim@@YAXPEAUsim_region@@PEAUgame_state@@@Z 0000000180017890 f   p5engine.obj
 0002:00006d20       ?EntitiesOverlap@@YAHPEAUsim_entity@@0Tv3@@@Z 0000000180017d20 f   p5engine.obj
 0002:00007370       ?FillGroundChunk@@YAXPEAUtransient_state@@PEAUgame_state@@PEAUground_buffer@@PEAUworld_position@@@Z 0000000180018370 f   p5engine.obj
 0002:00007d60       ?GameOutputSound@@YAXPEAUgame_state@@PEAUgame_sound_output_buffer@@H@Z 0000000180018d60 f   p5engine.obj
 0002:00008150       ?GetHashFromStorageIndex@@YAPEAUsim_entity_hash@@PEAUsim_region@@I@Z 0000000180019150 f   p5engine.obj
 0002:00008d20       ?HandleCollision@@YAHPEAUgame_state@@PEAUsim_entity@@1@Z 0000000180019d20 f   p5engine.obj
 0002:00008e50       ?HandleOverlap@@YAXPEAUgame_state@@PEAUsim_entity@@1MPEAM@Z 0000000180019e50 f   p5engine.obj
 0002:00008f90       ?InitHitPoints@@YAXPEAUlow_entity@@I@Z 0000000180019f90 f   p5engine.obj
 0002:000090e0       ?InitializeWorld@@YAXPEAUworld@@Tv3@@@Z 000000018001a0e0 f   p5engine.obj
 0002:00009940       ?MakeEmptyBitmap@@YA?AUloaded_bitmap@@PEAUmemory_arena@@HHH@Z 000000018001a940 f   p5engine.obj
 0002:00009bf0       ?MakeNullCollision@@YAPEAUsim_entity_collision_volume_group@@PEAUgame_state@@@Z 000000018001abf0 f   p5engine.obj
 0002:00009d10       ?MakeSimpleGroundedCollision@@YAPEAUsim_entity_collision_volume_group@@PEAUgame_state@@MMM@Z 000000018001ad10 f   p5engine.obj
 0002:0000a030       ?MoveEntity@@YAXPEAUgame_state@@PEAUsim_region@@PEAUsim_entity@@MPEAUmove_spec@@Tv3@@@Z 000000018001b030 f   p5engine.obj
 0002:0000d6e0       ?RenderGroupToOutput@@YAXPEAUrender_group@@PEAUloaded_bitmap@@@Z 000000018001e6e0 f   p5engine.obj
 0002:0000df50       ?SpeculativeCollide@@YAHPEAUsim_entity@@0Tv3@@@Z 000000018001ef50 f   p5engine.obj
 0002:0000e1f0       ?Subtract@@YA?ATv3@@PEAUworld@@PEAUworld_position@@1@Z 000000018001f1f0 f   p5engine.obj
 0002:00011dfc       $LN138                     0000000180022dfc     p5engine.obj
 0002:00013090       $$000000                   0000000180024090     MSVCRTD:chkstk.obj
 0002:00013110       $$000000                   0000000180024110     MSVCRTD:amdsecgs.obj
 0002:00013150       ?dllmain_crt_dispatch@@YAHQEAUHINSTANCE__@@KQEAX@Z 0000000180024150 f   MSVCRTD:dll_dllmain.obj
 0002:00013200       ?dllmain_crt_process_attach@@YAHQEAUHINSTANCE__@@QEAX@Z 0000000180024200 f   MSVCRTD:dll_dllmain.obj
 0002:00013390       ?dllmain_crt_process_detach@@YAH_N@Z 0000000180024390 f   MSVCRTD:dll_dllmain.obj
 0002:00013450       ?dllmain_dispatch@@YAHQEAUHINSTANCE__@@KQEAX@Z 0000000180024450 f   MSVCRTD:dll_dllmain.obj
 0002:000135e0       ?dllmain_raw@@YAHQEAUHINSTANCE__@@KQEAX@Z 00000001800245e0 f   MSVCRTD:dll_dllmain.obj
 0002:000136e0       ?DebuggerProbe@@YA_NK@Z    00000001800246e0 f   MSVCRTD:error.obj
 0002:00013730       ?DebuggerRuntime@@YA_NKHPEAXPEB_W@Z 0000000180024730 f   MSVCRTD:error.obj
 0002:00013ac0       ?_getMemBlockDataString@@YAXPEAD0PEBD_K@Z 0000000180024ac0 f   MSVCRTD:error.obj
 0002:00013ba0       ?_strlen_priv@@YA_KPEBD@Z  0000000180024ba0 f   MSVCRTD:error.obj
 0002:00013bc0       ?failwithmessage@@YAXPEAXHHPEBD@Z 0000000180024bc0 f   MSVCRTD:error.obj
 0002:00013ec0       ?notify_debugger@@YAXAEBUtagEXCEPTION_VISUALCPP_DEBUG_INFO@@@Z 0000000180024ec0 f   MSVCRTD:error.obj
 0002:00014520       capture_current_context    0000000180025520 f   MSVCRTD:gs_report.obj
 0002:000145e0       capture_previous_context   00000001800255e0 f   MSVCRTD:gs_report.obj
 0002:000146c0       __get_entropy              00000001800256c0 f   MSVCRTD:gs_support.obj
 0002:00014970       ?find_pe_section@@YAPEAU_IMAGE_SECTION_HEADER@@QEAE_K@Z 0000000180025970 f   MSVCRTD:utility.obj
 0002:00014a90       ?is_potentially_valid_image_base@@YA_NQEAX@Z 0000000180025a90 f   MSVCRTD:utility.obj
 0002:00015830       __castguard_compat_check   0000000180026830 f   MSVCRTD:guard_support.obj
 0002:00015a10       __castguard_slow_path_compat_check 0000000180026a10 f   MSVCRTD:guard_support.obj
 0002:00015b00       ?GetPdbDll@@YAPEAUHINSTANCE__@@XZ 0000000180026b00 f   MSVCRTD:pdblkup.obj
 0002:00015ca0       ?GetPdbDllFromInstallPath@@YAPEAUHINSTANCE__@@XZ 0000000180026ca0 f   MSVCRTD:pdblkup.obj
 0002:00016000       ?GetPdbDllPathFromFilePath@@YAHPEB_WPEA_W_K@Z 0000000180027000 f   MSVCRTD:pdblkup.obj
 0002:000181f0       $$000000                   00000001800291f0     MSVCRTD:guard_dispatch.obj
 0002:00018210       $$000000                   0000000180029210     MSVCRTD:guard_xfg_dispatch.obj
 0002:00019230       ?fin$0@?0??dllmain_crt_process_attach@@YAHQEAUHINSTANCE__@@QEAX@Z@4HA 000000018002a230 f   MSVCRTD:dll_dllmain.obj
 0002:00019250       ?fin$0@?0??dllmain_crt_process_detach@@YAH_N@Z@4HA 000000018002a250 f   MSVCRTD:dll_dllmain.obj
 0002:0001926a       ?fin$1@?0??dllmain_crt_process_detach@@YAH_N@Z@4HA 000000018002a26a f   MSVCRTD:dll_dllmain.obj
 0002:00019290       ?filt$0@?0??dllmain_dispatch@@YAHQEAUHINSTANCE__@@KQEAX@Z@4HA 000000018002a290 f   MSVCRTD:dll_dllmain.obj
 0002:000192f0       ?filt$0@?0??notify_debugger@@YAXAEBUtagEXCEPTION_VISUALCPP_DEBUG_INFO@@@Z@4HA 000000018002a2f0 f   MSVCRTD:error.obj
 0002:00019320       __scrt_is_nonwritable_in_current_image$filt$0 000000018002a320 f   MSVCRTD:utility.obj
 0003:00000880       ?BeginTemporaryMemory@@YA?AUtemporary_memory@@PEAUmemory_arena@@@Z$rtcName$0 000000018002c880     p5engine.obj
 0003:00000890       ?BeginTemporaryMemory@@YA?AUtemporary_memory@@PEAUmemory_arena@@@Z$rtcVarDesc 000000018002c890     p5engine.obj
 0003:000008d0       ?BeginTemporaryMemory@@YA?AUtemporary_memory@@PEAUmemory_arena@@@Z$rtcFrameData 000000018002c8d0     p5engine.obj
 0003:00000900       ?FindLeastSignificantSetBit@@YA?AUbit_scan_result@@I@Z$rtcName$0 000000018002c900     p5engine.obj
 0003:00000910       ?FindLeastSignificantSetBit@@YA?AUbit_scan_result@@I@Z$rtcVarDesc 000000018002c910     p5engine.obj
 0003:00000950       ?FindLeastSignificantSetBit@@YA?AUbit_scan_result@@I@Z$rtcFrameData 000000018002c950     p5engine.obj
 0003:00000980       ?V2@@YA?ATv2@@MM@Z$rtcName$0 000000018002c980     p5engine.obj
 0003:00000990       ?V2@@YA?ATv2@@MM@Z$rtcVarDesc 000000018002c990     p5engine.obj
 0003:000009d0       ?V2@@YA?ATv2@@MM@Z$rtcFrameData 000000018002c9d0     p5engine.obj
 0003:00000a00       ?V2i@@YA?ATv2@@HH@Z$rtcName$0 000000018002ca00     p5engine.obj
 0003:00000a10       ?V2i@@YA?ATv2@@HH@Z$rtcVarDesc 000000018002ca10     p5engine.obj
 0003:00000a50       ?V2i@@YA?ATv2@@HH@Z$rtcFrameData 000000018002ca50     p5engine.obj
 0003:00000a80       ??D@YA?ATv2@@MT0@@Z$rtcName$0 000000018002ca80     p5engine.obj
 0003:00000a90       ??D@YA?ATv2@@MT0@@Z$rtcVarDesc 000000018002ca90     p5engine.obj
 0003:00000ad0       ??D@YA?ATv2@@MT0@@Z$rtcFrameData 000000018002cad0     p5engine.obj
 0003:00000b00       ??G@YA?ATv2@@T0@@Z$rtcName$0 000000018002cb00     p5engine.obj
 0003:00000b10       ??G@YA?ATv2@@T0@@Z$rtcVarDesc 000000018002cb10     p5engine.obj
 0003:00000b50       ??G@YA?ATv2@@T0@@Z$rtcFrameData 000000018002cb50     p5engine.obj
 0003:00000b80       ??H@YA?ATv2@@T0@0@Z$rtcName$0 000000018002cb80     p5engine.obj
 0003:00000b90       ??H@YA?ATv2@@T0@0@Z$rtcVarDesc 000000018002cb90     p5engine.obj
 0003:00000bd0       ??H@YA?ATv2@@T0@0@Z$rtcFrameData 000000018002cbd0     p5engine.obj
 0003:00000c00       ??G@YA?ATv2@@T0@0@Z$rtcName$0 000000018002cc00     p5engine.obj
 0003:00000c10       ??G@YA?ATv2@@T0@0@Z$rtcVarDesc 000000018002cc10     p5engine.obj
 0003:00000c50       ??G@YA?ATv2@@T0@0@Z$rtcFrameData 000000018002cc50     p5engine.obj
 0003:00000c80       ?Clamp01@@YA?ATv2@@T1@@Z$rtcName$0 000000018002cc80     p5engine.obj
 0003:00000c90       ?Clamp01@@YA?ATv2@@T1@@Z$rtcVarDesc 000000018002cc90     p5engine.obj
 0003:00000cd0       ?Clamp01@@YA?ATv2@@T1@@Z$rtcFrameData 000000018002ccd0     p5engine.obj
 0003:00000d00       ?Perp@@YA?ATv2@@T1@@Z$rtcName$0 000000018002cd00     p5engine.obj
 0003:00000d10       ?Perp@@YA?ATv2@@T1@@Z$rtcVarDesc 000000018002cd10     p5engine.obj
 0003:00000d50       ?Perp@@YA?ATv2@@T1@@Z$rtcFrameData 000000018002cd50     p5engine.obj
 0003:00000d80       ?V3@@YA?ATv3@@MMM@Z$rtcName$0 000000018002cd80     p5engine.obj
 0003:00000d90       ?V3@@YA?ATv3@@MMM@Z$rtcVarDesc 000000018002cd90     p5engine.obj
 0003:00000dd0       ?V3@@YA?ATv3@@MMM@Z$rtcFrameData 000000018002cdd0     p5engine.obj
 0003:00000e00       ??D@YA?ATv3@@MT0@@Z$rtcName$0 000000018002ce00     p5engine.obj
 0003:00000e10       ??D@YA?ATv3@@MT0@@Z$rtcVarDesc 000000018002ce10     p5engine.obj
 0003:00000e50       ??D@YA?ATv3@@MT0@@Z$rtcFrameData 000000018002ce50     p5engine.obj
 0003:00000e80       ??D@YA?ATv3@@T0@M@Z$rtcName$0 000000018002ce80     p5engine.obj
 0003:00000e90       ??D@YA?ATv3@@T0@M@Z$rtcVarDesc 000000018002ce90     p5engine.obj
 0003:00000ed0       ??D@YA?ATv3@@T0@M@Z$rtcFrameData 000000018002ced0     p5engine.obj
 0003:00000f00       ??H@YA?ATv3@@T0@0@Z$rtcName$0 000000018002cf00     p5engine.obj
 0003:00000f10       ??H@YA?ATv3@@T0@0@Z$rtcVarDesc 000000018002cf10     p5engine.obj
 0003:00000f50       ??H@YA?ATv3@@T0@0@Z$rtcFrameData 000000018002cf50     p5engine.obj
 0003:00000f80       ??G@YA?ATv3@@T0@0@Z$rtcName$0 000000018002cf80     p5engine.obj
 0003:00000f90       ??G@YA?ATv3@@T0@0@Z$rtcVarDesc 000000018002cf90     p5engine.obj
 0003:00000fd0       ??G@YA?ATv3@@T0@0@Z$rtcFrameData 000000018002cfd0     p5engine.obj
 0003:00001000       ?Hadamard@@YA?ATv3@@T1@0@Z$rtcName$0 000000018002d000     p5engine.obj
 0003:00001010       ?Hadamard@@YA?ATv3@@T1@0@Z$rtcVarDesc 000000018002d010     p5engine.obj
 0003:00001050       ?Hadamard@@YA?ATv3@@T1@0@Z$rtcFrameData 000000018002d050     p5engine.obj
 0003:00001080       ?V4@@YA?ATv4@@MMMM@Z$rtcName$0 000000018002d080     p5engine.obj
 0003:00001090       ?V4@@YA?ATv4@@MMMM@Z$rtcVarDesc 000000018002d090     p5engine.obj
 0003:000010d0       ?V4@@YA?ATv4@@MMMM@Z$rtcFrameData 000000018002d0d0     p5engine.obj
 0003:00001100       ?RectCenterHalfDim@@YA?AUrectangle2@@Tv2@@0@Z$rtcName$0 000000018002d100     p5engine.obj
 0003:00001110       ?RectCenterHalfDim@@YA?AUrectangle2@@Tv2@@0@Z$rtcVarDesc 000000018002d110     p5engine.obj
 0003:00001150       ?RectCenterHalfDim@@YA?AUrectangle2@@Tv2@@0@Z$rtcFrameData 000000018002d150     p5engine.obj
 0003:00001180       ?RectCenterDim@@YA?AUrectangle2@@Tv2@@0@Z$rtcName$0 000000018002d180     p5engine.obj
 0003:00001190       ?RectCenterDim@@YA?AUrectangle2@@Tv2@@0@Z$rtcVarDesc 000000018002d190     p5engine.obj
 0003:000011d0       ?RectCenterDim@@YA?AUrectangle2@@Tv2@@0@Z$rtcFrameData 000000018002d1d0     p5engine.obj
 0003:00001200       ?GetBarycentric@@YA?ATv2@@Urectangle2@@T1@@Z$rtcName$0 000000018002d200     p5engine.obj
 0003:00001210       ?GetBarycentric@@YA?ATv2@@Urectangle2@@T1@@Z$rtcVarDesc 000000018002d210     p5engine.obj
 0003:00001250       ?GetBarycentric@@YA?ATv2@@Urectangle2@@T1@@Z$rtcFrameData 000000018002d250     p5engine.obj
 0003:00001280       ?GetMinCorner@@YA?ATv3@@Urectangle3@@@Z$rtcName$0 000000018002d280     p5engine.obj
 0003:00001290       ?GetMinCorner@@YA?ATv3@@Urectangle3@@@Z$rtcVarDesc 000000018002d290     p5engine.obj
 0003:000012d0       ?GetMinCorner@@YA?ATv3@@Urectangle3@@@Z$rtcFrameData 000000018002d2d0     p5engine.obj
 0003:00001300       ?GetMaxCorner@@YA?ATv3@@Urectangle3@@@Z$rtcName$0 000000018002d300     p5engine.obj
 0003:00001310       ?GetMaxCorner@@YA?ATv3@@Urectangle3@@@Z$rtcVarDesc 000000018002d310     p5engine.obj
 0003:00001350       ?GetMaxCorner@@YA?ATv3@@Urectangle3@@@Z$rtcFrameData 000000018002d350     p5engine.obj
 0003:00001380       ?RectCenterHalfDim@@YA?AUrectangle3@@Tv3@@0@Z$rtcName$0 000000018002d380     p5engine.obj
 0003:00001390       ?RectCenterHalfDim@@YA?AUrectangle3@@Tv3@@0@Z$rtcVarDesc 000000018002d390     p5engine.obj
 0003:000013d0       ?RectCenterHalfDim@@YA?AUrectangle3@@Tv3@@0@Z$rtcFrameData 000000018002d3d0     p5engine.obj
 0003:00001400       ?AddRadiusTo@@YA?AUrectangle3@@U1@Tv3@@@Z$rtcName$0 000000018002d400     p5engine.obj
 0003:00001410       ?AddRadiusTo@@YA?AUrectangle3@@U1@Tv3@@@Z$rtcVarDesc 000000018002d410     p5engine.obj
 0003:00001450       ?AddRadiusTo@@YA?AUrectangle3@@U1@Tv3@@@Z$rtcFrameData 000000018002d450     p5engine.obj
 0003:00001480       ?RectCenterDim@@YA?AUrectangle3@@Tv3@@0@Z$rtcName$0 000000018002d480     p5engine.obj
 0003:00001490       ?RectCenterDim@@YA?AUrectangle3@@Tv3@@0@Z$rtcVarDesc 000000018002d490     p5engine.obj
 0003:000014d0       ?RectCenterDim@@YA?AUrectangle3@@Tv3@@0@Z$rtcFrameData 000000018002d4d0     p5engine.obj
 0003:00001500       ?GetEntityGroundPoint@@YA?ATv3@@PEAUsim_entity@@T1@@Z$rtcName$0 000000018002d500     p5engine.obj
 0003:00001510       ?GetEntityGroundPoint@@YA?ATv3@@PEAUsim_entity@@T1@@Z$rtcVarDesc 000000018002d510     p5engine.obj
 0003:00001550       ?GetEntityGroundPoint@@YA?ATv3@@PEAUsim_entity@@T1@@Z$rtcFrameData 000000018002d550     p5engine.obj
 0003:00001580       ?GetEntityGroundPoint@@YA?ATv3@@PEAUsim_entity@@@Z$rtcName$0 000000018002d580     p5engine.obj
 0003:00001590       ?GetEntityGroundPoint@@YA?ATv3@@PEAUsim_entity@@@Z$rtcVarDesc 000000018002d590     p5engine.obj
 0003:000015d0       ?GetEntityGroundPoint@@YA?ATv3@@PEAUsim_entity@@@Z$rtcFrameData 000000018002d5d0     p5engine.obj
 0003:00001600       ?GetStairGround@@YAMPEAUsim_entity@@Tv3@@@Z$rtcName$0 000000018002d600     p5engine.obj
 0003:0000160c       ?GetStairGround@@YAMPEAUsim_entity@@Tv3@@@Z$rtcName$1 000000018002d60c     p5engine.obj
 0003:00001620       ?GetStairGround@@YAMPEAUsim_entity@@Tv3@@@Z$rtcVarDesc 000000018002d620     p5engine.obj
 0003:000016a0       ?GetStairGround@@YAMPEAUsim_entity@@Tv3@@@Z$rtcFrameData 000000018002d6a0     p5engine.obj
 0003:000016e0       ?DrawRectangleSlowly@@YAXPEAUloaded_bitmap@@Tv2@@11Tv4@@@Z$rtcName$0 000000018002d6e0     p5engine.obj
 0003:000016e4       ?DrawRectangleSlowly@@YAXPEAUloaded_bitmap@@Tv2@@11Tv4@@@Z$rtcName$1 000000018002d6e4     p5engine.obj
 0003:000016f0       ?DrawRectangleSlowly@@YAXPEAUloaded_bitmap@@Tv2@@11Tv4@@@Z$rtcName$2 000000018002d6f0     p5engine.obj
 0003:00001700       ?DrawRectangleSlowly@@YAXPEAUloaded_bitmap@@Tv2@@11Tv4@@@Z$rtcVarDesc 000000018002d700     p5engine.obj
 0003:000017c0       ?DrawRectangleSlowly@@YAXPEAUloaded_bitmap@@Tv2@@11Tv4@@@Z$rtcFrameData 000000018002d7c0     p5engine.obj
 0003:00001800       ?PushBitmap@@YAXPEAUrender_group@@PEAUloaded_bitmap@@Tv2@@M2MM@Z$rtcName$0 000000018002d800     p5engine.obj
 0003:00001804       ?PushBitmap@@YAXPEAUrender_group@@PEAUloaded_bitmap@@Tv2@@M2MM@Z$rtcName$1 000000018002d804     p5engine.obj
 0003:00001810       ?PushBitmap@@YAXPEAUrender_group@@PEAUloaded_bitmap@@Tv2@@M2MM@Z$rtcVarDesc 000000018002d810     p5engine.obj
 0003:00001890       ?PushBitmap@@YAXPEAUrender_group@@PEAUloaded_bitmap@@Tv2@@M2MM@Z$rtcFrameData 000000018002d890     p5engine.obj
 0003:000018c0       ?PushRect@@YAXPEAUrender_group@@Tv2@@M1Tv4@@M@Z$rtcName$0 000000018002d8c0     p5engine.obj
 0003:000018d0       ?PushRect@@YAXPEAUrender_group@@Tv2@@M1Tv4@@M@Z$rtcVarDesc 000000018002d8d0     p5engine.obj
 0003:00001910       ?PushRect@@YAXPEAUrender_group@@Tv2@@M1Tv4@@M@Z$rtcFrameData 000000018002d910     p5engine.obj
 0003:00001940       ?GetRenderEntityBasisPos@@YA?ATv2@@PEAUrender_group@@PEAUrender_entity_basis@@T1@@Z$rtcName$0 000000018002d940     p5engine.obj
 0003:00001950       ?GetRenderEntityBasisPos@@YA?ATv2@@PEAUrender_group@@PEAUrender_entity_basis@@T1@@Z$rtcName$1 000000018002d950     p5engine.obj
 0003:00001960       ?GetRenderEntityBasisPos@@YA?ATv2@@PEAUrender_group@@PEAUrender_entity_basis@@T1@@Z$rtcVarDesc 000000018002d960     p5engine.obj
 0003:000019e0       ?GetRenderEntityBasisPos@@YA?ATv2@@PEAUrender_group@@PEAUrender_entity_basis@@T1@@Z$rtcFrameData 000000018002d9e0     p5engine.obj
 0003:00001a20       ?RenderGroupToOutput@@YAXPEAUrender_group@@PEAUloaded_bitmap@@@Z$rtcName$0 000000018002da20     p5engine.obj
 0003:00001a30       ?RenderGroupToOutput@@YAXPEAUrender_group@@PEAUloaded_bitmap@@@Z$rtcName$1 000000018002da30     p5engine.obj
 0003:00001a34       ?RenderGroupToOutput@@YAXPEAUrender_group@@PEAUloaded_bitmap@@@Z$rtcName$2 000000018002da34     p5engine.obj
 0003:00001a38       ?RenderGroupToOutput@@YAXPEAUrender_group@@PEAUloaded_bitmap@@@Z$rtcName$3 000000018002da38     p5engine.obj
[...]
 0003:000067b0       $unwind$?ChangeEntityLocation@@YAXPEAUmemory_arena@@PEAUworld@@IPEAUlow_entity@@Uworld_position@@@Z 00000001800327b0     p5engine.obj
 0003:000067c4       $unwind$?GetHashFromStorageIndex@@YAPEAUsim_entity_hash@@PEAUsim_region@@I@Z 00000001800327c4     p5engine.obj
 0003:000067d8       $unwind$?GetSimSpacePos@@YA?ATv3@@PEAUsim_region@@PEAUlow_entity@@@Z 00000001800327d8     p5engine.obj
 0003:000067ec       $unwind$?AddEntity@@YAPEAUsim_entity@@PEAUgame_state@@PEAUsim_region@@IPEAUlow_entity@@PEATv3@@@Z 00000001800327ec     p5engine.obj
 0003:00006800       $unwind$?LoadEntityReference@@YAXPEAUgame_state@@PEAUsim_region@@PEATentity_reference@@@Z 0000000180032800     p5engine.obj
 0003:0000681c       $unwind$?StoreEntityReference@@YAXPEATentity_reference@@@Z 000000018003281c     p5engine.obj
 0003:00006830       $unwind$?AddEntityRaw@@YAPEAUsim_entity@@PEAUgame_state@@PEAUsim_region@@IPEAUlow_entity@@@Z 0000000180032830     p5engine.obj
 0003:00006844       $unwind$?EntityOverlapsRectangle@@YAHTv3@@Usim_entity_collision_volume@@Urectangle3@@@Z 0000000180032844     p5engine.obj
 0003:00006858       $unwind$?BeginSim@@YAPEAUsim_region@@PEAUmemory_arena@@PEAUgame_state@@PEAUworld@@Uworld_position@@Urectangle3@@M@Z 0000000180032858     p5engine.obj
 0003:00006874       $unwind$?EndSim@@YAXPEAUsim_region@@PEAUgame_state@@@Z 0000000180032874     p5engine.obj
 0003:00006890       $unwind$?CanCollide@@YAHPEAUgame_state@@PEAUsim_entity@@1@Z 0000000180032890     p5engine.obj
 0003:000068a4       $unwind$?HandleCollision@@YAHPEAUgame_state@@PEAUsim_entity@@1@Z 00000001800328a4     p5engine.obj
 0003:000068b8       $unwind$?CanOverlap@@YAHPEAUgame_state@@PEAUsim_entity@@1@Z 00000001800328b8     p5engine.obj
 0003:000068cc       $unwind$?HandleOverlap@@YAXPEAUgame_state@@PEAUsim_entity@@1MPEAM@Z 00000001800328cc     p5engine.obj
 0003:000068e0       $unwind$?SpeculativeCollide@@YAHPEAUsim_entity@@0Tv3@@@Z 00000001800328e0     p5engine.obj
 0003:000068f4       $unwind$?EntitiesOverlap@@YAHPEAUsim_entity@@0Tv3@@@Z 00000001800328f4     p5engine.obj
 0003:00006908       $unwind$?MoveEntity@@YAXPEAUgame_state@@PEAUsim_region@@PEAUsim_entity@@MPEAUmove_spec@@Tv3@@@Z 0000000180032908     p5engine.obj
 0003:00006924       $unwind$?DefaultMoveSpec@@YA?AUmove_spec@@XZ 0000000180032924     p5engine.obj
 0003:00006940       $unwind$?RandomSeed@@YA?AUrandom_series@@I@Z 0000000180032940     p5engine.obj
 0003:0000695c       $unwind$?RandomNextUInt32@@YAIPEAUrandom_series@@@Z 000000018003295c     p5engine.obj
 0003:00006970       $unwind$?RandomChoice@@YAIPEAUrandom_series@@I@Z 0000000180032970     p5engine.obj
 0003:00006984       $unwind$?RandomUnilateral@@YAMPEAUrandom_series@@@Z 0000000180032984     p5engine.obj
 0003:00006998       $unwind$?GameOutputSound@@YAXPEAUgame_state@@PEAUgame_sound_output_buffer@@H@Z 0000000180032998     p5engine.obj
 0003:000069ac       $unwind$?DEBUGLoadBMP@@YA?AUloaded_bitmap@@PEAUthread_context@@P6A?AUdebug_read_file_result@@0PEAD@Z1@Z 00000001800329ac     p5engine.obj
 0003:000069c8       $unwind$?AddLowEntity@@YA?AUadd_low_entity_result@@PEAUgame_state@@W4entity_type@@Uworld_position@@@Z 00000001800329c8     p5engine.obj
 0003:000069e4       $unwind$?AddGroundedEntity@@YA?AUadd_low_entity_result@@PEAUgame_state@@W4entity_type@@Uworld_position@@PEAUsim_entity_collision_volume_group@@@Z 00000001800329e4     p5engine.obj
 0003:000069f8       $unwind$?AddStandardRoom@@YA?AUadd_low_entity_result@@PEAUgame_state@@III@Z 00000001800329f8     p5engine.obj
 0003:00006a0c       $unwind$?AddWall@@YA?AUadd_low_entity_result@@PEAUgame_state@@III@Z 0000000180032a0c     p5engine.obj
 0003:00006a20       $unwind$?AddStairs@@YA?AUadd_low_entity_result@@PEAUgame_state@@III@Z 0000000180032a20     p5engine.obj
 0003:00006a34       $unwind$?InitHitPoints@@YAXPEAUlow_entity@@I@Z 0000000180032a34     p5engine.obj
 0003:00006a48       $unwind$?AddSword@@YA?AUadd_low_entity_result@@PEAUgame_state@@@Z 0000000180032a48     p5engine.obj
 0003:00006a5c       $unwind$?AddPlayer@@YA?AUadd_low_entity_result@@PEAUgame_state@@@Z 0000000180032a5c     p5engine.obj
 0003:00006a70       $unwind$?AddMonstar@@YA?AUadd_low_entity_result@@PEAUgame_state@@III@Z 0000000180032a70     p5engine.obj
 0003:00006a84       $unwind$?AddFamiliar@@YA?AUadd_low_entity_result@@PEAUgame_state@@III@Z 0000000180032a84     p5engine.obj
 0003:00006a98       $unwind$?DrawHitpoints@@YAXPEAUsim_entity@@PEAUrender_group@@@Z 0000000180032a98     p5engine.obj
 0003:00006ab4       $unwind$?MakeSimpleGroundedCollision@@YAPEAUsim_entity_collision_volume_group@@PEAUgame_state@@MMM@Z 0000000180032ab4     p5engine.obj
 0003:00006ac8       $unwind$?MakeNullCollision@@YAPEAUsim_entity_collision_volume_group@@PEAUgame_state@@@Z 0000000180032ac8     p5engine.obj
 0003:00006adc       $unwind$?FillGroundChunk@@YAXPEAUtransient_state@@PEAUgame_state@@PEAUground_buffer@@PEAUworld_position@@@Z 0000000180032adc     p5engine.obj
 0003:00006af8       $unwind$?ClearBitmap@@YAXPEAUloaded_bitmap@@@Z 0000000180032af8     p5engine.obj
 0003:00006b0c       $unwind$?MakeEmptyBitmap@@YA?AUloaded_bitmap@@PEAUmemory_arena@@HHH@Z 0000000180032b0c     p5engine.obj
 0003:00006b28       $unwind$GameUpdateAndRender 0000000180032b28     p5engine.obj
 0003:00006b44       $unwind$GameGetSoundSamples 0000000180032b44     p5engine.obj
 0003:00006b58       $unwind$_RTC_CheckStackVars 0000000180032b58     MSVCRTD:stack.obj
 0003:00006b6c       $chain$0$_RTC_CheckStackVars 0000000180032b6c     MSVCRTD:stack.obj
 0003:00006b84       $chain$1$_RTC_CheckStackVars 0000000180032b84     MSVCRTD:stack.obj
 0003:00006b98       $unwind$_RTC_CheckStackVars2 0000000180032b98     MSVCRTD:stack.obj
 0003:00006ba8       $chain$1$_RTC_CheckStackVars2 0000000180032ba8     MSVCRTD:stack.obj
 0003:00006bc4       $chain$2$_RTC_CheckStackVars2 0000000180032bc4     MSVCRTD:stack.obj
 0003:00006bdc       $chain$3$_RTC_CheckStackVars2 0000000180032bdc     MSVCRTD:stack.obj
 0003:00006bf4       $chain$4$_RTC_CheckStackVars2 0000000180032bf4     MSVCRTD:stack.obj
 0003:00006c08       $chain$5$_RTC_CheckStackVars2 0000000180032c08     MSVCRTD:stack.obj
 0003:00006c1c       $chain$6$_RTC_CheckStackVars2 0000000180032c1c     MSVCRTD:stack.obj
 0003:00006c30       $unwind$_RTC_AllocaHelper  0000000180032c30     MSVCRTD:stack.obj
 0003:00006c38       $chain$0$_RTC_AllocaHelper 0000000180032c38     MSVCRTD:stack.obj
 0003:00006c50       $chain$1$_RTC_AllocaHelper 0000000180032c50     MSVCRTD:stack.obj
 0003:00006c64       $unwind$_RTC_Shutdown      0000000180032c64     MSVCRTD:init.obj
 0003:00006c6c       $unwind$_RTC_InitBase      0000000180032c6c     MSVCRTD:init.obj
 0003:00006c74       $unwind$__CheckForDebuggerJustMyCode 0000000180032c74     MSVCRTD:debugger_jmc.obj
 0003:00006c7c       $unwind$__GSHandlerCheckCommon 0000000180032c7c     MSVCRTD:gshandler.obj
 0003:00006c84       $unwind$__GSHandlerCheck   0000000180032c84     MSVCRTD:gshandler.obj
 0003:00006c90       $xdatasym                  0000000180032c90     MSVCRTD:chkstk.obj
 0003:00006c98       $xdatasym                  0000000180032c98     MSVCRTD:amdsecgs.obj
 0003:00006c9c       $unwind$?dllmain_crt_process_attach@@YAHQEAUHINSTANCE__@@QEAX@Z 0000000180032c9c     MSVCRTD:dll_dllmain.obj
 0003:00006cc0       $unwind$?fin$0@?0??dllmain_crt_process_attach@@YAHQEAUHINSTANCE__@@QEAX@Z@4HA 0000000180032cc0     MSVCRTD:dll_dllmain.obj
 0003:00006cc8       $unwind$?dllmain_crt_process_detach@@YAH_N@Z 0000000180032cc8     MSVCRTD:dll_dllmain.obj
 0003:00006cfc       $unwind$?fin$0@?0??dllmain_crt_process_detach@@YAH_N@Z@4HA 0000000180032cfc     MSVCRTD:dll_dllmain.obj
 0003:00006d04       $unwind$?fin$1@?0??dllmain_crt_process_detach@@YAH_N@Z@4HA 0000000180032d04     MSVCRTD:dll_dllmain.obj
 0003:00006d0c       $unwind$?dllmain_crt_dispatch@@YAHQEAUHINSTANCE__@@KQEAX@Z 0000000180032d0c     MSVCRTD:dll_dllmain.obj
 0003:00006d14       $unwind$_CRT_INIT          0000000180032d14     MSVCRTD:dll_dllmain.obj
 0003:00006d1c       $unwind$?dllmain_raw@@YAHQEAUHINSTANCE__@@KQEAX@Z 0000000180032d1c     MSVCRTD:dll_dllmain.obj
 0003:00006d24       $unwind$?dllmain_dispatch@@YAHQEAUHINSTANCE__@@KQEAX@Z 0000000180032d24     MSVCRTD:dll_dllmain.obj
 0003:00006d48       $unwind$?filt$0@?0??dllmain_dispatch@@YAHQEAUHINSTANCE__@@KQEAX@Z@4HA 0000000180032d48     MSVCRTD:dll_dllmain.obj
 0003:00006d50       $unwind$_DllMainCRTStartup 0000000180032d50     MSVCRTD:dll_dllmain.obj
 0003:00006d58       $unwind$_RTC_UninitUse     0000000180032d58     MSVCRTD:error.obj
 0003:00006d74       $unwind$?_RTC_StackFailure@@YAXPEAXPEBD@Z 0000000180032d74     MSVCRTD:error.obj
 0003:00006d94       $unwind$?_RTC_AllocaFailure@@YAXPEAXPEAU_RTC_ALLOCA_NODE@@H@Z 0000000180032d94     MSVCRTD:error.obj
 0003:00006db0       $chain$0$?_RTC_AllocaFailure@@YAXPEAXPEAU_RTC_ALLOCA_NODE@@H@Z 0000000180032db0     MSVCRTD:error.obj
 0003:00006dc8       $chain$1$?_RTC_AllocaFailure@@YAXPEAXPEAU_RTC_ALLOCA_NODE@@H@Z 0000000180032dc8     MSVCRTD:error.obj
 0003:00006ddc       $unwind$_vsprintf_s_l      0000000180032ddc     MSVCRTD:error.obj
 0003:00006df4       $unwind$sprintf_s          0000000180032df4     MSVCRTD:error.obj
 0003:00006dfc       $unwind$?notify_debugger@@YAXAEBUtagEXCEPTION_VISUALCPP_DEBUG_INFO@@@Z 0000000180032dfc     MSVCRTD:error.obj
 0003:00006e20       $unwind$?filt$0@?0??notify_debugger@@YAXAEBUtagEXCEPTION_VISUALCPP_DEBUG_INFO@@@Z@4HA 0000000180032e20     MSVCRTD:error.obj
 0003:00006e28       $unwind$?DebuggerProbe@@YA_NK@Z 0000000180032e28     MSVCRTD:error.obj
 0003:00006e30       $unwind$?DebuggerRuntime@@YA_NKHPEAXPEB_W@Z 0000000180032e30     MSVCRTD:error.obj
 0003:00006e38       $unwind$?failwithmessage@@YAXPEAXHHPEBD@Z 0000000180032e38     MSVCRTD:error.obj
 0003:00006e60       $unwind$?_getMemBlockDataString@@YAXPEAD0PEBD_K@Z 0000000180032e60     MSVCRTD:error.obj
 0003:00006e74       $chain$3$?_getMemBlockDataString@@YAXPEAD0PEBD_K@Z 0000000180032e74     MSVCRTD:error.obj
 0003:00006e98       $chain$4$?_getMemBlockDataString@@YAXPEAD0PEBD_K@Z 0000000180032e98     MSVCRTD:error.obj
 0003:00006eac       $unwind$__report_securityfailure 0000000180032eac     MSVCRTD:gs_report.obj
 0003:00006eb4       $unwind$__report_securityfailureEx 0000000180032eb4     MSVCRTD:gs_report.obj
 0003:00006ebc       $unwind$__report_rangecheckfailure 0000000180032ebc     MSVCRTD:gs_report.obj
 0003:00006ec4       $unwind$__report_gsfailure 0000000180032ec4     MSVCRTD:gs_report.obj
 0003:00006ecc       $unwind$capture_current_context 0000000180032ecc     MSVCRTD:gs_report.obj
 0003:00006ed4       $unwind$capture_previous_context 0000000180032ed4     MSVCRTD:gs_report.obj
 0003:00006edc       $unwind$__raise_securityfailure 0000000180032edc     MSVCRTD:gs_report.obj
 0003:00006ee4       $unwind$__security_init_cookie 0000000180032ee4     MSVCRTD:gs_support.obj
 0003:00006eec       $unwind$__get_entropy      0000000180032eec     MSVCRTD:gs_support.obj
 0003:00006ef4       $unwind$DllMain            0000000180032ef4     MSVCRTD:dll_dllmain_stub.obj
 0003:00006efc       $unwind$?__scrt_initialize_type_info@@YAXXZ 0000000180032efc     MSVCRTD:tncleanup.obj
 0003:00006f04       $unwind$?__scrt_uninitialize_type_info@@YAXXZ 0000000180032f04     MSVCRTD:tncleanup.obj
 0003:00006f0c       $unwind$__scrt_initialize_default_local_stdio_options 0000000180032f0c     MSVCRTD:default_local_stdio_options.obj
 0003:00006f14       $unwind$atexit             0000000180032f14     MSVCRTD:utility.obj
 0003:00006f1c       $unwind$_onexit            0000000180032f1c     MSVCRTD:utility.obj
 0003:00006f24       $unwind$at_quick_exit      0000000180032f24     MSVCRTD:utility.obj
 0003:00006f2c       $unwind$__scrt_is_nonwritable_in_current_image 0000000180032f2c     MSVCRTD:utility.obj
 0003:00006f50       $unwind$__scrt_is_nonwritable_in_current_image$filt$0 0000000180032f50     MSVCRTD:utility.obj
 0003:00006f58       $unwind$__scrt_acquire_startup_lock 0000000180032f58     MSVCRTD:utility.obj
 0003:00006f60       $unwind$__scrt_release_startup_lock 0000000180032f60     MSVCRTD:utility.obj
 0003:00006f68       $unwind$__scrt_initialize_crt 0000000180032f68     MSVCRTD:utility.obj
 0003:00006f70       $unwind$__scrt_uninitialize_crt 0000000180032f70     MSVCRTD:utility.obj
 0003:00006f78       $unwind$__scrt_initialize_onexit_tables 0000000180032f78     MSVCRTD:utility.obj
 0003:00006f88       $unwind$__scrt_dllmain_exception_filter 0000000180032f88     MSVCRTD:utility.obj
 0003:00006f90       $unwind$__scrt_dllmain_before_initialize_c 0000000180032f90     MSVCRTD:utility.obj
 0003:00006f98       $unwind$__scrt_dllmain_after_initialize_c 0000000180032f98     MSVCRTD:utility.obj
 0003:00006fa0       $unwind$__scrt_dllmain_uninitialize_c 0000000180032fa0     MSVCRTD:utility.obj
 0003:00006fa8       $unwind$__scrt_dllmain_uninitialize_critical 0000000180032fa8     MSVCRTD:utility.obj
 0003:00006fb0       $unwind$__scrt_dllmain_crt_thread_attach 0000000180032fb0     MSVCRTD:utility.obj
 0003:00006fb8       $unwind$__scrt_dllmain_crt_thread_detach 0000000180032fb8     MSVCRTD:utility.obj
 0003:00006fc0       $unwind$?configure_argv@__scrt_narrow_argv_policy@@SAHXZ 0000000180032fc0     MSVCRTD:utility.obj
 0003:00006fc8       $unwind$?initialize_environment@__scrt_narrow_environment_policy@@SAHXZ 0000000180032fc8     MSVCRTD:utility.obj
 0003:00006fd0       $unwind$?is_potentially_valid_image_base@@YA_NQEAX@Z 0000000180032fd0     MSVCRTD:utility.obj
 0003:00006fd8       $unwind$?find_pe_section@@YAPEAU_IMAGE_SECTION_HEADER@@QEAE_K@Z 0000000180032fd8     MSVCRTD:utility.obj
 0003:00006fe0       $unwind$__scrt_get_show_window_mode 0000000180032fe0     MSVCRTD:utility_desktop.obj
 0003:00006ff0       $unwind$__scrt_is_managed_app 0000000180032ff0     MSVCRTD:utility_desktop.obj
 0003:00006ff8       $unwind$__scrt_initialize_mta 0000000180032ff8     MSVCRTD:utility_desktop.obj
 0003:00007000       $unwind$__scrt_set_unhandled_exception_filter 0000000180033000     MSVCRTD:utility_desktop.obj
 0003:00007008       $unwind$__scrt_fastfail    0000000180033008     MSVCRTD:utility_desktop.obj
 0003:00007018       $unwind$__scrt_unhandled_exception_filter 0000000180033018     MSVCRTD:utility_desktop.obj
 0003:00007020       $unwind$_RTC_Initialize    0000000180033020     MSVCRTD:initsect.obj
 0003:00007030       $unwind$_RTC_Terminate     0000000180033030     MSVCRTD:initsect.obj
 0003:00007040       $unwind$ReadNoFence64      0000000180033040     MSVCRTD:guard_support.obj
 0003:00007048       $unwind$ReadPointerNoFence 0000000180033048     MSVCRTD:guard_support.obj
 0003:00007050       $unwind$_guard_icall_checks_enforced 0000000180033050     MSVCRTD:guard_support.obj
 0003:00007058       $unwind$__castguard_compat_check 0000000180033058     MSVCRTD:guard_support.obj
 0003:00007060       $unwind$__castguard_check_failure_debugbreak 0000000180033060     MSVCRTD:guard_support.obj
 0003:00007068       $unwind$__castguard_check_failure_fastfail 0000000180033068     MSVCRTD:guard_support.obj
 0003:00007070       $unwind$__castguard_check_failure_os_handled 0000000180033070     MSVCRTD:guard_support.obj
 0003:00007078       $unwind$__castguard_slow_path_compat_check 0000000180033078     MSVCRTD:guard_support.obj
 0003:00007080       $unwind$__castguard_slow_path_check_debugbreak 0000000180033080     MSVCRTD:guard_support.obj
 0003:00007088       $unwind$__castguard_slow_path_check_fastfail 0000000180033088     MSVCRTD:guard_support.obj
 0003:00007090       $unwind$__castguard_slow_path_check_os_handled 0000000180033090     MSVCRTD:guard_support.obj
 0003:00007098       $unwind$?_RTC_GetSrcLine@@YAHPEAEPEA_WKPEAH1K@Z 0000000180033098     MSVCRTD:pdblkup.obj
 0003:000070b4       $unwind$?GetPdbDllFromInstallPath@@YAPEAUHINSTANCE__@@XZ 00000001800330b4     MSVCRTD:pdblkup.obj
 0003:000070dc       $unwind$?GetPdbDllPathFromFilePath@@YAHPEB_WPEA_W_K@Z 00000001800330dc     MSVCRTD:pdblkup.obj
 0003:000070f8       $unwind$?GetPdbDll@@YAPEAUHINSTANCE__@@XZ 00000001800330f8     MSVCRTD:pdblkup.obj
 0003:0000710c       $unwind$__isa_available_init 000000018003310c     MSVCRTD:cpu_disp.obj
 0003:00007120       $unwind$__scrt_is_ucrt_dll_in_use 0000000180033120     MSVCRTD:ucrt_detection.obj
 0003:00007128       $xdatasym                  0000000180033128     MSVCRTD:guard_dispatch.obj
 0003:00007130       $xdatasym                  0000000180033130     MSVCRTD:guard_xfg_dispatch.obj
 0003:000073f0       .edata                     00000001800333f0     P5Engine.exp
 0003:00007418       rgpv                       0000000180033418     P5Engine.exp
 0003:00007420       rgszName                   0000000180033420     P5Engine.exp
 0003:00007428       rgwOrd                     0000000180033428     P5Engine.exp
 0003:0000742c       szName                     000000018003342c     P5Engine.exp
 0003:00007439       $N00001                    0000000180033439     P5Engine.exp
 0003:0000744d       $N00002                    000000018003344d     P5Engine.exp
 0004:00000000       ?RandomNumberTable@@3PAIA  0000000180034000     p5engine.obj
 0004:00004e40       ?init@?1??_RTC_InitBase@@9@4_NA 0000000180038e40     MSVCRTD:init.obj
 0004:00004e44       ?__proc_attached@@3HA      0000000180038e44     MSVCRTD:dll_dllmain.obj
 0004:00004e58       ?_RTC_ErrorReportFunc@@3P6AHHPEBDH00ZZEA 0000000180038e58     MSVCRTD:userapi.obj
 0004:00004e60       ?_RTC_ErrorReportFuncW@@3P6AHHPEB_WH00ZZEA 0000000180038e60     MSVCRTD:userapi.obj
 0004:00004e70       GS_ExceptionRecord         0000000180038e70     MSVCRTD:gs_report.obj
 0004:00004f10       GS_ContextRecord           0000000180038f10     MSVCRTD:gs_report.obj
 0004:00005538       ?is_initialized_as_dll@@3_NA 0000000180039538     MSVCRTD:utility.obj
 0004:00005539       ?module_local_atexit_table_initialized@@3_NA 0000000180039539     MSVCRTD:utility.obj
 0004:00005540       ?module_local_atexit_table@@3U_onexit_table_t@@A 0000000180039540     MSVCRTD:utility.obj
 0004:00005558       ?module_local_at_quick_exit_table@@3U_onexit_table_t@@A 0000000180039558     MSVCRTD:utility.obj
 0004:00005598       ?mspdb@@3PEAUHINSTANCE__@@EA 0000000180039598     MSVCRTD:pdblkup.obj
 0004:000055a1       ?alreadyTried@?1??GetPdbDll@@YAPEAUHINSTANCE__@@XZ@4_NA 00000001800395a1     MSVCRTD:pdblkup.obj
 0004:000055a2       ?PDBOK@?1??_RTC_GetSrcLine@@YAHPEAEPEA_WKPEAH1K@Z@4_NA 00000001800395a2     MSVCRTD:pdblkup.obj
 0006:000007ca       .idata$6                   000000018003d7ca     vcruntimed:VCRUNTIME140D.dll
 0006:0000098c       .idata$6                   000000018003d98c     ucrtd:ucrtbased.dll
 0006:00000bce       .idata$6                   000000018003dbce     kernel32:KERNEL32.dll
 0007:00000000       __5C0B09BC_p5engine_platform@h 000000018003e000     p5engine.obj
 0007:00000001       __09340588_corecrt_math@h  000000018003e001     p5engine.obj
 0007:00000002       __B0C4CEA9_malloc@h        000000018003e002     p5engine.obj
 0007:00000003       __3A0418DB_p5engine_intrinsics@h 000000018003e003     p5engine.obj
 0007:00000004       __6D6C9F34_p5engine_math@h 000000018003e004     p5engine.obj
 0007:00000005       __326D9465_p5engine_entity@h 000000018003e005     p5engine.obj
 0007:00000006       __B7D51BCB_p5engine@h      000000018003e006     p5engine.obj
 0007:00000007       __ECDA994C_p5engine_render_group@cpp 000000018003e007     p5engine.obj
 0007:00000008       __DC0D61CC_p5engine_world@cpp 000000018003e008     p5engine.obj
 0007:00000009       __5DD8E4E4_p5engine_sim_region@cpp 000000018003e009     p5engine.obj
 0007:0000000a       __9C871DF9_p5engine_entity@cpp 000000018003e00a     p5engine.obj
 0007:0000000b       __74B1E2C0_p5engine_random@h 000000018003e00b     p5engine.obj
 0007:0000000c       __D1049797_p5engine@cpp    000000018003e00c     p5engine.obj
 0009:00000170       $R000000                   0000000180040170     * linker generated manifest res *
