 P5Engine

 Timestamp is 63686ecc (Sun Nov  6 20:34:52 2022)

 Preferred load address is 0000000180000000

 Start         Length     Name                   Class
 0001:00000000 000155f0H .text$mn                CODE
 0001:000155f0 00000040H .text$mn$00             CODE
 0001:00015630 000000fdH .text$x                 CODE
 0002:00000000 00000110H .idata$5                DATA
 0002:00000110 00000028H .00cfg                  DATA
 0002:00000138 00000008H .CRT$XCA                DATA
 0002:00000140 00000008H .CRT$XCZ                DATA
 0002:00000148 00000008H .CRT$XIA                DATA
 0002:00000150 00000008H .CRT$XIZ                DATA
 0002:00000158 00000008H .CRT$XPA                DATA
 0002:00000160 00000008H .CRT$XPZ                DATA
 0002:00000168 00000008H .CRT$XTA                DATA
 0002:00000170 00000010H .CRT$XTZ                DATA
 0002:00000178 00000000H .gehcont$y              DATA
 0002:00000178 00000000H .gfids$y                DATA
 0002:00000180 00000500H .rdata                  DATA
 0002:00000680 00000000H .rdata$CastGuardVftablesA DATA
 0002:00000680 00000000H .rdata$CastGuardVftablesC DATA
 0002:00000680 0000019cH .rdata$voltmd           DATA
 0002:0000081c 000002dcH .rdata$zzzdbg           DATA
 0002:00000af8 00000008H .rtc$IAA                DATA
 0002:00000b00 00000008H .rtc$IZZ                DATA
 0002:00000b08 00000008H .rtc$TAA                DATA
 0002:00000b10 00000008H .rtc$TZZ                DATA
 0002:00000b18 00000898H .xdata                  DATA
 0002:000013b0 00000074H .edata                  DATA
 0002:00001424 00000050H .idata$2                DATA
 0002:00001474 00000014H .idata$3                DATA
 0002:00001488 00000110H .idata$4                DATA
 0002:00001598 000002beH .idata$6                DATA
 0003:00000000 00004040H .data                   DATA
 0003:00004040 0000068cH .bss                    DATA
 0004:00000000 00000c24H .pdata                  DATA
 0005:00000000 0000001eH .msvcjmc                DATA
 0006:00000000 00000060H .rsrc$01                DATA
 0006:00000060 00000098H .rsrc$02                DATA

  Address         Publics by Value              Rva+Base               Lib:Object

 0000:00000000       __AbsoluteZero             0000000000000000     <absolute>
 0000:00000000       __arm64x_extra_rfe_table   0000000000000000     <absolute>
 0000:00000000       __guard_longjmp_table      0000000000000000     <absolute>
 0000:00000000       __guard_eh_cont_count      0000000000000000     <absolute>
 0000:00000000       __guard_iat_count          0000000000000000     <absolute>
 0000:00000000       __dynamic_value_reloc_table 0000000000000000     <absolute>
 0000:00000000       __x64_code_ranges_to_entry_points_count 0000000000000000     <absolute>
 0000:00000000       __guard_check_icall_a64n_fptr 0000000000000000     <absolute>
 0000:00000000       ___safe_se_handler_count   0000000000000000     <absolute>
 0000:00000000       __guard_fids_table         0000000000000000     <absolute>
 0000:00000000       __hybrid_code_map_count    0000000000000000     <absolute>
 0000:00000000       ___safe_se_handler_table   0000000000000000     <absolute>
 0000:00000000       __arm64x_redirection_metadata 0000000000000000     <absolute>
 0000:00000000       __hybrid_auxiliary_iat_copy 0000000000000000     <absolute>
 0000:00000000       __x64_code_ranges_to_entry_points 0000000000000000     <absolute>
 0000:00000000       __guard_iat_table          0000000000000000     <absolute>
 0000:00000000       __guard_fids_count         0000000000000000     <absolute>
 0000:00000000       __arm64x_extra_rfe_table_size 0000000000000000     <absolute>
 0000:00000000       __arm64x_redirection_metadata_count 0000000000000000     <absolute>
 0000:00000000       __hybrid_code_map          0000000000000000     <absolute>
 0000:00000000       __enclave_config           0000000000000000     <absolute>
 0000:00000000       __arm64x_native_entrypoint 0000000000000000     <absolute>
 0000:00000000       __hybrid_auxiliary_iat     0000000000000000     <absolute>
 0000:00000000       __guard_longjmp_count      0000000000000000     <absolute>
 0000:00000000       __guard_eh_cont_table      0000000000000000     <absolute>
 0000:00000100       __guard_flags              0000000000000100     <absolute>
 0000:00000000       __ImageBase                0000000180000000     <linker-defined>
 0001:0000a1f0       GameUpdateAndRender        000000018000b1f0 f   p5engine.obj
 0001:0000dd90       GameGetSoundSamples        000000018000ed90 f   p5engine.obj
 0001:0000de00       ??0timed_block@@QEAA@I@Z   000000018000ee00 f i p5engine.obj
 0001:0000de40       ??1timed_block@@QEAA@XZ    000000018000ee40 f i p5engine.obj
 0001:0000dee0       ??D@YA?ATv2@@MT0@@Z        000000018000eee0 f i p5engine.obj
 0001:0000df60       ??D@YA?ATv3@@MT0@@Z        000000018000ef60 f i p5engine.obj
 0001:0000e010       ??D@YA?ATv3@@T0@M@Z        000000018000f010 f i p5engine.obj
 0001:0000e090       ??D@YA?ATv4@@MT0@@Z        000000018000f090 f i p5engine.obj
 0001:0000e160       ??G@YA?ATv2@@T0@0@Z        000000018000f160 f i p5engine.obj
 0001:0000e1e0       ??G@YA?ATv3@@T0@0@Z        000000018000f1e0 f i p5engine.obj
 0001:0000e2a0       ??G@YA?ATv3@@T0@@Z         000000018000f2a0 f i p5engine.obj
 0001:0000e350       ??H@YA?ATv2@@T0@0@Z        000000018000f350 f i p5engine.obj
 0001:0000e3d0       ??H@YA?ATv3@@T0@0@Z        000000018000f3d0 f i p5engine.obj
 0001:0000e490       ??X@YAAEATv3@@AEAT0@M@Z    000000018000f490 f i p5engine.obj
 0001:0000e510       ??Y@YAAEATv2@@AEAT0@T0@@Z  000000018000f510 f i p5engine.obj
 0001:0000e560       ??Y@YAAEATv3@@AEAT0@T0@@Z  000000018000f560 f i p5engine.obj
 0001:0000e600       ??Z@YAAEATv3@@AEAT0@T0@@Z  000000018000f600 f i p5engine.obj
 0001:0000e6a0       ?ATan2@@YAMMM@Z            000000018000f6a0 f i p5engine.obj
 0001:0000e6f0       ?AbsoluteValue@@YAMM@Z     000000018000f6f0 f i p5engine.obj
 0001:0000e730       ?AddFlags@@YAXPEAUsim_entity@@I@Z 000000018000f730 f i p5engine.obj
 0001:0000e770       ?AddRadiusTo@@YA?AUrectangle3@@U1@Tv3@@@Z 000000018000f770 f i p5engine.obj
 0001:0000e8e0       ?AllResourcesPresent@@YAHPEAUrender_group@@@Z 000000018000f8e0 f i p5engine.obj
 0001:0000e930       ?AreInSameChunk@@YAHPEAUworld@@PEAUworld_position@@1@Z 000000018000f930 f i p5engine.obj
 0001:0000ea30       ?AtomicCompareExchangeUInt32@@YAIPECIII@Z 000000018000fa30 f i p5engine.obj
 0001:0000ea80       ?BeginAssetLock@@YAXPEAUgame_assets@@@Z 000000018000fa80 f i p5engine.obj
 0001:0000eac0       ?BeginGeneration@@YAIPEAUgame_assets@@@Z 000000018000fac0 f i p5engine.obj
 0001:0000eb70       ?BeginTemporaryMemory@@YA?AUtemporary_memory@@PEAUmemory_arena@@@Z 000000018000fb70 f i p5engine.obj
 0001:0000ec10       ?CenteredChunkPoint@@YA?AUworld_position@@III@Z 000000018000fc10 f i p5engine.obj
 0001:0000eca0       ?ChangeEntityLocationRaw@@YAXPEAUmemory_arena@@PEAUworld@@IPEAUworld_position@@2@Z 000000018000fca0 f i p5engine.obj
 0001:0000f090       ?CheckArena@@YAXPEAUmemory_arena@@@Z 0000000180010090 f i p5engine.obj
 0001:0000f0c0       ?ChunkPositionFromTilePosition@@YA?AUworld_position@@PEAUworld@@HHHTv3@@@Z 00000001800100c0 f i p5engine.obj
 0001:0000f360       ?Clamp01@@YA?ATv2@@T1@@Z   0000000180010360 f i p5engine.obj
 0001:0000f3d0       ?Clamp01@@YAMM@Z           00000001800103d0 f i p5engine.obj
 0001:0000f410       ?Clamp01MapToRange@@YAMMMM@Z 0000000180010410 f i p5engine.obj
 0001:0000f490       ?Clamp@@YAMMMM@Z           0000000180010490 f i p5engine.obj
 0001:0000f500       ?Clear@@YAXPEAUrender_group@@Tv4@@@Z 0000000180010500 f i p5engine.obj
 0001:0000f560       ?ClearFlags@@YAXPEAUsim_entity@@I@Z 0000000180010560 f i p5engine.obj
 0001:0000f5a0       ?DefaultMoveSpec@@YA?AUmove_spec@@XZ 00000001800105a0 f i p5engine.obj
 0001:0000f640       ?EndAssetLock@@YAXPEAUgame_assets@@@Z 0000000180010640 f i p5engine.obj
 0001:0000f670       ?EndGeneration@@YAXPEAUgame_assets@@I@Z 0000000180010670 f i p5engine.obj
 0001:0000f730       ?EndTemporaryMemory@@YAXUtemporary_memory@@@Z 0000000180010730 f i p5engine.obj
 0001:0000f7b0       ?EntityOverlapsRectangle@@YAHTv3@@Usim_entity_collision_volume@@Urectangle3@@@Z 00000001800107b0 f i p5engine.obj
 0001:0000f940       ?GetAlignmentOffset@@YA_KPEAUmemory_arena@@_K@Z 0000000180010940 f i p5engine.obj
 0001:0000f9d0       ?GetArenaSizeRemaining@@YA_KPEAUmemory_arena@@_K@Z 00000001800109d0 f i p5engine.obj
 0001:0000fa30       ?GetAsset@@YAPEAUasset_memory_header@@PEAUgame_assets@@II@Z 0000000180010a30 f i p5engine.obj
 0001:0000fb00       ?GetBarycentric@@YA?ATv2@@Urectangle2@@T1@@Z 0000000180010b00 f i p5engine.obj
 0001:0000fbb0       ?GetFont@@YAPEAUloaded_font@@PEAUgame_assets@@Ufont_id@@I@Z 0000000180010bb0 f i p5engine.obj
 0001:0000fbb0       ?GetBitmap@@YAPEAUloaded_bitmap@@PEAUgame_assets@@Ubitmap_id@@I@Z 0000000180010bb0 f i p5engine.obj
 0001:0000fbb0       ?GetSound@@YAPEAUloaded_sound@@PEAUgame_assets@@Usound_id@@I@Z 0000000180010bb0 f i p5engine.obj
 0001:0000fc20       ?GetFontInfo@@YAPEAUp5a_font@@PEAUgame_assets@@Ufont_id@@@Z 0000000180010c20 f i p5engine.obj
 0001:0000fc20       ?GetBitmapInfo@@YAPEAUp5a_bitmap@@PEAUgame_assets@@Ubitmap_id@@@Z 0000000180010c20 f i p5engine.obj
 0001:0000fc20       ?GetSoundInfo@@YAPEAUp5a_sound@@PEAUgame_assets@@Usound_id@@@Z 0000000180010c20 f i p5engine.obj
 0001:0000fc80       ?GetCameraRectangleAtDistance@@YA?AUrectangle2@@PEAUrender_group@@M@Z 0000000180010c80 f i p5engine.obj
 0001:0000fd20       ?GetCameraRectangleAtTarget@@YA?AUrectangle2@@PEAUrender_group@@@Z 0000000180010d20 f i p5engine.obj
 0001:0000fd90       ?GetDim@@YA?ATv2@@Urectangle2@@@Z 0000000180010d90 f i p5engine.obj
 0001:0000fdd0       ?GetDim@@YA?ATv3@@Urectangle3@@@Z 0000000180010dd0 f i p5engine.obj
 0001:0000fe70       ?GetEntityGroundPoint@@YA?ATv3@@PEAUsim_entity@@@Z 0000000180010e70 f i p5engine.obj
 0001:0000fef0       ?GetEntityGroundPoint@@YA?ATv3@@PEAUsim_entity@@T1@@Z 0000000180010ef0 f i p5engine.obj
 0001:0000ff50       ?GetFile@@YAPEAUasset_file@@PEAUgame_assets@@I@Z 0000000180010f50 f i p5engine.obj
 0001:0000ffb0       ?GetFileHandleFor@@YAPEAUplatform_file_handle@@PEAUgame_assets@@I@Z 0000000180010fb0 f i p5engine.obj
 0001:00010010       ?GetGlyphFromCodepoint@@YAIPEAUp5a_font@@PEAUloaded_font@@I@Z 0000000180011010 f i p5engine.obj
 0001:00010080       ?GetHex@@YAID@Z            0000000180011080 f i p5engine.obj
 0001:000100f0       ?GetLowEntity@@YAPEAUlow_entity@@PEAUgame_state@@I@Z 00000001800110f0 f i p5engine.obj
 0001:00010160       ?GetMaxCorner@@YA?ATv3@@Urectangle3@@@Z 0000000180011160 f i p5engine.obj
 0001:000101c0       ?GetMinCorner@@YA?ATv3@@Urectangle3@@@Z 00000001800111c0 f i p5engine.obj
 0001:00010210       ?GetNextSoundInChain@@YA?AUsound_id@@PEAUgame_assets@@U1@@Z 0000000180011210 f i p5engine.obj
 0001:000102d0       ?GetRenderEntityBasisPos@@YA?AUentity_basis_p_result@@PEAUrender_transform@@Tv3@@@Z 00000001800112d0 f i p5engine.obj
 0001:00010570       ?GetSimSpacePos@@YA?ATv3@@PEAUsim_region@@PEAUlow_entity@@@Z 0000000180011570 f i p5engine.obj
 0001:00010660       ?GetStairGround@@YAMPEAUsim_entity@@Tv3@@@Z 0000000180011660 f i p5engine.obj
 0001:00010750       ?GetWorldChunk@@YAPEAUworld_chunk@@PEAUworld@@HHHPEAUmemory_arena@@@Z 0000000180011750 f i p5engine.obj
 0001:00010940       ?Hadamard@@YA?ATv2@@T1@0@Z 0000000180011940 f i p5engine.obj
 0001:000109a0       ?Hadamard@@YA?ATv3@@T1@0@Z 00000001800119a0 f i p5engine.obj
 0001:00010a60       ?HasFlag@@YAHPEAUsim_entity@@I@Z 0000000180011a60 f i p5engine.obj
 0001:00010aa0       ?InitializeArena@@YAXPEAUmemory_arena@@_KPEAX@Z 0000000180011aa0 f i p5engine.obj
 0001:00010b00       ?Inner@@YAMTv2@@0@Z        0000000180011b00 f i p5engine.obj
 0001:00010b50       ?Inner@@YAMTv3@@0@Z        0000000180011b50 f i p5engine.obj
 0001:00010bc0       ?InsertAssetHeaderAtFront@@YAXPEAUgame_assets@@PEAUasset_memory_header@@@Z 0000000180011bc0 f i p5engine.obj
 0001:00010c30       ?Intersect@@YA?AUrectangle2i@@U1@0@Z 0000000180011c30 f i p5engine.obj
 0001:00010d40       ?IsCanonical@@YAHMM@Z      0000000180011d40 f i p5engine.obj
 0001:00010de0       ?IsCanonical@@YAHPEAUworld@@Tv3@@@Z 0000000180011de0 f i p5engine.obj
 0001:00010e80       ?IsHex@@YAHD@Z             0000000180011e80 f i p5engine.obj
 0001:00010ee0       ?IsInRectangle@@YAHUrectangle3@@Tv3@@@Z 0000000180011ee0 f i p5engine.obj
 0001:00010fa0       ?IsValid@@YAHUsound_id@@@Z 0000000180011fa0 f i p5engine.obj
 0001:00010fe0       ?IsValid@@YAHUworld_position@@@Z 0000000180011fe0 f i p5engine.obj
 0001:00011030       ?Length@@YAMTv3@@@Z        0000000180012030 f i p5engine.obj
 0001:00011080       ?LengthSq@@YAMTv2@@@Z      0000000180012080 f i p5engine.obj
 0001:000110c0       ?LengthSq@@YAMTv3@@@Z      00000001800120c0 f i p5engine.obj
 0001:00011130       ?LoadEntityReference@@YAXPEAUgame_state@@PEAUsim_region@@PEATentity_reference@@@Z 0000000180012130 f i p5engine.obj
 0001:00011260       ?MakeEntityNonSpatial@@YAXPEAUsim_entity@@@Z 0000000180012260 f i p5engine.obj
 0001:000112e0       ?MakeEntitySpatial@@YAXPEAUsim_entity@@Tv3@@1@Z 00000001800122e0 f i p5engine.obj
 0001:00011350       ?MapIntoChunkSpace@@YA?AUworld_position@@PEAUworld@@U1@Tv3@@@Z 0000000180012350 f i p5engine.obj
 0001:00011440       ?NullPosition@@YA?AUworld_position@@XZ 0000000180012440 f i p5engine.obj
 0001:000114b0       ?Orthographic@@YAXPEAUrender_group@@HHM@Z 00000001800124b0 f i p5engine.obj
 0001:000115b0       ?Perspective@@YAXPEAUrender_group@@HHMMM@Z 00000001800125b0 f i p5engine.obj
 0001:000116a0       ?PrefetchSound@@YAXPEAUgame_assets@@Usound_id@@@Z 00000001800126a0 f i p5engine.obj
 0001:000116d0       ?PushBitmap@@YAXPEAUrender_group@@PEAUloaded_bitmap@@Tv3@@MTv4@@@Z 00000001800126d0 f i p5engine.obj
 0001:00011900       ?PushBitmap@@YAXPEAUrender_group@@Ubitmap_id@@Tv3@@MTv4@@@Z 0000000180012900 f i p5engine.obj
 0001:00011a60       ?PushFont@@YAPEAUloaded_font@@PEAUrender_group@@Ufont_id@@@Z 0000000180012a60 f i p5engine.obj
 0001:00011af0       ?PushRect@@YAXPEAUrender_group@@Tv3@@Tv2@@Tv4@@@Z 0000000180012af0 f i p5engine.obj
 0001:00011c90       ?PushRectOutline@@YAXPEAUrender_group@@Tv3@@Tv2@@Tv4@@@Z 0000000180012c90 f i p5engine.obj
 0001:00012120       ?PushRenderElement_@@YAPEAXPEAUrender_group@@IW4render_group_entry_type@@@Z 0000000180013120 f i p5engine.obj
 0001:000121f0       ?PushSize_@@YAPEAXPEAUmemory_arena@@_K1@Z 00000001800131f0 f i p5engine.obj
 0001:000122c0       ?RandomBilateral@@YAMPEAUrandom_series@@@Z 00000001800132c0 f i p5engine.obj
 0001:00012310       ?RandomChoice@@YAIPEAUrandom_series@@I@Z 0000000180013310 f i p5engine.obj
 0001:00012350       ?RandomNextUInt32@@YAIPEAUrandom_series@@@Z 0000000180013350 f i p5engine.obj
 0001:000123c0       ?RandomSeed@@YA?AUrandom_series@@I@Z 00000001800133c0 f i p5engine.obj
 0001:00012430       ?RandomUnilateral@@YAMPEAUrandom_series@@@Z 0000000180013430 f i p5engine.obj
 0001:00012490       ?RecanonicalizeCoord@@YAXMPEAHPEAM@Z 0000000180013490 f i p5engine.obj
 0001:00012530       ?RectCenterDim@@YA?AUrectangle2@@Tv2@@0@Z 0000000180013530 f i p5engine.obj
 0001:000125c0       ?RectCenterDim@@YA?AUrectangle3@@Tv3@@0@Z 00000001800135c0 f i p5engine.obj
 0001:000126b0       ?RectCenterHalfDim@@YA?AUrectangle2@@Tv2@@0@Z 00000001800136b0 f i p5engine.obj
 0001:00012760       ?RectCenterHalfDim@@YA?AUrectangle3@@Tv3@@0@Z 0000000180013760 f i p5engine.obj
 0001:000128d0       ?RectMinMax@@YA?AUrectangle3@@Tv3@@0@Z 00000001800138d0 f i p5engine.obj
 0001:00012970       ?RectanglesIntersect@@YAHUrectangle3@@0@Z 0000000180013970 f i p5engine.obj
 0001:00012a30       ?RoundReal32ToInt32@@YAHM@Z 0000000180013a30 f i p5engine.obj
 0001:00012a70       ?RoundReal32ToUInt32@@YAIM@Z 0000000180013a70 f i p5engine.obj
 0001:00012ab0       ?SafeRatio1@@YAMMM@Z       0000000180013ab0 f i p5engine.obj
 0001:00012b00       ?SafeRatioN@@YAMMMM@Z      0000000180013b00 f i p5engine.obj
 0001:00012b60       ?SignOf@@YAMM@Z            0000000180013b60 f i p5engine.obj
 0001:00012bc0       ?Sin@@YAMM@Z               0000000180013bc0 f i p5engine.obj
 0001:00012c00       ?Square@@YAMM@Z            0000000180013c00 f i p5engine.obj
 0001:00012c40       ?SquareRoot@@YAMM@Z        0000000180013c40 f i p5engine.obj
 0001:00012c80       ?StoreEntityReference@@YAXPEATentity_reference@@@Z 0000000180013c80 f i p5engine.obj
 0001:00012cc0       ?SubArena@@YAXPEAUmemory_arena@@0_K1@Z 0000000180013cc0 f i p5engine.obj
 0001:00012d30       ?ToV3@@YA?ATv3@@Tv2@@M@Z   0000000180013d30 f i p5engine.obj
 0001:00012dc0       ?Unproject@@YA?ATv2@@PEAUrender_group@@T1@M@Z 0000000180013dc0 f i p5engine.obj
 0001:00012e10       ?V2@@YA?ATv2@@MM@Z         0000000180013e10 f i p5engine.obj
 0001:00012e80       ?V2i@@YA?ATv2@@HH@Z        0000000180013e80 f i p5engine.obj
 0001:00012ed0       ?V3@@YA?ATv3@@MMM@Z        0000000180013ed0 f i p5engine.obj
 0001:00012f70       ?V4@@YA?ATv4@@MMMM@Z       0000000180013f70 f i p5engine.obj
 0001:00013020       ?ZeroSize@@YAX_KPEAX@Z     0000000180014020 f i p5engine.obj
 0001:00013080       GetController              0000000180014080 f i p5engine.obj
 0001:000130e0       ?DrawRectangleQuickly@@YAXPEAUloaded_bitmap@@Tv2@@11Tv4@@0MUrectangle2i@@H@Z 00000001800140e0 f   p5engine_optimized.obj
 0001:00013e20       __CheckForDebuggerJustMyCode 0000000180014e20 f   MSVCRTD:debugger_jmc.obj
 0001:00013e60       __GSHandlerCheck           0000000180014e60 f   MSVCRTD:gshandler.obj
 0001:00013ea0       __GSHandlerCheckCommon     0000000180014ea0 f   MSVCRTD:gshandler.obj
 0001:00013fa0       __GSHandlerCheck_EH4       0000000180014fa0 f   MSVCRTD:gshandlereh4.obj
 0001:00014060       __chkstk                   0000000180015060 f   MSVCRTD:chkstk.obj
 0001:00014060       _alloca_probe              0000000180015060 f   MSVCRTD:chkstk.obj
 0001:000140c0       __security_check_cookie    00000001800150c0 f   MSVCRTD:amdsecgs.obj
 0001:000144f0       _DllMainCRTStartup         00000001800154f0 f   MSVCRTD:dll_dllmain.obj
 0001:00014530       __raise_securityfailure    0000000180015530 f   MSVCRTD:gs_report.obj
 0001:00014570       __report_gsfailure         0000000180015570 f   MSVCRTD:gs_report.obj
 0001:000147d0       __security_init_cookie     00000001800157d0 f   MSVCRTD:gs_support.obj
 0001:00014850       DllMain                    0000000180015850 f   MSVCRTD:dll_dllmain_stub.obj
 0001:00014890       ?__scrt_initialize_type_info@@YAXXZ 0000000180015890 f   MSVCRTD:tncleanup.obj
 0001:000148b0       ?__scrt_uninitialize_type_info@@YAXXZ 00000001800158b0 f   MSVCRTD:tncleanup.obj
 0001:000148d0       __local_stdio_printf_options 00000001800158d0 f i MSVCRTD:default_local_stdio_options.obj
 0001:000148e0       __local_stdio_scanf_options 00000001800158e0 f i MSVCRTD:default_local_stdio_options.obj
 0001:000148f0       __scrt_initialize_default_local_stdio_options 00000001800158f0 f   MSVCRTD:default_local_stdio_options.obj
 0001:00014940       ?configure_argv@__scrt_narrow_argv_policy@@SAHXZ 0000000180015940 f i MSVCRTD:utility.obj
 0001:00014a30       ?initialize_environment@__scrt_narrow_environment_policy@@SAHXZ 0000000180015a30 f i MSVCRTD:utility.obj
 0001:00014ad0       NtCurrentTeb               0000000180015ad0 f i MSVCRTD:utility.obj
 0001:00014ae0       __scrt_acquire_startup_lock 0000000180015ae0 f   MSVCRTD:utility.obj
 0001:00014b50       __scrt_dllmain_after_initialize_c 0000000180015b50 f   MSVCRTD:utility.obj
 0001:00014b80       __scrt_dllmain_before_initialize_c 0000000180015b80 f   MSVCRTD:utility.obj
 0001:00014ba0       __scrt_dllmain_crt_thread_attach 0000000180015ba0 f   MSVCRTD:utility.obj
 0001:00014bd0       __scrt_dllmain_crt_thread_detach 0000000180015bd0 f   MSVCRTD:utility.obj
 0001:00014bf0       __scrt_dllmain_exception_filter 0000000180015bf0 f   MSVCRTD:utility.obj
 0001:00014c60       __scrt_dllmain_uninitialize_c 0000000180015c60 f   MSVCRTD:utility.obj
 0001:00014c90       __scrt_dllmain_uninitialize_critical 0000000180015c90 f   MSVCRTD:utility.obj
 0001:00014cb0       __scrt_initialize_crt      0000000180015cb0 f   MSVCRTD:utility.obj
 0001:00014d00       __scrt_initialize_onexit_tables 0000000180015d00 f   MSVCRTD:utility.obj
 0001:00014e10       __scrt_is_nonwritable_in_current_image 0000000180015e10 f   MSVCRTD:utility.obj
 0001:00014ea0       __scrt_release_startup_lock 0000000180015ea0 f   MSVCRTD:utility.obj
 0001:00014ed0       __scrt_uninitialize_crt    0000000180015ed0 f   MSVCRTD:utility.obj
 0001:00014f10       __scrt_get_dyn_tls_init_callback 0000000180015f10 f   MSVCRTD:dyn_tls_init.obj
 0001:00014f20       __crt_debugger_hook        0000000180015f20 f   MSVCRTD:utility_desktop.obj
 0001:00014f30       __scrt_fastfail            0000000180015f30 f   MSVCRTD:utility_desktop.obj
 0001:000150d0       _RTC_Initialize            00000001800160d0 f   MSVCRTD:initsect.obj
 0001:00015120       _RTC_Terminate             0000000180016120 f   MSVCRTD:initsect.obj
 0001:00015170       _guard_check_icall_nop     0000000180016170 f i MSVCRTD:guard_support.obj
 0001:00015180       __isa_available_init       0000000180016180 f   MSVCRTD:cpu_disp.obj
 0001:00015520       _get_startup_argv_mode     0000000180016520 f   MSVCRTD:argv_mode.obj
 0001:00015530       __scrt_is_ucrt_dll_in_use  0000000180016530 f   MSVCRTD:ucrt_detection.obj
 0001:00015560       __CxxFrameHandler4         0000000180016560 f   vcruntimed:VCRUNTIME140_1D.dll
 0001:00015566       __C_specific_handler       0000000180016566 f   vcruntimed:VCRUNTIME140D.dll
 0001:0001556c       __std_type_info_destroy_list 000000018001656c f   vcruntimed:VCRUNTIME140D.dll
 0001:00015572       atan2                      0000000180016572 f   ucrtd:ucrtbased.dll
 0001:00015578       sinf                       0000000180016578 f   ucrtd:ucrtbased.dll
 0001:0001557e       sqrtf                      000000018001657e f   ucrtd:ucrtbased.dll
 0001:00015584       _initterm                  0000000180016584 f   ucrtd:ucrtbased.dll
 0001:0001558a       _initterm_e                000000018001658a f   ucrtd:ucrtbased.dll
 0001:00015590       _seh_filter_dll            0000000180016590 f   ucrtd:ucrtbased.dll
 0001:00015596       _configure_narrow_argv     0000000180016596 f   ucrtd:ucrtbased.dll
 0001:0001559c       _initialize_narrow_environment 000000018001659c f   ucrtd:ucrtbased.dll
 0001:000155a2       _initialize_onexit_table   00000001800165a2 f   ucrtd:ucrtbased.dll
 0001:000155a8       _execute_onexit_table      00000001800165a8 f   ucrtd:ucrtbased.dll
 0001:000155ae       _cexit                     00000001800165ae f   ucrtd:ucrtbased.dll
 0001:000155c0       __acrt_thread_detach       00000001800165c0 f   MSVCRTD:ucrt_stubs.obj
 0001:000155c0       __vcrt_thread_detach       00000001800165c0 f   MSVCRTD:ucrt_stubs.obj
 0001:000155c0       __vcrt_thread_attach       00000001800165c0 f   MSVCRTD:ucrt_stubs.obj
 0001:000155c0       __acrt_thread_attach       00000001800165c0 f   MSVCRTD:ucrt_stubs.obj
 0001:000155c0       __vcrt_initialize          00000001800165c0 f   MSVCRTD:ucrt_stubs.obj
 0001:000155c0       __scrt_stub_for_acrt_thread_detach 00000001800165c0 f   MSVCRTD:ucrt_stubs.obj
 0001:000155c0       __scrt_stub_for_acrt_initialize 00000001800165c0 f   MSVCRTD:ucrt_stubs.obj
 0001:000155c0       __acrt_initialize          00000001800165c0 f   MSVCRTD:ucrt_stubs.obj
 0001:000155c0       __scrt_stub_for_acrt_thread_attach 00000001800165c0 f   MSVCRTD:ucrt_stubs.obj
 0001:000155d0       __scrt_stub_for_acrt_uninitialize_critical 00000001800165d0 f   MSVCRTD:ucrt_stubs.obj
 0001:000155d0       __acrt_uninitialize        00000001800165d0 f   MSVCRTD:ucrt_stubs.obj
 0001:000155d0       __acrt_uninitialize_critical 00000001800165d0 f   MSVCRTD:ucrt_stubs.obj
 0001:000155d0       __scrt_stub_for_acrt_uninitialize 00000001800165d0 f   MSVCRTD:ucrt_stubs.obj
 0001:000155d0       __vcrt_uninitialize        00000001800165d0 f   MSVCRTD:ucrt_stubs.obj
 0001:000155d0       __vcrt_uninitialize_critical 00000001800165d0 f   MSVCRTD:ucrt_stubs.obj
 0001:000155e0       _is_c_termination_complete 00000001800165e0 f   MSVCRTD:ucrt_stubs.obj
 0001:000155e0       __scrt_stub_for_is_c_termination_complete 00000001800165e0 f   MSVCRTD:ucrt_stubs.obj
 0001:00015600       _guard_dispatch_icall_nop  0000000180016600 f   MSVCRTD:guard_dispatch.obj
 0001:00015620       _guard_xfg_dispatch_icall_nop 0000000180016620 f   MSVCRTD:guard_xfg_dispatch.obj
 0002:00000000       __imp_GetCurrentProcessId  0000000180017000     kernel32:KERNEL32.dll
 0002:00000008       __imp_RtlCaptureContext    0000000180017008     kernel32:KERNEL32.dll
 0002:00000010       __imp_RtlLookupFunctionEntry 0000000180017010     kernel32:KERNEL32.dll
 0002:00000018       __imp_RtlVirtualUnwind     0000000180017018     kernel32:KERNEL32.dll
 0002:00000020       __imp_UnhandledExceptionFilter 0000000180017020     kernel32:KERNEL32.dll
 0002:00000028       __imp_SetUnhandledExceptionFilter 0000000180017028     kernel32:KERNEL32.dll
 0002:00000030       __imp_IsDebuggerPresent    0000000180017030     kernel32:KERNEL32.dll
 0002:00000038       __imp_InitializeSListHead  0000000180017038     kernel32:KERNEL32.dll
 0002:00000040       __imp_DisableThreadLibraryCalls 0000000180017040     kernel32:KERNEL32.dll
 0002:00000048       __imp_GetSystemTimeAsFileTime 0000000180017048     kernel32:KERNEL32.dll
 0002:00000050       __imp_GetCurrentThreadId   0000000180017050     kernel32:KERNEL32.dll
 0002:00000058       __imp_QueryPerformanceCounter 0000000180017058     kernel32:KERNEL32.dll
 0002:00000060       __imp_IsProcessorFeaturePresent 0000000180017060     kernel32:KERNEL32.dll
 0002:00000068       __imp_TerminateProcess     0000000180017068     kernel32:KERNEL32.dll
 0002:00000070       __imp_GetCurrentProcess    0000000180017070     kernel32:KERNEL32.dll
 0002:00000078       \177KERNEL32_NULL_THUNK_DATA 0000000180017078     kernel32:KERNEL32.dll
 0002:00000080       __imp___std_type_info_destroy_list 0000000180017080     vcruntimed:VCRUNTIME140D.dll
 0002:00000088       __imp___C_specific_handler 0000000180017088     vcruntimed:VCRUNTIME140D.dll
 0002:00000090       \177VCRUNTIME140D_NULL_THUNK_DATA 0000000180017090     vcruntimed:VCRUNTIME140D.dll
 0002:00000098       __imp___CxxFrameHandler4   0000000180017098     vcruntimed:VCRUNTIME140_1D.dll
 0002:000000a0       \177VCRUNTIME140_1D_NULL_THUNK_DATA 00000001800170a0     vcruntimed:VCRUNTIME140_1D.dll
 0002:000000a8       __imp__execute_onexit_table 00000001800170a8     ucrtd:ucrtbased.dll
 0002:000000b0       __imp__initialize_onexit_table 00000001800170b0     ucrtd:ucrtbased.dll
 0002:000000b8       __imp__initialize_narrow_environment 00000001800170b8     ucrtd:ucrtbased.dll
 0002:000000c0       __imp__configure_narrow_argv 00000001800170c0     ucrtd:ucrtbased.dll
 0002:000000c8       __imp__cexit               00000001800170c8     ucrtd:ucrtbased.dll
 0002:000000d0       __imp__initterm_e          00000001800170d0     ucrtd:ucrtbased.dll
 0002:000000d8       __imp__initterm            00000001800170d8     ucrtd:ucrtbased.dll
 0002:000000e0       __imp_sqrtf                00000001800170e0     ucrtd:ucrtbased.dll
 0002:000000e8       __imp_sinf                 00000001800170e8     ucrtd:ucrtbased.dll
 0002:000000f0       __imp_atan2                00000001800170f0     ucrtd:ucrtbased.dll
 0002:000000f8       __imp_roundf               00000001800170f8     ucrtd:ucrtbased.dll
 0002:00000100       __imp__seh_filter_dll      0000000180017100     ucrtd:ucrtbased.dll
 0002:00000108       \177ucrtbased_NULL_THUNK_DATA 0000000180017108     ucrtd:ucrtbased.dll
 0002:00000110       __guard_check_icall_fptr   0000000180017110     MSVCRTD:guard_support.obj
 0002:00000118       __guard_xfg_check_icall_fptr 0000000180017118     MSVCRTD:guard_support.obj
 0002:00000120       __guard_dispatch_icall_fptr 0000000180017120     MSVCRTD:guard_support.obj
 0002:00000128       __guard_xfg_dispatch_icall_fptr 0000000180017128     MSVCRTD:guard_support.obj
 0002:00000130       __guard_xfg_table_dispatch_icall_fptr 0000000180017130     MSVCRTD:guard_support.obj
 0002:00000138       __xc_a                     0000000180017138     MSVCRTD:initializers.obj
 0002:00000140       __xc_z                     0000000180017140     MSVCRTD:initializers.obj
 0002:00000148       __xi_a                     0000000180017148     MSVCRTD:initializers.obj
 0002:00000150       __xi_z                     0000000180017150     MSVCRTD:initializers.obj
 0002:00000158       __xp_a                     0000000180017158     MSVCRTD:initializers.obj
 0002:00000160       __xp_z                     0000000180017160     MSVCRTD:initializers.obj
 0002:00000168       __xt_a                     0000000180017168     MSVCRTD:initializers.obj
 0002:00000170       __xt_z                     0000000180017170     MSVCRTD:initializers.obj
 0002:000002b8       ??_C@_0BA@NMEIMCEK@InvalidCodePath@ 00000001800172b8     p5engine.obj
 0002:000002c8       __real@00000000            00000001800172c8     p5engine.obj
 0002:000002cc       __real@308992b1            00000001800172cc     p5engine.obj
 0002:000002d0       __real@3a83126f            00000001800172d0     p5engine.obj
 0002:000002d4       __real@3c23d70a            00000001800172d4     p5engine.obj
 0002:000002d8       __real@3cc30c31            00000001800172d8     p5engine.obj
 0002:000002dc       __real@3dcccccd            00000001800172dc     p5engine.obj
 0002:000002e0       __real@3de38e39            00000001800172e0     p5engine.obj
 0002:000002e4       __real@3e4ccccd            00000001800172e4     p5engine.obj
 0002:000002e8       __real@3e800000            00000001800172e8     p5engine.obj
 0002:000002ec       __real@3e99999a            00000001800172ec     p5engine.obj
 0002:000002f0       __real@3ecccccd            00000001800172f0     p5engine.obj
 0002:000002f4       __real@3ee147ae            00000001800172f4     p5engine.obj
 0002:000002f8       __real@3f000000            00000001800172f8     p5engine.obj
 0002:000002fc       __real@3f19999a            00000001800172fc     p5engine.obj
 0002:00000300       __real@3f228f5c            0000000180017300     p5engine.obj
 0002:00000304       __real@3f3504f3            0000000180017304     p5engine.obj
 0002:00000308       __real@3f400000            0000000180017308     p5engine.obj
 0002:0000030c       __real@3f666666            000000018001730c     p5engine.obj
 0002:00000310       __real@3f800000            0000000180017310     p5engine.obj
 0002:00000314       __real@3f8ccccd            0000000180017314     p5engine.obj
 0002:00000318       __real@3f99999a            0000000180017318     p5engine.obj
 0002:0000031c       __real@3fa66666            000000018001731c     p5engine.obj
 0002:00000320       __real@3fb33333            0000000180017320     p5engine.obj
 0002:00000324       __real@3fc00000            0000000180017324     p5engine.obj
 0002:00000328       __real@3fe0000000000000    0000000180017328     p5engine.obj
 0002:00000330       __real@40000000            0000000180017330     p5engine.obj
 0002:00000334       __real@400ccccd            0000000180017334     p5engine.obj
 0002:00000338       __real@40400000            0000000180017338     p5engine.obj
 0002:0000033c       __real@40800000            000000018001733c     p5engine.obj
 0002:00000340       __real@40a00000            0000000180017340     p5engine.obj
 0002:00000344       __real@40c00000            0000000180017344     p5engine.obj
 0002:00000348       __real@40c90fdb            0000000180017348     p5engine.obj
 0002:0000034c       __real@41100000            000000018001734c     p5engine.obj
 0002:00000350       __real@41700000            0000000180017350     p5engine.obj
 0002:00000354       __real@41880000            0000000180017354     p5engine.obj
 0002:00000358       __real@41a00000            0000000180017358     p5engine.obj
 0002:0000035c       __real@41f00000            000000018001735c     p5engine.obj
 0002:00000360       __real@42340000            0000000180017360     p5engine.obj
 0002:00000364       __real@437f0000            0000000180017364     p5engine.obj
 0002:00000368       __real@461c4000            0000000180017368     p5engine.obj
 0002:0000036c       __real@47c35000            000000018001736c     p5engine.obj
 0002:00000370       __real@49742400            0000000180017370     p5engine.obj
 0002:00000374       __real@7f7fffff            0000000180017374     p5engine.obj
 0002:00000378       __real@becccccd            0000000180017378     p5engine.obj
 0002:0000037c       __real@bf000000            000000018001737c     p5engine.obj
 0002:00000380       __real@bf800000            0000000180017380     p5engine.obj
 0002:00000384       __real@c0000000            0000000180017384     p5engine.obj
 0002:00000388       __real@c0100000            0000000180017388     p5engine.obj
 0002:0000038c       __real@c0400000            000000018001738c     p5engine.obj
 0002:00000390       __real@c11ccccd            0000000180017390     p5engine.obj
 0002:000003a0       __xmm@00000000000000000000000000000000 00000001800173a0     p5engine.obj
 0002:000003b0       __xmm@3f8000003f8000003f8000003f800000 00000001800173b0     p5engine.obj
 0002:000003c0       __xmm@7fffffffffffffff7fffffffffffffff 00000001800173c0     p5engine.obj
 0002:000003d0       __xmm@80000000800000008000000080000000 00000001800173d0     p5engine.obj
 0002:000003e0       __xmm@000000ff000000ff000000ff000000ff 00000001800173e0     p5engine_optimized.obj
 0002:000003f0       __xmm@0000ffff0000ffff0000ffff0000ffff 00000001800173f0     p5engine_optimized.obj
 0002:00000400       __xmm@00ff00ff00ff00ff00ff00ff00ff00ff 0000000180017400     p5engine_optimized.obj
 0002:00000410       __xmm@3b8080813b8080813b8080813b808081 0000000180017410     p5engine_optimized.obj
 0002:00000420       __xmm@3f0000003f0000003f0000003f000000 0000000180017420     p5engine_optimized.obj
 0002:00000430       __xmm@40800000408000004080000040800000 0000000180017430     p5engine_optimized.obj
 0002:00000440       __xmm@477e0100477e0100477e0100477e0100 0000000180017440     p5engine_optimized.obj
 0002:00000450       __xmm@ffffffffffffffffffffffffffffffff 0000000180017450     p5engine_optimized.obj
 0002:00000460       _pRawDllMain               0000000180017460     MSVCRTD:dll_dllmain.obj
 0002:00000460       _pDefaultRawDllMain        0000000180017460     MSVCRTD:dll_dllmain.obj
 0002:000004d0       _load_config_used          00000001800174d0     MSVCRTD:loadcfg.obj
 0002:00000680       __volatile_metadata        0000000180017680     <linker-defined>
 0002:00000af8       __rtc_iaa                  0000000180017af8     MSVCRTD:initsect.obj
 0002:00000b00       __rtc_izz                  0000000180017b00     MSVCRTD:initsect.obj
 0002:00000b08       __rtc_taa                  0000000180017b08     MSVCRTD:initsect.obj
 0002:00000b10       __rtc_tzz                  0000000180017b10     MSVCRTD:initsect.obj
 0002:00001424       __IMPORT_DESCRIPTOR_VCRUNTIME140_1D 0000000180018424     vcruntimed:VCRUNTIME140_1D.dll
 0002:00001438       __IMPORT_DESCRIPTOR_VCRUNTIME140D 0000000180018438     vcruntimed:VCRUNTIME140D.dll
 0002:0000144c       __IMPORT_DESCRIPTOR_ucrtbased 000000018001844c     ucrtd:ucrtbased.dll
 0002:00001460       __IMPORT_DESCRIPTOR_KERNEL32 0000000180018460     kernel32:KERNEL32.dll
 0002:00001474       __NULL_IMPORT_DESCRIPTOR   0000000180018474     vcruntimed:VCRUNTIME140D.dll
 0003:00004000       __security_cookie_complement 000000018001d000     MSVCRTD:gs_cookie.obj
 0003:00004008       __security_cookie          000000018001d008     MSVCRTD:gs_cookie.obj
 0003:00004010       _fltused                   000000018001d010     MSVCRTD:fltused.obj
 0003:00004014       __scrt_native_dllmain_reason 000000018001d014     MSVCRTD:utility.obj
 0003:00004018       __isa_available            000000018001d018     MSVCRTD:cpu_disp.obj
 0003:0000401c       __isa_enabled              000000018001d01c     MSVCRTD:cpu_disp.obj
 0003:00004020       __memcpy_nt_iters          000000018001d020     MSVCRTD:cpu_disp.obj
 0003:00004028       __memset_nt_iters          000000018001d028     MSVCRTD:cpu_disp.obj
 0003:00004030       __scrt_ucrt_dll_is_in_use  000000018001d030     MSVCRTD:ucrt_stubs.obj
 0003:00004040       DebugGlobalMemory          000000018001d040     p5engine.obj
 0003:00004640       ?__type_info_root_node@@3U__type_info_node@@A 000000018001d640     MSVCRTD:tncleanup.obj
 0003:00004650       ?_OptionsStorage@?1??__local_stdio_printf_options@@9@4_KA 000000018001d650     MSVCRTD:default_local_stdio_options.obj
 0003:00004658       ?_OptionsStorage@?1??__local_stdio_scanf_options@@9@4_KA 000000018001d658     MSVCRTD:default_local_stdio_options.obj
 0003:00004660       __scrt_current_native_startup_state 000000018001d660     MSVCRTD:utility.obj
 0003:00004668       __scrt_native_startup_lock 000000018001d668     MSVCRTD:utility.obj
 0003:000046a8       __scrt_debugger_hook_flag  000000018001d6a8     MSVCRTD:utility_desktop.obj
 0003:000046b0       __castguard_check_failure_os_handled_fptr 000000018001d6b0     MSVCRTD:guard_support.obj
 0003:000046b8       __favor                    000000018001d6b8     MSVCRTD:cpu_disp.obj
 0003:000046c0       __dyn_tls_init_callback    000000018001d6c0     <common>
 0003:000046c8       __DebuggerCurrentSteppingThreadId 000000018001d6c8     <common>

 entry point at        0001:000144f0

 Static symbols

 0000:fffde000       .debug$S                   0000000180000000     P5Engine.exp
 0000:fffde000       .debug$S                   0000000180000000     vcruntimed:VCRUNTIME140D.dll
 0000:fffde000       .debug$S                   0000000180000000     vcruntimed:VCRUNTIME140D.dll
 0000:fffde000       .debug$S                   0000000180000000     vcruntimed:VCRUNTIME140D.dll
 0000:fffde000       .debug$S                   0000000180000000     vcruntimed:VCRUNTIME140D.dll
 0000:fffde000       .debug$S                   0000000180000000     vcruntimed:VCRUNTIME140_1D.dll
 0000:fffde000       .debug$S                   0000000180000000     ucrtd:ucrtbased.dll
 0000:fffde000       .debug$S                   0000000180000000     ucrtd:ucrtbased.dll
 0000:fffde000       .debug$S                   0000000180000000     ucrtd:ucrtbased.dll
 0000:fffde000       .debug$S                   0000000180000000     ucrtd:ucrtbased.dll
 0000:fffde000       .debug$S                   0000000180000000     ucrtd:ucrtbased.dll
 0000:fffde000       .debug$S                   0000000180000000     ucrtd:ucrtbased.dll
 0000:fffde000       .debug$S                   0000000180000000     ucrtd:ucrtbased.dll
 0000:fffde000       .debug$S                   0000000180000000     ucrtd:ucrtbased.dll
 0000:fffde000       .debug$S                   0000000180000000     ucrtd:ucrtbased.dll
 0000:fffde000       .debug$S                   0000000180000000     ucrtd:ucrtbased.dll
 0000:fffde000       .debug$S                   0000000180000000     ucrtd:ucrtbased.dll
 0000:fffde000       .debug$S                   0000000180000000     ucrtd:ucrtbased.dll
 0000:fffde000       .debug$S                   0000000180000000     ucrtd:ucrtbased.dll
 0000:fffde000       .debug$S                   0000000180000000     ucrtd:ucrtbased.dll
 0000:fffde000       .debug$S                   0000000180000000     ucrtd:ucrtbased.dll
 0000:fffde000       .debug$S                   0000000180000000     ucrtd:ucrtbased.dll
 0000:fffde000       .debug$S                   0000000180000000     kernel32:KERNEL32.dll
 0000:fffde000       .debug$S                   0000000180000000     kernel32:KERNEL32.dll
 0000:fffde000       .debug$S                   0000000180000000     kernel32:KERNEL32.dll
 0000:fffde000       .debug$S                   0000000180000000     kernel32:KERNEL32.dll
 0000:fffde000       .debug$S                   0000000180000000     kernel32:KERNEL32.dll
 0000:fffde000       .debug$S                   0000000180000000     kernel32:KERNEL32.dll
 0000:fffde000       .debug$S                   0000000180000000     kernel32:KERNEL32.dll
 0000:fffde000       .debug$S                   0000000180000000     kernel32:KERNEL32.dll
 0000:fffde000       .debug$S                   0000000180000000     kernel32:KERNEL32.dll
 0000:fffde000       .debug$S                   0000000180000000     kernel32:KERNEL32.dll
 0000:fffde000       .debug$S                   0000000180000000     kernel32:KERNEL32.dll
 0000:fffde000       .debug$S                   0000000180000000     kernel32:KERNEL32.dll
 0000:fffde000       .debug$S                   0000000180000000     kernel32:KERNEL32.dll
 0000:fffde000       .debug$S                   0000000180000000     kernel32:KERNEL32.dll
 0000:fffde000       .debug$S                   0000000180000000     kernel32:KERNEL32.dll
 0000:fffde000       .debug$S                   0000000180000000     kernel32:KERNEL32.dll
 0000:fffde000       .debug$S                   0000000180000000     kernel32:KERNEL32.dll
 0001:00000000       ?RemoveAssetHeaderFromList@@YAXPEAUasset_memory_header@@@Z 0000000180001000 f   p5engine.obj
 0001:00000070       ?LoadBitmap@@YAXPEAUgame_assets@@Ubitmap_id@@H@Z 0000000180001070 f   p5engine.obj
 0001:000003e0       ?LoadSound@@YAXPEAUgame_assets@@Usound_id@@@Z 00000001800013e0 f   p5engine.obj
 0001:00000680       ?LoadFont@@YAXPEAUgame_assets@@Ufont_id@@H@Z 0000000180001680 f   p5engine.obj
 0001:00000990       ?AddCollisionRule@@YAXPEAUgame_state@@IIH@Z 0000000180001990 f   p5engine.obj
 0001:00000b10       ?ClearCollisionRulesFor@@YAXPEAUgame_state@@I@Z 0000000180001b10 f   p5engine.obj
 0001:00000c10       ?BeginTaskWithMemory@@YAPEAUtask_with_memory@@PEAUtransient_state@@@Z 0000000180001c10 f   p5engine.obj
 0001:00000cf0       ?EndTaskWithMemory@@YAXPEAUtask_with_memory@@@Z 0000000180001cf0 f   p5engine.obj
 0001:00000d50       ?DrawRectangle@@YAXPEAUloaded_bitmap@@Tv2@@1Tv4@@Urectangle2i@@H@Z 0000000180001d50 f   p5engine.obj
 0001:00001000       ?RenderGroupToOutput@@YAXPEAUrender_group@@PEAUloaded_bitmap@@Urectangle2i@@H@Z 0000000180002000 f   p5engine.obj
 0001:000013b0       ?DoTiledRenderWork@@YAXPEAUplatform_work_queue@@PEAX@Z 00000001800023b0 f   p5engine.obj
 0001:00001460       ?RenderGroupToOutput@@YAXPEAUrender_group@@PEAUloaded_bitmap@@@Z 0000000180002460 f   p5engine.obj
 0001:00001560       ?TiledRenderGroupToOutput@@YAXPEAUplatform_work_queue@@PEAUrender_group@@PEAUloaded_bitmap@@@Z 0000000180002560 f   p5engine.obj
 0001:000017b0       ?AllocateRenderGroup@@YAPEAUrender_group@@PEAUgame_assets@@PEAUmemory_arena@@IH@Z 00000001800027b0 f   p5engine.obj
 0001:00001900       ?BeginRender@@YAXPEAUrender_group@@@Z 0000000180002900 f   p5engine.obj
 0001:00001960       ?EndRender@@YAXPEAUrender_group@@@Z 0000000180002960 f   p5engine.obj
 0001:000019e0       ?InitializeWorld@@YAXPEAUworld@@Tv3@@@Z 00000001800029e0 f   p5engine.obj
 0001:00001a80       ?Subtract@@YA?ATv3@@PEAUworld@@PEAUworld_position@@1@Z 0000000180002a80 f   p5engine.obj
 0001:00001cf0       ?ChangeEntityLocation@@YAXPEAUmemory_arena@@PEAUworld@@IPEAUlow_entity@@Uworld_position@@@Z 0000000180002cf0 f   p5engine.obj
 0001:00001e80       ?GetHashFromStorageIndex@@YAPEAUsim_entity_hash@@PEAUsim_region@@I@Z 0000000180002e80 f   p5engine.obj
 0001:00001f50       ?AddEntity@@YAPEAUsim_entity@@PEAUgame_state@@PEAUsim_region@@IPEAUlow_entity@@PEATv3@@@Z 0000000180002f50 f   p5engine.obj
 0001:000020b0       ?AddEntityRaw@@YAPEAUsim_entity@@PEAUgame_state@@PEAUsim_region@@IPEAUlow_entity@@@Z 00000001800030b0 f   p5engine.obj
 0001:00002230       ?BeginSim@@YAPEAUsim_region@@PEAUmemory_arena@@PEAUgame_state@@PEAUworld@@Uworld_position@@Urectangle3@@M@Z 0000000180003230 f   p5engine.obj
 0001:000028a0       ?EndSim@@YAXPEAUsim_region@@PEAUgame_state@@@Z 00000001800038a0 f   p5engine.obj
 0001:00002b60       ?CanCollide@@YAHPEAUgame_state@@PEAUsim_entity@@1@Z 0000000180003b60 f   p5engine.obj
 0001:00002cb0       ?HandleCollision@@YAHPEAUgame_state@@PEAUsim_entity@@1@Z 0000000180003cb0 f   p5engine.obj
 0001:00002d90       ?CanOverlap@@YAHPEAUgame_state@@PEAUsim_entity@@1@Z 0000000180003d90 f   p5engine.obj
 0001:00002df0       ?HandleOverlap@@YAXPEAUgame_state@@PEAUsim_entity@@1MPEAM@Z 0000000180003df0 f   p5engine.obj
 0001:00002e90       ?SpeculativeCollide@@YAHPEAUsim_entity@@0Tv3@@@Z 0000000180003e90 f   p5engine.obj
 0001:00002f90       ?EntitiesOverlap@@YAHPEAUsim_entity@@0Tv3@@@Z 0000000180003f90 f   p5engine.obj
 0001:000032d0       ?MoveEntity@@YAXPEAUgame_state@@PEAUsim_region@@PEAUsim_entity@@MPEAUmove_spec@@Tv3@@@Z 00000001800042d0 f   p5engine.obj
 0001:00004c30       ?LoadAssetWorkDirectly@@YAXPEAUload_asset_work@@@Z 0000000180005c30 f   p5engine.obj
 0001:00004da0       ?LoadAssetWork@@YAXPEAUplatform_work_queue@@PEAX@Z 0000000180005da0 f   p5engine.obj
 0001:00004df0       ?InsertBlock@@YAPEAUasset_memory_block@@PEAU1@_KPEAX@Z 0000000180005df0 f   p5engine.obj
 0001:00004ea0       ?FindBlockForSize@@YAPEAUasset_memory_block@@PEAUgame_assets@@_K@Z 0000000180005ea0 f   p5engine.obj
 0001:00004f40       ?MergeIfPossible@@YAHPEAUgame_assets@@PEAUasset_memory_block@@1@Z 0000000180005f40 f   p5engine.obj
 0001:00005040       ?GenerationHasCompleted@@YAHPEAUgame_assets@@I@Z 0000000180006040 f   p5engine.obj
 0001:000050c0       ?AcquireAssetMemory@@YAPEAUasset_memory_header@@PEAUgame_assets@@II@Z 00000001800060c0 f   p5engine.obj
 0001:00005370       ?GetBestMatchAssetFrom@@YAIPEAUgame_assets@@W4asset_type_id@@PEAUasset_vector@@2@Z 0000000180006370 f   p5engine.obj
 0001:000055b0       ?GetRandomAssetFrom@@YAIPEAUgame_assets@@W4asset_type_id@@PEAUrandom_series@@@Z 00000001800065b0 f   p5engine.obj
 0001:00005650       ?GetFirstAssetFrom@@YAIPEAUgame_assets@@W4asset_type_id@@@Z 0000000180006650 f   p5engine.obj
 0001:000056c0       ?GetBestMatchBitmapFrom@@YA?AUbitmap_id@@PEAUgame_assets@@W4asset_type_id@@PEAUasset_vector@@2@Z 00000001800066c0 f   p5engine.obj
 0001:00005710       ?GetFirstBitmapFrom@@YA?AUbitmap_id@@PEAUgame_assets@@W4asset_type_id@@@Z 0000000180006710 f   p5engine.obj
 0001:00005750       ?GetRandomBitmapFrom@@YA?AUbitmap_id@@PEAUgame_assets@@W4asset_type_id@@PEAUrandom_series@@@Z 0000000180006750 f   p5engine.obj
 0001:000057a0       ?GetRandomSoundFrom@@YA?AUsound_id@@PEAUgame_assets@@W4asset_type_id@@PEAUrandom_series@@@Z 00000001800067a0 f   p5engine.obj
 0001:000057f0       ?GetBestMatchFontFrom@@YA?AUfont_id@@PEAUgame_assets@@W4asset_type_id@@PEAUasset_vector@@2@Z 00000001800067f0 f   p5engine.obj
 0001:00005840       ?AllocateGameAssets@@YAPEAUgame_assets@@PEAUmemory_arena@@_KPEAUtransient_state@@@Z 0000000180006840 f   p5engine.obj
 0001:00006190       ?GetHorizontalAdvanceForPair@@YAMPEAUp5a_font@@PEAUloaded_font@@II@Z 0000000180007190 f   p5engine.obj
 0001:00006220       ?GetBitmapForGlyph@@YA?AUbitmap_id@@PEAUgame_assets@@PEAUp5a_font@@PEAUloaded_font@@I@Z 0000000180007220 f   p5engine.obj
 0001:000062a0       ?GetLineAdvanceFor@@YAMPEAUp5a_font@@@Z 00000001800072a0 f   p5engine.obj
 0001:000062f0       ?GetStartingBaselineY@@YAMPEAUp5a_font@@@Z 00000001800072f0 f   p5engine.obj
 0001:00006330       ?PlaySound@@YAPEAUplaying_sound@@PEAUaudio_state@@Usound_id@@@Z 0000000180007330 f   p5engine.obj
 0001:00006460       ?ChangeVolume@@YAXPEAUaudio_state@@PEAUplaying_sound@@MTv2@@@Z 0000000180007460 f   p5engine.obj
 0001:00006530       ?OutputPlayingSounds@@YAXPEAUaudio_state@@PEAUgame_sound_output_buffer@@PEAUgame_assets@@PEAUmemory_arena@@@Z 0000000180007530 f   p5engine.obj
 0001:00007640       ?InitializeAudioState@@YAXPEAUaudio_state@@PEAUmemory_arena@@@Z 0000000180008640 f   p5engine.obj
 0001:000076c0       ?AddLowEntity@@YA?AUadd_low_entity_result@@PEAUgame_state@@W4entity_type@@Uworld_position@@@Z 00000001800086c0 f   p5engine.obj
 0001:000078c0       ?AddGroundedEntity@@YA?AUadd_low_entity_result@@PEAUgame_state@@W4entity_type@@Uworld_position@@PEAUsim_entity_collision_volume_group@@@Z 00000001800088c0 f   p5engine.obj
 0001:00007970       ?AddStandardRoom@@YA?AUadd_low_entity_result@@PEAUgame_state@@III@Z 0000000180008970 f   p5engine.obj
 0001:00007ad0       ?AddWall@@YA?AUadd_low_entity_result@@PEAUgame_state@@III@Z 0000000180008ad0 f   p5engine.obj
 0001:00007c30       ?AddStairs@@YA?AUadd_low_entity_result@@PEAUgame_state@@III@Z 0000000180008c30 f   p5engine.obj
 0001:00007dc0       ?InitHitPoints@@YAXPEAUlow_entity@@I@Z 0000000180008dc0 f   p5engine.obj
 0001:00007e50       ?AddSword@@YA?AUadd_low_entity_result@@PEAUgame_state@@@Z 0000000180008e50 f   p5engine.obj
 0001:00007f40       ?AddPlayer@@YA?AUadd_low_entity_result@@PEAUgame_state@@@Z 0000000180008f40 f   p5engine.obj
 0001:00008080       ?AddMonstar@@YA?AUadd_low_entity_result@@PEAUgame_state@@III@Z 0000000180009080 f   p5engine.obj
 0001:000081f0       ?AddFamiliar@@YA?AUadd_low_entity_result@@PEAUgame_state@@III@Z 00000001800091f0 f   p5engine.obj
 0001:00008350       ?DrawHitpoints@@YAXPEAUsim_entity@@PEAUrender_group@@@Z 0000000180009350 f   p5engine.obj
 0001:000085c0       ?MakeSimpleGroundedCollision@@YAPEAUsim_entity_collision_volume_group@@PEAUgame_state@@MMM@Z 00000001800095c0 f   p5engine.obj
 0001:00008720       ?MakeNullCollision@@YAPEAUsim_entity_collision_volume_group@@PEAUgame_state@@@Z 0000000180009720 f   p5engine.obj
 0001:00008800       ?FillGroundChunkWork@@YAXPEAUplatform_work_queue@@PEAX@Z 0000000180009800 f   p5engine.obj
 0001:00008ff0       ?FillGroundChunk@@YAXPEAUtransient_state@@PEAUgame_state@@PEAUground_buffer@@PEAUworld_position@@@Z 0000000180009ff0 f   p5engine.obj
 0001:000090f0       ?ClearBitmap@@YAXPEAUloaded_bitmap@@@Z 000000018000a0f0 f   p5engine.obj
 0001:00009150       ?MakeEmptyBitmap@@YA?AUloaded_bitmap@@PEAUmemory_arena@@HHH@Z 000000018000a150 f   p5engine.obj
 0001:00009290       ?MakeSphereDiffuseMap@@YAXPEAUloaded_bitmap@@MM@Z 000000018000a290 f   p5engine.obj
 0001:000095c0       ?MakeSphereNormalMap@@YAXPEAUloaded_bitmap@@MMM@Z 000000018000a5c0 f   p5engine.obj
 0001:000099a0       ?DEBUGReset@@YAXPEAUgame_assets@@II@Z 000000018000a9a0 f   p5engine.obj
 0001:00009af0       ?DEBUGTextLine@@YAXPEAD@Z  000000018000aaf0 f   p5engine.obj
 0001:0000a120       ?OverlayCycleCounters@@YAXPEAUgame_memory@@@Z 000000018000b120 f   p5engine.obj
 0001:0000dd60       $LN149                     000000018000ed60     p5engine.obj
 0001:00014050       $$000000                   0000000180015050     MSVCRTD:chkstk.obj
 0001:000140b0       $$000000                   00000001800150b0     MSVCRTD:amdsecgs.obj
 0001:000140e0       ?dllmain_crt_dispatch@@YAHQEAUHINSTANCE__@@KQEAX@Z 00000001800150e0 f   MSVCRTD:dll_dllmain.obj
 0001:00014170       ?dllmain_crt_process_attach@@YAHQEAUHINSTANCE__@@QEAX@Z 0000000180015170 f   MSVCRTD:dll_dllmain.obj
 0001:000142b0       ?dllmain_crt_process_detach@@YAH_N@Z 00000001800152b0 f   MSVCRTD:dll_dllmain.obj
 0001:00014350       ?dllmain_dispatch@@YAHQEAUHINSTANCE__@@KQEAX@Z 0000000180015350 f   MSVCRTD:dll_dllmain.obj
 0001:00014490       ?dllmain_raw@@YAHQEAUHINSTANCE__@@KQEAX@Z 0000000180015490 f   MSVCRTD:dll_dllmain.obj
 0001:00014650       capture_previous_context   0000000180015650 f   MSVCRTD:gs_report.obj
 0001:00014710       __get_entropy              0000000180015710 f   MSVCRTD:gs_support.obj
 0001:00014960       ?find_pe_section@@YAPEAU_IMAGE_SECTION_HEADER@@QEAE_K@Z 0000000180015960 f   MSVCRTD:utility.obj
 0001:00014a40       ?is_potentially_valid_image_base@@YA_NQEAX@Z 0000000180015a40 f   MSVCRTD:utility.obj
 0001:000155f0       $$000000                   00000001800165f0     MSVCRTD:guard_dispatch.obj
 0001:00015610       $$000000                   0000000180016610     MSVCRTD:guard_xfg_dispatch.obj
 0001:00015630       ?dtor$0@?0??RenderGroupToOutput@@YAXPEAUrender_group@@PEAUloaded_bitmap@@Urectangle2i@@H@Z@4HA 0000000180016630 f   p5engine.obj
 0001:00015650       ?fin$0@?0??dllmain_crt_process_attach@@YAHQEAUHINSTANCE__@@QEAX@Z@4HA 0000000180016650 f   MSVCRTD:dll_dllmain.obj
 0001:00015670       ?fin$0@?0??dllmain_crt_process_detach@@YAH_N@Z@4HA 0000000180016670 f   MSVCRTD:dll_dllmain.obj
 0001:0001568a       ?fin$1@?0??dllmain_crt_process_detach@@YAH_N@Z@4HA 000000018001668a f   MSVCRTD:dll_dllmain.obj
 0001:000156a0       ?filt$0@?0??dllmain_dispatch@@YAHQEAUHINSTANCE__@@KQEAX@Z@4HA 00000001800166a0 f   MSVCRTD:dll_dllmain.obj
 0001:000156f0       __scrt_is_nonwritable_in_current_image$filt$0 00000001800166f0 f   MSVCRTD:utility.obj
 0002:00000180       $SG33307                   0000000180017180     p5engine.obj
 0002:000001a8       $SG33309                   00000001800171a8     p5engine.obj
 0002:000001c8       $SG33313                   00000001800171c8     p5engine.obj
 0002:000001d8       $SG34200                   00000001800171d8     p5engine.obj
 0002:000001f0       $SG34201                   00000001800171f0     p5engine.obj
 0002:00000208       $SG34202                   0000000180017208     p5engine.obj
 0002:00000220       $SG34203                   0000000180017220     p5engine.obj
 0002:00000230       $SG34204                   0000000180017230     p5engine.obj
 0002:00000248       $SG34205                   0000000180017248     p5engine.obj
 0002:00000260       $SG34206                   0000000180017260     p5engine.obj
 0002:00000288       $SG34627                   0000000180017288     p5engine.obj
 0002:00000298       $SG31952                   0000000180017298     p5engine.obj
 0002:000002a8       $SG32391                   00000001800172a8     p5engine.obj
 0002:00000468       GS_ExceptionPointers       0000000180017468     MSVCRTD:gs_report.obj
 0002:00000b18       $unwind$?EndGeneration@@YAXPEAUgame_assets@@I@Z 0000000180017b18     p5engine.obj
 0002:00000b18       $unwind$?GetBitmapInfo@@YAPEAUp5a_bitmap@@PEAUgame_assets@@Ubitmap_id@@@Z 0000000180017b18     p5engine.obj
 0002:00000b18       $unwind$?GetFile@@YAPEAUasset_file@@PEAUgame_assets@@I@Z 0000000180017b18     p5engine.obj
 0002:00000b18       $unwind$?GetFileHandleFor@@YAPEAUplatform_file_handle@@PEAUgame_assets@@I@Z 0000000180017b18     p5engine.obj
 0002:00000b18       $unwind$?GetFontInfo@@YAPEAUp5a_font@@PEAUgame_assets@@Ufont_id@@@Z 0000000180017b18     p5engine.obj
 0002:00000b18       $unwind$?GetLowEntity@@YAPEAUlow_entity@@PEAUgame_state@@I@Z 0000000180017b18     p5engine.obj
 0002:00000b18       $unwind$?GetSoundInfo@@YAPEAUp5a_sound@@PEAUgame_assets@@Usound_id@@@Z 0000000180017b18     p5engine.obj
 0002:00000b18       $unwind$?HasFlag@@YAHPEAUsim_entity@@I@Z 0000000180017b18     p5engine.obj
 0002:00000b18       $unwind$?PushFont@@YAPEAUloaded_font@@PEAUrender_group@@Ufont_id@@@Z 0000000180017b18     p5engine.obj
 0002:00000b18       $unwind$?RandomChoice@@YAIPEAUrandom_series@@I@Z 0000000180017b18     p5engine.obj
 0002:00000b18       $unwind$GetController      0000000180017b18     p5engine.obj
 0002:00000b20       $unwind$?InitializeArena@@YAXPEAUmemory_arena@@_KPEAX@Z 0000000180017b20     p5engine.obj
 0002:00000b28       $unwind$?GetAlignmentOffset@@YA_KPEAUmemory_arena@@_K@Z 0000000180017b28     p5engine.obj
 0002:00000b30       $unwind$??Y@YAAEATv2@@AEAT0@T0@@Z 0000000180017b30     p5engine.obj
 0002:00000b30       $unwind$?GetArenaSizeRemaining@@YA_KPEAUmemory_arena@@_K@Z 0000000180017b30     p5engine.obj
 0002:00000b30       $unwind$?Hadamard@@YA?ATv2@@T1@0@Z 0000000180017b30     p5engine.obj
 0002:00000b30       $unwind$?Inner@@YAMTv2@@0@Z 0000000180017b30     p5engine.obj
 0002:00000b30       $unwind$?Inner@@YAMTv3@@0@Z 0000000180017b30     p5engine.obj
 0002:00000b30       $unwind$?InsertAssetHeaderAtFront@@YAXPEAUgame_assets@@PEAUasset_memory_header@@@Z 0000000180017b30     p5engine.obj
 0002:00000b30       $unwind$?IsCanonical@@YAHPEAUworld@@Tv3@@@Z 0000000180017b30     p5engine.obj
 0002:00000b30       $unwind$?IsInRectangle@@YAHUrectangle3@@Tv3@@@Z 0000000180017b30     p5engine.obj
 0002:00000b30       $unwind$?RectanglesIntersect@@YAHUrectangle3@@0@Z 0000000180017b30     p5engine.obj
 0002:00000b30       $unwind$?ZeroSize@@YAX_KPEAX@Z 0000000180017b30     p5engine.obj
 0002:00000b30       $unwind$?find_pe_section@@YAPEAU_IMAGE_SECTION_HEADER@@QEAE_K@Z 0000000180017b30     MSVCRTD:utility.obj
 0002:00000b38       $unwind$?PushSize_@@YAPEAXPEAUmemory_arena@@_K1@Z 0000000180017b38     p5engine.obj
 0002:00000b40       $unwind$??G@YA?ATv3@@T0@@Z 0000000180017b40     p5engine.obj
 0002:00000b40       $unwind$?BeginTemporaryMemory@@YA?AUtemporary_memory@@PEAUmemory_arena@@@Z 0000000180017b40     p5engine.obj
 0002:00000b54       $unwind$?AllResourcesPresent@@YAHPEAUrender_group@@@Z 0000000180017b54     p5engine.obj
 0002:00000b54       $unwind$?BeginGeneration@@YAIPEAUgame_assets@@@Z 0000000180017b54     p5engine.obj
 0002:00000b54       $unwind$?EndTemporaryMemory@@YAXUtemporary_memory@@@Z 0000000180017b54     p5engine.obj
 0002:00000b54       $unwind$?GetDim@@YA?ATv2@@Urectangle2@@@Z 0000000180017b54     p5engine.obj
 0002:00000b54       $unwind$?IsValid@@YAHUworld_position@@@Z 0000000180017b54     p5engine.obj
 0002:00000b54       $unwind$?LengthSq@@YAMTv2@@@Z 0000000180017b54     p5engine.obj
 0002:00000b54       $unwind$?RandomBilateral@@YAMPEAUrandom_series@@@Z 0000000180017b54     p5engine.obj
 0002:00000b54       $unwind$?RandomNextUInt32@@YAIPEAUrandom_series@@@Z 0000000180017b54     p5engine.obj
 0002:00000b54       $unwind$?RandomUnilateral@@YAMPEAUrandom_series@@@Z 0000000180017b54     p5engine.obj
 0002:00000b54       $unwind$__CheckForDebuggerJustMyCode 0000000180017b54     MSVCRTD:debugger_jmc.obj
 0002:00000b54       $unwind$__report_gsfailure 0000000180017b54     MSVCRTD:gs_report.obj
 0002:00000b5c       $unwind$??1timed_block@@QEAA@XZ 0000000180017b5c     p5engine.obj
 0002:00000b5c       $unwind$?BeginAssetLock@@YAXPEAUgame_assets@@@Z 0000000180017b5c     p5engine.obj
 0002:00000b5c       $unwind$?CheckArena@@YAXPEAUmemory_arena@@@Z 0000000180017b5c     p5engine.obj
 0002:00000b5c       $unwind$?EndAssetLock@@YAXPEAUgame_assets@@@Z 0000000180017b5c     p5engine.obj
 0002:00000b5c       $unwind$?StoreEntityReference@@YAXPEATentity_reference@@@Z 0000000180017b5c     p5engine.obj
 0002:00000b5c       $unwind$__raise_securityfailure 0000000180017b5c     MSVCRTD:gs_report.obj
 0002:00000b5c       $unwind$?is_potentially_valid_image_base@@YA_NQEAX@Z 0000000180017b5c     MSVCRTD:utility.obj
 0002:00000b64       $unwind$?SubArena@@YAXPEAUmemory_arena@@0_K1@Z 0000000180017b64     p5engine.obj
 0002:00000b64       $unwind$__GSHandlerCheck   0000000180017b64     MSVCRTD:gshandler.obj
 0002:00000b6c       $unwind$?AtomicCompareExchangeUInt32@@YAIPECIII@Z 0000000180017b6c     p5engine.obj
 0002:00000b6c       $unwind$?GetAsset@@YAPEAUasset_memory_header@@PEAUgame_assets@@II@Z 0000000180017b6c     p5engine.obj
 0002:00000b6c       $unwind$?PushRenderElement_@@YAPEAXPEAUrender_group@@IW4render_group_entry_type@@@Z 0000000180017b6c     p5engine.obj
 0002:00000b6c       $unwind$?dllmain_crt_dispatch@@YAHQEAUHINSTANCE__@@KQEAX@Z 0000000180017b6c     MSVCRTD:dll_dllmain.obj
 0002:00000b6c       $unwind$?dllmain_raw@@YAHQEAUHINSTANCE__@@KQEAX@Z 0000000180017b6c     MSVCRTD:dll_dllmain.obj
 0002:00000b74       $unwind$?AbsoluteValue@@YAMM@Z 0000000180017b74     p5engine.obj
 0002:00000b74       $unwind$?Clamp01@@YAMM@Z   0000000180017b74     p5engine.obj
 0002:00000b74       $unwind$?RoundReal32ToInt32@@YAHM@Z 0000000180017b74     p5engine.obj
 0002:00000b74       $unwind$?RoundReal32ToUInt32@@YAIM@Z 0000000180017b74     p5engine.obj
 0002:00000b74       $unwind$?SignOf@@YAMM@Z    0000000180017b74     p5engine.obj
 0002:00000b74       $unwind$?Sin@@YAMM@Z       0000000180017b74     p5engine.obj
 0002:00000b74       $unwind$?Square@@YAMM@Z    0000000180017b74     p5engine.obj
 0002:00000b74       $unwind$?SquareRoot@@YAMM@Z 0000000180017b74     p5engine.obj
 0002:00000b7c       $unwind$?ATan2@@YAMMM@Z    0000000180017b7c     p5engine.obj
 0002:00000b7c       $unwind$?IsCanonical@@YAHMM@Z 0000000180017b7c     p5engine.obj
 0002:00000b7c       $unwind$?SafeRatio1@@YAMMM@Z 0000000180017b7c     p5engine.obj
 0002:00000b84       $unwind$?Clamp01MapToRange@@YAMMMM@Z 0000000180017b84     p5engine.obj
 0002:00000b84       $unwind$?Clamp@@YAMMMM@Z   0000000180017b84     p5engine.obj
 0002:00000b84       $unwind$?SafeRatioN@@YAMMMM@Z 0000000180017b84     p5engine.obj
 0002:00000b8c       $unwind$?V2@@YA?ATv2@@MM@Z 0000000180017b8c     p5engine.obj
 0002:00000b9c       $unwind$?V2i@@YA?ATv2@@HH@Z 0000000180017b9c     p5engine.obj
 0002:00000ba4       $unwind$??D@YA?ATv2@@MT0@@Z 0000000180017ba4     p5engine.obj
 0002:00000bb4       $unwind$??G@YA?ATv2@@T0@0@Z 0000000180017bb4     p5engine.obj
 0002:00000bb4       $unwind$??H@YA?ATv2@@T0@0@Z 0000000180017bb4     p5engine.obj
 0002:00000bb4       $unwind$?GetBarycentric@@YA?ATv2@@Urectangle2@@T1@@Z 0000000180017bb4     p5engine.obj
 0002:00000bc4       $unwind$?Clamp01@@YA?ATv2@@T1@@Z 0000000180017bc4     p5engine.obj
 0002:00000bd4       $unwind$?V3@@YA?ATv3@@MMM@Z 0000000180017bd4     p5engine.obj
 0002:00000bd4       $unwind$?V4@@YA?ATv4@@MMMM@Z 0000000180017bd4     p5engine.obj
 0002:00000be8       $unwind$??D@YA?ATv3@@MT0@@Z 0000000180017be8     p5engine.obj
 0002:00000be8       $unwind$??D@YA?ATv4@@MT0@@Z 0000000180017be8     p5engine.obj
 0002:00000be8       $unwind$?ToV3@@YA?ATv3@@Tv2@@M@Z 0000000180017be8     p5engine.obj
 0002:00000bfc       $unwind$??D@YA?ATv3@@T0@M@Z 0000000180017bfc     p5engine.obj
 0002:00000bfc       $unwind$?GetCameraRectangleAtDistance@@YA?AUrectangle2@@PEAUrender_group@@M@Z 0000000180017bfc     p5engine.obj
 0002:00000c08       $unwind$??X@YAAEATv3@@AEAT0@M@Z 0000000180017c08     p5engine.obj
 0002:00000c14       $unwind$??G@YA?ATv3@@T0@0@Z 0000000180017c14     p5engine.obj
 0002:00000c14       $unwind$??H@YA?ATv3@@T0@0@Z 0000000180017c14     p5engine.obj
 0002:00000c28       $unwind$??Y@YAAEATv3@@AEAT0@T0@@Z 0000000180017c28     p5engine.obj
 0002:00000c28       $unwind$??Z@YAAEATv3@@AEAT0@T0@@Z 0000000180017c28     p5engine.obj
 0002:00000c28       $unwind$?GetDim@@YA?ATv3@@Urectangle3@@@Z 0000000180017c28     p5engine.obj
 0002:00000c34       $unwind$?AreInSameChunk@@YAHPEAUworld@@PEAUworld_position@@1@Z 0000000180017c34     p5engine.obj
 0002:00000c34       $unwind$?Hadamard@@YA?ATv3@@T1@0@Z 0000000180017c34     p5engine.obj
 0002:00000c34       $unwind$?RectCenterDim@@YA?AUrectangle2@@Tv2@@0@Z 0000000180017c34     p5engine.obj
 0002:00000c40       $unwind$?LengthSq@@YAMTv3@@@Z 0000000180017c40     p5engine.obj
 0002:00000c4c       $unwind$?Length@@YAMTv3@@@Z 0000000180017c4c     p5engine.obj
 0002:00000c4c       $unwind$?MakeEntityNonSpatial@@YAXPEAUsim_entity@@@Z 0000000180017c4c     p5engine.obj
 0002:00000c58       $unwind$?RectCenterHalfDim@@YA?AUrectangle2@@Tv2@@0@Z 0000000180017c58     p5engine.obj
 0002:00000c6c       $unwind$?Intersect@@YA?AUrectangle2i@@U1@0@Z 0000000180017c6c     p5engine.obj
 0002:00000c78       $unwind$?Clear@@YAXPEAUrender_group@@Tv4@@@Z 0000000180017c78     p5engine.obj
 0002:00000c78       $unwind$?GetMaxCorner@@YA?ATv3@@Urectangle3@@@Z 0000000180017c78     p5engine.obj
 0002:00000c78       $unwind$?GetMinCorner@@YA?ATv3@@Urectangle3@@@Z 0000000180017c78     p5engine.obj
 0002:00000c84       $unwind$?RectMinMax@@YA?AUrectangle3@@Tv3@@0@Z 0000000180017c84     p5engine.obj
 0002:00000c98       $unwind$?AddRadiusTo@@YA?AUrectangle3@@U1@Tv3@@@Z 0000000180017c98     p5engine.obj
 0002:00000c98       $unwind$?RectCenterHalfDim@@YA?AUrectangle3@@Tv3@@0@Z 0000000180017c98     p5engine.obj
 0002:00000cac       $unwind$?RectCenterDim@@YA?AUrectangle3@@Tv3@@0@Z 0000000180017cac     p5engine.obj
 0002:00000cb8       $unwind$?RandomSeed@@YA?AUrandom_series@@I@Z 0000000180017cb8     p5engine.obj
 0002:00000cc8       $unwind$??0timed_block@@QEAA@I@Z 0000000180017cc8     p5engine.obj
 0002:00000cc8       $unwind$?AddFlags@@YAXPEAUsim_entity@@I@Z 0000000180017cc8     p5engine.obj
 0002:00000cc8       $unwind$?ClearFlags@@YAXPEAUsim_entity@@I@Z 0000000180017cc8     p5engine.obj
 0002:00000cc8       $unwind$?PrefetchSound@@YAXPEAUgame_assets@@Usound_id@@@Z 0000000180017cc8     p5engine.obj
 0002:00000cd0       $unwind$?MakeEntitySpatial@@YAXPEAUsim_entity@@Tv3@@1@Z 0000000180017cd0     p5engine.obj
 0002:00000cdc       $unwind$?GetEntityGroundPoint@@YA?ATv3@@PEAUsim_entity@@T1@@Z 0000000180017cdc     p5engine.obj
 0002:00000ce8       $unwind$?GetEntityGroundPoint@@YA?ATv3@@PEAUsim_entity@@@Z 0000000180017ce8     p5engine.obj
 0002:00000cf4       $unwind$?GetStairGround@@YAMPEAUsim_entity@@Tv3@@@Z 0000000180017cf4     p5engine.obj
 0002:00000d00       $unwind$?RemoveAssetHeaderFromList@@YAXPEAUasset_memory_header@@@Z 0000000180017d00     p5engine.obj
 0002:00000d08       $unwind$?LoadBitmap@@YAXPEAUgame_assets@@Ubitmap_id@@H@Z 0000000180017d08     p5engine.obj
 0002:00000d1c       $unwind$?LoadSound@@YAXPEAUgame_assets@@Usound_id@@@Z 0000000180017d1c     p5engine.obj
 0002:00000d30       $unwind$?LoadFont@@YAXPEAUgame_assets@@Ufont_id@@H@Z 0000000180017d30     p5engine.obj
 0002:00000d44       $unwind$?AddCollisionRule@@YAXPEAUgame_state@@IIH@Z 0000000180017d44     p5engine.obj
 0002:00000d4c       $unwind$?ClearCollisionRulesFor@@YAXPEAUgame_state@@I@Z 0000000180017d4c     p5engine.obj
 0002:00000d54       $unwind$?BeginTaskWithMemory@@YAPEAUtask_with_memory@@PEAUtransient_state@@@Z 0000000180017d54     p5engine.obj
 0002:00000d60       $unwind$?EndTaskWithMemory@@YAXPEAUtask_with_memory@@@Z 0000000180017d60     p5engine.obj
 0002:00000d6c       $unwind$?DrawRectangle@@YAXPEAUloaded_bitmap@@Tv2@@1Tv4@@Urectangle2i@@H@Z 0000000180017d6c     p5engine.obj
 0002:00000d78       $unwind$?RenderGroupToOutput@@YAXPEAUrender_group@@PEAUloaded_bitmap@@Urectangle2i@@H@Z 0000000180017d78     p5engine.obj
 0002:00000d90       $cppxdata$?RenderGroupToOutput@@YAXPEAUrender_group@@PEAUloaded_bitmap@@Urectangle2i@@H@Z 0000000180017d90     p5engine.obj
 0002:00000d99       $stateUnwindMap$?RenderGroupToOutput@@YAXPEAUrender_group@@PEAUloaded_bitmap@@Urectangle2i@@H@Z 0000000180017d99     p5engine.obj
 0002:00000d9f       $ip2state$?RenderGroupToOutput@@YAXPEAUrender_group@@PEAUloaded_bitmap@@Urectangle2i@@H@Z 0000000180017d9f     p5engine.obj
 0002:00000da8       $unwind$?dtor$0@?0??RenderGroupToOutput@@YAXPEAUrender_group@@PEAUloaded_bitmap@@Urectangle2i@@H@Z@4HA 0000000180017da8     p5engine.obj
 0002:00000db0       $unwind$?DoTiledRenderWork@@YAXPEAUplatform_work_queue@@PEAX@Z 0000000180017db0     p5engine.obj
 0002:00000dbc       $unwind$?RenderGroupToOutput@@YAXPEAUrender_group@@PEAUloaded_bitmap@@@Z 0000000180017dbc     p5engine.obj
 0002:00000dd0       $unwind$?TiledRenderGroupToOutput@@YAXPEAUplatform_work_queue@@PEAUrender_group@@PEAUloaded_bitmap@@@Z 0000000180017dd0     p5engine.obj
 0002:00000de4       $unwind$?AllocateRenderGroup@@YAPEAUrender_group@@PEAUgame_assets@@PEAUmemory_arena@@IH@Z 0000000180017de4     p5engine.obj
 0002:00000df0       $unwind$?BeginRender@@YAXPEAUrender_group@@@Z 0000000180017df0     p5engine.obj
 0002:00000df8       $unwind$?EndRender@@YAXPEAUrender_group@@@Z 0000000180017df8     p5engine.obj
 0002:00000e00       $unwind$?InitializeWorld@@YAXPEAUworld@@Tv3@@@Z 0000000180017e00     p5engine.obj
 0002:00000e0c       $unwind$?Subtract@@YA?ATv3@@PEAUworld@@PEAUworld_position@@1@Z 0000000180017e0c     p5engine.obj
 0002:00000e20       $unwind$?ChangeEntityLocation@@YAXPEAUmemory_arena@@PEAUworld@@IPEAUlow_entity@@Uworld_position@@@Z 0000000180017e20     p5engine.obj
 0002:00000e2c       $unwind$?GetHashFromStorageIndex@@YAPEAUsim_entity_hash@@PEAUsim_region@@I@Z 0000000180017e2c     p5engine.obj
 0002:00000e34       $unwind$?AddEntity@@YAPEAUsim_entity@@PEAUgame_state@@PEAUsim_region@@IPEAUlow_entity@@PEATv3@@@Z 0000000180017e34     p5engine.obj
 0002:00000e40       $unwind$?AddEntityRaw@@YAPEAUsim_entity@@PEAUgame_state@@PEAUsim_region@@IPEAUlow_entity@@@Z 0000000180017e40     p5engine.obj
 0002:00000e4c       $unwind$?BeginSim@@YAPEAUsim_region@@PEAUmemory_arena@@PEAUgame_state@@PEAUworld@@Uworld_position@@Urectangle3@@M@Z 0000000180017e4c     p5engine.obj
 0002:00000e60       $unwind$?EndSim@@YAXPEAUsim_region@@PEAUgame_state@@@Z 0000000180017e60     p5engine.obj
 0002:00000e6c       $unwind$?CanCollide@@YAHPEAUgame_state@@PEAUsim_entity@@1@Z 0000000180017e6c     p5engine.obj
 0002:00000e74       $unwind$?HandleCollision@@YAHPEAUgame_state@@PEAUsim_entity@@1@Z 0000000180017e74     p5engine.obj
 0002:00000e7c       $unwind$?CanOverlap@@YAHPEAUgame_state@@PEAUsim_entity@@1@Z 0000000180017e7c     p5engine.obj
 0002:00000e84       $unwind$?HandleOverlap@@YAXPEAUgame_state@@PEAUsim_entity@@1MPEAM@Z 0000000180017e84     p5engine.obj
 0002:00000e90       $unwind$?SpeculativeCollide@@YAHPEAUsim_entity@@0Tv3@@@Z 0000000180017e90     p5engine.obj
 0002:00000e9c       $unwind$?EntitiesOverlap@@YAHPEAUsim_entity@@0Tv3@@@Z 0000000180017e9c     p5engine.obj
 0002:00000ea8       $unwind$?MoveEntity@@YAXPEAUgame_state@@PEAUsim_region@@PEAUsim_entity@@MPEAUmove_spec@@Tv3@@@Z 0000000180017ea8     p5engine.obj
 0002:00000ebc       $unwind$?LoadAssetWorkDirectly@@YAXPEAUload_asset_work@@@Z 0000000180017ebc     p5engine.obj
 0002:00000ec4       $unwind$?LoadAssetWork@@YAXPEAUplatform_work_queue@@PEAX@Z 0000000180017ec4     p5engine.obj
 0002:00000ecc       $unwind$?InsertBlock@@YAPEAUasset_memory_block@@PEAU1@_KPEAX@Z 0000000180017ecc     p5engine.obj
 0002:00000ed4       $unwind$?FindBlockForSize@@YAPEAUasset_memory_block@@PEAUgame_assets@@_K@Z 0000000180017ed4     p5engine.obj
 0002:00000edc       $unwind$?MergeIfPossible@@YAHPEAUgame_assets@@PEAUasset_memory_block@@1@Z 0000000180017edc     p5engine.obj
 0002:00000ee4       $unwind$?GenerationHasCompleted@@YAHPEAUgame_assets@@I@Z 0000000180017ee4     p5engine.obj
 0002:00000eec       $unwind$?AcquireAssetMemory@@YAPEAUasset_memory_header@@PEAUgame_assets@@II@Z 0000000180017eec     p5engine.obj
 0002:00000ef4       $unwind$?GetBestMatchAssetFrom@@YAIPEAUgame_assets@@W4asset_type_id@@PEAUasset_vector@@2@Z 0000000180017ef4     p5engine.obj
 0002:00000efc       $unwind$?GetRandomAssetFrom@@YAIPEAUgame_assets@@W4asset_type_id@@PEAUrandom_series@@@Z 0000000180017efc     p5engine.obj
 0002:00000f04       $unwind$?GetFirstAssetFrom@@YAIPEAUgame_assets@@W4asset_type_id@@@Z 0000000180017f04     p5engine.obj
 0002:00000f0c       $unwind$?GetBestMatchBitmapFrom@@YA?AUbitmap_id@@PEAUgame_assets@@W4asset_type_id@@PEAUasset_vector@@2@Z 0000000180017f0c     p5engine.obj
 0002:00000f14       $unwind$?GetFirstBitmapFrom@@YA?AUbitmap_id@@PEAUgame_assets@@W4asset_type_id@@@Z 0000000180017f14     p5engine.obj
 0002:00000f1c       $unwind$?GetRandomBitmapFrom@@YA?AUbitmap_id@@PEAUgame_assets@@W4asset_type_id@@PEAUrandom_series@@@Z 0000000180017f1c     p5engine.obj
 0002:00000f24       $unwind$?GetRandomSoundFrom@@YA?AUsound_id@@PEAUgame_assets@@W4asset_type_id@@PEAUrandom_series@@@Z 0000000180017f24     p5engine.obj
 0002:00000f2c       $unwind$?GetBestMatchFontFrom@@YA?AUfont_id@@PEAUgame_assets@@W4asset_type_id@@PEAUasset_vector@@2@Z 0000000180017f2c     p5engine.obj
 0002:00000f34       $unwind$?AllocateGameAssets@@YAPEAUgame_assets@@PEAUmemory_arena@@_KPEAUtransient_state@@@Z 0000000180017f34     p5engine.obj
 0002:00000f48       $unwind$?GetHorizontalAdvanceForPair@@YAMPEAUp5a_font@@PEAUloaded_font@@II@Z 0000000180017f48     p5engine.obj
 0002:00000f50       $unwind$?GetBitmapForGlyph@@YA?AUbitmap_id@@PEAUgame_assets@@PEAUp5a_font@@PEAUloaded_font@@I@Z 0000000180017f50     p5engine.obj
 0002:00000f58       $unwind$?GetLineAdvanceFor@@YAMPEAUp5a_font@@@Z 0000000180017f58     p5engine.obj
 0002:00000f60       $unwind$?GetStartingBaselineY@@YAMPEAUp5a_font@@@Z 0000000180017f60     p5engine.obj
 0002:00000f68       $unwind$?PlaySound@@YAPEAUplaying_sound@@PEAUaudio_state@@Usound_id@@@Z 0000000180017f68     p5engine.obj
 0002:00000f70       $unwind$?ChangeVolume@@YAXPEAUaudio_state@@PEAUplaying_sound@@MTv2@@@Z 0000000180017f70     p5engine.obj
 0002:00000f78       $unwind$?OutputPlayingSounds@@YAXPEAUaudio_state@@PEAUgame_sound_output_buffer@@PEAUgame_assets@@PEAUmemory_arena@@@Z 0000000180017f78     p5engine.obj
 0002:00000f8c       $unwind$?InitializeAudioState@@YAXPEAUaudio_state@@PEAUmemory_arena@@@Z 0000000180017f8c     p5engine.obj
 0002:00000f94       $unwind$?AddLowEntity@@YA?AUadd_low_entity_result@@PEAUgame_state@@W4entity_type@@Uworld_position@@@Z 0000000180017f94     p5engine.obj
 0002:00000fa8       $unwind$?AddGroundedEntity@@YA?AUadd_low_entity_result@@PEAUgame_state@@W4entity_type@@Uworld_position@@PEAUsim_entity_collision_volume_group@@@Z 0000000180017fa8     p5engine.obj
 0002:00000fb4       $unwind$?AddStandardRoom@@YA?AUadd_low_entity_result@@PEAUgame_state@@III@Z 0000000180017fb4     p5engine.obj
 0002:00000fc0       $unwind$?AddWall@@YA?AUadd_low_entity_result@@PEAUgame_state@@III@Z 0000000180017fc0     p5engine.obj
 0002:00000fcc       $unwind$?AddStairs@@YA?AUadd_low_entity_result@@PEAUgame_state@@III@Z 0000000180017fcc     p5engine.obj
 0002:00000fd8       $unwind$?InitHitPoints@@YAXPEAUlow_entity@@I@Z 0000000180017fd8     p5engine.obj
 0002:00000fe0       $unwind$?AddSword@@YA?AUadd_low_entity_result@@PEAUgame_state@@@Z 0000000180017fe0     p5engine.obj
 0002:00000fec       $unwind$?AddPlayer@@YA?AUadd_low_entity_result@@PEAUgame_state@@@Z 0000000180017fec     p5engine.obj
 0002:00000ff8       $unwind$?AddMonstar@@YA?AUadd_low_entity_result@@PEAUgame_state@@III@Z 0000000180017ff8     p5engine.obj
 0002:00001004       $unwind$?AddFamiliar@@YA?AUadd_low_entity_result@@PEAUgame_state@@III@Z 0000000180018004     p5engine.obj
 0002:00001010       $unwind$?DrawHitpoints@@YAXPEAUsim_entity@@PEAUrender_group@@@Z 0000000180018010     p5engine.obj
 0002:00001024       $unwind$?MakeSimpleGroundedCollision@@YAPEAUsim_entity_collision_volume_group@@PEAUgame_state@@MMM@Z 0000000180018024     p5engine.obj
 0002:00001030       $unwind$?MakeNullCollision@@YAPEAUsim_entity_collision_volume_group@@PEAUgame_state@@@Z 0000000180018030     p5engine.obj
 0002:0000103c       $unwind$?FillGroundChunkWork@@YAXPEAUplatform_work_queue@@PEAX@Z 000000018001803c     p5engine.obj
 0002:00001050       $unwind$?FillGroundChunk@@YAXPEAUtransient_state@@PEAUgame_state@@PEAUground_buffer@@PEAUworld_position@@@Z 0000000180018050     p5engine.obj
 0002:0000105c       $unwind$?ClearBitmap@@YAXPEAUloaded_bitmap@@@Z 000000018001805c     p5engine.obj
 0002:00001064       $unwind$?MakeEmptyBitmap@@YA?AUloaded_bitmap@@PEAUmemory_arena@@HHH@Z 0000000180018064     p5engine.obj
 0002:00001078       $unwind$?MakeSphereDiffuseMap@@YAXPEAUloaded_bitmap@@MM@Z 0000000180018078     p5engine.obj
 0002:00001084       $unwind$?MakeSphereNormalMap@@YAXPEAUloaded_bitmap@@MMM@Z 0000000180018084     p5engine.obj
 0002:00001090       $unwind$?DEBUGReset@@YAXPEAUgame_assets@@II@Z 0000000180018090     p5engine.obj
 0002:000010a0       $unwind$?DEBUGTextLine@@YAXPEAD@Z 00000001800180a0     p5engine.obj
 0002:000010ac       $unwind$?OverlayCycleCounters@@YAXPEAUgame_memory@@@Z 00000001800180ac     p5engine.obj
 0002:000010b4       $unwind$GameUpdateAndRender 00000001800180b4     p5engine.obj
 0002:000010c8       $unwind$GameGetSoundSamples 00000001800180c8     p5engine.obj
 0002:000010d0       $unwind$?GetBitmap@@YAPEAUloaded_bitmap@@PEAUgame_assets@@Ubitmap_id@@I@Z 00000001800180d0     p5engine.obj
 0002:000010d0       $unwind$?GetFont@@YAPEAUloaded_font@@PEAUgame_assets@@Ufont_id@@I@Z 00000001800180d0     p5engine.obj
 0002:000010d0       $unwind$?GetSound@@YAPEAUloaded_sound@@PEAUgame_assets@@Usound_id@@I@Z 00000001800180d0     p5engine.obj
 0002:000010d8       $unwind$?GetHex@@YAID@Z    00000001800180d8     p5engine.obj
 0002:000010d8       $unwind$?IsHex@@YAHD@Z     00000001800180d8     p5engine.obj
 0002:000010d8       $unwind$?IsValid@@YAHUsound_id@@@Z 00000001800180d8     p5engine.obj
 0002:000010e0       $unwind$?GetNextSoundInChain@@YA?AUsound_id@@PEAUgame_assets@@U1@@Z 00000001800180e0     p5engine.obj
 0002:000010f0       $unwind$?GetRenderEntityBasisPos@@YA?AUentity_basis_p_result@@PEAUrender_transform@@Tv3@@@Z 00000001800180f0     p5engine.obj
 0002:00001104       $unwind$?PushBitmap@@YAXPEAUrender_group@@PEAUloaded_bitmap@@Tv3@@MTv4@@@Z 0000000180018104     p5engine.obj
 0002:00001110       $unwind$?PushBitmap@@YAXPEAUrender_group@@Ubitmap_id@@Tv3@@MTv4@@@Z 0000000180018110     p5engine.obj
 0002:0000111c       $unwind$?PushRect@@YAXPEAUrender_group@@Tv3@@Tv2@@Tv4@@@Z 000000018001811c     p5engine.obj
 0002:00001128       $unwind$?PushRectOutline@@YAXPEAUrender_group@@Tv3@@Tv2@@Tv4@@@Z 0000000180018128     p5engine.obj
 0002:00001134       $unwind$?Orthographic@@YAXPEAUrender_group@@HHM@Z 0000000180018134     p5engine.obj
 0002:00001134       $unwind$?Perspective@@YAXPEAUrender_group@@HHMMM@Z 0000000180018134     p5engine.obj
 0002:00001134       $unwind$__GSHandlerCheck_EH4 0000000180018134     MSVCRTD:gshandlereh4.obj
 0002:0000113c       $unwind$?RecanonicalizeCoord@@YAXMPEAHPEAM@Z 000000018001813c     p5engine.obj
 0002:0000113c       $unwind$?Unproject@@YA?ATv2@@PEAUrender_group@@T1@M@Z 000000018001813c     p5engine.obj
 0002:00001144       $unwind$?GetCameraRectangleAtTarget@@YA?AUrectangle2@@PEAUrender_group@@@Z 0000000180018144     p5engine.obj
 0002:00001150       $unwind$?NullPosition@@YA?AUworld_position@@XZ 0000000180018150     p5engine.obj
 0002:00001164       $unwind$?GetWorldChunk@@YAPEAUworld_chunk@@PEAUworld@@HHHPEAUmemory_arena@@@Z 0000000180018164     p5engine.obj
 0002:00001164       $unwind$__scrt_dllmain_exception_filter 0000000180018164     MSVCRTD:utility.obj
 0002:0000116c       $unwind$?MapIntoChunkSpace@@YA?AUworld_position@@PEAUworld@@U1@Tv3@@@Z 000000018001816c     p5engine.obj
 0002:00001180       $unwind$?ChunkPositionFromTilePosition@@YA?AUworld_position@@PEAUworld@@HHHTv3@@@Z 0000000180018180     p5engine.obj
 0002:00001194       $unwind$?CenteredChunkPoint@@YA?AUworld_position@@III@Z 0000000180018194     p5engine.obj
 0002:000011a8       $unwind$?ChangeEntityLocationRaw@@YAXPEAUmemory_arena@@PEAUworld@@IPEAUworld_position@@2@Z 00000001800181a8     p5engine.obj
 0002:000011b4       $unwind$?GetSimSpacePos@@YA?ATv3@@PEAUsim_region@@PEAUlow_entity@@@Z 00000001800181b4     p5engine.obj
 0002:000011c0       $unwind$?LoadEntityReference@@YAXPEAUgame_state@@PEAUsim_region@@PEATentity_reference@@@Z 00000001800181c0     p5engine.obj
 0002:000011d4       $unwind$?EntityOverlapsRectangle@@YAHTv3@@Usim_entity_collision_volume@@Urectangle3@@@Z 00000001800181d4     p5engine.obj
 0002:000011e0       $unwind$?DefaultMoveSpec@@YA?AUmove_spec@@XZ 00000001800181e0     p5engine.obj
 0002:000011f4       $unwind$?GetGlyphFromCodepoint@@YAIPEAUp5a_font@@PEAUloaded_font@@I@Z 00000001800181f4     p5engine.obj
 0002:000011fc       $unwind$?DrawRectangleQuickly@@YAXPEAUloaded_bitmap@@Tv2@@11Tv4@@0MUrectangle2i@@H@Z 00000001800181fc     p5engine_optimized.obj
 0002:00001224       $chain$9$?DrawRectangleQuickly@@YAXPEAUloaded_bitmap@@Tv2@@11Tv4@@0MUrectangle2i@@H@Z 0000000180018224     p5engine_optimized.obj
 0002:0000125c       $chain$10$?DrawRectangleQuickly@@YAXPEAUloaded_bitmap@@Tv2@@11Tv4@@0MUrectangle2i@@H@Z 000000018001825c     p5engine_optimized.obj
 0002:0000126c       $unwind$__GSHandlerCheckCommon 000000018001826c     MSVCRTD:gshandler.obj
 0002:00001278       $xdatasym                  0000000180018278     MSVCRTD:chkstk.obj
 0002:00001280       $xdatasym                  0000000180018280     MSVCRTD:amdsecgs.obj
 0002:00001284       $unwind$?dllmain_crt_process_attach@@YAHQEAUHINSTANCE__@@QEAX@Z 0000000180018284     MSVCRTD:dll_dllmain.obj
 0002:000012a4       $unwind$?fin$0@?0??dllmain_crt_process_attach@@YAHQEAUHINSTANCE__@@QEAX@Z@4HA 00000001800182a4     MSVCRTD:dll_dllmain.obj
 0002:000012a4       $unwind$?fin$0@?0??dllmain_crt_process_detach@@YAH_N@Z@4HA 00000001800182a4     MSVCRTD:dll_dllmain.obj
 0002:000012a4       $unwind$?fin$1@?0??dllmain_crt_process_detach@@YAH_N@Z@4HA 00000001800182a4     MSVCRTD:dll_dllmain.obj
 0002:000012a4       $unwind$__scrt_is_nonwritable_in_current_image$filt$0 00000001800182a4     MSVCRTD:utility.obj
 0002:000012ac       $unwind$?dllmain_crt_process_detach@@YAH_N@Z 00000001800182ac     MSVCRTD:dll_dllmain.obj
 0002:000012dc       $unwind$?dllmain_dispatch@@YAHQEAUHINSTANCE__@@KQEAX@Z 00000001800182dc     MSVCRTD:dll_dllmain.obj
 0002:000012fc       $unwind$?filt$0@?0??dllmain_dispatch@@YAHQEAUHINSTANCE__@@KQEAX@Z@4HA 00000001800182fc     MSVCRTD:dll_dllmain.obj
 0002:00001304       $unwind$_DllMainCRTStartup 0000000180018304     MSVCRTD:dll_dllmain.obj
 0002:00001304       $unwind$DllMain            0000000180018304     MSVCRTD:dll_dllmain_stub.obj
 0002:0000130c       $unwind$capture_previous_context 000000018001830c     MSVCRTD:gs_report.obj
 0002:00001314       $unwind$__scrt_initialize_default_local_stdio_options 0000000180018314     MSVCRTD:default_local_stdio_options.obj
 0002:00001314       $unwind$__security_init_cookie 0000000180018314     MSVCRTD:gs_support.obj
 0002:0000131c       $unwind$__get_entropy      000000018001831c     MSVCRTD:gs_support.obj
 0002:00001324       $unwind$?__scrt_initialize_type_info@@YAXXZ 0000000180018324     MSVCRTD:tncleanup.obj
 0002:00001324       $unwind$?__scrt_uninitialize_type_info@@YAXXZ 0000000180018324     MSVCRTD:tncleanup.obj
 0002:00001324       $unwind$?configure_argv@__scrt_narrow_argv_policy@@SAHXZ 0000000180018324     MSVCRTD:utility.obj
 0002:00001324       $unwind$?initialize_environment@__scrt_narrow_environment_policy@@SAHXZ 0000000180018324     MSVCRTD:utility.obj
 0002:00001324       $unwind$__scrt_dllmain_after_initialize_c 0000000180018324     MSVCRTD:utility.obj
 0002:00001324       $unwind$__scrt_dllmain_before_initialize_c 0000000180018324     MSVCRTD:utility.obj
 0002:00001324       $unwind$__scrt_dllmain_crt_thread_attach 0000000180018324     MSVCRTD:utility.obj
 0002:00001324       $unwind$__scrt_dllmain_crt_thread_detach 0000000180018324     MSVCRTD:utility.obj
 0002:00001324       $unwind$__scrt_dllmain_uninitialize_c 0000000180018324     MSVCRTD:utility.obj
 0002:00001324       $unwind$__scrt_dllmain_uninitialize_critical 0000000180018324     MSVCRTD:utility.obj
 0002:0000132c       $unwind$__scrt_is_nonwritable_in_current_image 000000018001832c     MSVCRTD:utility.obj
 0002:0000134c       $unwind$__scrt_acquire_startup_lock 000000018001834c     MSVCRTD:utility.obj
 0002:00001354       $unwind$__scrt_initialize_crt 0000000180018354     MSVCRTD:utility.obj
 0002:00001354       $unwind$__scrt_release_startup_lock 0000000180018354     MSVCRTD:utility.obj
 0002:0000135c       $unwind$__scrt_uninitialize_crt 000000018001835c     MSVCRTD:utility.obj
 0002:00001364       $unwind$__scrt_initialize_onexit_tables 0000000180018364     MSVCRTD:utility.obj
 0002:00001370       $unwind$__scrt_fastfail    0000000180018370     MSVCRTD:utility_desktop.obj
 0002:0000137c       $unwind$_RTC_Initialize    000000018001837c     MSVCRTD:initsect.obj
 0002:0000137c       $unwind$_RTC_Terminate     000000018001837c     MSVCRTD:initsect.obj
 0002:00001388       $unwind$__isa_available_init 0000000180018388     MSVCRTD:cpu_disp.obj
 0002:00001398       $unwind$__scrt_is_ucrt_dll_in_use 0000000180018398     MSVCRTD:ucrt_detection.obj
 0002:000013a0       $xdatasym                  00000001800183a0     MSVCRTD:guard_dispatch.obj
 0002:000013a8       $xdatasym                  00000001800183a8     MSVCRTD:guard_xfg_dispatch.obj
 0002:000013b0       .edata                     00000001800183b0     P5Engine.exp
 0002:000013d8       rgpv                       00000001800183d8     P5Engine.exp
 0002:000013e0       rgszName                   00000001800183e0     P5Engine.exp
 0002:000013e8       rgwOrd                     00000001800183e8     P5Engine.exp
 0002:000013ec       szName                     00000001800183ec     P5Engine.exp
 0002:000013f9       $N00001                    00000001800183f9     P5Engine.exp
 0002:0000140d       $N00002                    000000018001840d     P5Engine.exp
 0002:000015e6       .idata$6                   00000001800185e6     vcruntimed:VCRUNTIME140_1D.dll
 0002:000015fa       .idata$6                   00000001800185fa     vcruntimed:VCRUNTIME140D.dll
 0002:000016d4       .idata$6                   00000001800186d4     ucrtd:ucrtbased.dll
 0002:00001848       .idata$6                   0000000180018848     kernel32:KERNEL32.dll
 0003:00000000       ?RandomNumberTable@@3PAIA  0000000180019000     p5engine.obj
 0003:00004048       ?DEBUGRenderGroup@@3PEAUrender_group@@EA 000000018001d048     p5engine.obj
 0003:00004050       ?Platform@@3Uplatform_api@@A 000000018001d050     p5engine.obj
 0003:000040b0       ?LeftEdge@@3MA             000000018001d0b0     p5engine.obj
 0003:000040b4       ?AtY@@3MA                  000000018001d0b4     p5engine.obj
 0003:000040b8       ?FontScale@@3MA            000000018001d0b8     p5engine.obj
 0003:000040bc       ?FontID@@3Ufont_id@@A      000000018001d0bc     p5engine.obj
 0003:000040c0       ?__proc_attached@@3HA      000000018001d0c0     MSVCRTD:dll_dllmain.obj
 0003:000040d0       GS_ExceptionRecord         000000018001d0d0     MSVCRTD:gs_report.obj
 0003:00004170       GS_ContextRecord           000000018001d170     MSVCRTD:gs_report.obj
 0003:00004670       ?is_initialized_as_dll@@3_NA 000000018001d670     MSVCRTD:utility.obj
 0003:00004671       ?module_local_atexit_table_initialized@@3_NA 000000018001d671     MSVCRTD:utility.obj
 0003:00004678       ?module_local_atexit_table@@3U_onexit_table_t@@A 000000018001d678     MSVCRTD:utility.obj
 0003:00004690       ?module_local_at_quick_exit_table@@3U_onexit_table_t@@A 000000018001d690     MSVCRTD:utility.obj
 0005:00000000       __20BB4341_malloc@h        000000018001f000     p5engine.obj
 0005:00000001       __A435B42B_p5engine_types@h 000000018001f001     p5engine.obj
 0005:00000002       __7D4BEAAE_p5engine_platform@h 000000018001f002     p5engine.obj
 0005:00000003       __741AE07E_corecrt_math@h  000000018001f003     p5engine.obj
 0005:00000004       __7BF3FA8A_p5engine_intrinsics@h 000000018001f004     p5engine.obj
 0005:00000005       __87290AA6_p5engine_math@h 000000018001f005     p5engine.obj
 0005:00000006       __B7A387D6_p5engine_random@h 000000018001f006     p5engine.obj
 0005:00000007       __F17FF173_p5engine_entity@h 000000018001f007     p5engine.obj
 0005:00000008       __72A74871_p5engine_asset@h 000000018001f008     p5engine.obj
 0005:00000009       __E6E972D4_p5engine_debug@h 000000018001f009     p5engine.obj
 0005:0000000a       __BD87FD4A_p5engine@h      000000018001f00a     p5engine.obj
 0005:0000000b       __6F2BF339_p5engine_render_group@cpp 000000018001f00b     p5engine.obj
 0005:0000000c       __281AC6F8_p5engine_world@cpp 000000018001f00c     p5engine.obj
 0005:0000000d       __B07C4A52_p5engine_sim_region@cpp 000000018001f00d     p5engine.obj
 0005:0000000e       __BDC7FEEB_p5engine_entity@cpp 000000018001f00e     p5engine.obj
 0005:0000000f       __3D4C1499_p5engine_asset@cpp 000000018001f00f     p5engine.obj
 0005:00000010       __39A8D9B6_p5engine_audio@cpp 000000018001f010     p5engine.obj
 0005:00000011       __BAF57382_p5engine@cpp    000000018001f011     p5engine.obj
 0005:00000012       __20BB4341_malloc@h        000000018001f012     p5engine_optimized.obj
 0005:00000013       __A435B42B_p5engine_types@h 000000018001f013     p5engine_optimized.obj
 0005:00000014       __7D4BEAAE_p5engine_platform@h 000000018001f014     p5engine_optimized.obj
 0005:00000015       __741AE07E_corecrt_math@h  000000018001f015     p5engine_optimized.obj
 0005:00000016       __7BF3FA8A_p5engine_intrinsics@h 000000018001f016     p5engine_optimized.obj
 0005:00000017       __87290AA6_p5engine_math@h 000000018001f017     p5engine_optimized.obj
 0005:00000018       __B7A387D6_p5engine_random@h 000000018001f018     p5engine_optimized.obj
 0005:00000019       __F17FF173_p5engine_entity@h 000000018001f019     p5engine_optimized.obj
 0005:0000001a       __72A74871_p5engine_asset@h 000000018001f01a     p5engine_optimized.obj
 0005:0000001b       __E6E972D4_p5engine_debug@h 000000018001f01b     p5engine_optimized.obj
 0005:0000001c       __BD87FD4A_p5engine@h      000000018001f01c     p5engine_optimized.obj
 0005:0000001d       __03FC23C0_p5engine_optimized@cpp 000000018001f01d     p5engine_optimized.obj
 0006:00000060       $R000000                   0000000180020060     * linker generated manifest res *
