 P5Engine

 Timestamp is 6133fd48 (Sat Sep  4 16:12:08 2021)

 Preferred load address is 0000000180000000

 Start         Length     Name                   Class
 0001:00000000 00010000H .textbss                DATA
 0002:00000000 000126d0H .text$mn                CODE
 0002:000126d0 00001040H .text$mn$00             CODE
 0002:00013710 00001141H .text$x                 CODE
 0003:00000000 00000110H .CRT$XCA                DATA
 0003:00000110 00000110H .CRT$XCZ                DATA
 0003:00000220 00000110H .CRT$XIA                DATA
 0003:00000330 00000110H .CRT$XIZ                DATA
 0003:00000440 00000110H .CRT$XPA                DATA
 0003:00000550 00000110H .CRT$XPZ                DATA
 0003:00000660 00000110H .CRT$XTA                DATA
 0003:00000770 00000110H .CRT$XTZ                DATA
 0003:00000880 00003580H .rdata                  DATA
 0003:00003e00 00000110H .rdata$CastGuardVftablesA DATA
 0003:00003f10 0000010cH .rdata$CastGuardVftablesC DATA
 0003:0000401c 0000017cH .rdata$zzzdbg           DATA
 0003:00004198 00000110H .rtc$IAA                DATA
 0003:000042a8 00000110H .rtc$IMZ                DATA
 0003:000043b8 00000110H .rtc$IZZ                DATA
 0003:000044c8 00000110H .rtc$TAA                DATA
 0003:000045d8 00000110H .rtc$TMZ                DATA
 0003:000046e8 00000110H .rtc$TZZ                DATA
 0003:000047f8 00001118H .xdata                  DATA
 0003:00005910 00000187H .edata                  DATA
 0004:00000000 00004e40H .data                   DATA
 0004:00004e40 00000788H .bss                    DATA
 0005:00000000 00002628H .pdata                  DATA
 0006:00000000 00000340H .idata$5                DATA
 0006:00000340 0000003cH .idata$2                DATA
 0006:0000037c 00000014H .idata$3                DATA
 0006:00000390 00000340H .idata$4                DATA
 0006:000006d0 00000656H .idata$6                DATA
 0007:00000000 0000010dH .msvcjmc                DATA
 0008:00000000 00000151H .00cfg                  DATA
 0009:00000000 00000170H .rsrc$01                DATA
 0009:00000170 000001b6H .rsrc$02                DATA

  Address         Publics by Value              Rva+Base               Lib:Object

 0000:00000000       __hybrid_code_map          0000000000000000     <absolute>
 0000:00000000       __hybrid_auxiliary_iat_copy 0000000000000000     <absolute>
 0000:00000000       ___safe_se_handler_count   0000000000000000     <absolute>
 0000:00000000       __arm64x_redirection_metadata 0000000000000000     <absolute>
 0000:00000000       __x64_code_ranges_to_entry_points_count 0000000000000000     <absolute>
 0000:00000000       __guard_longjmp_count      0000000000000000     <absolute>
 0000:00000000       __hybrid_auxiliary_iat     0000000000000000     <absolute>
 0000:00000000       __guard_iat_table          0000000000000000     <absolute>
 0000:00000000       ___safe_se_handler_table   0000000000000000     <absolute>
 0000:00000000       __arm64x_extra_rfe_table   0000000000000000     <absolute>
 0000:00000000       __volatile_metadata        0000000000000000     <absolute>
 0000:00000000       __hybrid_code_map_count    0000000000000000     <absolute>
 0000:00000000       __AbsoluteZero             0000000000000000     <absolute>
 0000:00000000       __dynamic_value_reloc_table 0000000000000000     <absolute>
 0000:00000000       __arm64x_extra_rfe_table_size 0000000000000000     <absolute>
 0000:00000000       __guard_fids_count         0000000000000000     <absolute>
 0000:00000000       __arm64x_redirection_metadata_count 0000000000000000     <absolute>
 0000:00000000       __guard_longjmp_table      0000000000000000     <absolute>
 0000:00000000       __x64_code_ranges_to_entry_points 0000000000000000     <absolute>
 0000:00000000       __enclave_config           0000000000000000     <absolute>
 0000:00000000       __arm64x_native_entrypoint 0000000000000000     <absolute>
 0000:00000000       __guard_fids_table         0000000000000000     <absolute>
 0000:00000000       __guard_eh_cont_count      0000000000000000     <absolute>
 0000:00000000       __guard_iat_count          0000000000000000     <absolute>
 0000:00000000       __guard_eh_cont_table      0000000000000000     <absolute>
 0000:00000000       __guard_check_icall_a64n_fptr 0000000000000000     <absolute>
 0000:00000100       __guard_flags              0000000000000100     <absolute>
 0000:00000000       __ImageBase                0000000180000000     <linker-defined>
 0001:00000000       __enc$textbss$begin        0000000180001000     <linker-defined>
 0001:00010000       __enc$textbss$end          0000000180011000     <linker-defined>
 0002:00000960       ??D@YA?ATv2@@MT0@@Z        0000000180011960 f i p5engine.obj
 0002:00000a50       ??D@YA?ATv3@@MT0@@Z        0000000180011a50 f i p5engine.obj
 0002:00000b90       ??D@YA?ATv3@@T0@M@Z        0000000180011b90 f i p5engine.obj
 0002:00000c90       ??G@YA?ATv2@@T0@0@Z        0000000180011c90 f i p5engine.obj
 0002:00000d80       ??G@YA?ATv3@@T0@0@Z        0000000180011d80 f i p5engine.obj
 0002:00000ed0       ??H@YA?ATv2@@T0@0@Z        0000000180011ed0 f i p5engine.obj
 0002:00000fc0       ??H@YA?ATv3@@T0@0@Z        0000000180011fc0 f i p5engine.obj
 0002:00001110       ??X@YAAEATv3@@AEAT0@M@Z    0000000180012110 f i p5engine.obj
 0002:000011d0       ??Y@YAAEATv2@@AEAT0@T0@@Z  00000001800121d0 f i p5engine.obj
 0002:00001250       ??Y@YAAEATv3@@AEAT0@T0@@Z  0000000180012250 f i p5engine.obj
 0002:00001330       ??Z@YAAEATv3@@AEAT0@T0@@Z  0000000180012330 f i p5engine.obj
 0002:00001410       ?AbsoluteValue@@YAMM@Z     0000000180012410 f i p5engine.obj
 0002:00001bc0       ?AddFlags@@YAXPEAUsim_entity@@I@Z 0000000180012bc0 f i p5engine.obj
 0002:00002210       ?AddRadiusTo@@YA?AUrectangle3@@U1@Tv3@@@Z 0000000180013210 f i p5engine.obj
 0002:000028d0       ?AreInSameChunk@@YAHPEAUworld@@PEAUworld_position@@1@Z 00000001800138d0 f i p5engine.obj
 0002:00003630       ?ChangeEntityLocationRaw@@YAXPEAUmemory_arena@@PEAUworld@@IPEAUworld_position@@2@Z 0000000180014630 f i p5engine.obj
 0002:00003b30       ?ChunkPositionFromTilePosition@@YA?AUworld_position@@PEAUworld@@HHHTv3@@@Z 0000000180014b30 f i p5engine.obj
 0002:00003da0       ?Clamp01@@YA?ATv3@@T1@@Z   0000000180014da0 f i p5engine.obj
 0002:00003ed0       ?Clamp01@@YAMM@Z           0000000180014ed0 f i p5engine.obj
 0002:00003f30       ?Clamp@@YAMMMM@Z           0000000180014f30 f i p5engine.obj
 0002:00004100       ?ClearFlags@@YAXPEAUsim_entity@@I@Z 0000000180015100 f i p5engine.obj
 0002:000045f0       ?DefaultMoveSpec@@YA?AUmove_spec@@XZ 00000001800155f0 f i p5engine.obj
 0002:000055e0       ?EntityOverlapsRectangle@@YAHTv3@@0Urectangle3@@@Z 00000001800165e0 f i p5engine.obj
 0002:00005790       ?FindLeastSignificantSetBit@@YA?AUbit_scan_result@@I@Z 0000000180016790 f i p5engine.obj
 0002:00005950       ?GetBarycentric@@YA?ATv3@@Urectangle3@@T1@@Z 0000000180016950 f i p5engine.obj
 0002:00005c60       ?GetLowEntity@@YAPEAUlow_entity@@PEAUgame_state@@I@Z 0000000180016c60 f i p5engine.obj
 0002:00005d00       ?GetMaxCorner@@YA?ATv3@@Urectangle3@@@Z 0000000180016d00 f i p5engine.obj
 0002:00005dc0       ?GetMinCorner@@YA?ATv3@@Urectangle3@@@Z 0000000180016dc0 f i p5engine.obj
 0002:00005e80       ?GetSimSpacePos@@YA?ATv3@@PEAUsim_region@@PEAUlow_entity@@@Z 0000000180016e80 f i p5engine.obj
 0002:00006000       ?GetWorldChunk@@YAPEAUworld_chunk@@PEAUworld@@HHHPEAUmemory_arena@@@Z 0000000180017000 f i p5engine.obj
 0002:00006280       ?Hadamard@@YA?ATv3@@T1@0@Z 0000000180017280 f i p5engine.obj
 0002:00006720       ?HasFlag@@YAHPEAUsim_entity@@I@Z 0000000180017720 f i p5engine.obj
 0002:00006840       ?InitializeArena@@YAXPEAUmemory_arena@@_KPEAX@Z 0000000180017840 f i p5engine.obj
 0002:00006a20       ?Inner@@YAMTv3@@0@Z        0000000180017a20 f i p5engine.obj
 0002:00006ad0       ?IsCanonical@@YAHMM@Z      0000000180017ad0 f i p5engine.obj
 0002:00006ba0       ?IsCanonical@@YAHPEAUworld@@Tv3@@@Z 0000000180017ba0 f i p5engine.obj
 0002:00006c80       ?IsInRectangle@@YAHUrectangle3@@Tv3@@@Z 0000000180017c80 f i p5engine.obj
 0002:00006da0       ?IsValid@@YAHUworld_position@@@Z 0000000180017da0 f i p5engine.obj
 0002:00006e10       ?Length@@YAMTv3@@@Z        0000000180017e10 f i p5engine.obj
 0002:00006e90       ?LengthSq@@YAMTv3@@@Z      0000000180017e90 f i p5engine.obj
 0002:00006f30       ?Lerp@@YAMMMM@Z            0000000180017f30 f i p5engine.obj
 0002:00006fc0       ?LoadEntityReference@@YAXPEAUgame_state@@PEAUsim_region@@PEATentity_reference@@@Z 0000000180017fc0 f i p5engine.obj
 0002:00007160       ?MakeEntityNonSpatial@@YAXPEAUsim_entity@@@Z 0000000180018160 f i p5engine.obj
 0002:00007220       ?MakeEntitySpatial@@YAXPEAUsim_entity@@Tv3@@1@Z 0000000180018220 f i p5engine.obj
 0002:000072c0       ?MapIntoChunkSpace@@YA?AUworld_position@@PEAUworld@@U1@Tv3@@@Z 00000001800182c0 f i p5engine.obj
 0002:00008a30       ?NullPosition@@YA?AUworld_position@@XZ 0000000180019a30 f i p5engine.obj
 0002:00008b10       ?PushBitmap@@YAXPEAUentity_visible_piece_group@@PEAUloaded_bitmap@@Tv2@@M2MM@Z 0000000180019b10 f i p5engine.obj
 0002:00008cb0       ?PushPiece@@YAXPEAUentity_visible_piece_group@@PEAUloaded_bitmap@@Tv2@@2M2Tv4@@M@Z 0000000180019cb0 f i p5engine.obj
 0002:00008ed0       ?PushRect@@YAXPEAUentity_visible_piece_group@@Tv2@@M1Tv4@@M@Z 0000000180019ed0 f i p5engine.obj
 0002:00008fc0       ?PushSize_@@YAPEAXPEAUmemory_arena@@_K@Z 0000000180019fc0 f i p5engine.obj
 0002:00009080       ?RecanonicalizeCoord@@YAXMPEAHPEAM@Z 000000018001a080 f i p5engine.obj
 0002:00009170       ?RectCenterDim@@YA?AUrectangle3@@Tv3@@0@Z 000000018001a170 f i p5engine.obj
 0002:000092e0       ?RectCenterHalfDim@@YA?AUrectangle3@@Tv3@@0@Z 000000018001a2e0 f i p5engine.obj
 0002:000094f0       ?RectanglesIntersect@@YAHUrectangle3@@0@Z 000000018001a4f0 f i p5engine.obj
 0002:00009620       ?RotateLeft@@YAIIH@Z       000000018001a620 f i p5engine.obj
 0002:00009680       ?RoundReal32ToInt32@@YAHM@Z 000000018001a680 f i p5engine.obj
 0002:000096e0       ?RoundReal32ToUInt32@@YAIM@Z 000000018001a6e0 f i p5engine.obj
 0002:00009740       ?SafeRatio0@@YAMMM@Z       000000018001a740 f i p5engine.obj
 0002:000097b0       ?SafeRatioN@@YAMMMM@Z      000000018001a7b0 f i p5engine.obj
 0002:00009840       ?Sin@@YAMM@Z               000000018001a840 f i p5engine.obj
 0002:000098a0       ?Square@@YAMM@Z            000000018001a8a0 f i p5engine.obj
 0002:00009900       ?SquareRoot@@YAMM@Z        000000018001a900 f i p5engine.obj
 0002:00009960       ?StoreEntityReference@@YAXPEATentity_reference@@@Z 000000018001a960 f i p5engine.obj
 0002:00009e70       ?V2@@YA?ATv2@@MM@Z         000000018001ae70 f i p5engine.obj
 0002:00009f40       ?V3@@YA?ATv3@@MMM@Z        000000018001af40 f i p5engine.obj
 0002:0000a060       ?V4@@YA?ATv4@@MMMM@Z       000000018001b060 f i p5engine.obj
 0002:0000a190       ?ZeroSize@@YAX_KPEAX@Z     000000018001b190 f i p5engine.obj
 0002:0000a230       GameGetSoundSamples        000000018001b230 f   p5engine.obj
 0002:0000a2a0       GameUpdateAndRender        000000018001b2a0 f   p5engine.obj
 0002:0000d0b0       GetController              000000018001e0b0 f i p5engine.obj
 0002:0000d130       __JustMyCode_Default       000000018001e130 f i p5engine.obj
 0002:0000d140       _RTC_AllocaHelper          000000018001e140 f   MSVCRTD:stack.obj
 0002:0000d190       _RTC_CheckStackVars        000000018001e190 f   MSVCRTD:stack.obj
 0002:0000d240       _RTC_CheckStackVars2       000000018001e240 f   MSVCRTD:stack.obj
 0002:0000d390       _CRT_RTC_INIT              000000018001e390 f   MSVCRTD:init.obj
 0002:0000d3a0       _CRT_RTC_INITW             000000018001e3a0 f   MSVCRTD:init.obj
 0002:0000d3b0       _RTC_InitBase              000000018001e3b0 f   MSVCRTD:init.obj
 0002:0000d400       _RTC_Shutdown              000000018001e400 f   MSVCRTD:init.obj
 0002:0000d430       __CheckForDebuggerJustMyCode 000000018001e430 f   MSVCRTD:debugger_jmc.obj
 0002:0000d480       __GSHandlerCheck           000000018001e480 f   MSVCRTD:gshandler.obj
 0002:0000d4d0       __GSHandlerCheckCommon     000000018001e4d0 f   MSVCRTD:gshandler.obj
 0002:0000d620       __chkstk                   000000018001e620 f   MSVCRTD:chkstk.obj
 0002:0000d620       _alloca_probe              000000018001e620 f   MSVCRTD:chkstk.obj
 0002:0000d6a0       __security_check_cookie    000000018001e6a0 f   MSVCRTD:amdsecgs.obj
 0002:0000dbd0       _CRT_INIT                  000000018001ebd0 f   MSVCRTD:dll_dllmain.obj
 0002:0000dc10       _DllMainCRTStartup         000000018001ec10 f   MSVCRTD:dll_dllmain.obj
 0002:0000dd10       ?_RTC_AllocaFailure@@YAXPEAXPEAU_RTC_ALLOCA_NODE@@H@Z 000000018001ed10 f   MSVCRTD:error.obj
 0002:0000dec0       ?_RTC_Failure@@YAXPEAXH@Z  000000018001eec0 f   MSVCRTD:error.obj
 0002:0000df30       ?_RTC_StackFailure@@YAXPEAXPEBD@Z 000000018001ef30 f   MSVCRTD:error.obj
 0002:0000e470       _RTC_UninitUse             000000018001f470 f   MSVCRTD:error.obj
 0002:0000e570       __local_stdio_printf_options 000000018001f570 f i MSVCRTD:error.obj
 0002:0000e580       _vsprintf_s_l              000000018001f580 f i MSVCRTD:error.obj
 0002:0000e600       sprintf_s                  000000018001f600 f i MSVCRTD:error.obj
 0002:0000e630       ?_RTC_GetErrorFunc@@YAP6AHHPEBDH00ZZPEBX@Z 000000018001f630 f   MSVCRTD:userapi.obj
 0002:0000e640       ?_RTC_GetErrorFuncW@@YAP6AHHPEB_WH00ZZPEBX@Z 000000018001f640 f   MSVCRTD:userapi.obj
 0002:0000e650       _RTC_GetErrDesc            000000018001f650 f   MSVCRTD:userapi.obj
 0002:0000e670       _RTC_NumErrors             000000018001f670 f   MSVCRTD:userapi.obj
 0002:0000e680       _RTC_SetErrorFunc          000000018001f680 f   MSVCRTD:userapi.obj
 0002:0000e6a0       _RTC_SetErrorFuncW         000000018001f6a0 f   MSVCRTD:userapi.obj
 0002:0000e6c0       _RTC_SetErrorType          000000018001f6c0 f   MSVCRTD:userapi.obj
 0002:0000e6f0       __raise_securityfailure    000000018001f6f0 f   MSVCRTD:gs_report.obj
 0002:0000e740       __report_gsfailure         000000018001f740 f   MSVCRTD:gs_report.obj
 0002:0000e850       __report_rangecheckfailure 000000018001f850 f   MSVCRTD:gs_report.obj
 0002:0000e870       __report_securityfailure   000000018001f870 f   MSVCRTD:gs_report.obj
 0002:0000e940       __report_securityfailureEx 000000018001f940 f   MSVCRTD:gs_report.obj
 0002:0000ed30       __security_init_cookie     000000018001fd30 f   MSVCRTD:gs_support.obj
 0002:0000edd0       DllMain                    000000018001fdd0 f   MSVCRTD:dll_dllmain_stub.obj
 0002:0000ee20       ?__scrt_initialize_type_info@@YAXXZ 000000018001fe20 f   MSVCRTD:tncleanup.obj
 0002:0000ee40       ?__scrt_uninitialize_type_info@@YAXXZ 000000018001fe40 f   MSVCRTD:tncleanup.obj
 0002:0000ee60       __local_stdio_scanf_options 000000018001fe60 f i MSVCRTD:default_local_stdio_options.obj
 0002:0000ee70       __scrt_initialize_default_local_stdio_options 000000018001fe70 f   MSVCRTD:default_local_stdio_options.obj
 0002:0000eed0       ?configure_argv@__scrt_narrow_argv_policy@@SAHXZ 000000018001fed0 f i MSVCRTD:utility.obj
 0002:0000eff0       ?initialize_environment@__scrt_narrow_environment_policy@@SAHXZ 000000018001fff0 f i MSVCRTD:utility.obj
 0002:0000f0c0       NtCurrentTeb               00000001800200c0 f i MSVCRTD:utility.obj
 0002:0000f0d0       __scrt_acquire_startup_lock 00000001800200d0 f   MSVCRTD:utility.obj
 0002:0000f150       __scrt_dllmain_after_initialize_c 0000000180020150 f   MSVCRTD:utility.obj
 0002:0000f190       __scrt_dllmain_before_initialize_c 0000000180020190 f   MSVCRTD:utility.obj
 0002:0000f1c0       __scrt_dllmain_crt_thread_attach 00000001800201c0 f   MSVCRTD:utility.obj
 0002:0000f200       __scrt_dllmain_crt_thread_detach 0000000180020200 f   MSVCRTD:utility.obj
 0002:0000f220       __scrt_dllmain_exception_filter 0000000180020220 f   MSVCRTD:utility.obj
 0002:0000f2a0       __scrt_dllmain_uninitialize_c 00000001800202a0 f   MSVCRTD:utility.obj
 0002:0000f2e0       __scrt_dllmain_uninitialize_critical 00000001800202e0 f   MSVCRTD:utility.obj
 0002:0000f300       __scrt_initialize_crt      0000000180020300 f   MSVCRTD:utility.obj
 0002:0000f360       __scrt_initialize_onexit_tables 0000000180020360 f   MSVCRTD:utility.obj
 0002:0000f4b0       __scrt_is_nonwritable_in_current_image 00000001800204b0 f   MSVCRTD:utility.obj
 0002:0000f560       __scrt_release_startup_lock 0000000180020560 f   MSVCRTD:utility.obj
 0002:0000f5a0       __scrt_uninitialize_crt    00000001800205a0 f   MSVCRTD:utility.obj
 0002:0000f5f0       _onexit                    00000001800205f0 f   MSVCRTD:utility.obj
 0002:0000f690       at_quick_exit              0000000180020690 f   MSVCRTD:utility.obj
 0002:0000f6f0       atexit                     00000001800206f0 f   MSVCRTD:utility.obj
 0002:0000f730       __scrt_get_dyn_tls_init_callback 0000000180020730 f   MSVCRTD:dyn_tls_init.obj
 0002:0000f740       __crt_debugger_hook        0000000180020740 f   MSVCRTD:utility_desktop.obj
 0002:0000f760       __scrt_fastfail            0000000180020760 f   MSVCRTD:utility_desktop.obj
 0002:0000f960       __scrt_get_show_window_mode 0000000180020960 f   MSVCRTD:utility_desktop.obj
 0002:0000f9d0       __scrt_initialize_mta      00000001800209d0 f   MSVCRTD:utility_desktop.obj
 0002:0000f9f0       __scrt_initialize_winrt    00000001800209f0 f   MSVCRTD:utility_desktop.obj
 0002:0000fa00       __scrt_is_managed_app      0000000180020a00 f   MSVCRTD:utility_desktop.obj
 0002:0000fad0       __scrt_set_unhandled_exception_filter 0000000180020ad0 f   MSVCRTD:utility_desktop.obj
 0002:0000faf0       __scrt_exe_initialize_mta  0000000180020af0 f   MSVCRTD:utility_desktop.obj
 0002:0000faf0       __scrt_stub_for_initialize_mta 0000000180020af0 f   MSVCRTD:utility_desktop.obj
 0002:0000fb00       __scrt_unhandled_exception_filter 0000000180020b00 f   MSVCRTD:utility_desktop.obj
 0002:0000fbc0       _RTC_Initialize            0000000180020bc0 f   MSVCRTD:initsect.obj
 0002:0000fc20       _RTC_Terminate             0000000180020c20 f   MSVCRTD:initsect.obj
 0002:0000fc80       _guard_check_icall_nop     0000000180020c80 f i MSVCRTD:guard_support.obj
 0002:0000fc90       ReadNoFence64              0000000180020c90 f i MSVCRTD:guard_support.obj
 0002:0000fcc0       ReadPointerNoFence         0000000180020cc0 f i MSVCRTD:guard_support.obj
 0002:0000fce0       __castguard_check_failure_debugbreak 0000000180020ce0 f i MSVCRTD:guard_support.obj
 0002:0000fd10       __castguard_check_failure_fastfail 0000000180020d10 f i MSVCRTD:guard_support.obj
 0002:0000fd40       __castguard_check_failure_nop 0000000180020d40 f i MSVCRTD:guard_support.obj
 0002:0000fd50       __castguard_check_failure_os_handled 0000000180020d50 f i MSVCRTD:guard_support.obj
 0002:0000fe40       __castguard_slow_path_check_debugbreak 0000000180020e40 f i MSVCRTD:guard_support.obj
 0002:0000fe90       __castguard_slow_path_check_fastfail 0000000180020e90 f i MSVCRTD:guard_support.obj
 0002:0000fef0       __castguard_slow_path_check_nop 0000000180020ef0 f i MSVCRTD:guard_support.obj
 0002:0000ff10       __castguard_slow_path_check_os_handled 0000000180020f10 f i MSVCRTD:guard_support.obj
 0002:00010020       _guard_icall_checks_enforced 0000000180021020 f i MSVCRTD:guard_support.obj
 0002:00010070       _guard_rf_checks_enforced  0000000180021070 f i MSVCRTD:guard_support.obj
 0002:000106d0       ?_RTC_GetSrcLine@@YAHPEAEPEA_WKPEAH1K@Z 00000001800216d0 f   MSVCRTD:pdblkup.obj
 0002:00010b90       __isa_available_init       0000000180021b90 f   MSVCRTD:cpu_disp.obj
 0002:00011010       _get_startup_argv_mode     0000000180022010 f   MSVCRTD:argv_mode.obj
 0002:00011020       __scrt_is_ucrt_dll_in_use  0000000180022020 f   MSVCRTD:ucrt_detection.obj
 0002:00011050       __C_specific_handler       0000000180022050 f   vcruntimed:VCRUNTIME140D.dll
 0002:00011056       __C_specific_handler_noexcept 0000000180022056 f   vcruntimed:VCRUNTIME140D.dll
 0002:0001105c       __std_type_info_destroy_list 000000018002205c f   vcruntimed:VCRUNTIME140D.dll
 0002:00011062       __current_exception        0000000180022062 f   vcruntimed:VCRUNTIME140D.dll
 0002:00011068       __current_exception_context 0000000180022068 f   vcruntimed:VCRUNTIME140D.dll
 0002:0001106e       __vcrt_GetModuleFileNameW  000000018002206e f   vcruntimed:VCRUNTIME140D.dll
 0002:00011074       __vcrt_GetModuleHandleW    0000000180022074 f   vcruntimed:VCRUNTIME140D.dll
 0002:0001107a       __vcrt_LoadLibraryExW      000000018002207a f   vcruntimed:VCRUNTIME140D.dll
 0002:00011080       fabs                       0000000180022080 f   ucrtd:ucrtbased.dll
 0002:00011086       roundf                     0000000180022086 f   ucrtd:ucrtbased.dll
 0002:0001108c       sinf                       000000018002208c f   ucrtd:ucrtbased.dll
 0002:00011092       sqrtf                      0000000180022092 f   ucrtd:ucrtbased.dll
 0002:00011098       _rotl                      0000000180022098 f   ucrtd:ucrtbased.dll
 0002:0001109e       _CrtDbgReport              000000018002209e f   ucrtd:ucrtbased.dll
 0002:000110a4       _CrtDbgReportW             00000001800220a4 f   ucrtd:ucrtbased.dll
 0002:000110aa       _initterm                  00000001800220aa f   ucrtd:ucrtbased.dll
 0002:000110b0       _initterm_e                00000001800220b0 f   ucrtd:ucrtbased.dll
 0002:000110b6       strcpy_s                   00000001800220b6 f   ucrtd:ucrtbased.dll
 0002:000110bc       strcat_s                   00000001800220bc f   ucrtd:ucrtbased.dll
 0002:000110c2       __stdio_common_vsprintf_s  00000001800220c2 f   ucrtd:ucrtbased.dll
 0002:000110c8       _seh_filter_dll            00000001800220c8 f   ucrtd:ucrtbased.dll
 0002:000110ce       _configure_narrow_argv     00000001800220ce f   ucrtd:ucrtbased.dll
 0002:000110d4       _initialize_narrow_environment 00000001800220d4 f   ucrtd:ucrtbased.dll
 0002:000110da       _initialize_onexit_table   00000001800220da f   ucrtd:ucrtbased.dll
 0002:000110e0       _register_onexit_function  00000001800220e0 f   ucrtd:ucrtbased.dll
 0002:000110e6       _execute_onexit_table      00000001800220e6 f   ucrtd:ucrtbased.dll
 0002:000110ec       _crt_atexit                00000001800220ec f   ucrtd:ucrtbased.dll
 0002:000110f2       _crt_at_quick_exit         00000001800220f2 f   ucrtd:ucrtbased.dll
 0002:000110f8       _cexit                     00000001800220f8 f   ucrtd:ucrtbased.dll
 0002:000110fe       terminate                  00000001800220fe f   ucrtd:ucrtbased.dll
 0002:00011104       _wmakepath_s               0000000180022104 f   ucrtd:ucrtbased.dll
 0002:0001110a       _wsplitpath_s              000000018002210a f   ucrtd:ucrtbased.dll
 0002:00011110       wcscpy_s                   0000000180022110 f   ucrtd:ucrtbased.dll
 0002:00011116       GetCurrentThreadId         0000000180022116 f   kernel32:KERNEL32.dll
 0002:0001111c       IsDebuggerPresent          000000018002211c f   kernel32:KERNEL32.dll
 0002:00011122       RaiseException             0000000180022122 f   kernel32:KERNEL32.dll
 0002:00011128       MultiByteToWideChar        0000000180022128 f   kernel32:KERNEL32.dll
 0002:0001112e       WideCharToMultiByte        000000018002212e f   kernel32:KERNEL32.dll
 0002:00011134       RtlCaptureContext          0000000180022134 f   kernel32:KERNEL32.dll
 0002:0001113a       RtlLookupFunctionEntry     000000018002213a f   kernel32:KERNEL32.dll
 0002:00011140       RtlVirtualUnwind           0000000180022140 f   kernel32:KERNEL32.dll
 0002:00011146       UnhandledExceptionFilter   0000000180022146 f   kernel32:KERNEL32.dll
 0002:0001114c       SetUnhandledExceptionFilter 000000018002214c f   kernel32:KERNEL32.dll
 0002:00011152       GetCurrentProcess          0000000180022152 f   kernel32:KERNEL32.dll
 0002:00011158       TerminateProcess           0000000180022158 f   kernel32:KERNEL32.dll
 0002:0001115e       IsProcessorFeaturePresent  000000018002215e f   kernel32:KERNEL32.dll
 0002:00011164       QueryPerformanceCounter    0000000180022164 f   kernel32:KERNEL32.dll
 0002:0001116a       GetCurrentProcessId        000000018002216a f   kernel32:KERNEL32.dll
 0002:00011170       GetSystemTimeAsFileTime    0000000180022170 f   kernel32:KERNEL32.dll
 0002:00011176       DisableThreadLibraryCalls  0000000180022176 f   kernel32:KERNEL32.dll
 0002:0001117c       InitializeSListHead        000000018002217c f   kernel32:KERNEL32.dll
 0002:00011182       GetStartupInfoW            0000000180022182 f   kernel32:KERNEL32.dll
 0002:00011188       GetModuleHandleW           0000000180022188 f   kernel32:KERNEL32.dll
 0002:0001118e       GetLastError               000000018002218e f   kernel32:KERNEL32.dll
 0002:00011194       HeapAlloc                  0000000180022194 f   kernel32:KERNEL32.dll
 0002:0001119a       HeapFree                   000000018002219a f   kernel32:KERNEL32.dll
 0002:000111a0       GetProcessHeap             00000001800221a0 f   kernel32:KERNEL32.dll
 0002:000111a6       VirtualQuery               00000001800221a6 f   kernel32:KERNEL32.dll
 0002:000111ac       FreeLibrary                00000001800221ac f   kernel32:KERNEL32.dll
 0002:000111b2       GetProcAddress             00000001800221b2 f   kernel32:KERNEL32.dll
 0002:000111c0       __scrt_stub_for_acrt_initialize 00000001800221c0 f   MSVCRTD:ucrt_stubs.obj
 0002:000111c0       __acrt_initialize          00000001800221c0 f   MSVCRTD:ucrt_stubs.obj
 0002:000111c0       __vcrt_initialize          00000001800221c0 f   MSVCRTD:ucrt_stubs.obj
 0002:000111d0       __vcrt_thread_attach       00000001800221d0 f   MSVCRTD:ucrt_stubs.obj
 0002:000111d0       __scrt_stub_for_acrt_thread_attach 00000001800221d0 f   MSVCRTD:ucrt_stubs.obj
 0002:000111d0       __acrt_thread_attach       00000001800221d0 f   MSVCRTD:ucrt_stubs.obj
 0002:000111e0       __acrt_thread_detach       00000001800221e0 f   MSVCRTD:ucrt_stubs.obj
 0002:000111e0       __vcrt_thread_detach       00000001800221e0 f   MSVCRTD:ucrt_stubs.obj
 0002:000111e0       __scrt_stub_for_acrt_thread_detach 00000001800221e0 f   MSVCRTD:ucrt_stubs.obj
 0002:000111f0       __scrt_stub_for_acrt_uninitialize 00000001800221f0 f   MSVCRTD:ucrt_stubs.obj
 0002:000111f0       __acrt_uninitialize        00000001800221f0 f   MSVCRTD:ucrt_stubs.obj
 0002:000111f0       __vcrt_uninitialize        00000001800221f0 f   MSVCRTD:ucrt_stubs.obj
 0002:00011200       __vcrt_uninitialize_critical 0000000180022200 f   MSVCRTD:ucrt_stubs.obj
 0002:00011200       __scrt_stub_for_acrt_uninitialize_critical 0000000180022200 f   MSVCRTD:ucrt_stubs.obj
 0002:00011200       __acrt_uninitialize_critical 0000000180022200 f   MSVCRTD:ucrt_stubs.obj
 0002:00011210       __scrt_stub_for_is_c_termination_complete 0000000180022210 f   MSVCRTD:ucrt_stubs.obj
 0002:00011210       _is_c_termination_complete 0000000180022210 f   MSVCRTD:ucrt_stubs.obj
 0002:000126e0       _guard_dispatch_icall_nop  00000001800236e0 f   MSVCRTD:guard_dispatch.obj
 0002:00012700       _guard_xfg_dispatch_icall_nop 0000000180023700 f   MSVCRTD:guard_xfg_dispatch.obj
 0003:00000000       __xc_a                     0000000180026000     MSVCRTD:initializers.obj
 0003:00000110       __xc_z                     0000000180026110     MSVCRTD:initializers.obj
 0003:00000220       __xi_a                     0000000180026220     MSVCRTD:initializers.obj
 0003:00000330       __xi_z                     0000000180026330     MSVCRTD:initializers.obj
 0003:00000440       __xp_a                     0000000180026440     MSVCRTD:initializers.obj
 0003:00000550       __xp_z                     0000000180026550     MSVCRTD:initializers.obj
 0003:00000660       __xt_a                     0000000180026660     MSVCRTD:initializers.obj
 0003:00000770       __xt_z                     0000000180026770     MSVCRTD:initializers.obj
 0003:000008e0       __real@c11ccccd            00000001800268e0     p5engine.obj
 0003:00002d20       ??_C@_0BA@NMEIMCEK@InvalidCodePath@ 0000000180028d20     p5engine.obj
 0003:00002d38       ??_C@_0BF@HOIOEMCL@P5Engine?1data?1bg?4bmp@ 0000000180028d38     p5engine.obj
 0003:00002d58       ??_C@_0BJ@EPENJOEL@P5Engine?1data?1shadow?4bmp@ 0000000180028d58     p5engine.obj
 0003:00002d78       ??_C@_0BJ@HEECFFOE@P5Engine?1data?1stairs?4bmp@ 0000000180028d78     p5engine.obj
 0003:00002d98       ??_C@_0BH@DDOBAHNL@P5Engine?1data?1tree?4bmp@ 0000000180028d98     p5engine.obj
 0003:00002db8       ??_C@_0BI@EPGPCLAL@P5Engine?1data?1enemy?4bmp@ 0000000180028db8     p5engine.obj
 0003:00002dd8       ??_C@_0BG@IEBKPHGI@P5Engine?1data?1orb?4bmp@ 0000000180028dd8     p5engine.obj
 0003:00002df8       ??_C@_0BP@CIDLMIJA@P5Engine?1data?1char?9right?90?4bmp@ 0000000180028df8     p5engine.obj
 0003:00002e20       ??_C@_0BO@PEBAPFLC@P5Engine?1data?1char?9back?90?4bmp@ 0000000180028e20     p5engine.obj
 0003:00002e48       ??_C@_0BO@EAIBBIAG@P5Engine?1data?1char?9left?90?4bmp@ 0000000180028e48     p5engine.obj
 0003:00002e70       ??_C@_0BP@MKDPGEOC@P5Engine?1data?1char?9front?90?4bmp@ 0000000180028e70     p5engine.obj
 0003:00002e98       ??_C@_0BO@KNNOBFKI@P5Engine?1data?1sword?9right?4bmp@ 0000000180028e98     p5engine.obj
 0003:00002ec0       ??_C@_0BN@LDDHILOB@P5Engine?1data?1sword?9back?4bmp@ 0000000180028ec0     p5engine.obj
 0003:00002ee8       ??_C@_0BN@FPAHMBGA@P5Engine?1data?1sword?9left?4bmp@ 0000000180028ee8     p5engine.obj
 0003:00002f10       ??_C@_0BO@BNDLMGBJ@P5Engine?1data?1sword?9front?4bmp@ 0000000180028f10     p5engine.obj
 0003:00002f34       __real@00000000            0000000180028f34     p5engine.obj
 0003:00002f38       __real@3a83126f            0000000180028f38     p5engine.obj
 0003:00002f3c       __real@3c23d70a            0000000180028f3c     p5engine.obj
 0003:00002f40       __real@3e4ccccd            0000000180028f40     p5engine.obj
 0003:00002f44       __real@3e800000            0000000180028f44     p5engine.obj
 0003:00002f48       __real@3f000000            0000000180028f48     p5engine.obj
 0003:00002f4c       __real@3f800000            0000000180028f4c     p5engine.obj
 0003:00002f50       __real@3f99999a            0000000180028f50     p5engine.obj
 0003:00002f54       __real@3fb33333            0000000180028f54     p5engine.obj
 0003:00002f58       __real@3fc00000            0000000180028f58     p5engine.obj
 0003:00002f5c       __real@40000000            0000000180028f5c     p5engine.obj
 0003:00002f60       __real@400ccccd            0000000180028f60     p5engine.obj
 0003:00002f64       __real@40400000            0000000180028f64     p5engine.obj
 0003:00002f68       __real@40a00000            0000000180028f68     p5engine.obj
 0003:00002f6c       __real@40c00000            0000000180028f6c     p5engine.obj
 0003:00002f70       __real@40c90fdb            0000000180028f70     p5engine.obj
 0003:00002f74       __real@41200000            0000000180028f74     p5engine.obj
 0003:00002f78       __real@41800000            0000000180028f78     p5engine.obj
 0003:00002f7c       __real@41880000            0000000180028f7c     p5engine.obj
 0003:00002f80       __real@41a00000            0000000180028f80     p5engine.obj
 0003:00002f84       __real@41c00000            0000000180028f84     p5engine.obj
 0003:00002f88       __real@41f00000            0000000180028f88     p5engine.obj
 0003:00002f8c       __real@42000000            0000000180028f8c     p5engine.obj
 0003:00002f90       __real@42600000            0000000180028f90     p5engine.obj
 0003:00002f94       __real@42800000            0000000180028f94     p5engine.obj
 0003:00002f98       __real@42820000            0000000180028f98     p5engine.obj
 0003:00002f9c       __real@42960000            0000000180028f9c     p5engine.obj
 0003:00002fa0       __real@437f0000            0000000180028fa0     p5engine.obj
 0003:00002fa4       __real@461c4000            0000000180028fa4     p5engine.obj
 0003:00002fa8       __real@47c35000            0000000180028fa8     p5engine.obj
 0003:00002fac       __real@becccccd            0000000180028fac     p5engine.obj
 0003:00002fb0       __real@bf000000            0000000180028fb0     p5engine.obj
 0003:00002fb4       __real@bf800000            0000000180028fb4     p5engine.obj
 0003:00002fc0       __xmm@80000000800000008000000080000000 0000000180028fc0     p5engine.obj
 0003:00002fd8       _pRawDllMain               0000000180028fd8     MSVCRTD:dll_dllmain.obj
 0003:00002fd8       _pDefaultRawDllMain        0000000180028fd8     MSVCRTD:dll_dllmain.obj
 0003:000030d0       ??_C@_0NN@JMPELKLB@The?5value?5of?5ESP?5was?5not?5proper@ 00000001800290d0     MSVCRTD:error.obj
 0003:000031e0       ??_C@_0BBN@ELNNILBE@A?5cast?5to?5a?5smaller?5data?5type?5h@ 00000001800291e0     MSVCRTD:error.obj
 0003:00003338       ??_C@_0BN@BPOGFMJL@Stack?5memory?5was?5corrupted?$AN?6@ 0000000180029338     MSVCRTD:error.obj
 0003:00003360       ??_C@_0DG@DAJCDLPN@A?5local?5variable?5was?5used?5befor@ 0000000180029360     MSVCRTD:error.obj
 0003:000033a0       ??_C@_0CM@JMIDGKLA@Stack?5memory?5around?5_alloca?5was@ 00000001800293a0     MSVCRTD:error.obj
 0003:000033d8       ??_C@_0BO@CHIONIOI@Unknown?5Runtime?5Check?5Error?$AN?6@ 00000001800293d8     MSVCRTD:error.obj
 0003:00003400       ??_C@_1GM@CNOOJIHC@?$AAR?$AAu?$AAn?$AAt?$AAi?$AAm?$AAe?$AA?5?$AAC?$AAh?$AAe?$AAc?$AAk?$AA?5?$AAE@ 0000000180029400     MSVCRTD:error.obj
 0003:00003490       ??_C@_1EA@NFKNIFJP@?$AAR?$AAu?$AAn?$AA?9?$AAT?$AAi?$AAm?$AAe?$AA?5?$AAC?$AAh?$AAe?$AAc?$AAk?$AA?5@ 0000000180029490     MSVCRTD:error.obj
 0003:000034e0       ??_C@_0BB@PFFGGCJP@Unknown?5Filename@ 00000001800294e0     MSVCRTD:error.obj
 0003:000034f8       ??_C@_0BE@GNBOBNCK@Unknown?5Module?5Name@ 00000001800294f8     MSVCRTD:error.obj
 0003:00003510       ??_C@_0CA@IODNCDPG@Run?9Time?5Check?5Failure?5?$CD?$CFd?5?9?5?$CFs@ 0000000180029510     MSVCRTD:error.obj
 0003:00003538       ??_C@_0CG@IAFNJNEE@Stack?5corrupted?5near?5unknown?5va@ 0000000180029538     MSVCRTD:error.obj
 0003:00003568       ??_C@_05MKKEDADM@?$CF?42X?5@ 0000000180029568     MSVCRTD:error.obj
 0003:00003570       ??_C@_0EJ@LJKNEOLN@Stack?5area?5around?5_alloca?5memor@ 0000000180029570     MSVCRTD:error.obj
 0003:000035c8       ??_C@_01EEMJAFIK@?6@       00000001800295c8     MSVCRTD:error.obj
 0003:000035cc       ??_C@_02LLMPMKNF@?$DO?5@   00000001800295cc     MSVCRTD:error.obj
 0003:000035d0       ??_C@_08OMAHNMHJ@?6Data?3?5?$DM@ 00000001800295d0     MSVCRTD:error.obj
 0003:000035e0       ??_C@_0CK@DKGBICFE@?6Allocation?5number?5within?5this?5@ 00000001800295e0     MSVCRTD:error.obj
 0003:00003618       ??_C@_07DFDJCKFN@?6Size?3?5@ 0000000180029618     MSVCRTD:error.obj
 0003:00003628       ??_C@_0N@MHFFIMFG@?6Address?3?50x@ 0000000180029628     MSVCRTD:error.obj
 0003:00003640       ??_C@_0EI@CLEPFNGI@Stack?5area?5around?5_alloca?5memor@ 0000000180029640     MSVCRTD:error.obj
 0003:00003698       ??_C@_0BK@ODNDAGKB@?$CFs?$CFs?$CFp?$CFs?$CFzd?$CFs?$CFd?$CFs?$CFs?$CFs?$CFs?$CFs@ 0000000180029698     MSVCRTD:error.obj
 0003:000036b8       ??_C@_0DE@OHJBPMBP@A?5variable?5is?5being?5used?5withou@ 00000001800296b8     MSVCRTD:error.obj
 0003:00003728       ??_C@_0BJ@HEGAHDFO@Stack?5pointer?5corruption@ 0000000180029728     MSVCRTD:userapi.obj
 0003:00003748       ??_C@_0CK@FEGOIOPB@Cast?5to?5smaller?5type?5causing?5lo@ 0000000180029748     MSVCRTD:userapi.obj
 0003:00003780       ??_C@_0BI@CIGMDCBH@Stack?5memory?5corruption@ 0000000180029780     MSVCRTD:userapi.obj
 0003:000037a0       ??_C@_0CK@CNLNOEPB@Local?5variable?5used?5before?5init@ 00000001800297a0     MSVCRTD:userapi.obj
 0003:000037d8       ??_C@_0BP@OGBCLIBO@Stack?5around?5_alloca?5corrupted@ 00000001800297d8     MSVCRTD:userapi.obj
 0003:00003880       ??_C@_1EI@MLPKHBGE@?$AAa?$AAp?$AAi?$AA?9?$AAm?$AAs?$AA?9?$AAw?$AAi?$AAn?$AA?9?$AAc?$AAo?$AAr?$AAe@ 0000000180029880     MSVCRTD:pdblkup.obj
 0003:000038d8       ??_C@_1BK@JHLNAEJL@?$AAa?$AAd?$AAv?$AAa?$AAp?$AAi?$AA3?$AA2?$AA?4?$AAd?$AAl?$AAl@ 00000001800298d8     MSVCRTD:pdblkup.obj
 0003:000038f8       ??_C@_0O@COHOBMLB@RegOpenKeyExW@ 00000001800298f8     MSVCRTD:pdblkup.obj
 0003:00003908       ??_C@_0BB@GLNAEDBD@RegQueryValueExW@ 0000000180029908     MSVCRTD:pdblkup.obj
 0003:00003920       ??_C@_0M@HLOHPNFA@RegCloseKey@ 0000000180029920     MSVCRTD:pdblkup.obj
 0003:00003930       ??_C@_1HE@EBEAGLFB@?$AAS?$AAO?$AAF?$AAT?$AAW?$AAA?$AAR?$AAE?$AA?2?$AAW?$AAo?$AAw?$AA6?$AA4?$AA3@ 0000000180029930     MSVCRTD:pdblkup.obj
 0003:000039c0       ??_C@_1BG@EABPBLLF@?$AAP?$AAr?$AAo?$AAd?$AAu?$AAc?$AAt?$AAD?$AAi?$AAr@ 00000001800299c0     MSVCRTD:pdblkup.obj
 0003:00003a08       ??_C@_1BC@JINFINNJ@?$AAM?$AAS?$AAP?$AAD?$AAB?$AA1?$AA4?$AA0@ 0000000180029a08     MSVCRTD:pdblkup.obj
 0003:00003a20       ??_C@_0BB@KCIACLNC@PDBOpenValidate5@ 0000000180029a20     MSVCRTD:pdblkup.obj
 0003:00003a34       ??_C@_01KDCPPGHE@r@        0000000180029a34     MSVCRTD:pdblkup.obj
 0003:00003a70       _load_config_used          0000000180029a70     MSVCRTD:loadcfg.obj
 0003:00003e00       __CastGuardVftablesStart   0000000180029e00     MSVCRTD:guard_support.obj
 0003:00003f10       __CastGuardVftablesEnd     0000000180029f10     MSVCRTD:guard_support.obj
 0003:00004198       __rtc_iaa                  000000018002a198     MSVCRTD:initsect.obj
 0003:000043b8       __rtc_izz                  000000018002a3b8     MSVCRTD:initsect.obj
 0003:000044c8       __rtc_taa                  000000018002a4c8     MSVCRTD:initsect.obj
 0003:000046e8       __rtc_tzz                  000000018002a6e8     MSVCRTD:initsect.obj
 0004:00004cd0       __security_cookie_complement 0000000180030cd0     MSVCRTD:gs_cookie.obj
 0004:00004cd8       __security_cookie          0000000180030cd8     MSVCRTD:gs_cookie.obj
 0004:00004ce4       _fltused                   0000000180030ce4     MSVCRTD:fltused.obj
 0004:00004ce8       ?_RTC_ErrorLevels@@3PAHA   0000000180030ce8     MSVCRTD:error.obj
 0004:00004d00       __scrt_native_dllmain_reason 0000000180030d00     MSVCRTD:utility.obj
 0004:00004d08       __isa_available            0000000180030d08     MSVCRTD:cpu_disp.obj
 0004:00004d0c       __isa_enabled              0000000180030d0c     MSVCRTD:cpu_disp.obj
 0004:00004d10       __memcpy_nt_iters          0000000180030d10     MSVCRTD:cpu_disp.obj
 0004:00004d18       __memset_nt_iters          0000000180030d18     MSVCRTD:cpu_disp.obj
 0004:00004d30       __scrt_ucrt_dll_is_in_use  0000000180030d30     MSVCRTD:ucrt_stubs.obj
 0004:00004e48       ?_OptionsStorage@?1??__local_stdio_printf_options@@9@4_KA 0000000180030e48     MSVCRTD:error.obj
 0004:00005500       ?__type_info_root_node@@3U__type_info_node@@A 0000000180031500     MSVCRTD:tncleanup.obj
 0004:00005518       ?_OptionsStorage@?1??__local_stdio_scanf_options@@9@4_KA 0000000180031518     MSVCRTD:default_local_stdio_options.obj
 0004:00005528       __scrt_current_native_startup_state 0000000180031528     MSVCRTD:utility.obj
 0004:00005530       __scrt_native_startup_lock 0000000180031530     MSVCRTD:utility.obj
 0004:00005580       __scrt_debugger_hook_flag  0000000180031580     MSVCRTD:utility_desktop.obj
 0004:00005588       __castguard_check_failure_os_handled_fptr 0000000180031588     MSVCRTD:guard_support.obj
 0004:000055a4       __favor                    00000001800315a4     MSVCRTD:cpu_disp.obj
 0004:000055a8       __dyn_tls_init_callback    00000001800315a8     <common>
 0004:000055bc       __DebuggerCurrentSteppingThreadId 00000001800315bc     <common>
 0006:00000000       __imp_DisableThreadLibraryCalls 0000000180035000     kernel32:KERNEL32.dll
 0006:00000008       __imp_IsDebuggerPresent    0000000180035008     kernel32:KERNEL32.dll
 0006:00000010       __imp_RaiseException       0000000180035010     kernel32:KERNEL32.dll
 0006:00000018       __imp_MultiByteToWideChar  0000000180035018     kernel32:KERNEL32.dll
 0006:00000020       __imp_WideCharToMultiByte  0000000180035020     kernel32:KERNEL32.dll
 0006:00000028       __imp_RtlCaptureContext    0000000180035028     kernel32:KERNEL32.dll
 0006:00000030       __imp_RtlLookupFunctionEntry 0000000180035030     kernel32:KERNEL32.dll
 0006:00000038       __imp_RtlVirtualUnwind     0000000180035038     kernel32:KERNEL32.dll
 0006:00000040       __imp_GetProcAddress       0000000180035040     kernel32:KERNEL32.dll
 0006:00000048       __imp_FreeLibrary          0000000180035048     kernel32:KERNEL32.dll
 0006:00000050       __imp_VirtualQuery         0000000180035050     kernel32:KERNEL32.dll
 0006:00000058       __imp_GetProcessHeap       0000000180035058     kernel32:KERNEL32.dll
 0006:00000060       __imp_HeapFree             0000000180035060     kernel32:KERNEL32.dll
 0006:00000068       __imp_HeapAlloc            0000000180035068     kernel32:KERNEL32.dll
 0006:00000070       __imp_GetLastError         0000000180035070     kernel32:KERNEL32.dll
 0006:00000078       __imp_GetModuleHandleW     0000000180035078     kernel32:KERNEL32.dll
 0006:00000080       __imp_GetStartupInfoW      0000000180035080     kernel32:KERNEL32.dll
 0006:00000088       __imp_InitializeSListHead  0000000180035088     kernel32:KERNEL32.dll
 0006:00000090       __imp_GetCurrentThreadId   0000000180035090     kernel32:KERNEL32.dll
 0006:00000098       __imp_GetSystemTimeAsFileTime 0000000180035098     kernel32:KERNEL32.dll
 0006:000000a0       __imp_GetCurrentProcessId  00000001800350a0     kernel32:KERNEL32.dll
 0006:000000a8       __imp_QueryPerformanceCounter 00000001800350a8     kernel32:KERNEL32.dll
 0006:000000b0       __imp_IsProcessorFeaturePresent 00000001800350b0     kernel32:KERNEL32.dll
 0006:000000b8       __imp_TerminateProcess     00000001800350b8     kernel32:KERNEL32.dll
 0006:000000c0       __imp_GetCurrentProcess    00000001800350c0     kernel32:KERNEL32.dll
 0006:000000c8       __imp_SetUnhandledExceptionFilter 00000001800350c8     kernel32:KERNEL32.dll
 0006:000000d0       __imp_UnhandledExceptionFilter 00000001800350d0     kernel32:KERNEL32.dll
 0006:000000d8       \177KERNEL32_NULL_THUNK_DATA 00000001800350d8     kernel32:KERNEL32.dll
 0006:00000158       __imp___vcrt_GetModuleHandleW 0000000180035158     vcruntimed:VCRUNTIME140D.dll
 0006:00000160       __imp___vcrt_GetModuleFileNameW 0000000180035160     vcruntimed:VCRUNTIME140D.dll
 0006:00000168       __imp___current_exception_context 0000000180035168     vcruntimed:VCRUNTIME140D.dll
 0006:00000170       __imp___C_specific_handler 0000000180035170     vcruntimed:VCRUNTIME140D.dll
 0006:00000178       __imp___current_exception  0000000180035178     vcruntimed:VCRUNTIME140D.dll
 0006:00000180       __imp___std_type_info_destroy_list 0000000180035180     vcruntimed:VCRUNTIME140D.dll
 0006:00000188       __imp___C_specific_handler_noexcept 0000000180035188     vcruntimed:VCRUNTIME140D.dll
 0006:00000190       __imp___vcrt_LoadLibraryExW 0000000180035190     vcruntimed:VCRUNTIME140D.dll
 0006:00000198       \177VCRUNTIME140D_NULL_THUNK_DATA 0000000180035198     vcruntimed:VCRUNTIME140D.dll
 0006:000001f8       __imp_wcscpy_s             00000001800351f8     ucrtd:ucrtbased.dll
 0006:00000200       __imp__wsplitpath_s        0000000180035200     ucrtd:ucrtbased.dll
 0006:00000208       __imp_terminate            0000000180035208     ucrtd:ucrtbased.dll
 0006:00000210       __imp__cexit               0000000180035210     ucrtd:ucrtbased.dll
 0006:00000218       __imp__crt_at_quick_exit   0000000180035218     ucrtd:ucrtbased.dll
 0006:00000220       __imp__crt_atexit          0000000180035220     ucrtd:ucrtbased.dll
 0006:00000228       __imp__execute_onexit_table 0000000180035228     ucrtd:ucrtbased.dll
 0006:00000230       __imp__register_onexit_function 0000000180035230     ucrtd:ucrtbased.dll
 0006:00000238       __imp__initialize_onexit_table 0000000180035238     ucrtd:ucrtbased.dll
 0006:00000240       __imp__initialize_narrow_environment 0000000180035240     ucrtd:ucrtbased.dll
 0006:00000248       __imp__configure_narrow_argv 0000000180035248     ucrtd:ucrtbased.dll
 0006:00000250       __imp__seh_filter_dll      0000000180035250     ucrtd:ucrtbased.dll
 0006:00000258       __imp__wmakepath_s         0000000180035258     ucrtd:ucrtbased.dll
 0006:00000260       __imp_strcat_s             0000000180035260     ucrtd:ucrtbased.dll
 0006:00000268       __imp_strcpy_s             0000000180035268     ucrtd:ucrtbased.dll
 0006:00000270       __imp__initterm_e          0000000180035270     ucrtd:ucrtbased.dll
 0006:00000278       __imp__initterm            0000000180035278     ucrtd:ucrtbased.dll
 0006:00000280       __imp__CrtDbgReportW       0000000180035280     ucrtd:ucrtbased.dll
 0006:00000288       __imp__CrtDbgReport        0000000180035288     ucrtd:ucrtbased.dll
 0006:00000290       __imp__rotl                0000000180035290     ucrtd:ucrtbased.dll
 0006:00000298       __imp_sqrtf                0000000180035298     ucrtd:ucrtbased.dll
 0006:000002a0       __imp_sinf                 00000001800352a0     ucrtd:ucrtbased.dll
 0006:000002a8       __imp_roundf               00000001800352a8     ucrtd:ucrtbased.dll
 0006:000002b0       __imp_fabs                 00000001800352b0     ucrtd:ucrtbased.dll
 0006:000002b8       __imp___stdio_common_vsprintf_s 00000001800352b8     ucrtd:ucrtbased.dll
 0006:000002c0       \177ucrtbased_NULL_THUNK_DATA 00000001800352c0     ucrtd:ucrtbased.dll
 0006:00000340       __IMPORT_DESCRIPTOR_VCRUNTIME140D 0000000180035340     vcruntimed:VCRUNTIME140D.dll
 0006:00000354       __IMPORT_DESCRIPTOR_ucrtbased 0000000180035354     ucrtd:ucrtbased.dll
 0006:00000368       __IMPORT_DESCRIPTOR_KERNEL32 0000000180035368     kernel32:KERNEL32.dll
 0006:0000037c       __NULL_IMPORT_DESCRIPTOR   000000018003537c     vcruntimed:VCRUNTIME140D.dll
 0008:00000000       __guard_check_icall_fptr   0000000180037000     MSVCRTD:guard_support.obj
 0008:00000010       __guard_xfg_check_icall_fptr 0000000180037010     MSVCRTD:guard_support.obj
 0008:00000020       __guard_dispatch_icall_fptr 0000000180037020     MSVCRTD:guard_support.obj
 0008:00000030       __guard_xfg_dispatch_icall_fptr 0000000180037030     MSVCRTD:guard_support.obj
 0008:00000040       __guard_xfg_table_dispatch_icall_fptr 0000000180037040     MSVCRTD:guard_support.obj

 entry point at        0002:0000000f

 Static symbols

 0000:fffc6000       .debug$S                   0000000180000000     P5Engine.exp
 0000:fffc9000       _volmd                     0000000180000000     p5engine.obj
 0000:fffc9000       _volmd                     0000000180000000     p5engine.obj
 0000:fffc9000       _volmd                     0000000180000000     p5engine.obj
 0000:fffc9000       _volmd                     0000000180000000     p5engine.obj
 0000:fffc9000       _volmd                     0000000180000000     p5engine.obj
 0000:fffc9000       _volmd                     0000000180000000     p5engine.obj
 0000:fffc9000       _volmd                     0000000180000000     p5engine.obj
 0000:fffc9000       _volmd                     0000000180000000     p5engine.obj
 0000:fffc9000       _volmd                     0000000180000000     p5engine.obj
 0000:fffc9000       _volmd                     0000000180000000     p5engine.obj
 0000:fffc9000       _volmd                     0000000180000000     p5engine.obj
 0000:fffc9000       _volmd                     0000000180000000     p5engine.obj
 0000:fffc9000       _volmd                     0000000180000000     p5engine.obj
 0000:fffc9000       _volmd                     0000000180000000     p5engine.obj
 0000:fffc9000       _volmd                     0000000180000000     p5engine.obj
 0000:fffc9000       _volmd                     0000000180000000     p5engine.obj
 0000:fffc9000       _volmd                     0000000180000000     p5engine.obj
 0000:fffc9000       _volmd                     0000000180000000     p5engine.obj
 0000:fffc9000       _volmd                     0000000180000000     p5engine.obj
 0000:fffc9000       _volmd                     0000000180000000     p5engine.obj
 0000:fffc9000       _volmd                     0000000180000000     p5engine.obj
 0000:fffc9000       _volmd                     0000000180000000     p5engine.obj
 0000:fffc9000       _volmd                     0000000180000000     p5engine.obj
 0000:fffc9000       _volmd                     0000000180000000     p5engine.obj
 0000:fffc9000       _volmd                     0000000180000000     p5engine.obj
 0000:fffc9000       _volmd                     0000000180000000     p5engine.obj
 0000:fffc9000       _volmd                     0000000180000000     p5engine.obj
 0000:fffc9000       _volmd                     0000000180000000     p5engine.obj
 0000:fffc9000       _volmd                     0000000180000000     MSVCRTD:cpu_disp.obj
 0000:fffca000       __guard_ehcont_?dllmain_dispatch@@YAHQEAUHINSTANCE__@@KQEAX@Z 0000000180000000     MSVCRTD:dll_dllmain.obj
 0000:fffca000       __guard_fids_?dllmain_dispatch@@YAHQEAUHINSTANCE__@@KQEAX@Z 0000000180000000     MSVCRTD:dll_dllmain.obj
 0000:fffca000       __guard_ehcont_?notify_debugger@@YAXAEBUtagEXCEPTION_VISUALCPP_DEBUG_INFO@@@Z 0000000180000000     MSVCRTD:error.obj
 0000:fffc9000       _volmd                     0000000180000000     MSVCRTD:gs_report.obj
 0000:fffc9000       _volmd                     0000000180000000     MSVCRTD:gs_report.obj
 0000:fffc9000       _volmd                     0000000180000000     MSVCRTD:gs_report.obj
 0000:fffca000       __guard_fids__             0000000180000000     MSVCRTD:guard_support.obj
 0000:fffca000       __guard_fids__             0000000180000000     MSVCRTD:guard_support.obj
 0000:fffca000       __guard_fids__guard_icall_checks_enforced 0000000180000000     MSVCRTD:guard_support.obj
 0000:fffc9000       _volmd                     0000000180000000     MSVCRTD:guard_support.obj
 0000:fffc9000       _volmd                     0000000180000000     MSVCRTD:guard_support.obj
 0000:fffc9000       _volmd                     0000000180000000     MSVCRTD:guard_support.obj
 0000:fffca000       __guard_fids__CRT_RTC_INIT 0000000180000000     MSVCRTD:init.obj
 0000:fffca000       __guard_fids__CRT_RTC_INITW 0000000180000000     MSVCRTD:init.obj
 0000:fffca000       __guard_ehcont___scrt_is_nonwritable_in_current_image 0000000180000000     MSVCRTD:utility.obj
 0000:fffc9000       _volmd                     0000000180000000     MSVCRTD:utility.obj
 0000:fffc9000       _volmd                     0000000180000000     MSVCRTD:utility.obj
 0000:fffc9000       _volmd                     0000000180000000     MSVCRTD:utility.obj
 0000:fffca000       __guard_fids___scrt_set_unhandled_exception_filter 0000000180000000     MSVCRTD:utility_desktop.obj
 0000:fffc9000       _volmd                     0000000180000000     MSVCRTD:utility_desktop.obj
 0000:fffc6000       .debug$S                   0000000180000000     vcruntimed:VCRUNTIME140D.dll
 0000:fffc6000       .debug$S                   0000000180000000     vcruntimed:VCRUNTIME140D.dll
 0000:fffc6000       .debug$S                   0000000180000000     vcruntimed:VCRUNTIME140D.dll
 0000:fffc6000       .debug$S                   0000000180000000     vcruntimed:VCRUNTIME140D.dll
 0000:fffc6000       .debug$S                   0000000180000000     vcruntimed:VCRUNTIME140D.dll
 0000:fffc6000       .debug$S                   0000000180000000     vcruntimed:VCRUNTIME140D.dll
 0000:fffc6000       .debug$S                   0000000180000000     vcruntimed:VCRUNTIME140D.dll
 0000:fffc6000       .debug$S                   0000000180000000     vcruntimed:VCRUNTIME140D.dll
 0000:fffc6000       .debug$S                   0000000180000000     ucrtd:ucrtbased.dll
 0000:fffc6000       .debug$S                   0000000180000000     ucrtd:ucrtbased.dll
 0000:fffc6000       .debug$S                   0000000180000000     ucrtd:ucrtbased.dll
 0000:fffc6000       .debug$S                   0000000180000000     ucrtd:ucrtbased.dll
 0000:fffc6000       .debug$S                   0000000180000000     ucrtd:ucrtbased.dll
 0000:fffc6000       .debug$S                   0000000180000000     ucrtd:ucrtbased.dll
 0000:fffc6000       .debug$S                   0000000180000000     ucrtd:ucrtbased.dll
 0000:fffc6000       .debug$S                   0000000180000000     ucrtd:ucrtbased.dll
 0000:fffc6000       .debug$S                   0000000180000000     ucrtd:ucrtbased.dll
 0000:fffc6000       .debug$S                   0000000180000000     ucrtd:ucrtbased.dll
 0000:fffc6000       .debug$S                   0000000180000000     ucrtd:ucrtbased.dll
 0000:fffc6000       .debug$S                   0000000180000000     ucrtd:ucrtbased.dll
 0000:fffc6000       .debug$S                   0000000180000000     ucrtd:ucrtbased.dll
 0000:fffc6000       .debug$S                   0000000180000000     ucrtd:ucrtbased.dll
 0000:fffc6000       .debug$S                   0000000180000000     ucrtd:ucrtbased.dll
 0000:fffc6000       .debug$S                   0000000180000000     ucrtd:ucrtbased.dll
 0000:fffc6000       .debug$S                   0000000180000000     ucrtd:ucrtbased.dll
 0000:fffc6000       .debug$S                   0000000180000000     ucrtd:ucrtbased.dll
 0000:fffc6000       .debug$S                   0000000180000000     ucrtd:ucrtbased.dll
 0000:fffc6000       .debug$S                   0000000180000000     ucrtd:ucrtbased.dll
 0000:fffc6000       .debug$S                   0000000180000000     ucrtd:ucrtbased.dll
 0000:fffc6000       .debug$S                   0000000180000000     ucrtd:ucrtbased.dll
 0000:fffc6000       .debug$S                   0000000180000000     ucrtd:ucrtbased.dll
 0000:fffc6000       .debug$S                   0000000180000000     ucrtd:ucrtbased.dll
 0000:fffc6000       .debug$S                   0000000180000000     ucrtd:ucrtbased.dll
 0000:fffc6000       .debug$S                   0000000180000000     kernel32:KERNEL32.dll
 0000:fffc6000       .debug$S                   0000000180000000     kernel32:KERNEL32.dll
 0000:fffc6000       .debug$S                   0000000180000000     kernel32:KERNEL32.dll
 0000:fffc6000       .debug$S                   0000000180000000     kernel32:KERNEL32.dll
 0000:fffc6000       .debug$S                   0000000180000000     kernel32:KERNEL32.dll
 0000:fffc6000       .debug$S                   0000000180000000     kernel32:KERNEL32.dll
 0000:fffc6000       .debug$S                   0000000180000000     kernel32:KERNEL32.dll
 0000:fffc6000       .debug$S                   0000000180000000     kernel32:KERNEL32.dll
 0000:fffc6000       .debug$S                   0000000180000000     kernel32:KERNEL32.dll
 0000:fffc6000       .debug$S                   0000000180000000     kernel32:KERNEL32.dll
 0000:fffc6000       .debug$S                   0000000180000000     kernel32:KERNEL32.dll
 0000:fffc6000       .debug$S                   0000000180000000     kernel32:KERNEL32.dll
 0000:fffc6000       .debug$S                   0000000180000000     kernel32:KERNEL32.dll
 0000:fffc6000       .debug$S                   0000000180000000     kernel32:KERNEL32.dll
 0000:fffc6000       .debug$S                   0000000180000000     kernel32:KERNEL32.dll
 0000:fffc6000       .debug$S                   0000000180000000     kernel32:KERNEL32.dll
 0000:fffc6000       .debug$S                   0000000180000000     kernel32:KERNEL32.dll
 0000:fffc6000       .debug$S                   0000000180000000     kernel32:KERNEL32.dll
 0000:fffc6000       .debug$S                   0000000180000000     kernel32:KERNEL32.dll
 0000:fffc6000       .debug$S                   0000000180000000     kernel32:KERNEL32.dll
 0000:fffc6000       .debug$S                   0000000180000000     kernel32:KERNEL32.dll
 0000:fffc6000       .debug$S                   0000000180000000     kernel32:KERNEL32.dll
 0000:fffc6000       .debug$S                   0000000180000000     kernel32:KERNEL32.dll
 0000:fffc6000       .debug$S                   0000000180000000     kernel32:KERNEL32.dll
 0000:fffc6000       .debug$S                   0000000180000000     kernel32:KERNEL32.dll
 0000:fffc6000       .debug$S                   0000000180000000     kernel32:KERNEL32.dll
 0000:fffc6000       .debug$S                   0000000180000000     kernel32:KERNEL32.dll
 0002:00001470       ?AddCollisionRule@@YAXPEAUgame_state@@IIH@Z 0000000180012470 f   p5engine.obj
 0002:00001670       ?AddEntity@@YAPEAUsim_entity@@PEAUgame_state@@PEAUsim_region@@IPEAUlow_entity@@PEATv3@@@Z 0000000180012670 f   p5engine.obj
 0002:00001810       ?AddEntityRaw@@YAPEAUsim_entity@@PEAUgame_state@@PEAUsim_region@@IPEAUlow_entity@@@Z 0000000180012810 f   p5engine.obj
 0002:00001a20       ?AddFamiliar@@YA?AUadd_low_entity_result@@PEAUgame_state@@III@Z 0000000180012a20 f   p5engine.obj
 0002:00001c20       ?AddLowEntity@@YA?AUadd_low_entity_result@@PEAUgame_state@@W4entity_type@@Uworld_position@@@Z 0000000180012c20 f   p5engine.obj
 0002:00001e90       ?AddMonstar@@YA?AUadd_low_entity_result@@PEAUgame_state@@III@Z 0000000180012e90 f   p5engine.obj
 0002:00002040       ?AddPlayer@@YA?AUadd_low_entity_result@@PEAUgame_state@@@Z 0000000180013040 f   p5engine.obj
 0002:000023b0       ?AddStairs@@YA?AUadd_low_entity_result@@PEAUgame_state@@III@Z 00000001800133b0 f   p5engine.obj
 0002:000025d0       ?AddSword@@YA?AUadd_low_entity_result@@PEAUgame_state@@@Z 00000001800135d0 f   p5engine.obj
 0002:00002730       ?AddWall@@YA?AUadd_low_entity_result@@PEAUgame_state@@III@Z 0000000180013730 f   p5engine.obj
 0002:00002a30       ?BeginSim@@YAPEAUsim_region@@PEAUmemory_arena@@PEAUgame_state@@PEAUworld@@Uworld_position@@Urectangle3@@M@Z 0000000180013a30 f   p5engine.obj
 0002:00003200       ?CanCollide@@YAHPEAUgame_state@@PEAUsim_entity@@1@Z 0000000180014200 f   p5engine.obj
 0002:000033d0       ?CanOverlap@@YAHPEAUgame_state@@PEAUsim_entity@@1@Z 00000001800143d0 f   p5engine.obj
 0002:00003450       ?ChangeEntityLocation@@YAXPEAUmemory_arena@@PEAUworld@@IPEAUlow_entity@@Uworld_position@@@Z 0000000180014450 f   p5engine.obj
 0002:00003fd0       ?ClearCollisionRulesFor@@YAXPEAUgame_state@@I@Z 0000000180014fd0 f   p5engine.obj
 0002:00004160       ?DEBUGLoadBMP@@YA?AUloaded_bitmap@@PEAUthread_context@@P6A?AUdebug_read_file_result@@0PEAD@Z1@Z 0000000180015160 f   p5engine.obj
 0002:00004700       ?DrawBitmap@@YAXPEAUgame_offscreen_buffer@@PEAUloaded_bitmap@@MMM@Z 0000000180015700 f   p5engine.obj
 0002:00004c80       ?DrawHitpoints@@YAXPEAUsim_entity@@PEAUentity_visible_piece_group@@@Z 0000000180015c80 f   p5engine.obj
 0002:00004f80       ?DrawRectangle@@YAXPEAUgame_offscreen_buffer@@Tv2@@1MMM@Z 0000000180015f80 f   p5engine.obj
 0002:00005220       ?EndSim@@YAXPEAUsim_region@@PEAUgame_state@@@Z 0000000180016220 f   p5engine.obj
 0002:00005860       ?GameOutputSound@@YAXPEAUgame_state@@PEAUgame_sound_output_buffer@@H@Z 0000000180016860 f   p5engine.obj
 0002:00005b50       ?GetHashFromStorageIndex@@YAPEAUsim_entity_hash@@PEAUsim_region@@I@Z 0000000180016b50 f   p5engine.obj
 0002:000063c0       ?HandleCollision@@YAHPEAUgame_state@@PEAUsim_entity@@1@Z 00000001800173c0 f   p5engine.obj
 0002:000064f0       ?HandleOverlap@@YAXPEAUgame_state@@PEAUsim_entity@@1MPEAM@Z 00000001800174f0 f   p5engine.obj
 0002:00006780       ?InitHitPoints@@YAXPEAUlow_entity@@I@Z 0000000180017780 f   p5engine.obj
 0002:000068c0       ?InitializeWorld@@YAXPEAUworld@@M@Z 00000001800178c0 f   p5engine.obj
 0002:00007440       ?MoveEntity@@YAXPEAUgame_state@@PEAUsim_region@@PEAUsim_entity@@MPEAUmove_spec@@Tv3@@@Z 0000000180018440 f   p5engine.obj
 0002:000099c0       ?Subtract@@YA?ATv3@@PEAUworld@@PEAUworld_position@@1@Z 000000018001a9c0 f   p5engine.obj
 0002:00009cf0       ?TestWall@@YAHMMMMMPEAMMM@Z 000000018001acf0 f   p5engine.obj
 0002:0000c7a8       $LN111                     000000018001d7a8     p5engine.obj
 0002:0000d610       $$000000                   000000018001e610     MSVCRTD:chkstk.obj
 0002:0000d690       $$000000                   000000018001e690     MSVCRTD:amdsecgs.obj
 0002:0000d6d0       ?dllmain_crt_dispatch@@YAHQEAUHINSTANCE__@@KQEAX@Z 000000018001e6d0 f   MSVCRTD:dll_dllmain.obj
 0002:0000d780       ?dllmain_crt_process_attach@@YAHQEAUHINSTANCE__@@QEAX@Z 000000018001e780 f   MSVCRTD:dll_dllmain.obj
 0002:0000d910       ?dllmain_crt_process_detach@@YAH_N@Z 000000018001e910 f   MSVCRTD:dll_dllmain.obj
 0002:0000d9d0       ?dllmain_dispatch@@YAHQEAUHINSTANCE__@@KQEAX@Z 000000018001e9d0 f   MSVCRTD:dll_dllmain.obj
 0002:0000db60       ?dllmain_raw@@YAHQEAUHINSTANCE__@@KQEAX@Z 000000018001eb60 f   MSVCRTD:dll_dllmain.obj
 0002:0000dc60       ?DebuggerProbe@@YA_NK@Z    000000018001ec60 f   MSVCRTD:error.obj
 0002:0000dcb0       ?DebuggerRuntime@@YA_NKHPEAXPEB_W@Z 000000018001ecb0 f   MSVCRTD:error.obj
 0002:0000e040       ?_getMemBlockDataString@@YAXPEAD0PEBD_K@Z 000000018001f040 f   MSVCRTD:error.obj
 0002:0000e120       ?_strlen_priv@@YA_KPEBD@Z  000000018001f120 f   MSVCRTD:error.obj
 0002:0000e140       ?failwithmessage@@YAXPEAXHHPEBD@Z 000000018001f140 f   MSVCRTD:error.obj
 0002:0000e440       ?notify_debugger@@YAXAEBUtagEXCEPTION_VISUALCPP_DEBUG_INFO@@@Z 000000018001f440 f   MSVCRTD:error.obj
 0002:0000eaa0       capture_current_context    000000018001faa0 f   MSVCRTD:gs_report.obj
 0002:0000eb60       capture_previous_context   000000018001fb60 f   MSVCRTD:gs_report.obj
 0002:0000ec40       __get_entropy              000000018001fc40 f   MSVCRTD:gs_support.obj
 0002:0000eef0       ?find_pe_section@@YAPEAU_IMAGE_SECTION_HEADER@@QEAE_K@Z 000000018001fef0 f   MSVCRTD:utility.obj
 0002:0000f010       ?is_potentially_valid_image_base@@YA_NQEAX@Z 0000000180020010 f   MSVCRTD:utility.obj
 0002:0000fdb0       __castguard_compat_check   0000000180020db0 f   MSVCRTD:guard_support.obj
 0002:0000ff90       __castguard_slow_path_compat_check 0000000180020f90 f   MSVCRTD:guard_support.obj
 0002:00010080       ?GetPdbDll@@YAPEAUHINSTANCE__@@XZ 0000000180021080 f   MSVCRTD:pdblkup.obj
 0002:00010220       ?GetPdbDllFromInstallPath@@YAPEAUHINSTANCE__@@XZ 0000000180021220 f   MSVCRTD:pdblkup.obj
 0002:00010580       ?GetPdbDllPathFromFilePath@@YAHPEB_WPEA_W_K@Z 0000000180021580 f   MSVCRTD:pdblkup.obj
 0002:000126d0       $$000000                   00000001800236d0     MSVCRTD:guard_dispatch.obj
 0002:000126f0       $$000000                   00000001800236f0     MSVCRTD:guard_xfg_dispatch.obj
 0002:00013710       ?fin$0@?0??dllmain_crt_process_attach@@YAHQEAUHINSTANCE__@@QEAX@Z@4HA 0000000180024710 f   MSVCRTD:dll_dllmain.obj
 0002:00013730       ?fin$0@?0??dllmain_crt_process_detach@@YAH_N@Z@4HA 0000000180024730 f   MSVCRTD:dll_dllmain.obj
 0002:0001374a       ?fin$1@?0??dllmain_crt_process_detach@@YAH_N@Z@4HA 000000018002474a f   MSVCRTD:dll_dllmain.obj
 0002:00013770       ?filt$0@?0??dllmain_dispatch@@YAHQEAUHINSTANCE__@@KQEAX@Z@4HA 0000000180024770 f   MSVCRTD:dll_dllmain.obj
 0002:000137d0       ?filt$0@?0??notify_debugger@@YAXAEBUtagEXCEPTION_VISUALCPP_DEBUG_INFO@@@Z@4HA 00000001800247d0 f   MSVCRTD:error.obj
 0002:00013800       __scrt_is_nonwritable_in_current_image$filt$0 0000000180024800 f   MSVCRTD:utility.obj
 0003:00000880       ?FindLeastSignificantSetBit@@YA?AUbit_scan_result@@I@Z$rtcName$0 0000000180026880     p5engine.obj
 0003:00000890       ?FindLeastSignificantSetBit@@YA?AUbit_scan_result@@I@Z$rtcVarDesc 0000000180026890     p5engine.obj
 0003:000008d0       ?FindLeastSignificantSetBit@@YA?AUbit_scan_result@@I@Z$rtcFrameData 00000001800268d0     p5engine.obj
 0003:00000900       ?V2@@YA?ATv2@@MM@Z$rtcName$0 0000000180026900     p5engine.obj
 0003:00000910       ?V2@@YA?ATv2@@MM@Z$rtcVarDesc 0000000180026910     p5engine.obj
 0003:00000950       ?V2@@YA?ATv2@@MM@Z$rtcFrameData 0000000180026950     p5engine.obj
 0003:00000980       ??D@YA?ATv2@@MT0@@Z$rtcName$0 0000000180026980     p5engine.obj
 0003:00000990       ??D@YA?ATv2@@MT0@@Z$rtcVarDesc 0000000180026990     p5engine.obj
 0003:000009d0       ??D@YA?ATv2@@MT0@@Z$rtcFrameData 00000001800269d0     p5engine.obj
 0003:00000a00       ??H@YA?ATv2@@T0@0@Z$rtcName$0 0000000180026a00     p5engine.obj
 0003:00000a10       ??H@YA?ATv2@@T0@0@Z$rtcVarDesc 0000000180026a10     p5engine.obj
 0003:00000a50       ??H@YA?ATv2@@T0@0@Z$rtcFrameData 0000000180026a50     p5engine.obj
 0003:00000a80       ??G@YA?ATv2@@T0@0@Z$rtcName$0 0000000180026a80     p5engine.obj
 0003:00000a90       ??G@YA?ATv2@@T0@0@Z$rtcVarDesc 0000000180026a90     p5engine.obj
 0003:00000ad0       ??G@YA?ATv2@@T0@0@Z$rtcFrameData 0000000180026ad0     p5engine.obj
 0003:00000b00       ?V3@@YA?ATv3@@MMM@Z$rtcName$0 0000000180026b00     p5engine.obj
 0003:00000b10       ?V3@@YA?ATv3@@MMM@Z$rtcVarDesc 0000000180026b10     p5engine.obj
 0003:00000b50       ?V3@@YA?ATv3@@MMM@Z$rtcFrameData 0000000180026b50     p5engine.obj
 0003:00000b80       ??D@YA?ATv3@@MT0@@Z$rtcName$0 0000000180026b80     p5engine.obj
 0003:00000b90       ??D@YA?ATv3@@MT0@@Z$rtcVarDesc 0000000180026b90     p5engine.obj
 0003:00000bd0       ??D@YA?ATv3@@MT0@@Z$rtcFrameData 0000000180026bd0     p5engine.obj
 0003:00000c00       ??D@YA?ATv3@@T0@M@Z$rtcName$0 0000000180026c00     p5engine.obj
 0003:00000c10       ??D@YA?ATv3@@T0@M@Z$rtcVarDesc 0000000180026c10     p5engine.obj
 0003:00000c50       ??D@YA?ATv3@@T0@M@Z$rtcFrameData 0000000180026c50     p5engine.obj
 0003:00000c80       ??H@YA?ATv3@@T0@0@Z$rtcName$0 0000000180026c80     p5engine.obj
 0003:00000c90       ??H@YA?ATv3@@T0@0@Z$rtcVarDesc 0000000180026c90     p5engine.obj
 0003:00000cd0       ??H@YA?ATv3@@T0@0@Z$rtcFrameData 0000000180026cd0     p5engine.obj
 0003:00000d00       ??G@YA?ATv3@@T0@0@Z$rtcName$0 0000000180026d00     p5engine.obj
 0003:00000d10       ??G@YA?ATv3@@T0@0@Z$rtcVarDesc 0000000180026d10     p5engine.obj
 0003:00000d50       ??G@YA?ATv3@@T0@0@Z$rtcFrameData 0000000180026d50     p5engine.obj
 0003:00000d80       ?Hadamard@@YA?ATv3@@T1@0@Z$rtcName$0 0000000180026d80     p5engine.obj
 0003:00000d90       ?Hadamard@@YA?ATv3@@T1@0@Z$rtcVarDesc 0000000180026d90     p5engine.obj
 0003:00000dd0       ?Hadamard@@YA?ATv3@@T1@0@Z$rtcFrameData 0000000180026dd0     p5engine.obj
 0003:00000e00       ?Clamp01@@YA?ATv3@@T1@@Z$rtcName$0 0000000180026e00     p5engine.obj
 0003:00000e10       ?Clamp01@@YA?ATv3@@T1@@Z$rtcVarDesc 0000000180026e10     p5engine.obj
 0003:00000e50       ?Clamp01@@YA?ATv3@@T1@@Z$rtcFrameData 0000000180026e50     p5engine.obj
 0003:00000e80       ?V4@@YA?ATv4@@MMMM@Z$rtcName$0 0000000180026e80     p5engine.obj
 0003:00000e90       ?V4@@YA?ATv4@@MMMM@Z$rtcVarDesc 0000000180026e90     p5engine.obj
 0003:00000ed0       ?V4@@YA?ATv4@@MMMM@Z$rtcFrameData 0000000180026ed0     p5engine.obj
 0003:00000f00       ?GetMinCorner@@YA?ATv3@@Urectangle3@@@Z$rtcName$0 0000000180026f00     p5engine.obj
 0003:00000f10       ?GetMinCorner@@YA?ATv3@@Urectangle3@@@Z$rtcVarDesc 0000000180026f10     p5engine.obj
 0003:00000f50       ?GetMinCorner@@YA?ATv3@@Urectangle3@@@Z$rtcFrameData 0000000180026f50     p5engine.obj
 0003:00000f80       ?GetMaxCorner@@YA?ATv3@@Urectangle3@@@Z$rtcName$0 0000000180026f80     p5engine.obj
 0003:00000f90       ?GetMaxCorner@@YA?ATv3@@Urectangle3@@@Z$rtcVarDesc 0000000180026f90     p5engine.obj
 0003:00000fd0       ?GetMaxCorner@@YA?ATv3@@Urectangle3@@@Z$rtcFrameData 0000000180026fd0     p5engine.obj
 0003:00001000       ?RectCenterHalfDim@@YA?AUrectangle3@@Tv3@@0@Z$rtcName$0 0000000180027000     p5engine.obj
 0003:00001010       ?RectCenterHalfDim@@YA?AUrectangle3@@Tv3@@0@Z$rtcVarDesc 0000000180027010     p5engine.obj
 0003:00001050       ?RectCenterHalfDim@@YA?AUrectangle3@@Tv3@@0@Z$rtcFrameData 0000000180027050     p5engine.obj
 0003:00001080       ?AddRadiusTo@@YA?AUrectangle3@@U1@Tv3@@@Z$rtcName$0 0000000180027080     p5engine.obj
 0003:00001090       ?AddRadiusTo@@YA?AUrectangle3@@U1@Tv3@@@Z$rtcVarDesc 0000000180027090     p5engine.obj
 0003:000010d0       ?AddRadiusTo@@YA?AUrectangle3@@U1@Tv3@@@Z$rtcFrameData 00000001800270d0     p5engine.obj
 0003:00001100       ?RectCenterDim@@YA?AUrectangle3@@Tv3@@0@Z$rtcName$0 0000000180027100     p5engine.obj
 0003:00001110       ?RectCenterDim@@YA?AUrectangle3@@Tv3@@0@Z$rtcVarDesc 0000000180027110     p5engine.obj
 0003:00001150       ?RectCenterDim@@YA?AUrectangle3@@Tv3@@0@Z$rtcFrameData 0000000180027150     p5engine.obj
 0003:00001180       ?GetBarycentric@@YA?ATv3@@Urectangle3@@T1@@Z$rtcName$0 0000000180027180     p5engine.obj
 0003:00001190       ?GetBarycentric@@YA?ATv3@@Urectangle3@@T1@@Z$rtcVarDesc 0000000180027190     p5engine.obj
 0003:000011d0       ?GetBarycentric@@YA?ATv3@@Urectangle3@@T1@@Z$rtcFrameData 00000001800271d0     p5engine.obj
 0003:00001200       ?NullPosition@@YA?AUworld_position@@XZ$rtcName$0 0000000180027200     p5engine.obj
 0003:00001210       ?NullPosition@@YA?AUworld_position@@XZ$rtcVarDesc 0000000180027210     p5engine.obj
 0003:00001250       ?NullPosition@@YA?AUworld_position@@XZ$rtcFrameData 0000000180027250     p5engine.obj
 0003:00001280       ?MapIntoChunkSpace@@YA?AUworld_position@@PEAUworld@@U1@Tv3@@@Z$rtcName$0 0000000180027280     p5engine.obj
 0003:00001290       ?MapIntoChunkSpace@@YA?AUworld_position@@PEAUworld@@U1@Tv3@@@Z$rtcVarDesc 0000000180027290     p5engine.obj
 0003:000012d0       ?MapIntoChunkSpace@@YA?AUworld_position@@PEAUworld@@U1@Tv3@@@Z$rtcFrameData 00000001800272d0     p5engine.obj
 0003:00001300       ?ChunkPositionFromTilePosition@@YA?AUworld_position@@PEAUworld@@HHHTv3@@@Z$rtcName$0 0000000180027300     p5engine.obj
 0003:00001308       ?ChunkPositionFromTilePosition@@YA?AUworld_position@@PEAUworld@@HHHTv3@@@Z$rtcName$1 0000000180027308     p5engine.obj
 0003:00001310       ?ChunkPositionFromTilePosition@@YA?AUworld_position@@PEAUworld@@HHHTv3@@@Z$rtcName$2 0000000180027310     p5engine.obj
 0003:00001320       ?ChunkPositionFromTilePosition@@YA?AUworld_position@@PEAUworld@@HHHTv3@@@Z$rtcVarDesc 0000000180027320     p5engine.obj
 0003:000013e0       ?ChunkPositionFromTilePosition@@YA?AUworld_position@@PEAUworld@@HHHTv3@@@Z$rtcFrameData 00000001800273e0     p5engine.obj
 0003:00001420       ?Subtract@@YA?ATv3@@PEAUworld@@PEAUworld_position@@1@Z$rtcName$0 0000000180027420     p5engine.obj
 0003:00001428       ?Subtract@@YA?ATv3@@PEAUworld@@PEAUworld_position@@1@Z$rtcName$1 0000000180027428     p5engine.obj
 0003:00001430       ?Subtract@@YA?ATv3@@PEAUworld@@PEAUworld_position@@1@Z$rtcVarDesc 0000000180027430     p5engine.obj
 0003:000014b0       ?Subtract@@YA?ATv3@@PEAUworld@@PEAUworld_position@@1@Z$rtcFrameData 00000001800274b0     p5engine.obj
 0003:000014e0       ?GetSimSpacePos@@YA?ATv3@@PEAUsim_region@@PEAUlow_entity@@@Z$rtcName$0 00000001800274e0     p5engine.obj
 0003:000014f0       ?GetSimSpacePos@@YA?ATv3@@PEAUsim_region@@PEAUlow_entity@@@Z$rtcVarDesc 00000001800274f0     p5engine.obj
 0003:00001530       ?GetSimSpacePos@@YA?ATv3@@PEAUsim_region@@PEAUlow_entity@@@Z$rtcFrameData 0000000180027530     p5engine.obj
 0003:00001560       ?LoadEntityReference@@YAXPEAUgame_state@@PEAUsim_region@@PEATentity_reference@@@Z$rtcName$0 0000000180027560     p5engine.obj
 0003:00001570       ?LoadEntityReference@@YAXPEAUgame_state@@PEAUsim_region@@PEATentity_reference@@@Z$rtcVarDesc 0000000180027570     p5engine.obj
 0003:000015b0       ?LoadEntityReference@@YAXPEAUgame_state@@PEAUsim_region@@PEATentity_reference@@@Z$rtcFrameData 00000001800275b0     p5engine.obj
 0003:000015e0       ?EntityOverlapsRectangle@@YAHTv3@@0Urectangle3@@@Z$rtcName$0 00000001800275e0     p5engine.obj
 0003:000015f0       ?EntityOverlapsRectangle@@YAHTv3@@0Urectangle3@@@Z$rtcVarDesc 00000001800275f0     p5engine.obj
 0003:00001630       ?EntityOverlapsRectangle@@YAHTv3@@0Urectangle3@@@Z$rtcFrameData 0000000180027630     p5engine.obj
 0003:00001660       ?BeginSim@@YAPEAUsim_region@@PEAUmemory_arena@@PEAUgame_state@@PEAUworld@@Uworld_position@@Urectangle3@@M@Z$rtcName$0 0000000180027660     p5engine.obj
 0003:00001670       ?BeginSim@@YAPEAUsim_region@@PEAUmemory_arena@@PEAUgame_state@@PEAUworld@@Uworld_position@@Urectangle3@@M@Z$rtcName$1 0000000180027670     p5engine.obj
 0003:00001680       ?BeginSim@@YAPEAUsim_region@@PEAUmemory_arena@@PEAUgame_state@@PEAUworld@@Uworld_position@@Urectangle3@@M@Z$rtcName$2 0000000180027680     p5engine.obj
 0003:00001690       ?BeginSim@@YAPEAUsim_region@@PEAUmemory_arena@@PEAUgame_state@@PEAUworld@@Uworld_position@@Urectangle3@@M@Z$rtcVarDesc 0000000180027690     p5engine.obj
 0003:00001750       ?BeginSim@@YAPEAUsim_region@@PEAUmemory_arena@@PEAUgame_state@@PEAUworld@@Uworld_position@@Urectangle3@@M@Z$rtcFrameData 0000000180027750     p5engine.obj
 0003:000017a0       ?EndSim@@YAXPEAUsim_region@@PEAUgame_state@@@Z$rtcName$0 00000001800277a0     p5engine.obj
 0003:000017a8       ?EndSim@@YAXPEAUsim_region@@PEAUgame_state@@@Z$rtcName$1 00000001800277a8     p5engine.obj
 0003:000017c0       ?EndSim@@YAXPEAUsim_region@@PEAUgame_state@@@Z$rtcVarDesc 00000001800277c0     p5engine.obj
 0003:00001840       ?EndSim@@YAXPEAUsim_region@@PEAUgame_state@@@Z$rtcFrameData 0000000180027840     p5engine.obj
 0003:00001880       ?HandleOverlap@@YAXPEAUgame_state@@PEAUsim_entity@@1MPEAM@Z$rtcName$0 0000000180027880     p5engine.obj
 0003:0000188c       ?HandleOverlap@@YAXPEAUgame_state@@PEAUsim_entity@@1MPEAM@Z$rtcName$1 000000018002788c     p5engine.obj
 0003:000018a0       ?HandleOverlap@@YAXPEAUgame_state@@PEAUsim_entity@@1MPEAM@Z$rtcVarDesc 00000001800278a0     p5engine.obj
 0003:00001920       ?HandleOverlap@@YAXPEAUgame_state@@PEAUsim_entity@@1MPEAM@Z$rtcFrameData 0000000180027920     p5engine.obj
 0003:00001960       ?MoveEntity@@YAXPEAUgame_state@@PEAUsim_region@@PEAUsim_entity@@MPEAUmove_spec@@Tv3@@@Z$rtcName$0 0000000180027960     p5engine.obj
 0003:00001970       ?MoveEntity@@YAXPEAUgame_state@@PEAUsim_region@@PEAUsim_entity@@MPEAUmove_spec@@Tv3@@@Z$rtcName$1 0000000180027970     p5engine.obj
 0003:0000197c       ?MoveEntity@@YAXPEAUgame_state@@PEAUsim_region@@PEAUsim_entity@@MPEAUmove_spec@@Tv3@@@Z$rtcName$9 000000018002797c     p5engine.obj
 0003:00001980       ?MoveEntity@@YAXPEAUgame_state@@PEAUsim_region@@PEAUsim_entity@@MPEAUmove_spec@@Tv3@@@Z$rtcName$2 0000000180027980     p5engine.obj
 0003:0000198c       ?MoveEntity@@YAXPEAUgame_state@@PEAUsim_region@@PEAUsim_entity@@MPEAUmove_spec@@Tv3@@@Z$rtcName$3 000000018002798c     p5engine.obj
 0003:00001994       ?MoveEntity@@YAXPEAUgame_state@@PEAUsim_region@@PEAUsim_entity@@MPEAUmove_spec@@Tv3@@@Z$rtcName$10 0000000180027994     p5engine.obj
 0003:000019a0       ?MoveEntity@@YAXPEAUgame_state@@PEAUsim_region@@PEAUsim_entity@@MPEAUmove_spec@@Tv3@@@Z$rtcName$4 00000001800279a0     p5engine.obj
 0003:000019b0       ?MoveEntity@@YAXPEAUgame_state@@PEAUsim_region@@PEAUsim_entity@@MPEAUmove_spec@@Tv3@@@Z$rtcName$5 00000001800279b0     p5engine.obj
 0003:000019c0       ?MoveEntity@@YAXPEAUgame_state@@PEAUsim_region@@PEAUsim_entity@@MPEAUmove_spec@@Tv3@@@Z$rtcName$6 00000001800279c0     p5engine.obj
 0003:000019d8       ?MoveEntity@@YAXPEAUgame_state@@PEAUsim_region@@PEAUsim_entity@@MPEAUmove_spec@@Tv3@@@Z$rtcName$7 00000001800279d8     p5engine.obj
 0003:000019e8       ?MoveEntity@@YAXPEAUgame_state@@PEAUsim_region@@PEAUsim_entity@@MPEAUmove_spec@@Tv3@@@Z$rtcName$8 00000001800279e8     p5engine.obj
 0003:000019f8       ?MoveEntity@@YAXPEAUgame_state@@PEAUsim_region@@PEAUsim_entity@@MPEAUmove_spec@@Tv3@@@Z$rtcName$11 00000001800279f8     p5engine.obj
 0003:00001a08       ?MoveEntity@@YAXPEAUgame_state@@PEAUsim_region@@PEAUsim_entity@@MPEAUmove_spec@@Tv3@@@Z$rtcName$12 0000000180027a08     p5engine.obj
 0003:00001a20       ?MoveEntity@@YAXPEAUgame_state@@PEAUsim_region@@PEAUsim_entity@@MPEAUmove_spec@@Tv3@@@Z$rtcVarDesc 0000000180027a20     p5engine.obj
 0003:00001d60       ?MoveEntity@@YAXPEAUgame_state@@PEAUsim_region@@PEAUsim_entity@@MPEAUmove_spec@@Tv3@@@Z$rtcFrameData 0000000180027d60     p5engine.obj
 0003:00001e40       ?DefaultMoveSpec@@YA?AUmove_spec@@XZ$rtcName$0 0000000180027e40     p5engine.obj
 0003:00001e50       ?DefaultMoveSpec@@YA?AUmove_spec@@XZ$rtcVarDesc 0000000180027e50     p5engine.obj
 0003:00001e90       ?DefaultMoveSpec@@YA?AUmove_spec@@XZ$rtcFrameData 0000000180027e90     p5engine.obj
 0003:00001ec0       ?DEBUGLoadBMP@@YA?AUloaded_bitmap@@PEAUthread_context@@P6A?AUdebug_read_file_result@@0PEAD@Z1@Z$rtcName$0 0000000180027ec0     p5engine.obj
 0003:00001ec8       ?DEBUGLoadBMP@@YA?AUloaded_bitmap@@PEAUthread_context@@P6A?AUdebug_read_file_result@@0PEAD@Z1@Z$rtcName$1 0000000180027ec8     p5engine.obj
 0003:00001ed8       ?DEBUGLoadBMP@@YA?AUloaded_bitmap@@PEAUthread_context@@P6A?AUdebug_read_file_result@@0PEAD@Z1@Z$rtcName$2 0000000180027ed8     p5engine.obj
 0003:00001ee0       ?DEBUGLoadBMP@@YA?AUloaded_bitmap@@PEAUthread_context@@P6A?AUdebug_read_file_result@@0PEAD@Z1@Z$rtcName$3 0000000180027ee0     p5engine.obj
 0003:00001ef0       ?DEBUGLoadBMP@@YA?AUloaded_bitmap@@PEAUthread_context@@P6A?AUdebug_read_file_result@@0PEAD@Z1@Z$rtcName$4 0000000180027ef0     p5engine.obj
 0003:00001f00       ?DEBUGLoadBMP@@YA?AUloaded_bitmap@@PEAUthread_context@@P6A?AUdebug_read_file_result@@0PEAD@Z1@Z$rtcName$5 0000000180027f00     p5engine.obj
 0003:00001f10       ?DEBUGLoadBMP@@YA?AUloaded_bitmap@@PEAUthread_context@@P6A?AUdebug_read_file_result@@0PEAD@Z1@Z$rtcVarDesc 0000000180027f10     p5engine.obj
 0003:00002090       ?DEBUGLoadBMP@@YA?AUloaded_bitmap@@PEAUthread_context@@P6A?AUdebug_read_file_result@@0PEAD@Z1@Z$rtcFrameData 0000000180028090     p5engine.obj
 0003:00002100       ?AddLowEntity@@YA?AUadd_low_entity_result@@PEAUgame_state@@W4entity_type@@Uworld_position@@@Z$rtcName$0 0000000180028100     p5engine.obj
 0003:00002110       ?AddLowEntity@@YA?AUadd_low_entity_result@@PEAUgame_state@@W4entity_type@@Uworld_position@@@Z$rtcVarDesc 0000000180028110     p5engine.obj
 0003:00002150       ?AddLowEntity@@YA?AUadd_low_entity_result@@PEAUgame_state@@W4entity_type@@Uworld_position@@@Z$rtcFrameData 0000000180028150     p5engine.obj
 0003:00002180       ?AddWall@@YA?AUadd_low_entity_result@@PEAUgame_state@@III@Z$rtcName$0 0000000180028180     p5engine.obj
 0003:00002184       ?AddWall@@YA?AUadd_low_entity_result@@PEAUgame_state@@III@Z$rtcName$1 0000000180028184     p5engine.obj
 0003:00002190       ?AddWall@@YA?AUadd_low_entity_result@@PEAUgame_state@@III@Z$rtcVarDesc 0000000180028190     p5engine.obj
 0003:00002210       ?AddWall@@YA?AUadd_low_entity_result@@PEAUgame_state@@III@Z$rtcFrameData 0000000180028210     p5engine.obj
 0003:00002300       ?AddSword@@YA?AUadd_low_entity_result@@PEAUgame_state@@@Z$rtcName$0 0000000180028300     p5engine.obj
 0003:00002310       ?AddSword@@YA?AUadd_low_entity_result@@PEAUgame_state@@@Z$rtcVarDesc 0000000180028310     p5engine.obj
 0003:00002350       ?AddSword@@YA?AUadd_low_entity_result@@PEAUgame_state@@@Z$rtcFrameData 0000000180028350     p5engine.obj
 0003:00002380       ?AddPlayer@@YA?AUadd_low_entity_result@@PEAUgame_state@@@Z$rtcName$0 0000000180028380     p5engine.obj
 0003:00002384       ?AddPlayer@@YA?AUadd_low_entity_result@@PEAUgame_state@@@Z$rtcName$1 0000000180028384     p5engine.obj
 0003:0000238c       ?AddPlayer@@YA?AUadd_low_entity_result@@PEAUgame_state@@@Z$rtcName$2 000000018002838c     p5engine.obj
 0003:000023a0       ?AddPlayer@@YA?AUadd_low_entity_result@@PEAUgame_state@@@Z$rtcVarDesc 00000001800283a0     p5engine.obj
 0003:00002460       ?AddPlayer@@YA?AUadd_low_entity_result@@PEAUgame_state@@@Z$rtcFrameData 0000000180028460     p5engine.obj
 0003:000024a0       ?AddMonstar@@YA?AUadd_low_entity_result@@PEAUgame_state@@III@Z$rtcName$0 00000001800284a0     p5engine.obj
 0003:000024a4       ?AddMonstar@@YA?AUadd_low_entity_result@@PEAUgame_state@@III@Z$rtcName$1 00000001800284a4     p5engine.obj
 0003:000024b0       ?AddMonstar@@YA?AUadd_low_entity_result@@PEAUgame_state@@III@Z$rtcVarDesc 00000001800284b0     p5engine.obj
 0003:00002530       ?AddMonstar@@YA?AUadd_low_entity_result@@PEAUgame_state@@III@Z$rtcFrameData 0000000180028530     p5engine.obj
 0003:00002560       ?AddFamiliar@@YA?AUadd_low_entity_result@@PEAUgame_state@@III@Z$rtcName$0 0000000180028560     p5engine.obj
[...]
 0003:00004ca8       $unwind$?IsCanonical@@YAHMM@Z 000000018002aca8     p5engine.obj
 0003:00004cbc       $unwind$?IsCanonical@@YAHPEAUworld@@Tv3@@@Z 000000018002acbc     p5engine.obj
 0003:00004cd0       $unwind$?AreInSameChunk@@YAHPEAUworld@@PEAUworld_position@@1@Z 000000018002acd0     p5engine.obj
 0003:00004ce4       $unwind$?GetWorldChunk@@YAPEAUworld_chunk@@PEAUworld@@HHHPEAUmemory_arena@@@Z 000000018002ace4     p5engine.obj
 0003:00004cf8       $unwind$?InitializeWorld@@YAXPEAUworld@@M@Z 000000018002acf8     p5engine.obj
 0003:00004d0c       $unwind$?RecanonicalizeCoord@@YAXMPEAHPEAM@Z 000000018002ad0c     p5engine.obj
 0003:00004d20       $unwind$?MapIntoChunkSpace@@YA?AUworld_position@@PEAUworld@@U1@Tv3@@@Z 000000018002ad20     p5engine.obj
 0003:00004d3c       $unwind$?ChunkPositionFromTilePosition@@YA?AUworld_position@@PEAUworld@@HHHTv3@@@Z 000000018002ad3c     p5engine.obj
 0003:00004d58       $unwind$?Subtract@@YA?ATv3@@PEAUworld@@PEAUworld_position@@1@Z 000000018002ad58     p5engine.obj
 0003:00004d74       $unwind$?ChangeEntityLocationRaw@@YAXPEAUmemory_arena@@PEAUworld@@IPEAUworld_position@@2@Z 000000018002ad74     p5engine.obj
 0003:00004d88       $unwind$?ChangeEntityLocation@@YAXPEAUmemory_arena@@PEAUworld@@IPEAUlow_entity@@Uworld_position@@@Z 000000018002ad88     p5engine.obj
 0003:00004d9c       $unwind$?GetHashFromStorageIndex@@YAPEAUsim_entity_hash@@PEAUsim_region@@I@Z 000000018002ad9c     p5engine.obj
 0003:00004db0       $unwind$?GetSimSpacePos@@YA?ATv3@@PEAUsim_region@@PEAUlow_entity@@@Z 000000018002adb0     p5engine.obj
 0003:00004dc4       $unwind$?AddEntity@@YAPEAUsim_entity@@PEAUgame_state@@PEAUsim_region@@IPEAUlow_entity@@PEATv3@@@Z 000000018002adc4     p5engine.obj
 0003:00004dd8       $unwind$?LoadEntityReference@@YAXPEAUgame_state@@PEAUsim_region@@PEATentity_reference@@@Z 000000018002add8     p5engine.obj
 0003:00004df4       $unwind$?StoreEntityReference@@YAXPEATentity_reference@@@Z 000000018002adf4     p5engine.obj
 0003:00004e08       $unwind$?AddEntityRaw@@YAPEAUsim_entity@@PEAUgame_state@@PEAUsim_region@@IPEAUlow_entity@@@Z 000000018002ae08     p5engine.obj
 0003:00004e1c       $unwind$?EntityOverlapsRectangle@@YAHTv3@@0Urectangle3@@@Z 000000018002ae1c     p5engine.obj
 0003:00004e30       $unwind$?BeginSim@@YAPEAUsim_region@@PEAUmemory_arena@@PEAUgame_state@@PEAUworld@@Uworld_position@@Urectangle3@@M@Z 000000018002ae30     p5engine.obj
 0003:00004e4c       $unwind$?EndSim@@YAXPEAUsim_region@@PEAUgame_state@@@Z 000000018002ae4c     p5engine.obj
 0003:00004e68       $unwind$?TestWall@@YAHMMMMMPEAMMM@Z 000000018002ae68     p5engine.obj
 0003:00004e7c       $unwind$?CanCollide@@YAHPEAUgame_state@@PEAUsim_entity@@1@Z 000000018002ae7c     p5engine.obj
 0003:00004e90       $unwind$?HandleCollision@@YAHPEAUgame_state@@PEAUsim_entity@@1@Z 000000018002ae90     p5engine.obj
 0003:00004ea4       $unwind$?CanOverlap@@YAHPEAUgame_state@@PEAUsim_entity@@1@Z 000000018002aea4     p5engine.obj
 0003:00004eb8       $unwind$?HandleOverlap@@YAXPEAUgame_state@@PEAUsim_entity@@1MPEAM@Z 000000018002aeb8     p5engine.obj
 0003:00004ed4       $unwind$?MoveEntity@@YAXPEAUgame_state@@PEAUsim_region@@PEAUsim_entity@@MPEAUmove_spec@@Tv3@@@Z 000000018002aed4     p5engine.obj
 0003:00004ef0       $unwind$?DefaultMoveSpec@@YA?AUmove_spec@@XZ 000000018002aef0     p5engine.obj
 0003:00004f0c       $unwind$?GameOutputSound@@YAXPEAUgame_state@@PEAUgame_sound_output_buffer@@H@Z 000000018002af0c     p5engine.obj
 0003:00004f20       $unwind$?DrawRectangle@@YAXPEAUgame_offscreen_buffer@@Tv2@@1MMM@Z 000000018002af20     p5engine.obj
 0003:00004f34       $unwind$?DrawBitmap@@YAXPEAUgame_offscreen_buffer@@PEAUloaded_bitmap@@MMM@Z 000000018002af34     p5engine.obj
 0003:00004f48       $unwind$?DEBUGLoadBMP@@YA?AUloaded_bitmap@@PEAUthread_context@@P6A?AUdebug_read_file_result@@0PEAD@Z1@Z 000000018002af48     p5engine.obj
 0003:00004f64       $unwind$?AddLowEntity@@YA?AUadd_low_entity_result@@PEAUgame_state@@W4entity_type@@Uworld_position@@@Z 000000018002af64     p5engine.obj
 0003:00004f80       $unwind$?AddWall@@YA?AUadd_low_entity_result@@PEAUgame_state@@III@Z 000000018002af80     p5engine.obj
 0003:00004f94       $unwind$?AddStairs@@YA?AUadd_low_entity_result@@PEAUgame_state@@III@Z 000000018002af94     p5engine.obj
 0003:00004fa8       $unwind$?InitHitPoints@@YAXPEAUlow_entity@@I@Z 000000018002afa8     p5engine.obj
 0003:00004fbc       $unwind$?AddSword@@YA?AUadd_low_entity_result@@PEAUgame_state@@@Z 000000018002afbc     p5engine.obj
 0003:00004fd0       $unwind$?AddPlayer@@YA?AUadd_low_entity_result@@PEAUgame_state@@@Z 000000018002afd0     p5engine.obj
 0003:00004fe4       $unwind$?AddMonstar@@YA?AUadd_low_entity_result@@PEAUgame_state@@III@Z 000000018002afe4     p5engine.obj
 0003:00004ff8       $unwind$?AddFamiliar@@YA?AUadd_low_entity_result@@PEAUgame_state@@III@Z 000000018002aff8     p5engine.obj
 0003:0000500c       $unwind$?PushPiece@@YAXPEAUentity_visible_piece_group@@PEAUloaded_bitmap@@Tv2@@2M2Tv4@@M@Z 000000018002b00c     p5engine.obj
 0003:00005020       $unwind$?PushBitmap@@YAXPEAUentity_visible_piece_group@@PEAUloaded_bitmap@@Tv2@@M2MM@Z 000000018002b020     p5engine.obj
 0003:00005034       $unwind$?PushRect@@YAXPEAUentity_visible_piece_group@@Tv2@@M1Tv4@@M@Z 000000018002b034     p5engine.obj
 0003:00005048       $unwind$?DrawHitpoints@@YAXPEAUsim_entity@@PEAUentity_visible_piece_group@@@Z 000000018002b048     p5engine.obj
 0003:00005064       $unwind$GameUpdateAndRender 000000018002b064     p5engine.obj
 0003:00005080       $unwind$GameGetSoundSamples 000000018002b080     p5engine.obj
 0003:00005094       $unwind$_RTC_CheckStackVars 000000018002b094     MSVCRTD:stack.obj
 0003:000050a8       $chain$0$_RTC_CheckStackVars 000000018002b0a8     MSVCRTD:stack.obj
 0003:000050c0       $chain$1$_RTC_CheckStackVars 000000018002b0c0     MSVCRTD:stack.obj
 0003:000050d4       $unwind$_RTC_CheckStackVars2 000000018002b0d4     MSVCRTD:stack.obj
 0003:000050e4       $chain$1$_RTC_CheckStackVars2 000000018002b0e4     MSVCRTD:stack.obj
 0003:00005100       $chain$2$_RTC_CheckStackVars2 000000018002b100     MSVCRTD:stack.obj
 0003:00005118       $chain$3$_RTC_CheckStackVars2 000000018002b118     MSVCRTD:stack.obj
 0003:00005130       $chain$4$_RTC_CheckStackVars2 000000018002b130     MSVCRTD:stack.obj
 0003:00005144       $chain$5$_RTC_CheckStackVars2 000000018002b144     MSVCRTD:stack.obj
 0003:00005158       $chain$6$_RTC_CheckStackVars2 000000018002b158     MSVCRTD:stack.obj
 0003:0000516c       $unwind$_RTC_AllocaHelper  000000018002b16c     MSVCRTD:stack.obj
 0003:00005174       $chain$0$_RTC_AllocaHelper 000000018002b174     MSVCRTD:stack.obj
 0003:0000518c       $chain$1$_RTC_AllocaHelper 000000018002b18c     MSVCRTD:stack.obj
 0003:000051a0       $unwind$_RTC_Shutdown      000000018002b1a0     MSVCRTD:init.obj
 0003:000051a8       $unwind$_RTC_InitBase      000000018002b1a8     MSVCRTD:init.obj
 0003:000051b0       $unwind$__CheckForDebuggerJustMyCode 000000018002b1b0     MSVCRTD:debugger_jmc.obj
 0003:000051b8       $unwind$__GSHandlerCheckCommon 000000018002b1b8     MSVCRTD:gshandler.obj
 0003:000051c0       $unwind$__GSHandlerCheck   000000018002b1c0     MSVCRTD:gshandler.obj
 0003:000051c8       $xdatasym                  000000018002b1c8     MSVCRTD:chkstk.obj
 0003:000051d0       $xdatasym                  000000018002b1d0     MSVCRTD:amdsecgs.obj
 0003:000051d4       $unwind$?dllmain_crt_process_attach@@YAHQEAUHINSTANCE__@@QEAX@Z 000000018002b1d4     MSVCRTD:dll_dllmain.obj
 0003:000051f8       $unwind$?fin$0@?0??dllmain_crt_process_attach@@YAHQEAUHINSTANCE__@@QEAX@Z@4HA 000000018002b1f8     MSVCRTD:dll_dllmain.obj
 0003:00005200       $unwind$?dllmain_crt_process_detach@@YAH_N@Z 000000018002b200     MSVCRTD:dll_dllmain.obj
 0003:00005234       $unwind$?fin$0@?0??dllmain_crt_process_detach@@YAH_N@Z@4HA 000000018002b234     MSVCRTD:dll_dllmain.obj
 0003:0000523c       $unwind$?fin$1@?0??dllmain_crt_process_detach@@YAH_N@Z@4HA 000000018002b23c     MSVCRTD:dll_dllmain.obj
 0003:00005244       $unwind$?dllmain_crt_dispatch@@YAHQEAUHINSTANCE__@@KQEAX@Z 000000018002b244     MSVCRTD:dll_dllmain.obj
 0003:0000524c       $unwind$_CRT_INIT          000000018002b24c     MSVCRTD:dll_dllmain.obj
 0003:00005254       $unwind$?dllmain_raw@@YAHQEAUHINSTANCE__@@KQEAX@Z 000000018002b254     MSVCRTD:dll_dllmain.obj
 0003:0000525c       $unwind$?dllmain_dispatch@@YAHQEAUHINSTANCE__@@KQEAX@Z 000000018002b25c     MSVCRTD:dll_dllmain.obj
 0003:00005280       $unwind$?filt$0@?0??dllmain_dispatch@@YAHQEAUHINSTANCE__@@KQEAX@Z@4HA 000000018002b280     MSVCRTD:dll_dllmain.obj
 0003:00005288       $unwind$_DllMainCRTStartup 000000018002b288     MSVCRTD:dll_dllmain.obj
 0003:00005290       $unwind$_RTC_UninitUse     000000018002b290     MSVCRTD:error.obj
 0003:000052ac       $unwind$?_RTC_StackFailure@@YAXPEAXPEBD@Z 000000018002b2ac     MSVCRTD:error.obj
 0003:000052cc       $unwind$?_RTC_AllocaFailure@@YAXPEAXPEAU_RTC_ALLOCA_NODE@@H@Z 000000018002b2cc     MSVCRTD:error.obj
 0003:000052e8       $chain$0$?_RTC_AllocaFailure@@YAXPEAXPEAU_RTC_ALLOCA_NODE@@H@Z 000000018002b2e8     MSVCRTD:error.obj
 0003:00005300       $chain$1$?_RTC_AllocaFailure@@YAXPEAXPEAU_RTC_ALLOCA_NODE@@H@Z 000000018002b300     MSVCRTD:error.obj
 0003:00005314       $unwind$_vsprintf_s_l      000000018002b314     MSVCRTD:error.obj
 0003:0000532c       $unwind$sprintf_s          000000018002b32c     MSVCRTD:error.obj
 0003:00005334       $unwind$?notify_debugger@@YAXAEBUtagEXCEPTION_VISUALCPP_DEBUG_INFO@@@Z 000000018002b334     MSVCRTD:error.obj
 0003:00005358       $unwind$?filt$0@?0??notify_debugger@@YAXAEBUtagEXCEPTION_VISUALCPP_DEBUG_INFO@@@Z@4HA 000000018002b358     MSVCRTD:error.obj
 0003:00005360       $unwind$?DebuggerProbe@@YA_NK@Z 000000018002b360     MSVCRTD:error.obj
 0003:00005368       $unwind$?DebuggerRuntime@@YA_NKHPEAXPEB_W@Z 000000018002b368     MSVCRTD:error.obj
 0003:00005370       $unwind$?failwithmessage@@YAXPEAXHHPEBD@Z 000000018002b370     MSVCRTD:error.obj
 0003:00005398       $unwind$?_getMemBlockDataString@@YAXPEAD0PEBD_K@Z 000000018002b398     MSVCRTD:error.obj
 0003:000053ac       $chain$3$?_getMemBlockDataString@@YAXPEAD0PEBD_K@Z 000000018002b3ac     MSVCRTD:error.obj
 0003:000053d0       $chain$4$?_getMemBlockDataString@@YAXPEAD0PEBD_K@Z 000000018002b3d0     MSVCRTD:error.obj
 0003:000053e4       $unwind$__report_securityfailure 000000018002b3e4     MSVCRTD:gs_report.obj
 0003:000053ec       $unwind$__report_securityfailureEx 000000018002b3ec     MSVCRTD:gs_report.obj
 0003:000053f4       $unwind$__report_rangecheckfailure 000000018002b3f4     MSVCRTD:gs_report.obj
 0003:000053fc       $unwind$__report_gsfailure 000000018002b3fc     MSVCRTD:gs_report.obj
 0003:00005404       $unwind$capture_current_context 000000018002b404     MSVCRTD:gs_report.obj
 0003:0000540c       $unwind$capture_previous_context 000000018002b40c     MSVCRTD:gs_report.obj
 0003:00005414       $unwind$__raise_securityfailure 000000018002b414     MSVCRTD:gs_report.obj
 0003:0000541c       $unwind$__security_init_cookie 000000018002b41c     MSVCRTD:gs_support.obj
 0003:00005424       $unwind$__get_entropy      000000018002b424     MSVCRTD:gs_support.obj
 0003:0000542c       $unwind$DllMain            000000018002b42c     MSVCRTD:dll_dllmain_stub.obj
 0003:00005434       $unwind$?__scrt_initialize_type_info@@YAXXZ 000000018002b434     MSVCRTD:tncleanup.obj
 0003:0000543c       $unwind$?__scrt_uninitialize_type_info@@YAXXZ 000000018002b43c     MSVCRTD:tncleanup.obj
 0003:00005444       $unwind$__scrt_initialize_default_local_stdio_options 000000018002b444     MSVCRTD:default_local_stdio_options.obj
 0003:0000544c       $unwind$atexit             000000018002b44c     MSVCRTD:utility.obj
 0003:00005454       $unwind$_onexit            000000018002b454     MSVCRTD:utility.obj
 0003:0000545c       $unwind$at_quick_exit      000000018002b45c     MSVCRTD:utility.obj
 0003:00005464       $unwind$__scrt_is_nonwritable_in_current_image 000000018002b464     MSVCRTD:utility.obj
 0003:00005488       $unwind$__scrt_is_nonwritable_in_current_image$filt$0 000000018002b488     MSVCRTD:utility.obj
 0003:00005490       $unwind$__scrt_acquire_startup_lock 000000018002b490     MSVCRTD:utility.obj
 0003:00005498       $unwind$__scrt_release_startup_lock 000000018002b498     MSVCRTD:utility.obj
 0003:000054a0       $unwind$__scrt_initialize_crt 000000018002b4a0     MSVCRTD:utility.obj
 0003:000054a8       $unwind$__scrt_uninitialize_crt 000000018002b4a8     MSVCRTD:utility.obj
 0003:000054b0       $unwind$__scrt_initialize_onexit_tables 000000018002b4b0     MSVCRTD:utility.obj
 0003:000054c0       $unwind$__scrt_dllmain_exception_filter 000000018002b4c0     MSVCRTD:utility.obj
 0003:000054c8       $unwind$__scrt_dllmain_before_initialize_c 000000018002b4c8     MSVCRTD:utility.obj
 0003:000054d0       $unwind$__scrt_dllmain_after_initialize_c 000000018002b4d0     MSVCRTD:utility.obj
 0003:000054d8       $unwind$__scrt_dllmain_uninitialize_c 000000018002b4d8     MSVCRTD:utility.obj
 0003:000054e0       $unwind$__scrt_dllmain_uninitialize_critical 000000018002b4e0     MSVCRTD:utility.obj
 0003:000054e8       $unwind$__scrt_dllmain_crt_thread_attach 000000018002b4e8     MSVCRTD:utility.obj
 0003:000054f0       $unwind$__scrt_dllmain_crt_thread_detach 000000018002b4f0     MSVCRTD:utility.obj
 0003:000054f8       $unwind$?configure_argv@__scrt_narrow_argv_policy@@SAHXZ 000000018002b4f8     MSVCRTD:utility.obj
 0003:00005500       $unwind$?initialize_environment@__scrt_narrow_environment_policy@@SAHXZ 000000018002b500     MSVCRTD:utility.obj
 0003:00005508       $unwind$?is_potentially_valid_image_base@@YA_NQEAX@Z 000000018002b508     MSVCRTD:utility.obj
 0003:00005510       $unwind$?find_pe_section@@YAPEAU_IMAGE_SECTION_HEADER@@QEAE_K@Z 000000018002b510     MSVCRTD:utility.obj
 0003:00005518       $unwind$__scrt_get_show_window_mode 000000018002b518     MSVCRTD:utility_desktop.obj
 0003:00005528       $unwind$__scrt_is_managed_app 000000018002b528     MSVCRTD:utility_desktop.obj
 0003:00005530       $unwind$__scrt_initialize_mta 000000018002b530     MSVCRTD:utility_desktop.obj
 0003:00005538       $unwind$__scrt_set_unhandled_exception_filter 000000018002b538     MSVCRTD:utility_desktop.obj
 0003:00005540       $unwind$__scrt_fastfail    000000018002b540     MSVCRTD:utility_desktop.obj
 0003:00005550       $unwind$__scrt_unhandled_exception_filter 000000018002b550     MSVCRTD:utility_desktop.obj
 0003:00005558       $unwind$_RTC_Initialize    000000018002b558     MSVCRTD:initsect.obj
 0003:00005568       $unwind$_RTC_Terminate     000000018002b568     MSVCRTD:initsect.obj
 0003:00005578       $unwind$ReadNoFence64      000000018002b578     MSVCRTD:guard_support.obj
 0003:00005580       $unwind$ReadPointerNoFence 000000018002b580     MSVCRTD:guard_support.obj
 0003:00005588       $unwind$_guard_icall_checks_enforced 000000018002b588     MSVCRTD:guard_support.obj
 0003:00005590       $unwind$__castguard_compat_check 000000018002b590     MSVCRTD:guard_support.obj
 0003:00005598       $unwind$__castguard_check_failure_debugbreak 000000018002b598     MSVCRTD:guard_support.obj
 0003:000055a0       $unwind$__castguard_check_failure_fastfail 000000018002b5a0     MSVCRTD:guard_support.obj
 0003:000055a8       $unwind$__castguard_check_failure_os_handled 000000018002b5a8     MSVCRTD:guard_support.obj
 0003:000055b0       $unwind$__castguard_slow_path_compat_check 000000018002b5b0     MSVCRTD:guard_support.obj
 0003:000055b8       $unwind$__castguard_slow_path_check_debugbreak 000000018002b5b8     MSVCRTD:guard_support.obj
 0003:000055c0       $unwind$__castguard_slow_path_check_fastfail 000000018002b5c0     MSVCRTD:guard_support.obj
 0003:000055c8       $unwind$__castguard_slow_path_check_os_handled 000000018002b5c8     MSVCRTD:guard_support.obj
 0003:000055d0       $unwind$?_RTC_GetSrcLine@@YAHPEAEPEA_WKPEAH1K@Z 000000018002b5d0     MSVCRTD:pdblkup.obj
 0003:000055ec       $unwind$?GetPdbDllFromInstallPath@@YAPEAUHINSTANCE__@@XZ 000000018002b5ec     MSVCRTD:pdblkup.obj
 0003:00005614       $unwind$?GetPdbDllPathFromFilePath@@YAHPEB_WPEA_W_K@Z 000000018002b614     MSVCRTD:pdblkup.obj
 0003:00005630       $unwind$?GetPdbDll@@YAPEAUHINSTANCE__@@XZ 000000018002b630     MSVCRTD:pdblkup.obj
 0003:00005644       $unwind$__isa_available_init 000000018002b644     MSVCRTD:cpu_disp.obj
 0003:00005658       $unwind$__scrt_is_ucrt_dll_in_use 000000018002b658     MSVCRTD:ucrt_detection.obj
 0003:00005660       $xdatasym                  000000018002b660     MSVCRTD:guard_dispatch.obj
 0003:00005668       $xdatasym                  000000018002b668     MSVCRTD:guard_xfg_dispatch.obj
 0003:00005910       .edata                     000000018002b910     P5Engine.exp
 0003:00005938       rgpv                       000000018002b938     P5Engine.exp
 0003:00005940       rgszName                   000000018002b940     P5Engine.exp
 0003:00005948       rgwOrd                     000000018002b948     P5Engine.exp
 0003:0000594c       szName                     000000018002b94c     P5Engine.exp
 0003:00005959       $N00001                    000000018002b959     P5Engine.exp
 0003:0000596d       $N00002                    000000018002b96d     P5Engine.exp
 0004:00000000       ?RandomNumberTable@@3PAIA  000000018002c000     p5engine.obj
 0004:00004e40       ?init@?1??_RTC_InitBase@@9@4_NA 0000000180030e40     MSVCRTD:init.obj
 0004:00004e44       ?__proc_attached@@3HA      0000000180030e44     MSVCRTD:dll_dllmain.obj
 0004:00004e58       ?_RTC_ErrorReportFunc@@3P6AHHPEBDH00ZZEA 0000000180030e58     MSVCRTD:userapi.obj
 0004:00004e60       ?_RTC_ErrorReportFuncW@@3P6AHHPEB_WH00ZZEA 0000000180030e60     MSVCRTD:userapi.obj
 0004:00004e70       GS_ExceptionRecord         0000000180030e70     MSVCRTD:gs_report.obj
 0004:00004f10       GS_ContextRecord           0000000180030f10     MSVCRTD:gs_report.obj
 0004:00005538       ?is_initialized_as_dll@@3_NA 0000000180031538     MSVCRTD:utility.obj
 0004:00005539       ?module_local_atexit_table_initialized@@3_NA 0000000180031539     MSVCRTD:utility.obj
 0004:00005540       ?module_local_atexit_table@@3U_onexit_table_t@@A 0000000180031540     MSVCRTD:utility.obj
 0004:00005558       ?module_local_at_quick_exit_table@@3U_onexit_table_t@@A 0000000180031558     MSVCRTD:utility.obj
 0004:00005598       ?mspdb@@3PEAUHINSTANCE__@@EA 0000000180031598     MSVCRTD:pdblkup.obj
 0004:000055a1       ?alreadyTried@?1??GetPdbDll@@YAPEAUHINSTANCE__@@XZ@4_NA 00000001800315a1     MSVCRTD:pdblkup.obj
 0004:000055a2       ?PDBOK@?1??_RTC_GetSrcLine@@YAHPEAEPEA_WKPEAH1K@Z@4_NA 00000001800315a2     MSVCRTD:pdblkup.obj
 0006:000007aa       .idata$6                   00000001800357aa     vcruntimed:VCRUNTIME140D.dll
 0006:0000095a       .idata$6                   000000018003595a     ucrtd:ucrtbased.dll
 0006:00000b9c       .idata$6                   0000000180035b9c     kernel32:KERNEL32.dll
 0007:00000000       __5C0B09BC_p5engine_platform@h 0000000180036000     p5engine.obj
 0007:00000001       __09340588_corecrt_math@h  0000000180036001     p5engine.obj
 0007:00000002       __B0C4CEA9_malloc@h        0000000180036002     p5engine.obj
 0007:00000003       __3A0418DB_p5engine_intrinsics@h 0000000180036003     p5engine.obj
 0007:00000004       __6D6C9F34_p5engine_math@h 0000000180036004     p5engine.obj
 0007:00000005       __326D9465_p5engine_entity@h 0000000180036005     p5engine.obj
 0007:00000006       __B7D51BCB_p5engine@h      0000000180036006     p5engine.obj
 0007:00000007       __DC0D61CC_p5engine_world@cpp 0000000180036007     p5engine.obj
 0007:00000008       __5DD8E4E4_p5engine_sim_region@cpp 0000000180036008     p5engine.obj
 0007:00000009       __9C871DF9_p5engine_entity@cpp 0000000180036009     p5engine.obj
 0007:0000000a       __D1049797_p5engine@cpp    000000018003600a     p5engine.obj
 0009:00000170       $R000000                   0000000180038170     * linker generated manifest res *
