 P5Engine

 Timestamp is 63241f23 (Fri Sep 16 02:00:51 2022)

 Preferred load address is 0000000180000000

 Start         Length     Name                   Class
 0001:00000000 00014390H .text$mn                CODE
 0001:00014390 00000040H .text$mn$00             CODE
 0001:000143d0 000000ddH .text$x                 CODE
 0002:00000000 00000110H .idata$5                DATA
 0002:00000110 00000028H .00cfg                  DATA
 0002:00000138 00000008H .CRT$XCA                DATA
 0002:00000140 00000008H .CRT$XCZ                DATA
 0002:00000148 00000008H .CRT$XIA                DATA
 0002:00000150 00000008H .CRT$XIZ                DATA
 0002:00000158 00000008H .CRT$XPA                DATA
 0002:00000160 00000008H .CRT$XPZ                DATA
 0002:00000168 00000008H .CRT$XTA                DATA
 0002:00000170 00000010H .CRT$XTZ                DATA
 0002:00000178 00000000H .gehcont$y              DATA
 0002:00000178 00000000H .gfids$y                DATA
 0002:00000180 00000680H .rdata                  DATA
 0002:00000800 00000000H .rdata$CastGuardVftablesA DATA
 0002:00000800 00000000H .rdata$CastGuardVftablesC DATA
 0002:00000800 0000018cH .rdata$voltmd           DATA
 0002:0000098c 000002dcH .rdata$zzzdbg           DATA
 0002:00000c68 00000008H .rtc$IAA                DATA
 0002:00000c70 00000008H .rtc$IZZ                DATA
 0002:00000c78 00000008H .rtc$TAA                DATA
 0002:00000c80 00000008H .rtc$TZZ                DATA
 0002:00000c88 00000758H .xdata                  DATA
 0002:000013e0 00000074H .edata                  DATA
 0002:00001454 0000003cH .idata$2                DATA
 0002:00001490 00000018H .idata$3                DATA
 0002:000014a8 00000110H .idata$4                DATA
 0002:000015b8 000002a6H .idata$6                DATA
 0003:00000000 00004040H .data                   DATA
 0003:00004040 0000062cH .bss                    DATA
 0004:00000000 00000ad4H .pdata                  DATA
 0005:00000000 0000000fH .msvcjmc                DATA
 0006:00000000 00000060H .rsrc$01                DATA
 0006:00000060 00000098H .rsrc$02                DATA

  Address         Publics by Value              Rva+Base               Lib:Object

 0000:00000000       __guard_eh_cont_count      0000000000000000     <absolute>
 0000:00000000       __guard_longjmp_table      0000000000000000     <absolute>
 0000:00000000       __dynamic_value_reloc_table 0000000000000000     <absolute>
 0000:00000000       __AbsoluteZero             0000000000000000     <absolute>
 0000:00000000       __guard_longjmp_count      0000000000000000     <absolute>
 0000:00000000       __guard_iat_count          0000000000000000     <absolute>
 0000:00000000       __hybrid_auxiliary_iat_copy 0000000000000000     <absolute>
 0000:00000000       ___safe_se_handler_count   0000000000000000     <absolute>
 0000:00000000       __arm64x_extra_rfe_table_size 0000000000000000     <absolute>
 0000:00000000       __guard_check_icall_a64n_fptr 0000000000000000     <absolute>
 0000:00000000       __guard_fids_table         0000000000000000     <absolute>
 0000:00000000       __hybrid_code_map          0000000000000000     <absolute>
 0000:00000000       __hybrid_code_map_count    0000000000000000     <absolute>
 0000:00000000       __guard_iat_table          0000000000000000     <absolute>
 0000:00000000       __arm64x_redirection_metadata 0000000000000000     <absolute>
 0000:00000000       __arm64x_extra_rfe_table   0000000000000000     <absolute>
 0000:00000000       __hybrid_auxiliary_iat     0000000000000000     <absolute>
 0000:00000000       __x64_code_ranges_to_entry_points_count 0000000000000000     <absolute>
 0000:00000000       __guard_fids_count         0000000000000000     <absolute>
 0000:00000000       __x64_code_ranges_to_entry_points 0000000000000000     <absolute>
 0000:00000000       __arm64x_redirection_metadata_count 0000000000000000     <absolute>
 0000:00000000       __enclave_config           0000000000000000     <absolute>
 0000:00000000       __guard_eh_cont_table      0000000000000000     <absolute>
 0000:00000000       __arm64x_native_entrypoint 0000000000000000     <absolute>
 0000:00000000       ___safe_se_handler_table   0000000000000000     <absolute>
 0000:00000100       __guard_flags              0000000000000100     <absolute>
 0000:00000000       __ImageBase                0000000180000000     <linker-defined>
 0001:0000a2c0       GameUpdateAndRender        000000018000b2c0 f   p5engine.obj
 0001:0000dc10       GameGetSoundSamples        000000018000ec10 f   p5engine.obj
 0001:0000dd10       ??D@YA?ATv2@@MT0@@Z        000000018000ed10 f i p5engine.obj
 0001:0000dd90       ??D@YA?ATv3@@MT0@@Z        000000018000ed90 f i p5engine.obj
 0001:0000de40       ??D@YA?ATv3@@T0@M@Z        000000018000ee40 f i p5engine.obj
 0001:0000dec0       ??D@YA?ATv4@@MT0@@Z        000000018000eec0 f i p5engine.obj
 0001:0000df90       ??G@YA?ATv2@@T0@0@Z        000000018000ef90 f i p5engine.obj
 0001:0000e010       ??G@YA?ATv3@@T0@0@Z        000000018000f010 f i p5engine.obj
 0001:0000e0d0       ??H@YA?ATv2@@T0@0@Z        000000018000f0d0 f i p5engine.obj
 0001:0000e150       ??H@YA?ATv3@@T0@0@Z        000000018000f150 f i p5engine.obj
 0001:0000e210       ??X@YAAEATv3@@AEAT0@M@Z    000000018000f210 f i p5engine.obj
 0001:0000e290       ??Y@YAAEATv2@@AEAT0@T0@@Z  000000018000f290 f i p5engine.obj
 0001:0000e2e0       ??Y@YAAEATv3@@AEAT0@T0@@Z  000000018000f2e0 f i p5engine.obj
 0001:0000e380       ??Z@YAAEATv3@@AEAT0@T0@@Z  000000018000f380 f i p5engine.obj
 0001:0000e420       ?ATan2@@YAMMM@Z            000000018000f420 f i p5engine.obj
 0001:0000e470       ?AbsoluteValue@@YAMM@Z     000000018000f470 f i p5engine.obj
 0001:0000e4b0       ?AddFlags@@YAXPEAUsim_entity@@I@Z 000000018000f4b0 f i p5engine.obj
 0001:0000e4f0       ?AddRadiusTo@@YA?AUrectangle3@@U1@Tv3@@@Z 000000018000f4f0 f i p5engine.obj
 0001:0000e660       ?AllResourcesPresent@@YAHPEAUrender_group@@@Z 000000018000f660 f i p5engine.obj
 0001:0000e6b0       ?AreInSameChunk@@YAHPEAUworld@@PEAUworld_position@@1@Z 000000018000f6b0 f i p5engine.obj
 0001:0000e7b0       ?AtomicCompareExchangeUInt32@@YAIPECIII@Z 000000018000f7b0 f i p5engine.obj
 0001:0000e800       ?BeginTemporaryMemory@@YA?AUtemporary_memory@@PEAUmemory_arena@@@Z 000000018000f800 f i p5engine.obj
 0001:0000e8a0       ?CeilReal32ToInt32@@YAHM@Z 000000018000f8a0 f i p5engine.obj
 0001:0000e8e0       ?CenteredChunkPoint@@YA?AUworld_position@@III@Z 000000018000f8e0 f i p5engine.obj
 0001:0000e970       ?ChangeEntityLocationRaw@@YAXPEAUmemory_arena@@PEAUworld@@IPEAUworld_position@@2@Z 000000018000f970 f i p5engine.obj
 0001:0000ed60       ?CheckArena@@YAXPEAUmemory_arena@@@Z 000000018000fd60 f i p5engine.obj
 0001:0000ed90       ?ChunkPositionFromTilePosition@@YA?AUworld_position@@PEAUworld@@HHHTv3@@@Z 000000018000fd90 f i p5engine.obj
 0001:0000f030       ?Clamp01@@YA?ATv2@@T1@@Z   0000000180010030 f i p5engine.obj
 0001:0000f0a0       ?Clamp01@@YAMM@Z           00000001800100a0 f i p5engine.obj
 0001:0000f0e0       ?Clamp01MapToRange@@YAMMMM@Z 00000001800100e0 f i p5engine.obj
 0001:0000f160       ?Clamp@@YAMMMM@Z           0000000180010160 f i p5engine.obj
 0001:0000f1d0       ?Clear@@YAXPEAUrender_group@@Tv4@@@Z 00000001800101d0 f i p5engine.obj
 0001:0000f230       ?ClearFlags@@YAXPEAUsim_entity@@I@Z 0000000180010230 f i p5engine.obj
 0001:0000f270       ?DefaultMoveSpec@@YA?AUmove_spec@@XZ 0000000180010270 f i p5engine.obj
 0001:0000f310       ?EndTemporaryMemory@@YAXUtemporary_memory@@@Z 0000000180010310 f i p5engine.obj
 0001:0000f390       ?EntityOverlapsRectangle@@YAHTv3@@Usim_entity_collision_volume@@Urectangle3@@@Z 0000000180010390 f i p5engine.obj
 0001:0000f520       ?FindLeastSignificantSetBit@@YA?AUbit_scan_result@@I@Z 0000000180010520 f i p5engine.obj
 0001:0000f590       ?FloorReal32ToInt32@@YAHM@Z 0000000180010590 f i p5engine.obj
 0001:0000f5d0       ?GetAlignmentOffset@@YA_KPEAUmemory_arena@@_K@Z 00000001800105d0 f i p5engine.obj
 0001:0000f660       ?GetArenaSizeRemaining@@YA_KPEAUmemory_arena@@_K@Z 0000000180010660 f i p5engine.obj
 0001:0000f6c0       ?GetBarycentric@@YA?ATv2@@Urectangle2@@T1@@Z 00000001800106c0 f i p5engine.obj
 0001:0000f770       ?GetBitmap@@YAPEAUloaded_bitmap@@PEAUgame_assets@@Ubitmap_id@@@Z 0000000180010770 f i p5engine.obj
 0001:0000f7b0       ?GetCameraRectangleAtDistance@@YA?AUrectangle2@@PEAUrender_group@@M@Z 00000001800107b0 f i p5engine.obj
 0001:0000f850       ?GetCameraRectangleAtTarget@@YA?AUrectangle2@@PEAUrender_group@@@Z 0000000180010850 f i p5engine.obj
 0001:0000f8c0       ?GetChunkData@@YAPEAXUriff_iterator@@@Z 00000001800108c0 f i p5engine.obj
 0001:0000f8f0       ?GetChunkDataSize@@YAIUriff_iterator@@@Z 00000001800108f0 f i p5engine.obj
 0001:0000f930       ?GetClampedRectArea@@YAHUrectangle2i@@@Z 0000000180010930 f i p5engine.obj
 0001:0000f9a0       ?GetDim@@YA?ATv2@@Urectangle2@@@Z 00000001800109a0 f i p5engine.obj
 0001:0000f9e0       ?GetDim@@YA?ATv3@@Urectangle3@@@Z 00000001800109e0 f i p5engine.obj
 0001:0000fa80       ?GetEntityGroundPoint@@YA?ATv3@@PEAUsim_entity@@@Z 0000000180010a80 f i p5engine.obj
 0001:0000fb00       ?GetEntityGroundPoint@@YA?ATv3@@PEAUsim_entity@@T1@@Z 0000000180010b00 f i p5engine.obj
 0001:0000fb60       ?GetLowEntity@@YAPEAUlow_entity@@PEAUgame_state@@I@Z 0000000180010b60 f i p5engine.obj
 0001:0000fbd0       ?GetMaxCorner@@YA?ATv3@@Urectangle3@@@Z 0000000180010bd0 f i p5engine.obj
 0001:0000fc30       ?GetMinCorner@@YA?ATv3@@Urectangle3@@@Z 0000000180010c30 f i p5engine.obj
 0001:0000fc80       ?GetRenderEntityBasisPos@@YA?AUentity_basis_p_result@@PEAUrender_transform@@Tv3@@@Z 0000000180010c80 f i p5engine.obj
 0001:0000ff20       ?GetSimSpacePos@@YA?ATv3@@PEAUsim_region@@PEAUlow_entity@@@Z 0000000180010f20 f i p5engine.obj
 0001:00010010       ?GetStairGround@@YAMPEAUsim_entity@@Tv3@@@Z 0000000180011010 f i p5engine.obj
 0001:00010100       ?GetType@@YAIUriff_iterator@@@Z 0000000180011100 f i p5engine.obj
 0001:00010140       ?GetWorldChunk@@YAPEAUworld_chunk@@PEAUworld@@HHHPEAUmemory_arena@@@Z 0000000180011140 f i p5engine.obj
 0001:00010330       ?Hadamard@@YA?ATv2@@T1@0@Z 0000000180011330 f i p5engine.obj
 0001:00010390       ?Hadamard@@YA?ATv3@@T1@0@Z 0000000180011390 f i p5engine.obj
 0001:00010450       ?HasArea@@YAHUrectangle2i@@@Z 0000000180011450 f i p5engine.obj
 0001:000104b0       ?HasFlag@@YAHPEAUsim_entity@@I@Z 00000001800114b0 f i p5engine.obj
 0001:000104f0       ?InitializeArena@@YAXPEAUmemory_arena@@_KPEAX@Z 00000001800114f0 f i p5engine.obj
 0001:00010550       ?Inner@@YAMTv2@@0@Z        0000000180011550 f i p5engine.obj
 0001:000105a0       ?Inner@@YAMTv3@@0@Z        00000001800115a0 f i p5engine.obj
 0001:00010610       ?Intersect@@YA?AUrectangle2i@@U1@0@Z 0000000180011610 f i p5engine.obj
 0001:00010720       ?InvertedInfinityRectangle@@YA?AUrectangle2i@@XZ 0000000180011720 f i p5engine.obj
 0001:00010780       ?IsCanonical@@YAHMM@Z      0000000180011780 f i p5engine.obj
 0001:00010820       ?IsCanonical@@YAHPEAUworld@@Tv3@@@Z 0000000180011820 f i p5engine.obj
 0001:000108c0       ?IsInRectangle@@YAHUrectangle3@@Tv3@@@Z 00000001800118c0 f i p5engine.obj
 0001:00010980       ?IsValid@@YAHUriff_iterator@@@Z 0000000180011980 f i p5engine.obj
 0001:000109d0       ?IsValid@@YAHUworld_position@@@Z 00000001800119d0 f i p5engine.obj
 0001:00010a20       ?Length@@YAMTv3@@@Z        0000000180011a20 f i p5engine.obj
 0001:00010a70       ?LengthSq@@YAMTv2@@@Z      0000000180011a70 f i p5engine.obj
 0001:00010ab0       ?LengthSq@@YAMTv3@@@Z      0000000180011ab0 f i p5engine.obj
 0001:00010b20       ?Linear1ToSRGB255@@YA?ATv4@@T1@@Z 0000000180011b20 f i p5engine.obj
 0001:00010c20       ?LoadEntityReference@@YAXPEAUgame_state@@PEAUsim_region@@PEATentity_reference@@@Z 0000000180011c20 f i p5engine.obj
 0001:00010d50       ?MakeEntityNonSpatial@@YAXPEAUsim_entity@@@Z 0000000180011d50 f i p5engine.obj
 0001:00010dd0       ?MakeEntitySpatial@@YAXPEAUsim_entity@@Tv3@@1@Z 0000000180011dd0 f i p5engine.obj
 0001:00010e40       ?MapIntoChunkSpace@@YA?AUworld_position@@PEAUworld@@U1@Tv3@@@Z 0000000180011e40 f i p5engine.obj
 0001:00010f30       ?NextChunk@@YA?AUriff_iterator@@U1@@Z 0000000180011f30 f i p5engine.obj
 0001:00010fa0       ?NullPosition@@YA?AUworld_position@@XZ 0000000180011fa0 f i p5engine.obj
 0001:00011010       ?Orthographic@@YAXPEAUrender_group@@HHM@Z 0000000180012010 f i p5engine.obj
 0001:00011110       ?ParseChunkAt@@YA?AUriff_iterator@@PEAX0@Z 0000000180012110 f i p5engine.obj
 0001:00011170       ?Perspective@@YAXPEAUrender_group@@HHMMM@Z 0000000180012170 f i p5engine.obj
 0001:00011260       ?PushBitmap@@YAXPEAUrender_group@@PEAUloaded_bitmap@@Tv3@@MTv4@@@Z 0000000180012260 f i p5engine.obj
 0001:00011490       ?PushBitmap@@YAXPEAUrender_group@@Ubitmap_id@@Tv3@@MTv4@@@Z 0000000180012490 f i p5engine.obj
 0001:00011570       ?PushRect@@YAXPEAUrender_group@@Tv3@@Tv2@@Tv4@@@Z 0000000180012570 f i p5engine.obj
 0001:00011710       ?PushRectOutline@@YAXPEAUrender_group@@Tv3@@Tv2@@Tv4@@@Z 0000000180012710 f i p5engine.obj
 0001:00011ba0       ?PushRenderElement_@@YAPEAXPEAUrender_group@@IW4render_group_entry_type@@@Z 0000000180012ba0 f i p5engine.obj
 0001:00011c50       ?PushSize_@@YAPEAXPEAUmemory_arena@@_K1@Z 0000000180012c50 f i p5engine.obj
 0001:00011d20       ?RandomBilateral@@YAMPEAUrandom_series@@@Z 0000000180012d20 f i p5engine.obj
 0001:00011d70       ?RandomChoice@@YAIPEAUrandom_series@@I@Z 0000000180012d70 f i p5engine.obj
 0001:00011db0       ?RandomNextUInt32@@YAIPEAUrandom_series@@@Z 0000000180012db0 f i p5engine.obj
 0001:00011e20       ?RandomSeed@@YA?AUrandom_series@@I@Z 0000000180012e20 f i p5engine.obj
 0001:00011e90       ?RandomUnilateral@@YAMPEAUrandom_series@@@Z 0000000180012e90 f i p5engine.obj
 0001:00011ef0       ?RecanonicalizeCoord@@YAXMPEAHPEAM@Z 0000000180012ef0 f i p5engine.obj
 0001:00011f90       ?RectCenterDim@@YA?AUrectangle2@@Tv2@@0@Z 0000000180012f90 f i p5engine.obj
 0001:00012020       ?RectCenterDim@@YA?AUrectangle3@@Tv3@@0@Z 0000000180013020 f i p5engine.obj
 0001:00012110       ?RectCenterHalfDim@@YA?AUrectangle2@@Tv2@@0@Z 0000000180013110 f i p5engine.obj
 0001:000121c0       ?RectCenterHalfDim@@YA?AUrectangle3@@Tv3@@0@Z 00000001800131c0 f i p5engine.obj
 0001:00012330       ?RectMinMax@@YA?AUrectangle3@@Tv3@@0@Z 0000000180013330 f i p5engine.obj
 0001:000123d0       ?RectanglesIntersect@@YAHUrectangle3@@0@Z 00000001800133d0 f i p5engine.obj
 0001:00012490       ?RoundReal32ToInt32@@YAHM@Z 0000000180013490 f i p5engine.obj
 0001:000124d0       ?RoundReal32ToUInt32@@YAIM@Z 00000001800134d0 f i p5engine.obj
 0001:00012510       ?SRGB255ToLinear1@@YA?ATv4@@T1@@Z 0000000180013510 f i p5engine.obj
 0001:000125f0       ?SafeRatio0@@YAMMM@Z       00000001800135f0 f i p5engine.obj
 0001:00012640       ?SafeRatio1@@YAMMM@Z       0000000180013640 f i p5engine.obj
 0001:00012690       ?SafeRatioN@@YAMMMM@Z      0000000180013690 f i p5engine.obj
 0001:000126f0       ?SignOf@@YAMM@Z            00000001800136f0 f i p5engine.obj
 0001:00012750       ?Sin@@YAMM@Z               0000000180013750 f i p5engine.obj
 0001:00012790       ?Square@@YAMM@Z            0000000180013790 f i p5engine.obj
 0001:000127d0       ?SquareRoot@@YAMM@Z        00000001800137d0 f i p5engine.obj
 0001:00012810       ?StoreEntityReference@@YAXPEATentity_reference@@@Z 0000000180013810 f i p5engine.obj
 0001:00012850       ?SubArena@@YAXPEAUmemory_arena@@0_K1@Z 0000000180013850 f i p5engine.obj
 0001:000128c0       ?ToV3@@YA?ATv3@@Tv2@@M@Z   00000001800138c0 f i p5engine.obj
 0001:00012950       ?Unproject@@YA?ATv2@@PEAUrender_group@@T1@M@Z 0000000180013950 f i p5engine.obj
 0001:000129a0       ?V2@@YA?ATv2@@MM@Z         00000001800139a0 f i p5engine.obj
 0001:00012a10       ?V2i@@YA?ATv2@@HH@Z        0000000180013a10 f i p5engine.obj
 0001:00012a60       ?V3@@YA?ATv3@@MMM@Z        0000000180013a60 f i p5engine.obj
 0001:00012b00       ?V4@@YA?ATv4@@MMMM@Z       0000000180013b00 f i p5engine.obj
 0001:00012bb0       ?ZeroSize@@YAX_KPEAX@Z     0000000180013bb0 f i p5engine.obj
 0001:00012c10       GetController              0000000180013c10 f i p5engine.obj
 0001:00012c70       __CheckForDebuggerJustMyCode 0000000180013c70 f   MSVCRTD:debugger_jmc.obj
 0001:00012cb0       __GSHandlerCheck           0000000180013cb0 f   MSVCRTD:gshandler.obj
 0001:00012cf0       __GSHandlerCheckCommon     0000000180013cf0 f   MSVCRTD:gshandler.obj
 0001:00012e00       __chkstk                   0000000180013e00 f   MSVCRTD:chkstk.obj
 0001:00012e00       _alloca_probe              0000000180013e00 f   MSVCRTD:chkstk.obj
 0001:00012e60       __security_check_cookie    0000000180013e60 f   MSVCRTD:amdsecgs.obj
 0001:00013290       _DllMainCRTStartup         0000000180014290 f   MSVCRTD:dll_dllmain.obj
 0001:000132d0       __raise_securityfailure    00000001800142d0 f   MSVCRTD:gs_report.obj
 0001:00013310       __report_gsfailure         0000000180014310 f   MSVCRTD:gs_report.obj
 0001:00013570       __security_init_cookie     0000000180014570 f   MSVCRTD:gs_support.obj
 0001:000135f0       DllMain                    00000001800145f0 f   MSVCRTD:dll_dllmain_stub.obj
 0001:00013630       ?__scrt_initialize_type_info@@YAXXZ 0000000180014630 f   MSVCRTD:tncleanup.obj
 0001:00013650       ?__scrt_uninitialize_type_info@@YAXXZ 0000000180014650 f   MSVCRTD:tncleanup.obj
 0001:00013670       __local_stdio_printf_options 0000000180014670 f i MSVCRTD:default_local_stdio_options.obj
 0001:00013680       __local_stdio_scanf_options 0000000180014680 f i MSVCRTD:default_local_stdio_options.obj
 0001:00013690       __scrt_initialize_default_local_stdio_options 0000000180014690 f   MSVCRTD:default_local_stdio_options.obj
 0001:000136e0       ?configure_argv@__scrt_narrow_argv_policy@@SAHXZ 00000001800146e0 f i MSVCRTD:utility.obj
 0001:000137d0       ?initialize_environment@__scrt_narrow_environment_policy@@SAHXZ 00000001800147d0 f i MSVCRTD:utility.obj
 0001:00013870       NtCurrentTeb               0000000180014870 f i MSVCRTD:utility.obj
 0001:00013880       __scrt_acquire_startup_lock 0000000180014880 f   MSVCRTD:utility.obj
 0001:000138f0       __scrt_dllmain_after_initialize_c 00000001800148f0 f   MSVCRTD:utility.obj
 0001:00013920       __scrt_dllmain_before_initialize_c 0000000180014920 f   MSVCRTD:utility.obj
 0001:00013940       __scrt_dllmain_crt_thread_attach 0000000180014940 f   MSVCRTD:utility.obj
 0001:00013970       __scrt_dllmain_crt_thread_detach 0000000180014970 f   MSVCRTD:utility.obj
 0001:00013990       __scrt_dllmain_exception_filter 0000000180014990 f   MSVCRTD:utility.obj
 0001:00013a00       __scrt_dllmain_uninitialize_c 0000000180014a00 f   MSVCRTD:utility.obj
 0001:00013a30       __scrt_dllmain_uninitialize_critical 0000000180014a30 f   MSVCRTD:utility.obj
 0001:00013a50       __scrt_initialize_crt      0000000180014a50 f   MSVCRTD:utility.obj
 0001:00013aa0       __scrt_initialize_onexit_tables 0000000180014aa0 f   MSVCRTD:utility.obj
 0001:00013bb0       __scrt_is_nonwritable_in_current_image 0000000180014bb0 f   MSVCRTD:utility.obj
 0001:00013c40       __scrt_release_startup_lock 0000000180014c40 f   MSVCRTD:utility.obj
 0001:00013c70       __scrt_uninitialize_crt    0000000180014c70 f   MSVCRTD:utility.obj
 0001:00013cb0       __scrt_get_dyn_tls_init_callback 0000000180014cb0 f   MSVCRTD:dyn_tls_init.obj
 0001:00013cc0       __crt_debugger_hook        0000000180014cc0 f   MSVCRTD:utility_desktop.obj
 0001:00013cd0       __scrt_fastfail            0000000180014cd0 f   MSVCRTD:utility_desktop.obj
 0001:00013e70       _RTC_Initialize            0000000180014e70 f   MSVCRTD:initsect.obj
 0001:00013ec0       _RTC_Terminate             0000000180014ec0 f   MSVCRTD:initsect.obj
 0001:00013f10       _guard_check_icall_nop     0000000180014f10 f i MSVCRTD:guard_support.obj
 0001:00013f20       __isa_available_init       0000000180014f20 f   MSVCRTD:cpu_disp.obj
 0001:000142c0       _get_startup_argv_mode     00000001800152c0 f   MSVCRTD:argv_mode.obj
 0001:000142d0       __scrt_is_ucrt_dll_in_use  00000001800152d0 f   MSVCRTD:ucrt_detection.obj
 0001:00014300       __C_specific_handler       0000000180015300 f   vcruntimed:VCRUNTIME140D.dll
 0001:00014306       __std_type_info_destroy_list 0000000180015306 f   vcruntimed:VCRUNTIME140D.dll
 0001:0001430c       atan2                      000000018001530c f   ucrtd:ucrtbased.dll
 0001:00014312       ceilf                      0000000180015312 f   ucrtd:ucrtbased.dll
 0001:00014318       floorf                     0000000180015318 f   ucrtd:ucrtbased.dll
 0001:0001431e       sinf                       000000018001531e f   ucrtd:ucrtbased.dll
 0001:00014324       sqrtf                      0000000180015324 f   ucrtd:ucrtbased.dll
 0001:0001432a       _initterm                  000000018001532a f   ucrtd:ucrtbased.dll
 0001:00014330       _initterm_e                0000000180015330 f   ucrtd:ucrtbased.dll
 0001:00014336       _seh_filter_dll            0000000180015336 f   ucrtd:ucrtbased.dll
 0001:0001433c       _configure_narrow_argv     000000018001533c f   ucrtd:ucrtbased.dll
 0001:00014342       _initialize_narrow_environment 0000000180015342 f   ucrtd:ucrtbased.dll
 0001:00014348       _initialize_onexit_table   0000000180015348 f   ucrtd:ucrtbased.dll
 0001:0001434e       _execute_onexit_table      000000018001534e f   ucrtd:ucrtbased.dll
 0001:00014354       _cexit                     0000000180015354 f   ucrtd:ucrtbased.dll
 0001:00014360       __acrt_thread_detach       0000000180015360 f   MSVCRTD:ucrt_stubs.obj
 0001:00014360       __acrt_initialize          0000000180015360 f   MSVCRTD:ucrt_stubs.obj
 0001:00014360       __scrt_stub_for_acrt_thread_detach 0000000180015360 f   MSVCRTD:ucrt_stubs.obj
 0001:00014360       __vcrt_thread_attach       0000000180015360 f   MSVCRTD:ucrt_stubs.obj
 0001:00014360       __scrt_stub_for_acrt_thread_attach 0000000180015360 f   MSVCRTD:ucrt_stubs.obj
 0001:00014360       __scrt_stub_for_acrt_initialize 0000000180015360 f   MSVCRTD:ucrt_stubs.obj
 0001:00014360       __acrt_thread_attach       0000000180015360 f   MSVCRTD:ucrt_stubs.obj
 0001:00014360       __vcrt_thread_detach       0000000180015360 f   MSVCRTD:ucrt_stubs.obj
 0001:00014360       __vcrt_initialize          0000000180015360 f   MSVCRTD:ucrt_stubs.obj
 0001:00014370       __scrt_stub_for_acrt_uninitialize 0000000180015370 f   MSVCRTD:ucrt_stubs.obj
 0001:00014370       __acrt_uninitialize_critical 0000000180015370 f   MSVCRTD:ucrt_stubs.obj
 0001:00014370       __vcrt_uninitialize_critical 0000000180015370 f   MSVCRTD:ucrt_stubs.obj
 0001:00014370       __acrt_uninitialize        0000000180015370 f   MSVCRTD:ucrt_stubs.obj
 0001:00014370       __vcrt_uninitialize        0000000180015370 f   MSVCRTD:ucrt_stubs.obj
 0001:00014370       __scrt_stub_for_acrt_uninitialize_critical 0000000180015370 f   MSVCRTD:ucrt_stubs.obj
 0001:00014380       _is_c_termination_complete 0000000180015380 f   MSVCRTD:ucrt_stubs.obj
 0001:00014380       __scrt_stub_for_is_c_termination_complete 0000000180015380 f   MSVCRTD:ucrt_stubs.obj
 0001:000143a0       _guard_dispatch_icall_nop  00000001800153a0 f   MSVCRTD:guard_dispatch.obj
 0001:000143c0       _guard_xfg_dispatch_icall_nop 00000001800153c0 f   MSVCRTD:guard_xfg_dispatch.obj
 0002:00000000       __imp_GetCurrentProcessId  0000000180016000     kernel32:KERNEL32.dll
 0002:00000008       __imp_RtlCaptureContext    0000000180016008     kernel32:KERNEL32.dll
 0002:00000010       __imp_RtlLookupFunctionEntry 0000000180016010     kernel32:KERNEL32.dll
 0002:00000018       __imp_RtlVirtualUnwind     0000000180016018     kernel32:KERNEL32.dll
 0002:00000020       __imp_IsDebuggerPresent    0000000180016020     kernel32:KERNEL32.dll
 0002:00000028       __imp_InitializeSListHead  0000000180016028     kernel32:KERNEL32.dll
 0002:00000030       __imp_DisableThreadLibraryCalls 0000000180016030     kernel32:KERNEL32.dll
 0002:00000038       __imp_GetSystemTimeAsFileTime 0000000180016038     kernel32:KERNEL32.dll
 0002:00000040       __imp_GetCurrentThreadId   0000000180016040     kernel32:KERNEL32.dll
 0002:00000048       __imp_QueryPerformanceCounter 0000000180016048     kernel32:KERNEL32.dll
 0002:00000050       __imp_IsProcessorFeaturePresent 0000000180016050     kernel32:KERNEL32.dll
 0002:00000058       __imp_TerminateProcess     0000000180016058     kernel32:KERNEL32.dll
 0002:00000060       __imp_GetCurrentProcess    0000000180016060     kernel32:KERNEL32.dll
 0002:00000068       __imp_SetUnhandledExceptionFilter 0000000180016068     kernel32:KERNEL32.dll
 0002:00000070       __imp_UnhandledExceptionFilter 0000000180016070     kernel32:KERNEL32.dll
 0002:00000078       \177KERNEL32_NULL_THUNK_DATA 0000000180016078     kernel32:KERNEL32.dll
 0002:00000080       __imp___std_type_info_destroy_list 0000000180016080     vcruntimed:VCRUNTIME140D.dll
 0002:00000088       __imp___C_specific_handler 0000000180016088     vcruntimed:VCRUNTIME140D.dll
 0002:00000090       \177VCRUNTIME140D_NULL_THUNK_DATA 0000000180016090     vcruntimed:VCRUNTIME140D.dll
 0002:00000098       __imp__execute_onexit_table 0000000180016098     ucrtd:ucrtbased.dll
 0002:000000a0       __imp__initialize_onexit_table 00000001800160a0     ucrtd:ucrtbased.dll
 0002:000000a8       __imp__initialize_narrow_environment 00000001800160a8     ucrtd:ucrtbased.dll
 0002:000000b0       __imp__configure_narrow_argv 00000001800160b0     ucrtd:ucrtbased.dll
 0002:000000b8       __imp__seh_filter_dll      00000001800160b8     ucrtd:ucrtbased.dll
 0002:000000c0       __imp__initterm_e          00000001800160c0     ucrtd:ucrtbased.dll
 0002:000000c8       __imp__initterm            00000001800160c8     ucrtd:ucrtbased.dll
 0002:000000d0       __imp_sqrtf                00000001800160d0     ucrtd:ucrtbased.dll
 0002:000000d8       __imp_sinf                 00000001800160d8     ucrtd:ucrtbased.dll
 0002:000000e0       __imp_floorf               00000001800160e0     ucrtd:ucrtbased.dll
 0002:000000e8       __imp_ceilf                00000001800160e8     ucrtd:ucrtbased.dll
 0002:000000f0       __imp_atan2                00000001800160f0     ucrtd:ucrtbased.dll
 0002:000000f8       __imp_roundf               00000001800160f8     ucrtd:ucrtbased.dll
 0002:00000100       __imp__cexit               0000000180016100     ucrtd:ucrtbased.dll
 0002:00000108       \177ucrtbased_NULL_THUNK_DATA 0000000180016108     ucrtd:ucrtbased.dll
 0002:00000110       __guard_check_icall_fptr   0000000180016110     MSVCRTD:guard_support.obj
 0002:00000118       __guard_xfg_check_icall_fptr 0000000180016118     MSVCRTD:guard_support.obj
 0002:00000120       __guard_dispatch_icall_fptr 0000000180016120     MSVCRTD:guard_support.obj
 0002:00000128       __guard_xfg_dispatch_icall_fptr 0000000180016128     MSVCRTD:guard_support.obj
 0002:00000130       __guard_xfg_table_dispatch_icall_fptr 0000000180016130     MSVCRTD:guard_support.obj
 0002:00000138       __xc_a                     0000000180016138     MSVCRTD:initializers.obj
 0002:00000140       __xc_z                     0000000180016140     MSVCRTD:initializers.obj
 0002:00000148       __xi_a                     0000000180016148     MSVCRTD:initializers.obj
 0002:00000150       __xi_z                     0000000180016150     MSVCRTD:initializers.obj
 0002:00000158       __xp_a                     0000000180016158     MSVCRTD:initializers.obj
 0002:00000160       __xp_z                     0000000180016160     MSVCRTD:initializers.obj
 0002:00000168       __xt_a                     0000000180016168     MSVCRTD:initializers.obj
 0002:00000170       __xt_z                     0000000180016170     MSVCRTD:initializers.obj
 0002:00000440       ??_C@_0BA@NMEIMCEK@InvalidCodePath@ 0000000180016440     p5engine.obj
 0002:00000450       __real@00000000            0000000180016450     p5engine.obj
 0002:00000454       __real@308992b1            0000000180016454     p5engine.obj
 0002:00000458       __real@3a83126f            0000000180016458     p5engine.obj
 0002:0000045c       __real@3b808081            000000018001645c     p5engine.obj
 0002:00000460       __real@3c23d70a            0000000180016460     p5engine.obj
 0002:00000464       __real@3cc30c31            0000000180016464     p5engine.obj
 0002:00000468       __real@3dcccccd            0000000180016468     p5engine.obj
 0002:0000046c       __real@3de00000            000000018001646c     p5engine.obj
 0002:00000470       __real@3e4ccccd            0000000180016470     p5engine.obj
 0002:00000474       __real@3e800000            0000000180016474     p5engine.obj
 0002:00000478       __real@3e99999a            0000000180016478     p5engine.obj
 0002:0000047c       __real@3eae4c41            000000018001647c     p5engine.obj
 0002:00000480       __real@3ecccccd            0000000180016480     p5engine.obj
 0002:00000484       __real@3ee147ae            0000000180016484     p5engine.obj
 0002:00000488       __real@3f000000            0000000180016488     p5engine.obj
 0002:0000048c       __real@3f19999a            000000018001648c     p5engine.obj
 0002:00000490       __real@3f228f5c            0000000180016490     p5engine.obj
 0002:00000494       __real@3f3504f3            0000000180016494     p5engine.obj
 0002:00000498       __real@3f400000            0000000180016498     p5engine.obj
 0002:0000049c       __real@3f540000            000000018001649c     p5engine.obj
 0002:000004a0       __real@3f666666            00000001800164a0     p5engine.obj
 0002:000004a4       __real@3f800000            00000001800164a4     p5engine.obj
 0002:000004a8       __real@3f8ba2e9            00000001800164a8     p5engine.obj
 0002:000004ac       __real@3f8ccccd            00000001800164ac     p5engine.obj
 0002:000004b0       __real@3f99999a            00000001800164b0     p5engine.obj
 0002:000004b4       __real@3fa66666            00000001800164b4     p5engine.obj
 0002:000004b8       __real@3fb33333            00000001800164b8     p5engine.obj
 0002:000004bc       __real@3fc00000            00000001800164bc     p5engine.obj
 0002:000004c0       __real@3fc90fdb            00000001800164c0     p5engine.obj
 0002:000004c4       __real@40000000            00000001800164c4     p5engine.obj
 0002:000004c8       __real@400ccccd            00000001800164c8     p5engine.obj
 0002:000004cc       __real@40400000            00000001800164cc     p5engine.obj
 0002:000004d0       __real@40490fdb            00000001800164d0     p5engine.obj
 0002:000004d4       __real@40800000            00000001800164d4     p5engine.obj
 0002:000004d8       __real@4096cbe4            00000001800164d8     p5engine.obj
 0002:000004dc       __real@40a00000            00000001800164dc     p5engine.obj
 0002:000004e0       __real@40c00000            00000001800164e0     p5engine.obj
 0002:000004e4       __real@40c90fdb            00000001800164e4     p5engine.obj
 0002:000004e8       __real@41100000            00000001800164e8     p5engine.obj
 0002:000004ec       __real@41700000            00000001800164ec     p5engine.obj
 0002:000004f0       __real@41880000            00000001800164f0     p5engine.obj
 0002:000004f4       __real@41a00000            00000001800164f4     p5engine.obj
 0002:000004f8       __real@41f00000            00000001800164f8     p5engine.obj
 0002:000004fc       __real@42340000            00000001800164fc     p5engine.obj
 0002:00000500       __real@437f0000            0000000180016500     p5engine.obj
 0002:00000504       __real@461c4000            0000000180016504     p5engine.obj
 0002:00000508       __real@47c35000            0000000180016508     p5engine.obj
 0002:0000050c       __real@49742400            000000018001650c     p5engine.obj
 0002:00000510       __real@7f7fffff            0000000180016510     p5engine.obj
 0002:00000514       __real@becccccd            0000000180016514     p5engine.obj
 0002:00000518       __real@bf000000            0000000180016518     p5engine.obj
 0002:0000051c       __real@bf800000            000000018001651c     p5engine.obj
 0002:00000520       __real@c0000000            0000000180016520     p5engine.obj
 0002:00000524       __real@c0100000            0000000180016524     p5engine.obj
 0002:00000528       __real@c0400000            0000000180016528     p5engine.obj
 0002:0000052c       __real@c11ccccd            000000018001652c     p5engine.obj
 0002:00000530       __xmm@00000000000000000000000000000000 0000000180016530     p5engine.obj
 0002:00000540       __xmm@000000ff000000ff000000ff000000ff 0000000180016540     p5engine.obj
 0002:00000550       __xmm@0000ffff0000ffff0000ffff0000ffff 0000000180016550     p5engine.obj
 0002:00000560       __xmm@00ff00ff00ff00ff00ff00ff00ff00ff 0000000180016560     p5engine.obj
 0002:00000570       __xmm@3b8080813b8080813b8080813b808081 0000000180016570     p5engine.obj
 0002:00000580       __xmm@3f0000003f0000003f0000003f000000 0000000180016580     p5engine.obj
 0002:00000590       __xmm@3f8000003f8000003f8000003f800000 0000000180016590     p5engine.obj
 0002:000005a0       __xmm@40800000408000004080000040800000 00000001800165a0     p5engine.obj
 0002:000005b0       __xmm@477e0100477e0100477e0100477e0100 00000001800165b0     p5engine.obj
 0002:000005c0       __xmm@7fffffffffffffff7fffffffffffffff 00000001800165c0     p5engine.obj
 0002:000005d0       __xmm@80000000800000008000000080000000 00000001800165d0     p5engine.obj
 0002:000005e0       __xmm@ffffffffffffffffffffffffffffffff 00000001800165e0     p5engine.obj
 0002:000005f0       _pRawDllMain               00000001800165f0     MSVCRTD:dll_dllmain.obj
 0002:000005f0       _pDefaultRawDllMain        00000001800165f0     MSVCRTD:dll_dllmain.obj
 0002:00000660       _load_config_used          0000000180016660     MSVCRTD:loadcfg.obj
 0002:00000800       __volatile_metadata        0000000180016800     <linker-defined>
 0002:00000c68       __rtc_iaa                  0000000180016c68     MSVCRTD:initsect.obj
 0002:00000c70       __rtc_izz                  0000000180016c70     MSVCRTD:initsect.obj
 0002:00000c78       __rtc_taa                  0000000180016c78     MSVCRTD:initsect.obj
 0002:00000c80       __rtc_tzz                  0000000180016c80     MSVCRTD:initsect.obj
 0002:00001454       __IMPORT_DESCRIPTOR_VCRUNTIME140D 0000000180017454     vcruntimed:VCRUNTIME140D.dll
 0002:00001468       __IMPORT_DESCRIPTOR_ucrtbased 0000000180017468     ucrtd:ucrtbased.dll
 0002:0000147c       __IMPORT_DESCRIPTOR_KERNEL32 000000018001747c     kernel32:KERNEL32.dll
 0002:00001490       __NULL_IMPORT_DESCRIPTOR   0000000180017490     vcruntimed:VCRUNTIME140D.dll
 0003:00004000       __security_cookie_complement 000000018001c000     MSVCRTD:gs_cookie.obj
 0003:00004008       __security_cookie          000000018001c008     MSVCRTD:gs_cookie.obj
 0003:00004010       _fltused                   000000018001c010     MSVCRTD:fltused.obj
 0003:00004014       __scrt_native_dllmain_reason 000000018001c014     MSVCRTD:utility.obj
 0003:00004018       __isa_available            000000018001c018     MSVCRTD:cpu_disp.obj
 0003:0000401c       __isa_enabled              000000018001c01c     MSVCRTD:cpu_disp.obj
 0003:00004020       __memcpy_nt_iters          000000018001c020     MSVCRTD:cpu_disp.obj
 0003:00004028       __memset_nt_iters          000000018001c028     MSVCRTD:cpu_disp.obj
 0003:00004030       __scrt_ucrt_dll_is_in_use  000000018001c030     MSVCRTD:ucrt_stubs.obj
 0003:00004040       DebugGlobalMemory          000000018001c040     p5engine.obj
 0003:000045e0       ?__type_info_root_node@@3U__type_info_node@@A 000000018001c5e0     MSVCRTD:tncleanup.obj
 0003:000045f0       ?_OptionsStorage@?1??__local_stdio_printf_options@@9@4_KA 000000018001c5f0     MSVCRTD:default_local_stdio_options.obj
 0003:000045f8       ?_OptionsStorage@?1??__local_stdio_scanf_options@@9@4_KA 000000018001c5f8     MSVCRTD:default_local_stdio_options.obj
 0003:00004600       __scrt_current_native_startup_state 000000018001c600     MSVCRTD:utility.obj
 0003:00004608       __scrt_native_startup_lock 000000018001c608     MSVCRTD:utility.obj
 0003:00004648       __scrt_debugger_hook_flag  000000018001c648     MSVCRTD:utility_desktop.obj
 0003:00004650       __castguard_check_failure_os_handled_fptr 000000018001c650     MSVCRTD:guard_support.obj
 0003:00004658       __favor                    000000018001c658     MSVCRTD:cpu_disp.obj
 0003:00004660       __dyn_tls_init_callback    000000018001c660     <common>
 0003:00004668       __DebuggerCurrentSteppingThreadId 000000018001c668     <common>

 entry point at        0001:00013290

 Static symbols

 0000:fffdf000       .debug$S                   0000000180000000     P5Engine.exp
 0000:fffdf000       .debug$S                   0000000180000000     vcruntimed:VCRUNTIME140D.dll
 0000:fffdf000       .debug$S                   0000000180000000     vcruntimed:VCRUNTIME140D.dll
 0000:fffdf000       .debug$S                   0000000180000000     vcruntimed:VCRUNTIME140D.dll
 0000:fffdf000       .debug$S                   0000000180000000     vcruntimed:VCRUNTIME140D.dll
 0000:fffdf000       .debug$S                   0000000180000000     ucrtd:ucrtbased.dll
 0000:fffdf000       .debug$S                   0000000180000000     ucrtd:ucrtbased.dll
 0000:fffdf000       .debug$S                   0000000180000000     ucrtd:ucrtbased.dll
 0000:fffdf000       .debug$S                   0000000180000000     ucrtd:ucrtbased.dll
 0000:fffdf000       .debug$S                   0000000180000000     ucrtd:ucrtbased.dll
 0000:fffdf000       .debug$S                   0000000180000000     ucrtd:ucrtbased.dll
 0000:fffdf000       .debug$S                   0000000180000000     ucrtd:ucrtbased.dll
 0000:fffdf000       .debug$S                   0000000180000000     ucrtd:ucrtbased.dll
 0000:fffdf000       .debug$S                   0000000180000000     ucrtd:ucrtbased.dll
 0000:fffdf000       .debug$S                   0000000180000000     ucrtd:ucrtbased.dll
 0000:fffdf000       .debug$S                   0000000180000000     ucrtd:ucrtbased.dll
 0000:fffdf000       .debug$S                   0000000180000000     ucrtd:ucrtbased.dll
 0000:fffdf000       .debug$S                   0000000180000000     ucrtd:ucrtbased.dll
 0000:fffdf000       .debug$S                   0000000180000000     ucrtd:ucrtbased.dll
 0000:fffdf000       .debug$S                   0000000180000000     ucrtd:ucrtbased.dll
 0000:fffdf000       .debug$S                   0000000180000000     ucrtd:ucrtbased.dll
 0000:fffdf000       .debug$S                   0000000180000000     ucrtd:ucrtbased.dll
 0000:fffdf000       .debug$S                   0000000180000000     ucrtd:ucrtbased.dll
 0000:fffdf000       .debug$S                   0000000180000000     kernel32:KERNEL32.dll
 0000:fffdf000       .debug$S                   0000000180000000     kernel32:KERNEL32.dll
 0000:fffdf000       .debug$S                   0000000180000000     kernel32:KERNEL32.dll
 0000:fffdf000       .debug$S                   0000000180000000     kernel32:KERNEL32.dll
 0000:fffdf000       .debug$S                   0000000180000000     kernel32:KERNEL32.dll
 0000:fffdf000       .debug$S                   0000000180000000     kernel32:KERNEL32.dll
 0000:fffdf000       .debug$S                   0000000180000000     kernel32:KERNEL32.dll
 0000:fffdf000       .debug$S                   0000000180000000     kernel32:KERNEL32.dll
 0000:fffdf000       .debug$S                   0000000180000000     kernel32:KERNEL32.dll
 0000:fffdf000       .debug$S                   0000000180000000     kernel32:KERNEL32.dll
 0000:fffdf000       .debug$S                   0000000180000000     kernel32:KERNEL32.dll
 0000:fffdf000       .debug$S                   0000000180000000     kernel32:KERNEL32.dll
 0000:fffdf000       .debug$S                   0000000180000000     kernel32:KERNEL32.dll
 0000:fffdf000       .debug$S                   0000000180000000     kernel32:KERNEL32.dll
 0000:fffdf000       .debug$S                   0000000180000000     kernel32:KERNEL32.dll
 0000:fffdf000       .debug$S                   0000000180000000     kernel32:KERNEL32.dll
 0000:fffdf000       .debug$S                   0000000180000000     kernel32:KERNEL32.dll
 0001:00000000       ?LoadBitmap@@YAXPEAUgame_assets@@Ubitmap_id@@@Z 0000000180001000 f   p5engine.obj
 0001:00000120       ?AddCollisionRule@@YAXPEAUgame_state@@IIH@Z 0000000180001120 f   p5engine.obj
 0001:000002a0       ?ClearCollisionRulesFor@@YAXPEAUgame_state@@I@Z 00000001800012a0 f   p5engine.obj
 0001:000003a0       ?BeginTaskWithMemory@@YAPEAUtask_with_memory@@PEAUtransient_state@@@Z 00000001800013a0 f   p5engine.obj
 0001:00000480       ?EndTaskWithMemory@@YAXPEAUtask_with_memory@@@Z 0000000180001480 f   p5engine.obj
 0001:000004e0       ?DrawRectangle@@YAXPEAUloaded_bitmap@@Tv2@@1Tv4@@Urectangle2i@@H@Z 00000001800014e0 f   p5engine.obj
 0001:000007a0       ?DrawRectangleQuickly@@YAXPEAUloaded_bitmap@@Tv2@@11Tv4@@0MUrectangle2i@@H@Z 00000001800017a0 f   p5engine.obj
 0001:00002c20       ?RenderGroupToOutput@@YAXPEAUrender_group@@PEAUloaded_bitmap@@Urectangle2i@@H@Z 0000000180003c20 f   p5engine.obj
 0001:00003010       ?DoTiledRenderWork@@YAXPEAUplatform_work_queue@@PEAX@Z 0000000180004010 f   p5engine.obj
 0001:000030c0       ?RenderGroupToOutput@@YAXPEAUrender_group@@PEAUloaded_bitmap@@@Z 00000001800040c0 f   p5engine.obj
 0001:000031b0       ?TiledRenderGroupToOutput@@YAXPEAUplatform_work_queue@@PEAUrender_group@@PEAUloaded_bitmap@@@Z 00000001800041b0 f   p5engine.obj
 0001:000033e0       ?AllocateRenderGroup@@YAPEAUrender_group@@PEAUgame_assets@@PEAUmemory_arena@@I@Z 00000001800043e0 f   p5engine.obj
 0001:00003510       ?InitializeWorld@@YAXPEAUworld@@Tv3@@@Z 0000000180004510 f   p5engine.obj
 0001:000035b0       ?Subtract@@YA?ATv3@@PEAUworld@@PEAUworld_position@@1@Z 00000001800045b0 f   p5engine.obj
 0001:00003820       ?ChangeEntityLocation@@YAXPEAUmemory_arena@@PEAUworld@@IPEAUlow_entity@@Uworld_position@@@Z 0000000180004820 f   p5engine.obj
 0001:000039b0       ?GetHashFromStorageIndex@@YAPEAUsim_entity_hash@@PEAUsim_region@@I@Z 00000001800049b0 f   p5engine.obj
 0001:00003a80       ?AddEntity@@YAPEAUsim_entity@@PEAUgame_state@@PEAUsim_region@@IPEAUlow_entity@@PEATv3@@@Z 0000000180004a80 f   p5engine.obj
 0001:00003be0       ?AddEntityRaw@@YAPEAUsim_entity@@PEAUgame_state@@PEAUsim_region@@IPEAUlow_entity@@@Z 0000000180004be0 f   p5engine.obj
 0001:00003d60       ?BeginSim@@YAPEAUsim_region@@PEAUmemory_arena@@PEAUgame_state@@PEAUworld@@Uworld_position@@Urectangle3@@M@Z 0000000180004d60 f   p5engine.obj
 0001:000043d0       ?EndSim@@YAXPEAUsim_region@@PEAUgame_state@@@Z 00000001800053d0 f   p5engine.obj
 0001:00004690       ?CanCollide@@YAHPEAUgame_state@@PEAUsim_entity@@1@Z 0000000180005690 f   p5engine.obj
 0001:000047e0       ?HandleCollision@@YAHPEAUgame_state@@PEAUsim_entity@@1@Z 00000001800057e0 f   p5engine.obj
 0001:000048c0       ?CanOverlap@@YAHPEAUgame_state@@PEAUsim_entity@@1@Z 00000001800058c0 f   p5engine.obj
 0001:00004920       ?HandleOverlap@@YAXPEAUgame_state@@PEAUsim_entity@@1MPEAM@Z 0000000180005920 f   p5engine.obj
 0001:000049c0       ?SpeculativeCollide@@YAHPEAUsim_entity@@0Tv3@@@Z 00000001800059c0 f   p5engine.obj
 0001:00004ac0       ?EntitiesOverlap@@YAHPEAUsim_entity@@0Tv3@@@Z 0000000180005ac0 f   p5engine.obj
 0001:00004e00       ?MoveEntity@@YAXPEAUgame_state@@PEAUsim_region@@PEAUsim_entity@@MPEAUmove_spec@@Tv3@@@Z 0000000180005e00 f   p5engine.obj
 0001:00006760       ?DEBUGLoadBMP@@YA?AUloaded_bitmap@@PEADTv2@@@Z 0000000180007760 f   p5engine.obj
 0001:00006c70       ?DEBUGLoadWAV@@YA?AUloaded_sound@@PEAD@Z 0000000180007c70 f   p5engine.obj
 0001:00007100       ?LoadBitmapWork@@YAXPEAUplatform_work_queue@@PEAX@Z 0000000180008100 f   p5engine.obj
 0001:00007200       ?BestMatchAsset@@YA?AUbitmap_id@@PEAUgame_assets@@W4asset_type_id@@PEAUasset_vector@@2@Z 0000000180008200 f   p5engine.obj
 0001:00007460       ?RandomAssetFrom@@YA?AUbitmap_id@@PEAUgame_assets@@W4asset_type_id@@PEAUrandom_series@@@Z 0000000180008460 f   p5engine.obj
 0001:00007540       ?GetFirstBitmapID@@YA?AUbitmap_id@@PEAUgame_assets@@W4asset_type_id@@@Z 0000000180008540 f   p5engine.obj
 0001:000075f0       ?DEBUGAddBitmapInfo@@YA?AUbitmap_id@@PEAUgame_assets@@PEADTv2@@@Z 00000001800085f0 f   p5engine.obj
 0001:000076a0       ?BeginAssetType@@YAXPEAUgame_assets@@W4asset_type_id@@@Z 00000001800086a0 f   p5engine.obj
 0001:00007740       ?AddBitmapAsset@@YAXPEAUgame_assets@@PEADTv2@@@Z 0000000180008740 f   p5engine.obj
 0001:00007850       ?AddTag@@YAXPEAUgame_assets@@W4asset_tag_id@@M@Z 0000000180008850 f   p5engine.obj
 0001:00007910       ?EndAssetType@@YAXPEAUgame_assets@@@Z 0000000180008910 f   p5engine.obj
 0001:00007990       ?AllocateGameAssets@@YAPEAUgame_assets@@PEAUmemory_arena@@_KPEAUtransient_state@@@Z 0000000180008990 f   p5engine.obj
 0001:00008040       ?AddLowEntity@@YA?AUadd_low_entity_result@@PEAUgame_state@@W4entity_type@@Uworld_position@@@Z 0000000180009040 f   p5engine.obj
 0001:00008240       ?AddGroundedEntity@@YA?AUadd_low_entity_result@@PEAUgame_state@@W4entity_type@@Uworld_position@@PEAUsim_entity_collision_volume_group@@@Z 0000000180009240 f   p5engine.obj
 0001:000082f0       ?AddStandardRoom@@YA?AUadd_low_entity_result@@PEAUgame_state@@III@Z 00000001800092f0 f   p5engine.obj
 0001:00008450       ?AddWall@@YA?AUadd_low_entity_result@@PEAUgame_state@@III@Z 0000000180009450 f   p5engine.obj
 0001:000085b0       ?AddStairs@@YA?AUadd_low_entity_result@@PEAUgame_state@@III@Z 00000001800095b0 f   p5engine.obj
 0001:00008740       ?InitHitPoints@@YAXPEAUlow_entity@@I@Z 0000000180009740 f   p5engine.obj
 0001:000087d0       ?AddSword@@YA?AUadd_low_entity_result@@PEAUgame_state@@@Z 00000001800097d0 f   p5engine.obj
 0001:000088c0       ?AddPlayer@@YA?AUadd_low_entity_result@@PEAUgame_state@@@Z 00000001800098c0 f   p5engine.obj
 0001:00008a00       ?AddMonstar@@YA?AUadd_low_entity_result@@PEAUgame_state@@III@Z 0000000180009a00 f   p5engine.obj
 0001:00008b70       ?AddFamiliar@@YA?AUadd_low_entity_result@@PEAUgame_state@@III@Z 0000000180009b70 f   p5engine.obj
 0001:00008cd0       ?DrawHitpoints@@YAXPEAUsim_entity@@PEAUrender_group@@@Z 0000000180009cd0 f   p5engine.obj
 0001:00008f40       ?MakeSimpleGroundedCollision@@YAPEAUsim_entity_collision_volume_group@@PEAUgame_state@@MMM@Z 0000000180009f40 f   p5engine.obj
 0001:000090a0       ?MakeNullCollision@@YAPEAUsim_entity_collision_volume_group@@PEAUgame_state@@@Z 000000018000a0a0 f   p5engine.obj
 0001:00009180       ?FillGroundChunkWork@@YAXPEAUplatform_work_queue@@PEAX@Z 000000018000a180 f   p5engine.obj
 0001:000091e0       ?FillGroundChunk@@YAXPEAUtransient_state@@PEAUgame_state@@PEAUground_buffer@@PEAUworld_position@@@Z 000000018000a1e0 f   p5engine.obj
 0001:00009a60       ?ClearBitmap@@YAXPEAUloaded_bitmap@@@Z 000000018000aa60 f   p5engine.obj
 0001:00009ac0       ?MakeEmptyBitmap@@YA?AUloaded_bitmap@@PEAUmemory_arena@@HHH@Z 000000018000aac0 f   p5engine.obj
 0001:00009bb0       ?MakeSphereDiffuseMap@@YAXPEAUloaded_bitmap@@MM@Z 000000018000abb0 f   p5engine.obj
 0001:00009ee0       ?MakeSphereNormalMap@@YAXPEAUloaded_bitmap@@MMM@Z 000000018000aee0 f   p5engine.obj
 0001:0000dbe0       $LN145                     000000018000ebe0     p5engine.obj
 0001:00012df0       $$000000                   0000000180013df0     MSVCRTD:chkstk.obj
 0001:00012e50       $$000000                   0000000180013e50     MSVCRTD:amdsecgs.obj
 0001:00012e80       ?dllmain_crt_dispatch@@YAHQEAUHINSTANCE__@@KQEAX@Z 0000000180013e80 f   MSVCRTD:dll_dllmain.obj
 0001:00012f10       ?dllmain_crt_process_attach@@YAHQEAUHINSTANCE__@@QEAX@Z 0000000180013f10 f   MSVCRTD:dll_dllmain.obj
 0001:00013050       ?dllmain_crt_process_detach@@YAH_N@Z 0000000180014050 f   MSVCRTD:dll_dllmain.obj
 0001:000130f0       ?dllmain_dispatch@@YAHQEAUHINSTANCE__@@KQEAX@Z 00000001800140f0 f   MSVCRTD:dll_dllmain.obj
 0001:00013230       ?dllmain_raw@@YAHQEAUHINSTANCE__@@KQEAX@Z 0000000180014230 f   MSVCRTD:dll_dllmain.obj
 0001:000133f0       capture_previous_context   00000001800143f0 f   MSVCRTD:gs_report.obj
 0001:000134b0       __get_entropy              00000001800144b0 f   MSVCRTD:gs_support.obj
 0001:00013700       ?find_pe_section@@YAPEAU_IMAGE_SECTION_HEADER@@QEAE_K@Z 0000000180014700 f   MSVCRTD:utility.obj
 0001:000137e0       ?is_potentially_valid_image_base@@YA_NQEAX@Z 00000001800147e0 f   MSVCRTD:utility.obj
 0001:00014390       $$000000                   0000000180015390     MSVCRTD:guard_dispatch.obj
 0001:000143b0       $$000000                   00000001800153b0     MSVCRTD:guard_xfg_dispatch.obj
 0001:000143d0       ?fin$0@?0??dllmain_crt_process_attach@@YAHQEAUHINSTANCE__@@QEAX@Z@4HA 00000001800153d0 f   MSVCRTD:dll_dllmain.obj
 0001:000143f0       ?fin$0@?0??dllmain_crt_process_detach@@YAH_N@Z@4HA 00000001800153f0 f   MSVCRTD:dll_dllmain.obj
 0001:0001440a       ?fin$1@?0??dllmain_crt_process_detach@@YAH_N@Z@4HA 000000018001540a f   MSVCRTD:dll_dllmain.obj
 0001:00014420       ?filt$0@?0??dllmain_dispatch@@YAHQEAUHINSTANCE__@@KQEAX@Z@4HA 0000000180015420 f   MSVCRTD:dll_dllmain.obj
 0001:00014470       __scrt_is_nonwritable_in_current_image$filt$0 0000000180015470 f   MSVCRTD:utility.obj
 0002:00000180       $SG29879                   0000000180016180     p5engine.obj
 0002:00000190       $SG30306                   0000000180016190     p5engine.obj
 0002:000001a0       $SG31066                   00000001800161a0     p5engine.obj
 0002:000001c8       $SG31320                   00000001800161c8     p5engine.obj
 0002:000001e8       $SG31321                   00000001800161e8     p5engine.obj
 0002:00000208       $SG31322                   0000000180016208     p5engine.obj
 0002:00000228       $SG31323                   0000000180016228     p5engine.obj
 0002:00000240       $SG31324                   0000000180016240     p5engine.obj
 0002:00000260       $SG31325                   0000000180016260     p5engine.obj
 0002:00000280       $SG31326                   0000000180016280     p5engine.obj
 0002:000002a0       $SG31327                   00000001800162a0     p5engine.obj
 0002:000002c0       $SG31328                   00000001800162c0     p5engine.obj
 0002:000002e0       $SG31329                   00000001800162e0     p5engine.obj
 0002:00000300       $SG31330                   0000000180016300     p5engine.obj
 0002:00000328       $SG31331                   0000000180016328     p5engine.obj
 0002:00000348       $SG31332                   0000000180016348     p5engine.obj
 0002:00000368       $SG31333                   0000000180016368     p5engine.obj
 0002:00000390       $SG31334                   0000000180016390     p5engine.obj
 0002:000003b0       $SG31335                   00000001800163b0     p5engine.obj
 0002:000003d0       $SG31336                   00000001800163d0     p5engine.obj
 0002:000003f0       $SG31337                   00000001800163f0     p5engine.obj
 0002:00000410       $SG32200                   0000000180016410     p5engine.obj
 0002:00000430       $SG32281                   0000000180016430     p5engine.obj
 0002:000005f8       GS_ExceptionPointers       00000001800165f8     MSVCRTD:gs_report.obj
 0002:00000c88       $unwind$?GetBitmap@@YAPEAUloaded_bitmap@@PEAUgame_assets@@Ubitmap_id@@@Z 0000000180016c88     p5engine.obj
 0002:00000c88       $unwind$?GetLowEntity@@YAPEAUlow_entity@@PEAUgame_state@@I@Z 0000000180016c88     p5engine.obj
 0002:00000c88       $unwind$?HasFlag@@YAHPEAUsim_entity@@I@Z 0000000180016c88     p5engine.obj
 0002:00000c88       $unwind$?RandomChoice@@YAIPEAUrandom_series@@I@Z 0000000180016c88     p5engine.obj
 0002:00000c88       $unwind$GetController      0000000180016c88     p5engine.obj
 0002:00000c90       $unwind$?InitializeArena@@YAXPEAUmemory_arena@@_KPEAX@Z 0000000180016c90     p5engine.obj
 0002:00000c98       $unwind$?GetAlignmentOffset@@YA_KPEAUmemory_arena@@_K@Z 0000000180016c98     p5engine.obj
 0002:00000ca0       $unwind$??Y@YAAEATv2@@AEAT0@T0@@Z 0000000180016ca0     p5engine.obj
 0002:00000ca0       $unwind$?GetArenaSizeRemaining@@YA_KPEAUmemory_arena@@_K@Z 0000000180016ca0     p5engine.obj
 0002:00000ca0       $unwind$?Hadamard@@YA?ATv2@@T1@0@Z 0000000180016ca0     p5engine.obj
 0002:00000ca0       $unwind$?Inner@@YAMTv2@@0@Z 0000000180016ca0     p5engine.obj
 0002:00000ca0       $unwind$?Inner@@YAMTv3@@0@Z 0000000180016ca0     p5engine.obj
 0002:00000ca0       $unwind$?IsCanonical@@YAHPEAUworld@@Tv3@@@Z 0000000180016ca0     p5engine.obj
 0002:00000ca0       $unwind$?IsInRectangle@@YAHUrectangle3@@Tv3@@@Z 0000000180016ca0     p5engine.obj
 0002:00000ca0       $unwind$?RectanglesIntersect@@YAHUrectangle3@@0@Z 0000000180016ca0     p5engine.obj
 0002:00000ca0       $unwind$?ZeroSize@@YAX_KPEAX@Z 0000000180016ca0     p5engine.obj
 0002:00000ca0       $unwind$?find_pe_section@@YAPEAU_IMAGE_SECTION_HEADER@@QEAE_K@Z 0000000180016ca0     MSVCRTD:utility.obj
 0002:00000ca8       $unwind$?PushSize_@@YAPEAXPEAUmemory_arena@@_K1@Z 0000000180016ca8     p5engine.obj
 0002:00000cb0       $unwind$?BeginTemporaryMemory@@YA?AUtemporary_memory@@PEAUmemory_arena@@@Z 0000000180016cb0     p5engine.obj
 0002:00000cc4       $unwind$?AllResourcesPresent@@YAHPEAUrender_group@@@Z 0000000180016cc4     p5engine.obj
 0002:00000cc4       $unwind$?EndTemporaryMemory@@YAXUtemporary_memory@@@Z 0000000180016cc4     p5engine.obj
 0002:00000cc4       $unwind$?GetChunkData@@YAPEAXUriff_iterator@@@Z 0000000180016cc4     p5engine.obj
 0002:00000cc4       $unwind$?GetChunkDataSize@@YAIUriff_iterator@@@Z 0000000180016cc4     p5engine.obj
 0002:00000cc4       $unwind$?GetClampedRectArea@@YAHUrectangle2i@@@Z 0000000180016cc4     p5engine.obj
 0002:00000cc4       $unwind$?GetDim@@YA?ATv2@@Urectangle2@@@Z 0000000180016cc4     p5engine.obj
 0002:00000cc4       $unwind$?GetType@@YAIUriff_iterator@@@Z 0000000180016cc4     p5engine.obj
 0002:00000cc4       $unwind$?HasArea@@YAHUrectangle2i@@@Z 0000000180016cc4     p5engine.obj
 0002:00000cc4       $unwind$?IsValid@@YAHUriff_iterator@@@Z 0000000180016cc4     p5engine.obj
 0002:00000cc4       $unwind$?IsValid@@YAHUworld_position@@@Z 0000000180016cc4     p5engine.obj
 0002:00000cc4       $unwind$?LengthSq@@YAMTv2@@@Z 0000000180016cc4     p5engine.obj
 0002:00000cc4       $unwind$?RandomBilateral@@YAMPEAUrandom_series@@@Z 0000000180016cc4     p5engine.obj
 0002:00000cc4       $unwind$?RandomNextUInt32@@YAIPEAUrandom_series@@@Z 0000000180016cc4     p5engine.obj
 0002:00000cc4       $unwind$?RandomUnilateral@@YAMPEAUrandom_series@@@Z 0000000180016cc4     p5engine.obj
 0002:00000cc4       $unwind$__CheckForDebuggerJustMyCode 0000000180016cc4     MSVCRTD:debugger_jmc.obj
 0002:00000cc4       $unwind$__report_gsfailure 0000000180016cc4     MSVCRTD:gs_report.obj
 0002:00000ccc       $unwind$?CheckArena@@YAXPEAUmemory_arena@@@Z 0000000180016ccc     p5engine.obj
 0002:00000ccc       $unwind$?StoreEntityReference@@YAXPEATentity_reference@@@Z 0000000180016ccc     p5engine.obj
 0002:00000ccc       $unwind$__raise_securityfailure 0000000180016ccc     MSVCRTD:gs_report.obj
 0002:00000ccc       $unwind$?is_potentially_valid_image_base@@YA_NQEAX@Z 0000000180016ccc     MSVCRTD:utility.obj
 0002:00000cd4       $unwind$?SubArena@@YAXPEAUmemory_arena@@0_K1@Z 0000000180016cd4     p5engine.obj
 0002:00000cd4       $unwind$__GSHandlerCheck   0000000180016cd4     MSVCRTD:gshandler.obj
 0002:00000cdc       $unwind$?AtomicCompareExchangeUInt32@@YAIPECIII@Z 0000000180016cdc     p5engine.obj
 0002:00000cdc       $unwind$?PushRenderElement_@@YAPEAXPEAUrender_group@@IW4render_group_entry_type@@@Z 0000000180016cdc     p5engine.obj
 0002:00000cdc       $unwind$?dllmain_crt_dispatch@@YAHQEAUHINSTANCE__@@KQEAX@Z 0000000180016cdc     MSVCRTD:dll_dllmain.obj
 0002:00000cdc       $unwind$?dllmain_raw@@YAHQEAUHINSTANCE__@@KQEAX@Z 0000000180016cdc     MSVCRTD:dll_dllmain.obj
 0002:00000ce4       $unwind$?AbsoluteValue@@YAMM@Z 0000000180016ce4     p5engine.obj
 0002:00000ce4       $unwind$?CeilReal32ToInt32@@YAHM@Z 0000000180016ce4     p5engine.obj
 0002:00000ce4       $unwind$?Clamp01@@YAMM@Z   0000000180016ce4     p5engine.obj
 0002:00000ce4       $unwind$?FloorReal32ToInt32@@YAHM@Z 0000000180016ce4     p5engine.obj
 0002:00000ce4       $unwind$?RoundReal32ToInt32@@YAHM@Z 0000000180016ce4     p5engine.obj
 0002:00000ce4       $unwind$?RoundReal32ToUInt32@@YAIM@Z 0000000180016ce4     p5engine.obj
 0002:00000ce4       $unwind$?SignOf@@YAMM@Z    0000000180016ce4     p5engine.obj
 0002:00000ce4       $unwind$?Sin@@YAMM@Z       0000000180016ce4     p5engine.obj
 0002:00000ce4       $unwind$?Square@@YAMM@Z    0000000180016ce4     p5engine.obj
 0002:00000ce4       $unwind$?SquareRoot@@YAMM@Z 0000000180016ce4     p5engine.obj
 0002:00000cec       $unwind$?ATan2@@YAMMM@Z    0000000180016cec     p5engine.obj
 0002:00000cec       $unwind$?IsCanonical@@YAHMM@Z 0000000180016cec     p5engine.obj
 0002:00000cec       $unwind$?SafeRatio0@@YAMMM@Z 0000000180016cec     p5engine.obj
 0002:00000cec       $unwind$?SafeRatio1@@YAMMM@Z 0000000180016cec     p5engine.obj
 0002:00000cf4       $unwind$?FindLeastSignificantSetBit@@YA?AUbit_scan_result@@I@Z 0000000180016cf4     p5engine.obj
 0002:00000cf4       $unwind$?RandomSeed@@YA?AUrandom_series@@I@Z 0000000180016cf4     p5engine.obj
 0002:00000d04       $unwind$?Clamp01MapToRange@@YAMMMM@Z 0000000180016d04     p5engine.obj
 0002:00000d04       $unwind$?Clamp@@YAMMMM@Z   0000000180016d04     p5engine.obj
 0002:00000d04       $unwind$?SafeRatioN@@YAMMMM@Z 0000000180016d04     p5engine.obj
 0002:00000d0c       $unwind$?V2@@YA?ATv2@@MM@Z 0000000180016d0c     p5engine.obj
 0002:00000d1c       $unwind$?V2i@@YA?ATv2@@HH@Z 0000000180016d1c     p5engine.obj
 0002:00000d24       $unwind$??D@YA?ATv2@@MT0@@Z 0000000180016d24     p5engine.obj
 0002:00000d34       $unwind$??G@YA?ATv2@@T0@0@Z 0000000180016d34     p5engine.obj
 0002:00000d34       $unwind$??H@YA?ATv2@@T0@0@Z 0000000180016d34     p5engine.obj
 0002:00000d34       $unwind$?GetBarycentric@@YA?ATv2@@Urectangle2@@T1@@Z 0000000180016d34     p5engine.obj
 0002:00000d44       $unwind$?Clamp01@@YA?ATv2@@T1@@Z 0000000180016d44     p5engine.obj
 0002:00000d54       $unwind$?V3@@YA?ATv3@@MMM@Z 0000000180016d54     p5engine.obj
 0002:00000d54       $unwind$?V4@@YA?ATv4@@MMMM@Z 0000000180016d54     p5engine.obj
 0002:00000d68       $unwind$??D@YA?ATv3@@MT0@@Z 0000000180016d68     p5engine.obj
 0002:00000d68       $unwind$??D@YA?ATv4@@MT0@@Z 0000000180016d68     p5engine.obj
 0002:00000d68       $unwind$?ToV3@@YA?ATv3@@Tv2@@M@Z 0000000180016d68     p5engine.obj
 0002:00000d7c       $unwind$??D@YA?ATv3@@T0@M@Z 0000000180016d7c     p5engine.obj
 0002:00000d7c       $unwind$?GetCameraRectangleAtDistance@@YA?AUrectangle2@@PEAUrender_group@@M@Z 0000000180016d7c     p5engine.obj
 0002:00000d88       $unwind$??X@YAAEATv3@@AEAT0@M@Z 0000000180016d88     p5engine.obj
 0002:00000d94       $unwind$??G@YA?ATv3@@T0@0@Z 0000000180016d94     p5engine.obj
 0002:00000d94       $unwind$??H@YA?ATv3@@T0@0@Z 0000000180016d94     p5engine.obj
 0002:00000da8       $unwind$??Y@YAAEATv3@@AEAT0@T0@@Z 0000000180016da8     p5engine.obj
 0002:00000da8       $unwind$??Z@YAAEATv3@@AEAT0@T0@@Z 0000000180016da8     p5engine.obj
 0002:00000da8       $unwind$?GetDim@@YA?ATv3@@Urectangle3@@@Z 0000000180016da8     p5engine.obj
 0002:00000db4       $unwind$?AreInSameChunk@@YAHPEAUworld@@PEAUworld_position@@1@Z 0000000180016db4     p5engine.obj
 0002:00000db4       $unwind$?Hadamard@@YA?ATv3@@T1@0@Z 0000000180016db4     p5engine.obj
 0002:00000db4       $unwind$?RectCenterDim@@YA?AUrectangle2@@Tv2@@0@Z 0000000180016db4     p5engine.obj
 0002:00000dc0       $unwind$?LengthSq@@YAMTv3@@@Z 0000000180016dc0     p5engine.obj
 0002:00000dcc       $unwind$?Length@@YAMTv3@@@Z 0000000180016dcc     p5engine.obj
 0002:00000dcc       $unwind$?MakeEntityNonSpatial@@YAXPEAUsim_entity@@@Z 0000000180016dcc     p5engine.obj
 0002:00000dd8       $unwind$?RectCenterHalfDim@@YA?AUrectangle2@@Tv2@@0@Z 0000000180016dd8     p5engine.obj
 0002:00000dec       $unwind$?Intersect@@YA?AUrectangle2i@@U1@0@Z 0000000180016dec     p5engine.obj
 0002:00000df8       $unwind$?InvertedInfinityRectangle@@YA?AUrectangle2i@@XZ 0000000180016df8     p5engine.obj
 0002:00000e04       $unwind$?Clear@@YAXPEAUrender_group@@Tv4@@@Z 0000000180016e04     p5engine.obj
 0002:00000e04       $unwind$?GetMaxCorner@@YA?ATv3@@Urectangle3@@@Z 0000000180016e04     p5engine.obj
 0002:00000e04       $unwind$?GetMinCorner@@YA?ATv3@@Urectangle3@@@Z 0000000180016e04     p5engine.obj
 0002:00000e04       $unwind$?NextChunk@@YA?AUriff_iterator@@U1@@Z 0000000180016e04     p5engine.obj
 0002:00000e10       $unwind$?RectMinMax@@YA?AUrectangle3@@Tv3@@0@Z 0000000180016e10     p5engine.obj
 0002:00000e24       $unwind$?AddRadiusTo@@YA?AUrectangle3@@U1@Tv3@@@Z 0000000180016e24     p5engine.obj
 0002:00000e24       $unwind$?RectCenterHalfDim@@YA?AUrectangle3@@Tv3@@0@Z 0000000180016e24     p5engine.obj
 0002:00000e38       $unwind$?RectCenterDim@@YA?AUrectangle3@@Tv3@@0@Z 0000000180016e38     p5engine.obj
 0002:00000e44       $unwind$?AddFlags@@YAXPEAUsim_entity@@I@Z 0000000180016e44     p5engine.obj
 0002:00000e44       $unwind$?ClearFlags@@YAXPEAUsim_entity@@I@Z 0000000180016e44     p5engine.obj
 0002:00000e4c       $unwind$?MakeEntitySpatial@@YAXPEAUsim_entity@@Tv3@@1@Z 0000000180016e4c     p5engine.obj
 0002:00000e58       $unwind$?GetEntityGroundPoint@@YA?ATv3@@PEAUsim_entity@@T1@@Z 0000000180016e58     p5engine.obj
 0002:00000e58       $unwind$?ParseChunkAt@@YA?AUriff_iterator@@PEAX0@Z 0000000180016e58     p5engine.obj
 0002:00000e64       $unwind$?GetEntityGroundPoint@@YA?ATv3@@PEAUsim_entity@@@Z 0000000180016e64     p5engine.obj
 0002:00000e70       $unwind$?GetStairGround@@YAMPEAUsim_entity@@Tv3@@@Z 0000000180016e70     p5engine.obj
 0002:00000e7c       $unwind$?LoadBitmap@@YAXPEAUgame_assets@@Ubitmap_id@@@Z 0000000180016e7c     p5engine.obj
 0002:00000e84       $unwind$?AddCollisionRule@@YAXPEAUgame_state@@IIH@Z 0000000180016e84     p5engine.obj
 0002:00000e8c       $unwind$?ClearCollisionRulesFor@@YAXPEAUgame_state@@I@Z 0000000180016e8c     p5engine.obj
 0002:00000e94       $unwind$?BeginTaskWithMemory@@YAPEAUtask_with_memory@@PEAUtransient_state@@@Z 0000000180016e94     p5engine.obj
 0002:00000ea0       $unwind$?EndTaskWithMemory@@YAXPEAUtask_with_memory@@@Z 0000000180016ea0     p5engine.obj
 0002:00000eac       $unwind$?DrawRectangle@@YAXPEAUloaded_bitmap@@Tv2@@1Tv4@@Urectangle2i@@H@Z 0000000180016eac     p5engine.obj
 0002:00000eb8       $unwind$?DrawRectangleQuickly@@YAXPEAUloaded_bitmap@@Tv2@@11Tv4@@0MUrectangle2i@@H@Z 0000000180016eb8     p5engine.obj
 0002:00000ecc       $unwind$?RenderGroupToOutput@@YAXPEAUrender_group@@PEAUloaded_bitmap@@Urectangle2i@@H@Z 0000000180016ecc     p5engine.obj
 0002:00000ed8       $unwind$?DoTiledRenderWork@@YAXPEAUplatform_work_queue@@PEAX@Z 0000000180016ed8     p5engine.obj
 0002:00000ee4       $unwind$?RenderGroupToOutput@@YAXPEAUrender_group@@PEAUloaded_bitmap@@@Z 0000000180016ee4     p5engine.obj
 0002:00000ef8       $unwind$?TiledRenderGroupToOutput@@YAXPEAUplatform_work_queue@@PEAUrender_group@@PEAUloaded_bitmap@@@Z 0000000180016ef8     p5engine.obj
 0002:00000f0c       $unwind$?AllocateRenderGroup@@YAPEAUrender_group@@PEAUgame_assets@@PEAUmemory_arena@@I@Z 0000000180016f0c     p5engine.obj
 0002:00000f18       $unwind$?InitializeWorld@@YAXPEAUworld@@Tv3@@@Z 0000000180016f18     p5engine.obj
 0002:00000f24       $unwind$?Subtract@@YA?ATv3@@PEAUworld@@PEAUworld_position@@1@Z 0000000180016f24     p5engine.obj
 0002:00000f38       $unwind$?ChangeEntityLocation@@YAXPEAUmemory_arena@@PEAUworld@@IPEAUlow_entity@@Uworld_position@@@Z 0000000180016f38     p5engine.obj
 0002:00000f44       $unwind$?GetHashFromStorageIndex@@YAPEAUsim_entity_hash@@PEAUsim_region@@I@Z 0000000180016f44     p5engine.obj
 0002:00000f4c       $unwind$?AddEntity@@YAPEAUsim_entity@@PEAUgame_state@@PEAUsim_region@@IPEAUlow_entity@@PEATv3@@@Z 0000000180016f4c     p5engine.obj
 0002:00000f58       $unwind$?AddEntityRaw@@YAPEAUsim_entity@@PEAUgame_state@@PEAUsim_region@@IPEAUlow_entity@@@Z 0000000180016f58     p5engine.obj
 0002:00000f64       $unwind$?BeginSim@@YAPEAUsim_region@@PEAUmemory_arena@@PEAUgame_state@@PEAUworld@@Uworld_position@@Urectangle3@@M@Z 0000000180016f64     p5engine.obj
 0002:00000f78       $unwind$?EndSim@@YAXPEAUsim_region@@PEAUgame_state@@@Z 0000000180016f78     p5engine.obj
 0002:00000f84       $unwind$?CanCollide@@YAHPEAUgame_state@@PEAUsim_entity@@1@Z 0000000180016f84     p5engine.obj
 0002:00000f8c       $unwind$?HandleCollision@@YAHPEAUgame_state@@PEAUsim_entity@@1@Z 0000000180016f8c     p5engine.obj
 0002:00000f94       $unwind$?CanOverlap@@YAHPEAUgame_state@@PEAUsim_entity@@1@Z 0000000180016f94     p5engine.obj
 0002:00000f9c       $unwind$?HandleOverlap@@YAXPEAUgame_state@@PEAUsim_entity@@1MPEAM@Z 0000000180016f9c     p5engine.obj
 0002:00000fa8       $unwind$?SpeculativeCollide@@YAHPEAUsim_entity@@0Tv3@@@Z 0000000180016fa8     p5engine.obj
 0002:00000fb4       $unwind$?EntitiesOverlap@@YAHPEAUsim_entity@@0Tv3@@@Z 0000000180016fb4     p5engine.obj
 0002:00000fc0       $unwind$?MoveEntity@@YAXPEAUgame_state@@PEAUsim_region@@PEAUsim_entity@@MPEAUmove_spec@@Tv3@@@Z 0000000180016fc0     p5engine.obj
 0002:00000fd4       $unwind$?DEBUGLoadBMP@@YA?AUloaded_bitmap@@PEADTv2@@@Z 0000000180016fd4     p5engine.obj
 0002:00000fe8       $unwind$?DEBUGLoadWAV@@YA?AUloaded_sound@@PEAD@Z 0000000180016fe8     p5engine.obj
 0002:00000ffc       $unwind$?LoadBitmapWork@@YAXPEAUplatform_work_queue@@PEAX@Z 0000000180016ffc     p5engine.obj
 0002:00001008       $unwind$?BestMatchAsset@@YA?AUbitmap_id@@PEAUgame_assets@@W4asset_type_id@@PEAUasset_vector@@2@Z 0000000180017008     p5engine.obj
 0002:0000101c       $unwind$?RandomAssetFrom@@YA?AUbitmap_id@@PEAUgame_assets@@W4asset_type_id@@PEAUrandom_series@@@Z 000000018001701c     p5engine.obj
 0002:0000102c       $unwind$?GetFirstBitmapID@@YA?AUbitmap_id@@PEAUgame_assets@@W4asset_type_id@@@Z 000000018001702c     p5engine.obj
 0002:0000103c       $unwind$?DEBUGAddBitmapInfo@@YA?AUbitmap_id@@PEAUgame_assets@@PEADTv2@@@Z 000000018001703c     p5engine.obj
 0002:00001044       $unwind$?BeginAssetType@@YAXPEAUgame_assets@@W4asset_type_id@@@Z 0000000180017044     p5engine.obj
 0002:0000104c       $unwind$?AddBitmapAsset@@YAXPEAUgame_assets@@PEADTv2@@@Z 000000018001704c     p5engine.obj
 0002:00001054       $unwind$?AddTag@@YAXPEAUgame_assets@@W4asset_tag_id@@M@Z 0000000180017054     p5engine.obj
 0002:0000105c       $unwind$?EndAssetType@@YAXPEAUgame_assets@@@Z 000000018001705c     p5engine.obj
 0002:00001064       $unwind$?AllocateGameAssets@@YAPEAUgame_assets@@PEAUmemory_arena@@_KPEAUtransient_state@@@Z 0000000180017064     p5engine.obj
 0002:0000106c       $unwind$?AddLowEntity@@YA?AUadd_low_entity_result@@PEAUgame_state@@W4entity_type@@Uworld_position@@@Z 000000018001706c     p5engine.obj
 0002:00001080       $unwind$?AddGroundedEntity@@YA?AUadd_low_entity_result@@PEAUgame_state@@W4entity_type@@Uworld_position@@PEAUsim_entity_collision_volume_group@@@Z 0000000180017080     p5engine.obj
 0002:0000108c       $unwind$?AddStandardRoom@@YA?AUadd_low_entity_result@@PEAUgame_state@@III@Z 000000018001708c     p5engine.obj
 0002:00001098       $unwind$?AddWall@@YA?AUadd_low_entity_result@@PEAUgame_state@@III@Z 0000000180017098     p5engine.obj
 0002:000010a4       $unwind$?AddStairs@@YA?AUadd_low_entity_result@@PEAUgame_state@@III@Z 00000001800170a4     p5engine.obj
 0002:000010b0       $unwind$?InitHitPoints@@YAXPEAUlow_entity@@I@Z 00000001800170b0     p5engine.obj
 0002:000010b8       $unwind$?AddSword@@YA?AUadd_low_entity_result@@PEAUgame_state@@@Z 00000001800170b8     p5engine.obj
 0002:000010c4       $unwind$?AddPlayer@@YA?AUadd_low_entity_result@@PEAUgame_state@@@Z 00000001800170c4     p5engine.obj
 0002:000010d0       $unwind$?AddMonstar@@YA?AUadd_low_entity_result@@PEAUgame_state@@III@Z 00000001800170d0     p5engine.obj
 0002:000010dc       $unwind$?AddFamiliar@@YA?AUadd_low_entity_result@@PEAUgame_state@@III@Z 00000001800170dc     p5engine.obj
 0002:000010e8       $unwind$?DrawHitpoints@@YAXPEAUsim_entity@@PEAUrender_group@@@Z 00000001800170e8     p5engine.obj
 0002:000010fc       $unwind$?MakeSimpleGroundedCollision@@YAPEAUsim_entity_collision_volume_group@@PEAUgame_state@@MMM@Z 00000001800170fc     p5engine.obj
 0002:00001108       $unwind$?MakeNullCollision@@YAPEAUsim_entity_collision_volume_group@@PEAUgame_state@@@Z 0000000180017108     p5engine.obj
 0002:00001114       $unwind$?FillGroundChunkWork@@YAXPEAUplatform_work_queue@@PEAX@Z 0000000180017114     p5engine.obj
 0002:0000111c       $unwind$?FillGroundChunk@@YAXPEAUtransient_state@@PEAUgame_state@@PEAUground_buffer@@PEAUworld_position@@@Z 000000018001711c     p5engine.obj
 0002:00001130       $unwind$?ClearBitmap@@YAXPEAUloaded_bitmap@@@Z 0000000180017130     p5engine.obj
 0002:00001138       $unwind$?MakeEmptyBitmap@@YA?AUloaded_bitmap@@PEAUmemory_arena@@HHH@Z 0000000180017138     p5engine.obj
 0002:0000114c       $unwind$?MakeSphereDiffuseMap@@YAXPEAUloaded_bitmap@@MM@Z 000000018001714c     p5engine.obj
 0002:00001158       $unwind$?MakeSphereNormalMap@@YAXPEAUloaded_bitmap@@MMM@Z 0000000180017158     p5engine.obj
 0002:00001164       $unwind$GameUpdateAndRender 0000000180017164     p5engine.obj
 0002:00001178       $unwind$GameGetSoundSamples 0000000180017178     p5engine.obj
 0002:00001180       $unwind$?Linear1ToSRGB255@@YA?ATv4@@T1@@Z 0000000180017180     p5engine.obj
 0002:00001180       $unwind$?SRGB255ToLinear1@@YA?ATv4@@T1@@Z 0000000180017180     p5engine.obj
 0002:00001194       $unwind$?GetRenderEntityBasisPos@@YA?AUentity_basis_p_result@@PEAUrender_transform@@Tv3@@@Z 0000000180017194     p5engine.obj
 0002:000011a8       $unwind$?PushBitmap@@YAXPEAUrender_group@@PEAUloaded_bitmap@@Tv3@@MTv4@@@Z 00000001800171a8     p5engine.obj
 0002:000011b4       $unwind$?PushBitmap@@YAXPEAUrender_group@@Ubitmap_id@@Tv3@@MTv4@@@Z 00000001800171b4     p5engine.obj
 0002:000011c0       $unwind$?PushRect@@YAXPEAUrender_group@@Tv3@@Tv2@@Tv4@@@Z 00000001800171c0     p5engine.obj
 0002:000011cc       $unwind$?PushRectOutline@@YAXPEAUrender_group@@Tv3@@Tv2@@Tv4@@@Z 00000001800171cc     p5engine.obj
 0002:000011d8       $unwind$?Orthographic@@YAXPEAUrender_group@@HHM@Z 00000001800171d8     p5engine.obj
 0002:000011d8       $unwind$?Perspective@@YAXPEAUrender_group@@HHMMM@Z 00000001800171d8     p5engine.obj
 0002:000011e0       $unwind$?RecanonicalizeCoord@@YAXMPEAHPEAM@Z 00000001800171e0     p5engine.obj
 0002:000011e0       $unwind$?Unproject@@YA?ATv2@@PEAUrender_group@@T1@M@Z 00000001800171e0     p5engine.obj
 0002:000011e8       $unwind$?GetCameraRectangleAtTarget@@YA?AUrectangle2@@PEAUrender_group@@@Z 00000001800171e8     p5engine.obj
 0002:000011f4       $unwind$?NullPosition@@YA?AUworld_position@@XZ 00000001800171f4     p5engine.obj
 0002:00001208       $unwind$?GetWorldChunk@@YAPEAUworld_chunk@@PEAUworld@@HHHPEAUmemory_arena@@@Z 0000000180017208     p5engine.obj
 0002:00001208       $unwind$__scrt_dllmain_exception_filter 0000000180017208     MSVCRTD:utility.obj
 0002:00001210       $unwind$?MapIntoChunkSpace@@YA?AUworld_position@@PEAUworld@@U1@Tv3@@@Z 0000000180017210     p5engine.obj
 0002:00001224       $unwind$?ChunkPositionFromTilePosition@@YA?AUworld_position@@PEAUworld@@HHHTv3@@@Z 0000000180017224     p5engine.obj
 0002:00001238       $unwind$?CenteredChunkPoint@@YA?AUworld_position@@III@Z 0000000180017238     p5engine.obj
 0002:0000124c       $unwind$?ChangeEntityLocationRaw@@YAXPEAUmemory_arena@@PEAUworld@@IPEAUworld_position@@2@Z 000000018001724c     p5engine.obj
 0002:00001258       $unwind$?GetSimSpacePos@@YA?ATv3@@PEAUsim_region@@PEAUlow_entity@@@Z 0000000180017258     p5engine.obj
 0002:00001264       $unwind$?LoadEntityReference@@YAXPEAUgame_state@@PEAUsim_region@@PEATentity_reference@@@Z 0000000180017264     p5engine.obj
 0002:00001278       $unwind$?EntityOverlapsRectangle@@YAHTv3@@Usim_entity_collision_volume@@Urectangle3@@@Z 0000000180017278     p5engine.obj
 0002:00001284       $unwind$?DefaultMoveSpec@@YA?AUmove_spec@@XZ 0000000180017284     p5engine.obj
 0002:00001298       $unwind$__GSHandlerCheckCommon 0000000180017298     MSVCRTD:gshandler.obj
 0002:000012a0       $xdatasym                  00000001800172a0     MSVCRTD:chkstk.obj
 0002:000012a8       $xdatasym                  00000001800172a8     MSVCRTD:amdsecgs.obj
 0002:000012ac       $unwind$?dllmain_crt_process_attach@@YAHQEAUHINSTANCE__@@QEAX@Z 00000001800172ac     MSVCRTD:dll_dllmain.obj
 0002:000012cc       $unwind$?fin$0@?0??dllmain_crt_process_attach@@YAHQEAUHINSTANCE__@@QEAX@Z@4HA 00000001800172cc     MSVCRTD:dll_dllmain.obj
 0002:000012cc       $unwind$?fin$0@?0??dllmain_crt_process_detach@@YAH_N@Z@4HA 00000001800172cc     MSVCRTD:dll_dllmain.obj
 0002:000012cc       $unwind$?fin$1@?0??dllmain_crt_process_detach@@YAH_N@Z@4HA 00000001800172cc     MSVCRTD:dll_dllmain.obj
 0002:000012cc       $unwind$__scrt_is_nonwritable_in_current_image$filt$0 00000001800172cc     MSVCRTD:utility.obj
 0002:000012d4       $unwind$?dllmain_crt_process_detach@@YAH_N@Z 00000001800172d4     MSVCRTD:dll_dllmain.obj
 0002:00001304       $unwind$?dllmain_dispatch@@YAHQEAUHINSTANCE__@@KQEAX@Z 0000000180017304     MSVCRTD:dll_dllmain.obj
 0002:00001324       $unwind$?filt$0@?0??dllmain_dispatch@@YAHQEAUHINSTANCE__@@KQEAX@Z@4HA 0000000180017324     MSVCRTD:dll_dllmain.obj
 0002:0000132c       $unwind$_DllMainCRTStartup 000000018001732c     MSVCRTD:dll_dllmain.obj
 0002:0000132c       $unwind$DllMain            000000018001732c     MSVCRTD:dll_dllmain_stub.obj
 0002:00001334       $unwind$capture_previous_context 0000000180017334     MSVCRTD:gs_report.obj
 0002:0000133c       $unwind$__scrt_initialize_default_local_stdio_options 000000018001733c     MSVCRTD:default_local_stdio_options.obj
 0002:0000133c       $unwind$__security_init_cookie 000000018001733c     MSVCRTD:gs_support.obj
 0002:00001344       $unwind$__get_entropy      0000000180017344     MSVCRTD:gs_support.obj
 0002:0000134c       $unwind$?__scrt_initialize_type_info@@YAXXZ 000000018001734c     MSVCRTD:tncleanup.obj
 0002:0000134c       $unwind$?__scrt_uninitialize_type_info@@YAXXZ 000000018001734c     MSVCRTD:tncleanup.obj
 0002:0000134c       $unwind$?configure_argv@__scrt_narrow_argv_policy@@SAHXZ 000000018001734c     MSVCRTD:utility.obj
 0002:0000134c       $unwind$?initialize_environment@__scrt_narrow_environment_policy@@SAHXZ 000000018001734c     MSVCRTD:utility.obj
 0002:0000134c       $unwind$__scrt_dllmain_after_initialize_c 000000018001734c     MSVCRTD:utility.obj
 0002:0000134c       $unwind$__scrt_dllmain_before_initialize_c 000000018001734c     MSVCRTD:utility.obj
 0002:0000134c       $unwind$__scrt_dllmain_crt_thread_attach 000000018001734c     MSVCRTD:utility.obj
 0002:0000134c       $unwind$__scrt_dllmain_crt_thread_detach 000000018001734c     MSVCRTD:utility.obj
 0002:0000134c       $unwind$__scrt_dllmain_uninitialize_c 000000018001734c     MSVCRTD:utility.obj
 0002:0000134c       $unwind$__scrt_dllmain_uninitialize_critical 000000018001734c     MSVCRTD:utility.obj
 0002:00001354       $unwind$__scrt_is_nonwritable_in_current_image 0000000180017354     MSVCRTD:utility.obj
 0002:00001374       $unwind$__scrt_acquire_startup_lock 0000000180017374     MSVCRTD:utility.obj
 0002:0000137c       $unwind$__scrt_initialize_crt 000000018001737c     MSVCRTD:utility.obj
 0002:0000137c       $unwind$__scrt_release_startup_lock 000000018001737c     MSVCRTD:utility.obj
 0002:00001384       $unwind$__scrt_uninitialize_crt 0000000180017384     MSVCRTD:utility.obj
 0002:0000138c       $unwind$__scrt_initialize_onexit_tables 000000018001738c     MSVCRTD:utility.obj
 0002:00001398       $unwind$__scrt_fastfail    0000000180017398     MSVCRTD:utility_desktop.obj
 0002:000013a4       $unwind$_RTC_Initialize    00000001800173a4     MSVCRTD:initsect.obj
 0002:000013a4       $unwind$_RTC_Terminate     00000001800173a4     MSVCRTD:initsect.obj
 0002:000013b0       $unwind$__isa_available_init 00000001800173b0     MSVCRTD:cpu_disp.obj
 0002:000013c0       $unwind$__scrt_is_ucrt_dll_in_use 00000001800173c0     MSVCRTD:ucrt_detection.obj
 0002:000013c8       $xdatasym                  00000001800173c8     MSVCRTD:guard_dispatch.obj
 0002:000013d0       $xdatasym                  00000001800173d0     MSVCRTD:guard_xfg_dispatch.obj
 0002:000013e0       .edata                     00000001800173e0     P5Engine.exp
 0002:00001408       rgpv                       0000000180017408     P5Engine.exp
 0002:00001410       rgszName                   0000000180017410     P5Engine.exp
 0002:00001418       rgwOrd                     0000000180017418     P5Engine.exp
 0002:0000141c       szName                     000000018001741c     P5Engine.exp
 0002:00001429       $N00001                    0000000180017429     P5Engine.exp
 0002:0000143d       $N00002                    000000018001743d     P5Engine.exp
 0002:000015f0       .idata$6                   00000001800175f0     vcruntimed:VCRUNTIME140D.dll
 0002:000016dc       .idata$6                   00000001800176dc     ucrtd:ucrtbased.dll
 0002:00001850       .idata$6                   0000000180017850     kernel32:KERNEL32.dll
 0003:00000000       ?RandomNumberTable@@3PAIA  0000000180018000     p5engine.obj
 0003:00004048       ?PlatformAddEntry@@3P6AXPEAUplatform_work_queue@@P6AX0PEAX@Z1@ZEA 000000018001c048     p5engine.obj
 0003:00004050       ?PlatformCompleteAllWork@@3P6AXPEAUplatform_work_queue@@@ZEA 000000018001c050     p5engine.obj
 0003:00004058       ?PlatformReadEntireFile@@3P6A?AUdebug_read_file_result@@PEAD@ZEA 000000018001c058     p5engine.obj
 0003:00004060       ?__proc_attached@@3HA      000000018001c060     MSVCRTD:dll_dllmain.obj
 0003:00004070       GS_ExceptionRecord         000000018001c070     MSVCRTD:gs_report.obj
 0003:00004110       GS_ContextRecord           000000018001c110     MSVCRTD:gs_report.obj
 0003:00004610       ?is_initialized_as_dll@@3_NA 000000018001c610     MSVCRTD:utility.obj
 0003:00004611       ?module_local_atexit_table_initialized@@3_NA 000000018001c611     MSVCRTD:utility.obj
 0003:00004618       ?module_local_atexit_table@@3U_onexit_table_t@@A 000000018001c618     MSVCRTD:utility.obj
 0003:00004630       ?module_local_at_quick_exit_table@@3U_onexit_table_t@@A 000000018001c630     MSVCRTD:utility.obj
 0005:00000000       __20BB4341_malloc@h        000000018001e000     p5engine.obj
 0005:00000001       __13F3F6DF_p5engine_platform@h 000000018001e001     p5engine.obj
 0005:00000002       __741AE07E_corecrt_math@h  000000018001e002     p5engine.obj
 0005:00000003       __59D680CA_p5engine_intrinsics@h 000000018001e003     p5engine.obj
 0005:00000004       __F7DD5931_p5engine_math@h 000000018001e004     p5engine.obj
 0005:00000005       __3D1D9D14_p5engine_entity@h 000000018001e005     p5engine.obj
 0005:00000006       __1CBCBAC5_p5engine_asset@h 000000018001e006     p5engine.obj
 0005:00000007       __041FA700_p5engine@h      000000018001e007     p5engine.obj
 0005:00000008       __7BC1EBB1_p5engine_random@h 000000018001e008     p5engine.obj
 0005:00000009       __90CAD781_p5engine_render_group@cpp 000000018001e009     p5engine.obj
 0005:0000000a       __FB00506F_p5engine_world@cpp 000000018001e00a     p5engine.obj
 0005:0000000b       __F0D5BF50_p5engine_sim_region@cpp 000000018001e00b     p5engine.obj
 0005:0000000c       __D37FE29A_p5engine_entity@cpp 000000018001e00c     p5engine.obj
 0005:0000000d       __EE56820E_p5engine_asset@cpp 000000018001e00d     p5engine.obj
 0005:0000000e       __3BDDD57F_p5engine@cpp    000000018001e00e     p5engine.obj
 0006:00000060       $R000000                   000000018001f060     * linker generated manifest res *
