 P5Engine

 Timestamp is 64d9c441 (Mon Aug 14 01:05:53 2023)

 Preferred load address is 0000000180000000

 Start         Length     Name                   Class
 0001:00000000 00016a20H .text$mn                CODE
 0001:00016a20 00000040H .text$mn$00             CODE
 0001:00016a60 0000043dH .text$x                 CODE
 0002:00000000 00000110H .idata$5                DATA
 0002:00000110 00000028H .00cfg                  DATA
 0002:00000138 00000008H .CRT$XCA                DATA
 0002:00000140 00000008H .CRT$XCZ                DATA
 0002:00000148 00000008H .CRT$XIA                DATA
 0002:00000150 00000008H .CRT$XIZ                DATA
 0002:00000158 00000008H .CRT$XPA                DATA
 0002:00000160 00000008H .CRT$XPZ                DATA
 0002:00000168 00000008H .CRT$XTA                DATA
 0002:00000170 00000010H .CRT$XTZ                DATA
 0002:00000178 00000000H .gehcont$y              DATA
 0002:00000178 00000000H .gfids$y                DATA
 0002:00000180 00001200H .rdata                  DATA
 0002:00001380 00000000H .rdata$CastGuardVftablesA DATA
 0002:00001380 00000000H .rdata$CastGuardVftablesC DATA
 0002:00001380 00000230H .rdata$voltmd           DATA
 0002:000015b0 000002d8H .rdata$zzzdbg           DATA
 0002:00001888 00000008H .rtc$IAA                DATA
 0002:00001890 00000008H .rtc$IZZ                DATA
 0002:00001898 00000008H .rtc$TAA                DATA
 0002:000018a0 00000008H .rtc$TZZ                DATA
 0002:000018a8 00000d78H .xdata                  DATA
 0002:00002620 00000090H .edata                  DATA
 0002:000026b0 00000050H .idata$2                DATA
 0002:00002700 00000018H .idata$3                DATA
 0002:00002718 00000110H .idata$4                DATA
 0002:00002828 000002beH .idata$6                DATA
 0003:00000000 00004060H .data                   DATA
 0003:00004060 404807acH .bss                    DATA
 0004:00000000 00000d8cH .pdata                  DATA
 0005:00000000 00000020H .msvcjmc                DATA
 0006:00000000 00000060H .rsrc$01                DATA
 0006:00000060 00000098H .rsrc$02                DATA

  Address         Publics by Value              Rva+Base               Lib:Object

 0000:00000000       __hybrid_auxiliary_iat_copy 0000000000000000     <absolute>
 0000:00000000       __AbsoluteZero             0000000000000000     <absolute>
 0000:00000000       __guard_iat_table          0000000000000000     <absolute>
 0000:00000000       __arm64x_extra_rfe_table   0000000000000000     <absolute>
 0000:00000000       __hybrid_auxiliary_iat     0000000000000000     <absolute>
 0000:00000000       __guard_eh_cont_count      0000000000000000     <absolute>
 0000:00000000       __arm64x_extra_rfe_table_size 0000000000000000     <absolute>
 0000:00000000       __arm64x_redirection_metadata 0000000000000000     <absolute>
 0000:00000000       ___safe_se_handler_count   0000000000000000     <absolute>
 0000:00000000       __guard_check_icall_a64n_fptr 0000000000000000     <absolute>
 0000:00000000       __hybrid_code_map_count    0000000000000000     <absolute>
 0000:00000000       __guard_longjmp_count      0000000000000000     <absolute>
 0000:00000000       __guard_fids_table         0000000000000000     <absolute>
 0000:00000000       __guard_fids_count         0000000000000000     <absolute>
 0000:00000000       __x64_code_ranges_to_entry_points_count 0000000000000000     <absolute>
 0000:00000000       __hybrid_code_map          0000000000000000     <absolute>
 0000:00000000       ___safe_se_handler_table   0000000000000000     <absolute>
 0000:00000000       __guard_iat_count          0000000000000000     <absolute>
 0000:00000000       __x64_code_ranges_to_entry_points 0000000000000000     <absolute>
 0000:00000000       __guard_longjmp_table      0000000000000000     <absolute>
 0000:00000000       __arm64x_redirection_metadata_count 0000000000000000     <absolute>
 0000:00000000       __dynamic_value_reloc_table 0000000000000000     <absolute>
 0000:00000000       __arm64x_native_entrypoint 0000000000000000     <absolute>
 0000:00000000       __enclave_config           0000000000000000     <absolute>
 0000:00000000       __guard_eh_cont_table      0000000000000000     <absolute>
 0000:00000100       __guard_flags              0000000000000100     <absolute>
 0000:00000000       __ImageBase                0000000180000000     <linker-defined>
 0001:0000aaa0       GameUpdateAndRender        000000018000baa0 f   p5engine.obj
 0001:0000e640       GameGetSoundSamples        000000018000f640 f   p5engine.obj
 0001:0000e7c0       ?AddRegion@@YAPEAUdebug_frame_region@@PEAUdebug_state@@PEAUdebug_frame@@@Z 000000018000f7c0 f   p5engine.obj
 0001:0000ed60       GameDEBUGFrameEnd          000000018000fd60 f   p5engine.obj
 0001:0000ef90       ??0timed_block@@QEAA@HPEADH0H@Z 000000018000ff90 f i p5engine.obj
 0001:0000f030       ??1timed_block@@QEAA@XZ    0000000180010030 f i p5engine.obj
 0001:0000f060       ??D@YA?ATv2@@MT0@@Z        0000000180010060 f i p5engine.obj
 0001:0000f0e0       ??D@YA?ATv3@@MT0@@Z        00000001800100e0 f i p5engine.obj
 0001:0000f190       ??D@YA?ATv3@@T0@M@Z        0000000180010190 f i p5engine.obj
 0001:0000f210       ??D@YA?ATv4@@MT0@@Z        0000000180010210 f i p5engine.obj
 0001:0000f2e0       ??G@YA?ATv2@@T0@0@Z        00000001800102e0 f i p5engine.obj
 0001:0000f360       ??G@YA?ATv3@@T0@0@Z        0000000180010360 f i p5engine.obj
 0001:0000f420       ??G@YA?ATv3@@T0@@Z         0000000180010420 f i p5engine.obj
 0001:0000f4d0       ??H@YA?ATv2@@T0@0@Z        00000001800104d0 f i p5engine.obj
 0001:0000f550       ??H@YA?ATv3@@T0@0@Z        0000000180010550 f i p5engine.obj
 0001:0000f610       ??X@YAAEATv3@@AEAT0@M@Z    0000000180010610 f i p5engine.obj
 0001:0000f690       ??Y@YAAEATv2@@AEAT0@T0@@Z  0000000180010690 f i p5engine.obj
 0001:0000f6e0       ??Y@YAAEATv3@@AEAT0@T0@@Z  00000001800106e0 f i p5engine.obj
 0001:0000f780       ??Z@YAAEATv3@@AEAT0@T0@@Z  0000000180010780 f i p5engine.obj
 0001:0000f820       ?ATan2@@YAMMM@Z            0000000180010820 f i p5engine.obj
 0001:0000f870       ?AbsoluteValue@@YAMM@Z     0000000180010870 f i p5engine.obj
 0001:0000f8b0       ?AddFlags@@YAXPEAUsim_entity@@I@Z 00000001800108b0 f i p5engine.obj
 0001:0000f8f0       ?AddRadiusTo@@YA?AUrectangle3@@U1@Tv3@@@Z 00000001800108f0 f i p5engine.obj
 0001:0000fa60       ?AllResourcesPresent@@YAHPEAUrender_group@@@Z 0000000180010a60 f i p5engine.obj
 0001:0000fab0       ?AreInSameChunk@@YAHPEAUworld@@PEAUworld_position@@1@Z 0000000180010ab0 f i p5engine.obj
 0001:0000fbb0       ?BeginAssetLock@@YAXPEAUgame_assets@@@Z 0000000180010bb0 f i p5engine.obj
 0001:0000fbf0       ?BeginGeneration@@YAIPEAUgame_assets@@@Z 0000000180010bf0 f i p5engine.obj
 0001:0000fca0       ?BeginTemporaryMemory@@YA?AUtemporary_memory@@PEAUmemory_arena@@@Z 0000000180010ca0 f i p5engine.obj
 0001:0000fd40       ?CenteredChunkPoint@@YA?AUworld_position@@III@Z 0000000180010d40 f i p5engine.obj
 0001:0000fdd0       ?ChangeEntityLocationRaw@@YAXPEAUmemory_arena@@PEAUworld@@IPEAUworld_position@@2@Z 0000000180010dd0 f i p5engine.obj
 0001:00010230       ?CheckArena@@YAXPEAUmemory_arena@@@Z 0000000180011230 f i p5engine.obj
 0001:00010260       ?ChunkPositionFromTilePosition@@YA?AUworld_position@@PEAUworld@@HHHTv3@@@Z 0000000180011260 f i p5engine.obj
 0001:00010500       ?Clamp01@@YA?ATv2@@T1@@Z   0000000180011500 f i p5engine.obj
 0001:00010570       ?Clamp01@@YAMM@Z           0000000180011570 f i p5engine.obj
 0001:000105b0       ?Clamp01MapToRange@@YAMMMM@Z 00000001800115b0 f i p5engine.obj
 0001:00010630       ?Clamp@@YAMMMM@Z           0000000180011630 f i p5engine.obj
 0001:000106a0       ?Clear@@YAXPEAUrender_group@@Tv4@@@Z 00000001800116a0 f i p5engine.obj
 0001:00010700       ?ClearFlags@@YAXPEAUsim_entity@@I@Z 0000000180011700 f i p5engine.obj
 0001:00010740       ?DefaultMoveSpec@@YA?AUmove_spec@@XZ 0000000180011740 f i p5engine.obj
 0001:000107e0       ?EndAssetLock@@YAXPEAUgame_assets@@@Z 00000001800117e0 f i p5engine.obj
 0001:00010810       ?EndGeneration@@YAXPEAUgame_assets@@I@Z 0000000180011810 f i p5engine.obj
 0001:000108d0       ?EndTemporaryMemory@@YAXUtemporary_memory@@@Z 00000001800118d0 f i p5engine.obj
 0001:00010950       ?EntityOverlapsRectangle@@YAHTv3@@Usim_entity_collision_volume@@Urectangle3@@@Z 0000000180011950 f i p5engine.obj
 0001:00010ae0       ?GetAlignmentOffset@@YA_KPEAUmemory_arena@@_K@Z 0000000180011ae0 f i p5engine.obj
 0001:00010b70       ?GetArenaSizeRemaining@@YA_KPEAUmemory_arena@@_K@Z 0000000180011b70 f i p5engine.obj
 0001:00010bd0       ?GetAsset@@YAPEAUasset_memory_header@@PEAUgame_assets@@II@Z 0000000180011bd0 f i p5engine.obj
 0001:00010ca0       ?GetBarycentric@@YA?ATv2@@Urectangle2@@T1@@Z 0000000180011ca0 f i p5engine.obj
 0001:00010d50       ?GetFont@@YAPEAUloaded_font@@PEAUgame_assets@@Ufont_id@@I@Z 0000000180011d50 f i p5engine.obj
 0001:00010d50       ?GetBitmap@@YAPEAUloaded_bitmap@@PEAUgame_assets@@Ubitmap_id@@I@Z 0000000180011d50 f i p5engine.obj
 0001:00010d50       ?GetSound@@YAPEAUloaded_sound@@PEAUgame_assets@@Usound_id@@I@Z 0000000180011d50 f i p5engine.obj
 0001:00010dc0       ?GetCameraRectangleAtDistance@@YA?AUrectangle2@@PEAUrender_group@@M@Z 0000000180011dc0 f i p5engine.obj
 0001:00010e60       ?GetCameraRectangleAtTarget@@YA?AUrectangle2@@PEAUrender_group@@@Z 0000000180011e60 f i p5engine.obj
 0001:00010ed0       ?GetDim@@YA?ATv2@@Urectangle2@@@Z 0000000180011ed0 f i p5engine.obj
 0001:00010f10       ?GetDim@@YA?ATv3@@Urectangle3@@@Z 0000000180011f10 f i p5engine.obj
 0001:00010fb0       ?GetEntityGroundPoint@@YA?ATv3@@PEAUsim_entity@@@Z 0000000180011fb0 f i p5engine.obj
 0001:00011030       ?GetEntityGroundPoint@@YA?ATv3@@PEAUsim_entity@@T1@@Z 0000000180012030 f i p5engine.obj
 0001:00011090       ?GetFile@@YAPEAUasset_file@@PEAUgame_assets@@I@Z 0000000180012090 f i p5engine.obj
 0001:000110f0       ?GetFileHandleFor@@YAPEAUplatform_file_handle@@PEAUgame_assets@@I@Z 00000001800120f0 f i p5engine.obj
 0001:00011150       ?GetFontInfo@@YAPEAUp5a_font@@PEAUgame_assets@@Ufont_id@@@Z 0000000180012150 f i p5engine.obj
 0001:00011150       ?GetSoundInfo@@YAPEAUp5a_sound@@PEAUgame_assets@@Usound_id@@@Z 0000000180012150 f i p5engine.obj
 0001:000111b0       ?GetLowEntity@@YAPEAUlow_entity@@PEAUgame_state@@I@Z 00000001800121b0 f i p5engine.obj
 0001:00011220       ?GetMaxCorner@@YA?ATv3@@Urectangle3@@@Z 0000000180012220 f i p5engine.obj
 0001:00011280       ?GetMinCorner@@YA?ATv3@@Urectangle3@@@Z 0000000180012280 f i p5engine.obj
 0001:000112d0       ?GetNextSoundInChain@@YA?AUsound_id@@PEAUgame_assets@@U1@@Z 00000001800122d0 f i p5engine.obj
 0001:00011390       ?GetRenderEntityBasisPos@@YA?AUentity_basis_p_result@@PEAUrender_transform@@Tv3@@@Z 0000000180012390 f i p5engine.obj
 0001:000116a0       ?GetSimSpacePos@@YA?ATv3@@PEAUsim_region@@PEAUlow_entity@@@Z 00000001800126a0 f i p5engine.obj
 0001:00011790       ?GetStairGround@@YAMPEAUsim_entity@@Tv3@@@Z 0000000180012790 f i p5engine.obj
 0001:00011880       ?GetWorldChunk@@YAPEAUworld_chunk@@PEAUworld@@HHHPEAUmemory_arena@@@Z 0000000180012880 f i p5engine.obj
 0001:00011af0       ?Hadamard@@YA?ATv2@@T1@0@Z 0000000180012af0 f i p5engine.obj
 0001:00011b50       ?Hadamard@@YA?ATv3@@T1@0@Z 0000000180012b50 f i p5engine.obj
 0001:00011c10       ?HasFlag@@YAHPEAUsim_entity@@I@Z 0000000180012c10 f i p5engine.obj
 0001:00011c50       ?InitializeArena@@YAXPEAUmemory_arena@@_KPEAX@Z 0000000180012c50 f i p5engine.obj
 0001:00011cb0       ?Inner@@YAMTv2@@0@Z        0000000180012cb0 f i p5engine.obj
 0001:00011d00       ?Inner@@YAMTv3@@0@Z        0000000180012d00 f i p5engine.obj
 0001:00011d70       ?InsertAssetHeaderAtFront@@YAXPEAUgame_assets@@PEAUasset_memory_header@@@Z 0000000180012d70 f i p5engine.obj
 0001:00011de0       ?Intersect@@YA?AUrectangle2i@@U1@0@Z 0000000180012de0 f i p5engine.obj
 0001:00011ef0       ?IsCanonical@@YAHMM@Z      0000000180012ef0 f i p5engine.obj
 0001:00011f90       ?IsCanonical@@YAHPEAUworld@@Tv3@@@Z 0000000180012f90 f i p5engine.obj
 0001:00012030       ?IsInRectangle@@YAHUrectangle3@@Tv3@@@Z 0000000180013030 f i p5engine.obj
 0001:000120f0       ?IsValid@@YAHUsound_id@@@Z 00000001800130f0 f i p5engine.obj
 0001:00012130       ?IsValid@@YAHUworld_position@@@Z 0000000180013130 f i p5engine.obj
 0001:00012180       ?Length@@YAMTv3@@@Z        0000000180013180 f i p5engine.obj
 0001:000121d0       ?LengthSq@@YAMTv2@@@Z      00000001800131d0 f i p5engine.obj
 0001:00012210       ?LengthSq@@YAMTv3@@@Z      0000000180013210 f i p5engine.obj
 0001:00012280       ?LoadEntityReference@@YAXPEAUgame_state@@PEAUsim_region@@PEATentity_reference@@@Z 0000000180013280 f i p5engine.obj
 0001:000123b0       ?MakeEntityNonSpatial@@YAXPEAUsim_entity@@@Z 00000001800133b0 f i p5engine.obj
 0001:00012430       ?MakeEntitySpatial@@YAXPEAUsim_entity@@Tv3@@1@Z 0000000180013430 f i p5engine.obj
 0001:000124a0       ?MapIntoChunkSpace@@YA?AUworld_position@@PEAUworld@@U1@Tv3@@@Z 00000001800134a0 f i p5engine.obj
 0001:00012590       ?NullPosition@@YA?AUworld_position@@XZ 0000000180013590 f i p5engine.obj
 0001:00012600       ?Orthographic@@YAXPEAUrender_group@@HHM@Z 0000000180013600 f i p5engine.obj
 0001:00012700       ?Perspective@@YAXPEAUrender_group@@HHMMM@Z 0000000180013700 f i p5engine.obj
 0001:000127f0       ?PrefetchSound@@YAXPEAUgame_assets@@Usound_id@@@Z 00000001800137f0 f i p5engine.obj
 0001:00012820       ?PushBitmap@@YAXPEAUrender_group@@PEAUloaded_bitmap@@Tv3@@MTv4@@@Z 0000000180013820 f i p5engine.obj
 0001:00012a50       ?PushBitmap@@YAXPEAUrender_group@@Ubitmap_id@@Tv3@@MTv4@@@Z 0000000180013a50 f i p5engine.obj
 0001:00012bb0       ?PushFont@@YAPEAUloaded_font@@PEAUrender_group@@Ufont_id@@@Z 0000000180013bb0 f i p5engine.obj
 0001:00012c40       ?PushRect@@YAXPEAUrender_group@@Tv3@@Tv2@@Tv4@@@Z 0000000180013c40 f i p5engine.obj
 0001:00012de0       ?PushRectOutline@@YAXPEAUrender_group@@Tv3@@Tv2@@Tv4@@@Z 0000000180013de0 f i p5engine.obj
 0001:00013270       ?PushRenderElement_@@YAPEAXPEAUrender_group@@IW4render_group_entry_type@@@Z 0000000180014270 f i p5engine.obj
 0001:000133a0       ?PushSize_@@YAPEAXPEAUmemory_arena@@_K1@Z 00000001800143a0 f i p5engine.obj
 0001:00013470       ?RandomBilateral@@YAMPEAUrandom_series@@@Z 0000000180014470 f i p5engine.obj
 0001:000134c0       ?RandomChoice@@YAIPEAUrandom_series@@I@Z 00000001800144c0 f i p5engine.obj
 0001:00013500       ?RandomNextUInt32@@YAIPEAUrandom_series@@@Z 0000000180014500 f i p5engine.obj
 0001:00013570       ?RandomSeed@@YA?AUrandom_series@@I@Z 0000000180014570 f i p5engine.obj
 0001:000135e0       ?RandomUnilateral@@YAMPEAUrandom_series@@@Z 00000001800145e0 f i p5engine.obj
 0001:00013640       ?RecanonicalizeCoord@@YAXMPEAHPEAM@Z 0000000180014640 f i p5engine.obj
 0001:000136e0       ?RectCenterDim@@YA?AUrectangle2@@Tv2@@0@Z 00000001800146e0 f i p5engine.obj
 0001:00013770       ?RectCenterDim@@YA?AUrectangle3@@Tv3@@0@Z 0000000180014770 f i p5engine.obj
 0001:00013860       ?RectCenterHalfDim@@YA?AUrectangle2@@Tv2@@0@Z 0000000180014860 f i p5engine.obj
 0001:00013910       ?RectCenterHalfDim@@YA?AUrectangle3@@Tv3@@0@Z 0000000180014910 f i p5engine.obj
 0001:00013a80       ?RectMinMax@@YA?AUrectangle3@@Tv3@@0@Z 0000000180014a80 f i p5engine.obj
 0001:00013b20       ?RectanglesIntersect@@YAHUrectangle3@@0@Z 0000000180014b20 f i p5engine.obj
 0001:00013be0       ?RoundReal32ToInt32@@YAHM@Z 0000000180014be0 f i p5engine.obj
 0001:00013c20       ?RoundReal32ToUInt32@@YAIM@Z 0000000180014c20 f i p5engine.obj
 0001:00013c60       ?SafeRatio1@@YAMMM@Z       0000000180014c60 f i p5engine.obj
 0001:00013cb0       ?SafeRatioN@@YAMMMM@Z      0000000180014cb0 f i p5engine.obj
 0001:00013d10       ?SignOf@@YAMM@Z            0000000180014d10 f i p5engine.obj
 0001:00013d70       ?Sin@@YAMM@Z               0000000180014d70 f i p5engine.obj
 0001:00013db0       ?Square@@YAMM@Z            0000000180014db0 f i p5engine.obj
 0001:00013df0       ?SquareRoot@@YAMM@Z        0000000180014df0 f i p5engine.obj
 0001:00013e30       ?StoreEntityReference@@YAXPEATentity_reference@@@Z 0000000180014e30 f i p5engine.obj
 0001:00013e70       ?SubArena@@YAXPEAUmemory_arena@@0_K1@Z 0000000180014e70 f i p5engine.obj
 0001:00013ee0       ?ToV3@@YA?ATv3@@Tv2@@M@Z   0000000180014ee0 f i p5engine.obj
 0001:00013f70       ?ToV4@@YA?ATv4@@Tv3@@M@Z   0000000180014f70 f i p5engine.obj
 0001:00013fe0       ?Unproject@@YA?ATv2@@PEAUrender_group@@T1@M@Z 0000000180014fe0 f i p5engine.obj
 0001:00014030       ?V2@@YA?ATv2@@MM@Z         0000000180015030 f i p5engine.obj
 0001:000140a0       ?V2i@@YA?ATv2@@HH@Z        00000001800150a0 f i p5engine.obj
 0001:000140f0       ?V3@@YA?ATv3@@MMM@Z        00000001800150f0 f i p5engine.obj
 0001:00014190       ?V4@@YA?ATv4@@MMMM@Z       0000000180015190 f i p5engine.obj
 0001:00014240       ?ZeroSize@@YAX_KPEAX@Z     0000000180015240 f i p5engine.obj
 0001:000142a0       AtomicAddU64               00000001800152a0 f i p5engine.obj
 0001:000142e0       AtomicCompareExchangeU32   00000001800152e0 f i p5engine.obj
 0001:00014330       AtomicExchangeU64          0000000180015330 f i p5engine.obj
 0001:00014370       GetController              0000000180015370 f i p5engine.obj
 0001:000143d0       GetThreadID                00000001800153d0 f i p5engine.obj
 0001:00014410       RecordDebugEvent           0000000180015410 f i p5engine.obj
 0001:000144f0       ?DrawRectangleQuickly@@YAXPEAUloaded_bitmap@@Tv2@@11Tv4@@0MUrectangle2i@@H@Z 00000001800154f0 f   p5engine_optimized.obj
 0001:00015250       __CheckForDebuggerJustMyCode 0000000180016250 f   MSVCRTD:debugger_jmc.obj
 0001:00015290       __GSHandlerCheck           0000000180016290 f   MSVCRTD:gshandler.obj
 0001:000152d0       __GSHandlerCheckCommon     00000001800162d0 f   MSVCRTD:gshandler.obj
 0001:000153d0       __GSHandlerCheck_EH4       00000001800163d0 f   MSVCRTD:gshandlereh4.obj
 0001:00015490       _alloca_probe              0000000180016490 f   MSVCRTD:chkstk.obj
 0001:00015490       __chkstk                   0000000180016490 f   MSVCRTD:chkstk.obj
 0001:000154f0       __security_check_cookie    00000001800164f0 f   MSVCRTD:amdsecgs.obj
 0001:00015920       _DllMainCRTStartup         0000000180016920 f   MSVCRTD:dll_dllmain.obj
 0001:00015960       __raise_securityfailure    0000000180016960 f   MSVCRTD:gs_report.obj
 0001:000159a0       __report_gsfailure         00000001800169a0 f   MSVCRTD:gs_report.obj
 0001:00015c00       __security_init_cookie     0000000180016c00 f   MSVCRTD:gs_support.obj
 0001:00015c80       DllMain                    0000000180016c80 f   MSVCRTD:dll_dllmain_stub.obj
 0001:00015cc0       ?__scrt_initialize_type_info@@YAXXZ 0000000180016cc0 f   MSVCRTD:tncleanup.obj
 0001:00015ce0       ?__scrt_uninitialize_type_info@@YAXXZ 0000000180016ce0 f   MSVCRTD:tncleanup.obj
 0001:00015d00       __local_stdio_printf_options 0000000180016d00 f i MSVCRTD:default_local_stdio_options.obj
 0001:00015d10       __local_stdio_scanf_options 0000000180016d10 f i MSVCRTD:default_local_stdio_options.obj
 0001:00015d20       __scrt_initialize_default_local_stdio_options 0000000180016d20 f   MSVCRTD:default_local_stdio_options.obj
 0001:00015d70       ?configure_argv@__scrt_narrow_argv_policy@@SAHXZ 0000000180016d70 f i MSVCRTD:utility.obj
 0001:00015e60       ?initialize_environment@__scrt_narrow_environment_policy@@SAHXZ 0000000180016e60 f i MSVCRTD:utility.obj
 0001:00015f00       NtCurrentTeb               0000000180016f00 f i MSVCRTD:utility.obj
 0001:00015f10       __scrt_acquire_startup_lock 0000000180016f10 f   MSVCRTD:utility.obj
 0001:00015f80       __scrt_dllmain_after_initialize_c 0000000180016f80 f   MSVCRTD:utility.obj
 0001:00015fb0       __scrt_dllmain_before_initialize_c 0000000180016fb0 f   MSVCRTD:utility.obj
 0001:00015fd0       __scrt_dllmain_crt_thread_attach 0000000180016fd0 f   MSVCRTD:utility.obj
 0001:00016000       __scrt_dllmain_crt_thread_detach 0000000180017000 f   MSVCRTD:utility.obj
 0001:00016020       __scrt_dllmain_exception_filter 0000000180017020 f   MSVCRTD:utility.obj
 0001:00016090       __scrt_dllmain_uninitialize_c 0000000180017090 f   MSVCRTD:utility.obj
 0001:000160c0       __scrt_dllmain_uninitialize_critical 00000001800170c0 f   MSVCRTD:utility.obj
 0001:000160e0       __scrt_initialize_crt      00000001800170e0 f   MSVCRTD:utility.obj
 0001:00016130       __scrt_initialize_onexit_tables 0000000180017130 f   MSVCRTD:utility.obj
 0001:00016240       __scrt_is_nonwritable_in_current_image 0000000180017240 f   MSVCRTD:utility.obj
 0001:000162d0       __scrt_release_startup_lock 00000001800172d0 f   MSVCRTD:utility.obj
 0001:00016300       __scrt_uninitialize_crt    0000000180017300 f   MSVCRTD:utility.obj
 0001:00016340       __scrt_get_dyn_tls_init_callback 0000000180017340 f   MSVCRTD:dyn_tls_init.obj
 0001:00016350       __crt_debugger_hook        0000000180017350 f   MSVCRTD:utility_desktop.obj
 0001:00016360       __scrt_fastfail            0000000180017360 f   MSVCRTD:utility_desktop.obj
 0001:00016500       _RTC_Initialize            0000000180017500 f   MSVCRTD:initsect.obj
 0001:00016550       _RTC_Terminate             0000000180017550 f   MSVCRTD:initsect.obj
 0001:000165a0       _guard_check_icall_nop     00000001800175a0 f i MSVCRTD:guard_support.obj
 0001:000165b0       __isa_available_init       00000001800175b0 f   MSVCRTD:cpu_disp.obj
 0001:00016950       _get_startup_argv_mode     0000000180017950 f   MSVCRTD:argv_mode.obj
 0001:00016960       __scrt_is_ucrt_dll_in_use  0000000180017960 f   MSVCRTD:ucrt_detection.obj
 0001:00016990       __CxxFrameHandler4         0000000180017990 f   vcruntimed:VCRUNTIME140_1D.dll
 0001:00016996       __C_specific_handler       0000000180017996 f   vcruntimed:VCRUNTIME140D.dll
 0001:0001699c       __std_type_info_destroy_list 000000018001799c f   vcruntimed:VCRUNTIME140D.dll
 0001:000169a2       atan2                      00000001800179a2 f   ucrtd:ucrtbased.dll
 0001:000169a8       sinf                       00000001800179a8 f   ucrtd:ucrtbased.dll
 0001:000169ae       sqrtf                      00000001800179ae f   ucrtd:ucrtbased.dll
 0001:000169b4       _initterm                  00000001800179b4 f   ucrtd:ucrtbased.dll
 0001:000169ba       _initterm_e                00000001800179ba f   ucrtd:ucrtbased.dll
 0001:000169c0       _seh_filter_dll            00000001800179c0 f   ucrtd:ucrtbased.dll
 0001:000169c6       _configure_narrow_argv     00000001800179c6 f   ucrtd:ucrtbased.dll
 0001:000169cc       _initialize_narrow_environment 00000001800179cc f   ucrtd:ucrtbased.dll
 0001:000169d2       _initialize_onexit_table   00000001800179d2 f   ucrtd:ucrtbased.dll
 0001:000169d8       _execute_onexit_table      00000001800179d8 f   ucrtd:ucrtbased.dll
 0001:000169de       _cexit                     00000001800179de f   ucrtd:ucrtbased.dll
 0001:000169f0       __acrt_thread_detach       00000001800179f0 f   MSVCRTD:ucrt_stubs.obj
 0001:000169f0       __acrt_thread_attach       00000001800179f0 f   MSVCRTD:ucrt_stubs.obj
 0001:000169f0       __scrt_stub_for_acrt_initialize 00000001800179f0 f   MSVCRTD:ucrt_stubs.obj
 0001:000169f0       __vcrt_initialize          00000001800179f0 f   MSVCRTD:ucrt_stubs.obj
 0001:000169f0       __vcrt_thread_detach       00000001800179f0 f   MSVCRTD:ucrt_stubs.obj
 0001:000169f0       __vcrt_thread_attach       00000001800179f0 f   MSVCRTD:ucrt_stubs.obj
 0001:000169f0       __scrt_stub_for_acrt_thread_attach 00000001800179f0 f   MSVCRTD:ucrt_stubs.obj
 0001:000169f0       __scrt_stub_for_acrt_thread_detach 00000001800179f0 f   MSVCRTD:ucrt_stubs.obj
 0001:000169f0       __acrt_initialize          00000001800179f0 f   MSVCRTD:ucrt_stubs.obj
 0001:00016a00       __acrt_uninitialize        0000000180017a00 f   MSVCRTD:ucrt_stubs.obj
 0001:00016a00       __vcrt_uninitialize        0000000180017a00 f   MSVCRTD:ucrt_stubs.obj
 0001:00016a00       __vcrt_uninitialize_critical 0000000180017a00 f   MSVCRTD:ucrt_stubs.obj
 0001:00016a00       __acrt_uninitialize_critical 0000000180017a00 f   MSVCRTD:ucrt_stubs.obj
 0001:00016a00       __scrt_stub_for_acrt_uninitialize_critical 0000000180017a00 f   MSVCRTD:ucrt_stubs.obj
 0001:00016a00       __scrt_stub_for_acrt_uninitialize 0000000180017a00 f   MSVCRTD:ucrt_stubs.obj
 0001:00016a10       _is_c_termination_complete 0000000180017a10 f   MSVCRTD:ucrt_stubs.obj
 0001:00016a10       __scrt_stub_for_is_c_termination_complete 0000000180017a10 f   MSVCRTD:ucrt_stubs.obj
 0001:00016a30       _guard_dispatch_icall_nop  0000000180017a30 f   MSVCRTD:guard_dispatch.obj
 0001:00016a50       _guard_xfg_dispatch_icall_nop 0000000180017a50 f   MSVCRTD:guard_xfg_dispatch.obj
 0002:00000000       __imp_GetCurrentProcessId  0000000180018000     kernel32:KERNEL32.dll
 0002:00000008       __imp_RtlCaptureContext    0000000180018008     kernel32:KERNEL32.dll
 0002:00000010       __imp_RtlLookupFunctionEntry 0000000180018010     kernel32:KERNEL32.dll
 0002:00000018       __imp_RtlVirtualUnwind     0000000180018018     kernel32:KERNEL32.dll
 0002:00000020       __imp_UnhandledExceptionFilter 0000000180018020     kernel32:KERNEL32.dll
 0002:00000028       __imp_SetUnhandledExceptionFilter 0000000180018028     kernel32:KERNEL32.dll
 0002:00000030       __imp_IsDebuggerPresent    0000000180018030     kernel32:KERNEL32.dll
 0002:00000038       __imp_InitializeSListHead  0000000180018038     kernel32:KERNEL32.dll
 0002:00000040       __imp_DisableThreadLibraryCalls 0000000180018040     kernel32:KERNEL32.dll
 0002:00000048       __imp_GetSystemTimeAsFileTime 0000000180018048     kernel32:KERNEL32.dll
 0002:00000050       __imp_GetCurrentThreadId   0000000180018050     kernel32:KERNEL32.dll
 0002:00000058       __imp_QueryPerformanceCounter 0000000180018058     kernel32:KERNEL32.dll
 0002:00000060       __imp_IsProcessorFeaturePresent 0000000180018060     kernel32:KERNEL32.dll
 0002:00000068       __imp_TerminateProcess     0000000180018068     kernel32:KERNEL32.dll
 0002:00000070       __imp_GetCurrentProcess    0000000180018070     kernel32:KERNEL32.dll
 0002:00000078       \177KERNEL32_NULL_THUNK_DATA 0000000180018078     kernel32:KERNEL32.dll
 0002:00000080       __imp___std_type_info_destroy_list 0000000180018080     vcruntimed:VCRUNTIME140D.dll
 0002:00000088       __imp___C_specific_handler 0000000180018088     vcruntimed:VCRUNTIME140D.dll
 0002:00000090       \177VCRUNTIME140D_NULL_THUNK_DATA 0000000180018090     vcruntimed:VCRUNTIME140D.dll
 0002:00000098       __imp___CxxFrameHandler4   0000000180018098     vcruntimed:VCRUNTIME140_1D.dll
 0002:000000a0       \177VCRUNTIME140_1D_NULL_THUNK_DATA 00000001800180a0     vcruntimed:VCRUNTIME140_1D.dll
 0002:000000a8       __imp__execute_onexit_table 00000001800180a8     ucrtd:ucrtbased.dll
 0002:000000b0       __imp__initialize_onexit_table 00000001800180b0     ucrtd:ucrtbased.dll
 0002:000000b8       __imp__initialize_narrow_environment 00000001800180b8     ucrtd:ucrtbased.dll
 0002:000000c0       __imp__configure_narrow_argv 00000001800180c0     ucrtd:ucrtbased.dll
 0002:000000c8       __imp__cexit               00000001800180c8     ucrtd:ucrtbased.dll
 0002:000000d0       __imp__initterm_e          00000001800180d0     ucrtd:ucrtbased.dll
 0002:000000d8       __imp__initterm            00000001800180d8     ucrtd:ucrtbased.dll
 0002:000000e0       __imp_sqrtf                00000001800180e0     ucrtd:ucrtbased.dll
 0002:000000e8       __imp_sinf                 00000001800180e8     ucrtd:ucrtbased.dll
 0002:000000f0       __imp_atan2                00000001800180f0     ucrtd:ucrtbased.dll
 0002:000000f8       __imp_roundf               00000001800180f8     ucrtd:ucrtbased.dll
 0002:00000100       __imp__seh_filter_dll      0000000180018100     ucrtd:ucrtbased.dll
 0002:00000108       \177ucrtbased_NULL_THUNK_DATA 0000000180018108     ucrtd:ucrtbased.dll
 0002:00000110       __guard_check_icall_fptr   0000000180018110     MSVCRTD:guard_support.obj
 0002:00000118       __guard_xfg_check_icall_fptr 0000000180018118     MSVCRTD:guard_support.obj
 0002:00000120       __guard_dispatch_icall_fptr 0000000180018120     MSVCRTD:guard_support.obj
 0002:00000128       __guard_xfg_dispatch_icall_fptr 0000000180018128     MSVCRTD:guard_support.obj
 0002:00000130       __guard_xfg_table_dispatch_icall_fptr 0000000180018130     MSVCRTD:guard_support.obj
 0002:00000138       __xc_a                     0000000180018138     MSVCRTD:initializers.obj
 0002:00000140       __xc_z                     0000000180018140     MSVCRTD:initializers.obj
 0002:00000148       __xi_a                     0000000180018148     MSVCRTD:initializers.obj
 0002:00000150       __xi_z                     0000000180018150     MSVCRTD:initializers.obj
 0002:00000158       __xp_a                     0000000180018158     MSVCRTD:initializers.obj
 0002:00000160       __xp_z                     0000000180018160     MSVCRTD:initializers.obj
 0002:00000168       __xt_a                     0000000180018168     MSVCRTD:initializers.obj
 0002:00000170       __xt_z                     0000000180018170     MSVCRTD:initializers.obj
 0002:00000e38       ??_C@_0BA@NMEIMCEK@InvalidCodePath@ 0000000180018e38     p5engine.obj
 0002:00000e48       ??_C@_0BI@OKLOPCDD@GetRenderEntityBasisPos@ 0000000180018e48     p5engine.obj
 0002:00000e60       ??_C@_0EJ@PHPNEBOK@C?3?2Users?2pguru?2source?2repos?2p5?9@ 0000000180018e60     p5engine.obj
 0002:00000eb0       ??_C@_0BD@JDBJLMOD@PushRenderElement_@ 0000000180018eb0     p5engine.obj
 0002:00000ec8       ??_C@_0O@NBAOOJGC@GetWorldChunk@ 0000000180018ec8     p5engine.obj
 0002:00000ee0       ??_C@_0EC@FAMPFJPC@C?3?2Users?2pguru?2source?2repos?2p5?9@ 0000000180018ee0     p5engine.obj
 0002:00000f28       ??_C@_0BI@OAEKEAEN@ChangeEntityLocationRaw@ 0000000180018f28     p5engine.obj
 0002:00000f40       __real@00000000            0000000180018f40     p5engine.obj
 0002:00000f44       __real@308992b1            0000000180018f44     p5engine.obj
 0002:00000f48       __real@328f2a63            0000000180018f48     p5engine.obj
 0002:00000f4c       __real@3a83126f            0000000180018f4c     p5engine.obj
 0002:00000f50       __real@3c23d70a            0000000180018f50     p5engine.obj
 0002:00000f54       __real@3cc30c31            0000000180018f54     p5engine.obj
 0002:00000f58       __real@3dcccccd            0000000180018f58     p5engine.obj
 0002:00000f5c       __real@3e4ccccd            0000000180018f5c     p5engine.obj
 0002:00000f60       __real@3e800000            0000000180018f60     p5engine.obj
 0002:00000f64       __real@3e99999a            0000000180018f64     p5engine.obj
 0002:00000f68       __real@3ecccccd            0000000180018f68     p5engine.obj
 0002:00000f6c       __real@3ee147ae            0000000180018f6c     p5engine.obj
 0002:00000f70       __real@3f000000            0000000180018f70     p5engine.obj
 0002:00000f74       __real@3f19999a            0000000180018f74     p5engine.obj
 0002:00000f78       __real@3f228f5c            0000000180018f78     p5engine.obj
 0002:00000f7c       __real@3f3504f3            0000000180018f7c     p5engine.obj
 0002:00000f80       __real@3f400000            0000000180018f80     p5engine.obj
 0002:00000f84       __real@3f666666            0000000180018f84     p5engine.obj
 0002:00000f88       __real@3f800000            0000000180018f88     p5engine.obj
 0002:00000f8c       __real@3f8ccccd            0000000180018f8c     p5engine.obj
 0002:00000f90       __real@3f99999a            0000000180018f90     p5engine.obj
 0002:00000f94       __real@3fa66666            0000000180018f94     p5engine.obj
 0002:00000f98       __real@3fb33333            0000000180018f98     p5engine.obj
 0002:00000f9c       __real@3fc00000            0000000180018f9c     p5engine.obj
 0002:00000fa0       __real@3fe0000000000000    0000000180018fa0     p5engine.obj
 0002:00000fa8       __real@40000000            0000000180018fa8     p5engine.obj
 0002:00000fac       __real@400ccccd            0000000180018fac     p5engine.obj
 0002:00000fb0       __real@40400000            0000000180018fb0     p5engine.obj
 0002:00000fb4       __real@40800000            0000000180018fb4     p5engine.obj
 0002:00000fb8       __real@40a00000            0000000180018fb8     p5engine.obj
 0002:00000fbc       __real@40c00000            0000000180018fbc     p5engine.obj
 0002:00000fc0       __real@40c90fdb            0000000180018fc0     p5engine.obj
 0002:00000fc4       __real@41000000            0000000180018fc4     p5engine.obj
 0002:00000fc8       __real@41100000            0000000180018fc8     p5engine.obj
 0002:00000fcc       __real@41200000            0000000180018fcc     p5engine.obj
 0002:00000fd0       __real@41700000            0000000180018fd0     p5engine.obj
 0002:00000fd4       __real@41880000            0000000180018fd4     p5engine.obj
 0002:00000fd8       __real@41a00000            0000000180018fd8     p5engine.obj
 0002:00000fdc       __real@41f00000            0000000180018fdc     p5engine.obj
 0002:00000fe0       __real@42340000            0000000180018fe0     p5engine.obj
 0002:00000fe4       __real@437f0000            0000000180018fe4     p5engine.obj
 0002:00000fe8       __real@43960000            0000000180018fe8     p5engine.obj
 0002:00000fec       __real@461c4000            0000000180018fec     p5engine.obj
 0002:00000ff0       __real@47c35000            0000000180018ff0     p5engine.obj
 0002:00000ff4       __real@49742400            0000000180018ff4     p5engine.obj
 0002:00000ff8       __real@7f7fffff            0000000180018ff8     p5engine.obj
 0002:00000ffc       __real@becccccd            0000000180018ffc     p5engine.obj
 0002:00001000       __real@bf000000            0000000180019000     p5engine.obj
 0002:00001004       __real@bf800000            0000000180019004     p5engine.obj
 0002:00001008       __real@c0000000            0000000180019008     p5engine.obj
 0002:0000100c       __real@c0100000            000000018001900c     p5engine.obj
 0002:00001010       __real@c0400000            0000000180019010     p5engine.obj
 0002:00001014       __real@c11ccccd            0000000180019014     p5engine.obj
 0002:00001020       __xmm@00000000000000000000000000000000 0000000180019020     p5engine.obj
 0002:00001030       __xmm@3f8000003f8000003f8000003f800000 0000000180019030     p5engine.obj
 0002:00001040       __xmm@7fffffffffffffff7fffffffffffffff 0000000180019040     p5engine.obj
 0002:00001050       __xmm@80000000800000008000000080000000 0000000180019050     p5engine.obj
 0002:00001060       ??_C@_0BF@IHBADFJI@DrawRectangleQuickly@ 0000000180019060     p5engine_optimized.obj
 0002:00001080       ??_C@_0EG@JEOCENLP@C?3?2Users?2pguru?2source?2repos?2p5?9@ 0000000180019080     p5engine_optimized.obj
 0002:000010c8       ??_C@_09JFLEADPH@PixelFill@ 00000001800190c8     p5engine_optimized.obj
 0002:000010e0       __xmm@000000ff000000ff000000ff000000ff 00000001800190e0     p5engine_optimized.obj
 0002:000010f0       __xmm@0000ffff0000ffff0000ffff0000ffff 00000001800190f0     p5engine_optimized.obj
 0002:00001100       __xmm@00ff00ff00ff00ff00ff00ff00ff00ff 0000000180019100     p5engine_optimized.obj
 0002:00001110       __xmm@3b8080813b8080813b8080813b808081 0000000180019110     p5engine_optimized.obj
 0002:00001120       __xmm@3f0000003f0000003f0000003f000000 0000000180019120     p5engine_optimized.obj
 0002:00001130       __xmm@40800000408000004080000040800000 0000000180019130     p5engine_optimized.obj
 0002:00001140       __xmm@477e0100477e0100477e0100477e0100 0000000180019140     p5engine_optimized.obj
 0002:00001150       __xmm@ffffffffffffffffffffffffffffffff 0000000180019150     p5engine_optimized.obj
 0002:00001160       _pRawDllMain               0000000180019160     MSVCRTD:dll_dllmain.obj
 0002:00001160       _pDefaultRawDllMain        0000000180019160     MSVCRTD:dll_dllmain.obj
 0002:000011d0       _load_config_used          00000001800191d0     MSVCRTD:loadcfg.obj
 0002:00001380       __volatile_metadata        0000000180019380     <linker-defined>
 0002:00001888       __rtc_iaa                  0000000180019888     MSVCRTD:initsect.obj
 0002:00001890       __rtc_izz                  0000000180019890     MSVCRTD:initsect.obj
 0002:00001898       __rtc_taa                  0000000180019898     MSVCRTD:initsect.obj
 0002:000018a0       __rtc_tzz                  00000001800198a0     MSVCRTD:initsect.obj
 0002:000026b0       __IMPORT_DESCRIPTOR_VCRUNTIME140_1D 000000018001a6b0     vcruntimed:VCRUNTIME140_1D.dll
 0002:000026c4       __IMPORT_DESCRIPTOR_VCRUNTIME140D 000000018001a6c4     vcruntimed:VCRUNTIME140D.dll
 0002:000026d8       __IMPORT_DESCRIPTOR_ucrtbased 000000018001a6d8     ucrtd:ucrtbased.dll
 0002:000026ec       __IMPORT_DESCRIPTOR_KERNEL32 000000018001a6ec     kernel32:KERNEL32.dll
 0002:00002700       __NULL_IMPORT_DESCRIPTOR   000000018001a700     vcruntimed:VCRUNTIME140D.dll
 0003:00000000       GlobalDebugTable           000000018001b000     p5engine.obj
 0003:00004010       ?DebugRecords_Optimized_Count@@3IA 000000018001f010     p5engine_optimized.obj
 0003:00004020       __security_cookie_complement 000000018001f020     MSVCRTD:gs_cookie.obj
 0003:00004028       __security_cookie          000000018001f028     MSVCRTD:gs_cookie.obj
 0003:00004030       _fltused                   000000018001f030     MSVCRTD:fltused.obj
 0003:00004034       __scrt_native_dllmain_reason 000000018001f034     MSVCRTD:utility.obj
 0003:00004038       __isa_available            000000018001f038     MSVCRTD:cpu_disp.obj
 0003:0000403c       __isa_enabled              000000018001f03c     MSVCRTD:cpu_disp.obj
 0003:00004040       __memcpy_nt_iters          000000018001f040     MSVCRTD:cpu_disp.obj
 0003:00004048       __memset_nt_iters          000000018001f048     MSVCRTD:cpu_disp.obj
 0003:00004050       __scrt_ucrt_dll_is_in_use  000000018001f050     MSVCRTD:ucrt_stubs.obj
 0003:00004060       DebugGlobalMemory          000000018001f060     p5engine.obj
 0003:40484780       ?__type_info_root_node@@3U__type_info_node@@A 00000001c049f780     MSVCRTD:tncleanup.obj
 0003:40484790       ?_OptionsStorage@?1??__local_stdio_printf_options@@9@4_KA 00000001c049f790     MSVCRTD:default_local_stdio_options.obj
 0003:40484798       ?_OptionsStorage@?1??__local_stdio_scanf_options@@9@4_KA 00000001c049f798     MSVCRTD:default_local_stdio_options.obj
 0003:404847a0       __scrt_current_native_startup_state 00000001c049f7a0     MSVCRTD:utility.obj
 0003:404847a8       __scrt_native_startup_lock 00000001c049f7a8     MSVCRTD:utility.obj
 0003:404847e8       __scrt_debugger_hook_flag  00000001c049f7e8     MSVCRTD:utility_desktop.obj
 0003:404847f0       __castguard_check_failure_os_handled_fptr 00000001c049f7f0     MSVCRTD:guard_support.obj
 0003:404847f8       __favor                    00000001c049f7f8     MSVCRTD:cpu_disp.obj
 0003:40484800       __dyn_tls_init_callback    00000001c049f800     <common>
 0003:40484808       __DebuggerCurrentSteppingThreadId 00000001c049f808     <common>

 entry point at        0001:00015920

 Static symbols

 0000:bfb5c000       .debug$S                   0000000180000000     P5Engine.exp
 0000:bfb5c000       .debug$S                   0000000180000000     vcruntimed:VCRUNTIME140D.dll
 0000:bfb5c000       .debug$S                   0000000180000000     vcruntimed:VCRUNTIME140D.dll
 0000:bfb5c000       .debug$S                   0000000180000000     vcruntimed:VCRUNTIME140D.dll
 0000:bfb5c000       .debug$S                   0000000180000000     vcruntimed:VCRUNTIME140D.dll
 0000:bfb5c000       .debug$S                   0000000180000000     vcruntimed:VCRUNTIME140_1D.dll
 0000:bfb5c000       .debug$S                   0000000180000000     ucrtd:ucrtbased.dll
 0000:bfb5c000       .debug$S                   0000000180000000     ucrtd:ucrtbased.dll
 0000:bfb5c000       .debug$S                   0000000180000000     ucrtd:ucrtbased.dll
 0000:bfb5c000       .debug$S                   0000000180000000     ucrtd:ucrtbased.dll
 0000:bfb5c000       .debug$S                   0000000180000000     ucrtd:ucrtbased.dll
 0000:bfb5c000       .debug$S                   0000000180000000     ucrtd:ucrtbased.dll
 0000:bfb5c000       .debug$S                   0000000180000000     ucrtd:ucrtbased.dll
 0000:bfb5c000       .debug$S                   0000000180000000     ucrtd:ucrtbased.dll
 0000:bfb5c000       .debug$S                   0000000180000000     ucrtd:ucrtbased.dll
 0000:bfb5c000       .debug$S                   0000000180000000     ucrtd:ucrtbased.dll
 0000:bfb5c000       .debug$S                   0000000180000000     ucrtd:ucrtbased.dll
 0000:bfb5c000       .debug$S                   0000000180000000     ucrtd:ucrtbased.dll
 0000:bfb5c000       .debug$S                   0000000180000000     ucrtd:ucrtbased.dll
 0000:bfb5c000       .debug$S                   0000000180000000     ucrtd:ucrtbased.dll
 0000:bfb5c000       .debug$S                   0000000180000000     ucrtd:ucrtbased.dll
 0000:bfb5c000       .debug$S                   0000000180000000     ucrtd:ucrtbased.dll
 0000:bfb5c000       .debug$S                   0000000180000000     kernel32:KERNEL32.dll
 0000:bfb5c000       .debug$S                   0000000180000000     kernel32:KERNEL32.dll
 0000:bfb5c000       .debug$S                   0000000180000000     kernel32:KERNEL32.dll
 0000:bfb5c000       .debug$S                   0000000180000000     kernel32:KERNEL32.dll
 0000:bfb5c000       .debug$S                   0000000180000000     kernel32:KERNEL32.dll
 0000:bfb5c000       .debug$S                   0000000180000000     kernel32:KERNEL32.dll
 0000:bfb5c000       .debug$S                   0000000180000000     kernel32:KERNEL32.dll
 0000:bfb5c000       .debug$S                   0000000180000000     kernel32:KERNEL32.dll
 0000:bfb5c000       .debug$S                   0000000180000000     kernel32:KERNEL32.dll
 0000:bfb5c000       .debug$S                   0000000180000000     kernel32:KERNEL32.dll
 0000:bfb5c000       .debug$S                   0000000180000000     kernel32:KERNEL32.dll
 0000:bfb5c000       .debug$S                   0000000180000000     kernel32:KERNEL32.dll
 0000:bfb5c000       .debug$S                   0000000180000000     kernel32:KERNEL32.dll
 0000:bfb5c000       .debug$S                   0000000180000000     kernel32:KERNEL32.dll
 0000:bfb5c000       .debug$S                   0000000180000000     kernel32:KERNEL32.dll
 0000:bfb5c000       .debug$S                   0000000180000000     kernel32:KERNEL32.dll
 0000:bfb5c000       .debug$S                   0000000180000000     kernel32:KERNEL32.dll
 0001:00000000       ?RemoveAssetHeaderFromList@@YAXPEAUasset_memory_header@@@Z 0000000180001000 f   p5engine.obj
 0001:00000070       ?LoadBitmap@@YAXPEAUgame_assets@@Ubitmap_id@@H@Z 0000000180001070 f   p5engine.obj
 0001:00000430       ?LoadSound@@YAXPEAUgame_assets@@Usound_id@@@Z 0000000180001430 f   p5engine.obj
 0001:00000730       ?LoadFont@@YAXPEAUgame_assets@@Ufont_id@@H@Z 0000000180001730 f   p5engine.obj
 0001:00000a90       ?DEBUGReset@@YAXPEAUgame_assets@@II@Z 0000000180001a90 f   p5engine.obj
 0001:00000c60       ?DEBUGOverlay@@YAXPEAUgame_memory@@@Z 0000000180001c60 f   p5engine.obj
 0001:00001380       ?AddCollisionRule@@YAXPEAUgame_state@@IIH@Z 0000000180002380 f   p5engine.obj
 0001:00001500       ?ClearCollisionRulesFor@@YAXPEAUgame_state@@I@Z 0000000180002500 f   p5engine.obj
 0001:00001600       ?BeginTaskWithMemory@@YAPEAUtask_with_memory@@PEAUtransient_state@@@Z 0000000180002600 f   p5engine.obj
 0001:000016e0       ?EndTaskWithMemory@@YAXPEAUtask_with_memory@@@Z 00000001800026e0 f   p5engine.obj
 0001:00001740       ?DrawRectangle@@YAXPEAUloaded_bitmap@@Tv2@@1Tv4@@Urectangle2i@@H@Z 0000000180002740 f   p5engine.obj
 0001:00001a60       ?RenderGroupToOutput@@YAXPEAUrender_group@@PEAUloaded_bitmap@@Urectangle2i@@H@Z 0000000180002a60 f   p5engine.obj
 0001:00001e30       ?DoTiledRenderWork@@YAXPEAUplatform_work_queue@@PEAX@Z 0000000180002e30 f   p5engine.obj
 0001:00001ee0       ?RenderGroupToOutput@@YAXPEAUrender_group@@PEAUloaded_bitmap@@@Z 0000000180002ee0 f   p5engine.obj
 0001:00002020       ?TiledRenderGroupToOutput@@YAXPEAUplatform_work_queue@@PEAUrender_group@@PEAUloaded_bitmap@@@Z 0000000180003020 f   p5engine.obj
 0001:000022b0       ?AllocateRenderGroup@@YAPEAUrender_group@@PEAUgame_assets@@PEAUmemory_arena@@IH@Z 00000001800032b0 f   p5engine.obj
 0001:00002400       ?BeginRender@@YAXPEAUrender_group@@@Z 0000000180003400 f   p5engine.obj
 0001:000024c0       ?EndRender@@YAXPEAUrender_group@@@Z 00000001800034c0 f   p5engine.obj
 0001:00002590       ?InitializeWorld@@YAXPEAUworld@@Tv3@@@Z 0000000180003590 f   p5engine.obj
 0001:00002630       ?Subtract@@YA?ATv3@@PEAUworld@@PEAUworld_position@@1@Z 0000000180003630 f   p5engine.obj
 0001:000028a0       ?ChangeEntityLocation@@YAXPEAUmemory_arena@@PEAUworld@@IPEAUlow_entity@@Uworld_position@@@Z 00000001800038a0 f   p5engine.obj
 0001:00002a90       ?GetHashFromStorageIndex@@YAPEAUsim_entity_hash@@PEAUsim_region@@I@Z 0000000180003a90 f   p5engine.obj
 0001:00002b60       ?AddEntity@@YAPEAUsim_entity@@PEAUgame_state@@PEAUsim_region@@IPEAUlow_entity@@PEATv3@@@Z 0000000180003b60 f   p5engine.obj
 0001:00002cc0       ?AddEntityRaw@@YAPEAUsim_entity@@PEAUgame_state@@PEAUsim_region@@IPEAUlow_entity@@@Z 0000000180003cc0 f   p5engine.obj
 0001:00002ee0       ?BeginSim@@YAPEAUsim_region@@PEAUmemory_arena@@PEAUgame_state@@PEAUworld@@Uworld_position@@Urectangle3@@M@Z 0000000180003ee0 f   p5engine.obj
 0001:000035a0       ?EndSim@@YAXPEAUsim_region@@PEAUgame_state@@@Z 00000001800045a0 f   p5engine.obj
 0001:000038c0       ?CanCollide@@YAHPEAUgame_state@@PEAUsim_entity@@1@Z 00000001800048c0 f   p5engine.obj
 0001:00003a10       ?HandleCollision@@YAHPEAUgame_state@@PEAUsim_entity@@1@Z 0000000180004a10 f   p5engine.obj
 0001:00003af0       ?CanOverlap@@YAHPEAUgame_state@@PEAUsim_entity@@1@Z 0000000180004af0 f   p5engine.obj
 0001:00003b50       ?HandleOverlap@@YAXPEAUgame_state@@PEAUsim_entity@@1MPEAM@Z 0000000180004b50 f   p5engine.obj
 0001:00003bf0       ?SpeculativeCollide@@YAHPEAUsim_entity@@0Tv3@@@Z 0000000180004bf0 f   p5engine.obj
 0001:00003d60       ?EntitiesOverlap@@YAHPEAUsim_entity@@0Tv3@@@Z 0000000180004d60 f   p5engine.obj
 0001:00004120       ?MoveEntity@@YAXPEAUgame_state@@PEAUsim_region@@PEAUsim_entity@@MPEAUmove_spec@@Tv3@@@Z 0000000180005120 f   p5engine.obj
 0001:00005ac0       ?LoadAssetWorkDirectly@@YAXPEAUload_asset_work@@@Z 0000000180006ac0 f   p5engine.obj
 0001:00005cb0       ?LoadAssetWork@@YAXPEAUplatform_work_queue@@PEAX@Z 0000000180006cb0 f   p5engine.obj
 0001:00005d00       ?InsertBlock@@YAPEAUasset_memory_block@@PEAU1@_KPEAX@Z 0000000180006d00 f   p5engine.obj
 0001:00005db0       ?FindBlockForSize@@YAPEAUasset_memory_block@@PEAUgame_assets@@_K@Z 0000000180006db0 f   p5engine.obj
 0001:00005e50       ?MergeIfPossible@@YAHPEAUgame_assets@@PEAUasset_memory_block@@1@Z 0000000180006e50 f   p5engine.obj
 0001:00005f50       ?GenerationHasCompleted@@YAHPEAUgame_assets@@I@Z 0000000180006f50 f   p5engine.obj
 0001:00005fd0       ?AcquireAssetMemory@@YAPEAUasset_memory_header@@PEAUgame_assets@@II@Z 0000000180006fd0 f   p5engine.obj
 0001:00006320       ?GetBestMatchAssetFrom@@YAIPEAUgame_assets@@W4asset_type_id@@PEAUasset_vector@@2@Z 0000000180007320 f   p5engine.obj
 0001:000065d0       ?GetRandomAssetFrom@@YAIPEAUgame_assets@@W4asset_type_id@@PEAUrandom_series@@@Z 00000001800075d0 f   p5engine.obj
 0001:000066d0       ?GetFirstAssetFrom@@YAIPEAUgame_assets@@W4asset_type_id@@@Z 00000001800076d0 f   p5engine.obj
 0001:000067a0       ?GetBestMatchBitmapFrom@@YA?AUbitmap_id@@PEAUgame_assets@@W4asset_type_id@@PEAUasset_vector@@2@Z 00000001800077a0 f   p5engine.obj
 0001:000067f0       ?GetFirstBitmapFrom@@YA?AUbitmap_id@@PEAUgame_assets@@W4asset_type_id@@@Z 00000001800077f0 f   p5engine.obj
 0001:00006830       ?GetRandomBitmapFrom@@YA?AUbitmap_id@@PEAUgame_assets@@W4asset_type_id@@PEAUrandom_series@@@Z 0000000180007830 f   p5engine.obj
 0001:00006880       ?GetRandomSoundFrom@@YA?AUsound_id@@PEAUgame_assets@@W4asset_type_id@@PEAUrandom_series@@@Z 0000000180007880 f   p5engine.obj
 0001:000068d0       ?GetBestMatchFontFrom@@YA?AUfont_id@@PEAUgame_assets@@W4asset_type_id@@PEAUasset_vector@@2@Z 00000001800078d0 f   p5engine.obj
 0001:00006920       ?AllocateGameAssets@@YAPEAUgame_assets@@PEAUmemory_arena@@_KPEAUtransient_state@@@Z 0000000180007920 f   p5engine.obj
 0001:000072e0       ?GetStartingBaselineY@@YAMPEAUp5a_font@@@Z 00000001800082e0 f   p5engine.obj
 0001:00007320       ?PlaySound@@YAPEAUplaying_sound@@PEAUaudio_state@@Usound_id@@@Z 0000000180008320 f   p5engine.obj
 0001:000074b0       ?ChangeVolume@@YAXPEAUaudio_state@@PEAUplaying_sound@@MTv2@@@Z 00000001800084b0 f   p5engine.obj
 0001:00007580       ?OutputPlayingSounds@@YAXPEAUaudio_state@@PEAUgame_sound_output_buffer@@PEAUgame_assets@@PEAUmemory_arena@@@Z 0000000180008580 f   p5engine.obj
 0001:00008700       ?InitializeAudioState@@YAXPEAUaudio_state@@PEAUmemory_arena@@@Z 0000000180009700 f   p5engine.obj
 0001:00008780       ?AddLowEntity@@YA?AUadd_low_entity_result@@PEAUgame_state@@W4entity_type@@Uworld_position@@@Z 0000000180009780 f   p5engine.obj
 0001:00008980       ?AddGroundedEntity@@YA?AUadd_low_entity_result@@PEAUgame_state@@W4entity_type@@Uworld_position@@PEAUsim_entity_collision_volume_group@@@Z 0000000180009980 f   p5engine.obj
 0001:00008a30       ?AddStandardRoom@@YA?AUadd_low_entity_result@@PEAUgame_state@@III@Z 0000000180009a30 f   p5engine.obj
 0001:00008b90       ?AddWall@@YA?AUadd_low_entity_result@@PEAUgame_state@@III@Z 0000000180009b90 f   p5engine.obj
 0001:00008cf0       ?AddStairs@@YA?AUadd_low_entity_result@@PEAUgame_state@@III@Z 0000000180009cf0 f   p5engine.obj
 0001:00008e80       ?InitHitPoints@@YAXPEAUlow_entity@@I@Z 0000000180009e80 f   p5engine.obj
 0001:00008f10       ?AddSword@@YA?AUadd_low_entity_result@@PEAUgame_state@@@Z 0000000180009f10 f   p5engine.obj
 0001:00009000       ?AddPlayer@@YA?AUadd_low_entity_result@@PEAUgame_state@@@Z 000000018000a000 f   p5engine.obj
 0001:00009140       ?AddMonstar@@YA?AUadd_low_entity_result@@PEAUgame_state@@III@Z 000000018000a140 f   p5engine.obj
 0001:000092b0       ?AddFamiliar@@YA?AUadd_low_entity_result@@PEAUgame_state@@III@Z 000000018000a2b0 f   p5engine.obj
 0001:00009410       ?DrawHitpoints@@YAXPEAUsim_entity@@PEAUrender_group@@@Z 000000018000a410 f   p5engine.obj
 0001:00009680       ?MakeSimpleGroundedCollision@@YAPEAUsim_entity_collision_volume_group@@PEAUgame_state@@MMM@Z 000000018000a680 f   p5engine.obj
 0001:000097e0       ?MakeNullCollision@@YAPEAUsim_entity_collision_volume_group@@PEAUgame_state@@@Z 000000018000a7e0 f   p5engine.obj
 0001:000098c0       ?FillGroundChunkWork@@YAXPEAUplatform_work_queue@@PEAX@Z 000000018000a8c0 f   p5engine.obj
 0001:0000a0f0       ?FillGroundChunk@@YAXPEAUtransient_state@@PEAUgame_state@@PEAUground_buffer@@PEAUworld_position@@@Z 000000018000b0f0 f   p5engine.obj
 0001:0000a1f0       ?ClearBitmap@@YAXPEAUloaded_bitmap@@@Z 000000018000b1f0 f   p5engine.obj
 0001:0000a250       ?MakeEmptyBitmap@@YA?AUloaded_bitmap@@PEAUmemory_arena@@HHH@Z 000000018000b250 f   p5engine.obj
 0001:0000a390       ?MakeSphereDiffuseMap@@YAXPEAUloaded_bitmap@@MM@Z 000000018000b390 f   p5engine.obj
 0001:0000a6c0       ?MakeSphereNormalMap@@YAXPEAUloaded_bitmap@@MMM@Z 000000018000b6c0 f   p5engine.obj
 0001:0000e614       $LN151                     000000018000f614     p5engine.obj
 0001:0000e6b0       ?GetDebugThread@@YAPEAUdebug_thread@@PEAUdebug_state@@I@Z 000000018000f6b0 f   p5engine.obj
 0001:0000e840       ?CollateDebugRecords@@YAXPEAUdebug_state@@I@Z 000000018000f840 f   p5engine.obj
 0001:00015480       $$000000                   0000000180016480     MSVCRTD:chkstk.obj
 0001:000154e0       $$000000                   00000001800164e0     MSVCRTD:amdsecgs.obj
 0001:00015510       ?dllmain_crt_dispatch@@YAHQEAUHINSTANCE__@@KQEAX@Z 0000000180016510 f   MSVCRTD:dll_dllmain.obj
 0001:000155a0       ?dllmain_crt_process_attach@@YAHQEAUHINSTANCE__@@QEAX@Z 00000001800165a0 f   MSVCRTD:dll_dllmain.obj
 0001:000156e0       ?dllmain_crt_process_detach@@YAH_N@Z 00000001800166e0 f   MSVCRTD:dll_dllmain.obj
 0001:00015780       ?dllmain_dispatch@@YAHQEAUHINSTANCE__@@KQEAX@Z 0000000180016780 f   MSVCRTD:dll_dllmain.obj
 0001:000158c0       ?dllmain_raw@@YAHQEAUHINSTANCE__@@KQEAX@Z 00000001800168c0 f   MSVCRTD:dll_dllmain.obj
 0001:00015a80       capture_previous_context   0000000180016a80 f   MSVCRTD:gs_report.obj
 0001:00015b40       __get_entropy              0000000180016b40 f   MSVCRTD:gs_support.obj
 0001:00015d90       ?find_pe_section@@YAPEAU_IMAGE_SECTION_HEADER@@QEAE_K@Z 0000000180016d90 f   MSVCRTD:utility.obj
 0001:00015e70       ?is_potentially_valid_image_base@@YA_NQEAX@Z 0000000180016e70 f   MSVCRTD:utility.obj
 0001:00016a20       $$000000                   0000000180017a20     MSVCRTD:guard_dispatch.obj
 0001:00016a40       $$000000                   0000000180017a40     MSVCRTD:guard_xfg_dispatch.obj
 0001:00016a60       ?dtor$0@?0??LoadBitmap@@YAXPEAUgame_assets@@Ubitmap_id@@H@Z@4HA 0000000180017a60 f   p5engine.obj
 0001:00016a7b       ?dtor$0@?0??LoadSound@@YAXPEAUgame_assets@@Usound_id@@@Z@4HA 0000000180017a7b f   p5engine.obj
 0001:00016a96       ?dtor$0@?0??LoadFont@@YAXPEAUgame_assets@@Ufont_id@@H@Z@4HA 0000000180017a96 f   p5engine.obj
 0001:00016ab1       ?dtor$0@?0??DEBUGReset@@YAXPEAUgame_assets@@II@Z@4HA 0000000180017ab1 f   p5engine.obj
 0001:00016ac9       ?dtor$0@?0??DrawRectangle@@YAXPEAUloaded_bitmap@@Tv2@@1Tv4@@Urectangle2i@@H@Z@4HA 0000000180017ac9 f   p5engine.obj
 0001:00016ae4       ?dtor$0@?0??RenderGroupToOutput@@YAXPEAUrender_group@@PEAUloaded_bitmap@@Urectangle2i@@H@Z@4HA 0000000180017ae4 f   p5engine.obj
 0001:00016aff       ?dtor$0@?0??RenderGroupToOutput@@YAXPEAUrender_group@@PEAUloaded_bitmap@@@Z@4HA 0000000180017aff f   p5engine.obj
 0001:00016b17       ?dtor$0@?0??TiledRenderGroupToOutput@@YAXPEAUplatform_work_queue@@PEAUrender_group@@PEAUloaded_bitmap@@@Z@4HA 0000000180017b17 f   p5engine.obj
 0001:00016b32       ?dtor$0@?0??BeginRender@@YAXPEAUrender_group@@@Z@4HA 0000000180017b32 f   p5engine.obj
 0001:00016b4a       ?dtor$0@?0??EndRender@@YAXPEAUrender_group@@@Z@4HA 0000000180017b4a f   p5engine.obj
 0001:00016b62       ?dtor$0@?0??ChangeEntityLocation@@YAXPEAUmemory_arena@@PEAUworld@@IPEAUlow_entity@@Uworld_position@@@Z@4HA 0000000180017b62 f   p5engine.obj
 0001:00016b7d       ?dtor$0@?0??AddEntityRaw@@YAPEAUsim_entity@@PEAUgame_state@@PEAUsim_region@@IPEAUlow_entity@@@Z@4HA 0000000180017b7d f   p5engine.obj
 0001:00016b95       ?dtor$0@?0??BeginSim@@YAPEAUsim_region@@PEAUmemory_arena@@PEAUgame_state@@PEAUworld@@Uworld_position@@Urectangle3@@M@Z@4HA 0000000180017b95 f   p5engine.obj
 0001:00016bb0       ?dtor$0@?0??EndSim@@YAXPEAUsim_region@@PEAUgame_state@@@Z@4HA 0000000180017bb0 f   p5engine.obj
 0001:00016bcb       ?dtor$0@?0??SpeculativeCollide@@YAHPEAUsim_entity@@0Tv3@@@Z@4HA 0000000180017bcb f   p5engine.obj
 0001:00016be6       ?dtor$0@?0??EntitiesOverlap@@YAHPEAUsim_entity@@0Tv3@@@Z@4HA 0000000180017be6 f   p5engine.obj
 0001:00016c01       ?dtor$0@?0??MoveEntity@@YAXPEAUgame_state@@PEAUsim_region@@PEAUsim_entity@@MPEAUmove_spec@@Tv3@@@Z@4HA 0000000180017c01 f   p5engine.obj
 0001:00016c1c       ?dtor$0@?0??LoadAssetWorkDirectly@@YAXPEAUload_asset_work@@@Z@4HA 0000000180017c1c f   p5engine.obj
 0001:00016c34       ?dtor$0@?0??AcquireAssetMemory@@YAPEAUasset_memory_header@@PEAUgame_assets@@II@Z@4HA 0000000180017c34 f   p5engine.obj
 0001:00016c4c       ?dtor$0@?0??GetBestMatchAssetFrom@@YAIPEAUgame_assets@@W4asset_type_id@@PEAUasset_vector@@2@Z@4HA 0000000180017c4c f   p5engine.obj
 0001:00016c67       ?dtor$0@?0??GetRandomAssetFrom@@YAIPEAUgame_assets@@W4asset_type_id@@PEAUrandom_series@@@Z@4HA 0000000180017c67 f   p5engine.obj
 0001:00016c7f       ?dtor$0@?0??GetFirstAssetFrom@@YAIPEAUgame_assets@@W4asset_type_id@@@Z@4HA 0000000180017c7f f   p5engine.obj
 0001:00016c97       ?dtor$0@?0??AllocateGameAssets@@YAPEAUgame_assets@@PEAUmemory_arena@@_KPEAUtransient_state@@@Z@4HA 0000000180017c97 f   p5engine.obj
 0001:00016cb2       ?dtor$0@?0??PlaySound@@YAPEAUplaying_sound@@PEAUaudio_state@@Usound_id@@@Z@4HA 0000000180017cb2 f   p5engine.obj
 0001:00016cca       ?dtor$0@?0??OutputPlayingSounds@@YAXPEAUaudio_state@@PEAUgame_sound_output_buffer@@PEAUgame_assets@@PEAUmemory_arena@@@Z@4HA 0000000180017cca f   p5engine.obj
 0001:00016ce5       ?dtor$0@?0??FillGroundChunkWork@@YAXPEAUplatform_work_queue@@PEAX@Z@4HA 0000000180017ce5 f   p5engine.obj
 0001:00016d00       GameUpdateAndRender$dtor$0 0000000180017d00 f   p5engine.obj
 0001:00016d1b       GameUpdateAndRender$dtor$1 0000000180017d1b f   p5engine.obj
 0001:00016d40       ?dtor$0@?0??ChangeEntityLocationRaw@@YAXPEAUmemory_arena@@PEAUworld@@IPEAUworld_position@@2@Z@4HA 0000000180017d40 f   p5engine.obj
 0001:00016d60       ?dtor$0@?0??GetRenderEntityBasisPos@@YA?AUentity_basis_p_result@@PEAUrender_transform@@Tv3@@@Z@4HA 0000000180017d60 f   p5engine.obj
 0001:00016d80       ?dtor$0@?0??GetWorldChunk@@YAPEAUworld_chunk@@PEAUworld@@HHHPEAUmemory_arena@@@Z@4HA 0000000180017d80 f   p5engine.obj
 0001:00016d80       ?dtor$0@?0??PushRenderElement_@@YAPEAXPEAUrender_group@@IW4render_group_entry_type@@@Z@4HA 0000000180017d80 f   p5engine.obj
 0001:00016da0       ?dtor$0@?0??DrawRectangleQuickly@@YAXPEAUloaded_bitmap@@Tv2@@11Tv4@@0MUrectangle2i@@H@Z@4HA 0000000180017da0 f   p5engine_optimized.obj
 0001:00016db0       ?dtor$1@?0??DrawRectangleQuickly@@YAXPEAUloaded_bitmap@@Tv2@@11Tv4@@0MUrectangle2i@@H@Z@4HA 0000000180017db0 f   p5engine_optimized.obj
 0001:00016dc0       ?fin$0@?0??dllmain_crt_process_attach@@YAHQEAUHINSTANCE__@@QEAX@Z@4HA 0000000180017dc0 f   MSVCRTD:dll_dllmain.obj
 0001:00016de0       ?fin$0@?0??dllmain_crt_process_detach@@YAH_N@Z@4HA 0000000180017de0 f   MSVCRTD:dll_dllmain.obj
 0001:00016dfa       ?fin$1@?0??dllmain_crt_process_detach@@YAH_N@Z@4HA 0000000180017dfa f   MSVCRTD:dll_dllmain.obj
 0001:00016e10       ?filt$0@?0??dllmain_dispatch@@YAHQEAUHINSTANCE__@@KQEAX@Z@4HA 0000000180017e10 f   MSVCRTD:dll_dllmain.obj
 0001:00016e60       __scrt_is_nonwritable_in_current_image$filt$0 0000000180017e60 f   MSVCRTD:utility.obj
 0002:00000180       $SG32854                   0000000180018180     p5engine.obj
 0002:000001a0       $SG32855                   00000001800181a0     p5engine.obj
 0002:000001e8       $SG32892                   00000001800181e8     p5engine.obj
 0002:000001f8       $SG33132                   00000001800181f8     p5engine.obj
 0002:00000210       $SG32893                   0000000180018210     p5engine.obj
 0002:00000258       $SG33047                   0000000180018258     p5engine.obj
 0002:00000268       $SG33229                   0000000180018268     p5engine.obj
 0002:00000280       $SG33048                   0000000180018280     p5engine.obj
 0002:000002c8       $SG33413                   00000001800182c8     p5engine.obj
 0002:000002e0       $SG33133                   00000001800182e0     p5engine.obj
 0002:00000328       $SG33280                   0000000180018328     p5engine.obj
 0002:00000338       $SG33428                   0000000180018338     p5engine.obj
 0002:00000350       $SG33230                   0000000180018350     p5engine.obj
 0002:00000398       $SG33440                   0000000180018398     p5engine.obj
 0002:000003b0       $SG33281                   00000001800183b0     p5engine.obj
 0002:000003f8       $SG33317                   00000001800183f8     p5engine.obj
 0002:00000408       $SG33586                   0000000180018408     p5engine.obj
 0002:00000420       $SG33318                   0000000180018420     p5engine.obj
 0002:00000468       $SG33355                   0000000180018468     p5engine.obj
 0002:00000478       $SG33589                   0000000180018478     p5engine.obj
 0002:000004a0       $SG33356                   00000001800184a0     p5engine.obj
 0002:000004e8       $SG33591                   00000001800184e8     p5engine.obj
 0002:00000508       $SG33900                   0000000180018508     p5engine.obj
 0002:00000520       $SG33414                   0000000180018520     p5engine.obj
 0002:00000568       $SG33595                   0000000180018568     p5engine.obj
 0002:00000578       $SG34254                   0000000180018578     p5engine.obj
 0002:00000590       $SG33429                   0000000180018590     p5engine.obj
 0002:000005d8       $SG34255                   00000001800185d8     p5engine.obj
 0002:00000614       $SG32749                   0000000180018614     p5engine.obj
 0002:00000620       $SG33441                   0000000180018620     p5engine.obj
 0002:00000668       $SG34741                   0000000180018668     p5engine.obj
 0002:00000680       $SG33587                   0000000180018680     p5engine.obj
 0002:000006c8       $SG33667                   00000001800186c8     p5engine.obj
 0002:000006d8       $SG34742                   00000001800186d8     p5engine.obj
 0002:00000720       $SG33668                   0000000180018720     p5engine.obj
 0002:00000770       $SG33901                   0000000180018770     p5engine.obj
 0002:000007b8       $SG34829                   00000001800187b8     p5engine.obj
 0002:000007c8       $SG34831                   00000001800187c8     p5engine.obj
 0002:000007e0       $SG34832                   00000001800187e0     p5engine.obj
 0002:00000820       $SG37179                   0000000180018820     p5engine.obj
 0002:00000830       $SG37180                   0000000180018830     p5engine.obj
 0002:00000878       $SG37394                   0000000180018878     p5engine.obj
 0002:00000890       $SG31413                   0000000180018890     p5engine.obj
 0002:000008a0       $SG31414                   00000001800188a0     p5engine.obj
 0002:000008f0       $SG31732                   00000001800188f0     p5engine.obj
 0002:00000910       $SG31733                   0000000180018910     p5engine.obj
 0002:00000960       $SG31788                   0000000180018960     p5engine.obj
 0002:00000980       $SG31789                   0000000180018980     p5engine.obj
 0002:000009d0       $SG31839                   00000001800189d0     p5engine.obj
 0002:000009e0       $SG31840                   00000001800189e0     p5engine.obj
 0002:00000a30       $SG31902                   0000000180018a30     p5engine.obj
 0002:00000a40       $SG31903                   0000000180018a40     p5engine.obj
 0002:00000a90       $SG32151                   0000000180018a90     p5engine.obj
 0002:00000ab0       $SG32152                   0000000180018ab0     p5engine.obj
 0002:00000b00       $SG32160                   0000000180018b00     p5engine.obj
 0002:00000b10       $SG32194                   0000000180018b10     p5engine.obj
 0002:00000b30       $SG32195                   0000000180018b30     p5engine.obj
 0002:00000b80       $SG32223                   0000000180018b80     p5engine.obj
 0002:00000ba0       $SG32224                   0000000180018ba0     p5engine.obj
 0002:00000bf0       $SG32247                   0000000180018bf0     p5engine.obj
 0002:00000c00       $SG32248                   0000000180018c00     p5engine.obj
 0002:00000c50       $SG32256                   0000000180018c50     p5engine.obj
 0002:00000c60       $SG32257                   0000000180018c60     p5engine.obj
 0002:00000cb0       $SG32540                   0000000180018cb0     p5engine.obj
 0002:00000cd0       $SG32541                   0000000180018cd0     p5engine.obj
 0002:00000d18       $SG32614                   0000000180018d18     p5engine.obj
 0002:00000d30       $SG32615                   0000000180018d30     p5engine.obj
 0002:00000d78       $SG32623                   0000000180018d78     p5engine.obj
 0002:00000d88       $SG32717                   0000000180018d88     p5engine.obj
 0002:00000da0       $SG32718                   0000000180018da0     p5engine.obj
 0002:00000df0       $SG32750                   0000000180018df0     p5engine.obj
 0002:00001168       GS_ExceptionPointers       0000000180019168     MSVCRTD:gs_report.obj
 0002:000018a8       $unwind$?GetAsset@@YAPEAUasset_memory_header@@PEAUgame_assets@@II@Z 00000001800198a8     p5engine.obj
 0002:000018a8       $unwind$AtomicCompareExchangeU32 00000001800198a8     p5engine.obj
 0002:000018a8       $unwind$?dllmain_crt_dispatch@@YAHQEAUHINSTANCE__@@KQEAX@Z 00000001800198a8     MSVCRTD:dll_dllmain.obj
 0002:000018a8       $unwind$?dllmain_raw@@YAHQEAUHINSTANCE__@@KQEAX@Z 00000001800198a8     MSVCRTD:dll_dllmain.obj
 0002:000018b0       $unwind$??Y@YAAEATv2@@AEAT0@T0@@Z 00000001800198b0     p5engine.obj
 0002:000018b0       $unwind$?GetArenaSizeRemaining@@YA_KPEAUmemory_arena@@_K@Z 00000001800198b0     p5engine.obj
 0002:000018b0       $unwind$?Hadamard@@YA?ATv2@@T1@0@Z 00000001800198b0     p5engine.obj
 0002:000018b0       $unwind$?Inner@@YAMTv2@@0@Z 00000001800198b0     p5engine.obj
 0002:000018b0       $unwind$?Inner@@YAMTv3@@0@Z 00000001800198b0     p5engine.obj
 0002:000018b0       $unwind$?InsertAssetHeaderAtFront@@YAXPEAUgame_assets@@PEAUasset_memory_header@@@Z 00000001800198b0     p5engine.obj
 0002:000018b0       $unwind$?IsCanonical@@YAHPEAUworld@@Tv3@@@Z 00000001800198b0     p5engine.obj
 0002:000018b0       $unwind$?IsInRectangle@@YAHUrectangle3@@Tv3@@@Z 00000001800198b0     p5engine.obj
 0002:000018b0       $unwind$?RectanglesIntersect@@YAHUrectangle3@@0@Z 00000001800198b0     p5engine.obj
 0002:000018b0       $unwind$?ZeroSize@@YAX_KPEAX@Z 00000001800198b0     p5engine.obj
 0002:000018b0       $unwind$AtomicAddU64       00000001800198b0     p5engine.obj
 0002:000018b0       $unwind$AtomicExchangeU64  00000001800198b0     p5engine.obj
 0002:000018b0       $unwind$?find_pe_section@@YAPEAU_IMAGE_SECTION_HEADER@@QEAE_K@Z 00000001800198b0     MSVCRTD:utility.obj
 0002:000018b8       $unwind$GetThreadID        00000001800198b8     p5engine.obj
 0002:000018b8       $unwind$__scrt_initialize_default_local_stdio_options 00000001800198b8     MSVCRTD:default_local_stdio_options.obj
 0002:000018b8       $unwind$__security_init_cookie 00000001800198b8     MSVCRTD:gs_support.obj
 0002:000018c0       $unwind$?EndGeneration@@YAXPEAUgame_assets@@I@Z 00000001800198c0     p5engine.obj
 0002:000018c0       $unwind$?GetFile@@YAPEAUasset_file@@PEAUgame_assets@@I@Z 00000001800198c0     p5engine.obj
 0002:000018c0       $unwind$?GetFileHandleFor@@YAPEAUplatform_file_handle@@PEAUgame_assets@@I@Z 00000001800198c0     p5engine.obj
 0002:000018c0       $unwind$?GetFontInfo@@YAPEAUp5a_font@@PEAUgame_assets@@Ufont_id@@@Z 00000001800198c0     p5engine.obj
 0002:000018c0       $unwind$?GetLowEntity@@YAPEAUlow_entity@@PEAUgame_state@@I@Z 00000001800198c0     p5engine.obj
 0002:000018c0       $unwind$?GetSoundInfo@@YAPEAUp5a_sound@@PEAUgame_assets@@Usound_id@@@Z 00000001800198c0     p5engine.obj
 0002:000018c0       $unwind$?HasFlag@@YAHPEAUsim_entity@@I@Z 00000001800198c0     p5engine.obj
 0002:000018c0       $unwind$?PushFont@@YAPEAUloaded_font@@PEAUrender_group@@Ufont_id@@@Z 00000001800198c0     p5engine.obj
 0002:000018c0       $unwind$?RandomChoice@@YAIPEAUrandom_series@@I@Z 00000001800198c0     p5engine.obj
 0002:000018c0       $unwind$GetController      00000001800198c0     p5engine.obj
 0002:000018c8       $unwind$RecordDebugEvent   00000001800198c8     p5engine.obj
 0002:000018d0       $unwind$??0timed_block@@QEAA@HPEADH0H@Z 00000001800198d0     p5engine.obj
 0002:000018d0       $unwind$__scrt_dllmain_exception_filter 00000001800198d0     MSVCRTD:utility.obj
 0002:000018d8       $unwind$??1timed_block@@QEAA@XZ 00000001800198d8     p5engine.obj
 0002:000018e8       $cppxdata$??1timed_block@@QEAA@XZ 00000001800198e8     p5engine.obj
 0002:000018ed       $ip2state$??1timed_block@@QEAA@XZ 00000001800198ed     p5engine.obj
 0002:000018f0       $unwind$?InitializeArena@@YAXPEAUmemory_arena@@_KPEAX@Z 00000001800198f0     p5engine.obj
 0002:000018f8       $unwind$?GetAlignmentOffset@@YA_KPEAUmemory_arena@@_K@Z 00000001800198f8     p5engine.obj
 0002:00001900       $unwind$?PushSize_@@YAPEAXPEAUmemory_arena@@_K1@Z 0000000180019900     p5engine.obj
 0002:00001908       $unwind$??G@YA?ATv3@@T0@@Z 0000000180019908     p5engine.obj
 0002:00001908       $unwind$?BeginTemporaryMemory@@YA?AUtemporary_memory@@PEAUmemory_arena@@@Z 0000000180019908     p5engine.obj
 0002:0000191c       $unwind$?AllResourcesPresent@@YAHPEAUrender_group@@@Z 000000018001991c     p5engine.obj
 0002:0000191c       $unwind$?BeginGeneration@@YAIPEAUgame_assets@@@Z 000000018001991c     p5engine.obj
 0002:0000191c       $unwind$?EndTemporaryMemory@@YAXUtemporary_memory@@@Z 000000018001991c     p5engine.obj
 0002:0000191c       $unwind$?GetDim@@YA?ATv2@@Urectangle2@@@Z 000000018001991c     p5engine.obj
 0002:0000191c       $unwind$?IsValid@@YAHUworld_position@@@Z 000000018001991c     p5engine.obj
 0002:0000191c       $unwind$?LengthSq@@YAMTv2@@@Z 000000018001991c     p5engine.obj
 0002:0000191c       $unwind$?RandomBilateral@@YAMPEAUrandom_series@@@Z 000000018001991c     p5engine.obj
 0002:0000191c       $unwind$?RandomNextUInt32@@YAIPEAUrandom_series@@@Z 000000018001991c     p5engine.obj
 0002:0000191c       $unwind$?RandomUnilateral@@YAMPEAUrandom_series@@@Z 000000018001991c     p5engine.obj
 0002:0000191c       $unwind$__CheckForDebuggerJustMyCode 000000018001991c     MSVCRTD:debugger_jmc.obj
 0002:0000191c       $unwind$__report_gsfailure 000000018001991c     MSVCRTD:gs_report.obj
 0002:00001924       $unwind$?BeginAssetLock@@YAXPEAUgame_assets@@@Z 0000000180019924     p5engine.obj
 0002:00001924       $unwind$?CheckArena@@YAXPEAUmemory_arena@@@Z 0000000180019924     p5engine.obj
 0002:00001924       $unwind$?EndAssetLock@@YAXPEAUgame_assets@@@Z 0000000180019924     p5engine.obj
 0002:00001924       $unwind$?StoreEntityReference@@YAXPEATentity_reference@@@Z 0000000180019924     p5engine.obj
 0002:00001924       $unwind$__raise_securityfailure 0000000180019924     MSVCRTD:gs_report.obj
 0002:00001924       $unwind$?is_potentially_valid_image_base@@YA_NQEAX@Z 0000000180019924     MSVCRTD:utility.obj
 0002:0000192c       $unwind$?SubArena@@YAXPEAUmemory_arena@@0_K1@Z 000000018001992c     p5engine.obj
 0002:0000192c       $unwind$__GSHandlerCheck   000000018001992c     MSVCRTD:gshandler.obj
 0002:00001934       $unwind$?AbsoluteValue@@YAMM@Z 0000000180019934     p5engine.obj
 0002:00001934       $unwind$?Clamp01@@YAMM@Z   0000000180019934     p5engine.obj
 0002:00001934       $unwind$?RoundReal32ToInt32@@YAHM@Z 0000000180019934     p5engine.obj
 0002:00001934       $unwind$?RoundReal32ToUInt32@@YAIM@Z 0000000180019934     p5engine.obj
 0002:00001934       $unwind$?SignOf@@YAMM@Z    0000000180019934     p5engine.obj
 0002:00001934       $unwind$?Sin@@YAMM@Z       0000000180019934     p5engine.obj
 0002:00001934       $unwind$?Square@@YAMM@Z    0000000180019934     p5engine.obj
 0002:00001934       $unwind$?SquareRoot@@YAMM@Z 0000000180019934     p5engine.obj
 0002:0000193c       $unwind$?ATan2@@YAMMM@Z    000000018001993c     p5engine.obj
 0002:0000193c       $unwind$?IsCanonical@@YAHMM@Z 000000018001993c     p5engine.obj
 0002:0000193c       $unwind$?SafeRatio1@@YAMMM@Z 000000018001993c     p5engine.obj
 0002:00001944       $unwind$?Clamp01MapToRange@@YAMMMM@Z 0000000180019944     p5engine.obj
 0002:00001944       $unwind$?Clamp@@YAMMMM@Z   0000000180019944     p5engine.obj
 0002:00001944       $unwind$?SafeRatioN@@YAMMMM@Z 0000000180019944     p5engine.obj
 0002:0000194c       $unwind$?V2@@YA?ATv2@@MM@Z 000000018001994c     p5engine.obj
 0002:0000195c       $unwind$?V2i@@YA?ATv2@@HH@Z 000000018001995c     p5engine.obj
 0002:00001964       $unwind$??D@YA?ATv2@@MT0@@Z 0000000180019964     p5engine.obj
 0002:00001974       $unwind$??G@YA?ATv2@@T0@0@Z 0000000180019974     p5engine.obj
 0002:00001974       $unwind$??H@YA?ATv2@@T0@0@Z 0000000180019974     p5engine.obj
 0002:00001974       $unwind$?GetBarycentric@@YA?ATv2@@Urectangle2@@T1@@Z 0000000180019974     p5engine.obj
 0002:00001984       $unwind$?Clamp01@@YA?ATv2@@T1@@Z 0000000180019984     p5engine.obj
 0002:00001994       $unwind$?V3@@YA?ATv3@@MMM@Z 0000000180019994     p5engine.obj
 0002:00001994       $unwind$?V4@@YA?ATv4@@MMMM@Z 0000000180019994     p5engine.obj
 0002:000019a8       $unwind$??D@YA?ATv3@@MT0@@Z 00000001800199a8     p5engine.obj
 0002:000019a8       $unwind$??D@YA?ATv4@@MT0@@Z 00000001800199a8     p5engine.obj
 0002:000019a8       $unwind$?ToV3@@YA?ATv3@@Tv2@@M@Z 00000001800199a8     p5engine.obj
 0002:000019bc       $unwind$??D@YA?ATv3@@T0@M@Z 00000001800199bc     p5engine.obj
 0002:000019bc       $unwind$?GetCameraRectangleAtDistance@@YA?AUrectangle2@@PEAUrender_group@@M@Z 00000001800199bc     p5engine.obj
 0002:000019c8       $unwind$??X@YAAEATv3@@AEAT0@M@Z 00000001800199c8     p5engine.obj
 0002:000019d4       $unwind$??G@YA?ATv3@@T0@0@Z 00000001800199d4     p5engine.obj
 0002:000019d4       $unwind$??H@YA?ATv3@@T0@0@Z 00000001800199d4     p5engine.obj
 0002:000019e8       $unwind$??Y@YAAEATv3@@AEAT0@T0@@Z 00000001800199e8     p5engine.obj
 0002:000019e8       $unwind$??Z@YAAEATv3@@AEAT0@T0@@Z 00000001800199e8     p5engine.obj
 0002:000019e8       $unwind$?GetDim@@YA?ATv3@@Urectangle3@@@Z 00000001800199e8     p5engine.obj
 0002:000019f4       $unwind$?AreInSameChunk@@YAHPEAUworld@@PEAUworld_position@@1@Z 00000001800199f4     p5engine.obj
 0002:000019f4       $unwind$?Hadamard@@YA?ATv3@@T1@0@Z 00000001800199f4     p5engine.obj
 0002:000019f4       $unwind$?RectCenterDim@@YA?AUrectangle2@@Tv2@@0@Z 00000001800199f4     p5engine.obj
 0002:00001a00       $unwind$?LengthSq@@YAMTv3@@@Z 0000000180019a00     p5engine.obj
 0002:00001a0c       $unwind$?Length@@YAMTv3@@@Z 0000000180019a0c     p5engine.obj
 0002:00001a0c       $unwind$?MakeEntityNonSpatial@@YAXPEAUsim_entity@@@Z 0000000180019a0c     p5engine.obj
 0002:00001a18       $unwind$?ToV4@@YA?ATv4@@Tv3@@M@Z 0000000180019a18     p5engine.obj
 0002:00001a24       $unwind$?RectCenterHalfDim@@YA?AUrectangle2@@Tv2@@0@Z 0000000180019a24     p5engine.obj
 0002:00001a38       $unwind$?Intersect@@YA?AUrectangle2i@@U1@0@Z 0000000180019a38     p5engine.obj
 0002:00001a44       $unwind$?Clear@@YAXPEAUrender_group@@Tv4@@@Z 0000000180019a44     p5engine.obj
 0002:00001a44       $unwind$?GetMaxCorner@@YA?ATv3@@Urectangle3@@@Z 0000000180019a44     p5engine.obj
 0002:00001a44       $unwind$?GetMinCorner@@YA?ATv3@@Urectangle3@@@Z 0000000180019a44     p5engine.obj
 0002:00001a50       $unwind$?RectMinMax@@YA?AUrectangle3@@Tv3@@0@Z 0000000180019a50     p5engine.obj
 0002:00001a64       $unwind$?AddRadiusTo@@YA?AUrectangle3@@U1@Tv3@@@Z 0000000180019a64     p5engine.obj
 0002:00001a64       $unwind$?RectCenterHalfDim@@YA?AUrectangle3@@Tv3@@0@Z 0000000180019a64     p5engine.obj
 0002:00001a78       $unwind$?RectCenterDim@@YA?AUrectangle3@@Tv3@@0@Z 0000000180019a78     p5engine.obj
 0002:00001a84       $unwind$?RandomSeed@@YA?AUrandom_series@@I@Z 0000000180019a84     p5engine.obj
 0002:00001a94       $unwind$?AddFlags@@YAXPEAUsim_entity@@I@Z 0000000180019a94     p5engine.obj
 0002:00001a94       $unwind$?ClearFlags@@YAXPEAUsim_entity@@I@Z 0000000180019a94     p5engine.obj
 0002:00001a94       $unwind$?PrefetchSound@@YAXPEAUgame_assets@@Usound_id@@@Z 0000000180019a94     p5engine.obj
 0002:00001a9c       $unwind$?MakeEntitySpatial@@YAXPEAUsim_entity@@Tv3@@1@Z 0000000180019a9c     p5engine.obj
 0002:00001aa8       $unwind$?GetEntityGroundPoint@@YA?ATv3@@PEAUsim_entity@@T1@@Z 0000000180019aa8     p5engine.obj
 0002:00001ab4       $unwind$?GetEntityGroundPoint@@YA?ATv3@@PEAUsim_entity@@@Z 0000000180019ab4     p5engine.obj
 0002:00001ac0       $unwind$?GetStairGround@@YAMPEAUsim_entity@@Tv3@@@Z 0000000180019ac0     p5engine.obj
 0002:00001acc       $unwind$?RemoveAssetHeaderFromList@@YAXPEAUasset_memory_header@@@Z 0000000180019acc     p5engine.obj
 0002:00001ad4       $unwind$?LoadBitmap@@YAXPEAUgame_assets@@Ubitmap_id@@H@Z 0000000180019ad4     p5engine.obj
 0002:00001aec       $cppxdata$?LoadBitmap@@YAXPEAUgame_assets@@Ubitmap_id@@H@Z 0000000180019aec     p5engine.obj
 0002:00001af5       $stateUnwindMap$?LoadBitmap@@YAXPEAUgame_assets@@Ubitmap_id@@H@Z 0000000180019af5     p5engine.obj
 0002:00001afb       $ip2state$?LoadBitmap@@YAXPEAUgame_assets@@Ubitmap_id@@H@Z 0000000180019afb     p5engine.obj
 0002:00001b03       $cppxdata$?LoadSound@@YAXPEAUgame_assets@@Usound_id@@@Z 0000000180019b03     p5engine.obj
 0002:00001b0c       $unwind$?dtor$0@?0??LoadBitmap@@YAXPEAUgame_assets@@Ubitmap_id@@H@Z@4HA 0000000180019b0c     p5engine.obj
 0002:00001b14       $unwind$?LoadSound@@YAXPEAUgame_assets@@Usound_id@@@Z 0000000180019b14     p5engine.obj
 0002:00001b2c       $stateUnwindMap$?LoadSound@@YAXPEAUgame_assets@@Usound_id@@@Z 0000000180019b2c     p5engine.obj
 0002:00001b32       $ip2state$?LoadSound@@YAXPEAUgame_assets@@Usound_id@@@Z 0000000180019b32     p5engine.obj
 0002:00001b3a       $cppxdata$?LoadFont@@YAXPEAUgame_assets@@Ufont_id@@H@Z 0000000180019b3a     p5engine.obj
 0002:00001b43       $cppxdata$?DEBUGReset@@YAXPEAUgame_assets@@II@Z 0000000180019b43     p5engine.obj
 0002:00001b4c       $unwind$?dtor$0@?0??LoadSound@@YAXPEAUgame_assets@@Usound_id@@@Z@4HA 0000000180019b4c     p5engine.obj
 0002:00001b54       $unwind$?LoadFont@@YAXPEAUgame_assets@@Ufont_id@@H@Z 0000000180019b54     p5engine.obj
 0002:00001b6c       $stateUnwindMap$?LoadFont@@YAXPEAUgame_assets@@Ufont_id@@H@Z 0000000180019b6c     p5engine.obj
 0002:00001b72       $ip2state$?LoadFont@@YAXPEAUgame_assets@@Ufont_id@@H@Z 0000000180019b72     p5engine.obj
 0002:00001b7a       $stateUnwindMap$?DEBUGReset@@YAXPEAUgame_assets@@II@Z 0000000180019b7a     p5engine.obj
 0002:00001b80       $unwind$?dtor$0@?0??LoadFont@@YAXPEAUgame_assets@@Ufont_id@@H@Z@4HA 0000000180019b80     p5engine.obj
 0002:00001b88       $unwind$?DEBUGReset@@YAXPEAUgame_assets@@II@Z 0000000180019b88     p5engine.obj
 0002:00001ba0       $ip2state$?DEBUGReset@@YAXPEAUgame_assets@@II@Z 0000000180019ba0     p5engine.obj
 0002:00001ba8       $unwind$?dtor$0@?0??DEBUGReset@@YAXPEAUgame_assets@@II@Z@4HA 0000000180019ba8     p5engine.obj
 0002:00001bb0       $unwind$?DEBUGOverlay@@YAXPEAUgame_memory@@@Z 0000000180019bb0     p5engine.obj
 0002:00001bbc       $unwind$?AddCollisionRule@@YAXPEAUgame_state@@IIH@Z 0000000180019bbc     p5engine.obj
 0002:00001bc4       $unwind$?ClearCollisionRulesFor@@YAXPEAUgame_state@@I@Z 0000000180019bc4     p5engine.obj
 0002:00001bcc       $unwind$?BeginTaskWithMemory@@YAPEAUtask_with_memory@@PEAUtransient_state@@@Z 0000000180019bcc     p5engine.obj
 0002:00001bd8       $unwind$?EndTaskWithMemory@@YAXPEAUtask_with_memory@@@Z 0000000180019bd8     p5engine.obj
 0002:00001be4       $unwind$?DrawRectangle@@YAXPEAUloaded_bitmap@@Tv2@@1Tv4@@Urectangle2i@@H@Z 0000000180019be4     p5engine.obj
 0002:00001bfc       $cppxdata$?DrawRectangle@@YAXPEAUloaded_bitmap@@Tv2@@1Tv4@@Urectangle2i@@H@Z 0000000180019bfc     p5engine.obj
 0002:00001c05       $stateUnwindMap$?DrawRectangle@@YAXPEAUloaded_bitmap@@Tv2@@1Tv4@@Urectangle2i@@H@Z 0000000180019c05     p5engine.obj
 0002:00001c0b       $ip2state$?DrawRectangle@@YAXPEAUloaded_bitmap@@Tv2@@1Tv4@@Urectangle2i@@H@Z 0000000180019c0b     p5engine.obj
 0002:00001c13       $cppxdata$?RenderGroupToOutput@@YAXPEAUrender_group@@PEAUloaded_bitmap@@Urectangle2i@@H@Z 0000000180019c13     p5engine.obj
 0002:00001c1c       $unwind$?dtor$0@?0??DrawRectangle@@YAXPEAUloaded_bitmap@@Tv2@@1Tv4@@Urectangle2i@@H@Z@4HA 0000000180019c1c     p5engine.obj
 0002:00001c24       $unwind$?RenderGroupToOutput@@YAXPEAUrender_group@@PEAUloaded_bitmap@@Urectangle2i@@H@Z 0000000180019c24     p5engine.obj
 0002:00001c3c       $stateUnwindMap$?RenderGroupToOutput@@YAXPEAUrender_group@@PEAUloaded_bitmap@@Urectangle2i@@H@Z 0000000180019c3c     p5engine.obj
[...]
 0002:0000210b       $cppxdata$?FillGroundChunkWork@@YAXPEAUplatform_work_queue@@PEAX@Z 000000018001a10b     p5engine.obj
 0002:00002114       $unwind$?dtor$0@?0??OutputPlayingSounds@@YAXPEAUaudio_state@@PEAUgame_sound_output_buffer@@PEAUgame_assets@@PEAUmemory_arena@@@Z@4HA 000000018001a114     p5engine.obj
 0002:0000211c       $unwind$?InitializeAudioState@@YAXPEAUaudio_state@@PEAUmemory_arena@@@Z 000000018001a11c     p5engine.obj
 0002:00002124       $unwind$?AddLowEntity@@YA?AUadd_low_entity_result@@PEAUgame_state@@W4entity_type@@Uworld_position@@@Z 000000018001a124     p5engine.obj
 0002:00002138       $unwind$?AddGroundedEntity@@YA?AUadd_low_entity_result@@PEAUgame_state@@W4entity_type@@Uworld_position@@PEAUsim_entity_collision_volume_group@@@Z 000000018001a138     p5engine.obj
 0002:00002144       $unwind$?AddStandardRoom@@YA?AUadd_low_entity_result@@PEAUgame_state@@III@Z 000000018001a144     p5engine.obj
 0002:00002150       $unwind$?AddWall@@YA?AUadd_low_entity_result@@PEAUgame_state@@III@Z 000000018001a150     p5engine.obj
 0002:0000215c       $unwind$?AddStairs@@YA?AUadd_low_entity_result@@PEAUgame_state@@III@Z 000000018001a15c     p5engine.obj
 0002:00002168       $unwind$?InitHitPoints@@YAXPEAUlow_entity@@I@Z 000000018001a168     p5engine.obj
 0002:00002170       $unwind$?AddSword@@YA?AUadd_low_entity_result@@PEAUgame_state@@@Z 000000018001a170     p5engine.obj
 0002:0000217c       $unwind$?AddPlayer@@YA?AUadd_low_entity_result@@PEAUgame_state@@@Z 000000018001a17c     p5engine.obj
 0002:00002188       $unwind$?AddMonstar@@YA?AUadd_low_entity_result@@PEAUgame_state@@III@Z 000000018001a188     p5engine.obj
 0002:00002194       $unwind$?AddFamiliar@@YA?AUadd_low_entity_result@@PEAUgame_state@@III@Z 000000018001a194     p5engine.obj
 0002:000021a0       $unwind$?DrawHitpoints@@YAXPEAUsim_entity@@PEAUrender_group@@@Z 000000018001a1a0     p5engine.obj
 0002:000021b4       $unwind$?MakeSimpleGroundedCollision@@YAPEAUsim_entity_collision_volume_group@@PEAUgame_state@@MMM@Z 000000018001a1b4     p5engine.obj
 0002:000021c0       $unwind$?MakeNullCollision@@YAPEAUsim_entity_collision_volume_group@@PEAUgame_state@@@Z 000000018001a1c0     p5engine.obj
 0002:000021cc       $unwind$?FillGroundChunkWork@@YAXPEAUplatform_work_queue@@PEAX@Z 000000018001a1cc     p5engine.obj
 0002:000021e4       $stateUnwindMap$?FillGroundChunkWork@@YAXPEAUplatform_work_queue@@PEAX@Z 000000018001a1e4     p5engine.obj
 0002:000021ea       $ip2state$?FillGroundChunkWork@@YAXPEAUplatform_work_queue@@PEAX@Z 000000018001a1ea     p5engine.obj
 0002:000021f2       $cppxdata$GameUpdateAndRender 000000018001a1f2     p5engine.obj
 0002:000021fc       $unwind$?dtor$0@?0??FillGroundChunkWork@@YAXPEAUplatform_work_queue@@PEAX@Z@4HA 000000018001a1fc     p5engine.obj
 0002:00002204       $unwind$?FillGroundChunk@@YAXPEAUtransient_state@@PEAUgame_state@@PEAUground_buffer@@PEAUworld_position@@@Z 000000018001a204     p5engine.obj
 0002:00002210       $unwind$?ClearBitmap@@YAXPEAUloaded_bitmap@@@Z 000000018001a210     p5engine.obj
 0002:00002218       $unwind$?MakeEmptyBitmap@@YA?AUloaded_bitmap@@PEAUmemory_arena@@HHH@Z 000000018001a218     p5engine.obj
 0002:0000222c       $unwind$?MakeSphereDiffuseMap@@YAXPEAUloaded_bitmap@@MM@Z 000000018001a22c     p5engine.obj
 0002:00002238       $unwind$?MakeSphereNormalMap@@YAXPEAUloaded_bitmap@@MMM@Z 000000018001a238     p5engine.obj
 0002:00002244       $unwind$GameUpdateAndRender 000000018001a244     p5engine.obj
 0002:0000225c       $stateUnwindMap$GameUpdateAndRender 000000018001a25c     p5engine.obj
 0002:00002267       $ip2state$GameUpdateAndRender 000000018001a267     p5engine.obj
 0002:00002278       $unwind$GameUpdateAndRender$dtor$0 000000018001a278     p5engine.obj
 0002:00002280       $unwind$GameUpdateAndRender$dtor$1 000000018001a280     p5engine.obj
 0002:00002288       $unwind$GameGetSoundSamples 000000018001a288     p5engine.obj
 0002:00002290       $unwind$?GetDebugThread@@YAPEAUdebug_thread@@PEAUdebug_state@@I@Z 000000018001a290     p5engine.obj
 0002:00002298       $unwind$?AddRegion@@YAPEAUdebug_frame_region@@PEAUdebug_state@@PEAUdebug_frame@@@Z 000000018001a298     p5engine.obj
 0002:000022a0       $unwind$?CollateDebugRecords@@YAXPEAUdebug_state@@I@Z 000000018001a2a0     p5engine.obj
 0002:000022a8       $unwind$GameDEBUGFrameEnd  000000018001a2a8     p5engine.obj
 0002:000022b4       $unwind$?GetBitmap@@YAPEAUloaded_bitmap@@PEAUgame_assets@@Ubitmap_id@@I@Z 000000018001a2b4     p5engine.obj
 0002:000022b4       $unwind$?GetFont@@YAPEAUloaded_font@@PEAUgame_assets@@Ufont_id@@I@Z 000000018001a2b4     p5engine.obj
 0002:000022b4       $unwind$?GetSound@@YAPEAUloaded_sound@@PEAUgame_assets@@Usound_id@@I@Z 000000018001a2b4     p5engine.obj
 0002:000022bc       $unwind$?IsValid@@YAHUsound_id@@@Z 000000018001a2bc     p5engine.obj
 0002:000022c4       $unwind$?GetNextSoundInChain@@YA?AUsound_id@@PEAUgame_assets@@U1@@Z 000000018001a2c4     p5engine.obj
 0002:000022d4       $unwind$?GetRenderEntityBasisPos@@YA?AUentity_basis_p_result@@PEAUrender_transform@@Tv3@@@Z 000000018001a2d4     p5engine.obj
 0002:000022ec       $cppxdata$?GetRenderEntityBasisPos@@YA?AUentity_basis_p_result@@PEAUrender_transform@@Tv3@@@Z 000000018001a2ec     p5engine.obj
 0002:000022f5       $stateUnwindMap$?GetRenderEntityBasisPos@@YA?AUentity_basis_p_result@@PEAUrender_transform@@Tv3@@@Z 000000018001a2f5     p5engine.obj
 0002:000022fb       $ip2state$?GetRenderEntityBasisPos@@YA?AUentity_basis_p_result@@PEAUrender_transform@@Tv3@@@Z 000000018001a2fb     p5engine.obj
 0002:00002304       $unwind$?dtor$0@?0??ChangeEntityLocationRaw@@YAXPEAUmemory_arena@@PEAUworld@@IPEAUworld_position@@2@Z@4HA 000000018001a304     p5engine.obj
 0002:00002304       $unwind$?dtor$0@?0??GetRenderEntityBasisPos@@YA?AUentity_basis_p_result@@PEAUrender_transform@@Tv3@@@Z@4HA 000000018001a304     p5engine.obj
 0002:00002304       $unwind$?dtor$0@?0??GetWorldChunk@@YAPEAUworld_chunk@@PEAUworld@@HHHPEAUmemory_arena@@@Z@4HA 000000018001a304     p5engine.obj
 0002:00002304       $unwind$?dtor$0@?0??PushRenderElement_@@YAPEAXPEAUrender_group@@IW4render_group_entry_type@@@Z@4HA 000000018001a304     p5engine.obj
 0002:00002304       $unwind$?fin$0@?0??dllmain_crt_process_attach@@YAHQEAUHINSTANCE__@@QEAX@Z@4HA 000000018001a304     MSVCRTD:dll_dllmain.obj
 0002:00002304       $unwind$?fin$0@?0??dllmain_crt_process_detach@@YAH_N@Z@4HA 000000018001a304     MSVCRTD:dll_dllmain.obj
 0002:00002304       $unwind$?fin$1@?0??dllmain_crt_process_detach@@YAH_N@Z@4HA 000000018001a304     MSVCRTD:dll_dllmain.obj
 0002:00002304       $unwind$__scrt_is_nonwritable_in_current_image$filt$0 000000018001a304     MSVCRTD:utility.obj
 0002:0000230c       $unwind$?PushRenderElement_@@YAPEAXPEAUrender_group@@IW4render_group_entry_type@@@Z 000000018001a30c     p5engine.obj
 0002:00002320       $cppxdata$?PushRenderElement_@@YAPEAXPEAUrender_group@@IW4render_group_entry_type@@@Z 000000018001a320     p5engine.obj
 0002:00002329       $stateUnwindMap$?GetWorldChunk@@YAPEAUworld_chunk@@PEAUworld@@HHHPEAUmemory_arena@@@Z 000000018001a329     p5engine.obj
 0002:00002329       $stateUnwindMap$?PushRenderElement_@@YAPEAXPEAUrender_group@@IW4render_group_entry_type@@@Z 000000018001a329     p5engine.obj
 0002:0000232f       $ip2state$?PushRenderElement_@@YAPEAXPEAUrender_group@@IW4render_group_entry_type@@@Z 000000018001a32f     p5engine.obj
 0002:00002338       $unwind$?PushBitmap@@YAXPEAUrender_group@@PEAUloaded_bitmap@@Tv3@@MTv4@@@Z 000000018001a338     p5engine.obj
 0002:00002344       $unwind$?PushBitmap@@YAXPEAUrender_group@@Ubitmap_id@@Tv3@@MTv4@@@Z 000000018001a344     p5engine.obj
 0002:00002350       $unwind$?PushRect@@YAXPEAUrender_group@@Tv3@@Tv2@@Tv4@@@Z 000000018001a350     p5engine.obj
 0002:0000235c       $unwind$?PushRectOutline@@YAXPEAUrender_group@@Tv3@@Tv2@@Tv4@@@Z 000000018001a35c     p5engine.obj
 0002:00002368       $unwind$?Orthographic@@YAXPEAUrender_group@@HHM@Z 000000018001a368     p5engine.obj
 0002:00002368       $unwind$?Perspective@@YAXPEAUrender_group@@HHMMM@Z 000000018001a368     p5engine.obj
 0002:00002368       $unwind$__GSHandlerCheck_EH4 000000018001a368     MSVCRTD:gshandlereh4.obj
 0002:00002370       $unwind$?RecanonicalizeCoord@@YAXMPEAHPEAM@Z 000000018001a370     p5engine.obj
 0002:00002370       $unwind$?Unproject@@YA?ATv2@@PEAUrender_group@@T1@M@Z 000000018001a370     p5engine.obj
 0002:00002378       $unwind$?GetCameraRectangleAtTarget@@YA?AUrectangle2@@PEAUrender_group@@@Z 000000018001a378     p5engine.obj
 0002:00002384       $unwind$?NullPosition@@YA?AUworld_position@@XZ 000000018001a384     p5engine.obj
 0002:00002398       $unwind$?GetWorldChunk@@YAPEAUworld_chunk@@PEAUworld@@HHHPEAUmemory_arena@@@Z 000000018001a398     p5engine.obj
 0002:000023ac       $cppxdata$?GetWorldChunk@@YAPEAUworld_chunk@@PEAUworld@@HHHPEAUmemory_arena@@@Z 000000018001a3ac     p5engine.obj
 0002:000023b5       $ip2state$?GetWorldChunk@@YAPEAUworld_chunk@@PEAUworld@@HHHPEAUmemory_arena@@@Z 000000018001a3b5     p5engine.obj
 0002:000023c0       $unwind$?MapIntoChunkSpace@@YA?AUworld_position@@PEAUworld@@U1@Tv3@@@Z 000000018001a3c0     p5engine.obj
 0002:000023d4       $unwind$?ChunkPositionFromTilePosition@@YA?AUworld_position@@PEAUworld@@HHHTv3@@@Z 000000018001a3d4     p5engine.obj
 0002:000023e8       $unwind$?CenteredChunkPoint@@YA?AUworld_position@@III@Z 000000018001a3e8     p5engine.obj
 0002:000023fc       $unwind$?ChangeEntityLocationRaw@@YAXPEAUmemory_arena@@PEAUworld@@IPEAUworld_position@@2@Z 000000018001a3fc     p5engine.obj
 0002:00002414       $cppxdata$?ChangeEntityLocationRaw@@YAXPEAUmemory_arena@@PEAUworld@@IPEAUworld_position@@2@Z 000000018001a414     p5engine.obj
 0002:0000241d       $stateUnwindMap$?ChangeEntityLocationRaw@@YAXPEAUmemory_arena@@PEAUworld@@IPEAUworld_position@@2@Z 000000018001a41d     p5engine.obj
 0002:00002423       $ip2state$?ChangeEntityLocationRaw@@YAXPEAUmemory_arena@@PEAUworld@@IPEAUworld_position@@2@Z 000000018001a423     p5engine.obj
 0002:0000242c       $unwind$?GetSimSpacePos@@YA?ATv3@@PEAUsim_region@@PEAUlow_entity@@@Z 000000018001a42c     p5engine.obj
 0002:00002438       $unwind$?LoadEntityReference@@YAXPEAUgame_state@@PEAUsim_region@@PEATentity_reference@@@Z 000000018001a438     p5engine.obj
 0002:0000244c       $unwind$?EntityOverlapsRectangle@@YAHTv3@@Usim_entity_collision_volume@@Urectangle3@@@Z 000000018001a44c     p5engine.obj
 0002:00002458       $unwind$?DefaultMoveSpec@@YA?AUmove_spec@@XZ 000000018001a458     p5engine.obj
 0002:0000246c       $unwind$?DrawRectangleQuickly@@YAXPEAUloaded_bitmap@@Tv2@@11Tv4@@0MUrectangle2i@@H@Z 000000018001a46c     p5engine_optimized.obj
 0002:000024c0       $cppxdata$?DrawRectangleQuickly@@YAXPEAUloaded_bitmap@@Tv2@@11Tv4@@0MUrectangle2i@@H@Z 000000018001a4c0     p5engine_optimized.obj
 0002:000024c9       $stateUnwindMap$?DrawRectangleQuickly@@YAXPEAUloaded_bitmap@@Tv2@@11Tv4@@0MUrectangle2i@@H@Z 000000018001a4c9     p5engine_optimized.obj
 0002:000024d6       $ip2state$?DrawRectangleQuickly@@YAXPEAUloaded_bitmap@@Tv2@@11Tv4@@0MUrectangle2i@@H@Z 000000018001a4d6     p5engine_optimized.obj
 0002:000024e4       $unwind$__GSHandlerCheckCommon 000000018001a4e4     MSVCRTD:gshandler.obj
 0002:000024f0       $xdatasym                  000000018001a4f0     MSVCRTD:chkstk.obj
 0002:000024f8       $xdatasym                  000000018001a4f8     MSVCRTD:amdsecgs.obj
 0002:000024fc       $unwind$?dllmain_crt_process_attach@@YAHQEAUHINSTANCE__@@QEAX@Z 000000018001a4fc     MSVCRTD:dll_dllmain.obj
 0002:0000251c       $unwind$?dllmain_crt_process_detach@@YAH_N@Z 000000018001a51c     MSVCRTD:dll_dllmain.obj
 0002:0000254c       $unwind$?dllmain_dispatch@@YAHQEAUHINSTANCE__@@KQEAX@Z 000000018001a54c     MSVCRTD:dll_dllmain.obj
 0002:0000256c       $unwind$?filt$0@?0??dllmain_dispatch@@YAHQEAUHINSTANCE__@@KQEAX@Z@4HA 000000018001a56c     MSVCRTD:dll_dllmain.obj
 0002:00002574       $unwind$_DllMainCRTStartup 000000018001a574     MSVCRTD:dll_dllmain.obj
 0002:00002574       $unwind$DllMain            000000018001a574     MSVCRTD:dll_dllmain_stub.obj
 0002:0000257c       $unwind$capture_previous_context 000000018001a57c     MSVCRTD:gs_report.obj
 0002:00002584       $unwind$__get_entropy      000000018001a584     MSVCRTD:gs_support.obj
 0002:0000258c       $unwind$?__scrt_initialize_type_info@@YAXXZ 000000018001a58c     MSVCRTD:tncleanup.obj
 0002:0000258c       $unwind$?__scrt_uninitialize_type_info@@YAXXZ 000000018001a58c     MSVCRTD:tncleanup.obj
 0002:0000258c       $unwind$?configure_argv@__scrt_narrow_argv_policy@@SAHXZ 000000018001a58c     MSVCRTD:utility.obj
 0002:0000258c       $unwind$?initialize_environment@__scrt_narrow_environment_policy@@SAHXZ 000000018001a58c     MSVCRTD:utility.obj
 0002:0000258c       $unwind$__scrt_dllmain_after_initialize_c 000000018001a58c     MSVCRTD:utility.obj
 0002:0000258c       $unwind$__scrt_dllmain_before_initialize_c 000000018001a58c     MSVCRTD:utility.obj
 0002:0000258c       $unwind$__scrt_dllmain_crt_thread_attach 000000018001a58c     MSVCRTD:utility.obj
 0002:0000258c       $unwind$__scrt_dllmain_crt_thread_detach 000000018001a58c     MSVCRTD:utility.obj
 0002:0000258c       $unwind$__scrt_dllmain_uninitialize_c 000000018001a58c     MSVCRTD:utility.obj
 0002:0000258c       $unwind$__scrt_dllmain_uninitialize_critical 000000018001a58c     MSVCRTD:utility.obj
 0002:00002594       $unwind$__scrt_is_nonwritable_in_current_image 000000018001a594     MSVCRTD:utility.obj
 0002:000025b4       $unwind$__scrt_acquire_startup_lock 000000018001a5b4     MSVCRTD:utility.obj
 0002:000025bc       $unwind$__scrt_initialize_crt 000000018001a5bc     MSVCRTD:utility.obj
 0002:000025bc       $unwind$__scrt_release_startup_lock 000000018001a5bc     MSVCRTD:utility.obj
 0002:000025c4       $unwind$__scrt_uninitialize_crt 000000018001a5c4     MSVCRTD:utility.obj
 0002:000025cc       $unwind$__scrt_initialize_onexit_tables 000000018001a5cc     MSVCRTD:utility.obj
 0002:000025d8       $unwind$__scrt_fastfail    000000018001a5d8     MSVCRTD:utility_desktop.obj
 0002:000025e4       $unwind$_RTC_Initialize    000000018001a5e4     MSVCRTD:initsect.obj
 0002:000025e4       $unwind$_RTC_Terminate     000000018001a5e4     MSVCRTD:initsect.obj
 0002:000025f0       $unwind$__isa_available_init 000000018001a5f0     MSVCRTD:cpu_disp.obj
 0002:00002600       $unwind$__scrt_is_ucrt_dll_in_use 000000018001a600     MSVCRTD:ucrt_detection.obj
 0002:00002608       $xdatasym                  000000018001a608     MSVCRTD:guard_dispatch.obj
 0002:00002610       $xdatasym                  000000018001a610     MSVCRTD:guard_xfg_dispatch.obj
 0002:00002620       .edata                     000000018001a620     P5Engine.exp
 0002:00002648       rgpv                       000000018001a648     P5Engine.exp
 0002:00002654       rgszName                   000000018001a654     P5Engine.exp
 0002:00002660       rgwOrd                     000000018001a660     P5Engine.exp
 0002:00002666       szName                     000000018001a666     P5Engine.exp
 0002:00002673       $N00001                    000000018001a673     P5Engine.exp
 0002:00002685       $N00002                    000000018001a685     P5Engine.exp
 0002:00002699       $N00003                    000000018001a699     P5Engine.exp
 0002:00002876       .idata$6                   000000018001a876     vcruntimed:VCRUNTIME140_1D.dll
 0002:0000288a       .idata$6                   000000018001a88a     vcruntimed:VCRUNTIME140D.dll
 0002:00002964       .idata$6                   000000018001a964     ucrtd:ucrtbased.dll
 0002:00002ad8       .idata$6                   000000018001aad8     kernel32:KERNEL32.dll
 0003:00000010       ?RandomNumberTable@@3PAIA  000000018001b010     p5engine.obj
 0003:00004070       ?GlobalDebugTable_@@3Udebug_table@@A 000000018001f070     p5engine.obj
 0003:40484190       ?DEBUGRenderGroup@@3PEAUrender_group@@EA 00000001c049f190     p5engine.obj
 0003:40484198       ?LeftEdge@@3MA             00000001c049f198     p5engine.obj
 0003:4048419c       ?AtY@@3MA                  00000001c049f19c     p5engine.obj
 0003:404841a0       ?Platform@@3Uplatform_api@@A 00000001c049f1a0     p5engine.obj
 0003:40484200       ?FontScale@@3MA            00000001c049f200     p5engine.obj
 0003:40484204       ?FontID@@3Ufont_id@@A      00000001c049f204     p5engine.obj
 0003:40484208       ?__proc_attached@@3HA      00000001c049f208     MSVCRTD:dll_dllmain.obj
 0003:40484210       GS_ExceptionRecord         00000001c049f210     MSVCRTD:gs_report.obj
 0003:404842b0       GS_ContextRecord           00000001c049f2b0     MSVCRTD:gs_report.obj
 0003:404847b0       ?is_initialized_as_dll@@3_NA 00000001c049f7b0     MSVCRTD:utility.obj
 0003:404847b1       ?module_local_atexit_table_initialized@@3_NA 00000001c049f7b1     MSVCRTD:utility.obj
 0003:404847b8       ?module_local_atexit_table@@3U_onexit_table_t@@A 00000001c049f7b8     MSVCRTD:utility.obj
 0003:404847d0       ?module_local_at_quick_exit_table@@3U_onexit_table_t@@A 00000001c049f7d0     MSVCRTD:utility.obj
 0005:00000000       __20BB4341_malloc@h        00000001c04a1000     p5engine.obj
 0005:00000001       __A435B42B_p5engine_types@h 00000001c04a1001     p5engine.obj
 0005:00000002       __7D4BEAAE_p5engine_platform@h 00000001c04a1002     p5engine.obj
 0005:00000003       __741AE07E_corecrt_math@h  00000001c04a1003     p5engine.obj
 0005:00000004       __7BF3FA8A_p5engine_intrinsics@h 00000001c04a1004     p5engine.obj
 0005:00000005       __87290AA6_p5engine_math@h 00000001c04a1005     p5engine.obj
 0005:00000006       __B7A387D6_p5engine_random@h 00000001c04a1006     p5engine.obj
 0005:00000007       __F17FF173_p5engine_entity@h 00000001c04a1007     p5engine.obj
 0005:00000008       __72A74871_p5engine_asset@h 00000001c04a1008     p5engine.obj
 0005:00000009       __BD87FD4A_p5engine@h      00000001c04a1009     p5engine.obj
 0005:0000000a       __6F2BF339_p5engine_render_group@cpp 00000001c04a100a     p5engine.obj
 0005:0000000b       __281AC6F8_p5engine_world@cpp 00000001c04a100b     p5engine.obj
 0005:0000000c       __B07C4A52_p5engine_sim_region@cpp 00000001c04a100c     p5engine.obj
 0005:0000000d       __BDC7FEEB_p5engine_entity@cpp 00000001c04a100d     p5engine.obj
 0005:0000000e       __3D4C1499_p5engine_asset@cpp 00000001c04a100e     p5engine.obj
 0005:0000000f       __39A8D9B6_p5engine_audio@cpp 00000001c04a100f     p5engine.obj
 0005:00000010       __A2143F22_corecrt_stdio_config@h 00000001c04a1010     p5engine.obj
 0005:00000011       __829E1958_corecrt_wstdio@h 00000001c04a1011     p5engine.obj
 0005:00000012       __6DFAE8B8_stdio@h         00000001c04a1012     p5engine.obj
 0005:00000013       __283011C9_p5engine_debug@cpp 00000001c04a1013     p5engine.obj
 0005:00000014       __BAF57382_p5engine@cpp    00000001c04a1014     p5engine.obj
 0005:00000015       __20BB4341_malloc@h        00000001c04a1015     p5engine_optimized.obj
 0005:00000016       __A435B42B_p5engine_types@h 00000001c04a1016     p5engine_optimized.obj
 0005:00000017       __7D4BEAAE_p5engine_platform@h 00000001c04a1017     p5engine_optimized.obj
 0005:00000018       __741AE07E_corecrt_math@h  00000001c04a1018     p5engine_optimized.obj
 0005:00000019       __7BF3FA8A_p5engine_intrinsics@h 00000001c04a1019     p5engine_optimized.obj
 0005:0000001a       __87290AA6_p5engine_math@h 00000001c04a101a     p5engine_optimized.obj
 0005:0000001b       __B7A387D6_p5engine_random@h 00000001c04a101b     p5engine_optimized.obj
 0005:0000001c       __F17FF173_p5engine_entity@h 00000001c04a101c     p5engine_optimized.obj
 0005:0000001d       __72A74871_p5engine_asset@h 00000001c04a101d     p5engine_optimized.obj
 0005:0000001e       __BD87FD4A_p5engine@h      00000001c04a101e     p5engine_optimized.obj
 0005:0000001f       __03FC23C0_p5engine_optimized@cpp 00000001c04a101f     p5engine_optimized.obj
 0006:00000060       $R000000                   00000001c04a2060     * linker generated manifest res *
