 P5Engine

 Timestamp is 612adbe0 (Sat Aug 28 17:59:12 2021)

 Preferred load address is 0000000180000000

 Start         Length     Name                   Class
 0001:00000000 00010000H .textbss                DATA
 0002:00000000 0000fa90H .text$mn                CODE
 0002:0000fa90 00001040H .text$mn$00             CODE
 0002:00010ad0 00001141H .text$x                 CODE
 0003:00000000 00000110H .CRT$XCA                DATA
 0003:00000110 00000110H .CRT$XCZ                DATA
 0003:00000220 00000110H .CRT$XIA                DATA
 0003:00000330 00000110H .CRT$XIZ                DATA
 0003:00000440 00000110H .CRT$XPA                DATA
 0003:00000550 00000110H .CRT$XPZ                DATA
 0003:00000660 00000110H .CRT$XTA                DATA
 0003:00000770 00000110H .CRT$XTZ                DATA
 0003:00000880 00002e00H .rdata                  DATA
 0003:00003680 00000110H .rdata$CastGuardVftablesA DATA
 0003:00003790 0000010cH .rdata$CastGuardVftablesC DATA
 0003:0000389c 0000017cH .rdata$zzzdbg           DATA
 0003:00003a18 00000110H .rtc$IAA                DATA
 0003:00003b28 00000110H .rtc$IMZ                DATA
 0003:00003c38 00000110H .rtc$IZZ                DATA
 0003:00003d48 00000110H .rtc$TAA                DATA
 0003:00003e58 00000110H .rtc$TMZ                DATA
 0003:00003f68 00000110H .rtc$TZZ                DATA
 0003:00004078 00000fa8H .xdata                  DATA
 0003:00005020 00000187H .edata                  DATA
 0004:00000000 00004e40H .data                   DATA
 0004:00004e40 00000788H .bss                    DATA
 0005:00000000 00002568H .pdata                  DATA
 0006:00000000 00000340H .idata$5                DATA
 0006:00000340 0000003cH .idata$2                DATA
 0006:0000037c 00000014H .idata$3                DATA
 0006:00000390 00000340H .idata$4                DATA
 0006:000006d0 00000656H .idata$6                DATA
 0007:00000000 0000010dH .msvcjmc                DATA
 0008:00000000 00000151H .00cfg                  DATA
 0009:00000000 00000170H .rsrc$01                DATA
 0009:00000170 000001b6H .rsrc$02                DATA

  Address         Publics by Value              Rva+Base               Lib:Object

 0000:00000000       __guard_iat_table          0000000000000000     <absolute>
 0000:00000000       __guard_eh_cont_count      0000000000000000     <absolute>
 0000:00000000       __guard_longjmp_count      0000000000000000     <absolute>
 0000:00000000       __guard_fids_table         0000000000000000     <absolute>
 0000:00000000       __dynamic_value_reloc_table 0000000000000000     <absolute>
 0000:00000000       __x64_code_ranges_to_entry_points 0000000000000000     <absolute>
 0000:00000000       __guard_longjmp_table      0000000000000000     <absolute>
 0000:00000000       __guard_check_icall_a64n_fptr 0000000000000000     <absolute>
 0000:00000000       __arm64x_redirection_metadata 0000000000000000     <absolute>
 0000:00000000       __hybrid_code_map_count    0000000000000000     <absolute>
 0000:00000000       __guard_iat_count          0000000000000000     <absolute>
 0000:00000000       ___safe_se_handler_count   0000000000000000     <absolute>
 0000:00000000       __guard_fids_count         0000000000000000     <absolute>
 0000:00000000       __hybrid_auxiliary_iat_copy 0000000000000000     <absolute>
 0000:00000000       __x64_code_ranges_to_entry_points_count 0000000000000000     <absolute>
 0000:00000000       __arm64x_extra_rfe_table   0000000000000000     <absolute>
 0000:00000000       __hybrid_code_map          0000000000000000     <absolute>
 0000:00000000       __AbsoluteZero             0000000000000000     <absolute>
 0000:00000000       __arm64x_native_entrypoint 0000000000000000     <absolute>
 0000:00000000       __volatile_metadata        0000000000000000     <absolute>
 0000:00000000       __hybrid_auxiliary_iat     0000000000000000     <absolute>
 0000:00000000       __arm64x_extra_rfe_table_size 0000000000000000     <absolute>
 0000:00000000       __guard_eh_cont_table      0000000000000000     <absolute>
 0000:00000000       ___safe_se_handler_table   0000000000000000     <absolute>
 0000:00000000       __arm64x_redirection_metadata_count 0000000000000000     <absolute>
 0000:00000000       __enclave_config           0000000000000000     <absolute>
 0000:00000100       __guard_flags              0000000000000100     <absolute>
 0000:00000000       __ImageBase                0000000180000000     <linker-defined>
 0001:00000000       __enc$textbss$begin        0000000180001000     <linker-defined>
 0001:00010000       __enc$textbss$end          0000000180011000     <linker-defined>
 0002:000008f0       ??D@YA?ATv2@@MT0@@Z        00000001800118f0 f i p5engine.obj
 0002:000009e0       ??D@YA?ATv2@@T0@M@Z        00000001800119e0 f i p5engine.obj
 0002:00000a80       ??D@YA?ATv3@@MT0@@Z        0000000180011a80 f i p5engine.obj
 0002:00000bc0       ??G@YA?ATv2@@T0@0@Z        0000000180011bc0 f i p5engine.obj
 0002:00000cb0       ??H@YA?ATv2@@T0@0@Z        0000000180011cb0 f i p5engine.obj
 0002:00000da0       ??X@YAAEATv2@@AEAT0@M@Z    0000000180011da0 f i p5engine.obj
 0002:00000e20       ??X@YAAEATv3@@AEAT0@M@Z    0000000180011e20 f i p5engine.obj
 0002:00000ee0       ??Y@YAAEATv2@@AEAT0@T0@@Z  0000000180011ee0 f i p5engine.obj
 0002:00000f60       ??Z@YAAEATv2@@AEAT0@T0@@Z  0000000180011f60 f i p5engine.obj
 0002:00000fe0       ?AbsoluteValue@@YAMM@Z     0000000180011fe0 f i p5engine.obj
 0002:00001700       ?AddFlag@@YAXPEAUsim_entity@@W4entity_flag@@@Z 0000000180012700 f i p5engine.obj
 0002:00001d50       ?AddRadiusTo@@YA?AUrectangle2@@U1@MM@Z 0000000180012d50 f i p5engine.obj
 0002:00002190       ?AreInSameChunk@@YAHPEAUworld@@PEAUworld_position@@1@Z 0000000180013190 f i p5engine.obj
 0002:00002a00       ?ChangeEntityLocationRaw@@YAXPEAUmemory_arena@@PEAUworld@@IPEAUworld_position@@2@Z 0000000180013a00 f i p5engine.obj
 0002:00002f00       ?ChunkPositionFromTilePosition@@YA?AUworld_position@@PEAUworld@@HHH@Z 0000000180013f00 f i p5engine.obj
 0002:000031f0       ?ClearFlag@@YAXPEAUsim_entity@@W4entity_flag@@@Z 00000001800141f0 f i p5engine.obj
 0002:000036e0       ?DefaultMoveSpec@@YA?AUmove_spec@@XZ 00000001800146e0 f i p5engine.obj
 0002:00004670       ?FindLeastSignificantSetBit@@YA?AUbit_scan_result@@I@Z 0000000180015670 f i p5engine.obj
 0002:00004940       ?GetLowEntity@@YAPEAUlow_entity@@PEAUgame_state@@I@Z 0000000180015940 f i p5engine.obj
 0002:000049e0       ?GetMaxCorner@@YA?ATv2@@Urectangle2@@@Z 00000001800159e0 f i p5engine.obj
 0002:00004a70       ?GetMinCorner@@YA?ATv2@@Urectangle2@@@Z 0000000180015a70 f i p5engine.obj
 0002:00004b00       ?GetSimSpacePos@@YA?ATv2@@PEAUsim_region@@PEAUlow_entity@@@Z 0000000180015b00 f i p5engine.obj
 0002:00004c30       ?GetWorldChunk@@YAPEAUworld_chunk@@PEAUworld@@HHHPEAUmemory_arena@@@Z 0000000180015c30 f i p5engine.obj
 0002:00004fa0       ?HasFlag@@YAHPEAUsim_entity@@W4entity_flag@@@Z 0000000180015fa0 f i p5engine.obj
 0002:000050c0       ?InitializeArena@@YAXPEAUmemory_arena@@_KPEAX@Z 00000001800160c0 f i p5engine.obj
 0002:00005230       ?Inner@@YAMTv2@@0@Z        0000000180016230 f i p5engine.obj
 0002:000052b0       ?IsCanonical@@YAHPEAUworld@@M@Z 00000001800162b0 f i p5engine.obj
 0002:00005390       ?IsCanonical@@YAHPEAUworld@@Tv2@@@Z 0000000180016390 f i p5engine.obj
 0002:00005430       ?IsInRectangle@@YAHUrectangle2@@Tv2@@@Z 0000000180016430 f i p5engine.obj
 0002:00005500       ?IsValid@@YAHUworld_position@@@Z 0000000180016500 f i p5engine.obj
 0002:00005570       ?Length@@YAMTv2@@@Z        0000000180016570 f i p5engine.obj
 0002:000055d0       ?LengthSq@@YAMTv2@@@Z      00000001800165d0 f i p5engine.obj
 0002:00005630       ?LoadEntityReference@@YAXPEAUgame_state@@PEAUsim_region@@PEATentity_reference@@@Z 0000000180016630 f i p5engine.obj
 0002:000057b0       ?MakeEntityNonSpatial@@YAXPEAUsim_entity@@@Z 00000001800167b0 f i p5engine.obj
 0002:00005840       ?MakeEntitySpatial@@YAXPEAUsim_entity@@Tv2@@1@Z 0000000180016840 f i p5engine.obj
 0002:000058d0       ?MapIntoChunkSpace@@YA?AUworld_position@@PEAUworld@@U1@Tv2@@@Z 00000001800168d0 f i p5engine.obj
 0002:000066d0       ?NullPosition@@YA?AUworld_position@@XZ 00000001800176d0 f i p5engine.obj
 0002:000067b0       ?PushBitmap@@YAXPEAUentity_visible_piece_group@@PEAUloaded_bitmap@@Tv2@@M2MM@Z 00000001800177b0 f i p5engine.obj
 0002:00006950       ?PushPiece@@YAXPEAUentity_visible_piece_group@@PEAUloaded_bitmap@@Tv2@@2M2Tv4@@M@Z 0000000180017950 f i p5engine.obj
 0002:00006b70       ?PushRect@@YAXPEAUentity_visible_piece_group@@Tv2@@M1Tv4@@M@Z 0000000180017b70 f i p5engine.obj
 0002:00006c60       ?PushSize_@@YAPEAXPEAUmemory_arena@@_K@Z 0000000180017c60 f i p5engine.obj
 0002:00006d20       ?RecanonicalizeCoord@@YAXPEAUworld@@PEAHPEAM@Z 0000000180017d20 f i p5engine.obj
 0002:00006e10       ?RectCenterDim@@YA?AUrectangle2@@Tv2@@0@Z 0000000180017e10 f i p5engine.obj
 0002:00006f10       ?RectCenterHalfDim@@YA?AUrectangle2@@Tv2@@0@Z 0000000180017f10 f i p5engine.obj
 0002:00007050       ?RotateLeft@@YAIIH@Z       0000000180018050 f i p5engine.obj
 0002:000070b0       ?RoundReal32ToInt32@@YAHM@Z 00000001800180b0 f i p5engine.obj
 0002:00007110       ?RoundReal32ToUInt32@@YAIM@Z 0000000180018110 f i p5engine.obj
 0002:00007350       ?Sin@@YAMM@Z               0000000180018350 f i p5engine.obj
 0002:000073b0       ?Square@@YAMM@Z            00000001800183b0 f i p5engine.obj
 0002:00007410       ?SquareRoot@@YAMM@Z        0000000180018410 f i p5engine.obj
 0002:00007470       ?StoreEntityReference@@YAXPEATentity_reference@@@Z 0000000180018470 f i p5engine.obj
 0002:000078a0       ?V2@@YA?ATv2@@MM@Z         00000001800188a0 f i p5engine.obj
 0002:00007970       ?V3@@YA?ATv3@@MMM@Z        0000000180018970 f i p5engine.obj
 0002:00007a90       ?V4@@YA?ATv4@@MMMM@Z       0000000180018a90 f i p5engine.obj
 0002:00007bc0       ?ZeroSize@@YAX_KPEAX@Z     0000000180018bc0 f i p5engine.obj
 0002:00007c60       GameGetSoundSamples        0000000180018c60 f   p5engine.obj
 0002:00007cd0       GameUpdateAndRender        0000000180018cd0 f   p5engine.obj
 0002:0000a4a0       GetController              000000018001b4a0 f i p5engine.obj
 0002:0000a520       __JustMyCode_Default       000000018001b520 f i p5engine.obj
 0002:0000a530       _RTC_AllocaHelper          000000018001b530 f   MSVCRTD:stack.obj
 0002:0000a580       _RTC_CheckStackVars        000000018001b580 f   MSVCRTD:stack.obj
 0002:0000a630       _RTC_CheckStackVars2       000000018001b630 f   MSVCRTD:stack.obj
 0002:0000a780       _CRT_RTC_INIT              000000018001b780 f   MSVCRTD:init.obj
 0002:0000a790       _CRT_RTC_INITW             000000018001b790 f   MSVCRTD:init.obj
 0002:0000a7a0       _RTC_InitBase              000000018001b7a0 f   MSVCRTD:init.obj
 0002:0000a7f0       _RTC_Shutdown              000000018001b7f0 f   MSVCRTD:init.obj
 0002:0000a820       __CheckForDebuggerJustMyCode 000000018001b820 f   MSVCRTD:debugger_jmc.obj
 0002:0000a870       __GSHandlerCheck           000000018001b870 f   MSVCRTD:gshandler.obj
 0002:0000a8c0       __GSHandlerCheckCommon     000000018001b8c0 f   MSVCRTD:gshandler.obj
 0002:0000aa10       _alloca_probe              000000018001ba10 f   MSVCRTD:chkstk.obj
 0002:0000aa10       __chkstk                   000000018001ba10 f   MSVCRTD:chkstk.obj
 0002:0000aa90       __security_check_cookie    000000018001ba90 f   MSVCRTD:amdsecgs.obj
 0002:0000afc0       _CRT_INIT                  000000018001bfc0 f   MSVCRTD:dll_dllmain.obj
 0002:0000b000       _DllMainCRTStartup         000000018001c000 f   MSVCRTD:dll_dllmain.obj
 0002:0000b100       ?_RTC_AllocaFailure@@YAXPEAXPEAU_RTC_ALLOCA_NODE@@H@Z 000000018001c100 f   MSVCRTD:error.obj
 0002:0000b2b0       ?_RTC_Failure@@YAXPEAXH@Z  000000018001c2b0 f   MSVCRTD:error.obj
 0002:0000b320       ?_RTC_StackFailure@@YAXPEAXPEBD@Z 000000018001c320 f   MSVCRTD:error.obj
 0002:0000b860       _RTC_UninitUse             000000018001c860 f   MSVCRTD:error.obj
 0002:0000b960       __local_stdio_printf_options 000000018001c960 f i MSVCRTD:error.obj
 0002:0000b970       _vsprintf_s_l              000000018001c970 f i MSVCRTD:error.obj
 0002:0000b9f0       sprintf_s                  000000018001c9f0 f i MSVCRTD:error.obj
 0002:0000ba20       ?_RTC_GetErrorFunc@@YAP6AHHPEBDH00ZZPEBX@Z 000000018001ca20 f   MSVCRTD:userapi.obj
 0002:0000ba30       ?_RTC_GetErrorFuncW@@YAP6AHHPEB_WH00ZZPEBX@Z 000000018001ca30 f   MSVCRTD:userapi.obj
 0002:0000ba40       _RTC_GetErrDesc            000000018001ca40 f   MSVCRTD:userapi.obj
 0002:0000ba60       _RTC_NumErrors             000000018001ca60 f   MSVCRTD:userapi.obj
 0002:0000ba70       _RTC_SetErrorFunc          000000018001ca70 f   MSVCRTD:userapi.obj
 0002:0000ba90       _RTC_SetErrorFuncW         000000018001ca90 f   MSVCRTD:userapi.obj
 0002:0000bab0       _RTC_SetErrorType          000000018001cab0 f   MSVCRTD:userapi.obj
 0002:0000bae0       __raise_securityfailure    000000018001cae0 f   MSVCRTD:gs_report.obj
 0002:0000bb30       __report_gsfailure         000000018001cb30 f   MSVCRTD:gs_report.obj
 0002:0000bc40       __report_rangecheckfailure 000000018001cc40 f   MSVCRTD:gs_report.obj
 0002:0000bc60       __report_securityfailure   000000018001cc60 f   MSVCRTD:gs_report.obj
 0002:0000bd30       __report_securityfailureEx 000000018001cd30 f   MSVCRTD:gs_report.obj
 0002:0000c120       __security_init_cookie     000000018001d120 f   MSVCRTD:gs_support.obj
 0002:0000c1c0       DllMain                    000000018001d1c0 f   MSVCRTD:dll_dllmain_stub.obj
 0002:0000c210       ?__scrt_initialize_type_info@@YAXXZ 000000018001d210 f   MSVCRTD:tncleanup.obj
 0002:0000c230       ?__scrt_uninitialize_type_info@@YAXXZ 000000018001d230 f   MSVCRTD:tncleanup.obj
 0002:0000c250       __local_stdio_scanf_options 000000018001d250 f i MSVCRTD:default_local_stdio_options.obj
 0002:0000c260       __scrt_initialize_default_local_stdio_options 000000018001d260 f   MSVCRTD:default_local_stdio_options.obj
 0002:0000c2c0       ?configure_argv@__scrt_narrow_argv_policy@@SAHXZ 000000018001d2c0 f i MSVCRTD:utility.obj
 0002:0000c3e0       ?initialize_environment@__scrt_narrow_environment_policy@@SAHXZ 000000018001d3e0 f i MSVCRTD:utility.obj
 0002:0000c4b0       NtCurrentTeb               000000018001d4b0 f i MSVCRTD:utility.obj
 0002:0000c4c0       __scrt_acquire_startup_lock 000000018001d4c0 f   MSVCRTD:utility.obj
 0002:0000c540       __scrt_dllmain_after_initialize_c 000000018001d540 f   MSVCRTD:utility.obj
 0002:0000c580       __scrt_dllmain_before_initialize_c 000000018001d580 f   MSVCRTD:utility.obj
 0002:0000c5b0       __scrt_dllmain_crt_thread_attach 000000018001d5b0 f   MSVCRTD:utility.obj
 0002:0000c5f0       __scrt_dllmain_crt_thread_detach 000000018001d5f0 f   MSVCRTD:utility.obj
 0002:0000c610       __scrt_dllmain_exception_filter 000000018001d610 f   MSVCRTD:utility.obj
 0002:0000c690       __scrt_dllmain_uninitialize_c 000000018001d690 f   MSVCRTD:utility.obj
 0002:0000c6d0       __scrt_dllmain_uninitialize_critical 000000018001d6d0 f   MSVCRTD:utility.obj
 0002:0000c6f0       __scrt_initialize_crt      000000018001d6f0 f   MSVCRTD:utility.obj
 0002:0000c750       __scrt_initialize_onexit_tables 000000018001d750 f   MSVCRTD:utility.obj
 0002:0000c8a0       __scrt_is_nonwritable_in_current_image 000000018001d8a0 f   MSVCRTD:utility.obj
 0002:0000c950       __scrt_release_startup_lock 000000018001d950 f   MSVCRTD:utility.obj
 0002:0000c990       __scrt_uninitialize_crt    000000018001d990 f   MSVCRTD:utility.obj
 0002:0000c9e0       _onexit                    000000018001d9e0 f   MSVCRTD:utility.obj
 0002:0000ca80       at_quick_exit              000000018001da80 f   MSVCRTD:utility.obj
 0002:0000cae0       atexit                     000000018001dae0 f   MSVCRTD:utility.obj
 0002:0000cb20       __scrt_get_dyn_tls_init_callback 000000018001db20 f   MSVCRTD:dyn_tls_init.obj
 0002:0000cb30       __crt_debugger_hook        000000018001db30 f   MSVCRTD:utility_desktop.obj
 0002:0000cb50       __scrt_fastfail            000000018001db50 f   MSVCRTD:utility_desktop.obj
 0002:0000cd50       __scrt_get_show_window_mode 000000018001dd50 f   MSVCRTD:utility_desktop.obj
 0002:0000cdc0       __scrt_initialize_mta      000000018001ddc0 f   MSVCRTD:utility_desktop.obj
 0002:0000cde0       __scrt_initialize_winrt    000000018001dde0 f   MSVCRTD:utility_desktop.obj
 0002:0000cdf0       __scrt_is_managed_app      000000018001ddf0 f   MSVCRTD:utility_desktop.obj
 0002:0000cec0       __scrt_set_unhandled_exception_filter 000000018001dec0 f   MSVCRTD:utility_desktop.obj
 0002:0000cee0       __scrt_stub_for_initialize_mta 000000018001dee0 f   MSVCRTD:utility_desktop.obj
 0002:0000cee0       __scrt_exe_initialize_mta  000000018001dee0 f   MSVCRTD:utility_desktop.obj
 0002:0000cef0       __scrt_unhandled_exception_filter 000000018001def0 f   MSVCRTD:utility_desktop.obj
 0002:0000cfb0       _RTC_Initialize            000000018001dfb0 f   MSVCRTD:initsect.obj
 0002:0000d010       _RTC_Terminate             000000018001e010 f   MSVCRTD:initsect.obj
 0002:0000d070       _guard_check_icall_nop     000000018001e070 f i MSVCRTD:guard_support.obj
 0002:0000d080       ReadNoFence64              000000018001e080 f i MSVCRTD:guard_support.obj
 0002:0000d0b0       ReadPointerNoFence         000000018001e0b0 f i MSVCRTD:guard_support.obj
 0002:0000d0d0       __castguard_check_failure_debugbreak 000000018001e0d0 f i MSVCRTD:guard_support.obj
 0002:0000d100       __castguard_check_failure_fastfail 000000018001e100 f i MSVCRTD:guard_support.obj
 0002:0000d130       __castguard_check_failure_nop 000000018001e130 f i MSVCRTD:guard_support.obj
 0002:0000d140       __castguard_check_failure_os_handled 000000018001e140 f i MSVCRTD:guard_support.obj
 0002:0000d230       __castguard_slow_path_check_debugbreak 000000018001e230 f i MSVCRTD:guard_support.obj
 0002:0000d280       __castguard_slow_path_check_fastfail 000000018001e280 f i MSVCRTD:guard_support.obj
 0002:0000d2e0       __castguard_slow_path_check_nop 000000018001e2e0 f i MSVCRTD:guard_support.obj
 0002:0000d300       __castguard_slow_path_check_os_handled 000000018001e300 f i MSVCRTD:guard_support.obj
 0002:0000d410       _guard_icall_checks_enforced 000000018001e410 f i MSVCRTD:guard_support.obj
 0002:0000d460       _guard_rf_checks_enforced  000000018001e460 f i MSVCRTD:guard_support.obj
 0002:0000dac0       ?_RTC_GetSrcLine@@YAHPEAEPEA_WKPEAH1K@Z 000000018001eac0 f   MSVCRTD:pdblkup.obj
 0002:0000df80       __isa_available_init       000000018001ef80 f   MSVCRTD:cpu_disp.obj
 0002:0000e400       _get_startup_argv_mode     000000018001f400 f   MSVCRTD:argv_mode.obj
 0002:0000e410       __scrt_is_ucrt_dll_in_use  000000018001f410 f   MSVCRTD:ucrt_detection.obj
 0002:0000e440       __C_specific_handler       000000018001f440 f   vcruntimed:VCRUNTIME140D.dll
 0002:0000e446       __C_specific_handler_noexcept 000000018001f446 f   vcruntimed:VCRUNTIME140D.dll
 0002:0000e44c       __std_type_info_destroy_list 000000018001f44c f   vcruntimed:VCRUNTIME140D.dll
 0002:0000e452       __current_exception        000000018001f452 f   vcruntimed:VCRUNTIME140D.dll
 0002:0000e458       __current_exception_context 000000018001f458 f   vcruntimed:VCRUNTIME140D.dll
 0002:0000e45e       __vcrt_GetModuleFileNameW  000000018001f45e f   vcruntimed:VCRUNTIME140D.dll
 0002:0000e464       __vcrt_GetModuleHandleW    000000018001f464 f   vcruntimed:VCRUNTIME140D.dll
 0002:0000e46a       __vcrt_LoadLibraryExW      000000018001f46a f   vcruntimed:VCRUNTIME140D.dll
 0002:0000e470       fabs                       000000018001f470 f   ucrtd:ucrtbased.dll
 0002:0000e476       roundf                     000000018001f476 f   ucrtd:ucrtbased.dll
 0002:0000e47c       sinf                       000000018001f47c f   ucrtd:ucrtbased.dll
 0002:0000e482       sqrtf                      000000018001f482 f   ucrtd:ucrtbased.dll
 0002:0000e488       _rotl                      000000018001f488 f   ucrtd:ucrtbased.dll
 0002:0000e48e       _CrtDbgReport              000000018001f48e f   ucrtd:ucrtbased.dll
 0002:0000e494       _CrtDbgReportW             000000018001f494 f   ucrtd:ucrtbased.dll
 0002:0000e49a       _initterm                  000000018001f49a f   ucrtd:ucrtbased.dll
 0002:0000e4a0       _initterm_e                000000018001f4a0 f   ucrtd:ucrtbased.dll
 0002:0000e4a6       strcpy_s                   000000018001f4a6 f   ucrtd:ucrtbased.dll
 0002:0000e4ac       strcat_s                   000000018001f4ac f   ucrtd:ucrtbased.dll
 0002:0000e4b2       __stdio_common_vsprintf_s  000000018001f4b2 f   ucrtd:ucrtbased.dll
 0002:0000e4b8       _seh_filter_dll            000000018001f4b8 f   ucrtd:ucrtbased.dll
 0002:0000e4be       _configure_narrow_argv     000000018001f4be f   ucrtd:ucrtbased.dll
 0002:0000e4c4       _initialize_narrow_environment 000000018001f4c4 f   ucrtd:ucrtbased.dll
 0002:0000e4ca       _initialize_onexit_table   000000018001f4ca f   ucrtd:ucrtbased.dll
 0002:0000e4d0       _register_onexit_function  000000018001f4d0 f   ucrtd:ucrtbased.dll
 0002:0000e4d6       _execute_onexit_table      000000018001f4d6 f   ucrtd:ucrtbased.dll
 0002:0000e4dc       _crt_atexit                000000018001f4dc f   ucrtd:ucrtbased.dll
 0002:0000e4e2       _crt_at_quick_exit         000000018001f4e2 f   ucrtd:ucrtbased.dll
 0002:0000e4e8       _cexit                     000000018001f4e8 f   ucrtd:ucrtbased.dll
 0002:0000e4ee       terminate                  000000018001f4ee f   ucrtd:ucrtbased.dll
 0002:0000e4f4       _wmakepath_s               000000018001f4f4 f   ucrtd:ucrtbased.dll
 0002:0000e4fa       _wsplitpath_s              000000018001f4fa f   ucrtd:ucrtbased.dll
 0002:0000e500       wcscpy_s                   000000018001f500 f   ucrtd:ucrtbased.dll
 0002:0000e506       GetCurrentThreadId         000000018001f506 f   kernel32:KERNEL32.dll
 0002:0000e50c       IsDebuggerPresent          000000018001f50c f   kernel32:KERNEL32.dll
 0002:0000e512       RaiseException             000000018001f512 f   kernel32:KERNEL32.dll
 0002:0000e518       MultiByteToWideChar        000000018001f518 f   kernel32:KERNEL32.dll
 0002:0000e51e       WideCharToMultiByte        000000018001f51e f   kernel32:KERNEL32.dll
 0002:0000e524       RtlCaptureContext          000000018001f524 f   kernel32:KERNEL32.dll
 0002:0000e52a       RtlLookupFunctionEntry     000000018001f52a f   kernel32:KERNEL32.dll
 0002:0000e530       RtlVirtualUnwind           000000018001f530 f   kernel32:KERNEL32.dll
 0002:0000e536       UnhandledExceptionFilter   000000018001f536 f   kernel32:KERNEL32.dll
 0002:0000e53c       SetUnhandledExceptionFilter 000000018001f53c f   kernel32:KERNEL32.dll
 0002:0000e542       GetCurrentProcess          000000018001f542 f   kernel32:KERNEL32.dll
 0002:0000e548       TerminateProcess           000000018001f548 f   kernel32:KERNEL32.dll
 0002:0000e54e       IsProcessorFeaturePresent  000000018001f54e f   kernel32:KERNEL32.dll
 0002:0000e554       QueryPerformanceCounter    000000018001f554 f   kernel32:KERNEL32.dll
 0002:0000e55a       GetCurrentProcessId        000000018001f55a f   kernel32:KERNEL32.dll
 0002:0000e560       GetSystemTimeAsFileTime    000000018001f560 f   kernel32:KERNEL32.dll
 0002:0000e566       DisableThreadLibraryCalls  000000018001f566 f   kernel32:KERNEL32.dll
 0002:0000e56c       InitializeSListHead        000000018001f56c f   kernel32:KERNEL32.dll
 0002:0000e572       GetStartupInfoW            000000018001f572 f   kernel32:KERNEL32.dll
 0002:0000e578       GetModuleHandleW           000000018001f578 f   kernel32:KERNEL32.dll
 0002:0000e57e       GetLastError               000000018001f57e f   kernel32:KERNEL32.dll
 0002:0000e584       HeapAlloc                  000000018001f584 f   kernel32:KERNEL32.dll
 0002:0000e58a       HeapFree                   000000018001f58a f   kernel32:KERNEL32.dll
 0002:0000e590       GetProcessHeap             000000018001f590 f   kernel32:KERNEL32.dll
 0002:0000e596       VirtualQuery               000000018001f596 f   kernel32:KERNEL32.dll
 0002:0000e59c       FreeLibrary                000000018001f59c f   kernel32:KERNEL32.dll
 0002:0000e5a2       GetProcAddress             000000018001f5a2 f   kernel32:KERNEL32.dll
 0002:0000e5b0       __scrt_stub_for_acrt_initialize 000000018001f5b0 f   MSVCRTD:ucrt_stubs.obj
 0002:0000e5b0       __acrt_initialize          000000018001f5b0 f   MSVCRTD:ucrt_stubs.obj
 0002:0000e5b0       __vcrt_initialize          000000018001f5b0 f   MSVCRTD:ucrt_stubs.obj
 0002:0000e5c0       __scrt_stub_for_acrt_thread_attach 000000018001f5c0 f   MSVCRTD:ucrt_stubs.obj
 0002:0000e5c0       __vcrt_thread_attach       000000018001f5c0 f   MSVCRTD:ucrt_stubs.obj
 0002:0000e5c0       __acrt_thread_attach       000000018001f5c0 f   MSVCRTD:ucrt_stubs.obj
 0002:0000e5d0       __scrt_stub_for_acrt_thread_detach 000000018001f5d0 f   MSVCRTD:ucrt_stubs.obj
 0002:0000e5d0       __acrt_thread_detach       000000018001f5d0 f   MSVCRTD:ucrt_stubs.obj
 0002:0000e5d0       __vcrt_thread_detach       000000018001f5d0 f   MSVCRTD:ucrt_stubs.obj
 0002:0000e5e0       __vcrt_uninitialize        000000018001f5e0 f   MSVCRTD:ucrt_stubs.obj
 0002:0000e5e0       __scrt_stub_for_acrt_uninitialize 000000018001f5e0 f   MSVCRTD:ucrt_stubs.obj
 0002:0000e5e0       __acrt_uninitialize        000000018001f5e0 f   MSVCRTD:ucrt_stubs.obj
 0002:0000e5f0       __acrt_uninitialize_critical 000000018001f5f0 f   MSVCRTD:ucrt_stubs.obj
 0002:0000e5f0       __scrt_stub_for_acrt_uninitialize_critical 000000018001f5f0 f   MSVCRTD:ucrt_stubs.obj
 0002:0000e5f0       __vcrt_uninitialize_critical 000000018001f5f0 f   MSVCRTD:ucrt_stubs.obj
 0002:0000e600       _is_c_termination_complete 000000018001f600 f   MSVCRTD:ucrt_stubs.obj
 0002:0000e600       __scrt_stub_for_is_c_termination_complete 000000018001f600 f   MSVCRTD:ucrt_stubs.obj
 0002:0000faa0       _guard_dispatch_icall_nop  0000000180020aa0 f   MSVCRTD:guard_dispatch.obj
 0002:0000fac0       _guard_xfg_dispatch_icall_nop 0000000180020ac0 f   MSVCRTD:guard_xfg_dispatch.obj
 0003:00000000       __xc_a                     0000000180023000     MSVCRTD:initializers.obj
 0003:00000110       __xc_z                     0000000180023110     MSVCRTD:initializers.obj
 0003:00000220       __xi_a                     0000000180023220     MSVCRTD:initializers.obj
 0003:00000330       __xi_z                     0000000180023330     MSVCRTD:initializers.obj
 0003:00000440       __xp_a                     0000000180023440     MSVCRTD:initializers.obj
 0003:00000550       __xp_z                     0000000180023550     MSVCRTD:initializers.obj
 0003:00000660       __xt_a                     0000000180023660     MSVCRTD:initializers.obj
 0003:00000770       __xt_z                     0000000180023770     MSVCRTD:initializers.obj
 0003:00002600       ??_C@_0BA@NMEIMCEK@InvalidCodePath@ 0000000180025600     p5engine.obj
 0003:00002618       ??_C@_0BF@HOIOEMCL@P5Engine?1data?1bg?4bmp@ 0000000180025618     p5engine.obj
 0003:00002638       ??_C@_0BJ@EPENJOEL@P5Engine?1data?1shadow?4bmp@ 0000000180025638     p5engine.obj
 0003:00002658       ??_C@_0BH@DDOBAHNL@P5Engine?1data?1tree?4bmp@ 0000000180025658     p5engine.obj
 0003:00002678       ??_C@_0BI@EPGPCLAL@P5Engine?1data?1enemy?4bmp@ 0000000180025678     p5engine.obj
 0003:00002698       ??_C@_0BG@IEBKPHGI@P5Engine?1data?1orb?4bmp@ 0000000180025698     p5engine.obj
 0003:000026b8       ??_C@_0BP@CIDLMIJA@P5Engine?1data?1char?9right?90?4bmp@ 00000001800256b8     p5engine.obj
 0003:000026e0       ??_C@_0BO@PEBAPFLC@P5Engine?1data?1char?9back?90?4bmp@ 00000001800256e0     p5engine.obj
 0003:00002708       ??_C@_0BO@EAIBBIAG@P5Engine?1data?1char?9left?90?4bmp@ 0000000180025708     p5engine.obj
 0003:00002730       ??_C@_0BP@MKDPGEOC@P5Engine?1data?1char?9front?90?4bmp@ 0000000180025730     p5engine.obj
 0003:00002758       ??_C@_0BO@KNNOBFKI@P5Engine?1data?1sword?9right?4bmp@ 0000000180025758     p5engine.obj
 0003:00002780       ??_C@_0BN@LDDHILOB@P5Engine?1data?1sword?9back?4bmp@ 0000000180025780     p5engine.obj
 0003:000027a8       ??_C@_0BN@FPAHMBGA@P5Engine?1data?1sword?9left?4bmp@ 00000001800257a8     p5engine.obj
 0003:000027d0       ??_C@_0BO@BNDLMGBJ@P5Engine?1data?1sword?9front?4bmp@ 00000001800257d0     p5engine.obj
 0003:000027f4       __real@00000000            00000001800257f4     p5engine.obj
 0003:000027f8       __real@38d1b717            00000001800257f8     p5engine.obj
 0003:000027fc       __real@3a83126f            00000001800257fc     p5engine.obj
 0003:00002800       __real@3e4ccccd            0000000180025800     p5engine.obj
 0003:00002804       __real@3e800000            0000000180025804     p5engine.obj
 0003:00002808       __real@3f000000            0000000180025808     p5engine.obj
 0003:0000280c       __real@3f400000            000000018002580c     p5engine.obj
 0003:00002810       __real@3f800000            0000000180025810     p5engine.obj
 0003:00002814       __real@3fb33333            0000000180025814     p5engine.obj
 0003:00002818       __real@3fc00000            0000000180025818     p5engine.obj
 0003:0000281c       __real@40000000            000000018002581c     p5engine.obj
 0003:00002820       __real@400ccccd            0000000180025820     p5engine.obj
 0003:00002824       __real@40400000            0000000180025824     p5engine.obj
 0003:00002828       __real@40a00000            0000000180025828     p5engine.obj
 0003:0000282c       __real@40c00000            000000018002582c     p5engine.obj
 0003:00002830       __real@40c90fdb            0000000180025830     p5engine.obj
 0003:00002834       __real@40e00000            0000000180025834     p5engine.obj
 0003:00002838       __real@41200000            0000000180025838     p5engine.obj
 0003:0000283c       __real@41800000            000000018002583c     p5engine.obj
 0003:00002840       __real@41880000            0000000180025840     p5engine.obj
 0003:00002844       __real@41a00000            0000000180025844     p5engine.obj
 0003:00002848       __real@41c00000            0000000180025848     p5engine.obj
 0003:0000284c       __real@42000000            000000018002584c     p5engine.obj
 0003:00002850       __real@42600000            0000000180025850     p5engine.obj
 0003:00002854       __real@42800000            0000000180025854     p5engine.obj
 0003:00002858       __real@42820000            0000000180025858     p5engine.obj
 0003:0000285c       __real@42960000            000000018002585c     p5engine.obj
 0003:00002860       __real@437f0000            0000000180025860     p5engine.obj
 0003:00002864       __real@461c4000            0000000180025864     p5engine.obj
 0003:00002868       __real@47c35000            0000000180025868     p5engine.obj
 0003:0000286c       __real@becccccd            000000018002586c     p5engine.obj
 0003:00002870       __real@bf000000            0000000180025870     p5engine.obj
 0003:00002874       __real@bf800000            0000000180025874     p5engine.obj
 0003:00002878       __real@c1f00000            0000000180025878     p5engine.obj
 0003:00002880       __xmm@80000000800000008000000080000000 0000000180025880     p5engine.obj
 0003:00002898       _pDefaultRawDllMain        0000000180025898     MSVCRTD:dll_dllmain.obj
 0003:00002898       _pRawDllMain               0000000180025898     MSVCRTD:dll_dllmain.obj
 0003:00002990       ??_C@_0NN@JMPELKLB@The?5value?5of?5ESP?5was?5not?5proper@ 0000000180025990     MSVCRTD:error.obj
 0003:00002aa0       ??_C@_0BBN@ELNNILBE@A?5cast?5to?5a?5smaller?5data?5type?5h@ 0000000180025aa0     MSVCRTD:error.obj
 0003:00002bf8       ??_C@_0BN@BPOGFMJL@Stack?5memory?5was?5corrupted?$AN?6@ 0000000180025bf8     MSVCRTD:error.obj
 0003:00002c20       ??_C@_0DG@DAJCDLPN@A?5local?5variable?5was?5used?5befor@ 0000000180025c20     MSVCRTD:error.obj
 0003:00002c60       ??_C@_0CM@JMIDGKLA@Stack?5memory?5around?5_alloca?5was@ 0000000180025c60     MSVCRTD:error.obj
 0003:00002c98       ??_C@_0BO@CHIONIOI@Unknown?5Runtime?5Check?5Error?$AN?6@ 0000000180025c98     MSVCRTD:error.obj
 0003:00002cc0       ??_C@_1GM@CNOOJIHC@?$AAR?$AAu?$AAn?$AAt?$AAi?$AAm?$AAe?$AA?5?$AAC?$AAh?$AAe?$AAc?$AAk?$AA?5?$AAE@ 0000000180025cc0     MSVCRTD:error.obj
 0003:00002d50       ??_C@_1EA@NFKNIFJP@?$AAR?$AAu?$AAn?$AA?9?$AAT?$AAi?$AAm?$AAe?$AA?5?$AAC?$AAh?$AAe?$AAc?$AAk?$AA?5@ 0000000180025d50     MSVCRTD:error.obj
 0003:00002da0       ??_C@_0BB@PFFGGCJP@Unknown?5Filename@ 0000000180025da0     MSVCRTD:error.obj
 0003:00002db8       ??_C@_0BE@GNBOBNCK@Unknown?5Module?5Name@ 0000000180025db8     MSVCRTD:error.obj
 0003:00002dd0       ??_C@_0CA@IODNCDPG@Run?9Time?5Check?5Failure?5?$CD?$CFd?5?9?5?$CFs@ 0000000180025dd0     MSVCRTD:error.obj
 0003:00002df8       ??_C@_0CG@IAFNJNEE@Stack?5corrupted?5near?5unknown?5va@ 0000000180025df8     MSVCRTD:error.obj
 0003:00002e28       ??_C@_05MKKEDADM@?$CF?42X?5@ 0000000180025e28     MSVCRTD:error.obj
 0003:00002e30       ??_C@_0EJ@LJKNEOLN@Stack?5area?5around?5_alloca?5memor@ 0000000180025e30     MSVCRTD:error.obj
 0003:00002e88       ??_C@_01EEMJAFIK@?6@       0000000180025e88     MSVCRTD:error.obj
 0003:00002e8c       ??_C@_02LLMPMKNF@?$DO?5@   0000000180025e8c     MSVCRTD:error.obj
 0003:00002e90       ??_C@_08OMAHNMHJ@?6Data?3?5?$DM@ 0000000180025e90     MSVCRTD:error.obj
 0003:00002ea0       ??_C@_0CK@DKGBICFE@?6Allocation?5number?5within?5this?5@ 0000000180025ea0     MSVCRTD:error.obj
 0003:00002ed8       ??_C@_07DFDJCKFN@?6Size?3?5@ 0000000180025ed8     MSVCRTD:error.obj
 0003:00002ee8       ??_C@_0N@MHFFIMFG@?6Address?3?50x@ 0000000180025ee8     MSVCRTD:error.obj
 0003:00002f00       ??_C@_0EI@CLEPFNGI@Stack?5area?5around?5_alloca?5memor@ 0000000180025f00     MSVCRTD:error.obj
 0003:00002f58       ??_C@_0BK@ODNDAGKB@?$CFs?$CFs?$CFp?$CFs?$CFzd?$CFs?$CFd?$CFs?$CFs?$CFs?$CFs?$CFs@ 0000000180025f58     MSVCRTD:error.obj
 0003:00002f78       ??_C@_0DE@OHJBPMBP@A?5variable?5is?5being?5used?5withou@ 0000000180025f78     MSVCRTD:error.obj
 0003:00002fe8       ??_C@_0BJ@HEGAHDFO@Stack?5pointer?5corruption@ 0000000180025fe8     MSVCRTD:userapi.obj
 0003:00003008       ??_C@_0CK@FEGOIOPB@Cast?5to?5smaller?5type?5causing?5lo@ 0000000180026008     MSVCRTD:userapi.obj
 0003:00003040       ??_C@_0BI@CIGMDCBH@Stack?5memory?5corruption@ 0000000180026040     MSVCRTD:userapi.obj
 0003:00003060       ??_C@_0CK@CNLNOEPB@Local?5variable?5used?5before?5init@ 0000000180026060     MSVCRTD:userapi.obj
 0003:00003098       ??_C@_0BP@OGBCLIBO@Stack?5around?5_alloca?5corrupted@ 0000000180026098     MSVCRTD:userapi.obj
 0003:00003140       ??_C@_1EI@MLPKHBGE@?$AAa?$AAp?$AAi?$AA?9?$AAm?$AAs?$AA?9?$AAw?$AAi?$AAn?$AA?9?$AAc?$AAo?$AAr?$AAe@ 0000000180026140     MSVCRTD:pdblkup.obj
 0003:00003198       ??_C@_1BK@JHLNAEJL@?$AAa?$AAd?$AAv?$AAa?$AAp?$AAi?$AA3?$AA2?$AA?4?$AAd?$AAl?$AAl@ 0000000180026198     MSVCRTD:pdblkup.obj
 0003:000031b8       ??_C@_0O@COHOBMLB@RegOpenKeyExW@ 00000001800261b8     MSVCRTD:pdblkup.obj
 0003:000031c8       ??_C@_0BB@GLNAEDBD@RegQueryValueExW@ 00000001800261c8     MSVCRTD:pdblkup.obj
 0003:000031e0       ??_C@_0M@HLOHPNFA@RegCloseKey@ 00000001800261e0     MSVCRTD:pdblkup.obj
 0003:000031f0       ??_C@_1HE@EBEAGLFB@?$AAS?$AAO?$AAF?$AAT?$AAW?$AAA?$AAR?$AAE?$AA?2?$AAW?$AAo?$AAw?$AA6?$AA4?$AA3@ 00000001800261f0     MSVCRTD:pdblkup.obj
 0003:00003280       ??_C@_1BG@EABPBLLF@?$AAP?$AAr?$AAo?$AAd?$AAu?$AAc?$AAt?$AAD?$AAi?$AAr@ 0000000180026280     MSVCRTD:pdblkup.obj
 0003:000032c8       ??_C@_1BC@JINFINNJ@?$AAM?$AAS?$AAP?$AAD?$AAB?$AA1?$AA4?$AA0@ 00000001800262c8     MSVCRTD:pdblkup.obj
 0003:000032e0       ??_C@_0BB@KCIACLNC@PDBOpenValidate5@ 00000001800262e0     MSVCRTD:pdblkup.obj
 0003:000032f4       ??_C@_01KDCPPGHE@r@        00000001800262f4     MSVCRTD:pdblkup.obj
 0003:00003330       _load_config_used          0000000180026330     MSVCRTD:loadcfg.obj
 0003:00003680       __CastGuardVftablesStart   0000000180026680     MSVCRTD:guard_support.obj
 0003:00003790       __CastGuardVftablesEnd     0000000180026790     MSVCRTD:guard_support.obj
 0003:00003a18       __rtc_iaa                  0000000180026a18     MSVCRTD:initsect.obj
 0003:00003c38       __rtc_izz                  0000000180026c38     MSVCRTD:initsect.obj
 0003:00003d48       __rtc_taa                  0000000180026d48     MSVCRTD:initsect.obj
 0003:00003f68       __rtc_tzz                  0000000180026f68     MSVCRTD:initsect.obj
 0004:00004cd0       __security_cookie_complement 000000018002dcd0     MSVCRTD:gs_cookie.obj
 0004:00004cd8       __security_cookie          000000018002dcd8     MSVCRTD:gs_cookie.obj
 0004:00004ce4       _fltused                   000000018002dce4     MSVCRTD:fltused.obj
 0004:00004ce8       ?_RTC_ErrorLevels@@3PAHA   000000018002dce8     MSVCRTD:error.obj
 0004:00004d00       __scrt_native_dllmain_reason 000000018002dd00     MSVCRTD:utility.obj
 0004:00004d08       __isa_available            000000018002dd08     MSVCRTD:cpu_disp.obj
 0004:00004d0c       __isa_enabled              000000018002dd0c     MSVCRTD:cpu_disp.obj
 0004:00004d10       __memcpy_nt_iters          000000018002dd10     MSVCRTD:cpu_disp.obj
 0004:00004d18       __memset_nt_iters          000000018002dd18     MSVCRTD:cpu_disp.obj
 0004:00004d30       __scrt_ucrt_dll_is_in_use  000000018002dd30     MSVCRTD:ucrt_stubs.obj
 0004:00004e48       ?_OptionsStorage@?1??__local_stdio_printf_options@@9@4_KA 000000018002de48     MSVCRTD:error.obj
 0004:00005500       ?__type_info_root_node@@3U__type_info_node@@A 000000018002e500     MSVCRTD:tncleanup.obj
 0004:00005518       ?_OptionsStorage@?1??__local_stdio_scanf_options@@9@4_KA 000000018002e518     MSVCRTD:default_local_stdio_options.obj
 0004:00005528       __scrt_current_native_startup_state 000000018002e528     MSVCRTD:utility.obj
 0004:00005530       __scrt_native_startup_lock 000000018002e530     MSVCRTD:utility.obj
 0004:00005580       __scrt_debugger_hook_flag  000000018002e580     MSVCRTD:utility_desktop.obj
 0004:00005588       __castguard_check_failure_os_handled_fptr 000000018002e588     MSVCRTD:guard_support.obj
 0004:000055a4       __favor                    000000018002e5a4     MSVCRTD:cpu_disp.obj
 0004:000055a8       __dyn_tls_init_callback    000000018002e5a8     <common>
 0004:000055bc       __DebuggerCurrentSteppingThreadId 000000018002e5bc     <common>
 0006:00000000       __imp_DisableThreadLibraryCalls 0000000180032000     kernel32:KERNEL32.dll
 0006:00000008       __imp_IsDebuggerPresent    0000000180032008     kernel32:KERNEL32.dll
 0006:00000010       __imp_RaiseException       0000000180032010     kernel32:KERNEL32.dll
 0006:00000018       __imp_MultiByteToWideChar  0000000180032018     kernel32:KERNEL32.dll
 0006:00000020       __imp_WideCharToMultiByte  0000000180032020     kernel32:KERNEL32.dll
 0006:00000028       __imp_RtlCaptureContext    0000000180032028     kernel32:KERNEL32.dll
 0006:00000030       __imp_RtlLookupFunctionEntry 0000000180032030     kernel32:KERNEL32.dll
 0006:00000038       __imp_RtlVirtualUnwind     0000000180032038     kernel32:KERNEL32.dll
 0006:00000040       __imp_GetProcAddress       0000000180032040     kernel32:KERNEL32.dll
 0006:00000048       __imp_FreeLibrary          0000000180032048     kernel32:KERNEL32.dll
 0006:00000050       __imp_VirtualQuery         0000000180032050     kernel32:KERNEL32.dll
 0006:00000058       __imp_GetProcessHeap       0000000180032058     kernel32:KERNEL32.dll
 0006:00000060       __imp_HeapFree             0000000180032060     kernel32:KERNEL32.dll
 0006:00000068       __imp_HeapAlloc            0000000180032068     kernel32:KERNEL32.dll
 0006:00000070       __imp_GetLastError         0000000180032070     kernel32:KERNEL32.dll
 0006:00000078       __imp_GetModuleHandleW     0000000180032078     kernel32:KERNEL32.dll
 0006:00000080       __imp_GetStartupInfoW      0000000180032080     kernel32:KERNEL32.dll
 0006:00000088       __imp_InitializeSListHead  0000000180032088     kernel32:KERNEL32.dll
 0006:00000090       __imp_GetCurrentThreadId   0000000180032090     kernel32:KERNEL32.dll
 0006:00000098       __imp_GetSystemTimeAsFileTime 0000000180032098     kernel32:KERNEL32.dll
 0006:000000a0       __imp_GetCurrentProcessId  00000001800320a0     kernel32:KERNEL32.dll
 0006:000000a8       __imp_QueryPerformanceCounter 00000001800320a8     kernel32:KERNEL32.dll
 0006:000000b0       __imp_IsProcessorFeaturePresent 00000001800320b0     kernel32:KERNEL32.dll
 0006:000000b8       __imp_TerminateProcess     00000001800320b8     kernel32:KERNEL32.dll
 0006:000000c0       __imp_GetCurrentProcess    00000001800320c0     kernel32:KERNEL32.dll
 0006:000000c8       __imp_SetUnhandledExceptionFilter 00000001800320c8     kernel32:KERNEL32.dll
 0006:000000d0       __imp_UnhandledExceptionFilter 00000001800320d0     kernel32:KERNEL32.dll
 0006:000000d8       \177KERNEL32_NULL_THUNK_DATA 00000001800320d8     kernel32:KERNEL32.dll
 0006:00000158       __imp___vcrt_GetModuleHandleW 0000000180032158     vcruntimed:VCRUNTIME140D.dll
 0006:00000160       __imp___vcrt_GetModuleFileNameW 0000000180032160     vcruntimed:VCRUNTIME140D.dll
 0006:00000168       __imp___current_exception_context 0000000180032168     vcruntimed:VCRUNTIME140D.dll
 0006:00000170       __imp___C_specific_handler 0000000180032170     vcruntimed:VCRUNTIME140D.dll
 0006:00000178       __imp___current_exception  0000000180032178     vcruntimed:VCRUNTIME140D.dll
 0006:00000180       __imp___std_type_info_destroy_list 0000000180032180     vcruntimed:VCRUNTIME140D.dll
 0006:00000188       __imp___C_specific_handler_noexcept 0000000180032188     vcruntimed:VCRUNTIME140D.dll
 0006:00000190       __imp___vcrt_LoadLibraryExW 0000000180032190     vcruntimed:VCRUNTIME140D.dll
 0006:00000198       \177VCRUNTIME140D_NULL_THUNK_DATA 0000000180032198     vcruntimed:VCRUNTIME140D.dll
 0006:000001f8       __imp_wcscpy_s             00000001800321f8     ucrtd:ucrtbased.dll
 0006:00000200       __imp__wsplitpath_s        0000000180032200     ucrtd:ucrtbased.dll
 0006:00000208       __imp_terminate            0000000180032208     ucrtd:ucrtbased.dll
 0006:00000210       __imp__cexit               0000000180032210     ucrtd:ucrtbased.dll
 0006:00000218       __imp__crt_at_quick_exit   0000000180032218     ucrtd:ucrtbased.dll
 0006:00000220       __imp__crt_atexit          0000000180032220     ucrtd:ucrtbased.dll
 0006:00000228       __imp__execute_onexit_table 0000000180032228     ucrtd:ucrtbased.dll
 0006:00000230       __imp__register_onexit_function 0000000180032230     ucrtd:ucrtbased.dll
 0006:00000238       __imp__initialize_onexit_table 0000000180032238     ucrtd:ucrtbased.dll
 0006:00000240       __imp__initialize_narrow_environment 0000000180032240     ucrtd:ucrtbased.dll
 0006:00000248       __imp__configure_narrow_argv 0000000180032248     ucrtd:ucrtbased.dll
 0006:00000250       __imp__seh_filter_dll      0000000180032250     ucrtd:ucrtbased.dll
 0006:00000258       __imp__wmakepath_s         0000000180032258     ucrtd:ucrtbased.dll
 0006:00000260       __imp_strcat_s             0000000180032260     ucrtd:ucrtbased.dll
 0006:00000268       __imp_strcpy_s             0000000180032268     ucrtd:ucrtbased.dll
 0006:00000270       __imp__initterm_e          0000000180032270     ucrtd:ucrtbased.dll
 0006:00000278       __imp__initterm            0000000180032278     ucrtd:ucrtbased.dll
 0006:00000280       __imp__CrtDbgReportW       0000000180032280     ucrtd:ucrtbased.dll
 0006:00000288       __imp__CrtDbgReport        0000000180032288     ucrtd:ucrtbased.dll
 0006:00000290       __imp__rotl                0000000180032290     ucrtd:ucrtbased.dll
 0006:00000298       __imp_sqrtf                0000000180032298     ucrtd:ucrtbased.dll
 0006:000002a0       __imp_sinf                 00000001800322a0     ucrtd:ucrtbased.dll
 0006:000002a8       __imp_roundf               00000001800322a8     ucrtd:ucrtbased.dll
 0006:000002b0       __imp_fabs                 00000001800322b0     ucrtd:ucrtbased.dll
 0006:000002b8       __imp___stdio_common_vsprintf_s 00000001800322b8     ucrtd:ucrtbased.dll
 0006:000002c0       \177ucrtbased_NULL_THUNK_DATA 00000001800322c0     ucrtd:ucrtbased.dll
 0006:00000340       __IMPORT_DESCRIPTOR_VCRUNTIME140D 0000000180032340     vcruntimed:VCRUNTIME140D.dll
 0006:00000354       __IMPORT_DESCRIPTOR_ucrtbased 0000000180032354     ucrtd:ucrtbased.dll
 0006:00000368       __IMPORT_DESCRIPTOR_KERNEL32 0000000180032368     kernel32:KERNEL32.dll
 0006:0000037c       __NULL_IMPORT_DESCRIPTOR   000000018003237c     vcruntimed:VCRUNTIME140D.dll
 0008:00000000       __guard_check_icall_fptr   0000000180034000     MSVCRTD:guard_support.obj
 0008:00000010       __guard_xfg_check_icall_fptr 0000000180034010     MSVCRTD:guard_support.obj
 0008:00000020       __guard_dispatch_icall_fptr 0000000180034020     MSVCRTD:guard_support.obj
 0008:00000030       __guard_xfg_dispatch_icall_fptr 0000000180034030     MSVCRTD:guard_support.obj
 0008:00000040       __guard_xfg_table_dispatch_icall_fptr 0000000180034040     MSVCRTD:guard_support.obj

 entry point at        0002:0000000f

 Static symbols

 0000:fffc9000       .debug$S                   0000000180000000     P5Engine.exp
 0000:fffcc000       _volmd                     0000000180000000     p5engine.obj
 0000:fffcc000       _volmd                     0000000180000000     p5engine.obj
 0000:fffcc000       _volmd                     0000000180000000     p5engine.obj
 0000:fffcc000       _volmd                     0000000180000000     p5engine.obj
 0000:fffcc000       _volmd                     0000000180000000     p5engine.obj
 0000:fffcc000       _volmd                     0000000180000000     p5engine.obj
 0000:fffcc000       _volmd                     0000000180000000     p5engine.obj
 0000:fffcc000       _volmd                     0000000180000000     p5engine.obj
 0000:fffcc000       _volmd                     0000000180000000     p5engine.obj
 0000:fffcc000       _volmd                     0000000180000000     p5engine.obj
 0000:fffcc000       _volmd                     0000000180000000     p5engine.obj
 0000:fffcc000       _volmd                     0000000180000000     p5engine.obj
 0000:fffcc000       _volmd                     0000000180000000     p5engine.obj
 0000:fffcc000       _volmd                     0000000180000000     p5engine.obj
 0000:fffcc000       _volmd                     0000000180000000     p5engine.obj
 0000:fffcc000       _volmd                     0000000180000000     p5engine.obj
 0000:fffcc000       _volmd                     0000000180000000     p5engine.obj
 0000:fffcc000       _volmd                     0000000180000000     p5engine.obj
 0000:fffcc000       _volmd                     0000000180000000     p5engine.obj
 0000:fffcc000       _volmd                     0000000180000000     p5engine.obj
 0000:fffcc000       _volmd                     0000000180000000     p5engine.obj
 0000:fffcc000       _volmd                     0000000180000000     MSVCRTD:cpu_disp.obj
 0000:fffcd000       __guard_ehcont_?dllmain_dispatch@@YAHQEAUHINSTANCE__@@KQEAX@Z 0000000180000000     MSVCRTD:dll_dllmain.obj
 0000:fffcd000       __guard_fids_?dllmain_dispatch@@YAHQEAUHINSTANCE__@@KQEAX@Z 0000000180000000     MSVCRTD:dll_dllmain.obj
 0000:fffcd000       __guard_ehcont_?notify_debugger@@YAXAEBUtagEXCEPTION_VISUALCPP_DEBUG_INFO@@@Z 0000000180000000     MSVCRTD:error.obj
 0000:fffcc000       _volmd                     0000000180000000     MSVCRTD:gs_report.obj
 0000:fffcc000       _volmd                     0000000180000000     MSVCRTD:gs_report.obj
 0000:fffcc000       _volmd                     0000000180000000     MSVCRTD:gs_report.obj
 0000:fffcd000       __guard_fids__             0000000180000000     MSVCRTD:guard_support.obj
 0000:fffcd000       __guard_fids__             0000000180000000     MSVCRTD:guard_support.obj
 0000:fffcd000       __guard_fids__guard_icall_checks_enforced 0000000180000000     MSVCRTD:guard_support.obj
 0000:fffcc000       _volmd                     0000000180000000     MSVCRTD:guard_support.obj
 0000:fffcc000       _volmd                     0000000180000000     MSVCRTD:guard_support.obj
 0000:fffcc000       _volmd                     0000000180000000     MSVCRTD:guard_support.obj
 0000:fffcd000       __guard_fids__CRT_RTC_INIT 0000000180000000     MSVCRTD:init.obj
 0000:fffcd000       __guard_fids__CRT_RTC_INITW 0000000180000000     MSVCRTD:init.obj
 0000:fffcd000       __guard_ehcont___scrt_is_nonwritable_in_current_image 0000000180000000     MSVCRTD:utility.obj
 0000:fffcc000       _volmd                     0000000180000000     MSVCRTD:utility.obj
 0000:fffcc000       _volmd                     0000000180000000     MSVCRTD:utility.obj
 0000:fffcc000       _volmd                     0000000180000000     MSVCRTD:utility.obj
 0000:fffcd000       __guard_fids___scrt_set_unhandled_exception_filter 0000000180000000     MSVCRTD:utility_desktop.obj
 0000:fffcc000       _volmd                     0000000180000000     MSVCRTD:utility_desktop.obj
 0000:fffc9000       .debug$S                   0000000180000000     vcruntimed:VCRUNTIME140D.dll
 0000:fffc9000       .debug$S                   0000000180000000     vcruntimed:VCRUNTIME140D.dll
 0000:fffc9000       .debug$S                   0000000180000000     vcruntimed:VCRUNTIME140D.dll
 0000:fffc9000       .debug$S                   0000000180000000     vcruntimed:VCRUNTIME140D.dll
 0000:fffc9000       .debug$S                   0000000180000000     vcruntimed:VCRUNTIME140D.dll
 0000:fffc9000       .debug$S                   0000000180000000     vcruntimed:VCRUNTIME140D.dll
 0000:fffc9000       .debug$S                   0000000180000000     vcruntimed:VCRUNTIME140D.dll
 0000:fffc9000       .debug$S                   0000000180000000     vcruntimed:VCRUNTIME140D.dll
 0000:fffc9000       .debug$S                   0000000180000000     ucrtd:ucrtbased.dll
 0000:fffc9000       .debug$S                   0000000180000000     ucrtd:ucrtbased.dll
 0000:fffc9000       .debug$S                   0000000180000000     ucrtd:ucrtbased.dll
 0000:fffc9000       .debug$S                   0000000180000000     ucrtd:ucrtbased.dll
 0000:fffc9000       .debug$S                   0000000180000000     ucrtd:ucrtbased.dll
 0000:fffc9000       .debug$S                   0000000180000000     ucrtd:ucrtbased.dll
 0000:fffc9000       .debug$S                   0000000180000000     ucrtd:ucrtbased.dll
 0000:fffc9000       .debug$S                   0000000180000000     ucrtd:ucrtbased.dll
 0000:fffc9000       .debug$S                   0000000180000000     ucrtd:ucrtbased.dll
 0000:fffc9000       .debug$S                   0000000180000000     ucrtd:ucrtbased.dll
 0000:fffc9000       .debug$S                   0000000180000000     ucrtd:ucrtbased.dll
 0000:fffc9000       .debug$S                   0000000180000000     ucrtd:ucrtbased.dll
 0000:fffc9000       .debug$S                   0000000180000000     ucrtd:ucrtbased.dll
 0000:fffc9000       .debug$S                   0000000180000000     ucrtd:ucrtbased.dll
 0000:fffc9000       .debug$S                   0000000180000000     ucrtd:ucrtbased.dll
 0000:fffc9000       .debug$S                   0000000180000000     ucrtd:ucrtbased.dll
 0000:fffc9000       .debug$S                   0000000180000000     ucrtd:ucrtbased.dll
 0000:fffc9000       .debug$S                   0000000180000000     ucrtd:ucrtbased.dll
 0000:fffc9000       .debug$S                   0000000180000000     ucrtd:ucrtbased.dll
 0000:fffc9000       .debug$S                   0000000180000000     ucrtd:ucrtbased.dll
 0000:fffc9000       .debug$S                   0000000180000000     ucrtd:ucrtbased.dll
 0000:fffc9000       .debug$S                   0000000180000000     ucrtd:ucrtbased.dll
 0000:fffc9000       .debug$S                   0000000180000000     ucrtd:ucrtbased.dll
 0000:fffc9000       .debug$S                   0000000180000000     ucrtd:ucrtbased.dll
 0000:fffc9000       .debug$S                   0000000180000000     ucrtd:ucrtbased.dll
 0000:fffc9000       .debug$S                   0000000180000000     kernel32:KERNEL32.dll
 0000:fffc9000       .debug$S                   0000000180000000     kernel32:KERNEL32.dll
 0000:fffc9000       .debug$S                   0000000180000000     kernel32:KERNEL32.dll
 0000:fffc9000       .debug$S                   0000000180000000     kernel32:KERNEL32.dll
 0000:fffc9000       .debug$S                   0000000180000000     kernel32:KERNEL32.dll
 0000:fffc9000       .debug$S                   0000000180000000     kernel32:KERNEL32.dll
 0000:fffc9000       .debug$S                   0000000180000000     kernel32:KERNEL32.dll
 0000:fffc9000       .debug$S                   0000000180000000     kernel32:KERNEL32.dll
 0000:fffc9000       .debug$S                   0000000180000000     kernel32:KERNEL32.dll
 0000:fffc9000       .debug$S                   0000000180000000     kernel32:KERNEL32.dll
 0000:fffc9000       .debug$S                   0000000180000000     kernel32:KERNEL32.dll
 0000:fffc9000       .debug$S                   0000000180000000     kernel32:KERNEL32.dll
 0000:fffc9000       .debug$S                   0000000180000000     kernel32:KERNEL32.dll
 0000:fffc9000       .debug$S                   0000000180000000     kernel32:KERNEL32.dll
 0000:fffc9000       .debug$S                   0000000180000000     kernel32:KERNEL32.dll
 0000:fffc9000       .debug$S                   0000000180000000     kernel32:KERNEL32.dll
 0000:fffc9000       .debug$S                   0000000180000000     kernel32:KERNEL32.dll
 0000:fffc9000       .debug$S                   0000000180000000     kernel32:KERNEL32.dll
 0000:fffc9000       .debug$S                   0000000180000000     kernel32:KERNEL32.dll
 0000:fffc9000       .debug$S                   0000000180000000     kernel32:KERNEL32.dll
 0000:fffc9000       .debug$S                   0000000180000000     kernel32:KERNEL32.dll
 0000:fffc9000       .debug$S                   0000000180000000     kernel32:KERNEL32.dll
 0000:fffc9000       .debug$S                   0000000180000000     kernel32:KERNEL32.dll
 0000:fffc9000       .debug$S                   0000000180000000     kernel32:KERNEL32.dll
 0000:fffc9000       .debug$S                   0000000180000000     kernel32:KERNEL32.dll
 0000:fffc9000       .debug$S                   0000000180000000     kernel32:KERNEL32.dll
 0000:fffc9000       .debug$S                   0000000180000000     kernel32:KERNEL32.dll
 0002:00001040       ?AddCollisionRule@@YAXPEAUgame_state@@IIH@Z 0000000180012040 f   p5engine.obj
 0002:00001240       ?AddEntity@@YAPEAUsim_entity@@PEAUgame_state@@PEAUsim_region@@IPEAUlow_entity@@PEATv2@@@Z 0000000180012240 f   p5engine.obj
 0002:00001370       ?AddEntityRaw@@YAPEAUsim_entity@@PEAUgame_state@@PEAUsim_region@@IPEAUlow_entity@@@Z 0000000180012370 f   p5engine.obj
 0002:00001580       ?AddFamiliar@@YA?AUadd_low_entity_result@@PEAUgame_state@@III@Z 0000000180012580 f   p5engine.obj
 0002:00001760       ?AddLowEntity@@YA?AUadd_low_entity_result@@PEAUgame_state@@W4entity_type@@Uworld_position@@@Z 0000000180012760 f   p5engine.obj
 0002:000019d0       ?AddMonstar@@YA?AUadd_low_entity_result@@PEAUgame_state@@III@Z 00000001800129d0 f   p5engine.obj
 0002:00001b80       ?AddPlayer@@YA?AUadd_low_entity_result@@PEAUgame_state@@@Z 0000000180012b80 f   p5engine.obj
 0002:00001eb0       ?AddSword@@YA?AUadd_low_entity_result@@PEAUgame_state@@@Z 0000000180012eb0 f   p5engine.obj
 0002:00001ff0       ?AddWall@@YA?AUadd_low_entity_result@@PEAUworld@@PEAUgame_state@@III@Z 0000000180012ff0 f   p5engine.obj
 0002:000022b0       ?BeginSim@@YAPEAUsim_region@@PEAUmemory_arena@@PEAUgame_state@@PEAUworld@@Uworld_position@@Urectangle2@@@Z 00000001800132b0 f   p5engine.obj
 0002:00002820       ?ChangeEntityLocation@@YAXPEAUmemory_arena@@PEAUworld@@IPEAUlow_entity@@Uworld_position@@@Z 0000000180013820 f   p5engine.obj
 0002:000030c0       ?ClearCollisionRulesFor@@YAXPEAUgame_state@@I@Z 00000001800140c0 f   p5engine.obj
 0002:00003250       ?DEBUGLoadBMP@@YA?AUloaded_bitmap@@PEAUthread_context@@P6A?AUdebug_read_file_result@@0PEAD@Z1@Z 0000000180014250 f   p5engine.obj
 0002:000037f0       ?DrawBitmap@@YAXPEAUgame_offscreen_buffer@@PEAUloaded_bitmap@@MMM@Z 00000001800147f0 f   p5engine.obj
 0002:00003d70       ?DrawHitpoints@@YAXPEAUsim_entity@@PEAUentity_visible_piece_group@@@Z 0000000180014d70 f   p5engine.obj
 0002:00004070       ?DrawRectangle@@YAXPEAUgame_offscreen_buffer@@Tv2@@1MMM@Z 0000000180015070 f   p5engine.obj
 0002:00004310       ?EndSim@@YAXPEAUsim_region@@PEAUgame_state@@@Z 0000000180015310 f   p5engine.obj
 0002:00004740       ?GameOutputSound@@YAXPEAUgame_state@@PEAUgame_sound_output_buffer@@H@Z 0000000180015740 f   p5engine.obj
 0002:00004830       ?GetHashFromStorageIndex@@YAPEAUsim_entity_hash@@PEAUsim_region@@I@Z 0000000180015830 f   p5engine.obj
 0002:00004eb0       ?HandleCollision@@YAHPEAUsim_entity@@0@Z 0000000180015eb0 f   p5engine.obj
 0002:00005000       ?InitHitPoints@@YAXPEAUlow_entity@@I@Z 0000000180016000 f   p5engine.obj
 0002:00005140       ?InitializeWorld@@YAXPEAUworld@@M@Z 0000000180016140 f   p5engine.obj
 0002:00005a00       ?MoveEntity@@YAXPEAUgame_state@@PEAUsim_region@@PEAUsim_entity@@MPEAUmove_spec@@Tv2@@@Z 0000000180016a00 f   p5engine.obj
 0002:00007170       ?ShouldCollide@@YAHPEAUgame_state@@PEAUsim_entity@@1@Z 0000000180018170 f   p5engine.obj
 0002:000074d0       ?Subtract@@YA?ATv3@@PEAUworld@@PEAUworld_position@@1@Z 00000001800184d0 f   p5engine.obj
 0002:00007720       ?TestWall@@YAHMMMMMPEAMMM@Z 0000000180018720 f   p5engine.obj
 0002:0000aa00       $$000000                   000000018001ba00     MSVCRTD:chkstk.obj
 0002:0000aa80       $$000000                   000000018001ba80     MSVCRTD:amdsecgs.obj
 0002:0000aac0       ?dllmain_crt_dispatch@@YAHQEAUHINSTANCE__@@KQEAX@Z 000000018001bac0 f   MSVCRTD:dll_dllmain.obj
 0002:0000ab70       ?dllmain_crt_process_attach@@YAHQEAUHINSTANCE__@@QEAX@Z 000000018001bb70 f   MSVCRTD:dll_dllmain.obj
 0002:0000ad00       ?dllmain_crt_process_detach@@YAH_N@Z 000000018001bd00 f   MSVCRTD:dll_dllmain.obj
 0002:0000adc0       ?dllmain_dispatch@@YAHQEAUHINSTANCE__@@KQEAX@Z 000000018001bdc0 f   MSVCRTD:dll_dllmain.obj
 0002:0000af50       ?dllmain_raw@@YAHQEAUHINSTANCE__@@KQEAX@Z 000000018001bf50 f   MSVCRTD:dll_dllmain.obj
 0002:0000b050       ?DebuggerProbe@@YA_NK@Z    000000018001c050 f   MSVCRTD:error.obj
 0002:0000b0a0       ?DebuggerRuntime@@YA_NKHPEAXPEB_W@Z 000000018001c0a0 f   MSVCRTD:error.obj
 0002:0000b430       ?_getMemBlockDataString@@YAXPEAD0PEBD_K@Z 000000018001c430 f   MSVCRTD:error.obj
 0002:0000b510       ?_strlen_priv@@YA_KPEBD@Z  000000018001c510 f   MSVCRTD:error.obj
 0002:0000b530       ?failwithmessage@@YAXPEAXHHPEBD@Z 000000018001c530 f   MSVCRTD:error.obj
 0002:0000b830       ?notify_debugger@@YAXAEBUtagEXCEPTION_VISUALCPP_DEBUG_INFO@@@Z 000000018001c830 f   MSVCRTD:error.obj
 0002:0000be90       capture_current_context    000000018001ce90 f   MSVCRTD:gs_report.obj
 0002:0000bf50       capture_previous_context   000000018001cf50 f   MSVCRTD:gs_report.obj
 0002:0000c030       __get_entropy              000000018001d030 f   MSVCRTD:gs_support.obj
 0002:0000c2e0       ?find_pe_section@@YAPEAU_IMAGE_SECTION_HEADER@@QEAE_K@Z 000000018001d2e0 f   MSVCRTD:utility.obj
 0002:0000c400       ?is_potentially_valid_image_base@@YA_NQEAX@Z 000000018001d400 f   MSVCRTD:utility.obj
 0002:0000d1a0       __castguard_compat_check   000000018001e1a0 f   MSVCRTD:guard_support.obj
 0002:0000d380       __castguard_slow_path_compat_check 000000018001e380 f   MSVCRTD:guard_support.obj
 0002:0000d470       ?GetPdbDll@@YAPEAUHINSTANCE__@@XZ 000000018001e470 f   MSVCRTD:pdblkup.obj
 0002:0000d610       ?GetPdbDllFromInstallPath@@YAPEAUHINSTANCE__@@XZ 000000018001e610 f   MSVCRTD:pdblkup.obj
 0002:0000d970       ?GetPdbDllPathFromFilePath@@YAHPEB_WPEA_W_K@Z 000000018001e970 f   MSVCRTD:pdblkup.obj
 0002:0000fa90       $$000000                   0000000180020a90     MSVCRTD:guard_dispatch.obj
 0002:0000fab0       $$000000                   0000000180020ab0     MSVCRTD:guard_xfg_dispatch.obj
 0002:00010ad0       ?fin$0@?0??dllmain_crt_process_attach@@YAHQEAUHINSTANCE__@@QEAX@Z@4HA 0000000180021ad0 f   MSVCRTD:dll_dllmain.obj
 0002:00010af0       ?fin$0@?0??dllmain_crt_process_detach@@YAH_N@Z@4HA 0000000180021af0 f   MSVCRTD:dll_dllmain.obj
 0002:00010b0a       ?fin$1@?0??dllmain_crt_process_detach@@YAH_N@Z@4HA 0000000180021b0a f   MSVCRTD:dll_dllmain.obj
 0002:00010b30       ?filt$0@?0??dllmain_dispatch@@YAHQEAUHINSTANCE__@@KQEAX@Z@4HA 0000000180021b30 f   MSVCRTD:dll_dllmain.obj
 0002:00010b90       ?filt$0@?0??notify_debugger@@YAXAEBUtagEXCEPTION_VISUALCPP_DEBUG_INFO@@@Z@4HA 0000000180021b90 f   MSVCRTD:error.obj
 0002:00010bc0       __scrt_is_nonwritable_in_current_image$filt$0 0000000180021bc0 f   MSVCRTD:utility.obj
 0003:00000880       ?FindLeastSignificantSetBit@@YA?AUbit_scan_result@@I@Z$rtcName$0 0000000180023880     p5engine.obj
 0003:00000890       ?FindLeastSignificantSetBit@@YA?AUbit_scan_result@@I@Z$rtcVarDesc 0000000180023890     p5engine.obj
 0003:000008d0       ?FindLeastSignificantSetBit@@YA?AUbit_scan_result@@I@Z$rtcFrameData 00000001800238d0     p5engine.obj
 0003:00000900       ?V2@@YA?ATv2@@MM@Z$rtcName$0 0000000180023900     p5engine.obj
 0003:00000910       ?V2@@YA?ATv2@@MM@Z$rtcVarDesc 0000000180023910     p5engine.obj
 0003:00000950       ?V2@@YA?ATv2@@MM@Z$rtcFrameData 0000000180023950     p5engine.obj
 0003:00000980       ?V3@@YA?ATv3@@MMM@Z$rtcName$0 0000000180023980     p5engine.obj
 0003:00000990       ?V3@@YA?ATv3@@MMM@Z$rtcVarDesc 0000000180023990     p5engine.obj
 0003:000009d0       ?V3@@YA?ATv3@@MMM@Z$rtcFrameData 00000001800239d0     p5engine.obj
 0003:00000a00       ?V4@@YA?ATv4@@MMMM@Z$rtcName$0 0000000180023a00     p5engine.obj
 0003:00000a10       ?V4@@YA?ATv4@@MMMM@Z$rtcVarDesc 0000000180023a10     p5engine.obj
 0003:00000a50       ?V4@@YA?ATv4@@MMMM@Z$rtcFrameData 0000000180023a50     p5engine.obj
 0003:00000a80       ??D@YA?ATv2@@MT0@@Z$rtcName$0 0000000180023a80     p5engine.obj
 0003:00000a90       ??D@YA?ATv2@@MT0@@Z$rtcVarDesc 0000000180023a90     p5engine.obj
 0003:00000ad0       ??D@YA?ATv2@@MT0@@Z$rtcFrameData 0000000180023ad0     p5engine.obj
 0003:00000b00       ??D@YA?ATv3@@MT0@@Z$rtcName$0 0000000180023b00     p5engine.obj
 0003:00000b10       ??D@YA?ATv3@@MT0@@Z$rtcVarDesc 0000000180023b10     p5engine.obj
 0003:00000b50       ??D@YA?ATv3@@MT0@@Z$rtcFrameData 0000000180023b50     p5engine.obj
 0003:00000b80       ??D@YA?ATv2@@T0@M@Z$rtcName$0 0000000180023b80     p5engine.obj
 0003:00000b90       ??D@YA?ATv2@@T0@M@Z$rtcVarDesc 0000000180023b90     p5engine.obj
 0003:00000bd0       ??D@YA?ATv2@@T0@M@Z$rtcFrameData 0000000180023bd0     p5engine.obj
 0003:00000c00       ??H@YA?ATv2@@T0@0@Z$rtcName$0 0000000180023c00     p5engine.obj
 0003:00000c10       ??H@YA?ATv2@@T0@0@Z$rtcVarDesc 0000000180023c10     p5engine.obj
 0003:00000c50       ??H@YA?ATv2@@T0@0@Z$rtcFrameData 0000000180023c50     p5engine.obj
 0003:00000c80       ??G@YA?ATv2@@T0@0@Z$rtcName$0 0000000180023c80     p5engine.obj
 0003:00000c90       ??G@YA?ATv2@@T0@0@Z$rtcVarDesc 0000000180023c90     p5engine.obj
 0003:00000cd0       ??G@YA?ATv2@@T0@0@Z$rtcFrameData 0000000180023cd0     p5engine.obj
 0003:00000d00       ?GetMinCorner@@YA?ATv2@@Urectangle2@@@Z$rtcName$0 0000000180023d00     p5engine.obj
 0003:00000d10       ?GetMinCorner@@YA?ATv2@@Urectangle2@@@Z$rtcVarDesc 0000000180023d10     p5engine.obj
 0003:00000d50       ?GetMinCorner@@YA?ATv2@@Urectangle2@@@Z$rtcFrameData 0000000180023d50     p5engine.obj
 0003:00000d80       ?GetMaxCorner@@YA?ATv2@@Urectangle2@@@Z$rtcName$0 0000000180023d80     p5engine.obj
 0003:00000d90       ?GetMaxCorner@@YA?ATv2@@Urectangle2@@@Z$rtcVarDesc 0000000180023d90     p5engine.obj
 0003:00000dd0       ?GetMaxCorner@@YA?ATv2@@Urectangle2@@@Z$rtcFrameData 0000000180023dd0     p5engine.obj
 0003:00000e00       ?RectCenterHalfDim@@YA?AUrectangle2@@Tv2@@0@Z$rtcName$0 0000000180023e00     p5engine.obj
 0003:00000e10       ?RectCenterHalfDim@@YA?AUrectangle2@@Tv2@@0@Z$rtcVarDesc 0000000180023e10     p5engine.obj
 0003:00000e50       ?RectCenterHalfDim@@YA?AUrectangle2@@Tv2@@0@Z$rtcFrameData 0000000180023e50     p5engine.obj
 0003:00000e80       ?AddRadiusTo@@YA?AUrectangle2@@U1@MM@Z$rtcName$0 0000000180023e80     p5engine.obj
 0003:00000e90       ?AddRadiusTo@@YA?AUrectangle2@@U1@MM@Z$rtcVarDesc 0000000180023e90     p5engine.obj
 0003:00000ed0       ?AddRadiusTo@@YA?AUrectangle2@@U1@MM@Z$rtcFrameData 0000000180023ed0     p5engine.obj
 0003:00000f00       ?RectCenterDim@@YA?AUrectangle2@@Tv2@@0@Z$rtcName$0 0000000180023f00     p5engine.obj
 0003:00000f10       ?RectCenterDim@@YA?AUrectangle2@@Tv2@@0@Z$rtcVarDesc 0000000180023f10     p5engine.obj
 0003:00000f50       ?RectCenterDim@@YA?AUrectangle2@@Tv2@@0@Z$rtcFrameData 0000000180023f50     p5engine.obj
 0003:00000f80       ?NullPosition@@YA?AUworld_position@@XZ$rtcName$0 0000000180023f80     p5engine.obj
 0003:00000f90       ?NullPosition@@YA?AUworld_position@@XZ$rtcVarDesc 0000000180023f90     p5engine.obj
 0003:00000fd0       ?NullPosition@@YA?AUworld_position@@XZ$rtcFrameData 0000000180023fd0     p5engine.obj
 0003:00001000       ?MapIntoChunkSpace@@YA?AUworld_position@@PEAUworld@@U1@Tv2@@@Z$rtcName$0 0000000180024000     p5engine.obj
 0003:00001010       ?MapIntoChunkSpace@@YA?AUworld_position@@PEAUworld@@U1@Tv2@@@Z$rtcVarDesc 0000000180024010     p5engine.obj
 0003:00001050       ?MapIntoChunkSpace@@YA?AUworld_position@@PEAUworld@@U1@Tv2@@@Z$rtcFrameData 0000000180024050     p5engine.obj
 0003:00001080       ?ChunkPositionFromTilePosition@@YA?AUworld_position@@PEAUworld@@HHH@Z$rtcName$0 0000000180024080     p5engine.obj
 0003:00001090       ?ChunkPositionFromTilePosition@@YA?AUworld_position@@PEAUworld@@HHH@Z$rtcVarDesc 0000000180024090     p5engine.obj
 0003:000010d0       ?ChunkPositionFromTilePosition@@YA?AUworld_position@@PEAUworld@@HHH@Z$rtcFrameData 00000001800240d0     p5engine.obj
 0003:00001100       ?Subtract@@YA?ATv3@@PEAUworld@@PEAUworld_position@@1@Z$rtcName$0 0000000180024100     p5engine.obj
 0003:00001110       ?Subtract@@YA?ATv3@@PEAUworld@@PEAUworld_position@@1@Z$rtcVarDesc 0000000180024110     p5engine.obj
 0003:00001150       ?Subtract@@YA?ATv3@@PEAUworld@@PEAUworld_position@@1@Z$rtcFrameData 0000000180024150     p5engine.obj
 0003:00001180       ?GetSimSpacePos@@YA?ATv2@@PEAUsim_region@@PEAUlow_entity@@@Z$rtcName$0 0000000180024180     p5engine.obj
 0003:00001188       ?GetSimSpacePos@@YA?ATv2@@PEAUsim_region@@PEAUlow_entity@@@Z$rtcName$1 0000000180024188     p5engine.obj
 0003:00001190       ?GetSimSpacePos@@YA?ATv2@@PEAUsim_region@@PEAUlow_entity@@@Z$rtcVarDesc 0000000180024190     p5engine.obj
 0003:00001210       ?GetSimSpacePos@@YA?ATv2@@PEAUsim_region@@PEAUlow_entity@@@Z$rtcFrameData 0000000180024210     p5engine.obj
 0003:00001240       ?LoadEntityReference@@YAXPEAUgame_state@@PEAUsim_region@@PEATentity_reference@@@Z$rtcName$0 0000000180024240     p5engine.obj
 0003:00001250       ?LoadEntityReference@@YAXPEAUgame_state@@PEAUsim_region@@PEATentity_reference@@@Z$rtcVarDesc 0000000180024250     p5engine.obj
 0003:00001290       ?LoadEntityReference@@YAXPEAUgame_state@@PEAUsim_region@@PEATentity_reference@@@Z$rtcFrameData 0000000180024290     p5engine.obj
 0003:000012c0       ?BeginSim@@YAPEAUsim_region@@PEAUmemory_arena@@PEAUgame_state@@PEAUworld@@Uworld_position@@Urectangle2@@@Z$rtcName$0 00000001800242c0     p5engine.obj
 0003:000012d0       ?BeginSim@@YAPEAUsim_region@@PEAUmemory_arena@@PEAUgame_state@@PEAUworld@@Uworld_position@@Urectangle2@@@Z$rtcName$1 00000001800242d0     p5engine.obj
 0003:000012e0       ?BeginSim@@YAPEAUsim_region@@PEAUmemory_arena@@PEAUgame_state@@PEAUworld@@Uworld_position@@Urectangle2@@@Z$rtcName$2 00000001800242e0     p5engine.obj
 0003:000012f0       ?BeginSim@@YAPEAUsim_region@@PEAUmemory_arena@@PEAUgame_state@@PEAUworld@@Uworld_position@@Urectangle2@@@Z$rtcVarDesc 00000001800242f0     p5engine.obj
 0003:000013b0       ?BeginSim@@YAPEAUsim_region@@PEAUmemory_arena@@PEAUgame_state@@PEAUworld@@Uworld_position@@Urectangle2@@@Z$rtcFrameData 00000001800243b0     p5engine.obj
 0003:00001400       ?EndSim@@YAXPEAUsim_region@@PEAUgame_state@@@Z$rtcName$0 0000000180024400     p5engine.obj
 0003:00001408       ?EndSim@@YAXPEAUsim_region@@PEAUgame_state@@@Z$rtcName$1 0000000180024408     p5engine.obj
 0003:00001420       ?EndSim@@YAXPEAUsim_region@@PEAUgame_state@@@Z$rtcVarDesc 0000000180024420     p5engine.obj
 0003:000014a0       ?EndSim@@YAXPEAUsim_region@@PEAUgame_state@@@Z$rtcFrameData 00000001800244a0     p5engine.obj
 0003:000014e0       ?MoveEntity@@YAXPEAUgame_state@@PEAUsim_region@@PEAUsim_entity@@MPEAUmove_spec@@Tv2@@@Z$rtcName$0 00000001800244e0     p5engine.obj
 0003:000014f0       ?MoveEntity@@YAXPEAUgame_state@@PEAUsim_region@@PEAUsim_entity@@MPEAUmove_spec@@Tv2@@@Z$rtcName$1 00000001800244f0     p5engine.obj
 0003:000014fc       ?MoveEntity@@YAXPEAUgame_state@@PEAUsim_region@@PEAUsim_entity@@MPEAUmove_spec@@Tv2@@@Z$rtcName$8 00000001800244fc     p5engine.obj
 0003:00001500       ?MoveEntity@@YAXPEAUgame_state@@PEAUsim_region@@PEAUsim_entity@@MPEAUmove_spec@@Tv2@@@Z$rtcName$2 0000000180024500     p5engine.obj
 0003:0000150c       ?MoveEntity@@YAXPEAUgame_state@@PEAUsim_region@@PEAUsim_entity@@MPEAUmove_spec@@Tv2@@@Z$rtcName$3 000000018002450c     p5engine.obj
 0003:00001518       ?MoveEntity@@YAXPEAUgame_state@@PEAUsim_region@@PEAUsim_entity@@MPEAUmove_spec@@Tv2@@@Z$rtcName$4 0000000180024518     p5engine.obj
 0003:00001528       ?MoveEntity@@YAXPEAUgame_state@@PEAUsim_region@@PEAUsim_entity@@MPEAUmove_spec@@Tv2@@@Z$rtcName$5 0000000180024528     p5engine.obj
 0003:00001538       ?MoveEntity@@YAXPEAUgame_state@@PEAUsim_region@@PEAUsim_entity@@MPEAUmove_spec@@Tv2@@@Z$rtcName$6 0000000180024538     p5engine.obj
 0003:00001548       ?MoveEntity@@YAXPEAUgame_state@@PEAUsim_region@@PEAUsim_entity@@MPEAUmove_spec@@Tv2@@@Z$rtcName$7 0000000180024548     p5engine.obj
 0003:00001560       ?MoveEntity@@YAXPEAUgame_state@@PEAUsim_region@@PEAUsim_entity@@MPEAUmove_spec@@Tv2@@@Z$rtcVarDesc 0000000180024560     p5engine.obj
 0003:000017a0       ?MoveEntity@@YAXPEAUgame_state@@PEAUsim_region@@PEAUsim_entity@@MPEAUmove_spec@@Tv2@@@Z$rtcFrameData 00000001800247a0     p5engine.obj
 0003:00001840       ?DefaultMoveSpec@@YA?AUmove_spec@@XZ$rtcName$0 0000000180024840     p5engine.obj
 0003:00001850       ?DefaultMoveSpec@@YA?AUmove_spec@@XZ$rtcVarDesc 0000000180024850     p5engine.obj
 0003:00001890       ?DefaultMoveSpec@@YA?AUmove_spec@@XZ$rtcFrameData 0000000180024890     p5engine.obj
 0003:000018c0       ?DEBUGLoadBMP@@YA?AUloaded_bitmap@@PEAUthread_context@@P6A?AUdebug_read_file_result@@0PEAD@Z1@Z$rtcName$0 00000001800248c0     p5engine.obj
 0003:000018c8       ?DEBUGLoadBMP@@YA?AUloaded_bitmap@@PEAUthread_context@@P6A?AUdebug_read_file_result@@0PEAD@Z1@Z$rtcName$1 00000001800248c8     p5engine.obj
 0003:000018d8       ?DEBUGLoadBMP@@YA?AUloaded_bitmap@@PEAUthread_context@@P6A?AUdebug_read_file_result@@0PEAD@Z1@Z$rtcName$2 00000001800248d8     p5engine.obj
 0003:000018e0       ?DEBUGLoadBMP@@YA?AUloaded_bitmap@@PEAUthread_context@@P6A?AUdebug_read_file_result@@0PEAD@Z1@Z$rtcName$3 00000001800248e0     p5engine.obj
 0003:000018f0       ?DEBUGLoadBMP@@YA?AUloaded_bitmap@@PEAUthread_context@@P6A?AUdebug_read_file_result@@0PEAD@Z1@Z$rtcName$4 00000001800248f0     p5engine.obj
 0003:00001900       ?DEBUGLoadBMP@@YA?AUloaded_bitmap@@PEAUthread_context@@P6A?AUdebug_read_file_result@@0PEAD@Z1@Z$rtcName$5 0000000180024900     p5engine.obj
 0003:00001910       ?DEBUGLoadBMP@@YA?AUloaded_bitmap@@PEAUthread_context@@P6A?AUdebug_read_file_result@@0PEAD@Z1@Z$rtcVarDesc 0000000180024910     p5engine.obj
 0003:00001a90       ?DEBUGLoadBMP@@YA?AUloaded_bitmap@@PEAUthread_context@@P6A?AUdebug_read_file_result@@0PEAD@Z1@Z$rtcFrameData 0000000180024a90     p5engine.obj
 0003:00001b00       ?AddLowEntity@@YA?AUadd_low_entity_result@@PEAUgame_state@@W4entity_type@@Uworld_position@@@Z$rtcName$0 0000000180024b00     p5engine.obj
 0003:00001b10       ?AddLowEntity@@YA?AUadd_low_entity_result@@PEAUgame_state@@W4entity_type@@Uworld_position@@@Z$rtcVarDesc 0000000180024b10     p5engine.obj
 0003:00001b50       ?AddLowEntity@@YA?AUadd_low_entity_result@@PEAUgame_state@@W4entity_type@@Uworld_position@@@Z$rtcFrameData 0000000180024b50     p5engine.obj
 0003:00001b80       ?AddWall@@YA?AUadd_low_entity_result@@PEAUworld@@PEAUgame_state@@III@Z$rtcName$0 0000000180024b80     p5engine.obj
 0003:00001b84       ?AddWall@@YA?AUadd_low_entity_result@@PEAUworld@@PEAUgame_state@@III@Z$rtcName$1 0000000180024b84     p5engine.obj
 0003:00001b90       ?AddWall@@YA?AUadd_low_entity_result@@PEAUworld@@PEAUgame_state@@III@Z$rtcVarDesc 0000000180024b90     p5engine.obj
 0003:00001c10       ?AddWall@@YA?AUadd_low_entity_result@@PEAUworld@@PEAUgame_state@@III@Z$rtcFrameData 0000000180024c10     p5engine.obj
 0003:00001c40       ?AddSword@@YA?AUadd_low_entity_result@@PEAUgame_state@@@Z$rtcName$0 0000000180024c40     p5engine.obj
 0003:00001c50       ?AddSword@@YA?AUadd_low_entity_result@@PEAUgame_state@@@Z$rtcVarDesc 0000000180024c50     p5engine.obj
 0003:00001c90       ?AddSword@@YA?AUadd_low_entity_result@@PEAUgame_state@@@Z$rtcFrameData 0000000180024c90     p5engine.obj
 0003:00001cc0       ?AddPlayer@@YA?AUadd_low_entity_result@@PEAUgame_state@@@Z$rtcName$0 0000000180024cc0     p5engine.obj
 0003:00001cc4       ?AddPlayer@@YA?AUadd_low_entity_result@@PEAUgame_state@@@Z$rtcName$1 0000000180024cc4     p5engine.obj
 0003:00001ccc       ?AddPlayer@@YA?AUadd_low_entity_result@@PEAUgame_state@@@Z$rtcName$2 0000000180024ccc     p5engine.obj
 0003:00001ce0       ?AddPlayer@@YA?AUadd_low_entity_result@@PEAUgame_state@@@Z$rtcVarDesc 0000000180024ce0     p5engine.obj
 0003:00001da0       ?AddPlayer@@YA?AUadd_low_entity_result@@PEAUgame_state@@@Z$rtcFrameData 0000000180024da0     p5engine.obj
 0003:00001de0       ?AddMonstar@@YA?AUadd_low_entity_result@@PEAUgame_state@@III@Z$rtcName$0 0000000180024de0     p5engine.obj
 0003:00001de4       ?AddMonstar@@YA?AUadd_low_entity_result@@PEAUgame_state@@III@Z$rtcName$1 0000000180024de4     p5engine.obj
 0003:00001df0       ?AddMonstar@@YA?AUadd_low_entity_result@@PEAUgame_state@@III@Z$rtcVarDesc 0000000180024df0     p5engine.obj
 0003:00001e70       ?AddMonstar@@YA?AUadd_low_entity_result@@PEAUgame_state@@III@Z$rtcFrameData 0000000180024e70     p5engine.obj
 0003:00001ea0       ?AddFamiliar@@YA?AUadd_low_entity_result@@PEAUgame_state@@III@Z$rtcName$0 0000000180024ea0     p5engine.obj
 0003:00001ea4       ?AddFamiliar@@YA?AUadd_low_entity_result@@PEAUgame_state@@III@Z$rtcName$1 0000000180024ea4     p5engine.obj
 0003:00001eb0       ?AddFamiliar@@YA?AUadd_low_entity_result@@PEAUgame_state@@III@Z$rtcVarDesc 0000000180024eb0     p5engine.obj
 0003:00001f30       ?AddFamiliar@@YA?AUadd_low_entity_result@@PEAUgame_state@@III@Z$rtcFrameData 0000000180024f30     p5engine.obj
 0003:00001f60       ?PushBitmap@@YAXPEAUentity_visible_piece_group@@PEAUloaded_bitmap@@Tv2@@M2MM@Z$rtcName$0 0000000180024f60     p5engine.obj
 0003:00001f64       ?PushBitmap@@YAXPEAUentity_visible_piece_group@@PEAUloaded_bitmap@@Tv2@@M2MM@Z$rtcName$1 0000000180024f64     p5engine.obj
 0003:00001f70       ?PushBitmap@@YAXPEAUentity_visible_piece_group@@PEAUloaded_bitmap@@Tv2@@M2MM@Z$rtcVarDesc 0000000180024f70     p5engine.obj
 0003:00001ff0       ?PushBitmap@@YAXPEAUentity_visible_piece_group@@PEAUloaded_bitmap@@Tv2@@M2MM@Z$rtcFrameData 0000000180024ff0     p5engine.obj
 0003:00002020       ?DrawHitpoints@@YAXPEAUsim_entity@@PEAUentity_visible_piece_group@@@Z$rtcName$0 0000000180025020     p5engine.obj
 0003:0000202c       ?DrawHitpoints@@YAXPEAUsim_entity@@PEAUentity_visible_piece_group@@@Z$rtcName$1 000000018002502c     p5engine.obj
 0003:00002038       ?DrawHitpoints@@YAXPEAUsim_entity@@PEAUentity_visible_piece_group@@@Z$rtcName$2 0000000180025038     p5engine.obj
 0003:00002040       ?DrawHitpoints@@YAXPEAUsim_entity@@PEAUentity_visible_piece_group@@@Z$rtcName$3 0000000180025040     p5engine.obj
 0003:00002048       ?DrawHitpoints@@YAXPEAUsim_entity@@PEAUentity_visible_piece_group@@@Z$rtcFrameData 0000000180025048     p5engine.obj
 0003:00002060       ?DrawHitpoints@@YAXPEAUsim_entity@@PEAUentity_visible_piece_group@@@Z$rtcVarDesc 0000000180025060     p5engine.obj
 0003:000021a0       GameUpdateAndRender$rtcName$0 00000001800251a0     p5engine.obj
 0003:000021b0       GameUpdateAndRender$rtcName$1 00000001800251b0     p5engine.obj
 0003:000021c4       GameUpdateAndRender$rtcName$7 00000001800251c4     p5engine.obj
 0003:000021cc       GameUpdateAndRender$rtcName$10 00000001800251cc     p5engine.obj
 0003:000021d0       GameUpdateAndRender$rtcName$2 00000001800251d0     p5engine.obj
 0003:000021e0       GameUpdateAndRender$rtcName$3 00000001800251e0     p5engine.obj
 0003:000021ec       GameUpdateAndRender$rtcName$6 00000001800251ec     p5engine.obj
 0003:000021f4       GameUpdateAndRender$rtcName$8 00000001800251f4     p5engine.obj
 0003:000021fc       GameUpdateAndRender$rtcName$11 00000001800251fc     p5engine.obj
 0003:00002200       GameUpdateAndRender$rtcName$4 0000000180025200     p5engine.obj
 0003:00002210       GameUpdateAndRender$rtcName$5 0000000180025210     p5engine.obj
 0003:00002220       GameUpdateAndRender$rtcName$9 0000000180025220     p5engine.obj
 0003:00002230       GameUpdateAndRender$rtcVarDesc 0000000180025230     p5engine.obj
 0003:00002530       GameUpdateAndRender$rtcFrameData 0000000180025530     p5engine.obj
 0003:000028a8       ?_RTC_ErrorMessages@@3QBQEBDB 00000001800258a8     MSVCRTD:error.obj
 0003:000028d8       ?_RTC_NoFalsePositives@@3QBHB 00000001800258d8     MSVCRTD:error.obj
 0003:000028f0       ?stack_premsg@@3QBDB       00000001800258f0     MSVCRTD:error.obj
 0003:00002910       ?stack_postmsg@@3QBDB      0000000180025910     MSVCRTD:error.obj
 0003:00002928       ?uninit_premsg@@3QBDB      0000000180025928     MSVCRTD:error.obj
 0003:00002938       ?uninit_postmsg@@3QBDB     0000000180025938     MSVCRTD:error.obj
 0003:00002fb8       ?_RTC_errlist@@3QBQEBDB    0000000180025fb8     MSVCRTD:userapi.obj
 0003:000030c0       GS_ExceptionPointers       00000001800260c0     MSVCRTD:gs_report.obj
 0003:000030d8       ?mspdbName@@3QB_WB         00000001800260d8     MSVCRTD:pdblkup.obj
 0003:00003108       ?debugCrtFileName@@3QB_WB  0000000180026108     MSVCRTD:pdblkup.obj
 0003:000032a0       ?dllExt@?1??GetPdbDllPathFromFilePath@@YAHPEB_WPEA_W_K@Z@4QB_WB 00000001800262a0     MSVCRTD:pdblkup.obj
 0003:000032b0       ?mspdbFilename@?1??GetPdbDllPathFromFilePath@@YAHPEB_WPEA_W_K@Z@4QB_WB 00000001800262b0     MSVCRTD:pdblkup.obj
 0003:00003b28       _RTC_InitBase.rtc$IMZ      0000000180026b28     p5engine.obj
 0003:00003e58       _RTC_Shutdown.rtc$TMZ      0000000180026e58     p5engine.obj
 0003:00004078       $unwind$GetController      0000000180027078     p5engine.obj
 0003:0000408c       $unwind$?InitializeArena@@YAXPEAUmemory_arena@@_KPEAX@Z 000000018002708c     p5engine.obj
 0003:000040a0       $unwind$?PushSize_@@YAPEAXPEAUmemory_arena@@_K@Z 00000001800270a0     p5engine.obj
 0003:000040b4       $unwind$?ZeroSize@@YAX_KPEAX@Z 00000001800270b4     p5engine.obj
 0003:000040c8       $unwind$?SquareRoot@@YAMM@Z 00000001800270c8     p5engine.obj
 0003:000040dc       $unwind$?AbsoluteValue@@YAMM@Z 00000001800270dc     p5engine.obj
 0003:000040f0       $unwind$?RotateLeft@@YAIIH@Z 00000001800270f0     p5engine.obj
 0003:00004104       $unwind$?RoundReal32ToInt32@@YAHM@Z 0000000180027104     p5engine.obj
 0003:00004118       $unwind$?RoundReal32ToUInt32@@YAIM@Z 0000000180027118     p5engine.obj
 0003:0000412c       $unwind$?Sin@@YAMM@Z       000000018002712c     p5engine.obj
 0003:00004140       $unwind$?FindLeastSignificantSetBit@@YA?AUbit_scan_result@@I@Z 0000000180027140     p5engine.obj
[...]
 0003:000043cc       $unwind$?AddCollisionRule@@YAXPEAUgame_state@@IIH@Z 00000001800273cc     p5engine.obj
 0003:000043e0       $unwind$?ClearCollisionRulesFor@@YAXPEAUgame_state@@I@Z 00000001800273e0     p5engine.obj
 0003:000043f4       $unwind$?NullPosition@@YA?AUworld_position@@XZ 00000001800273f4     p5engine.obj
 0003:00004410       $unwind$?IsValid@@YAHUworld_position@@@Z 0000000180027410     p5engine.obj
 0003:00004424       $unwind$?IsCanonical@@YAHPEAUworld@@M@Z 0000000180027424     p5engine.obj
 0003:00004438       $unwind$?IsCanonical@@YAHPEAUworld@@Tv2@@@Z 0000000180027438     p5engine.obj
 0003:0000444c       $unwind$?AreInSameChunk@@YAHPEAUworld@@PEAUworld_position@@1@Z 000000018002744c     p5engine.obj
 0003:00004460       $unwind$?GetWorldChunk@@YAPEAUworld_chunk@@PEAUworld@@HHHPEAUmemory_arena@@@Z 0000000180027460     p5engine.obj
 0003:00004474       $unwind$?InitializeWorld@@YAXPEAUworld@@M@Z 0000000180027474     p5engine.obj
 0003:00004488       $unwind$?RecanonicalizeCoord@@YAXPEAUworld@@PEAHPEAM@Z 0000000180027488     p5engine.obj
 0003:0000449c       $unwind$?MapIntoChunkSpace@@YA?AUworld_position@@PEAUworld@@U1@Tv2@@@Z 000000018002749c     p5engine.obj
 0003:000044b8       $unwind$?ChunkPositionFromTilePosition@@YA?AUworld_position@@PEAUworld@@HHH@Z 00000001800274b8     p5engine.obj
 0003:000044d4       $unwind$?Subtract@@YA?ATv3@@PEAUworld@@PEAUworld_position@@1@Z 00000001800274d4     p5engine.obj
 0003:000044f0       $unwind$?ChangeEntityLocationRaw@@YAXPEAUmemory_arena@@PEAUworld@@IPEAUworld_position@@2@Z 00000001800274f0     p5engine.obj
 0003:00004504       $unwind$?ChangeEntityLocation@@YAXPEAUmemory_arena@@PEAUworld@@IPEAUlow_entity@@Uworld_position@@@Z 0000000180027504     p5engine.obj
 0003:00004518       $unwind$?GetHashFromStorageIndex@@YAPEAUsim_entity_hash@@PEAUsim_region@@I@Z 0000000180027518     p5engine.obj
 0003:0000452c       $unwind$?GetSimSpacePos@@YA?ATv2@@PEAUsim_region@@PEAUlow_entity@@@Z 000000018002752c     p5engine.obj
 0003:00004540       $unwind$?AddEntity@@YAPEAUsim_entity@@PEAUgame_state@@PEAUsim_region@@IPEAUlow_entity@@PEATv2@@@Z 0000000180027540     p5engine.obj
 0003:00004554       $unwind$?LoadEntityReference@@YAXPEAUgame_state@@PEAUsim_region@@PEATentity_reference@@@Z 0000000180027554     p5engine.obj
 0003:00004570       $unwind$?StoreEntityReference@@YAXPEATentity_reference@@@Z 0000000180027570     p5engine.obj
 0003:00004584       $unwind$?AddEntityRaw@@YAPEAUsim_entity@@PEAUgame_state@@PEAUsim_region@@IPEAUlow_entity@@@Z 0000000180027584     p5engine.obj
 0003:00004598       $unwind$?BeginSim@@YAPEAUsim_region@@PEAUmemory_arena@@PEAUgame_state@@PEAUworld@@Uworld_position@@Urectangle2@@@Z 0000000180027598     p5engine.obj
 0003:000045b4       $unwind$?EndSim@@YAXPEAUsim_region@@PEAUgame_state@@@Z 00000001800275b4     p5engine.obj
 0003:000045c8       $unwind$?TestWall@@YAHMMMMMPEAMMM@Z 00000001800275c8     p5engine.obj
 0003:000045dc       $unwind$?ShouldCollide@@YAHPEAUgame_state@@PEAUsim_entity@@1@Z 00000001800275dc     p5engine.obj
 0003:000045f0       $unwind$?HandleCollision@@YAHPEAUsim_entity@@0@Z 00000001800275f0     p5engine.obj
 0003:00004604       $unwind$?MoveEntity@@YAXPEAUgame_state@@PEAUsim_region@@PEAUsim_entity@@MPEAUmove_spec@@Tv2@@@Z 0000000180027604     p5engine.obj
 0003:00004620       $unwind$?DefaultMoveSpec@@YA?AUmove_spec@@XZ 0000000180027620     p5engine.obj
 0003:0000463c       $unwind$?GameOutputSound@@YAXPEAUgame_state@@PEAUgame_sound_output_buffer@@H@Z 000000018002763c     p5engine.obj
 0003:00004650       $unwind$?DrawRectangle@@YAXPEAUgame_offscreen_buffer@@Tv2@@1MMM@Z 0000000180027650     p5engine.obj
 0003:00004664       $unwind$?DrawBitmap@@YAXPEAUgame_offscreen_buffer@@PEAUloaded_bitmap@@MMM@Z 0000000180027664     p5engine.obj
 0003:00004678       $unwind$?DEBUGLoadBMP@@YA?AUloaded_bitmap@@PEAUthread_context@@P6A?AUdebug_read_file_result@@0PEAD@Z1@Z 0000000180027678     p5engine.obj
 0003:00004694       $unwind$?AddLowEntity@@YA?AUadd_low_entity_result@@PEAUgame_state@@W4entity_type@@Uworld_position@@@Z 0000000180027694     p5engine.obj
 0003:000046b0       $unwind$?AddWall@@YA?AUadd_low_entity_result@@PEAUworld@@PEAUgame_state@@III@Z 00000001800276b0     p5engine.obj
 0003:000046c4       $unwind$?InitHitPoints@@YAXPEAUlow_entity@@I@Z 00000001800276c4     p5engine.obj
 0003:000046d8       $unwind$?AddSword@@YA?AUadd_low_entity_result@@PEAUgame_state@@@Z 00000001800276d8     p5engine.obj
 0003:000046ec       $unwind$?AddPlayer@@YA?AUadd_low_entity_result@@PEAUgame_state@@@Z 00000001800276ec     p5engine.obj
 0003:00004700       $unwind$?AddMonstar@@YA?AUadd_low_entity_result@@PEAUgame_state@@III@Z 0000000180027700     p5engine.obj
 0003:00004714       $unwind$?AddFamiliar@@YA?AUadd_low_entity_result@@PEAUgame_state@@III@Z 0000000180027714     p5engine.obj
 0003:00004728       $unwind$?PushPiece@@YAXPEAUentity_visible_piece_group@@PEAUloaded_bitmap@@Tv2@@2M2Tv4@@M@Z 0000000180027728     p5engine.obj
 0003:0000473c       $unwind$?PushBitmap@@YAXPEAUentity_visible_piece_group@@PEAUloaded_bitmap@@Tv2@@M2MM@Z 000000018002773c     p5engine.obj
 0003:00004750       $unwind$?PushRect@@YAXPEAUentity_visible_piece_group@@Tv2@@M1Tv4@@M@Z 0000000180027750     p5engine.obj
 0003:00004764       $unwind$?DrawHitpoints@@YAXPEAUsim_entity@@PEAUentity_visible_piece_group@@@Z 0000000180027764     p5engine.obj
 0003:00004780       $unwind$GameUpdateAndRender 0000000180027780     p5engine.obj
 0003:0000479c       $unwind$GameGetSoundSamples 000000018002779c     p5engine.obj
 0003:000047b0       $unwind$_RTC_CheckStackVars 00000001800277b0     MSVCRTD:stack.obj
 0003:000047c4       $chain$0$_RTC_CheckStackVars 00000001800277c4     MSVCRTD:stack.obj
 0003:000047dc       $chain$1$_RTC_CheckStackVars 00000001800277dc     MSVCRTD:stack.obj
 0003:000047f0       $unwind$_RTC_CheckStackVars2 00000001800277f0     MSVCRTD:stack.obj
 0003:00004800       $chain$1$_RTC_CheckStackVars2 0000000180027800     MSVCRTD:stack.obj
 0003:0000481c       $chain$2$_RTC_CheckStackVars2 000000018002781c     MSVCRTD:stack.obj
 0003:00004834       $chain$3$_RTC_CheckStackVars2 0000000180027834     MSVCRTD:stack.obj
 0003:0000484c       $chain$4$_RTC_CheckStackVars2 000000018002784c     MSVCRTD:stack.obj
 0003:00004860       $chain$5$_RTC_CheckStackVars2 0000000180027860     MSVCRTD:stack.obj
 0003:00004874       $chain$6$_RTC_CheckStackVars2 0000000180027874     MSVCRTD:stack.obj
 0003:00004888       $unwind$_RTC_AllocaHelper  0000000180027888     MSVCRTD:stack.obj
 0003:00004890       $chain$0$_RTC_AllocaHelper 0000000180027890     MSVCRTD:stack.obj
 0003:000048a8       $chain$1$_RTC_AllocaHelper 00000001800278a8     MSVCRTD:stack.obj
 0003:000048bc       $unwind$_RTC_Shutdown      00000001800278bc     MSVCRTD:init.obj
 0003:000048c4       $unwind$_RTC_InitBase      00000001800278c4     MSVCRTD:init.obj
 0003:000048cc       $unwind$__CheckForDebuggerJustMyCode 00000001800278cc     MSVCRTD:debugger_jmc.obj
 0003:000048d4       $unwind$__GSHandlerCheckCommon 00000001800278d4     MSVCRTD:gshandler.obj
 0003:000048dc       $unwind$__GSHandlerCheck   00000001800278dc     MSVCRTD:gshandler.obj
 0003:000048e8       $xdatasym                  00000001800278e8     MSVCRTD:chkstk.obj
 0003:000048f0       $xdatasym                  00000001800278f0     MSVCRTD:amdsecgs.obj
 0003:000048f4       $unwind$?dllmain_crt_process_attach@@YAHQEAUHINSTANCE__@@QEAX@Z 00000001800278f4     MSVCRTD:dll_dllmain.obj
 0003:00004918       $unwind$?fin$0@?0??dllmain_crt_process_attach@@YAHQEAUHINSTANCE__@@QEAX@Z@4HA 0000000180027918     MSVCRTD:dll_dllmain.obj
 0003:00004920       $unwind$?dllmain_crt_process_detach@@YAH_N@Z 0000000180027920     MSVCRTD:dll_dllmain.obj
 0003:00004954       $unwind$?fin$0@?0??dllmain_crt_process_detach@@YAH_N@Z@4HA 0000000180027954     MSVCRTD:dll_dllmain.obj
 0003:0000495c       $unwind$?fin$1@?0??dllmain_crt_process_detach@@YAH_N@Z@4HA 000000018002795c     MSVCRTD:dll_dllmain.obj
 0003:00004964       $unwind$?dllmain_crt_dispatch@@YAHQEAUHINSTANCE__@@KQEAX@Z 0000000180027964     MSVCRTD:dll_dllmain.obj
 0003:0000496c       $unwind$_CRT_INIT          000000018002796c     MSVCRTD:dll_dllmain.obj
 0003:00004974       $unwind$?dllmain_raw@@YAHQEAUHINSTANCE__@@KQEAX@Z 0000000180027974     MSVCRTD:dll_dllmain.obj
 0003:0000497c       $unwind$?dllmain_dispatch@@YAHQEAUHINSTANCE__@@KQEAX@Z 000000018002797c     MSVCRTD:dll_dllmain.obj
 0003:000049a0       $unwind$?filt$0@?0??dllmain_dispatch@@YAHQEAUHINSTANCE__@@KQEAX@Z@4HA 00000001800279a0     MSVCRTD:dll_dllmain.obj
 0003:000049a8       $unwind$_DllMainCRTStartup 00000001800279a8     MSVCRTD:dll_dllmain.obj
 0003:000049b0       $unwind$_RTC_UninitUse     00000001800279b0     MSVCRTD:error.obj
 0003:000049cc       $unwind$?_RTC_StackFailure@@YAXPEAXPEBD@Z 00000001800279cc     MSVCRTD:error.obj
 0003:000049ec       $unwind$?_RTC_AllocaFailure@@YAXPEAXPEAU_RTC_ALLOCA_NODE@@H@Z 00000001800279ec     MSVCRTD:error.obj
 0003:00004a08       $chain$0$?_RTC_AllocaFailure@@YAXPEAXPEAU_RTC_ALLOCA_NODE@@H@Z 0000000180027a08     MSVCRTD:error.obj
 0003:00004a20       $chain$1$?_RTC_AllocaFailure@@YAXPEAXPEAU_RTC_ALLOCA_NODE@@H@Z 0000000180027a20     MSVCRTD:error.obj
 0003:00004a34       $unwind$_vsprintf_s_l      0000000180027a34     MSVCRTD:error.obj
 0003:00004a4c       $unwind$sprintf_s          0000000180027a4c     MSVCRTD:error.obj
 0003:00004a54       $unwind$?notify_debugger@@YAXAEBUtagEXCEPTION_VISUALCPP_DEBUG_INFO@@@Z 0000000180027a54     MSVCRTD:error.obj
 0003:00004a78       $unwind$?filt$0@?0??notify_debugger@@YAXAEBUtagEXCEPTION_VISUALCPP_DEBUG_INFO@@@Z@4HA 0000000180027a78     MSVCRTD:error.obj
 0003:00004a80       $unwind$?DebuggerProbe@@YA_NK@Z 0000000180027a80     MSVCRTD:error.obj
 0003:00004a88       $unwind$?DebuggerRuntime@@YA_NKHPEAXPEB_W@Z 0000000180027a88     MSVCRTD:error.obj
 0003:00004a90       $unwind$?failwithmessage@@YAXPEAXHHPEBD@Z 0000000180027a90     MSVCRTD:error.obj
 0003:00004ab8       $unwind$?_getMemBlockDataString@@YAXPEAD0PEBD_K@Z 0000000180027ab8     MSVCRTD:error.obj
 0003:00004acc       $chain$3$?_getMemBlockDataString@@YAXPEAD0PEBD_K@Z 0000000180027acc     MSVCRTD:error.obj
 0003:00004af0       $chain$4$?_getMemBlockDataString@@YAXPEAD0PEBD_K@Z 0000000180027af0     MSVCRTD:error.obj
 0003:00004b04       $unwind$__report_securityfailure 0000000180027b04     MSVCRTD:gs_report.obj
 0003:00004b0c       $unwind$__report_securityfailureEx 0000000180027b0c     MSVCRTD:gs_report.obj
 0003:00004b14       $unwind$__report_rangecheckfailure 0000000180027b14     MSVCRTD:gs_report.obj
 0003:00004b1c       $unwind$__report_gsfailure 0000000180027b1c     MSVCRTD:gs_report.obj
 0003:00004b24       $unwind$capture_current_context 0000000180027b24     MSVCRTD:gs_report.obj
 0003:00004b2c       $unwind$capture_previous_context 0000000180027b2c     MSVCRTD:gs_report.obj
 0003:00004b34       $unwind$__raise_securityfailure 0000000180027b34     MSVCRTD:gs_report.obj
 0003:00004b3c       $unwind$__security_init_cookie 0000000180027b3c     MSVCRTD:gs_support.obj
 0003:00004b44       $unwind$__get_entropy      0000000180027b44     MSVCRTD:gs_support.obj
 0003:00004b4c       $unwind$DllMain            0000000180027b4c     MSVCRTD:dll_dllmain_stub.obj
 0003:00004b54       $unwind$?__scrt_initialize_type_info@@YAXXZ 0000000180027b54     MSVCRTD:tncleanup.obj
 0003:00004b5c       $unwind$?__scrt_uninitialize_type_info@@YAXXZ 0000000180027b5c     MSVCRTD:tncleanup.obj
 0003:00004b64       $unwind$__scrt_initialize_default_local_stdio_options 0000000180027b64     MSVCRTD:default_local_stdio_options.obj
 0003:00004b6c       $unwind$atexit             0000000180027b6c     MSVCRTD:utility.obj
 0003:00004b74       $unwind$_onexit            0000000180027b74     MSVCRTD:utility.obj
 0003:00004b7c       $unwind$at_quick_exit      0000000180027b7c     MSVCRTD:utility.obj
 0003:00004b84       $unwind$__scrt_is_nonwritable_in_current_image 0000000180027b84     MSVCRTD:utility.obj
 0003:00004ba8       $unwind$__scrt_is_nonwritable_in_current_image$filt$0 0000000180027ba8     MSVCRTD:utility.obj
 0003:00004bb0       $unwind$__scrt_acquire_startup_lock 0000000180027bb0     MSVCRTD:utility.obj
 0003:00004bb8       $unwind$__scrt_release_startup_lock 0000000180027bb8     MSVCRTD:utility.obj
 0003:00004bc0       $unwind$__scrt_initialize_crt 0000000180027bc0     MSVCRTD:utility.obj
 0003:00004bc8       $unwind$__scrt_uninitialize_crt 0000000180027bc8     MSVCRTD:utility.obj
 0003:00004bd0       $unwind$__scrt_initialize_onexit_tables 0000000180027bd0     MSVCRTD:utility.obj
 0003:00004be0       $unwind$__scrt_dllmain_exception_filter 0000000180027be0     MSVCRTD:utility.obj
 0003:00004be8       $unwind$__scrt_dllmain_before_initialize_c 0000000180027be8     MSVCRTD:utility.obj
 0003:00004bf0       $unwind$__scrt_dllmain_after_initialize_c 0000000180027bf0     MSVCRTD:utility.obj
 0003:00004bf8       $unwind$__scrt_dllmain_uninitialize_c 0000000180027bf8     MSVCRTD:utility.obj
 0003:00004c00       $unwind$__scrt_dllmain_uninitialize_critical 0000000180027c00     MSVCRTD:utility.obj
 0003:00004c08       $unwind$__scrt_dllmain_crt_thread_attach 0000000180027c08     MSVCRTD:utility.obj
 0003:00004c10       $unwind$__scrt_dllmain_crt_thread_detach 0000000180027c10     MSVCRTD:utility.obj
 0003:00004c18       $unwind$?configure_argv@__scrt_narrow_argv_policy@@SAHXZ 0000000180027c18     MSVCRTD:utility.obj
 0003:00004c20       $unwind$?initialize_environment@__scrt_narrow_environment_policy@@SAHXZ 0000000180027c20     MSVCRTD:utility.obj
 0003:00004c28       $unwind$?is_potentially_valid_image_base@@YA_NQEAX@Z 0000000180027c28     MSVCRTD:utility.obj
 0003:00004c30       $unwind$?find_pe_section@@YAPEAU_IMAGE_SECTION_HEADER@@QEAE_K@Z 0000000180027c30     MSVCRTD:utility.obj
 0003:00004c38       $unwind$__scrt_get_show_window_mode 0000000180027c38     MSVCRTD:utility_desktop.obj
 0003:00004c48       $unwind$__scrt_is_managed_app 0000000180027c48     MSVCRTD:utility_desktop.obj
 0003:00004c50       $unwind$__scrt_initialize_mta 0000000180027c50     MSVCRTD:utility_desktop.obj
 0003:00004c58       $unwind$__scrt_set_unhandled_exception_filter 0000000180027c58     MSVCRTD:utility_desktop.obj
 0003:00004c60       $unwind$__scrt_fastfail    0000000180027c60     MSVCRTD:utility_desktop.obj
 0003:00004c70       $unwind$__scrt_unhandled_exception_filter 0000000180027c70     MSVCRTD:utility_desktop.obj
 0003:00004c78       $unwind$_RTC_Initialize    0000000180027c78     MSVCRTD:initsect.obj
 0003:00004c88       $unwind$_RTC_Terminate     0000000180027c88     MSVCRTD:initsect.obj
 0003:00004c98       $unwind$ReadNoFence64      0000000180027c98     MSVCRTD:guard_support.obj
 0003:00004ca0       $unwind$ReadPointerNoFence 0000000180027ca0     MSVCRTD:guard_support.obj
 0003:00004ca8       $unwind$_guard_icall_checks_enforced 0000000180027ca8     MSVCRTD:guard_support.obj
 0003:00004cb0       $unwind$__castguard_compat_check 0000000180027cb0     MSVCRTD:guard_support.obj
 0003:00004cb8       $unwind$__castguard_check_failure_debugbreak 0000000180027cb8     MSVCRTD:guard_support.obj
 0003:00004cc0       $unwind$__castguard_check_failure_fastfail 0000000180027cc0     MSVCRTD:guard_support.obj
 0003:00004cc8       $unwind$__castguard_check_failure_os_handled 0000000180027cc8     MSVCRTD:guard_support.obj
 0003:00004cd0       $unwind$__castguard_slow_path_compat_check 0000000180027cd0     MSVCRTD:guard_support.obj
 0003:00004cd8       $unwind$__castguard_slow_path_check_debugbreak 0000000180027cd8     MSVCRTD:guard_support.obj
 0003:00004ce0       $unwind$__castguard_slow_path_check_fastfail 0000000180027ce0     MSVCRTD:guard_support.obj
 0003:00004ce8       $unwind$__castguard_slow_path_check_os_handled 0000000180027ce8     MSVCRTD:guard_support.obj
 0003:00004cf0       $unwind$?_RTC_GetSrcLine@@YAHPEAEPEA_WKPEAH1K@Z 0000000180027cf0     MSVCRTD:pdblkup.obj
 0003:00004d0c       $unwind$?GetPdbDllFromInstallPath@@YAPEAUHINSTANCE__@@XZ 0000000180027d0c     MSVCRTD:pdblkup.obj
 0003:00004d34       $unwind$?GetPdbDllPathFromFilePath@@YAHPEB_WPEA_W_K@Z 0000000180027d34     MSVCRTD:pdblkup.obj
 0003:00004d50       $unwind$?GetPdbDll@@YAPEAUHINSTANCE__@@XZ 0000000180027d50     MSVCRTD:pdblkup.obj
 0003:00004d64       $unwind$__isa_available_init 0000000180027d64     MSVCRTD:cpu_disp.obj
 0003:00004d78       $unwind$__scrt_is_ucrt_dll_in_use 0000000180027d78     MSVCRTD:ucrt_detection.obj
 0003:00004d80       $xdatasym                  0000000180027d80     MSVCRTD:guard_dispatch.obj
 0003:00004d88       $xdatasym                  0000000180027d88     MSVCRTD:guard_xfg_dispatch.obj
 0003:00005020       .edata                     0000000180028020     P5Engine.exp
 0003:00005048       rgpv                       0000000180028048     P5Engine.exp
 0003:00005050       rgszName                   0000000180028050     P5Engine.exp
 0003:00005058       rgwOrd                     0000000180028058     P5Engine.exp
 0003:0000505c       szName                     000000018002805c     P5Engine.exp
 0003:00005069       $N00001                    0000000180028069     P5Engine.exp
 0003:0000507d       $N00002                    000000018002807d     P5Engine.exp
 0004:00000000       ?RandomNumberTable@@3PAIA  0000000180029000     p5engine.obj
 0004:00004e40       ?init@?1??_RTC_InitBase@@9@4_NA 000000018002de40     MSVCRTD:init.obj
 0004:00004e44       ?__proc_attached@@3HA      000000018002de44     MSVCRTD:dll_dllmain.obj
 0004:00004e58       ?_RTC_ErrorReportFunc@@3P6AHHPEBDH00ZZEA 000000018002de58     MSVCRTD:userapi.obj
 0004:00004e60       ?_RTC_ErrorReportFuncW@@3P6AHHPEB_WH00ZZEA 000000018002de60     MSVCRTD:userapi.obj
 0004:00004e70       GS_ExceptionRecord         000000018002de70     MSVCRTD:gs_report.obj
 0004:00004f10       GS_ContextRecord           000000018002df10     MSVCRTD:gs_report.obj
 0004:00005538       ?is_initialized_as_dll@@3_NA 000000018002e538     MSVCRTD:utility.obj
 0004:00005539       ?module_local_atexit_table_initialized@@3_NA 000000018002e539     MSVCRTD:utility.obj
 0004:00005540       ?module_local_atexit_table@@3U_onexit_table_t@@A 000000018002e540     MSVCRTD:utility.obj
 0004:00005558       ?module_local_at_quick_exit_table@@3U_onexit_table_t@@A 000000018002e558     MSVCRTD:utility.obj
 0004:00005598       ?mspdb@@3PEAUHINSTANCE__@@EA 000000018002e598     MSVCRTD:pdblkup.obj
 0004:000055a1       ?alreadyTried@?1??GetPdbDll@@YAPEAUHINSTANCE__@@XZ@4_NA 000000018002e5a1     MSVCRTD:pdblkup.obj
 0004:000055a2       ?PDBOK@?1??_RTC_GetSrcLine@@YAHPEAEPEA_WKPEAH1K@Z@4_NA 000000018002e5a2     MSVCRTD:pdblkup.obj
 0006:000007aa       .idata$6                   00000001800327aa     vcruntimed:VCRUNTIME140D.dll
 0006:0000095a       .idata$6                   000000018003295a     ucrtd:ucrtbased.dll
 0006:00000b9c       .idata$6                   0000000180032b9c     kernel32:KERNEL32.dll
 0007:00000000       __5C0B09BC_p5engine_platform@h 0000000180033000     p5engine.obj
 0007:00000001       __09340588_corecrt_math@h  0000000180033001     p5engine.obj
 0007:00000002       __B0C4CEA9_malloc@h        0000000180033002     p5engine.obj
 0007:00000003       __3A0418DB_p5engine_intrinsics@h 0000000180033003     p5engine.obj
 0007:00000004       __6D6C9F34_p5engine_math@h 0000000180033004     p5engine.obj
 0007:00000005       __326D9465_p5engine_entity@h 0000000180033005     p5engine.obj
 0007:00000006       __B7D51BCB_p5engine@h      0000000180033006     p5engine.obj
 0007:00000007       __DC0D61CC_p5engine_world@cpp 0000000180033007     p5engine.obj
 0007:00000008       __5DD8E4E4_p5engine_sim_region@cpp 0000000180033008     p5engine.obj
 0007:00000009       __9C871DF9_p5engine_entity@cpp 0000000180033009     p5engine.obj
 0007:0000000a       __D1049797_p5engine@cpp    000000018003300a     p5engine.obj
 0009:00000170       $R000000                   0000000180035170     * linker generated manifest res *
