 P5Engine

 Timestamp is 633532a8 (Thu Sep 29 00:52:40 2022)

 Preferred load address is 0000000180000000

 Start         Length     Name                   Class
 0001:00000000 000134b0H .text$mn                CODE
 0001:000134b0 00000040H .text$mn$00             CODE
 0001:000134f0 000000ddH .text$x                 CODE
 0002:00000000 00000100H .idata$5                DATA
 0002:00000100 00000028H .00cfg                  DATA
 0002:00000128 00000008H .CRT$XCA                DATA
 0002:00000130 00000008H .CRT$XCZ                DATA
 0002:00000138 00000008H .CRT$XIA                DATA
 0002:00000140 00000008H .CRT$XIZ                DATA
 0002:00000148 00000008H .CRT$XPA                DATA
 0002:00000150 00000008H .CRT$XPZ                DATA
 0002:00000158 00000008H .CRT$XTA                DATA
 0002:00000160 00000010H .CRT$XTZ                DATA
 0002:00000168 00000000H .gehcont$y              DATA
 0002:00000168 00000000H .gfids$y                DATA
 0002:00000170 00000410H .rdata                  DATA
 0002:00000580 00000000H .rdata$CastGuardVftablesA DATA
 0002:00000580 00000000H .rdata$CastGuardVftablesC DATA
 0002:00000580 00000154H .rdata$voltmd           DATA
 0002:000006d4 000002dcH .rdata$zzzdbg           DATA
 0002:000009b0 00000008H .rtc$IAA                DATA
 0002:000009b8 00000008H .rtc$IZZ                DATA
 0002:000009c0 00000008H .rtc$TAA                DATA
 0002:000009c8 00000008H .rtc$TZZ                DATA
 0002:000009d0 000007a0H .xdata                  DATA
 0002:00001170 00000074H .edata                  DATA
 0002:000011e4 0000003cH .idata$2                DATA
 0002:00001220 00000018H .idata$3                DATA
 0002:00001238 00000100H .idata$4                DATA
 0002:00001338 00000294H .idata$6                DATA
 0003:00000000 00004040H .data                   DATA
 0003:00004040 0000066cH .bss                    DATA
 0004:00000000 00000a98H .pdata                  DATA
 0005:00000000 0000001cH .msvcjmc                DATA
 0006:00000000 00000060H .rsrc$01                DATA
 0006:00000060 00000098H .rsrc$02                DATA

  Address         Publics by Value              Rva+Base               Lib:Object

 0000:00000000       __arm64x_extra_rfe_table   0000000000000000     <absolute>
 0000:00000000       ___safe_se_handler_count   0000000000000000     <absolute>
 0000:00000000       __guard_iat_count          0000000000000000     <absolute>
 0000:00000000       __AbsoluteZero             0000000000000000     <absolute>
 0000:00000000       __dynamic_value_reloc_table 0000000000000000     <absolute>
 0000:00000000       __guard_iat_table          0000000000000000     <absolute>
 0000:00000000       __x64_code_ranges_to_entry_points 0000000000000000     <absolute>
 0000:00000000       __hybrid_code_map          0000000000000000     <absolute>
 0000:00000000       __arm64x_extra_rfe_table_size 0000000000000000     <absolute>
 0000:00000000       __guard_eh_cont_count      0000000000000000     <absolute>
 0000:00000000       __hybrid_code_map_count    0000000000000000     <absolute>
 0000:00000000       __arm64x_redirection_metadata 0000000000000000     <absolute>
 0000:00000000       ___safe_se_handler_table   0000000000000000     <absolute>
 0000:00000000       __guard_check_icall_a64n_fptr 0000000000000000     <absolute>
 0000:00000000       __guard_fids_table         0000000000000000     <absolute>
 0000:00000000       __guard_longjmp_count      0000000000000000     <absolute>
 0000:00000000       __guard_longjmp_table      0000000000000000     <absolute>
 0000:00000000       __hybrid_auxiliary_iat_copy 0000000000000000     <absolute>
 0000:00000000       __guard_fids_count         0000000000000000     <absolute>
 0000:00000000       __hybrid_auxiliary_iat     0000000000000000     <absolute>
 0000:00000000       __x64_code_ranges_to_entry_points_count 0000000000000000     <absolute>
 0000:00000000       __arm64x_native_entrypoint 0000000000000000     <absolute>
 0000:00000000       __arm64x_redirection_metadata_count 0000000000000000     <absolute>
 0000:00000000       __enclave_config           0000000000000000     <absolute>
 0000:00000000       __guard_eh_cont_table      0000000000000000     <absolute>
 0000:00000100       __guard_flags              0000000000000100     <absolute>
 0000:00000000       __ImageBase                0000000180000000     <linker-defined>
 0001:00008a20       GameUpdateAndRender        0000000180009a20 f   p5engine.obj
 0001:0000c480       GameGetSoundSamples        000000018000d480 f   p5engine.obj
 0001:0000c4f0       ??D@YA?ATv2@@MT0@@Z        000000018000d4f0 f i p5engine.obj
 0001:0000c570       ??D@YA?ATv3@@MT0@@Z        000000018000d570 f i p5engine.obj
 0001:0000c620       ??D@YA?ATv3@@T0@M@Z        000000018000d620 f i p5engine.obj
 0001:0000c6a0       ??D@YA?ATv4@@MT0@@Z        000000018000d6a0 f i p5engine.obj
 0001:0000c770       ??G@YA?ATv2@@T0@0@Z        000000018000d770 f i p5engine.obj
 0001:0000c7f0       ??G@YA?ATv3@@T0@0@Z        000000018000d7f0 f i p5engine.obj
 0001:0000c8b0       ??H@YA?ATv2@@T0@0@Z        000000018000d8b0 f i p5engine.obj
 0001:0000c930       ??H@YA?ATv3@@T0@0@Z        000000018000d930 f i p5engine.obj
 0001:0000c9f0       ??X@YAAEATv3@@AEAT0@M@Z    000000018000d9f0 f i p5engine.obj
 0001:0000ca70       ??Y@YAAEATv2@@AEAT0@T0@@Z  000000018000da70 f i p5engine.obj
 0001:0000cac0       ??Y@YAAEATv3@@AEAT0@T0@@Z  000000018000dac0 f i p5engine.obj
 0001:0000cb60       ??Z@YAAEATv3@@AEAT0@T0@@Z  000000018000db60 f i p5engine.obj
 0001:0000cc00       ?ATan2@@YAMMM@Z            000000018000dc00 f i p5engine.obj
 0001:0000cc50       ?AbsoluteValue@@YAMM@Z     000000018000dc50 f i p5engine.obj
 0001:0000cc90       ?AddFlags@@YAXPEAUsim_entity@@I@Z 000000018000dc90 f i p5engine.obj
 0001:0000ccd0       ?AddRadiusTo@@YA?AUrectangle3@@U1@Tv3@@@Z 000000018000dcd0 f i p5engine.obj
 0001:0000ce40       ?AllResourcesPresent@@YAHPEAUrender_group@@@Z 000000018000de40 f i p5engine.obj
 0001:0000ce90       ?AreInSameChunk@@YAHPEAUworld@@PEAUworld_position@@1@Z 000000018000de90 f i p5engine.obj
 0001:0000cf90       ?AtomicCompareExchangeUInt32@@YAIPECIII@Z 000000018000df90 f i p5engine.obj
 0001:0000cfe0       ?BeginTemporaryMemory@@YA?AUtemporary_memory@@PEAUmemory_arena@@@Z 000000018000dfe0 f i p5engine.obj
 0001:0000d080       ?CenteredChunkPoint@@YA?AUworld_position@@III@Z 000000018000e080 f i p5engine.obj
 0001:0000d110       ?ChangeEntityLocationRaw@@YAXPEAUmemory_arena@@PEAUworld@@IPEAUworld_position@@2@Z 000000018000e110 f i p5engine.obj
 0001:0000d500       ?CheckArena@@YAXPEAUmemory_arena@@@Z 000000018000e500 f i p5engine.obj
 0001:0000d530       ?ChunkPositionFromTilePosition@@YA?AUworld_position@@PEAUworld@@HHHTv3@@@Z 000000018000e530 f i p5engine.obj
 0001:0000d7d0       ?Clamp01@@YA?ATv2@@T1@@Z   000000018000e7d0 f i p5engine.obj
 0001:0000d840       ?Clamp01@@YAMM@Z           000000018000e840 f i p5engine.obj
 0001:0000d880       ?Clamp01MapToRange@@YAMMMM@Z 000000018000e880 f i p5engine.obj
 0001:0000d900       ?Clamp@@YAMMMM@Z           000000018000e900 f i p5engine.obj
 0001:0000d970       ?Clear@@YAXPEAUrender_group@@Tv4@@@Z 000000018000e970 f i p5engine.obj
 0001:0000d9d0       ?ClearFlags@@YAXPEAUsim_entity@@I@Z 000000018000e9d0 f i p5engine.obj
 0001:0000da10       ?DefaultMoveSpec@@YA?AUmove_spec@@XZ 000000018000ea10 f i p5engine.obj
 0001:0000dab0       ?EndTemporaryMemory@@YAXUtemporary_memory@@@Z 000000018000eab0 f i p5engine.obj
 0001:0000db30       ?EntityOverlapsRectangle@@YAHTv3@@Usim_entity_collision_volume@@Urectangle3@@@Z 000000018000eb30 f i p5engine.obj
 0001:0000dcc0       ?GetAlignmentOffset@@YA_KPEAUmemory_arena@@_K@Z 000000018000ecc0 f i p5engine.obj
 0001:0000dd50       ?GetArenaSizeRemaining@@YA_KPEAUmemory_arena@@_K@Z 000000018000ed50 f i p5engine.obj
 0001:0000ddb0       ?GetBarycentric@@YA?ATv2@@Urectangle2@@T1@@Z 000000018000edb0 f i p5engine.obj
 0001:0000de60       ?GetBitmap@@YAPEAUloaded_bitmap@@PEAUgame_assets@@Ubitmap_id@@@Z 000000018000ee60 f i p5engine.obj
 0001:0000de60       ?GetSound@@YAPEAUloaded_sound@@PEAUgame_assets@@Usound_id@@@Z 000000018000ee60 f i p5engine.obj
 0001:0000dee0       ?GetCameraRectangleAtDistance@@YA?AUrectangle2@@PEAUrender_group@@M@Z 000000018000eee0 f i p5engine.obj
 0001:0000df80       ?GetCameraRectangleAtTarget@@YA?AUrectangle2@@PEAUrender_group@@@Z 000000018000ef80 f i p5engine.obj
 0001:0000dff0       ?GetDim@@YA?ATv2@@Urectangle2@@@Z 000000018000eff0 f i p5engine.obj
 0001:0000e030       ?GetDim@@YA?ATv3@@Urectangle3@@@Z 000000018000f030 f i p5engine.obj
 0001:0000e0d0       ?GetEntityGroundPoint@@YA?ATv3@@PEAUsim_entity@@@Z 000000018000f0d0 f i p5engine.obj
 0001:0000e150       ?GetEntityGroundPoint@@YA?ATv3@@PEAUsim_entity@@T1@@Z 000000018000f150 f i p5engine.obj
 0001:0000e1b0       ?GetFileHandleFor@@YAPEAUplatform_file_handle@@PEAUgame_assets@@I@Z 000000018000f1b0 f i p5engine.obj
 0001:0000e210       ?GetLowEntity@@YAPEAUlow_entity@@PEAUgame_state@@I@Z 000000018000f210 f i p5engine.obj
 0001:0000e280       ?GetMaxCorner@@YA?ATv3@@Urectangle3@@@Z 000000018000f280 f i p5engine.obj
 0001:0000e2e0       ?GetMinCorner@@YA?ATv3@@Urectangle3@@@Z 000000018000f2e0 f i p5engine.obj
 0001:0000e330       ?GetNextSoundInChain@@YA?AUsound_id@@PEAUgame_assets@@U1@@Z 000000018000f330 f i p5engine.obj
 0001:0000e3f0       ?GetRenderEntityBasisPos@@YA?AUentity_basis_p_result@@PEAUrender_transform@@Tv3@@@Z 000000018000f3f0 f i p5engine.obj
 0001:0000e690       ?GetSimSpacePos@@YA?ATv3@@PEAUsim_region@@PEAUlow_entity@@@Z 000000018000f690 f i p5engine.obj
 0001:0000e780       ?GetSoundInfo@@YAPEAUp5a_sound@@PEAUgame_assets@@Usound_id@@@Z 000000018000f780 f i p5engine.obj
 0001:0000e7e0       ?GetStairGround@@YAMPEAUsim_entity@@Tv3@@@Z 000000018000f7e0 f i p5engine.obj
 0001:0000e8d0       ?GetWorldChunk@@YAPEAUworld_chunk@@PEAUworld@@HHHPEAUmemory_arena@@@Z 000000018000f8d0 f i p5engine.obj
 0001:0000eac0       ?Hadamard@@YA?ATv2@@T1@0@Z 000000018000fac0 f i p5engine.obj
 0001:0000eb20       ?Hadamard@@YA?ATv3@@T1@0@Z 000000018000fb20 f i p5engine.obj
 0001:0000ebe0       ?HasFlag@@YAHPEAUsim_entity@@I@Z 000000018000fbe0 f i p5engine.obj
 0001:0000ec20       ?InitializeArena@@YAXPEAUmemory_arena@@_KPEAX@Z 000000018000fc20 f i p5engine.obj
 0001:0000ec80       ?Inner@@YAMTv2@@0@Z        000000018000fc80 f i p5engine.obj
 0001:0000ecd0       ?Inner@@YAMTv3@@0@Z        000000018000fcd0 f i p5engine.obj
 0001:0000ed40       ?Intersect@@YA?AUrectangle2i@@U1@0@Z 000000018000fd40 f i p5engine.obj
 0001:0000ee50       ?IsCanonical@@YAHMM@Z      000000018000fe50 f i p5engine.obj
 0001:0000eef0       ?IsCanonical@@YAHPEAUworld@@Tv3@@@Z 000000018000fef0 f i p5engine.obj
 0001:0000ef90       ?IsInRectangle@@YAHUrectangle3@@Tv3@@@Z 000000018000ff90 f i p5engine.obj
 0001:0000f050       ?IsValid@@YAHUsound_id@@@Z 0000000180010050 f i p5engine.obj
 0001:0000f090       ?IsValid@@YAHUworld_position@@@Z 0000000180010090 f i p5engine.obj
 0001:0000f0e0       ?Length@@YAMTv3@@@Z        00000001800100e0 f i p5engine.obj
 0001:0000f130       ?LengthSq@@YAMTv2@@@Z      0000000180010130 f i p5engine.obj
 0001:0000f170       ?LengthSq@@YAMTv3@@@Z      0000000180010170 f i p5engine.obj
 0001:0000f1e0       ?LoadEntityReference@@YAXPEAUgame_state@@PEAUsim_region@@PEATentity_reference@@@Z 00000001800101e0 f i p5engine.obj
 0001:0000f310       ?MakeEntityNonSpatial@@YAXPEAUsim_entity@@@Z 0000000180010310 f i p5engine.obj
 0001:0000f390       ?MakeEntitySpatial@@YAXPEAUsim_entity@@Tv3@@1@Z 0000000180010390 f i p5engine.obj
 0001:0000f400       ?MapIntoChunkSpace@@YA?AUworld_position@@PEAUworld@@U1@Tv3@@@Z 0000000180010400 f i p5engine.obj
 0001:0000f4f0       ?NullPosition@@YA?AUworld_position@@XZ 00000001800104f0 f i p5engine.obj
 0001:0000f560       ?Orthographic@@YAXPEAUrender_group@@HHM@Z 0000000180010560 f i p5engine.obj
 0001:0000f660       ?Perspective@@YAXPEAUrender_group@@HHMMM@Z 0000000180010660 f i p5engine.obj
 0001:0000f750       ?PrefetchSound@@YAXPEAUgame_assets@@Usound_id@@@Z 0000000180010750 f i p5engine.obj
 0001:0000f780       ?PushBitmap@@YAXPEAUrender_group@@PEAUloaded_bitmap@@Tv3@@MTv4@@@Z 0000000180010780 f i p5engine.obj
 0001:0000f9b0       ?PushBitmap@@YAXPEAUrender_group@@Ubitmap_id@@Tv3@@MTv4@@@Z 00000001800109b0 f i p5engine.obj
 0001:0000fa90       ?PushRect@@YAXPEAUrender_group@@Tv3@@Tv2@@Tv4@@@Z 0000000180010a90 f i p5engine.obj
 0001:0000fc30       ?PushRectOutline@@YAXPEAUrender_group@@Tv3@@Tv2@@Tv4@@@Z 0000000180010c30 f i p5engine.obj
 0001:000100c0       ?PushRenderElement_@@YAPEAXPEAUrender_group@@IW4render_group_entry_type@@@Z 00000001800110c0 f i p5engine.obj
 0001:00010170       ?PushSize_@@YAPEAXPEAUmemory_arena@@_K1@Z 0000000180011170 f i p5engine.obj
 0001:00010240       ?RandomBilateral@@YAMPEAUrandom_series@@@Z 0000000180011240 f i p5engine.obj
 0001:00010290       ?RandomChoice@@YAIPEAUrandom_series@@I@Z 0000000180011290 f i p5engine.obj
 0001:000102d0       ?RandomNextUInt32@@YAIPEAUrandom_series@@@Z 00000001800112d0 f i p5engine.obj
 0001:00010340       ?RandomSeed@@YA?AUrandom_series@@I@Z 0000000180011340 f i p5engine.obj
 0001:000103b0       ?RandomUnilateral@@YAMPEAUrandom_series@@@Z 00000001800113b0 f i p5engine.obj
 0001:00010410       ?RecanonicalizeCoord@@YAXMPEAHPEAM@Z 0000000180011410 f i p5engine.obj
 0001:000104b0       ?RectCenterDim@@YA?AUrectangle2@@Tv2@@0@Z 00000001800114b0 f i p5engine.obj
 0001:00010540       ?RectCenterDim@@YA?AUrectangle3@@Tv3@@0@Z 0000000180011540 f i p5engine.obj
 0001:00010630       ?RectCenterHalfDim@@YA?AUrectangle2@@Tv2@@0@Z 0000000180011630 f i p5engine.obj
 0001:000106e0       ?RectCenterHalfDim@@YA?AUrectangle3@@Tv3@@0@Z 00000001800116e0 f i p5engine.obj
 0001:00010850       ?RectMinMax@@YA?AUrectangle3@@Tv3@@0@Z 0000000180011850 f i p5engine.obj
 0001:000108f0       ?RectanglesIntersect@@YAHUrectangle3@@0@Z 00000001800118f0 f i p5engine.obj
 0001:000109b0       ?RoundReal32ToInt32@@YAHM@Z 00000001800119b0 f i p5engine.obj
 0001:000109f0       ?RoundReal32ToUInt32@@YAIM@Z 00000001800119f0 f i p5engine.obj
 0001:00010a30       ?SafeRatio1@@YAMMM@Z       0000000180011a30 f i p5engine.obj
 0001:00010a80       ?SafeRatioN@@YAMMMM@Z      0000000180011a80 f i p5engine.obj
 0001:00010ae0       ?SignOf@@YAMM@Z            0000000180011ae0 f i p5engine.obj
 0001:00010b40       ?Sin@@YAMM@Z               0000000180011b40 f i p5engine.obj
 0001:00010b80       ?Square@@YAMM@Z            0000000180011b80 f i p5engine.obj
 0001:00010bc0       ?SquareRoot@@YAMM@Z        0000000180011bc0 f i p5engine.obj
 0001:00010c00       ?StoreEntityReference@@YAXPEATentity_reference@@@Z 0000000180011c00 f i p5engine.obj
 0001:00010c40       ?SubArena@@YAXPEAUmemory_arena@@0_K1@Z 0000000180011c40 f i p5engine.obj
 0001:00010cb0       ?ToV3@@YA?ATv3@@Tv2@@M@Z   0000000180011cb0 f i p5engine.obj
 0001:00010d40       ?Unproject@@YA?ATv2@@PEAUrender_group@@T1@M@Z 0000000180011d40 f i p5engine.obj
 0001:00010d90       ?V2@@YA?ATv2@@MM@Z         0000000180011d90 f i p5engine.obj
 0001:00010e00       ?V2i@@YA?ATv2@@HH@Z        0000000180011e00 f i p5engine.obj
 0001:00010e50       ?V3@@YA?ATv3@@MMM@Z        0000000180011e50 f i p5engine.obj
 0001:00010ef0       ?V4@@YA?ATv4@@MMMM@Z       0000000180011ef0 f i p5engine.obj
 0001:00010fa0       ?ZeroSize@@YAX_KPEAX@Z     0000000180011fa0 f i p5engine.obj
 0001:00011000       GetController              0000000180012000 f i p5engine.obj
 0001:00011060       ?DrawRectangleQuickly@@YAXPEAUloaded_bitmap@@Tv2@@11Tv4@@0MUrectangle2i@@H@Z 0000000180012060 f   p5engine_optimized.obj
 0001:00011da0       __CheckForDebuggerJustMyCode 0000000180012da0 f   MSVCRTD:debugger_jmc.obj
 0001:00011de0       __GSHandlerCheck           0000000180012de0 f   MSVCRTD:gshandler.obj
 0001:00011e20       __GSHandlerCheckCommon     0000000180012e20 f   MSVCRTD:gshandler.obj
 0001:00011f30       __chkstk                   0000000180012f30 f   MSVCRTD:chkstk.obj
 0001:00011f30       _alloca_probe              0000000180012f30 f   MSVCRTD:chkstk.obj
 0001:00011f90       __security_check_cookie    0000000180012f90 f   MSVCRTD:amdsecgs.obj
 0001:000123c0       _DllMainCRTStartup         00000001800133c0 f   MSVCRTD:dll_dllmain.obj
 0001:00012400       __raise_securityfailure    0000000180013400 f   MSVCRTD:gs_report.obj
 0001:00012440       __report_gsfailure         0000000180013440 f   MSVCRTD:gs_report.obj
 0001:000126a0       __security_init_cookie     00000001800136a0 f   MSVCRTD:gs_support.obj
 0001:00012720       DllMain                    0000000180013720 f   MSVCRTD:dll_dllmain_stub.obj
 0001:00012760       ?__scrt_initialize_type_info@@YAXXZ 0000000180013760 f   MSVCRTD:tncleanup.obj
 0001:00012780       ?__scrt_uninitialize_type_info@@YAXXZ 0000000180013780 f   MSVCRTD:tncleanup.obj
 0001:000127a0       __local_stdio_printf_options 00000001800137a0 f i MSVCRTD:default_local_stdio_options.obj
 0001:000127b0       __local_stdio_scanf_options 00000001800137b0 f i MSVCRTD:default_local_stdio_options.obj
 0001:000127c0       __scrt_initialize_default_local_stdio_options 00000001800137c0 f   MSVCRTD:default_local_stdio_options.obj
 0001:00012810       ?configure_argv@__scrt_narrow_argv_policy@@SAHXZ 0000000180013810 f i MSVCRTD:utility.obj
 0001:00012900       ?initialize_environment@__scrt_narrow_environment_policy@@SAHXZ 0000000180013900 f i MSVCRTD:utility.obj
 0001:000129a0       NtCurrentTeb               00000001800139a0 f i MSVCRTD:utility.obj
 0001:000129b0       __scrt_acquire_startup_lock 00000001800139b0 f   MSVCRTD:utility.obj
 0001:00012a20       __scrt_dllmain_after_initialize_c 0000000180013a20 f   MSVCRTD:utility.obj
 0001:00012a50       __scrt_dllmain_before_initialize_c 0000000180013a50 f   MSVCRTD:utility.obj
 0001:00012a70       __scrt_dllmain_crt_thread_attach 0000000180013a70 f   MSVCRTD:utility.obj
 0001:00012aa0       __scrt_dllmain_crt_thread_detach 0000000180013aa0 f   MSVCRTD:utility.obj
 0001:00012ac0       __scrt_dllmain_exception_filter 0000000180013ac0 f   MSVCRTD:utility.obj
 0001:00012b30       __scrt_dllmain_uninitialize_c 0000000180013b30 f   MSVCRTD:utility.obj
 0001:00012b60       __scrt_dllmain_uninitialize_critical 0000000180013b60 f   MSVCRTD:utility.obj
 0001:00012b80       __scrt_initialize_crt      0000000180013b80 f   MSVCRTD:utility.obj
 0001:00012bd0       __scrt_initialize_onexit_tables 0000000180013bd0 f   MSVCRTD:utility.obj
 0001:00012ce0       __scrt_is_nonwritable_in_current_image 0000000180013ce0 f   MSVCRTD:utility.obj
 0001:00012d70       __scrt_release_startup_lock 0000000180013d70 f   MSVCRTD:utility.obj
 0001:00012da0       __scrt_uninitialize_crt    0000000180013da0 f   MSVCRTD:utility.obj
 0001:00012de0       __scrt_get_dyn_tls_init_callback 0000000180013de0 f   MSVCRTD:dyn_tls_init.obj
 0001:00012df0       __crt_debugger_hook        0000000180013df0 f   MSVCRTD:utility_desktop.obj
 0001:00012e00       __scrt_fastfail            0000000180013e00 f   MSVCRTD:utility_desktop.obj
 0001:00012fa0       _RTC_Initialize            0000000180013fa0 f   MSVCRTD:initsect.obj
 0001:00012ff0       _RTC_Terminate             0000000180013ff0 f   MSVCRTD:initsect.obj
 0001:00013040       _guard_check_icall_nop     0000000180014040 f i MSVCRTD:guard_support.obj
 0001:00013050       __isa_available_init       0000000180014050 f   MSVCRTD:cpu_disp.obj
 0001:000133f0       _get_startup_argv_mode     00000001800143f0 f   MSVCRTD:argv_mode.obj
 0001:00013400       __scrt_is_ucrt_dll_in_use  0000000180014400 f   MSVCRTD:ucrt_detection.obj
 0001:00013430       __C_specific_handler       0000000180014430 f   vcruntimed:VCRUNTIME140D.dll
 0001:00013436       __std_type_info_destroy_list 0000000180014436 f   vcruntimed:VCRUNTIME140D.dll
 0001:0001343c       atan2                      000000018001443c f   ucrtd:ucrtbased.dll
 0001:00013442       sinf                       0000000180014442 f   ucrtd:ucrtbased.dll
 0001:00013448       sqrtf                      0000000180014448 f   ucrtd:ucrtbased.dll
 0001:0001344e       _initterm                  000000018001444e f   ucrtd:ucrtbased.dll
 0001:00013454       _initterm_e                0000000180014454 f   ucrtd:ucrtbased.dll
 0001:0001345a       _seh_filter_dll            000000018001445a f   ucrtd:ucrtbased.dll
 0001:00013460       _configure_narrow_argv     0000000180014460 f   ucrtd:ucrtbased.dll
 0001:00013466       _initialize_narrow_environment 0000000180014466 f   ucrtd:ucrtbased.dll
 0001:0001346c       _initialize_onexit_table   000000018001446c f   ucrtd:ucrtbased.dll
 0001:00013472       _execute_onexit_table      0000000180014472 f   ucrtd:ucrtbased.dll
 0001:00013478       _cexit                     0000000180014478 f   ucrtd:ucrtbased.dll
 0001:00013480       __scrt_stub_for_acrt_thread_detach 0000000180014480 f   MSVCRTD:ucrt_stubs.obj
 0001:00013480       __scrt_stub_for_acrt_initialize 0000000180014480 f   MSVCRTD:ucrt_stubs.obj
 0001:00013480       __vcrt_thread_attach       0000000180014480 f   MSVCRTD:ucrt_stubs.obj
 0001:00013480       __acrt_thread_detach       0000000180014480 f   MSVCRTD:ucrt_stubs.obj
 0001:00013480       __scrt_stub_for_acrt_thread_attach 0000000180014480 f   MSVCRTD:ucrt_stubs.obj
 0001:00013480       __vcrt_thread_detach       0000000180014480 f   MSVCRTD:ucrt_stubs.obj
 0001:00013480       __vcrt_initialize          0000000180014480 f   MSVCRTD:ucrt_stubs.obj
 0001:00013480       __acrt_thread_attach       0000000180014480 f   MSVCRTD:ucrt_stubs.obj
 0001:00013480       __acrt_initialize          0000000180014480 f   MSVCRTD:ucrt_stubs.obj
 0001:00013490       __vcrt_uninitialize_critical 0000000180014490 f   MSVCRTD:ucrt_stubs.obj
 0001:00013490       __scrt_stub_for_acrt_uninitialize_critical 0000000180014490 f   MSVCRTD:ucrt_stubs.obj
 0001:00013490       __acrt_uninitialize_critical 0000000180014490 f   MSVCRTD:ucrt_stubs.obj
 0001:00013490       __acrt_uninitialize        0000000180014490 f   MSVCRTD:ucrt_stubs.obj
 0001:00013490       __scrt_stub_for_acrt_uninitialize 0000000180014490 f   MSVCRTD:ucrt_stubs.obj
 0001:00013490       __vcrt_uninitialize        0000000180014490 f   MSVCRTD:ucrt_stubs.obj
 0001:000134a0       _is_c_termination_complete 00000001800144a0 f   MSVCRTD:ucrt_stubs.obj
 0001:000134a0       __scrt_stub_for_is_c_termination_complete 00000001800144a0 f   MSVCRTD:ucrt_stubs.obj
 0001:000134c0       _guard_dispatch_icall_nop  00000001800144c0 f   MSVCRTD:guard_dispatch.obj
 0001:000134e0       _guard_xfg_dispatch_icall_nop 00000001800144e0 f   MSVCRTD:guard_xfg_dispatch.obj
 0002:00000000       __imp_QueryPerformanceCounter 0000000180015000     kernel32:KERNEL32.dll
 0002:00000008       __imp_RtlCaptureContext    0000000180015008     kernel32:KERNEL32.dll
 0002:00000010       __imp_RtlLookupFunctionEntry 0000000180015010     kernel32:KERNEL32.dll
 0002:00000018       __imp_RtlVirtualUnwind     0000000180015018     kernel32:KERNEL32.dll
 0002:00000020       __imp_IsDebuggerPresent    0000000180015020     kernel32:KERNEL32.dll
 0002:00000028       __imp_InitializeSListHead  0000000180015028     kernel32:KERNEL32.dll
 0002:00000030       __imp_DisableThreadLibraryCalls 0000000180015030     kernel32:KERNEL32.dll
 0002:00000038       __imp_GetSystemTimeAsFileTime 0000000180015038     kernel32:KERNEL32.dll
 0002:00000040       __imp_GetCurrentProcessId  0000000180015040     kernel32:KERNEL32.dll
 0002:00000048       __imp_GetCurrentThreadId   0000000180015048     kernel32:KERNEL32.dll
 0002:00000050       __imp_IsProcessorFeaturePresent 0000000180015050     kernel32:KERNEL32.dll
 0002:00000058       __imp_TerminateProcess     0000000180015058     kernel32:KERNEL32.dll
 0002:00000060       __imp_GetCurrentProcess    0000000180015060     kernel32:KERNEL32.dll
 0002:00000068       __imp_SetUnhandledExceptionFilter 0000000180015068     kernel32:KERNEL32.dll
 0002:00000070       __imp_UnhandledExceptionFilter 0000000180015070     kernel32:KERNEL32.dll
 0002:00000078       \177KERNEL32_NULL_THUNK_DATA 0000000180015078     kernel32:KERNEL32.dll
 0002:00000080       __imp___std_type_info_destroy_list 0000000180015080     vcruntimed:VCRUNTIME140D.dll
 0002:00000088       __imp___C_specific_handler 0000000180015088     vcruntimed:VCRUNTIME140D.dll
 0002:00000090       \177VCRUNTIME140D_NULL_THUNK_DATA 0000000180015090     vcruntimed:VCRUNTIME140D.dll
 0002:00000098       __imp__cexit               0000000180015098     ucrtd:ucrtbased.dll
 0002:000000a0       __imp__execute_onexit_table 00000001800150a0     ucrtd:ucrtbased.dll
 0002:000000a8       __imp__initialize_onexit_table 00000001800150a8     ucrtd:ucrtbased.dll
 0002:000000b0       __imp__initialize_narrow_environment 00000001800150b0     ucrtd:ucrtbased.dll
 0002:000000b8       __imp__configure_narrow_argv 00000001800150b8     ucrtd:ucrtbased.dll
 0002:000000c0       __imp__initterm_e          00000001800150c0     ucrtd:ucrtbased.dll
 0002:000000c8       __imp__initterm            00000001800150c8     ucrtd:ucrtbased.dll
 0002:000000d0       __imp_sqrtf                00000001800150d0     ucrtd:ucrtbased.dll
 0002:000000d8       __imp_sinf                 00000001800150d8     ucrtd:ucrtbased.dll
 0002:000000e0       __imp_atan2                00000001800150e0     ucrtd:ucrtbased.dll
 0002:000000e8       __imp_roundf               00000001800150e8     ucrtd:ucrtbased.dll
 0002:000000f0       __imp__seh_filter_dll      00000001800150f0     ucrtd:ucrtbased.dll
 0002:000000f8       \177ucrtbased_NULL_THUNK_DATA 00000001800150f8     ucrtd:ucrtbased.dll
 0002:00000100       __guard_check_icall_fptr   0000000180015100     MSVCRTD:guard_support.obj
 0002:00000108       __guard_xfg_check_icall_fptr 0000000180015108     MSVCRTD:guard_support.obj
 0002:00000110       __guard_dispatch_icall_fptr 0000000180015110     MSVCRTD:guard_support.obj
 0002:00000118       __guard_xfg_dispatch_icall_fptr 0000000180015118     MSVCRTD:guard_support.obj
 0002:00000120       __guard_xfg_table_dispatch_icall_fptr 0000000180015120     MSVCRTD:guard_support.obj
 0002:00000128       __xc_a                     0000000180015128     MSVCRTD:initializers.obj
 0002:00000130       __xc_z                     0000000180015130     MSVCRTD:initializers.obj
 0002:00000138       __xi_a                     0000000180015138     MSVCRTD:initializers.obj
 0002:00000140       __xi_z                     0000000180015140     MSVCRTD:initializers.obj
 0002:00000148       __xp_a                     0000000180015148     MSVCRTD:initializers.obj
 0002:00000150       __xp_z                     0000000180015150     MSVCRTD:initializers.obj
 0002:00000158       __xt_a                     0000000180015158     MSVCRTD:initializers.obj
 0002:00000160       __xt_z                     0000000180015160     MSVCRTD:initializers.obj
 0002:00000200       ??_C@_0BA@NMEIMCEK@InvalidCodePath@ 0000000180015200     p5engine.obj
 0002:00000210       __real@00000000            0000000180015210     p5engine.obj
 0002:00000214       __real@308992b1            0000000180015214     p5engine.obj
 0002:00000218       __real@3a83126f            0000000180015218     p5engine.obj
 0002:0000021c       __real@3c23d70a            000000018001521c     p5engine.obj
 0002:00000220       __real@3cc30c31            0000000180015220     p5engine.obj
 0002:00000224       __real@3dcccccd            0000000180015224     p5engine.obj
 0002:00000228       __real@3e4ccccd            0000000180015228     p5engine.obj
 0002:0000022c       __real@3e800000            000000018001522c     p5engine.obj
 0002:00000230       __real@3e99999a            0000000180015230     p5engine.obj
 0002:00000234       __real@3ecccccd            0000000180015234     p5engine.obj
 0002:00000238       __real@3ee147ae            0000000180015238     p5engine.obj
 0002:0000023c       __real@3f000000            000000018001523c     p5engine.obj
 0002:00000240       __real@3f19999a            0000000180015240     p5engine.obj
 0002:00000244       __real@3f228f5c            0000000180015244     p5engine.obj
 0002:00000248       __real@3f3504f3            0000000180015248     p5engine.obj
 0002:0000024c       __real@3f400000            000000018001524c     p5engine.obj
 0002:00000250       __real@3f666666            0000000180015250     p5engine.obj
 0002:00000254       __real@3f800000            0000000180015254     p5engine.obj
 0002:00000258       __real@3f8ccccd            0000000180015258     p5engine.obj
 0002:0000025c       __real@3f99999a            000000018001525c     p5engine.obj
 0002:00000260       __real@3fa66666            0000000180015260     p5engine.obj
 0002:00000264       __real@3fb33333            0000000180015264     p5engine.obj
 0002:00000268       __real@3fc00000            0000000180015268     p5engine.obj
 0002:0000026c       __real@40000000            000000018001526c     p5engine.obj
 0002:00000270       __real@400ccccd            0000000180015270     p5engine.obj
 0002:00000274       __real@40400000            0000000180015274     p5engine.obj
 0002:00000278       __real@40800000            0000000180015278     p5engine.obj
 0002:0000027c       __real@40a00000            000000018001527c     p5engine.obj
 0002:00000280       __real@40c00000            0000000180015280     p5engine.obj
 0002:00000284       __real@40c90fdb            0000000180015284     p5engine.obj
 0002:00000288       __real@41100000            0000000180015288     p5engine.obj
 0002:0000028c       __real@41700000            000000018001528c     p5engine.obj
 0002:00000290       __real@41880000            0000000180015290     p5engine.obj
 0002:00000294       __real@41a00000            0000000180015294     p5engine.obj
 0002:00000298       __real@41f00000            0000000180015298     p5engine.obj
 0002:0000029c       __real@42340000            000000018001529c     p5engine.obj
 0002:000002a0       __real@437f0000            00000001800152a0     p5engine.obj
 0002:000002a4       __real@461c4000            00000001800152a4     p5engine.obj
 0002:000002a8       __real@47c35000            00000001800152a8     p5engine.obj
 0002:000002ac       __real@49742400            00000001800152ac     p5engine.obj
 0002:000002b0       __real@7f7fffff            00000001800152b0     p5engine.obj
 0002:000002b4       __real@becccccd            00000001800152b4     p5engine.obj
 0002:000002b8       __real@bf000000            00000001800152b8     p5engine.obj
 0002:000002bc       __real@bf800000            00000001800152bc     p5engine.obj
 0002:000002c0       __real@c0000000            00000001800152c0     p5engine.obj
 0002:000002c4       __real@c0100000            00000001800152c4     p5engine.obj
 0002:000002c8       __real@c0400000            00000001800152c8     p5engine.obj
 0002:000002cc       __real@c11ccccd            00000001800152cc     p5engine.obj
 0002:000002d0       __xmm@00000000000000000000000000000000 00000001800152d0     p5engine.obj
 0002:000002e0       __xmm@3f8000003f8000003f8000003f800000 00000001800152e0     p5engine.obj
 0002:000002f0       __xmm@7fffffffffffffff7fffffffffffffff 00000001800152f0     p5engine.obj
 0002:00000300       __xmm@80000000800000008000000080000000 0000000180015300     p5engine.obj
 0002:00000310       __xmm@000000ff000000ff000000ff000000ff 0000000180015310     p5engine_optimized.obj
 0002:00000320       __xmm@0000ffff0000ffff0000ffff0000ffff 0000000180015320     p5engine_optimized.obj
 0002:00000330       __xmm@00ff00ff00ff00ff00ff00ff00ff00ff 0000000180015330     p5engine_optimized.obj
 0002:00000340       __xmm@3b8080813b8080813b8080813b808081 0000000180015340     p5engine_optimized.obj
 0002:00000350       __xmm@3f0000003f0000003f0000003f000000 0000000180015350     p5engine_optimized.obj
 0002:00000360       __xmm@40800000408000004080000040800000 0000000180015360     p5engine_optimized.obj
 0002:00000370       __xmm@477e0100477e0100477e0100477e0100 0000000180015370     p5engine_optimized.obj
 0002:00000380       __xmm@ffffffffffffffffffffffffffffffff 0000000180015380     p5engine_optimized.obj
 0002:00000390       _pRawDllMain               0000000180015390     MSVCRTD:dll_dllmain.obj
 0002:00000390       _pDefaultRawDllMain        0000000180015390     MSVCRTD:dll_dllmain.obj
 0002:00000400       _load_config_used          0000000180015400     MSVCRTD:loadcfg.obj
 0002:00000580       __volatile_metadata        0000000180015580     <linker-defined>
 0002:000009b0       __rtc_iaa                  00000001800159b0     MSVCRTD:initsect.obj
 0002:000009b8       __rtc_izz                  00000001800159b8     MSVCRTD:initsect.obj
 0002:000009c0       __rtc_taa                  00000001800159c0     MSVCRTD:initsect.obj
 0002:000009c8       __rtc_tzz                  00000001800159c8     MSVCRTD:initsect.obj
 0002:000011e4       __IMPORT_DESCRIPTOR_VCRUNTIME140D 00000001800161e4     vcruntimed:VCRUNTIME140D.dll
 0002:000011f8       __IMPORT_DESCRIPTOR_ucrtbased 00000001800161f8     ucrtd:ucrtbased.dll
 0002:0000120c       __IMPORT_DESCRIPTOR_KERNEL32 000000018001620c     kernel32:KERNEL32.dll
 0002:00001220       __NULL_IMPORT_DESCRIPTOR   0000000180016220     vcruntimed:VCRUNTIME140D.dll
 0003:00004000       __security_cookie_complement 000000018001b000     MSVCRTD:gs_cookie.obj
 0003:00004008       __security_cookie          000000018001b008     MSVCRTD:gs_cookie.obj
 0003:00004010       _fltused                   000000018001b010     MSVCRTD:fltused.obj
 0003:00004014       __scrt_native_dllmain_reason 000000018001b014     MSVCRTD:utility.obj
 0003:00004018       __isa_available            000000018001b018     MSVCRTD:cpu_disp.obj
 0003:0000401c       __isa_enabled              000000018001b01c     MSVCRTD:cpu_disp.obj
 0003:00004020       __memcpy_nt_iters          000000018001b020     MSVCRTD:cpu_disp.obj
 0003:00004028       __memset_nt_iters          000000018001b028     MSVCRTD:cpu_disp.obj
 0003:00004030       __scrt_ucrt_dll_is_in_use  000000018001b030     MSVCRTD:ucrt_stubs.obj
 0003:00004040       DebugGlobalMemory          000000018001b040     p5engine.obj
 0003:00004620       ?__type_info_root_node@@3U__type_info_node@@A 000000018001b620     MSVCRTD:tncleanup.obj
 0003:00004630       ?_OptionsStorage@?1??__local_stdio_printf_options@@9@4_KA 000000018001b630     MSVCRTD:default_local_stdio_options.obj
 0003:00004638       ?_OptionsStorage@?1??__local_stdio_scanf_options@@9@4_KA 000000018001b638     MSVCRTD:default_local_stdio_options.obj
 0003:00004640       __scrt_current_native_startup_state 000000018001b640     MSVCRTD:utility.obj
 0003:00004648       __scrt_native_startup_lock 000000018001b648     MSVCRTD:utility.obj
 0003:00004688       __scrt_debugger_hook_flag  000000018001b688     MSVCRTD:utility_desktop.obj
 0003:00004690       __castguard_check_failure_os_handled_fptr 000000018001b690     MSVCRTD:guard_support.obj
 0003:00004698       __favor                    000000018001b698     MSVCRTD:cpu_disp.obj
 0003:000046a0       __dyn_tls_init_callback    000000018001b6a0     <common>
 0003:000046a8       __DebuggerCurrentSteppingThreadId 000000018001b6a8     <common>

 entry point at        0001:000123c0

 Static symbols

 0000:fffe0000       .debug$S                   0000000180000000     P5Engine.exp
 0000:fffe0000       .debug$S                   0000000180000000     vcruntimed:VCRUNTIME140D.dll
 0000:fffe0000       .debug$S                   0000000180000000     vcruntimed:VCRUNTIME140D.dll
 0000:fffe0000       .debug$S                   0000000180000000     vcruntimed:VCRUNTIME140D.dll
 0000:fffe0000       .debug$S                   0000000180000000     vcruntimed:VCRUNTIME140D.dll
 0000:fffe0000       .debug$S                   0000000180000000     ucrtd:ucrtbased.dll
 0000:fffe0000       .debug$S                   0000000180000000     ucrtd:ucrtbased.dll
 0000:fffe0000       .debug$S                   0000000180000000     ucrtd:ucrtbased.dll
 0000:fffe0000       .debug$S                   0000000180000000     ucrtd:ucrtbased.dll
 0000:fffe0000       .debug$S                   0000000180000000     ucrtd:ucrtbased.dll
 0000:fffe0000       .debug$S                   0000000180000000     ucrtd:ucrtbased.dll
 0000:fffe0000       .debug$S                   0000000180000000     ucrtd:ucrtbased.dll
 0000:fffe0000       .debug$S                   0000000180000000     ucrtd:ucrtbased.dll
 0000:fffe0000       .debug$S                   0000000180000000     ucrtd:ucrtbased.dll
 0000:fffe0000       .debug$S                   0000000180000000     ucrtd:ucrtbased.dll
 0000:fffe0000       .debug$S                   0000000180000000     ucrtd:ucrtbased.dll
 0000:fffe0000       .debug$S                   0000000180000000     ucrtd:ucrtbased.dll
 0000:fffe0000       .debug$S                   0000000180000000     ucrtd:ucrtbased.dll
 0000:fffe0000       .debug$S                   0000000180000000     ucrtd:ucrtbased.dll
 0000:fffe0000       .debug$S                   0000000180000000     ucrtd:ucrtbased.dll
 0000:fffe0000       .debug$S                   0000000180000000     ucrtd:ucrtbased.dll
 0000:fffe0000       .debug$S                   0000000180000000     kernel32:KERNEL32.dll
 0000:fffe0000       .debug$S                   0000000180000000     kernel32:KERNEL32.dll
 0000:fffe0000       .debug$S                   0000000180000000     kernel32:KERNEL32.dll
 0000:fffe0000       .debug$S                   0000000180000000     kernel32:KERNEL32.dll
 0000:fffe0000       .debug$S                   0000000180000000     kernel32:KERNEL32.dll
 0000:fffe0000       .debug$S                   0000000180000000     kernel32:KERNEL32.dll
 0000:fffe0000       .debug$S                   0000000180000000     kernel32:KERNEL32.dll
 0000:fffe0000       .debug$S                   0000000180000000     kernel32:KERNEL32.dll
 0000:fffe0000       .debug$S                   0000000180000000     kernel32:KERNEL32.dll
 0000:fffe0000       .debug$S                   0000000180000000     kernel32:KERNEL32.dll
 0000:fffe0000       .debug$S                   0000000180000000     kernel32:KERNEL32.dll
 0000:fffe0000       .debug$S                   0000000180000000     kernel32:KERNEL32.dll
 0000:fffe0000       .debug$S                   0000000180000000     kernel32:KERNEL32.dll
 0000:fffe0000       .debug$S                   0000000180000000     kernel32:KERNEL32.dll
 0000:fffe0000       .debug$S                   0000000180000000     kernel32:KERNEL32.dll
 0000:fffe0000       .debug$S                   0000000180000000     kernel32:KERNEL32.dll
 0000:fffe0000       .debug$S                   0000000180000000     kernel32:KERNEL32.dll
 0001:00000000       ?LoadBitmap@@YAXPEAUgame_assets@@Ubitmap_id@@@Z 0000000180001000 f   p5engine.obj
 0001:000002c0       ?LoadSound@@YAXPEAUgame_assets@@Usound_id@@@Z 00000001800012c0 f   p5engine.obj
 0001:00000550       ?AddCollisionRule@@YAXPEAUgame_state@@IIH@Z 0000000180001550 f   p5engine.obj
 0001:000006d0       ?ClearCollisionRulesFor@@YAXPEAUgame_state@@I@Z 00000001800016d0 f   p5engine.obj
 0001:000007d0       ?BeginTaskWithMemory@@YAPEAUtask_with_memory@@PEAUtransient_state@@@Z 00000001800017d0 f   p5engine.obj
 0001:000008b0       ?EndTaskWithMemory@@YAXPEAUtask_with_memory@@@Z 00000001800018b0 f   p5engine.obj
 0001:00000910       ?DrawRectangle@@YAXPEAUloaded_bitmap@@Tv2@@1Tv4@@Urectangle2i@@H@Z 0000000180001910 f   p5engine.obj
 0001:00000bd0       ?RenderGroupToOutput@@YAXPEAUrender_group@@PEAUloaded_bitmap@@Urectangle2i@@H@Z 0000000180001bd0 f   p5engine.obj
 0001:00000fc0       ?DoTiledRenderWork@@YAXPEAUplatform_work_queue@@PEAX@Z 0000000180001fc0 f   p5engine.obj
 0001:00001070       ?RenderGroupToOutput@@YAXPEAUrender_group@@PEAUloaded_bitmap@@@Z 0000000180002070 f   p5engine.obj
 0001:00001160       ?TiledRenderGroupToOutput@@YAXPEAUplatform_work_queue@@PEAUrender_group@@PEAUloaded_bitmap@@@Z 0000000180002160 f   p5engine.obj
 0001:00001390       ?AllocateRenderGroup@@YAPEAUrender_group@@PEAUgame_assets@@PEAUmemory_arena@@I@Z 0000000180002390 f   p5engine.obj
 0001:000014c0       ?InitializeWorld@@YAXPEAUworld@@Tv3@@@Z 00000001800024c0 f   p5engine.obj
 0001:00001560       ?Subtract@@YA?ATv3@@PEAUworld@@PEAUworld_position@@1@Z 0000000180002560 f   p5engine.obj
 0001:000017d0       ?ChangeEntityLocation@@YAXPEAUmemory_arena@@PEAUworld@@IPEAUlow_entity@@Uworld_position@@@Z 00000001800027d0 f   p5engine.obj
 0001:00001960       ?GetHashFromStorageIndex@@YAPEAUsim_entity_hash@@PEAUsim_region@@I@Z 0000000180002960 f   p5engine.obj
 0001:00001a30       ?AddEntity@@YAPEAUsim_entity@@PEAUgame_state@@PEAUsim_region@@IPEAUlow_entity@@PEATv3@@@Z 0000000180002a30 f   p5engine.obj
 0001:00001b90       ?AddEntityRaw@@YAPEAUsim_entity@@PEAUgame_state@@PEAUsim_region@@IPEAUlow_entity@@@Z 0000000180002b90 f   p5engine.obj
 0001:00001d10       ?BeginSim@@YAPEAUsim_region@@PEAUmemory_arena@@PEAUgame_state@@PEAUworld@@Uworld_position@@Urectangle3@@M@Z 0000000180002d10 f   p5engine.obj
 0001:00002380       ?EndSim@@YAXPEAUsim_region@@PEAUgame_state@@@Z 0000000180003380 f   p5engine.obj
 0001:00002640       ?CanCollide@@YAHPEAUgame_state@@PEAUsim_entity@@1@Z 0000000180003640 f   p5engine.obj
 0001:00002790       ?HandleCollision@@YAHPEAUgame_state@@PEAUsim_entity@@1@Z 0000000180003790 f   p5engine.obj
 0001:00002870       ?CanOverlap@@YAHPEAUgame_state@@PEAUsim_entity@@1@Z 0000000180003870 f   p5engine.obj
 0001:000028d0       ?HandleOverlap@@YAXPEAUgame_state@@PEAUsim_entity@@1MPEAM@Z 00000001800038d0 f   p5engine.obj
 0001:00002970       ?SpeculativeCollide@@YAHPEAUsim_entity@@0Tv3@@@Z 0000000180003970 f   p5engine.obj
 0001:00002a70       ?EntitiesOverlap@@YAHPEAUsim_entity@@0Tv3@@@Z 0000000180003a70 f   p5engine.obj
 0001:00002db0       ?MoveEntity@@YAXPEAUgame_state@@PEAUsim_region@@PEAUsim_entity@@MPEAUmove_spec@@Tv3@@@Z 0000000180003db0 f   p5engine.obj
 0001:00004710       ?LoadAssetWork@@YAXPEAUplatform_work_queue@@PEAX@Z 0000000180005710 f   p5engine.obj
 0001:000047b0       ?GetBestMatchAssetFrom@@YAIPEAUgame_assets@@W4asset_type_id@@PEAUasset_vector@@2@Z 00000001800057b0 f   p5engine.obj
 0001:000049e0       ?GetRandomAssetFrom@@YAIPEAUgame_assets@@W4asset_type_id@@PEAUrandom_series@@@Z 00000001800059e0 f   p5engine.obj
 0001:00004a70       ?GetFirstAssetFrom@@YAIPEAUgame_assets@@W4asset_type_id@@@Z 0000000180005a70 f   p5engine.obj
 0001:00004ad0       ?GetBestMatchBitmapFrom@@YA?AUbitmap_id@@PEAUgame_assets@@W4asset_type_id@@PEAUasset_vector@@2@Z 0000000180005ad0 f   p5engine.obj
 0001:00004b20       ?GetFirstBitmapFrom@@YA?AUbitmap_id@@PEAUgame_assets@@W4asset_type_id@@@Z 0000000180005b20 f   p5engine.obj
 0001:00004b60       ?GetRandomBitmapFrom@@YA?AUbitmap_id@@PEAUgame_assets@@W4asset_type_id@@PEAUrandom_series@@@Z 0000000180005b60 f   p5engine.obj
 0001:00004bb0       ?GetFirstSoundFrom@@YA?AUsound_id@@PEAUgame_assets@@W4asset_type_id@@@Z 0000000180005bb0 f   p5engine.obj
 0001:00004bf0       ?GetRandomSoundFrom@@YA?AUsound_id@@PEAUgame_assets@@W4asset_type_id@@PEAUrandom_series@@@Z 0000000180005bf0 f   p5engine.obj
 0001:00004c40       ?AllocateGameAssets@@YAPEAUgame_assets@@PEAUmemory_arena@@_KPEAUtransient_state@@@Z 0000000180005c40 f   p5engine.obj
 0001:00005440       ?PlaySound@@YAPEAUplaying_sound@@PEAUaudio_state@@Usound_id@@@Z 0000000180006440 f   p5engine.obj
 0001:00005570       ?ChangeVolume@@YAXPEAUaudio_state@@PEAUplaying_sound@@MTv2@@@Z 0000000180006570 f   p5engine.obj
 0001:00005630       ?OutputPlayingSounds@@YAXPEAUaudio_state@@PEAUgame_sound_output_buffer@@PEAUgame_assets@@PEAUmemory_arena@@@Z 0000000180006630 f   p5engine.obj
 0001:00006720       ?InitializeAudioState@@YAXPEAUaudio_state@@PEAUmemory_arena@@@Z 0000000180007720 f   p5engine.obj
 0001:000067a0       ?AddLowEntity@@YA?AUadd_low_entity_result@@PEAUgame_state@@W4entity_type@@Uworld_position@@@Z 00000001800077a0 f   p5engine.obj
 0001:000069a0       ?AddGroundedEntity@@YA?AUadd_low_entity_result@@PEAUgame_state@@W4entity_type@@Uworld_position@@PEAUsim_entity_collision_volume_group@@@Z 00000001800079a0 f   p5engine.obj
 0001:00006a50       ?AddStandardRoom@@YA?AUadd_low_entity_result@@PEAUgame_state@@III@Z 0000000180007a50 f   p5engine.obj
 0001:00006bb0       ?AddWall@@YA?AUadd_low_entity_result@@PEAUgame_state@@III@Z 0000000180007bb0 f   p5engine.obj
 0001:00006d10       ?AddStairs@@YA?AUadd_low_entity_result@@PEAUgame_state@@III@Z 0000000180007d10 f   p5engine.obj
 0001:00006ea0       ?InitHitPoints@@YAXPEAUlow_entity@@I@Z 0000000180007ea0 f   p5engine.obj
 0001:00006f30       ?AddSword@@YA?AUadd_low_entity_result@@PEAUgame_state@@@Z 0000000180007f30 f   p5engine.obj
 0001:00007020       ?AddPlayer@@YA?AUadd_low_entity_result@@PEAUgame_state@@@Z 0000000180008020 f   p5engine.obj
 0001:00007160       ?AddMonstar@@YA?AUadd_low_entity_result@@PEAUgame_state@@III@Z 0000000180008160 f   p5engine.obj
 0001:000072d0       ?AddFamiliar@@YA?AUadd_low_entity_result@@PEAUgame_state@@III@Z 00000001800082d0 f   p5engine.obj
 0001:00007430       ?DrawHitpoints@@YAXPEAUsim_entity@@PEAUrender_group@@@Z 0000000180008430 f   p5engine.obj
 0001:000076a0       ?MakeSimpleGroundedCollision@@YAPEAUsim_entity_collision_volume_group@@PEAUgame_state@@MMM@Z 00000001800086a0 f   p5engine.obj
 0001:00007800       ?MakeNullCollision@@YAPEAUsim_entity_collision_volume_group@@PEAUgame_state@@@Z 0000000180008800 f   p5engine.obj
 0001:000078e0       ?FillGroundChunkWork@@YAXPEAUplatform_work_queue@@PEAX@Z 00000001800088e0 f   p5engine.obj
 0001:00007940       ?FillGroundChunk@@YAXPEAUtransient_state@@PEAUgame_state@@PEAUground_buffer@@PEAUworld_position@@@Z 0000000180008940 f   p5engine.obj
 0001:000081c0       ?ClearBitmap@@YAXPEAUloaded_bitmap@@@Z 00000001800091c0 f   p5engine.obj
 0001:00008220       ?MakeEmptyBitmap@@YA?AUloaded_bitmap@@PEAUmemory_arena@@HHH@Z 0000000180009220 f   p5engine.obj
 0001:00008310       ?MakeSphereDiffuseMap@@YAXPEAUloaded_bitmap@@MM@Z 0000000180009310 f   p5engine.obj
 0001:00008640       ?MakeSphereNormalMap@@YAXPEAUloaded_bitmap@@MMM@Z 0000000180009640 f   p5engine.obj
 0001:0000c458       $LN147                     000000018000d458     p5engine.obj
 0001:00011f20       $$000000                   0000000180012f20     MSVCRTD:chkstk.obj
 0001:00011f80       $$000000                   0000000180012f80     MSVCRTD:amdsecgs.obj
 0001:00011fb0       ?dllmain_crt_dispatch@@YAHQEAUHINSTANCE__@@KQEAX@Z 0000000180012fb0 f   MSVCRTD:dll_dllmain.obj
 0001:00012040       ?dllmain_crt_process_attach@@YAHQEAUHINSTANCE__@@QEAX@Z 0000000180013040 f   MSVCRTD:dll_dllmain.obj
 0001:00012180       ?dllmain_crt_process_detach@@YAH_N@Z 0000000180013180 f   MSVCRTD:dll_dllmain.obj
 0001:00012220       ?dllmain_dispatch@@YAHQEAUHINSTANCE__@@KQEAX@Z 0000000180013220 f   MSVCRTD:dll_dllmain.obj
 0001:00012360       ?dllmain_raw@@YAHQEAUHINSTANCE__@@KQEAX@Z 0000000180013360 f   MSVCRTD:dll_dllmain.obj
 0001:00012520       capture_previous_context   0000000180013520 f   MSVCRTD:gs_report.obj
 0001:000125e0       __get_entropy              00000001800135e0 f   MSVCRTD:gs_support.obj
 0001:00012830       ?find_pe_section@@YAPEAU_IMAGE_SECTION_HEADER@@QEAE_K@Z 0000000180013830 f   MSVCRTD:utility.obj
 0001:00012910       ?is_potentially_valid_image_base@@YA_NQEAX@Z 0000000180013910 f   MSVCRTD:utility.obj
 0001:000134b0       $$000000                   00000001800144b0     MSVCRTD:guard_dispatch.obj
 0001:000134d0       $$000000                   00000001800144d0     MSVCRTD:guard_xfg_dispatch.obj
 0001:000134f0       ?fin$0@?0??dllmain_crt_process_attach@@YAHQEAUHINSTANCE__@@QEAX@Z@4HA 00000001800144f0 f   MSVCRTD:dll_dllmain.obj
 0001:00013510       ?fin$0@?0??dllmain_crt_process_detach@@YAH_N@Z@4HA 0000000180014510 f   MSVCRTD:dll_dllmain.obj
 0001:0001352a       ?fin$1@?0??dllmain_crt_process_detach@@YAH_N@Z@4HA 000000018001452a f   MSVCRTD:dll_dllmain.obj
 0001:00013540       ?filt$0@?0??dllmain_dispatch@@YAHQEAUHINSTANCE__@@KQEAX@Z@4HA 0000000180014540 f   MSVCRTD:dll_dllmain.obj
 0001:00013590       __scrt_is_nonwritable_in_current_image$filt$0 0000000180014590 f   MSVCRTD:utility.obj
 0002:00000170       $SG29454                   0000000180015170     p5engine.obj
 0002:00000180       $SG29882                   0000000180015180     p5engine.obj
 0002:00000190       $SG30627                   0000000180015190     p5engine.obj
 0002:00000198       $SG30629                   0000000180015198     p5engine.obj
 0002:000001c0       $SG30631                   00000001800151c0     p5engine.obj
 0002:000001e0       $SG30635                   00000001800151e0     p5engine.obj
 0002:000001f0       $SG31854                   00000001800151f0     p5engine.obj
 0002:00000398       GS_ExceptionPointers       0000000180015398     MSVCRTD:gs_report.obj
 0002:000009d0       $unwind$?GetBitmap@@YAPEAUloaded_bitmap@@PEAUgame_assets@@Ubitmap_id@@@Z 00000001800159d0     p5engine.obj
 0002:000009d0       $unwind$?GetFileHandleFor@@YAPEAUplatform_file_handle@@PEAUgame_assets@@I@Z 00000001800159d0     p5engine.obj
 0002:000009d0       $unwind$?GetLowEntity@@YAPEAUlow_entity@@PEAUgame_state@@I@Z 00000001800159d0     p5engine.obj
 0002:000009d0       $unwind$?GetSound@@YAPEAUloaded_sound@@PEAUgame_assets@@Usound_id@@@Z 00000001800159d0     p5engine.obj
 0002:000009d0       $unwind$?GetSoundInfo@@YAPEAUp5a_sound@@PEAUgame_assets@@Usound_id@@@Z 00000001800159d0     p5engine.obj
 0002:000009d0       $unwind$?HasFlag@@YAHPEAUsim_entity@@I@Z 00000001800159d0     p5engine.obj
 0002:000009d0       $unwind$?RandomChoice@@YAIPEAUrandom_series@@I@Z 00000001800159d0     p5engine.obj
 0002:000009d0       $unwind$GetController      00000001800159d0     p5engine.obj
 0002:000009d8       $unwind$?InitializeArena@@YAXPEAUmemory_arena@@_KPEAX@Z 00000001800159d8     p5engine.obj
 0002:000009e0       $unwind$?GetAlignmentOffset@@YA_KPEAUmemory_arena@@_K@Z 00000001800159e0     p5engine.obj
 0002:000009e8       $unwind$??Y@YAAEATv2@@AEAT0@T0@@Z 00000001800159e8     p5engine.obj
 0002:000009e8       $unwind$?GetArenaSizeRemaining@@YA_KPEAUmemory_arena@@_K@Z 00000001800159e8     p5engine.obj
 0002:000009e8       $unwind$?Hadamard@@YA?ATv2@@T1@0@Z 00000001800159e8     p5engine.obj
 0002:000009e8       $unwind$?Inner@@YAMTv2@@0@Z 00000001800159e8     p5engine.obj
 0002:000009e8       $unwind$?Inner@@YAMTv3@@0@Z 00000001800159e8     p5engine.obj
 0002:000009e8       $unwind$?IsCanonical@@YAHPEAUworld@@Tv3@@@Z 00000001800159e8     p5engine.obj
 0002:000009e8       $unwind$?IsInRectangle@@YAHUrectangle3@@Tv3@@@Z 00000001800159e8     p5engine.obj
 0002:000009e8       $unwind$?RectanglesIntersect@@YAHUrectangle3@@0@Z 00000001800159e8     p5engine.obj
 0002:000009e8       $unwind$?ZeroSize@@YAX_KPEAX@Z 00000001800159e8     p5engine.obj
 0002:000009e8       $unwind$?find_pe_section@@YAPEAU_IMAGE_SECTION_HEADER@@QEAE_K@Z 00000001800159e8     MSVCRTD:utility.obj
 0002:000009f0       $unwind$?PushSize_@@YAPEAXPEAUmemory_arena@@_K1@Z 00000001800159f0     p5engine.obj
 0002:000009f8       $unwind$?BeginTemporaryMemory@@YA?AUtemporary_memory@@PEAUmemory_arena@@@Z 00000001800159f8     p5engine.obj
 0002:00000a0c       $unwind$?AllResourcesPresent@@YAHPEAUrender_group@@@Z 0000000180015a0c     p5engine.obj
 0002:00000a0c       $unwind$?EndTemporaryMemory@@YAXUtemporary_memory@@@Z 0000000180015a0c     p5engine.obj
 0002:00000a0c       $unwind$?GetDim@@YA?ATv2@@Urectangle2@@@Z 0000000180015a0c     p5engine.obj
 0002:00000a0c       $unwind$?IsValid@@YAHUworld_position@@@Z 0000000180015a0c     p5engine.obj
 0002:00000a0c       $unwind$?LengthSq@@YAMTv2@@@Z 0000000180015a0c     p5engine.obj
 0002:00000a0c       $unwind$?RandomBilateral@@YAMPEAUrandom_series@@@Z 0000000180015a0c     p5engine.obj
 0002:00000a0c       $unwind$?RandomNextUInt32@@YAIPEAUrandom_series@@@Z 0000000180015a0c     p5engine.obj
 0002:00000a0c       $unwind$?RandomUnilateral@@YAMPEAUrandom_series@@@Z 0000000180015a0c     p5engine.obj
 0002:00000a0c       $unwind$__CheckForDebuggerJustMyCode 0000000180015a0c     MSVCRTD:debugger_jmc.obj
 0002:00000a0c       $unwind$__report_gsfailure 0000000180015a0c     MSVCRTD:gs_report.obj
 0002:00000a14       $unwind$?CheckArena@@YAXPEAUmemory_arena@@@Z 0000000180015a14     p5engine.obj
 0002:00000a14       $unwind$?StoreEntityReference@@YAXPEATentity_reference@@@Z 0000000180015a14     p5engine.obj
 0002:00000a14       $unwind$__raise_securityfailure 0000000180015a14     MSVCRTD:gs_report.obj
 0002:00000a14       $unwind$?is_potentially_valid_image_base@@YA_NQEAX@Z 0000000180015a14     MSVCRTD:utility.obj
 0002:00000a1c       $unwind$?SubArena@@YAXPEAUmemory_arena@@0_K1@Z 0000000180015a1c     p5engine.obj
 0002:00000a1c       $unwind$__GSHandlerCheck   0000000180015a1c     MSVCRTD:gshandler.obj
 0002:00000a24       $unwind$?AtomicCompareExchangeUInt32@@YAIPECIII@Z 0000000180015a24     p5engine.obj
 0002:00000a24       $unwind$?PushRenderElement_@@YAPEAXPEAUrender_group@@IW4render_group_entry_type@@@Z 0000000180015a24     p5engine.obj
 0002:00000a24       $unwind$?dllmain_crt_dispatch@@YAHQEAUHINSTANCE__@@KQEAX@Z 0000000180015a24     MSVCRTD:dll_dllmain.obj
 0002:00000a24       $unwind$?dllmain_raw@@YAHQEAUHINSTANCE__@@KQEAX@Z 0000000180015a24     MSVCRTD:dll_dllmain.obj
 0002:00000a2c       $unwind$?AbsoluteValue@@YAMM@Z 0000000180015a2c     p5engine.obj
 0002:00000a2c       $unwind$?Clamp01@@YAMM@Z   0000000180015a2c     p5engine.obj
 0002:00000a2c       $unwind$?RoundReal32ToInt32@@YAHM@Z 0000000180015a2c     p5engine.obj
 0002:00000a2c       $unwind$?RoundReal32ToUInt32@@YAIM@Z 0000000180015a2c     p5engine.obj
 0002:00000a2c       $unwind$?SignOf@@YAMM@Z    0000000180015a2c     p5engine.obj
 0002:00000a2c       $unwind$?Sin@@YAMM@Z       0000000180015a2c     p5engine.obj
 0002:00000a2c       $unwind$?Square@@YAMM@Z    0000000180015a2c     p5engine.obj
 0002:00000a2c       $unwind$?SquareRoot@@YAMM@Z 0000000180015a2c     p5engine.obj
 0002:00000a34       $unwind$?ATan2@@YAMMM@Z    0000000180015a34     p5engine.obj
 0002:00000a34       $unwind$?IsCanonical@@YAHMM@Z 0000000180015a34     p5engine.obj
 0002:00000a34       $unwind$?SafeRatio1@@YAMMM@Z 0000000180015a34     p5engine.obj
 0002:00000a3c       $unwind$?Clamp01MapToRange@@YAMMMM@Z 0000000180015a3c     p5engine.obj
 0002:00000a3c       $unwind$?Clamp@@YAMMMM@Z   0000000180015a3c     p5engine.obj
 0002:00000a3c       $unwind$?SafeRatioN@@YAMMMM@Z 0000000180015a3c     p5engine.obj
 0002:00000a44       $unwind$?V2@@YA?ATv2@@MM@Z 0000000180015a44     p5engine.obj
 0002:00000a54       $unwind$?V2i@@YA?ATv2@@HH@Z 0000000180015a54     p5engine.obj
 0002:00000a5c       $unwind$??D@YA?ATv2@@MT0@@Z 0000000180015a5c     p5engine.obj
 0002:00000a6c       $unwind$??G@YA?ATv2@@T0@0@Z 0000000180015a6c     p5engine.obj
 0002:00000a6c       $unwind$??H@YA?ATv2@@T0@0@Z 0000000180015a6c     p5engine.obj
 0002:00000a6c       $unwind$?GetBarycentric@@YA?ATv2@@Urectangle2@@T1@@Z 0000000180015a6c     p5engine.obj
 0002:00000a7c       $unwind$?Clamp01@@YA?ATv2@@T1@@Z 0000000180015a7c     p5engine.obj
 0002:00000a8c       $unwind$?V3@@YA?ATv3@@MMM@Z 0000000180015a8c     p5engine.obj
 0002:00000a8c       $unwind$?V4@@YA?ATv4@@MMMM@Z 0000000180015a8c     p5engine.obj
 0002:00000aa0       $unwind$??D@YA?ATv3@@MT0@@Z 0000000180015aa0     p5engine.obj
 0002:00000aa0       $unwind$??D@YA?ATv4@@MT0@@Z 0000000180015aa0     p5engine.obj
 0002:00000aa0       $unwind$?ToV3@@YA?ATv3@@Tv2@@M@Z 0000000180015aa0     p5engine.obj
 0002:00000ab4       $unwind$??D@YA?ATv3@@T0@M@Z 0000000180015ab4     p5engine.obj
 0002:00000ab4       $unwind$?GetCameraRectangleAtDistance@@YA?AUrectangle2@@PEAUrender_group@@M@Z 0000000180015ab4     p5engine.obj
 0002:00000ac0       $unwind$??X@YAAEATv3@@AEAT0@M@Z 0000000180015ac0     p5engine.obj
 0002:00000acc       $unwind$??G@YA?ATv3@@T0@0@Z 0000000180015acc     p5engine.obj
 0002:00000acc       $unwind$??H@YA?ATv3@@T0@0@Z 0000000180015acc     p5engine.obj
 0002:00000ae0       $unwind$??Y@YAAEATv3@@AEAT0@T0@@Z 0000000180015ae0     p5engine.obj
 0002:00000ae0       $unwind$??Z@YAAEATv3@@AEAT0@T0@@Z 0000000180015ae0     p5engine.obj
 0002:00000ae0       $unwind$?GetDim@@YA?ATv3@@Urectangle3@@@Z 0000000180015ae0     p5engine.obj
 0002:00000aec       $unwind$?AreInSameChunk@@YAHPEAUworld@@PEAUworld_position@@1@Z 0000000180015aec     p5engine.obj
 0002:00000aec       $unwind$?Hadamard@@YA?ATv3@@T1@0@Z 0000000180015aec     p5engine.obj
 0002:00000aec       $unwind$?RectCenterDim@@YA?AUrectangle2@@Tv2@@0@Z 0000000180015aec     p5engine.obj
 0002:00000af8       $unwind$?LengthSq@@YAMTv3@@@Z 0000000180015af8     p5engine.obj
 0002:00000b04       $unwind$?Length@@YAMTv3@@@Z 0000000180015b04     p5engine.obj
 0002:00000b04       $unwind$?MakeEntityNonSpatial@@YAXPEAUsim_entity@@@Z 0000000180015b04     p5engine.obj
 0002:00000b10       $unwind$?RectCenterHalfDim@@YA?AUrectangle2@@Tv2@@0@Z 0000000180015b10     p5engine.obj
 0002:00000b24       $unwind$?Intersect@@YA?AUrectangle2i@@U1@0@Z 0000000180015b24     p5engine.obj
 0002:00000b30       $unwind$?Clear@@YAXPEAUrender_group@@Tv4@@@Z 0000000180015b30     p5engine.obj
 0002:00000b30       $unwind$?GetMaxCorner@@YA?ATv3@@Urectangle3@@@Z 0000000180015b30     p5engine.obj
 0002:00000b30       $unwind$?GetMinCorner@@YA?ATv3@@Urectangle3@@@Z 0000000180015b30     p5engine.obj
 0002:00000b3c       $unwind$?RectMinMax@@YA?AUrectangle3@@Tv3@@0@Z 0000000180015b3c     p5engine.obj
 0002:00000b50       $unwind$?AddRadiusTo@@YA?AUrectangle3@@U1@Tv3@@@Z 0000000180015b50     p5engine.obj
 0002:00000b50       $unwind$?RectCenterHalfDim@@YA?AUrectangle3@@Tv3@@0@Z 0000000180015b50     p5engine.obj
 0002:00000b64       $unwind$?RectCenterDim@@YA?AUrectangle3@@Tv3@@0@Z 0000000180015b64     p5engine.obj
 0002:00000b70       $unwind$?RandomSeed@@YA?AUrandom_series@@I@Z 0000000180015b70     p5engine.obj
 0002:00000b80       $unwind$?AddFlags@@YAXPEAUsim_entity@@I@Z 0000000180015b80     p5engine.obj
 0002:00000b80       $unwind$?ClearFlags@@YAXPEAUsim_entity@@I@Z 0000000180015b80     p5engine.obj
 0002:00000b80       $unwind$?PrefetchSound@@YAXPEAUgame_assets@@Usound_id@@@Z 0000000180015b80     p5engine.obj
 0002:00000b88       $unwind$?MakeEntitySpatial@@YAXPEAUsim_entity@@Tv3@@1@Z 0000000180015b88     p5engine.obj
 0002:00000b94       $unwind$?GetEntityGroundPoint@@YA?ATv3@@PEAUsim_entity@@T1@@Z 0000000180015b94     p5engine.obj
 0002:00000ba0       $unwind$?GetEntityGroundPoint@@YA?ATv3@@PEAUsim_entity@@@Z 0000000180015ba0     p5engine.obj
 0002:00000bac       $unwind$?GetStairGround@@YAMPEAUsim_entity@@Tv3@@@Z 0000000180015bac     p5engine.obj
 0002:00000bb8       $unwind$?IsValid@@YAHUsound_id@@@Z 0000000180015bb8     p5engine.obj
 0002:00000bc0       $unwind$?LoadBitmap@@YAXPEAUgame_assets@@Ubitmap_id@@@Z 0000000180015bc0     p5engine.obj
 0002:00000bc8       $unwind$?LoadSound@@YAXPEAUgame_assets@@Usound_id@@@Z 0000000180015bc8     p5engine.obj
 0002:00000bd0       $unwind$?AddCollisionRule@@YAXPEAUgame_state@@IIH@Z 0000000180015bd0     p5engine.obj
 0002:00000bd8       $unwind$?ClearCollisionRulesFor@@YAXPEAUgame_state@@I@Z 0000000180015bd8     p5engine.obj
 0002:00000be0       $unwind$?BeginTaskWithMemory@@YAPEAUtask_with_memory@@PEAUtransient_state@@@Z 0000000180015be0     p5engine.obj
 0002:00000bec       $unwind$?EndTaskWithMemory@@YAXPEAUtask_with_memory@@@Z 0000000180015bec     p5engine.obj
 0002:00000bf8       $unwind$?DrawRectangle@@YAXPEAUloaded_bitmap@@Tv2@@1Tv4@@Urectangle2i@@H@Z 0000000180015bf8     p5engine.obj
 0002:00000c04       $unwind$?RenderGroupToOutput@@YAXPEAUrender_group@@PEAUloaded_bitmap@@Urectangle2i@@H@Z 0000000180015c04     p5engine.obj
 0002:00000c10       $unwind$?DoTiledRenderWork@@YAXPEAUplatform_work_queue@@PEAX@Z 0000000180015c10     p5engine.obj
 0002:00000c1c       $unwind$?RenderGroupToOutput@@YAXPEAUrender_group@@PEAUloaded_bitmap@@@Z 0000000180015c1c     p5engine.obj
 0002:00000c30       $unwind$?TiledRenderGroupToOutput@@YAXPEAUplatform_work_queue@@PEAUrender_group@@PEAUloaded_bitmap@@@Z 0000000180015c30     p5engine.obj
 0002:00000c44       $unwind$?AllocateRenderGroup@@YAPEAUrender_group@@PEAUgame_assets@@PEAUmemory_arena@@I@Z 0000000180015c44     p5engine.obj
 0002:00000c50       $unwind$?InitializeWorld@@YAXPEAUworld@@Tv3@@@Z 0000000180015c50     p5engine.obj
 0002:00000c5c       $unwind$?Subtract@@YA?ATv3@@PEAUworld@@PEAUworld_position@@1@Z 0000000180015c5c     p5engine.obj
 0002:00000c70       $unwind$?ChangeEntityLocation@@YAXPEAUmemory_arena@@PEAUworld@@IPEAUlow_entity@@Uworld_position@@@Z 0000000180015c70     p5engine.obj
 0002:00000c7c       $unwind$?GetHashFromStorageIndex@@YAPEAUsim_entity_hash@@PEAUsim_region@@I@Z 0000000180015c7c     p5engine.obj
 0002:00000c84       $unwind$?AddEntity@@YAPEAUsim_entity@@PEAUgame_state@@PEAUsim_region@@IPEAUlow_entity@@PEATv3@@@Z 0000000180015c84     p5engine.obj
 0002:00000c90       $unwind$?AddEntityRaw@@YAPEAUsim_entity@@PEAUgame_state@@PEAUsim_region@@IPEAUlow_entity@@@Z 0000000180015c90     p5engine.obj
 0002:00000c9c       $unwind$?BeginSim@@YAPEAUsim_region@@PEAUmemory_arena@@PEAUgame_state@@PEAUworld@@Uworld_position@@Urectangle3@@M@Z 0000000180015c9c     p5engine.obj
 0002:00000cb0       $unwind$?EndSim@@YAXPEAUsim_region@@PEAUgame_state@@@Z 0000000180015cb0     p5engine.obj
 0002:00000cbc       $unwind$?CanCollide@@YAHPEAUgame_state@@PEAUsim_entity@@1@Z 0000000180015cbc     p5engine.obj
 0002:00000cc4       $unwind$?HandleCollision@@YAHPEAUgame_state@@PEAUsim_entity@@1@Z 0000000180015cc4     p5engine.obj
 0002:00000ccc       $unwind$?CanOverlap@@YAHPEAUgame_state@@PEAUsim_entity@@1@Z 0000000180015ccc     p5engine.obj
 0002:00000cd4       $unwind$?HandleOverlap@@YAXPEAUgame_state@@PEAUsim_entity@@1MPEAM@Z 0000000180015cd4     p5engine.obj
 0002:00000ce0       $unwind$?SpeculativeCollide@@YAHPEAUsim_entity@@0Tv3@@@Z 0000000180015ce0     p5engine.obj
 0002:00000cec       $unwind$?EntitiesOverlap@@YAHPEAUsim_entity@@0Tv3@@@Z 0000000180015cec     p5engine.obj
 0002:00000cf8       $unwind$?MoveEntity@@YAXPEAUgame_state@@PEAUsim_region@@PEAUsim_entity@@MPEAUmove_spec@@Tv3@@@Z 0000000180015cf8     p5engine.obj
 0002:00000d0c       $unwind$?LoadAssetWork@@YAXPEAUplatform_work_queue@@PEAX@Z 0000000180015d0c     p5engine.obj
 0002:00000d14       $unwind$?GetBestMatchAssetFrom@@YAIPEAUgame_assets@@W4asset_type_id@@PEAUasset_vector@@2@Z 0000000180015d14     p5engine.obj
 0002:00000d1c       $unwind$?GetRandomAssetFrom@@YAIPEAUgame_assets@@W4asset_type_id@@PEAUrandom_series@@@Z 0000000180015d1c     p5engine.obj
 0002:00000d24       $unwind$?GetFirstAssetFrom@@YAIPEAUgame_assets@@W4asset_type_id@@@Z 0000000180015d24     p5engine.obj
 0002:00000d2c       $unwind$?GetBestMatchBitmapFrom@@YA?AUbitmap_id@@PEAUgame_assets@@W4asset_type_id@@PEAUasset_vector@@2@Z 0000000180015d2c     p5engine.obj
 0002:00000d34       $unwind$?GetFirstBitmapFrom@@YA?AUbitmap_id@@PEAUgame_assets@@W4asset_type_id@@@Z 0000000180015d34     p5engine.obj
 0002:00000d3c       $unwind$?GetRandomBitmapFrom@@YA?AUbitmap_id@@PEAUgame_assets@@W4asset_type_id@@PEAUrandom_series@@@Z 0000000180015d3c     p5engine.obj
 0002:00000d44       $unwind$?GetFirstSoundFrom@@YA?AUsound_id@@PEAUgame_assets@@W4asset_type_id@@@Z 0000000180015d44     p5engine.obj
 0002:00000d4c       $unwind$?GetRandomSoundFrom@@YA?AUsound_id@@PEAUgame_assets@@W4asset_type_id@@PEAUrandom_series@@@Z 0000000180015d4c     p5engine.obj
 0002:00000d54       $unwind$?AllocateGameAssets@@YAPEAUgame_assets@@PEAUmemory_arena@@_KPEAUtransient_state@@@Z 0000000180015d54     p5engine.obj
 0002:00000d60       $unwind$?PlaySound@@YAPEAUplaying_sound@@PEAUaudio_state@@Usound_id@@@Z 0000000180015d60     p5engine.obj
 0002:00000d68       $unwind$?ChangeVolume@@YAXPEAUaudio_state@@PEAUplaying_sound@@MTv2@@@Z 0000000180015d68     p5engine.obj
 0002:00000d70       $unwind$?OutputPlayingSounds@@YAXPEAUaudio_state@@PEAUgame_sound_output_buffer@@PEAUgame_assets@@PEAUmemory_arena@@@Z 0000000180015d70     p5engine.obj
 0002:00000d84       $unwind$?InitializeAudioState@@YAXPEAUaudio_state@@PEAUmemory_arena@@@Z 0000000180015d84     p5engine.obj
 0002:00000d8c       $unwind$?AddLowEntity@@YA?AUadd_low_entity_result@@PEAUgame_state@@W4entity_type@@Uworld_position@@@Z 0000000180015d8c     p5engine.obj
 0002:00000da0       $unwind$?AddGroundedEntity@@YA?AUadd_low_entity_result@@PEAUgame_state@@W4entity_type@@Uworld_position@@PEAUsim_entity_collision_volume_group@@@Z 0000000180015da0     p5engine.obj
 0002:00000dac       $unwind$?AddStandardRoom@@YA?AUadd_low_entity_result@@PEAUgame_state@@III@Z 0000000180015dac     p5engine.obj
 0002:00000db8       $unwind$?AddWall@@YA?AUadd_low_entity_result@@PEAUgame_state@@III@Z 0000000180015db8     p5engine.obj
 0002:00000dc4       $unwind$?AddStairs@@YA?AUadd_low_entity_result@@PEAUgame_state@@III@Z 0000000180015dc4     p5engine.obj
 0002:00000dd0       $unwind$?InitHitPoints@@YAXPEAUlow_entity@@I@Z 0000000180015dd0     p5engine.obj
 0002:00000dd8       $unwind$?AddSword@@YA?AUadd_low_entity_result@@PEAUgame_state@@@Z 0000000180015dd8     p5engine.obj
 0002:00000de4       $unwind$?AddPlayer@@YA?AUadd_low_entity_result@@PEAUgame_state@@@Z 0000000180015de4     p5engine.obj
 0002:00000df0       $unwind$?AddMonstar@@YA?AUadd_low_entity_result@@PEAUgame_state@@III@Z 0000000180015df0     p5engine.obj
 0002:00000dfc       $unwind$?AddFamiliar@@YA?AUadd_low_entity_result@@PEAUgame_state@@III@Z 0000000180015dfc     p5engine.obj
 0002:00000e08       $unwind$?DrawHitpoints@@YAXPEAUsim_entity@@PEAUrender_group@@@Z 0000000180015e08     p5engine.obj
 0002:00000e1c       $unwind$?MakeSimpleGroundedCollision@@YAPEAUsim_entity_collision_volume_group@@PEAUgame_state@@MMM@Z 0000000180015e1c     p5engine.obj
 0002:00000e28       $unwind$?MakeNullCollision@@YAPEAUsim_entity_collision_volume_group@@PEAUgame_state@@@Z 0000000180015e28     p5engine.obj
 0002:00000e34       $unwind$?FillGroundChunkWork@@YAXPEAUplatform_work_queue@@PEAX@Z 0000000180015e34     p5engine.obj
 0002:00000e3c       $unwind$?FillGroundChunk@@YAXPEAUtransient_state@@PEAUgame_state@@PEAUground_buffer@@PEAUworld_position@@@Z 0000000180015e3c     p5engine.obj
 0002:00000e50       $unwind$?ClearBitmap@@YAXPEAUloaded_bitmap@@@Z 0000000180015e50     p5engine.obj
 0002:00000e58       $unwind$?MakeEmptyBitmap@@YA?AUloaded_bitmap@@PEAUmemory_arena@@HHH@Z 0000000180015e58     p5engine.obj
 0002:00000e6c       $unwind$?MakeSphereDiffuseMap@@YAXPEAUloaded_bitmap@@MM@Z 0000000180015e6c     p5engine.obj
 0002:00000e78       $unwind$?MakeSphereNormalMap@@YAXPEAUloaded_bitmap@@MMM@Z 0000000180015e78     p5engine.obj
 0002:00000e84       $unwind$GameUpdateAndRender 0000000180015e84     p5engine.obj
 0002:00000e98       $unwind$GameGetSoundSamples 0000000180015e98     p5engine.obj
 0002:00000ea0       $unwind$?GetNextSoundInChain@@YA?AUsound_id@@PEAUgame_assets@@U1@@Z 0000000180015ea0     p5engine.obj
 0002:00000eb0       $unwind$?GetRenderEntityBasisPos@@YA?AUentity_basis_p_result@@PEAUrender_transform@@Tv3@@@Z 0000000180015eb0     p5engine.obj
 0002:00000ec4       $unwind$?PushBitmap@@YAXPEAUrender_group@@PEAUloaded_bitmap@@Tv3@@MTv4@@@Z 0000000180015ec4     p5engine.obj
 0002:00000ed0       $unwind$?PushBitmap@@YAXPEAUrender_group@@Ubitmap_id@@Tv3@@MTv4@@@Z 0000000180015ed0     p5engine.obj
 0002:00000edc       $unwind$?PushRect@@YAXPEAUrender_group@@Tv3@@Tv2@@Tv4@@@Z 0000000180015edc     p5engine.obj
 0002:00000ee8       $unwind$?PushRectOutline@@YAXPEAUrender_group@@Tv3@@Tv2@@Tv4@@@Z 0000000180015ee8     p5engine.obj
 0002:00000ef4       $unwind$?Orthographic@@YAXPEAUrender_group@@HHM@Z 0000000180015ef4     p5engine.obj
 0002:00000ef4       $unwind$?Perspective@@YAXPEAUrender_group@@HHMMM@Z 0000000180015ef4     p5engine.obj
 0002:00000efc       $unwind$?RecanonicalizeCoord@@YAXMPEAHPEAM@Z 0000000180015efc     p5engine.obj
 0002:00000efc       $unwind$?Unproject@@YA?ATv2@@PEAUrender_group@@T1@M@Z 0000000180015efc     p5engine.obj
 0002:00000f04       $unwind$?GetCameraRectangleAtTarget@@YA?AUrectangle2@@PEAUrender_group@@@Z 0000000180015f04     p5engine.obj
 0002:00000f10       $unwind$?NullPosition@@YA?AUworld_position@@XZ 0000000180015f10     p5engine.obj
 0002:00000f24       $unwind$?GetWorldChunk@@YAPEAUworld_chunk@@PEAUworld@@HHHPEAUmemory_arena@@@Z 0000000180015f24     p5engine.obj
 0002:00000f24       $unwind$__scrt_dllmain_exception_filter 0000000180015f24     MSVCRTD:utility.obj
 0002:00000f2c       $unwind$?MapIntoChunkSpace@@YA?AUworld_position@@PEAUworld@@U1@Tv3@@@Z 0000000180015f2c     p5engine.obj
 0002:00000f40       $unwind$?ChunkPositionFromTilePosition@@YA?AUworld_position@@PEAUworld@@HHHTv3@@@Z 0000000180015f40     p5engine.obj
 0002:00000f54       $unwind$?CenteredChunkPoint@@YA?AUworld_position@@III@Z 0000000180015f54     p5engine.obj
 0002:00000f68       $unwind$?ChangeEntityLocationRaw@@YAXPEAUmemory_arena@@PEAUworld@@IPEAUworld_position@@2@Z 0000000180015f68     p5engine.obj
 0002:00000f74       $unwind$?GetSimSpacePos@@YA?ATv3@@PEAUsim_region@@PEAUlow_entity@@@Z 0000000180015f74     p5engine.obj
 0002:00000f80       $unwind$?LoadEntityReference@@YAXPEAUgame_state@@PEAUsim_region@@PEATentity_reference@@@Z 0000000180015f80     p5engine.obj
 0002:00000f94       $unwind$?EntityOverlapsRectangle@@YAHTv3@@Usim_entity_collision_volume@@Urectangle3@@@Z 0000000180015f94     p5engine.obj
 0002:00000fa0       $unwind$?DefaultMoveSpec@@YA?AUmove_spec@@XZ 0000000180015fa0     p5engine.obj
 0002:00000fb4       $unwind$?DrawRectangleQuickly@@YAXPEAUloaded_bitmap@@Tv2@@11Tv4@@0MUrectangle2i@@H@Z 0000000180015fb4     p5engine_optimized.obj
 0002:00000fdc       $chain$9$?DrawRectangleQuickly@@YAXPEAUloaded_bitmap@@Tv2@@11Tv4@@0MUrectangle2i@@H@Z 0000000180015fdc     p5engine_optimized.obj
 0002:00001014       $chain$10$?DrawRectangleQuickly@@YAXPEAUloaded_bitmap@@Tv2@@11Tv4@@0MUrectangle2i@@H@Z 0000000180016014     p5engine_optimized.obj
 0002:00001024       $unwind$__GSHandlerCheckCommon 0000000180016024     MSVCRTD:gshandler.obj
 0002:00001030       $xdatasym                  0000000180016030     MSVCRTD:chkstk.obj
 0002:00001038       $xdatasym                  0000000180016038     MSVCRTD:amdsecgs.obj
 0002:0000103c       $unwind$?dllmain_crt_process_attach@@YAHQEAUHINSTANCE__@@QEAX@Z 000000018001603c     MSVCRTD:dll_dllmain.obj
 0002:0000105c       $unwind$?fin$0@?0??dllmain_crt_process_attach@@YAHQEAUHINSTANCE__@@QEAX@Z@4HA 000000018001605c     MSVCRTD:dll_dllmain.obj
 0002:0000105c       $unwind$?fin$0@?0??dllmain_crt_process_detach@@YAH_N@Z@4HA 000000018001605c     MSVCRTD:dll_dllmain.obj
 0002:0000105c       $unwind$?fin$1@?0??dllmain_crt_process_detach@@YAH_N@Z@4HA 000000018001605c     MSVCRTD:dll_dllmain.obj
 0002:0000105c       $unwind$__scrt_is_nonwritable_in_current_image$filt$0 000000018001605c     MSVCRTD:utility.obj
 0002:00001064       $unwind$?dllmain_crt_process_detach@@YAH_N@Z 0000000180016064     MSVCRTD:dll_dllmain.obj
 0002:00001094       $unwind$?dllmain_dispatch@@YAHQEAUHINSTANCE__@@KQEAX@Z 0000000180016094     MSVCRTD:dll_dllmain.obj
 0002:000010b4       $unwind$?filt$0@?0??dllmain_dispatch@@YAHQEAUHINSTANCE__@@KQEAX@Z@4HA 00000001800160b4     MSVCRTD:dll_dllmain.obj
 0002:000010bc       $unwind$_DllMainCRTStartup 00000001800160bc     MSVCRTD:dll_dllmain.obj
 0002:000010bc       $unwind$DllMain            00000001800160bc     MSVCRTD:dll_dllmain_stub.obj
 0002:000010c4       $unwind$capture_previous_context 00000001800160c4     MSVCRTD:gs_report.obj
 0002:000010cc       $unwind$__scrt_initialize_default_local_stdio_options 00000001800160cc     MSVCRTD:default_local_stdio_options.obj
 0002:000010cc       $unwind$__security_init_cookie 00000001800160cc     MSVCRTD:gs_support.obj
 0002:000010d4       $unwind$__get_entropy      00000001800160d4     MSVCRTD:gs_support.obj
 0002:000010dc       $unwind$?__scrt_initialize_type_info@@YAXXZ 00000001800160dc     MSVCRTD:tncleanup.obj
 0002:000010dc       $unwind$?__scrt_uninitialize_type_info@@YAXXZ 00000001800160dc     MSVCRTD:tncleanup.obj
 0002:000010dc       $unwind$?configure_argv@__scrt_narrow_argv_policy@@SAHXZ 00000001800160dc     MSVCRTD:utility.obj
 0002:000010dc       $unwind$?initialize_environment@__scrt_narrow_environment_policy@@SAHXZ 00000001800160dc     MSVCRTD:utility.obj
 0002:000010dc       $unwind$__scrt_dllmain_after_initialize_c 00000001800160dc     MSVCRTD:utility.obj
 0002:000010dc       $unwind$__scrt_dllmain_before_initialize_c 00000001800160dc     MSVCRTD:utility.obj
 0002:000010dc       $unwind$__scrt_dllmain_crt_thread_attach 00000001800160dc     MSVCRTD:utility.obj
 0002:000010dc       $unwind$__scrt_dllmain_crt_thread_detach 00000001800160dc     MSVCRTD:utility.obj
 0002:000010dc       $unwind$__scrt_dllmain_uninitialize_c 00000001800160dc     MSVCRTD:utility.obj
 0002:000010dc       $unwind$__scrt_dllmain_uninitialize_critical 00000001800160dc     MSVCRTD:utility.obj
 0002:000010e4       $unwind$__scrt_is_nonwritable_in_current_image 00000001800160e4     MSVCRTD:utility.obj
 0002:00001104       $unwind$__scrt_acquire_startup_lock 0000000180016104     MSVCRTD:utility.obj
 0002:0000110c       $unwind$__scrt_initialize_crt 000000018001610c     MSVCRTD:utility.obj
 0002:0000110c       $unwind$__scrt_release_startup_lock 000000018001610c     MSVCRTD:utility.obj
 0002:00001114       $unwind$__scrt_uninitialize_crt 0000000180016114     MSVCRTD:utility.obj
 0002:0000111c       $unwind$__scrt_initialize_onexit_tables 000000018001611c     MSVCRTD:utility.obj
 0002:00001128       $unwind$__scrt_fastfail    0000000180016128     MSVCRTD:utility_desktop.obj
 0002:00001134       $unwind$_RTC_Initialize    0000000180016134     MSVCRTD:initsect.obj
 0002:00001134       $unwind$_RTC_Terminate     0000000180016134     MSVCRTD:initsect.obj
 0002:00001140       $unwind$__isa_available_init 0000000180016140     MSVCRTD:cpu_disp.obj
 0002:00001150       $unwind$__scrt_is_ucrt_dll_in_use 0000000180016150     MSVCRTD:ucrt_detection.obj
 0002:00001158       $xdatasym                  0000000180016158     MSVCRTD:guard_dispatch.obj
 0002:00001160       $xdatasym                  0000000180016160     MSVCRTD:guard_xfg_dispatch.obj
 0002:00001170       .edata                     0000000180016170     P5Engine.exp
 0002:00001198       rgpv                       0000000180016198     P5Engine.exp
 0002:000011a0       rgszName                   00000001800161a0     P5Engine.exp
 0002:000011a8       rgwOrd                     00000001800161a8     P5Engine.exp
 0002:000011ac       szName                     00000001800161ac     P5Engine.exp
 0002:000011b9       $N00001                    00000001800161b9     P5Engine.exp
 0002:000011cd       $N00002                    00000001800161cd     P5Engine.exp
 0002:00001370       .idata$6                   0000000180016370     vcruntimed:VCRUNTIME140D.dll
 0002:0000144a       .idata$6                   000000018001644a     ucrtd:ucrtbased.dll
 0002:000015be       .idata$6                   00000001800165be     kernel32:KERNEL32.dll
 0003:00000000       ?RandomNumberTable@@3PAIA  0000000180017000     p5engine.obj
 0003:00004050       ?Platform@@3Uplatform_api@@A 000000018001b050     p5engine.obj
 0003:000040a0       ?__proc_attached@@3HA      000000018001b0a0     MSVCRTD:dll_dllmain.obj
 0003:000040b0       GS_ExceptionRecord         000000018001b0b0     MSVCRTD:gs_report.obj
 0003:00004150       GS_ContextRecord           000000018001b150     MSVCRTD:gs_report.obj
 0003:00004650       ?is_initialized_as_dll@@3_NA 000000018001b650     MSVCRTD:utility.obj
 0003:00004651       ?module_local_atexit_table_initialized@@3_NA 000000018001b651     MSVCRTD:utility.obj
 0003:00004658       ?module_local_atexit_table@@3U_onexit_table_t@@A 000000018001b658     MSVCRTD:utility.obj
 0003:00004670       ?module_local_at_quick_exit_table@@3U_onexit_table_t@@A 000000018001b670     MSVCRTD:utility.obj
 0005:00000000       __20BB4341_malloc@h        000000018001d000     p5engine.obj
 0005:00000001       __CA2E469F_p5engine_types@h 000000018001d001     p5engine.obj
 0005:00000002       __13F3F6DF_p5engine_platform@h 000000018001d002     p5engine.obj
 0005:00000003       __741AE07E_corecrt_math@h  000000018001d003     p5engine.obj
 0005:00000004       __59D680CA_p5engine_intrinsics@h 000000018001d004     p5engine.obj
 0005:00000005       __F7DD5931_p5engine_math@h 000000018001d005     p5engine.obj
 0005:00000006       __7BC1EBB1_p5engine_random@h 000000018001d006     p5engine.obj
 0005:00000007       __3D1D9D14_p5engine_entity@h 000000018001d007     p5engine.obj
 0005:00000008       __1CBCBAC5_p5engine_asset@h 000000018001d008     p5engine.obj
 0005:00000009       __041FA700_p5engine@h      000000018001d009     p5engine.obj
 0005:0000000a       __90CAD781_p5engine_render_group@cpp 000000018001d00a     p5engine.obj
 0005:0000000b       __FB00506F_p5engine_world@cpp 000000018001d00b     p5engine.obj
 0005:0000000c       __F0D5BF50_p5engine_sim_region@cpp 000000018001d00c     p5engine.obj
 0005:0000000d       __D37FE29A_p5engine_entity@cpp 000000018001d00d     p5engine.obj
 0005:0000000e       __EE56820E_p5engine_asset@cpp 000000018001d00e     p5engine.obj
 0005:0000000f       __EAB24F21_p5engine_audio@cpp 000000018001d00f     p5engine.obj
 0005:00000010       __3BDDD57F_p5engine@cpp    000000018001d010     p5engine.obj
 0005:00000011       __20BB4341_malloc@h        000000018001d011     p5engine_optimized.obj
 0005:00000012       __CA2E469F_p5engine_types@h 000000018001d012     p5engine_optimized.obj
 0005:00000013       __13F3F6DF_p5engine_platform@h 000000018001d013     p5engine_optimized.obj
 0005:00000014       __741AE07E_corecrt_math@h  000000018001d014     p5engine_optimized.obj
 0005:00000015       __59D680CA_p5engine_intrinsics@h 000000018001d015     p5engine_optimized.obj
 0005:00000016       __F7DD5931_p5engine_math@h 000000018001d016     p5engine_optimized.obj
 0005:00000017       __7BC1EBB1_p5engine_random@h 000000018001d017     p5engine_optimized.obj
 0005:00000018       __3D1D9D14_p5engine_entity@h 000000018001d018     p5engine_optimized.obj
 0005:00000019       __1CBCBAC5_p5engine_asset@h 000000018001d019     p5engine_optimized.obj
 0005:0000001a       __041FA700_p5engine@h      000000018001d01a     p5engine_optimized.obj
 0005:0000001b       __7502472A_p5engine_optimized@cpp 000000018001d01b     p5engine_optimized.obj
 0006:00000060       $R000000                   000000018001e060     * linker generated manifest res *
