 P5Engine

 Timestamp is 6327e663 (Sun Sep 18 22:47:47 2022)

 Preferred load address is 0000000180000000

 Start         Length     Name                   Class
 0001:00000000 00015990H .text$mn                CODE
 0001:00015990 00000040H .text$mn$00             CODE
 0001:000159d0 000000ddH .text$x                 CODE
 0002:00000000 00000110H .idata$5                DATA
 0002:00000110 00000028H .00cfg                  DATA
 0002:00000138 00000008H .CRT$XCA                DATA
 0002:00000140 00000008H .CRT$XCZ                DATA
 0002:00000148 00000008H .CRT$XIA                DATA
 0002:00000150 00000008H .CRT$XIZ                DATA
 0002:00000158 00000008H .CRT$XPA                DATA
 0002:00000160 00000008H .CRT$XPZ                DATA
 0002:00000168 00000008H .CRT$XTA                DATA
 0002:00000170 00000010H .CRT$XTZ                DATA
 0002:00000178 00000000H .gehcont$y              DATA
 0002:00000178 00000000H .gfids$y                DATA
 0002:00000180 00000780H .rdata                  DATA
 0002:00000900 00000000H .rdata$CastGuardVftablesA DATA
 0002:00000900 00000000H .rdata$CastGuardVftablesC DATA
 0002:00000900 0000017cH .rdata$voltmd           DATA
 0002:00000a7c 000002dcH .rdata$zzzdbg           DATA
 0002:00000d58 00000008H .rtc$IAA                DATA
 0002:00000d60 00000008H .rtc$IZZ                DATA
 0002:00000d68 00000008H .rtc$TAA                DATA
 0002:00000d70 00000008H .rtc$TZZ                DATA
 0002:00000d78 000007b8H .xdata                  DATA
 0002:00001530 00000074H .edata                  DATA
 0002:000015a4 0000003cH .idata$2                DATA
 0002:000015e0 00000018H .idata$3                DATA
 0002:000015f8 00000110H .idata$4                DATA
 0002:00001708 000002a6H .idata$6                DATA
 0003:00000000 00004040H .data                   DATA
 0003:00004040 0000062cH .bss                    DATA
 0004:00000000 00000bb8H .pdata                  DATA
 0005:00000000 00000010H .msvcjmc                DATA
 0006:00000000 00000060H .rsrc$01                DATA
 0006:00000060 00000098H .rsrc$02                DATA

  Address         Publics by Value              Rva+Base               Lib:Object

 0000:00000000       ___safe_se_handler_count   0000000000000000     <absolute>
 0000:00000000       __hybrid_auxiliary_iat_copy 0000000000000000     <absolute>
 0000:00000000       __AbsoluteZero             0000000000000000     <absolute>
 0000:00000000       __hybrid_auxiliary_iat     0000000000000000     <absolute>
 0000:00000000       ___safe_se_handler_table   0000000000000000     <absolute>
 0000:00000000       __hybrid_code_map          0000000000000000     <absolute>
 0000:00000000       __dynamic_value_reloc_table 0000000000000000     <absolute>
 0000:00000000       __guard_eh_cont_count      0000000000000000     <absolute>
 0000:00000000       __guard_check_icall_a64n_fptr 0000000000000000     <absolute>
 0000:00000000       __guard_fids_table         0000000000000000     <absolute>
 0000:00000000       __guard_longjmp_count      0000000000000000     <absolute>
 0000:00000000       __guard_iat_count          0000000000000000     <absolute>
 0000:00000000       __hybrid_code_map_count    0000000000000000     <absolute>
 0000:00000000       __arm64x_extra_rfe_table   0000000000000000     <absolute>
 0000:00000000       __guard_fids_count         0000000000000000     <absolute>
 0000:00000000       __guard_iat_table          0000000000000000     <absolute>
 0000:00000000       __arm64x_extra_rfe_table_size 0000000000000000     <absolute>
 0000:00000000       __x64_code_ranges_to_entry_points 0000000000000000     <absolute>
 0000:00000000       __arm64x_redirection_metadata 0000000000000000     <absolute>
 0000:00000000       __arm64x_redirection_metadata_count 0000000000000000     <absolute>
 0000:00000000       __enclave_config           0000000000000000     <absolute>
 0000:00000000       __x64_code_ranges_to_entry_points_count 0000000000000000     <absolute>
 0000:00000000       __guard_longjmp_table      0000000000000000     <absolute>
 0000:00000000       __arm64x_native_entrypoint 0000000000000000     <absolute>
 0000:00000000       __guard_eh_cont_table      0000000000000000     <absolute>
 0000:00000100       __guard_flags              0000000000000100     <absolute>
 0000:00000000       __ImageBase                0000000180000000     <linker-defined>
 0001:0000b5c0       GameUpdateAndRender        000000018000c5c0 f   p5engine.obj
 0001:0000f030       GameGetSoundSamples        0000000180010030 f   p5engine.obj
 0001:0000f0a0       ??D@YA?ATv2@@MT0@@Z        00000001800100a0 f i p5engine.obj
 0001:0000f120       ??D@YA?ATv3@@MT0@@Z        0000000180010120 f i p5engine.obj
 0001:0000f1d0       ??D@YA?ATv3@@T0@M@Z        00000001800101d0 f i p5engine.obj
 0001:0000f250       ??D@YA?ATv4@@MT0@@Z        0000000180010250 f i p5engine.obj
 0001:0000f320       ??G@YA?ATv2@@T0@0@Z        0000000180010320 f i p5engine.obj
 0001:0000f3a0       ??G@YA?ATv3@@T0@0@Z        00000001800103a0 f i p5engine.obj
 0001:0000f460       ??H@YA?ATv2@@T0@0@Z        0000000180010460 f i p5engine.obj
 0001:0000f4e0       ??H@YA?ATv3@@T0@0@Z        00000001800104e0 f i p5engine.obj
 0001:0000f5a0       ??X@YAAEATv3@@AEAT0@M@Z    00000001800105a0 f i p5engine.obj
 0001:0000f620       ??Y@YAAEATv2@@AEAT0@T0@@Z  0000000180010620 f i p5engine.obj
 0001:0000f670       ??Y@YAAEATv3@@AEAT0@T0@@Z  0000000180010670 f i p5engine.obj
 0001:0000f710       ??Z@YAAEATv3@@AEAT0@T0@@Z  0000000180010710 f i p5engine.obj
 0001:0000f7b0       ?ATan2@@YAMMM@Z            00000001800107b0 f i p5engine.obj
 0001:0000f800       ?AbsoluteValue@@YAMM@Z     0000000180010800 f i p5engine.obj
 0001:0000f840       ?AddFlags@@YAXPEAUsim_entity@@I@Z 0000000180010840 f i p5engine.obj
 0001:0000f880       ?AddRadiusTo@@YA?AUrectangle3@@U1@Tv3@@@Z 0000000180010880 f i p5engine.obj
 0001:0000f9f0       ?AllResourcesPresent@@YAHPEAUrender_group@@@Z 00000001800109f0 f i p5engine.obj
 0001:0000fa40       ?AreInSameChunk@@YAHPEAUworld@@PEAUworld_position@@1@Z 0000000180010a40 f i p5engine.obj
 0001:0000fb40       ?AtomicCompareExchangeUInt32@@YAIPECIII@Z 0000000180010b40 f i p5engine.obj
 0001:0000fb90       ?BeginTemporaryMemory@@YA?AUtemporary_memory@@PEAUmemory_arena@@@Z 0000000180010b90 f i p5engine.obj
 0001:0000fc30       ?CeilReal32ToInt32@@YAHM@Z 0000000180010c30 f i p5engine.obj
 0001:0000fc70       ?CenteredChunkPoint@@YA?AUworld_position@@III@Z 0000000180010c70 f i p5engine.obj
 0001:0000fd00       ?ChangeEntityLocationRaw@@YAXPEAUmemory_arena@@PEAUworld@@IPEAUworld_position@@2@Z 0000000180010d00 f i p5engine.obj
 0001:000100f0       ?CheckArena@@YAXPEAUmemory_arena@@@Z 00000001800110f0 f i p5engine.obj
 0001:00010120       ?ChunkPositionFromTilePosition@@YA?AUworld_position@@PEAUworld@@HHHTv3@@@Z 0000000180011120 f i p5engine.obj
 0001:000103c0       ?Clamp01@@YA?ATv2@@T1@@Z   00000001800113c0 f i p5engine.obj
 0001:00010430       ?Clamp01@@YAMM@Z           0000000180011430 f i p5engine.obj
 0001:00010470       ?Clamp01MapToRange@@YAMMMM@Z 0000000180011470 f i p5engine.obj
 0001:000104f0       ?Clamp@@YAMMMM@Z           00000001800114f0 f i p5engine.obj
 0001:00010560       ?Clear@@YAXPEAUrender_group@@Tv4@@@Z 0000000180011560 f i p5engine.obj
 0001:000105c0       ?ClearFlags@@YAXPEAUsim_entity@@I@Z 00000001800115c0 f i p5engine.obj
 0001:00010600       ?DefaultMoveSpec@@YA?AUmove_spec@@XZ 0000000180011600 f i p5engine.obj
 0001:000106a0       ?EndTemporaryMemory@@YAXUtemporary_memory@@@Z 00000001800116a0 f i p5engine.obj
 0001:00010720       ?EntityOverlapsRectangle@@YAHTv3@@Usim_entity_collision_volume@@Urectangle3@@@Z 0000000180011720 f i p5engine.obj
 0001:000108b0       ?FindLeastSignificantSetBit@@YA?AUbit_scan_result@@I@Z 00000001800118b0 f i p5engine.obj
 0001:00010920       ?FloorReal32ToInt32@@YAHM@Z 0000000180011920 f i p5engine.obj
 0001:00010960       ?GetAlignmentOffset@@YA_KPEAUmemory_arena@@_K@Z 0000000180011960 f i p5engine.obj
 0001:000109f0       ?GetArenaSizeRemaining@@YA_KPEAUmemory_arena@@_K@Z 00000001800119f0 f i p5engine.obj
 0001:00010a50       ?GetBarycentric@@YA?ATv2@@Urectangle2@@T1@@Z 0000000180011a50 f i p5engine.obj
 0001:00010b00       ?GetBitmap@@YAPEAUloaded_bitmap@@PEAUgame_assets@@Ubitmap_id@@@Z 0000000180011b00 f i p5engine.obj
 0001:00010b60       ?GetCameraRectangleAtDistance@@YA?AUrectangle2@@PEAUrender_group@@M@Z 0000000180011b60 f i p5engine.obj
 0001:00010c00       ?GetCameraRectangleAtTarget@@YA?AUrectangle2@@PEAUrender_group@@@Z 0000000180011c00 f i p5engine.obj
 0001:00010c70       ?GetChunkData@@YAPEAXUriff_iterator@@@Z 0000000180011c70 f i p5engine.obj
 0001:00010ca0       ?GetChunkDataSize@@YAIUriff_iterator@@@Z 0000000180011ca0 f i p5engine.obj
 0001:00010ce0       ?GetClampedRectArea@@YAHUrectangle2i@@@Z 0000000180011ce0 f i p5engine.obj
 0001:00010d50       ?GetDim@@YA?ATv2@@Urectangle2@@@Z 0000000180011d50 f i p5engine.obj
 0001:00010d90       ?GetDim@@YA?ATv3@@Urectangle3@@@Z 0000000180011d90 f i p5engine.obj
 0001:00010e30       ?GetEntityGroundPoint@@YA?ATv3@@PEAUsim_entity@@@Z 0000000180011e30 f i p5engine.obj
 0001:00010eb0       ?GetEntityGroundPoint@@YA?ATv3@@PEAUsim_entity@@T1@@Z 0000000180011eb0 f i p5engine.obj
 0001:00010f10       ?GetLowEntity@@YAPEAUlow_entity@@PEAUgame_state@@I@Z 0000000180011f10 f i p5engine.obj
 0001:00010f80       ?GetMaxCorner@@YA?ATv3@@Urectangle3@@@Z 0000000180011f80 f i p5engine.obj
 0001:00010fe0       ?GetMinCorner@@YA?ATv3@@Urectangle3@@@Z 0000000180011fe0 f i p5engine.obj
 0001:00011030       ?GetRenderEntityBasisPos@@YA?AUentity_basis_p_result@@PEAUrender_transform@@Tv3@@@Z 0000000180012030 f i p5engine.obj
 0001:000112d0       ?GetSimSpacePos@@YA?ATv3@@PEAUsim_region@@PEAUlow_entity@@@Z 00000001800122d0 f i p5engine.obj
 0001:000113c0       ?GetSound@@YAPEAUloaded_sound@@PEAUgame_assets@@Usound_id@@@Z 00000001800123c0 f i p5engine.obj
 0001:00011420       ?GetSoundInfo@@YAPEAUasset_sound_info@@PEAUgame_assets@@Usound_id@@@Z 0000000180012420 f i p5engine.obj
 0001:00011480       ?GetStairGround@@YAMPEAUsim_entity@@Tv3@@@Z 0000000180012480 f i p5engine.obj
 0001:00011570       ?GetType@@YAIUriff_iterator@@@Z 0000000180012570 f i p5engine.obj
 0001:000115b0       ?GetWorldChunk@@YAPEAUworld_chunk@@PEAUworld@@HHHPEAUmemory_arena@@@Z 00000001800125b0 f i p5engine.obj
 0001:000117a0       ?Hadamard@@YA?ATv2@@T1@0@Z 00000001800127a0 f i p5engine.obj
 0001:00011800       ?Hadamard@@YA?ATv3@@T1@0@Z 0000000180012800 f i p5engine.obj
 0001:000118c0       ?HasArea@@YAHUrectangle2i@@@Z 00000001800128c0 f i p5engine.obj
 0001:00011920       ?HasFlag@@YAHPEAUsim_entity@@I@Z 0000000180012920 f i p5engine.obj
 0001:00011960       ?InitializeArena@@YAXPEAUmemory_arena@@_KPEAX@Z 0000000180012960 f i p5engine.obj
 0001:000119c0       ?Inner@@YAMTv2@@0@Z        00000001800129c0 f i p5engine.obj
 0001:00011a10       ?Inner@@YAMTv3@@0@Z        0000000180012a10 f i p5engine.obj
 0001:00011a80       ?Intersect@@YA?AUrectangle2i@@U1@0@Z 0000000180012a80 f i p5engine.obj
 0001:00011b90       ?InvertedInfinityRectangle@@YA?AUrectangle2i@@XZ 0000000180012b90 f i p5engine.obj
 0001:00011bf0       ?IsCanonical@@YAHMM@Z      0000000180012bf0 f i p5engine.obj
 0001:00011c90       ?IsCanonical@@YAHPEAUworld@@Tv3@@@Z 0000000180012c90 f i p5engine.obj
 0001:00011d30       ?IsInRectangle@@YAHUrectangle3@@Tv3@@@Z 0000000180012d30 f i p5engine.obj
 0001:00011df0       ?IsValid@@YAHUriff_iterator@@@Z 0000000180012df0 f i p5engine.obj
 0001:00011e40       ?IsValid@@YAHUsound_id@@@Z 0000000180012e40 f i p5engine.obj
 0001:00011e80       ?IsValid@@YAHUworld_position@@@Z 0000000180012e80 f i p5engine.obj
 0001:00011ed0       ?Length@@YAMTv3@@@Z        0000000180012ed0 f i p5engine.obj
 0001:00011f20       ?LengthSq@@YAMTv2@@@Z      0000000180012f20 f i p5engine.obj
 0001:00011f60       ?LengthSq@@YAMTv3@@@Z      0000000180012f60 f i p5engine.obj
 0001:00011fd0       ?Lerp@@YAMMMM@Z            0000000180012fd0 f i p5engine.obj
 0001:00012030       ?Linear1ToSRGB255@@YA?ATv4@@T1@@Z 0000000180013030 f i p5engine.obj
 0001:00012130       ?LoadEntityReference@@YAXPEAUgame_state@@PEAUsim_region@@PEATentity_reference@@@Z 0000000180013130 f i p5engine.obj
 0001:00012260       ?MakeEntityNonSpatial@@YAXPEAUsim_entity@@@Z 0000000180013260 f i p5engine.obj
 0001:000122e0       ?MakeEntitySpatial@@YAXPEAUsim_entity@@Tv3@@1@Z 00000001800132e0 f i p5engine.obj
 0001:00012350       ?MapIntoChunkSpace@@YA?AUworld_position@@PEAUworld@@U1@Tv3@@@Z 0000000180013350 f i p5engine.obj
 0001:00012440       ?NextChunk@@YA?AUriff_iterator@@U1@@Z 0000000180013440 f i p5engine.obj
 0001:000124b0       ?NullPosition@@YA?AUworld_position@@XZ 00000001800134b0 f i p5engine.obj
 0001:00012520       ?Orthographic@@YAXPEAUrender_group@@HHM@Z 0000000180013520 f i p5engine.obj
 0001:00012620       ?ParseChunkAt@@YA?AUriff_iterator@@PEAX0@Z 0000000180013620 f i p5engine.obj
 0001:00012680       ?Perspective@@YAXPEAUrender_group@@HHMMM@Z 0000000180013680 f i p5engine.obj
 0001:00012770       ?PrefetchSound@@YAXPEAUgame_assets@@Usound_id@@@Z 0000000180013770 f i p5engine.obj
 0001:000127a0       ?PushBitmap@@YAXPEAUrender_group@@PEAUloaded_bitmap@@Tv3@@MTv4@@@Z 00000001800137a0 f i p5engine.obj
 0001:000129d0       ?PushBitmap@@YAXPEAUrender_group@@Ubitmap_id@@Tv3@@MTv4@@@Z 00000001800139d0 f i p5engine.obj
 0001:00012ab0       ?PushRect@@YAXPEAUrender_group@@Tv3@@Tv2@@Tv4@@@Z 0000000180013ab0 f i p5engine.obj
 0001:00012c50       ?PushRectOutline@@YAXPEAUrender_group@@Tv3@@Tv2@@Tv4@@@Z 0000000180013c50 f i p5engine.obj
 0001:000130e0       ?PushRenderElement_@@YAPEAXPEAUrender_group@@IW4render_group_entry_type@@@Z 00000001800140e0 f i p5engine.obj
 0001:00013190       ?PushSize_@@YAPEAXPEAUmemory_arena@@_K1@Z 0000000180014190 f i p5engine.obj
 0001:00013260       ?PushString@@YAPEADPEAUmemory_arena@@PEAD@Z 0000000180014260 f i p5engine.obj
 0001:00013320       ?RandomBilateral@@YAMPEAUrandom_series@@@Z 0000000180014320 f i p5engine.obj
 0001:00013370       ?RandomChoice@@YAIPEAUrandom_series@@I@Z 0000000180014370 f i p5engine.obj
 0001:000133b0       ?RandomNextUInt32@@YAIPEAUrandom_series@@@Z 00000001800143b0 f i p5engine.obj
 0001:00013420       ?RandomSeed@@YA?AUrandom_series@@I@Z 0000000180014420 f i p5engine.obj
 0001:00013490       ?RandomUnilateral@@YAMPEAUrandom_series@@@Z 0000000180014490 f i p5engine.obj
 0001:000134f0       ?RecanonicalizeCoord@@YAXMPEAHPEAM@Z 00000001800144f0 f i p5engine.obj
 0001:00013590       ?RectCenterDim@@YA?AUrectangle2@@Tv2@@0@Z 0000000180014590 f i p5engine.obj
 0001:00013620       ?RectCenterDim@@YA?AUrectangle3@@Tv3@@0@Z 0000000180014620 f i p5engine.obj
 0001:00013710       ?RectCenterHalfDim@@YA?AUrectangle2@@Tv2@@0@Z 0000000180014710 f i p5engine.obj
 0001:000137c0       ?RectCenterHalfDim@@YA?AUrectangle3@@Tv3@@0@Z 00000001800147c0 f i p5engine.obj
 0001:00013930       ?RectMinMax@@YA?AUrectangle3@@Tv3@@0@Z 0000000180014930 f i p5engine.obj
 0001:000139d0       ?RectanglesIntersect@@YAHUrectangle3@@0@Z 00000001800149d0 f i p5engine.obj
 0001:00013a90       ?RoundReal32ToInt32@@YAHM@Z 0000000180014a90 f i p5engine.obj
 0001:00013ad0       ?RoundReal32ToUInt32@@YAIM@Z 0000000180014ad0 f i p5engine.obj
 0001:00013b10       ?SRGB255ToLinear1@@YA?ATv4@@T1@@Z 0000000180014b10 f i p5engine.obj
 0001:00013bf0       ?SafeRatio0@@YAMMM@Z       0000000180014bf0 f i p5engine.obj
 0001:00013c40       ?SafeRatio1@@YAMMM@Z       0000000180014c40 f i p5engine.obj
 0001:00013c90       ?SafeRatioN@@YAMMMM@Z      0000000180014c90 f i p5engine.obj
 0001:00013cf0       ?SignOf@@YAMM@Z            0000000180014cf0 f i p5engine.obj
 0001:00013d50       ?Sin@@YAMM@Z               0000000180014d50 f i p5engine.obj
 0001:00013d90       ?Square@@YAMM@Z            0000000180014d90 f i p5engine.obj
 0001:00013dd0       ?SquareRoot@@YAMM@Z        0000000180014dd0 f i p5engine.obj
 0001:00013e10       ?StoreEntityReference@@YAXPEATentity_reference@@@Z 0000000180014e10 f i p5engine.obj
 0001:00013e50       ?SubArena@@YAXPEAUmemory_arena@@0_K1@Z 0000000180014e50 f i p5engine.obj
 0001:00013ec0       ?ToV3@@YA?ATv3@@Tv2@@M@Z   0000000180014ec0 f i p5engine.obj
 0001:00013f50       ?Unproject@@YA?ATv2@@PEAUrender_group@@T1@M@Z 0000000180014f50 f i p5engine.obj
 0001:00013fa0       ?V2@@YA?ATv2@@MM@Z         0000000180014fa0 f i p5engine.obj
 0001:00014010       ?V2i@@YA?ATv2@@HH@Z        0000000180015010 f i p5engine.obj
 0001:00014060       ?V3@@YA?ATv3@@MMM@Z        0000000180015060 f i p5engine.obj
 0001:00014100       ?V4@@YA?ATv4@@MMMM@Z       0000000180015100 f i p5engine.obj
 0001:000141b0       ?ZeroSize@@YAX_KPEAX@Z     00000001800151b0 f i p5engine.obj
 0001:00014210       GetController              0000000180015210 f i p5engine.obj
 0001:00014270       __CheckForDebuggerJustMyCode 0000000180015270 f   MSVCRTD:debugger_jmc.obj
 0001:000142b0       __GSHandlerCheck           00000001800152b0 f   MSVCRTD:gshandler.obj
 0001:000142f0       __GSHandlerCheckCommon     00000001800152f0 f   MSVCRTD:gshandler.obj
 0001:00014400       __chkstk                   0000000180015400 f   MSVCRTD:chkstk.obj
 0001:00014400       _alloca_probe              0000000180015400 f   MSVCRTD:chkstk.obj
 0001:00014460       __security_check_cookie    0000000180015460 f   MSVCRTD:amdsecgs.obj
 0001:00014890       _DllMainCRTStartup         0000000180015890 f   MSVCRTD:dll_dllmain.obj
 0001:000148d0       __raise_securityfailure    00000001800158d0 f   MSVCRTD:gs_report.obj
 0001:00014910       __report_gsfailure         0000000180015910 f   MSVCRTD:gs_report.obj
 0001:00014b70       __security_init_cookie     0000000180015b70 f   MSVCRTD:gs_support.obj
 0001:00014bf0       DllMain                    0000000180015bf0 f   MSVCRTD:dll_dllmain_stub.obj
 0001:00014c30       ?__scrt_initialize_type_info@@YAXXZ 0000000180015c30 f   MSVCRTD:tncleanup.obj
 0001:00014c50       ?__scrt_uninitialize_type_info@@YAXXZ 0000000180015c50 f   MSVCRTD:tncleanup.obj
 0001:00014c70       __local_stdio_printf_options 0000000180015c70 f i MSVCRTD:default_local_stdio_options.obj
 0001:00014c80       __local_stdio_scanf_options 0000000180015c80 f i MSVCRTD:default_local_stdio_options.obj
 0001:00014c90       __scrt_initialize_default_local_stdio_options 0000000180015c90 f   MSVCRTD:default_local_stdio_options.obj
 0001:00014ce0       ?configure_argv@__scrt_narrow_argv_policy@@SAHXZ 0000000180015ce0 f i MSVCRTD:utility.obj
 0001:00014dd0       ?initialize_environment@__scrt_narrow_environment_policy@@SAHXZ 0000000180015dd0 f i MSVCRTD:utility.obj
 0001:00014e70       NtCurrentTeb               0000000180015e70 f i MSVCRTD:utility.obj
 0001:00014e80       __scrt_acquire_startup_lock 0000000180015e80 f   MSVCRTD:utility.obj
 0001:00014ef0       __scrt_dllmain_after_initialize_c 0000000180015ef0 f   MSVCRTD:utility.obj
 0001:00014f20       __scrt_dllmain_before_initialize_c 0000000180015f20 f   MSVCRTD:utility.obj
 0001:00014f40       __scrt_dllmain_crt_thread_attach 0000000180015f40 f   MSVCRTD:utility.obj
 0001:00014f70       __scrt_dllmain_crt_thread_detach 0000000180015f70 f   MSVCRTD:utility.obj
 0001:00014f90       __scrt_dllmain_exception_filter 0000000180015f90 f   MSVCRTD:utility.obj
 0001:00015000       __scrt_dllmain_uninitialize_c 0000000180016000 f   MSVCRTD:utility.obj
 0001:00015030       __scrt_dllmain_uninitialize_critical 0000000180016030 f   MSVCRTD:utility.obj
 0001:00015050       __scrt_initialize_crt      0000000180016050 f   MSVCRTD:utility.obj
 0001:000150a0       __scrt_initialize_onexit_tables 00000001800160a0 f   MSVCRTD:utility.obj
 0001:000151b0       __scrt_is_nonwritable_in_current_image 00000001800161b0 f   MSVCRTD:utility.obj
 0001:00015240       __scrt_release_startup_lock 0000000180016240 f   MSVCRTD:utility.obj
 0001:00015270       __scrt_uninitialize_crt    0000000180016270 f   MSVCRTD:utility.obj
 0001:000152b0       __scrt_get_dyn_tls_init_callback 00000001800162b0 f   MSVCRTD:dyn_tls_init.obj
 0001:000152c0       __crt_debugger_hook        00000001800162c0 f   MSVCRTD:utility_desktop.obj
 0001:000152d0       __scrt_fastfail            00000001800162d0 f   MSVCRTD:utility_desktop.obj
 0001:00015470       _RTC_Initialize            0000000180016470 f   MSVCRTD:initsect.obj
 0001:000154c0       _RTC_Terminate             00000001800164c0 f   MSVCRTD:initsect.obj
 0001:00015510       _guard_check_icall_nop     0000000180016510 f i MSVCRTD:guard_support.obj
 0001:00015520       __isa_available_init       0000000180016520 f   MSVCRTD:cpu_disp.obj
 0001:000158c0       _get_startup_argv_mode     00000001800168c0 f   MSVCRTD:argv_mode.obj
 0001:000158d0       __scrt_is_ucrt_dll_in_use  00000001800168d0 f   MSVCRTD:ucrt_detection.obj
 0001:00015900       __C_specific_handler       0000000180016900 f   vcruntimed:VCRUNTIME140D.dll
 0001:00015906       __std_type_info_destroy_list 0000000180016906 f   vcruntimed:VCRUNTIME140D.dll
 0001:0001590c       atan2                      000000018001690c f   ucrtd:ucrtbased.dll
 0001:00015912       ceilf                      0000000180016912 f   ucrtd:ucrtbased.dll
 0001:00015918       floorf                     0000000180016918 f   ucrtd:ucrtbased.dll
 0001:0001591e       sinf                       000000018001691e f   ucrtd:ucrtbased.dll
 0001:00015924       sqrtf                      0000000180016924 f   ucrtd:ucrtbased.dll
 0001:0001592a       _initterm                  000000018001692a f   ucrtd:ucrtbased.dll
 0001:00015930       _initterm_e                0000000180016930 f   ucrtd:ucrtbased.dll
 0001:00015936       _seh_filter_dll            0000000180016936 f   ucrtd:ucrtbased.dll
 0001:0001593c       _configure_narrow_argv     000000018001693c f   ucrtd:ucrtbased.dll
 0001:00015942       _initialize_narrow_environment 0000000180016942 f   ucrtd:ucrtbased.dll
 0001:00015948       _initialize_onexit_table   0000000180016948 f   ucrtd:ucrtbased.dll
 0001:0001594e       _execute_onexit_table      000000018001694e f   ucrtd:ucrtbased.dll
 0001:00015954       _cexit                     0000000180016954 f   ucrtd:ucrtbased.dll
 0001:00015960       __vcrt_initialize          0000000180016960 f   MSVCRTD:ucrt_stubs.obj
 0001:00015960       __vcrt_thread_detach       0000000180016960 f   MSVCRTD:ucrt_stubs.obj
 0001:00015960       __vcrt_thread_attach       0000000180016960 f   MSVCRTD:ucrt_stubs.obj
 0001:00015960       __acrt_initialize          0000000180016960 f   MSVCRTD:ucrt_stubs.obj
 0001:00015960       __acrt_thread_detach       0000000180016960 f   MSVCRTD:ucrt_stubs.obj
 0001:00015960       __acrt_thread_attach       0000000180016960 f   MSVCRTD:ucrt_stubs.obj
 0001:00015960       __scrt_stub_for_acrt_initialize 0000000180016960 f   MSVCRTD:ucrt_stubs.obj
 0001:00015960       __scrt_stub_for_acrt_thread_attach 0000000180016960 f   MSVCRTD:ucrt_stubs.obj
 0001:00015960       __scrt_stub_for_acrt_thread_detach 0000000180016960 f   MSVCRTD:ucrt_stubs.obj
 0001:00015970       __scrt_stub_for_acrt_uninitialize_critical 0000000180016970 f   MSVCRTD:ucrt_stubs.obj
 0001:00015970       __scrt_stub_for_acrt_uninitialize 0000000180016970 f   MSVCRTD:ucrt_stubs.obj
 0001:00015970       __vcrt_uninitialize_critical 0000000180016970 f   MSVCRTD:ucrt_stubs.obj
 0001:00015970       __acrt_uninitialize_critical 0000000180016970 f   MSVCRTD:ucrt_stubs.obj
 0001:00015970       __acrt_uninitialize        0000000180016970 f   MSVCRTD:ucrt_stubs.obj
 0001:00015970       __vcrt_uninitialize        0000000180016970 f   MSVCRTD:ucrt_stubs.obj
 0001:00015980       _is_c_termination_complete 0000000180016980 f   MSVCRTD:ucrt_stubs.obj
 0001:00015980       __scrt_stub_for_is_c_termination_complete 0000000180016980 f   MSVCRTD:ucrt_stubs.obj
 0001:000159a0       _guard_dispatch_icall_nop  00000001800169a0 f   MSVCRTD:guard_dispatch.obj
 0001:000159c0       _guard_xfg_dispatch_icall_nop 00000001800169c0 f   MSVCRTD:guard_xfg_dispatch.obj
 0002:00000000       __imp_GetCurrentProcessId  0000000180017000     kernel32:KERNEL32.dll
 0002:00000008       __imp_RtlCaptureContext    0000000180017008     kernel32:KERNEL32.dll
 0002:00000010       __imp_RtlLookupFunctionEntry 0000000180017010     kernel32:KERNEL32.dll
 0002:00000018       __imp_RtlVirtualUnwind     0000000180017018     kernel32:KERNEL32.dll
 0002:00000020       __imp_IsDebuggerPresent    0000000180017020     kernel32:KERNEL32.dll
 0002:00000028       __imp_InitializeSListHead  0000000180017028     kernel32:KERNEL32.dll
 0002:00000030       __imp_DisableThreadLibraryCalls 0000000180017030     kernel32:KERNEL32.dll
 0002:00000038       __imp_GetSystemTimeAsFileTime 0000000180017038     kernel32:KERNEL32.dll
 0002:00000040       __imp_GetCurrentThreadId   0000000180017040     kernel32:KERNEL32.dll
 0002:00000048       __imp_QueryPerformanceCounter 0000000180017048     kernel32:KERNEL32.dll
 0002:00000050       __imp_IsProcessorFeaturePresent 0000000180017050     kernel32:KERNEL32.dll
 0002:00000058       __imp_TerminateProcess     0000000180017058     kernel32:KERNEL32.dll
 0002:00000060       __imp_GetCurrentProcess    0000000180017060     kernel32:KERNEL32.dll
 0002:00000068       __imp_SetUnhandledExceptionFilter 0000000180017068     kernel32:KERNEL32.dll
 0002:00000070       __imp_UnhandledExceptionFilter 0000000180017070     kernel32:KERNEL32.dll
 0002:00000078       \177KERNEL32_NULL_THUNK_DATA 0000000180017078     kernel32:KERNEL32.dll
 0002:00000080       __imp___std_type_info_destroy_list 0000000180017080     vcruntimed:VCRUNTIME140D.dll
 0002:00000088       __imp___C_specific_handler 0000000180017088     vcruntimed:VCRUNTIME140D.dll
 0002:00000090       \177VCRUNTIME140D_NULL_THUNK_DATA 0000000180017090     vcruntimed:VCRUNTIME140D.dll
 0002:00000098       __imp__execute_onexit_table 0000000180017098     ucrtd:ucrtbased.dll
 0002:000000a0       __imp__initialize_onexit_table 00000001800170a0     ucrtd:ucrtbased.dll
 0002:000000a8       __imp__initialize_narrow_environment 00000001800170a8     ucrtd:ucrtbased.dll
 0002:000000b0       __imp__configure_narrow_argv 00000001800170b0     ucrtd:ucrtbased.dll
 0002:000000b8       __imp__seh_filter_dll      00000001800170b8     ucrtd:ucrtbased.dll
 0002:000000c0       __imp__initterm_e          00000001800170c0     ucrtd:ucrtbased.dll
 0002:000000c8       __imp__initterm            00000001800170c8     ucrtd:ucrtbased.dll
 0002:000000d0       __imp_sqrtf                00000001800170d0     ucrtd:ucrtbased.dll
 0002:000000d8       __imp_sinf                 00000001800170d8     ucrtd:ucrtbased.dll
 0002:000000e0       __imp_floorf               00000001800170e0     ucrtd:ucrtbased.dll
 0002:000000e8       __imp_ceilf                00000001800170e8     ucrtd:ucrtbased.dll
 0002:000000f0       __imp_atan2                00000001800170f0     ucrtd:ucrtbased.dll
 0002:000000f8       __imp_roundf               00000001800170f8     ucrtd:ucrtbased.dll
 0002:00000100       __imp__cexit               0000000180017100     ucrtd:ucrtbased.dll
 0002:00000108       \177ucrtbased_NULL_THUNK_DATA 0000000180017108     ucrtd:ucrtbased.dll
 0002:00000110       __guard_check_icall_fptr   0000000180017110     MSVCRTD:guard_support.obj
 0002:00000118       __guard_xfg_check_icall_fptr 0000000180017118     MSVCRTD:guard_support.obj
 0002:00000120       __guard_dispatch_icall_fptr 0000000180017120     MSVCRTD:guard_support.obj
 0002:00000128       __guard_xfg_dispatch_icall_fptr 0000000180017128     MSVCRTD:guard_support.obj
 0002:00000130       __guard_xfg_table_dispatch_icall_fptr 0000000180017130     MSVCRTD:guard_support.obj
 0002:00000138       __xc_a                     0000000180017138     MSVCRTD:initializers.obj
 0002:00000140       __xc_z                     0000000180017140     MSVCRTD:initializers.obj
 0002:00000148       __xi_a                     0000000180017148     MSVCRTD:initializers.obj
 0002:00000150       __xi_z                     0000000180017150     MSVCRTD:initializers.obj
 0002:00000158       __xp_a                     0000000180017158     MSVCRTD:initializers.obj
 0002:00000160       __xp_z                     0000000180017160     MSVCRTD:initializers.obj
 0002:00000168       __xt_a                     0000000180017168     MSVCRTD:initializers.obj
 0002:00000170       __xt_z                     0000000180017170     MSVCRTD:initializers.obj
 0002:00000580       ??_C@_0BA@NMEIMCEK@InvalidCodePath@ 0000000180017580     p5engine.obj
 0002:00000590       __real@00000000            0000000180017590     p5engine.obj
 0002:00000594       __real@308992b1            0000000180017594     p5engine.obj
 0002:00000598       __real@3a83126f            0000000180017598     p5engine.obj
 0002:0000059c       __real@3b808081            000000018001759c     p5engine.obj
 0002:000005a0       __real@3c23d70a            00000001800175a0     p5engine.obj
 0002:000005a4       __real@3cc30c31            00000001800175a4     p5engine.obj
 0002:000005a8       __real@3dcccccd            00000001800175a8     p5engine.obj
 0002:000005ac       __real@3de00000            00000001800175ac     p5engine.obj
 0002:000005b0       __real@3e4ccccd            00000001800175b0     p5engine.obj
 0002:000005b4       __real@3e800000            00000001800175b4     p5engine.obj
 0002:000005b8       __real@3e99999a            00000001800175b8     p5engine.obj
 0002:000005bc       __real@3eae4c41            00000001800175bc     p5engine.obj
 0002:000005c0       __real@3ecccccd            00000001800175c0     p5engine.obj
 0002:000005c4       __real@3ee147ae            00000001800175c4     p5engine.obj
 0002:000005c8       __real@3f000000            00000001800175c8     p5engine.obj
 0002:000005cc       __real@3f19999a            00000001800175cc     p5engine.obj
 0002:000005d0       __real@3f228f5c            00000001800175d0     p5engine.obj
 0002:000005d4       __real@3f3504f3            00000001800175d4     p5engine.obj
 0002:000005d8       __real@3f400000            00000001800175d8     p5engine.obj
 0002:000005dc       __real@3f540000            00000001800175dc     p5engine.obj
 0002:000005e0       __real@3f666666            00000001800175e0     p5engine.obj
 0002:000005e4       __real@3f800000            00000001800175e4     p5engine.obj
 0002:000005e8       __real@3f8ba2e9            00000001800175e8     p5engine.obj
 0002:000005ec       __real@3f8ccccd            00000001800175ec     p5engine.obj
 0002:000005f0       __real@3f99999a            00000001800175f0     p5engine.obj
 0002:000005f4       __real@3fa66666            00000001800175f4     p5engine.obj
 0002:000005f8       __real@3fb33333            00000001800175f8     p5engine.obj
 0002:000005fc       __real@3fc00000            00000001800175fc     p5engine.obj
 0002:00000600       __real@3fc90fdb            0000000180017600     p5engine.obj
 0002:00000604       __real@40000000            0000000180017604     p5engine.obj
 0002:00000608       __real@400ccccd            0000000180017608     p5engine.obj
 0002:0000060c       __real@40400000            000000018001760c     p5engine.obj
 0002:00000610       __real@40490fdb            0000000180017610     p5engine.obj
 0002:00000614       __real@40800000            0000000180017614     p5engine.obj
 0002:00000618       __real@4096cbe4            0000000180017618     p5engine.obj
 0002:0000061c       __real@40a00000            000000018001761c     p5engine.obj
 0002:00000620       __real@40c00000            0000000180017620     p5engine.obj
 0002:00000624       __real@40c90fdb            0000000180017624     p5engine.obj
 0002:00000628       __real@41100000            0000000180017628     p5engine.obj
 0002:0000062c       __real@41700000            000000018001762c     p5engine.obj
 0002:00000630       __real@41880000            0000000180017630     p5engine.obj
 0002:00000634       __real@41a00000            0000000180017634     p5engine.obj
 0002:00000638       __real@41f00000            0000000180017638     p5engine.obj
 0002:0000063c       __real@42340000            000000018001763c     p5engine.obj
 0002:00000640       __real@437f0000            0000000180017640     p5engine.obj
 0002:00000644       __real@461c4000            0000000180017644     p5engine.obj
 0002:00000648       __real@47c35000            0000000180017648     p5engine.obj
 0002:0000064c       __real@49742400            000000018001764c     p5engine.obj
 0002:00000650       __real@7f7fffff            0000000180017650     p5engine.obj
 0002:00000654       __real@becccccd            0000000180017654     p5engine.obj
 0002:00000658       __real@bf000000            0000000180017658     p5engine.obj
 0002:0000065c       __real@bf800000            000000018001765c     p5engine.obj
 0002:00000660       __real@c0000000            0000000180017660     p5engine.obj
 0002:00000664       __real@c0100000            0000000180017664     p5engine.obj
 0002:00000668       __real@c0400000            0000000180017668     p5engine.obj
 0002:0000066c       __real@c11ccccd            000000018001766c     p5engine.obj
 0002:00000670       __xmm@00000000000000000000000000000000 0000000180017670     p5engine.obj
 0002:00000680       __xmm@000000ff000000ff000000ff000000ff 0000000180017680     p5engine.obj
 0002:00000690       __xmm@0000ffff0000ffff0000ffff0000ffff 0000000180017690     p5engine.obj
 0002:000006a0       __xmm@00ff00ff00ff00ff00ff00ff00ff00ff 00000001800176a0     p5engine.obj
 0002:000006b0       __xmm@3b8080813b8080813b8080813b808081 00000001800176b0     p5engine.obj
 0002:000006c0       __xmm@3f0000003f0000003f0000003f000000 00000001800176c0     p5engine.obj
 0002:000006d0       __xmm@3f8000003f8000003f8000003f800000 00000001800176d0     p5engine.obj
 0002:000006e0       __xmm@40800000408000004080000040800000 00000001800176e0     p5engine.obj
 0002:000006f0       __xmm@477e0100477e0100477e0100477e0100 00000001800176f0     p5engine.obj
 0002:00000700       __xmm@7fffffffffffffff7fffffffffffffff 0000000180017700     p5engine.obj
 0002:00000710       __xmm@80000000800000008000000080000000 0000000180017710     p5engine.obj
 0002:00000720       __xmm@ffffffffffffffffffffffffffffffff 0000000180017720     p5engine.obj
 0002:00000730       _pRawDllMain               0000000180017730     MSVCRTD:dll_dllmain.obj
 0002:00000730       _pDefaultRawDllMain        0000000180017730     MSVCRTD:dll_dllmain.obj
 0002:000007a0       _load_config_used          00000001800177a0     MSVCRTD:loadcfg.obj
 0002:00000900       __volatile_metadata        0000000180017900     <linker-defined>
 0002:00000d58       __rtc_iaa                  0000000180017d58     MSVCRTD:initsect.obj
 0002:00000d60       __rtc_izz                  0000000180017d60     MSVCRTD:initsect.obj
 0002:00000d68       __rtc_taa                  0000000180017d68     MSVCRTD:initsect.obj
 0002:00000d70       __rtc_tzz                  0000000180017d70     MSVCRTD:initsect.obj
 0002:000015a4       __IMPORT_DESCRIPTOR_VCRUNTIME140D 00000001800185a4     vcruntimed:VCRUNTIME140D.dll
 0002:000015b8       __IMPORT_DESCRIPTOR_ucrtbased 00000001800185b8     ucrtd:ucrtbased.dll
 0002:000015cc       __IMPORT_DESCRIPTOR_KERNEL32 00000001800185cc     kernel32:KERNEL32.dll
 0002:000015e0       __NULL_IMPORT_DESCRIPTOR   00000001800185e0     vcruntimed:VCRUNTIME140D.dll
 0003:00004000       __security_cookie_complement 000000018001d000     MSVCRTD:gs_cookie.obj
 0003:00004008       __security_cookie          000000018001d008     MSVCRTD:gs_cookie.obj
 0003:00004010       _fltused                   000000018001d010     MSVCRTD:fltused.obj
 0003:00004014       __scrt_native_dllmain_reason 000000018001d014     MSVCRTD:utility.obj
 0003:00004018       __isa_available            000000018001d018     MSVCRTD:cpu_disp.obj
 0003:0000401c       __isa_enabled              000000018001d01c     MSVCRTD:cpu_disp.obj
 0003:00004020       __memcpy_nt_iters          000000018001d020     MSVCRTD:cpu_disp.obj
 0003:00004028       __memset_nt_iters          000000018001d028     MSVCRTD:cpu_disp.obj
 0003:00004030       __scrt_ucrt_dll_is_in_use  000000018001d030     MSVCRTD:ucrt_stubs.obj
 0003:00004040       DebugGlobalMemory          000000018001d040     p5engine.obj
 0003:000045e0       ?__type_info_root_node@@3U__type_info_node@@A 000000018001d5e0     MSVCRTD:tncleanup.obj
 0003:000045f0       ?_OptionsStorage@?1??__local_stdio_printf_options@@9@4_KA 000000018001d5f0     MSVCRTD:default_local_stdio_options.obj
 0003:000045f8       ?_OptionsStorage@?1??__local_stdio_scanf_options@@9@4_KA 000000018001d5f8     MSVCRTD:default_local_stdio_options.obj
 0003:00004600       __scrt_current_native_startup_state 000000018001d600     MSVCRTD:utility.obj
 0003:00004608       __scrt_native_startup_lock 000000018001d608     MSVCRTD:utility.obj
 0003:00004648       __scrt_debugger_hook_flag  000000018001d648     MSVCRTD:utility_desktop.obj
 0003:00004650       __castguard_check_failure_os_handled_fptr 000000018001d650     MSVCRTD:guard_support.obj
 0003:00004658       __favor                    000000018001d658     MSVCRTD:cpu_disp.obj
 0003:00004660       __dyn_tls_init_callback    000000018001d660     <common>
 0003:00004668       __DebuggerCurrentSteppingThreadId 000000018001d668     <common>

 entry point at        0001:00014890

 Static symbols

 0000:fffde000       .debug$S                   0000000180000000     P5Engine.exp
 0000:fffde000       .debug$S                   0000000180000000     vcruntimed:VCRUNTIME140D.dll
 0000:fffde000       .debug$S                   0000000180000000     vcruntimed:VCRUNTIME140D.dll
 0000:fffde000       .debug$S                   0000000180000000     vcruntimed:VCRUNTIME140D.dll
 0000:fffde000       .debug$S                   0000000180000000     vcruntimed:VCRUNTIME140D.dll
 0000:fffde000       .debug$S                   0000000180000000     ucrtd:ucrtbased.dll
 0000:fffde000       .debug$S                   0000000180000000     ucrtd:ucrtbased.dll
 0000:fffde000       .debug$S                   0000000180000000     ucrtd:ucrtbased.dll
 0000:fffde000       .debug$S                   0000000180000000     ucrtd:ucrtbased.dll
 0000:fffde000       .debug$S                   0000000180000000     ucrtd:ucrtbased.dll
 0000:fffde000       .debug$S                   0000000180000000     ucrtd:ucrtbased.dll
 0000:fffde000       .debug$S                   0000000180000000     ucrtd:ucrtbased.dll
 0000:fffde000       .debug$S                   0000000180000000     ucrtd:ucrtbased.dll
 0000:fffde000       .debug$S                   0000000180000000     ucrtd:ucrtbased.dll
 0000:fffde000       .debug$S                   0000000180000000     ucrtd:ucrtbased.dll
 0000:fffde000       .debug$S                   0000000180000000     ucrtd:ucrtbased.dll
 0000:fffde000       .debug$S                   0000000180000000     ucrtd:ucrtbased.dll
 0000:fffde000       .debug$S                   0000000180000000     ucrtd:ucrtbased.dll
 0000:fffde000       .debug$S                   0000000180000000     ucrtd:ucrtbased.dll
 0000:fffde000       .debug$S                   0000000180000000     ucrtd:ucrtbased.dll
 0000:fffde000       .debug$S                   0000000180000000     ucrtd:ucrtbased.dll
 0000:fffde000       .debug$S                   0000000180000000     ucrtd:ucrtbased.dll
 0000:fffde000       .debug$S                   0000000180000000     ucrtd:ucrtbased.dll
 0000:fffde000       .debug$S                   0000000180000000     kernel32:KERNEL32.dll
 0000:fffde000       .debug$S                   0000000180000000     kernel32:KERNEL32.dll
 0000:fffde000       .debug$S                   0000000180000000     kernel32:KERNEL32.dll
 0000:fffde000       .debug$S                   0000000180000000     kernel32:KERNEL32.dll
 0000:fffde000       .debug$S                   0000000180000000     kernel32:KERNEL32.dll
 0000:fffde000       .debug$S                   0000000180000000     kernel32:KERNEL32.dll
 0000:fffde000       .debug$S                   0000000180000000     kernel32:KERNEL32.dll
 0000:fffde000       .debug$S                   0000000180000000     kernel32:KERNEL32.dll
 0000:fffde000       .debug$S                   0000000180000000     kernel32:KERNEL32.dll
 0000:fffde000       .debug$S                   0000000180000000     kernel32:KERNEL32.dll
 0000:fffde000       .debug$S                   0000000180000000     kernel32:KERNEL32.dll
 0000:fffde000       .debug$S                   0000000180000000     kernel32:KERNEL32.dll
 0000:fffde000       .debug$S                   0000000180000000     kernel32:KERNEL32.dll
 0000:fffde000       .debug$S                   0000000180000000     kernel32:KERNEL32.dll
 0000:fffde000       .debug$S                   0000000180000000     kernel32:KERNEL32.dll
 0000:fffde000       .debug$S                   0000000180000000     kernel32:KERNEL32.dll
 0000:fffde000       .debug$S                   0000000180000000     kernel32:KERNEL32.dll
 0001:00000000       ?LoadBitmap@@YAXPEAUgame_assets@@Ubitmap_id@@@Z 0000000180001000 f   p5engine.obj
 0001:00000140       ?LoadSound@@YAXPEAUgame_assets@@Usound_id@@@Z 0000000180001140 f   p5engine.obj
 0001:00000280       ?AddCollisionRule@@YAXPEAUgame_state@@IIH@Z 0000000180001280 f   p5engine.obj
 0001:00000400       ?ClearCollisionRulesFor@@YAXPEAUgame_state@@I@Z 0000000180001400 f   p5engine.obj
 0001:00000500       ?BeginTaskWithMemory@@YAPEAUtask_with_memory@@PEAUtransient_state@@@Z 0000000180001500 f   p5engine.obj
 0001:000005e0       ?EndTaskWithMemory@@YAXPEAUtask_with_memory@@@Z 00000001800015e0 f   p5engine.obj
 0001:00000640       ?DrawRectangle@@YAXPEAUloaded_bitmap@@Tv2@@1Tv4@@Urectangle2i@@H@Z 0000000180001640 f   p5engine.obj
 0001:00000900       ?DrawRectangleQuickly@@YAXPEAUloaded_bitmap@@Tv2@@11Tv4@@0MUrectangle2i@@H@Z 0000000180001900 f   p5engine.obj
 0001:00002d80       ?RenderGroupToOutput@@YAXPEAUrender_group@@PEAUloaded_bitmap@@Urectangle2i@@H@Z 0000000180003d80 f   p5engine.obj
 0001:00003170       ?DoTiledRenderWork@@YAXPEAUplatform_work_queue@@PEAX@Z 0000000180004170 f   p5engine.obj
 0001:00003220       ?RenderGroupToOutput@@YAXPEAUrender_group@@PEAUloaded_bitmap@@@Z 0000000180004220 f   p5engine.obj
 0001:00003310       ?TiledRenderGroupToOutput@@YAXPEAUplatform_work_queue@@PEAUrender_group@@PEAUloaded_bitmap@@@Z 0000000180004310 f   p5engine.obj
 0001:00003540       ?AllocateRenderGroup@@YAPEAUrender_group@@PEAUgame_assets@@PEAUmemory_arena@@I@Z 0000000180004540 f   p5engine.obj
 0001:00003670       ?InitializeWorld@@YAXPEAUworld@@Tv3@@@Z 0000000180004670 f   p5engine.obj
 0001:00003710       ?Subtract@@YA?ATv3@@PEAUworld@@PEAUworld_position@@1@Z 0000000180004710 f   p5engine.obj
 0001:00003980       ?ChangeEntityLocation@@YAXPEAUmemory_arena@@PEAUworld@@IPEAUlow_entity@@Uworld_position@@@Z 0000000180004980 f   p5engine.obj
 0001:00003b10       ?GetHashFromStorageIndex@@YAPEAUsim_entity_hash@@PEAUsim_region@@I@Z 0000000180004b10 f   p5engine.obj
 0001:00003be0       ?AddEntity@@YAPEAUsim_entity@@PEAUgame_state@@PEAUsim_region@@IPEAUlow_entity@@PEATv3@@@Z 0000000180004be0 f   p5engine.obj
 0001:00003d40       ?AddEntityRaw@@YAPEAUsim_entity@@PEAUgame_state@@PEAUsim_region@@IPEAUlow_entity@@@Z 0000000180004d40 f   p5engine.obj
 0001:00003ec0       ?BeginSim@@YAPEAUsim_region@@PEAUmemory_arena@@PEAUgame_state@@PEAUworld@@Uworld_position@@Urectangle3@@M@Z 0000000180004ec0 f   p5engine.obj
 0001:00004530       ?EndSim@@YAXPEAUsim_region@@PEAUgame_state@@@Z 0000000180005530 f   p5engine.obj
 0001:000047f0       ?CanCollide@@YAHPEAUgame_state@@PEAUsim_entity@@1@Z 00000001800057f0 f   p5engine.obj
 0001:00004940       ?HandleCollision@@YAHPEAUgame_state@@PEAUsim_entity@@1@Z 0000000180005940 f   p5engine.obj
 0001:00004a20       ?CanOverlap@@YAHPEAUgame_state@@PEAUsim_entity@@1@Z 0000000180005a20 f   p5engine.obj
 0001:00004a80       ?HandleOverlap@@YAXPEAUgame_state@@PEAUsim_entity@@1MPEAM@Z 0000000180005a80 f   p5engine.obj
 0001:00004b20       ?SpeculativeCollide@@YAHPEAUsim_entity@@0Tv3@@@Z 0000000180005b20 f   p5engine.obj
 0001:00004c20       ?EntitiesOverlap@@YAHPEAUsim_entity@@0Tv3@@@Z 0000000180005c20 f   p5engine.obj
 0001:00004f60       ?MoveEntity@@YAXPEAUgame_state@@PEAUsim_region@@PEAUsim_entity@@MPEAUmove_spec@@Tv3@@@Z 0000000180005f60 f   p5engine.obj
 0001:000068c0       ?DEBUGLoadBMP@@YA?AUloaded_bitmap@@PEADTv2@@@Z 00000001800078c0 f   p5engine.obj
 0001:00006dd0       ?DEBUGLoadWAV@@YA?AUloaded_sound@@PEADII@Z 0000000180007dd0 f   p5engine.obj
 0001:000072e0       ?LoadBitmapWork@@YAXPEAUplatform_work_queue@@PEAX@Z 00000001800082e0 f   p5engine.obj
 0001:000073e0       ?LoadSoundWork@@YAXPEAUplatform_work_queue@@PEAX@Z 00000001800083e0 f   p5engine.obj
 0001:000074e0       ?GetBestMatchAssetFrom@@YAIPEAUgame_assets@@W4asset_type_id@@PEAUasset_vector@@2@Z 00000001800084e0 f   p5engine.obj
 0001:00007720       ?GetRandomAssetFrom@@YAIPEAUgame_assets@@W4asset_type_id@@PEAUrandom_series@@@Z 0000000180008720 f   p5engine.obj
 0001:000077e0       ?GetFirstAssetFrom@@YAIPEAUgame_assets@@W4asset_type_id@@@Z 00000001800087e0 f   p5engine.obj
 0001:00007860       ?GetBestMatchBitmapFrom@@YA?AUbitmap_id@@PEAUgame_assets@@W4asset_type_id@@PEAUasset_vector@@2@Z 0000000180008860 f   p5engine.obj
 0001:000078b0       ?GetFirstBitmapFrom@@YA?AUbitmap_id@@PEAUgame_assets@@W4asset_type_id@@@Z 00000001800088b0 f   p5engine.obj
 0001:000078f0       ?GetRandomBitmapFrom@@YA?AUbitmap_id@@PEAUgame_assets@@W4asset_type_id@@PEAUrandom_series@@@Z 00000001800088f0 f   p5engine.obj
 0001:00007940       ?GetFirstSoundFrom@@YA?AUsound_id@@PEAUgame_assets@@W4asset_type_id@@@Z 0000000180008940 f   p5engine.obj
 0001:00007980       ?GetRandomSoundFrom@@YA?AUsound_id@@PEAUgame_assets@@W4asset_type_id@@PEAUrandom_series@@@Z 0000000180008980 f   p5engine.obj
 0001:000079d0       ?DEBUGAddBitmapInfo@@YA?AUbitmap_id@@PEAUgame_assets@@PEADTv2@@@Z 00000001800089d0 f   p5engine.obj
 0001:00007a90       ?DEBUGAddSoundInfo@@YA?AUsound_id@@PEAUgame_assets@@PEADII@Z 0000000180008a90 f   p5engine.obj
 0001:00007b70       ?BeginAssetType@@YAXPEAUgame_assets@@W4asset_type_id@@@Z 0000000180008b70 f   p5engine.obj
 0001:00007c10       ?AddBitmapAsset@@YAXPEAUgame_assets@@PEADTv2@@@Z 0000000180008c10 f   p5engine.obj
 0001:00007d20       ?AddSoundAsset@@YAPEAUasset@@PEAUgame_assets@@PEADII@Z 0000000180008d20 f   p5engine.obj
 0001:00007e40       ?AddTag@@YAXPEAUgame_assets@@W4asset_tag_id@@M@Z 0000000180008e40 f   p5engine.obj
 0001:00007f00       ?EndAssetType@@YAXPEAUgame_assets@@@Z 0000000180008f00 f   p5engine.obj
 0001:00007f80       ?AllocateGameAssets@@YAPEAUgame_assets@@PEAUmemory_arena@@_KPEAUtransient_state@@@Z 0000000180008f80 f   p5engine.obj
 0001:000088a0       ?PlaySound@@YAPEAUplaying_sound@@PEAUaudio_state@@Usound_id@@@Z 00000001800098a0 f   p5engine.obj
 0001:000089d0       ?ChangeVolume@@YAXPEAUaudio_state@@PEAUplaying_sound@@MTv2@@@Z 00000001800099d0 f   p5engine.obj
 0001:00008a90       ?OutputPlayingSounds@@YAXPEAUaudio_state@@PEAUgame_sound_output_buffer@@PEAUgame_assets@@PEAUmemory_arena@@@Z 0000000180009a90 f   p5engine.obj
 0001:000092c0       ?InitializeAudioState@@YAXPEAUaudio_state@@PEAUmemory_arena@@@Z 000000018000a2c0 f   p5engine.obj
 0001:00009340       ?AddLowEntity@@YA?AUadd_low_entity_result@@PEAUgame_state@@W4entity_type@@Uworld_position@@@Z 000000018000a340 f   p5engine.obj
 0001:00009540       ?AddGroundedEntity@@YA?AUadd_low_entity_result@@PEAUgame_state@@W4entity_type@@Uworld_position@@PEAUsim_entity_collision_volume_group@@@Z 000000018000a540 f   p5engine.obj
 0001:000095f0       ?AddStandardRoom@@YA?AUadd_low_entity_result@@PEAUgame_state@@III@Z 000000018000a5f0 f   p5engine.obj
 0001:00009750       ?AddWall@@YA?AUadd_low_entity_result@@PEAUgame_state@@III@Z 000000018000a750 f   p5engine.obj
 0001:000098b0       ?AddStairs@@YA?AUadd_low_entity_result@@PEAUgame_state@@III@Z 000000018000a8b0 f   p5engine.obj
 0001:00009a40       ?InitHitPoints@@YAXPEAUlow_entity@@I@Z 000000018000aa40 f   p5engine.obj
 0001:00009ad0       ?AddSword@@YA?AUadd_low_entity_result@@PEAUgame_state@@@Z 000000018000aad0 f   p5engine.obj
 0001:00009bc0       ?AddPlayer@@YA?AUadd_low_entity_result@@PEAUgame_state@@@Z 000000018000abc0 f   p5engine.obj
 0001:00009d00       ?AddMonstar@@YA?AUadd_low_entity_result@@PEAUgame_state@@III@Z 000000018000ad00 f   p5engine.obj
 0001:00009e70       ?AddFamiliar@@YA?AUadd_low_entity_result@@PEAUgame_state@@III@Z 000000018000ae70 f   p5engine.obj
 0001:00009fd0       ?DrawHitpoints@@YAXPEAUsim_entity@@PEAUrender_group@@@Z 000000018000afd0 f   p5engine.obj
 0001:0000a240       ?MakeSimpleGroundedCollision@@YAPEAUsim_entity_collision_volume_group@@PEAUgame_state@@MMM@Z 000000018000b240 f   p5engine.obj
 0001:0000a3a0       ?MakeNullCollision@@YAPEAUsim_entity_collision_volume_group@@PEAUgame_state@@@Z 000000018000b3a0 f   p5engine.obj
 0001:0000a480       ?FillGroundChunkWork@@YAXPEAUplatform_work_queue@@PEAX@Z 000000018000b480 f   p5engine.obj
 0001:0000a4e0       ?FillGroundChunk@@YAXPEAUtransient_state@@PEAUgame_state@@PEAUground_buffer@@PEAUworld_position@@@Z 000000018000b4e0 f   p5engine.obj
 0001:0000ad60       ?ClearBitmap@@YAXPEAUloaded_bitmap@@@Z 000000018000bd60 f   p5engine.obj
 0001:0000adc0       ?MakeEmptyBitmap@@YA?AUloaded_bitmap@@PEAUmemory_arena@@HHH@Z 000000018000bdc0 f   p5engine.obj
 0001:0000aeb0       ?MakeSphereDiffuseMap@@YAXPEAUloaded_bitmap@@MM@Z 000000018000beb0 f   p5engine.obj
 0001:0000b1e0       ?MakeSphereNormalMap@@YAXPEAUloaded_bitmap@@MMM@Z 000000018000c1e0 f   p5engine.obj
 0001:0000f008       $LN147                     0000000180010008     p5engine.obj
 0001:000143f0       $$000000                   00000001800153f0     MSVCRTD:chkstk.obj
 0001:00014450       $$000000                   0000000180015450     MSVCRTD:amdsecgs.obj
 0001:00014480       ?dllmain_crt_dispatch@@YAHQEAUHINSTANCE__@@KQEAX@Z 0000000180015480 f   MSVCRTD:dll_dllmain.obj
 0001:00014510       ?dllmain_crt_process_attach@@YAHQEAUHINSTANCE__@@QEAX@Z 0000000180015510 f   MSVCRTD:dll_dllmain.obj
 0001:00014650       ?dllmain_crt_process_detach@@YAH_N@Z 0000000180015650 f   MSVCRTD:dll_dllmain.obj
 0001:000146f0       ?dllmain_dispatch@@YAHQEAUHINSTANCE__@@KQEAX@Z 00000001800156f0 f   MSVCRTD:dll_dllmain.obj
 0001:00014830       ?dllmain_raw@@YAHQEAUHINSTANCE__@@KQEAX@Z 0000000180015830 f   MSVCRTD:dll_dllmain.obj
 0001:000149f0       capture_previous_context   00000001800159f0 f   MSVCRTD:gs_report.obj
 0001:00014ab0       __get_entropy              0000000180015ab0 f   MSVCRTD:gs_support.obj
 0001:00014d00       ?find_pe_section@@YAPEAU_IMAGE_SECTION_HEADER@@QEAE_K@Z 0000000180015d00 f   MSVCRTD:utility.obj
 0001:00014de0       ?is_potentially_valid_image_base@@YA_NQEAX@Z 0000000180015de0 f   MSVCRTD:utility.obj
 0001:00015990       $$000000                   0000000180016990     MSVCRTD:guard_dispatch.obj
 0001:000159b0       $$000000                   00000001800169b0     MSVCRTD:guard_xfg_dispatch.obj
 0001:000159d0       ?fin$0@?0??dllmain_crt_process_attach@@YAHQEAUHINSTANCE__@@QEAX@Z@4HA 00000001800169d0 f   MSVCRTD:dll_dllmain.obj
 0001:000159f0       ?fin$0@?0??dllmain_crt_process_detach@@YAH_N@Z@4HA 00000001800169f0 f   MSVCRTD:dll_dllmain.obj
 0001:00015a0a       ?fin$1@?0??dllmain_crt_process_detach@@YAH_N@Z@4HA 0000000180016a0a f   MSVCRTD:dll_dllmain.obj
 0001:00015a20       ?filt$0@?0??dllmain_dispatch@@YAHQEAUHINSTANCE__@@KQEAX@Z@4HA 0000000180016a20 f   MSVCRTD:dll_dllmain.obj
 0001:00015a70       __scrt_is_nonwritable_in_current_image$filt$0 0000000180016a70 f   MSVCRTD:utility.obj
 0002:00000180       $SG29956                   0000000180017180     p5engine.obj
 0002:00000190       $SG30384                   0000000180017190     p5engine.obj
 0002:000001a0       $SG31152                   00000001800171a0     p5engine.obj
 0002:000001c8       $SG31503                   00000001800171c8     p5engine.obj
 0002:000001e8       $SG31504                   00000001800171e8     p5engine.obj
 0002:00000208       $SG31505                   0000000180017208     p5engine.obj
 0002:00000228       $SG31506                   0000000180017228     p5engine.obj
 0002:00000240       $SG31507                   0000000180017240     p5engine.obj
 0002:00000260       $SG31508                   0000000180017260     p5engine.obj
 0002:00000280       $SG31509                   0000000180017280     p5engine.obj
 0002:000002a0       $SG31510                   00000001800172a0     p5engine.obj
 0002:000002c0       $SG31511                   00000001800172c0     p5engine.obj
 0002:000002e0       $SG31512                   00000001800172e0     p5engine.obj
 0002:00000300       $SG31513                   0000000180017300     p5engine.obj
 0002:00000328       $SG31514                   0000000180017328     p5engine.obj
 0002:00000348       $SG31515                   0000000180017348     p5engine.obj
 0002:00000368       $SG31516                   0000000180017368     p5engine.obj
 0002:00000390       $SG31517                   0000000180017390     p5engine.obj
 0002:000003b0       $SG31518                   00000001800173b0     p5engine.obj
 0002:000003d0       $SG31519                   00000001800173d0     p5engine.obj
 0002:000003f0       $SG31520                   00000001800173f0     p5engine.obj
 0002:00000410       $SG31521                   0000000180017410     p5engine.obj
 0002:00000430       $SG31522                   0000000180017430     p5engine.obj
 0002:00000450       $SG31523                   0000000180017450     p5engine.obj
 0002:00000470       $SG31524                   0000000180017470     p5engine.obj
 0002:00000490       $SG31525                   0000000180017490     p5engine.obj
 0002:000004b0       $SG31526                   00000001800174b0     p5engine.obj
 0002:000004d0       $SG31527                   00000001800174d0     p5engine.obj
 0002:000004f0       $SG31528                   00000001800174f0     p5engine.obj
 0002:00000510       $SG31530                   0000000180017510     p5engine.obj
 0002:00000530       $SG31532                   0000000180017530     p5engine.obj
 0002:00000550       $SG31533                   0000000180017550     p5engine.obj
 0002:00000570       $SG32624                   0000000180017570     p5engine.obj
 0002:00000738       GS_ExceptionPointers       0000000180017738     MSVCRTD:gs_report.obj
 0002:00000d78       $unwind$?GetBitmap@@YAPEAUloaded_bitmap@@PEAUgame_assets@@Ubitmap_id@@@Z 0000000180017d78     p5engine.obj
 0002:00000d78       $unwind$?GetLowEntity@@YAPEAUlow_entity@@PEAUgame_state@@I@Z 0000000180017d78     p5engine.obj
 0002:00000d78       $unwind$?GetSound@@YAPEAUloaded_sound@@PEAUgame_assets@@Usound_id@@@Z 0000000180017d78     p5engine.obj
 0002:00000d78       $unwind$?GetSoundInfo@@YAPEAUasset_sound_info@@PEAUgame_assets@@Usound_id@@@Z 0000000180017d78     p5engine.obj
 0002:00000d78       $unwind$?HasFlag@@YAHPEAUsim_entity@@I@Z 0000000180017d78     p5engine.obj
 0002:00000d78       $unwind$?RandomChoice@@YAIPEAUrandom_series@@I@Z 0000000180017d78     p5engine.obj
 0002:00000d78       $unwind$GetController      0000000180017d78     p5engine.obj
 0002:00000d80       $unwind$?InitializeArena@@YAXPEAUmemory_arena@@_KPEAX@Z 0000000180017d80     p5engine.obj
 0002:00000d88       $unwind$?GetAlignmentOffset@@YA_KPEAUmemory_arena@@_K@Z 0000000180017d88     p5engine.obj
 0002:00000d88       $unwind$?PushString@@YAPEADPEAUmemory_arena@@PEAD@Z 0000000180017d88     p5engine.obj
 0002:00000d90       $unwind$??Y@YAAEATv2@@AEAT0@T0@@Z 0000000180017d90     p5engine.obj
 0002:00000d90       $unwind$?GetArenaSizeRemaining@@YA_KPEAUmemory_arena@@_K@Z 0000000180017d90     p5engine.obj
 0002:00000d90       $unwind$?Hadamard@@YA?ATv2@@T1@0@Z 0000000180017d90     p5engine.obj
 0002:00000d90       $unwind$?Inner@@YAMTv2@@0@Z 0000000180017d90     p5engine.obj
 0002:00000d90       $unwind$?Inner@@YAMTv3@@0@Z 0000000180017d90     p5engine.obj
 0002:00000d90       $unwind$?IsCanonical@@YAHPEAUworld@@Tv3@@@Z 0000000180017d90     p5engine.obj
 0002:00000d90       $unwind$?IsInRectangle@@YAHUrectangle3@@Tv3@@@Z 0000000180017d90     p5engine.obj
 0002:00000d90       $unwind$?RectanglesIntersect@@YAHUrectangle3@@0@Z 0000000180017d90     p5engine.obj
 0002:00000d90       $unwind$?ZeroSize@@YAX_KPEAX@Z 0000000180017d90     p5engine.obj
 0002:00000d90       $unwind$?find_pe_section@@YAPEAU_IMAGE_SECTION_HEADER@@QEAE_K@Z 0000000180017d90     MSVCRTD:utility.obj
 0002:00000d98       $unwind$?PushSize_@@YAPEAXPEAUmemory_arena@@_K1@Z 0000000180017d98     p5engine.obj
 0002:00000da0       $unwind$?BeginTemporaryMemory@@YA?AUtemporary_memory@@PEAUmemory_arena@@@Z 0000000180017da0     p5engine.obj
 0002:00000db4       $unwind$?AllResourcesPresent@@YAHPEAUrender_group@@@Z 0000000180017db4     p5engine.obj
 0002:00000db4       $unwind$?EndTemporaryMemory@@YAXUtemporary_memory@@@Z 0000000180017db4     p5engine.obj
 0002:00000db4       $unwind$?GetChunkData@@YAPEAXUriff_iterator@@@Z 0000000180017db4     p5engine.obj
 0002:00000db4       $unwind$?GetChunkDataSize@@YAIUriff_iterator@@@Z 0000000180017db4     p5engine.obj
 0002:00000db4       $unwind$?GetClampedRectArea@@YAHUrectangle2i@@@Z 0000000180017db4     p5engine.obj
 0002:00000db4       $unwind$?GetDim@@YA?ATv2@@Urectangle2@@@Z 0000000180017db4     p5engine.obj
 0002:00000db4       $unwind$?GetType@@YAIUriff_iterator@@@Z 0000000180017db4     p5engine.obj
 0002:00000db4       $unwind$?HasArea@@YAHUrectangle2i@@@Z 0000000180017db4     p5engine.obj
 0002:00000db4       $unwind$?IsValid@@YAHUriff_iterator@@@Z 0000000180017db4     p5engine.obj
 0002:00000db4       $unwind$?IsValid@@YAHUworld_position@@@Z 0000000180017db4     p5engine.obj
 0002:00000db4       $unwind$?LengthSq@@YAMTv2@@@Z 0000000180017db4     p5engine.obj
 0002:00000db4       $unwind$?RandomBilateral@@YAMPEAUrandom_series@@@Z 0000000180017db4     p5engine.obj
 0002:00000db4       $unwind$?RandomNextUInt32@@YAIPEAUrandom_series@@@Z 0000000180017db4     p5engine.obj
 0002:00000db4       $unwind$?RandomUnilateral@@YAMPEAUrandom_series@@@Z 0000000180017db4     p5engine.obj
 0002:00000db4       $unwind$__CheckForDebuggerJustMyCode 0000000180017db4     MSVCRTD:debugger_jmc.obj
 0002:00000db4       $unwind$__report_gsfailure 0000000180017db4     MSVCRTD:gs_report.obj
 0002:00000dbc       $unwind$?CheckArena@@YAXPEAUmemory_arena@@@Z 0000000180017dbc     p5engine.obj
 0002:00000dbc       $unwind$?StoreEntityReference@@YAXPEATentity_reference@@@Z 0000000180017dbc     p5engine.obj
 0002:00000dbc       $unwind$__raise_securityfailure 0000000180017dbc     MSVCRTD:gs_report.obj
 0002:00000dbc       $unwind$?is_potentially_valid_image_base@@YA_NQEAX@Z 0000000180017dbc     MSVCRTD:utility.obj
 0002:00000dc4       $unwind$?SubArena@@YAXPEAUmemory_arena@@0_K1@Z 0000000180017dc4     p5engine.obj
 0002:00000dc4       $unwind$__GSHandlerCheck   0000000180017dc4     MSVCRTD:gshandler.obj
 0002:00000dcc       $unwind$?AtomicCompareExchangeUInt32@@YAIPECIII@Z 0000000180017dcc     p5engine.obj
 0002:00000dcc       $unwind$?PushRenderElement_@@YAPEAXPEAUrender_group@@IW4render_group_entry_type@@@Z 0000000180017dcc     p5engine.obj
 0002:00000dcc       $unwind$?dllmain_crt_dispatch@@YAHQEAUHINSTANCE__@@KQEAX@Z 0000000180017dcc     MSVCRTD:dll_dllmain.obj
 0002:00000dcc       $unwind$?dllmain_raw@@YAHQEAUHINSTANCE__@@KQEAX@Z 0000000180017dcc     MSVCRTD:dll_dllmain.obj
 0002:00000dd4       $unwind$?AbsoluteValue@@YAMM@Z 0000000180017dd4     p5engine.obj
 0002:00000dd4       $unwind$?CeilReal32ToInt32@@YAHM@Z 0000000180017dd4     p5engine.obj
 0002:00000dd4       $unwind$?Clamp01@@YAMM@Z   0000000180017dd4     p5engine.obj
 0002:00000dd4       $unwind$?FloorReal32ToInt32@@YAHM@Z 0000000180017dd4     p5engine.obj
 0002:00000dd4       $unwind$?RoundReal32ToInt32@@YAHM@Z 0000000180017dd4     p5engine.obj
 0002:00000dd4       $unwind$?RoundReal32ToUInt32@@YAIM@Z 0000000180017dd4     p5engine.obj
 0002:00000dd4       $unwind$?SignOf@@YAMM@Z    0000000180017dd4     p5engine.obj
 0002:00000dd4       $unwind$?Sin@@YAMM@Z       0000000180017dd4     p5engine.obj
 0002:00000dd4       $unwind$?Square@@YAMM@Z    0000000180017dd4     p5engine.obj
 0002:00000dd4       $unwind$?SquareRoot@@YAMM@Z 0000000180017dd4     p5engine.obj
 0002:00000ddc       $unwind$?ATan2@@YAMMM@Z    0000000180017ddc     p5engine.obj
 0002:00000ddc       $unwind$?IsCanonical@@YAHMM@Z 0000000180017ddc     p5engine.obj
 0002:00000ddc       $unwind$?SafeRatio0@@YAMMM@Z 0000000180017ddc     p5engine.obj
 0002:00000ddc       $unwind$?SafeRatio1@@YAMMM@Z 0000000180017ddc     p5engine.obj
 0002:00000de4       $unwind$?FindLeastSignificantSetBit@@YA?AUbit_scan_result@@I@Z 0000000180017de4     p5engine.obj
 0002:00000de4       $unwind$?RandomSeed@@YA?AUrandom_series@@I@Z 0000000180017de4     p5engine.obj
 0002:00000df4       $unwind$?Clamp01MapToRange@@YAMMMM@Z 0000000180017df4     p5engine.obj
 0002:00000df4       $unwind$?Clamp@@YAMMMM@Z   0000000180017df4     p5engine.obj
 0002:00000df4       $unwind$?Lerp@@YAMMMM@Z    0000000180017df4     p5engine.obj
 0002:00000df4       $unwind$?SafeRatioN@@YAMMMM@Z 0000000180017df4     p5engine.obj
 0002:00000dfc       $unwind$?V2@@YA?ATv2@@MM@Z 0000000180017dfc     p5engine.obj
 0002:00000e0c       $unwind$?V2i@@YA?ATv2@@HH@Z 0000000180017e0c     p5engine.obj
 0002:00000e14       $unwind$??D@YA?ATv2@@MT0@@Z 0000000180017e14     p5engine.obj
 0002:00000e24       $unwind$??G@YA?ATv2@@T0@0@Z 0000000180017e24     p5engine.obj
 0002:00000e24       $unwind$??H@YA?ATv2@@T0@0@Z 0000000180017e24     p5engine.obj
 0002:00000e24       $unwind$?GetBarycentric@@YA?ATv2@@Urectangle2@@T1@@Z 0000000180017e24     p5engine.obj
 0002:00000e34       $unwind$?Clamp01@@YA?ATv2@@T1@@Z 0000000180017e34     p5engine.obj
 0002:00000e44       $unwind$?V3@@YA?ATv3@@MMM@Z 0000000180017e44     p5engine.obj
 0002:00000e44       $unwind$?V4@@YA?ATv4@@MMMM@Z 0000000180017e44     p5engine.obj
 0002:00000e58       $unwind$??D@YA?ATv3@@MT0@@Z 0000000180017e58     p5engine.obj
 0002:00000e58       $unwind$??D@YA?ATv4@@MT0@@Z 0000000180017e58     p5engine.obj
 0002:00000e58       $unwind$?ToV3@@YA?ATv3@@Tv2@@M@Z 0000000180017e58     p5engine.obj
 0002:00000e6c       $unwind$??D@YA?ATv3@@T0@M@Z 0000000180017e6c     p5engine.obj
 0002:00000e6c       $unwind$?GetCameraRectangleAtDistance@@YA?AUrectangle2@@PEAUrender_group@@M@Z 0000000180017e6c     p5engine.obj
 0002:00000e78       $unwind$??X@YAAEATv3@@AEAT0@M@Z 0000000180017e78     p5engine.obj
 0002:00000e84       $unwind$??G@YA?ATv3@@T0@0@Z 0000000180017e84     p5engine.obj
 0002:00000e84       $unwind$??H@YA?ATv3@@T0@0@Z 0000000180017e84     p5engine.obj
 0002:00000e98       $unwind$??Y@YAAEATv3@@AEAT0@T0@@Z 0000000180017e98     p5engine.obj
 0002:00000e98       $unwind$??Z@YAAEATv3@@AEAT0@T0@@Z 0000000180017e98     p5engine.obj
 0002:00000e98       $unwind$?GetDim@@YA?ATv3@@Urectangle3@@@Z 0000000180017e98     p5engine.obj
 0002:00000ea4       $unwind$?AreInSameChunk@@YAHPEAUworld@@PEAUworld_position@@1@Z 0000000180017ea4     p5engine.obj
 0002:00000ea4       $unwind$?Hadamard@@YA?ATv3@@T1@0@Z 0000000180017ea4     p5engine.obj
 0002:00000ea4       $unwind$?RectCenterDim@@YA?AUrectangle2@@Tv2@@0@Z 0000000180017ea4     p5engine.obj
 0002:00000eb0       $unwind$?LengthSq@@YAMTv3@@@Z 0000000180017eb0     p5engine.obj
 0002:00000ebc       $unwind$?Length@@YAMTv3@@@Z 0000000180017ebc     p5engine.obj
 0002:00000ebc       $unwind$?MakeEntityNonSpatial@@YAXPEAUsim_entity@@@Z 0000000180017ebc     p5engine.obj
 0002:00000ec8       $unwind$?RectCenterHalfDim@@YA?AUrectangle2@@Tv2@@0@Z 0000000180017ec8     p5engine.obj
 0002:00000edc       $unwind$?Intersect@@YA?AUrectangle2i@@U1@0@Z 0000000180017edc     p5engine.obj
 0002:00000ee8       $unwind$?InvertedInfinityRectangle@@YA?AUrectangle2i@@XZ 0000000180017ee8     p5engine.obj
 0002:00000ef4       $unwind$?Clear@@YAXPEAUrender_group@@Tv4@@@Z 0000000180017ef4     p5engine.obj
 0002:00000ef4       $unwind$?GetMaxCorner@@YA?ATv3@@Urectangle3@@@Z 0000000180017ef4     p5engine.obj
 0002:00000ef4       $unwind$?GetMinCorner@@YA?ATv3@@Urectangle3@@@Z 0000000180017ef4     p5engine.obj
 0002:00000ef4       $unwind$?NextChunk@@YA?AUriff_iterator@@U1@@Z 0000000180017ef4     p5engine.obj
 0002:00000f00       $unwind$?RectMinMax@@YA?AUrectangle3@@Tv3@@0@Z 0000000180017f00     p5engine.obj
 0002:00000f14       $unwind$?AddRadiusTo@@YA?AUrectangle3@@U1@Tv3@@@Z 0000000180017f14     p5engine.obj
 0002:00000f14       $unwind$?RectCenterHalfDim@@YA?AUrectangle3@@Tv3@@0@Z 0000000180017f14     p5engine.obj
 0002:00000f28       $unwind$?RectCenterDim@@YA?AUrectangle3@@Tv3@@0@Z 0000000180017f28     p5engine.obj
 0002:00000f34       $unwind$?AddFlags@@YAXPEAUsim_entity@@I@Z 0000000180017f34     p5engine.obj
 0002:00000f34       $unwind$?ClearFlags@@YAXPEAUsim_entity@@I@Z 0000000180017f34     p5engine.obj
 0002:00000f34       $unwind$?PrefetchSound@@YAXPEAUgame_assets@@Usound_id@@@Z 0000000180017f34     p5engine.obj
 0002:00000f3c       $unwind$?MakeEntitySpatial@@YAXPEAUsim_entity@@Tv3@@1@Z 0000000180017f3c     p5engine.obj
 0002:00000f48       $unwind$?GetEntityGroundPoint@@YA?ATv3@@PEAUsim_entity@@T1@@Z 0000000180017f48     p5engine.obj
 0002:00000f48       $unwind$?ParseChunkAt@@YA?AUriff_iterator@@PEAX0@Z 0000000180017f48     p5engine.obj
 0002:00000f54       $unwind$?GetEntityGroundPoint@@YA?ATv3@@PEAUsim_entity@@@Z 0000000180017f54     p5engine.obj
 0002:00000f60       $unwind$?GetStairGround@@YAMPEAUsim_entity@@Tv3@@@Z 0000000180017f60     p5engine.obj
 0002:00000f6c       $unwind$?IsValid@@YAHUsound_id@@@Z 0000000180017f6c     p5engine.obj
 0002:00000f74       $unwind$?LoadBitmap@@YAXPEAUgame_assets@@Ubitmap_id@@@Z 0000000180017f74     p5engine.obj
 0002:00000f7c       $unwind$?LoadSound@@YAXPEAUgame_assets@@Usound_id@@@Z 0000000180017f7c     p5engine.obj
 0002:00000f84       $unwind$?AddCollisionRule@@YAXPEAUgame_state@@IIH@Z 0000000180017f84     p5engine.obj
 0002:00000f8c       $unwind$?ClearCollisionRulesFor@@YAXPEAUgame_state@@I@Z 0000000180017f8c     p5engine.obj
 0002:00000f94       $unwind$?BeginTaskWithMemory@@YAPEAUtask_with_memory@@PEAUtransient_state@@@Z 0000000180017f94     p5engine.obj
 0002:00000fa0       $unwind$?EndTaskWithMemory@@YAXPEAUtask_with_memory@@@Z 0000000180017fa0     p5engine.obj
 0002:00000fac       $unwind$?DrawRectangle@@YAXPEAUloaded_bitmap@@Tv2@@1Tv4@@Urectangle2i@@H@Z 0000000180017fac     p5engine.obj
 0002:00000fb8       $unwind$?DrawRectangleQuickly@@YAXPEAUloaded_bitmap@@Tv2@@11Tv4@@0MUrectangle2i@@H@Z 0000000180017fb8     p5engine.obj
 0002:00000fcc       $unwind$?RenderGroupToOutput@@YAXPEAUrender_group@@PEAUloaded_bitmap@@Urectangle2i@@H@Z 0000000180017fcc     p5engine.obj
 0002:00000fd8       $unwind$?DoTiledRenderWork@@YAXPEAUplatform_work_queue@@PEAX@Z 0000000180017fd8     p5engine.obj
 0002:00000fe4       $unwind$?RenderGroupToOutput@@YAXPEAUrender_group@@PEAUloaded_bitmap@@@Z 0000000180017fe4     p5engine.obj
 0002:00000ff8       $unwind$?TiledRenderGroupToOutput@@YAXPEAUplatform_work_queue@@PEAUrender_group@@PEAUloaded_bitmap@@@Z 0000000180017ff8     p5engine.obj
 0002:0000100c       $unwind$?AllocateRenderGroup@@YAPEAUrender_group@@PEAUgame_assets@@PEAUmemory_arena@@I@Z 000000018001800c     p5engine.obj
 0002:00001018       $unwind$?InitializeWorld@@YAXPEAUworld@@Tv3@@@Z 0000000180018018     p5engine.obj
 0002:00001024       $unwind$?Subtract@@YA?ATv3@@PEAUworld@@PEAUworld_position@@1@Z 0000000180018024     p5engine.obj
 0002:00001038       $unwind$?ChangeEntityLocation@@YAXPEAUmemory_arena@@PEAUworld@@IPEAUlow_entity@@Uworld_position@@@Z 0000000180018038     p5engine.obj
 0002:00001044       $unwind$?GetHashFromStorageIndex@@YAPEAUsim_entity_hash@@PEAUsim_region@@I@Z 0000000180018044     p5engine.obj
 0002:0000104c       $unwind$?AddEntity@@YAPEAUsim_entity@@PEAUgame_state@@PEAUsim_region@@IPEAUlow_entity@@PEATv3@@@Z 000000018001804c     p5engine.obj
 0002:00001058       $unwind$?AddEntityRaw@@YAPEAUsim_entity@@PEAUgame_state@@PEAUsim_region@@IPEAUlow_entity@@@Z 0000000180018058     p5engine.obj
 0002:00001064       $unwind$?BeginSim@@YAPEAUsim_region@@PEAUmemory_arena@@PEAUgame_state@@PEAUworld@@Uworld_position@@Urectangle3@@M@Z 0000000180018064     p5engine.obj
 0002:00001078       $unwind$?EndSim@@YAXPEAUsim_region@@PEAUgame_state@@@Z 0000000180018078     p5engine.obj
 0002:00001084       $unwind$?CanCollide@@YAHPEAUgame_state@@PEAUsim_entity@@1@Z 0000000180018084     p5engine.obj
 0002:0000108c       $unwind$?HandleCollision@@YAHPEAUgame_state@@PEAUsim_entity@@1@Z 000000018001808c     p5engine.obj
 0002:00001094       $unwind$?CanOverlap@@YAHPEAUgame_state@@PEAUsim_entity@@1@Z 0000000180018094     p5engine.obj
 0002:0000109c       $unwind$?HandleOverlap@@YAXPEAUgame_state@@PEAUsim_entity@@1MPEAM@Z 000000018001809c     p5engine.obj
 0002:000010a8       $unwind$?SpeculativeCollide@@YAHPEAUsim_entity@@0Tv3@@@Z 00000001800180a8     p5engine.obj
 0002:000010b4       $unwind$?EntitiesOverlap@@YAHPEAUsim_entity@@0Tv3@@@Z 00000001800180b4     p5engine.obj
 0002:000010c0       $unwind$?MoveEntity@@YAXPEAUgame_state@@PEAUsim_region@@PEAUsim_entity@@MPEAUmove_spec@@Tv3@@@Z 00000001800180c0     p5engine.obj
 0002:000010d4       $unwind$?DEBUGLoadBMP@@YA?AUloaded_bitmap@@PEADTv2@@@Z 00000001800180d4     p5engine.obj
 0002:000010e8       $unwind$?DEBUGLoadWAV@@YA?AUloaded_sound@@PEADII@Z 00000001800180e8     p5engine.obj
 0002:000010fc       $unwind$?LoadBitmapWork@@YAXPEAUplatform_work_queue@@PEAX@Z 00000001800180fc     p5engine.obj
 0002:00001108       $unwind$?LoadSoundWork@@YAXPEAUplatform_work_queue@@PEAX@Z 0000000180018108     p5engine.obj
 0002:00001114       $unwind$?GetBestMatchAssetFrom@@YAIPEAUgame_assets@@W4asset_type_id@@PEAUasset_vector@@2@Z 0000000180018114     p5engine.obj
 0002:0000111c       $unwind$?GetRandomAssetFrom@@YAIPEAUgame_assets@@W4asset_type_id@@PEAUrandom_series@@@Z 000000018001811c     p5engine.obj
 0002:00001124       $unwind$?GetFirstAssetFrom@@YAIPEAUgame_assets@@W4asset_type_id@@@Z 0000000180018124     p5engine.obj
 0002:0000112c       $unwind$?GetBestMatchBitmapFrom@@YA?AUbitmap_id@@PEAUgame_assets@@W4asset_type_id@@PEAUasset_vector@@2@Z 000000018001812c     p5engine.obj
 0002:00001134       $unwind$?GetFirstBitmapFrom@@YA?AUbitmap_id@@PEAUgame_assets@@W4asset_type_id@@@Z 0000000180018134     p5engine.obj
 0002:0000113c       $unwind$?GetRandomBitmapFrom@@YA?AUbitmap_id@@PEAUgame_assets@@W4asset_type_id@@PEAUrandom_series@@@Z 000000018001813c     p5engine.obj
 0002:00001144       $unwind$?GetFirstSoundFrom@@YA?AUsound_id@@PEAUgame_assets@@W4asset_type_id@@@Z 0000000180018144     p5engine.obj
 0002:0000114c       $unwind$?GetRandomSoundFrom@@YA?AUsound_id@@PEAUgame_assets@@W4asset_type_id@@PEAUrandom_series@@@Z 000000018001814c     p5engine.obj
 0002:00001154       $unwind$?DEBUGAddBitmapInfo@@YA?AUbitmap_id@@PEAUgame_assets@@PEADTv2@@@Z 0000000180018154     p5engine.obj
 0002:0000115c       $unwind$?DEBUGAddSoundInfo@@YA?AUsound_id@@PEAUgame_assets@@PEADII@Z 000000018001815c     p5engine.obj
 0002:00001164       $unwind$?BeginAssetType@@YAXPEAUgame_assets@@W4asset_type_id@@@Z 0000000180018164     p5engine.obj
 0002:0000116c       $unwind$?AddBitmapAsset@@YAXPEAUgame_assets@@PEADTv2@@@Z 000000018001816c     p5engine.obj
 0002:00001174       $unwind$?AddSoundAsset@@YAPEAUasset@@PEAUgame_assets@@PEADII@Z 0000000180018174     p5engine.obj
 0002:0000117c       $unwind$?AddTag@@YAXPEAUgame_assets@@W4asset_tag_id@@M@Z 000000018001817c     p5engine.obj
 0002:00001184       $unwind$?EndAssetType@@YAXPEAUgame_assets@@@Z 0000000180018184     p5engine.obj
 0002:0000118c       $unwind$?AllocateGameAssets@@YAPEAUgame_assets@@PEAUmemory_arena@@_KPEAUtransient_state@@@Z 000000018001818c     p5engine.obj
 0002:00001194       $unwind$?PlaySound@@YAPEAUplaying_sound@@PEAUaudio_state@@Usound_id@@@Z 0000000180018194     p5engine.obj
 0002:0000119c       $unwind$?ChangeVolume@@YAXPEAUaudio_state@@PEAUplaying_sound@@MTv2@@@Z 000000018001819c     p5engine.obj
 0002:000011a4       $unwind$?OutputPlayingSounds@@YAXPEAUaudio_state@@PEAUgame_sound_output_buffer@@PEAUgame_assets@@PEAUmemory_arena@@@Z 00000001800181a4     p5engine.obj
 0002:000011b8       $unwind$?InitializeAudioState@@YAXPEAUaudio_state@@PEAUmemory_arena@@@Z 00000001800181b8     p5engine.obj
 0002:000011c0       $unwind$?AddLowEntity@@YA?AUadd_low_entity_result@@PEAUgame_state@@W4entity_type@@Uworld_position@@@Z 00000001800181c0     p5engine.obj
 0002:000011d4       $unwind$?AddGroundedEntity@@YA?AUadd_low_entity_result@@PEAUgame_state@@W4entity_type@@Uworld_position@@PEAUsim_entity_collision_volume_group@@@Z 00000001800181d4     p5engine.obj
 0002:000011e0       $unwind$?AddStandardRoom@@YA?AUadd_low_entity_result@@PEAUgame_state@@III@Z 00000001800181e0     p5engine.obj
 0002:000011ec       $unwind$?AddWall@@YA?AUadd_low_entity_result@@PEAUgame_state@@III@Z 00000001800181ec     p5engine.obj
 0002:000011f8       $unwind$?AddStairs@@YA?AUadd_low_entity_result@@PEAUgame_state@@III@Z 00000001800181f8     p5engine.obj
 0002:00001204       $unwind$?InitHitPoints@@YAXPEAUlow_entity@@I@Z 0000000180018204     p5engine.obj
 0002:0000120c       $unwind$?AddSword@@YA?AUadd_low_entity_result@@PEAUgame_state@@@Z 000000018001820c     p5engine.obj
 0002:00001218       $unwind$?AddPlayer@@YA?AUadd_low_entity_result@@PEAUgame_state@@@Z 0000000180018218     p5engine.obj
 0002:00001224       $unwind$?AddMonstar@@YA?AUadd_low_entity_result@@PEAUgame_state@@III@Z 0000000180018224     p5engine.obj
 0002:00001230       $unwind$?AddFamiliar@@YA?AUadd_low_entity_result@@PEAUgame_state@@III@Z 0000000180018230     p5engine.obj
 0002:0000123c       $unwind$?DrawHitpoints@@YAXPEAUsim_entity@@PEAUrender_group@@@Z 000000018001823c     p5engine.obj
 0002:00001250       $unwind$?MakeSimpleGroundedCollision@@YAPEAUsim_entity_collision_volume_group@@PEAUgame_state@@MMM@Z 0000000180018250     p5engine.obj
 0002:0000125c       $unwind$?MakeNullCollision@@YAPEAUsim_entity_collision_volume_group@@PEAUgame_state@@@Z 000000018001825c     p5engine.obj
 0002:00001268       $unwind$?FillGroundChunkWork@@YAXPEAUplatform_work_queue@@PEAX@Z 0000000180018268     p5engine.obj
 0002:00001270       $unwind$?FillGroundChunk@@YAXPEAUtransient_state@@PEAUgame_state@@PEAUground_buffer@@PEAUworld_position@@@Z 0000000180018270     p5engine.obj
 0002:00001284       $unwind$?ClearBitmap@@YAXPEAUloaded_bitmap@@@Z 0000000180018284     p5engine.obj
 0002:0000128c       $unwind$?MakeEmptyBitmap@@YA?AUloaded_bitmap@@PEAUmemory_arena@@HHH@Z 000000018001828c     p5engine.obj
 0002:000012a0       $unwind$?MakeSphereDiffuseMap@@YAXPEAUloaded_bitmap@@MM@Z 00000001800182a0     p5engine.obj
 0002:000012ac       $unwind$?MakeSphereNormalMap@@YAXPEAUloaded_bitmap@@MMM@Z 00000001800182ac     p5engine.obj
 0002:000012b8       $unwind$GameUpdateAndRender 00000001800182b8     p5engine.obj
 0002:000012cc       $unwind$GameGetSoundSamples 00000001800182cc     p5engine.obj
 0002:000012d4       $unwind$?Linear1ToSRGB255@@YA?ATv4@@T1@@Z 00000001800182d4     p5engine.obj
 0002:000012d4       $unwind$?SRGB255ToLinear1@@YA?ATv4@@T1@@Z 00000001800182d4     p5engine.obj
 0002:000012e8       $unwind$?GetRenderEntityBasisPos@@YA?AUentity_basis_p_result@@PEAUrender_transform@@Tv3@@@Z 00000001800182e8     p5engine.obj
 0002:000012fc       $unwind$?PushBitmap@@YAXPEAUrender_group@@PEAUloaded_bitmap@@Tv3@@MTv4@@@Z 00000001800182fc     p5engine.obj
 0002:00001308       $unwind$?PushBitmap@@YAXPEAUrender_group@@Ubitmap_id@@Tv3@@MTv4@@@Z 0000000180018308     p5engine.obj
 0002:00001314       $unwind$?PushRect@@YAXPEAUrender_group@@Tv3@@Tv2@@Tv4@@@Z 0000000180018314     p5engine.obj
 0002:00001320       $unwind$?PushRectOutline@@YAXPEAUrender_group@@Tv3@@Tv2@@Tv4@@@Z 0000000180018320     p5engine.obj
 0002:0000132c       $unwind$?Orthographic@@YAXPEAUrender_group@@HHM@Z 000000018001832c     p5engine.obj
 0002:0000132c       $unwind$?Perspective@@YAXPEAUrender_group@@HHMMM@Z 000000018001832c     p5engine.obj
 0002:00001334       $unwind$?RecanonicalizeCoord@@YAXMPEAHPEAM@Z 0000000180018334     p5engine.obj
 0002:00001334       $unwind$?Unproject@@YA?ATv2@@PEAUrender_group@@T1@M@Z 0000000180018334     p5engine.obj
 0002:0000133c       $unwind$?GetCameraRectangleAtTarget@@YA?AUrectangle2@@PEAUrender_group@@@Z 000000018001833c     p5engine.obj
 0002:00001348       $unwind$?NullPosition@@YA?AUworld_position@@XZ 0000000180018348     p5engine.obj
 0002:0000135c       $unwind$?GetWorldChunk@@YAPEAUworld_chunk@@PEAUworld@@HHHPEAUmemory_arena@@@Z 000000018001835c     p5engine.obj
 0002:0000135c       $unwind$__scrt_dllmain_exception_filter 000000018001835c     MSVCRTD:utility.obj
 0002:00001364       $unwind$?MapIntoChunkSpace@@YA?AUworld_position@@PEAUworld@@U1@Tv3@@@Z 0000000180018364     p5engine.obj
 0002:00001378       $unwind$?ChunkPositionFromTilePosition@@YA?AUworld_position@@PEAUworld@@HHHTv3@@@Z 0000000180018378     p5engine.obj
 0002:0000138c       $unwind$?CenteredChunkPoint@@YA?AUworld_position@@III@Z 000000018001838c     p5engine.obj
 0002:000013a0       $unwind$?ChangeEntityLocationRaw@@YAXPEAUmemory_arena@@PEAUworld@@IPEAUworld_position@@2@Z 00000001800183a0     p5engine.obj
 0002:000013ac       $unwind$?GetSimSpacePos@@YA?ATv3@@PEAUsim_region@@PEAUlow_entity@@@Z 00000001800183ac     p5engine.obj
 0002:000013b8       $unwind$?LoadEntityReference@@YAXPEAUgame_state@@PEAUsim_region@@PEATentity_reference@@@Z 00000001800183b8     p5engine.obj
 0002:000013cc       $unwind$?EntityOverlapsRectangle@@YAHTv3@@Usim_entity_collision_volume@@Urectangle3@@@Z 00000001800183cc     p5engine.obj
 0002:000013d8       $unwind$?DefaultMoveSpec@@YA?AUmove_spec@@XZ 00000001800183d8     p5engine.obj
 0002:000013ec       $unwind$__GSHandlerCheckCommon 00000001800183ec     MSVCRTD:gshandler.obj
 0002:000013f8       $xdatasym                  00000001800183f8     MSVCRTD:chkstk.obj
 0002:00001400       $xdatasym                  0000000180018400     MSVCRTD:amdsecgs.obj
 0002:00001404       $unwind$?dllmain_crt_process_attach@@YAHQEAUHINSTANCE__@@QEAX@Z 0000000180018404     MSVCRTD:dll_dllmain.obj
 0002:00001424       $unwind$?fin$0@?0??dllmain_crt_process_attach@@YAHQEAUHINSTANCE__@@QEAX@Z@4HA 0000000180018424     MSVCRTD:dll_dllmain.obj
 0002:00001424       $unwind$?fin$0@?0??dllmain_crt_process_detach@@YAH_N@Z@4HA 0000000180018424     MSVCRTD:dll_dllmain.obj
 0002:00001424       $unwind$?fin$1@?0??dllmain_crt_process_detach@@YAH_N@Z@4HA 0000000180018424     MSVCRTD:dll_dllmain.obj
 0002:00001424       $unwind$__scrt_is_nonwritable_in_current_image$filt$0 0000000180018424     MSVCRTD:utility.obj
 0002:0000142c       $unwind$?dllmain_crt_process_detach@@YAH_N@Z 000000018001842c     MSVCRTD:dll_dllmain.obj
 0002:0000145c       $unwind$?dllmain_dispatch@@YAHQEAUHINSTANCE__@@KQEAX@Z 000000018001845c     MSVCRTD:dll_dllmain.obj
 0002:0000147c       $unwind$?filt$0@?0??dllmain_dispatch@@YAHQEAUHINSTANCE__@@KQEAX@Z@4HA 000000018001847c     MSVCRTD:dll_dllmain.obj
 0002:00001484       $unwind$_DllMainCRTStartup 0000000180018484     MSVCRTD:dll_dllmain.obj
 0002:00001484       $unwind$DllMain            0000000180018484     MSVCRTD:dll_dllmain_stub.obj
 0002:0000148c       $unwind$capture_previous_context 000000018001848c     MSVCRTD:gs_report.obj
 0002:00001494       $unwind$__scrt_initialize_default_local_stdio_options 0000000180018494     MSVCRTD:default_local_stdio_options.obj
 0002:00001494       $unwind$__security_init_cookie 0000000180018494     MSVCRTD:gs_support.obj
 0002:0000149c       $unwind$__get_entropy      000000018001849c     MSVCRTD:gs_support.obj
 0002:000014a4       $unwind$?__scrt_initialize_type_info@@YAXXZ 00000001800184a4     MSVCRTD:tncleanup.obj
 0002:000014a4       $unwind$?__scrt_uninitialize_type_info@@YAXXZ 00000001800184a4     MSVCRTD:tncleanup.obj
 0002:000014a4       $unwind$?configure_argv@__scrt_narrow_argv_policy@@SAHXZ 00000001800184a4     MSVCRTD:utility.obj
 0002:000014a4       $unwind$?initialize_environment@__scrt_narrow_environment_policy@@SAHXZ 00000001800184a4     MSVCRTD:utility.obj
 0002:000014a4       $unwind$__scrt_dllmain_after_initialize_c 00000001800184a4     MSVCRTD:utility.obj
 0002:000014a4       $unwind$__scrt_dllmain_before_initialize_c 00000001800184a4     MSVCRTD:utility.obj
 0002:000014a4       $unwind$__scrt_dllmain_crt_thread_attach 00000001800184a4     MSVCRTD:utility.obj
 0002:000014a4       $unwind$__scrt_dllmain_crt_thread_detach 00000001800184a4     MSVCRTD:utility.obj
 0002:000014a4       $unwind$__scrt_dllmain_uninitialize_c 00000001800184a4     MSVCRTD:utility.obj
 0002:000014a4       $unwind$__scrt_dllmain_uninitialize_critical 00000001800184a4     MSVCRTD:utility.obj
 0002:000014ac       $unwind$__scrt_is_nonwritable_in_current_image 00000001800184ac     MSVCRTD:utility.obj
 0002:000014cc       $unwind$__scrt_acquire_startup_lock 00000001800184cc     MSVCRTD:utility.obj
 0002:000014d4       $unwind$__scrt_initialize_crt 00000001800184d4     MSVCRTD:utility.obj
 0002:000014d4       $unwind$__scrt_release_startup_lock 00000001800184d4     MSVCRTD:utility.obj
 0002:000014dc       $unwind$__scrt_uninitialize_crt 00000001800184dc     MSVCRTD:utility.obj
 0002:000014e4       $unwind$__scrt_initialize_onexit_tables 00000001800184e4     MSVCRTD:utility.obj
 0002:000014f0       $unwind$__scrt_fastfail    00000001800184f0     MSVCRTD:utility_desktop.obj
 0002:000014fc       $unwind$_RTC_Initialize    00000001800184fc     MSVCRTD:initsect.obj
 0002:000014fc       $unwind$_RTC_Terminate     00000001800184fc     MSVCRTD:initsect.obj
 0002:00001508       $unwind$__isa_available_init 0000000180018508     MSVCRTD:cpu_disp.obj
 0002:00001518       $unwind$__scrt_is_ucrt_dll_in_use 0000000180018518     MSVCRTD:ucrt_detection.obj
 0002:00001520       $xdatasym                  0000000180018520     MSVCRTD:guard_dispatch.obj
 0002:00001528       $xdatasym                  0000000180018528     MSVCRTD:guard_xfg_dispatch.obj
 0002:00001530       .edata                     0000000180018530     P5Engine.exp
 0002:00001558       rgpv                       0000000180018558     P5Engine.exp
 0002:00001560       rgszName                   0000000180018560     P5Engine.exp
 0002:00001568       rgwOrd                     0000000180018568     P5Engine.exp
 0002:0000156c       szName                     000000018001856c     P5Engine.exp
 0002:00001579       $N00001                    0000000180018579     P5Engine.exp
 0002:0000158d       $N00002                    000000018001858d     P5Engine.exp
 0002:00001740       .idata$6                   0000000180018740     vcruntimed:VCRUNTIME140D.dll
 0002:0000182c       .idata$6                   000000018001882c     ucrtd:ucrtbased.dll
 0002:000019a0       .idata$6                   00000001800189a0     kernel32:KERNEL32.dll
 0003:00000000       ?RandomNumberTable@@3PAIA  0000000180019000     p5engine.obj
 0003:00004048       ?PlatformAddEntry@@3P6AXPEAUplatform_work_queue@@P6AX0PEAX@Z1@ZEA 000000018001d048     p5engine.obj
 0003:00004050       ?PlatformCompleteAllWork@@3P6AXPEAUplatform_work_queue@@@ZEA 000000018001d050     p5engine.obj
 0003:00004058       ?PlatformReadEntireFile@@3P6A?AUdebug_read_file_result@@PEAD@ZEA 000000018001d058     p5engine.obj
 0003:00004060       ?__proc_attached@@3HA      000000018001d060     MSVCRTD:dll_dllmain.obj
 0003:00004070       GS_ExceptionRecord         000000018001d070     MSVCRTD:gs_report.obj
 0003:00004110       GS_ContextRecord           000000018001d110     MSVCRTD:gs_report.obj
 0003:00004610       ?is_initialized_as_dll@@3_NA 000000018001d610     MSVCRTD:utility.obj
 0003:00004611       ?module_local_atexit_table_initialized@@3_NA 000000018001d611     MSVCRTD:utility.obj
 0003:00004618       ?module_local_atexit_table@@3U_onexit_table_t@@A 000000018001d618     MSVCRTD:utility.obj
 0003:00004630       ?module_local_at_quick_exit_table@@3U_onexit_table_t@@A 000000018001d630     MSVCRTD:utility.obj
 0005:00000000       __20BB4341_malloc@h        000000018001f000     p5engine.obj
 0005:00000001       __7D4BEAAE_p5engine_platform@h 000000018001f001     p5engine.obj
 0005:00000002       __741AE07E_corecrt_math@h  000000018001f002     p5engine.obj
 0005:00000003       __7BF3FA8A_p5engine_intrinsics@h 000000018001f003     p5engine.obj
 0005:00000004       __87290AA6_p5engine_math@h 000000018001f004     p5engine.obj
 0005:00000005       __B7A387D6_p5engine_random@h 000000018001f005     p5engine.obj
 0005:00000006       __F17FF173_p5engine_entity@h 000000018001f006     p5engine.obj
 0005:00000007       __72A74871_p5engine_asset@h 000000018001f007     p5engine.obj
 0005:00000008       __BD87FD4A_p5engine@h      000000018001f008     p5engine.obj
 0005:00000009       __6F2BF339_p5engine_render_group@cpp 000000018001f009     p5engine.obj
 0005:0000000a       __281AC6F8_p5engine_world@cpp 000000018001f00a     p5engine.obj
 0005:0000000b       __B07C4A52_p5engine_sim_region@cpp 000000018001f00b     p5engine.obj
 0005:0000000c       __BDC7FEEB_p5engine_entity@cpp 000000018001f00c     p5engine.obj
 0005:0000000d       __3D4C1499_p5engine_asset@cpp 000000018001f00d     p5engine.obj
 0005:0000000e       __39A8D9B6_p5engine_audio@cpp 000000018001f00e     p5engine.obj
 0005:0000000f       __BAF57382_p5engine@cpp    000000018001f00f     p5engine.obj
 0006:00000060       $R000000                   0000000180020060     * linker generated manifest res *
