 P5Engine

 Timestamp is 61541fca (Wed Sep 29 01:11:54 2021)

 Preferred load address is 0000000180000000

 Start         Length     Name                   Class
 0001:00000000 00010000H .textbss                DATA
 0002:00000000 00016240H .text$mn                CODE
 0002:00016240 00001040H .text$mn$00             CODE
 0002:00017280 00001141H .text$x                 CODE
 0003:00000000 00000110H .CRT$XCA                DATA
 0003:00000110 00000110H .CRT$XCZ                DATA
 0003:00000220 00000110H .CRT$XIA                DATA
 0003:00000330 00000110H .CRT$XIZ                DATA
 0003:00000440 00000110H .CRT$XPA                DATA
 0003:00000550 00000110H .CRT$XPZ                DATA
 0003:00000660 00000110H .CRT$XTA                DATA
 0003:00000770 00000110H .CRT$XTZ                DATA
 0003:00000880 00004980H .rdata                  DATA
 0003:00005200 00000110H .rdata$CastGuardVftablesA DATA
 0003:00005310 0000010cH .rdata$CastGuardVftablesC DATA
 0003:0000541c 0000017cH .rdata$zzzdbg           DATA
 0003:00005598 00000110H .rtc$IAA                DATA
 0003:000056a8 00000110H .rtc$IMZ                DATA
 0003:000057b8 00000110H .rtc$IZZ                DATA
 0003:000058c8 00000110H .rtc$TAA                DATA
 0003:000059d8 00000110H .rtc$TMZ                DATA
 0003:00005ae8 00000110H .rtc$TZZ                DATA
 0003:00005bf8 000012d8H .xdata                  DATA
 0003:00006ed0 00000187H .edata                  DATA
 0004:00000000 00004e40H .data                   DATA
 0004:00004e40 00000788H .bss                    DATA
 0005:00000000 00002724H .pdata                  DATA
 0006:00000000 00000330H .idata$5                DATA
 0006:00000330 0000003cH .idata$2                DATA
 0006:0000036c 00000014H .idata$3                DATA
 0006:00000380 00000330H .idata$4                DATA
 0006:000006b0 0000064dH .idata$6                DATA
 0007:00000000 0000010eH .msvcjmc                DATA
 0008:00000000 00000151H .00cfg                  DATA
 0009:00000000 00000170H .rsrc$01                DATA
 0009:00000170 000001b6H .rsrc$02                DATA

  Address         Publics by Value              Rva+Base               Lib:Object

 0000:00000000       ___safe_se_handler_table   0000000000000000     <absolute>
 0000:00000000       __hybrid_auxiliary_iat_copy 0000000000000000     <absolute>
 0000:00000000       __arm64x_redirection_metadata_count 0000000000000000     <absolute>
 0000:00000000       __guard_longjmp_count      0000000000000000     <absolute>
 0000:00000000       __arm64x_redirection_metadata 0000000000000000     <absolute>
 0000:00000000       __AbsoluteZero             0000000000000000     <absolute>
 0000:00000000       __guard_iat_count          0000000000000000     <absolute>
 0000:00000000       __guard_check_icall_a64n_fptr 0000000000000000     <absolute>
 0000:00000000       __guard_fids_table         0000000000000000     <absolute>
 0000:00000000       __guard_iat_table          0000000000000000     <absolute>
 0000:00000000       __hybrid_code_map_count    0000000000000000     <absolute>
 0000:00000000       __guard_longjmp_table      0000000000000000     <absolute>
 0000:00000000       ___safe_se_handler_count   0000000000000000     <absolute>
 0000:00000000       __enclave_config           0000000000000000     <absolute>
 0000:00000000       __x64_code_ranges_to_entry_points 0000000000000000     <absolute>
 0000:00000000       __arm64x_extra_rfe_table   0000000000000000     <absolute>
 0000:00000000       __guard_fids_count         0000000000000000     <absolute>
 0000:00000000       __hybrid_code_map          0000000000000000     <absolute>
 0000:00000000       __guard_eh_cont_count      0000000000000000     <absolute>
 0000:00000000       __arm64x_native_entrypoint 0000000000000000     <absolute>
 0000:00000000       __hybrid_auxiliary_iat     0000000000000000     <absolute>
 0000:00000000       __arm64x_extra_rfe_table_size 0000000000000000     <absolute>
 0000:00000000       __x64_code_ranges_to_entry_points_count 0000000000000000     <absolute>
 0000:00000000       __volatile_metadata        0000000000000000     <absolute>
 0000:00000000       __guard_eh_cont_table      0000000000000000     <absolute>
 0000:00000000       __dynamic_value_reloc_table 0000000000000000     <absolute>
 0000:00000100       __guard_flags              0000000000000100     <absolute>
 0000:00000000       __ImageBase                0000000180000000     <linker-defined>
 0001:00000000       __enc$textbss$begin        0000000180001000     <linker-defined>
 0001:00010000       __enc$textbss$end          0000000180011000     <linker-defined>
 0002:000009c0       ??D@YA?ATv2@@MT0@@Z        00000001800119c0 f i p5engine.obj
 0002:00000ab0       ??D@YA?ATv3@@MT0@@Z        0000000180011ab0 f i p5engine.obj
 0002:00000bf0       ??D@YA?ATv3@@T0@M@Z        0000000180011bf0 f i p5engine.obj
 0002:00000cf0       ??G@YA?ATv2@@T0@0@Z        0000000180011cf0 f i p5engine.obj
 0002:00000de0       ??G@YA?ATv3@@T0@0@Z        0000000180011de0 f i p5engine.obj
 0002:00000f30       ??H@YA?ATv2@@T0@0@Z        0000000180011f30 f i p5engine.obj
 0002:00001020       ??H@YA?ATv3@@T0@0@Z        0000000180012020 f i p5engine.obj
 0002:00001170       ??X@YAAEATv3@@AEAT0@M@Z    0000000180012170 f i p5engine.obj
 0002:00001230       ??Y@YAAEATv2@@AEAT0@T0@@Z  0000000180012230 f i p5engine.obj
 0002:000012b0       ??Y@YAAEATv3@@AEAT0@T0@@Z  00000001800122b0 f i p5engine.obj
 0002:00001390       ??Z@YAAEATv3@@AEAT0@T0@@Z  0000000180012390 f i p5engine.obj
 0002:00001470       ?AbsoluteValue@@YAMM@Z     0000000180012470 f i p5engine.obj
 0002:00001c70       ?AddFlags@@YAXPEAUsim_entity@@I@Z 0000000180012c70 f i p5engine.obj
 0002:00002430       ?AddRadiusTo@@YA?AUrectangle3@@U1@Tv3@@@Z 0000000180013430 f i p5engine.obj
 0002:00002db0       ?AreInSameChunk@@YAHPEAUworld@@PEAUworld_position@@1@Z 0000000180013db0 f i p5engine.obj
 0002:00003730       ?BeginTemporaryMemory@@YA?AUtemporary_memory@@PEAUmemory_arena@@@Z 0000000180014730 f i p5engine.obj
 0002:00003ab0       ?CenteredChunkPoint@@YA?AUworld_position@@III@Z 0000000180014ab0 f i p5engine.obj
 0002:00003da0       ?ChangeEntityLocationRaw@@YAXPEAUmemory_arena@@PEAUworld@@IPEAUworld_position@@2@Z 0000000180014da0 f i p5engine.obj
 0002:000042a0       ?CheckArena@@YAXPEAUmemory_arena@@@Z 00000001800152a0 f i p5engine.obj
 0002:00004300       ?ChunkPositionFromTilePosition@@YA?AUworld_position@@PEAUworld@@HHHTv3@@@Z 0000000180015300 f i p5engine.obj
 0002:00004670       ?Clamp01@@YA?ATv2@@T1@@Z   0000000180015670 f i p5engine.obj
 0002:00004750       ?Clamp01@@YAMM@Z           0000000180015750 f i p5engine.obj
 0002:000047b0       ?Clamp@@YAMMMM@Z           00000001800157b0 f i p5engine.obj
 0002:00004a10       ?ClearFlags@@YAXPEAUsim_entity@@I@Z 0000000180015a10 f i p5engine.obj
 0002:00005010       ?DefaultMoveSpec@@YA?AUmove_spec@@XZ 0000000180016010 f i p5engine.obj
 0002:00006080       ?EndTemporaryMemory@@YAXUtemporary_memory@@@Z 0000000180017080 f i p5engine.obj
 0002:00006560       ?EntityOverlapsRectangle@@YAHTv3@@Usim_entity_collision_volume@@Urectangle3@@@Z 0000000180017560 f i p5engine.obj
 0002:00006ec0       ?FindLeastSignificantSetBit@@YA?AUbit_scan_result@@I@Z 0000000180017ec0 f i p5engine.obj
 0002:00007080       ?GetBarycentric@@YA?ATv2@@Urectangle2@@T1@@Z 0000000180018080 f i p5engine.obj
 0002:000071c0       ?GetEntityGroundPoint@@YA?ATv3@@PEAUsim_entity@@@Z 00000001800181c0 f i p5engine.obj
 0002:00007390       ?GetLowEntity@@YAPEAUlow_entity@@PEAUgame_state@@I@Z 0000000180018390 f i p5engine.obj
 0002:00007430       ?GetMaxCorner@@YA?ATv3@@Urectangle3@@@Z 0000000180018430 f i p5engine.obj
 0002:000074f0       ?GetMinCorner@@YA?ATv3@@Urectangle3@@@Z 00000001800184f0 f i p5engine.obj
 0002:000075b0       ?GetSimSpacePos@@YA?ATv3@@PEAUsim_region@@PEAUlow_entity@@@Z 00000001800185b0 f i p5engine.obj
 0002:00007730       ?GetStairGround@@YAMPEAUsim_entity@@Tv3@@@Z 0000000180018730 f i p5engine.obj
 0002:000078a0       ?GetWorldChunk@@YAPEAUworld_chunk@@PEAUworld@@HHHPEAUmemory_arena@@@Z 00000001800188a0 f i p5engine.obj
 0002:00007b20       ?Hadamard@@YA?ATv3@@T1@0@Z 0000000180018b20 f i p5engine.obj
 0002:00007e70       ?HasFlag@@YAHPEAUsim_entity@@I@Z 0000000180018e70 f i p5engine.obj
 0002:00007f90       ?InitializeArena@@YAXPEAUmemory_arena@@_KPEAX@Z 0000000180018f90 f i p5engine.obj
 0002:000080f0       ?Inner@@YAMTv2@@0@Z        00000001800190f0 f i p5engine.obj
 0002:00008170       ?Inner@@YAMTv3@@0@Z        0000000180019170 f i p5engine.obj
 0002:00008220       ?IsCanonical@@YAHMM@Z      0000000180019220 f i p5engine.obj
 0002:000082f0       ?IsCanonical@@YAHPEAUworld@@Tv3@@@Z 00000001800192f0 f i p5engine.obj
 0002:000083d0       ?IsInRectangle@@YAHUrectangle3@@Tv3@@@Z 00000001800193d0 f i p5engine.obj
 0002:000084f0       ?IsValid@@YAHUworld_position@@@Z 00000001800194f0 f i p5engine.obj
 0002:00008560       ?Length@@YAMTv3@@@Z        0000000180019560 f i p5engine.obj
 0002:000085e0       ?LengthSq@@YAMTv2@@@Z      00000001800195e0 f i p5engine.obj
 0002:00008640       ?LengthSq@@YAMTv3@@@Z      0000000180019640 f i p5engine.obj
 0002:000086e0       ?LoadEntityReference@@YAXPEAUgame_state@@PEAUsim_region@@PEATentity_reference@@@Z 00000001800196e0 f i p5engine.obj
 0002:000089d0       ?MakeEntityNonSpatial@@YAXPEAUsim_entity@@@Z 00000001800199d0 f i p5engine.obj
 0002:00008a90       ?MakeEntitySpatial@@YAXPEAUsim_entity@@Tv3@@1@Z 0000000180019a90 f i p5engine.obj
 0002:00008df0       ?MapIntoChunkSpace@@YA?AUworld_position@@PEAUworld@@U1@Tv3@@@Z 0000000180019df0 f i p5engine.obj
 0002:0000af80       ?NullPosition@@YA?AUworld_position@@XZ 000000018001bf80 f i p5engine.obj
 0002:0000b060       ?PushBitmap@@YAXPEAUentity_visible_piece_group@@PEAUloaded_bitmap@@Tv2@@M2MM@Z 000000018001c060 f i p5engine.obj
 0002:0000b200       ?PushPiece@@YAXPEAUentity_visible_piece_group@@PEAUloaded_bitmap@@Tv2@@2M2Tv4@@M@Z 000000018001c200 f i p5engine.obj
 0002:0000b400       ?PushRect@@YAXPEAUentity_visible_piece_group@@Tv2@@M1Tv4@@M@Z 000000018001c400 f i p5engine.obj
 0002:0000b4f0       ?PushSize_@@YAPEAXPEAUmemory_arena@@_K@Z 000000018001c4f0 f i p5engine.obj
 0002:0000b5b0       ?RandomChoice@@YAIPEAUrandom_series@@I@Z 000000018001c5b0 f i p5engine.obj
 0002:0000b610       ?RandomNextUInt32@@YAIPEAUrandom_series@@@Z 000000018001c610 f i p5engine.obj
 0002:0000b6b0       ?RandomSeed@@YA?AUrandom_series@@I@Z 000000018001c6b0 f i p5engine.obj
 0002:0000b780       ?RandomUnilateral@@YAMPEAUrandom_series@@@Z 000000018001c780 f i p5engine.obj
 0002:0000b800       ?RecanonicalizeCoord@@YAXMPEAHPEAM@Z 000000018001c800 f i p5engine.obj
 0002:0000b8f0       ?RectCenterDim@@YA?AUrectangle2@@Tv2@@0@Z 000000018001c8f0 f i p5engine.obj
 0002:0000b9f0       ?RectCenterDim@@YA?AUrectangle3@@Tv3@@0@Z 000000018001c9f0 f i p5engine.obj
 0002:0000bb60       ?RectCenterHalfDim@@YA?AUrectangle2@@Tv2@@0@Z 000000018001cb60 f i p5engine.obj
 0002:0000bca0       ?RectCenterHalfDim@@YA?AUrectangle3@@Tv3@@0@Z 000000018001cca0 f i p5engine.obj
 0002:0000beb0       ?RectanglesIntersect@@YAHUrectangle3@@0@Z 000000018001ceb0 f i p5engine.obj
 0002:0000bfe0       ?RoundReal32ToInt32@@YAHM@Z 000000018001cfe0 f i p5engine.obj
 0002:0000c040       ?RoundReal32ToUInt32@@YAIM@Z 000000018001d040 f i p5engine.obj
 0002:0000c0a0       ?Sin@@YAMM@Z               000000018001d0a0 f i p5engine.obj
 0002:0000c250       ?Square@@YAMM@Z            000000018001d250 f i p5engine.obj
 0002:0000c2b0       ?SquareRoot@@YAMM@Z        000000018001d2b0 f i p5engine.obj
 0002:0000c310       ?StoreEntityReference@@YAXPEATentity_reference@@@Z 000000018001d310 f i p5engine.obj
 0002:0000c690       ?V2@@YA?ATv2@@MM@Z         000000018001d690 f i p5engine.obj
 0002:0000c760       ?V2i@@YA?ATv2@@HH@Z        000000018001d760 f i p5engine.obj
 0002:0000c810       ?V3@@YA?ATv3@@MMM@Z        000000018001d810 f i p5engine.obj
 0002:0000c930       ?V4@@YA?ATv4@@MMMM@Z       000000018001d930 f i p5engine.obj
 0002:0000ca60       ?ZeroSize@@YAX_KPEAX@Z     000000018001da60 f i p5engine.obj
 0002:0000cb00       GameGetSoundSamples        000000018001db00 f   p5engine.obj
 0002:0000cb70       GameUpdateAndRender        000000018001db70 f   p5engine.obj
 0002:00010be0       GetController              0000000180021be0 f i p5engine.obj
 0002:00010c60       __JustMyCode_Default       0000000180021c60 f i p5engine.obj
 0002:00010c70       _RTC_AllocaHelper          0000000180021c70 f   MSVCRTD:stack.obj
 0002:00010cc0       _RTC_CheckStackVars        0000000180021cc0 f   MSVCRTD:stack.obj
 0002:00010d70       _RTC_CheckStackVars2       0000000180021d70 f   MSVCRTD:stack.obj
 0002:00010ec0       _CRT_RTC_INIT              0000000180021ec0 f   MSVCRTD:init.obj
 0002:00010ed0       _CRT_RTC_INITW             0000000180021ed0 f   MSVCRTD:init.obj
 0002:00010ee0       _RTC_InitBase              0000000180021ee0 f   MSVCRTD:init.obj
 0002:00010f30       _RTC_Shutdown              0000000180021f30 f   MSVCRTD:init.obj
 0002:00010f60       __CheckForDebuggerJustMyCode 0000000180021f60 f   MSVCRTD:debugger_jmc.obj
 0002:00010fb0       __GSHandlerCheck           0000000180021fb0 f   MSVCRTD:gshandler.obj
 0002:00011000       __GSHandlerCheckCommon     0000000180022000 f   MSVCRTD:gshandler.obj
 0002:00011150       _alloca_probe              0000000180022150 f   MSVCRTD:chkstk.obj
 0002:00011150       __chkstk                   0000000180022150 f   MSVCRTD:chkstk.obj
 0002:000111d0       __security_check_cookie    00000001800221d0 f   MSVCRTD:amdsecgs.obj
 0002:00011700       _CRT_INIT                  0000000180022700 f   MSVCRTD:dll_dllmain.obj
 0002:00011740       _DllMainCRTStartup         0000000180022740 f   MSVCRTD:dll_dllmain.obj
 0002:00011840       ?_RTC_AllocaFailure@@YAXPEAXPEAU_RTC_ALLOCA_NODE@@H@Z 0000000180022840 f   MSVCRTD:error.obj
 0002:000119f0       ?_RTC_Failure@@YAXPEAXH@Z  00000001800229f0 f   MSVCRTD:error.obj
 0002:00011a60       ?_RTC_StackFailure@@YAXPEAXPEBD@Z 0000000180022a60 f   MSVCRTD:error.obj
 0002:00011fa0       _RTC_UninitUse             0000000180022fa0 f   MSVCRTD:error.obj
 0002:000120a0       __local_stdio_printf_options 00000001800230a0 f i MSVCRTD:error.obj
 0002:000120b0       _vsprintf_s_l              00000001800230b0 f i MSVCRTD:error.obj
 0002:00012130       sprintf_s                  0000000180023130 f i MSVCRTD:error.obj
 0002:00012160       ?_RTC_GetErrorFunc@@YAP6AHHPEBDH00ZZPEBX@Z 0000000180023160 f   MSVCRTD:userapi.obj
 0002:00012170       ?_RTC_GetErrorFuncW@@YAP6AHHPEB_WH00ZZPEBX@Z 0000000180023170 f   MSVCRTD:userapi.obj
 0002:00012180       _RTC_GetErrDesc            0000000180023180 f   MSVCRTD:userapi.obj
 0002:000121a0       _RTC_NumErrors             00000001800231a0 f   MSVCRTD:userapi.obj
 0002:000121b0       _RTC_SetErrorFunc          00000001800231b0 f   MSVCRTD:userapi.obj
 0002:000121d0       _RTC_SetErrorFuncW         00000001800231d0 f   MSVCRTD:userapi.obj
 0002:000121f0       _RTC_SetErrorType          00000001800231f0 f   MSVCRTD:userapi.obj
 0002:00012220       __raise_securityfailure    0000000180023220 f   MSVCRTD:gs_report.obj
 0002:00012270       __report_gsfailure         0000000180023270 f   MSVCRTD:gs_report.obj
 0002:00012380       __report_rangecheckfailure 0000000180023380 f   MSVCRTD:gs_report.obj
 0002:000123a0       __report_securityfailure   00000001800233a0 f   MSVCRTD:gs_report.obj
 0002:00012470       __report_securityfailureEx 0000000180023470 f   MSVCRTD:gs_report.obj
 0002:00012860       __security_init_cookie     0000000180023860 f   MSVCRTD:gs_support.obj
 0002:00012900       DllMain                    0000000180023900 f   MSVCRTD:dll_dllmain_stub.obj
 0002:00012950       ?__scrt_initialize_type_info@@YAXXZ 0000000180023950 f   MSVCRTD:tncleanup.obj
 0002:00012970       ?__scrt_uninitialize_type_info@@YAXXZ 0000000180023970 f   MSVCRTD:tncleanup.obj
 0002:00012990       __local_stdio_scanf_options 0000000180023990 f i MSVCRTD:default_local_stdio_options.obj
 0002:000129a0       __scrt_initialize_default_local_stdio_options 00000001800239a0 f   MSVCRTD:default_local_stdio_options.obj
 0002:00012a00       ?configure_argv@__scrt_narrow_argv_policy@@SAHXZ 0000000180023a00 f i MSVCRTD:utility.obj
 0002:00012b20       ?initialize_environment@__scrt_narrow_environment_policy@@SAHXZ 0000000180023b20 f i MSVCRTD:utility.obj
 0002:00012bf0       NtCurrentTeb               0000000180023bf0 f i MSVCRTD:utility.obj
 0002:00012c00       __scrt_acquire_startup_lock 0000000180023c00 f   MSVCRTD:utility.obj
 0002:00012c80       __scrt_dllmain_after_initialize_c 0000000180023c80 f   MSVCRTD:utility.obj
 0002:00012cc0       __scrt_dllmain_before_initialize_c 0000000180023cc0 f   MSVCRTD:utility.obj
 0002:00012cf0       __scrt_dllmain_crt_thread_attach 0000000180023cf0 f   MSVCRTD:utility.obj
 0002:00012d30       __scrt_dllmain_crt_thread_detach 0000000180023d30 f   MSVCRTD:utility.obj
 0002:00012d50       __scrt_dllmain_exception_filter 0000000180023d50 f   MSVCRTD:utility.obj
 0002:00012dd0       __scrt_dllmain_uninitialize_c 0000000180023dd0 f   MSVCRTD:utility.obj
 0002:00012e10       __scrt_dllmain_uninitialize_critical 0000000180023e10 f   MSVCRTD:utility.obj
 0002:00012e30       __scrt_initialize_crt      0000000180023e30 f   MSVCRTD:utility.obj
 0002:00012e90       __scrt_initialize_onexit_tables 0000000180023e90 f   MSVCRTD:utility.obj
 0002:00012fe0       __scrt_is_nonwritable_in_current_image 0000000180023fe0 f   MSVCRTD:utility.obj
 0002:00013090       __scrt_release_startup_lock 0000000180024090 f   MSVCRTD:utility.obj
 0002:000130d0       __scrt_uninitialize_crt    00000001800240d0 f   MSVCRTD:utility.obj
 0002:00013120       _onexit                    0000000180024120 f   MSVCRTD:utility.obj
 0002:000131c0       at_quick_exit              00000001800241c0 f   MSVCRTD:utility.obj
 0002:00013220       atexit                     0000000180024220 f   MSVCRTD:utility.obj
 0002:00013260       __scrt_get_dyn_tls_init_callback 0000000180024260 f   MSVCRTD:dyn_tls_init.obj
 0002:00013270       __crt_debugger_hook        0000000180024270 f   MSVCRTD:utility_desktop.obj
 0002:00013290       __scrt_fastfail            0000000180024290 f   MSVCRTD:utility_desktop.obj
 0002:00013490       __scrt_get_show_window_mode 0000000180024490 f   MSVCRTD:utility_desktop.obj
 0002:00013500       __scrt_initialize_mta      0000000180024500 f   MSVCRTD:utility_desktop.obj
 0002:00013520       __scrt_initialize_winrt    0000000180024520 f   MSVCRTD:utility_desktop.obj
 0002:00013530       __scrt_is_managed_app      0000000180024530 f   MSVCRTD:utility_desktop.obj
 0002:00013600       __scrt_set_unhandled_exception_filter 0000000180024600 f   MSVCRTD:utility_desktop.obj
 0002:00013620       __scrt_exe_initialize_mta  0000000180024620 f   MSVCRTD:utility_desktop.obj
 0002:00013620       __scrt_stub_for_initialize_mta 0000000180024620 f   MSVCRTD:utility_desktop.obj
 0002:00013630       __scrt_unhandled_exception_filter 0000000180024630 f   MSVCRTD:utility_desktop.obj
 0002:000136f0       _RTC_Initialize            00000001800246f0 f   MSVCRTD:initsect.obj
 0002:00013750       _RTC_Terminate             0000000180024750 f   MSVCRTD:initsect.obj
 0002:000137b0       _guard_check_icall_nop     00000001800247b0 f i MSVCRTD:guard_support.obj
 0002:000137c0       ReadNoFence64              00000001800247c0 f i MSVCRTD:guard_support.obj
 0002:000137f0       ReadPointerNoFence         00000001800247f0 f i MSVCRTD:guard_support.obj
 0002:00013810       __castguard_check_failure_debugbreak 0000000180024810 f i MSVCRTD:guard_support.obj
 0002:00013840       __castguard_check_failure_fastfail 0000000180024840 f i MSVCRTD:guard_support.obj
 0002:00013870       __castguard_check_failure_nop 0000000180024870 f i MSVCRTD:guard_support.obj
 0002:00013880       __castguard_check_failure_os_handled 0000000180024880 f i MSVCRTD:guard_support.obj
 0002:00013970       __castguard_slow_path_check_debugbreak 0000000180024970 f i MSVCRTD:guard_support.obj
 0002:000139c0       __castguard_slow_path_check_fastfail 00000001800249c0 f i MSVCRTD:guard_support.obj
 0002:00013a20       __castguard_slow_path_check_nop 0000000180024a20 f i MSVCRTD:guard_support.obj
 0002:00013a40       __castguard_slow_path_check_os_handled 0000000180024a40 f i MSVCRTD:guard_support.obj
 0002:00013b50       _guard_icall_checks_enforced 0000000180024b50 f i MSVCRTD:guard_support.obj
 0002:00013ba0       _guard_rf_checks_enforced  0000000180024ba0 f i MSVCRTD:guard_support.obj
 0002:00014200       ?_RTC_GetSrcLine@@YAHPEAEPEA_WKPEAH1K@Z 0000000180025200 f   MSVCRTD:pdblkup.obj
 0002:000146c0       __isa_available_init       00000001800256c0 f   MSVCRTD:cpu_disp.obj
 0002:00014b40       _get_startup_argv_mode     0000000180025b40 f   MSVCRTD:argv_mode.obj
 0002:00014b50       __scrt_is_ucrt_dll_in_use  0000000180025b50 f   MSVCRTD:ucrt_detection.obj
 0002:00014b80       __C_specific_handler       0000000180025b80 f   vcruntimed:VCRUNTIME140D.dll
 0002:00014b86       __C_specific_handler_noexcept 0000000180025b86 f   vcruntimed:VCRUNTIME140D.dll
 0002:00014b8c       __std_type_info_destroy_list 0000000180025b8c f   vcruntimed:VCRUNTIME140D.dll
 0002:00014b92       __current_exception        0000000180025b92 f   vcruntimed:VCRUNTIME140D.dll
 0002:00014b98       __current_exception_context 0000000180025b98 f   vcruntimed:VCRUNTIME140D.dll
 0002:00014b9e       __vcrt_GetModuleFileNameW  0000000180025b9e f   vcruntimed:VCRUNTIME140D.dll
 0002:00014ba4       __vcrt_GetModuleHandleW    0000000180025ba4 f   vcruntimed:VCRUNTIME140D.dll
 0002:00014baa       __vcrt_LoadLibraryExW      0000000180025baa f   vcruntimed:VCRUNTIME140D.dll
 0002:00014bb0       fabs                       0000000180025bb0 f   ucrtd:ucrtbased.dll
 0002:00014bb6       roundf                     0000000180025bb6 f   ucrtd:ucrtbased.dll
 0002:00014bbc       sinf                       0000000180025bbc f   ucrtd:ucrtbased.dll
 0002:00014bc2       sqrtf                      0000000180025bc2 f   ucrtd:ucrtbased.dll
 0002:00014bc8       _CrtDbgReport              0000000180025bc8 f   ucrtd:ucrtbased.dll
 0002:00014bce       _CrtDbgReportW             0000000180025bce f   ucrtd:ucrtbased.dll
 0002:00014bd4       _initterm                  0000000180025bd4 f   ucrtd:ucrtbased.dll
 0002:00014bda       _initterm_e                0000000180025bda f   ucrtd:ucrtbased.dll
 0002:00014be0       strcpy_s                   0000000180025be0 f   ucrtd:ucrtbased.dll
 0002:00014be6       strcat_s                   0000000180025be6 f   ucrtd:ucrtbased.dll
 0002:00014bec       __stdio_common_vsprintf_s  0000000180025bec f   ucrtd:ucrtbased.dll
 0002:00014bf2       _seh_filter_dll            0000000180025bf2 f   ucrtd:ucrtbased.dll
 0002:00014bf8       _configure_narrow_argv     0000000180025bf8 f   ucrtd:ucrtbased.dll
 0002:00014bfe       _initialize_narrow_environment 0000000180025bfe f   ucrtd:ucrtbased.dll
 0002:00014c04       _initialize_onexit_table   0000000180025c04 f   ucrtd:ucrtbased.dll
 0002:00014c0a       _register_onexit_function  0000000180025c0a f   ucrtd:ucrtbased.dll
 0002:00014c10       _execute_onexit_table      0000000180025c10 f   ucrtd:ucrtbased.dll
 0002:00014c16       _crt_atexit                0000000180025c16 f   ucrtd:ucrtbased.dll
 0002:00014c1c       _crt_at_quick_exit         0000000180025c1c f   ucrtd:ucrtbased.dll
 0002:00014c22       _cexit                     0000000180025c22 f   ucrtd:ucrtbased.dll
 0002:00014c28       terminate                  0000000180025c28 f   ucrtd:ucrtbased.dll
 0002:00014c2e       _wmakepath_s               0000000180025c2e f   ucrtd:ucrtbased.dll
 0002:00014c34       _wsplitpath_s              0000000180025c34 f   ucrtd:ucrtbased.dll
 0002:00014c3a       wcscpy_s                   0000000180025c3a f   ucrtd:ucrtbased.dll
 0002:00014c40       GetCurrentThreadId         0000000180025c40 f   kernel32:KERNEL32.dll
 0002:00014c46       IsDebuggerPresent          0000000180025c46 f   kernel32:KERNEL32.dll
 0002:00014c4c       RaiseException             0000000180025c4c f   kernel32:KERNEL32.dll
 0002:00014c52       MultiByteToWideChar        0000000180025c52 f   kernel32:KERNEL32.dll
 0002:00014c58       WideCharToMultiByte        0000000180025c58 f   kernel32:KERNEL32.dll
 0002:00014c5e       RtlCaptureContext          0000000180025c5e f   kernel32:KERNEL32.dll
 0002:00014c64       RtlLookupFunctionEntry     0000000180025c64 f   kernel32:KERNEL32.dll
 0002:00014c6a       RtlVirtualUnwind           0000000180025c6a f   kernel32:KERNEL32.dll
 0002:00014c70       UnhandledExceptionFilter   0000000180025c70 f   kernel32:KERNEL32.dll
 0002:00014c76       SetUnhandledExceptionFilter 0000000180025c76 f   kernel32:KERNEL32.dll
 0002:00014c7c       GetCurrentProcess          0000000180025c7c f   kernel32:KERNEL32.dll
 0002:00014c82       TerminateProcess           0000000180025c82 f   kernel32:KERNEL32.dll
 0002:00014c88       IsProcessorFeaturePresent  0000000180025c88 f   kernel32:KERNEL32.dll
 0002:00014c8e       QueryPerformanceCounter    0000000180025c8e f   kernel32:KERNEL32.dll
 0002:00014c94       GetCurrentProcessId        0000000180025c94 f   kernel32:KERNEL32.dll
 0002:00014c9a       GetSystemTimeAsFileTime    0000000180025c9a f   kernel32:KERNEL32.dll
 0002:00014ca0       DisableThreadLibraryCalls  0000000180025ca0 f   kernel32:KERNEL32.dll
 0002:00014ca6       InitializeSListHead        0000000180025ca6 f   kernel32:KERNEL32.dll
 0002:00014cac       GetStartupInfoW            0000000180025cac f   kernel32:KERNEL32.dll
 0002:00014cb2       GetModuleHandleW           0000000180025cb2 f   kernel32:KERNEL32.dll
 0002:00014cb8       GetLastError               0000000180025cb8 f   kernel32:KERNEL32.dll
 0002:00014cbe       HeapAlloc                  0000000180025cbe f   kernel32:KERNEL32.dll
 0002:00014cc4       HeapFree                   0000000180025cc4 f   kernel32:KERNEL32.dll
 0002:00014cca       GetProcessHeap             0000000180025cca f   kernel32:KERNEL32.dll
 0002:00014cd0       VirtualQuery               0000000180025cd0 f   kernel32:KERNEL32.dll
 0002:00014cd6       FreeLibrary                0000000180025cd6 f   kernel32:KERNEL32.dll
 0002:00014cdc       GetProcAddress             0000000180025cdc f   kernel32:KERNEL32.dll
 0002:00014cf0       __acrt_initialize          0000000180025cf0 f   MSVCRTD:ucrt_stubs.obj
 0002:00014cf0       __scrt_stub_for_acrt_initialize 0000000180025cf0 f   MSVCRTD:ucrt_stubs.obj
 0002:00014cf0       __vcrt_initialize          0000000180025cf0 f   MSVCRTD:ucrt_stubs.obj
 0002:00014d00       __vcrt_thread_attach       0000000180025d00 f   MSVCRTD:ucrt_stubs.obj
 0002:00014d00       __acrt_thread_attach       0000000180025d00 f   MSVCRTD:ucrt_stubs.obj
 0002:00014d00       __scrt_stub_for_acrt_thread_attach 0000000180025d00 f   MSVCRTD:ucrt_stubs.obj
 0002:00014d10       __scrt_stub_for_acrt_thread_detach 0000000180025d10 f   MSVCRTD:ucrt_stubs.obj
 0002:00014d10       __acrt_thread_detach       0000000180025d10 f   MSVCRTD:ucrt_stubs.obj
 0002:00014d10       __vcrt_thread_detach       0000000180025d10 f   MSVCRTD:ucrt_stubs.obj
 0002:00014d20       __acrt_uninitialize        0000000180025d20 f   MSVCRTD:ucrt_stubs.obj
 0002:00014d20       __vcrt_uninitialize        0000000180025d20 f   MSVCRTD:ucrt_stubs.obj
 0002:00014d20       __scrt_stub_for_acrt_uninitialize 0000000180025d20 f   MSVCRTD:ucrt_stubs.obj
 0002:00014d30       __vcrt_uninitialize_critical 0000000180025d30 f   MSVCRTD:ucrt_stubs.obj
 0002:00014d30       __acrt_uninitialize_critical 0000000180025d30 f   MSVCRTD:ucrt_stubs.obj
 0002:00014d30       __scrt_stub_for_acrt_uninitialize_critical 0000000180025d30 f   MSVCRTD:ucrt_stubs.obj
 0002:00014d40       _is_c_termination_complete 0000000180025d40 f   MSVCRTD:ucrt_stubs.obj
 0002:00014d40       __scrt_stub_for_is_c_termination_complete 0000000180025d40 f   MSVCRTD:ucrt_stubs.obj
 0002:00016250       _guard_dispatch_icall_nop  0000000180027250 f   MSVCRTD:guard_dispatch.obj
 0002:00016270       _guard_xfg_dispatch_icall_nop 0000000180027270 f   MSVCRTD:guard_xfg_dispatch.obj
 0003:00000000       __xc_a                     000000018002a000     MSVCRTD:initializers.obj
 0003:00000110       __xc_z                     000000018002a110     MSVCRTD:initializers.obj
 0003:00000220       __xi_a                     000000018002a220     MSVCRTD:initializers.obj
 0003:00000330       __xi_z                     000000018002a330     MSVCRTD:initializers.obj
 0003:00000440       __xp_a                     000000018002a440     MSVCRTD:initializers.obj
 0003:00000550       __xp_z                     000000018002a550     MSVCRTD:initializers.obj
 0003:00000660       __xt_a                     000000018002a660     MSVCRTD:initializers.obj
 0003:00000770       __xt_z                     000000018002a770     MSVCRTD:initializers.obj
 0003:00004008       ??_C@_0BA@NMEIMCEK@InvalidCodePath@ 000000018002e008     p5engine.obj
 0003:00004020       ??_C@_0BJ@GOOPBPNK@P5Engine?1data?1grass1?4bmp@ 000000018002e020     p5engine.obj
 0003:00004040       ??_C@_0BI@GAHHFIBN@P5Engine?1data?1soil1?4bmp@ 000000018002e040     p5engine.obj
 0003:00004060       ??_C@_0BI@OGODCKLD@P5Engine?1data?1soil2?4bmp@ 000000018002e060     p5engine.obj
 0003:00004080       ??_C@_0BI@CNLPPJBG@P5Engine?1data?1soil3?4bmp@ 000000018002e080     p5engine.obj
 0003:000040a0       ??_C@_0BI@DGFEELIO@P5Engine?1data?1tuft1?4bmp@ 000000018002e0a0     p5engine.obj
 0003:000040c0       ??_C@_0BI@LAMADJCA@P5Engine?1data?1tuft2?4bmp@ 000000018002e0c0     p5engine.obj
 0003:000040e0       ??_C@_0BF@HOIOEMCL@P5Engine?1data?1bg?4bmp@ 000000018002e0e0     p5engine.obj
 0003:00004100       ??_C@_0BJ@EPENJOEL@P5Engine?1data?1shadow?4bmp@ 000000018002e100     p5engine.obj
 0003:00004120       ??_C@_0BJ@HEECFFOE@P5Engine?1data?1stairs?4bmp@ 000000018002e120     p5engine.obj
 0003:00004140       ??_C@_0BH@DDOBAHNL@P5Engine?1data?1tree?4bmp@ 000000018002e140     p5engine.obj
 0003:00004160       ??_C@_0BI@EPGPCLAL@P5Engine?1data?1enemy?4bmp@ 000000018002e160     p5engine.obj
 0003:00004180       ??_C@_0BG@IEBKPHGI@P5Engine?1data?1orb?4bmp@ 000000018002e180     p5engine.obj
 0003:000041a0       ??_C@_0BP@CIDLMIJA@P5Engine?1data?1char?9right?90?4bmp@ 000000018002e1a0     p5engine.obj
 0003:000041c8       ??_C@_0BO@PEBAPFLC@P5Engine?1data?1char?9back?90?4bmp@ 000000018002e1c8     p5engine.obj
 0003:000041f0       ??_C@_0BO@EAIBBIAG@P5Engine?1data?1char?9left?90?4bmp@ 000000018002e1f0     p5engine.obj
 0003:00004218       ??_C@_0BP@MKDPGEOC@P5Engine?1data?1char?9front?90?4bmp@ 000000018002e218     p5engine.obj
 0003:00004240       ??_C@_0BO@KNNOBFKI@P5Engine?1data?1sword?9right?4bmp@ 000000018002e240     p5engine.obj
 0003:00004268       ??_C@_0BN@LDDHILOB@P5Engine?1data?1sword?9back?4bmp@ 000000018002e268     p5engine.obj
 0003:00004290       ??_C@_0BN@FPAHMBGA@P5Engine?1data?1sword?9left?4bmp@ 000000018002e290     p5engine.obj
 0003:000042b8       ??_C@_0BO@BNDLMGBJ@P5Engine?1data?1sword?9front?4bmp@ 000000018002e2b8     p5engine.obj
 0003:000042dc       __real@00000000            000000018002e2dc     p5engine.obj
 0003:000042e0       __real@308992b1            000000018002e2e0     p5engine.obj
 0003:000042e4       __real@3a83126f            000000018002e2e4     p5engine.obj
 0003:000042e8       __real@3c23d70a            000000018002e2e8     p5engine.obj
 0003:000042ec       __real@3dcccccd            000000018002e2ec     p5engine.obj
 0003:000042f0       __real@3e4ccccd            000000018002e2f0     p5engine.obj
 0003:000042f4       __real@3e800000            000000018002e2f4     p5engine.obj
 0003:000042f8       __real@3f000000            000000018002e2f8     p5engine.obj
 0003:000042fc       __real@3f666666            000000018002e2fc     p5engine.obj
 0003:00004300       __real@3f800000            000000018002e300     p5engine.obj
 0003:00004304       __real@3f8ccccd            000000018002e304     p5engine.obj
 0003:00004308       __real@3f99999a            000000018002e308     p5engine.obj
 0003:0000430c       __real@3fb33333            000000018002e30c     p5engine.obj
 0003:00004310       __real@3fc00000            000000018002e310     p5engine.obj
 0003:00004314       __real@40000000            000000018002e314     p5engine.obj
 0003:00004318       __real@400ccccd            000000018002e318     p5engine.obj
 0003:0000431c       __real@40400000            000000018002e31c     p5engine.obj
 0003:00004320       __real@40a00000            000000018002e320     p5engine.obj
 0003:00004324       __real@40c00000            000000018002e324     p5engine.obj
 0003:00004328       __real@40c90fdb            000000018002e328     p5engine.obj
 0003:0000432c       __real@41200000            000000018002e32c     p5engine.obj
 0003:00004330       __real@41700000            000000018002e330     p5engine.obj
 0003:00004334       __real@41880000            000000018002e334     p5engine.obj
 0003:00004338       __real@41a00000            000000018002e338     p5engine.obj
 0003:0000433c       __real@41c00000            000000018002e33c     p5engine.obj
 0003:00004340       __real@41f00000            000000018002e340     p5engine.obj
 0003:00004344       __real@42000000            000000018002e344     p5engine.obj
 0003:00004348       __real@42340000            000000018002e348     p5engine.obj
 0003:0000434c       __real@42400000            000000018002e34c     p5engine.obj
 0003:00004350       __real@42600000            000000018002e350     p5engine.obj
 0003:00004354       __real@42800000            000000018002e354     p5engine.obj
 0003:00004358       __real@42960000            000000018002e358     p5engine.obj
 0003:0000435c       __real@437f0000            000000018002e35c     p5engine.obj
 0003:00004360       __real@461c4000            000000018002e360     p5engine.obj
 0003:00004364       __real@47c35000            000000018002e364     p5engine.obj
 0003:00004368       __real@7f7fffff            000000018002e368     p5engine.obj
 0003:0000436c       __real@becccccd            000000018002e36c     p5engine.obj
 0003:00004370       __real@bf000000            000000018002e370     p5engine.obj
 0003:00004374       __real@bf800000            000000018002e374     p5engine.obj
 0003:00004378       __real@c11ccccd            000000018002e378     p5engine.obj
 0003:00004380       __xmm@80000000800000008000000080000000 000000018002e380     p5engine.obj
 0003:00004398       _pRawDllMain               000000018002e398     MSVCRTD:dll_dllmain.obj
 0003:00004398       _pDefaultRawDllMain        000000018002e398     MSVCRTD:dll_dllmain.obj
 0003:00004490       ??_C@_0NN@JMPELKLB@The?5value?5of?5ESP?5was?5not?5proper@ 000000018002e490     MSVCRTD:error.obj
 0003:000045a0       ??_C@_0BBN@ELNNILBE@A?5cast?5to?5a?5smaller?5data?5type?5h@ 000000018002e5a0     MSVCRTD:error.obj
 0003:000046f8       ??_C@_0BN@BPOGFMJL@Stack?5memory?5was?5corrupted?$AN?6@ 000000018002e6f8     MSVCRTD:error.obj
 0003:00004720       ??_C@_0DG@DAJCDLPN@A?5local?5variable?5was?5used?5befor@ 000000018002e720     MSVCRTD:error.obj
 0003:00004760       ??_C@_0CM@JMIDGKLA@Stack?5memory?5around?5_alloca?5was@ 000000018002e760     MSVCRTD:error.obj
 0003:00004798       ??_C@_0BO@CHIONIOI@Unknown?5Runtime?5Check?5Error?$AN?6@ 000000018002e798     MSVCRTD:error.obj
 0003:000047c0       ??_C@_1GM@CNOOJIHC@?$AAR?$AAu?$AAn?$AAt?$AAi?$AAm?$AAe?$AA?5?$AAC?$AAh?$AAe?$AAc?$AAk?$AA?5?$AAE@ 000000018002e7c0     MSVCRTD:error.obj
 0003:00004850       ??_C@_1EA@NFKNIFJP@?$AAR?$AAu?$AAn?$AA?9?$AAT?$AAi?$AAm?$AAe?$AA?5?$AAC?$AAh?$AAe?$AAc?$AAk?$AA?5@ 000000018002e850     MSVCRTD:error.obj
 0003:000048a0       ??_C@_0BB@PFFGGCJP@Unknown?5Filename@ 000000018002e8a0     MSVCRTD:error.obj
 0003:000048b8       ??_C@_0BE@GNBOBNCK@Unknown?5Module?5Name@ 000000018002e8b8     MSVCRTD:error.obj
 0003:000048d0       ??_C@_0CA@IODNCDPG@Run?9Time?5Check?5Failure?5?$CD?$CFd?5?9?5?$CFs@ 000000018002e8d0     MSVCRTD:error.obj
 0003:000048f8       ??_C@_0CG@IAFNJNEE@Stack?5corrupted?5near?5unknown?5va@ 000000018002e8f8     MSVCRTD:error.obj
 0003:00004928       ??_C@_05MKKEDADM@?$CF?42X?5@ 000000018002e928     MSVCRTD:error.obj
 0003:00004930       ??_C@_0EJ@LJKNEOLN@Stack?5area?5around?5_alloca?5memor@ 000000018002e930     MSVCRTD:error.obj
 0003:00004988       ??_C@_01EEMJAFIK@?6@       000000018002e988     MSVCRTD:error.obj
 0003:0000498c       ??_C@_02LLMPMKNF@?$DO?5@   000000018002e98c     MSVCRTD:error.obj
 0003:00004990       ??_C@_08OMAHNMHJ@?6Data?3?5?$DM@ 000000018002e990     MSVCRTD:error.obj
 0003:000049a0       ??_C@_0CK@DKGBICFE@?6Allocation?5number?5within?5this?5@ 000000018002e9a0     MSVCRTD:error.obj
 0003:000049d8       ??_C@_07DFDJCKFN@?6Size?3?5@ 000000018002e9d8     MSVCRTD:error.obj
 0003:000049e8       ??_C@_0N@MHFFIMFG@?6Address?3?50x@ 000000018002e9e8     MSVCRTD:error.obj
 0003:00004a00       ??_C@_0EI@CLEPFNGI@Stack?5area?5around?5_alloca?5memor@ 000000018002ea00     MSVCRTD:error.obj
 0003:00004a58       ??_C@_0BK@ODNDAGKB@?$CFs?$CFs?$CFp?$CFs?$CFzd?$CFs?$CFd?$CFs?$CFs?$CFs?$CFs?$CFs@ 000000018002ea58     MSVCRTD:error.obj
 0003:00004a78       ??_C@_0DE@OHJBPMBP@A?5variable?5is?5being?5used?5withou@ 000000018002ea78     MSVCRTD:error.obj
 0003:00004ae8       ??_C@_0BJ@HEGAHDFO@Stack?5pointer?5corruption@ 000000018002eae8     MSVCRTD:userapi.obj
 0003:00004b08       ??_C@_0CK@FEGOIOPB@Cast?5to?5smaller?5type?5causing?5lo@ 000000018002eb08     MSVCRTD:userapi.obj
 0003:00004b40       ??_C@_0BI@CIGMDCBH@Stack?5memory?5corruption@ 000000018002eb40     MSVCRTD:userapi.obj
 0003:00004b60       ??_C@_0CK@CNLNOEPB@Local?5variable?5used?5before?5init@ 000000018002eb60     MSVCRTD:userapi.obj
 0003:00004b98       ??_C@_0BP@OGBCLIBO@Stack?5around?5_alloca?5corrupted@ 000000018002eb98     MSVCRTD:userapi.obj
 0003:00004c40       ??_C@_1EI@MLPKHBGE@?$AAa?$AAp?$AAi?$AA?9?$AAm?$AAs?$AA?9?$AAw?$AAi?$AAn?$AA?9?$AAc?$AAo?$AAr?$AAe@ 000000018002ec40     MSVCRTD:pdblkup.obj
 0003:00004c98       ??_C@_1BK@JHLNAEJL@?$AAa?$AAd?$AAv?$AAa?$AAp?$AAi?$AA3?$AA2?$AA?4?$AAd?$AAl?$AAl@ 000000018002ec98     MSVCRTD:pdblkup.obj
 0003:00004cb8       ??_C@_0O@COHOBMLB@RegOpenKeyExW@ 000000018002ecb8     MSVCRTD:pdblkup.obj
 0003:00004cc8       ??_C@_0BB@GLNAEDBD@RegQueryValueExW@ 000000018002ecc8     MSVCRTD:pdblkup.obj
 0003:00004ce0       ??_C@_0M@HLOHPNFA@RegCloseKey@ 000000018002ece0     MSVCRTD:pdblkup.obj
 0003:00004cf0       ??_C@_1HE@EBEAGLFB@?$AAS?$AAO?$AAF?$AAT?$AAW?$AAA?$AAR?$AAE?$AA?2?$AAW?$AAo?$AAw?$AA6?$AA4?$AA3@ 000000018002ecf0     MSVCRTD:pdblkup.obj
 0003:00004d80       ??_C@_1BG@EABPBLLF@?$AAP?$AAr?$AAo?$AAd?$AAu?$AAc?$AAt?$AAD?$AAi?$AAr@ 000000018002ed80     MSVCRTD:pdblkup.obj
 0003:00004dc8       ??_C@_1BC@JINFINNJ@?$AAM?$AAS?$AAP?$AAD?$AAB?$AA1?$AA4?$AA0@ 000000018002edc8     MSVCRTD:pdblkup.obj
 0003:00004de0       ??_C@_0BB@KCIACLNC@PDBOpenValidate5@ 000000018002ede0     MSVCRTD:pdblkup.obj
 0003:00004df4       ??_C@_01KDCPPGHE@r@        000000018002edf4     MSVCRTD:pdblkup.obj
 0003:00004e30       _load_config_used          000000018002ee30     MSVCRTD:loadcfg.obj
 0003:00005200       __CastGuardVftablesStart   000000018002f200     MSVCRTD:guard_support.obj
 0003:00005310       __CastGuardVftablesEnd     000000018002f310     MSVCRTD:guard_support.obj
 0003:00005598       __rtc_iaa                  000000018002f598     MSVCRTD:initsect.obj
 0003:000057b8       __rtc_izz                  000000018002f7b8     MSVCRTD:initsect.obj
 0003:000058c8       __rtc_taa                  000000018002f8c8     MSVCRTD:initsect.obj
 0003:00005ae8       __rtc_tzz                  000000018002fae8     MSVCRTD:initsect.obj
 0004:00004cd0       __security_cookie_complement 0000000180036cd0     MSVCRTD:gs_cookie.obj
 0004:00004cd8       __security_cookie          0000000180036cd8     MSVCRTD:gs_cookie.obj
 0004:00004ce4       _fltused                   0000000180036ce4     MSVCRTD:fltused.obj
 0004:00004ce8       ?_RTC_ErrorLevels@@3PAHA   0000000180036ce8     MSVCRTD:error.obj
 0004:00004d00       __scrt_native_dllmain_reason 0000000180036d00     MSVCRTD:utility.obj
 0004:00004d08       __isa_available            0000000180036d08     MSVCRTD:cpu_disp.obj
 0004:00004d0c       __isa_enabled              0000000180036d0c     MSVCRTD:cpu_disp.obj
 0004:00004d10       __memcpy_nt_iters          0000000180036d10     MSVCRTD:cpu_disp.obj
 0004:00004d18       __memset_nt_iters          0000000180036d18     MSVCRTD:cpu_disp.obj
 0004:00004d30       __scrt_ucrt_dll_is_in_use  0000000180036d30     MSVCRTD:ucrt_stubs.obj
 0004:00004e48       ?_OptionsStorage@?1??__local_stdio_printf_options@@9@4_KA 0000000180036e48     MSVCRTD:error.obj
 0004:00005500       ?__type_info_root_node@@3U__type_info_node@@A 0000000180037500     MSVCRTD:tncleanup.obj
 0004:00005518       ?_OptionsStorage@?1??__local_stdio_scanf_options@@9@4_KA 0000000180037518     MSVCRTD:default_local_stdio_options.obj
 0004:00005528       __scrt_current_native_startup_state 0000000180037528     MSVCRTD:utility.obj
 0004:00005530       __scrt_native_startup_lock 0000000180037530     MSVCRTD:utility.obj
 0004:00005580       __scrt_debugger_hook_flag  0000000180037580     MSVCRTD:utility_desktop.obj
 0004:00005588       __castguard_check_failure_os_handled_fptr 0000000180037588     MSVCRTD:guard_support.obj
 0004:000055a4       __favor                    00000001800375a4     MSVCRTD:cpu_disp.obj
 0004:000055a8       __dyn_tls_init_callback    00000001800375a8     <common>
 0004:000055bc       __DebuggerCurrentSteppingThreadId 00000001800375bc     <common>
 0006:00000000       __imp_DisableThreadLibraryCalls 000000018003b000     kernel32:KERNEL32.dll
 0006:00000008       __imp_GetCurrentThreadId   000000018003b008     kernel32:KERNEL32.dll
 0006:00000010       __imp_RaiseException       000000018003b010     kernel32:KERNEL32.dll
 0006:00000018       __imp_MultiByteToWideChar  000000018003b018     kernel32:KERNEL32.dll
 0006:00000020       __imp_WideCharToMultiByte  000000018003b020     kernel32:KERNEL32.dll
 0006:00000028       __imp_RtlCaptureContext    000000018003b028     kernel32:KERNEL32.dll
 0006:00000030       __imp_RtlLookupFunctionEntry 000000018003b030     kernel32:KERNEL32.dll
 0006:00000038       __imp_RtlVirtualUnwind     000000018003b038     kernel32:KERNEL32.dll
 0006:00000040       __imp_GetProcAddress       000000018003b040     kernel32:KERNEL32.dll
 0006:00000048       __imp_FreeLibrary          000000018003b048     kernel32:KERNEL32.dll
 0006:00000050       __imp_VirtualQuery         000000018003b050     kernel32:KERNEL32.dll
 0006:00000058       __imp_GetProcessHeap       000000018003b058     kernel32:KERNEL32.dll
 0006:00000060       __imp_HeapFree             000000018003b060     kernel32:KERNEL32.dll
 0006:00000068       __imp_HeapAlloc            000000018003b068     kernel32:KERNEL32.dll
 0006:00000070       __imp_GetLastError         000000018003b070     kernel32:KERNEL32.dll
 0006:00000078       __imp_GetModuleHandleW     000000018003b078     kernel32:KERNEL32.dll
 0006:00000080       __imp_GetStartupInfoW      000000018003b080     kernel32:KERNEL32.dll
 0006:00000088       __imp_InitializeSListHead  000000018003b088     kernel32:KERNEL32.dll
 0006:00000090       __imp_IsDebuggerPresent    000000018003b090     kernel32:KERNEL32.dll
 0006:00000098       __imp_GetSystemTimeAsFileTime 000000018003b098     kernel32:KERNEL32.dll
 0006:000000a0       __imp_GetCurrentProcessId  000000018003b0a0     kernel32:KERNEL32.dll
 0006:000000a8       __imp_QueryPerformanceCounter 000000018003b0a8     kernel32:KERNEL32.dll
 0006:000000b0       __imp_IsProcessorFeaturePresent 000000018003b0b0     kernel32:KERNEL32.dll
 0006:000000b8       __imp_TerminateProcess     000000018003b0b8     kernel32:KERNEL32.dll
 0006:000000c0       __imp_GetCurrentProcess    000000018003b0c0     kernel32:KERNEL32.dll
 0006:000000c8       __imp_SetUnhandledExceptionFilter 000000018003b0c8     kernel32:KERNEL32.dll
 0006:000000d0       __imp_UnhandledExceptionFilter 000000018003b0d0     kernel32:KERNEL32.dll
 0006:000000d8       \177KERNEL32_NULL_THUNK_DATA 000000018003b0d8     kernel32:KERNEL32.dll
 0006:00000158       __imp___vcrt_GetModuleHandleW 000000018003b158     vcruntimed:VCRUNTIME140D.dll
 0006:00000160       __imp___vcrt_GetModuleFileNameW 000000018003b160     vcruntimed:VCRUNTIME140D.dll
 0006:00000168       __imp___current_exception_context 000000018003b168     vcruntimed:VCRUNTIME140D.dll
 0006:00000170       __imp___C_specific_handler 000000018003b170     vcruntimed:VCRUNTIME140D.dll
 0006:00000178       __imp___current_exception  000000018003b178     vcruntimed:VCRUNTIME140D.dll
 0006:00000180       __imp___std_type_info_destroy_list 000000018003b180     vcruntimed:VCRUNTIME140D.dll
 0006:00000188       __imp___C_specific_handler_noexcept 000000018003b188     vcruntimed:VCRUNTIME140D.dll
 0006:00000190       __imp___vcrt_LoadLibraryExW 000000018003b190     vcruntimed:VCRUNTIME140D.dll
 0006:00000198       \177VCRUNTIME140D_NULL_THUNK_DATA 000000018003b198     vcruntimed:VCRUNTIME140D.dll
 0006:000001f8       __imp_wcscpy_s             000000018003b1f8     ucrtd:ucrtbased.dll
 0006:00000200       __imp__wmakepath_s         000000018003b200     ucrtd:ucrtbased.dll
 0006:00000208       __imp_terminate            000000018003b208     ucrtd:ucrtbased.dll
 0006:00000210       __imp__cexit               000000018003b210     ucrtd:ucrtbased.dll
 0006:00000218       __imp__crt_at_quick_exit   000000018003b218     ucrtd:ucrtbased.dll
 0006:00000220       __imp__crt_atexit          000000018003b220     ucrtd:ucrtbased.dll
 0006:00000228       __imp__execute_onexit_table 000000018003b228     ucrtd:ucrtbased.dll
 0006:00000230       __imp__register_onexit_function 000000018003b230     ucrtd:ucrtbased.dll
 0006:00000238       __imp__initialize_onexit_table 000000018003b238     ucrtd:ucrtbased.dll
 0006:00000240       __imp__initialize_narrow_environment 000000018003b240     ucrtd:ucrtbased.dll
 0006:00000248       __imp__configure_narrow_argv 000000018003b248     ucrtd:ucrtbased.dll
 0006:00000250       __imp__seh_filter_dll      000000018003b250     ucrtd:ucrtbased.dll
 0006:00000258       __imp__wsplitpath_s        000000018003b258     ucrtd:ucrtbased.dll
 0006:00000260       __imp_strcat_s             000000018003b260     ucrtd:ucrtbased.dll
 0006:00000268       __imp_strcpy_s             000000018003b268     ucrtd:ucrtbased.dll
 0006:00000270       __imp__initterm_e          000000018003b270     ucrtd:ucrtbased.dll
 0006:00000278       __imp__initterm            000000018003b278     ucrtd:ucrtbased.dll
 0006:00000280       __imp__CrtDbgReportW       000000018003b280     ucrtd:ucrtbased.dll
 0006:00000288       __imp__CrtDbgReport        000000018003b288     ucrtd:ucrtbased.dll
 0006:00000290       __imp_sqrtf                000000018003b290     ucrtd:ucrtbased.dll
 0006:00000298       __imp_sinf                 000000018003b298     ucrtd:ucrtbased.dll
 0006:000002a0       __imp_roundf               000000018003b2a0     ucrtd:ucrtbased.dll
 0006:000002a8       __imp_fabs                 000000018003b2a8     ucrtd:ucrtbased.dll
 0006:000002b0       __imp___stdio_common_vsprintf_s 000000018003b2b0     ucrtd:ucrtbased.dll
 0006:000002b8       \177ucrtbased_NULL_THUNK_DATA 000000018003b2b8     ucrtd:ucrtbased.dll
 0006:00000330       __IMPORT_DESCRIPTOR_VCRUNTIME140D 000000018003b330     vcruntimed:VCRUNTIME140D.dll
 0006:00000344       __IMPORT_DESCRIPTOR_ucrtbased 000000018003b344     ucrtd:ucrtbased.dll
 0006:00000358       __IMPORT_DESCRIPTOR_KERNEL32 000000018003b358     kernel32:KERNEL32.dll
 0006:0000036c       __NULL_IMPORT_DESCRIPTOR   000000018003b36c     vcruntimed:VCRUNTIME140D.dll
 0008:00000000       __guard_check_icall_fptr   000000018003d000     MSVCRTD:guard_support.obj
 0008:00000010       __guard_xfg_check_icall_fptr 000000018003d010     MSVCRTD:guard_support.obj
 0008:00000020       __guard_dispatch_icall_fptr 000000018003d020     MSVCRTD:guard_support.obj
 0008:00000030       __guard_xfg_dispatch_icall_fptr 000000018003d030     MSVCRTD:guard_support.obj
 0008:00000040       __guard_xfg_table_dispatch_icall_fptr 000000018003d040     MSVCRTD:guard_support.obj

 entry point at        0002:0000000f

 Static symbols

 0000:fffc0000       .debug$S                   0000000180000000     P5Engine.exp
 0000:fffc3000       _volmd                     0000000180000000     p5engine.obj
 0000:fffc3000       _volmd                     0000000180000000     p5engine.obj
 0000:fffc3000       _volmd                     0000000180000000     p5engine.obj
 0000:fffc3000       _volmd                     0000000180000000     p5engine.obj
 0000:fffc3000       _volmd                     0000000180000000     p5engine.obj
 0000:fffc3000       _volmd                     0000000180000000     p5engine.obj
 0000:fffc3000       _volmd                     0000000180000000     p5engine.obj
 0000:fffc3000       _volmd                     0000000180000000     p5engine.obj
 0000:fffc3000       _volmd                     0000000180000000     p5engine.obj
 0000:fffc3000       _volmd                     0000000180000000     p5engine.obj
 0000:fffc3000       _volmd                     0000000180000000     p5engine.obj
 0000:fffc3000       _volmd                     0000000180000000     p5engine.obj
 0000:fffc3000       _volmd                     0000000180000000     p5engine.obj
 0000:fffc3000       _volmd                     0000000180000000     p5engine.obj
 0000:fffc3000       _volmd                     0000000180000000     p5engine.obj
 0000:fffc3000       _volmd                     0000000180000000     p5engine.obj
 0000:fffc3000       _volmd                     0000000180000000     p5engine.obj
 0000:fffc3000       _volmd                     0000000180000000     p5engine.obj
 0000:fffc3000       _volmd                     0000000180000000     p5engine.obj
 0000:fffc3000       _volmd                     0000000180000000     p5engine.obj
 0000:fffc3000       _volmd                     0000000180000000     p5engine.obj
 0000:fffc3000       _volmd                     0000000180000000     p5engine.obj
 0000:fffc3000       _volmd                     0000000180000000     p5engine.obj
 0000:fffc3000       _volmd                     0000000180000000     p5engine.obj
 0000:fffc3000       _volmd                     0000000180000000     p5engine.obj
 0000:fffc3000       _volmd                     0000000180000000     p5engine.obj
 0000:fffc3000       _volmd                     0000000180000000     p5engine.obj
 0000:fffc3000       _volmd                     0000000180000000     p5engine.obj
 0000:fffc3000       _volmd                     0000000180000000     p5engine.obj
 0000:fffc3000       _volmd                     0000000180000000     p5engine.obj
 0000:fffc3000       _volmd                     0000000180000000     p5engine.obj
 0000:fffc3000       _volmd                     0000000180000000     p5engine.obj
 0000:fffc3000       _volmd                     0000000180000000     p5engine.obj
 0000:fffc3000       _volmd                     0000000180000000     MSVCRTD:cpu_disp.obj
 0000:fffc4000       __guard_ehcont_?dllmain_dispatch@@YAHQEAUHINSTANCE__@@KQEAX@Z 0000000180000000     MSVCRTD:dll_dllmain.obj
 0000:fffc4000       __guard_fids_?dllmain_dispatch@@YAHQEAUHINSTANCE__@@KQEAX@Z 0000000180000000     MSVCRTD:dll_dllmain.obj
 0000:fffc4000       __guard_ehcont_?notify_debugger@@YAXAEBUtagEXCEPTION_VISUALCPP_DEBUG_INFO@@@Z 0000000180000000     MSVCRTD:error.obj
 0000:fffc3000       _volmd                     0000000180000000     MSVCRTD:gs_report.obj
 0000:fffc3000       _volmd                     0000000180000000     MSVCRTD:gs_report.obj
 0000:fffc3000       _volmd                     0000000180000000     MSVCRTD:gs_report.obj
 0000:fffc4000       __guard_fids__             0000000180000000     MSVCRTD:guard_support.obj
 0000:fffc4000       __guard_fids__             0000000180000000     MSVCRTD:guard_support.obj
 0000:fffc4000       __guard_fids__guard_icall_checks_enforced 0000000180000000     MSVCRTD:guard_support.obj
 0000:fffc3000       _volmd                     0000000180000000     MSVCRTD:guard_support.obj
 0000:fffc3000       _volmd                     0000000180000000     MSVCRTD:guard_support.obj
 0000:fffc3000       _volmd                     0000000180000000     MSVCRTD:guard_support.obj
 0000:fffc4000       __guard_fids__CRT_RTC_INIT 0000000180000000     MSVCRTD:init.obj
 0000:fffc4000       __guard_fids__CRT_RTC_INITW 0000000180000000     MSVCRTD:init.obj
 0000:fffc4000       __guard_ehcont___scrt_is_nonwritable_in_current_image 0000000180000000     MSVCRTD:utility.obj
 0000:fffc3000       _volmd                     0000000180000000     MSVCRTD:utility.obj
 0000:fffc3000       _volmd                     0000000180000000     MSVCRTD:utility.obj
 0000:fffc3000       _volmd                     0000000180000000     MSVCRTD:utility.obj
 0000:fffc4000       __guard_fids___scrt_set_unhandled_exception_filter 0000000180000000     MSVCRTD:utility_desktop.obj
 0000:fffc3000       _volmd                     0000000180000000     MSVCRTD:utility_desktop.obj
 0000:fffc0000       .debug$S                   0000000180000000     vcruntimed:VCRUNTIME140D.dll
 0000:fffc0000       .debug$S                   0000000180000000     vcruntimed:VCRUNTIME140D.dll
 0000:fffc0000       .debug$S                   0000000180000000     vcruntimed:VCRUNTIME140D.dll
 0000:fffc0000       .debug$S                   0000000180000000     vcruntimed:VCRUNTIME140D.dll
 0000:fffc0000       .debug$S                   0000000180000000     vcruntimed:VCRUNTIME140D.dll
 0000:fffc0000       .debug$S                   0000000180000000     vcruntimed:VCRUNTIME140D.dll
 0000:fffc0000       .debug$S                   0000000180000000     vcruntimed:VCRUNTIME140D.dll
 0000:fffc0000       .debug$S                   0000000180000000     vcruntimed:VCRUNTIME140D.dll
 0000:fffc0000       .debug$S                   0000000180000000     ucrtd:ucrtbased.dll
 0000:fffc0000       .debug$S                   0000000180000000     ucrtd:ucrtbased.dll
 0000:fffc0000       .debug$S                   0000000180000000     ucrtd:ucrtbased.dll
 0000:fffc0000       .debug$S                   0000000180000000     ucrtd:ucrtbased.dll
 0000:fffc0000       .debug$S                   0000000180000000     ucrtd:ucrtbased.dll
 0000:fffc0000       .debug$S                   0000000180000000     ucrtd:ucrtbased.dll
 0000:fffc0000       .debug$S                   0000000180000000     ucrtd:ucrtbased.dll
 0000:fffc0000       .debug$S                   0000000180000000     ucrtd:ucrtbased.dll
 0000:fffc0000       .debug$S                   0000000180000000     ucrtd:ucrtbased.dll
 0000:fffc0000       .debug$S                   0000000180000000     ucrtd:ucrtbased.dll
 0000:fffc0000       .debug$S                   0000000180000000     ucrtd:ucrtbased.dll
 0000:fffc0000       .debug$S                   0000000180000000     ucrtd:ucrtbased.dll
 0000:fffc0000       .debug$S                   0000000180000000     ucrtd:ucrtbased.dll
 0000:fffc0000       .debug$S                   0000000180000000     ucrtd:ucrtbased.dll
 0000:fffc0000       .debug$S                   0000000180000000     ucrtd:ucrtbased.dll
 0000:fffc0000       .debug$S                   0000000180000000     ucrtd:ucrtbased.dll
 0000:fffc0000       .debug$S                   0000000180000000     ucrtd:ucrtbased.dll
 0000:fffc0000       .debug$S                   0000000180000000     ucrtd:ucrtbased.dll
 0000:fffc0000       .debug$S                   0000000180000000     ucrtd:ucrtbased.dll
 0000:fffc0000       .debug$S                   0000000180000000     ucrtd:ucrtbased.dll
 0000:fffc0000       .debug$S                   0000000180000000     ucrtd:ucrtbased.dll
 0000:fffc0000       .debug$S                   0000000180000000     ucrtd:ucrtbased.dll
 0000:fffc0000       .debug$S                   0000000180000000     ucrtd:ucrtbased.dll
 0000:fffc0000       .debug$S                   0000000180000000     ucrtd:ucrtbased.dll
 0000:fffc0000       .debug$S                   0000000180000000     kernel32:KERNEL32.dll
 0000:fffc0000       .debug$S                   0000000180000000     kernel32:KERNEL32.dll
 0000:fffc0000       .debug$S                   0000000180000000     kernel32:KERNEL32.dll
 0000:fffc0000       .debug$S                   0000000180000000     kernel32:KERNEL32.dll
 0000:fffc0000       .debug$S                   0000000180000000     kernel32:KERNEL32.dll
 0000:fffc0000       .debug$S                   0000000180000000     kernel32:KERNEL32.dll
 0000:fffc0000       .debug$S                   0000000180000000     kernel32:KERNEL32.dll
 0000:fffc0000       .debug$S                   0000000180000000     kernel32:KERNEL32.dll
 0000:fffc0000       .debug$S                   0000000180000000     kernel32:KERNEL32.dll
 0000:fffc0000       .debug$S                   0000000180000000     kernel32:KERNEL32.dll
 0000:fffc0000       .debug$S                   0000000180000000     kernel32:KERNEL32.dll
 0000:fffc0000       .debug$S                   0000000180000000     kernel32:KERNEL32.dll
 0000:fffc0000       .debug$S                   0000000180000000     kernel32:KERNEL32.dll
 0000:fffc0000       .debug$S                   0000000180000000     kernel32:KERNEL32.dll
 0000:fffc0000       .debug$S                   0000000180000000     kernel32:KERNEL32.dll
 0000:fffc0000       .debug$S                   0000000180000000     kernel32:KERNEL32.dll
 0000:fffc0000       .debug$S                   0000000180000000     kernel32:KERNEL32.dll
 0000:fffc0000       .debug$S                   0000000180000000     kernel32:KERNEL32.dll
 0000:fffc0000       .debug$S                   0000000180000000     kernel32:KERNEL32.dll
 0000:fffc0000       .debug$S                   0000000180000000     kernel32:KERNEL32.dll
 0000:fffc0000       .debug$S                   0000000180000000     kernel32:KERNEL32.dll
 0000:fffc0000       .debug$S                   0000000180000000     kernel32:KERNEL32.dll
 0000:fffc0000       .debug$S                   0000000180000000     kernel32:KERNEL32.dll
 0000:fffc0000       .debug$S                   0000000180000000     kernel32:KERNEL32.dll
 0000:fffc0000       .debug$S                   0000000180000000     kernel32:KERNEL32.dll
 0000:fffc0000       .debug$S                   0000000180000000     kernel32:KERNEL32.dll
 0000:fffc0000       .debug$S                   0000000180000000     kernel32:KERNEL32.dll
 0002:000014d0       ?AddCollisionRule@@YAXPEAUgame_state@@IIH@Z 00000001800124d0 f   p5engine.obj
 0002:000016d0       ?AddEntity@@YAPEAUsim_entity@@PEAUgame_state@@PEAUsim_region@@IPEAUlow_entity@@PEATv3@@@Z 00000001800126d0 f   p5engine.obj
 0002:00001870       ?AddEntityRaw@@YAPEAUsim_entity@@PEAUgame_state@@PEAUsim_region@@IPEAUlow_entity@@@Z 0000000180012870 f   p5engine.obj
 0002:00001a80       ?AddFamiliar@@YA?AUadd_low_entity_result@@PEAUgame_state@@III@Z 0000000180012a80 f   p5engine.obj
 0002:00001cd0       ?AddGroundedEntity@@YA?AUadd_low_entity_result@@PEAUgame_state@@W4entity_type@@Uworld_position@@PEAUsim_entity_collision_volume_group@@@Z 0000000180012cd0 f   p5engine.obj
 0002:00001df0       ?AddLowEntity@@YA?AUadd_low_entity_result@@PEAUgame_state@@W4entity_type@@Uworld_position@@@Z 0000000180012df0 f   p5engine.obj
 0002:00002070       ?AddMonstar@@YA?AUadd_low_entity_result@@PEAUgame_state@@III@Z 0000000180013070 f   p5engine.obj
 0002:00002270       ?AddPlayer@@YA?AUadd_low_entity_result@@PEAUgame_state@@@Z 0000000180013270 f   p5engine.obj
 0002:00002640       ?AddStairs@@YA?AUadd_low_entity_result@@PEAUgame_state@@III@Z 0000000180013640 f   p5engine.obj
 0002:00002870       ?AddStandardRoom@@YA?AUadd_low_entity_result@@PEAUgame_state@@III@Z 0000000180013870 f   p5engine.obj
 0002:00002a60       ?AddSword@@YA?AUadd_low_entity_result@@PEAUgame_state@@@Z 0000000180013a60 f   p5engine.obj
 0002:00002bc0       ?AddWall@@YA?AUadd_low_entity_result@@PEAUgame_state@@III@Z 0000000180013bc0 f   p5engine.obj
 0002:00002f10       ?BeginSim@@YAPEAUsim_region@@PEAUmemory_arena@@PEAUgame_state@@PEAUworld@@Uworld_position@@Urectangle3@@M@Z 0000000180013f10 f   p5engine.obj
 0002:00003840       ?CanCollide@@YAHPEAUgame_state@@PEAUsim_entity@@1@Z 0000000180014840 f   p5engine.obj
 0002:00003a30       ?CanOverlap@@YAHPEAUgame_state@@PEAUsim_entity@@1@Z 0000000180014a30 f   p5engine.obj
 0002:00003bc0       ?ChangeEntityLocation@@YAXPEAUmemory_arena@@PEAUworld@@IPEAUlow_entity@@Uworld_position@@@Z 0000000180014bc0 f   p5engine.obj
 0002:00004850       ?ClearBitmap@@YAXPEAUloaded_bitmap@@@Z 0000000180015850 f   p5engine.obj
 0002:000048e0       ?ClearCollisionRulesFor@@YAXPEAUgame_state@@I@Z 00000001800158e0 f   p5engine.obj
 0002:00004a70       ?DEBUGLoadBMP@@YA?AUloaded_bitmap@@PEAUthread_context@@P6A?AUdebug_read_file_result@@0PEAD@Z1@Z 0000000180015a70 f   p5engine.obj
 0002:00005120       ?DrawBitmap@@YAXPEAUloaded_bitmap@@0MMM@Z 0000000180016120 f   p5engine.obj
 0002:00005720       ?DrawHitpoints@@YAXPEAUsim_entity@@PEAUentity_visible_piece_group@@@Z 0000000180016720 f   p5engine.obj
 0002:00005a20       ?DrawRectangle@@YAXPEAUloaded_bitmap@@Tv2@@1MMM@Z 0000000180016a20 f   p5engine.obj
 0002:00005cb0       ?EndSim@@YAXPEAUsim_region@@PEAUgame_state@@@Z 0000000180016cb0 f   p5engine.obj
 0002:00006140       ?EntitiesOverlap@@YAHPEAUsim_entity@@0Tv3@@@Z 0000000180017140 f   p5engine.obj
 0002:00006790       ?FillGroundChunk@@YAXPEAUtransient_state@@PEAUgame_state@@PEAUground_buffer@@PEAUworld_position@@@Z 0000000180017790 f   p5engine.obj
 0002:00006f90       ?GameOutputSound@@YAXPEAUgame_state@@PEAUgame_sound_output_buffer@@H@Z 0000000180017f90 f   p5engine.obj
 0002:00007280       ?GetHashFromStorageIndex@@YAPEAUsim_entity_hash@@PEAUsim_region@@I@Z 0000000180018280 f   p5engine.obj
 0002:00007c60       ?HandleCollision@@YAHPEAUgame_state@@PEAUsim_entity@@1@Z 0000000180018c60 f   p5engine.obj
 0002:00007d90       ?HandleOverlap@@YAXPEAUgame_state@@PEAUsim_entity@@1MPEAM@Z 0000000180018d90 f   p5engine.obj
 0002:00007ed0       ?InitHitPoints@@YAXPEAUlow_entity@@I@Z 0000000180018ed0 f   p5engine.obj
 0002:00008020       ?InitializeWorld@@YAXPEAUworld@@Tv3@@@Z 0000000180019020 f   p5engine.obj
 0002:00008880       ?MakeEmptyBitmap@@YA?AUloaded_bitmap@@PEAUmemory_arena@@HHH@Z 0000000180019880 f   p5engine.obj
 0002:00008b30       ?MakeNullCollision@@YAPEAUsim_entity_collision_volume_group@@PEAUgame_state@@@Z 0000000180019b30 f   p5engine.obj
 0002:00008c50       ?MakeSimpleGroundedCollision@@YAPEAUsim_entity_collision_volume_group@@PEAUgame_state@@MMM@Z 0000000180019c50 f   p5engine.obj
 0002:00008f70       ?MoveEntity@@YAXPEAUgame_state@@PEAUsim_region@@PEAUsim_entity@@MPEAUmove_spec@@Tv3@@@Z 0000000180019f70 f   p5engine.obj
 0002:0000c100       ?SpeculativeCollide@@YAHPEAUsim_entity@@0@Z 000000018001d100 f   p5engine.obj
 0002:0000c370       ?Subtract@@YA?ATv3@@PEAUworld@@PEAUworld_position@@1@Z 000000018001d370 f   p5engine.obj
 0002:0000fee0       $LN134                     0000000180020ee0     p5engine.obj
 0002:00011140       $$000000                   0000000180022140     MSVCRTD:chkstk.obj
 0002:000111c0       $$000000                   00000001800221c0     MSVCRTD:amdsecgs.obj
 0002:00011200       ?dllmain_crt_dispatch@@YAHQEAUHINSTANCE__@@KQEAX@Z 0000000180022200 f   MSVCRTD:dll_dllmain.obj
 0002:000112b0       ?dllmain_crt_process_attach@@YAHQEAUHINSTANCE__@@QEAX@Z 00000001800222b0 f   MSVCRTD:dll_dllmain.obj
 0002:00011440       ?dllmain_crt_process_detach@@YAH_N@Z 0000000180022440 f   MSVCRTD:dll_dllmain.obj
 0002:00011500       ?dllmain_dispatch@@YAHQEAUHINSTANCE__@@KQEAX@Z 0000000180022500 f   MSVCRTD:dll_dllmain.obj
 0002:00011690       ?dllmain_raw@@YAHQEAUHINSTANCE__@@KQEAX@Z 0000000180022690 f   MSVCRTD:dll_dllmain.obj
 0002:00011790       ?DebuggerProbe@@YA_NK@Z    0000000180022790 f   MSVCRTD:error.obj
 0002:000117e0       ?DebuggerRuntime@@YA_NKHPEAXPEB_W@Z 00000001800227e0 f   MSVCRTD:error.obj
 0002:00011b70       ?_getMemBlockDataString@@YAXPEAD0PEBD_K@Z 0000000180022b70 f   MSVCRTD:error.obj
 0002:00011c50       ?_strlen_priv@@YA_KPEBD@Z  0000000180022c50 f   MSVCRTD:error.obj
 0002:00011c70       ?failwithmessage@@YAXPEAXHHPEBD@Z 0000000180022c70 f   MSVCRTD:error.obj
 0002:00011f70       ?notify_debugger@@YAXAEBUtagEXCEPTION_VISUALCPP_DEBUG_INFO@@@Z 0000000180022f70 f   MSVCRTD:error.obj
 0002:000125d0       capture_current_context    00000001800235d0 f   MSVCRTD:gs_report.obj
 0002:00012690       capture_previous_context   0000000180023690 f   MSVCRTD:gs_report.obj
 0002:00012770       __get_entropy              0000000180023770 f   MSVCRTD:gs_support.obj
 0002:00012a20       ?find_pe_section@@YAPEAU_IMAGE_SECTION_HEADER@@QEAE_K@Z 0000000180023a20 f   MSVCRTD:utility.obj
 0002:00012b40       ?is_potentially_valid_image_base@@YA_NQEAX@Z 0000000180023b40 f   MSVCRTD:utility.obj
 0002:000138e0       __castguard_compat_check   00000001800248e0 f   MSVCRTD:guard_support.obj
 0002:00013ac0       __castguard_slow_path_compat_check 0000000180024ac0 f   MSVCRTD:guard_support.obj
 0002:00013bb0       ?GetPdbDll@@YAPEAUHINSTANCE__@@XZ 0000000180024bb0 f   MSVCRTD:pdblkup.obj
 0002:00013d50       ?GetPdbDllFromInstallPath@@YAPEAUHINSTANCE__@@XZ 0000000180024d50 f   MSVCRTD:pdblkup.obj
 0002:000140b0       ?GetPdbDllPathFromFilePath@@YAHPEB_WPEA_W_K@Z 00000001800250b0 f   MSVCRTD:pdblkup.obj
 0002:00016240       $$000000                   0000000180027240     MSVCRTD:guard_dispatch.obj
 0002:00016260       $$000000                   0000000180027260     MSVCRTD:guard_xfg_dispatch.obj
 0002:00017280       ?fin$0@?0??dllmain_crt_process_attach@@YAHQEAUHINSTANCE__@@QEAX@Z@4HA 0000000180028280 f   MSVCRTD:dll_dllmain.obj
 0002:000172a0       ?fin$0@?0??dllmain_crt_process_detach@@YAH_N@Z@4HA 00000001800282a0 f   MSVCRTD:dll_dllmain.obj
 0002:000172ba       ?fin$1@?0??dllmain_crt_process_detach@@YAH_N@Z@4HA 00000001800282ba f   MSVCRTD:dll_dllmain.obj
 0002:000172e0       ?filt$0@?0??dllmain_dispatch@@YAHQEAUHINSTANCE__@@KQEAX@Z@4HA 00000001800282e0 f   MSVCRTD:dll_dllmain.obj
 0002:00017340       ?filt$0@?0??notify_debugger@@YAXAEBUtagEXCEPTION_VISUALCPP_DEBUG_INFO@@@Z@4HA 0000000180028340 f   MSVCRTD:error.obj
 0002:00017370       __scrt_is_nonwritable_in_current_image$filt$0 0000000180028370 f   MSVCRTD:utility.obj
 0003:00000880       ?BeginTemporaryMemory@@YA?AUtemporary_memory@@PEAUmemory_arena@@@Z$rtcName$0 000000018002a880     p5engine.obj
 0003:00000890       ?BeginTemporaryMemory@@YA?AUtemporary_memory@@PEAUmemory_arena@@@Z$rtcVarDesc 000000018002a890     p5engine.obj
 0003:000008d0       ?BeginTemporaryMemory@@YA?AUtemporary_memory@@PEAUmemory_arena@@@Z$rtcFrameData 000000018002a8d0     p5engine.obj
 0003:00000900       ?FindLeastSignificantSetBit@@YA?AUbit_scan_result@@I@Z$rtcName$0 000000018002a900     p5engine.obj
 0003:00000910       ?FindLeastSignificantSetBit@@YA?AUbit_scan_result@@I@Z$rtcVarDesc 000000018002a910     p5engine.obj
 0003:00000950       ?FindLeastSignificantSetBit@@YA?AUbit_scan_result@@I@Z$rtcFrameData 000000018002a950     p5engine.obj
 0003:00000980       ?V2@@YA?ATv2@@MM@Z$rtcName$0 000000018002a980     p5engine.obj
 0003:00000990       ?V2@@YA?ATv2@@MM@Z$rtcVarDesc 000000018002a990     p5engine.obj
 0003:000009d0       ?V2@@YA?ATv2@@MM@Z$rtcFrameData 000000018002a9d0     p5engine.obj
 0003:00000a00       ?V2i@@YA?ATv2@@HH@Z$rtcName$0 000000018002aa00     p5engine.obj
 0003:00000a10       ?V2i@@YA?ATv2@@HH@Z$rtcVarDesc 000000018002aa10     p5engine.obj
 0003:00000a50       ?V2i@@YA?ATv2@@HH@Z$rtcFrameData 000000018002aa50     p5engine.obj
 0003:00000a80       ??D@YA?ATv2@@MT0@@Z$rtcName$0 000000018002aa80     p5engine.obj
 0003:00000a90       ??D@YA?ATv2@@MT0@@Z$rtcVarDesc 000000018002aa90     p5engine.obj
 0003:00000ad0       ??D@YA?ATv2@@MT0@@Z$rtcFrameData 000000018002aad0     p5engine.obj
 0003:00000b00       ??H@YA?ATv2@@T0@0@Z$rtcName$0 000000018002ab00     p5engine.obj
 0003:00000b10       ??H@YA?ATv2@@T0@0@Z$rtcVarDesc 000000018002ab10     p5engine.obj
 0003:00000b50       ??H@YA?ATv2@@T0@0@Z$rtcFrameData 000000018002ab50     p5engine.obj
 0003:00000b80       ??G@YA?ATv2@@T0@0@Z$rtcName$0 000000018002ab80     p5engine.obj
 0003:00000b90       ??G@YA?ATv2@@T0@0@Z$rtcVarDesc 000000018002ab90     p5engine.obj
 0003:00000bd0       ??G@YA?ATv2@@T0@0@Z$rtcFrameData 000000018002abd0     p5engine.obj
 0003:00000c00       ?Clamp01@@YA?ATv2@@T1@@Z$rtcName$0 000000018002ac00     p5engine.obj
 0003:00000c10       ?Clamp01@@YA?ATv2@@T1@@Z$rtcVarDesc 000000018002ac10     p5engine.obj
 0003:00000c50       ?Clamp01@@YA?ATv2@@T1@@Z$rtcFrameData 000000018002ac50     p5engine.obj
 0003:00000c80       ?V3@@YA?ATv3@@MMM@Z$rtcName$0 000000018002ac80     p5engine.obj
 0003:00000c90       ?V3@@YA?ATv3@@MMM@Z$rtcVarDesc 000000018002ac90     p5engine.obj
 0003:00000cd0       ?V3@@YA?ATv3@@MMM@Z$rtcFrameData 000000018002acd0     p5engine.obj
 0003:00000d00       ??D@YA?ATv3@@MT0@@Z$rtcName$0 000000018002ad00     p5engine.obj
 0003:00000d10       ??D@YA?ATv3@@MT0@@Z$rtcVarDesc 000000018002ad10     p5engine.obj
 0003:00000d50       ??D@YA?ATv3@@MT0@@Z$rtcFrameData 000000018002ad50     p5engine.obj
 0003:00000d80       ??D@YA?ATv3@@T0@M@Z$rtcName$0 000000018002ad80     p5engine.obj
 0003:00000d90       ??D@YA?ATv3@@T0@M@Z$rtcVarDesc 000000018002ad90     p5engine.obj
 0003:00000dd0       ??D@YA?ATv3@@T0@M@Z$rtcFrameData 000000018002add0     p5engine.obj
 0003:00000e00       ??H@YA?ATv3@@T0@0@Z$rtcName$0 000000018002ae00     p5engine.obj
 0003:00000e10       ??H@YA?ATv3@@T0@0@Z$rtcVarDesc 000000018002ae10     p5engine.obj
 0003:00000e50       ??H@YA?ATv3@@T0@0@Z$rtcFrameData 000000018002ae50     p5engine.obj
 0003:00000e80       ??G@YA?ATv3@@T0@0@Z$rtcName$0 000000018002ae80     p5engine.obj
 0003:00000e90       ??G@YA?ATv3@@T0@0@Z$rtcVarDesc 000000018002ae90     p5engine.obj
 0003:00000ed0       ??G@YA?ATv3@@T0@0@Z$rtcFrameData 000000018002aed0     p5engine.obj
 0003:00000f00       ?Hadamard@@YA?ATv3@@T1@0@Z$rtcName$0 000000018002af00     p5engine.obj
 0003:00000f10       ?Hadamard@@YA?ATv3@@T1@0@Z$rtcVarDesc 000000018002af10     p5engine.obj
 0003:00000f50       ?Hadamard@@YA?ATv3@@T1@0@Z$rtcFrameData 000000018002af50     p5engine.obj
 0003:00000f80       ?V4@@YA?ATv4@@MMMM@Z$rtcName$0 000000018002af80     p5engine.obj
 0003:00000f90       ?V4@@YA?ATv4@@MMMM@Z$rtcVarDesc 000000018002af90     p5engine.obj
 0003:00000fd0       ?V4@@YA?ATv4@@MMMM@Z$rtcFrameData 000000018002afd0     p5engine.obj
 0003:00001000       ?RectCenterHalfDim@@YA?AUrectangle2@@Tv2@@0@Z$rtcName$0 000000018002b000     p5engine.obj
 0003:00001010       ?RectCenterHalfDim@@YA?AUrectangle2@@Tv2@@0@Z$rtcVarDesc 000000018002b010     p5engine.obj
 0003:00001050       ?RectCenterHalfDim@@YA?AUrectangle2@@Tv2@@0@Z$rtcFrameData 000000018002b050     p5engine.obj
 0003:00001080       ?RectCenterDim@@YA?AUrectangle2@@Tv2@@0@Z$rtcName$0 000000018002b080     p5engine.obj
 0003:00001090       ?RectCenterDim@@YA?AUrectangle2@@Tv2@@0@Z$rtcVarDesc 000000018002b090     p5engine.obj
 0003:000010d0       ?RectCenterDim@@YA?AUrectangle2@@Tv2@@0@Z$rtcFrameData 000000018002b0d0     p5engine.obj
 0003:00001100       ?GetBarycentric@@YA?ATv2@@Urectangle2@@T1@@Z$rtcName$0 000000018002b100     p5engine.obj
 0003:00001110       ?GetBarycentric@@YA?ATv2@@Urectangle2@@T1@@Z$rtcVarDesc 000000018002b110     p5engine.obj
 0003:00001150       ?GetBarycentric@@YA?ATv2@@Urectangle2@@T1@@Z$rtcFrameData 000000018002b150     p5engine.obj
 0003:00001180       ?GetMinCorner@@YA?ATv3@@Urectangle3@@@Z$rtcName$0 000000018002b180     p5engine.obj
 0003:00001190       ?GetMinCorner@@YA?ATv3@@Urectangle3@@@Z$rtcVarDesc 000000018002b190     p5engine.obj
 0003:000011d0       ?GetMinCorner@@YA?ATv3@@Urectangle3@@@Z$rtcFrameData 000000018002b1d0     p5engine.obj
 0003:00001200       ?GetMaxCorner@@YA?ATv3@@Urectangle3@@@Z$rtcName$0 000000018002b200     p5engine.obj
 0003:00001210       ?GetMaxCorner@@YA?ATv3@@Urectangle3@@@Z$rtcVarDesc 000000018002b210     p5engine.obj
 0003:00001250       ?GetMaxCorner@@YA?ATv3@@Urectangle3@@@Z$rtcFrameData 000000018002b250     p5engine.obj
 0003:00001280       ?RectCenterHalfDim@@YA?AUrectangle3@@Tv3@@0@Z$rtcName$0 000000018002b280     p5engine.obj
 0003:00001290       ?RectCenterHalfDim@@YA?AUrectangle3@@Tv3@@0@Z$rtcVarDesc 000000018002b290     p5engine.obj
 0003:000012d0       ?RectCenterHalfDim@@YA?AUrectangle3@@Tv3@@0@Z$rtcFrameData 000000018002b2d0     p5engine.obj
 0003:00001300       ?AddRadiusTo@@YA?AUrectangle3@@U1@Tv3@@@Z$rtcName$0 000000018002b300     p5engine.obj
 0003:00001310       ?AddRadiusTo@@YA?AUrectangle3@@U1@Tv3@@@Z$rtcVarDesc 000000018002b310     p5engine.obj
 0003:00001350       ?AddRadiusTo@@YA?AUrectangle3@@U1@Tv3@@@Z$rtcFrameData 000000018002b350     p5engine.obj
 0003:00001380       ?RectCenterDim@@YA?AUrectangle3@@Tv3@@0@Z$rtcName$0 000000018002b380     p5engine.obj
 0003:00001390       ?RectCenterDim@@YA?AUrectangle3@@Tv3@@0@Z$rtcVarDesc 000000018002b390     p5engine.obj
 0003:000013d0       ?RectCenterDim@@YA?AUrectangle3@@Tv3@@0@Z$rtcFrameData 000000018002b3d0     p5engine.obj
 0003:00001400       ?GetEntityGroundPoint@@YA?ATv3@@PEAUsim_entity@@@Z$rtcName$0 000000018002b400     p5engine.obj
 0003:00001410       ?GetEntityGroundPoint@@YA?ATv3@@PEAUsim_entity@@@Z$rtcVarDesc 000000018002b410     p5engine.obj
 0003:00001450       ?GetEntityGroundPoint@@YA?ATv3@@PEAUsim_entity@@@Z$rtcFrameData 000000018002b450     p5engine.obj
 0003:00001480       ?GetStairGround@@YAMPEAUsim_entity@@Tv3@@@Z$rtcName$0 000000018002b480     p5engine.obj
 0003:0000148c       ?GetStairGround@@YAMPEAUsim_entity@@Tv3@@@Z$rtcName$1 000000018002b48c     p5engine.obj
 0003:000014a0       ?GetStairGround@@YAMPEAUsim_entity@@Tv3@@@Z$rtcVarDesc 000000018002b4a0     p5engine.obj
 0003:00001520       ?GetStairGround@@YAMPEAUsim_entity@@Tv3@@@Z$rtcFrameData 000000018002b520     p5engine.obj
 0003:00001560       ?NullPosition@@YA?AUworld_position@@XZ$rtcName$0 000000018002b560     p5engine.obj
 0003:00001570       ?NullPosition@@YA?AUworld_position@@XZ$rtcVarDesc 000000018002b570     p5engine.obj
 0003:000015b0       ?NullPosition@@YA?AUworld_position@@XZ$rtcFrameData 000000018002b5b0     p5engine.obj
 0003:000015e0       ?MapIntoChunkSpace@@YA?AUworld_position@@PEAUworld@@U1@Tv3@@@Z$rtcName$0 000000018002b5e0     p5engine.obj
 0003:000015f0       ?MapIntoChunkSpace@@YA?AUworld_position@@PEAUworld@@U1@Tv3@@@Z$rtcVarDesc 000000018002b5f0     p5engine.obj
 0003:00001630       ?MapIntoChunkSpace@@YA?AUworld_position@@PEAUworld@@U1@Tv3@@@Z$rtcFrameData 000000018002b630     p5engine.obj
 0003:00001660       ?ChunkPositionFromTilePosition@@YA?AUworld_position@@PEAUworld@@HHHTv3@@@Z$rtcName$0 000000018002b660     p5engine.obj
 0003:00001668       ?ChunkPositionFromTilePosition@@YA?AUworld_position@@PEAUworld@@HHHTv3@@@Z$rtcName$1 000000018002b668     p5engine.obj
 0003:00001670       ?ChunkPositionFromTilePosition@@YA?AUworld_position@@PEAUworld@@HHHTv3@@@Z$rtcName$2 000000018002b670     p5engine.obj
 0003:00001678       ?ChunkPositionFromTilePosition@@YA?AUworld_position@@PEAUworld@@HHHTv3@@@Z$rtcName$3 000000018002b678     p5engine.obj
 0003:00001680       ?ChunkPositionFromTilePosition@@YA?AUworld_position@@PEAUworld@@HHHTv3@@@Z$rtcVarDesc 000000018002b680     p5engine.obj
 0003:00001780       ?ChunkPositionFromTilePosition@@YA?AUworld_position@@PEAUworld@@HHHTv3@@@Z$rtcFrameData 000000018002b780     p5engine.obj
 0003:000017d0       ?Subtract@@YA?ATv3@@PEAUworld@@PEAUworld_position@@1@Z$rtcName$0 000000018002b7d0     p5engine.obj
 0003:000017d8       ?Subtract@@YA?ATv3@@PEAUworld@@PEAUworld_position@@1@Z$rtcName$1 000000018002b7d8     p5engine.obj
 0003:000017e0       ?Subtract@@YA?ATv3@@PEAUworld@@PEAUworld_position@@1@Z$rtcVarDesc 000000018002b7e0     p5engine.obj
 0003:00001860       ?Subtract@@YA?ATv3@@PEAUworld@@PEAUworld_position@@1@Z$rtcFrameData 000000018002b860     p5engine.obj
 0003:00001890       ?CenteredChunkPoint@@YA?AUworld_position@@III@Z$rtcName$0 000000018002b890     p5engine.obj
 0003:000018a0       ?CenteredChunkPoint@@YA?AUworld_position@@III@Z$rtcVarDesc 000000018002b8a0     p5engine.obj
 0003:000018e0       ?CenteredChunkPoint@@YA?AUworld_position@@III@Z$rtcFrameData 000000018002b8e0     p5engine.obj
 0003:00001910       ?GetSimSpacePos@@YA?ATv3@@PEAUsim_region@@PEAUlow_entity@@@Z$rtcName$0 000000018002b910     p5engine.obj
 0003:00001920       ?GetSimSpacePos@@YA?ATv3@@PEAUsim_region@@PEAUlow_entity@@@Z$rtcVarDesc 000000018002b920     p5engine.obj
 0003:00001960       ?GetSimSpacePos@@YA?ATv3@@PEAUsim_region@@PEAUlow_entity@@@Z$rtcFrameData 000000018002b960     p5engine.obj
 0003:00001990       ?LoadEntityReference@@YAXPEAUgame_state@@PEAUsim_region@@PEATentity_reference@@@Z$rtcName$0 000000018002b990     p5engine.obj
 0003:000019a0       ?LoadEntityReference@@YAXPEAUgame_state@@PEAUsim_region@@PEATentity_reference@@@Z$rtcVarDesc 000000018002b9a0     p5engine.obj
 0003:000019e0       ?LoadEntityReference@@YAXPEAUgame_state@@PEAUsim_region@@PEATentity_reference@@@Z$rtcFrameData 000000018002b9e0     p5engine.obj
 0003:00001a10       ?EntityOverlapsRectangle@@YAHTv3@@Usim_entity_collision_volume@@Urectangle3@@@Z$rtcName$0 000000018002ba10     p5engine.obj
 0003:00001a20       ?EntityOverlapsRectangle@@YAHTv3@@Usim_entity_collision_volume@@Urectangle3@@@Z$rtcVarDesc 000000018002ba20     p5engine.obj
 0003:00001a60       ?EntityOverlapsRectangle@@YAHTv3@@Usim_entity_collision_volume@@Urectangle3@@@Z$rtcFrameData 000000018002ba60     p5engine.obj
 0003:00001a90       ?BeginSim@@YAPEAUsim_region@@PEAUmemory_arena@@PEAUgame_state@@PEAUworld@@Uworld_position@@Urectangle3@@M@Z$rtcName$0 000000018002ba90     p5engine.obj
 0003:00001aa0       ?BeginSim@@YAPEAUsim_region@@PEAUmemory_arena@@PEAUgame_state@@PEAUworld@@Uworld_position@@Urectangle3@@M@Z$rtcName$1 000000018002baa0     p5engine.obj
 0003:00001ab0       ?BeginSim@@YAPEAUsim_region@@PEAUmemory_arena@@PEAUgame_state@@PEAUworld@@Uworld_position@@Urectangle3@@M@Z$rtcName$2 000000018002bab0     p5engine.obj
 0003:00001ac0       ?BeginSim@@YAPEAUsim_region@@PEAUmemory_arena@@PEAUgame_state@@PEAUworld@@Uworld_position@@Urectangle3@@M@Z$rtcVarDesc 000000018002bac0     p5engine.obj
 0003:00001b80       ?BeginSim@@YAPEAUsim_region@@PEAUmemory_arena@@PEAUgame_state@@PEAUworld@@Uworld_position@@Urectangle3@@M@Z$rtcFrameData 000000018002bb80     p5engine.obj
 0003:00001bd0       ?EndSim@@YAXPEAUsim_region@@PEAUgame_state@@@Z$rtcName$0 000000018002bbd0     p5engine.obj
 0003:00001bd8       ?EndSim@@YAXPEAUsim_region@@PEAUgame_state@@@Z$rtcName$1 000000018002bbd8     p5engine.obj
 0003:00001bf0       ?EndSim@@YAXPEAUsim_region@@PEAUgame_state@@@Z$rtcVarDesc 000000018002bbf0     p5engine.obj
 0003:00001c70       ?EndSim@@YAXPEAUsim_region@@PEAUgame_state@@@Z$rtcFrameData 000000018002bc70     p5engine.obj
 0003:00001cb0       ?SpeculativeCollide@@YAHPEAUsim_entity@@0@Z$rtcName$0 000000018002bcb0     p5engine.obj
 0003:00001cd0       ?SpeculativeCollide@@YAHPEAUsim_entity@@0@Z$rtcVarDesc 000000018002bcd0     p5engine.obj
 0003:00001d10       ?SpeculativeCollide@@YAHPEAUsim_entity@@0@Z$rtcFrameData 000000018002bd10     p5engine.obj
 0003:00001d40       ?EntitiesOverlap@@YAHPEAUsim_entity@@0Tv3@@@Z$rtcName$0 000000018002bd40     p5engine.obj
 0003:00001d50       ?EntitiesOverlap@@YAHPEAUsim_entity@@0Tv3@@@Z$rtcName$1 000000018002bd50     p5engine.obj
 0003:00001d60       ?EntitiesOverlap@@YAHPEAUsim_entity@@0Tv3@@@Z$rtcVarDesc 000000018002bd60     p5engine.obj
 0003:00001de0       ?EntitiesOverlap@@YAHPEAUsim_entity@@0Tv3@@@Z$rtcFrameData 000000018002bde0     p5engine.obj
 0003:00001e20       ?MoveEntity@@YAXPEAUgame_state@@PEAUsim_region@@PEAUsim_entity@@MPEAUmove_spec@@Tv3@@@Z$rtcName$0 000000018002be20     p5engine.obj
[...]
 0003:0000627c       $unwind$?LoadEntityReference@@YAXPEAUgame_state@@PEAUsim_region@@PEATentity_reference@@@Z 000000018003027c     p5engine.obj
 0003:00006298       $unwind$?StoreEntityReference@@YAXPEATentity_reference@@@Z 0000000180030298     p5engine.obj
 0003:000062ac       $unwind$?AddEntityRaw@@YAPEAUsim_entity@@PEAUgame_state@@PEAUsim_region@@IPEAUlow_entity@@@Z 00000001800302ac     p5engine.obj
 0003:000062c0       $unwind$?EntityOverlapsRectangle@@YAHTv3@@Usim_entity_collision_volume@@Urectangle3@@@Z 00000001800302c0     p5engine.obj
 0003:000062d4       $unwind$?BeginSim@@YAPEAUsim_region@@PEAUmemory_arena@@PEAUgame_state@@PEAUworld@@Uworld_position@@Urectangle3@@M@Z 00000001800302d4     p5engine.obj
 0003:000062f0       $unwind$?EndSim@@YAXPEAUsim_region@@PEAUgame_state@@@Z 00000001800302f0     p5engine.obj
 0003:0000630c       $unwind$?CanCollide@@YAHPEAUgame_state@@PEAUsim_entity@@1@Z 000000018003030c     p5engine.obj
 0003:00006320       $unwind$?HandleCollision@@YAHPEAUgame_state@@PEAUsim_entity@@1@Z 0000000180030320     p5engine.obj
 0003:00006334       $unwind$?CanOverlap@@YAHPEAUgame_state@@PEAUsim_entity@@1@Z 0000000180030334     p5engine.obj
 0003:00006348       $unwind$?HandleOverlap@@YAXPEAUgame_state@@PEAUsim_entity@@1MPEAM@Z 0000000180030348     p5engine.obj
 0003:0000635c       $unwind$?SpeculativeCollide@@YAHPEAUsim_entity@@0@Z 000000018003035c     p5engine.obj
 0003:00006370       $unwind$?EntitiesOverlap@@YAHPEAUsim_entity@@0Tv3@@@Z 0000000180030370     p5engine.obj
 0003:00006384       $unwind$?MoveEntity@@YAXPEAUgame_state@@PEAUsim_region@@PEAUsim_entity@@MPEAUmove_spec@@Tv3@@@Z 0000000180030384     p5engine.obj
 0003:000063a0       $unwind$?DefaultMoveSpec@@YA?AUmove_spec@@XZ 00000001800303a0     p5engine.obj
 0003:000063bc       $unwind$?RandomSeed@@YA?AUrandom_series@@I@Z 00000001800303bc     p5engine.obj
 0003:000063d8       $unwind$?RandomNextUInt32@@YAIPEAUrandom_series@@@Z 00000001800303d8     p5engine.obj
 0003:000063ec       $unwind$?RandomChoice@@YAIPEAUrandom_series@@I@Z 00000001800303ec     p5engine.obj
 0003:00006400       $unwind$?RandomUnilateral@@YAMPEAUrandom_series@@@Z 0000000180030400     p5engine.obj
 0003:00006414       $unwind$?GameOutputSound@@YAXPEAUgame_state@@PEAUgame_sound_output_buffer@@H@Z 0000000180030414     p5engine.obj
 0003:00006428       $unwind$?DrawRectangle@@YAXPEAUloaded_bitmap@@Tv2@@1MMM@Z 0000000180030428     p5engine.obj
 0003:0000643c       $unwind$?DrawBitmap@@YAXPEAUloaded_bitmap@@0MMM@Z 000000018003043c     p5engine.obj
 0003:00006450       $unwind$?DEBUGLoadBMP@@YA?AUloaded_bitmap@@PEAUthread_context@@P6A?AUdebug_read_file_result@@0PEAD@Z1@Z 0000000180030450     p5engine.obj
 0003:0000646c       $unwind$?AddLowEntity@@YA?AUadd_low_entity_result@@PEAUgame_state@@W4entity_type@@Uworld_position@@@Z 000000018003046c     p5engine.obj
 0003:00006488       $unwind$?AddGroundedEntity@@YA?AUadd_low_entity_result@@PEAUgame_state@@W4entity_type@@Uworld_position@@PEAUsim_entity_collision_volume_group@@@Z 0000000180030488     p5engine.obj
 0003:0000649c       $unwind$?AddStandardRoom@@YA?AUadd_low_entity_result@@PEAUgame_state@@III@Z 000000018003049c     p5engine.obj
 0003:000064b0       $unwind$?AddWall@@YA?AUadd_low_entity_result@@PEAUgame_state@@III@Z 00000001800304b0     p5engine.obj
 0003:000064c4       $unwind$?AddStairs@@YA?AUadd_low_entity_result@@PEAUgame_state@@III@Z 00000001800304c4     p5engine.obj
 0003:000064d8       $unwind$?InitHitPoints@@YAXPEAUlow_entity@@I@Z 00000001800304d8     p5engine.obj
 0003:000064ec       $unwind$?AddSword@@YA?AUadd_low_entity_result@@PEAUgame_state@@@Z 00000001800304ec     p5engine.obj
 0003:00006500       $unwind$?AddPlayer@@YA?AUadd_low_entity_result@@PEAUgame_state@@@Z 0000000180030500     p5engine.obj
 0003:00006514       $unwind$?AddMonstar@@YA?AUadd_low_entity_result@@PEAUgame_state@@III@Z 0000000180030514     p5engine.obj
 0003:00006528       $unwind$?AddFamiliar@@YA?AUadd_low_entity_result@@PEAUgame_state@@III@Z 0000000180030528     p5engine.obj
 0003:0000653c       $unwind$?PushPiece@@YAXPEAUentity_visible_piece_group@@PEAUloaded_bitmap@@Tv2@@2M2Tv4@@M@Z 000000018003053c     p5engine.obj
 0003:00006550       $unwind$?PushBitmap@@YAXPEAUentity_visible_piece_group@@PEAUloaded_bitmap@@Tv2@@M2MM@Z 0000000180030550     p5engine.obj
 0003:00006564       $unwind$?PushRect@@YAXPEAUentity_visible_piece_group@@Tv2@@M1Tv4@@M@Z 0000000180030564     p5engine.obj
 0003:00006578       $unwind$?DrawHitpoints@@YAXPEAUsim_entity@@PEAUentity_visible_piece_group@@@Z 0000000180030578     p5engine.obj
 0003:00006594       $unwind$?MakeSimpleGroundedCollision@@YAPEAUsim_entity_collision_volume_group@@PEAUgame_state@@MMM@Z 0000000180030594     p5engine.obj
 0003:000065a8       $unwind$?MakeNullCollision@@YAPEAUsim_entity_collision_volume_group@@PEAUgame_state@@@Z 00000001800305a8     p5engine.obj
 0003:000065bc       $unwind$?FillGroundChunk@@YAXPEAUtransient_state@@PEAUgame_state@@PEAUground_buffer@@PEAUworld_position@@@Z 00000001800305bc     p5engine.obj
 0003:000065d8       $unwind$?ClearBitmap@@YAXPEAUloaded_bitmap@@@Z 00000001800305d8     p5engine.obj
 0003:000065ec       $unwind$?MakeEmptyBitmap@@YA?AUloaded_bitmap@@PEAUmemory_arena@@HHH@Z 00000001800305ec     p5engine.obj
 0003:00006608       $unwind$GameUpdateAndRender 0000000180030608     p5engine.obj
 0003:00006624       $unwind$GameGetSoundSamples 0000000180030624     p5engine.obj
 0003:00006638       $unwind$_RTC_CheckStackVars 0000000180030638     MSVCRTD:stack.obj
 0003:0000664c       $chain$0$_RTC_CheckStackVars 000000018003064c     MSVCRTD:stack.obj
 0003:00006664       $chain$1$_RTC_CheckStackVars 0000000180030664     MSVCRTD:stack.obj
 0003:00006678       $unwind$_RTC_CheckStackVars2 0000000180030678     MSVCRTD:stack.obj
 0003:00006688       $chain$1$_RTC_CheckStackVars2 0000000180030688     MSVCRTD:stack.obj
 0003:000066a4       $chain$2$_RTC_CheckStackVars2 00000001800306a4     MSVCRTD:stack.obj
 0003:000066bc       $chain$3$_RTC_CheckStackVars2 00000001800306bc     MSVCRTD:stack.obj
 0003:000066d4       $chain$4$_RTC_CheckStackVars2 00000001800306d4     MSVCRTD:stack.obj
 0003:000066e8       $chain$5$_RTC_CheckStackVars2 00000001800306e8     MSVCRTD:stack.obj
 0003:000066fc       $chain$6$_RTC_CheckStackVars2 00000001800306fc     MSVCRTD:stack.obj
 0003:00006710       $unwind$_RTC_AllocaHelper  0000000180030710     MSVCRTD:stack.obj
 0003:00006718       $chain$0$_RTC_AllocaHelper 0000000180030718     MSVCRTD:stack.obj
 0003:00006730       $chain$1$_RTC_AllocaHelper 0000000180030730     MSVCRTD:stack.obj
 0003:00006744       $unwind$_RTC_Shutdown      0000000180030744     MSVCRTD:init.obj
 0003:0000674c       $unwind$_RTC_InitBase      000000018003074c     MSVCRTD:init.obj
 0003:00006754       $unwind$__CheckForDebuggerJustMyCode 0000000180030754     MSVCRTD:debugger_jmc.obj
 0003:0000675c       $unwind$__GSHandlerCheckCommon 000000018003075c     MSVCRTD:gshandler.obj
 0003:00006764       $unwind$__GSHandlerCheck   0000000180030764     MSVCRTD:gshandler.obj
 0003:00006770       $xdatasym                  0000000180030770     MSVCRTD:chkstk.obj
 0003:00006778       $xdatasym                  0000000180030778     MSVCRTD:amdsecgs.obj
 0003:0000677c       $unwind$?dllmain_crt_process_attach@@YAHQEAUHINSTANCE__@@QEAX@Z 000000018003077c     MSVCRTD:dll_dllmain.obj
 0003:000067a0       $unwind$?fin$0@?0??dllmain_crt_process_attach@@YAHQEAUHINSTANCE__@@QEAX@Z@4HA 00000001800307a0     MSVCRTD:dll_dllmain.obj
 0003:000067a8       $unwind$?dllmain_crt_process_detach@@YAH_N@Z 00000001800307a8     MSVCRTD:dll_dllmain.obj
 0003:000067dc       $unwind$?fin$0@?0??dllmain_crt_process_detach@@YAH_N@Z@4HA 00000001800307dc     MSVCRTD:dll_dllmain.obj
 0003:000067e4       $unwind$?fin$1@?0??dllmain_crt_process_detach@@YAH_N@Z@4HA 00000001800307e4     MSVCRTD:dll_dllmain.obj
 0003:000067ec       $unwind$?dllmain_crt_dispatch@@YAHQEAUHINSTANCE__@@KQEAX@Z 00000001800307ec     MSVCRTD:dll_dllmain.obj
 0003:000067f4       $unwind$_CRT_INIT          00000001800307f4     MSVCRTD:dll_dllmain.obj
 0003:000067fc       $unwind$?dllmain_raw@@YAHQEAUHINSTANCE__@@KQEAX@Z 00000001800307fc     MSVCRTD:dll_dllmain.obj
 0003:00006804       $unwind$?dllmain_dispatch@@YAHQEAUHINSTANCE__@@KQEAX@Z 0000000180030804     MSVCRTD:dll_dllmain.obj
 0003:00006828       $unwind$?filt$0@?0??dllmain_dispatch@@YAHQEAUHINSTANCE__@@KQEAX@Z@4HA 0000000180030828     MSVCRTD:dll_dllmain.obj
 0003:00006830       $unwind$_DllMainCRTStartup 0000000180030830     MSVCRTD:dll_dllmain.obj
 0003:00006838       $unwind$_RTC_UninitUse     0000000180030838     MSVCRTD:error.obj
 0003:00006854       $unwind$?_RTC_StackFailure@@YAXPEAXPEBD@Z 0000000180030854     MSVCRTD:error.obj
 0003:00006874       $unwind$?_RTC_AllocaFailure@@YAXPEAXPEAU_RTC_ALLOCA_NODE@@H@Z 0000000180030874     MSVCRTD:error.obj
 0003:00006890       $chain$0$?_RTC_AllocaFailure@@YAXPEAXPEAU_RTC_ALLOCA_NODE@@H@Z 0000000180030890     MSVCRTD:error.obj
 0003:000068a8       $chain$1$?_RTC_AllocaFailure@@YAXPEAXPEAU_RTC_ALLOCA_NODE@@H@Z 00000001800308a8     MSVCRTD:error.obj
 0003:000068bc       $unwind$_vsprintf_s_l      00000001800308bc     MSVCRTD:error.obj
 0003:000068d4       $unwind$sprintf_s          00000001800308d4     MSVCRTD:error.obj
 0003:000068dc       $unwind$?notify_debugger@@YAXAEBUtagEXCEPTION_VISUALCPP_DEBUG_INFO@@@Z 00000001800308dc     MSVCRTD:error.obj
 0003:00006900       $unwind$?filt$0@?0??notify_debugger@@YAXAEBUtagEXCEPTION_VISUALCPP_DEBUG_INFO@@@Z@4HA 0000000180030900     MSVCRTD:error.obj
 0003:00006908       $unwind$?DebuggerProbe@@YA_NK@Z 0000000180030908     MSVCRTD:error.obj
 0003:00006910       $unwind$?DebuggerRuntime@@YA_NKHPEAXPEB_W@Z 0000000180030910     MSVCRTD:error.obj
 0003:00006918       $unwind$?failwithmessage@@YAXPEAXHHPEBD@Z 0000000180030918     MSVCRTD:error.obj
 0003:00006940       $unwind$?_getMemBlockDataString@@YAXPEAD0PEBD_K@Z 0000000180030940     MSVCRTD:error.obj
 0003:00006954       $chain$3$?_getMemBlockDataString@@YAXPEAD0PEBD_K@Z 0000000180030954     MSVCRTD:error.obj
 0003:00006978       $chain$4$?_getMemBlockDataString@@YAXPEAD0PEBD_K@Z 0000000180030978     MSVCRTD:error.obj
 0003:0000698c       $unwind$__report_securityfailure 000000018003098c     MSVCRTD:gs_report.obj
 0003:00006994       $unwind$__report_securityfailureEx 0000000180030994     MSVCRTD:gs_report.obj
 0003:0000699c       $unwind$__report_rangecheckfailure 000000018003099c     MSVCRTD:gs_report.obj
 0003:000069a4       $unwind$__report_gsfailure 00000001800309a4     MSVCRTD:gs_report.obj
 0003:000069ac       $unwind$capture_current_context 00000001800309ac     MSVCRTD:gs_report.obj
 0003:000069b4       $unwind$capture_previous_context 00000001800309b4     MSVCRTD:gs_report.obj
 0003:000069bc       $unwind$__raise_securityfailure 00000001800309bc     MSVCRTD:gs_report.obj
 0003:000069c4       $unwind$__security_init_cookie 00000001800309c4     MSVCRTD:gs_support.obj
 0003:000069cc       $unwind$__get_entropy      00000001800309cc     MSVCRTD:gs_support.obj
 0003:000069d4       $unwind$DllMain            00000001800309d4     MSVCRTD:dll_dllmain_stub.obj
 0003:000069dc       $unwind$?__scrt_initialize_type_info@@YAXXZ 00000001800309dc     MSVCRTD:tncleanup.obj
 0003:000069e4       $unwind$?__scrt_uninitialize_type_info@@YAXXZ 00000001800309e4     MSVCRTD:tncleanup.obj
 0003:000069ec       $unwind$__scrt_initialize_default_local_stdio_options 00000001800309ec     MSVCRTD:default_local_stdio_options.obj
 0003:000069f4       $unwind$atexit             00000001800309f4     MSVCRTD:utility.obj
 0003:000069fc       $unwind$_onexit            00000001800309fc     MSVCRTD:utility.obj
 0003:00006a04       $unwind$at_quick_exit      0000000180030a04     MSVCRTD:utility.obj
 0003:00006a0c       $unwind$__scrt_is_nonwritable_in_current_image 0000000180030a0c     MSVCRTD:utility.obj
 0003:00006a30       $unwind$__scrt_is_nonwritable_in_current_image$filt$0 0000000180030a30     MSVCRTD:utility.obj
 0003:00006a38       $unwind$__scrt_acquire_startup_lock 0000000180030a38     MSVCRTD:utility.obj
 0003:00006a40       $unwind$__scrt_release_startup_lock 0000000180030a40     MSVCRTD:utility.obj
 0003:00006a48       $unwind$__scrt_initialize_crt 0000000180030a48     MSVCRTD:utility.obj
 0003:00006a50       $unwind$__scrt_uninitialize_crt 0000000180030a50     MSVCRTD:utility.obj
 0003:00006a58       $unwind$__scrt_initialize_onexit_tables 0000000180030a58     MSVCRTD:utility.obj
 0003:00006a68       $unwind$__scrt_dllmain_exception_filter 0000000180030a68     MSVCRTD:utility.obj
 0003:00006a70       $unwind$__scrt_dllmain_before_initialize_c 0000000180030a70     MSVCRTD:utility.obj
 0003:00006a78       $unwind$__scrt_dllmain_after_initialize_c 0000000180030a78     MSVCRTD:utility.obj
 0003:00006a80       $unwind$__scrt_dllmain_uninitialize_c 0000000180030a80     MSVCRTD:utility.obj
 0003:00006a88       $unwind$__scrt_dllmain_uninitialize_critical 0000000180030a88     MSVCRTD:utility.obj
 0003:00006a90       $unwind$__scrt_dllmain_crt_thread_attach 0000000180030a90     MSVCRTD:utility.obj
 0003:00006a98       $unwind$__scrt_dllmain_crt_thread_detach 0000000180030a98     MSVCRTD:utility.obj
 0003:00006aa0       $unwind$?configure_argv@__scrt_narrow_argv_policy@@SAHXZ 0000000180030aa0     MSVCRTD:utility.obj
 0003:00006aa8       $unwind$?initialize_environment@__scrt_narrow_environment_policy@@SAHXZ 0000000180030aa8     MSVCRTD:utility.obj
 0003:00006ab0       $unwind$?is_potentially_valid_image_base@@YA_NQEAX@Z 0000000180030ab0     MSVCRTD:utility.obj
 0003:00006ab8       $unwind$?find_pe_section@@YAPEAU_IMAGE_SECTION_HEADER@@QEAE_K@Z 0000000180030ab8     MSVCRTD:utility.obj
 0003:00006ac0       $unwind$__scrt_get_show_window_mode 0000000180030ac0     MSVCRTD:utility_desktop.obj
 0003:00006ad0       $unwind$__scrt_is_managed_app 0000000180030ad0     MSVCRTD:utility_desktop.obj
 0003:00006ad8       $unwind$__scrt_initialize_mta 0000000180030ad8     MSVCRTD:utility_desktop.obj
 0003:00006ae0       $unwind$__scrt_set_unhandled_exception_filter 0000000180030ae0     MSVCRTD:utility_desktop.obj
 0003:00006ae8       $unwind$__scrt_fastfail    0000000180030ae8     MSVCRTD:utility_desktop.obj
 0003:00006af8       $unwind$__scrt_unhandled_exception_filter 0000000180030af8     MSVCRTD:utility_desktop.obj
 0003:00006b00       $unwind$_RTC_Initialize    0000000180030b00     MSVCRTD:initsect.obj
 0003:00006b10       $unwind$_RTC_Terminate     0000000180030b10     MSVCRTD:initsect.obj
 0003:00006b20       $unwind$ReadNoFence64      0000000180030b20     MSVCRTD:guard_support.obj
 0003:00006b28       $unwind$ReadPointerNoFence 0000000180030b28     MSVCRTD:guard_support.obj
 0003:00006b30       $unwind$_guard_icall_checks_enforced 0000000180030b30     MSVCRTD:guard_support.obj
 0003:00006b38       $unwind$__castguard_compat_check 0000000180030b38     MSVCRTD:guard_support.obj
 0003:00006b40       $unwind$__castguard_check_failure_debugbreak 0000000180030b40     MSVCRTD:guard_support.obj
 0003:00006b48       $unwind$__castguard_check_failure_fastfail 0000000180030b48     MSVCRTD:guard_support.obj
 0003:00006b50       $unwind$__castguard_check_failure_os_handled 0000000180030b50     MSVCRTD:guard_support.obj
 0003:00006b58       $unwind$__castguard_slow_path_compat_check 0000000180030b58     MSVCRTD:guard_support.obj
 0003:00006b60       $unwind$__castguard_slow_path_check_debugbreak 0000000180030b60     MSVCRTD:guard_support.obj
 0003:00006b68       $unwind$__castguard_slow_path_check_fastfail 0000000180030b68     MSVCRTD:guard_support.obj
 0003:00006b70       $unwind$__castguard_slow_path_check_os_handled 0000000180030b70     MSVCRTD:guard_support.obj
 0003:00006b78       $unwind$?_RTC_GetSrcLine@@YAHPEAEPEA_WKPEAH1K@Z 0000000180030b78     MSVCRTD:pdblkup.obj
 0003:00006b94       $unwind$?GetPdbDllFromInstallPath@@YAPEAUHINSTANCE__@@XZ 0000000180030b94     MSVCRTD:pdblkup.obj
 0003:00006bbc       $unwind$?GetPdbDllPathFromFilePath@@YAHPEB_WPEA_W_K@Z 0000000180030bbc     MSVCRTD:pdblkup.obj
 0003:00006bd8       $unwind$?GetPdbDll@@YAPEAUHINSTANCE__@@XZ 0000000180030bd8     MSVCRTD:pdblkup.obj
 0003:00006bec       $unwind$__isa_available_init 0000000180030bec     MSVCRTD:cpu_disp.obj
 0003:00006c00       $unwind$__scrt_is_ucrt_dll_in_use 0000000180030c00     MSVCRTD:ucrt_detection.obj
 0003:00006c08       $xdatasym                  0000000180030c08     MSVCRTD:guard_dispatch.obj
 0003:00006c10       $xdatasym                  0000000180030c10     MSVCRTD:guard_xfg_dispatch.obj
 0003:00006ed0       .edata                     0000000180030ed0     P5Engine.exp
 0003:00006ef8       rgpv                       0000000180030ef8     P5Engine.exp
 0003:00006f00       rgszName                   0000000180030f00     P5Engine.exp
 0003:00006f08       rgwOrd                     0000000180030f08     P5Engine.exp
 0003:00006f0c       szName                     0000000180030f0c     P5Engine.exp
 0003:00006f19       $N00001                    0000000180030f19     P5Engine.exp
 0003:00006f2d       $N00002                    0000000180030f2d     P5Engine.exp
 0004:00000000       ?RandomNumberTable@@3PAIA  0000000180032000     p5engine.obj
 0004:00004e40       ?init@?1??_RTC_InitBase@@9@4_NA 0000000180036e40     MSVCRTD:init.obj
 0004:00004e44       ?__proc_attached@@3HA      0000000180036e44     MSVCRTD:dll_dllmain.obj
 0004:00004e58       ?_RTC_ErrorReportFunc@@3P6AHHPEBDH00ZZEA 0000000180036e58     MSVCRTD:userapi.obj
 0004:00004e60       ?_RTC_ErrorReportFuncW@@3P6AHHPEB_WH00ZZEA 0000000180036e60     MSVCRTD:userapi.obj
 0004:00004e70       GS_ExceptionRecord         0000000180036e70     MSVCRTD:gs_report.obj
 0004:00004f10       GS_ContextRecord           0000000180036f10     MSVCRTD:gs_report.obj
 0004:00005538       ?is_initialized_as_dll@@3_NA 0000000180037538     MSVCRTD:utility.obj
 0004:00005539       ?module_local_atexit_table_initialized@@3_NA 0000000180037539     MSVCRTD:utility.obj
 0004:00005540       ?module_local_atexit_table@@3U_onexit_table_t@@A 0000000180037540     MSVCRTD:utility.obj
 0004:00005558       ?module_local_at_quick_exit_table@@3U_onexit_table_t@@A 0000000180037558     MSVCRTD:utility.obj
 0004:00005598       ?mspdb@@3PEAUHINSTANCE__@@EA 0000000180037598     MSVCRTD:pdblkup.obj
 0004:000055a1       ?alreadyTried@?1??GetPdbDll@@YAPEAUHINSTANCE__@@XZ@4_NA 00000001800375a1     MSVCRTD:pdblkup.obj
 0004:000055a2       ?PDBOK@?1??_RTC_GetSrcLine@@YAHPEAEPEA_WKPEAH1K@Z@4_NA 00000001800375a2     MSVCRTD:pdblkup.obj
 0006:0000078a       .idata$6                   000000018003b78a     vcruntimed:VCRUNTIME140D.dll
 0006:00000932       .idata$6                   000000018003b932     ucrtd:ucrtbased.dll
 0006:00000b74       .idata$6                   000000018003bb74     kernel32:KERNEL32.dll
 0007:00000000       __5C0B09BC_p5engine_platform@h 000000018003c000     p5engine.obj
 0007:00000001       __09340588_corecrt_math@h  000000018003c001     p5engine.obj
 0007:00000002       __B0C4CEA9_malloc@h        000000018003c002     p5engine.obj
 0007:00000003       __3A0418DB_p5engine_intrinsics@h 000000018003c003     p5engine.obj
 0007:00000004       __6D6C9F34_p5engine_math@h 000000018003c004     p5engine.obj
 0007:00000005       __326D9465_p5engine_entity@h 000000018003c005     p5engine.obj
 0007:00000006       __B7D51BCB_p5engine@h      000000018003c006     p5engine.obj
 0007:00000007       __DC0D61CC_p5engine_world@cpp 000000018003c007     p5engine.obj
 0007:00000008       __5DD8E4E4_p5engine_sim_region@cpp 000000018003c008     p5engine.obj
 0007:00000009       __9C871DF9_p5engine_entity@cpp 000000018003c009     p5engine.obj
 0007:0000000a       __74B1E2C0_p5engine_random@h 000000018003c00a     p5engine.obj
 0007:0000000b       __D1049797_p5engine@cpp    000000018003c00b     p5engine.obj
 0009:00000170       $R000000                   000000018003e170     * linker generated manifest res *
