 P5Engine

 Timestamp is 613c5a3a (Sat Sep 11 00:26:50 2021)

 Preferred load address is 0000000180000000

 Start         Length     Name                   Class
 0001:00000000 00010000H .textbss                DATA
 0002:00000000 00013480H .text$mn                CODE
 0002:00013480 00001040H .text$mn$00             CODE
 0002:000144c0 00001141H .text$x                 CODE
 0003:00000000 00000110H .CRT$XCA                DATA
 0003:00000110 00000110H .CRT$XCZ                DATA
 0003:00000220 00000110H .CRT$XIA                DATA
 0003:00000330 00000110H .CRT$XIZ                DATA
 0003:00000440 00000110H .CRT$XPA                DATA
 0003:00000550 00000110H .CRT$XPZ                DATA
 0003:00000660 00000110H .CRT$XTA                DATA
 0003:00000770 00000110H .CRT$XTZ                DATA
 0003:00000880 00003b00H .rdata                  DATA
 0003:00004380 00000110H .rdata$CastGuardVftablesA DATA
 0003:00004490 0000010cH .rdata$CastGuardVftablesC DATA
 0003:0000459c 0000017cH .rdata$zzzdbg           DATA
 0003:00004718 00000110H .rtc$IAA                DATA
 0003:00004828 00000110H .rtc$IMZ                DATA
 0003:00004938 00000110H .rtc$IZZ                DATA
 0003:00004a48 00000110H .rtc$TAA                DATA
 0003:00004b58 00000110H .rtc$TMZ                DATA
 0003:00004c68 00000110H .rtc$TZZ                DATA
 0003:00004d78 00001168H .xdata                  DATA
 0003:00005ee0 00000187H .edata                  DATA
 0004:00000000 00004e40H .data                   DATA
 0004:00004e40 00000788H .bss                    DATA
 0005:00000000 00002658H .pdata                  DATA
 0006:00000000 00000340H .idata$5                DATA
 0006:00000340 0000003cH .idata$2                DATA
 0006:0000037c 00000014H .idata$3                DATA
 0006:00000390 00000340H .idata$4                DATA
 0006:000006d0 00000656H .idata$6                DATA
 0007:00000000 0000010dH .msvcjmc                DATA
 0008:00000000 00000151H .00cfg                  DATA
 0009:00000000 00000170H .rsrc$01                DATA
 0009:00000170 000001b6H .rsrc$02                DATA

  Address         Publics by Value              Rva+Base               Lib:Object

 0000:00000000       __guard_check_icall_a64n_fptr 0000000000000000     <absolute>
 0000:00000000       __hybrid_auxiliary_iat_copy 0000000000000000     <absolute>
 0000:00000000       __hybrid_code_map          0000000000000000     <absolute>
 0000:00000000       __hybrid_auxiliary_iat     0000000000000000     <absolute>
 0000:00000000       __volatile_metadata        0000000000000000     <absolute>
 0000:00000000       __dynamic_value_reloc_table 0000000000000000     <absolute>
 0000:00000000       __guard_longjmp_count      0000000000000000     <absolute>
 0000:00000000       __guard_iat_count          0000000000000000     <absolute>
 0000:00000000       __arm64x_extra_rfe_table   0000000000000000     <absolute>
 0000:00000000       __guard_iat_table          0000000000000000     <absolute>
 0000:00000000       __arm64x_extra_rfe_table_size 0000000000000000     <absolute>
 0000:00000000       __hybrid_code_map_count    0000000000000000     <absolute>
 0000:00000000       __arm64x_redirection_metadata 0000000000000000     <absolute>
 0000:00000000       __x64_code_ranges_to_entry_points_count 0000000000000000     <absolute>
 0000:00000000       ___safe_se_handler_table   0000000000000000     <absolute>
 0000:00000000       __guard_fids_count         0000000000000000     <absolute>
 0000:00000000       __AbsoluteZero             0000000000000000     <absolute>
 0000:00000000       ___safe_se_handler_count   0000000000000000     <absolute>
 0000:00000000       __guard_eh_cont_count      0000000000000000     <absolute>
 0000:00000000       __guard_fids_table         0000000000000000     <absolute>
 0000:00000000       __arm64x_native_entrypoint 0000000000000000     <absolute>
 0000:00000000       __arm64x_redirection_metadata_count 0000000000000000     <absolute>
 0000:00000000       __enclave_config           0000000000000000     <absolute>
 0000:00000000       __x64_code_ranges_to_entry_points 0000000000000000     <absolute>
 0000:00000000       __guard_eh_cont_table      0000000000000000     <absolute>
 0000:00000000       __guard_longjmp_table      0000000000000000     <absolute>
 0000:00000100       __guard_flags              0000000000000100     <absolute>
 0000:00000000       __ImageBase                0000000180000000     <linker-defined>
 0001:00000000       __enc$textbss$begin        0000000180001000     <linker-defined>
 0001:00010000       __enc$textbss$end          0000000180011000     <linker-defined>
 0002:00000970       ??D@YA?ATv2@@MT0@@Z        0000000180011970 f i p5engine.obj
 0002:00000a24       floor                      0000000180011a24 f   ucrtd:ucrtbased.dll
 0002:00000a60       ??D@YA?ATv3@@MT0@@Z        0000000180011a60 f i p5engine.obj
 0002:00000ba0       ??D@YA?ATv3@@T0@M@Z        0000000180011ba0 f i p5engine.obj
 0002:00000ca0       ??G@YA?ATv2@@T0@0@Z        0000000180011ca0 f i p5engine.obj
 0002:00000d90       ??G@YA?ATv3@@T0@0@Z        0000000180011d90 f i p5engine.obj
 0002:00000ee0       ??H@YA?ATv2@@T0@0@Z        0000000180011ee0 f i p5engine.obj
 0002:00000fd0       ??H@YA?ATv3@@T0@0@Z        0000000180011fd0 f i p5engine.obj
 0002:00001120       ??X@YAAEATv3@@AEAT0@M@Z    0000000180012120 f i p5engine.obj
 0002:000011e0       ??Y@YAAEATv2@@AEAT0@T0@@Z  00000001800121e0 f i p5engine.obj
 0002:00001260       ??Y@YAAEATv3@@AEAT0@T0@@Z  0000000180012260 f i p5engine.obj
 0002:00001340       ??Z@YAAEATv3@@AEAT0@T0@@Z  0000000180012340 f i p5engine.obj
 0002:00001420       ?AbsoluteValue@@YAMM@Z     0000000180012420 f i p5engine.obj
 0002:00001c70       ?AddFlags@@YAXPEAUsim_entity@@I@Z 0000000180012c70 f i p5engine.obj
 0002:000025a0       ?AddRadiusTo@@YA?AUrectangle3@@U1@Tv3@@@Z 00000001800135a0 f i p5engine.obj
 0002:00002e00       ?AreInSameChunk@@YAHPEAUworld@@PEAUworld_position@@1@Z 0000000180013e00 f i p5engine.obj
 0002:00003b80       ?ChangeEntityLocationRaw@@YAXPEAUmemory_arena@@PEAUworld@@IPEAUworld_position@@2@Z 0000000180014b80 f i p5engine.obj
 0002:00003f80       ?IsInRectangle@@YAHUrectangle3@@Tv3@@@Z 0000000180014f80 f i p5engine.obj
 0002:00004080       ?ChunkPositionFromTilePosition@@YA?AUworld_position@@PEAUworld@@HHHTv3@@@Z 0000000180015080 f i p5engine.obj
 0002:000043e0       ?Clamp01@@YA?ATv3@@T1@@Z   00000001800153e0 f i p5engine.obj
 0002:00004510       ?Clamp01@@YAMM@Z           0000000180015510 f i p5engine.obj
 0002:00004570       ?Clamp@@YAMMMM@Z           0000000180015570 f i p5engine.obj
 0002:00004740       ?ClearFlags@@YAXPEAUsim_entity@@I@Z 0000000180015740 f i p5engine.obj
 0002:00004c30       ?DefaultMoveSpec@@YA?AUmove_spec@@XZ 0000000180015c30 f i p5engine.obj
 0002:00005c20       ?EntityOverlapsRectangle@@YAHTv3@@0Urectangle3@@@Z 0000000180016c20 f i p5engine.obj
 0002:00005dd0       ?FindLeastSignificantSetBit@@YA?AUbit_scan_result@@I@Z 0000000180016dd0 f i p5engine.obj
 0002:00005f90       ?GetBarycentric@@YA?ATv3@@Urectangle3@@T1@@Z 0000000180016f90 f i p5engine.obj
 0002:00006190       ?GetEntityGroundPoint@@YA?ATv3@@PEAUsim_entity@@@Z 0000000180017190 f i p5engine.obj
 0002:00006400       ?GetLowEntity@@YAPEAUlow_entity@@PEAUgame_state@@I@Z 0000000180017400 f i p5engine.obj
 0002:000064a0       ?GetMaxCorner@@YA?ATv3@@Urectangle3@@@Z 00000001800174a0 f i p5engine.obj
 0002:00006560       ?GetMinCorner@@YA?ATv3@@Urectangle3@@@Z 0000000180017560 f i p5engine.obj
 0002:00006620       ?GetSimSpacePos@@YA?ATv3@@PEAUsim_region@@PEAUlow_entity@@@Z 0000000180017620 f i p5engine.obj
 0002:00006750       ?GetStairGround@@YAMPEAUsim_entity@@Tv3@@@Z 0000000180017750 f i p5engine.obj
 0002:00006950       ?GetWorldChunk@@YAPEAUworld_chunk@@PEAUworld@@HHHPEAUmemory_arena@@@Z 0000000180017950 f i p5engine.obj
 0002:00006b60       ?Hadamard@@YA?ATv3@@T1@0@Z 0000000180017b60 f i p5engine.obj
 0002:00006f20       ?HasFlag@@YAHPEAUsim_entity@@I@Z 0000000180017f20 f i p5engine.obj
 0002:00007060       ?InitializeArena@@YAXPEAUmemory_arena@@_KPEAX@Z 0000000180018060 f i p5engine.obj
 0002:00007280       ?Inner@@YAMTv3@@0@Z        0000000180018280 f i p5engine.obj
 0002:00007350       ?IsCanonical@@YAHMM@Z      0000000180018350 f i p5engine.obj
 0002:00007430       ?IsCanonical@@YAHPEAUworld@@Tv3@@@Z 0000000180018430 f i p5engine.obj
 0002:000075c0       ?IsValid@@YAHUworld_position@@@Z 00000001800185c0 f i p5engine.obj
 0002:00007640       ?Length@@YAMTv3@@@Z        0000000180018640 f i p5engine.obj
 0002:000076e0       ?LengthSq@@YAMTv3@@@Z      00000001800186e0 f i p5engine.obj
 0002:00007770       ?LoadEntityReference@@YAXPEAUgame_state@@PEAUsim_region@@PEATentity_reference@@@Z 0000000180018770 f i p5engine.obj
 0002:00007910       ?MakeEntityNonSpatial@@YAXPEAUsim_entity@@@Z 0000000180018910 f i p5engine.obj
 0002:000079d0       ?MakeEntitySpatial@@YAXPEAUsim_entity@@Tv3@@1@Z 00000001800189d0 f i p5engine.obj
 0002:00007a70       ?MapIntoChunkSpace@@YA?AUworld_position@@PEAUworld@@U1@Tv3@@@Z 0000000180018a70 f i p5engine.obj
 0002:000094d0       ?NullPosition@@YA?AUworld_position@@XZ 000000018001a4d0 f i p5engine.obj
 0002:000095b0       ?PushBitmap@@YAXPEAUentity_visible_piece_group@@PEAUloaded_bitmap@@Tv2@@M2MM@Z 000000018001a5b0 f i p5engine.obj
 0002:00009750       ?PushPiece@@YAXPEAUentity_visible_piece_group@@PEAUloaded_bitmap@@Tv2@@2M2Tv4@@M@Z 000000018001a750 f i p5engine.obj
 0002:00009950       ?PushRect@@YAXPEAUentity_visible_piece_group@@Tv2@@M1Tv4@@M@Z 000000018001a950 f i p5engine.obj
 0002:00009a40       ?PushSize_@@YAPEAXPEAUmemory_arena@@_K@Z 000000018001aa40 f i p5engine.obj
 0002:00009b00       ?RecanonicalizeCoord@@YAXMPEAHPEAM@Z 000000018001ab00 f i p5engine.obj
 0002:00009bf0       ?RectCenterDim@@YA?AUrectangle3@@Tv3@@0@Z 000000018001abf0 f i p5engine.obj
 0002:00009d60       ?RectCenterHalfDim@@YA?AUrectangle3@@Tv3@@0@Z 000000018001ad60 f i p5engine.obj
 0002:00009f70       ?RectanglesIntersect@@YAHUrectangle3@@0@Z 000000018001af70 f i p5engine.obj
 0002:0000a0a0       ?RotateLeft@@YAIIH@Z       000000018001b0a0 f i p5engine.obj
 0002:0000a100       ?RoundReal32ToInt32@@YAHM@Z 000000018001b100 f i p5engine.obj
 0002:0000a160       ?RoundReal32ToUInt32@@YAIM@Z 000000018001b160 f i p5engine.obj
 0002:0000a1c0       ?SafeRatio0@@YAMMM@Z       000000018001b1c0 f i p5engine.obj
 0002:0000a230       ?SafeRatioN@@YAMMMM@Z      000000018001b230 f i p5engine.obj
 0002:0000a2c0       ?Sin@@YAMM@Z               000000018001b2c0 f i p5engine.obj
 0002:0000a600       ?Square@@YAMM@Z            000000018001b600 f i p5engine.obj
 0002:0000a660       ?SquareRoot@@YAMM@Z        000000018001b660 f i p5engine.obj
 0002:0000a6c0       ?StoreEntityReference@@YAXPEATentity_reference@@@Z 000000018001b6c0 f i p5engine.obj
 0002:0000abd0       ?V2@@YA?ATv2@@MM@Z         000000018001bbd0 f i p5engine.obj
 0002:0000aca0       ?V3@@YA?ATv3@@MMM@Z        000000018001bca0 f i p5engine.obj
 0002:0000adc0       ?V4@@YA?ATv4@@MMMM@Z       000000018001bdc0 f i p5engine.obj
 0002:0000aef0       ?ZeroSize@@YAX_KPEAX@Z     000000018001bef0 f i p5engine.obj
 0002:0000af90       GameGetSoundSamples        000000018001bf90 f   p5engine.obj
 0002:0000b000       GameUpdateAndRender        000000018001c000 f   p5engine.obj
 0002:0000de60       GetController              000000018001ee60 f i p5engine.obj
 0002:0000dee0       __JustMyCode_Default       000000018001eee0 f i p5engine.obj
 0002:0000def0       _RTC_AllocaHelper          000000018001eef0 f   MSVCRTD:stack.obj
 0002:0000df40       _RTC_CheckStackVars        000000018001ef40 f   MSVCRTD:stack.obj
 0002:0000dff0       _RTC_CheckStackVars2       000000018001eff0 f   MSVCRTD:stack.obj
 0002:0000e140       _CRT_RTC_INIT              000000018001f140 f   MSVCRTD:init.obj
 0002:0000e150       _CRT_RTC_INITW             000000018001f150 f   MSVCRTD:init.obj
 0002:0000e160       _RTC_InitBase              000000018001f160 f   MSVCRTD:init.obj
 0002:0000e1b0       _RTC_Shutdown              000000018001f1b0 f   MSVCRTD:init.obj
 0002:0000e1e0       __CheckForDebuggerJustMyCode 000000018001f1e0 f   MSVCRTD:debugger_jmc.obj
 0002:0000e230       __GSHandlerCheck           000000018001f230 f   MSVCRTD:gshandler.obj
 0002:0000e280       __GSHandlerCheckCommon     000000018001f280 f   MSVCRTD:gshandler.obj
 0002:0000e3d0       _alloca_probe              000000018001f3d0 f   MSVCRTD:chkstk.obj
 0002:0000e3d0       __chkstk                   000000018001f3d0 f   MSVCRTD:chkstk.obj
 0002:0000e450       __security_check_cookie    000000018001f450 f   MSVCRTD:amdsecgs.obj
 0002:0000e980       _CRT_INIT                  000000018001f980 f   MSVCRTD:dll_dllmain.obj
 0002:0000e9c0       _DllMainCRTStartup         000000018001f9c0 f   MSVCRTD:dll_dllmain.obj
 0002:0000eac0       ?_RTC_AllocaFailure@@YAXPEAXPEAU_RTC_ALLOCA_NODE@@H@Z 000000018001fac0 f   MSVCRTD:error.obj
 0002:0000ec70       ?_RTC_Failure@@YAXPEAXH@Z  000000018001fc70 f   MSVCRTD:error.obj
 0002:0000ece0       ?_RTC_StackFailure@@YAXPEAXPEBD@Z 000000018001fce0 f   MSVCRTD:error.obj
 0002:0000f220       _RTC_UninitUse             0000000180020220 f   MSVCRTD:error.obj
 0002:0000f320       __local_stdio_printf_options 0000000180020320 f i MSVCRTD:error.obj
 0002:0000f330       _vsprintf_s_l              0000000180020330 f i MSVCRTD:error.obj
 0002:0000f3b0       sprintf_s                  00000001800203b0 f i MSVCRTD:error.obj
 0002:0000f3e0       ?_RTC_GetErrorFunc@@YAP6AHHPEBDH00ZZPEBX@Z 00000001800203e0 f   MSVCRTD:userapi.obj
 0002:0000f3f0       ?_RTC_GetErrorFuncW@@YAP6AHHPEB_WH00ZZPEBX@Z 00000001800203f0 f   MSVCRTD:userapi.obj
 0002:0000f400       _RTC_GetErrDesc            0000000180020400 f   MSVCRTD:userapi.obj
 0002:0000f420       _RTC_NumErrors             0000000180020420 f   MSVCRTD:userapi.obj
 0002:0000f430       _RTC_SetErrorFunc          0000000180020430 f   MSVCRTD:userapi.obj
 0002:0000f450       _RTC_SetErrorFuncW         0000000180020450 f   MSVCRTD:userapi.obj
 0002:0000f470       _RTC_SetErrorType          0000000180020470 f   MSVCRTD:userapi.obj
 0002:0000f4a0       __raise_securityfailure    00000001800204a0 f   MSVCRTD:gs_report.obj
 0002:0000f4f0       __report_gsfailure         00000001800204f0 f   MSVCRTD:gs_report.obj
 0002:0000f600       __report_rangecheckfailure 0000000180020600 f   MSVCRTD:gs_report.obj
 0002:0000f620       __report_securityfailure   0000000180020620 f   MSVCRTD:gs_report.obj
 0002:0000f6f0       __report_securityfailureEx 00000001800206f0 f   MSVCRTD:gs_report.obj
 0002:0000fae0       __security_init_cookie     0000000180020ae0 f   MSVCRTD:gs_support.obj
 0002:0000fb80       DllMain                    0000000180020b80 f   MSVCRTD:dll_dllmain_stub.obj
 0002:0000fbd0       ?__scrt_initialize_type_info@@YAXXZ 0000000180020bd0 f   MSVCRTD:tncleanup.obj
 0002:0000fbf0       ?__scrt_uninitialize_type_info@@YAXXZ 0000000180020bf0 f   MSVCRTD:tncleanup.obj
 0002:0000fc10       __local_stdio_scanf_options 0000000180020c10 f i MSVCRTD:default_local_stdio_options.obj
 0002:0000fc20       __scrt_initialize_default_local_stdio_options 0000000180020c20 f   MSVCRTD:default_local_stdio_options.obj
 0002:0000fc80       ?configure_argv@__scrt_narrow_argv_policy@@SAHXZ 0000000180020c80 f i MSVCRTD:utility.obj
 0002:0000fda0       ?initialize_environment@__scrt_narrow_environment_policy@@SAHXZ 0000000180020da0 f i MSVCRTD:utility.obj
 0002:0000fe70       NtCurrentTeb               0000000180020e70 f i MSVCRTD:utility.obj
 0002:0000fe80       __scrt_acquire_startup_lock 0000000180020e80 f   MSVCRTD:utility.obj
 0002:0000ff00       __scrt_dllmain_after_initialize_c 0000000180020f00 f   MSVCRTD:utility.obj
 0002:0000ff40       __scrt_dllmain_before_initialize_c 0000000180020f40 f   MSVCRTD:utility.obj
 0002:0000ff70       __scrt_dllmain_crt_thread_attach 0000000180020f70 f   MSVCRTD:utility.obj
 0002:0000ffb0       __scrt_dllmain_crt_thread_detach 0000000180020fb0 f   MSVCRTD:utility.obj
 0002:0000ffd0       __scrt_dllmain_exception_filter 0000000180020fd0 f   MSVCRTD:utility.obj
 0002:00010050       __scrt_dllmain_uninitialize_c 0000000180021050 f   MSVCRTD:utility.obj
 0002:00010090       __scrt_dllmain_uninitialize_critical 0000000180021090 f   MSVCRTD:utility.obj
 0002:000100b0       __scrt_initialize_crt      00000001800210b0 f   MSVCRTD:utility.obj
 0002:00010110       __scrt_initialize_onexit_tables 0000000180021110 f   MSVCRTD:utility.obj
 0002:00010260       __scrt_is_nonwritable_in_current_image 0000000180021260 f   MSVCRTD:utility.obj
 0002:00010310       __scrt_release_startup_lock 0000000180021310 f   MSVCRTD:utility.obj
 0002:00010350       __scrt_uninitialize_crt    0000000180021350 f   MSVCRTD:utility.obj
 0002:000103a0       _onexit                    00000001800213a0 f   MSVCRTD:utility.obj
 0002:00010440       at_quick_exit              0000000180021440 f   MSVCRTD:utility.obj
 0002:000104a0       atexit                     00000001800214a0 f   MSVCRTD:utility.obj
 0002:000104e0       __scrt_get_dyn_tls_init_callback 00000001800214e0 f   MSVCRTD:dyn_tls_init.obj
 0002:000104f0       __crt_debugger_hook        00000001800214f0 f   MSVCRTD:utility_desktop.obj
 0002:00010510       __scrt_fastfail            0000000180021510 f   MSVCRTD:utility_desktop.obj
 0002:00010710       __scrt_get_show_window_mode 0000000180021710 f   MSVCRTD:utility_desktop.obj
 0002:00010780       __scrt_initialize_mta      0000000180021780 f   MSVCRTD:utility_desktop.obj
 0002:000107a0       __scrt_initialize_winrt    00000001800217a0 f   MSVCRTD:utility_desktop.obj
 0002:000107b0       __scrt_is_managed_app      00000001800217b0 f   MSVCRTD:utility_desktop.obj
 0002:00010880       __scrt_set_unhandled_exception_filter 0000000180021880 f   MSVCRTD:utility_desktop.obj
 0002:000108a0       __scrt_exe_initialize_mta  00000001800218a0 f   MSVCRTD:utility_desktop.obj
 0002:000108a0       __scrt_stub_for_initialize_mta 00000001800218a0 f   MSVCRTD:utility_desktop.obj
 0002:000108b0       __scrt_unhandled_exception_filter 00000001800218b0 f   MSVCRTD:utility_desktop.obj
 0002:00010970       _RTC_Initialize            0000000180021970 f   MSVCRTD:initsect.obj
 0002:000109d0       _RTC_Terminate             00000001800219d0 f   MSVCRTD:initsect.obj
 0002:00010a30       _guard_check_icall_nop     0000000180021a30 f i MSVCRTD:guard_support.obj
 0002:00010a40       ReadNoFence64              0000000180021a40 f i MSVCRTD:guard_support.obj
 0002:00010a70       ReadPointerNoFence         0000000180021a70 f i MSVCRTD:guard_support.obj
 0002:00010a90       __castguard_check_failure_debugbreak 0000000180021a90 f i MSVCRTD:guard_support.obj
 0002:00010ac0       __castguard_check_failure_fastfail 0000000180021ac0 f i MSVCRTD:guard_support.obj
 0002:00010af0       __castguard_check_failure_nop 0000000180021af0 f i MSVCRTD:guard_support.obj
 0002:00010b00       __castguard_check_failure_os_handled 0000000180021b00 f i MSVCRTD:guard_support.obj
 0002:00010bf0       __castguard_slow_path_check_debugbreak 0000000180021bf0 f i MSVCRTD:guard_support.obj
 0002:00010c40       __castguard_slow_path_check_fastfail 0000000180021c40 f i MSVCRTD:guard_support.obj
 0002:00010ca0       __castguard_slow_path_check_nop 0000000180021ca0 f i MSVCRTD:guard_support.obj
 0002:00010cc0       __castguard_slow_path_check_os_handled 0000000180021cc0 f i MSVCRTD:guard_support.obj
 0002:00010dd0       _guard_icall_checks_enforced 0000000180021dd0 f i MSVCRTD:guard_support.obj
 0002:00010e20       _guard_rf_checks_enforced  0000000180021e20 f i MSVCRTD:guard_support.obj
 0002:00011480       ?_RTC_GetSrcLine@@YAHPEAEPEA_WKPEAH1K@Z 0000000180022480 f   MSVCRTD:pdblkup.obj
 0002:00011940       __isa_available_init       0000000180022940 f   MSVCRTD:cpu_disp.obj
 0002:00011dc0       _get_startup_argv_mode     0000000180022dc0 f   MSVCRTD:argv_mode.obj
 0002:00011dd0       __scrt_is_ucrt_dll_in_use  0000000180022dd0 f   MSVCRTD:ucrt_detection.obj
 0002:00011e00       __C_specific_handler       0000000180022e00 f   vcruntimed:VCRUNTIME140D.dll
 0002:00011e06       __C_specific_handler_noexcept 0000000180022e06 f   vcruntimed:VCRUNTIME140D.dll
 0002:00011e0c       __std_type_info_destroy_list 0000000180022e0c f   vcruntimed:VCRUNTIME140D.dll
 0002:00011e12       __current_exception        0000000180022e12 f   vcruntimed:VCRUNTIME140D.dll
 0002:00011e18       __current_exception_context 0000000180022e18 f   vcruntimed:VCRUNTIME140D.dll
 0002:00011e1e       __vcrt_GetModuleFileNameW  0000000180022e1e f   vcruntimed:VCRUNTIME140D.dll
 0002:00011e24       __vcrt_GetModuleHandleW    0000000180022e24 f   vcruntimed:VCRUNTIME140D.dll
 0002:00011e2a       __vcrt_LoadLibraryExW      0000000180022e2a f   vcruntimed:VCRUNTIME140D.dll
 0002:00011e30       fabs                       0000000180022e30 f   ucrtd:ucrtbased.dll
 0002:00011e36       roundf                     0000000180022e36 f   ucrtd:ucrtbased.dll
 0002:00011e3c       sinf                       0000000180022e3c f   ucrtd:ucrtbased.dll
 0002:00011e42       sqrtf                      0000000180022e42 f   ucrtd:ucrtbased.dll
 0002:00011e48       _rotl                      0000000180022e48 f   ucrtd:ucrtbased.dll
 0002:00011e4e       _CrtDbgReport              0000000180022e4e f   ucrtd:ucrtbased.dll
 0002:00011e54       _CrtDbgReportW             0000000180022e54 f   ucrtd:ucrtbased.dll
 0002:00011e5a       _initterm                  0000000180022e5a f   ucrtd:ucrtbased.dll
 0002:00011e60       _initterm_e                0000000180022e60 f   ucrtd:ucrtbased.dll
 0002:00011e66       strcpy_s                   0000000180022e66 f   ucrtd:ucrtbased.dll
 0002:00011e6c       strcat_s                   0000000180022e6c f   ucrtd:ucrtbased.dll
 0002:00011e72       __stdio_common_vsprintf_s  0000000180022e72 f   ucrtd:ucrtbased.dll
 0002:00011e78       _seh_filter_dll            0000000180022e78 f   ucrtd:ucrtbased.dll
 0002:00011e7e       _configure_narrow_argv     0000000180022e7e f   ucrtd:ucrtbased.dll
 0002:00011e84       _initialize_narrow_environment 0000000180022e84 f   ucrtd:ucrtbased.dll
 0002:00011e8a       _initialize_onexit_table   0000000180022e8a f   ucrtd:ucrtbased.dll
 0002:00011e90       _register_onexit_function  0000000180022e90 f   ucrtd:ucrtbased.dll
 0002:00011e96       _execute_onexit_table      0000000180022e96 f   ucrtd:ucrtbased.dll
 0002:00011e9c       _crt_atexit                0000000180022e9c f   ucrtd:ucrtbased.dll
 0002:00011ea2       _crt_at_quick_exit         0000000180022ea2 f   ucrtd:ucrtbased.dll
 0002:00011ea8       _cexit                     0000000180022ea8 f   ucrtd:ucrtbased.dll
 0002:00011eae       terminate                  0000000180022eae f   ucrtd:ucrtbased.dll
 0002:00011eb4       _wmakepath_s               0000000180022eb4 f   ucrtd:ucrtbased.dll
 0002:00011eba       _wsplitpath_s              0000000180022eba f   ucrtd:ucrtbased.dll
 0002:00011ec0       wcscpy_s                   0000000180022ec0 f   ucrtd:ucrtbased.dll
 0002:00011ec6       GetCurrentThreadId         0000000180022ec6 f   kernel32:KERNEL32.dll
 0002:00011ecc       IsDebuggerPresent          0000000180022ecc f   kernel32:KERNEL32.dll
 0002:00011ed2       RaiseException             0000000180022ed2 f   kernel32:KERNEL32.dll
 0002:00011ed8       MultiByteToWideChar        0000000180022ed8 f   kernel32:KERNEL32.dll
 0002:00011ede       WideCharToMultiByte        0000000180022ede f   kernel32:KERNEL32.dll
 0002:00011ee4       RtlCaptureContext          0000000180022ee4 f   kernel32:KERNEL32.dll
 0002:00011eea       RtlLookupFunctionEntry     0000000180022eea f   kernel32:KERNEL32.dll
 0002:00011ef0       RtlVirtualUnwind           0000000180022ef0 f   kernel32:KERNEL32.dll
 0002:00011ef6       UnhandledExceptionFilter   0000000180022ef6 f   kernel32:KERNEL32.dll
 0002:00011efc       SetUnhandledExceptionFilter 0000000180022efc f   kernel32:KERNEL32.dll
 0002:00011f02       GetCurrentProcess          0000000180022f02 f   kernel32:KERNEL32.dll
 0002:00011f08       TerminateProcess           0000000180022f08 f   kernel32:KERNEL32.dll
 0002:00011f0e       IsProcessorFeaturePresent  0000000180022f0e f   kernel32:KERNEL32.dll
 0002:00011f14       QueryPerformanceCounter    0000000180022f14 f   kernel32:KERNEL32.dll
 0002:00011f1a       GetCurrentProcessId        0000000180022f1a f   kernel32:KERNEL32.dll
 0002:00011f20       GetSystemTimeAsFileTime    0000000180022f20 f   kernel32:KERNEL32.dll
 0002:00011f26       DisableThreadLibraryCalls  0000000180022f26 f   kernel32:KERNEL32.dll
 0002:00011f2c       InitializeSListHead        0000000180022f2c f   kernel32:KERNEL32.dll
 0002:00011f32       GetStartupInfoW            0000000180022f32 f   kernel32:KERNEL32.dll
 0002:00011f38       GetModuleHandleW           0000000180022f38 f   kernel32:KERNEL32.dll
 0002:00011f3e       GetLastError               0000000180022f3e f   kernel32:KERNEL32.dll
 0002:00011f44       HeapAlloc                  0000000180022f44 f   kernel32:KERNEL32.dll
 0002:00011f4a       HeapFree                   0000000180022f4a f   kernel32:KERNEL32.dll
 0002:00011f50       GetProcessHeap             0000000180022f50 f   kernel32:KERNEL32.dll
 0002:00011f56       VirtualQuery               0000000180022f56 f   kernel32:KERNEL32.dll
 0002:00011f5c       FreeLibrary                0000000180022f5c f   kernel32:KERNEL32.dll
 0002:00011f62       GetProcAddress             0000000180022f62 f   kernel32:KERNEL32.dll
 0002:00011f70       __acrt_initialize          0000000180022f70 f   MSVCRTD:ucrt_stubs.obj
 0002:00011f70       __vcrt_initialize          0000000180022f70 f   MSVCRTD:ucrt_stubs.obj
 0002:00011f70       __scrt_stub_for_acrt_initialize 0000000180022f70 f   MSVCRTD:ucrt_stubs.obj
 0002:00011f80       __vcrt_thread_attach       0000000180022f80 f   MSVCRTD:ucrt_stubs.obj
 0002:00011f80       __acrt_thread_attach       0000000180022f80 f   MSVCRTD:ucrt_stubs.obj
 0002:00011f80       __scrt_stub_for_acrt_thread_attach 0000000180022f80 f   MSVCRTD:ucrt_stubs.obj
 0002:00011f90       __vcrt_thread_detach       0000000180022f90 f   MSVCRTD:ucrt_stubs.obj
 0002:00011f90       __scrt_stub_for_acrt_thread_detach 0000000180022f90 f   MSVCRTD:ucrt_stubs.obj
 0002:00011f90       __acrt_thread_detach       0000000180022f90 f   MSVCRTD:ucrt_stubs.obj
 0002:00011fa0       __scrt_stub_for_acrt_uninitialize 0000000180022fa0 f   MSVCRTD:ucrt_stubs.obj
 0002:00011fa0       __vcrt_uninitialize        0000000180022fa0 f   MSVCRTD:ucrt_stubs.obj
 0002:00011fa0       __acrt_uninitialize        0000000180022fa0 f   MSVCRTD:ucrt_stubs.obj
 0002:00011fb0       __scrt_stub_for_acrt_uninitialize_critical 0000000180022fb0 f   MSVCRTD:ucrt_stubs.obj
 0002:00011fb0       __vcrt_uninitialize_critical 0000000180022fb0 f   MSVCRTD:ucrt_stubs.obj
 0002:00011fb0       __acrt_uninitialize_critical 0000000180022fb0 f   MSVCRTD:ucrt_stubs.obj
 0002:00011fc0       __scrt_stub_for_is_c_termination_complete 0000000180022fc0 f   MSVCRTD:ucrt_stubs.obj
 0002:00011fc0       _is_c_termination_complete 0000000180022fc0 f   MSVCRTD:ucrt_stubs.obj
 0002:00013490       _guard_dispatch_icall_nop  0000000180024490 f   MSVCRTD:guard_dispatch.obj
 0002:000134b0       _guard_xfg_dispatch_icall_nop 00000001800244b0 f   MSVCRTD:guard_xfg_dispatch.obj
 0003:00000000       __xc_a                     0000000180027000     MSVCRTD:initializers.obj
 0003:00000110       __xc_z                     0000000180027110     MSVCRTD:initializers.obj
 0003:00000220       __xi_a                     0000000180027220     MSVCRTD:initializers.obj
 0003:00000330       __xi_z                     0000000180027330     MSVCRTD:initializers.obj
 0003:00000440       __xp_a                     0000000180027440     MSVCRTD:initializers.obj
 0003:00000550       __xp_z                     0000000180027550     MSVCRTD:initializers.obj
 0003:00000660       __xt_a                     0000000180027660     MSVCRTD:initializers.obj
 0003:00000770       __xt_z                     0000000180027770     MSVCRTD:initializers.obj
 0003:00003260       ??_C@_0BA@NMEIMCEK@InvalidCodePath@ 000000018002a260     p5engine.obj
 0003:00003278       ??_C@_0BF@HOIOEMCL@P5Engine?1data?1bg?4bmp@ 000000018002a278     p5engine.obj
 0003:00003298       ??_C@_0BJ@EPENJOEL@P5Engine?1data?1shadow?4bmp@ 000000018002a298     p5engine.obj
 0003:000032b8       ??_C@_0BJ@HEECFFOE@P5Engine?1data?1stairs?4bmp@ 000000018002a2b8     p5engine.obj
 0003:000032d8       ??_C@_0BH@DDOBAHNL@P5Engine?1data?1tree?4bmp@ 000000018002a2d8     p5engine.obj
 0003:000032f8       ??_C@_0BI@EPGPCLAL@P5Engine?1data?1enemy?4bmp@ 000000018002a2f8     p5engine.obj
 0003:00003318       ??_C@_0BG@IEBKPHGI@P5Engine?1data?1orb?4bmp@ 000000018002a318     p5engine.obj
 0003:00003338       ??_C@_0BP@CIDLMIJA@P5Engine?1data?1char?9right?90?4bmp@ 000000018002a338     p5engine.obj
 0003:00003360       ??_C@_0BO@PEBAPFLC@P5Engine?1data?1char?9back?90?4bmp@ 000000018002a360     p5engine.obj
 0003:00003388       ??_C@_0BO@EAIBBIAG@P5Engine?1data?1char?9left?90?4bmp@ 000000018002a388     p5engine.obj
 0003:000033b0       ??_C@_0BP@MKDPGEOC@P5Engine?1data?1char?9front?90?4bmp@ 000000018002a3b0     p5engine.obj
 0003:000033d8       ??_C@_0BO@KNNOBFKI@P5Engine?1data?1sword?9right?4bmp@ 000000018002a3d8     p5engine.obj
 0003:00003400       ??_C@_0BN@LDDHILOB@P5Engine?1data?1sword?9back?4bmp@ 000000018002a400     p5engine.obj
 0003:00003428       ??_C@_0BN@FPAHMBGA@P5Engine?1data?1sword?9left?4bmp@ 000000018002a428     p5engine.obj
 0003:00003450       ??_C@_0BO@BNDLMGBJ@P5Engine?1data?1sword?9front?4bmp@ 000000018002a450     p5engine.obj
 0003:00003474       __real@00000000            000000018002a474     p5engine.obj
 0003:00003478       __real@3a83126f            000000018002a478     p5engine.obj
 0003:0000347c       __real@3c23d70a            000000018002a47c     p5engine.obj
 0003:00003480       __real@3dcccccd            000000018002a480     p5engine.obj
 0003:00003484       __real@3e4ccccd            000000018002a484     p5engine.obj
 0003:00003488       __real@3e800000            000000018002a488     p5engine.obj
 0003:0000348c       __real@3f000000            000000018002a48c     p5engine.obj
 0003:00003490       __real@3f800000            000000018002a490     p5engine.obj
 0003:00003494       __real@3f8ccccd            000000018002a494     p5engine.obj
 0003:00003498       __real@3f99999a            000000018002a498     p5engine.obj
 0003:0000349c       __real@3fb33333            000000018002a49c     p5engine.obj
 0003:000034a0       __real@3fc00000            000000018002a4a0     p5engine.obj
 0003:000034a4       __real@40000000            000000018002a4a4     p5engine.obj
 0003:000034a8       __real@400ccccd            000000018002a4a8     p5engine.obj
 0003:000034ac       __real@40400000            000000018002a4ac     p5engine.obj
 0003:000034b0       __real@40a00000            000000018002a4b0     p5engine.obj
 0003:000034b4       __real@40c00000            000000018002a4b4     p5engine.obj
 0003:000034b8       __real@40c90fdb            000000018002a4b8     p5engine.obj
 0003:000034bc       __real@41200000            000000018002a4bc     p5engine.obj
 0003:000034c0       __real@41800000            000000018002a4c0     p5engine.obj
 0003:000034c4       __real@41880000            000000018002a4c4     p5engine.obj
 0003:000034c8       __real@41a00000            000000018002a4c8     p5engine.obj
 0003:000034cc       __real@41c00000            000000018002a4cc     p5engine.obj
 0003:000034d0       __real@41f00000            000000018002a4d0     p5engine.obj
 0003:000034d4       __real@42000000            000000018002a4d4     p5engine.obj
 0003:000034d8       __real@42340000            000000018002a4d8     p5engine.obj
 0003:000034dc       __real@42600000            000000018002a4dc     p5engine.obj
 0003:000034e0       __real@42800000            000000018002a4e0     p5engine.obj
 0003:000034e4       __real@42960000            000000018002a4e4     p5engine.obj
 0003:000034e8       __real@437f0000            000000018002a4e8     p5engine.obj
 0003:000034ec       __real@461c4000            000000018002a4ec     p5engine.obj
 0003:000034f0       __real@47c35000            000000018002a4f0     p5engine.obj
 0003:000034f4       __real@becccccd            000000018002a4f4     p5engine.obj
 0003:000034f8       __real@bf000000            000000018002a4f8     p5engine.obj
 0003:000034fc       __real@bf800000            000000018002a4fc     p5engine.obj
 0003:00003500       __real@c11ccccd            000000018002a500     p5engine.obj
 0003:00003510       __xmm@80000000800000008000000080000000 000000018002a510     p5engine.obj
 0003:00003528       _pRawDllMain               000000018002a528     MSVCRTD:dll_dllmain.obj
 0003:00003528       _pDefaultRawDllMain        000000018002a528     MSVCRTD:dll_dllmain.obj
 0003:00003620       ??_C@_0NN@JMPELKLB@The?5value?5of?5ESP?5was?5not?5proper@ 000000018002a620     MSVCRTD:error.obj
 0003:00003730       ??_C@_0BBN@ELNNILBE@A?5cast?5to?5a?5smaller?5data?5type?5h@ 000000018002a730     MSVCRTD:error.obj
 0003:00003888       ??_C@_0BN@BPOGFMJL@Stack?5memory?5was?5corrupted?$AN?6@ 000000018002a888     MSVCRTD:error.obj
 0003:000038b0       ??_C@_0DG@DAJCDLPN@A?5local?5variable?5was?5used?5befor@ 000000018002a8b0     MSVCRTD:error.obj
 0003:000038f0       ??_C@_0CM@JMIDGKLA@Stack?5memory?5around?5_alloca?5was@ 000000018002a8f0     MSVCRTD:error.obj
 0003:00003928       ??_C@_0BO@CHIONIOI@Unknown?5Runtime?5Check?5Error?$AN?6@ 000000018002a928     MSVCRTD:error.obj
 0003:00003950       ??_C@_1GM@CNOOJIHC@?$AAR?$AAu?$AAn?$AAt?$AAi?$AAm?$AAe?$AA?5?$AAC?$AAh?$AAe?$AAc?$AAk?$AA?5?$AAE@ 000000018002a950     MSVCRTD:error.obj
 0003:000039e0       ??_C@_1EA@NFKNIFJP@?$AAR?$AAu?$AAn?$AA?9?$AAT?$AAi?$AAm?$AAe?$AA?5?$AAC?$AAh?$AAe?$AAc?$AAk?$AA?5@ 000000018002a9e0     MSVCRTD:error.obj
 0003:00003a30       ??_C@_0BB@PFFGGCJP@Unknown?5Filename@ 000000018002aa30     MSVCRTD:error.obj
 0003:00003a48       ??_C@_0BE@GNBOBNCK@Unknown?5Module?5Name@ 000000018002aa48     MSVCRTD:error.obj
 0003:00003a60       ??_C@_0CA@IODNCDPG@Run?9Time?5Check?5Failure?5?$CD?$CFd?5?9?5?$CFs@ 000000018002aa60     MSVCRTD:error.obj
 0003:00003a88       ??_C@_0CG@IAFNJNEE@Stack?5corrupted?5near?5unknown?5va@ 000000018002aa88     MSVCRTD:error.obj
 0003:00003ab8       ??_C@_05MKKEDADM@?$CF?42X?5@ 000000018002aab8     MSVCRTD:error.obj
 0003:00003ac0       ??_C@_0EJ@LJKNEOLN@Stack?5area?5around?5_alloca?5memor@ 000000018002aac0     MSVCRTD:error.obj
 0003:00003b18       ??_C@_01EEMJAFIK@?6@       000000018002ab18     MSVCRTD:error.obj
 0003:00003b1c       ??_C@_02LLMPMKNF@?$DO?5@   000000018002ab1c     MSVCRTD:error.obj
 0003:00003b20       ??_C@_08OMAHNMHJ@?6Data?3?5?$DM@ 000000018002ab20     MSVCRTD:error.obj
 0003:00003b30       ??_C@_0CK@DKGBICFE@?6Allocation?5number?5within?5this?5@ 000000018002ab30     MSVCRTD:error.obj
 0003:00003b68       ??_C@_07DFDJCKFN@?6Size?3?5@ 000000018002ab68     MSVCRTD:error.obj
 0003:00003b78       ??_C@_0N@MHFFIMFG@?6Address?3?50x@ 000000018002ab78     MSVCRTD:error.obj
 0003:00003b90       ??_C@_0EI@CLEPFNGI@Stack?5area?5around?5_alloca?5memor@ 000000018002ab90     MSVCRTD:error.obj
 0003:00003be8       ??_C@_0BK@ODNDAGKB@?$CFs?$CFs?$CFp?$CFs?$CFzd?$CFs?$CFd?$CFs?$CFs?$CFs?$CFs?$CFs@ 000000018002abe8     MSVCRTD:error.obj
 0003:00003c08       ??_C@_0DE@OHJBPMBP@A?5variable?5is?5being?5used?5withou@ 000000018002ac08     MSVCRTD:error.obj
 0003:00003c78       ??_C@_0BJ@HEGAHDFO@Stack?5pointer?5corruption@ 000000018002ac78     MSVCRTD:userapi.obj
 0003:00003c98       ??_C@_0CK@FEGOIOPB@Cast?5to?5smaller?5type?5causing?5lo@ 000000018002ac98     MSVCRTD:userapi.obj
 0003:00003cd0       ??_C@_0BI@CIGMDCBH@Stack?5memory?5corruption@ 000000018002acd0     MSVCRTD:userapi.obj
 0003:00003cf0       ??_C@_0CK@CNLNOEPB@Local?5variable?5used?5before?5init@ 000000018002acf0     MSVCRTD:userapi.obj
 0003:00003d28       ??_C@_0BP@OGBCLIBO@Stack?5around?5_alloca?5corrupted@ 000000018002ad28     MSVCRTD:userapi.obj
 0003:00003dd0       ??_C@_1EI@MLPKHBGE@?$AAa?$AAp?$AAi?$AA?9?$AAm?$AAs?$AA?9?$AAw?$AAi?$AAn?$AA?9?$AAc?$AAo?$AAr?$AAe@ 000000018002add0     MSVCRTD:pdblkup.obj
 0003:00003e28       ??_C@_1BK@JHLNAEJL@?$AAa?$AAd?$AAv?$AAa?$AAp?$AAi?$AA3?$AA2?$AA?4?$AAd?$AAl?$AAl@ 000000018002ae28     MSVCRTD:pdblkup.obj
 0003:00003e48       ??_C@_0O@COHOBMLB@RegOpenKeyExW@ 000000018002ae48     MSVCRTD:pdblkup.obj
 0003:00003e58       ??_C@_0BB@GLNAEDBD@RegQueryValueExW@ 000000018002ae58     MSVCRTD:pdblkup.obj
 0003:00003e70       ??_C@_0M@HLOHPNFA@RegCloseKey@ 000000018002ae70     MSVCRTD:pdblkup.obj
 0003:00003e80       ??_C@_1HE@EBEAGLFB@?$AAS?$AAO?$AAF?$AAT?$AAW?$AAA?$AAR?$AAE?$AA?2?$AAW?$AAo?$AAw?$AA6?$AA4?$AA3@ 000000018002ae80     MSVCRTD:pdblkup.obj
 0003:00003f10       ??_C@_1BG@EABPBLLF@?$AAP?$AAr?$AAo?$AAd?$AAu?$AAc?$AAt?$AAD?$AAi?$AAr@ 000000018002af10     MSVCRTD:pdblkup.obj
 0003:00003f58       ??_C@_1BC@JINFINNJ@?$AAM?$AAS?$AAP?$AAD?$AAB?$AA1?$AA4?$AA0@ 000000018002af58     MSVCRTD:pdblkup.obj
 0003:00003f70       ??_C@_0BB@KCIACLNC@PDBOpenValidate5@ 000000018002af70     MSVCRTD:pdblkup.obj
 0003:00003f84       ??_C@_01KDCPPGHE@r@        000000018002af84     MSVCRTD:pdblkup.obj
 0003:00003fc0       _load_config_used          000000018002afc0     MSVCRTD:loadcfg.obj
 0003:00004380       __CastGuardVftablesStart   000000018002b380     MSVCRTD:guard_support.obj
 0003:00004490       __CastGuardVftablesEnd     000000018002b490     MSVCRTD:guard_support.obj
 0003:00004718       __rtc_iaa                  000000018002b718     MSVCRTD:initsect.obj
 0003:00004938       __rtc_izz                  000000018002b938     MSVCRTD:initsect.obj
 0003:00004a48       __rtc_taa                  000000018002ba48     MSVCRTD:initsect.obj
 0003:00004c68       __rtc_tzz                  000000018002bc68     MSVCRTD:initsect.obj
 0004:00004cd0       __security_cookie_complement 0000000180032cd0     MSVCRTD:gs_cookie.obj
 0004:00004cd8       __security_cookie          0000000180032cd8     MSVCRTD:gs_cookie.obj
 0004:00004ce4       _fltused                   0000000180032ce4     MSVCRTD:fltused.obj
 0004:00004ce8       ?_RTC_ErrorLevels@@3PAHA   0000000180032ce8     MSVCRTD:error.obj
 0004:00004d00       __scrt_native_dllmain_reason 0000000180032d00     MSVCRTD:utility.obj
 0004:00004d08       __isa_available            0000000180032d08     MSVCRTD:cpu_disp.obj
 0004:00004d0c       __isa_enabled              0000000180032d0c     MSVCRTD:cpu_disp.obj
 0004:00004d10       __memcpy_nt_iters          0000000180032d10     MSVCRTD:cpu_disp.obj
 0004:00004d18       __memset_nt_iters          0000000180032d18     MSVCRTD:cpu_disp.obj
 0004:00004d30       __scrt_ucrt_dll_is_in_use  0000000180032d30     MSVCRTD:ucrt_stubs.obj
 0004:00004e48       ?_OptionsStorage@?1??__local_stdio_printf_options@@9@4_KA 0000000180032e48     MSVCRTD:error.obj
 0004:00005500       ?__type_info_root_node@@3U__type_info_node@@A 0000000180033500     MSVCRTD:tncleanup.obj
 0004:00005518       ?_OptionsStorage@?1??__local_stdio_scanf_options@@9@4_KA 0000000180033518     MSVCRTD:default_local_stdio_options.obj
 0004:00005528       __scrt_current_native_startup_state 0000000180033528     MSVCRTD:utility.obj
 0004:00005530       __scrt_native_startup_lock 0000000180033530     MSVCRTD:utility.obj
 0004:00005580       __scrt_debugger_hook_flag  0000000180033580     MSVCRTD:utility_desktop.obj
 0004:00005588       __castguard_check_failure_os_handled_fptr 0000000180033588     MSVCRTD:guard_support.obj
 0004:000055a4       __favor                    00000001800335a4     MSVCRTD:cpu_disp.obj
 0004:000055a8       __dyn_tls_init_callback    00000001800335a8     <common>
 0004:000055bc       __DebuggerCurrentSteppingThreadId 00000001800335bc     <common>
 0006:00000000       __imp_DisableThreadLibraryCalls 0000000180037000     kernel32:KERNEL32.dll
 0006:00000008       __imp_IsDebuggerPresent    0000000180037008     kernel32:KERNEL32.dll
 0006:00000010       __imp_RaiseException       0000000180037010     kernel32:KERNEL32.dll
 0006:00000018       __imp_MultiByteToWideChar  0000000180037018     kernel32:KERNEL32.dll
 0006:00000020       __imp_WideCharToMultiByte  0000000180037020     kernel32:KERNEL32.dll
 0006:00000028       __imp_RtlCaptureContext    0000000180037028     kernel32:KERNEL32.dll
 0006:00000030       __imp_RtlLookupFunctionEntry 0000000180037030     kernel32:KERNEL32.dll
 0006:00000038       __imp_RtlVirtualUnwind     0000000180037038     kernel32:KERNEL32.dll
 0006:00000040       __imp_GetProcAddress       0000000180037040     kernel32:KERNEL32.dll
 0006:00000048       __imp_FreeLibrary          0000000180037048     kernel32:KERNEL32.dll
 0006:00000050       __imp_VirtualQuery         0000000180037050     kernel32:KERNEL32.dll
 0006:00000058       __imp_GetProcessHeap       0000000180037058     kernel32:KERNEL32.dll
 0006:00000060       __imp_HeapFree             0000000180037060     kernel32:KERNEL32.dll
 0006:00000068       __imp_HeapAlloc            0000000180037068     kernel32:KERNEL32.dll
 0006:00000070       __imp_GetLastError         0000000180037070     kernel32:KERNEL32.dll
 0006:00000078       __imp_GetModuleHandleW     0000000180037078     kernel32:KERNEL32.dll
 0006:00000080       __imp_GetStartupInfoW      0000000180037080     kernel32:KERNEL32.dll
 0006:00000088       __imp_InitializeSListHead  0000000180037088     kernel32:KERNEL32.dll
 0006:00000090       __imp_GetCurrentThreadId   0000000180037090     kernel32:KERNEL32.dll
 0006:00000098       __imp_GetSystemTimeAsFileTime 0000000180037098     kernel32:KERNEL32.dll
 0006:000000a0       __imp_GetCurrentProcessId  00000001800370a0     kernel32:KERNEL32.dll
 0006:000000a8       __imp_QueryPerformanceCounter 00000001800370a8     kernel32:KERNEL32.dll
 0006:000000b0       __imp_IsProcessorFeaturePresent 00000001800370b0     kernel32:KERNEL32.dll
 0006:000000b8       __imp_TerminateProcess     00000001800370b8     kernel32:KERNEL32.dll
 0006:000000c0       __imp_GetCurrentProcess    00000001800370c0     kernel32:KERNEL32.dll
 0006:000000c8       __imp_SetUnhandledExceptionFilter 00000001800370c8     kernel32:KERNEL32.dll
 0006:000000d0       __imp_UnhandledExceptionFilter 00000001800370d0     kernel32:KERNEL32.dll
 0006:000000d8       \177KERNEL32_NULL_THUNK_DATA 00000001800370d8     kernel32:KERNEL32.dll
 0006:00000158       __imp___vcrt_GetModuleHandleW 0000000180037158     vcruntimed:VCRUNTIME140D.dll
 0006:00000160       __imp___vcrt_GetModuleFileNameW 0000000180037160     vcruntimed:VCRUNTIME140D.dll
 0006:00000168       __imp___current_exception_context 0000000180037168     vcruntimed:VCRUNTIME140D.dll
 0006:00000170       __imp___C_specific_handler 0000000180037170     vcruntimed:VCRUNTIME140D.dll
 0006:00000178       __imp___current_exception  0000000180037178     vcruntimed:VCRUNTIME140D.dll
 0006:00000180       __imp___std_type_info_destroy_list 0000000180037180     vcruntimed:VCRUNTIME140D.dll
 0006:00000188       __imp___C_specific_handler_noexcept 0000000180037188     vcruntimed:VCRUNTIME140D.dll
 0006:00000190       __imp___vcrt_LoadLibraryExW 0000000180037190     vcruntimed:VCRUNTIME140D.dll
 0006:00000198       \177VCRUNTIME140D_NULL_THUNK_DATA 0000000180037198     vcruntimed:VCRUNTIME140D.dll
 0006:000001f8       __imp_wcscpy_s             00000001800371f8     ucrtd:ucrtbased.dll
 0006:00000200       __imp__wsplitpath_s        0000000180037200     ucrtd:ucrtbased.dll
 0006:00000208       __imp_terminate            0000000180037208     ucrtd:ucrtbased.dll
 0006:00000210       __imp__cexit               0000000180037210     ucrtd:ucrtbased.dll
 0006:00000218       __imp__crt_at_quick_exit   0000000180037218     ucrtd:ucrtbased.dll
 0006:00000220       __imp__crt_atexit          0000000180037220     ucrtd:ucrtbased.dll
 0006:00000228       __imp__execute_onexit_table 0000000180037228     ucrtd:ucrtbased.dll
 0006:00000230       __imp__register_onexit_function 0000000180037230     ucrtd:ucrtbased.dll
 0006:00000238       __imp__initialize_onexit_table 0000000180037238     ucrtd:ucrtbased.dll
 0006:00000240       __imp__initialize_narrow_environment 0000000180037240     ucrtd:ucrtbased.dll
 0006:00000248       __imp__configure_narrow_argv 0000000180037248     ucrtd:ucrtbased.dll
 0006:00000250       __imp__seh_filter_dll      0000000180037250     ucrtd:ucrtbased.dll
 0006:00000258       __imp__wmakepath_s         0000000180037258     ucrtd:ucrtbased.dll
 0006:00000260       __imp_strcat_s             0000000180037260     ucrtd:ucrtbased.dll
 0006:00000268       __imp_strcpy_s             0000000180037268     ucrtd:ucrtbased.dll
 0006:00000270       __imp__initterm_e          0000000180037270     ucrtd:ucrtbased.dll
 0006:00000278       __imp__initterm            0000000180037278     ucrtd:ucrtbased.dll
 0006:00000280       __imp__CrtDbgReportW       0000000180037280     ucrtd:ucrtbased.dll
 0006:00000288       __imp__CrtDbgReport        0000000180037288     ucrtd:ucrtbased.dll
 0006:00000290       __imp__rotl                0000000180037290     ucrtd:ucrtbased.dll
 0006:00000298       __imp_sqrtf                0000000180037298     ucrtd:ucrtbased.dll
 0006:000002a0       __imp_sinf                 00000001800372a0     ucrtd:ucrtbased.dll
 0006:000002a8       __imp_roundf               00000001800372a8     ucrtd:ucrtbased.dll
 0006:000002b0       __imp_fabs                 00000001800372b0     ucrtd:ucrtbased.dll
 0006:000002b8       __imp___stdio_common_vsprintf_s 00000001800372b8     ucrtd:ucrtbased.dll
 0006:000002c0       __imp_floor                00000001800372c0     ucrtd:ucrtbased.dll
 0006:000002c8       \177ucrtbased_NULL_THUNK_DATA 00000001800372c8     ucrtd:ucrtbased.dll
 0006:00000340       __IMPORT_DESCRIPTOR_VCRUNTIME140D 0000000180037340     vcruntimed:VCRUNTIME140D.dll
 0006:00000354       __IMPORT_DESCRIPTOR_ucrtbased 0000000180037354     ucrtd:ucrtbased.dll
 0006:00000368       __IMPORT_DESCRIPTOR_KERNEL32 0000000180037368     kernel32:KERNEL32.dll
 0006:0000037c       __NULL_IMPORT_DESCRIPTOR   000000018003737c     vcruntimed:VCRUNTIME140D.dll
 0008:00000000       __guard_check_icall_fptr   0000000180039000     MSVCRTD:guard_support.obj
 0008:00000010       __guard_xfg_check_icall_fptr 0000000180039010     MSVCRTD:guard_support.obj
 0008:00000020       __guard_dispatch_icall_fptr 0000000180039020     MSVCRTD:guard_support.obj
 0008:00000030       __guard_xfg_dispatch_icall_fptr 0000000180039030     MSVCRTD:guard_support.obj
 0008:00000040       __guard_xfg_table_dispatch_icall_fptr 0000000180039040     MSVCRTD:guard_support.obj

 entry point at        0002:0000000f

 Static symbols

 0000:fffc4000       .debug$S                   0000000180000000     P5Engine.exp
 0000:fffc7000       _volmd                     0000000180000000     p5engine.obj
 0000:fffc7000       _volmd                     0000000180000000     p5engine.obj
 0000:fffc7000       _volmd                     0000000180000000     p5engine.obj
 0000:fffc7000       _volmd                     0000000180000000     p5engine.obj
 0000:fffc7000       _volmd                     0000000180000000     p5engine.obj
 0000:fffc7000       _volmd                     0000000180000000     p5engine.obj
 0000:fffc7000       _volmd                     0000000180000000     p5engine.obj
 0000:fffc7000       _volmd                     0000000180000000     p5engine.obj
 0000:fffc7000       _volmd                     0000000180000000     p5engine.obj
 0000:fffc7000       _volmd                     0000000180000000     p5engine.obj
 0000:fffc7000       _volmd                     0000000180000000     p5engine.obj
 0000:fffc7000       _volmd                     0000000180000000     p5engine.obj
 0000:fffc7000       _volmd                     0000000180000000     p5engine.obj
 0000:fffc7000       _volmd                     0000000180000000     p5engine.obj
 0000:fffc7000       _volmd                     0000000180000000     p5engine.obj
 0000:fffc7000       _volmd                     0000000180000000     p5engine.obj
 0000:fffc7000       _volmd                     0000000180000000     p5engine.obj
 0000:fffc7000       _volmd                     0000000180000000     p5engine.obj
 0000:fffc7000       _volmd                     0000000180000000     p5engine.obj
 0000:fffc7000       _volmd                     0000000180000000     p5engine.obj
 0000:fffc7000       _volmd                     0000000180000000     p5engine.obj
 0000:fffc7000       _volmd                     0000000180000000     p5engine.obj
 0000:fffc7000       _volmd                     0000000180000000     p5engine.obj
 0000:fffc7000       _volmd                     0000000180000000     p5engine.obj
 0000:fffc7000       _volmd                     0000000180000000     p5engine.obj
 0000:fffc7000       _volmd                     0000000180000000     p5engine.obj
 0000:fffc7000       _volmd                     0000000180000000     p5engine.obj
 0000:fffc7000       _volmd                     0000000180000000     p5engine.obj
 0000:fffc7000       _volmd                     0000000180000000     MSVCRTD:cpu_disp.obj
 0000:fffc8000       __guard_ehcont_?dllmain_dispatch@@YAHQEAUHINSTANCE__@@KQEAX@Z 0000000180000000     MSVCRTD:dll_dllmain.obj
 0000:fffc8000       __guard_fids_?dllmain_dispatch@@YAHQEAUHINSTANCE__@@KQEAX@Z 0000000180000000     MSVCRTD:dll_dllmain.obj
 0000:fffc8000       __guard_ehcont_?notify_debugger@@YAXAEBUtagEXCEPTION_VISUALCPP_DEBUG_INFO@@@Z 0000000180000000     MSVCRTD:error.obj
 0000:fffc7000       _volmd                     0000000180000000     MSVCRTD:gs_report.obj
 0000:fffc7000       _volmd                     0000000180000000     MSVCRTD:gs_report.obj
 0000:fffc7000       _volmd                     0000000180000000     MSVCRTD:gs_report.obj
 0000:fffc8000       __guard_fids__             0000000180000000     MSVCRTD:guard_support.obj
 0000:fffc8000       __guard_fids__             0000000180000000     MSVCRTD:guard_support.obj
 0000:fffc8000       __guard_fids__guard_icall_checks_enforced 0000000180000000     MSVCRTD:guard_support.obj
 0000:fffc7000       _volmd                     0000000180000000     MSVCRTD:guard_support.obj
 0000:fffc7000       _volmd                     0000000180000000     MSVCRTD:guard_support.obj
 0000:fffc7000       _volmd                     0000000180000000     MSVCRTD:guard_support.obj
 0000:fffc8000       __guard_fids__CRT_RTC_INIT 0000000180000000     MSVCRTD:init.obj
 0000:fffc8000       __guard_fids__CRT_RTC_INITW 0000000180000000     MSVCRTD:init.obj
 0000:fffc8000       __guard_ehcont___scrt_is_nonwritable_in_current_image 0000000180000000     MSVCRTD:utility.obj
 0000:fffc7000       _volmd                     0000000180000000     MSVCRTD:utility.obj
 0000:fffc7000       _volmd                     0000000180000000     MSVCRTD:utility.obj
 0000:fffc7000       _volmd                     0000000180000000     MSVCRTD:utility.obj
 0000:fffc8000       __guard_fids___scrt_set_unhandled_exception_filter 0000000180000000     MSVCRTD:utility_desktop.obj
 0000:fffc7000       _volmd                     0000000180000000     MSVCRTD:utility_desktop.obj
 0000:fffc4000       .debug$S                   0000000180000000     vcruntimed:VCRUNTIME140D.dll
 0000:fffc4000       .debug$S                   0000000180000000     vcruntimed:VCRUNTIME140D.dll
 0000:fffc4000       .debug$S                   0000000180000000     vcruntimed:VCRUNTIME140D.dll
 0000:fffc4000       .debug$S                   0000000180000000     vcruntimed:VCRUNTIME140D.dll
 0000:fffc4000       .debug$S                   0000000180000000     vcruntimed:VCRUNTIME140D.dll
 0000:fffc4000       .debug$S                   0000000180000000     vcruntimed:VCRUNTIME140D.dll
 0000:fffc4000       .debug$S                   0000000180000000     vcruntimed:VCRUNTIME140D.dll
 0000:fffc4000       .debug$S                   0000000180000000     vcruntimed:VCRUNTIME140D.dll
 0000:fffc4000       .debug$S                   0000000180000000     ucrtd:ucrtbased.dll
 0000:fffc4000       .debug$S                   0000000180000000     ucrtd:ucrtbased.dll
 0000:fffc4000       .debug$S                   0000000180000000     ucrtd:ucrtbased.dll
 0000:fffc4000       .debug$S                   0000000180000000     ucrtd:ucrtbased.dll
 0000:fffc4000       .debug$S                   0000000180000000     ucrtd:ucrtbased.dll
 0000:fffc4000       .debug$S                   0000000180000000     ucrtd:ucrtbased.dll
 0000:fffc4000       .debug$S                   0000000180000000     ucrtd:ucrtbased.dll
 0000:fffc4000       .debug$S                   0000000180000000     ucrtd:ucrtbased.dll
 0000:fffc4000       .debug$S                   0000000180000000     ucrtd:ucrtbased.dll
 0000:fffc4000       .debug$S                   0000000180000000     ucrtd:ucrtbased.dll
 0000:fffc4000       .debug$S                   0000000180000000     ucrtd:ucrtbased.dll
 0000:fffc4000       .debug$S                   0000000180000000     ucrtd:ucrtbased.dll
 0000:fffc4000       .debug$S                   0000000180000000     ucrtd:ucrtbased.dll
 0000:fffc4000       .debug$S                   0000000180000000     ucrtd:ucrtbased.dll
 0000:fffc4000       .debug$S                   0000000180000000     ucrtd:ucrtbased.dll
 0000:fffc4000       .debug$S                   0000000180000000     ucrtd:ucrtbased.dll
 0000:fffc4000       .debug$S                   0000000180000000     ucrtd:ucrtbased.dll
 0000:fffc4000       .debug$S                   0000000180000000     ucrtd:ucrtbased.dll
 0000:fffc4000       .debug$S                   0000000180000000     ucrtd:ucrtbased.dll
 0000:fffc4000       .debug$S                   0000000180000000     ucrtd:ucrtbased.dll
 0000:fffc4000       .debug$S                   0000000180000000     ucrtd:ucrtbased.dll
 0000:fffc4000       .debug$S                   0000000180000000     ucrtd:ucrtbased.dll
 0000:fffc4000       .debug$S                   0000000180000000     ucrtd:ucrtbased.dll
 0000:fffc4000       .debug$S                   0000000180000000     ucrtd:ucrtbased.dll
 0000:fffc4000       .debug$S                   0000000180000000     ucrtd:ucrtbased.dll
 0000:fffc4000       .debug$S                   0000000180000000     ucrtd:ucrtbased.dll
 0000:fffc4000       .debug$S                   0000000180000000     kernel32:KERNEL32.dll
 0000:fffc4000       .debug$S                   0000000180000000     kernel32:KERNEL32.dll
 0000:fffc4000       .debug$S                   0000000180000000     kernel32:KERNEL32.dll
 0000:fffc4000       .debug$S                   0000000180000000     kernel32:KERNEL32.dll
 0000:fffc4000       .debug$S                   0000000180000000     kernel32:KERNEL32.dll
 0000:fffc4000       .debug$S                   0000000180000000     kernel32:KERNEL32.dll
 0000:fffc4000       .debug$S                   0000000180000000     kernel32:KERNEL32.dll
 0000:fffc4000       .debug$S                   0000000180000000     kernel32:KERNEL32.dll
 0000:fffc4000       .debug$S                   0000000180000000     kernel32:KERNEL32.dll
 0000:fffc4000       .debug$S                   0000000180000000     kernel32:KERNEL32.dll
 0000:fffc4000       .debug$S                   0000000180000000     kernel32:KERNEL32.dll
 0000:fffc4000       .debug$S                   0000000180000000     kernel32:KERNEL32.dll
 0000:fffc4000       .debug$S                   0000000180000000     kernel32:KERNEL32.dll
 0000:fffc4000       .debug$S                   0000000180000000     kernel32:KERNEL32.dll
 0000:fffc4000       .debug$S                   0000000180000000     kernel32:KERNEL32.dll
 0000:fffc4000       .debug$S                   0000000180000000     kernel32:KERNEL32.dll
 0000:fffc4000       .debug$S                   0000000180000000     kernel32:KERNEL32.dll
 0000:fffc4000       .debug$S                   0000000180000000     kernel32:KERNEL32.dll
 0000:fffc4000       .debug$S                   0000000180000000     kernel32:KERNEL32.dll
 0000:fffc4000       .debug$S                   0000000180000000     kernel32:KERNEL32.dll
 0000:fffc4000       .debug$S                   0000000180000000     kernel32:KERNEL32.dll
 0000:fffc4000       .debug$S                   0000000180000000     kernel32:KERNEL32.dll
 0000:fffc4000       .debug$S                   0000000180000000     kernel32:KERNEL32.dll
 0000:fffc4000       .debug$S                   0000000180000000     kernel32:KERNEL32.dll
 0000:fffc4000       .debug$S                   0000000180000000     kernel32:KERNEL32.dll
 0000:fffc4000       .debug$S                   0000000180000000     kernel32:KERNEL32.dll
 0000:fffc4000       .debug$S                   0000000180000000     kernel32:KERNEL32.dll
 0002:00001480       ?AddCollisionRule@@YAXPEAUgame_state@@IIH@Z 0000000180012480 f   p5engine.obj
 0002:00001680       ?AddEntity@@YAPEAUsim_entity@@PEAUgame_state@@PEAUsim_region@@IPEAUlow_entity@@PEATv3@@@Z 0000000180012680 f   p5engine.obj
 0002:00001820       ?AddEntityRaw@@YAPEAUsim_entity@@PEAUgame_state@@PEAUsim_region@@IPEAUlow_entity@@@Z 0000000180012820 f   p5engine.obj
 0002:00001a30       ?AddFamiliar@@YA?AUadd_low_entity_result@@PEAUgame_state@@III@Z 0000000180012a30 f   p5engine.obj
 0002:00001cd0       ?AddGroundedEntity@@YA?AUadd_low_entity_result@@PEAUgame_state@@W4entity_type@@Uworld_position@@Tv3@@@Z 0000000180012cd0 f   p5engine.obj
 0002:00001ec0       ?AddLowEntity@@YA?AUadd_low_entity_result@@PEAUgame_state@@W4entity_type@@Uworld_position@@@Z 0000000180012ec0 f   p5engine.obj
 0002:00002130       ?AddMonstar@@YA?AUadd_low_entity_result@@PEAUgame_state@@III@Z 0000000180013130 f   p5engine.obj
 0002:00002380       ?AddPlayer@@YA?AUadd_low_entity_result@@PEAUgame_state@@@Z 0000000180013380 f   p5engine.obj
 0002:000027b0       ?AddStairs@@YA?AUadd_low_entity_result@@PEAUgame_state@@III@Z 00000001800137b0 f   p5engine.obj
 0002:00002a20       ?AddSword@@YA?AUadd_low_entity_result@@PEAUgame_state@@@Z 0000000180013a20 f   p5engine.obj
 0002:00002ba0       ?AddWall@@YA?AUadd_low_entity_result@@PEAUgame_state@@III@Z 0000000180013ba0 f   p5engine.obj
 0002:00002f60       ?BeginSim@@YAPEAUsim_region@@PEAUmemory_arena@@PEAUgame_state@@PEAUworld@@Uworld_position@@Urectangle3@@M@Z 0000000180013f60 f   p5engine.obj
 0002:000035d0       ?HandleOverlap@@YAXPEAUgame_state@@PEAUsim_entity@@1MPEAM@Z 00000001800145d0 f   p5engine.obj
 0002:00003680       ?InitHitPoints@@YAXPEAUlow_entity@@I@Z 0000000180014680 f   p5engine.obj
 0002:00003770       ?CanCollide@@YAHPEAUgame_state@@PEAUsim_entity@@1@Z 0000000180014770 f   p5engine.obj
 0002:00003920       ?CanOverlap@@YAHPEAUgame_state@@PEAUsim_entity@@1@Z 0000000180014920 f   p5engine.obj
 0002:000039a0       ?ChangeEntityLocation@@YAXPEAUmemory_arena@@PEAUworld@@IPEAUlow_entity@@Uworld_position@@@Z 00000001800149a0 f   p5engine.obj
 0002:00004610       ?ClearCollisionRulesFor@@YAXPEAUgame_state@@I@Z 0000000180015610 f   p5engine.obj
 0002:000047a0       ?DEBUGLoadBMP@@YA?AUloaded_bitmap@@PEAUthread_context@@P6A?AUdebug_read_file_result@@0PEAD@Z1@Z 00000001800157a0 f   p5engine.obj
 0002:00004d40       ?DrawBitmap@@YAXPEAUgame_offscreen_buffer@@PEAUloaded_bitmap@@MMM@Z 0000000180015d40 f   p5engine.obj
 0002:000051a0       ?InitializeWorld@@YAXPEAUworld@@MM@Z 00000001800161a0 f   p5engine.obj
 0002:000052c0       ?DrawHitpoints@@YAXPEAUsim_entity@@PEAUentity_visible_piece_group@@@Z 00000001800162c0 f   p5engine.obj
 0002:000055c0       ?DrawRectangle@@YAXPEAUgame_offscreen_buffer@@Tv2@@1MMM@Z 00000001800165c0 f   p5engine.obj
 0002:00005860       ?EndSim@@YAXPEAUsim_region@@PEAUgame_state@@@Z 0000000180016860 f   p5engine.obj
 0002:00005ea0       ?GameOutputSound@@YAXPEAUgame_state@@PEAUgame_sound_output_buffer@@H@Z 0000000180016ea0 f   p5engine.obj
 0002:000062f0       ?GetHashFromStorageIndex@@YAPEAUsim_entity_hash@@PEAUsim_region@@I@Z 00000001800172f0 f   p5engine.obj
 0002:00006c90       ?HandleCollision@@YAHPEAUgame_state@@PEAUsim_entity@@1@Z 0000000180017c90 f   p5engine.obj
 0002:00007bf0       ?MoveEntity@@YAXPEAUgame_state@@PEAUsim_region@@PEAUsim_entity@@MPEAUmove_spec@@Tv3@@@Z 0000000180018bf0 f   p5engine.obj
 0002:0000a320       ?SpeculativeCollide@@YAHPEAUsim_entity@@0@Z 000000018001b320 f   p5engine.obj
 0002:0000a720       ?Subtract@@YA?ATv3@@PEAUworld@@PEAUworld_position@@1@Z 000000018001b720 f   p5engine.obj
 0002:0000aa50       ?TestWall@@YAHMMMMMPEAMMM@Z 000000018001ba50 f   p5engine.obj
 0002:0000d500       $LN106                     000000018001e500     p5engine.obj
 0002:0000e3c0       $$000000                   000000018001f3c0     MSVCRTD:chkstk.obj
 0002:0000e440       $$000000                   000000018001f440     MSVCRTD:amdsecgs.obj
 0002:0000e480       ?dllmain_crt_dispatch@@YAHQEAUHINSTANCE__@@KQEAX@Z 000000018001f480 f   MSVCRTD:dll_dllmain.obj
 0002:0000e530       ?dllmain_crt_process_attach@@YAHQEAUHINSTANCE__@@QEAX@Z 000000018001f530 f   MSVCRTD:dll_dllmain.obj
 0002:0000e6c0       ?dllmain_crt_process_detach@@YAH_N@Z 000000018001f6c0 f   MSVCRTD:dll_dllmain.obj
 0002:0000e780       ?dllmain_dispatch@@YAHQEAUHINSTANCE__@@KQEAX@Z 000000018001f780 f   MSVCRTD:dll_dllmain.obj
 0002:0000e910       ?dllmain_raw@@YAHQEAUHINSTANCE__@@KQEAX@Z 000000018001f910 f   MSVCRTD:dll_dllmain.obj
 0002:0000ea10       ?DebuggerProbe@@YA_NK@Z    000000018001fa10 f   MSVCRTD:error.obj
 0002:0000ea60       ?DebuggerRuntime@@YA_NKHPEAXPEB_W@Z 000000018001fa60 f   MSVCRTD:error.obj
 0002:0000edf0       ?_getMemBlockDataString@@YAXPEAD0PEBD_K@Z 000000018001fdf0 f   MSVCRTD:error.obj
 0002:0000eed0       ?_strlen_priv@@YA_KPEBD@Z  000000018001fed0 f   MSVCRTD:error.obj
 0002:0000eef0       ?failwithmessage@@YAXPEAXHHPEBD@Z 000000018001fef0 f   MSVCRTD:error.obj
 0002:0000f1f0       ?notify_debugger@@YAXAEBUtagEXCEPTION_VISUALCPP_DEBUG_INFO@@@Z 00000001800201f0 f   MSVCRTD:error.obj
 0002:0000f850       capture_current_context    0000000180020850 f   MSVCRTD:gs_report.obj
 0002:0000f910       capture_previous_context   0000000180020910 f   MSVCRTD:gs_report.obj
 0002:0000f9f0       __get_entropy              00000001800209f0 f   MSVCRTD:gs_support.obj
 0002:0000fca0       ?find_pe_section@@YAPEAU_IMAGE_SECTION_HEADER@@QEAE_K@Z 0000000180020ca0 f   MSVCRTD:utility.obj
 0002:0000fdc0       ?is_potentially_valid_image_base@@YA_NQEAX@Z 0000000180020dc0 f   MSVCRTD:utility.obj
 0002:00010b60       __castguard_compat_check   0000000180021b60 f   MSVCRTD:guard_support.obj
 0002:00010d40       __castguard_slow_path_compat_check 0000000180021d40 f   MSVCRTD:guard_support.obj
 0002:00010e30       ?GetPdbDll@@YAPEAUHINSTANCE__@@XZ 0000000180021e30 f   MSVCRTD:pdblkup.obj
 0002:00010fd0       ?GetPdbDllFromInstallPath@@YAPEAUHINSTANCE__@@XZ 0000000180021fd0 f   MSVCRTD:pdblkup.obj
 0002:00011330       ?GetPdbDllPathFromFilePath@@YAHPEB_WPEA_W_K@Z 0000000180022330 f   MSVCRTD:pdblkup.obj
 0002:00013480       $$000000                   0000000180024480     MSVCRTD:guard_dispatch.obj
 0002:000134a0       $$000000                   00000001800244a0     MSVCRTD:guard_xfg_dispatch.obj
 0002:000144c0       ?fin$0@?0??dllmain_crt_process_attach@@YAHQEAUHINSTANCE__@@QEAX@Z@4HA 00000001800254c0 f   MSVCRTD:dll_dllmain.obj
 0002:000144e0       ?fin$0@?0??dllmain_crt_process_detach@@YAH_N@Z@4HA 00000001800254e0 f   MSVCRTD:dll_dllmain.obj
 0002:000144fa       ?fin$1@?0??dllmain_crt_process_detach@@YAH_N@Z@4HA 00000001800254fa f   MSVCRTD:dll_dllmain.obj
 0002:00014520       ?filt$0@?0??dllmain_dispatch@@YAHQEAUHINSTANCE__@@KQEAX@Z@4HA 0000000180025520 f   MSVCRTD:dll_dllmain.obj
 0002:00014580       ?filt$0@?0??notify_debugger@@YAXAEBUtagEXCEPTION_VISUALCPP_DEBUG_INFO@@@Z@4HA 0000000180025580 f   MSVCRTD:error.obj
 0002:000145b0       __scrt_is_nonwritable_in_current_image$filt$0 00000001800255b0 f   MSVCRTD:utility.obj
 0003:00000880       ?FindLeastSignificantSetBit@@YA?AUbit_scan_result@@I@Z$rtcName$0 0000000180027880     p5engine.obj
 0003:00000890       ?FindLeastSignificantSetBit@@YA?AUbit_scan_result@@I@Z$rtcVarDesc 0000000180027890     p5engine.obj
 0003:000008d0       ?FindLeastSignificantSetBit@@YA?AUbit_scan_result@@I@Z$rtcFrameData 00000001800278d0     p5engine.obj
 0003:00000900       ?V2@@YA?ATv2@@MM@Z$rtcName$0 0000000180027900     p5engine.obj
 0003:00000910       ?V2@@YA?ATv2@@MM@Z$rtcVarDesc 0000000180027910     p5engine.obj
 0003:00000950       ?V2@@YA?ATv2@@MM@Z$rtcFrameData 0000000180027950     p5engine.obj
 0003:00000980       ??D@YA?ATv2@@MT0@@Z$rtcName$0 0000000180027980     p5engine.obj
 0003:00000990       ??D@YA?ATv2@@MT0@@Z$rtcVarDesc 0000000180027990     p5engine.obj
 0003:000009d0       ??D@YA?ATv2@@MT0@@Z$rtcFrameData 00000001800279d0     p5engine.obj
 0003:00000a00       ??H@YA?ATv2@@T0@0@Z$rtcName$0 0000000180027a00     p5engine.obj
 0003:00000a10       ??H@YA?ATv2@@T0@0@Z$rtcVarDesc 0000000180027a10     p5engine.obj
 0003:00000a50       ??H@YA?ATv2@@T0@0@Z$rtcFrameData 0000000180027a50     p5engine.obj
 0003:00000a80       ??G@YA?ATv2@@T0@0@Z$rtcName$0 0000000180027a80     p5engine.obj
 0003:00000a90       ??G@YA?ATv2@@T0@0@Z$rtcVarDesc 0000000180027a90     p5engine.obj
 0003:00000ad0       ??G@YA?ATv2@@T0@0@Z$rtcFrameData 0000000180027ad0     p5engine.obj
 0003:00000b00       ?V3@@YA?ATv3@@MMM@Z$rtcName$0 0000000180027b00     p5engine.obj
 0003:00000b10       ?V3@@YA?ATv3@@MMM@Z$rtcVarDesc 0000000180027b10     p5engine.obj
 0003:00000b50       ?V3@@YA?ATv3@@MMM@Z$rtcFrameData 0000000180027b50     p5engine.obj
 0003:00000b80       ??D@YA?ATv3@@MT0@@Z$rtcName$0 0000000180027b80     p5engine.obj
 0003:00000b90       ??D@YA?ATv3@@MT0@@Z$rtcVarDesc 0000000180027b90     p5engine.obj
 0003:00000bd0       ??D@YA?ATv3@@MT0@@Z$rtcFrameData 0000000180027bd0     p5engine.obj
 0003:00000c00       ??D@YA?ATv3@@T0@M@Z$rtcName$0 0000000180027c00     p5engine.obj
 0003:00000c10       ??D@YA?ATv3@@T0@M@Z$rtcVarDesc 0000000180027c10     p5engine.obj
 0003:00000c50       ??D@YA?ATv3@@T0@M@Z$rtcFrameData 0000000180027c50     p5engine.obj
 0003:00000c80       ??H@YA?ATv3@@T0@0@Z$rtcName$0 0000000180027c80     p5engine.obj
 0003:00000c90       ??H@YA?ATv3@@T0@0@Z$rtcVarDesc 0000000180027c90     p5engine.obj
 0003:00000cd0       ??H@YA?ATv3@@T0@0@Z$rtcFrameData 0000000180027cd0     p5engine.obj
 0003:00000d00       ??G@YA?ATv3@@T0@0@Z$rtcName$0 0000000180027d00     p5engine.obj
 0003:00000d10       ??G@YA?ATv3@@T0@0@Z$rtcVarDesc 0000000180027d10     p5engine.obj
 0003:00000d50       ??G@YA?ATv3@@T0@0@Z$rtcFrameData 0000000180027d50     p5engine.obj
 0003:00000d80       ?Hadamard@@YA?ATv3@@T1@0@Z$rtcName$0 0000000180027d80     p5engine.obj
 0003:00000d90       ?Hadamard@@YA?ATv3@@T1@0@Z$rtcVarDesc 0000000180027d90     p5engine.obj
 0003:00000dd0       ?Hadamard@@YA?ATv3@@T1@0@Z$rtcFrameData 0000000180027dd0     p5engine.obj
 0003:00000e00       ?Clamp01@@YA?ATv3@@T1@@Z$rtcName$0 0000000180027e00     p5engine.obj
 0003:00000e10       ?Clamp01@@YA?ATv3@@T1@@Z$rtcVarDesc 0000000180027e10     p5engine.obj
 0003:00000e50       ?Clamp01@@YA?ATv3@@T1@@Z$rtcFrameData 0000000180027e50     p5engine.obj
 0003:00000e80       ?V4@@YA?ATv4@@MMMM@Z$rtcName$0 0000000180027e80     p5engine.obj
 0003:00000e90       ?V4@@YA?ATv4@@MMMM@Z$rtcVarDesc 0000000180027e90     p5engine.obj
 0003:00000ed0       ?V4@@YA?ATv4@@MMMM@Z$rtcFrameData 0000000180027ed0     p5engine.obj
 0003:00000f00       ?GetMinCorner@@YA?ATv3@@Urectangle3@@@Z$rtcName$0 0000000180027f00     p5engine.obj
 0003:00000f10       ?GetMinCorner@@YA?ATv3@@Urectangle3@@@Z$rtcVarDesc 0000000180027f10     p5engine.obj
 0003:00000f50       ?GetMinCorner@@YA?ATv3@@Urectangle3@@@Z$rtcFrameData 0000000180027f50     p5engine.obj
 0003:00000f80       ?GetMaxCorner@@YA?ATv3@@Urectangle3@@@Z$rtcName$0 0000000180027f80     p5engine.obj
 0003:00000f90       ?GetMaxCorner@@YA?ATv3@@Urectangle3@@@Z$rtcVarDesc 0000000180027f90     p5engine.obj
 0003:00000fd0       ?GetMaxCorner@@YA?ATv3@@Urectangle3@@@Z$rtcFrameData 0000000180027fd0     p5engine.obj
 0003:00001000       ?RectCenterHalfDim@@YA?AUrectangle3@@Tv3@@0@Z$rtcName$0 0000000180028000     p5engine.obj
 0003:00001010       ?RectCenterHalfDim@@YA?AUrectangle3@@Tv3@@0@Z$rtcVarDesc 0000000180028010     p5engine.obj
 0003:00001050       ?RectCenterHalfDim@@YA?AUrectangle3@@Tv3@@0@Z$rtcFrameData 0000000180028050     p5engine.obj
 0003:00001080       ?AddRadiusTo@@YA?AUrectangle3@@U1@Tv3@@@Z$rtcName$0 0000000180028080     p5engine.obj
 0003:00001090       ?AddRadiusTo@@YA?AUrectangle3@@U1@Tv3@@@Z$rtcVarDesc 0000000180028090     p5engine.obj
 0003:000010d0       ?AddRadiusTo@@YA?AUrectangle3@@U1@Tv3@@@Z$rtcFrameData 00000001800280d0     p5engine.obj
 0003:00001100       ?RectCenterDim@@YA?AUrectangle3@@Tv3@@0@Z$rtcName$0 0000000180028100     p5engine.obj
 0003:00001110       ?RectCenterDim@@YA?AUrectangle3@@Tv3@@0@Z$rtcVarDesc 0000000180028110     p5engine.obj
 0003:00001150       ?RectCenterDim@@YA?AUrectangle3@@Tv3@@0@Z$rtcFrameData 0000000180028150     p5engine.obj
 0003:00001180       ?GetBarycentric@@YA?ATv3@@Urectangle3@@T1@@Z$rtcName$0 0000000180028180     p5engine.obj
 0003:00001190       ?GetBarycentric@@YA?ATv3@@Urectangle3@@T1@@Z$rtcVarDesc 0000000180028190     p5engine.obj
 0003:000011d0       ?GetBarycentric@@YA?ATv3@@Urectangle3@@T1@@Z$rtcFrameData 00000001800281d0     p5engine.obj
 0003:00001200       ?GetEntityGroundPoint@@YA?ATv3@@PEAUsim_entity@@@Z$rtcName$0 0000000180028200     p5engine.obj
 0003:00001210       ?GetEntityGroundPoint@@YA?ATv3@@PEAUsim_entity@@@Z$rtcVarDesc 0000000180028210     p5engine.obj
 0003:00001250       ?GetEntityGroundPoint@@YA?ATv3@@PEAUsim_entity@@@Z$rtcFrameData 0000000180028250     p5engine.obj
 0003:00001260       ?Subtract@@YA?ATv3@@PEAUworld@@PEAUworld_position@@1@Z$rtcName$0 0000000180028260     p5engine.obj
 0003:00001268       ?Subtract@@YA?ATv3@@PEAUworld@@PEAUworld_position@@1@Z$rtcName$1 0000000180028268     p5engine.obj
 0003:00001270       ?Subtract@@YA?ATv3@@PEAUworld@@PEAUworld_position@@1@Z$rtcVarDesc 0000000180028270     p5engine.obj
 0003:000012f0       ?Subtract@@YA?ATv3@@PEAUworld@@PEAUworld_position@@1@Z$rtcFrameData 00000001800282f0     p5engine.obj
 0003:00001300       ?NullPosition@@YA?AUworld_position@@XZ$rtcName$0 0000000180028300     p5engine.obj
 0003:00001310       ?NullPosition@@YA?AUworld_position@@XZ$rtcVarDesc 0000000180028310     p5engine.obj
 0003:00001350       ?NullPosition@@YA?AUworld_position@@XZ$rtcFrameData 0000000180028350     p5engine.obj
 0003:00001360       ?BeginSim@@YAPEAUsim_region@@PEAUmemory_arena@@PEAUgame_state@@PEAUworld@@Uworld_position@@Urectangle3@@M@Z$rtcName$0 0000000180028360     p5engine.obj
 0003:00001370       ?BeginSim@@YAPEAUsim_region@@PEAUmemory_arena@@PEAUgame_state@@PEAUworld@@Uworld_position@@Urectangle3@@M@Z$rtcName$1 0000000180028370     p5engine.obj
 0003:00001380       ?BeginSim@@YAPEAUsim_region@@PEAUmemory_arena@@PEAUgame_state@@PEAUworld@@Uworld_position@@Urectangle3@@M@Z$rtcName$2 0000000180028380     p5engine.obj
 0003:00001390       ?BeginSim@@YAPEAUsim_region@@PEAUmemory_arena@@PEAUgame_state@@PEAUworld@@Uworld_position@@Urectangle3@@M@Z$rtcVarDesc 0000000180028390     p5engine.obj
 0003:00001450       ?BeginSim@@YAPEAUsim_region@@PEAUmemory_arena@@PEAUgame_state@@PEAUworld@@Uworld_position@@Urectangle3@@M@Z$rtcFrameData 0000000180028450     p5engine.obj
 0003:00001470       ?MapIntoChunkSpace@@YA?AUworld_position@@PEAUworld@@U1@Tv3@@@Z$rtcName$0 0000000180028470     p5engine.obj
 0003:00001480       ?MapIntoChunkSpace@@YA?AUworld_position@@PEAUworld@@U1@Tv3@@@Z$rtcVarDesc 0000000180028480     p5engine.obj
 0003:000014c0       ?MapIntoChunkSpace@@YA?AUworld_position@@PEAUworld@@U1@Tv3@@@Z$rtcFrameData 00000001800284c0     p5engine.obj
 0003:000014d0       ?EndSim@@YAXPEAUsim_region@@PEAUgame_state@@@Z$rtcName$0 00000001800284d0     p5engine.obj
 0003:000014d8       ?EndSim@@YAXPEAUsim_region@@PEAUgame_state@@@Z$rtcName$1 00000001800284d8     p5engine.obj
 0003:000014f0       ?EndSim@@YAXPEAUsim_region@@PEAUgame_state@@@Z$rtcVarDesc 00000001800284f0     p5engine.obj
 0003:00001570       ?EndSim@@YAXPEAUsim_region@@PEAUgame_state@@@Z$rtcFrameData 0000000180028570     p5engine.obj
 0003:00001630       ?GetSimSpacePos@@YA?ATv3@@PEAUsim_region@@PEAUlow_entity@@@Z$rtcName$0 0000000180028630     p5engine.obj
 0003:00001640       ?GetSimSpacePos@@YA?ATv3@@PEAUsim_region@@PEAUlow_entity@@@Z$rtcVarDesc 0000000180028640     p5engine.obj
 0003:00001680       ?GetSimSpacePos@@YA?ATv3@@PEAUsim_region@@PEAUlow_entity@@@Z$rtcFrameData 0000000180028680     p5engine.obj
 0003:000016b0       ?LoadEntityReference@@YAXPEAUgame_state@@PEAUsim_region@@PEATentity_reference@@@Z$rtcName$0 00000001800286b0     p5engine.obj
 0003:000016c0       ?LoadEntityReference@@YAXPEAUgame_state@@PEAUsim_region@@PEATentity_reference@@@Z$rtcVarDesc 00000001800286c0     p5engine.obj
 0003:00001700       ?LoadEntityReference@@YAXPEAUgame_state@@PEAUsim_region@@PEATentity_reference@@@Z$rtcFrameData 0000000180028700     p5engine.obj
 0003:000017f0       ?EntityOverlapsRectangle@@YAHTv3@@0Urectangle3@@@Z$rtcName$0 00000001800287f0     p5engine.obj
 0003:00001800       ?EntityOverlapsRectangle@@YAHTv3@@0Urectangle3@@@Z$rtcVarDesc 0000000180028800     p5engine.obj
 0003:00001840       ?EntityOverlapsRectangle@@YAHTv3@@0Urectangle3@@@Z$rtcFrameData 0000000180028840     p5engine.obj
 0003:00001a30       ?SpeculativeCollide@@YAHPEAUsim_entity@@0@Z$rtcName$0 0000000180028a30     p5engine.obj
 0003:00001a50       ?SpeculativeCollide@@YAHPEAUsim_entity@@0@Z$rtcVarDesc 0000000180028a50     p5engine.obj
 0003:00001a90       ?SpeculativeCollide@@YAHPEAUsim_entity@@0@Z$rtcFrameData 0000000180028a90     p5engine.obj
 0003:00001b10       ?MoveEntity@@YAXPEAUgame_state@@PEAUsim_region@@PEAUsim_entity@@MPEAUmove_spec@@Tv3@@@Z$rtcName$0 0000000180028b10     p5engine.obj
 0003:00001b20       ?MoveEntity@@YAXPEAUgame_state@@PEAUsim_region@@PEAUsim_entity@@MPEAUmove_spec@@Tv3@@@Z$rtcName$1 0000000180028b20     p5engine.obj
 0003:00001b2c       ?MoveEntity@@YAXPEAUgame_state@@PEAUsim_region@@PEAUsim_entity@@MPEAUmove_spec@@Tv3@@@Z$rtcName$8 0000000180028b2c     p5engine.obj
 0003:00001b30       ?MoveEntity@@YAXPEAUgame_state@@PEAUsim_region@@PEAUsim_entity@@MPEAUmove_spec@@Tv3@@@Z$rtcName$2 0000000180028b30     p5engine.obj
 0003:00001b40       ?MoveEntity@@YAXPEAUgame_state@@PEAUsim_region@@PEAUsim_entity@@MPEAUmove_spec@@Tv3@@@Z$rtcName$3 0000000180028b40     p5engine.obj
 0003:00001b50       ?MoveEntity@@YAXPEAUgame_state@@PEAUsim_region@@PEAUsim_entity@@MPEAUmove_spec@@Tv3@@@Z$rtcName$4 0000000180028b50     p5engine.obj
 0003:00001b60       ?MoveEntity@@YAXPEAUgame_state@@PEAUsim_region@@PEAUsim_entity@@MPEAUmove_spec@@Tv3@@@Z$rtcName$5 0000000180028b60     p5engine.obj
 0003:00001b78       ?MoveEntity@@YAXPEAUgame_state@@PEAUsim_region@@PEAUsim_entity@@MPEAUmove_spec@@Tv3@@@Z$rtcName$6 0000000180028b78     p5engine.obj
 0003:00001b88       ?MoveEntity@@YAXPEAUgame_state@@PEAUsim_region@@PEAUsim_entity@@MPEAUmove_spec@@Tv3@@@Z$rtcName$7 0000000180028b88     p5engine.obj
 0003:00001b98       ?MoveEntity@@YAXPEAUgame_state@@PEAUsim_region@@PEAUsim_entity@@MPEAUmove_spec@@Tv3@@@Z$rtcName$9 0000000180028b98     p5engine.obj
 0003:00001ba4       ?MoveEntity@@YAXPEAUgame_state@@PEAUsim_region@@PEAUsim_entity@@MPEAUmove_spec@@Tv3@@@Z$rtcName$12 0000000180028ba4     p5engine.obj
 0003:00001bb0       ?MoveEntity@@YAXPEAUgame_state@@PEAUsim_region@@PEAUsim_entity@@MPEAUmove_spec@@Tv3@@@Z$rtcName$10 0000000180028bb0     p5engine.obj
 0003:00001bc0       ?MoveEntity@@YAXPEAUgame_state@@PEAUsim_region@@PEAUsim_entity@@MPEAUmove_spec@@Tv3@@@Z$rtcName$11 0000000180028bc0     p5engine.obj
 0003:00001bc8       ?MoveEntity@@YAXPEAUgame_state@@PEAUsim_region@@PEAUsim_entity@@MPEAUmove_spec@@Tv3@@@Z$rtcName$13 0000000180028bc8     p5engine.obj
 0003:00001bd8       ?MoveEntity@@YAXPEAUgame_state@@PEAUsim_region@@PEAUsim_entity@@MPEAUmove_spec@@Tv3@@@Z$rtcName$14 0000000180028bd8     p5engine.obj
 0003:00001be8       ?MoveEntity@@YAXPEAUgame_state@@PEAUsim_region@@PEAUsim_entity@@MPEAUmove_spec@@Tv3@@@Z$rtcFrameData 0000000180028be8     p5engine.obj
 0003:00001c00       ?MoveEntity@@YAXPEAUgame_state@@PEAUsim_region@@PEAUsim_entity@@MPEAUmove_spec@@Tv3@@@Z$rtcVarDesc 0000000180028c00     p5engine.obj
 0003:00001fc0       ?GetStairGround@@YAMPEAUsim_entity@@Tv3@@@Z$rtcName$0 0000000180028fc0     p5engine.obj
 0003:00001fcc       ?GetStairGround@@YAMPEAUsim_entity@@Tv3@@@Z$rtcName$1 0000000180028fcc     p5engine.obj
 0003:00001fe0       ?GetStairGround@@YAMPEAUsim_entity@@Tv3@@@Z$rtcVarDesc 0000000180028fe0     p5engine.obj
 0003:00002060       ?GetStairGround@@YAMPEAUsim_entity@@Tv3@@@Z$rtcFrameData 0000000180029060     p5engine.obj
 0003:000020b0       ?DefaultMoveSpec@@YA?AUmove_spec@@XZ$rtcName$0 00000001800290b0     p5engine.obj
 0003:000020c0       ?DefaultMoveSpec@@YA?AUmove_spec@@XZ$rtcVarDesc 00000001800290c0     p5engine.obj
 0003:00002100       ?DefaultMoveSpec@@YA?AUmove_spec@@XZ$rtcFrameData 0000000180029100     p5engine.obj
 0003:00002130       ?DEBUGLoadBMP@@YA?AUloaded_bitmap@@PEAUthread_context@@P6A?AUdebug_read_file_result@@0PEAD@Z1@Z$rtcName$0 0000000180029130     p5engine.obj
 0003:00002138       ?DEBUGLoadBMP@@YA?AUloaded_bitmap@@PEAUthread_context@@P6A?AUdebug_read_file_result@@0PEAD@Z1@Z$rtcName$1 0000000180029138     p5engine.obj
 0003:00002148       ?DEBUGLoadBMP@@YA?AUloaded_bitmap@@PEAUthread_context@@P6A?AUdebug_read_file_result@@0PEAD@Z1@Z$rtcName$2 0000000180029148     p5engine.obj
 0003:00002150       ?DEBUGLoadBMP@@YA?AUloaded_bitmap@@PEAUthread_context@@P6A?AUdebug_read_file_result@@0PEAD@Z1@Z$rtcName$3 0000000180029150     p5engine.obj
 0003:00002160       ?DEBUGLoadBMP@@YA?AUloaded_bitmap@@PEAUthread_context@@P6A?AUdebug_read_file_result@@0PEAD@Z1@Z$rtcName$4 0000000180029160     p5engine.obj
 0003:00002170       ?DEBUGLoadBMP@@YA?AUloaded_bitmap@@PEAUthread_context@@P6A?AUdebug_read_file_result@@0PEAD@Z1@Z$rtcName$5 0000000180029170     p5engine.obj
 0003:00002180       ?DEBUGLoadBMP@@YA?AUloaded_bitmap@@PEAUthread_context@@P6A?AUdebug_read_file_result@@0PEAD@Z1@Z$rtcVarDesc 0000000180029180     p5engine.obj
 0003:00002300       ?DEBUGLoadBMP@@YA?AUloaded_bitmap@@PEAUthread_context@@P6A?AUdebug_read_file_result@@0PEAD@Z1@Z$rtcFrameData 0000000180029300     p5engine.obj
 0003:00002370       ?AddLowEntity@@YA?AUadd_low_entity_result@@PEAUgame_state@@W4entity_type@@Uworld_position@@@Z$rtcName$0 0000000180029370     p5engine.obj
 0003:00002380       ?AddLowEntity@@YA?AUadd_low_entity_result@@PEAUgame_state@@W4entity_type@@Uworld_position@@@Z$rtcVarDesc 0000000180029380     p5engine.obj
 0003:000023c0       ?AddLowEntity@@YA?AUadd_low_entity_result@@PEAUgame_state@@W4entity_type@@Uworld_position@@@Z$rtcFrameData 00000001800293c0     p5engine.obj
 0003:000023f0       ?AddGroundedEntity@@YA?AUadd_low_entity_result@@PEAUgame_state@@W4entity_type@@Uworld_position@@Tv3@@@Z$rtcName$0 00000001800293f0     p5engine.obj
 0003:000023fc       ?AddGroundedEntity@@YA?AUadd_low_entity_result@@PEAUgame_state@@W4entity_type@@Uworld_position@@Tv3@@@Z$rtcName$1 00000001800293fc     p5engine.obj
 0003:00002410       ?AddGroundedEntity@@YA?AUadd_low_entity_result@@PEAUgame_state@@W4entity_type@@Uworld_position@@Tv3@@@Z$rtcVarDesc 0000000180029410     p5engine.obj
 0003:00002490       ?AddGroundedEntity@@YA?AUadd_low_entity_result@@PEAUgame_state@@W4entity_type@@Uworld_position@@Tv3@@@Z$rtcFrameData 0000000180029490     p5engine.obj
 0003:000024d0       ?AddWall@@YA?AUadd_low_entity_result@@PEAUgame_state@@III@Z$rtcName$0 00000001800294d0     p5engine.obj
 0003:000024d4       ?AddWall@@YA?AUadd_low_entity_result@@PEAUgame_state@@III@Z$rtcName$1 00000001800294d4     p5engine.obj
 0003:000024d8       ?AddWall@@YA?AUadd_low_entity_result@@PEAUgame_state@@III@Z$rtcName$2 00000001800294d8     p5engine.obj
 0003:000024e0       ?AddWall@@YA?AUadd_low_entity_result@@PEAUgame_state@@III@Z$rtcVarDesc 00000001800294e0     p5engine.obj
[...]
 0003:00005278       $unwind$?GetWorldChunk@@YAPEAUworld_chunk@@PEAUworld@@HHHPEAUmemory_arena@@@Z 000000018002c278     p5engine.obj
 0003:0000528c       $unwind$?InitializeWorld@@YAXPEAUworld@@MM@Z 000000018002c28c     p5engine.obj
 0003:000052a0       $unwind$?RecanonicalizeCoord@@YAXMPEAHPEAM@Z 000000018002c2a0     p5engine.obj
 0003:000052bc       $unwind$?MapIntoChunkSpace@@YA?AUworld_position@@PEAUworld@@U1@Tv3@@@Z 000000018002c2bc     p5engine.obj
 0003:000052d8       $unwind$?ChunkPositionFromTilePosition@@YA?AUworld_position@@PEAUworld@@HHHTv3@@@Z 000000018002c2d8     p5engine.obj
 0003:000052f0       $unwind$?Subtract@@YA?ATv3@@PEAUworld@@PEAUworld_position@@1@Z 000000018002c2f0     p5engine.obj
 0003:00005308       $unwind$?ChangeEntityLocationRaw@@YAXPEAUmemory_arena@@PEAUworld@@IPEAUworld_position@@2@Z 000000018002c308     p5engine.obj
 0003:0000531c       $unwind$?ChangeEntityLocation@@YAXPEAUmemory_arena@@PEAUworld@@IPEAUlow_entity@@Uworld_position@@@Z 000000018002c31c     p5engine.obj
 0003:00005330       $unwind$?GetHashFromStorageIndex@@YAPEAUsim_entity_hash@@PEAUsim_region@@I@Z 000000018002c330     p5engine.obj
 0003:00005344       $unwind$?GetSimSpacePos@@YA?ATv3@@PEAUsim_region@@PEAUlow_entity@@@Z 000000018002c344     p5engine.obj
 0003:00005358       $unwind$?AddEntity@@YAPEAUsim_entity@@PEAUgame_state@@PEAUsim_region@@IPEAUlow_entity@@PEATv3@@@Z 000000018002c358     p5engine.obj
 0003:00005368       $unwind$?LoadEntityReference@@YAXPEAUgame_state@@PEAUsim_region@@PEATentity_reference@@@Z 000000018002c368     p5engine.obj
 0003:00005388       $unwind$?StoreEntityReference@@YAXPEATentity_reference@@@Z 000000018002c388     p5engine.obj
 0003:0000539c       $unwind$?AddEntityRaw@@YAPEAUsim_entity@@PEAUgame_state@@PEAUsim_region@@IPEAUlow_entity@@@Z 000000018002c39c     p5engine.obj
 0003:000053b0       $unwind$?EntityOverlapsRectangle@@YAHTv3@@0Urectangle3@@@Z 000000018002c3b0     p5engine.obj
 0003:000053cc       $unwind$?BeginSim@@YAPEAUsim_region@@PEAUmemory_arena@@PEAUgame_state@@PEAUworld@@Uworld_position@@Urectangle3@@M@Z 000000018002c3cc     p5engine.obj
 0003:000053e4       $unwind$?EndSim@@YAXPEAUsim_region@@PEAUgame_state@@@Z 000000018002c3e4     p5engine.obj
 0003:000053fc       $unwind$?TestWall@@YAHMMMMMPEAMMM@Z 000000018002c3fc     p5engine.obj
 0003:00005410       $unwind$?CanCollide@@YAHPEAUgame_state@@PEAUsim_entity@@1@Z 000000018002c410     p5engine.obj
 0003:00005424       $unwind$?HandleCollision@@YAHPEAUgame_state@@PEAUsim_entity@@1@Z 000000018002c424     p5engine.obj
 0003:00005438       $unwind$?CanOverlap@@YAHPEAUgame_state@@PEAUsim_entity@@1@Z 000000018002c438     p5engine.obj
 0003:00005454       $unwind$?HandleOverlap@@YAXPEAUgame_state@@PEAUsim_entity@@1MPEAM@Z 000000018002c454     p5engine.obj
 0003:00005468       $unwind$?SpeculativeCollide@@YAHPEAUsim_entity@@0@Z 000000018002c468     p5engine.obj
 0003:00005484       $unwind$?MoveEntity@@YAXPEAUgame_state@@PEAUsim_region@@PEAUsim_entity@@MPEAUmove_spec@@Tv3@@@Z 000000018002c484     p5engine.obj
 0003:000054a0       $unwind$?DefaultMoveSpec@@YA?AUmove_spec@@XZ 000000018002c4a0     p5engine.obj
 0003:000054bc       $unwind$?GameOutputSound@@YAXPEAUgame_state@@PEAUgame_sound_output_buffer@@H@Z 000000018002c4bc     p5engine.obj
 0003:000054d0       $unwind$?DrawRectangle@@YAXPEAUgame_offscreen_buffer@@Tv2@@1MMM@Z 000000018002c4d0     p5engine.obj
 0003:000054e4       $unwind$?DrawBitmap@@YAXPEAUgame_offscreen_buffer@@PEAUloaded_bitmap@@MMM@Z 000000018002c4e4     p5engine.obj
 0003:000054f8       $unwind$?DEBUGLoadBMP@@YA?AUloaded_bitmap@@PEAUthread_context@@P6A?AUdebug_read_file_result@@0PEAD@Z1@Z 000000018002c4f8     p5engine.obj
 0003:00005514       $unwind$?AddLowEntity@@YA?AUadd_low_entity_result@@PEAUgame_state@@W4entity_type@@Uworld_position@@@Z 000000018002c514     p5engine.obj
 0003:00005530       $unwind$?AddGroundedEntity@@YA?AUadd_low_entity_result@@PEAUgame_state@@W4entity_type@@Uworld_position@@Tv3@@@Z 000000018002c530     p5engine.obj
 0003:00005544       $unwind$?AddWall@@YA?AUadd_low_entity_result@@PEAUgame_state@@III@Z 000000018002c544     p5engine.obj
 0003:00005558       $unwind$?AddStairs@@YA?AUadd_low_entity_result@@PEAUgame_state@@III@Z 000000018002c558     p5engine.obj
 0003:0000556c       $unwind$?InitHitPoints@@YAXPEAUlow_entity@@I@Z 000000018002c56c     p5engine.obj
 0003:00005580       $unwind$?AddSword@@YA?AUadd_low_entity_result@@PEAUgame_state@@@Z 000000018002c580     p5engine.obj
 0003:00005594       $unwind$?AddPlayer@@YA?AUadd_low_entity_result@@PEAUgame_state@@@Z 000000018002c594     p5engine.obj
 0003:000055a8       $unwind$?AddMonstar@@YA?AUadd_low_entity_result@@PEAUgame_state@@III@Z 000000018002c5a8     p5engine.obj
 0003:000055bc       $unwind$?AddFamiliar@@YA?AUadd_low_entity_result@@PEAUgame_state@@III@Z 000000018002c5bc     p5engine.obj
 0003:000055d0       $unwind$?PushPiece@@YAXPEAUentity_visible_piece_group@@PEAUloaded_bitmap@@Tv2@@2M2Tv4@@M@Z 000000018002c5d0     p5engine.obj
 0003:000055e4       $unwind$?PushBitmap@@YAXPEAUentity_visible_piece_group@@PEAUloaded_bitmap@@Tv2@@M2MM@Z 000000018002c5e4     p5engine.obj
 0003:000055f8       $unwind$?PushRect@@YAXPEAUentity_visible_piece_group@@Tv2@@M1Tv4@@M@Z 000000018002c5f8     p5engine.obj
 0003:0000560c       $unwind$?DrawHitpoints@@YAXPEAUsim_entity@@PEAUentity_visible_piece_group@@@Z 000000018002c60c     p5engine.obj
 0003:00005628       $unwind$GameUpdateAndRender 000000018002c628     p5engine.obj
 0003:00005644       $unwind$GameGetSoundSamples 000000018002c644     p5engine.obj
 0003:00005658       $unwind$_RTC_CheckStackVars 000000018002c658     MSVCRTD:stack.obj
 0003:0000566c       $chain$0$_RTC_CheckStackVars 000000018002c66c     MSVCRTD:stack.obj
 0003:00005684       $chain$1$_RTC_CheckStackVars 000000018002c684     MSVCRTD:stack.obj
 0003:00005698       $unwind$_RTC_CheckStackVars2 000000018002c698     MSVCRTD:stack.obj
 0003:000056a8       $chain$1$_RTC_CheckStackVars2 000000018002c6a8     MSVCRTD:stack.obj
 0003:000056c4       $chain$2$_RTC_CheckStackVars2 000000018002c6c4     MSVCRTD:stack.obj
 0003:000056dc       $chain$3$_RTC_CheckStackVars2 000000018002c6dc     MSVCRTD:stack.obj
 0003:000056f4       $chain$4$_RTC_CheckStackVars2 000000018002c6f4     MSVCRTD:stack.obj
 0003:00005708       $chain$5$_RTC_CheckStackVars2 000000018002c708     MSVCRTD:stack.obj
 0003:0000571c       $chain$6$_RTC_CheckStackVars2 000000018002c71c     MSVCRTD:stack.obj
 0003:00005730       $unwind$_RTC_AllocaHelper  000000018002c730     MSVCRTD:stack.obj
 0003:00005738       $chain$0$_RTC_AllocaHelper 000000018002c738     MSVCRTD:stack.obj
 0003:00005750       $chain$1$_RTC_AllocaHelper 000000018002c750     MSVCRTD:stack.obj
 0003:00005764       $unwind$_RTC_Shutdown      000000018002c764     MSVCRTD:init.obj
 0003:0000576c       $unwind$_RTC_InitBase      000000018002c76c     MSVCRTD:init.obj
 0003:00005774       $unwind$__CheckForDebuggerJustMyCode 000000018002c774     MSVCRTD:debugger_jmc.obj
 0003:0000577c       $unwind$__GSHandlerCheckCommon 000000018002c77c     MSVCRTD:gshandler.obj
 0003:00005784       $unwind$__GSHandlerCheck   000000018002c784     MSVCRTD:gshandler.obj
 0003:00005790       $xdatasym                  000000018002c790     MSVCRTD:chkstk.obj
 0003:00005798       $xdatasym                  000000018002c798     MSVCRTD:amdsecgs.obj
 0003:0000579c       $unwind$?dllmain_crt_process_attach@@YAHQEAUHINSTANCE__@@QEAX@Z 000000018002c79c     MSVCRTD:dll_dllmain.obj
 0003:000057c0       $unwind$?fin$0@?0??dllmain_crt_process_attach@@YAHQEAUHINSTANCE__@@QEAX@Z@4HA 000000018002c7c0     MSVCRTD:dll_dllmain.obj
 0003:000057c8       $unwind$?dllmain_crt_process_detach@@YAH_N@Z 000000018002c7c8     MSVCRTD:dll_dllmain.obj
 0003:000057fc       $unwind$?fin$0@?0??dllmain_crt_process_detach@@YAH_N@Z@4HA 000000018002c7fc     MSVCRTD:dll_dllmain.obj
 0003:00005804       $unwind$?fin$1@?0??dllmain_crt_process_detach@@YAH_N@Z@4HA 000000018002c804     MSVCRTD:dll_dllmain.obj
 0003:0000580c       $unwind$?dllmain_crt_dispatch@@YAHQEAUHINSTANCE__@@KQEAX@Z 000000018002c80c     MSVCRTD:dll_dllmain.obj
 0003:00005814       $unwind$_CRT_INIT          000000018002c814     MSVCRTD:dll_dllmain.obj
 0003:0000581c       $unwind$?dllmain_raw@@YAHQEAUHINSTANCE__@@KQEAX@Z 000000018002c81c     MSVCRTD:dll_dllmain.obj
 0003:00005824       $unwind$?dllmain_dispatch@@YAHQEAUHINSTANCE__@@KQEAX@Z 000000018002c824     MSVCRTD:dll_dllmain.obj
 0003:00005848       $unwind$?filt$0@?0??dllmain_dispatch@@YAHQEAUHINSTANCE__@@KQEAX@Z@4HA 000000018002c848     MSVCRTD:dll_dllmain.obj
 0003:00005850       $unwind$_DllMainCRTStartup 000000018002c850     MSVCRTD:dll_dllmain.obj
 0003:00005858       $unwind$_RTC_UninitUse     000000018002c858     MSVCRTD:error.obj
 0003:00005874       $unwind$?_RTC_StackFailure@@YAXPEAXPEBD@Z 000000018002c874     MSVCRTD:error.obj
 0003:00005894       $unwind$?_RTC_AllocaFailure@@YAXPEAXPEAU_RTC_ALLOCA_NODE@@H@Z 000000018002c894     MSVCRTD:error.obj
 0003:000058b0       $chain$0$?_RTC_AllocaFailure@@YAXPEAXPEAU_RTC_ALLOCA_NODE@@H@Z 000000018002c8b0     MSVCRTD:error.obj
 0003:000058c8       $chain$1$?_RTC_AllocaFailure@@YAXPEAXPEAU_RTC_ALLOCA_NODE@@H@Z 000000018002c8c8     MSVCRTD:error.obj
 0003:000058dc       $unwind$_vsprintf_s_l      000000018002c8dc     MSVCRTD:error.obj
 0003:000058f4       $unwind$sprintf_s          000000018002c8f4     MSVCRTD:error.obj
 0003:000058fc       $unwind$?notify_debugger@@YAXAEBUtagEXCEPTION_VISUALCPP_DEBUG_INFO@@@Z 000000018002c8fc     MSVCRTD:error.obj
 0003:00005920       $unwind$?filt$0@?0??notify_debugger@@YAXAEBUtagEXCEPTION_VISUALCPP_DEBUG_INFO@@@Z@4HA 000000018002c920     MSVCRTD:error.obj
 0003:00005928       $unwind$?DebuggerProbe@@YA_NK@Z 000000018002c928     MSVCRTD:error.obj
 0003:00005930       $unwind$?DebuggerRuntime@@YA_NKHPEAXPEB_W@Z 000000018002c930     MSVCRTD:error.obj
 0003:00005938       $unwind$?failwithmessage@@YAXPEAXHHPEBD@Z 000000018002c938     MSVCRTD:error.obj
 0003:00005960       $unwind$?_getMemBlockDataString@@YAXPEAD0PEBD_K@Z 000000018002c960     MSVCRTD:error.obj
 0003:00005974       $chain$3$?_getMemBlockDataString@@YAXPEAD0PEBD_K@Z 000000018002c974     MSVCRTD:error.obj
 0003:00005998       $chain$4$?_getMemBlockDataString@@YAXPEAD0PEBD_K@Z 000000018002c998     MSVCRTD:error.obj
 0003:000059ac       $unwind$__report_securityfailure 000000018002c9ac     MSVCRTD:gs_report.obj
 0003:000059b4       $unwind$__report_securityfailureEx 000000018002c9b4     MSVCRTD:gs_report.obj
 0003:000059bc       $unwind$__report_rangecheckfailure 000000018002c9bc     MSVCRTD:gs_report.obj
 0003:000059c4       $unwind$__report_gsfailure 000000018002c9c4     MSVCRTD:gs_report.obj
 0003:000059cc       $unwind$capture_current_context 000000018002c9cc     MSVCRTD:gs_report.obj
 0003:000059d4       $unwind$capture_previous_context 000000018002c9d4     MSVCRTD:gs_report.obj
 0003:000059dc       $unwind$__raise_securityfailure 000000018002c9dc     MSVCRTD:gs_report.obj
 0003:000059e4       $unwind$__security_init_cookie 000000018002c9e4     MSVCRTD:gs_support.obj
 0003:000059ec       $unwind$__get_entropy      000000018002c9ec     MSVCRTD:gs_support.obj
 0003:000059f4       $unwind$DllMain            000000018002c9f4     MSVCRTD:dll_dllmain_stub.obj
 0003:000059fc       $unwind$?__scrt_initialize_type_info@@YAXXZ 000000018002c9fc     MSVCRTD:tncleanup.obj
 0003:00005a04       $unwind$?__scrt_uninitialize_type_info@@YAXXZ 000000018002ca04     MSVCRTD:tncleanup.obj
 0003:00005a0c       $unwind$__scrt_initialize_default_local_stdio_options 000000018002ca0c     MSVCRTD:default_local_stdio_options.obj
 0003:00005a14       $unwind$atexit             000000018002ca14     MSVCRTD:utility.obj
 0003:00005a1c       $unwind$_onexit            000000018002ca1c     MSVCRTD:utility.obj
 0003:00005a24       $unwind$at_quick_exit      000000018002ca24     MSVCRTD:utility.obj
 0003:00005a2c       $unwind$__scrt_is_nonwritable_in_current_image 000000018002ca2c     MSVCRTD:utility.obj
 0003:00005a50       $unwind$__scrt_is_nonwritable_in_current_image$filt$0 000000018002ca50     MSVCRTD:utility.obj
 0003:00005a58       $unwind$__scrt_acquire_startup_lock 000000018002ca58     MSVCRTD:utility.obj
 0003:00005a60       $unwind$__scrt_release_startup_lock 000000018002ca60     MSVCRTD:utility.obj
 0003:00005a68       $unwind$__scrt_initialize_crt 000000018002ca68     MSVCRTD:utility.obj
 0003:00005a70       $unwind$__scrt_uninitialize_crt 000000018002ca70     MSVCRTD:utility.obj
 0003:00005a78       $unwind$__scrt_initialize_onexit_tables 000000018002ca78     MSVCRTD:utility.obj
 0003:00005a88       $unwind$__scrt_dllmain_exception_filter 000000018002ca88     MSVCRTD:utility.obj
 0003:00005a90       $unwind$__scrt_dllmain_before_initialize_c 000000018002ca90     MSVCRTD:utility.obj
 0003:00005a98       $unwind$__scrt_dllmain_after_initialize_c 000000018002ca98     MSVCRTD:utility.obj
 0003:00005aa0       $unwind$__scrt_dllmain_uninitialize_c 000000018002caa0     MSVCRTD:utility.obj
 0003:00005aa8       $unwind$__scrt_dllmain_uninitialize_critical 000000018002caa8     MSVCRTD:utility.obj
 0003:00005ab0       $unwind$__scrt_dllmain_crt_thread_attach 000000018002cab0     MSVCRTD:utility.obj
 0003:00005ab8       $unwind$__scrt_dllmain_crt_thread_detach 000000018002cab8     MSVCRTD:utility.obj
 0003:00005ac0       $unwind$?configure_argv@__scrt_narrow_argv_policy@@SAHXZ 000000018002cac0     MSVCRTD:utility.obj
 0003:00005ac8       $unwind$?initialize_environment@__scrt_narrow_environment_policy@@SAHXZ 000000018002cac8     MSVCRTD:utility.obj
 0003:00005ad0       $unwind$?is_potentially_valid_image_base@@YA_NQEAX@Z 000000018002cad0     MSVCRTD:utility.obj
 0003:00005ad8       $unwind$?find_pe_section@@YAPEAU_IMAGE_SECTION_HEADER@@QEAE_K@Z 000000018002cad8     MSVCRTD:utility.obj
 0003:00005ae0       $unwind$__scrt_get_show_window_mode 000000018002cae0     MSVCRTD:utility_desktop.obj
 0003:00005af0       $unwind$__scrt_is_managed_app 000000018002caf0     MSVCRTD:utility_desktop.obj
 0003:00005af8       $unwind$__scrt_initialize_mta 000000018002caf8     MSVCRTD:utility_desktop.obj
 0003:00005b00       $unwind$__scrt_set_unhandled_exception_filter 000000018002cb00     MSVCRTD:utility_desktop.obj
 0003:00005b08       $unwind$__scrt_fastfail    000000018002cb08     MSVCRTD:utility_desktop.obj
 0003:00005b18       $unwind$__scrt_unhandled_exception_filter 000000018002cb18     MSVCRTD:utility_desktop.obj
 0003:00005b20       $unwind$_RTC_Initialize    000000018002cb20     MSVCRTD:initsect.obj
 0003:00005b30       $unwind$_RTC_Terminate     000000018002cb30     MSVCRTD:initsect.obj
 0003:00005b40       $unwind$ReadNoFence64      000000018002cb40     MSVCRTD:guard_support.obj
 0003:00005b48       $unwind$ReadPointerNoFence 000000018002cb48     MSVCRTD:guard_support.obj
 0003:00005b50       $unwind$_guard_icall_checks_enforced 000000018002cb50     MSVCRTD:guard_support.obj
 0003:00005b58       $unwind$__castguard_compat_check 000000018002cb58     MSVCRTD:guard_support.obj
 0003:00005b60       $unwind$__castguard_check_failure_debugbreak 000000018002cb60     MSVCRTD:guard_support.obj
 0003:00005b68       $unwind$__castguard_check_failure_fastfail 000000018002cb68     MSVCRTD:guard_support.obj
 0003:00005b70       $unwind$__castguard_check_failure_os_handled 000000018002cb70     MSVCRTD:guard_support.obj
 0003:00005b78       $unwind$__castguard_slow_path_compat_check 000000018002cb78     MSVCRTD:guard_support.obj
 0003:00005b80       $unwind$__castguard_slow_path_check_debugbreak 000000018002cb80     MSVCRTD:guard_support.obj
 0003:00005b88       $unwind$__castguard_slow_path_check_fastfail 000000018002cb88     MSVCRTD:guard_support.obj
 0003:00005b90       $unwind$__castguard_slow_path_check_os_handled 000000018002cb90     MSVCRTD:guard_support.obj
 0003:00005b98       $unwind$?_RTC_GetSrcLine@@YAHPEAEPEA_WKPEAH1K@Z 000000018002cb98     MSVCRTD:pdblkup.obj
 0003:00005bb4       $unwind$?GetPdbDllFromInstallPath@@YAPEAUHINSTANCE__@@XZ 000000018002cbb4     MSVCRTD:pdblkup.obj
 0003:00005bdc       $unwind$?GetPdbDllPathFromFilePath@@YAHPEB_WPEA_W_K@Z 000000018002cbdc     MSVCRTD:pdblkup.obj
 0003:00005bf8       $unwind$?GetPdbDll@@YAPEAUHINSTANCE__@@XZ 000000018002cbf8     MSVCRTD:pdblkup.obj
 0003:00005c0c       $unwind$__isa_available_init 000000018002cc0c     MSVCRTD:cpu_disp.obj
 0003:00005c20       $unwind$__scrt_is_ucrt_dll_in_use 000000018002cc20     MSVCRTD:ucrt_detection.obj
 0003:00005c28       $xdatasym                  000000018002cc28     MSVCRTD:guard_dispatch.obj
 0003:00005c30       $xdatasym                  000000018002cc30     MSVCRTD:guard_xfg_dispatch.obj
 0003:00005ee0       .edata                     000000018002cee0     P5Engine.exp
 0003:00005f08       rgpv                       000000018002cf08     P5Engine.exp
 0003:00005f10       rgszName                   000000018002cf10     P5Engine.exp
 0003:00005f18       rgwOrd                     000000018002cf18     P5Engine.exp
 0003:00005f1c       szName                     000000018002cf1c     P5Engine.exp
 0003:00005f29       $N00001                    000000018002cf29     P5Engine.exp
 0003:00005f3d       $N00002                    000000018002cf3d     P5Engine.exp
 0004:00000000       ?RandomNumberTable@@3PAIA  000000018002e000     p5engine.obj
 0004:00004e40       ?init@?1??_RTC_InitBase@@9@4_NA 0000000180032e40     MSVCRTD:init.obj
 0004:00004e44       ?__proc_attached@@3HA      0000000180032e44     MSVCRTD:dll_dllmain.obj
 0004:00004e58       ?_RTC_ErrorReportFunc@@3P6AHHPEBDH00ZZEA 0000000180032e58     MSVCRTD:userapi.obj
 0004:00004e60       ?_RTC_ErrorReportFuncW@@3P6AHHPEB_WH00ZZEA 0000000180032e60     MSVCRTD:userapi.obj
 0004:00004e70       GS_ExceptionRecord         0000000180032e70     MSVCRTD:gs_report.obj
 0004:00004f10       GS_ContextRecord           0000000180032f10     MSVCRTD:gs_report.obj
 0004:00005538       ?is_initialized_as_dll@@3_NA 0000000180033538     MSVCRTD:utility.obj
 0004:00005539       ?module_local_atexit_table_initialized@@3_NA 0000000180033539     MSVCRTD:utility.obj
 0004:00005540       ?module_local_atexit_table@@3U_onexit_table_t@@A 0000000180033540     MSVCRTD:utility.obj
 0004:00005558       ?module_local_at_quick_exit_table@@3U_onexit_table_t@@A 0000000180033558     MSVCRTD:utility.obj
 0004:00005598       ?mspdb@@3PEAUHINSTANCE__@@EA 0000000180033598     MSVCRTD:pdblkup.obj
 0004:000055a1       ?alreadyTried@?1??GetPdbDll@@YAPEAUHINSTANCE__@@XZ@4_NA 00000001800335a1     MSVCRTD:pdblkup.obj
 0004:000055a2       ?PDBOK@?1??_RTC_GetSrcLine@@YAHPEAEPEA_WKPEAH1K@Z@4_NA 00000001800335a2     MSVCRTD:pdblkup.obj
 0006:000007aa       .idata$6                   00000001800377aa     vcruntimed:VCRUNTIME140D.dll
 0006:0000095a       .idata$6                   000000018003795a     ucrtd:ucrtbased.dll
 0006:00000b9c       .idata$6                   0000000180037b9c     kernel32:KERNEL32.dll
 0007:00000000       __5C0B09BC_p5engine_platform@h 0000000180038000     p5engine.obj
 0007:00000001       __09340588_corecrt_math@h  0000000180038001     p5engine.obj
 0007:00000002       __B0C4CEA9_malloc@h        0000000180038002     p5engine.obj
 0007:00000003       __3A0418DB_p5engine_intrinsics@h 0000000180038003     p5engine.obj
 0007:00000004       __6D6C9F34_p5engine_math@h 0000000180038004     p5engine.obj
 0007:00000005       __326D9465_p5engine_entity@h 0000000180038005     p5engine.obj
 0007:00000006       __B7D51BCB_p5engine@h      0000000180038006     p5engine.obj
 0007:00000007       __DC0D61CC_p5engine_world@cpp 0000000180038007     p5engine.obj
 0007:00000008       __5DD8E4E4_p5engine_sim_region@cpp 0000000180038008     p5engine.obj
 0007:00000009       __9C871DF9_p5engine_entity@cpp 0000000180038009     p5engine.obj
 0007:0000000a       __D1049797_p5engine@cpp    000000018003800a     p5engine.obj
 0009:00000170       $R000000                   000000018003a170     * linker generated manifest res *
