 P5Engine

 Timestamp is 614fb7a2 (Sat Sep 25 16:58:26 2021)

 Preferred load address is 0000000180000000

 Start         Length     Name                   Class
 0001:00000000 00010000H .textbss                DATA
 0002:00000000 00015180H .text$mn                CODE
 0002:00015180 00001040H .text$mn$00             CODE
 0002:000161c0 00001141H .text$x                 CODE
 0003:00000000 00000110H .CRT$XCA                DATA
 0003:00000110 00000110H .CRT$XCZ                DATA
 0003:00000220 00000110H .CRT$XIA                DATA
 0003:00000330 00000110H .CRT$XIZ                DATA
 0003:00000440 00000110H .CRT$XPA                DATA
 0003:00000550 00000110H .CRT$XPZ                DATA
 0003:00000660 00000110H .CRT$XTA                DATA
 0003:00000770 00000110H .CRT$XTZ                DATA
 0003:00000880 00004300H .rdata                  DATA
 0003:00004b80 00000110H .rdata$CastGuardVftablesA DATA
 0003:00004c90 0000010cH .rdata$CastGuardVftablesC DATA
 0003:00004d9c 0000017cH .rdata$zzzdbg           DATA
 0003:00004f18 00000110H .rtc$IAA                DATA
 0003:00005028 00000110H .rtc$IMZ                DATA
 0003:00005138 00000110H .rtc$IZZ                DATA
 0003:00005248 00000110H .rtc$TAA                DATA
 0003:00005358 00000110H .rtc$TMZ                DATA
 0003:00005468 00000110H .rtc$TZZ                DATA
 0003:00005578 00001228H .xdata                  DATA
 0003:000067a0 00000187H .edata                  DATA
 0004:00000000 00004e40H .data                   DATA
 0004:00004e40 00000788H .bss                    DATA
 0005:00000000 000026d0H .pdata                  DATA
 0006:00000000 00000330H .idata$5                DATA
 0006:00000330 0000003cH .idata$2                DATA
 0006:0000036c 00000014H .idata$3                DATA
 0006:00000380 00000330H .idata$4                DATA
 0006:000006b0 0000064dH .idata$6                DATA
 0007:00000000 0000010eH .msvcjmc                DATA
 0008:00000000 00000151H .00cfg                  DATA
 0009:00000000 00000170H .rsrc$01                DATA
 0009:00000170 000001b6H .rsrc$02                DATA

  Address         Publics by Value              Rva+Base               Lib:Object

 0000:00000000       __guard_check_icall_a64n_fptr 0000000000000000     <absolute>
 0000:00000000       __hybrid_auxiliary_iat_copy 0000000000000000     <absolute>
 0000:00000000       __guard_fids_count         0000000000000000     <absolute>
 0000:00000000       __hybrid_auxiliary_iat     0000000000000000     <absolute>
 0000:00000000       __guard_fids_table         0000000000000000     <absolute>
 0000:00000000       __dynamic_value_reloc_table 0000000000000000     <absolute>
 0000:00000000       __hybrid_code_map          0000000000000000     <absolute>
 0000:00000000       __guard_longjmp_count      0000000000000000     <absolute>
 0000:00000000       __guard_iat_count          0000000000000000     <absolute>
 0000:00000000       __x64_code_ranges_to_entry_points 0000000000000000     <absolute>
 0000:00000000       __hybrid_code_map_count    0000000000000000     <absolute>
 0000:00000000       __guard_iat_table          0000000000000000     <absolute>
 0000:00000000       __volatile_metadata        0000000000000000     <absolute>
 0000:00000000       __arm64x_redirection_metadata 0000000000000000     <absolute>
 0000:00000000       __guard_longjmp_table      0000000000000000     <absolute>
 0000:00000000       __arm64x_extra_rfe_table_size 0000000000000000     <absolute>
 0000:00000000       ___safe_se_handler_count   0000000000000000     <absolute>
 0000:00000000       __guard_eh_cont_count      0000000000000000     <absolute>
 0000:00000000       __x64_code_ranges_to_entry_points_count 0000000000000000     <absolute>
 0000:00000000       __arm64x_native_entrypoint 0000000000000000     <absolute>
 0000:00000000       ___safe_se_handler_table   0000000000000000     <absolute>
 0000:00000000       __arm64x_redirection_metadata_count 0000000000000000     <absolute>
 0000:00000000       __arm64x_extra_rfe_table   0000000000000000     <absolute>
 0000:00000000       __guard_eh_cont_table      0000000000000000     <absolute>
 0000:00000000       __AbsoluteZero             0000000000000000     <absolute>
 0000:00000000       __enclave_config           0000000000000000     <absolute>
 0000:00000100       __guard_flags              0000000000000100     <absolute>
 0000:00000000       __ImageBase                0000000180000000     <linker-defined>
 0001:00000000       __enc$textbss$begin        0000000180001000     <linker-defined>
 0001:00010000       __enc$textbss$end          0000000180011000     <linker-defined>
 0002:00000990       ??D@YA?ATv2@@MT0@@Z        0000000180011990 f i p5engine.obj
 0002:00000a80       ??D@YA?ATv3@@MT0@@Z        0000000180011a80 f i p5engine.obj
 0002:00000bc0       ??D@YA?ATv3@@T0@M@Z        0000000180011bc0 f i p5engine.obj
 0002:00000cc0       ??G@YA?ATv2@@T0@0@Z        0000000180011cc0 f i p5engine.obj
 0002:00000db0       ??G@YA?ATv3@@T0@0@Z        0000000180011db0 f i p5engine.obj
 0002:00000f00       ??H@YA?ATv2@@T0@0@Z        0000000180011f00 f i p5engine.obj
 0002:00000ff0       ??H@YA?ATv3@@T0@0@Z        0000000180011ff0 f i p5engine.obj
 0002:00001140       ??X@YAAEATv3@@AEAT0@M@Z    0000000180012140 f i p5engine.obj
 0002:00001200       ??Y@YAAEATv2@@AEAT0@T0@@Z  0000000180012200 f i p5engine.obj
 0002:00001280       ??Y@YAAEATv3@@AEAT0@T0@@Z  0000000180012280 f i p5engine.obj
 0002:00001360       ??Z@YAAEATv3@@AEAT0@T0@@Z  0000000180012360 f i p5engine.obj
 0002:00001440       ?AbsoluteValue@@YAMM@Z     0000000180012440 f i p5engine.obj
 0002:00001c40       ?AddFlags@@YAXPEAUsim_entity@@I@Z 0000000180012c40 f i p5engine.obj
 0002:00002400       ?AddRadiusTo@@YA?AUrectangle3@@U1@Tv3@@@Z 0000000180013400 f i p5engine.obj
 0002:00002d80       ?AreInSameChunk@@YAHPEAUworld@@PEAUworld_position@@1@Z 0000000180013d80 f i p5engine.obj
 0002:00003b50       ?ChangeEntityLocationRaw@@YAXPEAUmemory_arena@@PEAUworld@@IPEAUworld_position@@2@Z 0000000180014b50 f i p5engine.obj
 0002:00004050       ?ChunkPositionFromTilePosition@@YA?AUworld_position@@PEAUworld@@HHHTv3@@@Z 0000000180015050 f i p5engine.obj
 0002:000043b0       ?Clamp01@@YA?ATv2@@T1@@Z   00000001800153b0 f i p5engine.obj
 0002:00004490       ?Clamp01@@YAMM@Z           0000000180015490 f i p5engine.obj
 0002:000044f0       ?Clamp@@YAMMMM@Z           00000001800154f0 f i p5engine.obj
 0002:000046c0       ?ClearFlags@@YAXPEAUsim_entity@@I@Z 00000001800156c0 f i p5engine.obj
 0002:00004cc0       ?DefaultMoveSpec@@YA?AUmove_spec@@XZ 0000000180015cc0 f i p5engine.obj
 0002:000065f0       ?EntityOverlapsRectangle@@YAHTv3@@Usim_entity_collision_volume@@Urectangle3@@@Z 00000001800175f0 f i p5engine.obj
 0002:00006820       ?FindLeastSignificantSetBit@@YA?AUbit_scan_result@@I@Z 0000000180017820 f i p5engine.obj
 0002:000069e0       ?GetBarycentric@@YA?ATv2@@Urectangle2@@T1@@Z 00000001800179e0 f i p5engine.obj
 0002:00006b20       ?GetEntityGroundPoint@@YA?ATv3@@PEAUsim_entity@@@Z 0000000180017b20 f i p5engine.obj
 0002:00006cf0       ?GetLowEntity@@YAPEAUlow_entity@@PEAUgame_state@@I@Z 0000000180017cf0 f i p5engine.obj
 0002:00006d90       ?GetMaxCorner@@YA?ATv3@@Urectangle3@@@Z 0000000180017d90 f i p5engine.obj
 0002:00006e50       ?GetMinCorner@@YA?ATv3@@Urectangle3@@@Z 0000000180017e50 f i p5engine.obj
 0002:00006f10       ?GetSimSpacePos@@YA?ATv3@@PEAUsim_region@@PEAUlow_entity@@@Z 0000000180017f10 f i p5engine.obj
 0002:00007090       ?GetStairGround@@YAMPEAUsim_entity@@Tv3@@@Z 0000000180018090 f i p5engine.obj
 0002:00007200       ?GetWorldChunk@@YAPEAUworld_chunk@@PEAUworld@@HHHPEAUmemory_arena@@@Z 0000000180018200 f i p5engine.obj
 0002:00007480       ?Hadamard@@YA?ATv3@@T1@0@Z 0000000180018480 f i p5engine.obj
 0002:000077d0       ?HasFlag@@YAHPEAUsim_entity@@I@Z 00000001800187d0 f i p5engine.obj
 0002:000078f0       ?InitializeArena@@YAXPEAUmemory_arena@@_KPEAX@Z 00000001800188f0 f i p5engine.obj
 0002:00007ae0       ?Inner@@YAMTv3@@0@Z        0000000180018ae0 f i p5engine.obj
 0002:00007b90       ?IsCanonical@@YAHMM@Z      0000000180018b90 f i p5engine.obj
 0002:00007c60       ?IsCanonical@@YAHPEAUworld@@Tv3@@@Z 0000000180018c60 f i p5engine.obj
 0002:00007d40       ?IsInRectangle@@YAHUrectangle3@@Tv3@@@Z 0000000180018d40 f i p5engine.obj
 0002:00007e60       ?IsValid@@YAHUworld_position@@@Z 0000000180018e60 f i p5engine.obj
 0002:00007ed0       ?Length@@YAMTv3@@@Z        0000000180018ed0 f i p5engine.obj
 0002:00007f50       ?LengthSq@@YAMTv3@@@Z      0000000180018f50 f i p5engine.obj
 0002:00007ff0       ?LoadEntityReference@@YAXPEAUgame_state@@PEAUsim_region@@PEATentity_reference@@@Z 0000000180018ff0 f i p5engine.obj
 0002:000082d0       ?MakeEntityNonSpatial@@YAXPEAUsim_entity@@@Z 00000001800192d0 f i p5engine.obj
 0002:00008390       ?MakeEntitySpatial@@YAXPEAUsim_entity@@Tv3@@1@Z 0000000180019390 f i p5engine.obj
 0002:000086f0       ?MapIntoChunkSpace@@YA?AUworld_position@@PEAUworld@@U1@Tv3@@@Z 00000001800196f0 f i p5engine.obj
 0002:0000a880       ?NullPosition@@YA?AUworld_position@@XZ 000000018001b880 f i p5engine.obj
 0002:0000a960       ?PushBitmap@@YAXPEAUentity_visible_piece_group@@PEAUloaded_bitmap@@Tv2@@M2MM@Z 000000018001b960 f i p5engine.obj
 0002:0000ab00       ?PushPiece@@YAXPEAUentity_visible_piece_group@@PEAUloaded_bitmap@@Tv2@@2M2Tv4@@M@Z 000000018001bb00 f i p5engine.obj
 0002:0000ad00       ?PushRect@@YAXPEAUentity_visible_piece_group@@Tv2@@M1Tv4@@M@Z 000000018001bd00 f i p5engine.obj
 0002:0000adf0       ?PushSize_@@YAPEAXPEAUmemory_arena@@_K@Z 000000018001bdf0 f i p5engine.obj
 0002:0000aeb0       ?RandomChoice@@YAIPEAUrandom_series@@I@Z 000000018001beb0 f i p5engine.obj
 0002:0000af10       ?RandomNextUInt32@@YAIPEAUrandom_series@@@Z 000000018001bf10 f i p5engine.obj
 0002:0000afb0       ?RandomSeed@@YA?AUrandom_series@@I@Z 000000018001bfb0 f i p5engine.obj
 0002:0000b080       ?RandomUnilateral@@YAMPEAUrandom_series@@@Z 000000018001c080 f i p5engine.obj
 0002:0000b100       ?RecanonicalizeCoord@@YAXMPEAHPEAM@Z 000000018001c100 f i p5engine.obj
 0002:0000b1f0       ?RectCenterDim@@YA?AUrectangle2@@Tv2@@0@Z 000000018001c1f0 f i p5engine.obj
 0002:0000b2f0       ?RectCenterDim@@YA?AUrectangle3@@Tv3@@0@Z 000000018001c2f0 f i p5engine.obj
 0002:0000b460       ?RectCenterHalfDim@@YA?AUrectangle2@@Tv2@@0@Z 000000018001c460 f i p5engine.obj
 0002:0000b5a0       ?RectCenterHalfDim@@YA?AUrectangle3@@Tv3@@0@Z 000000018001c5a0 f i p5engine.obj
 0002:0000b7b0       ?RectanglesIntersect@@YAHUrectangle3@@0@Z 000000018001c7b0 f i p5engine.obj
 0002:0000b8e0       ?RoundReal32ToInt32@@YAHM@Z 000000018001c8e0 f i p5engine.obj
 0002:0000b940       ?RoundReal32ToUInt32@@YAIM@Z 000000018001c940 f i p5engine.obj
 0002:0000b9a0       ?Sin@@YAMM@Z               000000018001c9a0 f i p5engine.obj
 0002:0000bb50       ?Square@@YAMM@Z            000000018001cb50 f i p5engine.obj
 0002:0000bbb0       ?SquareRoot@@YAMM@Z        000000018001cbb0 f i p5engine.obj
 0002:0000bc10       ?StoreEntityReference@@YAXPEATentity_reference@@@Z 000000018001cc10 f i p5engine.obj
 0002:0000bfa0       ?V2@@YA?ATv2@@MM@Z         000000018001cfa0 f i p5engine.obj
 0002:0000c070       ?V2i@@YA?ATv2@@HH@Z        000000018001d070 f i p5engine.obj
 0002:0000c120       ?V3@@YA?ATv3@@MMM@Z        000000018001d120 f i p5engine.obj
 0002:0000c240       ?V4@@YA?ATv4@@MMMM@Z       000000018001d240 f i p5engine.obj
 0002:0000c370       ?ZeroSize@@YAX_KPEAX@Z     000000018001d370 f i p5engine.obj
 0002:0000c410       GameGetSoundSamples        000000018001d410 f   p5engine.obj
 0002:0000c480       GameUpdateAndRender        000000018001d480 f   p5engine.obj
 0002:0000fb40       GetController              0000000180020b40 f i p5engine.obj
 0002:0000fbc0       __JustMyCode_Default       0000000180020bc0 f i p5engine.obj
 0002:0000fbd0       _RTC_AllocaHelper          0000000180020bd0 f   MSVCRTD:stack.obj
 0002:0000fc20       _RTC_CheckStackVars        0000000180020c20 f   MSVCRTD:stack.obj
 0002:0000fcd0       _RTC_CheckStackVars2       0000000180020cd0 f   MSVCRTD:stack.obj
 0002:0000fe20       _CRT_RTC_INIT              0000000180020e20 f   MSVCRTD:init.obj
 0002:0000fe30       _CRT_RTC_INITW             0000000180020e30 f   MSVCRTD:init.obj
 0002:0000fe40       _RTC_InitBase              0000000180020e40 f   MSVCRTD:init.obj
 0002:0000fe90       _RTC_Shutdown              0000000180020e90 f   MSVCRTD:init.obj
 0002:0000fec0       __CheckForDebuggerJustMyCode 0000000180020ec0 f   MSVCRTD:debugger_jmc.obj
 0002:0000ff10       __GSHandlerCheck           0000000180020f10 f   MSVCRTD:gshandler.obj
 0002:0000ff60       __GSHandlerCheckCommon     0000000180020f60 f   MSVCRTD:gshandler.obj
 0002:000100b0       _alloca_probe              00000001800210b0 f   MSVCRTD:chkstk.obj
 0002:000100b0       __chkstk                   00000001800210b0 f   MSVCRTD:chkstk.obj
 0002:00010130       __security_check_cookie    0000000180021130 f   MSVCRTD:amdsecgs.obj
 0002:00010660       _CRT_INIT                  0000000180021660 f   MSVCRTD:dll_dllmain.obj
 0002:000106a0       _DllMainCRTStartup         00000001800216a0 f   MSVCRTD:dll_dllmain.obj
 0002:000107a0       ?_RTC_AllocaFailure@@YAXPEAXPEAU_RTC_ALLOCA_NODE@@H@Z 00000001800217a0 f   MSVCRTD:error.obj
 0002:00010950       ?_RTC_Failure@@YAXPEAXH@Z  0000000180021950 f   MSVCRTD:error.obj
 0002:000109c0       ?_RTC_StackFailure@@YAXPEAXPEBD@Z 00000001800219c0 f   MSVCRTD:error.obj
 0002:00010f00       _RTC_UninitUse             0000000180021f00 f   MSVCRTD:error.obj
 0002:00011000       __local_stdio_printf_options 0000000180022000 f i MSVCRTD:error.obj
 0002:00011010       _vsprintf_s_l              0000000180022010 f i MSVCRTD:error.obj
 0002:00011090       sprintf_s                  0000000180022090 f i MSVCRTD:error.obj
 0002:000110c0       ?_RTC_GetErrorFunc@@YAP6AHHPEBDH00ZZPEBX@Z 00000001800220c0 f   MSVCRTD:userapi.obj
 0002:000110d0       ?_RTC_GetErrorFuncW@@YAP6AHHPEB_WH00ZZPEBX@Z 00000001800220d0 f   MSVCRTD:userapi.obj
 0002:000110e0       _RTC_GetErrDesc            00000001800220e0 f   MSVCRTD:userapi.obj
 0002:00011100       _RTC_NumErrors             0000000180022100 f   MSVCRTD:userapi.obj
 0002:00011110       _RTC_SetErrorFunc          0000000180022110 f   MSVCRTD:userapi.obj
 0002:00011130       _RTC_SetErrorFuncW         0000000180022130 f   MSVCRTD:userapi.obj
 0002:00011150       _RTC_SetErrorType          0000000180022150 f   MSVCRTD:userapi.obj
 0002:00011180       __raise_securityfailure    0000000180022180 f   MSVCRTD:gs_report.obj
 0002:000111d0       __report_gsfailure         00000001800221d0 f   MSVCRTD:gs_report.obj
 0002:000112e0       __report_rangecheckfailure 00000001800222e0 f   MSVCRTD:gs_report.obj
 0002:00011300       __report_securityfailure   0000000180022300 f   MSVCRTD:gs_report.obj
 0002:000113d0       __report_securityfailureEx 00000001800223d0 f   MSVCRTD:gs_report.obj
 0002:000117c0       __security_init_cookie     00000001800227c0 f   MSVCRTD:gs_support.obj
 0002:00011860       DllMain                    0000000180022860 f   MSVCRTD:dll_dllmain_stub.obj
 0002:000118b0       ?__scrt_initialize_type_info@@YAXXZ 00000001800228b0 f   MSVCRTD:tncleanup.obj
 0002:000118d0       ?__scrt_uninitialize_type_info@@YAXXZ 00000001800228d0 f   MSVCRTD:tncleanup.obj
 0002:000118f0       __local_stdio_scanf_options 00000001800228f0 f i MSVCRTD:default_local_stdio_options.obj
 0002:00011900       __scrt_initialize_default_local_stdio_options 0000000180022900 f   MSVCRTD:default_local_stdio_options.obj
 0002:00011960       ?configure_argv@__scrt_narrow_argv_policy@@SAHXZ 0000000180022960 f i MSVCRTD:utility.obj
 0002:00011a80       ?initialize_environment@__scrt_narrow_environment_policy@@SAHXZ 0000000180022a80 f i MSVCRTD:utility.obj
 0002:00011b50       NtCurrentTeb               0000000180022b50 f i MSVCRTD:utility.obj
 0002:00011b60       __scrt_acquire_startup_lock 0000000180022b60 f   MSVCRTD:utility.obj
 0002:00011be0       __scrt_dllmain_after_initialize_c 0000000180022be0 f   MSVCRTD:utility.obj
 0002:00011c20       __scrt_dllmain_before_initialize_c 0000000180022c20 f   MSVCRTD:utility.obj
 0002:00011c50       __scrt_dllmain_crt_thread_attach 0000000180022c50 f   MSVCRTD:utility.obj
 0002:00011c90       __scrt_dllmain_crt_thread_detach 0000000180022c90 f   MSVCRTD:utility.obj
 0002:00011cb0       __scrt_dllmain_exception_filter 0000000180022cb0 f   MSVCRTD:utility.obj
 0002:00011d30       __scrt_dllmain_uninitialize_c 0000000180022d30 f   MSVCRTD:utility.obj
 0002:00011d70       __scrt_dllmain_uninitialize_critical 0000000180022d70 f   MSVCRTD:utility.obj
 0002:00011d90       __scrt_initialize_crt      0000000180022d90 f   MSVCRTD:utility.obj
 0002:00011df0       __scrt_initialize_onexit_tables 0000000180022df0 f   MSVCRTD:utility.obj
 0002:00011f40       __scrt_is_nonwritable_in_current_image 0000000180022f40 f   MSVCRTD:utility.obj
 0002:00011ff0       __scrt_release_startup_lock 0000000180022ff0 f   MSVCRTD:utility.obj
 0002:00012030       __scrt_uninitialize_crt    0000000180023030 f   MSVCRTD:utility.obj
 0002:00012080       _onexit                    0000000180023080 f   MSVCRTD:utility.obj
 0002:00012120       at_quick_exit              0000000180023120 f   MSVCRTD:utility.obj
 0002:00012180       atexit                     0000000180023180 f   MSVCRTD:utility.obj
 0002:000121c0       __scrt_get_dyn_tls_init_callback 00000001800231c0 f   MSVCRTD:dyn_tls_init.obj
 0002:000121d0       __crt_debugger_hook        00000001800231d0 f   MSVCRTD:utility_desktop.obj
 0002:000121f0       __scrt_fastfail            00000001800231f0 f   MSVCRTD:utility_desktop.obj
 0002:000123f0       __scrt_get_show_window_mode 00000001800233f0 f   MSVCRTD:utility_desktop.obj
 0002:00012460       __scrt_initialize_mta      0000000180023460 f   MSVCRTD:utility_desktop.obj
 0002:00012480       __scrt_initialize_winrt    0000000180023480 f   MSVCRTD:utility_desktop.obj
 0002:00012490       __scrt_is_managed_app      0000000180023490 f   MSVCRTD:utility_desktop.obj
 0002:00012560       __scrt_set_unhandled_exception_filter 0000000180023560 f   MSVCRTD:utility_desktop.obj
 0002:00012580       __scrt_stub_for_initialize_mta 0000000180023580 f   MSVCRTD:utility_desktop.obj
 0002:00012580       __scrt_exe_initialize_mta  0000000180023580 f   MSVCRTD:utility_desktop.obj
 0002:00012590       __scrt_unhandled_exception_filter 0000000180023590 f   MSVCRTD:utility_desktop.obj
 0002:00012650       _RTC_Initialize            0000000180023650 f   MSVCRTD:initsect.obj
 0002:000126b0       _RTC_Terminate             00000001800236b0 f   MSVCRTD:initsect.obj
 0002:00012710       _guard_check_icall_nop     0000000180023710 f i MSVCRTD:guard_support.obj
 0002:00012720       ReadNoFence64              0000000180023720 f i MSVCRTD:guard_support.obj
 0002:00012750       ReadPointerNoFence         0000000180023750 f i MSVCRTD:guard_support.obj
 0002:00012770       __castguard_check_failure_debugbreak 0000000180023770 f i MSVCRTD:guard_support.obj
 0002:000127a0       __castguard_check_failure_fastfail 00000001800237a0 f i MSVCRTD:guard_support.obj
 0002:000127d0       __castguard_check_failure_nop 00000001800237d0 f i MSVCRTD:guard_support.obj
 0002:000127e0       __castguard_check_failure_os_handled 00000001800237e0 f i MSVCRTD:guard_support.obj
 0002:000128d0       __castguard_slow_path_check_debugbreak 00000001800238d0 f i MSVCRTD:guard_support.obj
 0002:00012920       __castguard_slow_path_check_fastfail 0000000180023920 f i MSVCRTD:guard_support.obj
 0002:00012980       __castguard_slow_path_check_nop 0000000180023980 f i MSVCRTD:guard_support.obj
 0002:000129a0       __castguard_slow_path_check_os_handled 00000001800239a0 f i MSVCRTD:guard_support.obj
 0002:00012ab0       _guard_icall_checks_enforced 0000000180023ab0 f i MSVCRTD:guard_support.obj
 0002:00012b00       _guard_rf_checks_enforced  0000000180023b00 f i MSVCRTD:guard_support.obj
 0002:00013160       ?_RTC_GetSrcLine@@YAHPEAEPEA_WKPEAH1K@Z 0000000180024160 f   MSVCRTD:pdblkup.obj
 0002:00013620       __isa_available_init       0000000180024620 f   MSVCRTD:cpu_disp.obj
 0002:00013aa0       _get_startup_argv_mode     0000000180024aa0 f   MSVCRTD:argv_mode.obj
 0002:00013ab0       __scrt_is_ucrt_dll_in_use  0000000180024ab0 f   MSVCRTD:ucrt_detection.obj
 0002:00013ae0       __C_specific_handler       0000000180024ae0 f   vcruntimed:VCRUNTIME140D.dll
 0002:00013ae6       __C_specific_handler_noexcept 0000000180024ae6 f   vcruntimed:VCRUNTIME140D.dll
 0002:00013aec       __std_type_info_destroy_list 0000000180024aec f   vcruntimed:VCRUNTIME140D.dll
 0002:00013af2       __current_exception        0000000180024af2 f   vcruntimed:VCRUNTIME140D.dll
 0002:00013af8       __current_exception_context 0000000180024af8 f   vcruntimed:VCRUNTIME140D.dll
 0002:00013afe       __vcrt_GetModuleFileNameW  0000000180024afe f   vcruntimed:VCRUNTIME140D.dll
 0002:00013b04       __vcrt_GetModuleHandleW    0000000180024b04 f   vcruntimed:VCRUNTIME140D.dll
 0002:00013b0a       __vcrt_LoadLibraryExW      0000000180024b0a f   vcruntimed:VCRUNTIME140D.dll
 0002:00013b10       fabs                       0000000180024b10 f   ucrtd:ucrtbased.dll
 0002:00013b16       roundf                     0000000180024b16 f   ucrtd:ucrtbased.dll
 0002:00013b1c       sinf                       0000000180024b1c f   ucrtd:ucrtbased.dll
 0002:00013b22       sqrtf                      0000000180024b22 f   ucrtd:ucrtbased.dll
 0002:00013b28       _CrtDbgReport              0000000180024b28 f   ucrtd:ucrtbased.dll
 0002:00013b2e       _CrtDbgReportW             0000000180024b2e f   ucrtd:ucrtbased.dll
 0002:00013b34       _initterm                  0000000180024b34 f   ucrtd:ucrtbased.dll
 0002:00013b3a       _initterm_e                0000000180024b3a f   ucrtd:ucrtbased.dll
 0002:00013b40       strcpy_s                   0000000180024b40 f   ucrtd:ucrtbased.dll
 0002:00013b46       strcat_s                   0000000180024b46 f   ucrtd:ucrtbased.dll
 0002:00013b4c       __stdio_common_vsprintf_s  0000000180024b4c f   ucrtd:ucrtbased.dll
 0002:00013b52       _seh_filter_dll            0000000180024b52 f   ucrtd:ucrtbased.dll
 0002:00013b58       _configure_narrow_argv     0000000180024b58 f   ucrtd:ucrtbased.dll
 0002:00013b5e       _initialize_narrow_environment 0000000180024b5e f   ucrtd:ucrtbased.dll
 0002:00013b64       _initialize_onexit_table   0000000180024b64 f   ucrtd:ucrtbased.dll
 0002:00013b6a       _register_onexit_function  0000000180024b6a f   ucrtd:ucrtbased.dll
 0002:00013b70       _execute_onexit_table      0000000180024b70 f   ucrtd:ucrtbased.dll
 0002:00013b76       _crt_atexit                0000000180024b76 f   ucrtd:ucrtbased.dll
 0002:00013b7c       _crt_at_quick_exit         0000000180024b7c f   ucrtd:ucrtbased.dll
 0002:00013b82       _cexit                     0000000180024b82 f   ucrtd:ucrtbased.dll
 0002:00013b88       terminate                  0000000180024b88 f   ucrtd:ucrtbased.dll
 0002:00013b8e       _wmakepath_s               0000000180024b8e f   ucrtd:ucrtbased.dll
 0002:00013b94       _wsplitpath_s              0000000180024b94 f   ucrtd:ucrtbased.dll
 0002:00013b9a       wcscpy_s                   0000000180024b9a f   ucrtd:ucrtbased.dll
 0002:00013ba0       GetCurrentThreadId         0000000180024ba0 f   kernel32:KERNEL32.dll
 0002:00013ba6       IsDebuggerPresent          0000000180024ba6 f   kernel32:KERNEL32.dll
 0002:00013bac       RaiseException             0000000180024bac f   kernel32:KERNEL32.dll
 0002:00013bb2       MultiByteToWideChar        0000000180024bb2 f   kernel32:KERNEL32.dll
 0002:00013bb8       WideCharToMultiByte        0000000180024bb8 f   kernel32:KERNEL32.dll
 0002:00013bbe       RtlCaptureContext          0000000180024bbe f   kernel32:KERNEL32.dll
 0002:00013bc4       RtlLookupFunctionEntry     0000000180024bc4 f   kernel32:KERNEL32.dll
 0002:00013bca       RtlVirtualUnwind           0000000180024bca f   kernel32:KERNEL32.dll
 0002:00013bd0       UnhandledExceptionFilter   0000000180024bd0 f   kernel32:KERNEL32.dll
 0002:00013bd6       SetUnhandledExceptionFilter 0000000180024bd6 f   kernel32:KERNEL32.dll
 0002:00013bdc       GetCurrentProcess          0000000180024bdc f   kernel32:KERNEL32.dll
 0002:00013be2       TerminateProcess           0000000180024be2 f   kernel32:KERNEL32.dll
 0002:00013be8       IsProcessorFeaturePresent  0000000180024be8 f   kernel32:KERNEL32.dll
 0002:00013bee       QueryPerformanceCounter    0000000180024bee f   kernel32:KERNEL32.dll
 0002:00013bf4       GetCurrentProcessId        0000000180024bf4 f   kernel32:KERNEL32.dll
 0002:00013bfa       GetSystemTimeAsFileTime    0000000180024bfa f   kernel32:KERNEL32.dll
 0002:00013c00       DisableThreadLibraryCalls  0000000180024c00 f   kernel32:KERNEL32.dll
 0002:00013c06       InitializeSListHead        0000000180024c06 f   kernel32:KERNEL32.dll
 0002:00013c0c       GetStartupInfoW            0000000180024c0c f   kernel32:KERNEL32.dll
 0002:00013c12       GetModuleHandleW           0000000180024c12 f   kernel32:KERNEL32.dll
 0002:00013c18       GetLastError               0000000180024c18 f   kernel32:KERNEL32.dll
 0002:00013c1e       HeapAlloc                  0000000180024c1e f   kernel32:KERNEL32.dll
 0002:00013c24       HeapFree                   0000000180024c24 f   kernel32:KERNEL32.dll
 0002:00013c2a       GetProcessHeap             0000000180024c2a f   kernel32:KERNEL32.dll
 0002:00013c30       VirtualQuery               0000000180024c30 f   kernel32:KERNEL32.dll
 0002:00013c36       FreeLibrary                0000000180024c36 f   kernel32:KERNEL32.dll
 0002:00013c3c       GetProcAddress             0000000180024c3c f   kernel32:KERNEL32.dll
 0002:00013c50       __vcrt_initialize          0000000180024c50 f   MSVCRTD:ucrt_stubs.obj
 0002:00013c50       __acrt_initialize          0000000180024c50 f   MSVCRTD:ucrt_stubs.obj
 0002:00013c50       __scrt_stub_for_acrt_initialize 0000000180024c50 f   MSVCRTD:ucrt_stubs.obj
 0002:00013c60       __vcrt_thread_attach       0000000180024c60 f   MSVCRTD:ucrt_stubs.obj
 0002:00013c60       __scrt_stub_for_acrt_thread_attach 0000000180024c60 f   MSVCRTD:ucrt_stubs.obj
 0002:00013c60       __acrt_thread_attach       0000000180024c60 f   MSVCRTD:ucrt_stubs.obj
 0002:00013c70       __scrt_stub_for_acrt_thread_detach 0000000180024c70 f   MSVCRTD:ucrt_stubs.obj
 0002:00013c70       __vcrt_thread_detach       0000000180024c70 f   MSVCRTD:ucrt_stubs.obj
 0002:00013c70       __acrt_thread_detach       0000000180024c70 f   MSVCRTD:ucrt_stubs.obj
 0002:00013c80       __acrt_uninitialize        0000000180024c80 f   MSVCRTD:ucrt_stubs.obj
 0002:00013c80       __vcrt_uninitialize        0000000180024c80 f   MSVCRTD:ucrt_stubs.obj
 0002:00013c80       __scrt_stub_for_acrt_uninitialize 0000000180024c80 f   MSVCRTD:ucrt_stubs.obj
 0002:00013c90       __vcrt_uninitialize_critical 0000000180024c90 f   MSVCRTD:ucrt_stubs.obj
 0002:00013c90       __scrt_stub_for_acrt_uninitialize_critical 0000000180024c90 f   MSVCRTD:ucrt_stubs.obj
 0002:00013c90       __acrt_uninitialize_critical 0000000180024c90 f   MSVCRTD:ucrt_stubs.obj
 0002:00013ca0       _is_c_termination_complete 0000000180024ca0 f   MSVCRTD:ucrt_stubs.obj
 0002:00013ca0       __scrt_stub_for_is_c_termination_complete 0000000180024ca0 f   MSVCRTD:ucrt_stubs.obj
 0002:00015190       _guard_dispatch_icall_nop  0000000180026190 f   MSVCRTD:guard_dispatch.obj
 0002:000151b0       _guard_xfg_dispatch_icall_nop 00000001800261b0 f   MSVCRTD:guard_xfg_dispatch.obj
 0003:00000000       __xc_a                     0000000180029000     MSVCRTD:initializers.obj
 0003:00000110       __xc_z                     0000000180029110     MSVCRTD:initializers.obj
 0003:00000220       __xi_a                     0000000180029220     MSVCRTD:initializers.obj
 0003:00000330       __xi_z                     0000000180029330     MSVCRTD:initializers.obj
 0003:00000440       __xp_a                     0000000180029440     MSVCRTD:initializers.obj
 0003:00000550       __xp_z                     0000000180029550     MSVCRTD:initializers.obj
 0003:00000660       __xt_a                     0000000180029660     MSVCRTD:initializers.obj
 0003:00000770       __xt_z                     0000000180029770     MSVCRTD:initializers.obj
 0003:00003988       ??_C@_0BA@NMEIMCEK@InvalidCodePath@ 000000018002c988     p5engine.obj
 0003:000039a0       ??_C@_0BJ@GOOPBPNK@P5Engine?1data?1grass1?4bmp@ 000000018002c9a0     p5engine.obj
 0003:000039c0       ??_C@_0BI@GAHHFIBN@P5Engine?1data?1soil1?4bmp@ 000000018002c9c0     p5engine.obj
 0003:000039e0       ??_C@_0BI@OGODCKLD@P5Engine?1data?1soil2?4bmp@ 000000018002c9e0     p5engine.obj
 0003:00003a00       ??_C@_0BI@CNLPPJBG@P5Engine?1data?1soil3?4bmp@ 000000018002ca00     p5engine.obj
 0003:00003a20       ??_C@_0BI@DGFEELIO@P5Engine?1data?1tuft1?4bmp@ 000000018002ca20     p5engine.obj
 0003:00003a40       ??_C@_0BI@LAMADJCA@P5Engine?1data?1tuft2?4bmp@ 000000018002ca40     p5engine.obj
 0003:00003a60       ??_C@_0BF@HOIOEMCL@P5Engine?1data?1bg?4bmp@ 000000018002ca60     p5engine.obj
 0003:00003a80       ??_C@_0BJ@EPENJOEL@P5Engine?1data?1shadow?4bmp@ 000000018002ca80     p5engine.obj
 0003:00003aa0       ??_C@_0BJ@HEECFFOE@P5Engine?1data?1stairs?4bmp@ 000000018002caa0     p5engine.obj
 0003:00003ac0       ??_C@_0BH@DDOBAHNL@P5Engine?1data?1tree?4bmp@ 000000018002cac0     p5engine.obj
 0003:00003ae0       ??_C@_0BI@EPGPCLAL@P5Engine?1data?1enemy?4bmp@ 000000018002cae0     p5engine.obj
 0003:00003b00       ??_C@_0BG@IEBKPHGI@P5Engine?1data?1orb?4bmp@ 000000018002cb00     p5engine.obj
 0003:00003b20       ??_C@_0BP@CIDLMIJA@P5Engine?1data?1char?9right?90?4bmp@ 000000018002cb20     p5engine.obj
 0003:00003b48       ??_C@_0BO@PEBAPFLC@P5Engine?1data?1char?9back?90?4bmp@ 000000018002cb48     p5engine.obj
 0003:00003b70       ??_C@_0BO@EAIBBIAG@P5Engine?1data?1char?9left?90?4bmp@ 000000018002cb70     p5engine.obj
 0003:00003b98       ??_C@_0BP@MKDPGEOC@P5Engine?1data?1char?9front?90?4bmp@ 000000018002cb98     p5engine.obj
 0003:00003bc0       ??_C@_0BO@KNNOBFKI@P5Engine?1data?1sword?9right?4bmp@ 000000018002cbc0     p5engine.obj
 0003:00003be8       ??_C@_0BN@LDDHILOB@P5Engine?1data?1sword?9back?4bmp@ 000000018002cbe8     p5engine.obj
 0003:00003c10       ??_C@_0BN@FPAHMBGA@P5Engine?1data?1sword?9left?4bmp@ 000000018002cc10     p5engine.obj
 0003:00003c38       ??_C@_0BO@BNDLMGBJ@P5Engine?1data?1sword?9front?4bmp@ 000000018002cc38     p5engine.obj
 0003:00003c5c       __real@00000000            000000018002cc5c     p5engine.obj
 0003:00003c60       __real@308992b1            000000018002cc60     p5engine.obj
 0003:00003c64       __real@3a83126f            000000018002cc64     p5engine.obj
 0003:00003c68       __real@3c23d70a            000000018002cc68     p5engine.obj
 0003:00003c6c       __real@3dcccccd            000000018002cc6c     p5engine.obj
 0003:00003c70       __real@3e4ccccd            000000018002cc70     p5engine.obj
 0003:00003c74       __real@3e800000            000000018002cc74     p5engine.obj
 0003:00003c78       __real@3f000000            000000018002cc78     p5engine.obj
 0003:00003c7c       __real@3f666666            000000018002cc7c     p5engine.obj
 0003:00003c80       __real@3f800000            000000018002cc80     p5engine.obj
 0003:00003c84       __real@3f8ccccd            000000018002cc84     p5engine.obj
 0003:00003c88       __real@3f99999a            000000018002cc88     p5engine.obj
 0003:00003c8c       __real@3fb33333            000000018002cc8c     p5engine.obj
 0003:00003c90       __real@3fc00000            000000018002cc90     p5engine.obj
 0003:00003c94       __real@40000000            000000018002cc94     p5engine.obj
 0003:00003c98       __real@400ccccd            000000018002cc98     p5engine.obj
 0003:00003c9c       __real@40400000            000000018002cc9c     p5engine.obj
 0003:00003ca0       __real@40a00000            000000018002cca0     p5engine.obj
 0003:00003ca4       __real@40c00000            000000018002cca4     p5engine.obj
 0003:00003ca8       __real@40c90fdb            000000018002cca8     p5engine.obj
 0003:00003cac       __real@41200000            000000018002ccac     p5engine.obj
 0003:00003cb0       __real@41800000            000000018002ccb0     p5engine.obj
 0003:00003cb4       __real@41880000            000000018002ccb4     p5engine.obj
 0003:00003cb8       __real@41a00000            000000018002ccb8     p5engine.obj
 0003:00003cbc       __real@41c00000            000000018002ccbc     p5engine.obj
 0003:00003cc0       __real@41f00000            000000018002ccc0     p5engine.obj
 0003:00003cc4       __real@42000000            000000018002ccc4     p5engine.obj
 0003:00003cc8       __real@42340000            000000018002ccc8     p5engine.obj
 0003:00003ccc       __real@42600000            000000018002cccc     p5engine.obj
 0003:00003cd0       __real@42800000            000000018002ccd0     p5engine.obj
 0003:00003cd4       __real@42960000            000000018002ccd4     p5engine.obj
 0003:00003cd8       __real@437f0000            000000018002ccd8     p5engine.obj
 0003:00003cdc       __real@461c4000            000000018002ccdc     p5engine.obj
 0003:00003ce0       __real@47c35000            000000018002cce0     p5engine.obj
 0003:00003ce4       __real@becccccd            000000018002cce4     p5engine.obj
 0003:00003ce8       __real@bf000000            000000018002cce8     p5engine.obj
 0003:00003cec       __real@bf800000            000000018002ccec     p5engine.obj
 0003:00003cf0       __real@c11ccccd            000000018002ccf0     p5engine.obj
 0003:00003d00       __xmm@80000000800000008000000080000000 000000018002cd00     p5engine.obj
 0003:00003d18       _pDefaultRawDllMain        000000018002cd18     MSVCRTD:dll_dllmain.obj
 0003:00003d18       _pRawDllMain               000000018002cd18     MSVCRTD:dll_dllmain.obj
 0003:00003e10       ??_C@_0NN@JMPELKLB@The?5value?5of?5ESP?5was?5not?5proper@ 000000018002ce10     MSVCRTD:error.obj
 0003:00003f20       ??_C@_0BBN@ELNNILBE@A?5cast?5to?5a?5smaller?5data?5type?5h@ 000000018002cf20     MSVCRTD:error.obj
 0003:00004078       ??_C@_0BN@BPOGFMJL@Stack?5memory?5was?5corrupted?$AN?6@ 000000018002d078     MSVCRTD:error.obj
 0003:000040a0       ??_C@_0DG@DAJCDLPN@A?5local?5variable?5was?5used?5befor@ 000000018002d0a0     MSVCRTD:error.obj
 0003:000040e0       ??_C@_0CM@JMIDGKLA@Stack?5memory?5around?5_alloca?5was@ 000000018002d0e0     MSVCRTD:error.obj
 0003:00004118       ??_C@_0BO@CHIONIOI@Unknown?5Runtime?5Check?5Error?$AN?6@ 000000018002d118     MSVCRTD:error.obj
 0003:00004140       ??_C@_1GM@CNOOJIHC@?$AAR?$AAu?$AAn?$AAt?$AAi?$AAm?$AAe?$AA?5?$AAC?$AAh?$AAe?$AAc?$AAk?$AA?5?$AAE@ 000000018002d140     MSVCRTD:error.obj
 0003:000041d0       ??_C@_1EA@NFKNIFJP@?$AAR?$AAu?$AAn?$AA?9?$AAT?$AAi?$AAm?$AAe?$AA?5?$AAC?$AAh?$AAe?$AAc?$AAk?$AA?5@ 000000018002d1d0     MSVCRTD:error.obj
 0003:00004220       ??_C@_0BB@PFFGGCJP@Unknown?5Filename@ 000000018002d220     MSVCRTD:error.obj
 0003:00004238       ??_C@_0BE@GNBOBNCK@Unknown?5Module?5Name@ 000000018002d238     MSVCRTD:error.obj
 0003:00004250       ??_C@_0CA@IODNCDPG@Run?9Time?5Check?5Failure?5?$CD?$CFd?5?9?5?$CFs@ 000000018002d250     MSVCRTD:error.obj
 0003:00004278       ??_C@_0CG@IAFNJNEE@Stack?5corrupted?5near?5unknown?5va@ 000000018002d278     MSVCRTD:error.obj
 0003:000042a8       ??_C@_05MKKEDADM@?$CF?42X?5@ 000000018002d2a8     MSVCRTD:error.obj
 0003:000042b0       ??_C@_0EJ@LJKNEOLN@Stack?5area?5around?5_alloca?5memor@ 000000018002d2b0     MSVCRTD:error.obj
 0003:00004308       ??_C@_01EEMJAFIK@?6@       000000018002d308     MSVCRTD:error.obj
 0003:0000430c       ??_C@_02LLMPMKNF@?$DO?5@   000000018002d30c     MSVCRTD:error.obj
 0003:00004310       ??_C@_08OMAHNMHJ@?6Data?3?5?$DM@ 000000018002d310     MSVCRTD:error.obj
 0003:00004320       ??_C@_0CK@DKGBICFE@?6Allocation?5number?5within?5this?5@ 000000018002d320     MSVCRTD:error.obj
 0003:00004358       ??_C@_07DFDJCKFN@?6Size?3?5@ 000000018002d358     MSVCRTD:error.obj
 0003:00004368       ??_C@_0N@MHFFIMFG@?6Address?3?50x@ 000000018002d368     MSVCRTD:error.obj
 0003:00004380       ??_C@_0EI@CLEPFNGI@Stack?5area?5around?5_alloca?5memor@ 000000018002d380     MSVCRTD:error.obj
 0003:000043d8       ??_C@_0BK@ODNDAGKB@?$CFs?$CFs?$CFp?$CFs?$CFzd?$CFs?$CFd?$CFs?$CFs?$CFs?$CFs?$CFs@ 000000018002d3d8     MSVCRTD:error.obj
 0003:000043f8       ??_C@_0DE@OHJBPMBP@A?5variable?5is?5being?5used?5withou@ 000000018002d3f8     MSVCRTD:error.obj
 0003:00004468       ??_C@_0BJ@HEGAHDFO@Stack?5pointer?5corruption@ 000000018002d468     MSVCRTD:userapi.obj
 0003:00004488       ??_C@_0CK@FEGOIOPB@Cast?5to?5smaller?5type?5causing?5lo@ 000000018002d488     MSVCRTD:userapi.obj
 0003:000044c0       ??_C@_0BI@CIGMDCBH@Stack?5memory?5corruption@ 000000018002d4c0     MSVCRTD:userapi.obj
 0003:000044e0       ??_C@_0CK@CNLNOEPB@Local?5variable?5used?5before?5init@ 000000018002d4e0     MSVCRTD:userapi.obj
 0003:00004518       ??_C@_0BP@OGBCLIBO@Stack?5around?5_alloca?5corrupted@ 000000018002d518     MSVCRTD:userapi.obj
 0003:000045c0       ??_C@_1EI@MLPKHBGE@?$AAa?$AAp?$AAi?$AA?9?$AAm?$AAs?$AA?9?$AAw?$AAi?$AAn?$AA?9?$AAc?$AAo?$AAr?$AAe@ 000000018002d5c0     MSVCRTD:pdblkup.obj
 0003:00004618       ??_C@_1BK@JHLNAEJL@?$AAa?$AAd?$AAv?$AAa?$AAp?$AAi?$AA3?$AA2?$AA?4?$AAd?$AAl?$AAl@ 000000018002d618     MSVCRTD:pdblkup.obj
 0003:00004638       ??_C@_0O@COHOBMLB@RegOpenKeyExW@ 000000018002d638     MSVCRTD:pdblkup.obj
 0003:00004648       ??_C@_0BB@GLNAEDBD@RegQueryValueExW@ 000000018002d648     MSVCRTD:pdblkup.obj
 0003:00004660       ??_C@_0M@HLOHPNFA@RegCloseKey@ 000000018002d660     MSVCRTD:pdblkup.obj
 0003:00004670       ??_C@_1HE@EBEAGLFB@?$AAS?$AAO?$AAF?$AAT?$AAW?$AAA?$AAR?$AAE?$AA?2?$AAW?$AAo?$AAw?$AA6?$AA4?$AA3@ 000000018002d670     MSVCRTD:pdblkup.obj
 0003:00004700       ??_C@_1BG@EABPBLLF@?$AAP?$AAr?$AAo?$AAd?$AAu?$AAc?$AAt?$AAD?$AAi?$AAr@ 000000018002d700     MSVCRTD:pdblkup.obj
 0003:00004748       ??_C@_1BC@JINFINNJ@?$AAM?$AAS?$AAP?$AAD?$AAB?$AA1?$AA4?$AA0@ 000000018002d748     MSVCRTD:pdblkup.obj
 0003:00004760       ??_C@_0BB@KCIACLNC@PDBOpenValidate5@ 000000018002d760     MSVCRTD:pdblkup.obj
 0003:00004774       ??_C@_01KDCPPGHE@r@        000000018002d774     MSVCRTD:pdblkup.obj
 0003:000047b0       _load_config_used          000000018002d7b0     MSVCRTD:loadcfg.obj
 0003:00004b80       __CastGuardVftablesStart   000000018002db80     MSVCRTD:guard_support.obj
 0003:00004c90       __CastGuardVftablesEnd     000000018002dc90     MSVCRTD:guard_support.obj
 0003:00004f18       __rtc_iaa                  000000018002df18     MSVCRTD:initsect.obj
 0003:00005138       __rtc_izz                  000000018002e138     MSVCRTD:initsect.obj
 0003:00005248       __rtc_taa                  000000018002e248     MSVCRTD:initsect.obj
 0003:00005468       __rtc_tzz                  000000018002e468     MSVCRTD:initsect.obj
 0004:00004cd0       __security_cookie_complement 0000000180034cd0     MSVCRTD:gs_cookie.obj
 0004:00004cd8       __security_cookie          0000000180034cd8     MSVCRTD:gs_cookie.obj
 0004:00004ce4       _fltused                   0000000180034ce4     MSVCRTD:fltused.obj
 0004:00004ce8       ?_RTC_ErrorLevels@@3PAHA   0000000180034ce8     MSVCRTD:error.obj
 0004:00004d00       __scrt_native_dllmain_reason 0000000180034d00     MSVCRTD:utility.obj
 0004:00004d08       __isa_available            0000000180034d08     MSVCRTD:cpu_disp.obj
 0004:00004d0c       __isa_enabled              0000000180034d0c     MSVCRTD:cpu_disp.obj
 0004:00004d10       __memcpy_nt_iters          0000000180034d10     MSVCRTD:cpu_disp.obj
 0004:00004d18       __memset_nt_iters          0000000180034d18     MSVCRTD:cpu_disp.obj
 0004:00004d30       __scrt_ucrt_dll_is_in_use  0000000180034d30     MSVCRTD:ucrt_stubs.obj
 0004:00004e48       ?_OptionsStorage@?1??__local_stdio_printf_options@@9@4_KA 0000000180034e48     MSVCRTD:error.obj
 0004:00005500       ?__type_info_root_node@@3U__type_info_node@@A 0000000180035500     MSVCRTD:tncleanup.obj
 0004:00005518       ?_OptionsStorage@?1??__local_stdio_scanf_options@@9@4_KA 0000000180035518     MSVCRTD:default_local_stdio_options.obj
 0004:00005528       __scrt_current_native_startup_state 0000000180035528     MSVCRTD:utility.obj
 0004:00005530       __scrt_native_startup_lock 0000000180035530     MSVCRTD:utility.obj
 0004:00005580       __scrt_debugger_hook_flag  0000000180035580     MSVCRTD:utility_desktop.obj
 0004:00005588       __castguard_check_failure_os_handled_fptr 0000000180035588     MSVCRTD:guard_support.obj
 0004:000055a4       __favor                    00000001800355a4     MSVCRTD:cpu_disp.obj
 0004:000055a8       __dyn_tls_init_callback    00000001800355a8     <common>
 0004:000055bc       __DebuggerCurrentSteppingThreadId 00000001800355bc     <common>
 0006:00000000       __imp_DisableThreadLibraryCalls 0000000180039000     kernel32:KERNEL32.dll
 0006:00000008       __imp_GetCurrentThreadId   0000000180039008     kernel32:KERNEL32.dll
 0006:00000010       __imp_RaiseException       0000000180039010     kernel32:KERNEL32.dll
 0006:00000018       __imp_MultiByteToWideChar  0000000180039018     kernel32:KERNEL32.dll
 0006:00000020       __imp_WideCharToMultiByte  0000000180039020     kernel32:KERNEL32.dll
 0006:00000028       __imp_RtlCaptureContext    0000000180039028     kernel32:KERNEL32.dll
 0006:00000030       __imp_RtlLookupFunctionEntry 0000000180039030     kernel32:KERNEL32.dll
 0006:00000038       __imp_RtlVirtualUnwind     0000000180039038     kernel32:KERNEL32.dll
 0006:00000040       __imp_GetProcAddress       0000000180039040     kernel32:KERNEL32.dll
 0006:00000048       __imp_FreeLibrary          0000000180039048     kernel32:KERNEL32.dll
 0006:00000050       __imp_VirtualQuery         0000000180039050     kernel32:KERNEL32.dll
 0006:00000058       __imp_GetProcessHeap       0000000180039058     kernel32:KERNEL32.dll
 0006:00000060       __imp_HeapFree             0000000180039060     kernel32:KERNEL32.dll
 0006:00000068       __imp_HeapAlloc            0000000180039068     kernel32:KERNEL32.dll
 0006:00000070       __imp_GetLastError         0000000180039070     kernel32:KERNEL32.dll
 0006:00000078       __imp_GetModuleHandleW     0000000180039078     kernel32:KERNEL32.dll
 0006:00000080       __imp_GetStartupInfoW      0000000180039080     kernel32:KERNEL32.dll
 0006:00000088       __imp_InitializeSListHead  0000000180039088     kernel32:KERNEL32.dll
 0006:00000090       __imp_IsDebuggerPresent    0000000180039090     kernel32:KERNEL32.dll
 0006:00000098       __imp_GetSystemTimeAsFileTime 0000000180039098     kernel32:KERNEL32.dll
 0006:000000a0       __imp_GetCurrentProcessId  00000001800390a0     kernel32:KERNEL32.dll
 0006:000000a8       __imp_QueryPerformanceCounter 00000001800390a8     kernel32:KERNEL32.dll
 0006:000000b0       __imp_IsProcessorFeaturePresent 00000001800390b0     kernel32:KERNEL32.dll
 0006:000000b8       __imp_TerminateProcess     00000001800390b8     kernel32:KERNEL32.dll
 0006:000000c0       __imp_GetCurrentProcess    00000001800390c0     kernel32:KERNEL32.dll
 0006:000000c8       __imp_SetUnhandledExceptionFilter 00000001800390c8     kernel32:KERNEL32.dll
 0006:000000d0       __imp_UnhandledExceptionFilter 00000001800390d0     kernel32:KERNEL32.dll
 0006:000000d8       \177KERNEL32_NULL_THUNK_DATA 00000001800390d8     kernel32:KERNEL32.dll
 0006:00000158       __imp___vcrt_GetModuleHandleW 0000000180039158     vcruntimed:VCRUNTIME140D.dll
 0006:00000160       __imp___vcrt_GetModuleFileNameW 0000000180039160     vcruntimed:VCRUNTIME140D.dll
 0006:00000168       __imp___current_exception_context 0000000180039168     vcruntimed:VCRUNTIME140D.dll
 0006:00000170       __imp___C_specific_handler 0000000180039170     vcruntimed:VCRUNTIME140D.dll
 0006:00000178       __imp___current_exception  0000000180039178     vcruntimed:VCRUNTIME140D.dll
 0006:00000180       __imp___std_type_info_destroy_list 0000000180039180     vcruntimed:VCRUNTIME140D.dll
 0006:00000188       __imp___C_specific_handler_noexcept 0000000180039188     vcruntimed:VCRUNTIME140D.dll
 0006:00000190       __imp___vcrt_LoadLibraryExW 0000000180039190     vcruntimed:VCRUNTIME140D.dll
 0006:00000198       \177VCRUNTIME140D_NULL_THUNK_DATA 0000000180039198     vcruntimed:VCRUNTIME140D.dll
 0006:000001f8       __imp_wcscpy_s             00000001800391f8     ucrtd:ucrtbased.dll
 0006:00000200       __imp__wmakepath_s         0000000180039200     ucrtd:ucrtbased.dll
 0006:00000208       __imp_terminate            0000000180039208     ucrtd:ucrtbased.dll
 0006:00000210       __imp__cexit               0000000180039210     ucrtd:ucrtbased.dll
 0006:00000218       __imp__crt_at_quick_exit   0000000180039218     ucrtd:ucrtbased.dll
 0006:00000220       __imp__crt_atexit          0000000180039220     ucrtd:ucrtbased.dll
 0006:00000228       __imp__execute_onexit_table 0000000180039228     ucrtd:ucrtbased.dll
 0006:00000230       __imp__register_onexit_function 0000000180039230     ucrtd:ucrtbased.dll
 0006:00000238       __imp__initialize_onexit_table 0000000180039238     ucrtd:ucrtbased.dll
 0006:00000240       __imp__initialize_narrow_environment 0000000180039240     ucrtd:ucrtbased.dll
 0006:00000248       __imp__configure_narrow_argv 0000000180039248     ucrtd:ucrtbased.dll
 0006:00000250       __imp__seh_filter_dll      0000000180039250     ucrtd:ucrtbased.dll
 0006:00000258       __imp__wsplitpath_s        0000000180039258     ucrtd:ucrtbased.dll
 0006:00000260       __imp_strcat_s             0000000180039260     ucrtd:ucrtbased.dll
 0006:00000268       __imp_strcpy_s             0000000180039268     ucrtd:ucrtbased.dll
 0006:00000270       __imp__initterm_e          0000000180039270     ucrtd:ucrtbased.dll
 0006:00000278       __imp__initterm            0000000180039278     ucrtd:ucrtbased.dll
 0006:00000280       __imp__CrtDbgReportW       0000000180039280     ucrtd:ucrtbased.dll
 0006:00000288       __imp__CrtDbgReport        0000000180039288     ucrtd:ucrtbased.dll
 0006:00000290       __imp_sqrtf                0000000180039290     ucrtd:ucrtbased.dll
 0006:00000298       __imp_sinf                 0000000180039298     ucrtd:ucrtbased.dll
 0006:000002a0       __imp_roundf               00000001800392a0     ucrtd:ucrtbased.dll
 0006:000002a8       __imp_fabs                 00000001800392a8     ucrtd:ucrtbased.dll
 0006:000002b0       __imp___stdio_common_vsprintf_s 00000001800392b0     ucrtd:ucrtbased.dll
 0006:000002b8       \177ucrtbased_NULL_THUNK_DATA 00000001800392b8     ucrtd:ucrtbased.dll
 0006:00000330       __IMPORT_DESCRIPTOR_VCRUNTIME140D 0000000180039330     vcruntimed:VCRUNTIME140D.dll
 0006:00000344       __IMPORT_DESCRIPTOR_ucrtbased 0000000180039344     ucrtd:ucrtbased.dll
 0006:00000358       __IMPORT_DESCRIPTOR_KERNEL32 0000000180039358     kernel32:KERNEL32.dll
 0006:0000036c       __NULL_IMPORT_DESCRIPTOR   000000018003936c     vcruntimed:VCRUNTIME140D.dll
 0008:00000000       __guard_check_icall_fptr   000000018003b000     MSVCRTD:guard_support.obj
 0008:00000010       __guard_xfg_check_icall_fptr 000000018003b010     MSVCRTD:guard_support.obj
 0008:00000020       __guard_dispatch_icall_fptr 000000018003b020     MSVCRTD:guard_support.obj
 0008:00000030       __guard_xfg_dispatch_icall_fptr 000000018003b030     MSVCRTD:guard_support.obj
 0008:00000040       __guard_xfg_table_dispatch_icall_fptr 000000018003b040     MSVCRTD:guard_support.obj

 entry point at        0002:0000000f

 Static symbols

 0000:fffc2000       .debug$S                   0000000180000000     P5Engine.exp
 0000:fffc5000       _volmd                     0000000180000000     p5engine.obj
 0000:fffc5000       _volmd                     0000000180000000     p5engine.obj
 0000:fffc5000       _volmd                     0000000180000000     p5engine.obj
 0000:fffc5000       _volmd                     0000000180000000     p5engine.obj
 0000:fffc5000       _volmd                     0000000180000000     p5engine.obj
 0000:fffc5000       _volmd                     0000000180000000     p5engine.obj
 0000:fffc5000       _volmd                     0000000180000000     p5engine.obj
 0000:fffc5000       _volmd                     0000000180000000     p5engine.obj
 0000:fffc5000       _volmd                     0000000180000000     p5engine.obj
 0000:fffc5000       _volmd                     0000000180000000     p5engine.obj
 0000:fffc5000       _volmd                     0000000180000000     p5engine.obj
 0000:fffc5000       _volmd                     0000000180000000     p5engine.obj
 0000:fffc5000       _volmd                     0000000180000000     p5engine.obj
 0000:fffc5000       _volmd                     0000000180000000     p5engine.obj
 0000:fffc5000       _volmd                     0000000180000000     p5engine.obj
 0000:fffc5000       _volmd                     0000000180000000     p5engine.obj
 0000:fffc5000       _volmd                     0000000180000000     p5engine.obj
 0000:fffc5000       _volmd                     0000000180000000     p5engine.obj
 0000:fffc5000       _volmd                     0000000180000000     p5engine.obj
 0000:fffc5000       _volmd                     0000000180000000     p5engine.obj
 0000:fffc5000       _volmd                     0000000180000000     p5engine.obj
 0000:fffc5000       _volmd                     0000000180000000     p5engine.obj
 0000:fffc5000       _volmd                     0000000180000000     p5engine.obj
 0000:fffc5000       _volmd                     0000000180000000     p5engine.obj
 0000:fffc5000       _volmd                     0000000180000000     p5engine.obj
 0000:fffc5000       _volmd                     0000000180000000     p5engine.obj
 0000:fffc5000       _volmd                     0000000180000000     p5engine.obj
 0000:fffc5000       _volmd                     0000000180000000     p5engine.obj
 0000:fffc5000       _volmd                     0000000180000000     p5engine.obj
 0000:fffc5000       _volmd                     0000000180000000     p5engine.obj
 0000:fffc5000       _volmd                     0000000180000000     p5engine.obj
 0000:fffc5000       _volmd                     0000000180000000     MSVCRTD:cpu_disp.obj
 0000:fffc6000       __guard_ehcont_?dllmain_dispatch@@YAHQEAUHINSTANCE__@@KQEAX@Z 0000000180000000     MSVCRTD:dll_dllmain.obj
 0000:fffc6000       __guard_fids_?dllmain_dispatch@@YAHQEAUHINSTANCE__@@KQEAX@Z 0000000180000000     MSVCRTD:dll_dllmain.obj
 0000:fffc6000       __guard_ehcont_?notify_debugger@@YAXAEBUtagEXCEPTION_VISUALCPP_DEBUG_INFO@@@Z 0000000180000000     MSVCRTD:error.obj
 0000:fffc5000       _volmd                     0000000180000000     MSVCRTD:gs_report.obj
 0000:fffc5000       _volmd                     0000000180000000     MSVCRTD:gs_report.obj
 0000:fffc5000       _volmd                     0000000180000000     MSVCRTD:gs_report.obj
 0000:fffc6000       __guard_fids__             0000000180000000     MSVCRTD:guard_support.obj
 0000:fffc6000       __guard_fids__             0000000180000000     MSVCRTD:guard_support.obj
 0000:fffc6000       __guard_fids__guard_icall_checks_enforced 0000000180000000     MSVCRTD:guard_support.obj
 0000:fffc5000       _volmd                     0000000180000000     MSVCRTD:guard_support.obj
 0000:fffc5000       _volmd                     0000000180000000     MSVCRTD:guard_support.obj
 0000:fffc5000       _volmd                     0000000180000000     MSVCRTD:guard_support.obj
 0000:fffc6000       __guard_fids__CRT_RTC_INIT 0000000180000000     MSVCRTD:init.obj
 0000:fffc6000       __guard_fids__CRT_RTC_INITW 0000000180000000     MSVCRTD:init.obj
 0000:fffc6000       __guard_ehcont___scrt_is_nonwritable_in_current_image 0000000180000000     MSVCRTD:utility.obj
 0000:fffc5000       _volmd                     0000000180000000     MSVCRTD:utility.obj
 0000:fffc5000       _volmd                     0000000180000000     MSVCRTD:utility.obj
 0000:fffc5000       _volmd                     0000000180000000     MSVCRTD:utility.obj
 0000:fffc6000       __guard_fids___scrt_set_unhandled_exception_filter 0000000180000000     MSVCRTD:utility_desktop.obj
 0000:fffc5000       _volmd                     0000000180000000     MSVCRTD:utility_desktop.obj
 0000:fffc2000       .debug$S                   0000000180000000     vcruntimed:VCRUNTIME140D.dll
 0000:fffc2000       .debug$S                   0000000180000000     vcruntimed:VCRUNTIME140D.dll
 0000:fffc2000       .debug$S                   0000000180000000     vcruntimed:VCRUNTIME140D.dll
 0000:fffc2000       .debug$S                   0000000180000000     vcruntimed:VCRUNTIME140D.dll
 0000:fffc2000       .debug$S                   0000000180000000     vcruntimed:VCRUNTIME140D.dll
 0000:fffc2000       .debug$S                   0000000180000000     vcruntimed:VCRUNTIME140D.dll
 0000:fffc2000       .debug$S                   0000000180000000     vcruntimed:VCRUNTIME140D.dll
 0000:fffc2000       .debug$S                   0000000180000000     vcruntimed:VCRUNTIME140D.dll
 0000:fffc2000       .debug$S                   0000000180000000     ucrtd:ucrtbased.dll
 0000:fffc2000       .debug$S                   0000000180000000     ucrtd:ucrtbased.dll
 0000:fffc2000       .debug$S                   0000000180000000     ucrtd:ucrtbased.dll
 0000:fffc2000       .debug$S                   0000000180000000     ucrtd:ucrtbased.dll
 0000:fffc2000       .debug$S                   0000000180000000     ucrtd:ucrtbased.dll
 0000:fffc2000       .debug$S                   0000000180000000     ucrtd:ucrtbased.dll
 0000:fffc2000       .debug$S                   0000000180000000     ucrtd:ucrtbased.dll
 0000:fffc2000       .debug$S                   0000000180000000     ucrtd:ucrtbased.dll
 0000:fffc2000       .debug$S                   0000000180000000     ucrtd:ucrtbased.dll
 0000:fffc2000       .debug$S                   0000000180000000     ucrtd:ucrtbased.dll
 0000:fffc2000       .debug$S                   0000000180000000     ucrtd:ucrtbased.dll
 0000:fffc2000       .debug$S                   0000000180000000     ucrtd:ucrtbased.dll
 0000:fffc2000       .debug$S                   0000000180000000     ucrtd:ucrtbased.dll
 0000:fffc2000       .debug$S                   0000000180000000     ucrtd:ucrtbased.dll
 0000:fffc2000       .debug$S                   0000000180000000     ucrtd:ucrtbased.dll
 0000:fffc2000       .debug$S                   0000000180000000     ucrtd:ucrtbased.dll
 0000:fffc2000       .debug$S                   0000000180000000     ucrtd:ucrtbased.dll
 0000:fffc2000       .debug$S                   0000000180000000     ucrtd:ucrtbased.dll
 0000:fffc2000       .debug$S                   0000000180000000     ucrtd:ucrtbased.dll
 0000:fffc2000       .debug$S                   0000000180000000     ucrtd:ucrtbased.dll
 0000:fffc2000       .debug$S                   0000000180000000     ucrtd:ucrtbased.dll
 0000:fffc2000       .debug$S                   0000000180000000     ucrtd:ucrtbased.dll
 0000:fffc2000       .debug$S                   0000000180000000     ucrtd:ucrtbased.dll
 0000:fffc2000       .debug$S                   0000000180000000     ucrtd:ucrtbased.dll
 0000:fffc2000       .debug$S                   0000000180000000     kernel32:KERNEL32.dll
 0000:fffc2000       .debug$S                   0000000180000000     kernel32:KERNEL32.dll
 0000:fffc2000       .debug$S                   0000000180000000     kernel32:KERNEL32.dll
 0000:fffc2000       .debug$S                   0000000180000000     kernel32:KERNEL32.dll
 0000:fffc2000       .debug$S                   0000000180000000     kernel32:KERNEL32.dll
 0000:fffc2000       .debug$S                   0000000180000000     kernel32:KERNEL32.dll
 0000:fffc2000       .debug$S                   0000000180000000     kernel32:KERNEL32.dll
 0000:fffc2000       .debug$S                   0000000180000000     kernel32:KERNEL32.dll
 0000:fffc2000       .debug$S                   0000000180000000     kernel32:KERNEL32.dll
 0000:fffc2000       .debug$S                   0000000180000000     kernel32:KERNEL32.dll
 0000:fffc2000       .debug$S                   0000000180000000     kernel32:KERNEL32.dll
 0000:fffc2000       .debug$S                   0000000180000000     kernel32:KERNEL32.dll
 0000:fffc2000       .debug$S                   0000000180000000     kernel32:KERNEL32.dll
 0000:fffc2000       .debug$S                   0000000180000000     kernel32:KERNEL32.dll
 0000:fffc2000       .debug$S                   0000000180000000     kernel32:KERNEL32.dll
 0000:fffc2000       .debug$S                   0000000180000000     kernel32:KERNEL32.dll
 0000:fffc2000       .debug$S                   0000000180000000     kernel32:KERNEL32.dll
 0000:fffc2000       .debug$S                   0000000180000000     kernel32:KERNEL32.dll
 0000:fffc2000       .debug$S                   0000000180000000     kernel32:KERNEL32.dll
 0000:fffc2000       .debug$S                   0000000180000000     kernel32:KERNEL32.dll
 0000:fffc2000       .debug$S                   0000000180000000     kernel32:KERNEL32.dll
 0000:fffc2000       .debug$S                   0000000180000000     kernel32:KERNEL32.dll
 0000:fffc2000       .debug$S                   0000000180000000     kernel32:KERNEL32.dll
 0000:fffc2000       .debug$S                   0000000180000000     kernel32:KERNEL32.dll
 0000:fffc2000       .debug$S                   0000000180000000     kernel32:KERNEL32.dll
 0000:fffc2000       .debug$S                   0000000180000000     kernel32:KERNEL32.dll
 0000:fffc2000       .debug$S                   0000000180000000     kernel32:KERNEL32.dll
 0002:000014a0       ?AddCollisionRule@@YAXPEAUgame_state@@IIH@Z 00000001800124a0 f   p5engine.obj
 0002:000016a0       ?AddEntity@@YAPEAUsim_entity@@PEAUgame_state@@PEAUsim_region@@IPEAUlow_entity@@PEATv3@@@Z 00000001800126a0 f   p5engine.obj
 0002:00001840       ?AddEntityRaw@@YAPEAUsim_entity@@PEAUgame_state@@PEAUsim_region@@IPEAUlow_entity@@@Z 0000000180012840 f   p5engine.obj
 0002:00001a50       ?AddFamiliar@@YA?AUadd_low_entity_result@@PEAUgame_state@@III@Z 0000000180012a50 f   p5engine.obj
 0002:00001ca0       ?AddGroundedEntity@@YA?AUadd_low_entity_result@@PEAUgame_state@@W4entity_type@@Uworld_position@@PEAUsim_entity_collision_volume_group@@@Z 0000000180012ca0 f   p5engine.obj
 0002:00001dc0       ?AddLowEntity@@YA?AUadd_low_entity_result@@PEAUgame_state@@W4entity_type@@Uworld_position@@@Z 0000000180012dc0 f   p5engine.obj
 0002:00002040       ?AddMonstar@@YA?AUadd_low_entity_result@@PEAUgame_state@@III@Z 0000000180013040 f   p5engine.obj
 0002:00002240       ?AddPlayer@@YA?AUadd_low_entity_result@@PEAUgame_state@@@Z 0000000180013240 f   p5engine.obj
 0002:00002610       ?AddStairs@@YA?AUadd_low_entity_result@@PEAUgame_state@@III@Z 0000000180013610 f   p5engine.obj
 0002:00002840       ?AddStandardRoom@@YA?AUadd_low_entity_result@@PEAUgame_state@@III@Z 0000000180013840 f   p5engine.obj
 0002:00002a30       ?AddSword@@YA?AUadd_low_entity_result@@PEAUgame_state@@@Z 0000000180013a30 f   p5engine.obj
 0002:00002b90       ?AddWall@@YA?AUadd_low_entity_result@@PEAUgame_state@@III@Z 0000000180013b90 f   p5engine.obj
 0002:00002ee0       ?BeginSim@@YAPEAUsim_region@@PEAUmemory_arena@@PEAUgame_state@@PEAUworld@@Uworld_position@@Urectangle3@@M@Z 0000000180013ee0 f   p5engine.obj
 0002:00003700       ?CanCollide@@YAHPEAUgame_state@@PEAUsim_entity@@1@Z 0000000180014700 f   p5engine.obj
 0002:000038f0       ?CanOverlap@@YAHPEAUgame_state@@PEAUsim_entity@@1@Z 00000001800148f0 f   p5engine.obj
 0002:00003970       ?ChangeEntityLocation@@YAXPEAUmemory_arena@@PEAUworld@@IPEAUlow_entity@@Uworld_position@@@Z 0000000180014970 f   p5engine.obj
 0002:00004590       ?ClearCollisionRulesFor@@YAXPEAUgame_state@@I@Z 0000000180015590 f   p5engine.obj
 0002:00004720       ?DEBUGLoadBMP@@YA?AUloaded_bitmap@@PEAUthread_context@@P6A?AUdebug_read_file_result@@0PEAD@Z1@Z 0000000180015720 f   p5engine.obj
 0002:00004dd0       ?DrawBitmap@@YAXPEAUloaded_bitmap@@0MMM@Z 0000000180015dd0 f   p5engine.obj
 0002:000053d0       ?DrawGroundChunk@@YAXPEAUgame_state@@PEAUloaded_bitmap@@PEAUworld_position@@@Z 00000001800163d0 f   p5engine.obj
 0002:00005870       ?DrawHitpoints@@YAXPEAUsim_entity@@PEAUentity_visible_piece_group@@@Z 0000000180016870 f   p5engine.obj
 0002:00005b70       ?DrawRectangle@@YAXPEAUloaded_bitmap@@Tv2@@1MMM@Z 0000000180016b70 f   p5engine.obj
 0002:00005e00       ?EndSim@@YAXPEAUsim_region@@PEAUgame_state@@@Z 0000000180016e00 f   p5engine.obj
 0002:000061d0       ?EntitiesOverlap@@YAHPEAUsim_entity@@0Tv3@@@Z 00000001800171d0 f   p5engine.obj
 0002:000068f0       ?GameOutputSound@@YAXPEAUgame_state@@PEAUgame_sound_output_buffer@@H@Z 00000001800178f0 f   p5engine.obj
 0002:00006be0       ?GetHashFromStorageIndex@@YAPEAUsim_entity_hash@@PEAUsim_region@@I@Z 0000000180017be0 f   p5engine.obj
 0002:000075c0       ?HandleCollision@@YAHPEAUgame_state@@PEAUsim_entity@@1@Z 00000001800185c0 f   p5engine.obj
 0002:000076f0       ?HandleOverlap@@YAXPEAUgame_state@@PEAUsim_entity@@1MPEAM@Z 00000001800186f0 f   p5engine.obj
 0002:00007830       ?InitHitPoints@@YAXPEAUlow_entity@@I@Z 0000000180018830 f   p5engine.obj
 0002:00007970       ?InitializeWorld@@YAXPEAUworld@@MM@Z 0000000180018970 f   p5engine.obj
 0002:00008190       ?MakeEmptyBitmap@@YA?AUloaded_bitmap@@PEAUmemory_arena@@HH@Z 0000000180019190 f   p5engine.obj
 0002:00008430       ?MakeNullCollision@@YAPEAUsim_entity_collision_volume_group@@PEAUgame_state@@@Z 0000000180019430 f   p5engine.obj
 0002:00008550       ?MakeSimpleGroundedCollision@@YAPEAUsim_entity_collision_volume_group@@PEAUgame_state@@MMM@Z 0000000180019550 f   p5engine.obj
 0002:00008870       ?MoveEntity@@YAXPEAUgame_state@@PEAUsim_region@@PEAUsim_entity@@MPEAUmove_spec@@Tv3@@@Z 0000000180019870 f   p5engine.obj
 0002:0000ba00       ?SpeculativeCollide@@YAHPEAUsim_entity@@0@Z 000000018001ca00 f   p5engine.obj
 0002:0000bc70       ?Subtract@@YA?ATv3@@PEAUworld@@PEAUworld_position@@1@Z 000000018001cc70 f   p5engine.obj
 0002:0000f02c       $LN103                     000000018002002c     p5engine.obj
 0002:000100a0       $$000000                   00000001800210a0     MSVCRTD:chkstk.obj
 0002:00010120       $$000000                   0000000180021120     MSVCRTD:amdsecgs.obj
 0002:00010160       ?dllmain_crt_dispatch@@YAHQEAUHINSTANCE__@@KQEAX@Z 0000000180021160 f   MSVCRTD:dll_dllmain.obj
 0002:00010210       ?dllmain_crt_process_attach@@YAHQEAUHINSTANCE__@@QEAX@Z 0000000180021210 f   MSVCRTD:dll_dllmain.obj
 0002:000103a0       ?dllmain_crt_process_detach@@YAH_N@Z 00000001800213a0 f   MSVCRTD:dll_dllmain.obj
 0002:00010460       ?dllmain_dispatch@@YAHQEAUHINSTANCE__@@KQEAX@Z 0000000180021460 f   MSVCRTD:dll_dllmain.obj
 0002:000105f0       ?dllmain_raw@@YAHQEAUHINSTANCE__@@KQEAX@Z 00000001800215f0 f   MSVCRTD:dll_dllmain.obj
 0002:000106f0       ?DebuggerProbe@@YA_NK@Z    00000001800216f0 f   MSVCRTD:error.obj
 0002:00010740       ?DebuggerRuntime@@YA_NKHPEAXPEB_W@Z 0000000180021740 f   MSVCRTD:error.obj
 0002:00010ad0       ?_getMemBlockDataString@@YAXPEAD0PEBD_K@Z 0000000180021ad0 f   MSVCRTD:error.obj
 0002:00010bb0       ?_strlen_priv@@YA_KPEBD@Z  0000000180021bb0 f   MSVCRTD:error.obj
 0002:00010bd0       ?failwithmessage@@YAXPEAXHHPEBD@Z 0000000180021bd0 f   MSVCRTD:error.obj
 0002:00010ed0       ?notify_debugger@@YAXAEBUtagEXCEPTION_VISUALCPP_DEBUG_INFO@@@Z 0000000180021ed0 f   MSVCRTD:error.obj
 0002:00011530       capture_current_context    0000000180022530 f   MSVCRTD:gs_report.obj
 0002:000115f0       capture_previous_context   00000001800225f0 f   MSVCRTD:gs_report.obj
 0002:000116d0       __get_entropy              00000001800226d0 f   MSVCRTD:gs_support.obj
 0002:00011980       ?find_pe_section@@YAPEAU_IMAGE_SECTION_HEADER@@QEAE_K@Z 0000000180022980 f   MSVCRTD:utility.obj
 0002:00011aa0       ?is_potentially_valid_image_base@@YA_NQEAX@Z 0000000180022aa0 f   MSVCRTD:utility.obj
 0002:00012840       __castguard_compat_check   0000000180023840 f   MSVCRTD:guard_support.obj
 0002:00012a20       __castguard_slow_path_compat_check 0000000180023a20 f   MSVCRTD:guard_support.obj
 0002:00012b10       ?GetPdbDll@@YAPEAUHINSTANCE__@@XZ 0000000180023b10 f   MSVCRTD:pdblkup.obj
 0002:00012cb0       ?GetPdbDllFromInstallPath@@YAPEAUHINSTANCE__@@XZ 0000000180023cb0 f   MSVCRTD:pdblkup.obj
 0002:00013010       ?GetPdbDllPathFromFilePath@@YAHPEB_WPEA_W_K@Z 0000000180024010 f   MSVCRTD:pdblkup.obj
 0002:00015180       $$000000                   0000000180026180     MSVCRTD:guard_dispatch.obj
 0002:000151a0       $$000000                   00000001800261a0     MSVCRTD:guard_xfg_dispatch.obj
 0002:000161c0       ?fin$0@?0??dllmain_crt_process_attach@@YAHQEAUHINSTANCE__@@QEAX@Z@4HA 00000001800271c0 f   MSVCRTD:dll_dllmain.obj
 0002:000161e0       ?fin$0@?0??dllmain_crt_process_detach@@YAH_N@Z@4HA 00000001800271e0 f   MSVCRTD:dll_dllmain.obj
 0002:000161fa       ?fin$1@?0??dllmain_crt_process_detach@@YAH_N@Z@4HA 00000001800271fa f   MSVCRTD:dll_dllmain.obj
 0002:00016220       ?filt$0@?0??dllmain_dispatch@@YAHQEAUHINSTANCE__@@KQEAX@Z@4HA 0000000180027220 f   MSVCRTD:dll_dllmain.obj
 0002:00016280       ?filt$0@?0??notify_debugger@@YAXAEBUtagEXCEPTION_VISUALCPP_DEBUG_INFO@@@Z@4HA 0000000180027280 f   MSVCRTD:error.obj
 0002:000162b0       __scrt_is_nonwritable_in_current_image$filt$0 00000001800272b0 f   MSVCRTD:utility.obj
 0003:00000880       ?FindLeastSignificantSetBit@@YA?AUbit_scan_result@@I@Z$rtcName$0 0000000180029880     p5engine.obj
 0003:00000890       ?FindLeastSignificantSetBit@@YA?AUbit_scan_result@@I@Z$rtcVarDesc 0000000180029890     p5engine.obj
 0003:000008d0       ?FindLeastSignificantSetBit@@YA?AUbit_scan_result@@I@Z$rtcFrameData 00000001800298d0     p5engine.obj
 0003:00000900       ?V2@@YA?ATv2@@MM@Z$rtcName$0 0000000180029900     p5engine.obj
 0003:00000910       ?V2@@YA?ATv2@@MM@Z$rtcVarDesc 0000000180029910     p5engine.obj
 0003:00000950       ?V2@@YA?ATv2@@MM@Z$rtcFrameData 0000000180029950     p5engine.obj
 0003:00000980       ?V2i@@YA?ATv2@@HH@Z$rtcName$0 0000000180029980     p5engine.obj
 0003:00000990       ?V2i@@YA?ATv2@@HH@Z$rtcVarDesc 0000000180029990     p5engine.obj
 0003:000009d0       ?V2i@@YA?ATv2@@HH@Z$rtcFrameData 00000001800299d0     p5engine.obj
 0003:00000a00       ??D@YA?ATv2@@MT0@@Z$rtcName$0 0000000180029a00     p5engine.obj
 0003:00000a10       ??D@YA?ATv2@@MT0@@Z$rtcVarDesc 0000000180029a10     p5engine.obj
 0003:00000a50       ??D@YA?ATv2@@MT0@@Z$rtcFrameData 0000000180029a50     p5engine.obj
 0003:00000a80       ??H@YA?ATv2@@T0@0@Z$rtcName$0 0000000180029a80     p5engine.obj
 0003:00000a90       ??H@YA?ATv2@@T0@0@Z$rtcVarDesc 0000000180029a90     p5engine.obj
 0003:00000ad0       ??H@YA?ATv2@@T0@0@Z$rtcFrameData 0000000180029ad0     p5engine.obj
 0003:00000b00       ??G@YA?ATv2@@T0@0@Z$rtcName$0 0000000180029b00     p5engine.obj
 0003:00000b10       ??G@YA?ATv2@@T0@0@Z$rtcVarDesc 0000000180029b10     p5engine.obj
 0003:00000b50       ??G@YA?ATv2@@T0@0@Z$rtcFrameData 0000000180029b50     p5engine.obj
 0003:00000b80       ?Clamp01@@YA?ATv2@@T1@@Z$rtcName$0 0000000180029b80     p5engine.obj
 0003:00000b90       ?Clamp01@@YA?ATv2@@T1@@Z$rtcVarDesc 0000000180029b90     p5engine.obj
 0003:00000bd0       ?Clamp01@@YA?ATv2@@T1@@Z$rtcFrameData 0000000180029bd0     p5engine.obj
 0003:00000c00       ?V3@@YA?ATv3@@MMM@Z$rtcName$0 0000000180029c00     p5engine.obj
 0003:00000c10       ?V3@@YA?ATv3@@MMM@Z$rtcVarDesc 0000000180029c10     p5engine.obj
 0003:00000c50       ?V3@@YA?ATv3@@MMM@Z$rtcFrameData 0000000180029c50     p5engine.obj
 0003:00000c80       ??D@YA?ATv3@@MT0@@Z$rtcName$0 0000000180029c80     p5engine.obj
 0003:00000c90       ??D@YA?ATv3@@MT0@@Z$rtcVarDesc 0000000180029c90     p5engine.obj
 0003:00000cd0       ??D@YA?ATv3@@MT0@@Z$rtcFrameData 0000000180029cd0     p5engine.obj
 0003:00000d00       ??D@YA?ATv3@@T0@M@Z$rtcName$0 0000000180029d00     p5engine.obj
 0003:00000d10       ??D@YA?ATv3@@T0@M@Z$rtcVarDesc 0000000180029d10     p5engine.obj
 0003:00000d50       ??D@YA?ATv3@@T0@M@Z$rtcFrameData 0000000180029d50     p5engine.obj
 0003:00000d80       ??H@YA?ATv3@@T0@0@Z$rtcName$0 0000000180029d80     p5engine.obj
 0003:00000d90       ??H@YA?ATv3@@T0@0@Z$rtcVarDesc 0000000180029d90     p5engine.obj
 0003:00000dd0       ??H@YA?ATv3@@T0@0@Z$rtcFrameData 0000000180029dd0     p5engine.obj
 0003:00000e00       ??G@YA?ATv3@@T0@0@Z$rtcName$0 0000000180029e00     p5engine.obj
 0003:00000e10       ??G@YA?ATv3@@T0@0@Z$rtcVarDesc 0000000180029e10     p5engine.obj
 0003:00000e50       ??G@YA?ATv3@@T0@0@Z$rtcFrameData 0000000180029e50     p5engine.obj
 0003:00000e80       ?Hadamard@@YA?ATv3@@T1@0@Z$rtcName$0 0000000180029e80     p5engine.obj
 0003:00000e90       ?Hadamard@@YA?ATv3@@T1@0@Z$rtcVarDesc 0000000180029e90     p5engine.obj
 0003:00000ed0       ?Hadamard@@YA?ATv3@@T1@0@Z$rtcFrameData 0000000180029ed0     p5engine.obj
 0003:00000f00       ?V4@@YA?ATv4@@MMMM@Z$rtcName$0 0000000180029f00     p5engine.obj
 0003:00000f10       ?V4@@YA?ATv4@@MMMM@Z$rtcVarDesc 0000000180029f10     p5engine.obj
 0003:00000f50       ?V4@@YA?ATv4@@MMMM@Z$rtcFrameData 0000000180029f50     p5engine.obj
 0003:00000f80       ?RectCenterHalfDim@@YA?AUrectangle2@@Tv2@@0@Z$rtcName$0 0000000180029f80     p5engine.obj
 0003:00000f90       ?RectCenterHalfDim@@YA?AUrectangle2@@Tv2@@0@Z$rtcVarDesc 0000000180029f90     p5engine.obj
 0003:00000fd0       ?RectCenterHalfDim@@YA?AUrectangle2@@Tv2@@0@Z$rtcFrameData 0000000180029fd0     p5engine.obj
 0003:00001000       ?RectCenterDim@@YA?AUrectangle2@@Tv2@@0@Z$rtcName$0 000000018002a000     p5engine.obj
 0003:00001010       ?RectCenterDim@@YA?AUrectangle2@@Tv2@@0@Z$rtcVarDesc 000000018002a010     p5engine.obj
 0003:00001050       ?RectCenterDim@@YA?AUrectangle2@@Tv2@@0@Z$rtcFrameData 000000018002a050     p5engine.obj
 0003:00001080       ?GetBarycentric@@YA?ATv2@@Urectangle2@@T1@@Z$rtcName$0 000000018002a080     p5engine.obj
 0003:00001090       ?GetBarycentric@@YA?ATv2@@Urectangle2@@T1@@Z$rtcVarDesc 000000018002a090     p5engine.obj
 0003:000010d0       ?GetBarycentric@@YA?ATv2@@Urectangle2@@T1@@Z$rtcFrameData 000000018002a0d0     p5engine.obj
 0003:00001100       ?GetMinCorner@@YA?ATv3@@Urectangle3@@@Z$rtcName$0 000000018002a100     p5engine.obj
 0003:00001110       ?GetMinCorner@@YA?ATv3@@Urectangle3@@@Z$rtcVarDesc 000000018002a110     p5engine.obj
 0003:00001150       ?GetMinCorner@@YA?ATv3@@Urectangle3@@@Z$rtcFrameData 000000018002a150     p5engine.obj
 0003:00001180       ?GetMaxCorner@@YA?ATv3@@Urectangle3@@@Z$rtcName$0 000000018002a180     p5engine.obj
 0003:00001190       ?GetMaxCorner@@YA?ATv3@@Urectangle3@@@Z$rtcVarDesc 000000018002a190     p5engine.obj
 0003:000011d0       ?GetMaxCorner@@YA?ATv3@@Urectangle3@@@Z$rtcFrameData 000000018002a1d0     p5engine.obj
 0003:00001200       ?RectCenterHalfDim@@YA?AUrectangle3@@Tv3@@0@Z$rtcName$0 000000018002a200     p5engine.obj
 0003:00001210       ?RectCenterHalfDim@@YA?AUrectangle3@@Tv3@@0@Z$rtcVarDesc 000000018002a210     p5engine.obj
 0003:00001250       ?RectCenterHalfDim@@YA?AUrectangle3@@Tv3@@0@Z$rtcFrameData 000000018002a250     p5engine.obj
 0003:00001280       ?AddRadiusTo@@YA?AUrectangle3@@U1@Tv3@@@Z$rtcName$0 000000018002a280     p5engine.obj
 0003:00001290       ?AddRadiusTo@@YA?AUrectangle3@@U1@Tv3@@@Z$rtcVarDesc 000000018002a290     p5engine.obj
 0003:000012d0       ?AddRadiusTo@@YA?AUrectangle3@@U1@Tv3@@@Z$rtcFrameData 000000018002a2d0     p5engine.obj
 0003:00001300       ?RectCenterDim@@YA?AUrectangle3@@Tv3@@0@Z$rtcName$0 000000018002a300     p5engine.obj
 0003:00001310       ?RectCenterDim@@YA?AUrectangle3@@Tv3@@0@Z$rtcVarDesc 000000018002a310     p5engine.obj
 0003:00001350       ?RectCenterDim@@YA?AUrectangle3@@Tv3@@0@Z$rtcFrameData 000000018002a350     p5engine.obj
 0003:00001380       ?GetEntityGroundPoint@@YA?ATv3@@PEAUsim_entity@@@Z$rtcName$0 000000018002a380     p5engine.obj
 0003:00001390       ?GetEntityGroundPoint@@YA?ATv3@@PEAUsim_entity@@@Z$rtcVarDesc 000000018002a390     p5engine.obj
 0003:000013d0       ?GetEntityGroundPoint@@YA?ATv3@@PEAUsim_entity@@@Z$rtcFrameData 000000018002a3d0     p5engine.obj
 0003:00001400       ?GetStairGround@@YAMPEAUsim_entity@@Tv3@@@Z$rtcName$0 000000018002a400     p5engine.obj
 0003:0000140c       ?GetStairGround@@YAMPEAUsim_entity@@Tv3@@@Z$rtcName$1 000000018002a40c     p5engine.obj
 0003:00001420       ?GetStairGround@@YAMPEAUsim_entity@@Tv3@@@Z$rtcVarDesc 000000018002a420     p5engine.obj
 0003:000014a0       ?GetStairGround@@YAMPEAUsim_entity@@Tv3@@@Z$rtcFrameData 000000018002a4a0     p5engine.obj
 0003:000014e0       ?NullPosition@@YA?AUworld_position@@XZ$rtcName$0 000000018002a4e0     p5engine.obj
 0003:000014f0       ?NullPosition@@YA?AUworld_position@@XZ$rtcVarDesc 000000018002a4f0     p5engine.obj
 0003:00001530       ?NullPosition@@YA?AUworld_position@@XZ$rtcFrameData 000000018002a530     p5engine.obj
 0003:00001560       ?MapIntoChunkSpace@@YA?AUworld_position@@PEAUworld@@U1@Tv3@@@Z$rtcName$0 000000018002a560     p5engine.obj
 0003:00001570       ?MapIntoChunkSpace@@YA?AUworld_position@@PEAUworld@@U1@Tv3@@@Z$rtcVarDesc 000000018002a570     p5engine.obj
 0003:000015b0       ?MapIntoChunkSpace@@YA?AUworld_position@@PEAUworld@@U1@Tv3@@@Z$rtcFrameData 000000018002a5b0     p5engine.obj
 0003:000015e0       ?ChunkPositionFromTilePosition@@YA?AUworld_position@@PEAUworld@@HHHTv3@@@Z$rtcName$0 000000018002a5e0     p5engine.obj
 0003:000015e8       ?ChunkPositionFromTilePosition@@YA?AUworld_position@@PEAUworld@@HHHTv3@@@Z$rtcName$1 000000018002a5e8     p5engine.obj
 0003:000015f0       ?ChunkPositionFromTilePosition@@YA?AUworld_position@@PEAUworld@@HHHTv3@@@Z$rtcName$2 000000018002a5f0     p5engine.obj
 0003:000015f8       ?ChunkPositionFromTilePosition@@YA?AUworld_position@@PEAUworld@@HHHTv3@@@Z$rtcName$3 000000018002a5f8     p5engine.obj
 0003:00001600       ?ChunkPositionFromTilePosition@@YA?AUworld_position@@PEAUworld@@HHHTv3@@@Z$rtcVarDesc 000000018002a600     p5engine.obj
 0003:00001700       ?ChunkPositionFromTilePosition@@YA?AUworld_position@@PEAUworld@@HHHTv3@@@Z$rtcFrameData 000000018002a700     p5engine.obj
 0003:00001750       ?Subtract@@YA?ATv3@@PEAUworld@@PEAUworld_position@@1@Z$rtcName$0 000000018002a750     p5engine.obj
 0003:00001758       ?Subtract@@YA?ATv3@@PEAUworld@@PEAUworld_position@@1@Z$rtcName$1 000000018002a758     p5engine.obj
 0003:00001760       ?Subtract@@YA?ATv3@@PEAUworld@@PEAUworld_position@@1@Z$rtcVarDesc 000000018002a760     p5engine.obj
 0003:000017e0       ?Subtract@@YA?ATv3@@PEAUworld@@PEAUworld_position@@1@Z$rtcFrameData 000000018002a7e0     p5engine.obj
 0003:00001810       ?GetSimSpacePos@@YA?ATv3@@PEAUsim_region@@PEAUlow_entity@@@Z$rtcName$0 000000018002a810     p5engine.obj
 0003:00001820       ?GetSimSpacePos@@YA?ATv3@@PEAUsim_region@@PEAUlow_entity@@@Z$rtcVarDesc 000000018002a820     p5engine.obj
 0003:00001860       ?GetSimSpacePos@@YA?ATv3@@PEAUsim_region@@PEAUlow_entity@@@Z$rtcFrameData 000000018002a860     p5engine.obj
 0003:00001890       ?LoadEntityReference@@YAXPEAUgame_state@@PEAUsim_region@@PEATentity_reference@@@Z$rtcName$0 000000018002a890     p5engine.obj
 0003:000018a0       ?LoadEntityReference@@YAXPEAUgame_state@@PEAUsim_region@@PEATentity_reference@@@Z$rtcVarDesc 000000018002a8a0     p5engine.obj
 0003:000018e0       ?LoadEntityReference@@YAXPEAUgame_state@@PEAUsim_region@@PEATentity_reference@@@Z$rtcFrameData 000000018002a8e0     p5engine.obj
 0003:00001910       ?EntityOverlapsRectangle@@YAHTv3@@Usim_entity_collision_volume@@Urectangle3@@@Z$rtcName$0 000000018002a910     p5engine.obj
 0003:00001920       ?EntityOverlapsRectangle@@YAHTv3@@Usim_entity_collision_volume@@Urectangle3@@@Z$rtcVarDesc 000000018002a920     p5engine.obj
 0003:00001960       ?EntityOverlapsRectangle@@YAHTv3@@Usim_entity_collision_volume@@Urectangle3@@@Z$rtcFrameData 000000018002a960     p5engine.obj
 0003:00001990       ?BeginSim@@YAPEAUsim_region@@PEAUmemory_arena@@PEAUgame_state@@PEAUworld@@Uworld_position@@Urectangle3@@M@Z$rtcName$0 000000018002a990     p5engine.obj
 0003:000019a0       ?BeginSim@@YAPEAUsim_region@@PEAUmemory_arena@@PEAUgame_state@@PEAUworld@@Uworld_position@@Urectangle3@@M@Z$rtcName$1 000000018002a9a0     p5engine.obj
 0003:000019b0       ?BeginSim@@YAPEAUsim_region@@PEAUmemory_arena@@PEAUgame_state@@PEAUworld@@Uworld_position@@Urectangle3@@M@Z$rtcName$2 000000018002a9b0     p5engine.obj
 0003:000019c0       ?BeginSim@@YAPEAUsim_region@@PEAUmemory_arena@@PEAUgame_state@@PEAUworld@@Uworld_position@@Urectangle3@@M@Z$rtcVarDesc 000000018002a9c0     p5engine.obj
 0003:00001a80       ?BeginSim@@YAPEAUsim_region@@PEAUmemory_arena@@PEAUgame_state@@PEAUworld@@Uworld_position@@Urectangle3@@M@Z$rtcFrameData 000000018002aa80     p5engine.obj
 0003:00001ad0       ?EndSim@@YAXPEAUsim_region@@PEAUgame_state@@@Z$rtcName$0 000000018002aad0     p5engine.obj
 0003:00001ad8       ?EndSim@@YAXPEAUsim_region@@PEAUgame_state@@@Z$rtcName$1 000000018002aad8     p5engine.obj
 0003:00001af0       ?EndSim@@YAXPEAUsim_region@@PEAUgame_state@@@Z$rtcVarDesc 000000018002aaf0     p5engine.obj
 0003:00001b70       ?EndSim@@YAXPEAUsim_region@@PEAUgame_state@@@Z$rtcFrameData 000000018002ab70     p5engine.obj
 0003:00001bb0       ?SpeculativeCollide@@YAHPEAUsim_entity@@0@Z$rtcName$0 000000018002abb0     p5engine.obj
 0003:00001bd0       ?SpeculativeCollide@@YAHPEAUsim_entity@@0@Z$rtcVarDesc 000000018002abd0     p5engine.obj
 0003:00001c10       ?SpeculativeCollide@@YAHPEAUsim_entity@@0@Z$rtcFrameData 000000018002ac10     p5engine.obj
 0003:00001c40       ?EntitiesOverlap@@YAHPEAUsim_entity@@0Tv3@@@Z$rtcName$0 000000018002ac40     p5engine.obj
 0003:00001c50       ?EntitiesOverlap@@YAHPEAUsim_entity@@0Tv3@@@Z$rtcName$1 000000018002ac50     p5engine.obj
 0003:00001c60       ?EntitiesOverlap@@YAHPEAUsim_entity@@0Tv3@@@Z$rtcVarDesc 000000018002ac60     p5engine.obj
 0003:00001ce0       ?EntitiesOverlap@@YAHPEAUsim_entity@@0Tv3@@@Z$rtcFrameData 000000018002ace0     p5engine.obj
 0003:00001d20       ?MoveEntity@@YAXPEAUgame_state@@PEAUsim_region@@PEAUsim_entity@@MPEAUmove_spec@@Tv3@@@Z$rtcName$0 000000018002ad20     p5engine.obj
 0003:00001d28       ?MoveEntity@@YAXPEAUgame_state@@PEAUsim_region@@PEAUsim_entity@@MPEAUmove_spec@@Tv3@@@Z$rtcName$1 000000018002ad28     p5engine.obj
 0003:00001d34       ?MoveEntity@@YAXPEAUgame_state@@PEAUsim_region@@PEAUsim_entity@@MPEAUmove_spec@@Tv3@@@Z$rtcName$11 000000018002ad34     p5engine.obj
 0003:00001d38       ?MoveEntity@@YAXPEAUgame_state@@PEAUsim_region@@PEAUsim_entity@@MPEAUmove_spec@@Tv3@@@Z$rtcName$2 000000018002ad38     p5engine.obj
 0003:00001d48       ?MoveEntity@@YAXPEAUgame_state@@PEAUsim_region@@PEAUsim_entity@@MPEAUmove_spec@@Tv3@@@Z$rtcName$3 000000018002ad48     p5engine.obj
 0003:00001d58       ?MoveEntity@@YAXPEAUgame_state@@PEAUsim_region@@PEAUsim_entity@@MPEAUmove_spec@@Tv3@@@Z$rtcName$4 000000018002ad58     p5engine.obj
 0003:00001d68       ?MoveEntity@@YAXPEAUgame_state@@PEAUsim_region@@PEAUsim_entity@@MPEAUmove_spec@@Tv3@@@Z$rtcName$5 000000018002ad68     p5engine.obj
 0003:00001d78       ?MoveEntity@@YAXPEAUgame_state@@PEAUsim_region@@PEAUsim_entity@@MPEAUmove_spec@@Tv3@@@Z$rtcName$6 000000018002ad78     p5engine.obj
 0003:00001d88       ?MoveEntity@@YAXPEAUgame_state@@PEAUsim_region@@PEAUsim_entity@@MPEAUmove_spec@@Tv3@@@Z$rtcName$7 000000018002ad88     p5engine.obj
 0003:00001d98       ?MoveEntity@@YAXPEAUgame_state@@PEAUsim_region@@PEAUsim_entity@@MPEAUmove_spec@@Tv3@@@Z$rtcName$8 000000018002ad98     p5engine.obj
 0003:00001db0       ?MoveEntity@@YAXPEAUgame_state@@PEAUsim_region@@PEAUsim_entity@@MPEAUmove_spec@@Tv3@@@Z$rtcName$9 000000018002adb0     p5engine.obj
 0003:00001dc0       ?MoveEntity@@YAXPEAUgame_state@@PEAUsim_region@@PEAUsim_entity@@MPEAUmove_spec@@Tv3@@@Z$rtcName$10 000000018002adc0     p5engine.obj
 0003:00001dcc       ?MoveEntity@@YAXPEAUgame_state@@PEAUsim_region@@PEAUsim_entity@@MPEAUmove_spec@@Tv3@@@Z$rtcName$12 000000018002adcc     p5engine.obj
[...]
 0003:00005b60       $unwind$?AddEntity@@YAPEAUsim_entity@@PEAUgame_state@@PEAUsim_region@@IPEAUlow_entity@@PEATv3@@@Z 000000018002eb60     p5engine.obj
 0003:00005b74       $unwind$?LoadEntityReference@@YAXPEAUgame_state@@PEAUsim_region@@PEATentity_reference@@@Z 000000018002eb74     p5engine.obj
 0003:00005b90       $unwind$?StoreEntityReference@@YAXPEATentity_reference@@@Z 000000018002eb90     p5engine.obj
 0003:00005ba4       $unwind$?AddEntityRaw@@YAPEAUsim_entity@@PEAUgame_state@@PEAUsim_region@@IPEAUlow_entity@@@Z 000000018002eba4     p5engine.obj
 0003:00005bb8       $unwind$?EntityOverlapsRectangle@@YAHTv3@@Usim_entity_collision_volume@@Urectangle3@@@Z 000000018002ebb8     p5engine.obj
 0003:00005bcc       $unwind$?BeginSim@@YAPEAUsim_region@@PEAUmemory_arena@@PEAUgame_state@@PEAUworld@@Uworld_position@@Urectangle3@@M@Z 000000018002ebcc     p5engine.obj
 0003:00005be8       $unwind$?EndSim@@YAXPEAUsim_region@@PEAUgame_state@@@Z 000000018002ebe8     p5engine.obj
 0003:00005c04       $unwind$?CanCollide@@YAHPEAUgame_state@@PEAUsim_entity@@1@Z 000000018002ec04     p5engine.obj
 0003:00005c18       $unwind$?HandleCollision@@YAHPEAUgame_state@@PEAUsim_entity@@1@Z 000000018002ec18     p5engine.obj
 0003:00005c2c       $unwind$?CanOverlap@@YAHPEAUgame_state@@PEAUsim_entity@@1@Z 000000018002ec2c     p5engine.obj
 0003:00005c40       $unwind$?HandleOverlap@@YAXPEAUgame_state@@PEAUsim_entity@@1MPEAM@Z 000000018002ec40     p5engine.obj
 0003:00005c54       $unwind$?SpeculativeCollide@@YAHPEAUsim_entity@@0@Z 000000018002ec54     p5engine.obj
 0003:00005c68       $unwind$?EntitiesOverlap@@YAHPEAUsim_entity@@0Tv3@@@Z 000000018002ec68     p5engine.obj
 0003:00005c7c       $unwind$?MoveEntity@@YAXPEAUgame_state@@PEAUsim_region@@PEAUsim_entity@@MPEAUmove_spec@@Tv3@@@Z 000000018002ec7c     p5engine.obj
 0003:00005c98       $unwind$?DefaultMoveSpec@@YA?AUmove_spec@@XZ 000000018002ec98     p5engine.obj
 0003:00005cb4       $unwind$?RandomSeed@@YA?AUrandom_series@@I@Z 000000018002ecb4     p5engine.obj
 0003:00005cd0       $unwind$?RandomNextUInt32@@YAIPEAUrandom_series@@@Z 000000018002ecd0     p5engine.obj
 0003:00005ce4       $unwind$?RandomChoice@@YAIPEAUrandom_series@@I@Z 000000018002ece4     p5engine.obj
 0003:00005cf8       $unwind$?RandomUnilateral@@YAMPEAUrandom_series@@@Z 000000018002ecf8     p5engine.obj
 0003:00005d0c       $unwind$?GameOutputSound@@YAXPEAUgame_state@@PEAUgame_sound_output_buffer@@H@Z 000000018002ed0c     p5engine.obj
 0003:00005d20       $unwind$?DrawRectangle@@YAXPEAUloaded_bitmap@@Tv2@@1MMM@Z 000000018002ed20     p5engine.obj
 0003:00005d34       $unwind$?DrawBitmap@@YAXPEAUloaded_bitmap@@0MMM@Z 000000018002ed34     p5engine.obj
 0003:00005d48       $unwind$?DEBUGLoadBMP@@YA?AUloaded_bitmap@@PEAUthread_context@@P6A?AUdebug_read_file_result@@0PEAD@Z1@Z 000000018002ed48     p5engine.obj
 0003:00005d64       $unwind$?AddLowEntity@@YA?AUadd_low_entity_result@@PEAUgame_state@@W4entity_type@@Uworld_position@@@Z 000000018002ed64     p5engine.obj
 0003:00005d80       $unwind$?AddGroundedEntity@@YA?AUadd_low_entity_result@@PEAUgame_state@@W4entity_type@@Uworld_position@@PEAUsim_entity_collision_volume_group@@@Z 000000018002ed80     p5engine.obj
 0003:00005d94       $unwind$?AddStandardRoom@@YA?AUadd_low_entity_result@@PEAUgame_state@@III@Z 000000018002ed94     p5engine.obj
 0003:00005da8       $unwind$?AddWall@@YA?AUadd_low_entity_result@@PEAUgame_state@@III@Z 000000018002eda8     p5engine.obj
 0003:00005dbc       $unwind$?AddStairs@@YA?AUadd_low_entity_result@@PEAUgame_state@@III@Z 000000018002edbc     p5engine.obj
 0003:00005dd0       $unwind$?InitHitPoints@@YAXPEAUlow_entity@@I@Z 000000018002edd0     p5engine.obj
 0003:00005de4       $unwind$?AddSword@@YA?AUadd_low_entity_result@@PEAUgame_state@@@Z 000000018002ede4     p5engine.obj
 0003:00005df8       $unwind$?AddPlayer@@YA?AUadd_low_entity_result@@PEAUgame_state@@@Z 000000018002edf8     p5engine.obj
 0003:00005e0c       $unwind$?AddMonstar@@YA?AUadd_low_entity_result@@PEAUgame_state@@III@Z 000000018002ee0c     p5engine.obj
 0003:00005e20       $unwind$?AddFamiliar@@YA?AUadd_low_entity_result@@PEAUgame_state@@III@Z 000000018002ee20     p5engine.obj
 0003:00005e34       $unwind$?PushPiece@@YAXPEAUentity_visible_piece_group@@PEAUloaded_bitmap@@Tv2@@2M2Tv4@@M@Z 000000018002ee34     p5engine.obj
 0003:00005e48       $unwind$?PushBitmap@@YAXPEAUentity_visible_piece_group@@PEAUloaded_bitmap@@Tv2@@M2MM@Z 000000018002ee48     p5engine.obj
 0003:00005e5c       $unwind$?PushRect@@YAXPEAUentity_visible_piece_group@@Tv2@@M1Tv4@@M@Z 000000018002ee5c     p5engine.obj
 0003:00005e70       $unwind$?DrawHitpoints@@YAXPEAUsim_entity@@PEAUentity_visible_piece_group@@@Z 000000018002ee70     p5engine.obj
 0003:00005e8c       $unwind$?MakeSimpleGroundedCollision@@YAPEAUsim_entity_collision_volume_group@@PEAUgame_state@@MMM@Z 000000018002ee8c     p5engine.obj
 0003:00005ea0       $unwind$?MakeNullCollision@@YAPEAUsim_entity_collision_volume_group@@PEAUgame_state@@@Z 000000018002eea0     p5engine.obj
 0003:00005eb4       $unwind$?DrawGroundChunk@@YAXPEAUgame_state@@PEAUloaded_bitmap@@PEAUworld_position@@@Z 000000018002eeb4     p5engine.obj
 0003:00005ed0       $unwind$?MakeEmptyBitmap@@YA?AUloaded_bitmap@@PEAUmemory_arena@@HH@Z 000000018002eed0     p5engine.obj
 0003:00005eec       $unwind$GameUpdateAndRender 000000018002eeec     p5engine.obj
 0003:00005f08       $unwind$GameGetSoundSamples 000000018002ef08     p5engine.obj
 0003:00005f1c       $unwind$_RTC_CheckStackVars 000000018002ef1c     MSVCRTD:stack.obj
 0003:00005f30       $chain$0$_RTC_CheckStackVars 000000018002ef30     MSVCRTD:stack.obj
 0003:00005f48       $chain$1$_RTC_CheckStackVars 000000018002ef48     MSVCRTD:stack.obj
 0003:00005f5c       $unwind$_RTC_CheckStackVars2 000000018002ef5c     MSVCRTD:stack.obj
 0003:00005f6c       $chain$1$_RTC_CheckStackVars2 000000018002ef6c     MSVCRTD:stack.obj
 0003:00005f88       $chain$2$_RTC_CheckStackVars2 000000018002ef88     MSVCRTD:stack.obj
 0003:00005fa0       $chain$3$_RTC_CheckStackVars2 000000018002efa0     MSVCRTD:stack.obj
 0003:00005fb8       $chain$4$_RTC_CheckStackVars2 000000018002efb8     MSVCRTD:stack.obj
 0003:00005fcc       $chain$5$_RTC_CheckStackVars2 000000018002efcc     MSVCRTD:stack.obj
 0003:00005fe0       $chain$6$_RTC_CheckStackVars2 000000018002efe0     MSVCRTD:stack.obj
 0003:00005ff4       $unwind$_RTC_AllocaHelper  000000018002eff4     MSVCRTD:stack.obj
 0003:00005ffc       $chain$0$_RTC_AllocaHelper 000000018002effc     MSVCRTD:stack.obj
 0003:00006014       $chain$1$_RTC_AllocaHelper 000000018002f014     MSVCRTD:stack.obj
 0003:00006028       $unwind$_RTC_Shutdown      000000018002f028     MSVCRTD:init.obj
 0003:00006030       $unwind$_RTC_InitBase      000000018002f030     MSVCRTD:init.obj
 0003:00006038       $unwind$__CheckForDebuggerJustMyCode 000000018002f038     MSVCRTD:debugger_jmc.obj
 0003:00006040       $unwind$__GSHandlerCheckCommon 000000018002f040     MSVCRTD:gshandler.obj
 0003:00006048       $unwind$__GSHandlerCheck   000000018002f048     MSVCRTD:gshandler.obj
 0003:00006050       $xdatasym                  000000018002f050     MSVCRTD:chkstk.obj
 0003:00006058       $xdatasym                  000000018002f058     MSVCRTD:amdsecgs.obj
 0003:0000605c       $unwind$?dllmain_crt_process_attach@@YAHQEAUHINSTANCE__@@QEAX@Z 000000018002f05c     MSVCRTD:dll_dllmain.obj
 0003:00006080       $unwind$?fin$0@?0??dllmain_crt_process_attach@@YAHQEAUHINSTANCE__@@QEAX@Z@4HA 000000018002f080     MSVCRTD:dll_dllmain.obj
 0003:00006088       $unwind$?dllmain_crt_process_detach@@YAH_N@Z 000000018002f088     MSVCRTD:dll_dllmain.obj
 0003:000060bc       $unwind$?fin$0@?0??dllmain_crt_process_detach@@YAH_N@Z@4HA 000000018002f0bc     MSVCRTD:dll_dllmain.obj
 0003:000060c4       $unwind$?fin$1@?0??dllmain_crt_process_detach@@YAH_N@Z@4HA 000000018002f0c4     MSVCRTD:dll_dllmain.obj
 0003:000060cc       $unwind$?dllmain_crt_dispatch@@YAHQEAUHINSTANCE__@@KQEAX@Z 000000018002f0cc     MSVCRTD:dll_dllmain.obj
 0003:000060d4       $unwind$_CRT_INIT          000000018002f0d4     MSVCRTD:dll_dllmain.obj
 0003:000060dc       $unwind$?dllmain_raw@@YAHQEAUHINSTANCE__@@KQEAX@Z 000000018002f0dc     MSVCRTD:dll_dllmain.obj
 0003:000060e4       $unwind$?dllmain_dispatch@@YAHQEAUHINSTANCE__@@KQEAX@Z 000000018002f0e4     MSVCRTD:dll_dllmain.obj
 0003:00006108       $unwind$?filt$0@?0??dllmain_dispatch@@YAHQEAUHINSTANCE__@@KQEAX@Z@4HA 000000018002f108     MSVCRTD:dll_dllmain.obj
 0003:00006110       $unwind$_DllMainCRTStartup 000000018002f110     MSVCRTD:dll_dllmain.obj
 0003:00006118       $unwind$_RTC_UninitUse     000000018002f118     MSVCRTD:error.obj
 0003:00006134       $unwind$?_RTC_StackFailure@@YAXPEAXPEBD@Z 000000018002f134     MSVCRTD:error.obj
 0003:00006154       $unwind$?_RTC_AllocaFailure@@YAXPEAXPEAU_RTC_ALLOCA_NODE@@H@Z 000000018002f154     MSVCRTD:error.obj
 0003:00006170       $chain$0$?_RTC_AllocaFailure@@YAXPEAXPEAU_RTC_ALLOCA_NODE@@H@Z 000000018002f170     MSVCRTD:error.obj
 0003:00006188       $chain$1$?_RTC_AllocaFailure@@YAXPEAXPEAU_RTC_ALLOCA_NODE@@H@Z 000000018002f188     MSVCRTD:error.obj
 0003:0000619c       $unwind$_vsprintf_s_l      000000018002f19c     MSVCRTD:error.obj
 0003:000061b4       $unwind$sprintf_s          000000018002f1b4     MSVCRTD:error.obj
 0003:000061bc       $unwind$?notify_debugger@@YAXAEBUtagEXCEPTION_VISUALCPP_DEBUG_INFO@@@Z 000000018002f1bc     MSVCRTD:error.obj
 0003:000061e0       $unwind$?filt$0@?0??notify_debugger@@YAXAEBUtagEXCEPTION_VISUALCPP_DEBUG_INFO@@@Z@4HA 000000018002f1e0     MSVCRTD:error.obj
 0003:000061e8       $unwind$?DebuggerProbe@@YA_NK@Z 000000018002f1e8     MSVCRTD:error.obj
 0003:000061f0       $unwind$?DebuggerRuntime@@YA_NKHPEAXPEB_W@Z 000000018002f1f0     MSVCRTD:error.obj
 0003:000061f8       $unwind$?failwithmessage@@YAXPEAXHHPEBD@Z 000000018002f1f8     MSVCRTD:error.obj
 0003:00006220       $unwind$?_getMemBlockDataString@@YAXPEAD0PEBD_K@Z 000000018002f220     MSVCRTD:error.obj
 0003:00006234       $chain$3$?_getMemBlockDataString@@YAXPEAD0PEBD_K@Z 000000018002f234     MSVCRTD:error.obj
 0003:00006258       $chain$4$?_getMemBlockDataString@@YAXPEAD0PEBD_K@Z 000000018002f258     MSVCRTD:error.obj
 0003:0000626c       $unwind$__report_securityfailure 000000018002f26c     MSVCRTD:gs_report.obj
 0003:00006274       $unwind$__report_securityfailureEx 000000018002f274     MSVCRTD:gs_report.obj
 0003:0000627c       $unwind$__report_rangecheckfailure 000000018002f27c     MSVCRTD:gs_report.obj
 0003:00006284       $unwind$__report_gsfailure 000000018002f284     MSVCRTD:gs_report.obj
 0003:0000628c       $unwind$capture_current_context 000000018002f28c     MSVCRTD:gs_report.obj
 0003:00006294       $unwind$capture_previous_context 000000018002f294     MSVCRTD:gs_report.obj
 0003:0000629c       $unwind$__raise_securityfailure 000000018002f29c     MSVCRTD:gs_report.obj
 0003:000062a4       $unwind$__security_init_cookie 000000018002f2a4     MSVCRTD:gs_support.obj
 0003:000062ac       $unwind$__get_entropy      000000018002f2ac     MSVCRTD:gs_support.obj
 0003:000062b4       $unwind$DllMain            000000018002f2b4     MSVCRTD:dll_dllmain_stub.obj
 0003:000062bc       $unwind$?__scrt_initialize_type_info@@YAXXZ 000000018002f2bc     MSVCRTD:tncleanup.obj
 0003:000062c4       $unwind$?__scrt_uninitialize_type_info@@YAXXZ 000000018002f2c4     MSVCRTD:tncleanup.obj
 0003:000062cc       $unwind$__scrt_initialize_default_local_stdio_options 000000018002f2cc     MSVCRTD:default_local_stdio_options.obj
 0003:000062d4       $unwind$atexit             000000018002f2d4     MSVCRTD:utility.obj
 0003:000062dc       $unwind$_onexit            000000018002f2dc     MSVCRTD:utility.obj
 0003:000062e4       $unwind$at_quick_exit      000000018002f2e4     MSVCRTD:utility.obj
 0003:000062ec       $unwind$__scrt_is_nonwritable_in_current_image 000000018002f2ec     MSVCRTD:utility.obj
 0003:00006310       $unwind$__scrt_is_nonwritable_in_current_image$filt$0 000000018002f310     MSVCRTD:utility.obj
 0003:00006318       $unwind$__scrt_acquire_startup_lock 000000018002f318     MSVCRTD:utility.obj
 0003:00006320       $unwind$__scrt_release_startup_lock 000000018002f320     MSVCRTD:utility.obj
 0003:00006328       $unwind$__scrt_initialize_crt 000000018002f328     MSVCRTD:utility.obj
 0003:00006330       $unwind$__scrt_uninitialize_crt 000000018002f330     MSVCRTD:utility.obj
 0003:00006338       $unwind$__scrt_initialize_onexit_tables 000000018002f338     MSVCRTD:utility.obj
 0003:00006348       $unwind$__scrt_dllmain_exception_filter 000000018002f348     MSVCRTD:utility.obj
 0003:00006350       $unwind$__scrt_dllmain_before_initialize_c 000000018002f350     MSVCRTD:utility.obj
 0003:00006358       $unwind$__scrt_dllmain_after_initialize_c 000000018002f358     MSVCRTD:utility.obj
 0003:00006360       $unwind$__scrt_dllmain_uninitialize_c 000000018002f360     MSVCRTD:utility.obj
 0003:00006368       $unwind$__scrt_dllmain_uninitialize_critical 000000018002f368     MSVCRTD:utility.obj
 0003:00006370       $unwind$__scrt_dllmain_crt_thread_attach 000000018002f370     MSVCRTD:utility.obj
 0003:00006378       $unwind$__scrt_dllmain_crt_thread_detach 000000018002f378     MSVCRTD:utility.obj
 0003:00006380       $unwind$?configure_argv@__scrt_narrow_argv_policy@@SAHXZ 000000018002f380     MSVCRTD:utility.obj
 0003:00006388       $unwind$?initialize_environment@__scrt_narrow_environment_policy@@SAHXZ 000000018002f388     MSVCRTD:utility.obj
 0003:00006390       $unwind$?is_potentially_valid_image_base@@YA_NQEAX@Z 000000018002f390     MSVCRTD:utility.obj
 0003:00006398       $unwind$?find_pe_section@@YAPEAU_IMAGE_SECTION_HEADER@@QEAE_K@Z 000000018002f398     MSVCRTD:utility.obj
 0003:000063a0       $unwind$__scrt_get_show_window_mode 000000018002f3a0     MSVCRTD:utility_desktop.obj
 0003:000063b0       $unwind$__scrt_is_managed_app 000000018002f3b0     MSVCRTD:utility_desktop.obj
 0003:000063b8       $unwind$__scrt_initialize_mta 000000018002f3b8     MSVCRTD:utility_desktop.obj
 0003:000063c0       $unwind$__scrt_set_unhandled_exception_filter 000000018002f3c0     MSVCRTD:utility_desktop.obj
 0003:000063c8       $unwind$__scrt_fastfail    000000018002f3c8     MSVCRTD:utility_desktop.obj
 0003:000063d8       $unwind$__scrt_unhandled_exception_filter 000000018002f3d8     MSVCRTD:utility_desktop.obj
 0003:000063e0       $unwind$_RTC_Initialize    000000018002f3e0     MSVCRTD:initsect.obj
 0003:000063f0       $unwind$_RTC_Terminate     000000018002f3f0     MSVCRTD:initsect.obj
 0003:00006400       $unwind$ReadNoFence64      000000018002f400     MSVCRTD:guard_support.obj
 0003:00006408       $unwind$ReadPointerNoFence 000000018002f408     MSVCRTD:guard_support.obj
 0003:00006410       $unwind$_guard_icall_checks_enforced 000000018002f410     MSVCRTD:guard_support.obj
 0003:00006418       $unwind$__castguard_compat_check 000000018002f418     MSVCRTD:guard_support.obj
 0003:00006420       $unwind$__castguard_check_failure_debugbreak 000000018002f420     MSVCRTD:guard_support.obj
 0003:00006428       $unwind$__castguard_check_failure_fastfail 000000018002f428     MSVCRTD:guard_support.obj
 0003:00006430       $unwind$__castguard_check_failure_os_handled 000000018002f430     MSVCRTD:guard_support.obj
 0003:00006438       $unwind$__castguard_slow_path_compat_check 000000018002f438     MSVCRTD:guard_support.obj
 0003:00006440       $unwind$__castguard_slow_path_check_debugbreak 000000018002f440     MSVCRTD:guard_support.obj
 0003:00006448       $unwind$__castguard_slow_path_check_fastfail 000000018002f448     MSVCRTD:guard_support.obj
 0003:00006450       $unwind$__castguard_slow_path_check_os_handled 000000018002f450     MSVCRTD:guard_support.obj
 0003:00006458       $unwind$?_RTC_GetSrcLine@@YAHPEAEPEA_WKPEAH1K@Z 000000018002f458     MSVCRTD:pdblkup.obj
 0003:00006474       $unwind$?GetPdbDllFromInstallPath@@YAPEAUHINSTANCE__@@XZ 000000018002f474     MSVCRTD:pdblkup.obj
 0003:0000649c       $unwind$?GetPdbDllPathFromFilePath@@YAHPEB_WPEA_W_K@Z 000000018002f49c     MSVCRTD:pdblkup.obj
 0003:000064b8       $unwind$?GetPdbDll@@YAPEAUHINSTANCE__@@XZ 000000018002f4b8     MSVCRTD:pdblkup.obj
 0003:000064cc       $unwind$__isa_available_init 000000018002f4cc     MSVCRTD:cpu_disp.obj
 0003:000064e0       $unwind$__scrt_is_ucrt_dll_in_use 000000018002f4e0     MSVCRTD:ucrt_detection.obj
 0003:000064e8       $xdatasym                  000000018002f4e8     MSVCRTD:guard_dispatch.obj
 0003:000064f0       $xdatasym                  000000018002f4f0     MSVCRTD:guard_xfg_dispatch.obj
 0003:000067a0       .edata                     000000018002f7a0     P5Engine.exp
 0003:000067c8       rgpv                       000000018002f7c8     P5Engine.exp
 0003:000067d0       rgszName                   000000018002f7d0     P5Engine.exp
 0003:000067d8       rgwOrd                     000000018002f7d8     P5Engine.exp
 0003:000067dc       szName                     000000018002f7dc     P5Engine.exp
 0003:000067e9       $N00001                    000000018002f7e9     P5Engine.exp
 0003:000067fd       $N00002                    000000018002f7fd     P5Engine.exp
 0004:00000000       ?RandomNumberTable@@3PAIA  0000000180030000     p5engine.obj
 0004:00004e40       ?init@?1??_RTC_InitBase@@9@4_NA 0000000180034e40     MSVCRTD:init.obj
 0004:00004e44       ?__proc_attached@@3HA      0000000180034e44     MSVCRTD:dll_dllmain.obj
 0004:00004e58       ?_RTC_ErrorReportFunc@@3P6AHHPEBDH00ZZEA 0000000180034e58     MSVCRTD:userapi.obj
 0004:00004e60       ?_RTC_ErrorReportFuncW@@3P6AHHPEB_WH00ZZEA 0000000180034e60     MSVCRTD:userapi.obj
 0004:00004e70       GS_ExceptionRecord         0000000180034e70     MSVCRTD:gs_report.obj
 0004:00004f10       GS_ContextRecord           0000000180034f10     MSVCRTD:gs_report.obj
 0004:00005538       ?is_initialized_as_dll@@3_NA 0000000180035538     MSVCRTD:utility.obj
 0004:00005539       ?module_local_atexit_table_initialized@@3_NA 0000000180035539     MSVCRTD:utility.obj
 0004:00005540       ?module_local_atexit_table@@3U_onexit_table_t@@A 0000000180035540     MSVCRTD:utility.obj
 0004:00005558       ?module_local_at_quick_exit_table@@3U_onexit_table_t@@A 0000000180035558     MSVCRTD:utility.obj
 0004:00005598       ?mspdb@@3PEAUHINSTANCE__@@EA 0000000180035598     MSVCRTD:pdblkup.obj
 0004:000055a1       ?alreadyTried@?1??GetPdbDll@@YAPEAUHINSTANCE__@@XZ@4_NA 00000001800355a1     MSVCRTD:pdblkup.obj
 0004:000055a2       ?PDBOK@?1??_RTC_GetSrcLine@@YAHPEAEPEA_WKPEAH1K@Z@4_NA 00000001800355a2     MSVCRTD:pdblkup.obj
 0006:0000078a       .idata$6                   000000018003978a     vcruntimed:VCRUNTIME140D.dll
 0006:00000932       .idata$6                   0000000180039932     ucrtd:ucrtbased.dll
 0006:00000b74       .idata$6                   0000000180039b74     kernel32:KERNEL32.dll
 0007:00000000       __5C0B09BC_p5engine_platform@h 000000018003a000     p5engine.obj
 0007:00000001       __09340588_corecrt_math@h  000000018003a001     p5engine.obj
 0007:00000002       __B0C4CEA9_malloc@h        000000018003a002     p5engine.obj
 0007:00000003       __3A0418DB_p5engine_intrinsics@h 000000018003a003     p5engine.obj
 0007:00000004       __6D6C9F34_p5engine_math@h 000000018003a004     p5engine.obj
 0007:00000005       __326D9465_p5engine_entity@h 000000018003a005     p5engine.obj
 0007:00000006       __B7D51BCB_p5engine@h      000000018003a006     p5engine.obj
 0007:00000007       __DC0D61CC_p5engine_world@cpp 000000018003a007     p5engine.obj
 0007:00000008       __5DD8E4E4_p5engine_sim_region@cpp 000000018003a008     p5engine.obj
 0007:00000009       __9C871DF9_p5engine_entity@cpp 000000018003a009     p5engine.obj
 0007:0000000a       __74B1E2C0_p5engine_random@h 000000018003a00a     p5engine.obj
 0007:0000000b       __D1049797_p5engine@cpp    000000018003a00b     p5engine.obj
 0009:00000170       $R000000                   000000018003c170     * linker generated manifest res *
