 P5Engine

 Timestamp is 6142fe3e (Thu Sep 16 01:20:14 2021)

 Preferred load address is 0000000180000000

 Start         Length     Name                   Class
 0001:00000000 00010000H .textbss                DATA
 0002:00000000 00015020H .text$mn                CODE
 0002:00015020 00001040H .text$mn$00             CODE
 0002:00016060 00001141H .text$x                 CODE
 0003:00000000 00000110H .CRT$XCA                DATA
 0003:00000110 00000110H .CRT$XCZ                DATA
 0003:00000220 00000110H .CRT$XIA                DATA
 0003:00000330 00000110H .CRT$XIZ                DATA
 0003:00000440 00000110H .CRT$XPA                DATA
 0003:00000550 00000110H .CRT$XPZ                DATA
 0003:00000660 00000110H .CRT$XTA                DATA
 0003:00000770 00000110H .CRT$XTZ                DATA
 0003:00000880 00003f80H .rdata                  DATA
 0003:00004800 00000110H .rdata$CastGuardVftablesA DATA
 0003:00004910 0000010cH .rdata$CastGuardVftablesC DATA
 0003:00004a1c 0000017cH .rdata$zzzdbg           DATA
 0003:00004b98 00000110H .rtc$IAA                DATA
 0003:00004ca8 00000110H .rtc$IMZ                DATA
 0003:00004db8 00000110H .rtc$IZZ                DATA
 0003:00004ec8 00000110H .rtc$TAA                DATA
 0003:00004fd8 00000110H .rtc$TMZ                DATA
 0003:000050e8 00000110H .rtc$TZZ                DATA
 0003:000051f8 000011e8H .xdata                  DATA
 0003:000063e0 00000187H .edata                  DATA
 0004:00000000 00004e40H .data                   DATA
 0004:00004e40 00000788H .bss                    DATA
 0005:00000000 000026acH .pdata                  DATA
 0006:00000000 00000340H .idata$5                DATA
 0006:00000340 0000003cH .idata$2                DATA
 0006:0000037c 00000014H .idata$3                DATA
 0006:00000390 00000340H .idata$4                DATA
 0006:000006d0 00000656H .idata$6                DATA
 0007:00000000 0000010dH .msvcjmc                DATA
 0008:00000000 00000151H .00cfg                  DATA
 0009:00000000 00000170H .rsrc$01                DATA
 0009:00000170 000001b6H .rsrc$02                DATA

  Address         Publics by Value              Rva+Base               Lib:Object

 0000:00000000       __x64_code_ranges_to_entry_points 0000000000000000     <absolute>
 0000:00000000       __arm64x_redirection_metadata 0000000000000000     <absolute>
 0000:00000000       __guard_fids_table         0000000000000000     <absolute>
 0000:00000000       __guard_iat_table          0000000000000000     <absolute>
 0000:00000000       __guard_check_icall_a64n_fptr 0000000000000000     <absolute>
 0000:00000000       __x64_code_ranges_to_entry_points_count 0000000000000000     <absolute>
 0000:00000000       ___safe_se_handler_count   0000000000000000     <absolute>
 0000:00000000       ___safe_se_handler_table   0000000000000000     <absolute>
 0000:00000000       __guard_iat_count          0000000000000000     <absolute>
 0000:00000000       __AbsoluteZero             0000000000000000     <absolute>
 0000:00000000       __hybrid_code_map_count    0000000000000000     <absolute>
 0000:00000000       __guard_longjmp_count      0000000000000000     <absolute>
 0000:00000000       __dynamic_value_reloc_table 0000000000000000     <absolute>
 0000:00000000       __arm64x_extra_rfe_table_size 0000000000000000     <absolute>
 0000:00000000       __hybrid_auxiliary_iat     0000000000000000     <absolute>
 0000:00000000       __arm64x_redirection_metadata_count 0000000000000000     <absolute>
 0000:00000000       __hybrid_auxiliary_iat_copy 0000000000000000     <absolute>
 0000:00000000       __enclave_config           0000000000000000     <absolute>
 0000:00000000       __guard_longjmp_table      0000000000000000     <absolute>
 0000:00000000       __arm64x_native_entrypoint 0000000000000000     <absolute>
 0000:00000000       __guard_eh_cont_count      0000000000000000     <absolute>
 0000:00000000       __volatile_metadata        0000000000000000     <absolute>
 0000:00000000       __hybrid_code_map          0000000000000000     <absolute>
 0000:00000000       __guard_eh_cont_table      0000000000000000     <absolute>
 0000:00000000       __guard_fids_count         0000000000000000     <absolute>
 0000:00000000       __arm64x_extra_rfe_table   0000000000000000     <absolute>
 0000:00000100       __guard_flags              0000000000000100     <absolute>
 0000:00000000       __ImageBase                0000000180000000     <linker-defined>
 0001:00000000       __enc$textbss$begin        0000000180001000     <linker-defined>
 0001:00010000       __enc$textbss$end          0000000180011000     <linker-defined>
 0002:00000990       ??D@YA?ATv2@@MT0@@Z        0000000180011990 f i p5engine.obj
 0002:00000a80       ??D@YA?ATv2@@T0@M@Z        0000000180011a80 f i p5engine.obj
 0002:00000b20       ??D@YA?ATv3@@MT0@@Z        0000000180011b20 f i p5engine.obj
 0002:00000c60       ??D@YA?ATv3@@T0@M@Z        0000000180011c60 f i p5engine.obj
 0002:00000d60       ??G@YA?ATv2@@T0@0@Z        0000000180011d60 f i p5engine.obj
 0002:00000e50       ??G@YA?ATv3@@T0@0@Z        0000000180011e50 f i p5engine.obj
 0002:00000fa0       ??H@YA?ATv2@@T0@0@Z        0000000180011fa0 f i p5engine.obj
 0002:00001090       ??H@YA?ATv3@@T0@0@Z        0000000180012090 f i p5engine.obj
 0002:000011e0       ??X@YAAEATv3@@AEAT0@M@Z    00000001800121e0 f i p5engine.obj
 0002:000012a0       ??Y@YAAEATv2@@AEAT0@T0@@Z  00000001800122a0 f i p5engine.obj
 0002:00001320       ??Y@YAAEATv3@@AEAT0@T0@@Z  0000000180012320 f i p5engine.obj
 0002:00001400       ??Z@YAAEATv3@@AEAT0@T0@@Z  0000000180012400 f i p5engine.obj
 0002:000014e0       ?AbsoluteValue@@YAMM@Z     00000001800124e0 f i p5engine.obj
 0002:00001ce0       ?AddFlags@@YAXPEAUsim_entity@@I@Z 0000000180012ce0 f i p5engine.obj
 0002:000024a0       ?AddRadiusTo@@YA?AUrectangle3@@U1@Tv3@@@Z 00000001800134a0 f i p5engine.obj
 0002:00002e20       ?AreInSameChunk@@YAHPEAUworld@@PEAUworld_position@@1@Z 0000000180013e20 f i p5engine.obj
 0002:00003bf0       ?ChangeEntityLocationRaw@@YAXPEAUmemory_arena@@PEAUworld@@IPEAUworld_position@@2@Z 0000000180014bf0 f i p5engine.obj
 0002:000040f0       ?ChunkPositionFromTilePosition@@YA?AUworld_position@@PEAUworld@@HHHTv3@@@Z 00000001800150f0 f i p5engine.obj
 0002:00004450       ?Clamp01@@YA?ATv2@@T1@@Z   0000000180015450 f i p5engine.obj
 0002:00004530       ?Clamp01@@YAMM@Z           0000000180015530 f i p5engine.obj
 0002:00004590       ?Clamp@@YAMMMM@Z           0000000180015590 f i p5engine.obj
 0002:00004760       ?ClearFlags@@YAXPEAUsim_entity@@I@Z 0000000180015760 f i p5engine.obj
 0002:00004c50       ?DefaultMoveSpec@@YA?AUmove_spec@@XZ 0000000180015c50 f i p5engine.obj
 0002:000064c0       ?EntityOverlapsRectangle@@YAHTv3@@Usim_entity_collision_volume@@Urectangle3@@@Z 00000001800174c0 f i p5engine.obj
 0002:000066f0       ?FindLeastSignificantSetBit@@YA?AUbit_scan_result@@I@Z 00000001800176f0 f i p5engine.obj
 0002:000068b0       ?GetBarycentric@@YA?ATv2@@Urectangle2@@T1@@Z 00000001800178b0 f i p5engine.obj
 0002:000069f0       ?GetEntityGroundPoint@@YA?ATv3@@PEAUsim_entity@@@Z 00000001800179f0 f i p5engine.obj
 0002:00006bc0       ?GetLowEntity@@YAPEAUlow_entity@@PEAUgame_state@@I@Z 0000000180017bc0 f i p5engine.obj
 0002:00006c60       ?GetMaxCorner@@YA?ATv3@@Urectangle3@@@Z 0000000180017c60 f i p5engine.obj
 0002:00006d20       ?GetMinCorner@@YA?ATv3@@Urectangle3@@@Z 0000000180017d20 f i p5engine.obj
 0002:00006de0       ?GetSimSpacePos@@YA?ATv3@@PEAUsim_region@@PEAUlow_entity@@@Z 0000000180017de0 f i p5engine.obj
 0002:00006f60       ?GetStairGround@@YAMPEAUsim_entity@@Tv3@@@Z 0000000180017f60 f i p5engine.obj
 0002:000070d0       ?GetWorldChunk@@YAPEAUworld_chunk@@PEAUworld@@HHHPEAUmemory_arena@@@Z 00000001800180d0 f i p5engine.obj
 0002:00007350       ?Hadamard@@YA?ATv3@@T1@0@Z 0000000180018350 f i p5engine.obj
 0002:000076a0       ?HasFlag@@YAHPEAUsim_entity@@I@Z 00000001800186a0 f i p5engine.obj
 0002:000077c0       ?InitializeArena@@YAXPEAUmemory_arena@@_KPEAX@Z 00000001800187c0 f i p5engine.obj
 0002:000079b0       ?Inner@@YAMTv3@@0@Z        00000001800189b0 f i p5engine.obj
 0002:00007a60       ?IsCanonical@@YAHMM@Z      0000000180018a60 f i p5engine.obj
 0002:00007b30       ?IsCanonical@@YAHPEAUworld@@Tv3@@@Z 0000000180018b30 f i p5engine.obj
 0002:00007c10       ?IsInRectangle@@YAHUrectangle3@@Tv3@@@Z 0000000180018c10 f i p5engine.obj
 0002:00007d30       ?IsValid@@YAHUworld_position@@@Z 0000000180018d30 f i p5engine.obj
 0002:00007da0       ?Length@@YAMTv3@@@Z        0000000180018da0 f i p5engine.obj
 0002:00007e20       ?LengthSq@@YAMTv3@@@Z      0000000180018e20 f i p5engine.obj
 0002:00007ec0       ?LoadEntityReference@@YAXPEAUgame_state@@PEAUsim_region@@PEATentity_reference@@@Z 0000000180018ec0 f i p5engine.obj
 0002:00008060       ?MakeEntityNonSpatial@@YAXPEAUsim_entity@@@Z 0000000180019060 f i p5engine.obj
 0002:00008120       ?MakeEntitySpatial@@YAXPEAUsim_entity@@Tv3@@1@Z 0000000180019120 f i p5engine.obj
 0002:00008480       ?MapIntoChunkSpace@@YA?AUworld_position@@PEAUworld@@U1@Tv3@@@Z 0000000180019480 f i p5engine.obj
 0002:0000a610       ?NullPosition@@YA?AUworld_position@@XZ 000000018001b610 f i p5engine.obj
 0002:0000a6f0       ?PushBitmap@@YAXPEAUentity_visible_piece_group@@PEAUloaded_bitmap@@Tv2@@M2MM@Z 000000018001b6f0 f i p5engine.obj
 0002:0000a890       ?PushPiece@@YAXPEAUentity_visible_piece_group@@PEAUloaded_bitmap@@Tv2@@2M2Tv4@@M@Z 000000018001b890 f i p5engine.obj
 0002:0000aa90       ?PushRect@@YAXPEAUentity_visible_piece_group@@Tv2@@M1Tv4@@M@Z 000000018001ba90 f i p5engine.obj
 0002:0000ab80       ?PushRectOutline@@YAXPEAUentity_visible_piece_group@@Tv2@@M1Tv4@@M@Z 000000018001bb80 f i p5engine.obj
 0002:0000afe0       ?PushSize_@@YAPEAXPEAUmemory_arena@@_K@Z 000000018001bfe0 f i p5engine.obj
 0002:0000b0a0       ?RecanonicalizeCoord@@YAXMPEAHPEAM@Z 000000018001c0a0 f i p5engine.obj
 0002:0000b190       ?RectCenterDim@@YA?AUrectangle2@@Tv2@@0@Z 000000018001c190 f i p5engine.obj
 0002:0000b290       ?RectCenterDim@@YA?AUrectangle3@@Tv3@@0@Z 000000018001c290 f i p5engine.obj
 0002:0000b400       ?RectCenterHalfDim@@YA?AUrectangle2@@Tv2@@0@Z 000000018001c400 f i p5engine.obj
 0002:0000b540       ?RectCenterHalfDim@@YA?AUrectangle3@@Tv3@@0@Z 000000018001c540 f i p5engine.obj
 0002:0000b750       ?RectanglesIntersect@@YAHUrectangle3@@0@Z 000000018001c750 f i p5engine.obj
 0002:0000b880       ?RotateLeft@@YAIIH@Z       000000018001c880 f i p5engine.obj
 0002:0000b8e0       ?RoundReal32ToInt32@@YAHM@Z 000000018001c8e0 f i p5engine.obj
 0002:0000b940       ?RoundReal32ToUInt32@@YAIM@Z 000000018001c940 f i p5engine.obj
 0002:0000b9a0       ?Sin@@YAMM@Z               000000018001c9a0 f i p5engine.obj
 0002:0000bb50       ?Square@@YAMM@Z            000000018001cb50 f i p5engine.obj
 0002:0000bbb0       ?SquareRoot@@YAMM@Z        000000018001cbb0 f i p5engine.obj
 0002:0000bc10       ?StoreEntityReference@@YAXPEATentity_reference@@@Z 000000018001cc10 f i p5engine.obj
 0002:0000bfa0       ?V2@@YA?ATv2@@MM@Z         000000018001cfa0 f i p5engine.obj
 0002:0000c070       ?V2i@@YA?ATv2@@HH@Z        000000018001d070 f i p5engine.obj
 0002:0000c120       ?V3@@YA?ATv3@@MMM@Z        000000018001d120 f i p5engine.obj
 0002:0000c240       ?V4@@YA?ATv4@@MMMM@Z       000000018001d240 f i p5engine.obj
 0002:0000c370       ?ZeroSize@@YAX_KPEAX@Z     000000018001d370 f i p5engine.obj
 0002:0000c410       GameGetSoundSamples        000000018001d410 f   p5engine.obj
 0002:0000c480       GameUpdateAndRender        000000018001d480 f   p5engine.obj
 0002:0000f9e0       GetController              00000001800209e0 f i p5engine.obj
 0002:0000fa60       __JustMyCode_Default       0000000180020a60 f i p5engine.obj
 0002:0000fa70       _RTC_AllocaHelper          0000000180020a70 f   MSVCRTD:stack.obj
 0002:0000fac0       _RTC_CheckStackVars        0000000180020ac0 f   MSVCRTD:stack.obj
 0002:0000fb70       _RTC_CheckStackVars2       0000000180020b70 f   MSVCRTD:stack.obj
 0002:0000fcc0       _CRT_RTC_INIT              0000000180020cc0 f   MSVCRTD:init.obj
 0002:0000fcd0       _CRT_RTC_INITW             0000000180020cd0 f   MSVCRTD:init.obj
 0002:0000fce0       _RTC_InitBase              0000000180020ce0 f   MSVCRTD:init.obj
 0002:0000fd30       _RTC_Shutdown              0000000180020d30 f   MSVCRTD:init.obj
 0002:0000fd60       __CheckForDebuggerJustMyCode 0000000180020d60 f   MSVCRTD:debugger_jmc.obj
 0002:0000fdb0       __GSHandlerCheck           0000000180020db0 f   MSVCRTD:gshandler.obj
 0002:0000fe00       __GSHandlerCheckCommon     0000000180020e00 f   MSVCRTD:gshandler.obj
 0002:0000ff50       _alloca_probe              0000000180020f50 f   MSVCRTD:chkstk.obj
 0002:0000ff50       __chkstk                   0000000180020f50 f   MSVCRTD:chkstk.obj
 0002:0000ffd0       __security_check_cookie    0000000180020fd0 f   MSVCRTD:amdsecgs.obj
 0002:00010500       _CRT_INIT                  0000000180021500 f   MSVCRTD:dll_dllmain.obj
 0002:00010540       _DllMainCRTStartup         0000000180021540 f   MSVCRTD:dll_dllmain.obj
 0002:00010640       ?_RTC_AllocaFailure@@YAXPEAXPEAU_RTC_ALLOCA_NODE@@H@Z 0000000180021640 f   MSVCRTD:error.obj
 0002:000107f0       ?_RTC_Failure@@YAXPEAXH@Z  00000001800217f0 f   MSVCRTD:error.obj
 0002:00010860       ?_RTC_StackFailure@@YAXPEAXPEBD@Z 0000000180021860 f   MSVCRTD:error.obj
 0002:00010da0       _RTC_UninitUse             0000000180021da0 f   MSVCRTD:error.obj
 0002:00010ea0       __local_stdio_printf_options 0000000180021ea0 f i MSVCRTD:error.obj
 0002:00010eb0       _vsprintf_s_l              0000000180021eb0 f i MSVCRTD:error.obj
 0002:00010f30       sprintf_s                  0000000180021f30 f i MSVCRTD:error.obj
 0002:00010f60       ?_RTC_GetErrorFunc@@YAP6AHHPEBDH00ZZPEBX@Z 0000000180021f60 f   MSVCRTD:userapi.obj
 0002:00010f70       ?_RTC_GetErrorFuncW@@YAP6AHHPEB_WH00ZZPEBX@Z 0000000180021f70 f   MSVCRTD:userapi.obj
 0002:00010f80       _RTC_GetErrDesc            0000000180021f80 f   MSVCRTD:userapi.obj
 0002:00010fa0       _RTC_NumErrors             0000000180021fa0 f   MSVCRTD:userapi.obj
 0002:00010fb0       _RTC_SetErrorFunc          0000000180021fb0 f   MSVCRTD:userapi.obj
 0002:00010fd0       _RTC_SetErrorFuncW         0000000180021fd0 f   MSVCRTD:userapi.obj
 0002:00010ff0       _RTC_SetErrorType          0000000180021ff0 f   MSVCRTD:userapi.obj
 0002:00011020       __raise_securityfailure    0000000180022020 f   MSVCRTD:gs_report.obj
 0002:00011070       __report_gsfailure         0000000180022070 f   MSVCRTD:gs_report.obj
 0002:00011180       __report_rangecheckfailure 0000000180022180 f   MSVCRTD:gs_report.obj
 0002:000111a0       __report_securityfailure   00000001800221a0 f   MSVCRTD:gs_report.obj
 0002:00011270       __report_securityfailureEx 0000000180022270 f   MSVCRTD:gs_report.obj
 0002:00011660       __security_init_cookie     0000000180022660 f   MSVCRTD:gs_support.obj
 0002:00011700       DllMain                    0000000180022700 f   MSVCRTD:dll_dllmain_stub.obj
 0002:00011750       ?__scrt_initialize_type_info@@YAXXZ 0000000180022750 f   MSVCRTD:tncleanup.obj
 0002:00011770       ?__scrt_uninitialize_type_info@@YAXXZ 0000000180022770 f   MSVCRTD:tncleanup.obj
 0002:00011790       __local_stdio_scanf_options 0000000180022790 f i MSVCRTD:default_local_stdio_options.obj
 0002:000117a0       __scrt_initialize_default_local_stdio_options 00000001800227a0 f   MSVCRTD:default_local_stdio_options.obj
 0002:00011800       ?configure_argv@__scrt_narrow_argv_policy@@SAHXZ 0000000180022800 f i MSVCRTD:utility.obj
 0002:00011920       ?initialize_environment@__scrt_narrow_environment_policy@@SAHXZ 0000000180022920 f i MSVCRTD:utility.obj
 0002:000119f0       NtCurrentTeb               00000001800229f0 f i MSVCRTD:utility.obj
 0002:00011a00       __scrt_acquire_startup_lock 0000000180022a00 f   MSVCRTD:utility.obj
 0002:00011a80       __scrt_dllmain_after_initialize_c 0000000180022a80 f   MSVCRTD:utility.obj
 0002:00011ac0       __scrt_dllmain_before_initialize_c 0000000180022ac0 f   MSVCRTD:utility.obj
 0002:00011af0       __scrt_dllmain_crt_thread_attach 0000000180022af0 f   MSVCRTD:utility.obj
 0002:00011b30       __scrt_dllmain_crt_thread_detach 0000000180022b30 f   MSVCRTD:utility.obj
 0002:00011b50       __scrt_dllmain_exception_filter 0000000180022b50 f   MSVCRTD:utility.obj
 0002:00011bd0       __scrt_dllmain_uninitialize_c 0000000180022bd0 f   MSVCRTD:utility.obj
 0002:00011c10       __scrt_dllmain_uninitialize_critical 0000000180022c10 f   MSVCRTD:utility.obj
 0002:00011c30       __scrt_initialize_crt      0000000180022c30 f   MSVCRTD:utility.obj
 0002:00011c90       __scrt_initialize_onexit_tables 0000000180022c90 f   MSVCRTD:utility.obj
 0002:00011de0       __scrt_is_nonwritable_in_current_image 0000000180022de0 f   MSVCRTD:utility.obj
 0002:00011e90       __scrt_release_startup_lock 0000000180022e90 f   MSVCRTD:utility.obj
 0002:00011ed0       __scrt_uninitialize_crt    0000000180022ed0 f   MSVCRTD:utility.obj
 0002:00011f20       _onexit                    0000000180022f20 f   MSVCRTD:utility.obj
 0002:00011fc0       at_quick_exit              0000000180022fc0 f   MSVCRTD:utility.obj
 0002:00012020       atexit                     0000000180023020 f   MSVCRTD:utility.obj
 0002:00012060       __scrt_get_dyn_tls_init_callback 0000000180023060 f   MSVCRTD:dyn_tls_init.obj
 0002:00012070       __crt_debugger_hook        0000000180023070 f   MSVCRTD:utility_desktop.obj
 0002:00012090       __scrt_fastfail            0000000180023090 f   MSVCRTD:utility_desktop.obj
 0002:00012290       __scrt_get_show_window_mode 0000000180023290 f   MSVCRTD:utility_desktop.obj
 0002:00012300       __scrt_initialize_mta      0000000180023300 f   MSVCRTD:utility_desktop.obj
 0002:00012320       __scrt_initialize_winrt    0000000180023320 f   MSVCRTD:utility_desktop.obj
 0002:00012330       __scrt_is_managed_app      0000000180023330 f   MSVCRTD:utility_desktop.obj
 0002:00012400       __scrt_set_unhandled_exception_filter 0000000180023400 f   MSVCRTD:utility_desktop.obj
 0002:00012420       __scrt_stub_for_initialize_mta 0000000180023420 f   MSVCRTD:utility_desktop.obj
 0002:00012420       __scrt_exe_initialize_mta  0000000180023420 f   MSVCRTD:utility_desktop.obj
 0002:00012430       __scrt_unhandled_exception_filter 0000000180023430 f   MSVCRTD:utility_desktop.obj
 0002:000124f0       _RTC_Initialize            00000001800234f0 f   MSVCRTD:initsect.obj
 0002:00012550       _RTC_Terminate             0000000180023550 f   MSVCRTD:initsect.obj
 0002:000125b0       _guard_check_icall_nop     00000001800235b0 f i MSVCRTD:guard_support.obj
 0002:000125c0       ReadNoFence64              00000001800235c0 f i MSVCRTD:guard_support.obj
 0002:000125f0       ReadPointerNoFence         00000001800235f0 f i MSVCRTD:guard_support.obj
 0002:00012610       __castguard_check_failure_debugbreak 0000000180023610 f i MSVCRTD:guard_support.obj
 0002:00012640       __castguard_check_failure_fastfail 0000000180023640 f i MSVCRTD:guard_support.obj
 0002:00012670       __castguard_check_failure_nop 0000000180023670 f i MSVCRTD:guard_support.obj
 0002:00012680       __castguard_check_failure_os_handled 0000000180023680 f i MSVCRTD:guard_support.obj
 0002:00012770       __castguard_slow_path_check_debugbreak 0000000180023770 f i MSVCRTD:guard_support.obj
 0002:000127c0       __castguard_slow_path_check_fastfail 00000001800237c0 f i MSVCRTD:guard_support.obj
 0002:00012820       __castguard_slow_path_check_nop 0000000180023820 f i MSVCRTD:guard_support.obj
 0002:00012840       __castguard_slow_path_check_os_handled 0000000180023840 f i MSVCRTD:guard_support.obj
 0002:00012950       _guard_icall_checks_enforced 0000000180023950 f i MSVCRTD:guard_support.obj
 0002:000129a0       _guard_rf_checks_enforced  00000001800239a0 f i MSVCRTD:guard_support.obj
 0002:00013000       ?_RTC_GetSrcLine@@YAHPEAEPEA_WKPEAH1K@Z 0000000180024000 f   MSVCRTD:pdblkup.obj
 0002:000134c0       __isa_available_init       00000001800244c0 f   MSVCRTD:cpu_disp.obj
 0002:00013940       _get_startup_argv_mode     0000000180024940 f   MSVCRTD:argv_mode.obj
 0002:00013950       __scrt_is_ucrt_dll_in_use  0000000180024950 f   MSVCRTD:ucrt_detection.obj
 0002:00013980       __C_specific_handler       0000000180024980 f   vcruntimed:VCRUNTIME140D.dll
 0002:00013986       __C_specific_handler_noexcept 0000000180024986 f   vcruntimed:VCRUNTIME140D.dll
 0002:0001398c       __std_type_info_destroy_list 000000018002498c f   vcruntimed:VCRUNTIME140D.dll
 0002:00013992       __current_exception        0000000180024992 f   vcruntimed:VCRUNTIME140D.dll
 0002:00013998       __current_exception_context 0000000180024998 f   vcruntimed:VCRUNTIME140D.dll
 0002:0001399e       __vcrt_GetModuleFileNameW  000000018002499e f   vcruntimed:VCRUNTIME140D.dll
 0002:000139a4       __vcrt_GetModuleHandleW    00000001800249a4 f   vcruntimed:VCRUNTIME140D.dll
 0002:000139aa       __vcrt_LoadLibraryExW      00000001800249aa f   vcruntimed:VCRUNTIME140D.dll
 0002:000139b0       fabs                       00000001800249b0 f   ucrtd:ucrtbased.dll
 0002:000139b6       roundf                     00000001800249b6 f   ucrtd:ucrtbased.dll
 0002:000139bc       sinf                       00000001800249bc f   ucrtd:ucrtbased.dll
 0002:000139c2       sqrtf                      00000001800249c2 f   ucrtd:ucrtbased.dll
 0002:000139c8       _rotl                      00000001800249c8 f   ucrtd:ucrtbased.dll
 0002:000139ce       _CrtDbgReport              00000001800249ce f   ucrtd:ucrtbased.dll
 0002:000139d4       _CrtDbgReportW             00000001800249d4 f   ucrtd:ucrtbased.dll
 0002:000139da       _initterm                  00000001800249da f   ucrtd:ucrtbased.dll
 0002:000139e0       _initterm_e                00000001800249e0 f   ucrtd:ucrtbased.dll
 0002:000139e6       strcpy_s                   00000001800249e6 f   ucrtd:ucrtbased.dll
 0002:000139ec       strcat_s                   00000001800249ec f   ucrtd:ucrtbased.dll
 0002:000139f2       __stdio_common_vsprintf_s  00000001800249f2 f   ucrtd:ucrtbased.dll
 0002:000139f8       _seh_filter_dll            00000001800249f8 f   ucrtd:ucrtbased.dll
 0002:000139fe       _configure_narrow_argv     00000001800249fe f   ucrtd:ucrtbased.dll
 0002:00013a04       _initialize_narrow_environment 0000000180024a04 f   ucrtd:ucrtbased.dll
 0002:00013a0a       _initialize_onexit_table   0000000180024a0a f   ucrtd:ucrtbased.dll
 0002:00013a10       _register_onexit_function  0000000180024a10 f   ucrtd:ucrtbased.dll
 0002:00013a16       _execute_onexit_table      0000000180024a16 f   ucrtd:ucrtbased.dll
 0002:00013a1c       _crt_atexit                0000000180024a1c f   ucrtd:ucrtbased.dll
 0002:00013a22       _crt_at_quick_exit         0000000180024a22 f   ucrtd:ucrtbased.dll
 0002:00013a28       _cexit                     0000000180024a28 f   ucrtd:ucrtbased.dll
 0002:00013a2e       terminate                  0000000180024a2e f   ucrtd:ucrtbased.dll
 0002:00013a34       _wmakepath_s               0000000180024a34 f   ucrtd:ucrtbased.dll
 0002:00013a3a       _wsplitpath_s              0000000180024a3a f   ucrtd:ucrtbased.dll
 0002:00013a40       wcscpy_s                   0000000180024a40 f   ucrtd:ucrtbased.dll
 0002:00013a46       GetCurrentThreadId         0000000180024a46 f   kernel32:KERNEL32.dll
 0002:00013a4c       IsDebuggerPresent          0000000180024a4c f   kernel32:KERNEL32.dll
 0002:00013a52       RaiseException             0000000180024a52 f   kernel32:KERNEL32.dll
 0002:00013a58       MultiByteToWideChar        0000000180024a58 f   kernel32:KERNEL32.dll
 0002:00013a5e       WideCharToMultiByte        0000000180024a5e f   kernel32:KERNEL32.dll
 0002:00013a64       RtlCaptureContext          0000000180024a64 f   kernel32:KERNEL32.dll
 0002:00013a6a       RtlLookupFunctionEntry     0000000180024a6a f   kernel32:KERNEL32.dll
 0002:00013a70       RtlVirtualUnwind           0000000180024a70 f   kernel32:KERNEL32.dll
 0002:00013a76       UnhandledExceptionFilter   0000000180024a76 f   kernel32:KERNEL32.dll
 0002:00013a7c       SetUnhandledExceptionFilter 0000000180024a7c f   kernel32:KERNEL32.dll
 0002:00013a82       GetCurrentProcess          0000000180024a82 f   kernel32:KERNEL32.dll
 0002:00013a88       TerminateProcess           0000000180024a88 f   kernel32:KERNEL32.dll
 0002:00013a8e       IsProcessorFeaturePresent  0000000180024a8e f   kernel32:KERNEL32.dll
 0002:00013a94       QueryPerformanceCounter    0000000180024a94 f   kernel32:KERNEL32.dll
 0002:00013a9a       GetCurrentProcessId        0000000180024a9a f   kernel32:KERNEL32.dll
 0002:00013aa0       GetSystemTimeAsFileTime    0000000180024aa0 f   kernel32:KERNEL32.dll
 0002:00013aa6       DisableThreadLibraryCalls  0000000180024aa6 f   kernel32:KERNEL32.dll
 0002:00013aac       InitializeSListHead        0000000180024aac f   kernel32:KERNEL32.dll
 0002:00013ab2       GetStartupInfoW            0000000180024ab2 f   kernel32:KERNEL32.dll
 0002:00013ab8       GetModuleHandleW           0000000180024ab8 f   kernel32:KERNEL32.dll
 0002:00013abe       GetLastError               0000000180024abe f   kernel32:KERNEL32.dll
 0002:00013ac4       HeapAlloc                  0000000180024ac4 f   kernel32:KERNEL32.dll
 0002:00013aca       HeapFree                   0000000180024aca f   kernel32:KERNEL32.dll
 0002:00013ad0       GetProcessHeap             0000000180024ad0 f   kernel32:KERNEL32.dll
 0002:00013ad6       VirtualQuery               0000000180024ad6 f   kernel32:KERNEL32.dll
 0002:00013adc       FreeLibrary                0000000180024adc f   kernel32:KERNEL32.dll
 0002:00013ae2       GetProcAddress             0000000180024ae2 f   kernel32:KERNEL32.dll
 0002:00013af0       __acrt_initialize          0000000180024af0 f   MSVCRTD:ucrt_stubs.obj
 0002:00013af0       __scrt_stub_for_acrt_initialize 0000000180024af0 f   MSVCRTD:ucrt_stubs.obj
 0002:00013af0       __vcrt_initialize          0000000180024af0 f   MSVCRTD:ucrt_stubs.obj
 0002:00013b00       __acrt_thread_attach       0000000180024b00 f   MSVCRTD:ucrt_stubs.obj
 0002:00013b00       __vcrt_thread_attach       0000000180024b00 f   MSVCRTD:ucrt_stubs.obj
 0002:00013b00       __scrt_stub_for_acrt_thread_attach 0000000180024b00 f   MSVCRTD:ucrt_stubs.obj
 0002:00013b10       __vcrt_thread_detach       0000000180024b10 f   MSVCRTD:ucrt_stubs.obj
 0002:00013b10       __acrt_thread_detach       0000000180024b10 f   MSVCRTD:ucrt_stubs.obj
 0002:00013b10       __scrt_stub_for_acrt_thread_detach 0000000180024b10 f   MSVCRTD:ucrt_stubs.obj
 0002:00013b20       __vcrt_uninitialize        0000000180024b20 f   MSVCRTD:ucrt_stubs.obj
 0002:00013b20       __acrt_uninitialize        0000000180024b20 f   MSVCRTD:ucrt_stubs.obj
 0002:00013b20       __scrt_stub_for_acrt_uninitialize 0000000180024b20 f   MSVCRTD:ucrt_stubs.obj
 0002:00013b30       __vcrt_uninitialize_critical 0000000180024b30 f   MSVCRTD:ucrt_stubs.obj
 0002:00013b30       __scrt_stub_for_acrt_uninitialize_critical 0000000180024b30 f   MSVCRTD:ucrt_stubs.obj
 0002:00013b30       __acrt_uninitialize_critical 0000000180024b30 f   MSVCRTD:ucrt_stubs.obj
 0002:00013b40       _is_c_termination_complete 0000000180024b40 f   MSVCRTD:ucrt_stubs.obj
 0002:00013b40       __scrt_stub_for_is_c_termination_complete 0000000180024b40 f   MSVCRTD:ucrt_stubs.obj
 0002:00015030       _guard_dispatch_icall_nop  0000000180026030 f   MSVCRTD:guard_dispatch.obj
 0002:00015050       _guard_xfg_dispatch_icall_nop 0000000180026050 f   MSVCRTD:guard_xfg_dispatch.obj
 0003:00000000       __xc_a                     0000000180029000     MSVCRTD:initializers.obj
 0003:00000110       __xc_z                     0000000180029110     MSVCRTD:initializers.obj
 0003:00000220       __xi_a                     0000000180029220     MSVCRTD:initializers.obj
 0003:00000330       __xi_z                     0000000180029330     MSVCRTD:initializers.obj
 0003:00000440       __xp_a                     0000000180029440     MSVCRTD:initializers.obj
 0003:00000550       __xp_z                     0000000180029550     MSVCRTD:initializers.obj
 0003:00000660       __xt_a                     0000000180029660     MSVCRTD:initializers.obj
 0003:00000770       __xt_z                     0000000180029770     MSVCRTD:initializers.obj
 0003:00003650       ??_C@_0BA@NMEIMCEK@InvalidCodePath@ 000000018002c650     p5engine.obj
 0003:00003668       ??_C@_0BJ@GOOPBPNK@P5Engine?1data?1grass1?4bmp@ 000000018002c668     p5engine.obj
 0003:00003688       ??_C@_0BI@GAHHFIBN@P5Engine?1data?1soil1?4bmp@ 000000018002c688     p5engine.obj
 0003:000036a8       ??_C@_0BI@OGODCKLD@P5Engine?1data?1soil2?4bmp@ 000000018002c6a8     p5engine.obj
 0003:000036c8       ??_C@_0BI@CNLPPJBG@P5Engine?1data?1soil3?4bmp@ 000000018002c6c8     p5engine.obj
 0003:000036e8       ??_C@_0BI@DGFEELIO@P5Engine?1data?1tuft1?4bmp@ 000000018002c6e8     p5engine.obj
 0003:00003708       ??_C@_0BI@LAMADJCA@P5Engine?1data?1tuft2?4bmp@ 000000018002c708     p5engine.obj
 0003:00003728       ??_C@_0BF@HOIOEMCL@P5Engine?1data?1bg?4bmp@ 000000018002c728     p5engine.obj
 0003:00003748       ??_C@_0BJ@EPENJOEL@P5Engine?1data?1shadow?4bmp@ 000000018002c748     p5engine.obj
 0003:00003768       ??_C@_0BJ@HEECFFOE@P5Engine?1data?1stairs?4bmp@ 000000018002c768     p5engine.obj
 0003:00003788       ??_C@_0BH@DDOBAHNL@P5Engine?1data?1tree?4bmp@ 000000018002c788     p5engine.obj
 0003:000037a8       ??_C@_0BI@EPGPCLAL@P5Engine?1data?1enemy?4bmp@ 000000018002c7a8     p5engine.obj
 0003:000037c8       ??_C@_0BG@IEBKPHGI@P5Engine?1data?1orb?4bmp@ 000000018002c7c8     p5engine.obj
 0003:000037e8       ??_C@_0BP@CIDLMIJA@P5Engine?1data?1char?9right?90?4bmp@ 000000018002c7e8     p5engine.obj
 0003:00003810       ??_C@_0BO@PEBAPFLC@P5Engine?1data?1char?9back?90?4bmp@ 000000018002c810     p5engine.obj
 0003:00003838       ??_C@_0BO@EAIBBIAG@P5Engine?1data?1char?9left?90?4bmp@ 000000018002c838     p5engine.obj
 0003:00003860       ??_C@_0BP@MKDPGEOC@P5Engine?1data?1char?9front?90?4bmp@ 000000018002c860     p5engine.obj
 0003:00003888       ??_C@_0BO@KNNOBFKI@P5Engine?1data?1sword?9right?4bmp@ 000000018002c888     p5engine.obj
 0003:000038b0       ??_C@_0BN@LDDHILOB@P5Engine?1data?1sword?9back?4bmp@ 000000018002c8b0     p5engine.obj
 0003:000038d8       ??_C@_0BN@FPAHMBGA@P5Engine?1data?1sword?9left?4bmp@ 000000018002c8d8     p5engine.obj
 0003:00003900       ??_C@_0BO@BNDLMGBJ@P5Engine?1data?1sword?9front?4bmp@ 000000018002c900     p5engine.obj
 0003:00003924       __real@00000000            000000018002c924     p5engine.obj
 0003:00003928       __real@3a83126f            000000018002c928     p5engine.obj
 0003:0000392c       __real@3c23d70a            000000018002c92c     p5engine.obj
 0003:00003930       __real@3dcccccd            000000018002c930     p5engine.obj
 0003:00003934       __real@3e4ccccd            000000018002c934     p5engine.obj
 0003:00003938       __real@3e800000            000000018002c938     p5engine.obj
 0003:0000393c       __real@3f000000            000000018002c93c     p5engine.obj
 0003:00003940       __real@3f666666            000000018002c940     p5engine.obj
 0003:00003944       __real@3f800000            000000018002c944     p5engine.obj
 0003:00003948       __real@3f8ccccd            000000018002c948     p5engine.obj
 0003:0000394c       __real@3f99999a            000000018002c94c     p5engine.obj
 0003:00003950       __real@3fb33333            000000018002c950     p5engine.obj
 0003:00003954       __real@3fc00000            000000018002c954     p5engine.obj
 0003:00003958       __real@40000000            000000018002c958     p5engine.obj
 0003:0000395c       __real@400ccccd            000000018002c95c     p5engine.obj
 0003:00003960       __real@40400000            000000018002c960     p5engine.obj
 0003:00003964       __real@40a00000            000000018002c964     p5engine.obj
 0003:00003968       __real@40c00000            000000018002c968     p5engine.obj
 0003:0000396c       __real@40c90fdb            000000018002c96c     p5engine.obj
 0003:00003970       __real@41200000            000000018002c970     p5engine.obj
 0003:00003974       __real@41800000            000000018002c974     p5engine.obj
 0003:00003978       __real@41880000            000000018002c978     p5engine.obj
 0003:0000397c       __real@41a00000            000000018002c97c     p5engine.obj
 0003:00003980       __real@41c00000            000000018002c980     p5engine.obj
 0003:00003984       __real@41f00000            000000018002c984     p5engine.obj
 0003:00003988       __real@42000000            000000018002c988     p5engine.obj
 0003:0000398c       __real@42340000            000000018002c98c     p5engine.obj
 0003:00003990       __real@42600000            000000018002c990     p5engine.obj
 0003:00003994       __real@42800000            000000018002c994     p5engine.obj
 0003:00003998       __real@42960000            000000018002c998     p5engine.obj
 0003:0000399c       __real@437f0000            000000018002c99c     p5engine.obj
 0003:000039a0       __real@461c4000            000000018002c9a0     p5engine.obj
 0003:000039a4       __real@47c35000            000000018002c9a4     p5engine.obj
 0003:000039a8       __real@4e6e2fae            000000018002c9a8     p5engine.obj
 0003:000039ac       __real@becccccd            000000018002c9ac     p5engine.obj
 0003:000039b0       __real@bf000000            000000018002c9b0     p5engine.obj
 0003:000039b4       __real@bf800000            000000018002c9b4     p5engine.obj
 0003:000039b8       __real@c11ccccd            000000018002c9b8     p5engine.obj
 0003:000039c0       __xmm@80000000800000008000000080000000 000000018002c9c0     p5engine.obj
 0003:000039d8       _pDefaultRawDllMain        000000018002c9d8     MSVCRTD:dll_dllmain.obj
 0003:000039d8       _pRawDllMain               000000018002c9d8     MSVCRTD:dll_dllmain.obj
 0003:00003ad0       ??_C@_0NN@JMPELKLB@The?5value?5of?5ESP?5was?5not?5proper@ 000000018002cad0     MSVCRTD:error.obj
 0003:00003be0       ??_C@_0BBN@ELNNILBE@A?5cast?5to?5a?5smaller?5data?5type?5h@ 000000018002cbe0     MSVCRTD:error.obj
 0003:00003d38       ??_C@_0BN@BPOGFMJL@Stack?5memory?5was?5corrupted?$AN?6@ 000000018002cd38     MSVCRTD:error.obj
 0003:00003d60       ??_C@_0DG@DAJCDLPN@A?5local?5variable?5was?5used?5befor@ 000000018002cd60     MSVCRTD:error.obj
 0003:00003da0       ??_C@_0CM@JMIDGKLA@Stack?5memory?5around?5_alloca?5was@ 000000018002cda0     MSVCRTD:error.obj
 0003:00003dd8       ??_C@_0BO@CHIONIOI@Unknown?5Runtime?5Check?5Error?$AN?6@ 000000018002cdd8     MSVCRTD:error.obj
 0003:00003e00       ??_C@_1GM@CNOOJIHC@?$AAR?$AAu?$AAn?$AAt?$AAi?$AAm?$AAe?$AA?5?$AAC?$AAh?$AAe?$AAc?$AAk?$AA?5?$AAE@ 000000018002ce00     MSVCRTD:error.obj
 0003:00003e90       ??_C@_1EA@NFKNIFJP@?$AAR?$AAu?$AAn?$AA?9?$AAT?$AAi?$AAm?$AAe?$AA?5?$AAC?$AAh?$AAe?$AAc?$AAk?$AA?5@ 000000018002ce90     MSVCRTD:error.obj
 0003:00003ee0       ??_C@_0BB@PFFGGCJP@Unknown?5Filename@ 000000018002cee0     MSVCRTD:error.obj
 0003:00003ef8       ??_C@_0BE@GNBOBNCK@Unknown?5Module?5Name@ 000000018002cef8     MSVCRTD:error.obj
 0003:00003f10       ??_C@_0CA@IODNCDPG@Run?9Time?5Check?5Failure?5?$CD?$CFd?5?9?5?$CFs@ 000000018002cf10     MSVCRTD:error.obj
 0003:00003f38       ??_C@_0CG@IAFNJNEE@Stack?5corrupted?5near?5unknown?5va@ 000000018002cf38     MSVCRTD:error.obj
 0003:00003f68       ??_C@_05MKKEDADM@?$CF?42X?5@ 000000018002cf68     MSVCRTD:error.obj
 0003:00003f70       ??_C@_0EJ@LJKNEOLN@Stack?5area?5around?5_alloca?5memor@ 000000018002cf70     MSVCRTD:error.obj
 0003:00003fc8       ??_C@_01EEMJAFIK@?6@       000000018002cfc8     MSVCRTD:error.obj
 0003:00003fcc       ??_C@_02LLMPMKNF@?$DO?5@   000000018002cfcc     MSVCRTD:error.obj
 0003:00003fd0       ??_C@_08OMAHNMHJ@?6Data?3?5?$DM@ 000000018002cfd0     MSVCRTD:error.obj
 0003:00003fe0       ??_C@_0CK@DKGBICFE@?6Allocation?5number?5within?5this?5@ 000000018002cfe0     MSVCRTD:error.obj
 0003:00004018       ??_C@_07DFDJCKFN@?6Size?3?5@ 000000018002d018     MSVCRTD:error.obj
 0003:00004028       ??_C@_0N@MHFFIMFG@?6Address?3?50x@ 000000018002d028     MSVCRTD:error.obj
 0003:00004040       ??_C@_0EI@CLEPFNGI@Stack?5area?5around?5_alloca?5memor@ 000000018002d040     MSVCRTD:error.obj
 0003:00004098       ??_C@_0BK@ODNDAGKB@?$CFs?$CFs?$CFp?$CFs?$CFzd?$CFs?$CFd?$CFs?$CFs?$CFs?$CFs?$CFs@ 000000018002d098     MSVCRTD:error.obj
 0003:000040b8       ??_C@_0DE@OHJBPMBP@A?5variable?5is?5being?5used?5withou@ 000000018002d0b8     MSVCRTD:error.obj
 0003:00004128       ??_C@_0BJ@HEGAHDFO@Stack?5pointer?5corruption@ 000000018002d128     MSVCRTD:userapi.obj
 0003:00004148       ??_C@_0CK@FEGOIOPB@Cast?5to?5smaller?5type?5causing?5lo@ 000000018002d148     MSVCRTD:userapi.obj
 0003:00004180       ??_C@_0BI@CIGMDCBH@Stack?5memory?5corruption@ 000000018002d180     MSVCRTD:userapi.obj
 0003:000041a0       ??_C@_0CK@CNLNOEPB@Local?5variable?5used?5before?5init@ 000000018002d1a0     MSVCRTD:userapi.obj
 0003:000041d8       ??_C@_0BP@OGBCLIBO@Stack?5around?5_alloca?5corrupted@ 000000018002d1d8     MSVCRTD:userapi.obj
 0003:00004280       ??_C@_1EI@MLPKHBGE@?$AAa?$AAp?$AAi?$AA?9?$AAm?$AAs?$AA?9?$AAw?$AAi?$AAn?$AA?9?$AAc?$AAo?$AAr?$AAe@ 000000018002d280     MSVCRTD:pdblkup.obj
 0003:000042d8       ??_C@_1BK@JHLNAEJL@?$AAa?$AAd?$AAv?$AAa?$AAp?$AAi?$AA3?$AA2?$AA?4?$AAd?$AAl?$AAl@ 000000018002d2d8     MSVCRTD:pdblkup.obj
 0003:000042f8       ??_C@_0O@COHOBMLB@RegOpenKeyExW@ 000000018002d2f8     MSVCRTD:pdblkup.obj
 0003:00004308       ??_C@_0BB@GLNAEDBD@RegQueryValueExW@ 000000018002d308     MSVCRTD:pdblkup.obj
 0003:00004320       ??_C@_0M@HLOHPNFA@RegCloseKey@ 000000018002d320     MSVCRTD:pdblkup.obj
 0003:00004330       ??_C@_1HE@EBEAGLFB@?$AAS?$AAO?$AAF?$AAT?$AAW?$AAA?$AAR?$AAE?$AA?2?$AAW?$AAo?$AAw?$AA6?$AA4?$AA3@ 000000018002d330     MSVCRTD:pdblkup.obj
 0003:000043c0       ??_C@_1BG@EABPBLLF@?$AAP?$AAr?$AAo?$AAd?$AAu?$AAc?$AAt?$AAD?$AAi?$AAr@ 000000018002d3c0     MSVCRTD:pdblkup.obj
 0003:00004408       ??_C@_1BC@JINFINNJ@?$AAM?$AAS?$AAP?$AAD?$AAB?$AA1?$AA4?$AA0@ 000000018002d408     MSVCRTD:pdblkup.obj
 0003:00004420       ??_C@_0BB@KCIACLNC@PDBOpenValidate5@ 000000018002d420     MSVCRTD:pdblkup.obj
 0003:00004434       ??_C@_01KDCPPGHE@r@        000000018002d434     MSVCRTD:pdblkup.obj
 0003:00004470       _load_config_used          000000018002d470     MSVCRTD:loadcfg.obj
 0003:00004800       __CastGuardVftablesStart   000000018002d800     MSVCRTD:guard_support.obj
 0003:00004910       __CastGuardVftablesEnd     000000018002d910     MSVCRTD:guard_support.obj
 0003:00004b98       __rtc_iaa                  000000018002db98     MSVCRTD:initsect.obj
 0003:00004db8       __rtc_izz                  000000018002ddb8     MSVCRTD:initsect.obj
 0003:00004ec8       __rtc_taa                  000000018002dec8     MSVCRTD:initsect.obj
 0003:000050e8       __rtc_tzz                  000000018002e0e8     MSVCRTD:initsect.obj
 0004:00004cd0       __security_cookie_complement 0000000180034cd0     MSVCRTD:gs_cookie.obj
 0004:00004cd8       __security_cookie          0000000180034cd8     MSVCRTD:gs_cookie.obj
 0004:00004ce4       _fltused                   0000000180034ce4     MSVCRTD:fltused.obj
 0004:00004ce8       ?_RTC_ErrorLevels@@3PAHA   0000000180034ce8     MSVCRTD:error.obj
 0004:00004d00       __scrt_native_dllmain_reason 0000000180034d00     MSVCRTD:utility.obj
 0004:00004d08       __isa_available            0000000180034d08     MSVCRTD:cpu_disp.obj
 0004:00004d0c       __isa_enabled              0000000180034d0c     MSVCRTD:cpu_disp.obj
 0004:00004d10       __memcpy_nt_iters          0000000180034d10     MSVCRTD:cpu_disp.obj
 0004:00004d18       __memset_nt_iters          0000000180034d18     MSVCRTD:cpu_disp.obj
 0004:00004d30       __scrt_ucrt_dll_is_in_use  0000000180034d30     MSVCRTD:ucrt_stubs.obj
 0004:00004e48       ?_OptionsStorage@?1??__local_stdio_printf_options@@9@4_KA 0000000180034e48     MSVCRTD:error.obj
 0004:00005500       ?__type_info_root_node@@3U__type_info_node@@A 0000000180035500     MSVCRTD:tncleanup.obj
 0004:00005518       ?_OptionsStorage@?1??__local_stdio_scanf_options@@9@4_KA 0000000180035518     MSVCRTD:default_local_stdio_options.obj
 0004:00005528       __scrt_current_native_startup_state 0000000180035528     MSVCRTD:utility.obj
 0004:00005530       __scrt_native_startup_lock 0000000180035530     MSVCRTD:utility.obj
 0004:00005580       __scrt_debugger_hook_flag  0000000180035580     MSVCRTD:utility_desktop.obj
 0004:00005588       __castguard_check_failure_os_handled_fptr 0000000180035588     MSVCRTD:guard_support.obj
 0004:000055a4       __favor                    00000001800355a4     MSVCRTD:cpu_disp.obj
 0004:000055a8       __dyn_tls_init_callback    00000001800355a8     <common>
 0004:000055bc       __DebuggerCurrentSteppingThreadId 00000001800355bc     <common>
 0006:00000000       __imp_DisableThreadLibraryCalls 0000000180039000     kernel32:KERNEL32.dll
 0006:00000008       __imp_IsDebuggerPresent    0000000180039008     kernel32:KERNEL32.dll
 0006:00000010       __imp_RaiseException       0000000180039010     kernel32:KERNEL32.dll
 0006:00000018       __imp_MultiByteToWideChar  0000000180039018     kernel32:KERNEL32.dll
 0006:00000020       __imp_WideCharToMultiByte  0000000180039020     kernel32:KERNEL32.dll
 0006:00000028       __imp_RtlCaptureContext    0000000180039028     kernel32:KERNEL32.dll
 0006:00000030       __imp_RtlLookupFunctionEntry 0000000180039030     kernel32:KERNEL32.dll
 0006:00000038       __imp_RtlVirtualUnwind     0000000180039038     kernel32:KERNEL32.dll
 0006:00000040       __imp_GetProcAddress       0000000180039040     kernel32:KERNEL32.dll
 0006:00000048       __imp_FreeLibrary          0000000180039048     kernel32:KERNEL32.dll
 0006:00000050       __imp_VirtualQuery         0000000180039050     kernel32:KERNEL32.dll
 0006:00000058       __imp_GetProcessHeap       0000000180039058     kernel32:KERNEL32.dll
 0006:00000060       __imp_HeapFree             0000000180039060     kernel32:KERNEL32.dll
 0006:00000068       __imp_HeapAlloc            0000000180039068     kernel32:KERNEL32.dll
 0006:00000070       __imp_GetLastError         0000000180039070     kernel32:KERNEL32.dll
 0006:00000078       __imp_GetModuleHandleW     0000000180039078     kernel32:KERNEL32.dll
 0006:00000080       __imp_GetStartupInfoW      0000000180039080     kernel32:KERNEL32.dll
 0006:00000088       __imp_InitializeSListHead  0000000180039088     kernel32:KERNEL32.dll
 0006:00000090       __imp_GetCurrentThreadId   0000000180039090     kernel32:KERNEL32.dll
 0006:00000098       __imp_GetSystemTimeAsFileTime 0000000180039098     kernel32:KERNEL32.dll
 0006:000000a0       __imp_GetCurrentProcessId  00000001800390a0     kernel32:KERNEL32.dll
 0006:000000a8       __imp_QueryPerformanceCounter 00000001800390a8     kernel32:KERNEL32.dll
 0006:000000b0       __imp_IsProcessorFeaturePresent 00000001800390b0     kernel32:KERNEL32.dll
 0006:000000b8       __imp_TerminateProcess     00000001800390b8     kernel32:KERNEL32.dll
 0006:000000c0       __imp_GetCurrentProcess    00000001800390c0     kernel32:KERNEL32.dll
 0006:000000c8       __imp_SetUnhandledExceptionFilter 00000001800390c8     kernel32:KERNEL32.dll
 0006:000000d0       __imp_UnhandledExceptionFilter 00000001800390d0     kernel32:KERNEL32.dll
 0006:000000d8       \177KERNEL32_NULL_THUNK_DATA 00000001800390d8     kernel32:KERNEL32.dll
 0006:00000158       __imp___vcrt_GetModuleHandleW 0000000180039158     vcruntimed:VCRUNTIME140D.dll
 0006:00000160       __imp___vcrt_GetModuleFileNameW 0000000180039160     vcruntimed:VCRUNTIME140D.dll
 0006:00000168       __imp___current_exception_context 0000000180039168     vcruntimed:VCRUNTIME140D.dll
 0006:00000170       __imp___C_specific_handler 0000000180039170     vcruntimed:VCRUNTIME140D.dll
 0006:00000178       __imp___current_exception  0000000180039178     vcruntimed:VCRUNTIME140D.dll
 0006:00000180       __imp___std_type_info_destroy_list 0000000180039180     vcruntimed:VCRUNTIME140D.dll
 0006:00000188       __imp___C_specific_handler_noexcept 0000000180039188     vcruntimed:VCRUNTIME140D.dll
 0006:00000190       __imp___vcrt_LoadLibraryExW 0000000180039190     vcruntimed:VCRUNTIME140D.dll
 0006:00000198       \177VCRUNTIME140D_NULL_THUNK_DATA 0000000180039198     vcruntimed:VCRUNTIME140D.dll
 0006:000001f8       __imp_wcscpy_s             00000001800391f8     ucrtd:ucrtbased.dll
 0006:00000200       __imp__wsplitpath_s        0000000180039200     ucrtd:ucrtbased.dll
 0006:00000208       __imp_terminate            0000000180039208     ucrtd:ucrtbased.dll
 0006:00000210       __imp__cexit               0000000180039210     ucrtd:ucrtbased.dll
 0006:00000218       __imp__crt_at_quick_exit   0000000180039218     ucrtd:ucrtbased.dll
 0006:00000220       __imp__crt_atexit          0000000180039220     ucrtd:ucrtbased.dll
 0006:00000228       __imp__execute_onexit_table 0000000180039228     ucrtd:ucrtbased.dll
 0006:00000230       __imp__register_onexit_function 0000000180039230     ucrtd:ucrtbased.dll
 0006:00000238       __imp__initialize_onexit_table 0000000180039238     ucrtd:ucrtbased.dll
 0006:00000240       __imp__initialize_narrow_environment 0000000180039240     ucrtd:ucrtbased.dll
 0006:00000248       __imp__configure_narrow_argv 0000000180039248     ucrtd:ucrtbased.dll
 0006:00000250       __imp__seh_filter_dll      0000000180039250     ucrtd:ucrtbased.dll
 0006:00000258       __imp__wmakepath_s         0000000180039258     ucrtd:ucrtbased.dll
 0006:00000260       __imp_strcat_s             0000000180039260     ucrtd:ucrtbased.dll
 0006:00000268       __imp_strcpy_s             0000000180039268     ucrtd:ucrtbased.dll
 0006:00000270       __imp__initterm_e          0000000180039270     ucrtd:ucrtbased.dll
 0006:00000278       __imp__initterm            0000000180039278     ucrtd:ucrtbased.dll
 0006:00000280       __imp__CrtDbgReportW       0000000180039280     ucrtd:ucrtbased.dll
 0006:00000288       __imp__CrtDbgReport        0000000180039288     ucrtd:ucrtbased.dll
 0006:00000290       __imp__rotl                0000000180039290     ucrtd:ucrtbased.dll
 0006:00000298       __imp_sqrtf                0000000180039298     ucrtd:ucrtbased.dll
 0006:000002a0       __imp_sinf                 00000001800392a0     ucrtd:ucrtbased.dll
 0006:000002a8       __imp_roundf               00000001800392a8     ucrtd:ucrtbased.dll
 0006:000002b0       __imp_fabs                 00000001800392b0     ucrtd:ucrtbased.dll
 0006:000002b8       __imp___stdio_common_vsprintf_s 00000001800392b8     ucrtd:ucrtbased.dll
 0006:000002c0       \177ucrtbased_NULL_THUNK_DATA 00000001800392c0     ucrtd:ucrtbased.dll
 0006:00000340       __IMPORT_DESCRIPTOR_VCRUNTIME140D 0000000180039340     vcruntimed:VCRUNTIME140D.dll
 0006:00000354       __IMPORT_DESCRIPTOR_ucrtbased 0000000180039354     ucrtd:ucrtbased.dll
 0006:00000368       __IMPORT_DESCRIPTOR_KERNEL32 0000000180039368     kernel32:KERNEL32.dll
 0006:0000037c       __NULL_IMPORT_DESCRIPTOR   000000018003937c     vcruntimed:VCRUNTIME140D.dll
 0008:00000000       __guard_check_icall_fptr   000000018003b000     MSVCRTD:guard_support.obj
 0008:00000010       __guard_xfg_check_icall_fptr 000000018003b010     MSVCRTD:guard_support.obj
 0008:00000020       __guard_dispatch_icall_fptr 000000018003b020     MSVCRTD:guard_support.obj
 0008:00000030       __guard_xfg_dispatch_icall_fptr 000000018003b030     MSVCRTD:guard_support.obj
 0008:00000040       __guard_xfg_table_dispatch_icall_fptr 000000018003b040     MSVCRTD:guard_support.obj

 entry point at        0002:0000000f

 Static symbols

 0000:fffc2000       .debug$S                   0000000180000000     P5Engine.exp
 0000:fffc5000       _volmd                     0000000180000000     p5engine.obj
 0000:fffc5000       _volmd                     0000000180000000     p5engine.obj
 0000:fffc5000       _volmd                     0000000180000000     p5engine.obj
 0000:fffc5000       _volmd                     0000000180000000     p5engine.obj
 0000:fffc5000       _volmd                     0000000180000000     p5engine.obj
 0000:fffc5000       _volmd                     0000000180000000     p5engine.obj
 0000:fffc5000       _volmd                     0000000180000000     p5engine.obj
 0000:fffc5000       _volmd                     0000000180000000     p5engine.obj
 0000:fffc5000       _volmd                     0000000180000000     p5engine.obj
 0000:fffc5000       _volmd                     0000000180000000     p5engine.obj
 0000:fffc5000       _volmd                     0000000180000000     p5engine.obj
 0000:fffc5000       _volmd                     0000000180000000     p5engine.obj
 0000:fffc5000       _volmd                     0000000180000000     p5engine.obj
 0000:fffc5000       _volmd                     0000000180000000     p5engine.obj
 0000:fffc5000       _volmd                     0000000180000000     p5engine.obj
 0000:fffc5000       _volmd                     0000000180000000     p5engine.obj
 0000:fffc5000       _volmd                     0000000180000000     p5engine.obj
 0000:fffc5000       _volmd                     0000000180000000     p5engine.obj
 0000:fffc5000       _volmd                     0000000180000000     p5engine.obj
 0000:fffc5000       _volmd                     0000000180000000     p5engine.obj
 0000:fffc5000       _volmd                     0000000180000000     p5engine.obj
 0000:fffc5000       _volmd                     0000000180000000     p5engine.obj
 0000:fffc5000       _volmd                     0000000180000000     p5engine.obj
 0000:fffc5000       _volmd                     0000000180000000     p5engine.obj
 0000:fffc5000       _volmd                     0000000180000000     p5engine.obj
 0000:fffc5000       _volmd                     0000000180000000     p5engine.obj
 0000:fffc5000       _volmd                     0000000180000000     p5engine.obj
 0000:fffc5000       _volmd                     0000000180000000     p5engine.obj
 0000:fffc5000       _volmd                     0000000180000000     MSVCRTD:cpu_disp.obj
 0000:fffc6000       __guard_ehcont_?dllmain_dispatch@@YAHQEAUHINSTANCE__@@KQEAX@Z 0000000180000000     MSVCRTD:dll_dllmain.obj
 0000:fffc6000       __guard_fids_?dllmain_dispatch@@YAHQEAUHINSTANCE__@@KQEAX@Z 0000000180000000     MSVCRTD:dll_dllmain.obj
 0000:fffc6000       __guard_ehcont_?notify_debugger@@YAXAEBUtagEXCEPTION_VISUALCPP_DEBUG_INFO@@@Z 0000000180000000     MSVCRTD:error.obj
 0000:fffc5000       _volmd                     0000000180000000     MSVCRTD:gs_report.obj
 0000:fffc5000       _volmd                     0000000180000000     MSVCRTD:gs_report.obj
 0000:fffc5000       _volmd                     0000000180000000     MSVCRTD:gs_report.obj
 0000:fffc6000       __guard_fids__             0000000180000000     MSVCRTD:guard_support.obj
 0000:fffc6000       __guard_fids__             0000000180000000     MSVCRTD:guard_support.obj
 0000:fffc6000       __guard_fids__guard_icall_checks_enforced 0000000180000000     MSVCRTD:guard_support.obj
 0000:fffc5000       _volmd                     0000000180000000     MSVCRTD:guard_support.obj
 0000:fffc5000       _volmd                     0000000180000000     MSVCRTD:guard_support.obj
 0000:fffc5000       _volmd                     0000000180000000     MSVCRTD:guard_support.obj
 0000:fffc6000       __guard_fids__CRT_RTC_INIT 0000000180000000     MSVCRTD:init.obj
 0000:fffc6000       __guard_fids__CRT_RTC_INITW 0000000180000000     MSVCRTD:init.obj
 0000:fffc6000       __guard_ehcont___scrt_is_nonwritable_in_current_image 0000000180000000     MSVCRTD:utility.obj
 0000:fffc5000       _volmd                     0000000180000000     MSVCRTD:utility.obj
 0000:fffc5000       _volmd                     0000000180000000     MSVCRTD:utility.obj
 0000:fffc5000       _volmd                     0000000180000000     MSVCRTD:utility.obj
 0000:fffc6000       __guard_fids___scrt_set_unhandled_exception_filter 0000000180000000     MSVCRTD:utility_desktop.obj
 0000:fffc5000       _volmd                     0000000180000000     MSVCRTD:utility_desktop.obj
 0000:fffc2000       .debug$S                   0000000180000000     vcruntimed:VCRUNTIME140D.dll
 0000:fffc2000       .debug$S                   0000000180000000     vcruntimed:VCRUNTIME140D.dll
 0000:fffc2000       .debug$S                   0000000180000000     vcruntimed:VCRUNTIME140D.dll
 0000:fffc2000       .debug$S                   0000000180000000     vcruntimed:VCRUNTIME140D.dll
 0000:fffc2000       .debug$S                   0000000180000000     vcruntimed:VCRUNTIME140D.dll
 0000:fffc2000       .debug$S                   0000000180000000     vcruntimed:VCRUNTIME140D.dll
 0000:fffc2000       .debug$S                   0000000180000000     vcruntimed:VCRUNTIME140D.dll
 0000:fffc2000       .debug$S                   0000000180000000     vcruntimed:VCRUNTIME140D.dll
 0000:fffc2000       .debug$S                   0000000180000000     ucrtd:ucrtbased.dll
 0000:fffc2000       .debug$S                   0000000180000000     ucrtd:ucrtbased.dll
 0000:fffc2000       .debug$S                   0000000180000000     ucrtd:ucrtbased.dll
 0000:fffc2000       .debug$S                   0000000180000000     ucrtd:ucrtbased.dll
 0000:fffc2000       .debug$S                   0000000180000000     ucrtd:ucrtbased.dll
 0000:fffc2000       .debug$S                   0000000180000000     ucrtd:ucrtbased.dll
 0000:fffc2000       .debug$S                   0000000180000000     ucrtd:ucrtbased.dll
 0000:fffc2000       .debug$S                   0000000180000000     ucrtd:ucrtbased.dll
 0000:fffc2000       .debug$S                   0000000180000000     ucrtd:ucrtbased.dll
 0000:fffc2000       .debug$S                   0000000180000000     ucrtd:ucrtbased.dll
 0000:fffc2000       .debug$S                   0000000180000000     ucrtd:ucrtbased.dll
 0000:fffc2000       .debug$S                   0000000180000000     ucrtd:ucrtbased.dll
 0000:fffc2000       .debug$S                   0000000180000000     ucrtd:ucrtbased.dll
 0000:fffc2000       .debug$S                   0000000180000000     ucrtd:ucrtbased.dll
 0000:fffc2000       .debug$S                   0000000180000000     ucrtd:ucrtbased.dll
 0000:fffc2000       .debug$S                   0000000180000000     ucrtd:ucrtbased.dll
 0000:fffc2000       .debug$S                   0000000180000000     ucrtd:ucrtbased.dll
 0000:fffc2000       .debug$S                   0000000180000000     ucrtd:ucrtbased.dll
 0000:fffc2000       .debug$S                   0000000180000000     ucrtd:ucrtbased.dll
 0000:fffc2000       .debug$S                   0000000180000000     ucrtd:ucrtbased.dll
 0000:fffc2000       .debug$S                   0000000180000000     ucrtd:ucrtbased.dll
 0000:fffc2000       .debug$S                   0000000180000000     ucrtd:ucrtbased.dll
 0000:fffc2000       .debug$S                   0000000180000000     ucrtd:ucrtbased.dll
 0000:fffc2000       .debug$S                   0000000180000000     ucrtd:ucrtbased.dll
 0000:fffc2000       .debug$S                   0000000180000000     ucrtd:ucrtbased.dll
 0000:fffc2000       .debug$S                   0000000180000000     kernel32:KERNEL32.dll
 0000:fffc2000       .debug$S                   0000000180000000     kernel32:KERNEL32.dll
 0000:fffc2000       .debug$S                   0000000180000000     kernel32:KERNEL32.dll
 0000:fffc2000       .debug$S                   0000000180000000     kernel32:KERNEL32.dll
 0000:fffc2000       .debug$S                   0000000180000000     kernel32:KERNEL32.dll
 0000:fffc2000       .debug$S                   0000000180000000     kernel32:KERNEL32.dll
 0000:fffc2000       .debug$S                   0000000180000000     kernel32:KERNEL32.dll
 0000:fffc2000       .debug$S                   0000000180000000     kernel32:KERNEL32.dll
 0000:fffc2000       .debug$S                   0000000180000000     kernel32:KERNEL32.dll
 0000:fffc2000       .debug$S                   0000000180000000     kernel32:KERNEL32.dll
 0000:fffc2000       .debug$S                   0000000180000000     kernel32:KERNEL32.dll
 0000:fffc2000       .debug$S                   0000000180000000     kernel32:KERNEL32.dll
 0000:fffc2000       .debug$S                   0000000180000000     kernel32:KERNEL32.dll
 0000:fffc2000       .debug$S                   0000000180000000     kernel32:KERNEL32.dll
 0000:fffc2000       .debug$S                   0000000180000000     kernel32:KERNEL32.dll
 0000:fffc2000       .debug$S                   0000000180000000     kernel32:KERNEL32.dll
 0000:fffc2000       .debug$S                   0000000180000000     kernel32:KERNEL32.dll
 0000:fffc2000       .debug$S                   0000000180000000     kernel32:KERNEL32.dll
 0000:fffc2000       .debug$S                   0000000180000000     kernel32:KERNEL32.dll
 0000:fffc2000       .debug$S                   0000000180000000     kernel32:KERNEL32.dll
 0000:fffc2000       .debug$S                   0000000180000000     kernel32:KERNEL32.dll
 0000:fffc2000       .debug$S                   0000000180000000     kernel32:KERNEL32.dll
 0000:fffc2000       .debug$S                   0000000180000000     kernel32:KERNEL32.dll
 0000:fffc2000       .debug$S                   0000000180000000     kernel32:KERNEL32.dll
 0000:fffc2000       .debug$S                   0000000180000000     kernel32:KERNEL32.dll
 0000:fffc2000       .debug$S                   0000000180000000     kernel32:KERNEL32.dll
 0000:fffc2000       .debug$S                   0000000180000000     kernel32:KERNEL32.dll
 0002:00001540       ?AddCollisionRule@@YAXPEAUgame_state@@IIH@Z 0000000180012540 f   p5engine.obj
 0002:00001740       ?AddEntity@@YAPEAUsim_entity@@PEAUgame_state@@PEAUsim_region@@IPEAUlow_entity@@PEATv3@@@Z 0000000180012740 f   p5engine.obj
 0002:000018e0       ?AddEntityRaw@@YAPEAUsim_entity@@PEAUgame_state@@PEAUsim_region@@IPEAUlow_entity@@@Z 00000001800128e0 f   p5engine.obj
 0002:00001af0       ?AddFamiliar@@YA?AUadd_low_entity_result@@PEAUgame_state@@III@Z 0000000180012af0 f   p5engine.obj
 0002:00001d40       ?AddGroundedEntity@@YA?AUadd_low_entity_result@@PEAUgame_state@@W4entity_type@@Uworld_position@@PEAUsim_entity_collision_volume_group@@@Z 0000000180012d40 f   p5engine.obj
 0002:00001e60       ?AddLowEntity@@YA?AUadd_low_entity_result@@PEAUgame_state@@W4entity_type@@Uworld_position@@@Z 0000000180012e60 f   p5engine.obj
 0002:000020e0       ?AddMonstar@@YA?AUadd_low_entity_result@@PEAUgame_state@@III@Z 00000001800130e0 f   p5engine.obj
 0002:000022e0       ?AddPlayer@@YA?AUadd_low_entity_result@@PEAUgame_state@@@Z 00000001800132e0 f   p5engine.obj
 0002:000026b0       ?AddStairs@@YA?AUadd_low_entity_result@@PEAUgame_state@@III@Z 00000001800136b0 f   p5engine.obj
 0002:000028e0       ?AddStandardRoom@@YA?AUadd_low_entity_result@@PEAUgame_state@@III@Z 00000001800138e0 f   p5engine.obj
 0002:00002ad0       ?AddSword@@YA?AUadd_low_entity_result@@PEAUgame_state@@@Z 0000000180013ad0 f   p5engine.obj
 0002:00002c30       ?AddWall@@YA?AUadd_low_entity_result@@PEAUgame_state@@III@Z 0000000180013c30 f   p5engine.obj
 0002:00002f80       ?BeginSim@@YAPEAUsim_region@@PEAUmemory_arena@@PEAUgame_state@@PEAUworld@@Uworld_position@@Urectangle3@@M@Z 0000000180013f80 f   p5engine.obj
 0002:000037a0       ?CanCollide@@YAHPEAUgame_state@@PEAUsim_entity@@1@Z 00000001800147a0 f   p5engine.obj
 0002:00003990       ?CanOverlap@@YAHPEAUgame_state@@PEAUsim_entity@@1@Z 0000000180014990 f   p5engine.obj
 0002:00003a10       ?ChangeEntityLocation@@YAXPEAUmemory_arena@@PEAUworld@@IPEAUlow_entity@@Uworld_position@@@Z 0000000180014a10 f   p5engine.obj
 0002:00004630       ?ClearCollisionRulesFor@@YAXPEAUgame_state@@I@Z 0000000180015630 f   p5engine.obj
 0002:000047c0       ?DEBUGLoadBMP@@YA?AUloaded_bitmap@@PEAUthread_context@@P6A?AUdebug_read_file_result@@0PEAD@Z1@Z 00000001800157c0 f   p5engine.obj
 0002:00004d60       ?DrawBitmap@@YAXPEAUgame_offscreen_buffer@@PEAUloaded_bitmap@@MMM@Z 0000000180015d60 f   p5engine.obj
 0002:000052e0       ?DrawHitpoints@@YAXPEAUsim_entity@@PEAUentity_visible_piece_group@@@Z 00000001800162e0 f   p5engine.obj
 0002:000055e0       ?DrawRectangle@@YAXPEAUgame_offscreen_buffer@@Tv2@@1MMM@Z 00000001800165e0 f   p5engine.obj
 0002:00005880       ?DrawTestGround@@YAXPEAUgame_state@@PEAUgame_offscreen_buffer@@@Z 0000000180016880 f   p5engine.obj
 0002:00005cd0       ?EndSim@@YAXPEAUsim_region@@PEAUgame_state@@@Z 0000000180016cd0 f   p5engine.obj
 0002:000060a0       ?EntitiesOverlap@@YAHPEAUsim_entity@@0Tv3@@@Z 00000001800170a0 f   p5engine.obj
 0002:000067c0       ?GameOutputSound@@YAXPEAUgame_state@@PEAUgame_sound_output_buffer@@H@Z 00000001800177c0 f   p5engine.obj
 0002:00006ab0       ?GetHashFromStorageIndex@@YAPEAUsim_entity_hash@@PEAUsim_region@@I@Z 0000000180017ab0 f   p5engine.obj
 0002:00007490       ?HandleCollision@@YAHPEAUgame_state@@PEAUsim_entity@@1@Z 0000000180018490 f   p5engine.obj
 0002:000075c0       ?HandleOverlap@@YAXPEAUgame_state@@PEAUsim_entity@@1MPEAM@Z 00000001800185c0 f   p5engine.obj
 0002:00007700       ?InitHitPoints@@YAXPEAUlow_entity@@I@Z 0000000180018700 f   p5engine.obj
 0002:00007840       ?InitializeWorld@@YAXPEAUworld@@MM@Z 0000000180018840 f   p5engine.obj
 0002:000081c0       ?MakeNullCollision@@YAPEAUsim_entity_collision_volume_group@@PEAUgame_state@@@Z 00000001800191c0 f   p5engine.obj
 0002:000082e0       ?MakeSimpleGroundedCollision@@YAPEAUsim_entity_collision_volume_group@@PEAUgame_state@@MMM@Z 00000001800192e0 f   p5engine.obj
 0002:00008600       ?MoveEntity@@YAXPEAUgame_state@@PEAUsim_region@@PEAUsim_entity@@MPEAUmove_spec@@Tv3@@@Z 0000000180019600 f   p5engine.obj
 0002:0000ba00       ?SpeculativeCollide@@YAHPEAUsim_entity@@0@Z 000000018001ca00 f   p5engine.obj
 0002:0000bc70       ?Subtract@@YA?ATv3@@PEAUworld@@PEAUworld_position@@1@Z 000000018001cc70 f   p5engine.obj
 0002:0000ef10       $LN110                     000000018001ff10     p5engine.obj
 0002:0000ff40       $$000000                   0000000180020f40     MSVCRTD:chkstk.obj
 0002:0000ffc0       $$000000                   0000000180020fc0     MSVCRTD:amdsecgs.obj
 0002:00010000       ?dllmain_crt_dispatch@@YAHQEAUHINSTANCE__@@KQEAX@Z 0000000180021000 f   MSVCRTD:dll_dllmain.obj
 0002:000100b0       ?dllmain_crt_process_attach@@YAHQEAUHINSTANCE__@@QEAX@Z 00000001800210b0 f   MSVCRTD:dll_dllmain.obj
 0002:00010240       ?dllmain_crt_process_detach@@YAH_N@Z 0000000180021240 f   MSVCRTD:dll_dllmain.obj
 0002:00010300       ?dllmain_dispatch@@YAHQEAUHINSTANCE__@@KQEAX@Z 0000000180021300 f   MSVCRTD:dll_dllmain.obj
 0002:00010490       ?dllmain_raw@@YAHQEAUHINSTANCE__@@KQEAX@Z 0000000180021490 f   MSVCRTD:dll_dllmain.obj
 0002:00010590       ?DebuggerProbe@@YA_NK@Z    0000000180021590 f   MSVCRTD:error.obj
 0002:000105e0       ?DebuggerRuntime@@YA_NKHPEAXPEB_W@Z 00000001800215e0 f   MSVCRTD:error.obj
 0002:00010970       ?_getMemBlockDataString@@YAXPEAD0PEBD_K@Z 0000000180021970 f   MSVCRTD:error.obj
 0002:00010a50       ?_strlen_priv@@YA_KPEBD@Z  0000000180021a50 f   MSVCRTD:error.obj
 0002:00010a70       ?failwithmessage@@YAXPEAXHHPEBD@Z 0000000180021a70 f   MSVCRTD:error.obj
 0002:00010d70       ?notify_debugger@@YAXAEBUtagEXCEPTION_VISUALCPP_DEBUG_INFO@@@Z 0000000180021d70 f   MSVCRTD:error.obj
 0002:000113d0       capture_current_context    00000001800223d0 f   MSVCRTD:gs_report.obj
 0002:00011490       capture_previous_context   0000000180022490 f   MSVCRTD:gs_report.obj
 0002:00011570       __get_entropy              0000000180022570 f   MSVCRTD:gs_support.obj
 0002:00011820       ?find_pe_section@@YAPEAU_IMAGE_SECTION_HEADER@@QEAE_K@Z 0000000180022820 f   MSVCRTD:utility.obj
 0002:00011940       ?is_potentially_valid_image_base@@YA_NQEAX@Z 0000000180022940 f   MSVCRTD:utility.obj
 0002:000126e0       __castguard_compat_check   00000001800236e0 f   MSVCRTD:guard_support.obj
 0002:000128c0       __castguard_slow_path_compat_check 00000001800238c0 f   MSVCRTD:guard_support.obj
 0002:000129b0       ?GetPdbDll@@YAPEAUHINSTANCE__@@XZ 00000001800239b0 f   MSVCRTD:pdblkup.obj
 0002:00012b50       ?GetPdbDllFromInstallPath@@YAPEAUHINSTANCE__@@XZ 0000000180023b50 f   MSVCRTD:pdblkup.obj
 0002:00012eb0       ?GetPdbDllPathFromFilePath@@YAHPEB_WPEA_W_K@Z 0000000180023eb0 f   MSVCRTD:pdblkup.obj
 0002:00015020       $$000000                   0000000180026020     MSVCRTD:guard_dispatch.obj
 0002:00015040       $$000000                   0000000180026040     MSVCRTD:guard_xfg_dispatch.obj
 0002:00016060       ?fin$0@?0??dllmain_crt_process_attach@@YAHQEAUHINSTANCE__@@QEAX@Z@4HA 0000000180027060 f   MSVCRTD:dll_dllmain.obj
 0002:00016080       ?fin$0@?0??dllmain_crt_process_detach@@YAH_N@Z@4HA 0000000180027080 f   MSVCRTD:dll_dllmain.obj
 0002:0001609a       ?fin$1@?0??dllmain_crt_process_detach@@YAH_N@Z@4HA 000000018002709a f   MSVCRTD:dll_dllmain.obj
 0002:000160c0       ?filt$0@?0??dllmain_dispatch@@YAHQEAUHINSTANCE__@@KQEAX@Z@4HA 00000001800270c0 f   MSVCRTD:dll_dllmain.obj
 0002:00016120       ?filt$0@?0??notify_debugger@@YAXAEBUtagEXCEPTION_VISUALCPP_DEBUG_INFO@@@Z@4HA 0000000180027120 f   MSVCRTD:error.obj
 0002:00016150       __scrt_is_nonwritable_in_current_image$filt$0 0000000180027150 f   MSVCRTD:utility.obj
 0003:00000880       ?FindLeastSignificantSetBit@@YA?AUbit_scan_result@@I@Z$rtcName$0 0000000180029880     p5engine.obj
 0003:00000890       ?FindLeastSignificantSetBit@@YA?AUbit_scan_result@@I@Z$rtcVarDesc 0000000180029890     p5engine.obj
 0003:000008d0       ?FindLeastSignificantSetBit@@YA?AUbit_scan_result@@I@Z$rtcFrameData 00000001800298d0     p5engine.obj
 0003:00000900       ?V2@@YA?ATv2@@MM@Z$rtcName$0 0000000180029900     p5engine.obj
 0003:00000910       ?V2@@YA?ATv2@@MM@Z$rtcVarDesc 0000000180029910     p5engine.obj
 0003:00000950       ?V2@@YA?ATv2@@MM@Z$rtcFrameData 0000000180029950     p5engine.obj
 0003:00000980       ?V2i@@YA?ATv2@@HH@Z$rtcName$0 0000000180029980     p5engine.obj
 0003:00000990       ?V2i@@YA?ATv2@@HH@Z$rtcVarDesc 0000000180029990     p5engine.obj
 0003:000009d0       ?V2i@@YA?ATv2@@HH@Z$rtcFrameData 00000001800299d0     p5engine.obj
 0003:00000a00       ??D@YA?ATv2@@MT0@@Z$rtcName$0 0000000180029a00     p5engine.obj
 0003:00000a10       ??D@YA?ATv2@@MT0@@Z$rtcVarDesc 0000000180029a10     p5engine.obj
 0003:00000a50       ??D@YA?ATv2@@MT0@@Z$rtcFrameData 0000000180029a50     p5engine.obj
 0003:00000a80       ??D@YA?ATv2@@T0@M@Z$rtcName$0 0000000180029a80     p5engine.obj
 0003:00000a90       ??D@YA?ATv2@@T0@M@Z$rtcVarDesc 0000000180029a90     p5engine.obj
 0003:00000ad0       ??D@YA?ATv2@@T0@M@Z$rtcFrameData 0000000180029ad0     p5engine.obj
 0003:00000b00       ??H@YA?ATv2@@T0@0@Z$rtcName$0 0000000180029b00     p5engine.obj
 0003:00000b10       ??H@YA?ATv2@@T0@0@Z$rtcVarDesc 0000000180029b10     p5engine.obj
 0003:00000b50       ??H@YA?ATv2@@T0@0@Z$rtcFrameData 0000000180029b50     p5engine.obj
 0003:00000b80       ??G@YA?ATv2@@T0@0@Z$rtcName$0 0000000180029b80     p5engine.obj
 0003:00000b90       ??G@YA?ATv2@@T0@0@Z$rtcVarDesc 0000000180029b90     p5engine.obj
 0003:00000bd0       ??G@YA?ATv2@@T0@0@Z$rtcFrameData 0000000180029bd0     p5engine.obj
 0003:00000c00       ?Clamp01@@YA?ATv2@@T1@@Z$rtcName$0 0000000180029c00     p5engine.obj
 0003:00000c10       ?Clamp01@@YA?ATv2@@T1@@Z$rtcVarDesc 0000000180029c10     p5engine.obj
 0003:00000c50       ?Clamp01@@YA?ATv2@@T1@@Z$rtcFrameData 0000000180029c50     p5engine.obj
 0003:00000c80       ?V3@@YA?ATv3@@MMM@Z$rtcName$0 0000000180029c80     p5engine.obj
 0003:00000c90       ?V3@@YA?ATv3@@MMM@Z$rtcVarDesc 0000000180029c90     p5engine.obj
 0003:00000cd0       ?V3@@YA?ATv3@@MMM@Z$rtcFrameData 0000000180029cd0     p5engine.obj
 0003:00000d00       ??D@YA?ATv3@@MT0@@Z$rtcName$0 0000000180029d00     p5engine.obj
 0003:00000d10       ??D@YA?ATv3@@MT0@@Z$rtcVarDesc 0000000180029d10     p5engine.obj
 0003:00000d50       ??D@YA?ATv3@@MT0@@Z$rtcFrameData 0000000180029d50     p5engine.obj
 0003:00000d80       ??D@YA?ATv3@@T0@M@Z$rtcName$0 0000000180029d80     p5engine.obj
 0003:00000d90       ??D@YA?ATv3@@T0@M@Z$rtcVarDesc 0000000180029d90     p5engine.obj
 0003:00000dd0       ??D@YA?ATv3@@T0@M@Z$rtcFrameData 0000000180029dd0     p5engine.obj
 0003:00000e00       ??H@YA?ATv3@@T0@0@Z$rtcName$0 0000000180029e00     p5engine.obj
 0003:00000e10       ??H@YA?ATv3@@T0@0@Z$rtcVarDesc 0000000180029e10     p5engine.obj
 0003:00000e50       ??H@YA?ATv3@@T0@0@Z$rtcFrameData 0000000180029e50     p5engine.obj
 0003:00000e80       ??G@YA?ATv3@@T0@0@Z$rtcName$0 0000000180029e80     p5engine.obj
 0003:00000e90       ??G@YA?ATv3@@T0@0@Z$rtcVarDesc 0000000180029e90     p5engine.obj
 0003:00000ed0       ??G@YA?ATv3@@T0@0@Z$rtcFrameData 0000000180029ed0     p5engine.obj
 0003:00000f00       ?Hadamard@@YA?ATv3@@T1@0@Z$rtcName$0 0000000180029f00     p5engine.obj
 0003:00000f10       ?Hadamard@@YA?ATv3@@T1@0@Z$rtcVarDesc 0000000180029f10     p5engine.obj
 0003:00000f50       ?Hadamard@@YA?ATv3@@T1@0@Z$rtcFrameData 0000000180029f50     p5engine.obj
 0003:00000f80       ?V4@@YA?ATv4@@MMMM@Z$rtcName$0 0000000180029f80     p5engine.obj
 0003:00000f90       ?V4@@YA?ATv4@@MMMM@Z$rtcVarDesc 0000000180029f90     p5engine.obj
 0003:00000fd0       ?V4@@YA?ATv4@@MMMM@Z$rtcFrameData 0000000180029fd0     p5engine.obj
 0003:00001000       ?RectCenterHalfDim@@YA?AUrectangle2@@Tv2@@0@Z$rtcName$0 000000018002a000     p5engine.obj
 0003:00001010       ?RectCenterHalfDim@@YA?AUrectangle2@@Tv2@@0@Z$rtcVarDesc 000000018002a010     p5engine.obj
 0003:00001050       ?RectCenterHalfDim@@YA?AUrectangle2@@Tv2@@0@Z$rtcFrameData 000000018002a050     p5engine.obj
 0003:00001080       ?RectCenterDim@@YA?AUrectangle2@@Tv2@@0@Z$rtcName$0 000000018002a080     p5engine.obj
 0003:00001090       ?RectCenterDim@@YA?AUrectangle2@@Tv2@@0@Z$rtcVarDesc 000000018002a090     p5engine.obj
 0003:000010d0       ?RectCenterDim@@YA?AUrectangle2@@Tv2@@0@Z$rtcFrameData 000000018002a0d0     p5engine.obj
 0003:00001100       ?GetBarycentric@@YA?ATv2@@Urectangle2@@T1@@Z$rtcName$0 000000018002a100     p5engine.obj
 0003:00001110       ?GetBarycentric@@YA?ATv2@@Urectangle2@@T1@@Z$rtcVarDesc 000000018002a110     p5engine.obj
 0003:00001150       ?GetBarycentric@@YA?ATv2@@Urectangle2@@T1@@Z$rtcFrameData 000000018002a150     p5engine.obj
 0003:00001180       ?GetMinCorner@@YA?ATv3@@Urectangle3@@@Z$rtcName$0 000000018002a180     p5engine.obj
 0003:00001190       ?GetMinCorner@@YA?ATv3@@Urectangle3@@@Z$rtcVarDesc 000000018002a190     p5engine.obj
 0003:000011d0       ?GetMinCorner@@YA?ATv3@@Urectangle3@@@Z$rtcFrameData 000000018002a1d0     p5engine.obj
 0003:00001200       ?GetMaxCorner@@YA?ATv3@@Urectangle3@@@Z$rtcName$0 000000018002a200     p5engine.obj
 0003:00001210       ?GetMaxCorner@@YA?ATv3@@Urectangle3@@@Z$rtcVarDesc 000000018002a210     p5engine.obj
 0003:00001250       ?GetMaxCorner@@YA?ATv3@@Urectangle3@@@Z$rtcFrameData 000000018002a250     p5engine.obj
 0003:00001280       ?RectCenterHalfDim@@YA?AUrectangle3@@Tv3@@0@Z$rtcName$0 000000018002a280     p5engine.obj
 0003:00001290       ?RectCenterHalfDim@@YA?AUrectangle3@@Tv3@@0@Z$rtcVarDesc 000000018002a290     p5engine.obj
 0003:000012d0       ?RectCenterHalfDim@@YA?AUrectangle3@@Tv3@@0@Z$rtcFrameData 000000018002a2d0     p5engine.obj
 0003:00001300       ?AddRadiusTo@@YA?AUrectangle3@@U1@Tv3@@@Z$rtcName$0 000000018002a300     p5engine.obj
 0003:00001310       ?AddRadiusTo@@YA?AUrectangle3@@U1@Tv3@@@Z$rtcVarDesc 000000018002a310     p5engine.obj
 0003:00001350       ?AddRadiusTo@@YA?AUrectangle3@@U1@Tv3@@@Z$rtcFrameData 000000018002a350     p5engine.obj
 0003:00001380       ?RectCenterDim@@YA?AUrectangle3@@Tv3@@0@Z$rtcName$0 000000018002a380     p5engine.obj
 0003:00001390       ?RectCenterDim@@YA?AUrectangle3@@Tv3@@0@Z$rtcVarDesc 000000018002a390     p5engine.obj
 0003:000013d0       ?RectCenterDim@@YA?AUrectangle3@@Tv3@@0@Z$rtcFrameData 000000018002a3d0     p5engine.obj
 0003:00001400       ?GetEntityGroundPoint@@YA?ATv3@@PEAUsim_entity@@@Z$rtcName$0 000000018002a400     p5engine.obj
 0003:00001410       ?GetEntityGroundPoint@@YA?ATv3@@PEAUsim_entity@@@Z$rtcVarDesc 000000018002a410     p5engine.obj
 0003:00001450       ?GetEntityGroundPoint@@YA?ATv3@@PEAUsim_entity@@@Z$rtcFrameData 000000018002a450     p5engine.obj
 0003:00001480       ?GetStairGround@@YAMPEAUsim_entity@@Tv3@@@Z$rtcName$0 000000018002a480     p5engine.obj
 0003:0000148c       ?GetStairGround@@YAMPEAUsim_entity@@Tv3@@@Z$rtcName$1 000000018002a48c     p5engine.obj
 0003:000014a0       ?GetStairGround@@YAMPEAUsim_entity@@Tv3@@@Z$rtcVarDesc 000000018002a4a0     p5engine.obj
 0003:00001520       ?GetStairGround@@YAMPEAUsim_entity@@Tv3@@@Z$rtcFrameData 000000018002a520     p5engine.obj
 0003:00001560       ?NullPosition@@YA?AUworld_position@@XZ$rtcName$0 000000018002a560     p5engine.obj
 0003:00001570       ?NullPosition@@YA?AUworld_position@@XZ$rtcVarDesc 000000018002a570     p5engine.obj
 0003:000015b0       ?NullPosition@@YA?AUworld_position@@XZ$rtcFrameData 000000018002a5b0     p5engine.obj
 0003:000015e0       ?MapIntoChunkSpace@@YA?AUworld_position@@PEAUworld@@U1@Tv3@@@Z$rtcName$0 000000018002a5e0     p5engine.obj
 0003:000015f0       ?MapIntoChunkSpace@@YA?AUworld_position@@PEAUworld@@U1@Tv3@@@Z$rtcVarDesc 000000018002a5f0     p5engine.obj
 0003:00001630       ?MapIntoChunkSpace@@YA?AUworld_position@@PEAUworld@@U1@Tv3@@@Z$rtcFrameData 000000018002a630     p5engine.obj
 0003:00001660       ?ChunkPositionFromTilePosition@@YA?AUworld_position@@PEAUworld@@HHHTv3@@@Z$rtcName$0 000000018002a660     p5engine.obj
 0003:00001668       ?ChunkPositionFromTilePosition@@YA?AUworld_position@@PEAUworld@@HHHTv3@@@Z$rtcName$1 000000018002a668     p5engine.obj
 0003:00001670       ?ChunkPositionFromTilePosition@@YA?AUworld_position@@PEAUworld@@HHHTv3@@@Z$rtcName$2 000000018002a670     p5engine.obj
 0003:00001678       ?ChunkPositionFromTilePosition@@YA?AUworld_position@@PEAUworld@@HHHTv3@@@Z$rtcName$3 000000018002a678     p5engine.obj
 0003:00001680       ?ChunkPositionFromTilePosition@@YA?AUworld_position@@PEAUworld@@HHHTv3@@@Z$rtcVarDesc 000000018002a680     p5engine.obj
 0003:00001780       ?ChunkPositionFromTilePosition@@YA?AUworld_position@@PEAUworld@@HHHTv3@@@Z$rtcFrameData 000000018002a780     p5engine.obj
 0003:000017d0       ?Subtract@@YA?ATv3@@PEAUworld@@PEAUworld_position@@1@Z$rtcName$0 000000018002a7d0     p5engine.obj
 0003:000017d8       ?Subtract@@YA?ATv3@@PEAUworld@@PEAUworld_position@@1@Z$rtcName$1 000000018002a7d8     p5engine.obj
 0003:000017e0       ?Subtract@@YA?ATv3@@PEAUworld@@PEAUworld_position@@1@Z$rtcVarDesc 000000018002a7e0     p5engine.obj
 0003:00001860       ?Subtract@@YA?ATv3@@PEAUworld@@PEAUworld_position@@1@Z$rtcFrameData 000000018002a860     p5engine.obj
 0003:00001890       ?GetSimSpacePos@@YA?ATv3@@PEAUsim_region@@PEAUlow_entity@@@Z$rtcName$0 000000018002a890     p5engine.obj
 0003:000018a0       ?GetSimSpacePos@@YA?ATv3@@PEAUsim_region@@PEAUlow_entity@@@Z$rtcVarDesc 000000018002a8a0     p5engine.obj
 0003:000018e0       ?GetSimSpacePos@@YA?ATv3@@PEAUsim_region@@PEAUlow_entity@@@Z$rtcFrameData 000000018002a8e0     p5engine.obj
 0003:00001910       ?LoadEntityReference@@YAXPEAUgame_state@@PEAUsim_region@@PEATentity_reference@@@Z$rtcName$0 000000018002a910     p5engine.obj
 0003:00001920       ?LoadEntityReference@@YAXPEAUgame_state@@PEAUsim_region@@PEATentity_reference@@@Z$rtcVarDesc 000000018002a920     p5engine.obj
 0003:00001960       ?LoadEntityReference@@YAXPEAUgame_state@@PEAUsim_region@@PEATentity_reference@@@Z$rtcFrameData 000000018002a960     p5engine.obj
 0003:00001990       ?EntityOverlapsRectangle@@YAHTv3@@Usim_entity_collision_volume@@Urectangle3@@@Z$rtcName$0 000000018002a990     p5engine.obj
 0003:000019a0       ?EntityOverlapsRectangle@@YAHTv3@@Usim_entity_collision_volume@@Urectangle3@@@Z$rtcVarDesc 000000018002a9a0     p5engine.obj
 0003:000019e0       ?EntityOverlapsRectangle@@YAHTv3@@Usim_entity_collision_volume@@Urectangle3@@@Z$rtcFrameData 000000018002a9e0     p5engine.obj
 0003:00001a10       ?BeginSim@@YAPEAUsim_region@@PEAUmemory_arena@@PEAUgame_state@@PEAUworld@@Uworld_position@@Urectangle3@@M@Z$rtcName$0 000000018002aa10     p5engine.obj
 0003:00001a20       ?BeginSim@@YAPEAUsim_region@@PEAUmemory_arena@@PEAUgame_state@@PEAUworld@@Uworld_position@@Urectangle3@@M@Z$rtcName$1 000000018002aa20     p5engine.obj
 0003:00001a30       ?BeginSim@@YAPEAUsim_region@@PEAUmemory_arena@@PEAUgame_state@@PEAUworld@@Uworld_position@@Urectangle3@@M@Z$rtcName$2 000000018002aa30     p5engine.obj
 0003:00001a40       ?BeginSim@@YAPEAUsim_region@@PEAUmemory_arena@@PEAUgame_state@@PEAUworld@@Uworld_position@@Urectangle3@@M@Z$rtcVarDesc 000000018002aa40     p5engine.obj
 0003:00001b00       ?BeginSim@@YAPEAUsim_region@@PEAUmemory_arena@@PEAUgame_state@@PEAUworld@@Uworld_position@@Urectangle3@@M@Z$rtcFrameData 000000018002ab00     p5engine.obj
 0003:00001b50       ?EndSim@@YAXPEAUsim_region@@PEAUgame_state@@@Z$rtcName$0 000000018002ab50     p5engine.obj
 0003:00001b58       ?EndSim@@YAXPEAUsim_region@@PEAUgame_state@@@Z$rtcName$1 000000018002ab58     p5engine.obj
 0003:00001b70       ?EndSim@@YAXPEAUsim_region@@PEAUgame_state@@@Z$rtcVarDesc 000000018002ab70     p5engine.obj
 0003:00001bf0       ?EndSim@@YAXPEAUsim_region@@PEAUgame_state@@@Z$rtcFrameData 000000018002abf0     p5engine.obj
 0003:00001c30       ?SpeculativeCollide@@YAHPEAUsim_entity@@0@Z$rtcName$0 000000018002ac30     p5engine.obj
 0003:00001c50       ?SpeculativeCollide@@YAHPEAUsim_entity@@0@Z$rtcVarDesc 000000018002ac50     p5engine.obj
 0003:00001c90       ?SpeculativeCollide@@YAHPEAUsim_entity@@0@Z$rtcFrameData 000000018002ac90     p5engine.obj
 0003:00001cc0       ?EntitiesOverlap@@YAHPEAUsim_entity@@0Tv3@@@Z$rtcName$0 000000018002acc0     p5engine.obj
 0003:00001cd0       ?EntitiesOverlap@@YAHPEAUsim_entity@@0Tv3@@@Z$rtcName$1 000000018002acd0     p5engine.obj
 0003:00001ce0       ?EntitiesOverlap@@YAHPEAUsim_entity@@0Tv3@@@Z$rtcVarDesc 000000018002ace0     p5engine.obj
 0003:00001d60       ?EntitiesOverlap@@YAHPEAUsim_entity@@0Tv3@@@Z$rtcFrameData 000000018002ad60     p5engine.obj
 0003:00001da0       ?MoveEntity@@YAXPEAUgame_state@@PEAUsim_region@@PEAUsim_entity@@MPEAUmove_spec@@Tv3@@@Z$rtcName$0 000000018002ada0     p5engine.obj
 0003:00001da8       ?MoveEntity@@YAXPEAUgame_state@@PEAUsim_region@@PEAUsim_entity@@MPEAUmove_spec@@Tv3@@@Z$rtcName$1 000000018002ada8     p5engine.obj
 0003:00001db4       ?MoveEntity@@YAXPEAUgame_state@@PEAUsim_region@@PEAUsim_entity@@MPEAUmove_spec@@Tv3@@@Z$rtcName$11 000000018002adb4     p5engine.obj
 0003:00001db8       ?MoveEntity@@YAXPEAUgame_state@@PEAUsim_region@@PEAUsim_entity@@MPEAUmove_spec@@Tv3@@@Z$rtcName$2 000000018002adb8     p5engine.obj
 0003:00001dc8       ?MoveEntity@@YAXPEAUgame_state@@PEAUsim_region@@PEAUsim_entity@@MPEAUmove_spec@@Tv3@@@Z$rtcName$3 000000018002adc8     p5engine.obj
 0003:00001dd8       ?MoveEntity@@YAXPEAUgame_state@@PEAUsim_region@@PEAUsim_entity@@MPEAUmove_spec@@Tv3@@@Z$rtcName$4 000000018002add8     p5engine.obj
 0003:00001de8       ?MoveEntity@@YAXPEAUgame_state@@PEAUsim_region@@PEAUsim_entity@@MPEAUmove_spec@@Tv3@@@Z$rtcName$5 000000018002ade8     p5engine.obj
 0003:00001df8       ?MoveEntity@@YAXPEAUgame_state@@PEAUsim_region@@PEAUsim_entity@@MPEAUmove_spec@@Tv3@@@Z$rtcName$6 000000018002adf8     p5engine.obj
 0003:00001e08       ?MoveEntity@@YAXPEAUgame_state@@PEAUsim_region@@PEAUsim_entity@@MPEAUmove_spec@@Tv3@@@Z$rtcName$7 000000018002ae08     p5engine.obj
 0003:00001e18       ?MoveEntity@@YAXPEAUgame_state@@PEAUsim_region@@PEAUsim_entity@@MPEAUmove_spec@@Tv3@@@Z$rtcName$8 000000018002ae18     p5engine.obj
 0003:00001e30       ?MoveEntity@@YAXPEAUgame_state@@PEAUsim_region@@PEAUsim_entity@@MPEAUmove_spec@@Tv3@@@Z$rtcName$9 000000018002ae30     p5engine.obj
 0003:00001e40       ?MoveEntity@@YAXPEAUgame_state@@PEAUsim_region@@PEAUsim_entity@@MPEAUmove_spec@@Tv3@@@Z$rtcName$10 000000018002ae40     p5engine.obj
[...]
 0003:000057cc       $unwind$?ChangeEntityLocation@@YAXPEAUmemory_arena@@PEAUworld@@IPEAUlow_entity@@Uworld_position@@@Z 000000018002e7cc     p5engine.obj
 0003:000057e0       $unwind$?GetHashFromStorageIndex@@YAPEAUsim_entity_hash@@PEAUsim_region@@I@Z 000000018002e7e0     p5engine.obj
 0003:000057f4       $unwind$?GetSimSpacePos@@YA?ATv3@@PEAUsim_region@@PEAUlow_entity@@@Z 000000018002e7f4     p5engine.obj
 0003:00005808       $unwind$?AddEntity@@YAPEAUsim_entity@@PEAUgame_state@@PEAUsim_region@@IPEAUlow_entity@@PEATv3@@@Z 000000018002e808     p5engine.obj
 0003:0000581c       $unwind$?LoadEntityReference@@YAXPEAUgame_state@@PEAUsim_region@@PEATentity_reference@@@Z 000000018002e81c     p5engine.obj
 0003:00005838       $unwind$?StoreEntityReference@@YAXPEATentity_reference@@@Z 000000018002e838     p5engine.obj
 0003:0000584c       $unwind$?AddEntityRaw@@YAPEAUsim_entity@@PEAUgame_state@@PEAUsim_region@@IPEAUlow_entity@@@Z 000000018002e84c     p5engine.obj
 0003:00005860       $unwind$?EntityOverlapsRectangle@@YAHTv3@@Usim_entity_collision_volume@@Urectangle3@@@Z 000000018002e860     p5engine.obj
 0003:00005874       $unwind$?BeginSim@@YAPEAUsim_region@@PEAUmemory_arena@@PEAUgame_state@@PEAUworld@@Uworld_position@@Urectangle3@@M@Z 000000018002e874     p5engine.obj
 0003:00005890       $unwind$?EndSim@@YAXPEAUsim_region@@PEAUgame_state@@@Z 000000018002e890     p5engine.obj
 0003:000058ac       $unwind$?CanCollide@@YAHPEAUgame_state@@PEAUsim_entity@@1@Z 000000018002e8ac     p5engine.obj
 0003:000058c0       $unwind$?HandleCollision@@YAHPEAUgame_state@@PEAUsim_entity@@1@Z 000000018002e8c0     p5engine.obj
 0003:000058d4       $unwind$?CanOverlap@@YAHPEAUgame_state@@PEAUsim_entity@@1@Z 000000018002e8d4     p5engine.obj
 0003:000058e8       $unwind$?HandleOverlap@@YAXPEAUgame_state@@PEAUsim_entity@@1MPEAM@Z 000000018002e8e8     p5engine.obj
 0003:000058fc       $unwind$?SpeculativeCollide@@YAHPEAUsim_entity@@0@Z 000000018002e8fc     p5engine.obj
 0003:00005910       $unwind$?EntitiesOverlap@@YAHPEAUsim_entity@@0Tv3@@@Z 000000018002e910     p5engine.obj
 0003:00005924       $unwind$?MoveEntity@@YAXPEAUgame_state@@PEAUsim_region@@PEAUsim_entity@@MPEAUmove_spec@@Tv3@@@Z 000000018002e924     p5engine.obj
 0003:00005940       $unwind$?DefaultMoveSpec@@YA?AUmove_spec@@XZ 000000018002e940     p5engine.obj
 0003:0000595c       $unwind$?GameOutputSound@@YAXPEAUgame_state@@PEAUgame_sound_output_buffer@@H@Z 000000018002e95c     p5engine.obj
 0003:00005970       $unwind$?DrawRectangle@@YAXPEAUgame_offscreen_buffer@@Tv2@@1MMM@Z 000000018002e970     p5engine.obj
 0003:00005984       $unwind$?DrawBitmap@@YAXPEAUgame_offscreen_buffer@@PEAUloaded_bitmap@@MMM@Z 000000018002e984     p5engine.obj
 0003:00005998       $unwind$?DEBUGLoadBMP@@YA?AUloaded_bitmap@@PEAUthread_context@@P6A?AUdebug_read_file_result@@0PEAD@Z1@Z 000000018002e998     p5engine.obj
 0003:000059b4       $unwind$?AddLowEntity@@YA?AUadd_low_entity_result@@PEAUgame_state@@W4entity_type@@Uworld_position@@@Z 000000018002e9b4     p5engine.obj
 0003:000059d0       $unwind$?AddGroundedEntity@@YA?AUadd_low_entity_result@@PEAUgame_state@@W4entity_type@@Uworld_position@@PEAUsim_entity_collision_volume_group@@@Z 000000018002e9d0     p5engine.obj
 0003:000059e4       $unwind$?AddStandardRoom@@YA?AUadd_low_entity_result@@PEAUgame_state@@III@Z 000000018002e9e4     p5engine.obj
 0003:000059f8       $unwind$?AddWall@@YA?AUadd_low_entity_result@@PEAUgame_state@@III@Z 000000018002e9f8     p5engine.obj
 0003:00005a0c       $unwind$?AddStairs@@YA?AUadd_low_entity_result@@PEAUgame_state@@III@Z 000000018002ea0c     p5engine.obj
 0003:00005a20       $unwind$?InitHitPoints@@YAXPEAUlow_entity@@I@Z 000000018002ea20     p5engine.obj
 0003:00005a34       $unwind$?AddSword@@YA?AUadd_low_entity_result@@PEAUgame_state@@@Z 000000018002ea34     p5engine.obj
 0003:00005a48       $unwind$?AddPlayer@@YA?AUadd_low_entity_result@@PEAUgame_state@@@Z 000000018002ea48     p5engine.obj
 0003:00005a5c       $unwind$?AddMonstar@@YA?AUadd_low_entity_result@@PEAUgame_state@@III@Z 000000018002ea5c     p5engine.obj
 0003:00005a70       $unwind$?AddFamiliar@@YA?AUadd_low_entity_result@@PEAUgame_state@@III@Z 000000018002ea70     p5engine.obj
 0003:00005a84       $unwind$?PushPiece@@YAXPEAUentity_visible_piece_group@@PEAUloaded_bitmap@@Tv2@@2M2Tv4@@M@Z 000000018002ea84     p5engine.obj
 0003:00005a98       $unwind$?PushBitmap@@YAXPEAUentity_visible_piece_group@@PEAUloaded_bitmap@@Tv2@@M2MM@Z 000000018002ea98     p5engine.obj
 0003:00005aac       $unwind$?PushRect@@YAXPEAUentity_visible_piece_group@@Tv2@@M1Tv4@@M@Z 000000018002eaac     p5engine.obj
 0003:00005ac0       $unwind$?PushRectOutline@@YAXPEAUentity_visible_piece_group@@Tv2@@M1Tv4@@M@Z 000000018002eac0     p5engine.obj
 0003:00005ad4       $unwind$?DrawHitpoints@@YAXPEAUsim_entity@@PEAUentity_visible_piece_group@@@Z 000000018002ead4     p5engine.obj
 0003:00005af0       $unwind$?MakeSimpleGroundedCollision@@YAPEAUsim_entity_collision_volume_group@@PEAUgame_state@@MMM@Z 000000018002eaf0     p5engine.obj
 0003:00005b04       $unwind$?MakeNullCollision@@YAPEAUsim_entity_collision_volume_group@@PEAUgame_state@@@Z 000000018002eb04     p5engine.obj
 0003:00005b18       $unwind$?DrawTestGround@@YAXPEAUgame_state@@PEAUgame_offscreen_buffer@@@Z 000000018002eb18     p5engine.obj
 0003:00005b2c       $unwind$GameUpdateAndRender 000000018002eb2c     p5engine.obj
 0003:00005b48       $unwind$GameGetSoundSamples 000000018002eb48     p5engine.obj
 0003:00005b5c       $unwind$_RTC_CheckStackVars 000000018002eb5c     MSVCRTD:stack.obj
 0003:00005b70       $chain$0$_RTC_CheckStackVars 000000018002eb70     MSVCRTD:stack.obj
 0003:00005b88       $chain$1$_RTC_CheckStackVars 000000018002eb88     MSVCRTD:stack.obj
 0003:00005b9c       $unwind$_RTC_CheckStackVars2 000000018002eb9c     MSVCRTD:stack.obj
 0003:00005bac       $chain$1$_RTC_CheckStackVars2 000000018002ebac     MSVCRTD:stack.obj
 0003:00005bc8       $chain$2$_RTC_CheckStackVars2 000000018002ebc8     MSVCRTD:stack.obj
 0003:00005be0       $chain$3$_RTC_CheckStackVars2 000000018002ebe0     MSVCRTD:stack.obj
 0003:00005bf8       $chain$4$_RTC_CheckStackVars2 000000018002ebf8     MSVCRTD:stack.obj
 0003:00005c0c       $chain$5$_RTC_CheckStackVars2 000000018002ec0c     MSVCRTD:stack.obj
 0003:00005c20       $chain$6$_RTC_CheckStackVars2 000000018002ec20     MSVCRTD:stack.obj
 0003:00005c34       $unwind$_RTC_AllocaHelper  000000018002ec34     MSVCRTD:stack.obj
 0003:00005c3c       $chain$0$_RTC_AllocaHelper 000000018002ec3c     MSVCRTD:stack.obj
 0003:00005c54       $chain$1$_RTC_AllocaHelper 000000018002ec54     MSVCRTD:stack.obj
 0003:00005c68       $unwind$_RTC_Shutdown      000000018002ec68     MSVCRTD:init.obj
 0003:00005c70       $unwind$_RTC_InitBase      000000018002ec70     MSVCRTD:init.obj
 0003:00005c78       $unwind$__CheckForDebuggerJustMyCode 000000018002ec78     MSVCRTD:debugger_jmc.obj
 0003:00005c80       $unwind$__GSHandlerCheckCommon 000000018002ec80     MSVCRTD:gshandler.obj
 0003:00005c88       $unwind$__GSHandlerCheck   000000018002ec88     MSVCRTD:gshandler.obj
 0003:00005c90       $xdatasym                  000000018002ec90     MSVCRTD:chkstk.obj
 0003:00005c98       $xdatasym                  000000018002ec98     MSVCRTD:amdsecgs.obj
 0003:00005c9c       $unwind$?dllmain_crt_process_attach@@YAHQEAUHINSTANCE__@@QEAX@Z 000000018002ec9c     MSVCRTD:dll_dllmain.obj
 0003:00005cc0       $unwind$?fin$0@?0??dllmain_crt_process_attach@@YAHQEAUHINSTANCE__@@QEAX@Z@4HA 000000018002ecc0     MSVCRTD:dll_dllmain.obj
 0003:00005cc8       $unwind$?dllmain_crt_process_detach@@YAH_N@Z 000000018002ecc8     MSVCRTD:dll_dllmain.obj
 0003:00005cfc       $unwind$?fin$0@?0??dllmain_crt_process_detach@@YAH_N@Z@4HA 000000018002ecfc     MSVCRTD:dll_dllmain.obj
 0003:00005d04       $unwind$?fin$1@?0??dllmain_crt_process_detach@@YAH_N@Z@4HA 000000018002ed04     MSVCRTD:dll_dllmain.obj
 0003:00005d0c       $unwind$?dllmain_crt_dispatch@@YAHQEAUHINSTANCE__@@KQEAX@Z 000000018002ed0c     MSVCRTD:dll_dllmain.obj
 0003:00005d14       $unwind$_CRT_INIT          000000018002ed14     MSVCRTD:dll_dllmain.obj
 0003:00005d1c       $unwind$?dllmain_raw@@YAHQEAUHINSTANCE__@@KQEAX@Z 000000018002ed1c     MSVCRTD:dll_dllmain.obj
 0003:00005d24       $unwind$?dllmain_dispatch@@YAHQEAUHINSTANCE__@@KQEAX@Z 000000018002ed24     MSVCRTD:dll_dllmain.obj
 0003:00005d48       $unwind$?filt$0@?0??dllmain_dispatch@@YAHQEAUHINSTANCE__@@KQEAX@Z@4HA 000000018002ed48     MSVCRTD:dll_dllmain.obj
 0003:00005d50       $unwind$_DllMainCRTStartup 000000018002ed50     MSVCRTD:dll_dllmain.obj
 0003:00005d58       $unwind$_RTC_UninitUse     000000018002ed58     MSVCRTD:error.obj
 0003:00005d74       $unwind$?_RTC_StackFailure@@YAXPEAXPEBD@Z 000000018002ed74     MSVCRTD:error.obj
 0003:00005d94       $unwind$?_RTC_AllocaFailure@@YAXPEAXPEAU_RTC_ALLOCA_NODE@@H@Z 000000018002ed94     MSVCRTD:error.obj
 0003:00005db0       $chain$0$?_RTC_AllocaFailure@@YAXPEAXPEAU_RTC_ALLOCA_NODE@@H@Z 000000018002edb0     MSVCRTD:error.obj
 0003:00005dc8       $chain$1$?_RTC_AllocaFailure@@YAXPEAXPEAU_RTC_ALLOCA_NODE@@H@Z 000000018002edc8     MSVCRTD:error.obj
 0003:00005ddc       $unwind$_vsprintf_s_l      000000018002eddc     MSVCRTD:error.obj
 0003:00005df4       $unwind$sprintf_s          000000018002edf4     MSVCRTD:error.obj
 0003:00005dfc       $unwind$?notify_debugger@@YAXAEBUtagEXCEPTION_VISUALCPP_DEBUG_INFO@@@Z 000000018002edfc     MSVCRTD:error.obj
 0003:00005e20       $unwind$?filt$0@?0??notify_debugger@@YAXAEBUtagEXCEPTION_VISUALCPP_DEBUG_INFO@@@Z@4HA 000000018002ee20     MSVCRTD:error.obj
 0003:00005e28       $unwind$?DebuggerProbe@@YA_NK@Z 000000018002ee28     MSVCRTD:error.obj
 0003:00005e30       $unwind$?DebuggerRuntime@@YA_NKHPEAXPEB_W@Z 000000018002ee30     MSVCRTD:error.obj
 0003:00005e38       $unwind$?failwithmessage@@YAXPEAXHHPEBD@Z 000000018002ee38     MSVCRTD:error.obj
 0003:00005e60       $unwind$?_getMemBlockDataString@@YAXPEAD0PEBD_K@Z 000000018002ee60     MSVCRTD:error.obj
 0003:00005e74       $chain$3$?_getMemBlockDataString@@YAXPEAD0PEBD_K@Z 000000018002ee74     MSVCRTD:error.obj
 0003:00005e98       $chain$4$?_getMemBlockDataString@@YAXPEAD0PEBD_K@Z 000000018002ee98     MSVCRTD:error.obj
 0003:00005eac       $unwind$__report_securityfailure 000000018002eeac     MSVCRTD:gs_report.obj
 0003:00005eb4       $unwind$__report_securityfailureEx 000000018002eeb4     MSVCRTD:gs_report.obj
 0003:00005ebc       $unwind$__report_rangecheckfailure 000000018002eebc     MSVCRTD:gs_report.obj
 0003:00005ec4       $unwind$__report_gsfailure 000000018002eec4     MSVCRTD:gs_report.obj
 0003:00005ecc       $unwind$capture_current_context 000000018002eecc     MSVCRTD:gs_report.obj
 0003:00005ed4       $unwind$capture_previous_context 000000018002eed4     MSVCRTD:gs_report.obj
 0003:00005edc       $unwind$__raise_securityfailure 000000018002eedc     MSVCRTD:gs_report.obj
 0003:00005ee4       $unwind$__security_init_cookie 000000018002eee4     MSVCRTD:gs_support.obj
 0003:00005eec       $unwind$__get_entropy      000000018002eeec     MSVCRTD:gs_support.obj
 0003:00005ef4       $unwind$DllMain            000000018002eef4     MSVCRTD:dll_dllmain_stub.obj
 0003:00005efc       $unwind$?__scrt_initialize_type_info@@YAXXZ 000000018002eefc     MSVCRTD:tncleanup.obj
 0003:00005f04       $unwind$?__scrt_uninitialize_type_info@@YAXXZ 000000018002ef04     MSVCRTD:tncleanup.obj
 0003:00005f0c       $unwind$__scrt_initialize_default_local_stdio_options 000000018002ef0c     MSVCRTD:default_local_stdio_options.obj
 0003:00005f14       $unwind$atexit             000000018002ef14     MSVCRTD:utility.obj
 0003:00005f1c       $unwind$_onexit            000000018002ef1c     MSVCRTD:utility.obj
 0003:00005f24       $unwind$at_quick_exit      000000018002ef24     MSVCRTD:utility.obj
 0003:00005f2c       $unwind$__scrt_is_nonwritable_in_current_image 000000018002ef2c     MSVCRTD:utility.obj
 0003:00005f50       $unwind$__scrt_is_nonwritable_in_current_image$filt$0 000000018002ef50     MSVCRTD:utility.obj
 0003:00005f58       $unwind$__scrt_acquire_startup_lock 000000018002ef58     MSVCRTD:utility.obj
 0003:00005f60       $unwind$__scrt_release_startup_lock 000000018002ef60     MSVCRTD:utility.obj
 0003:00005f68       $unwind$__scrt_initialize_crt 000000018002ef68     MSVCRTD:utility.obj
 0003:00005f70       $unwind$__scrt_uninitialize_crt 000000018002ef70     MSVCRTD:utility.obj
 0003:00005f78       $unwind$__scrt_initialize_onexit_tables 000000018002ef78     MSVCRTD:utility.obj
 0003:00005f88       $unwind$__scrt_dllmain_exception_filter 000000018002ef88     MSVCRTD:utility.obj
 0003:00005f90       $unwind$__scrt_dllmain_before_initialize_c 000000018002ef90     MSVCRTD:utility.obj
 0003:00005f98       $unwind$__scrt_dllmain_after_initialize_c 000000018002ef98     MSVCRTD:utility.obj
 0003:00005fa0       $unwind$__scrt_dllmain_uninitialize_c 000000018002efa0     MSVCRTD:utility.obj
 0003:00005fa8       $unwind$__scrt_dllmain_uninitialize_critical 000000018002efa8     MSVCRTD:utility.obj
 0003:00005fb0       $unwind$__scrt_dllmain_crt_thread_attach 000000018002efb0     MSVCRTD:utility.obj
 0003:00005fb8       $unwind$__scrt_dllmain_crt_thread_detach 000000018002efb8     MSVCRTD:utility.obj
 0003:00005fc0       $unwind$?configure_argv@__scrt_narrow_argv_policy@@SAHXZ 000000018002efc0     MSVCRTD:utility.obj
 0003:00005fc8       $unwind$?initialize_environment@__scrt_narrow_environment_policy@@SAHXZ 000000018002efc8     MSVCRTD:utility.obj
 0003:00005fd0       $unwind$?is_potentially_valid_image_base@@YA_NQEAX@Z 000000018002efd0     MSVCRTD:utility.obj
 0003:00005fd8       $unwind$?find_pe_section@@YAPEAU_IMAGE_SECTION_HEADER@@QEAE_K@Z 000000018002efd8     MSVCRTD:utility.obj
 0003:00005fe0       $unwind$__scrt_get_show_window_mode 000000018002efe0     MSVCRTD:utility_desktop.obj
 0003:00005ff0       $unwind$__scrt_is_managed_app 000000018002eff0     MSVCRTD:utility_desktop.obj
 0003:00005ff8       $unwind$__scrt_initialize_mta 000000018002eff8     MSVCRTD:utility_desktop.obj
 0003:00006000       $unwind$__scrt_set_unhandled_exception_filter 000000018002f000     MSVCRTD:utility_desktop.obj
 0003:00006008       $unwind$__scrt_fastfail    000000018002f008     MSVCRTD:utility_desktop.obj
 0003:00006018       $unwind$__scrt_unhandled_exception_filter 000000018002f018     MSVCRTD:utility_desktop.obj
 0003:00006020       $unwind$_RTC_Initialize    000000018002f020     MSVCRTD:initsect.obj
 0003:00006030       $unwind$_RTC_Terminate     000000018002f030     MSVCRTD:initsect.obj
 0003:00006040       $unwind$ReadNoFence64      000000018002f040     MSVCRTD:guard_support.obj
 0003:00006048       $unwind$ReadPointerNoFence 000000018002f048     MSVCRTD:guard_support.obj
 0003:00006050       $unwind$_guard_icall_checks_enforced 000000018002f050     MSVCRTD:guard_support.obj
 0003:00006058       $unwind$__castguard_compat_check 000000018002f058     MSVCRTD:guard_support.obj
 0003:00006060       $unwind$__castguard_check_failure_debugbreak 000000018002f060     MSVCRTD:guard_support.obj
 0003:00006068       $unwind$__castguard_check_failure_fastfail 000000018002f068     MSVCRTD:guard_support.obj
 0003:00006070       $unwind$__castguard_check_failure_os_handled 000000018002f070     MSVCRTD:guard_support.obj
 0003:00006078       $unwind$__castguard_slow_path_compat_check 000000018002f078     MSVCRTD:guard_support.obj
 0003:00006080       $unwind$__castguard_slow_path_check_debugbreak 000000018002f080     MSVCRTD:guard_support.obj
 0003:00006088       $unwind$__castguard_slow_path_check_fastfail 000000018002f088     MSVCRTD:guard_support.obj
 0003:00006090       $unwind$__castguard_slow_path_check_os_handled 000000018002f090     MSVCRTD:guard_support.obj
 0003:00006098       $unwind$?_RTC_GetSrcLine@@YAHPEAEPEA_WKPEAH1K@Z 000000018002f098     MSVCRTD:pdblkup.obj
 0003:000060b4       $unwind$?GetPdbDllFromInstallPath@@YAPEAUHINSTANCE__@@XZ 000000018002f0b4     MSVCRTD:pdblkup.obj
 0003:000060dc       $unwind$?GetPdbDllPathFromFilePath@@YAHPEB_WPEA_W_K@Z 000000018002f0dc     MSVCRTD:pdblkup.obj
 0003:000060f8       $unwind$?GetPdbDll@@YAPEAUHINSTANCE__@@XZ 000000018002f0f8     MSVCRTD:pdblkup.obj
 0003:0000610c       $unwind$__isa_available_init 000000018002f10c     MSVCRTD:cpu_disp.obj
 0003:00006120       $unwind$__scrt_is_ucrt_dll_in_use 000000018002f120     MSVCRTD:ucrt_detection.obj
 0003:00006128       $xdatasym                  000000018002f128     MSVCRTD:guard_dispatch.obj
 0003:00006130       $xdatasym                  000000018002f130     MSVCRTD:guard_xfg_dispatch.obj
 0003:000063e0       .edata                     000000018002f3e0     P5Engine.exp
 0003:00006408       rgpv                       000000018002f408     P5Engine.exp
 0003:00006410       rgszName                   000000018002f410     P5Engine.exp
 0003:00006418       rgwOrd                     000000018002f418     P5Engine.exp
 0003:0000641c       szName                     000000018002f41c     P5Engine.exp
 0003:00006429       $N00001                    000000018002f429     P5Engine.exp
 0003:0000643d       $N00002                    000000018002f43d     P5Engine.exp
 0004:00000000       ?RandomNumberTable@@3PAIA  0000000180030000     p5engine.obj
 0004:00004e40       ?init@?1??_RTC_InitBase@@9@4_NA 0000000180034e40     MSVCRTD:init.obj
 0004:00004e44       ?__proc_attached@@3HA      0000000180034e44     MSVCRTD:dll_dllmain.obj
 0004:00004e58       ?_RTC_ErrorReportFunc@@3P6AHHPEBDH00ZZEA 0000000180034e58     MSVCRTD:userapi.obj
 0004:00004e60       ?_RTC_ErrorReportFuncW@@3P6AHHPEB_WH00ZZEA 0000000180034e60     MSVCRTD:userapi.obj
 0004:00004e70       GS_ExceptionRecord         0000000180034e70     MSVCRTD:gs_report.obj
 0004:00004f10       GS_ContextRecord           0000000180034f10     MSVCRTD:gs_report.obj
 0004:00005538       ?is_initialized_as_dll@@3_NA 0000000180035538     MSVCRTD:utility.obj
 0004:00005539       ?module_local_atexit_table_initialized@@3_NA 0000000180035539     MSVCRTD:utility.obj
 0004:00005540       ?module_local_atexit_table@@3U_onexit_table_t@@A 0000000180035540     MSVCRTD:utility.obj
 0004:00005558       ?module_local_at_quick_exit_table@@3U_onexit_table_t@@A 0000000180035558     MSVCRTD:utility.obj
 0004:00005598       ?mspdb@@3PEAUHINSTANCE__@@EA 0000000180035598     MSVCRTD:pdblkup.obj
 0004:000055a1       ?alreadyTried@?1??GetPdbDll@@YAPEAUHINSTANCE__@@XZ@4_NA 00000001800355a1     MSVCRTD:pdblkup.obj
 0004:000055a2       ?PDBOK@?1??_RTC_GetSrcLine@@YAHPEAEPEA_WKPEAH1K@Z@4_NA 00000001800355a2     MSVCRTD:pdblkup.obj
 0006:000007aa       .idata$6                   00000001800397aa     vcruntimed:VCRUNTIME140D.dll
 0006:0000095a       .idata$6                   000000018003995a     ucrtd:ucrtbased.dll
 0006:00000b9c       .idata$6                   0000000180039b9c     kernel32:KERNEL32.dll
 0007:00000000       __5C0B09BC_p5engine_platform@h 000000018003a000     p5engine.obj
 0007:00000001       __09340588_corecrt_math@h  000000018003a001     p5engine.obj
 0007:00000002       __B0C4CEA9_malloc@h        000000018003a002     p5engine.obj
 0007:00000003       __3A0418DB_p5engine_intrinsics@h 000000018003a003     p5engine.obj
 0007:00000004       __6D6C9F34_p5engine_math@h 000000018003a004     p5engine.obj
 0007:00000005       __326D9465_p5engine_entity@h 000000018003a005     p5engine.obj
 0007:00000006       __B7D51BCB_p5engine@h      000000018003a006     p5engine.obj
 0007:00000007       __DC0D61CC_p5engine_world@cpp 000000018003a007     p5engine.obj
 0007:00000008       __5DD8E4E4_p5engine_sim_region@cpp 000000018003a008     p5engine.obj
 0007:00000009       __9C871DF9_p5engine_entity@cpp 000000018003a009     p5engine.obj
 0007:0000000a       __D1049797_p5engine@cpp    000000018003a00a     p5engine.obj
 0009:00000170       $R000000                   000000018003c170     * linker generated manifest res *
