 P5Engine

 Timestamp is 613dc6f5 (Sun Sep 12 02:23:01 2021)

 Preferred load address is 0000000180000000

 Start         Length     Name                   Class
 0001:00000000 00010000H .textbss                DATA
 0002:00000000 00013be0H .text$mn                CODE
 0002:00013be0 00001040H .text$mn$00             CODE
 0002:00014c20 00001141H .text$x                 CODE
 0003:00000000 00000110H .CRT$XCA                DATA
 0003:00000110 00000110H .CRT$XCZ                DATA
 0003:00000220 00000110H .CRT$XIA                DATA
 0003:00000330 00000110H .CRT$XIZ                DATA
 0003:00000440 00000110H .CRT$XPA                DATA
 0003:00000550 00000110H .CRT$XPZ                DATA
 0003:00000660 00000110H .CRT$XTA                DATA
 0003:00000770 00000110H .CRT$XTZ                DATA
 0003:00000880 00003a80H .rdata                  DATA
 0003:00004300 00000110H .rdata$CastGuardVftablesA DATA
 0003:00004410 0000010cH .rdata$CastGuardVftablesC DATA
 0003:0000451c 0000017cH .rdata$zzzdbg           DATA
 0003:00004698 00000110H .rtc$IAA                DATA
 0003:000047a8 00000110H .rtc$IMZ                DATA
 0003:000048b8 00000110H .rtc$IZZ                DATA
 0003:000049c8 00000110H .rtc$TAA                DATA
 0003:00004ad8 00000110H .rtc$TMZ                DATA
 0003:00004be8 00000110H .rtc$TZZ                DATA
 0003:00004cf8 00001198H .xdata                  DATA
 0003:00005e90 00000187H .edata                  DATA
 0004:00000000 00004e40H .data                   DATA
 0004:00004e40 00000788H .bss                    DATA
 0005:00000000 0000267cH .pdata                  DATA
 0006:00000000 00000340H .idata$5                DATA
 0006:00000340 0000003cH .idata$2                DATA
 0006:0000037c 00000014H .idata$3                DATA
 0006:00000390 00000340H .idata$4                DATA
 0006:000006d0 00000656H .idata$6                DATA
 0007:00000000 0000010dH .msvcjmc                DATA
 0008:00000000 00000151H .00cfg                  DATA
 0009:00000000 00000170H .rsrc$01                DATA
 0009:00000170 000001b6H .rsrc$02                DATA

  Address         Publics by Value              Rva+Base               Lib:Object

 0000:00000000       __AbsoluteZero             0000000000000000     <absolute>
 0000:00000000       __arm64x_redirection_metadata 0000000000000000     <absolute>
 0000:00000000       __guard_eh_cont_count      0000000000000000     <absolute>
 0000:00000000       __guard_iat_table          0000000000000000     <absolute>
 0000:00000000       __volatile_metadata        0000000000000000     <absolute>
 0000:00000000       __x64_code_ranges_to_entry_points_count 0000000000000000     <absolute>
 0000:00000000       ___safe_se_handler_table   0000000000000000     <absolute>
 0000:00000000       __guard_iat_count          0000000000000000     <absolute>
 0000:00000000       __guard_fids_table         0000000000000000     <absolute>
 0000:00000000       __guard_longjmp_count      0000000000000000     <absolute>
 0000:00000000       __hybrid_code_map_count    0000000000000000     <absolute>
 0000:00000000       __dynamic_value_reloc_table 0000000000000000     <absolute>
 0000:00000000       __guard_check_icall_a64n_fptr 0000000000000000     <absolute>
 0000:00000000       ___safe_se_handler_count   0000000000000000     <absolute>
 0000:00000000       __hybrid_auxiliary_iat     0000000000000000     <absolute>
 0000:00000000       __hybrid_code_map          0000000000000000     <absolute>
 0000:00000000       __guard_longjmp_table      0000000000000000     <absolute>
 0000:00000000       __hybrid_auxiliary_iat_copy 0000000000000000     <absolute>
 0000:00000000       __x64_code_ranges_to_entry_points 0000000000000000     <absolute>
 0000:00000000       __arm64x_native_entrypoint 0000000000000000     <absolute>
 0000:00000000       __arm64x_extra_rfe_table_size 0000000000000000     <absolute>
 0000:00000000       __arm64x_redirection_metadata_count 0000000000000000     <absolute>
 0000:00000000       __guard_fids_count         0000000000000000     <absolute>
 0000:00000000       __guard_eh_cont_table      0000000000000000     <absolute>
 0000:00000000       __arm64x_extra_rfe_table   0000000000000000     <absolute>
 0000:00000000       __enclave_config           0000000000000000     <absolute>
 0000:00000100       __guard_flags              0000000000000100     <absolute>
 0000:00000000       __ImageBase                0000000180000000     <linker-defined>
 0001:00000000       __enc$textbss$begin        0000000180001000     <linker-defined>
 0001:00010000       __enc$textbss$end          0000000180011000     <linker-defined>
 0002:00000970       ??D@YA?ATv2@@MT0@@Z        0000000180011970 f i p5engine.obj
 0002:00000a30       __JustMyCode_Default       0000000180011a30 f i p5engine.obj
 0002:00000a60       ??D@YA?ATv3@@MT0@@Z        0000000180011a60 f i p5engine.obj
 0002:00000ba0       ??D@YA?ATv3@@T0@M@Z        0000000180011ba0 f i p5engine.obj
 0002:00000ca0       ??G@YA?ATv2@@T0@0@Z        0000000180011ca0 f i p5engine.obj
 0002:00000d90       ??G@YA?ATv3@@T0@0@Z        0000000180011d90 f i p5engine.obj
 0002:00000ee0       ??H@YA?ATv2@@T0@0@Z        0000000180011ee0 f i p5engine.obj
 0002:00000fd0       ??H@YA?ATv3@@T0@0@Z        0000000180011fd0 f i p5engine.obj
 0002:00001120       ??X@YAAEATv3@@AEAT0@M@Z    0000000180012120 f i p5engine.obj
 0002:000011e0       ??Y@YAAEATv2@@AEAT0@T0@@Z  00000001800121e0 f i p5engine.obj
 0002:00001260       ??Y@YAAEATv3@@AEAT0@T0@@Z  0000000180012260 f i p5engine.obj
 0002:00001340       ??Z@YAAEATv3@@AEAT0@T0@@Z  0000000180012340 f i p5engine.obj
 0002:00001420       ?AbsoluteValue@@YAMM@Z     0000000180012420 f i p5engine.obj
 0002:00001c20       ?AddFlags@@YAXPEAUsim_entity@@I@Z 0000000180012c20 f i p5engine.obj
 0002:00001fa0       ?ZeroSize@@YAX_KPEAX@Z     0000000180012fa0 f i p5engine.obj
 0002:000023e0       ?AddRadiusTo@@YA?AUrectangle3@@U1@Tv3@@@Z 00000001800133e0 f i p5engine.obj
 0002:00002580       GetController              0000000180013580 f i p5engine.obj
 0002:00002d60       ?AreInSameChunk@@YAHPEAUworld@@PEAUworld_position@@1@Z 0000000180013d60 f i p5engine.obj
 0002:00003540       ?RectCenterHalfDim@@YA?AUrectangle3@@Tv3@@0@Z 0000000180014540 f i p5engine.obj
 0002:00003af0       ?ChangeEntityLocationRaw@@YAXPEAUmemory_arena@@PEAUworld@@IPEAUworld_position@@2@Z 0000000180014af0 f i p5engine.obj
 0002:00003ef0       ?RectanglesIntersect@@YAHUrectangle3@@0@Z 0000000180014ef0 f i p5engine.obj
 0002:00003ff0       ?ChunkPositionFromTilePosition@@YA?AUworld_position@@PEAUworld@@HHHTv3@@@Z 0000000180014ff0 f i p5engine.obj
 0002:00004350       ?Clamp01@@YA?ATv2@@T1@@Z   0000000180015350 f i p5engine.obj
 0002:00004430       ?Clamp01@@YAMM@Z           0000000180015430 f i p5engine.obj
 0002:00004490       ?Clamp@@YAMMMM@Z           0000000180015490 f i p5engine.obj
 0002:00004660       ?ClearFlags@@YAXPEAUsim_entity@@I@Z 0000000180015660 f i p5engine.obj
 0002:00004b50       ?DefaultMoveSpec@@YA?AUmove_spec@@XZ 0000000180015b50 f i p5engine.obj
 0002:00005b50       ?EntityOverlapsRectangle@@YAHTv3@@Usim_entity_collision_volume@@Urectangle3@@@Z 0000000180016b50 f i p5engine.obj
 0002:00005d80       ?FindLeastSignificantSetBit@@YA?AUbit_scan_result@@I@Z 0000000180016d80 f i p5engine.obj
 0002:00005f40       ?GetBarycentric@@YA?ATv2@@Urectangle2@@T1@@Z 0000000180016f40 f i p5engine.obj
 0002:00006080       ?GetEntityGroundPoint@@YA?ATv3@@PEAUsim_entity@@@Z 0000000180017080 f i p5engine.obj
 0002:00006250       ?GetLowEntity@@YAPEAUlow_entity@@PEAUgame_state@@I@Z 0000000180017250 f i p5engine.obj
 0002:000062f0       ?GetMaxCorner@@YA?ATv3@@Urectangle3@@@Z 00000001800172f0 f i p5engine.obj
 0002:000063b0       ?GetMinCorner@@YA?ATv3@@Urectangle3@@@Z 00000001800173b0 f i p5engine.obj
 0002:00006470       ?GetSimSpacePos@@YA?ATv3@@PEAUsim_region@@PEAUlow_entity@@@Z 0000000180017470 f i p5engine.obj
 0002:000065f0       ?GetStairGround@@YAMPEAUsim_entity@@Tv3@@@Z 00000001800175f0 f i p5engine.obj
 0002:00006760       ?GetWorldChunk@@YAPEAUworld_chunk@@PEAUworld@@HHHPEAUmemory_arena@@@Z 0000000180017760 f i p5engine.obj
 0002:000069e0       ?Hadamard@@YA?ATv3@@T1@0@Z 00000001800179e0 f i p5engine.obj
 0002:00006d30       ?HasFlag@@YAHPEAUsim_entity@@I@Z 0000000180017d30 f i p5engine.obj
 0002:00006e50       ?InitializeArena@@YAXPEAUmemory_arena@@_KPEAX@Z 0000000180017e50 f i p5engine.obj
 0002:00007040       ?Inner@@YAMTv3@@0@Z        0000000180018040 f i p5engine.obj
 0002:000070f0       ?IsCanonical@@YAHMM@Z      00000001800180f0 f i p5engine.obj
 0002:000071c0       ?IsCanonical@@YAHPEAUworld@@Tv3@@@Z 00000001800181c0 f i p5engine.obj
 0002:000072a0       ?IsInRectangle@@YAHUrectangle3@@Tv3@@@Z 00000001800182a0 f i p5engine.obj
 0002:000073c0       ?IsValid@@YAHUworld_position@@@Z 00000001800183c0 f i p5engine.obj
 0002:00007430       ?Length@@YAMTv3@@@Z        0000000180018430 f i p5engine.obj
 0002:000074b0       ?LengthSq@@YAMTv3@@@Z      00000001800184b0 f i p5engine.obj
 0002:00007550       ?LoadEntityReference@@YAXPEAUgame_state@@PEAUsim_region@@PEATentity_reference@@@Z 0000000180018550 f i p5engine.obj
 0002:000076f0       ?MakeEntityNonSpatial@@YAXPEAUsim_entity@@@Z 00000001800186f0 f i p5engine.obj
 0002:000077b0       ?MakeEntitySpatial@@YAXPEAUsim_entity@@Tv3@@1@Z 00000001800187b0 f i p5engine.obj
 0002:00007b10       ?MapIntoChunkSpace@@YA?AUworld_position@@PEAUworld@@U1@Tv3@@@Z 0000000180018b10 f i p5engine.obj
 0002:00009750       ?V4@@YA?ATv4@@MMMM@Z       000000018001a750 f i p5engine.obj
 0002:00009840       ?NullPosition@@YA?AUworld_position@@XZ 000000018001a840 f i p5engine.obj
 0002:00009920       ?PushBitmap@@YAXPEAUentity_visible_piece_group@@PEAUloaded_bitmap@@Tv2@@M2MM@Z 000000018001a920 f i p5engine.obj
 0002:00009ac0       ?PushPiece@@YAXPEAUentity_visible_piece_group@@PEAUloaded_bitmap@@Tv2@@2M2Tv4@@M@Z 000000018001aac0 f i p5engine.obj
 0002:00009cc0       ?PushRect@@YAXPEAUentity_visible_piece_group@@Tv2@@M1Tv4@@M@Z 000000018001acc0 f i p5engine.obj
 0002:00009e70       ?PushSize_@@YAPEAXPEAUmemory_arena@@_K@Z 000000018001ae70 f i p5engine.obj
 0002:00009f60       ?RecanonicalizeCoord@@YAXMPEAHPEAM@Z 000000018001af60 f i p5engine.obj
 0002:0000a060       ?RectCenterDim@@YA?AUrectangle2@@Tv2@@0@Z 000000018001b060 f i p5engine.obj
 0002:0000a1d0       ?RectCenterDim@@YA?AUrectangle3@@Tv3@@0@Z 000000018001b1d0 f i p5engine.obj
 0002:0000a310       ?RectCenterHalfDim@@YA?AUrectangle2@@Tv2@@0@Z 000000018001b310 f i p5engine.obj
 0002:0000a6b0       ?RotateLeft@@YAIIH@Z       000000018001b6b0 f i p5engine.obj
 0002:0000a710       ?RoundReal32ToInt32@@YAHM@Z 000000018001b710 f i p5engine.obj
 0002:0000a770       ?RoundReal32ToUInt32@@YAIM@Z 000000018001b770 f i p5engine.obj
 0002:0000a7d0       ?Sin@@YAMM@Z               000000018001b7d0 f i p5engine.obj
 0002:0000a980       ?Square@@YAMM@Z            000000018001b980 f i p5engine.obj
 0002:0000a9e0       ?SquareRoot@@YAMM@Z        000000018001b9e0 f i p5engine.obj
 0002:0000aa40       ?StoreEntityReference@@YAXPEATentity_reference@@@Z 000000018001ba40 f i p5engine.obj
 0002:0000aa90       ?PushRectOutline@@YAXPEAUentity_visible_piece_group@@Tv2@@M1Tv4@@M@Z 000000018001ba90 f i p5engine.obj
 0002:0000afc0       ?V2@@YA?ATv2@@MM@Z         000000018001bfc0 f i p5engine.obj
 0002:0000b0e0       ?V3@@YA?ATv3@@MMM@Z        000000018001c0e0 f i p5engine.obj
 0002:0000b320       GameGetSoundSamples        000000018001c320 f   p5engine.obj
 0002:0000b380       GameUpdateAndRender        000000018001c380 f   p5engine.obj
 0002:0000e640       _RTC_AllocaHelper          000000018001f640 f   MSVCRTD:stack.obj
 0002:0000e690       _RTC_CheckStackVars        000000018001f690 f   MSVCRTD:stack.obj
 0002:0000e740       _RTC_CheckStackVars2       000000018001f740 f   MSVCRTD:stack.obj
 0002:0000e890       _CRT_RTC_INIT              000000018001f890 f   MSVCRTD:init.obj
 0002:0000e8a0       _CRT_RTC_INITW             000000018001f8a0 f   MSVCRTD:init.obj
 0002:0000e8b0       _RTC_InitBase              000000018001f8b0 f   MSVCRTD:init.obj
 0002:0000e900       _RTC_Shutdown              000000018001f900 f   MSVCRTD:init.obj
 0002:0000e930       __CheckForDebuggerJustMyCode 000000018001f930 f   MSVCRTD:debugger_jmc.obj
 0002:0000e980       __GSHandlerCheck           000000018001f980 f   MSVCRTD:gshandler.obj
 0002:0000e9d0       __GSHandlerCheckCommon     000000018001f9d0 f   MSVCRTD:gshandler.obj
 0002:0000eb20       __chkstk                   000000018001fb20 f   MSVCRTD:chkstk.obj
 0002:0000eb20       _alloca_probe              000000018001fb20 f   MSVCRTD:chkstk.obj
 0002:0000eba0       __security_check_cookie    000000018001fba0 f   MSVCRTD:amdsecgs.obj
 0002:0000f0d0       _CRT_INIT                  00000001800200d0 f   MSVCRTD:dll_dllmain.obj
 0002:0000f110       _DllMainCRTStartup         0000000180020110 f   MSVCRTD:dll_dllmain.obj
 0002:0000f210       ?_RTC_AllocaFailure@@YAXPEAXPEAU_RTC_ALLOCA_NODE@@H@Z 0000000180020210 f   MSVCRTD:error.obj
 0002:0000f3c0       ?_RTC_Failure@@YAXPEAXH@Z  00000001800203c0 f   MSVCRTD:error.obj
 0002:0000f430       ?_RTC_StackFailure@@YAXPEAXPEBD@Z 0000000180020430 f   MSVCRTD:error.obj
 0002:0000f970       _RTC_UninitUse             0000000180020970 f   MSVCRTD:error.obj
 0002:0000fa70       __local_stdio_printf_options 0000000180020a70 f i MSVCRTD:error.obj
 0002:0000fa80       _vsprintf_s_l              0000000180020a80 f i MSVCRTD:error.obj
 0002:0000fb00       sprintf_s                  0000000180020b00 f i MSVCRTD:error.obj
 0002:0000fb30       ?_RTC_GetErrorFunc@@YAP6AHHPEBDH00ZZPEBX@Z 0000000180020b30 f   MSVCRTD:userapi.obj
 0002:0000fb40       ?_RTC_GetErrorFuncW@@YAP6AHHPEB_WH00ZZPEBX@Z 0000000180020b40 f   MSVCRTD:userapi.obj
 0002:0000fb50       _RTC_GetErrDesc            0000000180020b50 f   MSVCRTD:userapi.obj
 0002:0000fb70       _RTC_NumErrors             0000000180020b70 f   MSVCRTD:userapi.obj
 0002:0000fb80       _RTC_SetErrorFunc          0000000180020b80 f   MSVCRTD:userapi.obj
 0002:0000fba0       _RTC_SetErrorFuncW         0000000180020ba0 f   MSVCRTD:userapi.obj
 0002:0000fbc0       _RTC_SetErrorType          0000000180020bc0 f   MSVCRTD:userapi.obj
 0002:0000fbf0       __raise_securityfailure    0000000180020bf0 f   MSVCRTD:gs_report.obj
 0002:0000fc40       __report_gsfailure         0000000180020c40 f   MSVCRTD:gs_report.obj
 0002:0000fd50       __report_rangecheckfailure 0000000180020d50 f   MSVCRTD:gs_report.obj
 0002:0000fd70       __report_securityfailure   0000000180020d70 f   MSVCRTD:gs_report.obj
 0002:0000fe40       __report_securityfailureEx 0000000180020e40 f   MSVCRTD:gs_report.obj
 0002:00010230       __security_init_cookie     0000000180021230 f   MSVCRTD:gs_support.obj
 0002:000102d0       DllMain                    00000001800212d0 f   MSVCRTD:dll_dllmain_stub.obj
 0002:00010320       ?__scrt_initialize_type_info@@YAXXZ 0000000180021320 f   MSVCRTD:tncleanup.obj
 0002:00010340       ?__scrt_uninitialize_type_info@@YAXXZ 0000000180021340 f   MSVCRTD:tncleanup.obj
 0002:00010360       __local_stdio_scanf_options 0000000180021360 f i MSVCRTD:default_local_stdio_options.obj
 0002:00010370       __scrt_initialize_default_local_stdio_options 0000000180021370 f   MSVCRTD:default_local_stdio_options.obj
 0002:000103d0       ?configure_argv@__scrt_narrow_argv_policy@@SAHXZ 00000001800213d0 f i MSVCRTD:utility.obj
 0002:000104f0       ?initialize_environment@__scrt_narrow_environment_policy@@SAHXZ 00000001800214f0 f i MSVCRTD:utility.obj
 0002:000105c0       NtCurrentTeb               00000001800215c0 f i MSVCRTD:utility.obj
 0002:000105d0       __scrt_acquire_startup_lock 00000001800215d0 f   MSVCRTD:utility.obj
 0002:00010650       __scrt_dllmain_after_initialize_c 0000000180021650 f   MSVCRTD:utility.obj
 0002:00010690       __scrt_dllmain_before_initialize_c 0000000180021690 f   MSVCRTD:utility.obj
 0002:000106c0       __scrt_dllmain_crt_thread_attach 00000001800216c0 f   MSVCRTD:utility.obj
 0002:00010700       __scrt_dllmain_crt_thread_detach 0000000180021700 f   MSVCRTD:utility.obj
 0002:00010720       __scrt_dllmain_exception_filter 0000000180021720 f   MSVCRTD:utility.obj
 0002:000107a0       __scrt_dllmain_uninitialize_c 00000001800217a0 f   MSVCRTD:utility.obj
 0002:000107e0       __scrt_dllmain_uninitialize_critical 00000001800217e0 f   MSVCRTD:utility.obj
 0002:00010800       __scrt_initialize_crt      0000000180021800 f   MSVCRTD:utility.obj
 0002:00010860       __scrt_initialize_onexit_tables 0000000180021860 f   MSVCRTD:utility.obj
 0002:000109b0       __scrt_is_nonwritable_in_current_image 00000001800219b0 f   MSVCRTD:utility.obj
 0002:00010a60       __scrt_release_startup_lock 0000000180021a60 f   MSVCRTD:utility.obj
 0002:00010aa0       __scrt_uninitialize_crt    0000000180021aa0 f   MSVCRTD:utility.obj
 0002:00010af0       _onexit                    0000000180021af0 f   MSVCRTD:utility.obj
 0002:00010b90       at_quick_exit              0000000180021b90 f   MSVCRTD:utility.obj
 0002:00010bf0       atexit                     0000000180021bf0 f   MSVCRTD:utility.obj
 0002:00010c30       __scrt_get_dyn_tls_init_callback 0000000180021c30 f   MSVCRTD:dyn_tls_init.obj
 0002:00010c40       __crt_debugger_hook        0000000180021c40 f   MSVCRTD:utility_desktop.obj
 0002:00010c60       __scrt_fastfail            0000000180021c60 f   MSVCRTD:utility_desktop.obj
 0002:00010e60       __scrt_get_show_window_mode 0000000180021e60 f   MSVCRTD:utility_desktop.obj
 0002:00010ed0       __scrt_initialize_mta      0000000180021ed0 f   MSVCRTD:utility_desktop.obj
 0002:00010ef0       __scrt_initialize_winrt    0000000180021ef0 f   MSVCRTD:utility_desktop.obj
 0002:00010f00       __scrt_is_managed_app      0000000180021f00 f   MSVCRTD:utility_desktop.obj
 0002:00010fd0       __scrt_set_unhandled_exception_filter 0000000180021fd0 f   MSVCRTD:utility_desktop.obj
 0002:00010ff0       __scrt_exe_initialize_mta  0000000180021ff0 f   MSVCRTD:utility_desktop.obj
 0002:00010ff0       __scrt_stub_for_initialize_mta 0000000180021ff0 f   MSVCRTD:utility_desktop.obj
 0002:00011000       __scrt_unhandled_exception_filter 0000000180022000 f   MSVCRTD:utility_desktop.obj
 0002:000110c0       _RTC_Initialize            00000001800220c0 f   MSVCRTD:initsect.obj
 0002:00011120       _RTC_Terminate             0000000180022120 f   MSVCRTD:initsect.obj
 0002:00011180       _guard_check_icall_nop     0000000180022180 f i MSVCRTD:guard_support.obj
 0002:00011190       ReadNoFence64              0000000180022190 f i MSVCRTD:guard_support.obj
 0002:000111c0       ReadPointerNoFence         00000001800221c0 f i MSVCRTD:guard_support.obj
 0002:000111e0       __castguard_check_failure_debugbreak 00000001800221e0 f i MSVCRTD:guard_support.obj
 0002:00011210       __castguard_check_failure_fastfail 0000000180022210 f i MSVCRTD:guard_support.obj
 0002:00011240       __castguard_check_failure_nop 0000000180022240 f i MSVCRTD:guard_support.obj
 0002:00011250       __castguard_check_failure_os_handled 0000000180022250 f i MSVCRTD:guard_support.obj
 0002:00011340       __castguard_slow_path_check_debugbreak 0000000180022340 f i MSVCRTD:guard_support.obj
 0002:00011390       __castguard_slow_path_check_fastfail 0000000180022390 f i MSVCRTD:guard_support.obj
 0002:000113f0       __castguard_slow_path_check_nop 00000001800223f0 f i MSVCRTD:guard_support.obj
 0002:00011410       __castguard_slow_path_check_os_handled 0000000180022410 f i MSVCRTD:guard_support.obj
 0002:00011520       _guard_icall_checks_enforced 0000000180022520 f i MSVCRTD:guard_support.obj
 0002:00011570       _guard_rf_checks_enforced  0000000180022570 f i MSVCRTD:guard_support.obj
 0002:00011bd0       ?_RTC_GetSrcLine@@YAHPEAEPEA_WKPEAH1K@Z 0000000180022bd0 f   MSVCRTD:pdblkup.obj
 0002:00012090       __isa_available_init       0000000180023090 f   MSVCRTD:cpu_disp.obj
 0002:00012510       _get_startup_argv_mode     0000000180023510 f   MSVCRTD:argv_mode.obj
 0002:00012520       __scrt_is_ucrt_dll_in_use  0000000180023520 f   MSVCRTD:ucrt_detection.obj
 0002:00012550       __C_specific_handler       0000000180023550 f   vcruntimed:VCRUNTIME140D.dll
 0002:00012556       __C_specific_handler_noexcept 0000000180023556 f   vcruntimed:VCRUNTIME140D.dll
 0002:0001255c       __std_type_info_destroy_list 000000018002355c f   vcruntimed:VCRUNTIME140D.dll
 0002:00012562       __current_exception        0000000180023562 f   vcruntimed:VCRUNTIME140D.dll
 0002:00012568       __current_exception_context 0000000180023568 f   vcruntimed:VCRUNTIME140D.dll
 0002:0001256e       __vcrt_GetModuleFileNameW  000000018002356e f   vcruntimed:VCRUNTIME140D.dll
 0002:00012574       __vcrt_GetModuleHandleW    0000000180023574 f   vcruntimed:VCRUNTIME140D.dll
 0002:0001257a       __vcrt_LoadLibraryExW      000000018002357a f   vcruntimed:VCRUNTIME140D.dll
 0002:00012580       fabs                       0000000180023580 f   ucrtd:ucrtbased.dll
 0002:00012586       roundf                     0000000180023586 f   ucrtd:ucrtbased.dll
 0002:0001258c       sinf                       000000018002358c f   ucrtd:ucrtbased.dll
 0002:00012592       sqrtf                      0000000180023592 f   ucrtd:ucrtbased.dll
 0002:00012598       _rotl                      0000000180023598 f   ucrtd:ucrtbased.dll
 0002:0001259e       _CrtDbgReport              000000018002359e f   ucrtd:ucrtbased.dll
 0002:000125a4       _CrtDbgReportW             00000001800235a4 f   ucrtd:ucrtbased.dll
 0002:000125aa       _initterm                  00000001800235aa f   ucrtd:ucrtbased.dll
 0002:000125b0       _initterm_e                00000001800235b0 f   ucrtd:ucrtbased.dll
 0002:000125b6       strcpy_s                   00000001800235b6 f   ucrtd:ucrtbased.dll
 0002:000125bc       strcat_s                   00000001800235bc f   ucrtd:ucrtbased.dll
 0002:000125c2       __stdio_common_vsprintf_s  00000001800235c2 f   ucrtd:ucrtbased.dll
 0002:000125c8       _seh_filter_dll            00000001800235c8 f   ucrtd:ucrtbased.dll
 0002:000125ce       _configure_narrow_argv     00000001800235ce f   ucrtd:ucrtbased.dll
 0002:000125d4       _initialize_narrow_environment 00000001800235d4 f   ucrtd:ucrtbased.dll
 0002:000125da       _initialize_onexit_table   00000001800235da f   ucrtd:ucrtbased.dll
 0002:000125e0       _register_onexit_function  00000001800235e0 f   ucrtd:ucrtbased.dll
 0002:000125e6       _execute_onexit_table      00000001800235e6 f   ucrtd:ucrtbased.dll
 0002:000125ec       _crt_atexit                00000001800235ec f   ucrtd:ucrtbased.dll
 0002:000125f2       _crt_at_quick_exit         00000001800235f2 f   ucrtd:ucrtbased.dll
 0002:000125f8       _cexit                     00000001800235f8 f   ucrtd:ucrtbased.dll
 0002:000125fe       terminate                  00000001800235fe f   ucrtd:ucrtbased.dll
 0002:00012604       _wmakepath_s               0000000180023604 f   ucrtd:ucrtbased.dll
 0002:0001260a       _wsplitpath_s              000000018002360a f   ucrtd:ucrtbased.dll
 0002:00012610       wcscpy_s                   0000000180023610 f   ucrtd:ucrtbased.dll
 0002:00012616       GetCurrentThreadId         0000000180023616 f   kernel32:KERNEL32.dll
 0002:0001261c       IsDebuggerPresent          000000018002361c f   kernel32:KERNEL32.dll
 0002:00012622       RaiseException             0000000180023622 f   kernel32:KERNEL32.dll
 0002:00012628       MultiByteToWideChar        0000000180023628 f   kernel32:KERNEL32.dll
 0002:0001262e       WideCharToMultiByte        000000018002362e f   kernel32:KERNEL32.dll
 0002:00012634       RtlCaptureContext          0000000180023634 f   kernel32:KERNEL32.dll
 0002:0001263a       RtlLookupFunctionEntry     000000018002363a f   kernel32:KERNEL32.dll
 0002:00012640       RtlVirtualUnwind           0000000180023640 f   kernel32:KERNEL32.dll
 0002:00012646       UnhandledExceptionFilter   0000000180023646 f   kernel32:KERNEL32.dll
 0002:0001264c       SetUnhandledExceptionFilter 000000018002364c f   kernel32:KERNEL32.dll
 0002:00012652       GetCurrentProcess          0000000180023652 f   kernel32:KERNEL32.dll
 0002:00012658       TerminateProcess           0000000180023658 f   kernel32:KERNEL32.dll
 0002:0001265e       IsProcessorFeaturePresent  000000018002365e f   kernel32:KERNEL32.dll
 0002:00012664       QueryPerformanceCounter    0000000180023664 f   kernel32:KERNEL32.dll
 0002:0001266a       GetCurrentProcessId        000000018002366a f   kernel32:KERNEL32.dll
 0002:00012670       GetSystemTimeAsFileTime    0000000180023670 f   kernel32:KERNEL32.dll
 0002:00012676       DisableThreadLibraryCalls  0000000180023676 f   kernel32:KERNEL32.dll
 0002:0001267c       InitializeSListHead        000000018002367c f   kernel32:KERNEL32.dll
 0002:00012682       GetStartupInfoW            0000000180023682 f   kernel32:KERNEL32.dll
 0002:00012688       GetModuleHandleW           0000000180023688 f   kernel32:KERNEL32.dll
 0002:0001268e       GetLastError               000000018002368e f   kernel32:KERNEL32.dll
 0002:00012694       HeapAlloc                  0000000180023694 f   kernel32:KERNEL32.dll
 0002:0001269a       HeapFree                   000000018002369a f   kernel32:KERNEL32.dll
 0002:000126a0       GetProcessHeap             00000001800236a0 f   kernel32:KERNEL32.dll
 0002:000126a6       VirtualQuery               00000001800236a6 f   kernel32:KERNEL32.dll
 0002:000126ac       FreeLibrary                00000001800236ac f   kernel32:KERNEL32.dll
 0002:000126b2       GetProcAddress             00000001800236b2 f   kernel32:KERNEL32.dll
 0002:000126c0       __acrt_initialize          00000001800236c0 f   MSVCRTD:ucrt_stubs.obj
 0002:000126c0       __scrt_stub_for_acrt_initialize 00000001800236c0 f   MSVCRTD:ucrt_stubs.obj
 0002:000126c0       __vcrt_initialize          00000001800236c0 f   MSVCRTD:ucrt_stubs.obj
 0002:000126d0       __acrt_thread_attach       00000001800236d0 f   MSVCRTD:ucrt_stubs.obj
 0002:000126d0       __vcrt_thread_attach       00000001800236d0 f   MSVCRTD:ucrt_stubs.obj
 0002:000126d0       __scrt_stub_for_acrt_thread_attach 00000001800236d0 f   MSVCRTD:ucrt_stubs.obj
 0002:000126e0       __scrt_stub_for_acrt_thread_detach 00000001800236e0 f   MSVCRTD:ucrt_stubs.obj
 0002:000126e0       __acrt_thread_detach       00000001800236e0 f   MSVCRTD:ucrt_stubs.obj
 0002:000126e0       __vcrt_thread_detach       00000001800236e0 f   MSVCRTD:ucrt_stubs.obj
 0002:000126f0       __vcrt_uninitialize        00000001800236f0 f   MSVCRTD:ucrt_stubs.obj
 0002:000126f0       __acrt_uninitialize        00000001800236f0 f   MSVCRTD:ucrt_stubs.obj
 0002:000126f0       __scrt_stub_for_acrt_uninitialize 00000001800236f0 f   MSVCRTD:ucrt_stubs.obj
 0002:00012700       __scrt_stub_for_acrt_uninitialize_critical 0000000180023700 f   MSVCRTD:ucrt_stubs.obj
 0002:00012700       __vcrt_uninitialize_critical 0000000180023700 f   MSVCRTD:ucrt_stubs.obj
 0002:00012700       __acrt_uninitialize_critical 0000000180023700 f   MSVCRTD:ucrt_stubs.obj
 0002:00012710       __scrt_stub_for_is_c_termination_complete 0000000180023710 f   MSVCRTD:ucrt_stubs.obj
 0002:00012710       _is_c_termination_complete 0000000180023710 f   MSVCRTD:ucrt_stubs.obj
 0002:00013bf0       _guard_dispatch_icall_nop  0000000180024bf0 f   MSVCRTD:guard_dispatch.obj
 0002:00013c10       _guard_xfg_dispatch_icall_nop 0000000180024c10 f   MSVCRTD:guard_xfg_dispatch.obj
 0003:00000000       __xc_a                     0000000180027000     MSVCRTD:initializers.obj
 0003:00000110       __xc_z                     0000000180027110     MSVCRTD:initializers.obj
 0003:00000220       __xi_a                     0000000180027220     MSVCRTD:initializers.obj
 0003:00000330       __xi_z                     0000000180027330     MSVCRTD:initializers.obj
 0003:00000440       __xp_a                     0000000180027440     MSVCRTD:initializers.obj
 0003:00000550       __xp_z                     0000000180027550     MSVCRTD:initializers.obj
 0003:00000660       __xt_a                     0000000180027660     MSVCRTD:initializers.obj
 0003:00000770       __xt_z                     0000000180027770     MSVCRTD:initializers.obj
 0003:00003230       ??_C@_0BA@NMEIMCEK@InvalidCodePath@ 000000018002a230     p5engine.obj
 0003:00003248       ??_C@_0BF@HOIOEMCL@P5Engine?1data?1bg?4bmp@ 000000018002a248     p5engine.obj
 0003:00003268       ??_C@_0BJ@EPENJOEL@P5Engine?1data?1shadow?4bmp@ 000000018002a268     p5engine.obj
 0003:00003288       ??_C@_0BJ@HEECFFOE@P5Engine?1data?1stairs?4bmp@ 000000018002a288     p5engine.obj
 0003:000032a8       ??_C@_0BH@DDOBAHNL@P5Engine?1data?1tree?4bmp@ 000000018002a2a8     p5engine.obj
 0003:000032c8       ??_C@_0BI@EPGPCLAL@P5Engine?1data?1enemy?4bmp@ 000000018002a2c8     p5engine.obj
 0003:000032e8       ??_C@_0BG@IEBKPHGI@P5Engine?1data?1orb?4bmp@ 000000018002a2e8     p5engine.obj
 0003:00003308       ??_C@_0BP@CIDLMIJA@P5Engine?1data?1char?9right?90?4bmp@ 000000018002a308     p5engine.obj
 0003:00003330       ??_C@_0BO@PEBAPFLC@P5Engine?1data?1char?9back?90?4bmp@ 000000018002a330     p5engine.obj
 0003:00003358       ??_C@_0BO@EAIBBIAG@P5Engine?1data?1char?9left?90?4bmp@ 000000018002a358     p5engine.obj
 0003:00003380       ??_C@_0BP@MKDPGEOC@P5Engine?1data?1char?9front?90?4bmp@ 000000018002a380     p5engine.obj
 0003:000033a8       ??_C@_0BO@KNNOBFKI@P5Engine?1data?1sword?9right?4bmp@ 000000018002a3a8     p5engine.obj
 0003:000033d0       ??_C@_0BN@LDDHILOB@P5Engine?1data?1sword?9back?4bmp@ 000000018002a3d0     p5engine.obj
 0003:000033f8       ??_C@_0BN@FPAHMBGA@P5Engine?1data?1sword?9left?4bmp@ 000000018002a3f8     p5engine.obj
 0003:00003420       ??_C@_0BO@BNDLMGBJ@P5Engine?1data?1sword?9front?4bmp@ 000000018002a420     p5engine.obj
 0003:00003444       __real@00000000            000000018002a444     p5engine.obj
 0003:00003448       __real@3a83126f            000000018002a448     p5engine.obj
 0003:0000344c       __real@3c23d70a            000000018002a44c     p5engine.obj
 0003:00003450       __real@3dcccccd            000000018002a450     p5engine.obj
 0003:00003454       __real@3e4ccccd            000000018002a454     p5engine.obj
 0003:00003458       __real@3e800000            000000018002a458     p5engine.obj
 0003:0000345c       __real@3f000000            000000018002a45c     p5engine.obj
 0003:00003460       __real@3f666666            000000018002a460     p5engine.obj
 0003:00003464       __real@3f800000            000000018002a464     p5engine.obj
 0003:00003468       __real@3f8ccccd            000000018002a468     p5engine.obj
 0003:0000346c       __real@3f99999a            000000018002a46c     p5engine.obj
 0003:00003470       __real@3fb33333            000000018002a470     p5engine.obj
 0003:00003474       __real@3fc00000            000000018002a474     p5engine.obj
 0003:00003478       __real@40000000            000000018002a478     p5engine.obj
 0003:0000347c       __real@400ccccd            000000018002a47c     p5engine.obj
 0003:00003480       __real@40400000            000000018002a480     p5engine.obj
 0003:00003484       __real@40a00000            000000018002a484     p5engine.obj
 0003:00003488       __real@40c00000            000000018002a488     p5engine.obj
 0003:0000348c       __real@40c90fdb            000000018002a48c     p5engine.obj
 0003:00003490       __real@41200000            000000018002a490     p5engine.obj
 0003:00003494       __real@41800000            000000018002a494     p5engine.obj
 0003:00003498       __real@41880000            000000018002a498     p5engine.obj
 0003:0000349c       __real@41a00000            000000018002a49c     p5engine.obj
 0003:000034a0       __real@41c00000            000000018002a4a0     p5engine.obj
 0003:000034a4       __real@41f00000            000000018002a4a4     p5engine.obj
 0003:000034a8       __real@42000000            000000018002a4a8     p5engine.obj
 0003:000034ac       __real@42340000            000000018002a4ac     p5engine.obj
 0003:000034b0       __real@42600000            000000018002a4b0     p5engine.obj
 0003:000034b4       __real@42800000            000000018002a4b4     p5engine.obj
 0003:000034b8       __real@42960000            000000018002a4b8     p5engine.obj
 0003:000034bc       __real@437f0000            000000018002a4bc     p5engine.obj
 0003:000034c0       __real@461c4000            000000018002a4c0     p5engine.obj
 0003:000034c4       __real@47c35000            000000018002a4c4     p5engine.obj
 0003:000034c8       __real@becccccd            000000018002a4c8     p5engine.obj
 0003:000034cc       __real@bf000000            000000018002a4cc     p5engine.obj
 0003:000034d0       __real@bf800000            000000018002a4d0     p5engine.obj
 0003:000034d4       __real@c11ccccd            000000018002a4d4     p5engine.obj
 0003:000034e0       __xmm@80000000800000008000000080000000 000000018002a4e0     p5engine.obj
 0003:000034f8       _pRawDllMain               000000018002a4f8     MSVCRTD:dll_dllmain.obj
 0003:000034f8       _pDefaultRawDllMain        000000018002a4f8     MSVCRTD:dll_dllmain.obj
 0003:000035f0       ??_C@_0NN@JMPELKLB@The?5value?5of?5ESP?5was?5not?5proper@ 000000018002a5f0     MSVCRTD:error.obj
 0003:00003700       ??_C@_0BBN@ELNNILBE@A?5cast?5to?5a?5smaller?5data?5type?5h@ 000000018002a700     MSVCRTD:error.obj
 0003:00003858       ??_C@_0BN@BPOGFMJL@Stack?5memory?5was?5corrupted?$AN?6@ 000000018002a858     MSVCRTD:error.obj
 0003:00003880       ??_C@_0DG@DAJCDLPN@A?5local?5variable?5was?5used?5befor@ 000000018002a880     MSVCRTD:error.obj
 0003:000038c0       ??_C@_0CM@JMIDGKLA@Stack?5memory?5around?5_alloca?5was@ 000000018002a8c0     MSVCRTD:error.obj
 0003:000038f8       ??_C@_0BO@CHIONIOI@Unknown?5Runtime?5Check?5Error?$AN?6@ 000000018002a8f8     MSVCRTD:error.obj
 0003:00003920       ??_C@_1GM@CNOOJIHC@?$AAR?$AAu?$AAn?$AAt?$AAi?$AAm?$AAe?$AA?5?$AAC?$AAh?$AAe?$AAc?$AAk?$AA?5?$AAE@ 000000018002a920     MSVCRTD:error.obj
 0003:000039b0       ??_C@_1EA@NFKNIFJP@?$AAR?$AAu?$AAn?$AA?9?$AAT?$AAi?$AAm?$AAe?$AA?5?$AAC?$AAh?$AAe?$AAc?$AAk?$AA?5@ 000000018002a9b0     MSVCRTD:error.obj
 0003:00003a00       ??_C@_0BB@PFFGGCJP@Unknown?5Filename@ 000000018002aa00     MSVCRTD:error.obj
 0003:00003a18       ??_C@_0BE@GNBOBNCK@Unknown?5Module?5Name@ 000000018002aa18     MSVCRTD:error.obj
 0003:00003a30       ??_C@_0CA@IODNCDPG@Run?9Time?5Check?5Failure?5?$CD?$CFd?5?9?5?$CFs@ 000000018002aa30     MSVCRTD:error.obj
 0003:00003a58       ??_C@_0CG@IAFNJNEE@Stack?5corrupted?5near?5unknown?5va@ 000000018002aa58     MSVCRTD:error.obj
 0003:00003a88       ??_C@_05MKKEDADM@?$CF?42X?5@ 000000018002aa88     MSVCRTD:error.obj
 0003:00003a90       ??_C@_0EJ@LJKNEOLN@Stack?5area?5around?5_alloca?5memor@ 000000018002aa90     MSVCRTD:error.obj
 0003:00003ae8       ??_C@_01EEMJAFIK@?6@       000000018002aae8     MSVCRTD:error.obj
 0003:00003aec       ??_C@_02LLMPMKNF@?$DO?5@   000000018002aaec     MSVCRTD:error.obj
 0003:00003af0       ??_C@_08OMAHNMHJ@?6Data?3?5?$DM@ 000000018002aaf0     MSVCRTD:error.obj
 0003:00003b00       ??_C@_0CK@DKGBICFE@?6Allocation?5number?5within?5this?5@ 000000018002ab00     MSVCRTD:error.obj
 0003:00003b38       ??_C@_07DFDJCKFN@?6Size?3?5@ 000000018002ab38     MSVCRTD:error.obj
 0003:00003b48       ??_C@_0N@MHFFIMFG@?6Address?3?50x@ 000000018002ab48     MSVCRTD:error.obj
 0003:00003b60       ??_C@_0EI@CLEPFNGI@Stack?5area?5around?5_alloca?5memor@ 000000018002ab60     MSVCRTD:error.obj
 0003:00003bb8       ??_C@_0BK@ODNDAGKB@?$CFs?$CFs?$CFp?$CFs?$CFzd?$CFs?$CFd?$CFs?$CFs?$CFs?$CFs?$CFs@ 000000018002abb8     MSVCRTD:error.obj
 0003:00003bd8       ??_C@_0DE@OHJBPMBP@A?5variable?5is?5being?5used?5withou@ 000000018002abd8     MSVCRTD:error.obj
 0003:00003c48       ??_C@_0BJ@HEGAHDFO@Stack?5pointer?5corruption@ 000000018002ac48     MSVCRTD:userapi.obj
 0003:00003c68       ??_C@_0CK@FEGOIOPB@Cast?5to?5smaller?5type?5causing?5lo@ 000000018002ac68     MSVCRTD:userapi.obj
 0003:00003ca0       ??_C@_0BI@CIGMDCBH@Stack?5memory?5corruption@ 000000018002aca0     MSVCRTD:userapi.obj
 0003:00003cc0       ??_C@_0CK@CNLNOEPB@Local?5variable?5used?5before?5init@ 000000018002acc0     MSVCRTD:userapi.obj
 0003:00003cf8       ??_C@_0BP@OGBCLIBO@Stack?5around?5_alloca?5corrupted@ 000000018002acf8     MSVCRTD:userapi.obj
 0003:00003da0       ??_C@_1EI@MLPKHBGE@?$AAa?$AAp?$AAi?$AA?9?$AAm?$AAs?$AA?9?$AAw?$AAi?$AAn?$AA?9?$AAc?$AAo?$AAr?$AAe@ 000000018002ada0     MSVCRTD:pdblkup.obj
 0003:00003df8       ??_C@_1BK@JHLNAEJL@?$AAa?$AAd?$AAv?$AAa?$AAp?$AAi?$AA3?$AA2?$AA?4?$AAd?$AAl?$AAl@ 000000018002adf8     MSVCRTD:pdblkup.obj
 0003:00003e18       ??_C@_0O@COHOBMLB@RegOpenKeyExW@ 000000018002ae18     MSVCRTD:pdblkup.obj
 0003:00003e28       ??_C@_0BB@GLNAEDBD@RegQueryValueExW@ 000000018002ae28     MSVCRTD:pdblkup.obj
 0003:00003e40       ??_C@_0M@HLOHPNFA@RegCloseKey@ 000000018002ae40     MSVCRTD:pdblkup.obj
 0003:00003e50       ??_C@_1HE@EBEAGLFB@?$AAS?$AAO?$AAF?$AAT?$AAW?$AAA?$AAR?$AAE?$AA?2?$AAW?$AAo?$AAw?$AA6?$AA4?$AA3@ 000000018002ae50     MSVCRTD:pdblkup.obj
 0003:00003ee0       ??_C@_1BG@EABPBLLF@?$AAP?$AAr?$AAo?$AAd?$AAu?$AAc?$AAt?$AAD?$AAi?$AAr@ 000000018002aee0     MSVCRTD:pdblkup.obj
 0003:00003f28       ??_C@_1BC@JINFINNJ@?$AAM?$AAS?$AAP?$AAD?$AAB?$AA1?$AA4?$AA0@ 000000018002af28     MSVCRTD:pdblkup.obj
 0003:00003f40       ??_C@_0BB@KCIACLNC@PDBOpenValidate5@ 000000018002af40     MSVCRTD:pdblkup.obj
 0003:00003f54       ??_C@_01KDCPPGHE@r@        000000018002af54     MSVCRTD:pdblkup.obj
 0003:00003f90       _load_config_used          000000018002af90     MSVCRTD:loadcfg.obj
 0003:00004300       __CastGuardVftablesStart   000000018002b300     MSVCRTD:guard_support.obj
 0003:00004410       __CastGuardVftablesEnd     000000018002b410     MSVCRTD:guard_support.obj
 0003:00004698       __rtc_iaa                  000000018002b698     MSVCRTD:initsect.obj
 0003:000048b8       __rtc_izz                  000000018002b8b8     MSVCRTD:initsect.obj
 0003:000049c8       __rtc_taa                  000000018002b9c8     MSVCRTD:initsect.obj
 0003:00004be8       __rtc_tzz                  000000018002bbe8     MSVCRTD:initsect.obj
 0004:00004cd0       __security_cookie_complement 0000000180032cd0     MSVCRTD:gs_cookie.obj
 0004:00004cd8       __security_cookie          0000000180032cd8     MSVCRTD:gs_cookie.obj
 0004:00004ce4       _fltused                   0000000180032ce4     MSVCRTD:fltused.obj
 0004:00004ce8       ?_RTC_ErrorLevels@@3PAHA   0000000180032ce8     MSVCRTD:error.obj
 0004:00004d00       __scrt_native_dllmain_reason 0000000180032d00     MSVCRTD:utility.obj
 0004:00004d08       __isa_available            0000000180032d08     MSVCRTD:cpu_disp.obj
 0004:00004d0c       __isa_enabled              0000000180032d0c     MSVCRTD:cpu_disp.obj
 0004:00004d10       __memcpy_nt_iters          0000000180032d10     MSVCRTD:cpu_disp.obj
 0004:00004d18       __memset_nt_iters          0000000180032d18     MSVCRTD:cpu_disp.obj
 0004:00004d30       __scrt_ucrt_dll_is_in_use  0000000180032d30     MSVCRTD:ucrt_stubs.obj
 0004:00004e48       ?_OptionsStorage@?1??__local_stdio_printf_options@@9@4_KA 0000000180032e48     MSVCRTD:error.obj
 0004:00005500       ?__type_info_root_node@@3U__type_info_node@@A 0000000180033500     MSVCRTD:tncleanup.obj
 0004:00005518       ?_OptionsStorage@?1??__local_stdio_scanf_options@@9@4_KA 0000000180033518     MSVCRTD:default_local_stdio_options.obj
 0004:00005528       __scrt_current_native_startup_state 0000000180033528     MSVCRTD:utility.obj
 0004:00005530       __scrt_native_startup_lock 0000000180033530     MSVCRTD:utility.obj
 0004:00005580       __scrt_debugger_hook_flag  0000000180033580     MSVCRTD:utility_desktop.obj
 0004:00005588       __castguard_check_failure_os_handled_fptr 0000000180033588     MSVCRTD:guard_support.obj
 0004:000055a4       __favor                    00000001800335a4     MSVCRTD:cpu_disp.obj
 0004:000055a8       __dyn_tls_init_callback    00000001800335a8     <common>
 0004:000055bc       __DebuggerCurrentSteppingThreadId 00000001800335bc     <common>
 0006:00000000       __imp_DisableThreadLibraryCalls 0000000180037000     kernel32:KERNEL32.dll
 0006:00000008       __imp_IsDebuggerPresent    0000000180037008     kernel32:KERNEL32.dll
 0006:00000010       __imp_RaiseException       0000000180037010     kernel32:KERNEL32.dll
 0006:00000018       __imp_MultiByteToWideChar  0000000180037018     kernel32:KERNEL32.dll
 0006:00000020       __imp_WideCharToMultiByte  0000000180037020     kernel32:KERNEL32.dll
 0006:00000028       __imp_RtlCaptureContext    0000000180037028     kernel32:KERNEL32.dll
 0006:00000030       __imp_RtlLookupFunctionEntry 0000000180037030     kernel32:KERNEL32.dll
 0006:00000038       __imp_RtlVirtualUnwind     0000000180037038     kernel32:KERNEL32.dll
 0006:00000040       __imp_GetProcAddress       0000000180037040     kernel32:KERNEL32.dll
 0006:00000048       __imp_FreeLibrary          0000000180037048     kernel32:KERNEL32.dll
 0006:00000050       __imp_VirtualQuery         0000000180037050     kernel32:KERNEL32.dll
 0006:00000058       __imp_GetProcessHeap       0000000180037058     kernel32:KERNEL32.dll
 0006:00000060       __imp_HeapFree             0000000180037060     kernel32:KERNEL32.dll
 0006:00000068       __imp_HeapAlloc            0000000180037068     kernel32:KERNEL32.dll
 0006:00000070       __imp_GetLastError         0000000180037070     kernel32:KERNEL32.dll
 0006:00000078       __imp_GetModuleHandleW     0000000180037078     kernel32:KERNEL32.dll
 0006:00000080       __imp_GetStartupInfoW      0000000180037080     kernel32:KERNEL32.dll
 0006:00000088       __imp_InitializeSListHead  0000000180037088     kernel32:KERNEL32.dll
 0006:00000090       __imp_GetCurrentThreadId   0000000180037090     kernel32:KERNEL32.dll
 0006:00000098       __imp_GetSystemTimeAsFileTime 0000000180037098     kernel32:KERNEL32.dll
 0006:000000a0       __imp_GetCurrentProcessId  00000001800370a0     kernel32:KERNEL32.dll
 0006:000000a8       __imp_QueryPerformanceCounter 00000001800370a8     kernel32:KERNEL32.dll
 0006:000000b0       __imp_IsProcessorFeaturePresent 00000001800370b0     kernel32:KERNEL32.dll
 0006:000000b8       __imp_TerminateProcess     00000001800370b8     kernel32:KERNEL32.dll
 0006:000000c0       __imp_GetCurrentProcess    00000001800370c0     kernel32:KERNEL32.dll
 0006:000000c8       __imp_SetUnhandledExceptionFilter 00000001800370c8     kernel32:KERNEL32.dll
 0006:000000d0       __imp_UnhandledExceptionFilter 00000001800370d0     kernel32:KERNEL32.dll
 0006:000000d8       \177KERNEL32_NULL_THUNK_DATA 00000001800370d8     kernel32:KERNEL32.dll
 0006:00000158       __imp___vcrt_GetModuleHandleW 0000000180037158     vcruntimed:VCRUNTIME140D.dll
 0006:00000160       __imp___vcrt_GetModuleFileNameW 0000000180037160     vcruntimed:VCRUNTIME140D.dll
 0006:00000168       __imp___current_exception_context 0000000180037168     vcruntimed:VCRUNTIME140D.dll
 0006:00000170       __imp___C_specific_handler 0000000180037170     vcruntimed:VCRUNTIME140D.dll
 0006:00000178       __imp___current_exception  0000000180037178     vcruntimed:VCRUNTIME140D.dll
 0006:00000180       __imp___std_type_info_destroy_list 0000000180037180     vcruntimed:VCRUNTIME140D.dll
 0006:00000188       __imp___C_specific_handler_noexcept 0000000180037188     vcruntimed:VCRUNTIME140D.dll
 0006:00000190       __imp___vcrt_LoadLibraryExW 0000000180037190     vcruntimed:VCRUNTIME140D.dll
 0006:00000198       \177VCRUNTIME140D_NULL_THUNK_DATA 0000000180037198     vcruntimed:VCRUNTIME140D.dll
 0006:000001f8       __imp_wcscpy_s             00000001800371f8     ucrtd:ucrtbased.dll
 0006:00000200       __imp__wsplitpath_s        0000000180037200     ucrtd:ucrtbased.dll
 0006:00000208       __imp_terminate            0000000180037208     ucrtd:ucrtbased.dll
 0006:00000210       __imp__cexit               0000000180037210     ucrtd:ucrtbased.dll
 0006:00000218       __imp__crt_at_quick_exit   0000000180037218     ucrtd:ucrtbased.dll
 0006:00000220       __imp__crt_atexit          0000000180037220     ucrtd:ucrtbased.dll
 0006:00000228       __imp__execute_onexit_table 0000000180037228     ucrtd:ucrtbased.dll
 0006:00000230       __imp__register_onexit_function 0000000180037230     ucrtd:ucrtbased.dll
 0006:00000238       __imp__initialize_onexit_table 0000000180037238     ucrtd:ucrtbased.dll
 0006:00000240       __imp__initialize_narrow_environment 0000000180037240     ucrtd:ucrtbased.dll
 0006:00000248       __imp__configure_narrow_argv 0000000180037248     ucrtd:ucrtbased.dll
 0006:00000250       __imp__seh_filter_dll      0000000180037250     ucrtd:ucrtbased.dll
 0006:00000258       __imp__wmakepath_s         0000000180037258     ucrtd:ucrtbased.dll
 0006:00000260       __imp_strcat_s             0000000180037260     ucrtd:ucrtbased.dll
 0006:00000268       __imp_strcpy_s             0000000180037268     ucrtd:ucrtbased.dll
 0006:00000270       __imp__initterm_e          0000000180037270     ucrtd:ucrtbased.dll
 0006:00000278       __imp__initterm            0000000180037278     ucrtd:ucrtbased.dll
 0006:00000280       __imp__CrtDbgReportW       0000000180037280     ucrtd:ucrtbased.dll
 0006:00000288       __imp__CrtDbgReport        0000000180037288     ucrtd:ucrtbased.dll
 0006:00000290       __imp__rotl                0000000180037290     ucrtd:ucrtbased.dll
 0006:00000298       __imp_sqrtf                0000000180037298     ucrtd:ucrtbased.dll
 0006:000002a0       __imp_sinf                 00000001800372a0     ucrtd:ucrtbased.dll
 0006:000002a8       __imp_roundf               00000001800372a8     ucrtd:ucrtbased.dll
 0006:000002b0       __imp_fabs                 00000001800372b0     ucrtd:ucrtbased.dll
 0006:000002b8       __imp___stdio_common_vsprintf_s 00000001800372b8     ucrtd:ucrtbased.dll
 0006:000002c0       \177ucrtbased_NULL_THUNK_DATA 00000001800372c0     ucrtd:ucrtbased.dll
 0006:00000340       __IMPORT_DESCRIPTOR_VCRUNTIME140D 0000000180037340     vcruntimed:VCRUNTIME140D.dll
 0006:00000354       __IMPORT_DESCRIPTOR_ucrtbased 0000000180037354     ucrtd:ucrtbased.dll
 0006:00000368       __IMPORT_DESCRIPTOR_KERNEL32 0000000180037368     kernel32:KERNEL32.dll
 0006:0000037c       __NULL_IMPORT_DESCRIPTOR   000000018003737c     vcruntimed:VCRUNTIME140D.dll
 0008:00000000       __guard_check_icall_fptr   0000000180039000     MSVCRTD:guard_support.obj
 0008:00000010       __guard_xfg_check_icall_fptr 0000000180039010     MSVCRTD:guard_support.obj
 0008:00000020       __guard_dispatch_icall_fptr 0000000180039020     MSVCRTD:guard_support.obj
 0008:00000030       __guard_xfg_dispatch_icall_fptr 0000000180039030     MSVCRTD:guard_support.obj
 0008:00000040       __guard_xfg_table_dispatch_icall_fptr 0000000180039040     MSVCRTD:guard_support.obj

 entry point at        0002:0000000f

 Static symbols

 0000:fffc4000       .debug$S                   0000000180000000     P5Engine.exp
 0000:fffc7000       _volmd                     0000000180000000     p5engine.obj
 0000:fffc7000       _volmd                     0000000180000000     p5engine.obj
 0000:fffc7000       _volmd                     0000000180000000     p5engine.obj
 0000:fffc7000       _volmd                     0000000180000000     p5engine.obj
 0000:fffc7000       _volmd                     0000000180000000     p5engine.obj
 0000:fffc7000       _volmd                     0000000180000000     p5engine.obj
 0000:fffc7000       _volmd                     0000000180000000     p5engine.obj
 0000:fffc7000       _volmd                     0000000180000000     p5engine.obj
 0000:fffc7000       _volmd                     0000000180000000     p5engine.obj
 0000:fffc7000       _volmd                     0000000180000000     p5engine.obj
 0000:fffc7000       _volmd                     0000000180000000     p5engine.obj
 0000:fffc7000       _volmd                     0000000180000000     p5engine.obj
 0000:fffc7000       _volmd                     0000000180000000     p5engine.obj
 0000:fffc7000       _volmd                     0000000180000000     p5engine.obj
 0000:fffc7000       _volmd                     0000000180000000     p5engine.obj
 0000:fffc7000       _volmd                     0000000180000000     p5engine.obj
 0000:fffc7000       _volmd                     0000000180000000     p5engine.obj
 0000:fffc7000       _volmd                     0000000180000000     p5engine.obj
 0000:fffc7000       _volmd                     0000000180000000     p5engine.obj
 0000:fffc7000       _volmd                     0000000180000000     p5engine.obj
 0000:fffc7000       _volmd                     0000000180000000     p5engine.obj
 0000:fffc7000       _volmd                     0000000180000000     p5engine.obj
 0000:fffc7000       _volmd                     0000000180000000     p5engine.obj
 0000:fffc7000       _volmd                     0000000180000000     p5engine.obj
 0000:fffc7000       _volmd                     0000000180000000     p5engine.obj
 0000:fffc7000       _volmd                     0000000180000000     p5engine.obj
 0000:fffc7000       _volmd                     0000000180000000     p5engine.obj
 0000:fffc7000       _volmd                     0000000180000000     p5engine.obj
 0000:fffc7000       _volmd                     0000000180000000     MSVCRTD:cpu_disp.obj
 0000:fffc8000       __guard_ehcont_?dllmain_dispatch@@YAHQEAUHINSTANCE__@@KQEAX@Z 0000000180000000     MSVCRTD:dll_dllmain.obj
 0000:fffc8000       __guard_fids_?dllmain_dispatch@@YAHQEAUHINSTANCE__@@KQEAX@Z 0000000180000000     MSVCRTD:dll_dllmain.obj
 0000:fffc8000       __guard_ehcont_?notify_debugger@@YAXAEBUtagEXCEPTION_VISUALCPP_DEBUG_INFO@@@Z 0000000180000000     MSVCRTD:error.obj
 0000:fffc7000       _volmd                     0000000180000000     MSVCRTD:gs_report.obj
 0000:fffc7000       _volmd                     0000000180000000     MSVCRTD:gs_report.obj
 0000:fffc7000       _volmd                     0000000180000000     MSVCRTD:gs_report.obj
 0000:fffc8000       __guard_fids__             0000000180000000     MSVCRTD:guard_support.obj
 0000:fffc8000       __guard_fids__             0000000180000000     MSVCRTD:guard_support.obj
 0000:fffc8000       __guard_fids__guard_icall_checks_enforced 0000000180000000     MSVCRTD:guard_support.obj
 0000:fffc7000       _volmd                     0000000180000000     MSVCRTD:guard_support.obj
 0000:fffc7000       _volmd                     0000000180000000     MSVCRTD:guard_support.obj
 0000:fffc7000       _volmd                     0000000180000000     MSVCRTD:guard_support.obj
 0000:fffc8000       __guard_fids__CRT_RTC_INIT 0000000180000000     MSVCRTD:init.obj
 0000:fffc8000       __guard_fids__CRT_RTC_INITW 0000000180000000     MSVCRTD:init.obj
 0000:fffc8000       __guard_ehcont___scrt_is_nonwritable_in_current_image 0000000180000000     MSVCRTD:utility.obj
 0000:fffc7000       _volmd                     0000000180000000     MSVCRTD:utility.obj
 0000:fffc7000       _volmd                     0000000180000000     MSVCRTD:utility.obj
 0000:fffc7000       _volmd                     0000000180000000     MSVCRTD:utility.obj
 0000:fffc8000       __guard_fids___scrt_set_unhandled_exception_filter 0000000180000000     MSVCRTD:utility_desktop.obj
 0000:fffc7000       _volmd                     0000000180000000     MSVCRTD:utility_desktop.obj
 0000:fffc4000       .debug$S                   0000000180000000     vcruntimed:VCRUNTIME140D.dll
 0000:fffc4000       .debug$S                   0000000180000000     vcruntimed:VCRUNTIME140D.dll
 0000:fffc4000       .debug$S                   0000000180000000     vcruntimed:VCRUNTIME140D.dll
 0000:fffc4000       .debug$S                   0000000180000000     vcruntimed:VCRUNTIME140D.dll
 0000:fffc4000       .debug$S                   0000000180000000     vcruntimed:VCRUNTIME140D.dll
 0000:fffc4000       .debug$S                   0000000180000000     vcruntimed:VCRUNTIME140D.dll
 0000:fffc4000       .debug$S                   0000000180000000     vcruntimed:VCRUNTIME140D.dll
 0000:fffc4000       .debug$S                   0000000180000000     vcruntimed:VCRUNTIME140D.dll
 0000:fffc4000       .debug$S                   0000000180000000     ucrtd:ucrtbased.dll
 0000:fffc4000       .debug$S                   0000000180000000     ucrtd:ucrtbased.dll
 0000:fffc4000       .debug$S                   0000000180000000     ucrtd:ucrtbased.dll
 0000:fffc4000       .debug$S                   0000000180000000     ucrtd:ucrtbased.dll
 0000:fffc4000       .debug$S                   0000000180000000     ucrtd:ucrtbased.dll
 0000:fffc4000       .debug$S                   0000000180000000     ucrtd:ucrtbased.dll
 0000:fffc4000       .debug$S                   0000000180000000     ucrtd:ucrtbased.dll
 0000:fffc4000       .debug$S                   0000000180000000     ucrtd:ucrtbased.dll
 0000:fffc4000       .debug$S                   0000000180000000     ucrtd:ucrtbased.dll
 0000:fffc4000       .debug$S                   0000000180000000     ucrtd:ucrtbased.dll
 0000:fffc4000       .debug$S                   0000000180000000     ucrtd:ucrtbased.dll
 0000:fffc4000       .debug$S                   0000000180000000     ucrtd:ucrtbased.dll
 0000:fffc4000       .debug$S                   0000000180000000     ucrtd:ucrtbased.dll
 0000:fffc4000       .debug$S                   0000000180000000     ucrtd:ucrtbased.dll
 0000:fffc4000       .debug$S                   0000000180000000     ucrtd:ucrtbased.dll
 0000:fffc4000       .debug$S                   0000000180000000     ucrtd:ucrtbased.dll
 0000:fffc4000       .debug$S                   0000000180000000     ucrtd:ucrtbased.dll
 0000:fffc4000       .debug$S                   0000000180000000     ucrtd:ucrtbased.dll
 0000:fffc4000       .debug$S                   0000000180000000     ucrtd:ucrtbased.dll
 0000:fffc4000       .debug$S                   0000000180000000     ucrtd:ucrtbased.dll
 0000:fffc4000       .debug$S                   0000000180000000     ucrtd:ucrtbased.dll
 0000:fffc4000       .debug$S                   0000000180000000     ucrtd:ucrtbased.dll
 0000:fffc4000       .debug$S                   0000000180000000     ucrtd:ucrtbased.dll
 0000:fffc4000       .debug$S                   0000000180000000     ucrtd:ucrtbased.dll
 0000:fffc4000       .debug$S                   0000000180000000     ucrtd:ucrtbased.dll
 0000:fffc4000       .debug$S                   0000000180000000     kernel32:KERNEL32.dll
 0000:fffc4000       .debug$S                   0000000180000000     kernel32:KERNEL32.dll
 0000:fffc4000       .debug$S                   0000000180000000     kernel32:KERNEL32.dll
 0000:fffc4000       .debug$S                   0000000180000000     kernel32:KERNEL32.dll
 0000:fffc4000       .debug$S                   0000000180000000     kernel32:KERNEL32.dll
 0000:fffc4000       .debug$S                   0000000180000000     kernel32:KERNEL32.dll
 0000:fffc4000       .debug$S                   0000000180000000     kernel32:KERNEL32.dll
 0000:fffc4000       .debug$S                   0000000180000000     kernel32:KERNEL32.dll
 0000:fffc4000       .debug$S                   0000000180000000     kernel32:KERNEL32.dll
 0000:fffc4000       .debug$S                   0000000180000000     kernel32:KERNEL32.dll
 0000:fffc4000       .debug$S                   0000000180000000     kernel32:KERNEL32.dll
 0000:fffc4000       .debug$S                   0000000180000000     kernel32:KERNEL32.dll
 0000:fffc4000       .debug$S                   0000000180000000     kernel32:KERNEL32.dll
 0000:fffc4000       .debug$S                   0000000180000000     kernel32:KERNEL32.dll
 0000:fffc4000       .debug$S                   0000000180000000     kernel32:KERNEL32.dll
 0000:fffc4000       .debug$S                   0000000180000000     kernel32:KERNEL32.dll
 0000:fffc4000       .debug$S                   0000000180000000     kernel32:KERNEL32.dll
 0000:fffc4000       .debug$S                   0000000180000000     kernel32:KERNEL32.dll
 0000:fffc4000       .debug$S                   0000000180000000     kernel32:KERNEL32.dll
 0000:fffc4000       .debug$S                   0000000180000000     kernel32:KERNEL32.dll
 0000:fffc4000       .debug$S                   0000000180000000     kernel32:KERNEL32.dll
 0000:fffc4000       .debug$S                   0000000180000000     kernel32:KERNEL32.dll
 0000:fffc4000       .debug$S                   0000000180000000     kernel32:KERNEL32.dll
 0000:fffc4000       .debug$S                   0000000180000000     kernel32:KERNEL32.dll
 0000:fffc4000       .debug$S                   0000000180000000     kernel32:KERNEL32.dll
 0000:fffc4000       .debug$S                   0000000180000000     kernel32:KERNEL32.dll
 0000:fffc4000       .debug$S                   0000000180000000     kernel32:KERNEL32.dll
 0002:00001480       ?AddCollisionRule@@YAXPEAUgame_state@@IIH@Z 0000000180012480 f   p5engine.obj
 0002:00001680       ?AddEntity@@YAPEAUsim_entity@@PEAUgame_state@@PEAUsim_region@@IPEAUlow_entity@@PEATv3@@@Z 0000000180012680 f   p5engine.obj
 0002:00001820       ?AddEntityRaw@@YAPEAUsim_entity@@PEAUgame_state@@PEAUsim_region@@IPEAUlow_entity@@@Z 0000000180012820 f   p5engine.obj
 0002:00001a30       ?AddFamiliar@@YA?AUadd_low_entity_result@@PEAUgame_state@@III@Z 0000000180012a30 f   p5engine.obj
 0002:00001c80       ?AddGroundedEntity@@YA?AUadd_low_entity_result@@PEAUgame_state@@W4entity_type@@Uworld_position@@PEAUsim_entity_collision_volume_group@@@Z 0000000180012c80 f   p5engine.obj
 0002:00001da0       ?AddLowEntity@@YA?AUadd_low_entity_result@@PEAUgame_state@@W4entity_type@@Uworld_position@@@Z 0000000180012da0 f   p5engine.obj
 0002:00002020       ?AddMonstar@@YA?AUadd_low_entity_result@@PEAUgame_state@@III@Z 0000000180013020 f   p5engine.obj
 0002:00002220       ?AddPlayer@@YA?AUadd_low_entity_result@@PEAUgame_state@@@Z 0000000180013220 f   p5engine.obj
 0002:000025f0       ?AddStairs@@YA?AUadd_low_entity_result@@PEAUgame_state@@III@Z 00000001800135f0 f   p5engine.obj
 0002:00002820       ?AddStandardRoom@@YA?AUadd_low_entity_result@@PEAUgame_state@@III@Z 0000000180013820 f   p5engine.obj
 0002:00002a10       ?AddSword@@YA?AUadd_low_entity_result@@PEAUgame_state@@@Z 0000000180013a10 f   p5engine.obj
 0002:00002b70       ?AddWall@@YA?AUadd_low_entity_result@@PEAUgame_state@@III@Z 0000000180013b70 f   p5engine.obj
 0002:00002ec0       ?BeginSim@@YAPEAUsim_region@@PEAUmemory_arena@@PEAUgame_state@@PEAUworld@@Uworld_position@@Urectangle3@@M@Z 0000000180013ec0 f   p5engine.obj
 0002:000036e0       ?CanCollide@@YAHPEAUgame_state@@PEAUsim_entity@@1@Z 00000001800146e0 f   p5engine.obj
 0002:00003890       ?CanOverlap@@YAHPEAUgame_state@@PEAUsim_entity@@1@Z 0000000180014890 f   p5engine.obj
 0002:00003910       ?ChangeEntityLocation@@YAXPEAUmemory_arena@@PEAUworld@@IPEAUlow_entity@@Uworld_position@@@Z 0000000180014910 f   p5engine.obj
 0002:00004530       ?ClearCollisionRulesFor@@YAXPEAUgame_state@@I@Z 0000000180015530 f   p5engine.obj
 0002:000046c0       ?DEBUGLoadBMP@@YA?AUloaded_bitmap@@PEAUthread_context@@P6A?AUdebug_read_file_result@@0PEAD@Z1@Z 00000001800156c0 f   p5engine.obj
 0002:00004c60       ?DrawBitmap@@YAXPEAUgame_offscreen_buffer@@PEAUloaded_bitmap@@MMM@Z 0000000180015c60 f   p5engine.obj
 0002:000050c0       ?SpeculativeCollide@@YAHPEAUsim_entity@@0@Z 00000001800160c0 f   p5engine.obj
 0002:000051e0       ?DrawHitpoints@@YAXPEAUsim_entity@@PEAUentity_visible_piece_group@@@Z 00000001800161e0 f   p5engine.obj
 0002:000054e0       ?DrawRectangle@@YAXPEAUgame_offscreen_buffer@@Tv2@@1MMM@Z 00000001800164e0 f   p5engine.obj
 0002:00005780       ?EndSim@@YAXPEAUsim_region@@PEAUgame_state@@@Z 0000000180016780 f   p5engine.obj
 0002:00005e50       ?GameOutputSound@@YAXPEAUgame_state@@PEAUgame_sound_output_buffer@@H@Z 0000000180016e50 f   p5engine.obj
 0002:00006140       ?GetHashFromStorageIndex@@YAPEAUsim_entity_hash@@PEAUsim_region@@I@Z 0000000180017140 f   p5engine.obj
 0002:00006b20       ?HandleCollision@@YAHPEAUgame_state@@PEAUsim_entity@@1@Z 0000000180017b20 f   p5engine.obj
 0002:00006c50       ?HandleOverlap@@YAXPEAUgame_state@@PEAUsim_entity@@1MPEAM@Z 0000000180017c50 f   p5engine.obj
 0002:00006d90       ?InitHitPoints@@YAXPEAUlow_entity@@I@Z 0000000180017d90 f   p5engine.obj
 0002:00006ed0       ?InitializeWorld@@YAXPEAUworld@@MM@Z 0000000180017ed0 f   p5engine.obj
 0002:00007850       ?MakeNullCollision@@YAPEAUsim_entity_collision_volume_group@@PEAUgame_state@@@Z 0000000180018850 f   p5engine.obj
 0002:00007970       ?MakeSimpleGroundedCollision@@YAPEAUsim_entity_collision_volume_group@@PEAUgame_state@@MMM@Z 0000000180018970 f   p5engine.obj
 0002:00007c90       ?MoveEntity@@YAXPEAUgame_state@@PEAUsim_region@@PEAUsim_entity@@MPEAUmove_spec@@Tv3@@@Z 0000000180018c90 f   p5engine.obj
 0002:00009620       ?TestWall@@YAHMMMMMPEAMMM@Z 000000018001a620 f   p5engine.obj
 0002:0000a410       ?Subtract@@YA?ATv3@@PEAUworld@@PEAUworld_position@@1@Z 000000018001b410 f   p5engine.obj
 0002:0000dbd0       $LN110                     000000018001ebd0     p5engine.obj
 0002:0000eb10       $$000000                   000000018001fb10     MSVCRTD:chkstk.obj
 0002:0000eb90       $$000000                   000000018001fb90     MSVCRTD:amdsecgs.obj
 0002:0000ebd0       ?dllmain_crt_dispatch@@YAHQEAUHINSTANCE__@@KQEAX@Z 000000018001fbd0 f   MSVCRTD:dll_dllmain.obj
 0002:0000ec80       ?dllmain_crt_process_attach@@YAHQEAUHINSTANCE__@@QEAX@Z 000000018001fc80 f   MSVCRTD:dll_dllmain.obj
 0002:0000ee10       ?dllmain_crt_process_detach@@YAH_N@Z 000000018001fe10 f   MSVCRTD:dll_dllmain.obj
 0002:0000eed0       ?dllmain_dispatch@@YAHQEAUHINSTANCE__@@KQEAX@Z 000000018001fed0 f   MSVCRTD:dll_dllmain.obj
 0002:0000f060       ?dllmain_raw@@YAHQEAUHINSTANCE__@@KQEAX@Z 0000000180020060 f   MSVCRTD:dll_dllmain.obj
 0002:0000f160       ?DebuggerProbe@@YA_NK@Z    0000000180020160 f   MSVCRTD:error.obj
 0002:0000f1b0       ?DebuggerRuntime@@YA_NKHPEAXPEB_W@Z 00000001800201b0 f   MSVCRTD:error.obj
 0002:0000f540       ?_getMemBlockDataString@@YAXPEAD0PEBD_K@Z 0000000180020540 f   MSVCRTD:error.obj
 0002:0000f620       ?_strlen_priv@@YA_KPEBD@Z  0000000180020620 f   MSVCRTD:error.obj
 0002:0000f640       ?failwithmessage@@YAXPEAXHHPEBD@Z 0000000180020640 f   MSVCRTD:error.obj
 0002:0000f940       ?notify_debugger@@YAXAEBUtagEXCEPTION_VISUALCPP_DEBUG_INFO@@@Z 0000000180020940 f   MSVCRTD:error.obj
 0002:0000ffa0       capture_current_context    0000000180020fa0 f   MSVCRTD:gs_report.obj
 0002:00010060       capture_previous_context   0000000180021060 f   MSVCRTD:gs_report.obj
 0002:00010140       __get_entropy              0000000180021140 f   MSVCRTD:gs_support.obj
 0002:000103f0       ?find_pe_section@@YAPEAU_IMAGE_SECTION_HEADER@@QEAE_K@Z 00000001800213f0 f   MSVCRTD:utility.obj
 0002:00010510       ?is_potentially_valid_image_base@@YA_NQEAX@Z 0000000180021510 f   MSVCRTD:utility.obj
 0002:000112b0       __castguard_compat_check   00000001800222b0 f   MSVCRTD:guard_support.obj
 0002:00011490       __castguard_slow_path_compat_check 0000000180022490 f   MSVCRTD:guard_support.obj
 0002:00011580       ?GetPdbDll@@YAPEAUHINSTANCE__@@XZ 0000000180022580 f   MSVCRTD:pdblkup.obj
 0002:00011720       ?GetPdbDllFromInstallPath@@YAPEAUHINSTANCE__@@XZ 0000000180022720 f   MSVCRTD:pdblkup.obj
 0002:00011a80       ?GetPdbDllPathFromFilePath@@YAHPEB_WPEA_W_K@Z 0000000180022a80 f   MSVCRTD:pdblkup.obj
 0002:00013be0       $$000000                   0000000180024be0     MSVCRTD:guard_dispatch.obj
 0002:00013c00       $$000000                   0000000180024c00     MSVCRTD:guard_xfg_dispatch.obj
 0002:00014c20       ?fin$0@?0??dllmain_crt_process_attach@@YAHQEAUHINSTANCE__@@QEAX@Z@4HA 0000000180025c20 f   MSVCRTD:dll_dllmain.obj
 0002:00014c40       ?fin$0@?0??dllmain_crt_process_detach@@YAH_N@Z@4HA 0000000180025c40 f   MSVCRTD:dll_dllmain.obj
 0002:00014c5a       ?fin$1@?0??dllmain_crt_process_detach@@YAH_N@Z@4HA 0000000180025c5a f   MSVCRTD:dll_dllmain.obj
 0002:00014c80       ?filt$0@?0??dllmain_dispatch@@YAHQEAUHINSTANCE__@@KQEAX@Z@4HA 0000000180025c80 f   MSVCRTD:dll_dllmain.obj
 0002:00014ce0       ?filt$0@?0??notify_debugger@@YAXAEBUtagEXCEPTION_VISUALCPP_DEBUG_INFO@@@Z@4HA 0000000180025ce0 f   MSVCRTD:error.obj
 0002:00014d10       __scrt_is_nonwritable_in_current_image$filt$0 0000000180025d10 f   MSVCRTD:utility.obj
 0003:00000880       ?FindLeastSignificantSetBit@@YA?AUbit_scan_result@@I@Z$rtcName$0 0000000180027880     p5engine.obj
 0003:00000890       ?FindLeastSignificantSetBit@@YA?AUbit_scan_result@@I@Z$rtcVarDesc 0000000180027890     p5engine.obj
 0003:000008d0       ?FindLeastSignificantSetBit@@YA?AUbit_scan_result@@I@Z$rtcFrameData 00000001800278d0     p5engine.obj
 0003:00000900       ?V2@@YA?ATv2@@MM@Z$rtcName$0 0000000180027900     p5engine.obj
 0003:00000910       ?V2@@YA?ATv2@@MM@Z$rtcVarDesc 0000000180027910     p5engine.obj
 0003:00000950       ?V2@@YA?ATv2@@MM@Z$rtcFrameData 0000000180027950     p5engine.obj
 0003:00000980       ??D@YA?ATv2@@MT0@@Z$rtcName$0 0000000180027980     p5engine.obj
 0003:00000990       ??D@YA?ATv2@@MT0@@Z$rtcVarDesc 0000000180027990     p5engine.obj
 0003:000009d0       ??D@YA?ATv2@@MT0@@Z$rtcFrameData 00000001800279d0     p5engine.obj
 0003:00000a00       ??H@YA?ATv2@@T0@0@Z$rtcName$0 0000000180027a00     p5engine.obj
 0003:00000a10       ??H@YA?ATv2@@T0@0@Z$rtcVarDesc 0000000180027a10     p5engine.obj
 0003:00000a50       ??H@YA?ATv2@@T0@0@Z$rtcFrameData 0000000180027a50     p5engine.obj
 0003:00000a80       ??G@YA?ATv2@@T0@0@Z$rtcName$0 0000000180027a80     p5engine.obj
 0003:00000a90       ??G@YA?ATv2@@T0@0@Z$rtcVarDesc 0000000180027a90     p5engine.obj
 0003:00000ad0       ??G@YA?ATv2@@T0@0@Z$rtcFrameData 0000000180027ad0     p5engine.obj
 0003:00000b00       ?Clamp01@@YA?ATv2@@T1@@Z$rtcName$0 0000000180027b00     p5engine.obj
 0003:00000b10       ?Clamp01@@YA?ATv2@@T1@@Z$rtcVarDesc 0000000180027b10     p5engine.obj
 0003:00000b50       ?Clamp01@@YA?ATv2@@T1@@Z$rtcFrameData 0000000180027b50     p5engine.obj
 0003:00000b80       ?V3@@YA?ATv3@@MMM@Z$rtcName$0 0000000180027b80     p5engine.obj
 0003:00000b90       ?V3@@YA?ATv3@@MMM@Z$rtcVarDesc 0000000180027b90     p5engine.obj
 0003:00000bd0       ?V3@@YA?ATv3@@MMM@Z$rtcFrameData 0000000180027bd0     p5engine.obj
 0003:00000c00       ??D@YA?ATv3@@MT0@@Z$rtcName$0 0000000180027c00     p5engine.obj
 0003:00000c10       ??D@YA?ATv3@@MT0@@Z$rtcVarDesc 0000000180027c10     p5engine.obj
 0003:00000c50       ??D@YA?ATv3@@MT0@@Z$rtcFrameData 0000000180027c50     p5engine.obj
 0003:00000c80       ??D@YA?ATv3@@T0@M@Z$rtcName$0 0000000180027c80     p5engine.obj
 0003:00000c90       ??D@YA?ATv3@@T0@M@Z$rtcVarDesc 0000000180027c90     p5engine.obj
 0003:00000cd0       ??D@YA?ATv3@@T0@M@Z$rtcFrameData 0000000180027cd0     p5engine.obj
 0003:00000d00       ??H@YA?ATv3@@T0@0@Z$rtcName$0 0000000180027d00     p5engine.obj
 0003:00000d10       ??H@YA?ATv3@@T0@0@Z$rtcVarDesc 0000000180027d10     p5engine.obj
 0003:00000d50       ??H@YA?ATv3@@T0@0@Z$rtcFrameData 0000000180027d50     p5engine.obj
 0003:00000d80       ??G@YA?ATv3@@T0@0@Z$rtcName$0 0000000180027d80     p5engine.obj
 0003:00000d90       ??G@YA?ATv3@@T0@0@Z$rtcVarDesc 0000000180027d90     p5engine.obj
 0003:00000dd0       ??G@YA?ATv3@@T0@0@Z$rtcFrameData 0000000180027dd0     p5engine.obj
 0003:00000e00       ?Hadamard@@YA?ATv3@@T1@0@Z$rtcName$0 0000000180027e00     p5engine.obj
 0003:00000e10       ?Hadamard@@YA?ATv3@@T1@0@Z$rtcVarDesc 0000000180027e10     p5engine.obj
 0003:00000e50       ?Hadamard@@YA?ATv3@@T1@0@Z$rtcFrameData 0000000180027e50     p5engine.obj
 0003:00000e80       ?V4@@YA?ATv4@@MMMM@Z$rtcName$0 0000000180027e80     p5engine.obj
 0003:00000e90       ?V4@@YA?ATv4@@MMMM@Z$rtcVarDesc 0000000180027e90     p5engine.obj
 0003:00000ed0       ?V4@@YA?ATv4@@MMMM@Z$rtcFrameData 0000000180027ed0     p5engine.obj
 0003:00000f00       ?RectCenterHalfDim@@YA?AUrectangle2@@Tv2@@0@Z$rtcName$0 0000000180027f00     p5engine.obj
 0003:00000f10       ?RectCenterHalfDim@@YA?AUrectangle2@@Tv2@@0@Z$rtcVarDesc 0000000180027f10     p5engine.obj
 0003:00000f50       ?RectCenterHalfDim@@YA?AUrectangle2@@Tv2@@0@Z$rtcFrameData 0000000180027f50     p5engine.obj
 0003:00000f80       ?RectCenterDim@@YA?AUrectangle2@@Tv2@@0@Z$rtcName$0 0000000180027f80     p5engine.obj
 0003:00000f90       ?RectCenterDim@@YA?AUrectangle2@@Tv2@@0@Z$rtcVarDesc 0000000180027f90     p5engine.obj
 0003:00000fd0       ?RectCenterDim@@YA?AUrectangle2@@Tv2@@0@Z$rtcFrameData 0000000180027fd0     p5engine.obj
 0003:00001000       ?GetBarycentric@@YA?ATv2@@Urectangle2@@T1@@Z$rtcName$0 0000000180028000     p5engine.obj
 0003:00001010       ?GetBarycentric@@YA?ATv2@@Urectangle2@@T1@@Z$rtcVarDesc 0000000180028010     p5engine.obj
 0003:00001050       ?GetBarycentric@@YA?ATv2@@Urectangle2@@T1@@Z$rtcFrameData 0000000180028050     p5engine.obj
 0003:00001080       ?GetMinCorner@@YA?ATv3@@Urectangle3@@@Z$rtcName$0 0000000180028080     p5engine.obj
 0003:00001090       ?GetMinCorner@@YA?ATv3@@Urectangle3@@@Z$rtcVarDesc 0000000180028090     p5engine.obj
 0003:000010d0       ?GetMinCorner@@YA?ATv3@@Urectangle3@@@Z$rtcFrameData 00000001800280d0     p5engine.obj
 0003:00001100       ?GetMaxCorner@@YA?ATv3@@Urectangle3@@@Z$rtcName$0 0000000180028100     p5engine.obj
 0003:00001110       ?GetMaxCorner@@YA?ATv3@@Urectangle3@@@Z$rtcVarDesc 0000000180028110     p5engine.obj
 0003:00001150       ?GetMaxCorner@@YA?ATv3@@Urectangle3@@@Z$rtcFrameData 0000000180028150     p5engine.obj
 0003:00001180       ?RectCenterHalfDim@@YA?AUrectangle3@@Tv3@@0@Z$rtcName$0 0000000180028180     p5engine.obj
 0003:00001190       ?RectCenterHalfDim@@YA?AUrectangle3@@Tv3@@0@Z$rtcVarDesc 0000000180028190     p5engine.obj
 0003:000011d0       ?RectCenterHalfDim@@YA?AUrectangle3@@Tv3@@0@Z$rtcFrameData 00000001800281d0     p5engine.obj
 0003:00001200       ?AddRadiusTo@@YA?AUrectangle3@@U1@Tv3@@@Z$rtcName$0 0000000180028200     p5engine.obj
 0003:00001210       ?AddRadiusTo@@YA?AUrectangle3@@U1@Tv3@@@Z$rtcVarDesc 0000000180028210     p5engine.obj
 0003:00001250       ?AddRadiusTo@@YA?AUrectangle3@@U1@Tv3@@@Z$rtcFrameData 0000000180028250     p5engine.obj
 0003:00001280       ?RectCenterDim@@YA?AUrectangle3@@Tv3@@0@Z$rtcName$0 0000000180028280     p5engine.obj
 0003:00001290       ?RectCenterDim@@YA?AUrectangle3@@Tv3@@0@Z$rtcVarDesc 0000000180028290     p5engine.obj
 0003:000012d0       ?RectCenterDim@@YA?AUrectangle3@@Tv3@@0@Z$rtcFrameData 00000001800282d0     p5engine.obj
 0003:00001300       ?GetEntityGroundPoint@@YA?ATv3@@PEAUsim_entity@@@Z$rtcName$0 0000000180028300     p5engine.obj
 0003:00001310       ?GetEntityGroundPoint@@YA?ATv3@@PEAUsim_entity@@@Z$rtcVarDesc 0000000180028310     p5engine.obj
 0003:00001350       ?GetEntityGroundPoint@@YA?ATv3@@PEAUsim_entity@@@Z$rtcFrameData 0000000180028350     p5engine.obj
 0003:00001380       ?GetStairGround@@YAMPEAUsim_entity@@Tv3@@@Z$rtcName$0 0000000180028380     p5engine.obj
 0003:0000138c       ?GetStairGround@@YAMPEAUsim_entity@@Tv3@@@Z$rtcName$1 000000018002838c     p5engine.obj
 0003:000013a0       ?GetStairGround@@YAMPEAUsim_entity@@Tv3@@@Z$rtcVarDesc 00000001800283a0     p5engine.obj
 0003:00001420       ?GetStairGround@@YAMPEAUsim_entity@@Tv3@@@Z$rtcFrameData 0000000180028420     p5engine.obj
 0003:00001460       ?NullPosition@@YA?AUworld_position@@XZ$rtcName$0 0000000180028460     p5engine.obj
 0003:00001470       ?NullPosition@@YA?AUworld_position@@XZ$rtcVarDesc 0000000180028470     p5engine.obj
 0003:000014b0       ?NullPosition@@YA?AUworld_position@@XZ$rtcFrameData 00000001800284b0     p5engine.obj
 0003:000014e0       ?MapIntoChunkSpace@@YA?AUworld_position@@PEAUworld@@U1@Tv3@@@Z$rtcName$0 00000001800284e0     p5engine.obj
 0003:000014f0       ?MapIntoChunkSpace@@YA?AUworld_position@@PEAUworld@@U1@Tv3@@@Z$rtcVarDesc 00000001800284f0     p5engine.obj
 0003:00001530       ?MapIntoChunkSpace@@YA?AUworld_position@@PEAUworld@@U1@Tv3@@@Z$rtcFrameData 0000000180028530     p5engine.obj
 0003:00001560       ?ChunkPositionFromTilePosition@@YA?AUworld_position@@PEAUworld@@HHHTv3@@@Z$rtcName$0 0000000180028560     p5engine.obj
 0003:00001568       ?ChunkPositionFromTilePosition@@YA?AUworld_position@@PEAUworld@@HHHTv3@@@Z$rtcName$1 0000000180028568     p5engine.obj
 0003:00001570       ?ChunkPositionFromTilePosition@@YA?AUworld_position@@PEAUworld@@HHHTv3@@@Z$rtcName$2 0000000180028570     p5engine.obj
 0003:00001578       ?ChunkPositionFromTilePosition@@YA?AUworld_position@@PEAUworld@@HHHTv3@@@Z$rtcName$3 0000000180028578     p5engine.obj
 0003:00001580       ?ChunkPositionFromTilePosition@@YA?AUworld_position@@PEAUworld@@HHHTv3@@@Z$rtcVarDesc 0000000180028580     p5engine.obj
 0003:00001680       ?ChunkPositionFromTilePosition@@YA?AUworld_position@@PEAUworld@@HHHTv3@@@Z$rtcFrameData 0000000180028680     p5engine.obj
 0003:000016d0       ?Subtract@@YA?ATv3@@PEAUworld@@PEAUworld_position@@1@Z$rtcName$0 00000001800286d0     p5engine.obj
 0003:000016d8       ?Subtract@@YA?ATv3@@PEAUworld@@PEAUworld_position@@1@Z$rtcName$1 00000001800286d8     p5engine.obj
 0003:000016e0       ?Subtract@@YA?ATv3@@PEAUworld@@PEAUworld_position@@1@Z$rtcVarDesc 00000001800286e0     p5engine.obj
 0003:00001760       ?Subtract@@YA?ATv3@@PEAUworld@@PEAUworld_position@@1@Z$rtcFrameData 0000000180028760     p5engine.obj
 0003:00001790       ?GetSimSpacePos@@YA?ATv3@@PEAUsim_region@@PEAUlow_entity@@@Z$rtcName$0 0000000180028790     p5engine.obj
 0003:000017a0       ?GetSimSpacePos@@YA?ATv3@@PEAUsim_region@@PEAUlow_entity@@@Z$rtcVarDesc 00000001800287a0     p5engine.obj
 0003:000017e0       ?GetSimSpacePos@@YA?ATv3@@PEAUsim_region@@PEAUlow_entity@@@Z$rtcFrameData 00000001800287e0     p5engine.obj
 0003:00001810       ?LoadEntityReference@@YAXPEAUgame_state@@PEAUsim_region@@PEATentity_reference@@@Z$rtcName$0 0000000180028810     p5engine.obj
 0003:00001820       ?LoadEntityReference@@YAXPEAUgame_state@@PEAUsim_region@@PEATentity_reference@@@Z$rtcVarDesc 0000000180028820     p5engine.obj
 0003:00001860       ?LoadEntityReference@@YAXPEAUgame_state@@PEAUsim_region@@PEATentity_reference@@@Z$rtcFrameData 0000000180028860     p5engine.obj
 0003:00001890       ?EntityOverlapsRectangle@@YAHTv3@@Usim_entity_collision_volume@@Urectangle3@@@Z$rtcName$0 0000000180028890     p5engine.obj
 0003:000018a0       ?EntityOverlapsRectangle@@YAHTv3@@Usim_entity_collision_volume@@Urectangle3@@@Z$rtcVarDesc 00000001800288a0     p5engine.obj
 0003:000018e0       ?EntityOverlapsRectangle@@YAHTv3@@Usim_entity_collision_volume@@Urectangle3@@@Z$rtcFrameData 00000001800288e0     p5engine.obj
 0003:00001910       ?BeginSim@@YAPEAUsim_region@@PEAUmemory_arena@@PEAUgame_state@@PEAUworld@@Uworld_position@@Urectangle3@@M@Z$rtcName$0 0000000180028910     p5engine.obj
 0003:00001920       ?BeginSim@@YAPEAUsim_region@@PEAUmemory_arena@@PEAUgame_state@@PEAUworld@@Uworld_position@@Urectangle3@@M@Z$rtcName$1 0000000180028920     p5engine.obj
 0003:00001930       ?BeginSim@@YAPEAUsim_region@@PEAUmemory_arena@@PEAUgame_state@@PEAUworld@@Uworld_position@@Urectangle3@@M@Z$rtcName$2 0000000180028930     p5engine.obj
 0003:00001940       ?BeginSim@@YAPEAUsim_region@@PEAUmemory_arena@@PEAUgame_state@@PEAUworld@@Uworld_position@@Urectangle3@@M@Z$rtcVarDesc 0000000180028940     p5engine.obj
 0003:00001a00       ?BeginSim@@YAPEAUsim_region@@PEAUmemory_arena@@PEAUgame_state@@PEAUworld@@Uworld_position@@Urectangle3@@M@Z$rtcFrameData 0000000180028a00     p5engine.obj
 0003:00001a50       ?EndSim@@YAXPEAUsim_region@@PEAUgame_state@@@Z$rtcName$0 0000000180028a50     p5engine.obj
 0003:00001a58       ?EndSim@@YAXPEAUsim_region@@PEAUgame_state@@@Z$rtcName$1 0000000180028a58     p5engine.obj
 0003:00001a70       ?EndSim@@YAXPEAUsim_region@@PEAUgame_state@@@Z$rtcVarDesc 0000000180028a70     p5engine.obj
 0003:00001af0       ?EndSim@@YAXPEAUsim_region@@PEAUgame_state@@@Z$rtcFrameData 0000000180028af0     p5engine.obj
 0003:00001b30       ?SpeculativeCollide@@YAHPEAUsim_entity@@0@Z$rtcName$0 0000000180028b30     p5engine.obj
 0003:00001b50       ?SpeculativeCollide@@YAHPEAUsim_entity@@0@Z$rtcVarDesc 0000000180028b50     p5engine.obj
 0003:00001b90       ?SpeculativeCollide@@YAHPEAUsim_entity@@0@Z$rtcFrameData 0000000180028b90     p5engine.obj
 0003:00001bc0       ?MoveEntity@@YAXPEAUgame_state@@PEAUsim_region@@PEAUsim_entity@@MPEAUmove_spec@@Tv3@@@Z$rtcName$0 0000000180028bc0     p5engine.obj
 0003:00001bc8       ?MoveEntity@@YAXPEAUgame_state@@PEAUsim_region@@PEAUsim_entity@@MPEAUmove_spec@@Tv3@@@Z$rtcName$1 0000000180028bc8     p5engine.obj
 0003:00001bd4       ?MoveEntity@@YAXPEAUgame_state@@PEAUsim_region@@PEAUsim_entity@@MPEAUmove_spec@@Tv3@@@Z$rtcName$9 0000000180028bd4     p5engine.obj
 0003:00001bd8       ?MoveEntity@@YAXPEAUgame_state@@PEAUsim_region@@PEAUsim_entity@@MPEAUmove_spec@@Tv3@@@Z$rtcName$2 0000000180028bd8     p5engine.obj
 0003:00001be8       ?MoveEntity@@YAXPEAUgame_state@@PEAUsim_region@@PEAUsim_entity@@MPEAUmove_spec@@Tv3@@@Z$rtcName$3 0000000180028be8     p5engine.obj
 0003:00001bf8       ?MoveEntity@@YAXPEAUgame_state@@PEAUsim_region@@PEAUsim_entity@@MPEAUmove_spec@@Tv3@@@Z$rtcName$4 0000000180028bf8     p5engine.obj
 0003:00001c08       ?MoveEntity@@YAXPEAUgame_state@@PEAUsim_region@@PEAUsim_entity@@MPEAUmove_spec@@Tv3@@@Z$rtcName$5 0000000180028c08     p5engine.obj
 0003:00001c18       ?MoveEntity@@YAXPEAUgame_state@@PEAUsim_region@@PEAUsim_entity@@MPEAUmove_spec@@Tv3@@@Z$rtcName$6 0000000180028c18     p5engine.obj
 0003:00001c30       ?MoveEntity@@YAXPEAUgame_state@@PEAUsim_region@@PEAUsim_entity@@MPEAUmove_spec@@Tv3@@@Z$rtcName$7 0000000180028c30     p5engine.obj
 0003:00001c40       ?MoveEntity@@YAXPEAUgame_state@@PEAUsim_region@@PEAUsim_entity@@MPEAUmove_spec@@Tv3@@@Z$rtcName$8 0000000180028c40     p5engine.obj
 0003:00001c50       ?MoveEntity@@YAXPEAUgame_state@@PEAUsim_region@@PEAUsim_entity@@MPEAUmove_spec@@Tv3@@@Z$rtcName$10 0000000180028c50     p5engine.obj
 0003:00001c5c       ?MoveEntity@@YAXPEAUgame_state@@PEAUsim_region@@PEAUsim_entity@@MPEAUmove_spec@@Tv3@@@Z$rtcName$13 0000000180028c5c     p5engine.obj
 0003:00001c68       ?MoveEntity@@YAXPEAUgame_state@@PEAUsim_region@@PEAUsim_entity@@MPEAUmove_spec@@Tv3@@@Z$rtcName$11 0000000180028c68     p5engine.obj
 0003:00001c78       ?MoveEntity@@YAXPEAUgame_state@@PEAUsim_region@@PEAUsim_entity@@MPEAUmove_spec@@Tv3@@@Z$rtcName$12 0000000180028c78     p5engine.obj
 0003:00001c80       ?MoveEntity@@YAXPEAUgame_state@@PEAUsim_region@@PEAUsim_entity@@MPEAUmove_spec@@Tv3@@@Z$rtcName$14 0000000180028c80     p5engine.obj
 0003:00001c90       ?MoveEntity@@YAXPEAUgame_state@@PEAUsim_region@@PEAUsim_entity@@MPEAUmove_spec@@Tv3@@@Z$rtcName$15 0000000180028c90     p5engine.obj
 0003:00001ca0       ?MoveEntity@@YAXPEAUgame_state@@PEAUsim_region@@PEAUsim_entity@@MPEAUmove_spec@@Tv3@@@Z$rtcVarDesc 0000000180028ca0     p5engine.obj
 0003:000020a0       ?MoveEntity@@YAXPEAUgame_state@@PEAUsim_region@@PEAUsim_entity@@MPEAUmove_spec@@Tv3@@@Z$rtcFrameData 00000001800290a0     p5engine.obj
 0003:000021b0       ?DefaultMoveSpec@@YA?AUmove_spec@@XZ$rtcName$0 00000001800291b0     p5engine.obj
 0003:000021c0       ?DefaultMoveSpec@@YA?AUmove_spec@@XZ$rtcVarDesc 00000001800291c0     p5engine.obj
 0003:00002200       ?DefaultMoveSpec@@YA?AUmove_spec@@XZ$rtcFrameData 0000000180029200     p5engine.obj
 0003:00002230       ?DEBUGLoadBMP@@YA?AUloaded_bitmap@@PEAUthread_context@@P6A?AUdebug_read_file_result@@0PEAD@Z1@Z$rtcName$0 0000000180029230     p5engine.obj
 0003:00002238       ?DEBUGLoadBMP@@YA?AUloaded_bitmap@@PEAUthread_context@@P6A?AUdebug_read_file_result@@0PEAD@Z1@Z$rtcName$1 0000000180029238     p5engine.obj
 0003:00002248       ?DEBUGLoadBMP@@YA?AUloaded_bitmap@@PEAUthread_context@@P6A?AUdebug_read_file_result@@0PEAD@Z1@Z$rtcName$2 0000000180029248     p5engine.obj
 0003:00002250       ?DEBUGLoadBMP@@YA?AUloaded_bitmap@@PEAUthread_context@@P6A?AUdebug_read_file_result@@0PEAD@Z1@Z$rtcName$3 0000000180029250     p5engine.obj
 0003:00002260       ?DEBUGLoadBMP@@YA?AUloaded_bitmap@@PEAUthread_context@@P6A?AUdebug_read_file_result@@0PEAD@Z1@Z$rtcName$4 0000000180029260     p5engine.obj
[...]
 0003:00005274       $unwind$?Subtract@@YA?ATv3@@PEAUworld@@PEAUworld_position@@1@Z 000000018002c274     p5engine.obj
 0003:00005290       $unwind$?ChangeEntityLocationRaw@@YAXPEAUmemory_arena@@PEAUworld@@IPEAUworld_position@@2@Z 000000018002c290     p5engine.obj
 0003:000052a4       $unwind$?ChangeEntityLocation@@YAXPEAUmemory_arena@@PEAUworld@@IPEAUlow_entity@@Uworld_position@@@Z 000000018002c2a4     p5engine.obj
 0003:000052b8       $unwind$?GetHashFromStorageIndex@@YAPEAUsim_entity_hash@@PEAUsim_region@@I@Z 000000018002c2b8     p5engine.obj
 0003:000052cc       $unwind$?GetSimSpacePos@@YA?ATv3@@PEAUsim_region@@PEAUlow_entity@@@Z 000000018002c2cc     p5engine.obj
 0003:000052e0       $unwind$?AddEntity@@YAPEAUsim_entity@@PEAUgame_state@@PEAUsim_region@@IPEAUlow_entity@@PEATv3@@@Z 000000018002c2e0     p5engine.obj
 0003:000052f4       $unwind$?LoadEntityReference@@YAXPEAUgame_state@@PEAUsim_region@@PEATentity_reference@@@Z 000000018002c2f4     p5engine.obj
 0003:00005310       $unwind$?StoreEntityReference@@YAXPEATentity_reference@@@Z 000000018002c310     p5engine.obj
 0003:00005324       $unwind$?AddEntityRaw@@YAPEAUsim_entity@@PEAUgame_state@@PEAUsim_region@@IPEAUlow_entity@@@Z 000000018002c324     p5engine.obj
 0003:00005338       $unwind$?EntityOverlapsRectangle@@YAHTv3@@Usim_entity_collision_volume@@Urectangle3@@@Z 000000018002c338     p5engine.obj
 0003:0000534c       $unwind$?BeginSim@@YAPEAUsim_region@@PEAUmemory_arena@@PEAUgame_state@@PEAUworld@@Uworld_position@@Urectangle3@@M@Z 000000018002c34c     p5engine.obj
 0003:00005368       $unwind$?EndSim@@YAXPEAUsim_region@@PEAUgame_state@@@Z 000000018002c368     p5engine.obj
 0003:00005384       $unwind$?TestWall@@YAHMMMMMPEAMMM@Z 000000018002c384     p5engine.obj
 0003:00005398       $unwind$?CanCollide@@YAHPEAUgame_state@@PEAUsim_entity@@1@Z 000000018002c398     p5engine.obj
 0003:000053ac       $unwind$?HandleCollision@@YAHPEAUgame_state@@PEAUsim_entity@@1@Z 000000018002c3ac     p5engine.obj
 0003:000053c0       $unwind$?CanOverlap@@YAHPEAUgame_state@@PEAUsim_entity@@1@Z 000000018002c3c0     p5engine.obj
 0003:000053d4       $unwind$?HandleOverlap@@YAXPEAUgame_state@@PEAUsim_entity@@1MPEAM@Z 000000018002c3d4     p5engine.obj
 0003:000053e8       $unwind$?SpeculativeCollide@@YAHPEAUsim_entity@@0@Z 000000018002c3e8     p5engine.obj
 0003:000053fc       $unwind$?MoveEntity@@YAXPEAUgame_state@@PEAUsim_region@@PEAUsim_entity@@MPEAUmove_spec@@Tv3@@@Z 000000018002c3fc     p5engine.obj
 0003:00005418       $unwind$?DefaultMoveSpec@@YA?AUmove_spec@@XZ 000000018002c418     p5engine.obj
 0003:00005434       $unwind$?GameOutputSound@@YAXPEAUgame_state@@PEAUgame_sound_output_buffer@@H@Z 000000018002c434     p5engine.obj
 0003:00005448       $unwind$?DrawRectangle@@YAXPEAUgame_offscreen_buffer@@Tv2@@1MMM@Z 000000018002c448     p5engine.obj
 0003:0000545c       $unwind$?DrawBitmap@@YAXPEAUgame_offscreen_buffer@@PEAUloaded_bitmap@@MMM@Z 000000018002c45c     p5engine.obj
 0003:00005470       $unwind$?DEBUGLoadBMP@@YA?AUloaded_bitmap@@PEAUthread_context@@P6A?AUdebug_read_file_result@@0PEAD@Z1@Z 000000018002c470     p5engine.obj
 0003:0000548c       $unwind$?AddLowEntity@@YA?AUadd_low_entity_result@@PEAUgame_state@@W4entity_type@@Uworld_position@@@Z 000000018002c48c     p5engine.obj
 0003:000054a8       $unwind$?AddGroundedEntity@@YA?AUadd_low_entity_result@@PEAUgame_state@@W4entity_type@@Uworld_position@@PEAUsim_entity_collision_volume_group@@@Z 000000018002c4a8     p5engine.obj
 0003:000054bc       $unwind$?AddStandardRoom@@YA?AUadd_low_entity_result@@PEAUgame_state@@III@Z 000000018002c4bc     p5engine.obj
 0003:000054d0       $unwind$?AddWall@@YA?AUadd_low_entity_result@@PEAUgame_state@@III@Z 000000018002c4d0     p5engine.obj
 0003:000054e4       $unwind$?AddStairs@@YA?AUadd_low_entity_result@@PEAUgame_state@@III@Z 000000018002c4e4     p5engine.obj
 0003:000054f8       $unwind$?InitHitPoints@@YAXPEAUlow_entity@@I@Z 000000018002c4f8     p5engine.obj
 0003:0000550c       $unwind$?AddSword@@YA?AUadd_low_entity_result@@PEAUgame_state@@@Z 000000018002c50c     p5engine.obj
 0003:00005520       $unwind$?AddPlayer@@YA?AUadd_low_entity_result@@PEAUgame_state@@@Z 000000018002c520     p5engine.obj
 0003:00005534       $unwind$?AddMonstar@@YA?AUadd_low_entity_result@@PEAUgame_state@@III@Z 000000018002c534     p5engine.obj
 0003:00005548       $unwind$?AddFamiliar@@YA?AUadd_low_entity_result@@PEAUgame_state@@III@Z 000000018002c548     p5engine.obj
 0003:0000555c       $unwind$?PushPiece@@YAXPEAUentity_visible_piece_group@@PEAUloaded_bitmap@@Tv2@@2M2Tv4@@M@Z 000000018002c55c     p5engine.obj
 0003:00005570       $unwind$?PushBitmap@@YAXPEAUentity_visible_piece_group@@PEAUloaded_bitmap@@Tv2@@M2MM@Z 000000018002c570     p5engine.obj
 0003:00005584       $unwind$?PushRect@@YAXPEAUentity_visible_piece_group@@Tv2@@M1Tv4@@M@Z 000000018002c584     p5engine.obj
 0003:00005598       $unwind$?PushRectOutline@@YAXPEAUentity_visible_piece_group@@Tv2@@M1Tv4@@M@Z 000000018002c598     p5engine.obj
 0003:000055a8       $unwind$?DrawHitpoints@@YAXPEAUsim_entity@@PEAUentity_visible_piece_group@@@Z 000000018002c5a8     p5engine.obj
 0003:000055c8       $unwind$?MakeSimpleGroundedCollision@@YAPEAUsim_entity_collision_volume_group@@PEAUgame_state@@MMM@Z 000000018002c5c8     p5engine.obj
 0003:000055dc       $unwind$?MakeNullCollision@@YAPEAUsim_entity_collision_volume_group@@PEAUgame_state@@@Z 000000018002c5dc     p5engine.obj
 0003:000055ec       $unwind$GameUpdateAndRender 000000018002c5ec     p5engine.obj
 0003:0000560c       $unwind$_RTC_CheckStackVars 000000018002c60c     MSVCRTD:stack.obj
 0003:00005620       $chain$0$_RTC_CheckStackVars 000000018002c620     MSVCRTD:stack.obj
 0003:00005638       $chain$1$_RTC_CheckStackVars 000000018002c638     MSVCRTD:stack.obj
 0003:0000564c       $unwind$_RTC_CheckStackVars2 000000018002c64c     MSVCRTD:stack.obj
 0003:0000565c       $chain$1$_RTC_CheckStackVars2 000000018002c65c     MSVCRTD:stack.obj
 0003:00005678       $chain$2$_RTC_CheckStackVars2 000000018002c678     MSVCRTD:stack.obj
 0003:00005690       $chain$3$_RTC_CheckStackVars2 000000018002c690     MSVCRTD:stack.obj
 0003:000056a8       $chain$4$_RTC_CheckStackVars2 000000018002c6a8     MSVCRTD:stack.obj
 0003:000056bc       $chain$5$_RTC_CheckStackVars2 000000018002c6bc     MSVCRTD:stack.obj
 0003:000056d0       $chain$6$_RTC_CheckStackVars2 000000018002c6d0     MSVCRTD:stack.obj
 0003:000056e4       $unwind$_RTC_AllocaHelper  000000018002c6e4     MSVCRTD:stack.obj
 0003:000056ec       $chain$0$_RTC_AllocaHelper 000000018002c6ec     MSVCRTD:stack.obj
 0003:00005704       $chain$1$_RTC_AllocaHelper 000000018002c704     MSVCRTD:stack.obj
 0003:00005718       $unwind$_RTC_Shutdown      000000018002c718     MSVCRTD:init.obj
 0003:00005720       $unwind$_RTC_InitBase      000000018002c720     MSVCRTD:init.obj
 0003:00005728       $unwind$__CheckForDebuggerJustMyCode 000000018002c728     MSVCRTD:debugger_jmc.obj
 0003:00005730       $unwind$__GSHandlerCheckCommon 000000018002c730     MSVCRTD:gshandler.obj
 0003:00005738       $unwind$__GSHandlerCheck   000000018002c738     MSVCRTD:gshandler.obj
 0003:00005740       $xdatasym                  000000018002c740     MSVCRTD:chkstk.obj
 0003:00005748       $xdatasym                  000000018002c748     MSVCRTD:amdsecgs.obj
 0003:0000574c       $unwind$?dllmain_crt_process_attach@@YAHQEAUHINSTANCE__@@QEAX@Z 000000018002c74c     MSVCRTD:dll_dllmain.obj
 0003:00005770       $unwind$?fin$0@?0??dllmain_crt_process_attach@@YAHQEAUHINSTANCE__@@QEAX@Z@4HA 000000018002c770     MSVCRTD:dll_dllmain.obj
 0003:00005778       $unwind$?dllmain_crt_process_detach@@YAH_N@Z 000000018002c778     MSVCRTD:dll_dllmain.obj
 0003:000057ac       $unwind$?fin$0@?0??dllmain_crt_process_detach@@YAH_N@Z@4HA 000000018002c7ac     MSVCRTD:dll_dllmain.obj
 0003:000057b4       $unwind$?fin$1@?0??dllmain_crt_process_detach@@YAH_N@Z@4HA 000000018002c7b4     MSVCRTD:dll_dllmain.obj
 0003:000057bc       $unwind$?dllmain_crt_dispatch@@YAHQEAUHINSTANCE__@@KQEAX@Z 000000018002c7bc     MSVCRTD:dll_dllmain.obj
 0003:000057c4       $unwind$_CRT_INIT          000000018002c7c4     MSVCRTD:dll_dllmain.obj
 0003:000057cc       $unwind$?dllmain_raw@@YAHQEAUHINSTANCE__@@KQEAX@Z 000000018002c7cc     MSVCRTD:dll_dllmain.obj
 0003:000057d4       $unwind$?dllmain_dispatch@@YAHQEAUHINSTANCE__@@KQEAX@Z 000000018002c7d4     MSVCRTD:dll_dllmain.obj
 0003:000057f8       $unwind$?filt$0@?0??dllmain_dispatch@@YAHQEAUHINSTANCE__@@KQEAX@Z@4HA 000000018002c7f8     MSVCRTD:dll_dllmain.obj
 0003:00005800       $unwind$_DllMainCRTStartup 000000018002c800     MSVCRTD:dll_dllmain.obj
 0003:00005808       $unwind$_RTC_UninitUse     000000018002c808     MSVCRTD:error.obj
 0003:00005824       $unwind$?_RTC_StackFailure@@YAXPEAXPEBD@Z 000000018002c824     MSVCRTD:error.obj
 0003:00005844       $unwind$?_RTC_AllocaFailure@@YAXPEAXPEAU_RTC_ALLOCA_NODE@@H@Z 000000018002c844     MSVCRTD:error.obj
 0003:00005860       $chain$0$?_RTC_AllocaFailure@@YAXPEAXPEAU_RTC_ALLOCA_NODE@@H@Z 000000018002c860     MSVCRTD:error.obj
 0003:00005878       $chain$1$?_RTC_AllocaFailure@@YAXPEAXPEAU_RTC_ALLOCA_NODE@@H@Z 000000018002c878     MSVCRTD:error.obj
 0003:0000588c       $unwind$_vsprintf_s_l      000000018002c88c     MSVCRTD:error.obj
 0003:000058a4       $unwind$sprintf_s          000000018002c8a4     MSVCRTD:error.obj
 0003:000058ac       $unwind$?notify_debugger@@YAXAEBUtagEXCEPTION_VISUALCPP_DEBUG_INFO@@@Z 000000018002c8ac     MSVCRTD:error.obj
 0003:000058d0       $unwind$?filt$0@?0??notify_debugger@@YAXAEBUtagEXCEPTION_VISUALCPP_DEBUG_INFO@@@Z@4HA 000000018002c8d0     MSVCRTD:error.obj
 0003:000058d8       $unwind$?DebuggerProbe@@YA_NK@Z 000000018002c8d8     MSVCRTD:error.obj
 0003:000058e0       $unwind$?DebuggerRuntime@@YA_NKHPEAXPEB_W@Z 000000018002c8e0     MSVCRTD:error.obj
 0003:000058e8       $unwind$?failwithmessage@@YAXPEAXHHPEBD@Z 000000018002c8e8     MSVCRTD:error.obj
 0003:00005910       $unwind$?_getMemBlockDataString@@YAXPEAD0PEBD_K@Z 000000018002c910     MSVCRTD:error.obj
 0003:00005924       $chain$3$?_getMemBlockDataString@@YAXPEAD0PEBD_K@Z 000000018002c924     MSVCRTD:error.obj
 0003:00005948       $chain$4$?_getMemBlockDataString@@YAXPEAD0PEBD_K@Z 000000018002c948     MSVCRTD:error.obj
 0003:0000595c       $unwind$__report_securityfailure 000000018002c95c     MSVCRTD:gs_report.obj
 0003:00005964       $unwind$__report_securityfailureEx 000000018002c964     MSVCRTD:gs_report.obj
 0003:0000596c       $unwind$__report_rangecheckfailure 000000018002c96c     MSVCRTD:gs_report.obj
 0003:00005974       $unwind$__report_gsfailure 000000018002c974     MSVCRTD:gs_report.obj
 0003:0000597c       $unwind$capture_current_context 000000018002c97c     MSVCRTD:gs_report.obj
 0003:00005984       $unwind$capture_previous_context 000000018002c984     MSVCRTD:gs_report.obj
 0003:0000598c       $unwind$__raise_securityfailure 000000018002c98c     MSVCRTD:gs_report.obj
 0003:00005994       $unwind$__security_init_cookie 000000018002c994     MSVCRTD:gs_support.obj
 0003:0000599c       $unwind$__get_entropy      000000018002c99c     MSVCRTD:gs_support.obj
 0003:000059a4       $unwind$DllMain            000000018002c9a4     MSVCRTD:dll_dllmain_stub.obj
 0003:000059ac       $unwind$?__scrt_initialize_type_info@@YAXXZ 000000018002c9ac     MSVCRTD:tncleanup.obj
 0003:000059b4       $unwind$?__scrt_uninitialize_type_info@@YAXXZ 000000018002c9b4     MSVCRTD:tncleanup.obj
 0003:000059bc       $unwind$__scrt_initialize_default_local_stdio_options 000000018002c9bc     MSVCRTD:default_local_stdio_options.obj
 0003:000059c4       $unwind$atexit             000000018002c9c4     MSVCRTD:utility.obj
 0003:000059cc       $unwind$_onexit            000000018002c9cc     MSVCRTD:utility.obj
 0003:000059d4       $unwind$at_quick_exit      000000018002c9d4     MSVCRTD:utility.obj
 0003:000059dc       $unwind$__scrt_is_nonwritable_in_current_image 000000018002c9dc     MSVCRTD:utility.obj
 0003:00005a00       $unwind$__scrt_is_nonwritable_in_current_image$filt$0 000000018002ca00     MSVCRTD:utility.obj
 0003:00005a08       $unwind$__scrt_acquire_startup_lock 000000018002ca08     MSVCRTD:utility.obj
 0003:00005a10       $unwind$__scrt_release_startup_lock 000000018002ca10     MSVCRTD:utility.obj
 0003:00005a18       $unwind$__scrt_initialize_crt 000000018002ca18     MSVCRTD:utility.obj
 0003:00005a20       $unwind$__scrt_uninitialize_crt 000000018002ca20     MSVCRTD:utility.obj
 0003:00005a28       $unwind$__scrt_initialize_onexit_tables 000000018002ca28     MSVCRTD:utility.obj
 0003:00005a38       $unwind$__scrt_dllmain_exception_filter 000000018002ca38     MSVCRTD:utility.obj
 0003:00005a40       $unwind$__scrt_dllmain_before_initialize_c 000000018002ca40     MSVCRTD:utility.obj
 0003:00005a48       $unwind$__scrt_dllmain_after_initialize_c 000000018002ca48     MSVCRTD:utility.obj
 0003:00005a50       $unwind$__scrt_dllmain_uninitialize_c 000000018002ca50     MSVCRTD:utility.obj
 0003:00005a58       $unwind$__scrt_dllmain_uninitialize_critical 000000018002ca58     MSVCRTD:utility.obj
 0003:00005a60       $unwind$__scrt_dllmain_crt_thread_attach 000000018002ca60     MSVCRTD:utility.obj
 0003:00005a68       $unwind$__scrt_dllmain_crt_thread_detach 000000018002ca68     MSVCRTD:utility.obj
 0003:00005a70       $unwind$?configure_argv@__scrt_narrow_argv_policy@@SAHXZ 000000018002ca70     MSVCRTD:utility.obj
 0003:00005a78       $unwind$?initialize_environment@__scrt_narrow_environment_policy@@SAHXZ 000000018002ca78     MSVCRTD:utility.obj
 0003:00005a80       $unwind$?is_potentially_valid_image_base@@YA_NQEAX@Z 000000018002ca80     MSVCRTD:utility.obj
 0003:00005a88       $unwind$?find_pe_section@@YAPEAU_IMAGE_SECTION_HEADER@@QEAE_K@Z 000000018002ca88     MSVCRTD:utility.obj
 0003:00005a90       $unwind$__scrt_get_show_window_mode 000000018002ca90     MSVCRTD:utility_desktop.obj
 0003:00005aa0       $unwind$__scrt_is_managed_app 000000018002caa0     MSVCRTD:utility_desktop.obj
 0003:00005aa8       $unwind$__scrt_initialize_mta 000000018002caa8     MSVCRTD:utility_desktop.obj
 0003:00005ab0       $unwind$__scrt_set_unhandled_exception_filter 000000018002cab0     MSVCRTD:utility_desktop.obj
 0003:00005ab8       $unwind$__scrt_fastfail    000000018002cab8     MSVCRTD:utility_desktop.obj
 0003:00005ac8       $unwind$__scrt_unhandled_exception_filter 000000018002cac8     MSVCRTD:utility_desktop.obj
 0003:00005ad0       $unwind$_RTC_Initialize    000000018002cad0     MSVCRTD:initsect.obj
 0003:00005ae0       $unwind$_RTC_Terminate     000000018002cae0     MSVCRTD:initsect.obj
 0003:00005af0       $unwind$ReadNoFence64      000000018002caf0     MSVCRTD:guard_support.obj
 0003:00005af8       $unwind$ReadPointerNoFence 000000018002caf8     MSVCRTD:guard_support.obj
 0003:00005b00       $unwind$_guard_icall_checks_enforced 000000018002cb00     MSVCRTD:guard_support.obj
 0003:00005b08       $unwind$__castguard_compat_check 000000018002cb08     MSVCRTD:guard_support.obj
 0003:00005b10       $unwind$__castguard_check_failure_debugbreak 000000018002cb10     MSVCRTD:guard_support.obj
 0003:00005b18       $unwind$__castguard_check_failure_fastfail 000000018002cb18     MSVCRTD:guard_support.obj
 0003:00005b20       $unwind$__castguard_check_failure_os_handled 000000018002cb20     MSVCRTD:guard_support.obj
 0003:00005b28       $unwind$__castguard_slow_path_compat_check 000000018002cb28     MSVCRTD:guard_support.obj
 0003:00005b30       $unwind$__castguard_slow_path_check_debugbreak 000000018002cb30     MSVCRTD:guard_support.obj
 0003:00005b38       $unwind$__castguard_slow_path_check_fastfail 000000018002cb38     MSVCRTD:guard_support.obj
 0003:00005b40       $unwind$__castguard_slow_path_check_os_handled 000000018002cb40     MSVCRTD:guard_support.obj
 0003:00005b48       $unwind$?_RTC_GetSrcLine@@YAHPEAEPEA_WKPEAH1K@Z 000000018002cb48     MSVCRTD:pdblkup.obj
 0003:00005b64       $unwind$?GetPdbDllFromInstallPath@@YAPEAUHINSTANCE__@@XZ 000000018002cb64     MSVCRTD:pdblkup.obj
 0003:00005b8c       $unwind$?GetPdbDllPathFromFilePath@@YAHPEB_WPEA_W_K@Z 000000018002cb8c     MSVCRTD:pdblkup.obj
 0003:00005ba8       $unwind$?GetPdbDll@@YAPEAUHINSTANCE__@@XZ 000000018002cba8     MSVCRTD:pdblkup.obj
 0003:00005bbc       $unwind$__isa_available_init 000000018002cbbc     MSVCRTD:cpu_disp.obj
 0003:00005bd0       $unwind$__scrt_is_ucrt_dll_in_use 000000018002cbd0     MSVCRTD:ucrt_detection.obj
 0003:00005bd8       $xdatasym                  000000018002cbd8     MSVCRTD:guard_dispatch.obj
 0003:00005be0       $xdatasym                  000000018002cbe0     MSVCRTD:guard_xfg_dispatch.obj
 0003:00005be4       $unwind$GameGetSoundSamples 000000018002cbe4     p5engine.obj
 0003:00005e90       .edata                     000000018002ce90     P5Engine.exp
 0003:00005eb8       rgpv                       000000018002ceb8     P5Engine.exp
 0003:00005ec0       rgszName                   000000018002cec0     P5Engine.exp
 0003:00005ec8       rgwOrd                     000000018002cec8     P5Engine.exp
 0003:00005ecc       szName                     000000018002cecc     P5Engine.exp
 0003:00005ed9       $N00001                    000000018002ced9     P5Engine.exp
 0003:00005eed       $N00002                    000000018002ceed     P5Engine.exp
 0004:00000000       ?RandomNumberTable@@3PAIA  000000018002e000     p5engine.obj
 0004:00004e40       ?init@?1??_RTC_InitBase@@9@4_NA 0000000180032e40     MSVCRTD:init.obj
 0004:00004e44       ?__proc_attached@@3HA      0000000180032e44     MSVCRTD:dll_dllmain.obj
 0004:00004e58       ?_RTC_ErrorReportFunc@@3P6AHHPEBDH00ZZEA 0000000180032e58     MSVCRTD:userapi.obj
 0004:00004e60       ?_RTC_ErrorReportFuncW@@3P6AHHPEB_WH00ZZEA 0000000180032e60     MSVCRTD:userapi.obj
 0004:00004e70       GS_ExceptionRecord         0000000180032e70     MSVCRTD:gs_report.obj
 0004:00004f10       GS_ContextRecord           0000000180032f10     MSVCRTD:gs_report.obj
 0004:00005538       ?is_initialized_as_dll@@3_NA 0000000180033538     MSVCRTD:utility.obj
 0004:00005539       ?module_local_atexit_table_initialized@@3_NA 0000000180033539     MSVCRTD:utility.obj
 0004:00005540       ?module_local_atexit_table@@3U_onexit_table_t@@A 0000000180033540     MSVCRTD:utility.obj
 0004:00005558       ?module_local_at_quick_exit_table@@3U_onexit_table_t@@A 0000000180033558     MSVCRTD:utility.obj
 0004:00005598       ?mspdb@@3PEAUHINSTANCE__@@EA 0000000180033598     MSVCRTD:pdblkup.obj
 0004:000055a1       ?alreadyTried@?1??GetPdbDll@@YAPEAUHINSTANCE__@@XZ@4_NA 00000001800335a1     MSVCRTD:pdblkup.obj
 0004:000055a2       ?PDBOK@?1??_RTC_GetSrcLine@@YAHPEAEPEA_WKPEAH1K@Z@4_NA 00000001800335a2     MSVCRTD:pdblkup.obj
 0006:000007aa       .idata$6                   00000001800377aa     vcruntimed:VCRUNTIME140D.dll
 0006:0000095a       .idata$6                   000000018003795a     ucrtd:ucrtbased.dll
 0006:00000b9c       .idata$6                   0000000180037b9c     kernel32:KERNEL32.dll
 0007:00000000       __5C0B09BC_p5engine_platform@h 0000000180038000     p5engine.obj
 0007:00000001       __09340588_corecrt_math@h  0000000180038001     p5engine.obj
 0007:00000002       __B0C4CEA9_malloc@h        0000000180038002     p5engine.obj
 0007:00000003       __3A0418DB_p5engine_intrinsics@h 0000000180038003     p5engine.obj
 0007:00000004       __6D6C9F34_p5engine_math@h 0000000180038004     p5engine.obj
 0007:00000005       __326D9465_p5engine_entity@h 0000000180038005     p5engine.obj
 0007:00000006       __B7D51BCB_p5engine@h      0000000180038006     p5engine.obj
 0007:00000007       __DC0D61CC_p5engine_world@cpp 0000000180038007     p5engine.obj
 0007:00000008       __5DD8E4E4_p5engine_sim_region@cpp 0000000180038008     p5engine.obj
 0007:00000009       __9C871DF9_p5engine_entity@cpp 0000000180038009     p5engine.obj
 0007:0000000a       __D1049797_p5engine@cpp    000000018003800a     p5engine.obj
 0009:00000170       $R000000                   000000018003a170     * linker generated manifest res *
