 P5Engine

 Timestamp is 631c2441 (Sat Sep 10 00:44:33 2022)

 Preferred load address is 0000000180000000

 Start         Length     Name                   Class
 0001:00000000 000136c0H .text$mn                CODE
 0001:000136c0 00000040H .text$mn$00             CODE
 0001:00013700 000000ddH .text$x                 CODE
 0002:00000000 00000108H .idata$5                DATA
 0002:00000108 00000028H .00cfg                  DATA
 0002:00000130 00000008H .CRT$XCA                DATA
 0002:00000138 00000008H .CRT$XCZ                DATA
 0002:00000140 00000008H .CRT$XIA                DATA
 0002:00000148 00000008H .CRT$XIZ                DATA
 0002:00000150 00000008H .CRT$XPA                DATA
 0002:00000158 00000008H .CRT$XPZ                DATA
 0002:00000160 00000008H .CRT$XTA                DATA
 0002:00000168 00000008H .CRT$XTZ                DATA
 0002:00000170 00000000H .gehcont$y              DATA
 0002:00000170 00000000H .gfids$y                DATA
 0002:00000170 00000590H .rdata                  DATA
 0002:00000700 00000000H .rdata$CastGuardVftablesA DATA
 0002:00000700 00000000H .rdata$CastGuardVftablesC DATA
 0002:00000700 0000016cH .rdata$voltmd           DATA
 0002:0000086c 000002dcH .rdata$zzzdbg           DATA
 0002:00000b48 00000008H .rtc$IAA                DATA
 0002:00000b50 00000008H .rtc$IZZ                DATA
 0002:00000b58 00000008H .rtc$TAA                DATA
 0002:00000b60 00000008H .rtc$TZZ                DATA
 0002:00000b68 000006f8H .xdata                  DATA
 0002:00001260 00000074H .edata                  DATA
 0002:000012d4 0000003cH .idata$2                DATA
 0002:00001310 00000018H .idata$3                DATA
 0002:00001328 00000108H .idata$4                DATA
 0002:00001430 0000029eH .idata$6                DATA
 0003:00000000 00004040H .data                   DATA
 0003:00004040 0000061cH .bss                    DATA
 0004:00000000 00000a2cH .pdata                  DATA
 0005:00000000 0000000dH .msvcjmc                DATA
 0006:00000000 00000060H .rsrc$01                DATA
 0006:00000060 00000098H .rsrc$02                DATA

  Address         Publics by Value              Rva+Base               Lib:Object

 0000:00000000       __guard_longjmp_table      0000000000000000     <absolute>
 0000:00000000       __hybrid_auxiliary_iat_copy 0000000000000000     <absolute>
 0000:00000000       __hybrid_auxiliary_iat     0000000000000000     <absolute>
 0000:00000000       __dynamic_value_reloc_table 0000000000000000     <absolute>
 0000:00000000       __AbsoluteZero             0000000000000000     <absolute>
 0000:00000000       __x64_code_ranges_to_entry_points 0000000000000000     <absolute>
 0000:00000000       __guard_longjmp_count      0000000000000000     <absolute>
 0000:00000000       __guard_iat_count          0000000000000000     <absolute>
 0000:00000000       ___safe_se_handler_count   0000000000000000     <absolute>
 0000:00000000       __hybrid_code_map_count    0000000000000000     <absolute>
 0000:00000000       __arm64x_extra_rfe_table_size 0000000000000000     <absolute>
 0000:00000000       __guard_check_icall_a64n_fptr 0000000000000000     <absolute>
 0000:00000000       __guard_fids_table         0000000000000000     <absolute>
 0000:00000000       __guard_iat_table          0000000000000000     <absolute>
 0000:00000000       __arm64x_redirection_metadata 0000000000000000     <absolute>
 0000:00000000       __hybrid_code_map          0000000000000000     <absolute>
 0000:00000000       __arm64x_extra_rfe_table   0000000000000000     <absolute>
 0000:00000000       __x64_code_ranges_to_entry_points_count 0000000000000000     <absolute>
 0000:00000000       __arm64x_redirection_metadata_count 0000000000000000     <absolute>
 0000:00000000       __arm64x_native_entrypoint 0000000000000000     <absolute>
 0000:00000000       __enclave_config           0000000000000000     <absolute>
 0000:00000000       __guard_fids_count         0000000000000000     <absolute>
 0000:00000000       ___safe_se_handler_table   0000000000000000     <absolute>
 0000:00000000       __guard_eh_cont_table      0000000000000000     <absolute>
 0000:00000000       __guard_eh_cont_count      0000000000000000     <absolute>
 0000:00000100       __guard_flags              0000000000000100     <absolute>
 0000:00000000       __ImageBase                0000000180000000     <linker-defined>
 0001:00009470       GameUpdateAndRender        000000018000a470 f   p5engine.obj
 0001:0000d220       GameGetSoundSamples        000000018000e220 f   p5engine.obj
 0001:0000d270       ??D@YA?ATv2@@MT0@@Z        000000018000e270 f i p5engine.obj
 0001:0000d2f0       ??D@YA?ATv3@@MT0@@Z        000000018000e2f0 f i p5engine.obj
 0001:0000d3a0       ??D@YA?ATv3@@T0@M@Z        000000018000e3a0 f i p5engine.obj
 0001:0000d420       ??D@YA?ATv4@@MT0@@Z        000000018000e420 f i p5engine.obj
 0001:0000d4f0       ??G@YA?ATv2@@T0@0@Z        000000018000e4f0 f i p5engine.obj
 0001:0000d570       ??G@YA?ATv3@@T0@0@Z        000000018000e570 f i p5engine.obj
 0001:0000d630       ??H@YA?ATv2@@T0@0@Z        000000018000e630 f i p5engine.obj
 0001:0000d6b0       ??H@YA?ATv3@@T0@0@Z        000000018000e6b0 f i p5engine.obj
 0001:0000d770       ??X@YAAEATv3@@AEAT0@M@Z    000000018000e770 f i p5engine.obj
 0001:0000d7f0       ??Y@YAAEATv2@@AEAT0@T0@@Z  000000018000e7f0 f i p5engine.obj
 0001:0000d840       ??Y@YAAEATv3@@AEAT0@T0@@Z  000000018000e840 f i p5engine.obj
 0001:0000d8e0       ??Z@YAAEATv3@@AEAT0@T0@@Z  000000018000e8e0 f i p5engine.obj
 0001:0000d980       ?AbsoluteValue@@YAMM@Z     000000018000e980 f i p5engine.obj
 0001:0000d9c0       ?AddFlags@@YAXPEAUsim_entity@@I@Z 000000018000e9c0 f i p5engine.obj
 0001:0000da00       ?AddRadiusTo@@YA?AUrectangle3@@U1@Tv3@@@Z 000000018000ea00 f i p5engine.obj
 0001:0000db70       ?AllResourcesPresent@@YAHPEAUrender_group@@@Z 000000018000eb70 f i p5engine.obj
 0001:0000dbc0       ?AreInSameChunk@@YAHPEAUworld@@PEAUworld_position@@1@Z 000000018000ebc0 f i p5engine.obj
 0001:0000dcc0       ?AtomicCompareExchangeUInt32@@YAIPECIII@Z 000000018000ecc0 f i p5engine.obj
 0001:0000dd10       ?BeginTemporaryMemory@@YA?AUtemporary_memory@@PEAUmemory_arena@@@Z 000000018000ed10 f i p5engine.obj
 0001:0000ddb0       ?CeilReal32ToInt32@@YAHM@Z 000000018000edb0 f i p5engine.obj
 0001:0000ddf0       ?CenteredChunkPoint@@YA?AUworld_position@@III@Z 000000018000edf0 f i p5engine.obj
 0001:0000de80       ?ChangeEntityLocationRaw@@YAXPEAUmemory_arena@@PEAUworld@@IPEAUworld_position@@2@Z 000000018000ee80 f i p5engine.obj
 0001:0000e270       ?CheckArena@@YAXPEAUmemory_arena@@@Z 000000018000f270 f i p5engine.obj
 0001:0000e2a0       ?ChunkPositionFromTilePosition@@YA?AUworld_position@@PEAUworld@@HHHTv3@@@Z 000000018000f2a0 f i p5engine.obj
 0001:0000e540       ?Clamp01@@YA?ATv2@@T1@@Z   000000018000f540 f i p5engine.obj
 0001:0000e5b0       ?Clamp01@@YAMM@Z           000000018000f5b0 f i p5engine.obj
 0001:0000e5f0       ?Clamp01MapToRange@@YAMMMM@Z 000000018000f5f0 f i p5engine.obj
 0001:0000e670       ?Clamp@@YAMMMM@Z           000000018000f670 f i p5engine.obj
 0001:0000e6e0       ?Clear@@YAXPEAUrender_group@@Tv4@@@Z 000000018000f6e0 f i p5engine.obj
 0001:0000e740       ?ClearFlags@@YAXPEAUsim_entity@@I@Z 000000018000f740 f i p5engine.obj
 0001:0000e780       ?DefaultMoveSpec@@YA?AUmove_spec@@XZ 000000018000f780 f i p5engine.obj
 0001:0000e820       ?EndTaskWithMemory@@YAXPEAUtask_with_memory@@@Z 000000018000f820 f i p5engine.obj
 0001:0000e870       ?EndTemporaryMemory@@YAXUtemporary_memory@@@Z 000000018000f870 f i p5engine.obj
 0001:0000e8f0       ?EntityOverlapsRectangle@@YAHTv3@@Usim_entity_collision_volume@@Urectangle3@@@Z 000000018000f8f0 f i p5engine.obj
 0001:0000ea80       ?FindLeastSignificantSetBit@@YA?AUbit_scan_result@@I@Z 000000018000fa80 f i p5engine.obj
 0001:0000eaf0       ?FloorReal32ToInt32@@YAHM@Z 000000018000faf0 f i p5engine.obj
 0001:0000eb30       ?GetAlignmentOffset@@YA_KPEAUmemory_arena@@_K@Z 000000018000fb30 f i p5engine.obj
 0001:0000ebc0       ?GetArenaSizeRemaining@@YA_KPEAUmemory_arena@@_K@Z 000000018000fbc0 f i p5engine.obj
 0001:0000ec20       ?GetBarycentric@@YA?ATv2@@Urectangle2@@T1@@Z 000000018000fc20 f i p5engine.obj
 0001:0000ecd0       ?GetBitmap@@YAPEAUloaded_bitmap@@PEAUgame_assets@@W4game_asset_id@@@Z 000000018000fcd0 f i p5engine.obj
 0001:0000ed10       ?GetCameraRectangleAtDistance@@YA?AUrectangle2@@PEAUrender_group@@M@Z 000000018000fd10 f i p5engine.obj
 0001:0000edb0       ?GetCameraRectangleAtTarget@@YA?AUrectangle2@@PEAUrender_group@@@Z 000000018000fdb0 f i p5engine.obj
 0001:0000ee20       ?GetClampedRectArea@@YAHUrectangle2i@@@Z 000000018000fe20 f i p5engine.obj
 0001:0000ee90       ?GetDim@@YA?ATv2@@Urectangle2@@@Z 000000018000fe90 f i p5engine.obj
 0001:0000eed0       ?GetDim@@YA?ATv3@@Urectangle3@@@Z 000000018000fed0 f i p5engine.obj
 0001:0000ef70       ?GetEntityGroundPoint@@YA?ATv3@@PEAUsim_entity@@@Z 000000018000ff70 f i p5engine.obj
 0001:0000eff0       ?GetEntityGroundPoint@@YA?ATv3@@PEAUsim_entity@@T1@@Z 000000018000fff0 f i p5engine.obj
 0001:0000f050       ?GetLowEntity@@YAPEAUlow_entity@@PEAUgame_state@@I@Z 0000000180010050 f i p5engine.obj
 0001:0000f0c0       ?GetMaxCorner@@YA?ATv3@@Urectangle3@@@Z 00000001800100c0 f i p5engine.obj
 0001:0000f120       ?GetMinCorner@@YA?ATv3@@Urectangle3@@@Z 0000000180010120 f i p5engine.obj
 0001:0000f170       ?GetRenderEntityBasisPos@@YA?AUentity_basis_p_result@@PEAUrender_transform@@Tv3@@@Z 0000000180010170 f i p5engine.obj
 0001:0000f410       ?GetSimSpacePos@@YA?ATv3@@PEAUsim_region@@PEAUlow_entity@@@Z 0000000180010410 f i p5engine.obj
 0001:0000f500       ?GetStairGround@@YAMPEAUsim_entity@@Tv3@@@Z 0000000180010500 f i p5engine.obj
 0001:0000f5f0       ?GetWorldChunk@@YAPEAUworld_chunk@@PEAUworld@@HHHPEAUmemory_arena@@@Z 00000001800105f0 f i p5engine.obj
 0001:0000f7e0       ?Hadamard@@YA?ATv2@@T1@0@Z 00000001800107e0 f i p5engine.obj
 0001:0000f840       ?Hadamard@@YA?ATv3@@T1@0@Z 0000000180010840 f i p5engine.obj
 0001:0000f900       ?HasArea@@YAHUrectangle2i@@@Z 0000000180010900 f i p5engine.obj
 0001:0000f960       ?HasFlag@@YAHPEAUsim_entity@@I@Z 0000000180010960 f i p5engine.obj
 0001:0000f9a0       ?InitializeArena@@YAXPEAUmemory_arena@@_KPEAX@Z 00000001800109a0 f i p5engine.obj
 0001:0000fa00       ?Inner@@YAMTv2@@0@Z        0000000180010a00 f i p5engine.obj
 0001:0000fa50       ?Inner@@YAMTv3@@0@Z        0000000180010a50 f i p5engine.obj
 0001:0000fac0       ?Intersect@@YA?AUrectangle2i@@U1@0@Z 0000000180010ac0 f i p5engine.obj
 0001:0000fbd0       ?InvertedInfinityRectangle@@YA?AUrectangle2i@@XZ 0000000180010bd0 f i p5engine.obj
 0001:0000fc30       ?IsCanonical@@YAHMM@Z      0000000180010c30 f i p5engine.obj
 0001:0000fcd0       ?IsCanonical@@YAHPEAUworld@@Tv3@@@Z 0000000180010cd0 f i p5engine.obj
 0001:0000fd70       ?IsInRectangle@@YAHUrectangle3@@Tv3@@@Z 0000000180010d70 f i p5engine.obj
 0001:0000fe30       ?IsValid@@YAHUworld_position@@@Z 0000000180010e30 f i p5engine.obj
 0001:0000fe80       ?Length@@YAMTv3@@@Z        0000000180010e80 f i p5engine.obj
 0001:0000fed0       ?LengthSq@@YAMTv2@@@Z      0000000180010ed0 f i p5engine.obj
 0001:0000ff10       ?LengthSq@@YAMTv3@@@Z      0000000180010f10 f i p5engine.obj
 0001:0000ff80       ?Linear1ToSRGB255@@YA?ATv4@@T1@@Z 0000000180010f80 f i p5engine.obj
 0001:00010080       ?LoadEntityReference@@YAXPEAUgame_state@@PEAUsim_region@@PEATentity_reference@@@Z 0000000180011080 f i p5engine.obj
 0001:000101b0       ?MakeEntityNonSpatial@@YAXPEAUsim_entity@@@Z 00000001800111b0 f i p5engine.obj
 0001:00010230       ?MakeEntitySpatial@@YAXPEAUsim_entity@@Tv3@@1@Z 0000000180011230 f i p5engine.obj
 0001:000102a0       ?MapIntoChunkSpace@@YA?AUworld_position@@PEAUworld@@U1@Tv3@@@Z 00000001800112a0 f i p5engine.obj
 0001:00010390       ?NullPosition@@YA?AUworld_position@@XZ 0000000180011390 f i p5engine.obj
 0001:00010400       ?Orthographic@@YAXPEAUrender_group@@HHM@Z 0000000180011400 f i p5engine.obj
 0001:00010500       ?Perspective@@YAXPEAUrender_group@@HHMMM@Z 0000000180011500 f i p5engine.obj
 0001:000105f0       ?PushBitmap@@YAXPEAUrender_group@@PEAUloaded_bitmap@@Tv3@@MTv4@@@Z 00000001800115f0 f i p5engine.obj
 0001:00010820       ?PushBitmap@@YAXPEAUrender_group@@W4game_asset_id@@Tv3@@MTv4@@@Z 0000000180011820 f i p5engine.obj
 0001:00010900       ?PushRect@@YAXPEAUrender_group@@Tv3@@Tv2@@Tv4@@@Z 0000000180011900 f i p5engine.obj
 0001:00010aa0       ?PushRectOutline@@YAXPEAUrender_group@@Tv3@@Tv2@@Tv4@@@Z 0000000180011aa0 f i p5engine.obj
 0001:00010f30       ?PushRenderElement_@@YAPEAXPEAUrender_group@@IW4render_group_entry_type@@@Z 0000000180011f30 f i p5engine.obj
 0001:00010fe0       ?PushSize_@@YAPEAXPEAUmemory_arena@@_K1@Z 0000000180011fe0 f i p5engine.obj
 0001:000110b0       ?RandomBilateral@@YAMPEAUrandom_series@@@Z 00000001800120b0 f i p5engine.obj
 0001:00011100       ?RandomChoice@@YAIPEAUrandom_series@@I@Z 0000000180012100 f i p5engine.obj
 0001:00011140       ?RandomNextUInt32@@YAIPEAUrandom_series@@@Z 0000000180012140 f i p5engine.obj
 0001:000111b0       ?RandomSeed@@YA?AUrandom_series@@I@Z 00000001800121b0 f i p5engine.obj
 0001:00011220       ?RandomUnilateral@@YAMPEAUrandom_series@@@Z 0000000180012220 f i p5engine.obj
 0001:00011280       ?RecanonicalizeCoord@@YAXMPEAHPEAM@Z 0000000180012280 f i p5engine.obj
 0001:00011320       ?RectCenterDim@@YA?AUrectangle2@@Tv2@@0@Z 0000000180012320 f i p5engine.obj
 0001:000113b0       ?RectCenterDim@@YA?AUrectangle3@@Tv3@@0@Z 00000001800123b0 f i p5engine.obj
 0001:000114a0       ?RectCenterHalfDim@@YA?AUrectangle2@@Tv2@@0@Z 00000001800124a0 f i p5engine.obj
 0001:00011550       ?RectCenterHalfDim@@YA?AUrectangle3@@Tv3@@0@Z 0000000180012550 f i p5engine.obj
 0001:000116c0       ?RectMinMax@@YA?AUrectangle3@@Tv3@@0@Z 00000001800126c0 f i p5engine.obj
 0001:00011760       ?RectanglesIntersect@@YAHUrectangle3@@0@Z 0000000180012760 f i p5engine.obj
 0001:00011820       ?RoundReal32ToInt32@@YAHM@Z 0000000180012820 f i p5engine.obj
 0001:00011860       ?RoundReal32ToUInt32@@YAIM@Z 0000000180012860 f i p5engine.obj
 0001:000118a0       ?SRGB255ToLinear1@@YA?ATv4@@T1@@Z 00000001800128a0 f i p5engine.obj
 0001:00011980       ?SafeRatio0@@YAMMM@Z       0000000180012980 f i p5engine.obj
 0001:000119d0       ?SafeRatio1@@YAMMM@Z       00000001800129d0 f i p5engine.obj
 0001:00011a20       ?SafeRatioN@@YAMMMM@Z      0000000180012a20 f i p5engine.obj
 0001:00011a80       ?Sin@@YAMM@Z               0000000180012a80 f i p5engine.obj
 0001:00011ac0       ?Square@@YAMM@Z            0000000180012ac0 f i p5engine.obj
 0001:00011b00       ?SquareRoot@@YAMM@Z        0000000180012b00 f i p5engine.obj
 0001:00011b40       ?StoreEntityReference@@YAXPEATentity_reference@@@Z 0000000180012b40 f i p5engine.obj
 0001:00011b80       ?SubArena@@YAXPEAUmemory_arena@@0_K1@Z 0000000180012b80 f i p5engine.obj
 0001:00011bf0       ?ToV3@@YA?ATv3@@Tv2@@M@Z   0000000180012bf0 f i p5engine.obj
 0001:00011c80       ?Unproject@@YA?ATv2@@PEAUrender_group@@T1@M@Z 0000000180012c80 f i p5engine.obj
 0001:00011cd0       ?V2@@YA?ATv2@@MM@Z         0000000180012cd0 f i p5engine.obj
 0001:00011d40       ?V2i@@YA?ATv2@@HH@Z        0000000180012d40 f i p5engine.obj
 0001:00011d90       ?V3@@YA?ATv3@@MMM@Z        0000000180012d90 f i p5engine.obj
 0001:00011e30       ?V4@@YA?ATv4@@MMMM@Z       0000000180012e30 f i p5engine.obj
 0001:00011ee0       ?ZeroSize@@YAX_KPEAX@Z     0000000180012ee0 f i p5engine.obj
 0001:00011f40       GetController              0000000180012f40 f i p5engine.obj
 0001:00011fa0       __CheckForDebuggerJustMyCode 0000000180012fa0 f   MSVCRTD:debugger_jmc.obj
 0001:00011fe0       __GSHandlerCheck           0000000180012fe0 f   MSVCRTD:gshandler.obj
 0001:00012020       __GSHandlerCheckCommon     0000000180013020 f   MSVCRTD:gshandler.obj
 0001:00012130       _alloca_probe              0000000180013130 f   MSVCRTD:chkstk.obj
 0001:00012130       __chkstk                   0000000180013130 f   MSVCRTD:chkstk.obj
 0001:00012190       __security_check_cookie    0000000180013190 f   MSVCRTD:amdsecgs.obj
 0001:000125c0       _DllMainCRTStartup         00000001800135c0 f   MSVCRTD:dll_dllmain.obj
 0001:00012600       __raise_securityfailure    0000000180013600 f   MSVCRTD:gs_report.obj
 0001:00012640       __report_gsfailure         0000000180013640 f   MSVCRTD:gs_report.obj
 0001:000128a0       __security_init_cookie     00000001800138a0 f   MSVCRTD:gs_support.obj
 0001:00012920       DllMain                    0000000180013920 f   MSVCRTD:dll_dllmain_stub.obj
 0001:00012960       ?__scrt_initialize_type_info@@YAXXZ 0000000180013960 f   MSVCRTD:tncleanup.obj
 0001:00012980       ?__scrt_uninitialize_type_info@@YAXXZ 0000000180013980 f   MSVCRTD:tncleanup.obj
 0001:000129a0       __local_stdio_printf_options 00000001800139a0 f i MSVCRTD:default_local_stdio_options.obj
 0001:000129b0       __local_stdio_scanf_options 00000001800139b0 f i MSVCRTD:default_local_stdio_options.obj
 0001:000129c0       __scrt_initialize_default_local_stdio_options 00000001800139c0 f   MSVCRTD:default_local_stdio_options.obj
 0001:00012a10       ?configure_argv@__scrt_narrow_argv_policy@@SAHXZ 0000000180013a10 f i MSVCRTD:utility.obj
 0001:00012b00       ?initialize_environment@__scrt_narrow_environment_policy@@SAHXZ 0000000180013b00 f i MSVCRTD:utility.obj
 0001:00012ba0       NtCurrentTeb               0000000180013ba0 f i MSVCRTD:utility.obj
 0001:00012bb0       __scrt_acquire_startup_lock 0000000180013bb0 f   MSVCRTD:utility.obj
 0001:00012c20       __scrt_dllmain_after_initialize_c 0000000180013c20 f   MSVCRTD:utility.obj
 0001:00012c50       __scrt_dllmain_before_initialize_c 0000000180013c50 f   MSVCRTD:utility.obj
 0001:00012c70       __scrt_dllmain_crt_thread_attach 0000000180013c70 f   MSVCRTD:utility.obj
 0001:00012ca0       __scrt_dllmain_crt_thread_detach 0000000180013ca0 f   MSVCRTD:utility.obj
 0001:00012cc0       __scrt_dllmain_exception_filter 0000000180013cc0 f   MSVCRTD:utility.obj
 0001:00012d30       __scrt_dllmain_uninitialize_c 0000000180013d30 f   MSVCRTD:utility.obj
 0001:00012d60       __scrt_dllmain_uninitialize_critical 0000000180013d60 f   MSVCRTD:utility.obj
 0001:00012d80       __scrt_initialize_crt      0000000180013d80 f   MSVCRTD:utility.obj
 0001:00012dd0       __scrt_initialize_onexit_tables 0000000180013dd0 f   MSVCRTD:utility.obj
 0001:00012ee0       __scrt_is_nonwritable_in_current_image 0000000180013ee0 f   MSVCRTD:utility.obj
 0001:00012f70       __scrt_release_startup_lock 0000000180013f70 f   MSVCRTD:utility.obj
 0001:00012fa0       __scrt_uninitialize_crt    0000000180013fa0 f   MSVCRTD:utility.obj
 0001:00012fe0       __scrt_get_dyn_tls_init_callback 0000000180013fe0 f   MSVCRTD:dyn_tls_init.obj
 0001:00012ff0       __crt_debugger_hook        0000000180013ff0 f   MSVCRTD:utility_desktop.obj
 0001:00013000       __scrt_fastfail            0000000180014000 f   MSVCRTD:utility_desktop.obj
 0001:000131a0       _RTC_Initialize            00000001800141a0 f   MSVCRTD:initsect.obj
 0001:000131f0       _RTC_Terminate             00000001800141f0 f   MSVCRTD:initsect.obj
 0001:00013240       _guard_check_icall_nop     0000000180014240 f i MSVCRTD:guard_support.obj
 0001:00013250       __isa_available_init       0000000180014250 f   MSVCRTD:cpu_disp.obj
 0001:000135f0       _get_startup_argv_mode     00000001800145f0 f   MSVCRTD:argv_mode.obj
 0001:00013600       __scrt_is_ucrt_dll_in_use  0000000180014600 f   MSVCRTD:ucrt_detection.obj
 0001:00013630       __C_specific_handler       0000000180014630 f   vcruntimed:VCRUNTIME140D.dll
 0001:00013636       __std_type_info_destroy_list 0000000180014636 f   vcruntimed:VCRUNTIME140D.dll
 0001:0001363c       ceilf                      000000018001463c f   ucrtd:ucrtbased.dll
 0001:00013642       floorf                     0000000180014642 f   ucrtd:ucrtbased.dll
 0001:00013648       sinf                       0000000180014648 f   ucrtd:ucrtbased.dll
 0001:0001364e       sqrtf                      000000018001464e f   ucrtd:ucrtbased.dll
 0001:00013654       _initterm                  0000000180014654 f   ucrtd:ucrtbased.dll
 0001:0001365a       _initterm_e                000000018001465a f   ucrtd:ucrtbased.dll
 0001:00013660       _seh_filter_dll            0000000180014660 f   ucrtd:ucrtbased.dll
 0001:00013666       _configure_narrow_argv     0000000180014666 f   ucrtd:ucrtbased.dll
 0001:0001366c       _initialize_narrow_environment 000000018001466c f   ucrtd:ucrtbased.dll
 0001:00013672       _initialize_onexit_table   0000000180014672 f   ucrtd:ucrtbased.dll
 0001:00013678       _execute_onexit_table      0000000180014678 f   ucrtd:ucrtbased.dll
 0001:0001367e       _cexit                     000000018001467e f   ucrtd:ucrtbased.dll
 0001:00013690       __scrt_stub_for_acrt_thread_detach 0000000180014690 f   MSVCRTD:ucrt_stubs.obj
 0001:00013690       __acrt_thread_attach       0000000180014690 f   MSVCRTD:ucrt_stubs.obj
 0001:00013690       __scrt_stub_for_acrt_thread_attach 0000000180014690 f   MSVCRTD:ucrt_stubs.obj
 0001:00013690       __vcrt_thread_detach       0000000180014690 f   MSVCRTD:ucrt_stubs.obj
 0001:00013690       __vcrt_initialize          0000000180014690 f   MSVCRTD:ucrt_stubs.obj
 0001:00013690       __acrt_thread_detach       0000000180014690 f   MSVCRTD:ucrt_stubs.obj
 0001:00013690       __scrt_stub_for_acrt_initialize 0000000180014690 f   MSVCRTD:ucrt_stubs.obj
 0001:00013690       __vcrt_thread_attach       0000000180014690 f   MSVCRTD:ucrt_stubs.obj
 0001:00013690       __acrt_initialize          0000000180014690 f   MSVCRTD:ucrt_stubs.obj
 0001:000136a0       __acrt_uninitialize_critical 00000001800146a0 f   MSVCRTD:ucrt_stubs.obj
 0001:000136a0       __vcrt_uninitialize        00000001800146a0 f   MSVCRTD:ucrt_stubs.obj
 0001:000136a0       __acrt_uninitialize        00000001800146a0 f   MSVCRTD:ucrt_stubs.obj
 0001:000136a0       __scrt_stub_for_acrt_uninitialize 00000001800146a0 f   MSVCRTD:ucrt_stubs.obj
 0001:000136a0       __vcrt_uninitialize_critical 00000001800146a0 f   MSVCRTD:ucrt_stubs.obj
 0001:000136a0       __scrt_stub_for_acrt_uninitialize_critical 00000001800146a0 f   MSVCRTD:ucrt_stubs.obj
 0001:000136b0       __scrt_stub_for_is_c_termination_complete 00000001800146b0 f   MSVCRTD:ucrt_stubs.obj
 0001:000136b0       _is_c_termination_complete 00000001800146b0 f   MSVCRTD:ucrt_stubs.obj
 0001:000136d0       _guard_dispatch_icall_nop  00000001800146d0 f   MSVCRTD:guard_dispatch.obj
 0001:000136f0       _guard_xfg_dispatch_icall_nop 00000001800146f0 f   MSVCRTD:guard_xfg_dispatch.obj
 0002:00000000       __imp_QueryPerformanceCounter 0000000180015000     kernel32:KERNEL32.dll
 0002:00000008       __imp_RtlCaptureContext    0000000180015008     kernel32:KERNEL32.dll
 0002:00000010       __imp_RtlLookupFunctionEntry 0000000180015010     kernel32:KERNEL32.dll
 0002:00000018       __imp_RtlVirtualUnwind     0000000180015018     kernel32:KERNEL32.dll
 0002:00000020       __imp_IsDebuggerPresent    0000000180015020     kernel32:KERNEL32.dll
 0002:00000028       __imp_InitializeSListHead  0000000180015028     kernel32:KERNEL32.dll
 0002:00000030       __imp_DisableThreadLibraryCalls 0000000180015030     kernel32:KERNEL32.dll
 0002:00000038       __imp_GetSystemTimeAsFileTime 0000000180015038     kernel32:KERNEL32.dll
 0002:00000040       __imp_GetCurrentProcessId  0000000180015040     kernel32:KERNEL32.dll
 0002:00000048       __imp_GetCurrentThreadId   0000000180015048     kernel32:KERNEL32.dll
 0002:00000050       __imp_IsProcessorFeaturePresent 0000000180015050     kernel32:KERNEL32.dll
 0002:00000058       __imp_TerminateProcess     0000000180015058     kernel32:KERNEL32.dll
 0002:00000060       __imp_GetCurrentProcess    0000000180015060     kernel32:KERNEL32.dll
 0002:00000068       __imp_SetUnhandledExceptionFilter 0000000180015068     kernel32:KERNEL32.dll
 0002:00000070       __imp_UnhandledExceptionFilter 0000000180015070     kernel32:KERNEL32.dll
 0002:00000078       \177KERNEL32_NULL_THUNK_DATA 0000000180015078     kernel32:KERNEL32.dll
 0002:00000080       __imp___std_type_info_destroy_list 0000000180015080     vcruntimed:VCRUNTIME140D.dll
 0002:00000088       __imp___C_specific_handler 0000000180015088     vcruntimed:VCRUNTIME140D.dll
 0002:00000090       \177VCRUNTIME140D_NULL_THUNK_DATA 0000000180015090     vcruntimed:VCRUNTIME140D.dll
 0002:00000098       __imp__execute_onexit_table 0000000180015098     ucrtd:ucrtbased.dll
 0002:000000a0       __imp__initialize_onexit_table 00000001800150a0     ucrtd:ucrtbased.dll
 0002:000000a8       __imp__initialize_narrow_environment 00000001800150a8     ucrtd:ucrtbased.dll
 0002:000000b0       __imp__configure_narrow_argv 00000001800150b0     ucrtd:ucrtbased.dll
 0002:000000b8       __imp__cexit               00000001800150b8     ucrtd:ucrtbased.dll
 0002:000000c0       __imp__initterm_e          00000001800150c0     ucrtd:ucrtbased.dll
 0002:000000c8       __imp__initterm            00000001800150c8     ucrtd:ucrtbased.dll
 0002:000000d0       __imp_sqrtf                00000001800150d0     ucrtd:ucrtbased.dll
 0002:000000d8       __imp_sinf                 00000001800150d8     ucrtd:ucrtbased.dll
 0002:000000e0       __imp_floorf               00000001800150e0     ucrtd:ucrtbased.dll
 0002:000000e8       __imp_ceilf                00000001800150e8     ucrtd:ucrtbased.dll
 0002:000000f0       __imp_roundf               00000001800150f0     ucrtd:ucrtbased.dll
 0002:000000f8       __imp__seh_filter_dll      00000001800150f8     ucrtd:ucrtbased.dll
 0002:00000100       \177ucrtbased_NULL_THUNK_DATA 0000000180015100     ucrtd:ucrtbased.dll
 0002:00000108       __guard_check_icall_fptr   0000000180015108     MSVCRTD:guard_support.obj
 0002:00000110       __guard_xfg_check_icall_fptr 0000000180015110     MSVCRTD:guard_support.obj
 0002:00000118       __guard_dispatch_icall_fptr 0000000180015118     MSVCRTD:guard_support.obj
 0002:00000120       __guard_xfg_dispatch_icall_fptr 0000000180015120     MSVCRTD:guard_support.obj
 0002:00000128       __guard_xfg_table_dispatch_icall_fptr 0000000180015128     MSVCRTD:guard_support.obj
 0002:00000130       __xc_a                     0000000180015130     MSVCRTD:initializers.obj
 0002:00000138       __xc_z                     0000000180015138     MSVCRTD:initializers.obj
 0002:00000140       __xi_a                     0000000180015140     MSVCRTD:initializers.obj
 0002:00000148       __xi_z                     0000000180015148     MSVCRTD:initializers.obj
 0002:00000150       __xp_a                     0000000180015150     MSVCRTD:initializers.obj
 0002:00000158       __xp_z                     0000000180015158     MSVCRTD:initializers.obj
 0002:00000160       __xt_a                     0000000180015160     MSVCRTD:initializers.obj
 0002:00000168       __xt_z                     0000000180015168     MSVCRTD:initializers.obj
 0002:00000388       ??_C@_0BA@NMEIMCEK@InvalidCodePath@ 0000000180015388     p5engine.obj
 0002:00000398       __real@00000000            0000000180015398     p5engine.obj
 0002:0000039c       __real@308992b1            000000018001539c     p5engine.obj
 0002:000003a0       __real@3a83126f            00000001800153a0     p5engine.obj
 0002:000003a4       __real@3b808081            00000001800153a4     p5engine.obj
 0002:000003a8       __real@3c23d70a            00000001800153a8     p5engine.obj
 0002:000003ac       __real@3cc30c31            00000001800153ac     p5engine.obj
 0002:000003b0       __real@3dcccccd            00000001800153b0     p5engine.obj
 0002:000003b4       __real@3e4ccccd            00000001800153b4     p5engine.obj
 0002:000003b8       __real@3e800000            00000001800153b8     p5engine.obj
 0002:000003bc       __real@3e99999a            00000001800153bc     p5engine.obj
 0002:000003c0       __real@3ecccccd            00000001800153c0     p5engine.obj
 0002:000003c4       __real@3ee147ae            00000001800153c4     p5engine.obj
 0002:000003c8       __real@3f000000            00000001800153c8     p5engine.obj
 0002:000003cc       __real@3f19999a            00000001800153cc     p5engine.obj
 0002:000003d0       __real@3f228f5c            00000001800153d0     p5engine.obj
 0002:000003d4       __real@3f3504f3            00000001800153d4     p5engine.obj
 0002:000003d8       __real@3f400000            00000001800153d8     p5engine.obj
 0002:000003dc       __real@3f666666            00000001800153dc     p5engine.obj
 0002:000003e0       __real@3f800000            00000001800153e0     p5engine.obj
 0002:000003e4       __real@3f8ccccd            00000001800153e4     p5engine.obj
 0002:000003e8       __real@3f99999a            00000001800153e8     p5engine.obj
 0002:000003ec       __real@3fa66666            00000001800153ec     p5engine.obj
 0002:000003f0       __real@3fb33333            00000001800153f0     p5engine.obj
 0002:000003f4       __real@3fc00000            00000001800153f4     p5engine.obj
 0002:000003f8       __real@40000000            00000001800153f8     p5engine.obj
 0002:000003fc       __real@400ccccd            00000001800153fc     p5engine.obj
 0002:00000400       __real@40400000            0000000180015400     p5engine.obj
 0002:00000404       __real@40800000            0000000180015404     p5engine.obj
 0002:00000408       __real@40a00000            0000000180015408     p5engine.obj
 0002:0000040c       __real@40c00000            000000018001540c     p5engine.obj
 0002:00000410       __real@40c90fdb            0000000180015410     p5engine.obj
 0002:00000414       __real@41100000            0000000180015414     p5engine.obj
 0002:00000418       __real@41700000            0000000180015418     p5engine.obj
 0002:0000041c       __real@41880000            000000018001541c     p5engine.obj
 0002:00000420       __real@41a00000            0000000180015420     p5engine.obj
 0002:00000424       __real@41f00000            0000000180015424     p5engine.obj
 0002:00000428       __real@42000000            0000000180015428     p5engine.obj
 0002:0000042c       __real@42340000            000000018001542c     p5engine.obj
 0002:00000430       __real@42600000            0000000180015430     p5engine.obj
 0002:00000434       __real@437f0000            0000000180015434     p5engine.obj
 0002:00000438       __real@461c4000            0000000180015438     p5engine.obj
 0002:0000043c       __real@47c35000            000000018001543c     p5engine.obj
 0002:00000440       __real@7f7fffff            0000000180015440     p5engine.obj
 0002:00000444       __real@becccccd            0000000180015444     p5engine.obj
 0002:00000448       __real@bf000000            0000000180015448     p5engine.obj
 0002:0000044c       __real@bf800000            000000018001544c     p5engine.obj
 0002:00000450       __real@c0000000            0000000180015450     p5engine.obj
 0002:00000454       __real@c0100000            0000000180015454     p5engine.obj
 0002:00000458       __real@c0400000            0000000180015458     p5engine.obj
 0002:0000045c       __real@c11ccccd            000000018001545c     p5engine.obj
 0002:00000460       __xmm@00000000000000000000000000000000 0000000180015460     p5engine.obj
 0002:00000470       __xmm@000000ff000000ff000000ff000000ff 0000000180015470     p5engine.obj
 0002:00000480       __xmm@0000ffff0000ffff0000ffff0000ffff 0000000180015480     p5engine.obj
 0002:00000490       __xmm@00ff00ff00ff00ff00ff00ff00ff00ff 0000000180015490     p5engine.obj
 0002:000004a0       __xmm@3b8080813b8080813b8080813b808081 00000001800154a0     p5engine.obj
 0002:000004b0       __xmm@3f0000003f0000003f0000003f000000 00000001800154b0     p5engine.obj
 0002:000004c0       __xmm@3f8000003f8000003f8000003f800000 00000001800154c0     p5engine.obj
 0002:000004d0       __xmm@40800000408000004080000040800000 00000001800154d0     p5engine.obj
 0002:000004e0       __xmm@477e0100477e0100477e0100477e0100 00000001800154e0     p5engine.obj
 0002:000004f0       __xmm@7fffffffffffffff7fffffffffffffff 00000001800154f0     p5engine.obj
 0002:00000500       __xmm@80000000800000008000000080000000 0000000180015500     p5engine.obj
 0002:00000510       __xmm@ffffffffffffffffffffffffffffffff 0000000180015510     p5engine.obj
 0002:00000520       _pRawDllMain               0000000180015520     MSVCRTD:dll_dllmain.obj
 0002:00000520       _pDefaultRawDllMain        0000000180015520     MSVCRTD:dll_dllmain.obj
 0002:00000590       _load_config_used          0000000180015590     MSVCRTD:loadcfg.obj
 0002:00000700       __volatile_metadata        0000000180015700     <linker-defined>
 0002:00000b48       __rtc_iaa                  0000000180015b48     MSVCRTD:initsect.obj
 0002:00000b50       __rtc_izz                  0000000180015b50     MSVCRTD:initsect.obj
 0002:00000b58       __rtc_taa                  0000000180015b58     MSVCRTD:initsect.obj
 0002:00000b60       __rtc_tzz                  0000000180015b60     MSVCRTD:initsect.obj
 0002:000012d4       __IMPORT_DESCRIPTOR_VCRUNTIME140D 00000001800162d4     vcruntimed:VCRUNTIME140D.dll
 0002:000012e8       __IMPORT_DESCRIPTOR_ucrtbased 00000001800162e8     ucrtd:ucrtbased.dll
 0002:000012fc       __IMPORT_DESCRIPTOR_KERNEL32 00000001800162fc     kernel32:KERNEL32.dll
 0002:00001310       __NULL_IMPORT_DESCRIPTOR   0000000180016310     vcruntimed:VCRUNTIME140D.dll
 0003:00004000       __security_cookie_complement 000000018001b000     MSVCRTD:gs_cookie.obj
 0003:00004008       __security_cookie          000000018001b008     MSVCRTD:gs_cookie.obj
 0003:00004010       _fltused                   000000018001b010     MSVCRTD:fltused.obj
 0003:00004014       __scrt_native_dllmain_reason 000000018001b014     MSVCRTD:utility.obj
 0003:00004018       __isa_available            000000018001b018     MSVCRTD:cpu_disp.obj
 0003:0000401c       __isa_enabled              000000018001b01c     MSVCRTD:cpu_disp.obj
 0003:00004020       __memcpy_nt_iters          000000018001b020     MSVCRTD:cpu_disp.obj
 0003:00004028       __memset_nt_iters          000000018001b028     MSVCRTD:cpu_disp.obj
 0003:00004030       __scrt_ucrt_dll_is_in_use  000000018001b030     MSVCRTD:ucrt_stubs.obj
 0003:00004040       DebugGlobalMemory          000000018001b040     p5engine.obj
 0003:000045d0       ?__type_info_root_node@@3U__type_info_node@@A 000000018001b5d0     MSVCRTD:tncleanup.obj
 0003:000045e0       ?_OptionsStorage@?1??__local_stdio_printf_options@@9@4_KA 000000018001b5e0     MSVCRTD:default_local_stdio_options.obj
 0003:000045e8       ?_OptionsStorage@?1??__local_stdio_scanf_options@@9@4_KA 000000018001b5e8     MSVCRTD:default_local_stdio_options.obj
 0003:000045f0       __scrt_current_native_startup_state 000000018001b5f0     MSVCRTD:utility.obj
 0003:000045f8       __scrt_native_startup_lock 000000018001b5f8     MSVCRTD:utility.obj
 0003:00004638       __scrt_debugger_hook_flag  000000018001b638     MSVCRTD:utility_desktop.obj
 0003:00004640       __castguard_check_failure_os_handled_fptr 000000018001b640     MSVCRTD:guard_support.obj
 0003:00004648       __favor                    000000018001b648     MSVCRTD:cpu_disp.obj
 0003:00004650       __dyn_tls_init_callback    000000018001b650     <common>
 0003:00004658       __DebuggerCurrentSteppingThreadId 000000018001b658     <common>

 entry point at        0001:000125c0

 Static symbols

 0000:fffe0000       .debug$S                   0000000180000000     P5Engine.exp
 0000:fffe0000       .debug$S                   0000000180000000     vcruntimed:VCRUNTIME140D.dll
 0000:fffe0000       .debug$S                   0000000180000000     vcruntimed:VCRUNTIME140D.dll
 0000:fffe0000       .debug$S                   0000000180000000     vcruntimed:VCRUNTIME140D.dll
 0000:fffe0000       .debug$S                   0000000180000000     vcruntimed:VCRUNTIME140D.dll
 0000:fffe0000       .debug$S                   0000000180000000     ucrtd:ucrtbased.dll
 0000:fffe0000       .debug$S                   0000000180000000     ucrtd:ucrtbased.dll
 0000:fffe0000       .debug$S                   0000000180000000     ucrtd:ucrtbased.dll
 0000:fffe0000       .debug$S                   0000000180000000     ucrtd:ucrtbased.dll
 0000:fffe0000       .debug$S                   0000000180000000     ucrtd:ucrtbased.dll
 0000:fffe0000       .debug$S                   0000000180000000     ucrtd:ucrtbased.dll
 0000:fffe0000       .debug$S                   0000000180000000     ucrtd:ucrtbased.dll
 0000:fffe0000       .debug$S                   0000000180000000     ucrtd:ucrtbased.dll
 0000:fffe0000       .debug$S                   0000000180000000     ucrtd:ucrtbased.dll
 0000:fffe0000       .debug$S                   0000000180000000     ucrtd:ucrtbased.dll
 0000:fffe0000       .debug$S                   0000000180000000     ucrtd:ucrtbased.dll
 0000:fffe0000       .debug$S                   0000000180000000     ucrtd:ucrtbased.dll
 0000:fffe0000       .debug$S                   0000000180000000     ucrtd:ucrtbased.dll
 0000:fffe0000       .debug$S                   0000000180000000     ucrtd:ucrtbased.dll
 0000:fffe0000       .debug$S                   0000000180000000     ucrtd:ucrtbased.dll
 0000:fffe0000       .debug$S                   0000000180000000     ucrtd:ucrtbased.dll
 0000:fffe0000       .debug$S                   0000000180000000     ucrtd:ucrtbased.dll
 0000:fffe0000       .debug$S                   0000000180000000     kernel32:KERNEL32.dll
 0000:fffe0000       .debug$S                   0000000180000000     kernel32:KERNEL32.dll
 0000:fffe0000       .debug$S                   0000000180000000     kernel32:KERNEL32.dll
 0000:fffe0000       .debug$S                   0000000180000000     kernel32:KERNEL32.dll
 0000:fffe0000       .debug$S                   0000000180000000     kernel32:KERNEL32.dll
 0000:fffe0000       .debug$S                   0000000180000000     kernel32:KERNEL32.dll
 0000:fffe0000       .debug$S                   0000000180000000     kernel32:KERNEL32.dll
 0000:fffe0000       .debug$S                   0000000180000000     kernel32:KERNEL32.dll
 0000:fffe0000       .debug$S                   0000000180000000     kernel32:KERNEL32.dll
 0000:fffe0000       .debug$S                   0000000180000000     kernel32:KERNEL32.dll
 0000:fffe0000       .debug$S                   0000000180000000     kernel32:KERNEL32.dll
 0000:fffe0000       .debug$S                   0000000180000000     kernel32:KERNEL32.dll
 0000:fffe0000       .debug$S                   0000000180000000     kernel32:KERNEL32.dll
 0000:fffe0000       .debug$S                   0000000180000000     kernel32:KERNEL32.dll
 0000:fffe0000       .debug$S                   0000000180000000     kernel32:KERNEL32.dll
 0000:fffe0000       .debug$S                   0000000180000000     kernel32:KERNEL32.dll
 0000:fffe0000       .debug$S                   0000000180000000     kernel32:KERNEL32.dll
 0001:00000000       ?AddCollisionRule@@YAXPEAUgame_state@@IIH@Z 0000000180001000 f   p5engine.obj
 0001:00000180       ?ClearCollisionRulesFor@@YAXPEAUgame_state@@I@Z 0000000180001180 f   p5engine.obj
 0001:00000280       ?LoadAsset@@YAXPEAUgame_assets@@W4game_asset_id@@@Z 0000000180001280 f   p5engine.obj
 0001:000004e4       $LN13                      00000001800014e4     p5engine.obj
 0001:00000510       ?DrawRectangle@@YAXPEAUloaded_bitmap@@Tv2@@1Tv4@@Urectangle2i@@H@Z 0000000180001510 f   p5engine.obj
 0001:000007d0       ?DrawRectangleQuickly@@YAXPEAUloaded_bitmap@@Tv2@@11Tv4@@0MUrectangle2i@@H@Z 00000001800017d0 f   p5engine.obj
 0001:00002c50       ?RenderGroupToOutput@@YAXPEAUrender_group@@PEAUloaded_bitmap@@Urectangle2i@@H@Z 0000000180003c50 f   p5engine.obj
 0001:00003040       ?DoTiledRenderWork@@YAXPEAUplatform_work_queue@@PEAX@Z 0000000180004040 f   p5engine.obj
 0001:000030f0       ?RenderGroupToOutput@@YAXPEAUrender_group@@PEAUloaded_bitmap@@@Z 00000001800040f0 f   p5engine.obj
 0001:000031e0       ?TiledRenderGroupToOutput@@YAXPEAUplatform_work_queue@@PEAUrender_group@@PEAUloaded_bitmap@@@Z 00000001800041e0 f   p5engine.obj
 0001:00003410       ?AllocateRenderGroup@@YAPEAUrender_group@@PEAUgame_assets@@PEAUmemory_arena@@I@Z 0000000180004410 f   p5engine.obj
 0001:00003540       ?InitializeWorld@@YAXPEAUworld@@Tv3@@@Z 0000000180004540 f   p5engine.obj
 0001:000035e0       ?Subtract@@YA?ATv3@@PEAUworld@@PEAUworld_position@@1@Z 00000001800045e0 f   p5engine.obj
 0001:00003850       ?ChangeEntityLocation@@YAXPEAUmemory_arena@@PEAUworld@@IPEAUlow_entity@@Uworld_position@@@Z 0000000180004850 f   p5engine.obj
 0001:000039e0       ?GetHashFromStorageIndex@@YAPEAUsim_entity_hash@@PEAUsim_region@@I@Z 00000001800049e0 f   p5engine.obj
 0001:00003ab0       ?AddEntity@@YAPEAUsim_entity@@PEAUgame_state@@PEAUsim_region@@IPEAUlow_entity@@PEATv3@@@Z 0000000180004ab0 f   p5engine.obj
 0001:00003c10       ?AddEntityRaw@@YAPEAUsim_entity@@PEAUgame_state@@PEAUsim_region@@IPEAUlow_entity@@@Z 0000000180004c10 f   p5engine.obj
 0001:00003d90       ?BeginSim@@YAPEAUsim_region@@PEAUmemory_arena@@PEAUgame_state@@PEAUworld@@Uworld_position@@Urectangle3@@M@Z 0000000180004d90 f   p5engine.obj
 0001:00004400       ?EndSim@@YAXPEAUsim_region@@PEAUgame_state@@@Z 0000000180005400 f   p5engine.obj
 0001:000046c0       ?CanCollide@@YAHPEAUgame_state@@PEAUsim_entity@@1@Z 00000001800056c0 f   p5engine.obj
 0001:00004810       ?HandleCollision@@YAHPEAUgame_state@@PEAUsim_entity@@1@Z 0000000180005810 f   p5engine.obj
 0001:000048f0       ?CanOverlap@@YAHPEAUgame_state@@PEAUsim_entity@@1@Z 00000001800058f0 f   p5engine.obj
 0001:00004950       ?HandleOverlap@@YAXPEAUgame_state@@PEAUsim_entity@@1MPEAM@Z 0000000180005950 f   p5engine.obj
 0001:000049f0       ?SpeculativeCollide@@YAHPEAUsim_entity@@0Tv3@@@Z 00000001800059f0 f   p5engine.obj
 0001:00004af0       ?EntitiesOverlap@@YAHPEAUsim_entity@@0Tv3@@@Z 0000000180005af0 f   p5engine.obj
 0001:00004e30       ?MoveEntity@@YAXPEAUgame_state@@PEAUsim_region@@PEAUsim_entity@@MPEAUmove_spec@@Tv3@@@Z 0000000180005e30 f   p5engine.obj
 0001:00006800       ?GameOutputSound@@YAXPEAUgame_state@@PEAUgame_sound_output_buffer@@H@Z 0000000180007800 f   p5engine.obj
 0001:000068c0       ?TopDownAlign@@YA?ATv2@@PEAUloaded_bitmap@@T1@@Z 00000001800078c0 f   p5engine.obj
 0001:00006940       ?DEBUGLoadBMP@@YA?AUloaded_bitmap@@PEAUthread_context@@P6A?AUdebug_read_file_result@@0PEAD@Z1HH@Z 0000000180007940 f   p5engine.obj
 0001:00006ee0       ?DEBUGLoadBMP@@YA?AUloaded_bitmap@@PEAUthread_context@@P6A?AUdebug_read_file_result@@0PEAD@Z1@Z 0000000180007ee0 f   p5engine.obj
 0001:00006fa0       ?AddLowEntity@@YA?AUadd_low_entity_result@@PEAUgame_state@@W4entity_type@@Uworld_position@@@Z 0000000180007fa0 f   p5engine.obj
 0001:00007190       ?AddGroundedEntity@@YA?AUadd_low_entity_result@@PEAUgame_state@@W4entity_type@@Uworld_position@@PEAUsim_entity_collision_volume_group@@@Z 0000000180008190 f   p5engine.obj
 0001:00007240       ?AddStandardRoom@@YA?AUadd_low_entity_result@@PEAUgame_state@@III@Z 0000000180008240 f   p5engine.obj
 0001:000073a0       ?AddWall@@YA?AUadd_low_entity_result@@PEAUgame_state@@III@Z 00000001800083a0 f   p5engine.obj
 0001:00007500       ?AddStairs@@YA?AUadd_low_entity_result@@PEAUgame_state@@III@Z 0000000180008500 f   p5engine.obj
 0001:00007690       ?InitHitPoints@@YAXPEAUlow_entity@@I@Z 0000000180008690 f   p5engine.obj
 0001:00007720       ?AddSword@@YA?AUadd_low_entity_result@@PEAUgame_state@@@Z 0000000180008720 f   p5engine.obj
 0001:00007810       ?AddPlayer@@YA?AUadd_low_entity_result@@PEAUgame_state@@@Z 0000000180008810 f   p5engine.obj
 0001:00007950       ?AddMonstar@@YA?AUadd_low_entity_result@@PEAUgame_state@@III@Z 0000000180008950 f   p5engine.obj
 0001:00007ac0       ?AddFamiliar@@YA?AUadd_low_entity_result@@PEAUgame_state@@III@Z 0000000180008ac0 f   p5engine.obj
 0001:00007c20       ?DrawHitpoints@@YAXPEAUsim_entity@@PEAUrender_group@@@Z 0000000180008c20 f   p5engine.obj
 0001:00007e90       ?MakeSimpleGroundedCollision@@YAPEAUsim_entity_collision_volume_group@@PEAUgame_state@@MMM@Z 0000000180008e90 f   p5engine.obj
 0001:00007fe0       ?MakeNullCollision@@YAPEAUsim_entity_collision_volume_group@@PEAUgame_state@@@Z 0000000180008fe0 f   p5engine.obj
 0001:000080c0       ?BeginTaskWithMemory@@YAPEAUtask_with_memory@@PEAUtransient_state@@@Z 00000001800090c0 f   p5engine.obj
 0001:000081a0       ?FillGroundChunkWork@@YAXPEAUplatform_work_queue@@PEAX@Z 00000001800091a0 f   p5engine.obj
 0001:00008200       ?FillGroundChunk@@YAXPEAUtransient_state@@PEAUgame_state@@PEAUground_buffer@@PEAUworld_position@@@Z 0000000180009200 f   p5engine.obj
 0001:00008a50       ?ClearBitmap@@YAXPEAUloaded_bitmap@@@Z 0000000180009a50 f   p5engine.obj
 0001:00008ab0       ?MakeEmptyBitmap@@YA?AUloaded_bitmap@@PEAUmemory_arena@@HHH@Z 0000000180009ab0 f   p5engine.obj
 0001:00008ba0       ?MakeSphereDiffuseMap@@YAXPEAUloaded_bitmap@@MM@Z 0000000180009ba0 f   p5engine.obj
 0001:00008ed0       ?MakeSphereNormalMap@@YAXPEAUloaded_bitmap@@MMM@Z 0000000180009ed0 f   p5engine.obj
 0001:000092b0       ?SetTopDownAlign@@YAXPEAUhero_bitmaps@@Tv2@@@Z 000000018000a2b0 f   p5engine.obj
 0001:00009300       ?LoadAssetWork@@YAXPEAUplatform_work_queue@@PEAX@Z 000000018000a300 f   p5engine.obj
 0001:0000d1f4       $LN145                     000000018000e1f4     p5engine.obj
 0001:00012120       $$000000                   0000000180013120     MSVCRTD:chkstk.obj
 0001:00012180       $$000000                   0000000180013180     MSVCRTD:amdsecgs.obj
 0001:000121b0       ?dllmain_crt_dispatch@@YAHQEAUHINSTANCE__@@KQEAX@Z 00000001800131b0 f   MSVCRTD:dll_dllmain.obj
 0001:00012240       ?dllmain_crt_process_attach@@YAHQEAUHINSTANCE__@@QEAX@Z 0000000180013240 f   MSVCRTD:dll_dllmain.obj
 0001:00012380       ?dllmain_crt_process_detach@@YAH_N@Z 0000000180013380 f   MSVCRTD:dll_dllmain.obj
 0001:00012420       ?dllmain_dispatch@@YAHQEAUHINSTANCE__@@KQEAX@Z 0000000180013420 f   MSVCRTD:dll_dllmain.obj
 0001:00012560       ?dllmain_raw@@YAHQEAUHINSTANCE__@@KQEAX@Z 0000000180013560 f   MSVCRTD:dll_dllmain.obj
 0001:00012720       capture_previous_context   0000000180013720 f   MSVCRTD:gs_report.obj
 0001:000127e0       __get_entropy              00000001800137e0 f   MSVCRTD:gs_support.obj
 0001:00012a30       ?find_pe_section@@YAPEAU_IMAGE_SECTION_HEADER@@QEAE_K@Z 0000000180013a30 f   MSVCRTD:utility.obj
 0001:00012b10       ?is_potentially_valid_image_base@@YA_NQEAX@Z 0000000180013b10 f   MSVCRTD:utility.obj
 0001:000136c0       $$000000                   00000001800146c0     MSVCRTD:guard_dispatch.obj
 0001:000136e0       $$000000                   00000001800146e0     MSVCRTD:guard_xfg_dispatch.obj
 0001:00013700       ?fin$0@?0??dllmain_crt_process_attach@@YAHQEAUHINSTANCE__@@QEAX@Z@4HA 0000000180014700 f   MSVCRTD:dll_dllmain.obj
 0001:00013720       ?fin$0@?0??dllmain_crt_process_detach@@YAH_N@Z@4HA 0000000180014720 f   MSVCRTD:dll_dllmain.obj
 0001:0001373a       ?fin$1@?0??dllmain_crt_process_detach@@YAH_N@Z@4HA 000000018001473a f   MSVCRTD:dll_dllmain.obj
 0001:00013750       ?filt$0@?0??dllmain_dispatch@@YAHQEAUHINSTANCE__@@KQEAX@Z@4HA 0000000180014750 f   MSVCRTD:dll_dllmain.obj
 0001:000137a0       __scrt_is_nonwritable_in_current_image$filt$0 00000001800147a0 f   MSVCRTD:utility.obj
 0002:00000170       $SG29684                   0000000180015170     p5engine.obj
 0002:00000180       $SG30111                   0000000180015180     p5engine.obj
 0002:00000190       $SG31357                   0000000180015190     p5engine.obj
 0002:00000198       $SG31359                   0000000180015198     p5engine.obj
 0002:000001a8       $SG31361                   00000001800151a8     p5engine.obj
 0002:000001c0       $SG31363                   00000001800151c0     p5engine.obj
 0002:000001d8       $SG31365                   00000001800151d8     p5engine.obj
 0002:000001f0       $SG31367                   00000001800151f0     p5engine.obj
 0002:00000208       $SG31369                   0000000180015208     p5engine.obj
 0002:00000218       $SG31755                   0000000180015218     p5engine.obj
 0002:00000230       $SG31756                   0000000180015230     p5engine.obj
 0002:00000248       $SG31757                   0000000180015248     p5engine.obj
 0002:00000260       $SG31758                   0000000180015260     p5engine.obj
 0002:00000278       $SG31759                   0000000180015278     p5engine.obj
 0002:00000290       $SG31760                   0000000180015290     p5engine.obj
 0002:000002a8       $SG31761                   00000001800152a8     p5engine.obj
 0002:000002c8       $SG31762                   00000001800152c8     p5engine.obj
 0002:000002e0       $SG31763                   00000001800152e0     p5engine.obj
 0002:000002f8       $SG31764                   00000001800152f8     p5engine.obj
 0002:00000318       $SG31765                   0000000180015318     p5engine.obj
 0002:00000330       $SG31766                   0000000180015330     p5engine.obj
 0002:00000348       $SG31767                   0000000180015348     p5engine.obj
 0002:00000360       $SG31768                   0000000180015360     p5engine.obj
 0002:00000378       $SG31819                   0000000180015378     p5engine.obj
 0002:00000528       GS_ExceptionPointers       0000000180015528     MSVCRTD:gs_report.obj
 0002:00000b68       $unwind$?GetBitmap@@YAPEAUloaded_bitmap@@PEAUgame_assets@@W4game_asset_id@@@Z 0000000180015b68     p5engine.obj
 0002:00000b68       $unwind$?GetLowEntity@@YAPEAUlow_entity@@PEAUgame_state@@I@Z 0000000180015b68     p5engine.obj
 0002:00000b68       $unwind$?HasFlag@@YAHPEAUsim_entity@@I@Z 0000000180015b68     p5engine.obj
 0002:00000b68       $unwind$?RandomChoice@@YAIPEAUrandom_series@@I@Z 0000000180015b68     p5engine.obj
 0002:00000b68       $unwind$GetController      0000000180015b68     p5engine.obj
 0002:00000b70       $unwind$?InitializeArena@@YAXPEAUmemory_arena@@_KPEAX@Z 0000000180015b70     p5engine.obj
 0002:00000b78       $unwind$?GetAlignmentOffset@@YA_KPEAUmemory_arena@@_K@Z 0000000180015b78     p5engine.obj
 0002:00000b80       $unwind$??Y@YAAEATv2@@AEAT0@T0@@Z 0000000180015b80     p5engine.obj
 0002:00000b80       $unwind$?GetArenaSizeRemaining@@YA_KPEAUmemory_arena@@_K@Z 0000000180015b80     p5engine.obj
 0002:00000b80       $unwind$?Hadamard@@YA?ATv2@@T1@0@Z 0000000180015b80     p5engine.obj
 0002:00000b80       $unwind$?Inner@@YAMTv2@@0@Z 0000000180015b80     p5engine.obj
 0002:00000b80       $unwind$?Inner@@YAMTv3@@0@Z 0000000180015b80     p5engine.obj
 0002:00000b80       $unwind$?IsCanonical@@YAHPEAUworld@@Tv3@@@Z 0000000180015b80     p5engine.obj
 0002:00000b80       $unwind$?IsInRectangle@@YAHUrectangle3@@Tv3@@@Z 0000000180015b80     p5engine.obj
 0002:00000b80       $unwind$?RectanglesIntersect@@YAHUrectangle3@@0@Z 0000000180015b80     p5engine.obj
 0002:00000b80       $unwind$?ZeroSize@@YAX_KPEAX@Z 0000000180015b80     p5engine.obj
 0002:00000b80       $unwind$?find_pe_section@@YAPEAU_IMAGE_SECTION_HEADER@@QEAE_K@Z 0000000180015b80     MSVCRTD:utility.obj
 0002:00000b88       $unwind$?PushSize_@@YAPEAXPEAUmemory_arena@@_K1@Z 0000000180015b88     p5engine.obj
 0002:00000b90       $unwind$?BeginTemporaryMemory@@YA?AUtemporary_memory@@PEAUmemory_arena@@@Z 0000000180015b90     p5engine.obj
 0002:00000ba4       $unwind$?AllResourcesPresent@@YAHPEAUrender_group@@@Z 0000000180015ba4     p5engine.obj
 0002:00000ba4       $unwind$?EndTemporaryMemory@@YAXUtemporary_memory@@@Z 0000000180015ba4     p5engine.obj
 0002:00000ba4       $unwind$?GetClampedRectArea@@YAHUrectangle2i@@@Z 0000000180015ba4     p5engine.obj
 0002:00000ba4       $unwind$?GetDim@@YA?ATv2@@Urectangle2@@@Z 0000000180015ba4     p5engine.obj
 0002:00000ba4       $unwind$?HasArea@@YAHUrectangle2i@@@Z 0000000180015ba4     p5engine.obj
 0002:00000ba4       $unwind$?IsValid@@YAHUworld_position@@@Z 0000000180015ba4     p5engine.obj
 0002:00000ba4       $unwind$?LengthSq@@YAMTv2@@@Z 0000000180015ba4     p5engine.obj
 0002:00000ba4       $unwind$?RandomBilateral@@YAMPEAUrandom_series@@@Z 0000000180015ba4     p5engine.obj
 0002:00000ba4       $unwind$?RandomNextUInt32@@YAIPEAUrandom_series@@@Z 0000000180015ba4     p5engine.obj
 0002:00000ba4       $unwind$?RandomUnilateral@@YAMPEAUrandom_series@@@Z 0000000180015ba4     p5engine.obj
 0002:00000ba4       $unwind$__CheckForDebuggerJustMyCode 0000000180015ba4     MSVCRTD:debugger_jmc.obj
 0002:00000ba4       $unwind$__report_gsfailure 0000000180015ba4     MSVCRTD:gs_report.obj
 0002:00000bac       $unwind$?CheckArena@@YAXPEAUmemory_arena@@@Z 0000000180015bac     p5engine.obj
 0002:00000bac       $unwind$?StoreEntityReference@@YAXPEATentity_reference@@@Z 0000000180015bac     p5engine.obj
 0002:00000bac       $unwind$__raise_securityfailure 0000000180015bac     MSVCRTD:gs_report.obj
 0002:00000bac       $unwind$?is_potentially_valid_image_base@@YA_NQEAX@Z 0000000180015bac     MSVCRTD:utility.obj
 0002:00000bb4       $unwind$?SubArena@@YAXPEAUmemory_arena@@0_K1@Z 0000000180015bb4     p5engine.obj
 0002:00000bb4       $unwind$__GSHandlerCheck   0000000180015bb4     MSVCRTD:gshandler.obj
 0002:00000bbc       $unwind$?AtomicCompareExchangeUInt32@@YAIPECIII@Z 0000000180015bbc     p5engine.obj
 0002:00000bbc       $unwind$?PushRenderElement_@@YAPEAXPEAUrender_group@@IW4render_group_entry_type@@@Z 0000000180015bbc     p5engine.obj
 0002:00000bbc       $unwind$?dllmain_crt_dispatch@@YAHQEAUHINSTANCE__@@KQEAX@Z 0000000180015bbc     MSVCRTD:dll_dllmain.obj
 0002:00000bbc       $unwind$?dllmain_raw@@YAHQEAUHINSTANCE__@@KQEAX@Z 0000000180015bbc     MSVCRTD:dll_dllmain.obj
 0002:00000bc4       $unwind$?AbsoluteValue@@YAMM@Z 0000000180015bc4     p5engine.obj
 0002:00000bc4       $unwind$?CeilReal32ToInt32@@YAHM@Z 0000000180015bc4     p5engine.obj
 0002:00000bc4       $unwind$?Clamp01@@YAMM@Z   0000000180015bc4     p5engine.obj
 0002:00000bc4       $unwind$?FloorReal32ToInt32@@YAHM@Z 0000000180015bc4     p5engine.obj
 0002:00000bc4       $unwind$?RoundReal32ToInt32@@YAHM@Z 0000000180015bc4     p5engine.obj
 0002:00000bc4       $unwind$?RoundReal32ToUInt32@@YAIM@Z 0000000180015bc4     p5engine.obj
 0002:00000bc4       $unwind$?Sin@@YAMM@Z       0000000180015bc4     p5engine.obj
 0002:00000bc4       $unwind$?Square@@YAMM@Z    0000000180015bc4     p5engine.obj
 0002:00000bc4       $unwind$?SquareRoot@@YAMM@Z 0000000180015bc4     p5engine.obj
 0002:00000bcc       $unwind$?FindLeastSignificantSetBit@@YA?AUbit_scan_result@@I@Z 0000000180015bcc     p5engine.obj
 0002:00000bcc       $unwind$?RandomSeed@@YA?AUrandom_series@@I@Z 0000000180015bcc     p5engine.obj
 0002:00000bdc       $unwind$?Clamp01MapToRange@@YAMMMM@Z 0000000180015bdc     p5engine.obj
 0002:00000bdc       $unwind$?Clamp@@YAMMMM@Z   0000000180015bdc     p5engine.obj
 0002:00000bdc       $unwind$?SafeRatioN@@YAMMMM@Z 0000000180015bdc     p5engine.obj
 0002:00000be4       $unwind$?IsCanonical@@YAHMM@Z 0000000180015be4     p5engine.obj
 0002:00000be4       $unwind$?SafeRatio0@@YAMMM@Z 0000000180015be4     p5engine.obj
 0002:00000be4       $unwind$?SafeRatio1@@YAMMM@Z 0000000180015be4     p5engine.obj
 0002:00000bec       $unwind$?V2@@YA?ATv2@@MM@Z 0000000180015bec     p5engine.obj
 0002:00000bfc       $unwind$?V2i@@YA?ATv2@@HH@Z 0000000180015bfc     p5engine.obj
 0002:00000c04       $unwind$??D@YA?ATv2@@MT0@@Z 0000000180015c04     p5engine.obj
 0002:00000c14       $unwind$??G@YA?ATv2@@T0@0@Z 0000000180015c14     p5engine.obj
 0002:00000c14       $unwind$??H@YA?ATv2@@T0@0@Z 0000000180015c14     p5engine.obj
 0002:00000c14       $unwind$?GetBarycentric@@YA?ATv2@@Urectangle2@@T1@@Z 0000000180015c14     p5engine.obj
 0002:00000c24       $unwind$?Clamp01@@YA?ATv2@@T1@@Z 0000000180015c24     p5engine.obj
 0002:00000c34       $unwind$?V3@@YA?ATv3@@MMM@Z 0000000180015c34     p5engine.obj
 0002:00000c34       $unwind$?V4@@YA?ATv4@@MMMM@Z 0000000180015c34     p5engine.obj
 0002:00000c48       $unwind$??D@YA?ATv3@@MT0@@Z 0000000180015c48     p5engine.obj
 0002:00000c48       $unwind$??D@YA?ATv4@@MT0@@Z 0000000180015c48     p5engine.obj
 0002:00000c48       $unwind$?ToV3@@YA?ATv3@@Tv2@@M@Z 0000000180015c48     p5engine.obj
 0002:00000c5c       $unwind$??D@YA?ATv3@@T0@M@Z 0000000180015c5c     p5engine.obj
 0002:00000c5c       $unwind$?GetCameraRectangleAtDistance@@YA?AUrectangle2@@PEAUrender_group@@M@Z 0000000180015c5c     p5engine.obj
 0002:00000c68       $unwind$??X@YAAEATv3@@AEAT0@M@Z 0000000180015c68     p5engine.obj
 0002:00000c74       $unwind$??G@YA?ATv3@@T0@0@Z 0000000180015c74     p5engine.obj
 0002:00000c74       $unwind$??H@YA?ATv3@@T0@0@Z 0000000180015c74     p5engine.obj
 0002:00000c88       $unwind$??Y@YAAEATv3@@AEAT0@T0@@Z 0000000180015c88     p5engine.obj
 0002:00000c88       $unwind$??Z@YAAEATv3@@AEAT0@T0@@Z 0000000180015c88     p5engine.obj
 0002:00000c88       $unwind$?GetDim@@YA?ATv3@@Urectangle3@@@Z 0000000180015c88     p5engine.obj
 0002:00000c94       $unwind$?AreInSameChunk@@YAHPEAUworld@@PEAUworld_position@@1@Z 0000000180015c94     p5engine.obj
 0002:00000c94       $unwind$?Hadamard@@YA?ATv3@@T1@0@Z 0000000180015c94     p5engine.obj
 0002:00000c94       $unwind$?RectCenterDim@@YA?AUrectangle2@@Tv2@@0@Z 0000000180015c94     p5engine.obj
 0002:00000ca0       $unwind$?LengthSq@@YAMTv3@@@Z 0000000180015ca0     p5engine.obj
 0002:00000cac       $unwind$?Length@@YAMTv3@@@Z 0000000180015cac     p5engine.obj
 0002:00000cac       $unwind$?MakeEntityNonSpatial@@YAXPEAUsim_entity@@@Z 0000000180015cac     p5engine.obj
 0002:00000cb8       $unwind$?RectCenterHalfDim@@YA?AUrectangle2@@Tv2@@0@Z 0000000180015cb8     p5engine.obj
 0002:00000ccc       $unwind$?Intersect@@YA?AUrectangle2i@@U1@0@Z 0000000180015ccc     p5engine.obj
 0002:00000cd8       $unwind$?EndTaskWithMemory@@YAXPEAUtask_with_memory@@@Z 0000000180015cd8     p5engine.obj
 0002:00000cd8       $unwind$?InvertedInfinityRectangle@@YA?AUrectangle2i@@XZ 0000000180015cd8     p5engine.obj
 0002:00000ce4       $unwind$?Clear@@YAXPEAUrender_group@@Tv4@@@Z 0000000180015ce4     p5engine.obj
 0002:00000ce4       $unwind$?GetMaxCorner@@YA?ATv3@@Urectangle3@@@Z 0000000180015ce4     p5engine.obj
 0002:00000ce4       $unwind$?GetMinCorner@@YA?ATv3@@Urectangle3@@@Z 0000000180015ce4     p5engine.obj
 0002:00000cf0       $unwind$?RectMinMax@@YA?AUrectangle3@@Tv3@@0@Z 0000000180015cf0     p5engine.obj
 0002:00000d04       $unwind$?AddRadiusTo@@YA?AUrectangle3@@U1@Tv3@@@Z 0000000180015d04     p5engine.obj
 0002:00000d04       $unwind$?RectCenterHalfDim@@YA?AUrectangle3@@Tv3@@0@Z 0000000180015d04     p5engine.obj
 0002:00000d18       $unwind$?RectCenterDim@@YA?AUrectangle3@@Tv3@@0@Z 0000000180015d18     p5engine.obj
 0002:00000d24       $unwind$?AddFlags@@YAXPEAUsim_entity@@I@Z 0000000180015d24     p5engine.obj
 0002:00000d24       $unwind$?ClearFlags@@YAXPEAUsim_entity@@I@Z 0000000180015d24     p5engine.obj
 0002:00000d2c       $unwind$?MakeEntitySpatial@@YAXPEAUsim_entity@@Tv3@@1@Z 0000000180015d2c     p5engine.obj
 0002:00000d38       $unwind$?GetEntityGroundPoint@@YA?ATv3@@PEAUsim_entity@@T1@@Z 0000000180015d38     p5engine.obj
 0002:00000d44       $unwind$?GetEntityGroundPoint@@YA?ATv3@@PEAUsim_entity@@@Z 0000000180015d44     p5engine.obj
 0002:00000d50       $unwind$?GetStairGround@@YAMPEAUsim_entity@@Tv3@@@Z 0000000180015d50     p5engine.obj
 0002:00000d5c       $unwind$?AddCollisionRule@@YAXPEAUgame_state@@IIH@Z 0000000180015d5c     p5engine.obj
 0002:00000d64       $unwind$?ClearCollisionRulesFor@@YAXPEAUgame_state@@I@Z 0000000180015d64     p5engine.obj
 0002:00000d6c       $unwind$?LoadAsset@@YAXPEAUgame_assets@@W4game_asset_id@@@Z 0000000180015d6c     p5engine.obj
 0002:00000d74       $unwind$?DrawRectangle@@YAXPEAUloaded_bitmap@@Tv2@@1Tv4@@Urectangle2i@@H@Z 0000000180015d74     p5engine.obj
 0002:00000d80       $unwind$?DrawRectangleQuickly@@YAXPEAUloaded_bitmap@@Tv2@@11Tv4@@0MUrectangle2i@@H@Z 0000000180015d80     p5engine.obj
 0002:00000d94       $unwind$?RenderGroupToOutput@@YAXPEAUrender_group@@PEAUloaded_bitmap@@Urectangle2i@@H@Z 0000000180015d94     p5engine.obj
 0002:00000da0       $unwind$?DoTiledRenderWork@@YAXPEAUplatform_work_queue@@PEAX@Z 0000000180015da0     p5engine.obj
 0002:00000dac       $unwind$?RenderGroupToOutput@@YAXPEAUrender_group@@PEAUloaded_bitmap@@@Z 0000000180015dac     p5engine.obj
 0002:00000dc0       $unwind$?TiledRenderGroupToOutput@@YAXPEAUplatform_work_queue@@PEAUrender_group@@PEAUloaded_bitmap@@@Z 0000000180015dc0     p5engine.obj
 0002:00000dd4       $unwind$?AllocateRenderGroup@@YAPEAUrender_group@@PEAUgame_assets@@PEAUmemory_arena@@I@Z 0000000180015dd4     p5engine.obj
 0002:00000de0       $unwind$?InitializeWorld@@YAXPEAUworld@@Tv3@@@Z 0000000180015de0     p5engine.obj
 0002:00000dec       $unwind$?Subtract@@YA?ATv3@@PEAUworld@@PEAUworld_position@@1@Z 0000000180015dec     p5engine.obj
 0002:00000e00       $unwind$?ChangeEntityLocation@@YAXPEAUmemory_arena@@PEAUworld@@IPEAUlow_entity@@Uworld_position@@@Z 0000000180015e00     p5engine.obj
 0002:00000e0c       $unwind$?GetHashFromStorageIndex@@YAPEAUsim_entity_hash@@PEAUsim_region@@I@Z 0000000180015e0c     p5engine.obj
 0002:00000e14       $unwind$?AddEntity@@YAPEAUsim_entity@@PEAUgame_state@@PEAUsim_region@@IPEAUlow_entity@@PEATv3@@@Z 0000000180015e14     p5engine.obj
 0002:00000e20       $unwind$?AddEntityRaw@@YAPEAUsim_entity@@PEAUgame_state@@PEAUsim_region@@IPEAUlow_entity@@@Z 0000000180015e20     p5engine.obj
 0002:00000e2c       $unwind$?BeginSim@@YAPEAUsim_region@@PEAUmemory_arena@@PEAUgame_state@@PEAUworld@@Uworld_position@@Urectangle3@@M@Z 0000000180015e2c     p5engine.obj
 0002:00000e40       $unwind$?EndSim@@YAXPEAUsim_region@@PEAUgame_state@@@Z 0000000180015e40     p5engine.obj
 0002:00000e4c       $unwind$?CanCollide@@YAHPEAUgame_state@@PEAUsim_entity@@1@Z 0000000180015e4c     p5engine.obj
 0002:00000e54       $unwind$?HandleCollision@@YAHPEAUgame_state@@PEAUsim_entity@@1@Z 0000000180015e54     p5engine.obj
 0002:00000e5c       $unwind$?CanOverlap@@YAHPEAUgame_state@@PEAUsim_entity@@1@Z 0000000180015e5c     p5engine.obj
 0002:00000e64       $unwind$?HandleOverlap@@YAXPEAUgame_state@@PEAUsim_entity@@1MPEAM@Z 0000000180015e64     p5engine.obj
 0002:00000e70       $unwind$?SpeculativeCollide@@YAHPEAUsim_entity@@0Tv3@@@Z 0000000180015e70     p5engine.obj
 0002:00000e7c       $unwind$?EntitiesOverlap@@YAHPEAUsim_entity@@0Tv3@@@Z 0000000180015e7c     p5engine.obj
 0002:00000e88       $unwind$?MoveEntity@@YAXPEAUgame_state@@PEAUsim_region@@PEAUsim_entity@@MPEAUmove_spec@@Tv3@@@Z 0000000180015e88     p5engine.obj
 0002:00000e9c       $unwind$?GameOutputSound@@YAXPEAUgame_state@@PEAUgame_sound_output_buffer@@H@Z 0000000180015e9c     p5engine.obj
 0002:00000ea4       $unwind$?TopDownAlign@@YA?ATv2@@PEAUloaded_bitmap@@T1@@Z 0000000180015ea4     p5engine.obj
 0002:00000eac       $unwind$?DEBUGLoadBMP@@YA?AUloaded_bitmap@@PEAUthread_context@@P6A?AUdebug_read_file_result@@0PEAD@Z1HH@Z 0000000180015eac     p5engine.obj
 0002:00000ec0       $unwind$?DEBUGLoadBMP@@YA?AUloaded_bitmap@@PEAUthread_context@@P6A?AUdebug_read_file_result@@0PEAD@Z1@Z 0000000180015ec0     p5engine.obj
 0002:00000ecc       $unwind$?AddLowEntity@@YA?AUadd_low_entity_result@@PEAUgame_state@@W4entity_type@@Uworld_position@@@Z 0000000180015ecc     p5engine.obj
 0002:00000ee0       $unwind$?AddGroundedEntity@@YA?AUadd_low_entity_result@@PEAUgame_state@@W4entity_type@@Uworld_position@@PEAUsim_entity_collision_volume_group@@@Z 0000000180015ee0     p5engine.obj
 0002:00000eec       $unwind$?AddStandardRoom@@YA?AUadd_low_entity_result@@PEAUgame_state@@III@Z 0000000180015eec     p5engine.obj
 0002:00000ef8       $unwind$?AddWall@@YA?AUadd_low_entity_result@@PEAUgame_state@@III@Z 0000000180015ef8     p5engine.obj
 0002:00000f04       $unwind$?AddStairs@@YA?AUadd_low_entity_result@@PEAUgame_state@@III@Z 0000000180015f04     p5engine.obj
 0002:00000f10       $unwind$?InitHitPoints@@YAXPEAUlow_entity@@I@Z 0000000180015f10     p5engine.obj
 0002:00000f18       $unwind$?AddSword@@YA?AUadd_low_entity_result@@PEAUgame_state@@@Z 0000000180015f18     p5engine.obj
 0002:00000f24       $unwind$?AddPlayer@@YA?AUadd_low_entity_result@@PEAUgame_state@@@Z 0000000180015f24     p5engine.obj
 0002:00000f30       $unwind$?AddMonstar@@YA?AUadd_low_entity_result@@PEAUgame_state@@III@Z 0000000180015f30     p5engine.obj
 0002:00000f3c       $unwind$?AddFamiliar@@YA?AUadd_low_entity_result@@PEAUgame_state@@III@Z 0000000180015f3c     p5engine.obj
 0002:00000f48       $unwind$?DrawHitpoints@@YAXPEAUsim_entity@@PEAUrender_group@@@Z 0000000180015f48     p5engine.obj
 0002:00000f5c       $unwind$?MakeSimpleGroundedCollision@@YAPEAUsim_entity_collision_volume_group@@PEAUgame_state@@MMM@Z 0000000180015f5c     p5engine.obj
 0002:00000f68       $unwind$?MakeNullCollision@@YAPEAUsim_entity_collision_volume_group@@PEAUgame_state@@@Z 0000000180015f68     p5engine.obj
 0002:00000f74       $unwind$?BeginTaskWithMemory@@YAPEAUtask_with_memory@@PEAUtransient_state@@@Z 0000000180015f74     p5engine.obj
 0002:00000f80       $unwind$?FillGroundChunkWork@@YAXPEAUplatform_work_queue@@PEAX@Z 0000000180015f80     p5engine.obj
 0002:00000f88       $unwind$?FillGroundChunk@@YAXPEAUtransient_state@@PEAUgame_state@@PEAUground_buffer@@PEAUworld_position@@@Z 0000000180015f88     p5engine.obj
 0002:00000f9c       $unwind$?ClearBitmap@@YAXPEAUloaded_bitmap@@@Z 0000000180015f9c     p5engine.obj
 0002:00000fa4       $unwind$?MakeEmptyBitmap@@YA?AUloaded_bitmap@@PEAUmemory_arena@@HHH@Z 0000000180015fa4     p5engine.obj
 0002:00000fb8       $unwind$?MakeSphereDiffuseMap@@YAXPEAUloaded_bitmap@@MM@Z 0000000180015fb8     p5engine.obj
 0002:00000fc4       $unwind$?MakeSphereNormalMap@@YAXPEAUloaded_bitmap@@MMM@Z 0000000180015fc4     p5engine.obj
 0002:00000fd0       $unwind$?SetTopDownAlign@@YAXPEAUhero_bitmaps@@Tv2@@@Z 0000000180015fd0     p5engine.obj
 0002:00000fd8       $unwind$?LoadAssetWork@@YAXPEAUplatform_work_queue@@PEAX@Z 0000000180015fd8     p5engine.obj
 0002:00000fe4       $unwind$GameUpdateAndRender 0000000180015fe4     p5engine.obj
 0002:00000ff8       $unwind$GameGetSoundSamples 0000000180015ff8     p5engine.obj
 0002:00001000       $unwind$?Linear1ToSRGB255@@YA?ATv4@@T1@@Z 0000000180016000     p5engine.obj
 0002:00001000       $unwind$?SRGB255ToLinear1@@YA?ATv4@@T1@@Z 0000000180016000     p5engine.obj
 0002:00001014       $unwind$?GetRenderEntityBasisPos@@YA?AUentity_basis_p_result@@PEAUrender_transform@@Tv3@@@Z 0000000180016014     p5engine.obj
 0002:00001028       $unwind$?PushBitmap@@YAXPEAUrender_group@@PEAUloaded_bitmap@@Tv3@@MTv4@@@Z 0000000180016028     p5engine.obj
 0002:00001034       $unwind$?PushBitmap@@YAXPEAUrender_group@@W4game_asset_id@@Tv3@@MTv4@@@Z 0000000180016034     p5engine.obj
 0002:00001040       $unwind$?PushRect@@YAXPEAUrender_group@@Tv3@@Tv2@@Tv4@@@Z 0000000180016040     p5engine.obj
 0002:0000104c       $unwind$?PushRectOutline@@YAXPEAUrender_group@@Tv3@@Tv2@@Tv4@@@Z 000000018001604c     p5engine.obj
 0002:00001058       $unwind$?Orthographic@@YAXPEAUrender_group@@HHM@Z 0000000180016058     p5engine.obj
 0002:00001058       $unwind$?Perspective@@YAXPEAUrender_group@@HHMMM@Z 0000000180016058     p5engine.obj
 0002:00001060       $unwind$?RecanonicalizeCoord@@YAXMPEAHPEAM@Z 0000000180016060     p5engine.obj
 0002:00001060       $unwind$?Unproject@@YA?ATv2@@PEAUrender_group@@T1@M@Z 0000000180016060     p5engine.obj
 0002:00001068       $unwind$?GetCameraRectangleAtTarget@@YA?AUrectangle2@@PEAUrender_group@@@Z 0000000180016068     p5engine.obj
 0002:00001074       $unwind$?NullPosition@@YA?AUworld_position@@XZ 0000000180016074     p5engine.obj
 0002:00001088       $unwind$?GetWorldChunk@@YAPEAUworld_chunk@@PEAUworld@@HHHPEAUmemory_arena@@@Z 0000000180016088     p5engine.obj
 0002:00001088       $unwind$__scrt_dllmain_exception_filter 0000000180016088     MSVCRTD:utility.obj
 0002:00001090       $unwind$?MapIntoChunkSpace@@YA?AUworld_position@@PEAUworld@@U1@Tv3@@@Z 0000000180016090     p5engine.obj
 0002:000010a4       $unwind$?ChunkPositionFromTilePosition@@YA?AUworld_position@@PEAUworld@@HHHTv3@@@Z 00000001800160a4     p5engine.obj
 0002:000010b8       $unwind$?CenteredChunkPoint@@YA?AUworld_position@@III@Z 00000001800160b8     p5engine.obj
 0002:000010cc       $unwind$?ChangeEntityLocationRaw@@YAXPEAUmemory_arena@@PEAUworld@@IPEAUworld_position@@2@Z 00000001800160cc     p5engine.obj
 0002:000010d8       $unwind$?GetSimSpacePos@@YA?ATv3@@PEAUsim_region@@PEAUlow_entity@@@Z 00000001800160d8     p5engine.obj
 0002:000010e4       $unwind$?LoadEntityReference@@YAXPEAUgame_state@@PEAUsim_region@@PEATentity_reference@@@Z 00000001800160e4     p5engine.obj
 0002:000010f8       $unwind$?EntityOverlapsRectangle@@YAHTv3@@Usim_entity_collision_volume@@Urectangle3@@@Z 00000001800160f8     p5engine.obj
 0002:00001104       $unwind$?DefaultMoveSpec@@YA?AUmove_spec@@XZ 0000000180016104     p5engine.obj
 0002:00001118       $unwind$__GSHandlerCheckCommon 0000000180016118     MSVCRTD:gshandler.obj
 0002:00001120       $xdatasym                  0000000180016120     MSVCRTD:chkstk.obj
 0002:00001128       $xdatasym                  0000000180016128     MSVCRTD:amdsecgs.obj
 0002:0000112c       $unwind$?dllmain_crt_process_attach@@YAHQEAUHINSTANCE__@@QEAX@Z 000000018001612c     MSVCRTD:dll_dllmain.obj
 0002:0000114c       $unwind$?fin$0@?0??dllmain_crt_process_attach@@YAHQEAUHINSTANCE__@@QEAX@Z@4HA 000000018001614c     MSVCRTD:dll_dllmain.obj
 0002:0000114c       $unwind$?fin$0@?0??dllmain_crt_process_detach@@YAH_N@Z@4HA 000000018001614c     MSVCRTD:dll_dllmain.obj
 0002:0000114c       $unwind$?fin$1@?0??dllmain_crt_process_detach@@YAH_N@Z@4HA 000000018001614c     MSVCRTD:dll_dllmain.obj
 0002:0000114c       $unwind$__scrt_is_nonwritable_in_current_image$filt$0 000000018001614c     MSVCRTD:utility.obj
 0002:00001154       $unwind$?dllmain_crt_process_detach@@YAH_N@Z 0000000180016154     MSVCRTD:dll_dllmain.obj
 0002:00001184       $unwind$?dllmain_dispatch@@YAHQEAUHINSTANCE__@@KQEAX@Z 0000000180016184     MSVCRTD:dll_dllmain.obj
 0002:000011a4       $unwind$?filt$0@?0??dllmain_dispatch@@YAHQEAUHINSTANCE__@@KQEAX@Z@4HA 00000001800161a4     MSVCRTD:dll_dllmain.obj
 0002:000011ac       $unwind$_DllMainCRTStartup 00000001800161ac     MSVCRTD:dll_dllmain.obj
 0002:000011ac       $unwind$DllMain            00000001800161ac     MSVCRTD:dll_dllmain_stub.obj
 0002:000011b4       $unwind$capture_previous_context 00000001800161b4     MSVCRTD:gs_report.obj
 0002:000011bc       $unwind$__scrt_initialize_default_local_stdio_options 00000001800161bc     MSVCRTD:default_local_stdio_options.obj
 0002:000011bc       $unwind$__security_init_cookie 00000001800161bc     MSVCRTD:gs_support.obj
 0002:000011c4       $unwind$__get_entropy      00000001800161c4     MSVCRTD:gs_support.obj
 0002:000011cc       $unwind$?__scrt_initialize_type_info@@YAXXZ 00000001800161cc     MSVCRTD:tncleanup.obj
 0002:000011cc       $unwind$?__scrt_uninitialize_type_info@@YAXXZ 00000001800161cc     MSVCRTD:tncleanup.obj
 0002:000011cc       $unwind$?configure_argv@__scrt_narrow_argv_policy@@SAHXZ 00000001800161cc     MSVCRTD:utility.obj
 0002:000011cc       $unwind$?initialize_environment@__scrt_narrow_environment_policy@@SAHXZ 00000001800161cc     MSVCRTD:utility.obj
 0002:000011cc       $unwind$__scrt_dllmain_after_initialize_c 00000001800161cc     MSVCRTD:utility.obj
 0002:000011cc       $unwind$__scrt_dllmain_before_initialize_c 00000001800161cc     MSVCRTD:utility.obj
 0002:000011cc       $unwind$__scrt_dllmain_crt_thread_attach 00000001800161cc     MSVCRTD:utility.obj
 0002:000011cc       $unwind$__scrt_dllmain_crt_thread_detach 00000001800161cc     MSVCRTD:utility.obj
 0002:000011cc       $unwind$__scrt_dllmain_uninitialize_c 00000001800161cc     MSVCRTD:utility.obj
 0002:000011cc       $unwind$__scrt_dllmain_uninitialize_critical 00000001800161cc     MSVCRTD:utility.obj
 0002:000011d4       $unwind$__scrt_is_nonwritable_in_current_image 00000001800161d4     MSVCRTD:utility.obj
 0002:000011f4       $unwind$__scrt_acquire_startup_lock 00000001800161f4     MSVCRTD:utility.obj
 0002:000011fc       $unwind$__scrt_initialize_crt 00000001800161fc     MSVCRTD:utility.obj
 0002:000011fc       $unwind$__scrt_release_startup_lock 00000001800161fc     MSVCRTD:utility.obj
 0002:00001204       $unwind$__scrt_uninitialize_crt 0000000180016204     MSVCRTD:utility.obj
 0002:0000120c       $unwind$__scrt_initialize_onexit_tables 000000018001620c     MSVCRTD:utility.obj
 0002:00001218       $unwind$__scrt_fastfail    0000000180016218     MSVCRTD:utility_desktop.obj
 0002:00001224       $unwind$_RTC_Initialize    0000000180016224     MSVCRTD:initsect.obj
 0002:00001224       $unwind$_RTC_Terminate     0000000180016224     MSVCRTD:initsect.obj
 0002:00001230       $unwind$__isa_available_init 0000000180016230     MSVCRTD:cpu_disp.obj
 0002:00001240       $unwind$__scrt_is_ucrt_dll_in_use 0000000180016240     MSVCRTD:ucrt_detection.obj
 0002:00001248       $xdatasym                  0000000180016248     MSVCRTD:guard_dispatch.obj
 0002:00001250       $xdatasym                  0000000180016250     MSVCRTD:guard_xfg_dispatch.obj
 0002:00001260       .edata                     0000000180016260     P5Engine.exp
 0002:00001288       rgpv                       0000000180016288     P5Engine.exp
 0002:00001290       rgszName                   0000000180016290     P5Engine.exp
 0002:00001298       rgwOrd                     0000000180016298     P5Engine.exp
 0002:0000129c       szName                     000000018001629c     P5Engine.exp
 0002:000012a9       $N00001                    00000001800162a9     P5Engine.exp
 0002:000012bd       $N00002                    00000001800162bd     P5Engine.exp
 0002:00001468       .idata$6                   0000000180016468     vcruntimed:VCRUNTIME140D.dll
 0002:0000154c       .idata$6                   000000018001654c     ucrtd:ucrtbased.dll
 0002:000016c0       .idata$6                   00000001800166c0     kernel32:KERNEL32.dll
 0003:00000000       ?RandomNumberTable@@3PAIA  0000000180017000     p5engine.obj
 0003:00004048       ?PlatformAddEntry@@3P6AXPEAUplatform_work_queue@@P6AX0PEAX@Z1@ZEA 000000018001b048     p5engine.obj
 0003:00004050       ?PlatformCompleteAllWork@@3P6AXPEAUplatform_work_queue@@@ZEA 000000018001b050     p5engine.obj
 0003:00004058       ?__proc_attached@@3HA      000000018001b058     MSVCRTD:dll_dllmain.obj
 0003:00004060       GS_ExceptionRecord         000000018001b060     MSVCRTD:gs_report.obj
 0003:00004100       GS_ContextRecord           000000018001b100     MSVCRTD:gs_report.obj
 0003:00004600       ?is_initialized_as_dll@@3_NA 000000018001b600     MSVCRTD:utility.obj
 0003:00004601       ?module_local_atexit_table_initialized@@3_NA 000000018001b601     MSVCRTD:utility.obj
 0003:00004608       ?module_local_atexit_table@@3U_onexit_table_t@@A 000000018001b608     MSVCRTD:utility.obj
 0003:00004620       ?module_local_at_quick_exit_table@@3U_onexit_table_t@@A 000000018001b620     MSVCRTD:utility.obj
 0005:00000000       __20BB4341_malloc@h        000000018001d000     p5engine.obj
 0005:00000001       __13F3F6DF_p5engine_platform@h 000000018001d001     p5engine.obj
 0005:00000002       __741AE07E_corecrt_math@h  000000018001d002     p5engine.obj
 0005:00000003       __59D680CA_p5engine_intrinsics@h 000000018001d003     p5engine.obj
 0005:00000004       __F7DD5931_p5engine_math@h 000000018001d004     p5engine.obj
 0005:00000005       __3D1D9D14_p5engine_entity@h 000000018001d005     p5engine.obj
 0005:00000006       __041FA700_p5engine@h      000000018001d006     p5engine.obj
 0005:00000007       __90CAD781_p5engine_render_group@cpp 000000018001d007     p5engine.obj
 0005:00000008       __FB00506F_p5engine_world@cpp 000000018001d008     p5engine.obj
 0005:00000009       __F0D5BF50_p5engine_sim_region@cpp 000000018001d009     p5engine.obj
 0005:0000000a       __D37FE29A_p5engine_entity@cpp 000000018001d00a     p5engine.obj
 0005:0000000b       __7BC1EBB1_p5engine_random@h 000000018001d00b     p5engine.obj
 0005:0000000c       __3BDDD57F_p5engine@cpp    000000018001d00c     p5engine.obj
 0006:00000060       $R000000                   000000018001e060     * linker generated manifest res *
