 P5Engine

 Timestamp is 6146dc73 (Sat Sep 18 23:45:07 2021)

 Preferred load address is 0000000180000000

 Start         Length     Name                   Class
 0001:00000000 00010000H .textbss                DATA
 0002:00000000 00014cb0H .text$mn                CODE
 0002:00014cb0 00001040H .text$mn$00             CODE
 0002:00015cf0 00001141H .text$x                 CODE
 0003:00000000 00000110H .CRT$XCA                DATA
 0003:00000110 00000110H .CRT$XCZ                DATA
 0003:00000220 00000110H .CRT$XIA                DATA
 0003:00000330 00000110H .CRT$XIZ                DATA
 0003:00000440 00000110H .CRT$XPA                DATA
 0003:00000550 00000110H .CRT$XPZ                DATA
 0003:00000660 00000110H .CRT$XTA                DATA
 0003:00000770 00000110H .CRT$XTZ                DATA
 0003:00000880 00004100H .rdata                  DATA
 0003:00004980 00000110H .rdata$CastGuardVftablesA DATA
 0003:00004a90 0000010cH .rdata$CastGuardVftablesC DATA
 0003:00004b9c 0000017cH .rdata$zzzdbg           DATA
 0003:00004d18 00000110H .rtc$IAA                DATA
 0003:00004e28 00000110H .rtc$IMZ                DATA
 0003:00004f38 00000110H .rtc$IZZ                DATA
 0003:00005048 00000110H .rtc$TAA                DATA
 0003:00005158 00000110H .rtc$TMZ                DATA
 0003:00005268 00000110H .rtc$TZZ                DATA
 0003:00005378 00001248H .xdata                  DATA
 0003:000065c0 00000187H .edata                  DATA
 0004:00000000 00004e40H .data                   DATA
 0004:00004e40 00000788H .bss                    DATA
 0005:00000000 000026e8H .pdata                  DATA
 0006:00000000 00000340H .idata$5                DATA
 0006:00000340 0000003cH .idata$2                DATA
 0006:0000037c 00000014H .idata$3                DATA
 0006:00000390 00000340H .idata$4                DATA
 0006:000006d0 00000656H .idata$6                DATA
 0007:00000000 0000010eH .msvcjmc                DATA
 0008:00000000 00000151H .00cfg                  DATA
 0009:00000000 00000170H .rsrc$01                DATA
 0009:00000170 000001b6H .rsrc$02                DATA

  Address         Publics by Value              Rva+Base               Lib:Object

 0000:00000000       __guard_longjmp_count      0000000000000000     <absolute>
 0000:00000000       __guard_longjmp_table      0000000000000000     <absolute>
 0000:00000000       ___safe_se_handler_table   0000000000000000     <absolute>
 0000:00000000       __hybrid_auxiliary_iat_copy 0000000000000000     <absolute>
 0000:00000000       __arm64x_redirection_metadata 0000000000000000     <absolute>
 0000:00000000       __x64_code_ranges_to_entry_points 0000000000000000     <absolute>
 0000:00000000       __arm64x_redirection_metadata_count 0000000000000000     <absolute>
 0000:00000000       __hybrid_auxiliary_iat     0000000000000000     <absolute>
 0000:00000000       __guard_iat_table          0000000000000000     <absolute>
 0000:00000000       __guard_fids_count         0000000000000000     <absolute>
 0000:00000000       __hybrid_code_map_count    0000000000000000     <absolute>
 0000:00000000       __enclave_config           0000000000000000     <absolute>
 0000:00000000       __arm64x_extra_rfe_table   0000000000000000     <absolute>
 0000:00000000       __hybrid_code_map          0000000000000000     <absolute>
 0000:00000000       __volatile_metadata        0000000000000000     <absolute>
 0000:00000000       __arm64x_extra_rfe_table_size 0000000000000000     <absolute>
 0000:00000000       __dynamic_value_reloc_table 0000000000000000     <absolute>
 0000:00000000       __AbsoluteZero             0000000000000000     <absolute>
 0000:00000000       __guard_iat_count          0000000000000000     <absolute>
 0000:00000000       __arm64x_native_entrypoint 0000000000000000     <absolute>
 0000:00000000       ___safe_se_handler_count   0000000000000000     <absolute>
 0000:00000000       __guard_fids_table         0000000000000000     <absolute>
 0000:00000000       __guard_check_icall_a64n_fptr 0000000000000000     <absolute>
 0000:00000000       __guard_eh_cont_table      0000000000000000     <absolute>
 0000:00000000       __x64_code_ranges_to_entry_points_count 0000000000000000     <absolute>
 0000:00000000       __guard_eh_cont_count      0000000000000000     <absolute>
 0000:00000100       __guard_flags              0000000000000100     <absolute>
 0000:00000000       __ImageBase                0000000180000000     <linker-defined>
 0001:00000000       __enc$textbss$begin        0000000180001000     <linker-defined>
 0001:00010000       __enc$textbss$end          0000000180011000     <linker-defined>
 0002:000009b0       ??D@YA?ATv2@@MT0@@Z        00000001800119b0 f i p5engine.obj
 0002:00000a70       __JustMyCode_Default       0000000180011a70 f i p5engine.obj
 0002:00000aa0       ??D@YA?ATv2@@T0@M@Z        0000000180011aa0 f i p5engine.obj
 0002:00000b40       ??D@YA?ATv3@@MT0@@Z        0000000180011b40 f i p5engine.obj
 0002:00000c80       ??D@YA?ATv3@@T0@M@Z        0000000180011c80 f i p5engine.obj
 0002:00000d80       ??G@YA?ATv2@@T0@0@Z        0000000180011d80 f i p5engine.obj
 0002:00000e70       ??G@YA?ATv3@@T0@0@Z        0000000180011e70 f i p5engine.obj
 0002:00000fc0       ??H@YA?ATv2@@T0@0@Z        0000000180011fc0 f i p5engine.obj
 0002:000010b0       ??H@YA?ATv3@@T0@0@Z        00000001800120b0 f i p5engine.obj
 0002:00001200       ??X@YAAEATv3@@AEAT0@M@Z    0000000180012200 f i p5engine.obj
 0002:000012c0       ??Y@YAAEATv2@@AEAT0@T0@@Z  00000001800122c0 f i p5engine.obj
 0002:00001340       ??Y@YAAEATv3@@AEAT0@T0@@Z  0000000180012340 f i p5engine.obj
 0002:00001420       ??Z@YAAEATv3@@AEAT0@T0@@Z  0000000180012420 f i p5engine.obj
 0002:00001500       ?AbsoluteValue@@YAMM@Z     0000000180012500 f i p5engine.obj
 0002:00001d00       ?AddFlags@@YAXPEAUsim_entity@@I@Z 0000000180012d00 f i p5engine.obj
 0002:00002080       ?ZeroSize@@YAX_KPEAX@Z     0000000180013080 f i p5engine.obj
 0002:000024c0       ?AddRadiusTo@@YA?AUrectangle3@@U1@Tv3@@@Z 00000001800134c0 f i p5engine.obj
 0002:00002660       GetController              0000000180013660 f i p5engine.obj
 0002:00002e40       ?AreInSameChunk@@YAHPEAUworld@@PEAUworld_position@@1@Z 0000000180013e40 f i p5engine.obj
 0002:00003720       ?RandomBilateral@@YAMPEAUrandom_series@@@Z 0000000180014720 f i p5engine.obj
 0002:00003c10       ?ChangeEntityLocationRaw@@YAXPEAUmemory_arena@@PEAUworld@@IPEAUworld_position@@2@Z 0000000180014c10 f i p5engine.obj
 0002:00004010       ?RectanglesIntersect@@YAHUrectangle3@@0@Z 0000000180015010 f i p5engine.obj
 0002:00004110       ?ChunkPositionFromTilePosition@@YA?AUworld_position@@PEAUworld@@HHHTv3@@@Z 0000000180015110 f i p5engine.obj
 0002:000043c0       ?RoundReal32ToUInt32@@YAIM@Z 00000001800153c0 f i p5engine.obj
 0002:00004470       ?Clamp01@@YA?ATv2@@T1@@Z   0000000180015470 f i p5engine.obj
 0002:00004550       ?Clamp01@@YAMM@Z           0000000180015550 f i p5engine.obj
 0002:000045b0       ?Clamp@@YAMMMM@Z           00000001800155b0 f i p5engine.obj
 0002:00004780       ?ClearFlags@@YAXPEAUsim_entity@@I@Z 0000000180015780 f i p5engine.obj
 0002:00004bc0       ?V4@@YA?ATv4@@MMMM@Z       0000000180015bc0 f i p5engine.obj
 0002:00004cc0       ?DefaultMoveSpec@@YA?AUmove_spec@@XZ 0000000180015cc0 f i p5engine.obj
 0002:00004d90       ?RectCenterHalfDim@@YA?AUrectangle3@@Tv3@@0@Z 0000000180015d90 f i p5engine.obj
 0002:00006410       ?EntityOverlapsRectangle@@YAHTv3@@Usim_entity_collision_volume@@Urectangle3@@@Z 0000000180017410 f i p5engine.obj
 0002:00006640       ?FindLeastSignificantSetBit@@YA?AUbit_scan_result@@I@Z 0000000180017640 f i p5engine.obj
 0002:00006800       ?GetBarycentric@@YA?ATv2@@Urectangle2@@T1@@Z 0000000180017800 f i p5engine.obj
 0002:00006940       ?GetEntityGroundPoint@@YA?ATv3@@PEAUsim_entity@@@Z 0000000180017940 f i p5engine.obj
 0002:00006b10       ?GetLowEntity@@YAPEAUlow_entity@@PEAUgame_state@@I@Z 0000000180017b10 f i p5engine.obj
 0002:00006bb0       ?GetMaxCorner@@YA?ATv3@@Urectangle3@@@Z 0000000180017bb0 f i p5engine.obj
 0002:00006c70       ?GetMinCorner@@YA?ATv3@@Urectangle3@@@Z 0000000180017c70 f i p5engine.obj
 0002:00006d30       ?GetSimSpacePos@@YA?ATv3@@PEAUsim_region@@PEAUlow_entity@@@Z 0000000180017d30 f i p5engine.obj
 0002:00006eb0       ?GetStairGround@@YAMPEAUsim_entity@@Tv3@@@Z 0000000180017eb0 f i p5engine.obj
 0002:00007020       ?GetWorldChunk@@YAPEAUworld_chunk@@PEAUworld@@HHHPEAUmemory_arena@@@Z 0000000180018020 f i p5engine.obj
 0002:000072a0       ?Hadamard@@YA?ATv3@@T1@0@Z 00000001800182a0 f i p5engine.obj
 0002:000075f0       ?HasFlag@@YAHPEAUsim_entity@@I@Z 00000001800185f0 f i p5engine.obj
 0002:00007710       ?InitializeArena@@YAXPEAUmemory_arena@@_KPEAX@Z 0000000180018710 f i p5engine.obj
 0002:00007900       ?Inner@@YAMTv3@@0@Z        0000000180018900 f i p5engine.obj
 0002:000079b0       ?IsCanonical@@YAHMM@Z      00000001800189b0 f i p5engine.obj
 0002:00007a80       ?IsCanonical@@YAHPEAUworld@@Tv3@@@Z 0000000180018a80 f i p5engine.obj
 0002:00007b60       ?IsInRectangle@@YAHUrectangle3@@Tv3@@@Z 0000000180018b60 f i p5engine.obj
 0002:00007c80       ?IsValid@@YAHUworld_position@@@Z 0000000180018c80 f i p5engine.obj
 0002:00007cf0       ?Length@@YAMTv3@@@Z        0000000180018cf0 f i p5engine.obj
 0002:00007d70       ?LengthSq@@YAMTv3@@@Z      0000000180018d70 f i p5engine.obj
 0002:00007e10       ?LoadEntityReference@@YAXPEAUgame_state@@PEAUsim_region@@PEATentity_reference@@@Z 0000000180018e10 f i p5engine.obj
 0002:00008070       ?MakeEntityNonSpatial@@YAXPEAUsim_entity@@@Z 0000000180019070 f i p5engine.obj
 0002:00008110       ?MakeEntitySpatial@@YAXPEAUsim_entity@@Tv3@@1@Z 0000000180019110 f i p5engine.obj
 0002:00008550       ?MapIntoChunkSpace@@YA?AUworld_position@@PEAUworld@@U1@Tv3@@@Z 0000000180019550 f i p5engine.obj
 0002:0000a030       ?PushRect@@YAXPEAUentity_visible_piece_group@@Tv2@@M1Tv4@@M@Z 000000018001b030 f i p5engine.obj
 0002:0000a1d0       ?RectCenterHalfDim@@YA?AUrectangle2@@Tv2@@0@Z 000000018001b1d0 f i p5engine.obj
 0002:0000a600       ?NullPosition@@YA?AUworld_position@@XZ 000000018001b600 f i p5engine.obj
 0002:0000a6e0       ?PushBitmap@@YAXPEAUentity_visible_piece_group@@PEAUloaded_bitmap@@Tv2@@M2MM@Z 000000018001b6e0 f i p5engine.obj
 0002:0000a880       ?PushPiece@@YAXPEAUentity_visible_piece_group@@PEAUloaded_bitmap@@Tv2@@2M2Tv4@@M@Z 000000018001b880 f i p5engine.obj
 0002:0000ab70       ?PushSize_@@YAPEAXPEAUmemory_arena@@_K@Z 000000018001bb70 f i p5engine.obj
 0002:0000aca0       ?RandomChoice@@YAIPEAUrandom_series@@I@Z 000000018001bca0 f i p5engine.obj
 0002:0000ad00       ?RandomNextUInt32@@YAIPEAUrandom_series@@@Z 000000018001bd00 f i p5engine.obj
 0002:0000ad80       ?RandomSeed@@YA?AUrandom_series@@I@Z 000000018001bd80 f i p5engine.obj
 0002:0000ae70       ?RandomUnilateral@@YAMPEAUrandom_series@@@Z 000000018001be70 f i p5engine.obj
 0002:0000af70       ?RecanonicalizeCoord@@YAXMPEAHPEAM@Z 000000018001bf70 f i p5engine.obj
 0002:0000b0e0       ?RectCenterDim@@YA?AUrectangle2@@Tv2@@0@Z 000000018001c0e0 f i p5engine.obj
 0002:0000b220       ?RectCenterDim@@YA?AUrectangle3@@Tv3@@0@Z 000000018001c220 f i p5engine.obj
 0002:0000b620       ?RotateLeft@@YAIIH@Z       000000018001c620 f i p5engine.obj
 0002:0000b680       ?RoundReal32ToInt32@@YAHM@Z 000000018001c680 f i p5engine.obj
 0002:0000b7b0       ?Sin@@YAMM@Z               000000018001c7b0 f i p5engine.obj
 0002:0000b960       ?Square@@YAMM@Z            000000018001c960 f i p5engine.obj
 0002:0000b9c0       ?SquareRoot@@YAMM@Z        000000018001c9c0 f i p5engine.obj
 0002:0000ba20       ?StoreEntityReference@@YAXPEATentity_reference@@@Z 000000018001ca20 f i p5engine.obj
 0002:0000be20       ?V2@@YA?ATv2@@MM@Z         000000018001ce20 f i p5engine.obj
 0002:0000bed0       ?V2i@@YA?ATv2@@HH@Z        000000018001ced0 f i p5engine.obj
 0002:0000bff0       ?V3@@YA?ATv3@@MMM@Z        000000018001cff0 f i p5engine.obj
 0002:0000c230       GameGetSoundSamples        000000018001d230 f   p5engine.obj
 0002:0000c290       GameUpdateAndRender        000000018001d290 f   p5engine.obj
 0002:0000f6f0       _RTC_AllocaHelper          00000001800206f0 f   MSVCRTD:stack.obj
 0002:0000f740       _RTC_CheckStackVars        0000000180020740 f   MSVCRTD:stack.obj
 0002:0000f7f0       _RTC_CheckStackVars2       00000001800207f0 f   MSVCRTD:stack.obj
 0002:0000f940       _CRT_RTC_INIT              0000000180020940 f   MSVCRTD:init.obj
 0002:0000f950       _CRT_RTC_INITW             0000000180020950 f   MSVCRTD:init.obj
 0002:0000f960       _RTC_InitBase              0000000180020960 f   MSVCRTD:init.obj
 0002:0000f9b0       _RTC_Shutdown              00000001800209b0 f   MSVCRTD:init.obj
 0002:0000f9e0       __CheckForDebuggerJustMyCode 00000001800209e0 f   MSVCRTD:debugger_jmc.obj
 0002:0000fa30       __GSHandlerCheck           0000000180020a30 f   MSVCRTD:gshandler.obj
 0002:0000fa80       __GSHandlerCheckCommon     0000000180020a80 f   MSVCRTD:gshandler.obj
 0002:0000fbd0       _alloca_probe              0000000180020bd0 f   MSVCRTD:chkstk.obj
 0002:0000fbd0       __chkstk                   0000000180020bd0 f   MSVCRTD:chkstk.obj
 0002:0000fc50       __security_check_cookie    0000000180020c50 f   MSVCRTD:amdsecgs.obj
 0002:00010180       _CRT_INIT                  0000000180021180 f   MSVCRTD:dll_dllmain.obj
 0002:000101c0       _DllMainCRTStartup         00000001800211c0 f   MSVCRTD:dll_dllmain.obj
 0002:000102c0       ?_RTC_AllocaFailure@@YAXPEAXPEAU_RTC_ALLOCA_NODE@@H@Z 00000001800212c0 f   MSVCRTD:error.obj
 0002:00010470       ?_RTC_Failure@@YAXPEAXH@Z  0000000180021470 f   MSVCRTD:error.obj
 0002:000104e0       ?_RTC_StackFailure@@YAXPEAXPEBD@Z 00000001800214e0 f   MSVCRTD:error.obj
 0002:00010a20       _RTC_UninitUse             0000000180021a20 f   MSVCRTD:error.obj
 0002:00010b20       __local_stdio_printf_options 0000000180021b20 f i MSVCRTD:error.obj
 0002:00010b30       _vsprintf_s_l              0000000180021b30 f i MSVCRTD:error.obj
 0002:00010bb0       sprintf_s                  0000000180021bb0 f i MSVCRTD:error.obj
 0002:00010be0       ?_RTC_GetErrorFunc@@YAP6AHHPEBDH00ZZPEBX@Z 0000000180021be0 f   MSVCRTD:userapi.obj
 0002:00010bf0       ?_RTC_GetErrorFuncW@@YAP6AHHPEB_WH00ZZPEBX@Z 0000000180021bf0 f   MSVCRTD:userapi.obj
 0002:00010c00       _RTC_GetErrDesc            0000000180021c00 f   MSVCRTD:userapi.obj
 0002:00010c20       _RTC_NumErrors             0000000180021c20 f   MSVCRTD:userapi.obj
 0002:00010c30       _RTC_SetErrorFunc          0000000180021c30 f   MSVCRTD:userapi.obj
 0002:00010c50       _RTC_SetErrorFuncW         0000000180021c50 f   MSVCRTD:userapi.obj
 0002:00010c70       _RTC_SetErrorType          0000000180021c70 f   MSVCRTD:userapi.obj
 0002:00010ca0       __raise_securityfailure    0000000180021ca0 f   MSVCRTD:gs_report.obj
 0002:00010cf0       __report_gsfailure         0000000180021cf0 f   MSVCRTD:gs_report.obj
 0002:00010e00       __report_rangecheckfailure 0000000180021e00 f   MSVCRTD:gs_report.obj
 0002:00010e20       __report_securityfailure   0000000180021e20 f   MSVCRTD:gs_report.obj
 0002:00010ef0       __report_securityfailureEx 0000000180021ef0 f   MSVCRTD:gs_report.obj
 0002:000112e0       __security_init_cookie     00000001800222e0 f   MSVCRTD:gs_support.obj
 0002:00011380       DllMain                    0000000180022380 f   MSVCRTD:dll_dllmain_stub.obj
 0002:000113d0       ?__scrt_initialize_type_info@@YAXXZ 00000001800223d0 f   MSVCRTD:tncleanup.obj
 0002:000113f0       ?__scrt_uninitialize_type_info@@YAXXZ 00000001800223f0 f   MSVCRTD:tncleanup.obj
 0002:00011410       __local_stdio_scanf_options 0000000180022410 f i MSVCRTD:default_local_stdio_options.obj
 0002:00011420       __scrt_initialize_default_local_stdio_options 0000000180022420 f   MSVCRTD:default_local_stdio_options.obj
 0002:00011480       ?configure_argv@__scrt_narrow_argv_policy@@SAHXZ 0000000180022480 f i MSVCRTD:utility.obj
 0002:000115a0       ?initialize_environment@__scrt_narrow_environment_policy@@SAHXZ 00000001800225a0 f i MSVCRTD:utility.obj
 0002:00011670       NtCurrentTeb               0000000180022670 f i MSVCRTD:utility.obj
 0002:00011680       __scrt_acquire_startup_lock 0000000180022680 f   MSVCRTD:utility.obj
 0002:00011700       __scrt_dllmain_after_initialize_c 0000000180022700 f   MSVCRTD:utility.obj
 0002:00011740       __scrt_dllmain_before_initialize_c 0000000180022740 f   MSVCRTD:utility.obj
 0002:00011770       __scrt_dllmain_crt_thread_attach 0000000180022770 f   MSVCRTD:utility.obj
 0002:000117b0       __scrt_dllmain_crt_thread_detach 00000001800227b0 f   MSVCRTD:utility.obj
 0002:000117d0       __scrt_dllmain_exception_filter 00000001800227d0 f   MSVCRTD:utility.obj
 0002:00011850       __scrt_dllmain_uninitialize_c 0000000180022850 f   MSVCRTD:utility.obj
 0002:00011890       __scrt_dllmain_uninitialize_critical 0000000180022890 f   MSVCRTD:utility.obj
 0002:000118b0       __scrt_initialize_crt      00000001800228b0 f   MSVCRTD:utility.obj
 0002:00011910       __scrt_initialize_onexit_tables 0000000180022910 f   MSVCRTD:utility.obj
 0002:00011a60       __scrt_is_nonwritable_in_current_image 0000000180022a60 f   MSVCRTD:utility.obj
 0002:00011b10       __scrt_release_startup_lock 0000000180022b10 f   MSVCRTD:utility.obj
 0002:00011b50       __scrt_uninitialize_crt    0000000180022b50 f   MSVCRTD:utility.obj
 0002:00011ba0       _onexit                    0000000180022ba0 f   MSVCRTD:utility.obj
 0002:00011c40       at_quick_exit              0000000180022c40 f   MSVCRTD:utility.obj
 0002:00011ca0       atexit                     0000000180022ca0 f   MSVCRTD:utility.obj
 0002:00011ce0       __scrt_get_dyn_tls_init_callback 0000000180022ce0 f   MSVCRTD:dyn_tls_init.obj
 0002:00011cf0       __crt_debugger_hook        0000000180022cf0 f   MSVCRTD:utility_desktop.obj
 0002:00011d10       __scrt_fastfail            0000000180022d10 f   MSVCRTD:utility_desktop.obj
 0002:00011f10       __scrt_get_show_window_mode 0000000180022f10 f   MSVCRTD:utility_desktop.obj
 0002:00011f80       __scrt_initialize_mta      0000000180022f80 f   MSVCRTD:utility_desktop.obj
 0002:00011fa0       __scrt_initialize_winrt    0000000180022fa0 f   MSVCRTD:utility_desktop.obj
 0002:00011fb0       __scrt_is_managed_app      0000000180022fb0 f   MSVCRTD:utility_desktop.obj
 0002:00012080       __scrt_set_unhandled_exception_filter 0000000180023080 f   MSVCRTD:utility_desktop.obj
 0002:000120a0       __scrt_stub_for_initialize_mta 00000001800230a0 f   MSVCRTD:utility_desktop.obj
 0002:000120a0       __scrt_exe_initialize_mta  00000001800230a0 f   MSVCRTD:utility_desktop.obj
 0002:000120b0       __scrt_unhandled_exception_filter 00000001800230b0 f   MSVCRTD:utility_desktop.obj
 0002:00012170       _RTC_Initialize            0000000180023170 f   MSVCRTD:initsect.obj
 0002:000121d0       _RTC_Terminate             00000001800231d0 f   MSVCRTD:initsect.obj
 0002:00012230       _guard_check_icall_nop     0000000180023230 f i MSVCRTD:guard_support.obj
 0002:00012240       ReadNoFence64              0000000180023240 f i MSVCRTD:guard_support.obj
 0002:00012270       ReadPointerNoFence         0000000180023270 f i MSVCRTD:guard_support.obj
 0002:00012290       __castguard_check_failure_debugbreak 0000000180023290 f i MSVCRTD:guard_support.obj
 0002:000122c0       __castguard_check_failure_fastfail 00000001800232c0 f i MSVCRTD:guard_support.obj
 0002:000122f0       __castguard_check_failure_nop 00000001800232f0 f i MSVCRTD:guard_support.obj
 0002:00012300       __castguard_check_failure_os_handled 0000000180023300 f i MSVCRTD:guard_support.obj
 0002:000123f0       __castguard_slow_path_check_debugbreak 00000001800233f0 f i MSVCRTD:guard_support.obj
 0002:00012440       __castguard_slow_path_check_fastfail 0000000180023440 f i MSVCRTD:guard_support.obj
 0002:000124a0       __castguard_slow_path_check_nop 00000001800234a0 f i MSVCRTD:guard_support.obj
 0002:000124c0       __castguard_slow_path_check_os_handled 00000001800234c0 f i MSVCRTD:guard_support.obj
 0002:000125d0       _guard_icall_checks_enforced 00000001800235d0 f i MSVCRTD:guard_support.obj
 0002:00012620       _guard_rf_checks_enforced  0000000180023620 f i MSVCRTD:guard_support.obj
 0002:00012c80       ?_RTC_GetSrcLine@@YAHPEAEPEA_WKPEAH1K@Z 0000000180023c80 f   MSVCRTD:pdblkup.obj
 0002:00013140       __isa_available_init       0000000180024140 f   MSVCRTD:cpu_disp.obj
 0002:000135c0       _get_startup_argv_mode     00000001800245c0 f   MSVCRTD:argv_mode.obj
 0002:000135d0       __scrt_is_ucrt_dll_in_use  00000001800245d0 f   MSVCRTD:ucrt_detection.obj
 0002:00013600       __C_specific_handler       0000000180024600 f   vcruntimed:VCRUNTIME140D.dll
 0002:00013606       __C_specific_handler_noexcept 0000000180024606 f   vcruntimed:VCRUNTIME140D.dll
 0002:0001360c       __std_type_info_destroy_list 000000018002460c f   vcruntimed:VCRUNTIME140D.dll
 0002:00013612       __current_exception        0000000180024612 f   vcruntimed:VCRUNTIME140D.dll
 0002:00013618       __current_exception_context 0000000180024618 f   vcruntimed:VCRUNTIME140D.dll
 0002:0001361e       __vcrt_GetModuleFileNameW  000000018002461e f   vcruntimed:VCRUNTIME140D.dll
 0002:00013624       __vcrt_GetModuleHandleW    0000000180024624 f   vcruntimed:VCRUNTIME140D.dll
 0002:0001362a       __vcrt_LoadLibraryExW      000000018002462a f   vcruntimed:VCRUNTIME140D.dll
 0002:00013630       fabs                       0000000180024630 f   ucrtd:ucrtbased.dll
 0002:00013636       roundf                     0000000180024636 f   ucrtd:ucrtbased.dll
 0002:0001363c       sinf                       000000018002463c f   ucrtd:ucrtbased.dll
 0002:00013642       sqrtf                      0000000180024642 f   ucrtd:ucrtbased.dll
 0002:00013648       _rotl                      0000000180024648 f   ucrtd:ucrtbased.dll
 0002:0001364e       _CrtDbgReport              000000018002464e f   ucrtd:ucrtbased.dll
 0002:00013654       _CrtDbgReportW             0000000180024654 f   ucrtd:ucrtbased.dll
 0002:0001365a       _initterm                  000000018002465a f   ucrtd:ucrtbased.dll
 0002:00013660       _initterm_e                0000000180024660 f   ucrtd:ucrtbased.dll
 0002:00013666       strcpy_s                   0000000180024666 f   ucrtd:ucrtbased.dll
 0002:0001366c       strcat_s                   000000018002466c f   ucrtd:ucrtbased.dll
 0002:00013672       __stdio_common_vsprintf_s  0000000180024672 f   ucrtd:ucrtbased.dll
 0002:00013678       _seh_filter_dll            0000000180024678 f   ucrtd:ucrtbased.dll
 0002:0001367e       _configure_narrow_argv     000000018002467e f   ucrtd:ucrtbased.dll
 0002:00013684       _initialize_narrow_environment 0000000180024684 f   ucrtd:ucrtbased.dll
 0002:0001368a       _initialize_onexit_table   000000018002468a f   ucrtd:ucrtbased.dll
 0002:00013690       _register_onexit_function  0000000180024690 f   ucrtd:ucrtbased.dll
 0002:00013696       _execute_onexit_table      0000000180024696 f   ucrtd:ucrtbased.dll
 0002:0001369c       _crt_atexit                000000018002469c f   ucrtd:ucrtbased.dll
 0002:000136a2       _crt_at_quick_exit         00000001800246a2 f   ucrtd:ucrtbased.dll
 0002:000136a8       _cexit                     00000001800246a8 f   ucrtd:ucrtbased.dll
 0002:000136ae       terminate                  00000001800246ae f   ucrtd:ucrtbased.dll
 0002:000136b4       _wmakepath_s               00000001800246b4 f   ucrtd:ucrtbased.dll
 0002:000136ba       _wsplitpath_s              00000001800246ba f   ucrtd:ucrtbased.dll
 0002:000136c0       wcscpy_s                   00000001800246c0 f   ucrtd:ucrtbased.dll
 0002:000136c6       GetCurrentThreadId         00000001800246c6 f   kernel32:KERNEL32.dll
 0002:000136cc       IsDebuggerPresent          00000001800246cc f   kernel32:KERNEL32.dll
 0002:000136d2       RaiseException             00000001800246d2 f   kernel32:KERNEL32.dll
 0002:000136d8       MultiByteToWideChar        00000001800246d8 f   kernel32:KERNEL32.dll
 0002:000136de       WideCharToMultiByte        00000001800246de f   kernel32:KERNEL32.dll
 0002:000136e4       RtlCaptureContext          00000001800246e4 f   kernel32:KERNEL32.dll
 0002:000136ea       RtlLookupFunctionEntry     00000001800246ea f   kernel32:KERNEL32.dll
 0002:000136f0       RtlVirtualUnwind           00000001800246f0 f   kernel32:KERNEL32.dll
 0002:000136f6       UnhandledExceptionFilter   00000001800246f6 f   kernel32:KERNEL32.dll
 0002:000136fc       SetUnhandledExceptionFilter 00000001800246fc f   kernel32:KERNEL32.dll
 0002:00013702       GetCurrentProcess          0000000180024702 f   kernel32:KERNEL32.dll
 0002:00013708       TerminateProcess           0000000180024708 f   kernel32:KERNEL32.dll
 0002:0001370e       IsProcessorFeaturePresent  000000018002470e f   kernel32:KERNEL32.dll
 0002:00013714       QueryPerformanceCounter    0000000180024714 f   kernel32:KERNEL32.dll
 0002:0001371a       GetCurrentProcessId        000000018002471a f   kernel32:KERNEL32.dll
 0002:00013720       GetSystemTimeAsFileTime    0000000180024720 f   kernel32:KERNEL32.dll
 0002:00013726       DisableThreadLibraryCalls  0000000180024726 f   kernel32:KERNEL32.dll
 0002:0001372c       InitializeSListHead        000000018002472c f   kernel32:KERNEL32.dll
 0002:00013732       GetStartupInfoW            0000000180024732 f   kernel32:KERNEL32.dll
 0002:00013738       GetModuleHandleW           0000000180024738 f   kernel32:KERNEL32.dll
 0002:0001373e       GetLastError               000000018002473e f   kernel32:KERNEL32.dll
 0002:00013744       HeapAlloc                  0000000180024744 f   kernel32:KERNEL32.dll
 0002:0001374a       HeapFree                   000000018002474a f   kernel32:KERNEL32.dll
 0002:00013750       GetProcessHeap             0000000180024750 f   kernel32:KERNEL32.dll
 0002:00013756       VirtualQuery               0000000180024756 f   kernel32:KERNEL32.dll
 0002:0001375c       FreeLibrary                000000018002475c f   kernel32:KERNEL32.dll
 0002:00013762       GetProcAddress             0000000180024762 f   kernel32:KERNEL32.dll
 0002:00013770       __acrt_initialize          0000000180024770 f   MSVCRTD:ucrt_stubs.obj
 0002:00013770       __scrt_stub_for_acrt_initialize 0000000180024770 f   MSVCRTD:ucrt_stubs.obj
 0002:00013770       __vcrt_initialize          0000000180024770 f   MSVCRTD:ucrt_stubs.obj
 0002:00013780       __vcrt_thread_attach       0000000180024780 f   MSVCRTD:ucrt_stubs.obj
 0002:00013780       __scrt_stub_for_acrt_thread_attach 0000000180024780 f   MSVCRTD:ucrt_stubs.obj
 0002:00013780       __acrt_thread_attach       0000000180024780 f   MSVCRTD:ucrt_stubs.obj
 0002:00013790       __acrt_thread_detach       0000000180024790 f   MSVCRTD:ucrt_stubs.obj
 0002:00013790       __scrt_stub_for_acrt_thread_detach 0000000180024790 f   MSVCRTD:ucrt_stubs.obj
 0002:00013790       __vcrt_thread_detach       0000000180024790 f   MSVCRTD:ucrt_stubs.obj
 0002:000137a0       __acrt_uninitialize        00000001800247a0 f   MSVCRTD:ucrt_stubs.obj
 0002:000137a0       __vcrt_uninitialize        00000001800247a0 f   MSVCRTD:ucrt_stubs.obj
 0002:000137a0       __scrt_stub_for_acrt_uninitialize 00000001800247a0 f   MSVCRTD:ucrt_stubs.obj
 0002:000137b0       __acrt_uninitialize_critical 00000001800247b0 f   MSVCRTD:ucrt_stubs.obj
 0002:000137b0       __scrt_stub_for_acrt_uninitialize_critical 00000001800247b0 f   MSVCRTD:ucrt_stubs.obj
 0002:000137b0       __vcrt_uninitialize_critical 00000001800247b0 f   MSVCRTD:ucrt_stubs.obj
 0002:000137c0       _is_c_termination_complete 00000001800247c0 f   MSVCRTD:ucrt_stubs.obj
 0002:000137c0       __scrt_stub_for_is_c_termination_complete 00000001800247c0 f   MSVCRTD:ucrt_stubs.obj
 0002:00014cc0       _guard_dispatch_icall_nop  0000000180025cc0 f   MSVCRTD:guard_dispatch.obj
 0002:00014ce0       _guard_xfg_dispatch_icall_nop 0000000180025ce0 f   MSVCRTD:guard_xfg_dispatch.obj
 0003:00000000       __xc_a                     0000000180028000     MSVCRTD:initializers.obj
 0003:00000110       __xc_z                     0000000180028110     MSVCRTD:initializers.obj
 0003:00000220       __xi_a                     0000000180028220     MSVCRTD:initializers.obj
 0003:00000330       __xi_z                     0000000180028330     MSVCRTD:initializers.obj
 0003:00000440       __xp_a                     0000000180028440     MSVCRTD:initializers.obj
 0003:00000550       __xp_z                     0000000180028550     MSVCRTD:initializers.obj
 0003:00000660       __xt_a                     0000000180028660     MSVCRTD:initializers.obj
 0003:00000770       __xt_z                     0000000180028770     MSVCRTD:initializers.obj
 0003:000008e0       __xmm@80000000800000008000000080000000 00000001800288e0     p5engine.obj
 0003:000037c8       ??_C@_0BA@NMEIMCEK@InvalidCodePath@ 000000018002b7c8     p5engine.obj
 0003:000037e0       ??_C@_0BJ@GOOPBPNK@P5Engine?1data?1grass1?4bmp@ 000000018002b7e0     p5engine.obj
 0003:00003800       ??_C@_0BI@GAHHFIBN@P5Engine?1data?1soil1?4bmp@ 000000018002b800     p5engine.obj
 0003:00003820       ??_C@_0BI@OGODCKLD@P5Engine?1data?1soil2?4bmp@ 000000018002b820     p5engine.obj
 0003:00003840       ??_C@_0BI@CNLPPJBG@P5Engine?1data?1soil3?4bmp@ 000000018002b840     p5engine.obj
 0003:00003860       ??_C@_0BI@DGFEELIO@P5Engine?1data?1tuft1?4bmp@ 000000018002b860     p5engine.obj
 0003:00003880       ??_C@_0BI@LAMADJCA@P5Engine?1data?1tuft2?4bmp@ 000000018002b880     p5engine.obj
 0003:000038a0       ??_C@_0BF@HOIOEMCL@P5Engine?1data?1bg?4bmp@ 000000018002b8a0     p5engine.obj
 0003:000038c0       ??_C@_0BJ@EPENJOEL@P5Engine?1data?1shadow?4bmp@ 000000018002b8c0     p5engine.obj
 0003:000038e0       ??_C@_0BJ@HEECFFOE@P5Engine?1data?1stairs?4bmp@ 000000018002b8e0     p5engine.obj
 0003:00003900       ??_C@_0BH@DDOBAHNL@P5Engine?1data?1tree?4bmp@ 000000018002b900     p5engine.obj
 0003:00003920       ??_C@_0BI@EPGPCLAL@P5Engine?1data?1enemy?4bmp@ 000000018002b920     p5engine.obj
 0003:00003940       ??_C@_0BG@IEBKPHGI@P5Engine?1data?1orb?4bmp@ 000000018002b940     p5engine.obj
 0003:00003960       ??_C@_0BP@CIDLMIJA@P5Engine?1data?1char?9right?90?4bmp@ 000000018002b960     p5engine.obj
 0003:00003988       ??_C@_0BO@PEBAPFLC@P5Engine?1data?1char?9back?90?4bmp@ 000000018002b988     p5engine.obj
 0003:000039b0       ??_C@_0BO@EAIBBIAG@P5Engine?1data?1char?9left?90?4bmp@ 000000018002b9b0     p5engine.obj
 0003:000039d8       ??_C@_0BP@MKDPGEOC@P5Engine?1data?1char?9front?90?4bmp@ 000000018002b9d8     p5engine.obj
 0003:00003a00       ??_C@_0BO@KNNOBFKI@P5Engine?1data?1sword?9right?4bmp@ 000000018002ba00     p5engine.obj
 0003:00003a28       ??_C@_0BN@LDDHILOB@P5Engine?1data?1sword?9back?4bmp@ 000000018002ba28     p5engine.obj
 0003:00003a50       ??_C@_0BN@FPAHMBGA@P5Engine?1data?1sword?9left?4bmp@ 000000018002ba50     p5engine.obj
 0003:00003a78       ??_C@_0BO@BNDLMGBJ@P5Engine?1data?1sword?9front?4bmp@ 000000018002ba78     p5engine.obj
 0003:00003a9c       __real@00000000            000000018002ba9c     p5engine.obj
 0003:00003aa0       __real@308992b1            000000018002baa0     p5engine.obj
 0003:00003aa4       __real@3a83126f            000000018002baa4     p5engine.obj
 0003:00003aa8       __real@3c23d70a            000000018002baa8     p5engine.obj
 0003:00003aac       __real@3dcccccd            000000018002baac     p5engine.obj
 0003:00003ab0       __real@3e4ccccd            000000018002bab0     p5engine.obj
 0003:00003ab4       __real@3e800000            000000018002bab4     p5engine.obj
 0003:00003ab8       __real@3f000000            000000018002bab8     p5engine.obj
 0003:00003abc       __real@3f666666            000000018002babc     p5engine.obj
 0003:00003ac0       __real@3f800000            000000018002bac0     p5engine.obj
 0003:00003ac4       __real@3f8ccccd            000000018002bac4     p5engine.obj
 0003:00003ac8       __real@3f99999a            000000018002bac8     p5engine.obj
 0003:00003acc       __real@3fb33333            000000018002bacc     p5engine.obj
 0003:00003ad0       __real@3fc00000            000000018002bad0     p5engine.obj
 0003:00003ad4       __real@40000000            000000018002bad4     p5engine.obj
 0003:00003ad8       __real@400ccccd            000000018002bad8     p5engine.obj
 0003:00003adc       __real@40400000            000000018002badc     p5engine.obj
 0003:00003ae0       __real@40a00000            000000018002bae0     p5engine.obj
 0003:00003ae4       __real@40c00000            000000018002bae4     p5engine.obj
 0003:00003ae8       __real@40c90fdb            000000018002bae8     p5engine.obj
 0003:00003aec       __real@41200000            000000018002baec     p5engine.obj
 0003:00003af0       __real@41800000            000000018002baf0     p5engine.obj
 0003:00003af4       __real@41880000            000000018002baf4     p5engine.obj
 0003:00003af8       __real@41a00000            000000018002baf8     p5engine.obj
 0003:00003afc       __real@41c00000            000000018002bafc     p5engine.obj
 0003:00003b00       __real@41f00000            000000018002bb00     p5engine.obj
 0003:00003b04       __real@42000000            000000018002bb04     p5engine.obj
 0003:00003b08       __real@42340000            000000018002bb08     p5engine.obj
 0003:00003b0c       __real@42600000            000000018002bb0c     p5engine.obj
 0003:00003b10       __real@42800000            000000018002bb10     p5engine.obj
 0003:00003b14       __real@42960000            000000018002bb14     p5engine.obj
 0003:00003b18       __real@437f0000            000000018002bb18     p5engine.obj
 0003:00003b1c       __real@461c4000            000000018002bb1c     p5engine.obj
 0003:00003b20       __real@47c35000            000000018002bb20     p5engine.obj
 0003:00003b24       __real@becccccd            000000018002bb24     p5engine.obj
 0003:00003b28       __real@bf000000            000000018002bb28     p5engine.obj
 0003:00003b2c       __real@bf800000            000000018002bb2c     p5engine.obj
 0003:00003b30       __real@c11ccccd            000000018002bb30     p5engine.obj
 0003:00003b58       _pRawDllMain               000000018002bb58     MSVCRTD:dll_dllmain.obj
 0003:00003b58       _pDefaultRawDllMain        000000018002bb58     MSVCRTD:dll_dllmain.obj
 0003:00003c50       ??_C@_0NN@JMPELKLB@The?5value?5of?5ESP?5was?5not?5proper@ 000000018002bc50     MSVCRTD:error.obj
 0003:00003d60       ??_C@_0BBN@ELNNILBE@A?5cast?5to?5a?5smaller?5data?5type?5h@ 000000018002bd60     MSVCRTD:error.obj
 0003:00003eb8       ??_C@_0BN@BPOGFMJL@Stack?5memory?5was?5corrupted?$AN?6@ 000000018002beb8     MSVCRTD:error.obj
 0003:00003ee0       ??_C@_0DG@DAJCDLPN@A?5local?5variable?5was?5used?5befor@ 000000018002bee0     MSVCRTD:error.obj
 0003:00003f20       ??_C@_0CM@JMIDGKLA@Stack?5memory?5around?5_alloca?5was@ 000000018002bf20     MSVCRTD:error.obj
 0003:00003f58       ??_C@_0BO@CHIONIOI@Unknown?5Runtime?5Check?5Error?$AN?6@ 000000018002bf58     MSVCRTD:error.obj
 0003:00003f80       ??_C@_1GM@CNOOJIHC@?$AAR?$AAu?$AAn?$AAt?$AAi?$AAm?$AAe?$AA?5?$AAC?$AAh?$AAe?$AAc?$AAk?$AA?5?$AAE@ 000000018002bf80     MSVCRTD:error.obj
 0003:00004010       ??_C@_1EA@NFKNIFJP@?$AAR?$AAu?$AAn?$AA?9?$AAT?$AAi?$AAm?$AAe?$AA?5?$AAC?$AAh?$AAe?$AAc?$AAk?$AA?5@ 000000018002c010     MSVCRTD:error.obj
 0003:00004060       ??_C@_0BB@PFFGGCJP@Unknown?5Filename@ 000000018002c060     MSVCRTD:error.obj
 0003:00004078       ??_C@_0BE@GNBOBNCK@Unknown?5Module?5Name@ 000000018002c078     MSVCRTD:error.obj
 0003:00004090       ??_C@_0CA@IODNCDPG@Run?9Time?5Check?5Failure?5?$CD?$CFd?5?9?5?$CFs@ 000000018002c090     MSVCRTD:error.obj
 0003:000040b8       ??_C@_0CG@IAFNJNEE@Stack?5corrupted?5near?5unknown?5va@ 000000018002c0b8     MSVCRTD:error.obj
 0003:000040e8       ??_C@_05MKKEDADM@?$CF?42X?5@ 000000018002c0e8     MSVCRTD:error.obj
 0003:000040f0       ??_C@_0EJ@LJKNEOLN@Stack?5area?5around?5_alloca?5memor@ 000000018002c0f0     MSVCRTD:error.obj
 0003:00004148       ??_C@_01EEMJAFIK@?6@       000000018002c148     MSVCRTD:error.obj
 0003:0000414c       ??_C@_02LLMPMKNF@?$DO?5@   000000018002c14c     MSVCRTD:error.obj
 0003:00004150       ??_C@_08OMAHNMHJ@?6Data?3?5?$DM@ 000000018002c150     MSVCRTD:error.obj
 0003:00004160       ??_C@_0CK@DKGBICFE@?6Allocation?5number?5within?5this?5@ 000000018002c160     MSVCRTD:error.obj
 0003:00004198       ??_C@_07DFDJCKFN@?6Size?3?5@ 000000018002c198     MSVCRTD:error.obj
 0003:000041a8       ??_C@_0N@MHFFIMFG@?6Address?3?50x@ 000000018002c1a8     MSVCRTD:error.obj
 0003:000041c0       ??_C@_0EI@CLEPFNGI@Stack?5area?5around?5_alloca?5memor@ 000000018002c1c0     MSVCRTD:error.obj
 0003:00004218       ??_C@_0BK@ODNDAGKB@?$CFs?$CFs?$CFp?$CFs?$CFzd?$CFs?$CFd?$CFs?$CFs?$CFs?$CFs?$CFs@ 000000018002c218     MSVCRTD:error.obj
 0003:00004238       ??_C@_0DE@OHJBPMBP@A?5variable?5is?5being?5used?5withou@ 000000018002c238     MSVCRTD:error.obj
 0003:000042a8       ??_C@_0BJ@HEGAHDFO@Stack?5pointer?5corruption@ 000000018002c2a8     MSVCRTD:userapi.obj
 0003:000042c8       ??_C@_0CK@FEGOIOPB@Cast?5to?5smaller?5type?5causing?5lo@ 000000018002c2c8     MSVCRTD:userapi.obj
 0003:00004300       ??_C@_0BI@CIGMDCBH@Stack?5memory?5corruption@ 000000018002c300     MSVCRTD:userapi.obj
 0003:00004320       ??_C@_0CK@CNLNOEPB@Local?5variable?5used?5before?5init@ 000000018002c320     MSVCRTD:userapi.obj
 0003:00004358       ??_C@_0BP@OGBCLIBO@Stack?5around?5_alloca?5corrupted@ 000000018002c358     MSVCRTD:userapi.obj
 0003:00004400       ??_C@_1EI@MLPKHBGE@?$AAa?$AAp?$AAi?$AA?9?$AAm?$AAs?$AA?9?$AAw?$AAi?$AAn?$AA?9?$AAc?$AAo?$AAr?$AAe@ 000000018002c400     MSVCRTD:pdblkup.obj
 0003:00004458       ??_C@_1BK@JHLNAEJL@?$AAa?$AAd?$AAv?$AAa?$AAp?$AAi?$AA3?$AA2?$AA?4?$AAd?$AAl?$AAl@ 000000018002c458     MSVCRTD:pdblkup.obj
 0003:00004478       ??_C@_0O@COHOBMLB@RegOpenKeyExW@ 000000018002c478     MSVCRTD:pdblkup.obj
 0003:00004488       ??_C@_0BB@GLNAEDBD@RegQueryValueExW@ 000000018002c488     MSVCRTD:pdblkup.obj
 0003:000044a0       ??_C@_0M@HLOHPNFA@RegCloseKey@ 000000018002c4a0     MSVCRTD:pdblkup.obj
 0003:000044b0       ??_C@_1HE@EBEAGLFB@?$AAS?$AAO?$AAF?$AAT?$AAW?$AAA?$AAR?$AAE?$AA?2?$AAW?$AAo?$AAw?$AA6?$AA4?$AA3@ 000000018002c4b0     MSVCRTD:pdblkup.obj
 0003:00004540       ??_C@_1BG@EABPBLLF@?$AAP?$AAr?$AAo?$AAd?$AAu?$AAc?$AAt?$AAD?$AAi?$AAr@ 000000018002c540     MSVCRTD:pdblkup.obj
 0003:00004588       ??_C@_1BC@JINFINNJ@?$AAM?$AAS?$AAP?$AAD?$AAB?$AA1?$AA4?$AA0@ 000000018002c588     MSVCRTD:pdblkup.obj
 0003:000045a0       ??_C@_0BB@KCIACLNC@PDBOpenValidate5@ 000000018002c5a0     MSVCRTD:pdblkup.obj
 0003:000045b4       ??_C@_01KDCPPGHE@r@        000000018002c5b4     MSVCRTD:pdblkup.obj
 0003:000045f0       _load_config_used          000000018002c5f0     MSVCRTD:loadcfg.obj
 0003:00004980       __CastGuardVftablesStart   000000018002c980     MSVCRTD:guard_support.obj
 0003:00004a90       __CastGuardVftablesEnd     000000018002ca90     MSVCRTD:guard_support.obj
 0003:00004d18       __rtc_iaa                  000000018002cd18     MSVCRTD:initsect.obj
 0003:00004f38       __rtc_izz                  000000018002cf38     MSVCRTD:initsect.obj
 0003:00005048       __rtc_taa                  000000018002d048     MSVCRTD:initsect.obj
 0003:00005268       __rtc_tzz                  000000018002d268     MSVCRTD:initsect.obj
 0004:00004cd0       __security_cookie_complement 0000000180033cd0     MSVCRTD:gs_cookie.obj
 0004:00004cd8       __security_cookie          0000000180033cd8     MSVCRTD:gs_cookie.obj
 0004:00004ce4       _fltused                   0000000180033ce4     MSVCRTD:fltused.obj
 0004:00004ce8       ?_RTC_ErrorLevels@@3PAHA   0000000180033ce8     MSVCRTD:error.obj
 0004:00004d00       __scrt_native_dllmain_reason 0000000180033d00     MSVCRTD:utility.obj
 0004:00004d08       __isa_available            0000000180033d08     MSVCRTD:cpu_disp.obj
 0004:00004d0c       __isa_enabled              0000000180033d0c     MSVCRTD:cpu_disp.obj
 0004:00004d10       __memcpy_nt_iters          0000000180033d10     MSVCRTD:cpu_disp.obj
 0004:00004d18       __memset_nt_iters          0000000180033d18     MSVCRTD:cpu_disp.obj
 0004:00004d30       __scrt_ucrt_dll_is_in_use  0000000180033d30     MSVCRTD:ucrt_stubs.obj
 0004:00004e48       ?_OptionsStorage@?1??__local_stdio_printf_options@@9@4_KA 0000000180033e48     MSVCRTD:error.obj
 0004:00005500       ?__type_info_root_node@@3U__type_info_node@@A 0000000180034500     MSVCRTD:tncleanup.obj
 0004:00005518       ?_OptionsStorage@?1??__local_stdio_scanf_options@@9@4_KA 0000000180034518     MSVCRTD:default_local_stdio_options.obj
 0004:00005528       __scrt_current_native_startup_state 0000000180034528     MSVCRTD:utility.obj
 0004:00005530       __scrt_native_startup_lock 0000000180034530     MSVCRTD:utility.obj
 0004:00005580       __scrt_debugger_hook_flag  0000000180034580     MSVCRTD:utility_desktop.obj
 0004:00005588       __castguard_check_failure_os_handled_fptr 0000000180034588     MSVCRTD:guard_support.obj
 0004:000055a4       __favor                    00000001800345a4     MSVCRTD:cpu_disp.obj
 0004:000055a8       __dyn_tls_init_callback    00000001800345a8     <common>
 0004:000055bc       __DebuggerCurrentSteppingThreadId 00000001800345bc     <common>
 0006:00000000       __imp_DisableThreadLibraryCalls 0000000180038000     kernel32:KERNEL32.dll
 0006:00000008       __imp_IsDebuggerPresent    0000000180038008     kernel32:KERNEL32.dll
 0006:00000010       __imp_RaiseException       0000000180038010     kernel32:KERNEL32.dll
 0006:00000018       __imp_MultiByteToWideChar  0000000180038018     kernel32:KERNEL32.dll
 0006:00000020       __imp_WideCharToMultiByte  0000000180038020     kernel32:KERNEL32.dll
 0006:00000028       __imp_RtlCaptureContext    0000000180038028     kernel32:KERNEL32.dll
 0006:00000030       __imp_RtlLookupFunctionEntry 0000000180038030     kernel32:KERNEL32.dll
 0006:00000038       __imp_RtlVirtualUnwind     0000000180038038     kernel32:KERNEL32.dll
 0006:00000040       __imp_GetProcAddress       0000000180038040     kernel32:KERNEL32.dll
 0006:00000048       __imp_FreeLibrary          0000000180038048     kernel32:KERNEL32.dll
 0006:00000050       __imp_VirtualQuery         0000000180038050     kernel32:KERNEL32.dll
 0006:00000058       __imp_GetProcessHeap       0000000180038058     kernel32:KERNEL32.dll
 0006:00000060       __imp_HeapFree             0000000180038060     kernel32:KERNEL32.dll
 0006:00000068       __imp_HeapAlloc            0000000180038068     kernel32:KERNEL32.dll
 0006:00000070       __imp_GetLastError         0000000180038070     kernel32:KERNEL32.dll
 0006:00000078       __imp_GetModuleHandleW     0000000180038078     kernel32:KERNEL32.dll
 0006:00000080       __imp_GetStartupInfoW      0000000180038080     kernel32:KERNEL32.dll
 0006:00000088       __imp_InitializeSListHead  0000000180038088     kernel32:KERNEL32.dll
 0006:00000090       __imp_GetCurrentThreadId   0000000180038090     kernel32:KERNEL32.dll
 0006:00000098       __imp_GetSystemTimeAsFileTime 0000000180038098     kernel32:KERNEL32.dll
 0006:000000a0       __imp_GetCurrentProcessId  00000001800380a0     kernel32:KERNEL32.dll
 0006:000000a8       __imp_QueryPerformanceCounter 00000001800380a8     kernel32:KERNEL32.dll
 0006:000000b0       __imp_IsProcessorFeaturePresent 00000001800380b0     kernel32:KERNEL32.dll
 0006:000000b8       __imp_TerminateProcess     00000001800380b8     kernel32:KERNEL32.dll
 0006:000000c0       __imp_GetCurrentProcess    00000001800380c0     kernel32:KERNEL32.dll
 0006:000000c8       __imp_SetUnhandledExceptionFilter 00000001800380c8     kernel32:KERNEL32.dll
 0006:000000d0       __imp_UnhandledExceptionFilter 00000001800380d0     kernel32:KERNEL32.dll
 0006:000000d8       \177KERNEL32_NULL_THUNK_DATA 00000001800380d8     kernel32:KERNEL32.dll
 0006:00000158       __imp___vcrt_GetModuleHandleW 0000000180038158     vcruntimed:VCRUNTIME140D.dll
 0006:00000160       __imp___vcrt_GetModuleFileNameW 0000000180038160     vcruntimed:VCRUNTIME140D.dll
 0006:00000168       __imp___current_exception_context 0000000180038168     vcruntimed:VCRUNTIME140D.dll
 0006:00000170       __imp___C_specific_handler 0000000180038170     vcruntimed:VCRUNTIME140D.dll
 0006:00000178       __imp___current_exception  0000000180038178     vcruntimed:VCRUNTIME140D.dll
 0006:00000180       __imp___std_type_info_destroy_list 0000000180038180     vcruntimed:VCRUNTIME140D.dll
 0006:00000188       __imp___C_specific_handler_noexcept 0000000180038188     vcruntimed:VCRUNTIME140D.dll
 0006:00000190       __imp___vcrt_LoadLibraryExW 0000000180038190     vcruntimed:VCRUNTIME140D.dll
 0006:00000198       \177VCRUNTIME140D_NULL_THUNK_DATA 0000000180038198     vcruntimed:VCRUNTIME140D.dll
 0006:000001f8       __imp_wcscpy_s             00000001800381f8     ucrtd:ucrtbased.dll
 0006:00000200       __imp__wsplitpath_s        0000000180038200     ucrtd:ucrtbased.dll
 0006:00000208       __imp_terminate            0000000180038208     ucrtd:ucrtbased.dll
 0006:00000210       __imp__cexit               0000000180038210     ucrtd:ucrtbased.dll
 0006:00000218       __imp__crt_at_quick_exit   0000000180038218     ucrtd:ucrtbased.dll
 0006:00000220       __imp__crt_atexit          0000000180038220     ucrtd:ucrtbased.dll
 0006:00000228       __imp__execute_onexit_table 0000000180038228     ucrtd:ucrtbased.dll
 0006:00000230       __imp__register_onexit_function 0000000180038230     ucrtd:ucrtbased.dll
 0006:00000238       __imp__initialize_onexit_table 0000000180038238     ucrtd:ucrtbased.dll
 0006:00000240       __imp__initialize_narrow_environment 0000000180038240     ucrtd:ucrtbased.dll
 0006:00000248       __imp__configure_narrow_argv 0000000180038248     ucrtd:ucrtbased.dll
 0006:00000250       __imp__seh_filter_dll      0000000180038250     ucrtd:ucrtbased.dll
 0006:00000258       __imp__wmakepath_s         0000000180038258     ucrtd:ucrtbased.dll
 0006:00000260       __imp_strcat_s             0000000180038260     ucrtd:ucrtbased.dll
 0006:00000268       __imp_strcpy_s             0000000180038268     ucrtd:ucrtbased.dll
 0006:00000270       __imp__initterm_e          0000000180038270     ucrtd:ucrtbased.dll
 0006:00000278       __imp__initterm            0000000180038278     ucrtd:ucrtbased.dll
 0006:00000280       __imp__CrtDbgReportW       0000000180038280     ucrtd:ucrtbased.dll
 0006:00000288       __imp__CrtDbgReport        0000000180038288     ucrtd:ucrtbased.dll
 0006:00000290       __imp__rotl                0000000180038290     ucrtd:ucrtbased.dll
 0006:00000298       __imp_sqrtf                0000000180038298     ucrtd:ucrtbased.dll
 0006:000002a0       __imp_sinf                 00000001800382a0     ucrtd:ucrtbased.dll
 0006:000002a8       __imp_roundf               00000001800382a8     ucrtd:ucrtbased.dll
 0006:000002b0       __imp_fabs                 00000001800382b0     ucrtd:ucrtbased.dll
 0006:000002b8       __imp___stdio_common_vsprintf_s 00000001800382b8     ucrtd:ucrtbased.dll
 0006:000002c0       \177ucrtbased_NULL_THUNK_DATA 00000001800382c0     ucrtd:ucrtbased.dll
 0006:00000340       __IMPORT_DESCRIPTOR_VCRUNTIME140D 0000000180038340     vcruntimed:VCRUNTIME140D.dll
 0006:00000354       __IMPORT_DESCRIPTOR_ucrtbased 0000000180038354     ucrtd:ucrtbased.dll
 0006:00000368       __IMPORT_DESCRIPTOR_KERNEL32 0000000180038368     kernel32:KERNEL32.dll
 0006:0000037c       __NULL_IMPORT_DESCRIPTOR   000000018003837c     vcruntimed:VCRUNTIME140D.dll
 0008:00000000       __guard_check_icall_fptr   000000018003a000     MSVCRTD:guard_support.obj
 0008:00000010       __guard_xfg_check_icall_fptr 000000018003a010     MSVCRTD:guard_support.obj
 0008:00000020       __guard_dispatch_icall_fptr 000000018003a020     MSVCRTD:guard_support.obj
 0008:00000030       __guard_xfg_dispatch_icall_fptr 000000018003a030     MSVCRTD:guard_support.obj
 0008:00000040       __guard_xfg_table_dispatch_icall_fptr 000000018003a040     MSVCRTD:guard_support.obj

 entry point at        0002:0000000f

 Static symbols

 0000:fffc3000       .debug$S                   0000000180000000     P5Engine.exp
 0000:fffc6000       _volmd                     0000000180000000     p5engine.obj
 0000:fffc6000       _volmd                     0000000180000000     p5engine.obj
 0000:fffc6000       _volmd                     0000000180000000     p5engine.obj
 0000:fffc6000       _volmd                     0000000180000000     p5engine.obj
 0000:fffc6000       _volmd                     0000000180000000     p5engine.obj
 0000:fffc6000       _volmd                     0000000180000000     p5engine.obj
 0000:fffc6000       _volmd                     0000000180000000     p5engine.obj
 0000:fffc6000       _volmd                     0000000180000000     p5engine.obj
 0000:fffc6000       _volmd                     0000000180000000     p5engine.obj
 0000:fffc6000       _volmd                     0000000180000000     p5engine.obj
 0000:fffc6000       _volmd                     0000000180000000     p5engine.obj
 0000:fffc6000       _volmd                     0000000180000000     p5engine.obj
 0000:fffc6000       _volmd                     0000000180000000     p5engine.obj
 0000:fffc6000       _volmd                     0000000180000000     p5engine.obj
 0000:fffc6000       _volmd                     0000000180000000     p5engine.obj
 0000:fffc6000       _volmd                     0000000180000000     p5engine.obj
 0000:fffc6000       _volmd                     0000000180000000     p5engine.obj
 0000:fffc6000       _volmd                     0000000180000000     p5engine.obj
 0000:fffc6000       _volmd                     0000000180000000     p5engine.obj
 0000:fffc6000       _volmd                     0000000180000000     p5engine.obj
 0000:fffc6000       _volmd                     0000000180000000     p5engine.obj
 0000:fffc6000       _volmd                     0000000180000000     p5engine.obj
 0000:fffc6000       _volmd                     0000000180000000     p5engine.obj
 0000:fffc6000       _volmd                     0000000180000000     p5engine.obj
 0000:fffc6000       _volmd                     0000000180000000     p5engine.obj
 0000:fffc6000       _volmd                     0000000180000000     p5engine.obj
 0000:fffc6000       _volmd                     0000000180000000     p5engine.obj
 0000:fffc6000       _volmd                     0000000180000000     p5engine.obj
 0000:fffc6000       _volmd                     0000000180000000     p5engine.obj
 0000:fffc6000       _volmd                     0000000180000000     p5engine.obj
 0000:fffc6000       _volmd                     0000000180000000     p5engine.obj
 0000:fffc6000       _volmd                     0000000180000000     MSVCRTD:cpu_disp.obj
 0000:fffc7000       __guard_ehcont_?dllmain_dispatch@@YAHQEAUHINSTANCE__@@KQEAX@Z 0000000180000000     MSVCRTD:dll_dllmain.obj
 0000:fffc7000       __guard_fids_?dllmain_dispatch@@YAHQEAUHINSTANCE__@@KQEAX@Z 0000000180000000     MSVCRTD:dll_dllmain.obj
 0000:fffc7000       __guard_ehcont_?notify_debugger@@YAXAEBUtagEXCEPTION_VISUALCPP_DEBUG_INFO@@@Z 0000000180000000     MSVCRTD:error.obj
 0000:fffc6000       _volmd                     0000000180000000     MSVCRTD:gs_report.obj
 0000:fffc6000       _volmd                     0000000180000000     MSVCRTD:gs_report.obj
 0000:fffc6000       _volmd                     0000000180000000     MSVCRTD:gs_report.obj
 0000:fffc7000       __guard_fids__             0000000180000000     MSVCRTD:guard_support.obj
 0000:fffc7000       __guard_fids__             0000000180000000     MSVCRTD:guard_support.obj
 0000:fffc7000       __guard_fids__guard_icall_checks_enforced 0000000180000000     MSVCRTD:guard_support.obj
 0000:fffc6000       _volmd                     0000000180000000     MSVCRTD:guard_support.obj
 0000:fffc6000       _volmd                     0000000180000000     MSVCRTD:guard_support.obj
 0000:fffc6000       _volmd                     0000000180000000     MSVCRTD:guard_support.obj
 0000:fffc7000       __guard_fids__CRT_RTC_INIT 0000000180000000     MSVCRTD:init.obj
 0000:fffc7000       __guard_fids__CRT_RTC_INITW 0000000180000000     MSVCRTD:init.obj
 0000:fffc7000       __guard_ehcont___scrt_is_nonwritable_in_current_image 0000000180000000     MSVCRTD:utility.obj
 0000:fffc6000       _volmd                     0000000180000000     MSVCRTD:utility.obj
 0000:fffc6000       _volmd                     0000000180000000     MSVCRTD:utility.obj
 0000:fffc6000       _volmd                     0000000180000000     MSVCRTD:utility.obj
 0000:fffc7000       __guard_fids___scrt_set_unhandled_exception_filter 0000000180000000     MSVCRTD:utility_desktop.obj
 0000:fffc6000       _volmd                     0000000180000000     MSVCRTD:utility_desktop.obj
 0000:fffc3000       .debug$S                   0000000180000000     vcruntimed:VCRUNTIME140D.dll
 0000:fffc3000       .debug$S                   0000000180000000     vcruntimed:VCRUNTIME140D.dll
 0000:fffc3000       .debug$S                   0000000180000000     vcruntimed:VCRUNTIME140D.dll
 0000:fffc3000       .debug$S                   0000000180000000     vcruntimed:VCRUNTIME140D.dll
 0000:fffc3000       .debug$S                   0000000180000000     vcruntimed:VCRUNTIME140D.dll
 0000:fffc3000       .debug$S                   0000000180000000     vcruntimed:VCRUNTIME140D.dll
 0000:fffc3000       .debug$S                   0000000180000000     vcruntimed:VCRUNTIME140D.dll
 0000:fffc3000       .debug$S                   0000000180000000     vcruntimed:VCRUNTIME140D.dll
 0000:fffc3000       .debug$S                   0000000180000000     ucrtd:ucrtbased.dll
 0000:fffc3000       .debug$S                   0000000180000000     ucrtd:ucrtbased.dll
 0000:fffc3000       .debug$S                   0000000180000000     ucrtd:ucrtbased.dll
 0000:fffc3000       .debug$S                   0000000180000000     ucrtd:ucrtbased.dll
 0000:fffc3000       .debug$S                   0000000180000000     ucrtd:ucrtbased.dll
 0000:fffc3000       .debug$S                   0000000180000000     ucrtd:ucrtbased.dll
 0000:fffc3000       .debug$S                   0000000180000000     ucrtd:ucrtbased.dll
 0000:fffc3000       .debug$S                   0000000180000000     ucrtd:ucrtbased.dll
 0000:fffc3000       .debug$S                   0000000180000000     ucrtd:ucrtbased.dll
 0000:fffc3000       .debug$S                   0000000180000000     ucrtd:ucrtbased.dll
 0000:fffc3000       .debug$S                   0000000180000000     ucrtd:ucrtbased.dll
 0000:fffc3000       .debug$S                   0000000180000000     ucrtd:ucrtbased.dll
 0000:fffc3000       .debug$S                   0000000180000000     ucrtd:ucrtbased.dll
 0000:fffc3000       .debug$S                   0000000180000000     ucrtd:ucrtbased.dll
 0000:fffc3000       .debug$S                   0000000180000000     ucrtd:ucrtbased.dll
 0000:fffc3000       .debug$S                   0000000180000000     ucrtd:ucrtbased.dll
 0000:fffc3000       .debug$S                   0000000180000000     ucrtd:ucrtbased.dll
 0000:fffc3000       .debug$S                   0000000180000000     ucrtd:ucrtbased.dll
 0000:fffc3000       .debug$S                   0000000180000000     ucrtd:ucrtbased.dll
 0000:fffc3000       .debug$S                   0000000180000000     ucrtd:ucrtbased.dll
 0000:fffc3000       .debug$S                   0000000180000000     ucrtd:ucrtbased.dll
 0000:fffc3000       .debug$S                   0000000180000000     ucrtd:ucrtbased.dll
 0000:fffc3000       .debug$S                   0000000180000000     ucrtd:ucrtbased.dll
 0000:fffc3000       .debug$S                   0000000180000000     ucrtd:ucrtbased.dll
 0000:fffc3000       .debug$S                   0000000180000000     ucrtd:ucrtbased.dll
 0000:fffc3000       .debug$S                   0000000180000000     kernel32:KERNEL32.dll
 0000:fffc3000       .debug$S                   0000000180000000     kernel32:KERNEL32.dll
 0000:fffc3000       .debug$S                   0000000180000000     kernel32:KERNEL32.dll
 0000:fffc3000       .debug$S                   0000000180000000     kernel32:KERNEL32.dll
 0000:fffc3000       .debug$S                   0000000180000000     kernel32:KERNEL32.dll
 0000:fffc3000       .debug$S                   0000000180000000     kernel32:KERNEL32.dll
 0000:fffc3000       .debug$S                   0000000180000000     kernel32:KERNEL32.dll
 0000:fffc3000       .debug$S                   0000000180000000     kernel32:KERNEL32.dll
 0000:fffc3000       .debug$S                   0000000180000000     kernel32:KERNEL32.dll
 0000:fffc3000       .debug$S                   0000000180000000     kernel32:KERNEL32.dll
 0000:fffc3000       .debug$S                   0000000180000000     kernel32:KERNEL32.dll
 0000:fffc3000       .debug$S                   0000000180000000     kernel32:KERNEL32.dll
 0000:fffc3000       .debug$S                   0000000180000000     kernel32:KERNEL32.dll
 0000:fffc3000       .debug$S                   0000000180000000     kernel32:KERNEL32.dll
 0000:fffc3000       .debug$S                   0000000180000000     kernel32:KERNEL32.dll
 0000:fffc3000       .debug$S                   0000000180000000     kernel32:KERNEL32.dll
 0000:fffc3000       .debug$S                   0000000180000000     kernel32:KERNEL32.dll
 0000:fffc3000       .debug$S                   0000000180000000     kernel32:KERNEL32.dll
 0000:fffc3000       .debug$S                   0000000180000000     kernel32:KERNEL32.dll
 0000:fffc3000       .debug$S                   0000000180000000     kernel32:KERNEL32.dll
 0000:fffc3000       .debug$S                   0000000180000000     kernel32:KERNEL32.dll
 0000:fffc3000       .debug$S                   0000000180000000     kernel32:KERNEL32.dll
 0000:fffc3000       .debug$S                   0000000180000000     kernel32:KERNEL32.dll
 0000:fffc3000       .debug$S                   0000000180000000     kernel32:KERNEL32.dll
 0000:fffc3000       .debug$S                   0000000180000000     kernel32:KERNEL32.dll
 0000:fffc3000       .debug$S                   0000000180000000     kernel32:KERNEL32.dll
 0000:fffc3000       .debug$S                   0000000180000000     kernel32:KERNEL32.dll
 0002:00001560       ?AddCollisionRule@@YAXPEAUgame_state@@IIH@Z 0000000180012560 f   p5engine.obj
 0002:00001760       ?AddEntity@@YAPEAUsim_entity@@PEAUgame_state@@PEAUsim_region@@IPEAUlow_entity@@PEATv3@@@Z 0000000180012760 f   p5engine.obj
 0002:00001900       ?AddEntityRaw@@YAPEAUsim_entity@@PEAUgame_state@@PEAUsim_region@@IPEAUlow_entity@@@Z 0000000180012900 f   p5engine.obj
 0002:00001b10       ?AddFamiliar@@YA?AUadd_low_entity_result@@PEAUgame_state@@III@Z 0000000180012b10 f   p5engine.obj
 0002:00001d60       ?AddGroundedEntity@@YA?AUadd_low_entity_result@@PEAUgame_state@@W4entity_type@@Uworld_position@@PEAUsim_entity_collision_volume_group@@@Z 0000000180012d60 f   p5engine.obj
 0002:00001e80       ?AddLowEntity@@YA?AUadd_low_entity_result@@PEAUgame_state@@W4entity_type@@Uworld_position@@@Z 0000000180012e80 f   p5engine.obj
 0002:00002100       ?AddMonstar@@YA?AUadd_low_entity_result@@PEAUgame_state@@III@Z 0000000180013100 f   p5engine.obj
 0002:00002300       ?AddPlayer@@YA?AUadd_low_entity_result@@PEAUgame_state@@@Z 0000000180013300 f   p5engine.obj
 0002:000026d0       ?AddStairs@@YA?AUadd_low_entity_result@@PEAUgame_state@@III@Z 00000001800136d0 f   p5engine.obj
 0002:00002900       ?AddStandardRoom@@YA?AUadd_low_entity_result@@PEAUgame_state@@III@Z 0000000180013900 f   p5engine.obj
 0002:00002af0       ?AddSword@@YA?AUadd_low_entity_result@@PEAUgame_state@@@Z 0000000180013af0 f   p5engine.obj
 0002:00002c50       ?AddWall@@YA?AUadd_low_entity_result@@PEAUgame_state@@III@Z 0000000180013c50 f   p5engine.obj
 0002:00002fa0       ?BeginSim@@YAPEAUsim_region@@PEAUmemory_arena@@PEAUgame_state@@PEAUworld@@Uworld_position@@Urectangle3@@M@Z 0000000180013fa0 f   p5engine.obj
 0002:00003620       ?MakeEmptyBitmap@@YA?AUloaded_bitmap@@PEAUmemory_arena@@HH@Z 0000000180014620 f   p5engine.obj
 0002:000037c0       ?CanCollide@@YAHPEAUgame_state@@PEAUsim_entity@@1@Z 00000001800147c0 f   p5engine.obj
 0002:000039b0       ?CanOverlap@@YAHPEAUgame_state@@PEAUsim_entity@@1@Z 00000001800149b0 f   p5engine.obj
 0002:00003a30       ?ChangeEntityLocation@@YAXPEAUmemory_arena@@PEAUworld@@IPEAUlow_entity@@Uworld_position@@@Z 0000000180014a30 f   p5engine.obj
 0002:00004650       ?ClearCollisionRulesFor@@YAXPEAUgame_state@@I@Z 0000000180015650 f   p5engine.obj
 0002:000047e0       ?DEBUGLoadBMP@@YA?AUloaded_bitmap@@PEAUthread_context@@P6A?AUdebug_read_file_result@@0PEAD@Z1@Z 00000001800157e0 f   p5engine.obj
 0002:00005210       ?SpeculativeCollide@@YAHPEAUsim_entity@@0@Z 0000000180016210 f   p5engine.obj
 0002:00005320       ?DrawHitpoints@@YAXPEAUsim_entity@@PEAUentity_visible_piece_group@@@Z 0000000180016320 f   p5engine.obj
 0002:00005620       ?DrawRectangle@@YAXPEAUloaded_bitmap@@Tv2@@1MMM@Z 0000000180016620 f   p5engine.obj
 0002:000058b0       ?DrawTestGround@@YAXPEAUgame_state@@PEAUloaded_bitmap@@@Z 00000001800168b0 f   p5engine.obj
 0002:00005c20       ?EndSim@@YAXPEAUsim_region@@PEAUgame_state@@@Z 0000000180016c20 f   p5engine.obj
 0002:00005ff0       ?EntitiesOverlap@@YAHPEAUsim_entity@@0Tv3@@@Z 0000000180016ff0 f   p5engine.obj
 0002:00006710       ?GameOutputSound@@YAXPEAUgame_state@@PEAUgame_sound_output_buffer@@H@Z 0000000180017710 f   p5engine.obj
 0002:00006a00       ?GetHashFromStorageIndex@@YAPEAUsim_entity_hash@@PEAUsim_region@@I@Z 0000000180017a00 f   p5engine.obj
 0002:000073e0       ?HandleCollision@@YAHPEAUgame_state@@PEAUsim_entity@@1@Z 00000001800183e0 f   p5engine.obj
 0002:00007510       ?HandleOverlap@@YAXPEAUgame_state@@PEAUsim_entity@@1MPEAM@Z 0000000180018510 f   p5engine.obj
 0002:00007650       ?InitHitPoints@@YAXPEAUlow_entity@@I@Z 0000000180018650 f   p5engine.obj
 0002:00007790       ?InitializeWorld@@YAXPEAUworld@@MM@Z 0000000180018790 f   p5engine.obj
 0002:00008230       ?MakeNullCollision@@YAPEAUsim_entity_collision_volume_group@@PEAUgame_state@@@Z 0000000180019230 f   p5engine.obj
 0002:000083d0       ?MakeSimpleGroundedCollision@@YAPEAUsim_entity_collision_volume_group@@PEAUgame_state@@MMM@Z 00000001800193d0 f   p5engine.obj
 0002:00008680       ?MoveEntity@@YAXPEAUgame_state@@PEAUsim_region@@PEAUsim_entity@@MPEAUmove_spec@@Tv3@@@Z 0000000180019680 f   p5engine.obj
 0002:0000a370       ?Subtract@@YA?ATv3@@PEAUworld@@PEAUworld_position@@1@Z 000000018001b370 f   p5engine.obj
 0002:0000ecb8       $LN105                     000000018001fcb8     p5engine.obj
 0002:0000ece0       ?DrawBitmap@@YAXPEAUloaded_bitmap@@0MMM@Z 000000018001fce0 f   p5engine.obj
 0002:0000fbc0       $$000000                   0000000180020bc0     MSVCRTD:chkstk.obj
 0002:0000fc40       $$000000                   0000000180020c40     MSVCRTD:amdsecgs.obj
 0002:0000fc80       ?dllmain_crt_dispatch@@YAHQEAUHINSTANCE__@@KQEAX@Z 0000000180020c80 f   MSVCRTD:dll_dllmain.obj
 0002:0000fd30       ?dllmain_crt_process_attach@@YAHQEAUHINSTANCE__@@QEAX@Z 0000000180020d30 f   MSVCRTD:dll_dllmain.obj
 0002:0000fec0       ?dllmain_crt_process_detach@@YAH_N@Z 0000000180020ec0 f   MSVCRTD:dll_dllmain.obj
 0002:0000ff80       ?dllmain_dispatch@@YAHQEAUHINSTANCE__@@KQEAX@Z 0000000180020f80 f   MSVCRTD:dll_dllmain.obj
 0002:00010110       ?dllmain_raw@@YAHQEAUHINSTANCE__@@KQEAX@Z 0000000180021110 f   MSVCRTD:dll_dllmain.obj
 0002:00010210       ?DebuggerProbe@@YA_NK@Z    0000000180021210 f   MSVCRTD:error.obj
 0002:00010260       ?DebuggerRuntime@@YA_NKHPEAXPEB_W@Z 0000000180021260 f   MSVCRTD:error.obj
 0002:000105f0       ?_getMemBlockDataString@@YAXPEAD0PEBD_K@Z 00000001800215f0 f   MSVCRTD:error.obj
 0002:000106d0       ?_strlen_priv@@YA_KPEBD@Z  00000001800216d0 f   MSVCRTD:error.obj
 0002:000106f0       ?failwithmessage@@YAXPEAXHHPEBD@Z 00000001800216f0 f   MSVCRTD:error.obj
 0002:000109f0       ?notify_debugger@@YAXAEBUtagEXCEPTION_VISUALCPP_DEBUG_INFO@@@Z 00000001800219f0 f   MSVCRTD:error.obj
 0002:00011050       capture_current_context    0000000180022050 f   MSVCRTD:gs_report.obj
 0002:00011110       capture_previous_context   0000000180022110 f   MSVCRTD:gs_report.obj
 0002:000111f0       __get_entropy              00000001800221f0 f   MSVCRTD:gs_support.obj
 0002:000114a0       ?find_pe_section@@YAPEAU_IMAGE_SECTION_HEADER@@QEAE_K@Z 00000001800224a0 f   MSVCRTD:utility.obj
 0002:000115c0       ?is_potentially_valid_image_base@@YA_NQEAX@Z 00000001800225c0 f   MSVCRTD:utility.obj
 0002:00012360       __castguard_compat_check   0000000180023360 f   MSVCRTD:guard_support.obj
 0002:00012540       __castguard_slow_path_compat_check 0000000180023540 f   MSVCRTD:guard_support.obj
 0002:00012630       ?GetPdbDll@@YAPEAUHINSTANCE__@@XZ 0000000180023630 f   MSVCRTD:pdblkup.obj
 0002:000127d0       ?GetPdbDllFromInstallPath@@YAPEAUHINSTANCE__@@XZ 00000001800237d0 f   MSVCRTD:pdblkup.obj
 0002:00012b30       ?GetPdbDllPathFromFilePath@@YAHPEB_WPEA_W_K@Z 0000000180023b30 f   MSVCRTD:pdblkup.obj
 0002:00014cb0       $$000000                   0000000180025cb0     MSVCRTD:guard_dispatch.obj
 0002:00014cd0       $$000000                   0000000180025cd0     MSVCRTD:guard_xfg_dispatch.obj
 0002:00015cf0       ?fin$0@?0??dllmain_crt_process_attach@@YAHQEAUHINSTANCE__@@QEAX@Z@4HA 0000000180026cf0 f   MSVCRTD:dll_dllmain.obj
 0002:00015d10       ?fin$0@?0??dllmain_crt_process_detach@@YAH_N@Z@4HA 0000000180026d10 f   MSVCRTD:dll_dllmain.obj
 0002:00015d2a       ?fin$1@?0??dllmain_crt_process_detach@@YAH_N@Z@4HA 0000000180026d2a f   MSVCRTD:dll_dllmain.obj
 0002:00015d50       ?filt$0@?0??dllmain_dispatch@@YAHQEAUHINSTANCE__@@KQEAX@Z@4HA 0000000180026d50 f   MSVCRTD:dll_dllmain.obj
 0002:00015db0       ?filt$0@?0??notify_debugger@@YAXAEBUtagEXCEPTION_VISUALCPP_DEBUG_INFO@@@Z@4HA 0000000180026db0 f   MSVCRTD:error.obj
 0002:00015de0       __scrt_is_nonwritable_in_current_image$filt$0 0000000180026de0 f   MSVCRTD:utility.obj
 0003:00000880       ?FindLeastSignificantSetBit@@YA?AUbit_scan_result@@I@Z$rtcName$0 0000000180028880     p5engine.obj
 0003:00000890       ?FindLeastSignificantSetBit@@YA?AUbit_scan_result@@I@Z$rtcVarDesc 0000000180028890     p5engine.obj
 0003:000008d0       ?FindLeastSignificantSetBit@@YA?AUbit_scan_result@@I@Z$rtcFrameData 00000001800288d0     p5engine.obj
 0003:00000900       ?V2@@YA?ATv2@@MM@Z$rtcName$0 0000000180028900     p5engine.obj
 0003:00000910       ?V2@@YA?ATv2@@MM@Z$rtcVarDesc 0000000180028910     p5engine.obj
 0003:00000950       ?V2@@YA?ATv2@@MM@Z$rtcFrameData 0000000180028950     p5engine.obj
 0003:00000980       ?V2i@@YA?ATv2@@HH@Z$rtcName$0 0000000180028980     p5engine.obj
 0003:00000990       ?V2i@@YA?ATv2@@HH@Z$rtcVarDesc 0000000180028990     p5engine.obj
 0003:000009d0       ?V2i@@YA?ATv2@@HH@Z$rtcFrameData 00000001800289d0     p5engine.obj
 0003:00000a00       ??D@YA?ATv2@@MT0@@Z$rtcName$0 0000000180028a00     p5engine.obj
 0003:00000a10       ??D@YA?ATv2@@MT0@@Z$rtcVarDesc 0000000180028a10     p5engine.obj
 0003:00000a50       ??D@YA?ATv2@@MT0@@Z$rtcFrameData 0000000180028a50     p5engine.obj
 0003:00000a80       ??D@YA?ATv2@@T0@M@Z$rtcName$0 0000000180028a80     p5engine.obj
 0003:00000a90       ??D@YA?ATv2@@T0@M@Z$rtcVarDesc 0000000180028a90     p5engine.obj
 0003:00000ad0       ??D@YA?ATv2@@T0@M@Z$rtcFrameData 0000000180028ad0     p5engine.obj
 0003:00000b00       ??H@YA?ATv2@@T0@0@Z$rtcName$0 0000000180028b00     p5engine.obj
 0003:00000b10       ??H@YA?ATv2@@T0@0@Z$rtcVarDesc 0000000180028b10     p5engine.obj
 0003:00000b50       ??H@YA?ATv2@@T0@0@Z$rtcFrameData 0000000180028b50     p5engine.obj
 0003:00000b80       ??G@YA?ATv2@@T0@0@Z$rtcName$0 0000000180028b80     p5engine.obj
 0003:00000b90       ??G@YA?ATv2@@T0@0@Z$rtcVarDesc 0000000180028b90     p5engine.obj
 0003:00000bd0       ??G@YA?ATv2@@T0@0@Z$rtcFrameData 0000000180028bd0     p5engine.obj
 0003:00000c00       ?Clamp01@@YA?ATv2@@T1@@Z$rtcName$0 0000000180028c00     p5engine.obj
 0003:00000c10       ?Clamp01@@YA?ATv2@@T1@@Z$rtcVarDesc 0000000180028c10     p5engine.obj
 0003:00000c50       ?Clamp01@@YA?ATv2@@T1@@Z$rtcFrameData 0000000180028c50     p5engine.obj
 0003:00000c80       ?V3@@YA?ATv3@@MMM@Z$rtcName$0 0000000180028c80     p5engine.obj
 0003:00000c90       ?V3@@YA?ATv3@@MMM@Z$rtcVarDesc 0000000180028c90     p5engine.obj
 0003:00000cd0       ?V3@@YA?ATv3@@MMM@Z$rtcFrameData 0000000180028cd0     p5engine.obj
 0003:00000d00       ??D@YA?ATv3@@MT0@@Z$rtcName$0 0000000180028d00     p5engine.obj
 0003:00000d10       ??D@YA?ATv3@@MT0@@Z$rtcVarDesc 0000000180028d10     p5engine.obj
 0003:00000d50       ??D@YA?ATv3@@MT0@@Z$rtcFrameData 0000000180028d50     p5engine.obj
 0003:00000d80       ??D@YA?ATv3@@T0@M@Z$rtcName$0 0000000180028d80     p5engine.obj
 0003:00000d90       ??D@YA?ATv3@@T0@M@Z$rtcVarDesc 0000000180028d90     p5engine.obj
 0003:00000dd0       ??D@YA?ATv3@@T0@M@Z$rtcFrameData 0000000180028dd0     p5engine.obj
 0003:00000e00       ??H@YA?ATv3@@T0@0@Z$rtcName$0 0000000180028e00     p5engine.obj
 0003:00000e10       ??H@YA?ATv3@@T0@0@Z$rtcVarDesc 0000000180028e10     p5engine.obj
 0003:00000e50       ??H@YA?ATv3@@T0@0@Z$rtcFrameData 0000000180028e50     p5engine.obj
 0003:00000e80       ??G@YA?ATv3@@T0@0@Z$rtcName$0 0000000180028e80     p5engine.obj
 0003:00000e90       ??G@YA?ATv3@@T0@0@Z$rtcVarDesc 0000000180028e90     p5engine.obj
 0003:00000ed0       ??G@YA?ATv3@@T0@0@Z$rtcFrameData 0000000180028ed0     p5engine.obj
 0003:00000f00       ?Hadamard@@YA?ATv3@@T1@0@Z$rtcName$0 0000000180028f00     p5engine.obj
 0003:00000f10       ?Hadamard@@YA?ATv3@@T1@0@Z$rtcVarDesc 0000000180028f10     p5engine.obj
 0003:00000f50       ?Hadamard@@YA?ATv3@@T1@0@Z$rtcFrameData 0000000180028f50     p5engine.obj
 0003:00000f80       ?V4@@YA?ATv4@@MMMM@Z$rtcName$0 0000000180028f80     p5engine.obj
 0003:00000f90       ?V4@@YA?ATv4@@MMMM@Z$rtcVarDesc 0000000180028f90     p5engine.obj
 0003:00000fd0       ?V4@@YA?ATv4@@MMMM@Z$rtcFrameData 0000000180028fd0     p5engine.obj
 0003:00001000       ?RectCenterHalfDim@@YA?AUrectangle2@@Tv2@@0@Z$rtcName$0 0000000180029000     p5engine.obj
 0003:00001010       ?RectCenterHalfDim@@YA?AUrectangle2@@Tv2@@0@Z$rtcVarDesc 0000000180029010     p5engine.obj
 0003:00001050       ?RectCenterHalfDim@@YA?AUrectangle2@@Tv2@@0@Z$rtcFrameData 0000000180029050     p5engine.obj
 0003:00001080       ?RectCenterDim@@YA?AUrectangle2@@Tv2@@0@Z$rtcName$0 0000000180029080     p5engine.obj
 0003:00001090       ?RectCenterDim@@YA?AUrectangle2@@Tv2@@0@Z$rtcVarDesc 0000000180029090     p5engine.obj
 0003:000010d0       ?RectCenterDim@@YA?AUrectangle2@@Tv2@@0@Z$rtcFrameData 00000001800290d0     p5engine.obj
 0003:00001100       ?GetBarycentric@@YA?ATv2@@Urectangle2@@T1@@Z$rtcName$0 0000000180029100     p5engine.obj
 0003:00001110       ?GetBarycentric@@YA?ATv2@@Urectangle2@@T1@@Z$rtcVarDesc 0000000180029110     p5engine.obj
 0003:00001150       ?GetBarycentric@@YA?ATv2@@Urectangle2@@T1@@Z$rtcFrameData 0000000180029150     p5engine.obj
 0003:00001180       ?GetMinCorner@@YA?ATv3@@Urectangle3@@@Z$rtcName$0 0000000180029180     p5engine.obj
 0003:00001190       ?GetMinCorner@@YA?ATv3@@Urectangle3@@@Z$rtcVarDesc 0000000180029190     p5engine.obj
 0003:000011d0       ?GetMinCorner@@YA?ATv3@@Urectangle3@@@Z$rtcFrameData 00000001800291d0     p5engine.obj
 0003:00001200       ?GetMaxCorner@@YA?ATv3@@Urectangle3@@@Z$rtcName$0 0000000180029200     p5engine.obj
 0003:00001210       ?GetMaxCorner@@YA?ATv3@@Urectangle3@@@Z$rtcVarDesc 0000000180029210     p5engine.obj
 0003:00001250       ?GetMaxCorner@@YA?ATv3@@Urectangle3@@@Z$rtcFrameData 0000000180029250     p5engine.obj
 0003:00001280       ?RectCenterHalfDim@@YA?AUrectangle3@@Tv3@@0@Z$rtcName$0 0000000180029280     p5engine.obj
 0003:00001290       ?RectCenterHalfDim@@YA?AUrectangle3@@Tv3@@0@Z$rtcVarDesc 0000000180029290     p5engine.obj
 0003:000012d0       ?RectCenterHalfDim@@YA?AUrectangle3@@Tv3@@0@Z$rtcFrameData 00000001800292d0     p5engine.obj
 0003:00001300       ?AddRadiusTo@@YA?AUrectangle3@@U1@Tv3@@@Z$rtcName$0 0000000180029300     p5engine.obj
 0003:00001310       ?AddRadiusTo@@YA?AUrectangle3@@U1@Tv3@@@Z$rtcVarDesc 0000000180029310     p5engine.obj
 0003:00001350       ?AddRadiusTo@@YA?AUrectangle3@@U1@Tv3@@@Z$rtcFrameData 0000000180029350     p5engine.obj
 0003:00001380       ?RectCenterDim@@YA?AUrectangle3@@Tv3@@0@Z$rtcName$0 0000000180029380     p5engine.obj
 0003:00001390       ?RectCenterDim@@YA?AUrectangle3@@Tv3@@0@Z$rtcVarDesc 0000000180029390     p5engine.obj
 0003:000013d0       ?RectCenterDim@@YA?AUrectangle3@@Tv3@@0@Z$rtcFrameData 00000001800293d0     p5engine.obj
 0003:00001400       ?GetEntityGroundPoint@@YA?ATv3@@PEAUsim_entity@@@Z$rtcName$0 0000000180029400     p5engine.obj
 0003:00001410       ?GetEntityGroundPoint@@YA?ATv3@@PEAUsim_entity@@@Z$rtcVarDesc 0000000180029410     p5engine.obj
 0003:00001450       ?GetEntityGroundPoint@@YA?ATv3@@PEAUsim_entity@@@Z$rtcFrameData 0000000180029450     p5engine.obj
 0003:00001480       ?GetStairGround@@YAMPEAUsim_entity@@Tv3@@@Z$rtcName$0 0000000180029480     p5engine.obj
 0003:0000148c       ?GetStairGround@@YAMPEAUsim_entity@@Tv3@@@Z$rtcName$1 000000018002948c     p5engine.obj
 0003:000014a0       ?GetStairGround@@YAMPEAUsim_entity@@Tv3@@@Z$rtcVarDesc 00000001800294a0     p5engine.obj
 0003:00001520       ?GetStairGround@@YAMPEAUsim_entity@@Tv3@@@Z$rtcFrameData 0000000180029520     p5engine.obj
 0003:00001560       ?NullPosition@@YA?AUworld_position@@XZ$rtcName$0 0000000180029560     p5engine.obj
 0003:00001570       ?NullPosition@@YA?AUworld_position@@XZ$rtcVarDesc 0000000180029570     p5engine.obj
 0003:000015b0       ?NullPosition@@YA?AUworld_position@@XZ$rtcFrameData 00000001800295b0     p5engine.obj
 0003:000015e0       ?MapIntoChunkSpace@@YA?AUworld_position@@PEAUworld@@U1@Tv3@@@Z$rtcName$0 00000001800295e0     p5engine.obj
 0003:000015f0       ?MapIntoChunkSpace@@YA?AUworld_position@@PEAUworld@@U1@Tv3@@@Z$rtcVarDesc 00000001800295f0     p5engine.obj
 0003:00001630       ?MapIntoChunkSpace@@YA?AUworld_position@@PEAUworld@@U1@Tv3@@@Z$rtcFrameData 0000000180029630     p5engine.obj
 0003:00001660       ?ChunkPositionFromTilePosition@@YA?AUworld_position@@PEAUworld@@HHHTv3@@@Z$rtcName$0 0000000180029660     p5engine.obj
 0003:00001668       ?ChunkPositionFromTilePosition@@YA?AUworld_position@@PEAUworld@@HHHTv3@@@Z$rtcName$1 0000000180029668     p5engine.obj
 0003:00001670       ?ChunkPositionFromTilePosition@@YA?AUworld_position@@PEAUworld@@HHHTv3@@@Z$rtcName$2 0000000180029670     p5engine.obj
 0003:00001678       ?ChunkPositionFromTilePosition@@YA?AUworld_position@@PEAUworld@@HHHTv3@@@Z$rtcName$3 0000000180029678     p5engine.obj
 0003:00001680       ?ChunkPositionFromTilePosition@@YA?AUworld_position@@PEAUworld@@HHHTv3@@@Z$rtcVarDesc 0000000180029680     p5engine.obj
 0003:00001780       ?ChunkPositionFromTilePosition@@YA?AUworld_position@@PEAUworld@@HHHTv3@@@Z$rtcFrameData 0000000180029780     p5engine.obj
 0003:000017d0       ?Subtract@@YA?ATv3@@PEAUworld@@PEAUworld_position@@1@Z$rtcName$0 00000001800297d0     p5engine.obj
 0003:000017d8       ?Subtract@@YA?ATv3@@PEAUworld@@PEAUworld_position@@1@Z$rtcName$1 00000001800297d8     p5engine.obj
 0003:000017e0       ?Subtract@@YA?ATv3@@PEAUworld@@PEAUworld_position@@1@Z$rtcVarDesc 00000001800297e0     p5engine.obj
 0003:00001860       ?Subtract@@YA?ATv3@@PEAUworld@@PEAUworld_position@@1@Z$rtcFrameData 0000000180029860     p5engine.obj
 0003:00001890       ?GetSimSpacePos@@YA?ATv3@@PEAUsim_region@@PEAUlow_entity@@@Z$rtcName$0 0000000180029890     p5engine.obj
 0003:000018a0       ?GetSimSpacePos@@YA?ATv3@@PEAUsim_region@@PEAUlow_entity@@@Z$rtcVarDesc 00000001800298a0     p5engine.obj
 0003:000018e0       ?GetSimSpacePos@@YA?ATv3@@PEAUsim_region@@PEAUlow_entity@@@Z$rtcFrameData 00000001800298e0     p5engine.obj
 0003:00001910       ?LoadEntityReference@@YAXPEAUgame_state@@PEAUsim_region@@PEATentity_reference@@@Z$rtcName$0 0000000180029910     p5engine.obj
 0003:00001920       ?LoadEntityReference@@YAXPEAUgame_state@@PEAUsim_region@@PEATentity_reference@@@Z$rtcVarDesc 0000000180029920     p5engine.obj
 0003:00001960       ?LoadEntityReference@@YAXPEAUgame_state@@PEAUsim_region@@PEATentity_reference@@@Z$rtcFrameData 0000000180029960     p5engine.obj
 0003:00001990       ?EntityOverlapsRectangle@@YAHTv3@@Usim_entity_collision_volume@@Urectangle3@@@Z$rtcName$0 0000000180029990     p5engine.obj
 0003:000019a0       ?EntityOverlapsRectangle@@YAHTv3@@Usim_entity_collision_volume@@Urectangle3@@@Z$rtcVarDesc 00000001800299a0     p5engine.obj
 0003:000019e0       ?EntityOverlapsRectangle@@YAHTv3@@Usim_entity_collision_volume@@Urectangle3@@@Z$rtcFrameData 00000001800299e0     p5engine.obj
 0003:00001a10       ?BeginSim@@YAPEAUsim_region@@PEAUmemory_arena@@PEAUgame_state@@PEAUworld@@Uworld_position@@Urectangle3@@M@Z$rtcName$0 0000000180029a10     p5engine.obj
 0003:00001a20       ?BeginSim@@YAPEAUsim_region@@PEAUmemory_arena@@PEAUgame_state@@PEAUworld@@Uworld_position@@Urectangle3@@M@Z$rtcName$1 0000000180029a20     p5engine.obj
 0003:00001a30       ?BeginSim@@YAPEAUsim_region@@PEAUmemory_arena@@PEAUgame_state@@PEAUworld@@Uworld_position@@Urectangle3@@M@Z$rtcName$2 0000000180029a30     p5engine.obj
 0003:00001a40       ?BeginSim@@YAPEAUsim_region@@PEAUmemory_arena@@PEAUgame_state@@PEAUworld@@Uworld_position@@Urectangle3@@M@Z$rtcVarDesc 0000000180029a40     p5engine.obj
 0003:00001b00       ?BeginSim@@YAPEAUsim_region@@PEAUmemory_arena@@PEAUgame_state@@PEAUworld@@Uworld_position@@Urectangle3@@M@Z$rtcFrameData 0000000180029b00     p5engine.obj
 0003:00001b50       ?EndSim@@YAXPEAUsim_region@@PEAUgame_state@@@Z$rtcName$0 0000000180029b50     p5engine.obj
 0003:00001b58       ?EndSim@@YAXPEAUsim_region@@PEAUgame_state@@@Z$rtcName$1 0000000180029b58     p5engine.obj
 0003:00001b70       ?EndSim@@YAXPEAUsim_region@@PEAUgame_state@@@Z$rtcVarDesc 0000000180029b70     p5engine.obj
 0003:00001bf0       ?EndSim@@YAXPEAUsim_region@@PEAUgame_state@@@Z$rtcFrameData 0000000180029bf0     p5engine.obj
 0003:00001c30       ?SpeculativeCollide@@YAHPEAUsim_entity@@0@Z$rtcName$0 0000000180029c30     p5engine.obj
 0003:00001c50       ?SpeculativeCollide@@YAHPEAUsim_entity@@0@Z$rtcVarDesc 0000000180029c50     p5engine.obj
 0003:00001c90       ?SpeculativeCollide@@YAHPEAUsim_entity@@0@Z$rtcFrameData 0000000180029c90     p5engine.obj
 0003:00001cc0       ?EntitiesOverlap@@YAHPEAUsim_entity@@0Tv3@@@Z$rtcName$0 0000000180029cc0     p5engine.obj
 0003:00001cd0       ?EntitiesOverlap@@YAHPEAUsim_entity@@0Tv3@@@Z$rtcName$1 0000000180029cd0     p5engine.obj
 0003:00001ce0       ?EntitiesOverlap@@YAHPEAUsim_entity@@0Tv3@@@Z$rtcVarDesc 0000000180029ce0     p5engine.obj
 0003:00001d60       ?EntitiesOverlap@@YAHPEAUsim_entity@@0Tv3@@@Z$rtcFrameData 0000000180029d60     p5engine.obj
 0003:00001da0       ?MoveEntity@@YAXPEAUgame_state@@PEAUsim_region@@PEAUsim_entity@@MPEAUmove_spec@@Tv3@@@Z$rtcName$0 0000000180029da0     p5engine.obj
 0003:00001da8       ?MoveEntity@@YAXPEAUgame_state@@PEAUsim_region@@PEAUsim_entity@@MPEAUmove_spec@@Tv3@@@Z$rtcName$1 0000000180029da8     p5engine.obj
 0003:00001db4       ?MoveEntity@@YAXPEAUgame_state@@PEAUsim_region@@PEAUsim_entity@@MPEAUmove_spec@@Tv3@@@Z$rtcName$11 0000000180029db4     p5engine.obj
 0003:00001db8       ?MoveEntity@@YAXPEAUgame_state@@PEAUsim_region@@PEAUsim_entity@@MPEAUmove_spec@@Tv3@@@Z$rtcName$2 0000000180029db8     p5engine.obj
 0003:00001dc8       ?MoveEntity@@YAXPEAUgame_state@@PEAUsim_region@@PEAUsim_entity@@MPEAUmove_spec@@Tv3@@@Z$rtcName$3 0000000180029dc8     p5engine.obj
 0003:00001dd8       ?MoveEntity@@YAXPEAUgame_state@@PEAUsim_region@@PEAUsim_entity@@MPEAUmove_spec@@Tv3@@@Z$rtcName$4 0000000180029dd8     p5engine.obj
 0003:00001de8       ?MoveEntity@@YAXPEAUgame_state@@PEAUsim_region@@PEAUsim_entity@@MPEAUmove_spec@@Tv3@@@Z$rtcName$5 0000000180029de8     p5engine.obj
 0003:00001df8       ?MoveEntity@@YAXPEAUgame_state@@PEAUsim_region@@PEAUsim_entity@@MPEAUmove_spec@@Tv3@@@Z$rtcName$6 0000000180029df8     p5engine.obj
[...]
 0003:0000599c       $unwind$?LoadEntityReference@@YAXPEAUgame_state@@PEAUsim_region@@PEATentity_reference@@@Z 000000018002d99c     p5engine.obj
 0003:000059b8       $unwind$?StoreEntityReference@@YAXPEATentity_reference@@@Z 000000018002d9b8     p5engine.obj
 0003:000059cc       $unwind$?AddEntityRaw@@YAPEAUsim_entity@@PEAUgame_state@@PEAUsim_region@@IPEAUlow_entity@@@Z 000000018002d9cc     p5engine.obj
 0003:000059e0       $unwind$?EntityOverlapsRectangle@@YAHTv3@@Usim_entity_collision_volume@@Urectangle3@@@Z 000000018002d9e0     p5engine.obj
 0003:000059f4       $unwind$?BeginSim@@YAPEAUsim_region@@PEAUmemory_arena@@PEAUgame_state@@PEAUworld@@Uworld_position@@Urectangle3@@M@Z 000000018002d9f4     p5engine.obj
 0003:00005a10       $unwind$?EndSim@@YAXPEAUsim_region@@PEAUgame_state@@@Z 000000018002da10     p5engine.obj
 0003:00005a2c       $unwind$?CanCollide@@YAHPEAUgame_state@@PEAUsim_entity@@1@Z 000000018002da2c     p5engine.obj
 0003:00005a40       $unwind$?HandleCollision@@YAHPEAUgame_state@@PEAUsim_entity@@1@Z 000000018002da40     p5engine.obj
 0003:00005a54       $unwind$?CanOverlap@@YAHPEAUgame_state@@PEAUsim_entity@@1@Z 000000018002da54     p5engine.obj
 0003:00005a68       $unwind$?HandleOverlap@@YAXPEAUgame_state@@PEAUsim_entity@@1MPEAM@Z 000000018002da68     p5engine.obj
 0003:00005a7c       $unwind$?SpeculativeCollide@@YAHPEAUsim_entity@@0@Z 000000018002da7c     p5engine.obj
 0003:00005a90       $unwind$?EntitiesOverlap@@YAHPEAUsim_entity@@0Tv3@@@Z 000000018002da90     p5engine.obj
 0003:00005aa4       $unwind$?MoveEntity@@YAXPEAUgame_state@@PEAUsim_region@@PEAUsim_entity@@MPEAUmove_spec@@Tv3@@@Z 000000018002daa4     p5engine.obj
 0003:00005ac0       $unwind$?DefaultMoveSpec@@YA?AUmove_spec@@XZ 000000018002dac0     p5engine.obj
 0003:00005adc       $unwind$?RandomSeed@@YA?AUrandom_series@@I@Z 000000018002dadc     p5engine.obj
 0003:00005af8       $unwind$?RandomNextUInt32@@YAIPEAUrandom_series@@@Z 000000018002daf8     p5engine.obj
 0003:00005b0c       $unwind$?RandomChoice@@YAIPEAUrandom_series@@I@Z 000000018002db0c     p5engine.obj
 0003:00005b20       $unwind$?RandomUnilateral@@YAMPEAUrandom_series@@@Z 000000018002db20     p5engine.obj
 0003:00005b34       $unwind$?RandomBilateral@@YAMPEAUrandom_series@@@Z 000000018002db34     p5engine.obj
 0003:00005b48       $unwind$?GameOutputSound@@YAXPEAUgame_state@@PEAUgame_sound_output_buffer@@H@Z 000000018002db48     p5engine.obj
 0003:00005b5c       $unwind$?DrawRectangle@@YAXPEAUloaded_bitmap@@Tv2@@1MMM@Z 000000018002db5c     p5engine.obj
 0003:00005b70       $unwind$?DrawBitmap@@YAXPEAUloaded_bitmap@@0MMM@Z 000000018002db70     p5engine.obj
 0003:00005b84       $unwind$?DEBUGLoadBMP@@YA?AUloaded_bitmap@@PEAUthread_context@@P6A?AUdebug_read_file_result@@0PEAD@Z1@Z 000000018002db84     p5engine.obj
 0003:00005ba0       $unwind$?AddLowEntity@@YA?AUadd_low_entity_result@@PEAUgame_state@@W4entity_type@@Uworld_position@@@Z 000000018002dba0     p5engine.obj
 0003:00005bbc       $unwind$?AddGroundedEntity@@YA?AUadd_low_entity_result@@PEAUgame_state@@W4entity_type@@Uworld_position@@PEAUsim_entity_collision_volume_group@@@Z 000000018002dbbc     p5engine.obj
 0003:00005bd0       $unwind$?AddStandardRoom@@YA?AUadd_low_entity_result@@PEAUgame_state@@III@Z 000000018002dbd0     p5engine.obj
 0003:00005be4       $unwind$?AddWall@@YA?AUadd_low_entity_result@@PEAUgame_state@@III@Z 000000018002dbe4     p5engine.obj
 0003:00005bf8       $unwind$?AddStairs@@YA?AUadd_low_entity_result@@PEAUgame_state@@III@Z 000000018002dbf8     p5engine.obj
 0003:00005c0c       $unwind$?InitHitPoints@@YAXPEAUlow_entity@@I@Z 000000018002dc0c     p5engine.obj
 0003:00005c20       $unwind$?AddSword@@YA?AUadd_low_entity_result@@PEAUgame_state@@@Z 000000018002dc20     p5engine.obj
 0003:00005c34       $unwind$?AddPlayer@@YA?AUadd_low_entity_result@@PEAUgame_state@@@Z 000000018002dc34     p5engine.obj
 0003:00005c48       $unwind$?AddMonstar@@YA?AUadd_low_entity_result@@PEAUgame_state@@III@Z 000000018002dc48     p5engine.obj
 0003:00005c5c       $unwind$?AddFamiliar@@YA?AUadd_low_entity_result@@PEAUgame_state@@III@Z 000000018002dc5c     p5engine.obj
 0003:00005c70       $unwind$?PushPiece@@YAXPEAUentity_visible_piece_group@@PEAUloaded_bitmap@@Tv2@@2M2Tv4@@M@Z 000000018002dc70     p5engine.obj
 0003:00005c84       $unwind$?PushBitmap@@YAXPEAUentity_visible_piece_group@@PEAUloaded_bitmap@@Tv2@@M2MM@Z 000000018002dc84     p5engine.obj
 0003:00005c98       $unwind$?PushRect@@YAXPEAUentity_visible_piece_group@@Tv2@@M1Tv4@@M@Z 000000018002dc98     p5engine.obj
 0003:00005cac       $unwind$?DrawHitpoints@@YAXPEAUsim_entity@@PEAUentity_visible_piece_group@@@Z 000000018002dcac     p5engine.obj
 0003:00005cc8       $unwind$?MakeSimpleGroundedCollision@@YAPEAUsim_entity_collision_volume_group@@PEAUgame_state@@MMM@Z 000000018002dcc8     p5engine.obj
 0003:00005cdc       $unwind$?MakeNullCollision@@YAPEAUsim_entity_collision_volume_group@@PEAUgame_state@@@Z 000000018002dcdc     p5engine.obj
 0003:00005cf0       $unwind$?DrawTestGround@@YAXPEAUgame_state@@PEAUloaded_bitmap@@@Z 000000018002dcf0     p5engine.obj
 0003:00005d0c       $unwind$?MakeEmptyBitmap@@YA?AUloaded_bitmap@@PEAUmemory_arena@@HH@Z 000000018002dd0c     p5engine.obj
 0003:00005d24       $unwind$GameUpdateAndRender 000000018002dd24     p5engine.obj
 0003:00005d3c       $unwind$_RTC_CheckStackVars 000000018002dd3c     MSVCRTD:stack.obj
 0003:00005d50       $chain$0$_RTC_CheckStackVars 000000018002dd50     MSVCRTD:stack.obj
 0003:00005d68       $chain$1$_RTC_CheckStackVars 000000018002dd68     MSVCRTD:stack.obj
 0003:00005d7c       $unwind$_RTC_CheckStackVars2 000000018002dd7c     MSVCRTD:stack.obj
 0003:00005d8c       $chain$1$_RTC_CheckStackVars2 000000018002dd8c     MSVCRTD:stack.obj
 0003:00005da8       $chain$2$_RTC_CheckStackVars2 000000018002dda8     MSVCRTD:stack.obj
 0003:00005dc0       $chain$3$_RTC_CheckStackVars2 000000018002ddc0     MSVCRTD:stack.obj
 0003:00005dd8       $chain$4$_RTC_CheckStackVars2 000000018002ddd8     MSVCRTD:stack.obj
 0003:00005dec       $chain$5$_RTC_CheckStackVars2 000000018002ddec     MSVCRTD:stack.obj
 0003:00005e00       $chain$6$_RTC_CheckStackVars2 000000018002de00     MSVCRTD:stack.obj
 0003:00005e14       $unwind$_RTC_AllocaHelper  000000018002de14     MSVCRTD:stack.obj
 0003:00005e1c       $chain$0$_RTC_AllocaHelper 000000018002de1c     MSVCRTD:stack.obj
 0003:00005e34       $chain$1$_RTC_AllocaHelper 000000018002de34     MSVCRTD:stack.obj
 0003:00005e48       $unwind$_RTC_Shutdown      000000018002de48     MSVCRTD:init.obj
 0003:00005e50       $unwind$_RTC_InitBase      000000018002de50     MSVCRTD:init.obj
 0003:00005e58       $unwind$__CheckForDebuggerJustMyCode 000000018002de58     MSVCRTD:debugger_jmc.obj
 0003:00005e60       $unwind$__GSHandlerCheckCommon 000000018002de60     MSVCRTD:gshandler.obj
 0003:00005e68       $unwind$__GSHandlerCheck   000000018002de68     MSVCRTD:gshandler.obj
 0003:00005e70       $xdatasym                  000000018002de70     MSVCRTD:chkstk.obj
 0003:00005e78       $xdatasym                  000000018002de78     MSVCRTD:amdsecgs.obj
 0003:00005e7c       $unwind$?dllmain_crt_process_attach@@YAHQEAUHINSTANCE__@@QEAX@Z 000000018002de7c     MSVCRTD:dll_dllmain.obj
 0003:00005ea0       $unwind$?fin$0@?0??dllmain_crt_process_attach@@YAHQEAUHINSTANCE__@@QEAX@Z@4HA 000000018002dea0     MSVCRTD:dll_dllmain.obj
 0003:00005ea8       $unwind$?dllmain_crt_process_detach@@YAH_N@Z 000000018002dea8     MSVCRTD:dll_dllmain.obj
 0003:00005edc       $unwind$?fin$0@?0??dllmain_crt_process_detach@@YAH_N@Z@4HA 000000018002dedc     MSVCRTD:dll_dllmain.obj
 0003:00005ee4       $unwind$?fin$1@?0??dllmain_crt_process_detach@@YAH_N@Z@4HA 000000018002dee4     MSVCRTD:dll_dllmain.obj
 0003:00005eec       $unwind$?dllmain_crt_dispatch@@YAHQEAUHINSTANCE__@@KQEAX@Z 000000018002deec     MSVCRTD:dll_dllmain.obj
 0003:00005ef4       $unwind$_CRT_INIT          000000018002def4     MSVCRTD:dll_dllmain.obj
 0003:00005efc       $unwind$?dllmain_raw@@YAHQEAUHINSTANCE__@@KQEAX@Z 000000018002defc     MSVCRTD:dll_dllmain.obj
 0003:00005f04       $unwind$?dllmain_dispatch@@YAHQEAUHINSTANCE__@@KQEAX@Z 000000018002df04     MSVCRTD:dll_dllmain.obj
 0003:00005f28       $unwind$?filt$0@?0??dllmain_dispatch@@YAHQEAUHINSTANCE__@@KQEAX@Z@4HA 000000018002df28     MSVCRTD:dll_dllmain.obj
 0003:00005f30       $unwind$_DllMainCRTStartup 000000018002df30     MSVCRTD:dll_dllmain.obj
 0003:00005f38       $unwind$_RTC_UninitUse     000000018002df38     MSVCRTD:error.obj
 0003:00005f54       $unwind$?_RTC_StackFailure@@YAXPEAXPEBD@Z 000000018002df54     MSVCRTD:error.obj
 0003:00005f74       $unwind$?_RTC_AllocaFailure@@YAXPEAXPEAU_RTC_ALLOCA_NODE@@H@Z 000000018002df74     MSVCRTD:error.obj
 0003:00005f90       $chain$0$?_RTC_AllocaFailure@@YAXPEAXPEAU_RTC_ALLOCA_NODE@@H@Z 000000018002df90     MSVCRTD:error.obj
 0003:00005fa8       $chain$1$?_RTC_AllocaFailure@@YAXPEAXPEAU_RTC_ALLOCA_NODE@@H@Z 000000018002dfa8     MSVCRTD:error.obj
 0003:00005fbc       $unwind$_vsprintf_s_l      000000018002dfbc     MSVCRTD:error.obj
 0003:00005fd4       $unwind$sprintf_s          000000018002dfd4     MSVCRTD:error.obj
 0003:00005fdc       $unwind$?notify_debugger@@YAXAEBUtagEXCEPTION_VISUALCPP_DEBUG_INFO@@@Z 000000018002dfdc     MSVCRTD:error.obj
 0003:00006000       $unwind$?filt$0@?0??notify_debugger@@YAXAEBUtagEXCEPTION_VISUALCPP_DEBUG_INFO@@@Z@4HA 000000018002e000     MSVCRTD:error.obj
 0003:00006008       $unwind$?DebuggerProbe@@YA_NK@Z 000000018002e008     MSVCRTD:error.obj
 0003:00006010       $unwind$?DebuggerRuntime@@YA_NKHPEAXPEB_W@Z 000000018002e010     MSVCRTD:error.obj
 0003:00006018       $unwind$?failwithmessage@@YAXPEAXHHPEBD@Z 000000018002e018     MSVCRTD:error.obj
 0003:00006040       $unwind$?_getMemBlockDataString@@YAXPEAD0PEBD_K@Z 000000018002e040     MSVCRTD:error.obj
 0003:00006054       $chain$3$?_getMemBlockDataString@@YAXPEAD0PEBD_K@Z 000000018002e054     MSVCRTD:error.obj
 0003:00006078       $chain$4$?_getMemBlockDataString@@YAXPEAD0PEBD_K@Z 000000018002e078     MSVCRTD:error.obj
 0003:0000608c       $unwind$__report_securityfailure 000000018002e08c     MSVCRTD:gs_report.obj
 0003:00006094       $unwind$__report_securityfailureEx 000000018002e094     MSVCRTD:gs_report.obj
 0003:0000609c       $unwind$__report_rangecheckfailure 000000018002e09c     MSVCRTD:gs_report.obj
 0003:000060a4       $unwind$__report_gsfailure 000000018002e0a4     MSVCRTD:gs_report.obj
 0003:000060ac       $unwind$capture_current_context 000000018002e0ac     MSVCRTD:gs_report.obj
 0003:000060b4       $unwind$capture_previous_context 000000018002e0b4     MSVCRTD:gs_report.obj
 0003:000060bc       $unwind$__raise_securityfailure 000000018002e0bc     MSVCRTD:gs_report.obj
 0003:000060c4       $unwind$__security_init_cookie 000000018002e0c4     MSVCRTD:gs_support.obj
 0003:000060cc       $unwind$__get_entropy      000000018002e0cc     MSVCRTD:gs_support.obj
 0003:000060d4       $unwind$DllMain            000000018002e0d4     MSVCRTD:dll_dllmain_stub.obj
 0003:000060dc       $unwind$?__scrt_initialize_type_info@@YAXXZ 000000018002e0dc     MSVCRTD:tncleanup.obj
 0003:000060e4       $unwind$?__scrt_uninitialize_type_info@@YAXXZ 000000018002e0e4     MSVCRTD:tncleanup.obj
 0003:000060ec       $unwind$__scrt_initialize_default_local_stdio_options 000000018002e0ec     MSVCRTD:default_local_stdio_options.obj
 0003:000060f4       $unwind$atexit             000000018002e0f4     MSVCRTD:utility.obj
 0003:000060fc       $unwind$_onexit            000000018002e0fc     MSVCRTD:utility.obj
 0003:00006104       $unwind$at_quick_exit      000000018002e104     MSVCRTD:utility.obj
 0003:0000610c       $unwind$__scrt_is_nonwritable_in_current_image 000000018002e10c     MSVCRTD:utility.obj
 0003:00006130       $unwind$__scrt_is_nonwritable_in_current_image$filt$0 000000018002e130     MSVCRTD:utility.obj
 0003:00006138       $unwind$__scrt_acquire_startup_lock 000000018002e138     MSVCRTD:utility.obj
 0003:00006140       $unwind$__scrt_release_startup_lock 000000018002e140     MSVCRTD:utility.obj
 0003:00006148       $unwind$__scrt_initialize_crt 000000018002e148     MSVCRTD:utility.obj
 0003:00006150       $unwind$__scrt_uninitialize_crt 000000018002e150     MSVCRTD:utility.obj
 0003:00006158       $unwind$__scrt_initialize_onexit_tables 000000018002e158     MSVCRTD:utility.obj
 0003:00006168       $unwind$__scrt_dllmain_exception_filter 000000018002e168     MSVCRTD:utility.obj
 0003:00006170       $unwind$__scrt_dllmain_before_initialize_c 000000018002e170     MSVCRTD:utility.obj
 0003:00006178       $unwind$__scrt_dllmain_after_initialize_c 000000018002e178     MSVCRTD:utility.obj
 0003:00006180       $unwind$__scrt_dllmain_uninitialize_c 000000018002e180     MSVCRTD:utility.obj
 0003:00006188       $unwind$__scrt_dllmain_uninitialize_critical 000000018002e188     MSVCRTD:utility.obj
 0003:00006190       $unwind$__scrt_dllmain_crt_thread_attach 000000018002e190     MSVCRTD:utility.obj
 0003:00006198       $unwind$__scrt_dllmain_crt_thread_detach 000000018002e198     MSVCRTD:utility.obj
 0003:000061a0       $unwind$?configure_argv@__scrt_narrow_argv_policy@@SAHXZ 000000018002e1a0     MSVCRTD:utility.obj
 0003:000061a8       $unwind$?initialize_environment@__scrt_narrow_environment_policy@@SAHXZ 000000018002e1a8     MSVCRTD:utility.obj
 0003:000061b0       $unwind$?is_potentially_valid_image_base@@YA_NQEAX@Z 000000018002e1b0     MSVCRTD:utility.obj
 0003:000061b8       $unwind$?find_pe_section@@YAPEAU_IMAGE_SECTION_HEADER@@QEAE_K@Z 000000018002e1b8     MSVCRTD:utility.obj
 0003:000061c0       $unwind$__scrt_get_show_window_mode 000000018002e1c0     MSVCRTD:utility_desktop.obj
 0003:000061d0       $unwind$__scrt_is_managed_app 000000018002e1d0     MSVCRTD:utility_desktop.obj
 0003:000061d8       $unwind$__scrt_initialize_mta 000000018002e1d8     MSVCRTD:utility_desktop.obj
 0003:000061e0       $unwind$__scrt_set_unhandled_exception_filter 000000018002e1e0     MSVCRTD:utility_desktop.obj
 0003:000061e8       $unwind$__scrt_fastfail    000000018002e1e8     MSVCRTD:utility_desktop.obj
 0003:000061f8       $unwind$__scrt_unhandled_exception_filter 000000018002e1f8     MSVCRTD:utility_desktop.obj
 0003:00006200       $unwind$_RTC_Initialize    000000018002e200     MSVCRTD:initsect.obj
 0003:00006210       $unwind$_RTC_Terminate     000000018002e210     MSVCRTD:initsect.obj
 0003:00006220       $unwind$ReadNoFence64      000000018002e220     MSVCRTD:guard_support.obj
 0003:00006228       $unwind$ReadPointerNoFence 000000018002e228     MSVCRTD:guard_support.obj
 0003:00006230       $unwind$_guard_icall_checks_enforced 000000018002e230     MSVCRTD:guard_support.obj
 0003:00006238       $unwind$__castguard_compat_check 000000018002e238     MSVCRTD:guard_support.obj
 0003:00006240       $unwind$__castguard_check_failure_debugbreak 000000018002e240     MSVCRTD:guard_support.obj
 0003:00006248       $unwind$__castguard_check_failure_fastfail 000000018002e248     MSVCRTD:guard_support.obj
 0003:00006250       $unwind$__castguard_check_failure_os_handled 000000018002e250     MSVCRTD:guard_support.obj
 0003:00006258       $unwind$__castguard_slow_path_compat_check 000000018002e258     MSVCRTD:guard_support.obj
 0003:00006260       $unwind$__castguard_slow_path_check_debugbreak 000000018002e260     MSVCRTD:guard_support.obj
 0003:00006268       $unwind$__castguard_slow_path_check_fastfail 000000018002e268     MSVCRTD:guard_support.obj
 0003:00006270       $unwind$__castguard_slow_path_check_os_handled 000000018002e270     MSVCRTD:guard_support.obj
 0003:00006278       $unwind$?_RTC_GetSrcLine@@YAHPEAEPEA_WKPEAH1K@Z 000000018002e278     MSVCRTD:pdblkup.obj
 0003:00006294       $unwind$?GetPdbDllFromInstallPath@@YAPEAUHINSTANCE__@@XZ 000000018002e294     MSVCRTD:pdblkup.obj
 0003:000062bc       $unwind$?GetPdbDllPathFromFilePath@@YAHPEB_WPEA_W_K@Z 000000018002e2bc     MSVCRTD:pdblkup.obj
 0003:000062d8       $unwind$?GetPdbDll@@YAPEAUHINSTANCE__@@XZ 000000018002e2d8     MSVCRTD:pdblkup.obj
 0003:000062ec       $unwind$__isa_available_init 000000018002e2ec     MSVCRTD:cpu_disp.obj
 0003:00006300       $unwind$__scrt_is_ucrt_dll_in_use 000000018002e300     MSVCRTD:ucrt_detection.obj
 0003:00006308       $xdatasym                  000000018002e308     MSVCRTD:guard_dispatch.obj
 0003:00006310       $xdatasym                  000000018002e310     MSVCRTD:guard_xfg_dispatch.obj
 0003:00006314       $unwind$GameGetSoundSamples 000000018002e314     p5engine.obj
 0003:000065c0       .edata                     000000018002e5c0     P5Engine.exp
 0003:000065e8       rgpv                       000000018002e5e8     P5Engine.exp
 0003:000065f0       rgszName                   000000018002e5f0     P5Engine.exp
 0003:000065f8       rgwOrd                     000000018002e5f8     P5Engine.exp
 0003:000065fc       szName                     000000018002e5fc     P5Engine.exp
 0003:00006609       $N00001                    000000018002e609     P5Engine.exp
 0003:0000661d       $N00002                    000000018002e61d     P5Engine.exp
 0004:00000000       ?RandomNumberTable@@3PAIA  000000018002f000     p5engine.obj
 0004:00004e40       ?init@?1??_RTC_InitBase@@9@4_NA 0000000180033e40     MSVCRTD:init.obj
 0004:00004e44       ?__proc_attached@@3HA      0000000180033e44     MSVCRTD:dll_dllmain.obj
 0004:00004e58       ?_RTC_ErrorReportFunc@@3P6AHHPEBDH00ZZEA 0000000180033e58     MSVCRTD:userapi.obj
 0004:00004e60       ?_RTC_ErrorReportFuncW@@3P6AHHPEB_WH00ZZEA 0000000180033e60     MSVCRTD:userapi.obj
 0004:00004e70       GS_ExceptionRecord         0000000180033e70     MSVCRTD:gs_report.obj
 0004:00004f10       GS_ContextRecord           0000000180033f10     MSVCRTD:gs_report.obj
 0004:00005538       ?is_initialized_as_dll@@3_NA 0000000180034538     MSVCRTD:utility.obj
 0004:00005539       ?module_local_atexit_table_initialized@@3_NA 0000000180034539     MSVCRTD:utility.obj
 0004:00005540       ?module_local_atexit_table@@3U_onexit_table_t@@A 0000000180034540     MSVCRTD:utility.obj
 0004:00005558       ?module_local_at_quick_exit_table@@3U_onexit_table_t@@A 0000000180034558     MSVCRTD:utility.obj
 0004:00005598       ?mspdb@@3PEAUHINSTANCE__@@EA 0000000180034598     MSVCRTD:pdblkup.obj
 0004:000055a1       ?alreadyTried@?1??GetPdbDll@@YAPEAUHINSTANCE__@@XZ@4_NA 00000001800345a1     MSVCRTD:pdblkup.obj
 0004:000055a2       ?PDBOK@?1??_RTC_GetSrcLine@@YAHPEAEPEA_WKPEAH1K@Z@4_NA 00000001800345a2     MSVCRTD:pdblkup.obj
 0006:000007aa       .idata$6                   00000001800387aa     vcruntimed:VCRUNTIME140D.dll
 0006:0000095a       .idata$6                   000000018003895a     ucrtd:ucrtbased.dll
 0006:00000b9c       .idata$6                   0000000180038b9c     kernel32:KERNEL32.dll
 0007:00000000       __5C0B09BC_p5engine_platform@h 0000000180039000     p5engine.obj
 0007:00000001       __09340588_corecrt_math@h  0000000180039001     p5engine.obj
 0007:00000002       __B0C4CEA9_malloc@h        0000000180039002     p5engine.obj
 0007:00000003       __3A0418DB_p5engine_intrinsics@h 0000000180039003     p5engine.obj
 0007:00000004       __6D6C9F34_p5engine_math@h 0000000180039004     p5engine.obj
 0007:00000005       __326D9465_p5engine_entity@h 0000000180039005     p5engine.obj
 0007:00000006       __B7D51BCB_p5engine@h      0000000180039006     p5engine.obj
 0007:00000007       __DC0D61CC_p5engine_world@cpp 0000000180039007     p5engine.obj
 0007:00000008       __5DD8E4E4_p5engine_sim_region@cpp 0000000180039008     p5engine.obj
 0007:00000009       __9C871DF9_p5engine_entity@cpp 0000000180039009     p5engine.obj
 0007:0000000a       __74B1E2C0_p5engine_random@h 000000018003900a     p5engine.obj
 0007:0000000b       __D1049797_p5engine@cpp    000000018003900b     p5engine.obj
 0009:00000170       $R000000                   000000018003b170     * linker generated manifest res *
