 P5Engine

 Timestamp is 615d62b0 (Wed Oct  6 01:47:44 2021)

 Preferred load address is 0000000180000000

 Start         Length     Name                   Class
 0001:00000000 00010000H .textbss                DATA
 0002:00000000 0000f5f0H .text$mn                CODE
 0002:0000f5f0 00001040H .text$mn$00             CODE
 0002:00010630 0000110fH .text$x                 CODE
 0003:00000000 00000110H .CRT$XCA                DATA
 0003:00000110 00000110H .CRT$XCZ                DATA
 0003:00000220 00000110H .CRT$XIA                DATA
 0003:00000330 00000110H .CRT$XIZ                DATA
 0003:00000440 00000110H .CRT$XPA                DATA
 0003:00000550 00000110H .CRT$XPZ                DATA
 0003:00000660 00000110H .CRT$XTA                DATA
 0003:00000770 00000110H .CRT$XTZ                DATA
 0003:00000880 00000700H .rdata                  DATA
 0003:00000f80 00000110H .rdata$CastGuardVftablesA DATA
 0003:00001090 0000010cH .rdata$CastGuardVftablesC DATA
 0003:0000119c 0000017cH .rdata$zzzdbg           DATA
 0003:00001318 00000110H .rtc$IAA                DATA
 0003:00001428 00000110H .rtc$IZZ                DATA
 0003:00001538 00000110H .rtc$TAA                DATA
 0003:00001648 00000110H .rtc$TZZ                DATA
 0003:00001758 00001388H .xdata                  DATA
 0003:00002ae0 00000187H .edata                  DATA
 0004:00000000 00004e20H .data                   DATA
 0004:00004e20 00000768H .bss                    DATA
 0005:00000000 000027fcH .pdata                  DATA
 0006:00000000 00000280H .idata$5                DATA
 0006:00000280 0000003cH .idata$2                DATA
 0006:000002bc 00000014H .idata$3                DATA
 0006:000002d0 00000280H .idata$4                DATA
 0006:00000550 000004abH .idata$6                DATA
 0007:00000000 0000010fH .msvcjmc                DATA
 0008:00000000 00000151H .00cfg                  DATA
 0009:00000000 00000170H .rsrc$01                DATA
 0009:00000170 000001b6H .rsrc$02                DATA

  Address         Publics by Value              Rva+Base               Lib:Object

 0000:00000000       __arm64x_extra_rfe_table_size 0000000000000000     <absolute>
 0000:00000000       __guard_eh_cont_count      0000000000000000     <absolute>
 0000:00000000       __guard_iat_count          0000000000000000     <absolute>
 0000:00000000       __guard_iat_table          0000000000000000     <absolute>
 0000:00000000       __guard_longjmp_count      0000000000000000     <absolute>
 0000:00000000       __dynamic_value_reloc_table 0000000000000000     <absolute>
 0000:00000000       __arm64x_redirection_metadata 0000000000000000     <absolute>
 0000:00000000       __hybrid_auxiliary_iat     0000000000000000     <absolute>
 0000:00000000       __hybrid_code_map_count    0000000000000000     <absolute>
 0000:00000000       ___safe_se_handler_count   0000000000000000     <absolute>
 0000:00000000       __hybrid_code_map          0000000000000000     <absolute>
 0000:00000000       __hybrid_auxiliary_iat_copy 0000000000000000     <absolute>
 0000:00000000       ___safe_se_handler_table   0000000000000000     <absolute>
 0000:00000000       __arm64x_extra_rfe_table   0000000000000000     <absolute>
 0000:00000000       __x64_code_ranges_to_entry_points_count 0000000000000000     <absolute>
 0000:00000000       __guard_longjmp_table      0000000000000000     <absolute>
 0000:00000000       __AbsoluteZero             0000000000000000     <absolute>
 0000:00000000       __arm64x_native_entrypoint 0000000000000000     <absolute>
 0000:00000000       __x64_code_ranges_to_entry_points 0000000000000000     <absolute>
 0000:00000000       __arm64x_redirection_metadata_count 0000000000000000     <absolute>
 0000:00000000       __guard_eh_cont_table      0000000000000000     <absolute>
 0000:00000000       __guard_check_icall_a64n_fptr 0000000000000000     <absolute>
 0000:00000000       __guard_fids_table         0000000000000000     <absolute>
 0000:00000000       __guard_fids_count         0000000000000000     <absolute>
 0000:00000000       __volatile_metadata        0000000000000000     <absolute>
 0000:00000000       __enclave_config           0000000000000000     <absolute>
 0000:00000100       __guard_flags              0000000000000100     <absolute>
 0000:00000000       __ImageBase                0000000180000000     <linker-defined>
 0001:00000000       __enc$textbss$begin        0000000180001000     <linker-defined>
 0001:00010000       __enc$textbss$end          0000000180011000     <linker-defined>
 0002:000008d0       ??D@YA?ATv2@@MT0@@Z        00000001800118d0 f i p5engine.obj
 0002:00000930       ??D@YA?ATv3@@MT0@@Z        0000000180011930 f i p5engine.obj
 0002:000009a0       ??D@YA?ATv3@@T0@M@Z        00000001800119a0 f i p5engine.obj
 0002:00000a10       ??D@YA?ATv4@@MT0@@Z        0000000180011a10 f i p5engine.obj
 0002:00000a70       ??G@YA?ATv2@@T0@0@Z        0000000180011a70 f i p5engine.obj
 0002:00000ad0       ??G@YA?ATv2@@T0@@Z         0000000180011ad0 f i p5engine.obj
 0002:00000b30       ??G@YA?ATv3@@T0@0@Z        0000000180011b30 f i p5engine.obj
 0002:00000bb0       ??H@YA?ATv2@@T0@0@Z        0000000180011bb0 f i p5engine.obj
 0002:00000c10       ??H@YA?ATv3@@T0@0@Z        0000000180011c10 f i p5engine.obj
 0002:00000c90       ??H@YA?ATv4@@T0@0@Z        0000000180011c90 f i p5engine.obj
 0002:00000cf0       ??X@YAAEATv3@@AEAT0@M@Z    0000000180011cf0 f i p5engine.obj
 0002:00000d70       ??X@YAAEATv4@@AEAT0@M@Z    0000000180011d70 f i p5engine.obj
 0002:00000dd0       ??Y@YAAEATv2@@AEAT0@T0@@Z  0000000180011dd0 f i p5engine.obj
 0002:00000e20       ??Y@YAAEATv3@@AEAT0@T0@@Z  0000000180011e20 f i p5engine.obj
 0002:00000eb0       ??Z@YAAEATv3@@AEAT0@T0@@Z  0000000180011eb0 f i p5engine.obj
 0002:00000f40       ?AbsoluteValue@@YAMM@Z     0000000180011f40 f i p5engine.obj
 0002:00001450       ?AddFlags@@YAXPEAUsim_entity@@I@Z 0000000180012450 f i p5engine.obj
 0002:000018f0       ?AddRadiusTo@@YA?AUrectangle3@@U1@Tv3@@@Z 00000001800128f0 f i p5engine.obj
 0002:00001f20       ?AreInSameChunk@@YAHPEAUworld@@PEAUworld_position@@1@Z 0000000180012f20 f i p5engine.obj
 0002:00002510       ?BeginTemporaryMemory@@YA?AUtemporary_memory@@PEAUmemory_arena@@@Z 0000000180013510 f i p5engine.obj
 0002:000026c0       ?CeilReal32ToInt32@@YAHM@Z 00000001800136c0 f i p5engine.obj
 0002:00002700       ?CenteredChunkPoint@@YA?AUworld_position@@III@Z 0000000180013700 f i p5engine.obj
 0002:00002900       ?ChangeEntityLocationRaw@@YAXPEAUmemory_arena@@PEAUworld@@IPEAUworld_position@@2@Z 0000000180013900 f i p5engine.obj
 0002:00002c00       ?CheckArena@@YAXPEAUmemory_arena@@@Z 0000000180013c00 f i p5engine.obj
 0002:00002c40       ?ChunkPositionFromTilePosition@@YA?AUworld_position@@PEAUworld@@HHHTv3@@@Z 0000000180013c40 f i p5engine.obj
 0002:00002e20       ?Clamp01@@YA?ATv2@@T1@@Z   0000000180013e20 f i p5engine.obj
 0002:00002e80       ?Clamp01@@YAMM@Z           0000000180013e80 f i p5engine.obj
 0002:00002ed0       ?Clamp@@YAMMMM@Z           0000000180013ed0 f i p5engine.obj
 0002:00002f40       ?Clear@@YAXPEAUrender_group@@Tv4@@@Z 0000000180013f40 f i p5engine.obj
 0002:000030a0       ?ClearFlags@@YAXPEAUsim_entity@@I@Z 00000001800140a0 f i p5engine.obj
 0002:000030e0       ?CoordinateSystem@@YAPEAUrender_entry_coordinate_system@@PEAUrender_group@@Tv2@@11Tv4@@PEAUloaded_bitmap@@@Z 00000001800140e0 f i p5engine.obj
 0002:00003180       ?Cos@@YAMM@Z               0000000180014180 f i p5engine.obj
 0002:00003570       ?DefaultMoveSpec@@YA?AUmove_spec@@XZ 0000000180014570 f i p5engine.obj
 0002:00004aa0       ?EndTemporaryMemory@@YAXUtemporary_memory@@@Z 0000000180015aa0 f i p5engine.obj
 0002:00004db0       ?EntityOverlapsRectangle@@YAHTv3@@Usim_entity_collision_volume@@Urectangle3@@@Z 0000000180015db0 f i p5engine.obj
 0002:00005490       ?FindLeastSignificantSetBit@@YA?AUbit_scan_result@@I@Z 0000000180016490 f i p5engine.obj
 0002:00005500       ?FloorReal32ToInt32@@YAHM@Z 0000000180016500 f i p5engine.obj
 0002:00005590       ?GetBarycentric@@YA?ATv2@@Urectangle2@@T1@@Z 0000000180016590 f i p5engine.obj
 0002:00005610       ?GetEntityGroundPoint@@YA?ATv3@@PEAUsim_entity@@@Z 0000000180016610 f i p5engine.obj
 0002:00005670       ?GetEntityGroundPoint@@YA?ATv3@@PEAUsim_entity@@T1@@Z 0000000180016670 f i p5engine.obj
 0002:00005750       ?GetLowEntity@@YAPEAUlow_entity@@PEAUgame_state@@I@Z 0000000180016750 f i p5engine.obj
 0002:000057c0       ?GetMaxCorner@@YA?ATv3@@Urectangle3@@@Z 00000001800167c0 f i p5engine.obj
 0002:00005810       ?GetMinCorner@@YA?ATv3@@Urectangle3@@@Z 0000000180016810 f i p5engine.obj
 0002:00005860       ?GetRenderEntityBasisPos@@YA?ATv2@@PEAUrender_group@@PEAUrender_entity_basis@@T1@@Z 0000000180016860 f i p5engine.obj
 0002:00005950       ?GetSimSpacePos@@YA?ATv3@@PEAUsim_region@@PEAUlow_entity@@@Z 0000000180016950 f i p5engine.obj
 0002:00005a10       ?GetStairGround@@YAMPEAUsim_entity@@Tv3@@@Z 0000000180016a10 f i p5engine.obj
 0002:00005ab0       ?GetWorldChunk@@YAPEAUworld_chunk@@PEAUworld@@HHHPEAUmemory_arena@@@Z 0000000180016ab0 f i p5engine.obj
 0002:00005c20       ?Hadamard@@YA?ATv3@@T1@0@Z 0000000180016c20 f i p5engine.obj
 0002:00005ca0       ?Hadamard@@YA?ATv4@@T1@0@Z 0000000180016ca0 f i p5engine.obj
 0002:00005e60       ?HasFlag@@YAHPEAUsim_entity@@I@Z 0000000180016e60 f i p5engine.obj
 0002:00005f10       ?InitializeArena@@YAXPEAUmemory_arena@@_KPEAX@Z 0000000180016f10 f i p5engine.obj
 0002:00005ff0       ?Inner@@YAMTv2@@0@Z        0000000180016ff0 f i p5engine.obj
 0002:00006040       ?Inner@@YAMTv3@@0@Z        0000000180017040 f i p5engine.obj
 0002:000060a0       ?IsCanonical@@YAHMM@Z      00000001800170a0 f i p5engine.obj
 0002:00006130       ?IsCanonical@@YAHPEAUworld@@Tv3@@@Z 0000000180017130 f i p5engine.obj
 0002:000061c0       ?IsInRectangle@@YAHUrectangle3@@Tv3@@@Z 00000001800171c0 f i p5engine.obj
 0002:00006260       ?IsValid@@YAHUworld_position@@@Z 0000000180017260 f i p5engine.obj
 0002:00006290       ?Length@@YAMTv3@@@Z        0000000180017290 f i p5engine.obj
 0002:000062e0       ?LengthSq@@YAMTv2@@@Z      00000001800172e0 f i p5engine.obj
 0002:00006310       ?LengthSq@@YAMTv3@@@Z      0000000180017310 f i p5engine.obj
 0002:00006370       ?Lerp@@YA?ATv4@@T1@M0@Z    0000000180017370 f i p5engine.obj
 0002:00006440       ?Linear1ToSRGB255@@YA?ATv4@@T1@@Z 0000000180017440 f i p5engine.obj
 0002:000064f0       ?LoadEntityReference@@YAXPEAUgame_state@@PEAUsim_region@@PEATentity_reference@@@Z 00000001800174f0 f i p5engine.obj
 0002:000066a0       ?MakeEntityNonSpatial@@YAXPEAUsim_entity@@@Z 00000001800176a0 f i p5engine.obj
 0002:00006710       ?MakeEntitySpatial@@YAXPEAUsim_entity@@Tv3@@1@Z 0000000180017710 f i p5engine.obj
 0002:00006940       ?MapIntoChunkSpace@@YA?AUworld_position@@PEAUworld@@U1@Tv3@@@Z 0000000180017940 f i p5engine.obj
 0002:00008020       ?NullPosition@@YA?AUworld_position@@XZ 0000000180019020 f i p5engine.obj
 0002:00008060       ?Perp@@YA?ATv2@@T1@@Z      0000000180019060 f i p5engine.obj
 0002:000080a0       ?PushBitmap@@YAXPEAUrender_group@@PEAUloaded_bitmap@@Tv2@@M2MM@Z 00000001800190a0 f i p5engine.obj
 0002:000081a0       ?PushEntry@@YAXPEAUrender_group@@PEAUloaded_bitmap@@Tv2@@2M2Tv4@@M@Z 00000001800191a0 f i p5engine.obj
 0002:000082a0       ?PushRect@@YAXPEAUrender_group@@Tv2@@M1Tv4@@M@Z 00000001800192a0 f i p5engine.obj
 0002:000083e0       ?PushRectOutline@@YAXPEAUrender_group@@Tv2@@M1Tv4@@M@Z 00000001800193e0 f i p5engine.obj
 0002:00008670       ?PushRenderElement_@@YAPEAXPEAUrender_group@@IW4render_group_entry_type@@@Z 0000000180019670 f i p5engine.obj
 0002:00008700       ?PushSize_@@YAPEAXPEAUmemory_arena@@_K@Z 0000000180019700 f i p5engine.obj
 0002:00008770       ?RandomChoice@@YAIPEAUrandom_series@@I@Z 0000000180019770 f i p5engine.obj
 0002:000087c0       ?RandomNextUInt32@@YAIPEAUrandom_series@@@Z 00000001800197c0 f i p5engine.obj
 0002:00008810       ?RandomSeed@@YA?AUrandom_series@@I@Z 0000000180019810 f i p5engine.obj
 0002:00008840       ?RandomUnilateral@@YAMPEAUrandom_series@@@Z 0000000180019840 f i p5engine.obj
 0002:00008890       ?RecanonicalizeCoord@@YAXMPEAHPEAM@Z 0000000180019890 f i p5engine.obj
 0002:00008920       ?RectCenterDim@@YA?AUrectangle2@@Tv2@@0@Z 0000000180019920 f i p5engine.obj
 0002:00008990       ?RectCenterDim@@YA?AUrectangle3@@Tv3@@0@Z 0000000180019990 f i p5engine.obj
 0002:00008a50       ?RectCenterHalfDim@@YA?AUrectangle2@@Tv2@@0@Z 0000000180019a50 f i p5engine.obj
 0002:00008ac0       ?RectCenterHalfDim@@YA?AUrectangle3@@Tv3@@0@Z 0000000180019ac0 f i p5engine.obj
 0002:00008bc0       ?RectanglesIntersect@@YAHUrectangle3@@0@Z 0000000180019bc0 f i p5engine.obj
 0002:00009120       ?RoundReal32ToInt32@@YAHM@Z 000000018001a120 f i p5engine.obj
 0002:00009160       ?RoundReal32ToUInt32@@YAIM@Z 000000018001a160 f i p5engine.obj
 0002:000091a0       ?SRGB255ToLinear1@@YA?ATv4@@T1@@Z 000000018001a1a0 f i p5engine.obj
 0002:00009250       ?Sin@@YAMM@Z               000000018001a250 f i p5engine.obj
 0002:00009370       ?Square@@YAMM@Z            000000018001a370 f i p5engine.obj
 0002:000093b0       ?SquareRoot@@YAMM@Z        000000018001a3b0 f i p5engine.obj
 0002:00009410       ?StoreEntityReference@@YAXPEATentity_reference@@@Z 000000018001a410 f i p5engine.obj
 0002:000095f0       ?V2@@YA?ATv2@@MM@Z         000000018001a5f0 f i p5engine.obj
 0002:00009640       ?V2i@@YA?ATv2@@HH@Z        000000018001a640 f i p5engine.obj
 0002:00009690       ?V3@@YA?ATv3@@MMM@Z        000000018001a690 f i p5engine.obj
 0002:00009700       ?V4@@YA?ATv4@@MMMM@Z       000000018001a700 f i p5engine.obj
 0002:00009780       ?ZeroSize@@YAX_KPEAX@Z     000000018001a780 f i p5engine.obj
 0002:000097d0       GameGetSoundSamples        000000018001a7d0 f   p5engine.obj
 0002:00009820       GameUpdateAndRender        000000018001a820 f   p5engine.obj
 0002:0000b9a0       GetController              000000018001c9a0 f i p5engine.obj
 0002:0000ba00       __JustMyCode_Default       000000018001ca00 f i p5engine.obj
 0002:0000ba10       __CheckForDebuggerJustMyCode 000000018001ca10 f   MSVCRTD:debugger_jmc.obj
 0002:0000ba60       __GSHandlerCheck           000000018001ca60 f   MSVCRTD:gshandler.obj
 0002:0000bab0       __GSHandlerCheckCommon     000000018001cab0 f   MSVCRTD:gshandler.obj
 0002:0000bc00       __security_check_cookie    000000018001cc00 f   MSVCRTD:amdsecgs.obj
 0002:0000c130       _CRT_INIT                  000000018001d130 f   MSVCRTD:dll_dllmain.obj
 0002:0000c170       _DllMainCRTStartup         000000018001d170 f   MSVCRTD:dll_dllmain.obj
 0002:0000c1c0       __raise_securityfailure    000000018001d1c0 f   MSVCRTD:gs_report.obj
 0002:0000c210       __report_gsfailure         000000018001d210 f   MSVCRTD:gs_report.obj
 0002:0000c320       __report_rangecheckfailure 000000018001d320 f   MSVCRTD:gs_report.obj
 0002:0000c340       __report_securityfailure   000000018001d340 f   MSVCRTD:gs_report.obj
 0002:0000c410       __report_securityfailureEx 000000018001d410 f   MSVCRTD:gs_report.obj
 0002:0000c800       __security_init_cookie     000000018001d800 f   MSVCRTD:gs_support.obj
 0002:0000c8a0       DllMain                    000000018001d8a0 f   MSVCRTD:dll_dllmain_stub.obj
 0002:0000c8f0       ?__scrt_initialize_type_info@@YAXXZ 000000018001d8f0 f   MSVCRTD:tncleanup.obj
 0002:0000c910       ?__scrt_uninitialize_type_info@@YAXXZ 000000018001d910 f   MSVCRTD:tncleanup.obj
 0002:0000c930       __local_stdio_printf_options 000000018001d930 f i MSVCRTD:default_local_stdio_options.obj
 0002:0000c940       __local_stdio_scanf_options 000000018001d940 f i MSVCRTD:default_local_stdio_options.obj
 0002:0000c950       __scrt_initialize_default_local_stdio_options 000000018001d950 f   MSVCRTD:default_local_stdio_options.obj
 0002:0000c9b0       ?configure_argv@__scrt_narrow_argv_policy@@SAHXZ 000000018001d9b0 f i MSVCRTD:utility.obj
 0002:0000cad0       ?initialize_environment@__scrt_narrow_environment_policy@@SAHXZ 000000018001dad0 f i MSVCRTD:utility.obj
 0002:0000cba0       NtCurrentTeb               000000018001dba0 f i MSVCRTD:utility.obj
 0002:0000cbb0       __scrt_acquire_startup_lock 000000018001dbb0 f   MSVCRTD:utility.obj
 0002:0000cc30       __scrt_dllmain_after_initialize_c 000000018001dc30 f   MSVCRTD:utility.obj
 0002:0000cc70       __scrt_dllmain_before_initialize_c 000000018001dc70 f   MSVCRTD:utility.obj
 0002:0000cca0       __scrt_dllmain_crt_thread_attach 000000018001dca0 f   MSVCRTD:utility.obj
 0002:0000cce0       __scrt_dllmain_crt_thread_detach 000000018001dce0 f   MSVCRTD:utility.obj
 0002:0000cd00       __scrt_dllmain_exception_filter 000000018001dd00 f   MSVCRTD:utility.obj
 0002:0000cd80       __scrt_dllmain_uninitialize_c 000000018001dd80 f   MSVCRTD:utility.obj
 0002:0000cdc0       __scrt_dllmain_uninitialize_critical 000000018001ddc0 f   MSVCRTD:utility.obj
 0002:0000cde0       __scrt_initialize_crt      000000018001dde0 f   MSVCRTD:utility.obj
 0002:0000ce40       __scrt_initialize_onexit_tables 000000018001de40 f   MSVCRTD:utility.obj
 0002:0000cf90       __scrt_is_nonwritable_in_current_image 000000018001df90 f   MSVCRTD:utility.obj
 0002:0000d040       __scrt_release_startup_lock 000000018001e040 f   MSVCRTD:utility.obj
 0002:0000d080       __scrt_uninitialize_crt    000000018001e080 f   MSVCRTD:utility.obj
 0002:0000d0d0       _onexit                    000000018001e0d0 f   MSVCRTD:utility.obj
 0002:0000d170       at_quick_exit              000000018001e170 f   MSVCRTD:utility.obj
 0002:0000d1d0       atexit                     000000018001e1d0 f   MSVCRTD:utility.obj
 0002:0000d210       __scrt_get_dyn_tls_init_callback 000000018001e210 f   MSVCRTD:dyn_tls_init.obj
 0002:0000d220       __crt_debugger_hook        000000018001e220 f   MSVCRTD:utility_desktop.obj
 0002:0000d240       __scrt_fastfail            000000018001e240 f   MSVCRTD:utility_desktop.obj
 0002:0000d440       __scrt_get_show_window_mode 000000018001e440 f   MSVCRTD:utility_desktop.obj
 0002:0000d4b0       __scrt_initialize_mta      000000018001e4b0 f   MSVCRTD:utility_desktop.obj
 0002:0000d4d0       __scrt_initialize_winrt    000000018001e4d0 f   MSVCRTD:utility_desktop.obj
 0002:0000d4e0       __scrt_is_managed_app      000000018001e4e0 f   MSVCRTD:utility_desktop.obj
 0002:0000d5b0       __scrt_set_unhandled_exception_filter 000000018001e5b0 f   MSVCRTD:utility_desktop.obj
 0002:0000d5d0       __scrt_exe_initialize_mta  000000018001e5d0 f   MSVCRTD:utility_desktop.obj
 0002:0000d5d0       __scrt_stub_for_initialize_mta 000000018001e5d0 f   MSVCRTD:utility_desktop.obj
 0002:0000d5e0       __scrt_unhandled_exception_filter 000000018001e5e0 f   MSVCRTD:utility_desktop.obj
 0002:0000d6a0       _RTC_Initialize            000000018001e6a0 f   MSVCRTD:initsect.obj
 0002:0000d700       _RTC_Terminate             000000018001e700 f   MSVCRTD:initsect.obj
 0002:0000d760       _guard_check_icall_nop     000000018001e760 f i MSVCRTD:guard_support.obj
 0002:0000d770       ReadNoFence64              000000018001e770 f i MSVCRTD:guard_support.obj
 0002:0000d7a0       ReadPointerNoFence         000000018001e7a0 f i MSVCRTD:guard_support.obj
 0002:0000d7c0       __castguard_check_failure_debugbreak 000000018001e7c0 f i MSVCRTD:guard_support.obj
 0002:0000d7f0       __castguard_check_failure_fastfail 000000018001e7f0 f i MSVCRTD:guard_support.obj
 0002:0000d820       __castguard_check_failure_nop 000000018001e820 f i MSVCRTD:guard_support.obj
 0002:0000d830       __castguard_check_failure_os_handled 000000018001e830 f i MSVCRTD:guard_support.obj
 0002:0000d920       __castguard_slow_path_check_debugbreak 000000018001e920 f i MSVCRTD:guard_support.obj
 0002:0000d970       __castguard_slow_path_check_fastfail 000000018001e970 f i MSVCRTD:guard_support.obj
 0002:0000d9d0       __castguard_slow_path_check_nop 000000018001e9d0 f i MSVCRTD:guard_support.obj
 0002:0000d9f0       __castguard_slow_path_check_os_handled 000000018001e9f0 f i MSVCRTD:guard_support.obj
 0002:0000db00       _guard_icall_checks_enforced 000000018001eb00 f i MSVCRTD:guard_support.obj
 0002:0000db50       _guard_rf_checks_enforced  000000018001eb50 f i MSVCRTD:guard_support.obj
 0002:0000db60       __isa_available_init       000000018001eb60 f   MSVCRTD:cpu_disp.obj
 0002:0000dfe0       _get_startup_argv_mode     000000018001efe0 f   MSVCRTD:argv_mode.obj
 0002:0000dff0       __scrt_is_ucrt_dll_in_use  000000018001eff0 f   MSVCRTD:ucrt_detection.obj
 0002:0000e020       memset                     000000018001f020 f   vcruntimed:VCRUNTIME140D.dll
 0002:0000e026       __C_specific_handler       000000018001f026 f   vcruntimed:VCRUNTIME140D.dll
 0002:0000e02c       __std_type_info_destroy_list 000000018001f02c f   vcruntimed:VCRUNTIME140D.dll
 0002:0000e032       __current_exception        000000018001f032 f   vcruntimed:VCRUNTIME140D.dll
 0002:0000e038       __current_exception_context 000000018001f038 f   vcruntimed:VCRUNTIME140D.dll
 0002:0000e03e       roundf                     000000018001f03e f   ucrtd:ucrtbased.dll
 0002:0000e044       ceilf                      000000018001f044 f   ucrtd:ucrtbased.dll
 0002:0000e04a       cosf                       000000018001f04a f   ucrtd:ucrtbased.dll
 0002:0000e050       floorf                     000000018001f050 f   ucrtd:ucrtbased.dll
 0002:0000e056       sinf                       000000018001f056 f   ucrtd:ucrtbased.dll
 0002:0000e05c       sqrtf                      000000018001f05c f   ucrtd:ucrtbased.dll
 0002:0000e062       _initterm                  000000018001f062 f   ucrtd:ucrtbased.dll
 0002:0000e068       _initterm_e                000000018001f068 f   ucrtd:ucrtbased.dll
 0002:0000e06e       _seh_filter_dll            000000018001f06e f   ucrtd:ucrtbased.dll
 0002:0000e074       _configure_narrow_argv     000000018001f074 f   ucrtd:ucrtbased.dll
 0002:0000e07a       _initialize_narrow_environment 000000018001f07a f   ucrtd:ucrtbased.dll
 0002:0000e080       _initialize_onexit_table   000000018001f080 f   ucrtd:ucrtbased.dll
 0002:0000e086       _register_onexit_function  000000018001f086 f   ucrtd:ucrtbased.dll
 0002:0000e08c       _execute_onexit_table      000000018001f08c f   ucrtd:ucrtbased.dll
 0002:0000e092       _crt_atexit                000000018001f092 f   ucrtd:ucrtbased.dll
 0002:0000e098       _crt_at_quick_exit         000000018001f098 f   ucrtd:ucrtbased.dll
 0002:0000e09e       _cexit                     000000018001f09e f   ucrtd:ucrtbased.dll
 0002:0000e0a4       terminate                  000000018001f0a4 f   ucrtd:ucrtbased.dll
 0002:0000e0aa       GetCurrentThreadId         000000018001f0aa f   kernel32:KERNEL32.dll
 0002:0000e0b0       RtlCaptureContext          000000018001f0b0 f   kernel32:KERNEL32.dll
 0002:0000e0b6       RtlLookupFunctionEntry     000000018001f0b6 f   kernel32:KERNEL32.dll
 0002:0000e0bc       RtlVirtualUnwind           000000018001f0bc f   kernel32:KERNEL32.dll
 0002:0000e0c2       UnhandledExceptionFilter   000000018001f0c2 f   kernel32:KERNEL32.dll
 0002:0000e0c8       SetUnhandledExceptionFilter 000000018001f0c8 f   kernel32:KERNEL32.dll
 0002:0000e0ce       GetCurrentProcess          000000018001f0ce f   kernel32:KERNEL32.dll
 0002:0000e0d4       TerminateProcess           000000018001f0d4 f   kernel32:KERNEL32.dll
 0002:0000e0da       IsProcessorFeaturePresent  000000018001f0da f   kernel32:KERNEL32.dll
 0002:0000e0e0       QueryPerformanceCounter    000000018001f0e0 f   kernel32:KERNEL32.dll
 0002:0000e0e6       GetCurrentProcessId        000000018001f0e6 f   kernel32:KERNEL32.dll
 0002:0000e0ec       GetSystemTimeAsFileTime    000000018001f0ec f   kernel32:KERNEL32.dll
 0002:0000e0f2       DisableThreadLibraryCalls  000000018001f0f2 f   kernel32:KERNEL32.dll
 0002:0000e0f8       InitializeSListHead        000000018001f0f8 f   kernel32:KERNEL32.dll
 0002:0000e0fe       IsDebuggerPresent          000000018001f0fe f   kernel32:KERNEL32.dll
 0002:0000e104       GetStartupInfoW            000000018001f104 f   kernel32:KERNEL32.dll
 0002:0000e10a       GetModuleHandleW           000000018001f10a f   kernel32:KERNEL32.dll
 0002:0000e110       __scrt_stub_for_acrt_initialize 000000018001f110 f   MSVCRTD:ucrt_stubs.obj
 0002:0000e110       __acrt_initialize          000000018001f110 f   MSVCRTD:ucrt_stubs.obj
 0002:0000e110       __vcrt_initialize          000000018001f110 f   MSVCRTD:ucrt_stubs.obj
 0002:0000e120       __scrt_stub_for_acrt_thread_attach 000000018001f120 f   MSVCRTD:ucrt_stubs.obj
 0002:0000e120       __vcrt_thread_attach       000000018001f120 f   MSVCRTD:ucrt_stubs.obj
 0002:0000e120       __acrt_thread_attach       000000018001f120 f   MSVCRTD:ucrt_stubs.obj
 0002:0000e130       __scrt_stub_for_acrt_thread_detach 000000018001f130 f   MSVCRTD:ucrt_stubs.obj
 0002:0000e130       __acrt_thread_detach       000000018001f130 f   MSVCRTD:ucrt_stubs.obj
 0002:0000e130       __vcrt_thread_detach       000000018001f130 f   MSVCRTD:ucrt_stubs.obj
 0002:0000e140       __vcrt_uninitialize        000000018001f140 f   MSVCRTD:ucrt_stubs.obj
 0002:0000e140       __acrt_uninitialize        000000018001f140 f   MSVCRTD:ucrt_stubs.obj
 0002:0000e140       __scrt_stub_for_acrt_uninitialize 000000018001f140 f   MSVCRTD:ucrt_stubs.obj
 0002:0000e150       __scrt_stub_for_acrt_uninitialize_critical 000000018001f150 f   MSVCRTD:ucrt_stubs.obj
 0002:0000e150       __acrt_uninitialize_critical 000000018001f150 f   MSVCRTD:ucrt_stubs.obj
 0002:0000e150       __vcrt_uninitialize_critical 000000018001f150 f   MSVCRTD:ucrt_stubs.obj
 0002:0000e160       _is_c_termination_complete 000000018001f160 f   MSVCRTD:ucrt_stubs.obj
 0002:0000e160       __scrt_stub_for_is_c_termination_complete 000000018001f160 f   MSVCRTD:ucrt_stubs.obj
 0002:0000f600       _guard_dispatch_icall_nop  0000000180020600 f   MSVCRTD:guard_dispatch.obj
 0002:0000f620       _guard_xfg_dispatch_icall_nop 0000000180020620 f   MSVCRTD:guard_xfg_dispatch.obj
 0003:00000000       __xc_a                     0000000180023000     MSVCRTD:initializers.obj
 0003:00000110       __xc_z                     0000000180023110     MSVCRTD:initializers.obj
 0003:00000220       __xi_a                     0000000180023220     MSVCRTD:initializers.obj
 0003:00000330       __xi_z                     0000000180023330     MSVCRTD:initializers.obj
 0003:00000440       __xp_a                     0000000180023440     MSVCRTD:initializers.obj
 0003:00000550       __xp_z                     0000000180023550     MSVCRTD:initializers.obj
 0003:00000660       __xt_a                     0000000180023660     MSVCRTD:initializers.obj
 0003:00000770       __xt_z                     0000000180023770     MSVCRTD:initializers.obj
 0003:00000880       ??_C@_0BJ@GOOPBPNK@P5Engine?1data?1grass1?4bmp@ 0000000180023880     p5engine.obj
 0003:000008a0       ??_C@_0BI@GAHHFIBN@P5Engine?1data?1soil1?4bmp@ 00000001800238a0     p5engine.obj
 0003:000008c0       ??_C@_0BI@OGODCKLD@P5Engine?1data?1soil2?4bmp@ 00000001800238c0     p5engine.obj
 0003:000008e0       ??_C@_0BI@CNLPPJBG@P5Engine?1data?1soil3?4bmp@ 00000001800238e0     p5engine.obj
 0003:00000900       ??_C@_0BI@DGFEELIO@P5Engine?1data?1tuft1?4bmp@ 0000000180023900     p5engine.obj
 0003:00000920       ??_C@_0BI@LAMADJCA@P5Engine?1data?1tuft2?4bmp@ 0000000180023920     p5engine.obj
 0003:00000940       ??_C@_0BF@HOIOEMCL@P5Engine?1data?1bg?4bmp@ 0000000180023940     p5engine.obj
 0003:00000960       ??_C@_0BJ@EPENJOEL@P5Engine?1data?1shadow?4bmp@ 0000000180023960     p5engine.obj
 0003:00000980       ??_C@_0BJ@HEECFFOE@P5Engine?1data?1stairs?4bmp@ 0000000180023980     p5engine.obj
 0003:000009a0       ??_C@_0BH@DDOBAHNL@P5Engine?1data?1tree?4bmp@ 00000001800239a0     p5engine.obj
 0003:000009c0       ??_C@_0BI@EPGPCLAL@P5Engine?1data?1enemy?4bmp@ 00000001800239c0     p5engine.obj
 0003:000009e0       ??_C@_0BG@IEBKPHGI@P5Engine?1data?1orb?4bmp@ 00000001800239e0     p5engine.obj
 0003:00000a00       ??_C@_0BP@CIDLMIJA@P5Engine?1data?1char?9right?90?4bmp@ 0000000180023a00     p5engine.obj
 0003:00000a28       ??_C@_0BO@PEBAPFLC@P5Engine?1data?1char?9back?90?4bmp@ 0000000180023a28     p5engine.obj
 0003:00000a50       ??_C@_0BO@EAIBBIAG@P5Engine?1data?1char?9left?90?4bmp@ 0000000180023a50     p5engine.obj
 0003:00000a78       ??_C@_0BP@MKDPGEOC@P5Engine?1data?1char?9front?90?4bmp@ 0000000180023a78     p5engine.obj
 0003:00000aa0       ??_C@_0BO@KNNOBFKI@P5Engine?1data?1sword?9right?4bmp@ 0000000180023aa0     p5engine.obj
 0003:00000ac8       ??_C@_0BN@LDDHILOB@P5Engine?1data?1sword?9back?4bmp@ 0000000180023ac8     p5engine.obj
 0003:00000af0       ??_C@_0BN@FPAHMBGA@P5Engine?1data?1sword?9left?4bmp@ 0000000180023af0     p5engine.obj
 0003:00000b18       ??_C@_0BO@BNDLMGBJ@P5Engine?1data?1sword?9front?4bmp@ 0000000180023b18     p5engine.obj
 0003:00000b3c       __real@308992b1            0000000180023b3c     p5engine.obj
 0003:00000b40       __real@3a83126f            0000000180023b40     p5engine.obj
 0003:00000b44       __real@3b808081            0000000180023b44     p5engine.obj
 0003:00000b48       __real@3c23d70a            0000000180023b48     p5engine.obj
 0003:00000b4c       __real@3dcccccd            0000000180023b4c     p5engine.obj
 0003:00000b50       __real@3e4ccccd            0000000180023b50     p5engine.obj
 0003:00000b54       __real@3e800000            0000000180023b54     p5engine.obj
 0003:00000b58       __real@3f000000            0000000180023b58     p5engine.obj
 0003:00000b5c       __real@3f4ccccd            0000000180023b5c     p5engine.obj
 0003:00000b60       __real@3f666666            0000000180023b60     p5engine.obj
 0003:00000b64       __real@3f800000            0000000180023b64     p5engine.obj
 0003:00000b68       __real@3f8ccccd            0000000180023b68     p5engine.obj
 0003:00000b6c       __real@3f99999a            0000000180023b6c     p5engine.obj
 0003:00000b70       __real@3fb33333            0000000180023b70     p5engine.obj
 0003:00000b74       __real@3fc00000            0000000180023b74     p5engine.obj
 0003:00000b78       __real@40000000            0000000180023b78     p5engine.obj
 0003:00000b80       __real@401921fb60000000    0000000180023b80     p5engine.obj
 0003:00000b8c       __real@40333333            0000000180023b8c     p5engine.obj
 0003:00000b90       __real@40400000            0000000180023b90     p5engine.obj
 0003:00000b94       __real@40a00000            0000000180023b94     p5engine.obj
 0003:00000b98       __real@40aaaaab            0000000180023b98     p5engine.obj
 0003:00000b9c       __real@40c90fdb            0000000180023b9c     p5engine.obj
 0003:00000ba0       __real@41200000            0000000180023ba0     p5engine.obj
 0003:00000ba4       __real@41499999            0000000180023ba4     p5engine.obj
 0003:00000ba8       __real@41700000            0000000180023ba8     p5engine.obj
 0003:00000bac       __real@41880000            0000000180023bac     p5engine.obj
 0003:00000bb0       __real@41a00000            0000000180023bb0     p5engine.obj
 0003:00000bb4       __real@41be6666            0000000180023bb4     p5engine.obj
 0003:00000bb8       __real@41c00000            0000000180023bb8     p5engine.obj
 0003:00000bbc       __real@41f00000            0000000180023bbc     p5engine.obj
 0003:00000bc0       __real@42000000            0000000180023bc0     p5engine.obj
 0003:00000bc4       __real@42600000            0000000180023bc4     p5engine.obj
 0003:00000bc8       __real@42800000            0000000180023bc8     p5engine.obj
 0003:00000bcc       __real@42960000            0000000180023bcc     p5engine.obj
 0003:00000bd0       __real@42c80000            0000000180023bd0     p5engine.obj
 0003:00000bd4       __real@437f0000            0000000180023bd4     p5engine.obj
 0003:00000bd8       __real@461c4000            0000000180023bd8     p5engine.obj
 0003:00000bdc       __real@47c35000            0000000180023bdc     p5engine.obj
 0003:00000be0       __real@7f7fffff            0000000180023be0     p5engine.obj
 0003:00000be4       __real@becccccd            0000000180023be4     p5engine.obj
 0003:00000be8       __real@bf000000            0000000180023be8     p5engine.obj
 0003:00000bec       __real@bf800000            0000000180023bec     p5engine.obj
 0003:00000bf0       __real@c11ccccd            0000000180023bf0     p5engine.obj
 0003:00000c00       __xmm@7fffffff7fffffff7fffffff7fffffff 0000000180023c00     p5engine.obj
 0003:00000c20       __xmm@80000000800000008000000080000000 0000000180023c20     p5engine.obj
 0003:00000c38       _pRawDllMain               0000000180023c38     MSVCRTD:dll_dllmain.obj
 0003:00000c38       _pDefaultRawDllMain        0000000180023c38     MSVCRTD:dll_dllmain.obj
 0003:00000ca0       _load_config_used          0000000180023ca0     MSVCRTD:loadcfg.obj
 0003:00000f80       __CastGuardVftablesStart   0000000180023f80     MSVCRTD:guard_support.obj
 0003:00001090       __CastGuardVftablesEnd     0000000180024090     MSVCRTD:guard_support.obj
 0003:00001318       __rtc_iaa                  0000000180024318     MSVCRTD:initsect.obj
 0003:00001428       __rtc_izz                  0000000180024428     MSVCRTD:initsect.obj
 0003:00001538       __rtc_taa                  0000000180024538     MSVCRTD:initsect.obj
 0003:00001648       __rtc_tzz                  0000000180024648     MSVCRTD:initsect.obj
 0004:00004cd0       __security_cookie_complement 000000018002acd0     MSVCRTD:gs_cookie.obj
 0004:00004cd8       __security_cookie          000000018002acd8     MSVCRTD:gs_cookie.obj
 0004:00004ce4       _fltused                   000000018002ace4     MSVCRTD:fltused.obj
 0004:00004ce8       __scrt_native_dllmain_reason 000000018002ace8     MSVCRTD:utility.obj
 0004:00004cf0       __isa_available            000000018002acf0     MSVCRTD:cpu_disp.obj
 0004:00004cf4       __isa_enabled              000000018002acf4     MSVCRTD:cpu_disp.obj
 0004:00004cf8       __memcpy_nt_iters          000000018002acf8     MSVCRTD:cpu_disp.obj
 0004:00004d00       __memset_nt_iters          000000018002ad00     MSVCRTD:cpu_disp.obj
 0004:00004d10       __scrt_ucrt_dll_is_in_use  000000018002ad10     MSVCRTD:ucrt_stubs.obj
 0004:000054c0       ?__type_info_root_node@@3U__type_info_node@@A 000000018002b4c0     MSVCRTD:tncleanup.obj
 0004:000054d8       ?_OptionsStorage@?1??__local_stdio_printf_options@@9@4_KA 000000018002b4d8     MSVCRTD:default_local_stdio_options.obj
 0004:000054e8       ?_OptionsStorage@?1??__local_stdio_scanf_options@@9@4_KA 000000018002b4e8     MSVCRTD:default_local_stdio_options.obj
 0004:000054f8       __scrt_current_native_startup_state 000000018002b4f8     MSVCRTD:utility.obj
 0004:00005500       __scrt_native_startup_lock 000000018002b500     MSVCRTD:utility.obj
 0004:00005550       __scrt_debugger_hook_flag  000000018002b550     MSVCRTD:utility_desktop.obj
 0004:00005558       __castguard_check_failure_os_handled_fptr 000000018002b558     MSVCRTD:guard_support.obj
 0004:00005564       __favor                    000000018002b564     MSVCRTD:cpu_disp.obj
 0004:00005568       __dyn_tls_init_callback    000000018002b568     <common>
 0004:0000557c       __DebuggerCurrentSteppingThreadId 000000018002b57c     <common>
 0006:00000000       __imp_GetCurrentProcessId  000000018002f000     kernel32:KERNEL32.dll
 0006:00000008       __imp_RtlCaptureContext    000000018002f008     kernel32:KERNEL32.dll
 0006:00000010       __imp_RtlLookupFunctionEntry 000000018002f010     kernel32:KERNEL32.dll
 0006:00000018       __imp_RtlVirtualUnwind     000000018002f018     kernel32:KERNEL32.dll
 0006:00000020       __imp_UnhandledExceptionFilter 000000018002f020     kernel32:KERNEL32.dll
 0006:00000028       __imp_GetModuleHandleW     000000018002f028     kernel32:KERNEL32.dll
 0006:00000030       __imp_GetStartupInfoW      000000018002f030     kernel32:KERNEL32.dll
 0006:00000038       __imp_IsDebuggerPresent    000000018002f038     kernel32:KERNEL32.dll
 0006:00000040       __imp_InitializeSListHead  000000018002f040     kernel32:KERNEL32.dll
 0006:00000048       __imp_DisableThreadLibraryCalls 000000018002f048     kernel32:KERNEL32.dll
 0006:00000050       __imp_GetSystemTimeAsFileTime 000000018002f050     kernel32:KERNEL32.dll
 0006:00000058       __imp_GetCurrentThreadId   000000018002f058     kernel32:KERNEL32.dll
 0006:00000060       __imp_QueryPerformanceCounter 000000018002f060     kernel32:KERNEL32.dll
 0006:00000068       __imp_IsProcessorFeaturePresent 000000018002f068     kernel32:KERNEL32.dll
 0006:00000070       __imp_TerminateProcess     000000018002f070     kernel32:KERNEL32.dll
 0006:00000078       __imp_GetCurrentProcess    000000018002f078     kernel32:KERNEL32.dll
 0006:00000080       __imp_SetUnhandledExceptionFilter 000000018002f080     kernel32:KERNEL32.dll
 0006:00000088       \177KERNEL32_NULL_THUNK_DATA 000000018002f088     kernel32:KERNEL32.dll
 0006:000000f8       __imp___std_type_info_destroy_list 000000018002f0f8     vcruntimed:VCRUNTIME140D.dll
 0006:00000100       __imp___C_specific_handler 000000018002f100     vcruntimed:VCRUNTIME140D.dll
 0006:00000108       __imp_memset               000000018002f108     vcruntimed:VCRUNTIME140D.dll
 0006:00000110       __imp___current_exception  000000018002f110     vcruntimed:VCRUNTIME140D.dll
 0006:00000118       __imp___current_exception_context 000000018002f118     vcruntimed:VCRUNTIME140D.dll
 0006:00000120       \177VCRUNTIME140D_NULL_THUNK_DATA 000000018002f120     vcruntimed:VCRUNTIME140D.dll
 0006:00000180       __imp_terminate            000000018002f180     ucrtd:ucrtbased.dll
 0006:00000188       __imp__cexit               000000018002f188     ucrtd:ucrtbased.dll
 0006:00000190       __imp__crt_atexit          000000018002f190     ucrtd:ucrtbased.dll
 0006:00000198       __imp__execute_onexit_table 000000018002f198     ucrtd:ucrtbased.dll
 0006:000001a0       __imp__register_onexit_function 000000018002f1a0     ucrtd:ucrtbased.dll
 0006:000001a8       __imp__initialize_onexit_table 000000018002f1a8     ucrtd:ucrtbased.dll
 0006:000001b0       __imp__initialize_narrow_environment 000000018002f1b0     ucrtd:ucrtbased.dll
 0006:000001b8       __imp__configure_narrow_argv 000000018002f1b8     ucrtd:ucrtbased.dll
 0006:000001c0       __imp__seh_filter_dll      000000018002f1c0     ucrtd:ucrtbased.dll
 0006:000001c8       __imp__initterm_e          000000018002f1c8     ucrtd:ucrtbased.dll
 0006:000001d0       __imp__initterm            000000018002f1d0     ucrtd:ucrtbased.dll
 0006:000001d8       __imp_sqrtf                000000018002f1d8     ucrtd:ucrtbased.dll
 0006:000001e0       __imp_sinf                 000000018002f1e0     ucrtd:ucrtbased.dll
 0006:000001e8       __imp_floorf               000000018002f1e8     ucrtd:ucrtbased.dll
 0006:000001f0       __imp_cosf                 000000018002f1f0     ucrtd:ucrtbased.dll
 0006:000001f8       __imp_ceilf                000000018002f1f8     ucrtd:ucrtbased.dll
 0006:00000200       __imp_roundf               000000018002f200     ucrtd:ucrtbased.dll
 0006:00000208       __imp__crt_at_quick_exit   000000018002f208     ucrtd:ucrtbased.dll
 0006:00000210       \177ucrtbased_NULL_THUNK_DATA 000000018002f210     ucrtd:ucrtbased.dll
 0006:00000280       __IMPORT_DESCRIPTOR_VCRUNTIME140D 000000018002f280     vcruntimed:VCRUNTIME140D.dll
 0006:00000294       __IMPORT_DESCRIPTOR_ucrtbased 000000018002f294     ucrtd:ucrtbased.dll
 0006:000002a8       __IMPORT_DESCRIPTOR_KERNEL32 000000018002f2a8     kernel32:KERNEL32.dll
 0006:000002bc       __NULL_IMPORT_DESCRIPTOR   000000018002f2bc     vcruntimed:VCRUNTIME140D.dll
 0008:00000000       __guard_check_icall_fptr   0000000180031000     MSVCRTD:guard_support.obj
 0008:00000010       __guard_xfg_check_icall_fptr 0000000180031010     MSVCRTD:guard_support.obj
 0008:00000020       __guard_dispatch_icall_fptr 0000000180031020     MSVCRTD:guard_support.obj
 0008:00000030       __guard_xfg_dispatch_icall_fptr 0000000180031030     MSVCRTD:guard_support.obj
 0008:00000040       __guard_xfg_table_dispatch_icall_fptr 0000000180031040     MSVCRTD:guard_support.obj

 entry point at        0002:0000000a

 Static symbols

 0000:fffcc000       .debug$S                   0000000180000000     P5Engine.exp
 0000:fffcf000       _volmd                     0000000180000000     MSVCRTD:cpu_disp.obj
 0000:fffd0000       __guard_ehcont_?dllmain_dispatch@@YAHQEAUHINSTANCE__@@KQEAX@Z 0000000180000000     MSVCRTD:dll_dllmain.obj
 0000:fffd0000       __guard_fids_?dllmain_dispatch@@YAHQEAUHINSTANCE__@@KQEAX@Z 0000000180000000     MSVCRTD:dll_dllmain.obj
 0000:fffcf000       _volmd                     0000000180000000     MSVCRTD:gs_report.obj
 0000:fffcf000       _volmd                     0000000180000000     MSVCRTD:gs_report.obj
 0000:fffcf000       _volmd                     0000000180000000     MSVCRTD:gs_report.obj
 0000:fffd0000       __guard_fids__             0000000180000000     MSVCRTD:guard_support.obj
 0000:fffd0000       __guard_fids__             0000000180000000     MSVCRTD:guard_support.obj
 0000:fffd0000       __guard_fids__guard_icall_checks_enforced 0000000180000000     MSVCRTD:guard_support.obj
 0000:fffcf000       _volmd                     0000000180000000     MSVCRTD:guard_support.obj
 0000:fffcf000       _volmd                     0000000180000000     MSVCRTD:guard_support.obj
 0000:fffcf000       _volmd                     0000000180000000     MSVCRTD:guard_support.obj
 0000:fffd0000       __guard_ehcont___scrt_is_nonwritable_in_current_image 0000000180000000     MSVCRTD:utility.obj
 0000:fffcf000       _volmd                     0000000180000000     MSVCRTD:utility.obj
 0000:fffcf000       _volmd                     0000000180000000     MSVCRTD:utility.obj
 0000:fffcf000       _volmd                     0000000180000000     MSVCRTD:utility.obj
 0000:fffd0000       __guard_fids___scrt_set_unhandled_exception_filter 0000000180000000     MSVCRTD:utility_desktop.obj
 0000:fffcf000       _volmd                     0000000180000000     MSVCRTD:utility_desktop.obj
 0000:fffcc000       .debug$S                   0000000180000000     vcruntimed:VCRUNTIME140D.dll
 0000:fffcc000       .debug$S                   0000000180000000     vcruntimed:VCRUNTIME140D.dll
 0000:fffcc000       .debug$S                   0000000180000000     vcruntimed:VCRUNTIME140D.dll
 0000:fffcc000       .debug$S                   0000000180000000     vcruntimed:VCRUNTIME140D.dll
 0000:fffcc000       .debug$S                   0000000180000000     vcruntimed:VCRUNTIME140D.dll
 0000:fffcc000       .debug$S                   0000000180000000     ucrtd:ucrtbased.dll
 0000:fffcc000       .debug$S                   0000000180000000     ucrtd:ucrtbased.dll
 0000:fffcc000       .debug$S                   0000000180000000     ucrtd:ucrtbased.dll
 0000:fffcc000       .debug$S                   0000000180000000     ucrtd:ucrtbased.dll
 0000:fffcc000       .debug$S                   0000000180000000     ucrtd:ucrtbased.dll
 0000:fffcc000       .debug$S                   0000000180000000     ucrtd:ucrtbased.dll
 0000:fffcc000       .debug$S                   0000000180000000     ucrtd:ucrtbased.dll
 0000:fffcc000       .debug$S                   0000000180000000     ucrtd:ucrtbased.dll
 0000:fffcc000       .debug$S                   0000000180000000     ucrtd:ucrtbased.dll
 0000:fffcc000       .debug$S                   0000000180000000     ucrtd:ucrtbased.dll
 0000:fffcc000       .debug$S                   0000000180000000     ucrtd:ucrtbased.dll
 0000:fffcc000       .debug$S                   0000000180000000     ucrtd:ucrtbased.dll
 0000:fffcc000       .debug$S                   0000000180000000     ucrtd:ucrtbased.dll
 0000:fffcc000       .debug$S                   0000000180000000     ucrtd:ucrtbased.dll
 0000:fffcc000       .debug$S                   0000000180000000     ucrtd:ucrtbased.dll
 0000:fffcc000       .debug$S                   0000000180000000     ucrtd:ucrtbased.dll
 0000:fffcc000       .debug$S                   0000000180000000     ucrtd:ucrtbased.dll
 0000:fffcc000       .debug$S                   0000000180000000     ucrtd:ucrtbased.dll
 0000:fffcc000       .debug$S                   0000000180000000     kernel32:KERNEL32.dll
 0000:fffcc000       .debug$S                   0000000180000000     kernel32:KERNEL32.dll
 0000:fffcc000       .debug$S                   0000000180000000     kernel32:KERNEL32.dll
 0000:fffcc000       .debug$S                   0000000180000000     kernel32:KERNEL32.dll
 0000:fffcc000       .debug$S                   0000000180000000     kernel32:KERNEL32.dll
 0000:fffcc000       .debug$S                   0000000180000000     kernel32:KERNEL32.dll
 0000:fffcc000       .debug$S                   0000000180000000     kernel32:KERNEL32.dll
 0000:fffcc000       .debug$S                   0000000180000000     kernel32:KERNEL32.dll
 0000:fffcc000       .debug$S                   0000000180000000     kernel32:KERNEL32.dll
 0000:fffcc000       .debug$S                   0000000180000000     kernel32:KERNEL32.dll
 0000:fffcc000       .debug$S                   0000000180000000     kernel32:KERNEL32.dll
 0000:fffcc000       .debug$S                   0000000180000000     kernel32:KERNEL32.dll
 0000:fffcc000       .debug$S                   0000000180000000     kernel32:KERNEL32.dll
 0000:fffcc000       .debug$S                   0000000180000000     kernel32:KERNEL32.dll
 0000:fffcc000       .debug$S                   0000000180000000     kernel32:KERNEL32.dll
 0000:fffcc000       .debug$S                   0000000180000000     kernel32:KERNEL32.dll
 0000:fffcc000       .debug$S                   0000000180000000     kernel32:KERNEL32.dll
 0002:00000f80       ?AddCollisionRule@@YAXPEAUgame_state@@IIH@Z 0000000180011f80 f   p5engine.obj
 0002:00001080       ?AddEntity@@YAPEAUsim_entity@@PEAUgame_state@@PEAUsim_region@@IPEAUlow_entity@@PEATv3@@@Z 0000000180012080 f   p5engine.obj
 0002:000011b0       ?AddEntityRaw@@YAPEAUsim_entity@@PEAUgame_state@@PEAUsim_region@@IPEAUlow_entity@@@Z 00000001800121b0 f   p5engine.obj
 0002:00001320       ?AddFamiliar@@YA?AUadd_low_entity_result@@PEAUgame_state@@III@Z 0000000180012320 f   p5engine.obj
 0002:00001490       ?AddGroundedEntity@@YA?AUadd_low_entity_result@@PEAUgame_state@@W4entity_type@@Uworld_position@@PEAUsim_entity_collision_volume_group@@@Z 0000000180012490 f   p5engine.obj
 0002:00001540       ?AddLowEntity@@YA?AUadd_low_entity_result@@PEAUgame_state@@W4entity_type@@Uworld_position@@@Z 0000000180012540 f   p5engine.obj
 0002:000016d0       ?AddMonstar@@YA?AUadd_low_entity_result@@PEAUgame_state@@III@Z 00000001800126d0 f   p5engine.obj
 0002:00001810       ?AddPlayer@@YA?AUadd_low_entity_result@@PEAUgame_state@@@Z 0000000180012810 f   p5engine.obj
 0002:000019f0       ?AddStairs@@YA?AUadd_low_entity_result@@PEAUgame_state@@III@Z 00000001800129f0 f   p5engine.obj
 0002:00001b40       ?AddStandardRoom@@YA?AUadd_low_entity_result@@PEAUgame_state@@III@Z 0000000180012b40 f   p5engine.obj
 0002:00001c70       ?AddSword@@YA?AUadd_low_entity_result@@PEAUgame_state@@@Z 0000000180012c70 f   p5engine.obj
 0002:00001d20       ?AddWall@@YA?AUadd_low_entity_result@@PEAUgame_state@@III@Z 0000000180012d20 f   p5engine.obj
 0002:00001e50       ?AllocateRenderGroup@@YAPEAUrender_group@@PEAUmemory_arena@@IM@Z 0000000180012e50 f   p5engine.obj
 0002:00002010       ?BeginSim@@YAPEAUsim_region@@PEAUmemory_arena@@PEAUgame_state@@PEAUworld@@Uworld_position@@Urectangle3@@M@Z 0000000180013010 f   p5engine.obj
 0002:00002560       ?CanCollide@@YAHPEAUgame_state@@PEAUsim_entity@@1@Z 0000000180013560 f   p5engine.obj
 0002:00002670       ?CanOverlap@@YAHPEAUgame_state@@PEAUsim_entity@@1@Z 0000000180013670 f   p5engine.obj
 0002:00002770       ?ChangeEntityLocation@@YAXPEAUmemory_arena@@PEAUworld@@IPEAUlow_entity@@Uworld_position@@@Z 0000000180013770 f   p5engine.obj
 0002:00002fa0       ?ClearBitmap@@YAXPEAUloaded_bitmap@@@Z 0000000180013fa0 f   p5engine.obj
 0002:00002ff0       ?ClearCollisionRulesFor@@YAXPEAUgame_state@@I@Z 0000000180013ff0 f   p5engine.obj
 0002:000031c0       ?DEBUGLoadBMP@@YA?AUloaded_bitmap@@PEAUthread_context@@P6A?AUdebug_read_file_result@@0PEAD@Z1@Z 00000001800141c0 f   p5engine.obj
 0002:000035b0       ?DrawBitmap@@YAXPEAUloaded_bitmap@@0MMM@Z 00000001800145b0 f   p5engine.obj
 0002:000039a0       ?DrawHitpoints@@YAXPEAUsim_entity@@PEAUrender_group@@@Z 00000001800149a0 f   p5engine.obj
 0002:00003bc0       ?DrawRectangle@@YAXPEAUloaded_bitmap@@Tv2@@1MMMM@Z 0000000180014bc0 f   p5engine.obj
 0002:00003d80       ?DrawRectangleSlowly@@YAXPEAUloaded_bitmap@@Tv2@@11Tv4@@0@Z 0000000180014d80 f   p5engine.obj
 0002:000047f0       ?EndSim@@YAXPEAUsim_region@@PEAUgame_state@@@Z 00000001800157f0 f   p5engine.obj
 0002:00004b10       ?EntitiesOverlap@@YAHPEAUsim_entity@@0Tv3@@@Z 0000000180015b10 f   p5engine.obj
 0002:00004f00       ?FillGroundChunk@@YAXPEAUtransient_state@@PEAUgame_state@@PEAUground_buffer@@PEAUworld_position@@@Z 0000000180015f00 f   p5engine.obj
 0002:00005540       ?GameOutputSound@@YAXPEAUgame_state@@PEAUgame_sound_output_buffer@@H@Z 0000000180016540 f   p5engine.obj
 0002:000056c0       ?GetHashFromStorageIndex@@YAPEAUsim_entity_hash@@PEAUsim_region@@I@Z 00000001800166c0 f   p5engine.obj
 0002:00005d30       ?HandleCollision@@YAHPEAUgame_state@@PEAUsim_entity@@1@Z 0000000180016d30 f   p5engine.obj
 0002:00005de0       ?HandleOverlap@@YAXPEAUgame_state@@PEAUsim_entity@@1MPEAM@Z 0000000180016de0 f   p5engine.obj
 0002:00005ea0       ?InitHitPoints@@YAXPEAUlow_entity@@I@Z 0000000180016ea0 f   p5engine.obj
 0002:00005f70       ?InitializeWorld@@YAXPEAUworld@@Tv3@@@Z 0000000180016f70 f   p5engine.obj
 0002:000065f0       ?MakeEmptyBitmap@@YA?AUloaded_bitmap@@PEAUmemory_arena@@HHH@Z 00000001800175f0 f   p5engine.obj
 0002:00006790       ?MakeNullCollision@@YAPEAUsim_entity_collision_volume_group@@PEAUgame_state@@@Z 0000000180017790 f   p5engine.obj
 0002:00006830       ?MakeSimpleGroundedCollision@@YAPEAUsim_entity_collision_volume_group@@PEAUgame_state@@MMM@Z 0000000180017830 f   p5engine.obj
 0002:00006a20       ?MoveEntity@@YAXPEAUgame_state@@PEAUsim_region@@PEAUsim_entity@@MPEAUmove_spec@@Tv3@@@Z 0000000180017a20 f   p5engine.obj
 0002:00008c60       ?RenderGroupToOutput@@YAXPEAUrender_group@@PEAUloaded_bitmap@@@Z 0000000180019c60 f   p5engine.obj
 0002:00009290       ?SpeculativeCollide@@YAHPEAUsim_entity@@0Tv3@@@Z 000000018001a290 f   p5engine.obj
 0002:00009440       ?Subtract@@YA?ATv3@@PEAUworld@@PEAUworld_position@@1@Z 000000018001a440 f   p5engine.obj
 0002:0000b2cc       $LN203                     000000018001c2cc     p5engine.obj
 0002:0000bbf0       $$000000                   000000018001cbf0     MSVCRTD:amdsecgs.obj
 0002:0000bc30       ?dllmain_crt_dispatch@@YAHQEAUHINSTANCE__@@KQEAX@Z 000000018001cc30 f   MSVCRTD:dll_dllmain.obj
 0002:0000bce0       ?dllmain_crt_process_attach@@YAHQEAUHINSTANCE__@@QEAX@Z 000000018001cce0 f   MSVCRTD:dll_dllmain.obj
 0002:0000be70       ?dllmain_crt_process_detach@@YAH_N@Z 000000018001ce70 f   MSVCRTD:dll_dllmain.obj
 0002:0000bf30       ?dllmain_dispatch@@YAHQEAUHINSTANCE__@@KQEAX@Z 000000018001cf30 f   MSVCRTD:dll_dllmain.obj
 0002:0000c0c0       ?dllmain_raw@@YAHQEAUHINSTANCE__@@KQEAX@Z 000000018001d0c0 f   MSVCRTD:dll_dllmain.obj
 0002:0000c570       capture_current_context    000000018001d570 f   MSVCRTD:gs_report.obj
 0002:0000c630       capture_previous_context   000000018001d630 f   MSVCRTD:gs_report.obj
 0002:0000c710       __get_entropy              000000018001d710 f   MSVCRTD:gs_support.obj
 0002:0000c9d0       ?find_pe_section@@YAPEAU_IMAGE_SECTION_HEADER@@QEAE_K@Z 000000018001d9d0 f   MSVCRTD:utility.obj
 0002:0000caf0       ?is_potentially_valid_image_base@@YA_NQEAX@Z 000000018001daf0 f   MSVCRTD:utility.obj
 0002:0000d890       __castguard_compat_check   000000018001e890 f   MSVCRTD:guard_support.obj
 0002:0000da70       __castguard_slow_path_compat_check 000000018001ea70 f   MSVCRTD:guard_support.obj
 0002:0000f5f0       $$000000                   00000001800205f0     MSVCRTD:guard_dispatch.obj
 0002:0000f610       $$000000                   0000000180020610     MSVCRTD:guard_xfg_dispatch.obj
 0002:00010630       ?fin$0@?0??dllmain_crt_process_attach@@YAHQEAUHINSTANCE__@@QEAX@Z@4HA 0000000180021630 f   MSVCRTD:dll_dllmain.obj
 0002:00010650       ?fin$0@?0??dllmain_crt_process_detach@@YAH_N@Z@4HA 0000000180021650 f   MSVCRTD:dll_dllmain.obj
 0002:0001066a       ?fin$1@?0??dllmain_crt_process_detach@@YAH_N@Z@4HA 000000018002166a f   MSVCRTD:dll_dllmain.obj
 0002:00010690       ?filt$0@?0??dllmain_dispatch@@YAHQEAUHINSTANCE__@@KQEAX@Z@4HA 0000000180021690 f   MSVCRTD:dll_dllmain.obj
 0002:000106f0       __scrt_is_nonwritable_in_current_image$filt$0 00000001800216f0 f   MSVCRTD:utility.obj
 0003:00000c48       GS_ExceptionPointers       0000000180023c48     MSVCRTD:gs_report.obj
 0003:00001758       $unwind$GetController      0000000180024758     p5engine.obj
 0003:00001768       $unwind$?InitializeArena@@YAXPEAUmemory_arena@@_KPEAX@Z 0000000180024768     p5engine.obj
 0003:0000177c       $unwind$?PushSize_@@YAPEAXPEAUmemory_arena@@_K@Z 000000018002477c     p5engine.obj
 0003:0000178c       $unwind$?BeginTemporaryMemory@@YA?AUtemporary_memory@@PEAUmemory_arena@@@Z 000000018002478c     p5engine.obj
 0003:0000179c       $unwind$?EndTemporaryMemory@@YAXUtemporary_memory@@@Z 000000018002479c     p5engine.obj
 0003:000017a4       $unwind$?CheckArena@@YAXPEAUmemory_arena@@@Z 00000001800247a4     p5engine.obj
 0003:000017ac       $unwind$?ZeroSize@@YAX_KPEAX@Z 00000001800247ac     p5engine.obj
 0003:000017bc       $unwind$?SquareRoot@@YAMM@Z 00000001800247bc     p5engine.obj
 0003:000017cc       $unwind$?AbsoluteValue@@YAMM@Z 00000001800247cc     p5engine.obj
 0003:000017dc       $unwind$?RoundReal32ToInt32@@YAHM@Z 00000001800247dc     p5engine.obj
 0003:000017ec       $unwind$?RoundReal32ToUInt32@@YAIM@Z 00000001800247ec     p5engine.obj
 0003:000017fc       $unwind$?FloorReal32ToInt32@@YAHM@Z 00000001800247fc     p5engine.obj
 0003:0000180c       $unwind$?CeilReal32ToInt32@@YAHM@Z 000000018002480c     p5engine.obj
 0003:0000181c       $unwind$?Sin@@YAMM@Z       000000018002481c     p5engine.obj
 0003:0000182c       $unwind$?Cos@@YAMM@Z       000000018002482c     p5engine.obj
 0003:0000183c       $unwind$?FindLeastSignificantSetBit@@YA?AUbit_scan_result@@I@Z 000000018002483c     p5engine.obj
 0003:00001850       $unwind$?Square@@YAMM@Z    0000000180024850     p5engine.obj
 0003:00001860       $unwind$?Clamp@@YAMMMM@Z   0000000180024860     p5engine.obj
 0003:00001878       $unwind$?Clamp01@@YAMM@Z   0000000180024878     p5engine.obj
 0003:00001888       $unwind$?V2@@YA?ATv2@@MM@Z 0000000180024888     p5engine.obj
 0003:0000189c       $unwind$?V2i@@YA?ATv2@@HH@Z 000000018002489c     p5engine.obj
 0003:000018ac       $unwind$??D@YA?ATv2@@MT0@@Z 00000001800248ac     p5engine.obj
 0003:000018bc       $unwind$??G@YA?ATv2@@T0@@Z 00000001800248bc     p5engine.obj
 0003:000018c4       $unwind$??H@YA?ATv2@@T0@0@Z 00000001800248c4     p5engine.obj
 0003:000018cc       $unwind$??Y@YAAEATv2@@AEAT0@T0@@Z 00000001800248cc     p5engine.obj
 0003:000018dc       $unwind$??G@YA?ATv2@@T0@0@Z 00000001800248dc     p5engine.obj
 0003:000018e4       $unwind$?Inner@@YAMTv2@@0@Z 00000001800248e4     p5engine.obj
 0003:000018ec       $unwind$?LengthSq@@YAMTv2@@@Z 00000001800248ec     p5engine.obj
 0003:000018f4       $unwind$?Clamp01@@YA?ATv2@@T1@@Z 00000001800248f4     p5engine.obj
 0003:000018fc       $unwind$?Perp@@YA?ATv2@@T1@@Z 00000001800248fc     p5engine.obj
 0003:00001904       $unwind$?V3@@YA?ATv3@@MMM@Z 0000000180024904     p5engine.obj
 0003:0000191c       $unwind$??D@YA?ATv3@@MT0@@Z 000000018002491c     p5engine.obj
 0003:00001930       $unwind$??D@YA?ATv3@@T0@M@Z 0000000180024930     p5engine.obj
 0003:00001944       $unwind$??X@YAAEATv3@@AEAT0@M@Z 0000000180024944     p5engine.obj
 0003:00001954       $unwind$??H@YA?ATv3@@T0@0@Z 0000000180024954     p5engine.obj
 0003:00001968       $unwind$??Y@YAAEATv3@@AEAT0@T0@@Z 0000000180024968     p5engine.obj
 0003:00001978       $unwind$??G@YA?ATv3@@T0@0@Z 0000000180024978     p5engine.obj
 0003:0000198c       $unwind$??Z@YAAEATv3@@AEAT0@T0@@Z 000000018002498c     p5engine.obj
 0003:0000199c       $unwind$?Hadamard@@YA?ATv3@@T1@0@Z 000000018002499c     p5engine.obj
 0003:000019b0       $unwind$?Inner@@YAMTv3@@0@Z 00000001800249b0     p5engine.obj
 0003:000019c0       $unwind$?LengthSq@@YAMTv3@@@Z 00000001800249c0     p5engine.obj
 0003:000019c8       $unwind$?Length@@YAMTv3@@@Z 00000001800249c8     p5engine.obj
 0003:000019d0       $unwind$?V4@@YA?ATv4@@MMMM@Z 00000001800249d0     p5engine.obj
 0003:000019e8       $unwind$??D@YA?ATv4@@MT0@@Z 00000001800249e8     p5engine.obj
 0003:000019fc       $unwind$??X@YAAEATv4@@AEAT0@M@Z 00000001800249fc     p5engine.obj
 0003:00001a0c       $unwind$??H@YA?ATv4@@T0@0@Z 0000000180024a0c     p5engine.obj
 0003:00001a20       $unwind$?Hadamard@@YA?ATv4@@T1@0@Z 0000000180024a20     p5engine.obj
 0003:00001a34       $unwind$?Lerp@@YA?ATv4@@T1@M0@Z 0000000180024a34     p5engine.obj
 0003:00001a4c       $unwind$?RectCenterHalfDim@@YA?AUrectangle2@@Tv2@@0@Z 0000000180024a4c     p5engine.obj
 0003:00001a60       $unwind$?RectCenterDim@@YA?AUrectangle2@@Tv2@@0@Z 0000000180024a60     p5engine.obj
 0003:00001a74       $unwind$?GetBarycentric@@YA?ATv2@@Urectangle2@@T1@@Z 0000000180024a74     p5engine.obj
 0003:00001a7c       $unwind$?GetMinCorner@@YA?ATv3@@Urectangle3@@@Z 0000000180024a7c     p5engine.obj
 0003:00001a8c       $unwind$?GetMaxCorner@@YA?ATv3@@Urectangle3@@@Z 0000000180024a8c     p5engine.obj
 0003:00001a9c       $unwind$?RectCenterHalfDim@@YA?AUrectangle3@@Tv3@@0@Z 0000000180024a9c     p5engine.obj
 0003:00001ab0       $unwind$?AddRadiusTo@@YA?AUrectangle3@@U1@Tv3@@@Z 0000000180024ab0     p5engine.obj
 0003:00001ac4       $unwind$?RectCenterDim@@YA?AUrectangle3@@Tv3@@0@Z 0000000180024ac4     p5engine.obj
 0003:00001ad8       $unwind$?IsInRectangle@@YAHUrectangle3@@Tv3@@@Z 0000000180024ad8     p5engine.obj
 0003:00001ae8       $unwind$?RectanglesIntersect@@YAHUrectangle3@@0@Z 0000000180024ae8     p5engine.obj
 0003:00001af8       $unwind$?HasFlag@@YAHPEAUsim_entity@@I@Z 0000000180024af8     p5engine.obj
 0003:00001b08       $unwind$?AddFlags@@YAXPEAUsim_entity@@I@Z 0000000180024b08     p5engine.obj
 0003:00001b18       $unwind$?ClearFlags@@YAXPEAUsim_entity@@I@Z 0000000180024b18     p5engine.obj
 0003:00001b28       $unwind$?MakeEntityNonSpatial@@YAXPEAUsim_entity@@@Z 0000000180024b28     p5engine.obj
 0003:00001b30       $unwind$?MakeEntitySpatial@@YAXPEAUsim_entity@@Tv3@@1@Z 0000000180024b30     p5engine.obj
 0003:00001b44       $unwind$?GetEntityGroundPoint@@YA?ATv3@@PEAUsim_entity@@T1@@Z 0000000180024b44     p5engine.obj
 0003:00001b54       $unwind$?GetEntityGroundPoint@@YA?ATv3@@PEAUsim_entity@@@Z 0000000180024b54     p5engine.obj
 0003:00001b64       $unwind$?GetStairGround@@YAMPEAUsim_entity@@Tv3@@@Z 0000000180024b64     p5engine.obj
 0003:00001b74       $unwind$?GetLowEntity@@YAPEAUlow_entity@@PEAUgame_state@@I@Z 0000000180024b74     p5engine.obj
 0003:00001b84       $unwind$?AddCollisionRule@@YAXPEAUgame_state@@IIH@Z 0000000180024b84     p5engine.obj
 0003:00001ba0       $unwind$?ClearCollisionRulesFor@@YAXPEAUgame_state@@I@Z 0000000180024ba0     p5engine.obj
 0003:00001bb0       $unwind$?SRGB255ToLinear1@@YA?ATv4@@T1@@Z 0000000180024bb0     p5engine.obj
 0003:00001bc4       $unwind$?Linear1ToSRGB255@@YA?ATv4@@T1@@Z 0000000180024bc4     p5engine.obj
 0003:00001bd8       $unwind$?DrawRectangle@@YAXPEAUloaded_bitmap@@Tv2@@1MMMM@Z 0000000180024bd8     p5engine.obj
 0003:00001bfc       $unwind$?DrawRectangleSlowly@@YAXPEAUloaded_bitmap@@Tv2@@11Tv4@@0@Z 0000000180024bfc     p5engine.obj
 0003:00001c28       $chain$5$?DrawRectangleSlowly@@YAXPEAUloaded_bitmap@@Tv2@@11Tv4@@0@Z 0000000180024c28     p5engine.obj
 0003:00001c54       $chain$6$?DrawRectangleSlowly@@YAXPEAUloaded_bitmap@@Tv2@@11Tv4@@0@Z 0000000180024c54     p5engine.obj
 0003:00001c68       $unwind$?DrawBitmap@@YAXPEAUloaded_bitmap@@0MMM@Z 0000000180024c68     p5engine.obj
 0003:00001c88       $chain$2$?DrawBitmap@@YAXPEAUloaded_bitmap@@0MMM@Z 0000000180024c88     p5engine.obj
 0003:00001ca8       $chain$3$?DrawBitmap@@YAXPEAUloaded_bitmap@@0MMM@Z 0000000180024ca8     p5engine.obj
 0003:00001cbc       $unwind$?PushRenderElement_@@YAPEAXPEAUrender_group@@IW4render_group_entry_type@@@Z 0000000180024cbc     p5engine.obj
 0003:00001cd0       $unwind$?PushEntry@@YAXPEAUrender_group@@PEAUloaded_bitmap@@Tv2@@2M2Tv4@@M@Z 0000000180024cd0     p5engine.obj
 0003:00001ce8       $unwind$?PushBitmap@@YAXPEAUrender_group@@PEAUloaded_bitmap@@Tv2@@M2MM@Z 0000000180024ce8     p5engine.obj
 0003:00001d04       $unwind$?PushRect@@YAXPEAUrender_group@@Tv2@@M1Tv4@@M@Z 0000000180024d04     p5engine.obj
 0003:00001d1c       $chain$0$?PushRect@@YAXPEAUrender_group@@Tv2@@M1Tv4@@M@Z 0000000180024d1c     p5engine.obj
 0003:00001d34       $chain$1$?PushRect@@YAXPEAUrender_group@@Tv2@@M1Tv4@@M@Z 0000000180024d34     p5engine.obj
 0003:00001d48       $unwind$?PushRectOutline@@YAXPEAUrender_group@@Tv2@@M1Tv4@@M@Z 0000000180024d48     p5engine.obj
 0003:00001d78       $unwind$?Clear@@YAXPEAUrender_group@@Tv4@@@Z 0000000180024d78     p5engine.obj
 0003:00001d88       $unwind$?CoordinateSystem@@YAPEAUrender_entry_coordinate_system@@PEAUrender_group@@Tv2@@11Tv4@@PEAUloaded_bitmap@@@Z 0000000180024d88     p5engine.obj
 0003:00001da0       $unwind$?GetRenderEntityBasisPos@@YA?ATv2@@PEAUrender_group@@PEAUrender_entity_basis@@T1@@Z 0000000180024da0     p5engine.obj
 0003:00001db4       $unwind$?RenderGroupToOutput@@YAXPEAUrender_group@@PEAUloaded_bitmap@@@Z 0000000180024db4     p5engine.obj
 0003:00001dc8       $chain$9$?RenderGroupToOutput@@YAXPEAUrender_group@@PEAUloaded_bitmap@@@Z 0000000180024dc8     p5engine.obj
 0003:00001e08       $chain$10$?RenderGroupToOutput@@YAXPEAUrender_group@@PEAUloaded_bitmap@@@Z 0000000180024e08     p5engine.obj
 0003:00001e1c       $unwind$?AllocateRenderGroup@@YAPEAUrender_group@@PEAUmemory_arena@@IM@Z 0000000180024e1c     p5engine.obj
 0003:00001e34       $unwind$?NullPosition@@YA?AUworld_position@@XZ 0000000180024e34     p5engine.obj
 0003:00001e3c       $unwind$?IsValid@@YAHUworld_position@@@Z 0000000180024e3c     p5engine.obj
 0003:00001e44       $unwind$?IsCanonical@@YAHMM@Z 0000000180024e44     p5engine.obj
 0003:00001e58       $unwind$?IsCanonical@@YAHPEAUworld@@Tv3@@@Z 0000000180024e58     p5engine.obj
 0003:00001e68       $unwind$?AreInSameChunk@@YAHPEAUworld@@PEAUworld_position@@1@Z 0000000180024e68     p5engine.obj
 0003:00001e7c       $unwind$?GetWorldChunk@@YAPEAUworld_chunk@@PEAUworld@@HHHPEAUmemory_arena@@@Z 0000000180024e7c     p5engine.obj
 0003:00001e98       $unwind$?InitializeWorld@@YAXPEAUworld@@Tv3@@@Z 0000000180024e98     p5engine.obj
 0003:00001ea8       $unwind$?RecanonicalizeCoord@@YAXMPEAHPEAM@Z 0000000180024ea8     p5engine.obj
 0003:00001ebc       $unwind$?MapIntoChunkSpace@@YA?AUworld_position@@PEAUworld@@U1@Tv3@@@Z 0000000180024ebc     p5engine.obj
 0003:00001ed4       $unwind$?ChunkPositionFromTilePosition@@YA?AUworld_position@@PEAUworld@@HHHTv3@@@Z 0000000180024ed4     p5engine.obj
 0003:00001efc       $unwind$?Subtract@@YA?ATv3@@PEAUworld@@PEAUworld_position@@1@Z 0000000180024efc     p5engine.obj
 0003:00001f20       $unwind$?CenteredChunkPoint@@YA?AUworld_position@@III@Z 0000000180024f20     p5engine.obj
 0003:00001f38       $unwind$?ChangeEntityLocationRaw@@YAXPEAUmemory_arena@@PEAUworld@@IPEAUworld_position@@2@Z 0000000180024f38     p5engine.obj
 0003:00001f54       $unwind$?ChangeEntityLocation@@YAXPEAUmemory_arena@@PEAUworld@@IPEAUlow_entity@@Uworld_position@@@Z 0000000180024f54     p5engine.obj
 0003:00001f74       $unwind$?GetHashFromStorageIndex@@YAPEAUsim_entity_hash@@PEAUsim_region@@I@Z 0000000180024f74     p5engine.obj
 0003:00001f84       $unwind$?GetSimSpacePos@@YA?ATv3@@PEAUsim_region@@PEAUlow_entity@@@Z 0000000180024f84     p5engine.obj
 0003:00001f98       $unwind$?AddEntity@@YAPEAUsim_entity@@PEAUgame_state@@PEAUsim_region@@IPEAUlow_entity@@PEATv3@@@Z 0000000180024f98     p5engine.obj
 0003:00001fb0       $unwind$?LoadEntityReference@@YAXPEAUgame_state@@PEAUsim_region@@PEATentity_reference@@@Z 0000000180024fb0     p5engine.obj
 0003:00001fc8       $chain$0$?LoadEntityReference@@YAXPEAUgame_state@@PEAUsim_region@@PEATentity_reference@@@Z 0000000180024fc8     p5engine.obj
 0003:00001fe0       $chain$1$?LoadEntityReference@@YAXPEAUgame_state@@PEAUsim_region@@PEATentity_reference@@@Z 0000000180024fe0     p5engine.obj
 0003:00001ff8       $chain$2$?LoadEntityReference@@YAXPEAUgame_state@@PEAUsim_region@@PEATentity_reference@@@Z 0000000180024ff8     p5engine.obj
 0003:0000200c       $chain$3$?LoadEntityReference@@YAXPEAUgame_state@@PEAUsim_region@@PEATentity_reference@@@Z 000000018002500c     p5engine.obj
 0003:00002020       $unwind$?StoreEntityReference@@YAXPEATentity_reference@@@Z 0000000180025020     p5engine.obj
 0003:00002028       $unwind$?AddEntityRaw@@YAPEAUsim_entity@@PEAUgame_state@@PEAUsim_region@@IPEAUlow_entity@@@Z 0000000180025028     p5engine.obj
 0003:00002040       $chain$0$?AddEntityRaw@@YAPEAUsim_entity@@PEAUgame_state@@PEAUsim_region@@IPEAUlow_entity@@@Z 0000000180025040     p5engine.obj
 0003:00002058       $chain$1$?AddEntityRaw@@YAPEAUsim_entity@@PEAUgame_state@@PEAUsim_region@@IPEAUlow_entity@@@Z 0000000180025058     p5engine.obj
 0003:0000206c       $unwind$?EntityOverlapsRectangle@@YAHTv3@@Usim_entity_collision_volume@@Urectangle3@@@Z 000000018002506c     p5engine.obj
 0003:00002090       $unwind$?BeginSim@@YAPEAUsim_region@@PEAUmemory_arena@@PEAUgame_state@@PEAUworld@@Uworld_position@@Urectangle3@@M@Z 0000000180025090     p5engine.obj
 0003:000020a8       $chain$0$?BeginSim@@YAPEAUsim_region@@PEAUmemory_arena@@PEAUgame_state@@PEAUworld@@Uworld_position@@Urectangle3@@M@Z 00000001800250a8     p5engine.obj
 0003:000020c0       $chain$1$?BeginSim@@YAPEAUsim_region@@PEAUmemory_arena@@PEAUgame_state@@PEAUworld@@Uworld_position@@Urectangle3@@M@Z 00000001800250c0     p5engine.obj
 0003:000020d4       $chain$3$?BeginSim@@YAPEAUsim_region@@PEAUmemory_arena@@PEAUgame_state@@PEAUworld@@Uworld_position@@Urectangle3@@M@Z 00000001800250d4     p5engine.obj
 0003:000020f0       $chain$4$?BeginSim@@YAPEAUsim_region@@PEAUmemory_arena@@PEAUgame_state@@PEAUworld@@Uworld_position@@Urectangle3@@M@Z 00000001800250f0     p5engine.obj
 0003:00002104       $unwind$?EndSim@@YAXPEAUsim_region@@PEAUgame_state@@@Z 0000000180025104     p5engine.obj
 0003:0000211c       $chain$2$?EndSim@@YAXPEAUsim_region@@PEAUgame_state@@@Z 000000018002511c     p5engine.obj
 0003:0000213c       $chain$3$?EndSim@@YAXPEAUsim_region@@PEAUgame_state@@@Z 000000018002513c     p5engine.obj
 0003:00002150       $unwind$?CanCollide@@YAHPEAUgame_state@@PEAUsim_entity@@1@Z 0000000180025150     p5engine.obj
 0003:00002168       $chain$0$?CanCollide@@YAHPEAUgame_state@@PEAUsim_entity@@1@Z 0000000180025168     p5engine.obj
 0003:00002180       $chain$1$?CanCollide@@YAHPEAUgame_state@@PEAUsim_entity@@1@Z 0000000180025180     p5engine.obj
 0003:00002194       $chain$2$?CanCollide@@YAHPEAUgame_state@@PEAUsim_entity@@1@Z 0000000180025194     p5engine.obj
 0003:000021ac       $chain$3$?CanCollide@@YAHPEAUgame_state@@PEAUsim_entity@@1@Z 00000001800251ac     p5engine.obj
 0003:000021c0       $unwind$?HandleCollision@@YAHPEAUgame_state@@PEAUsim_entity@@1@Z 00000001800251c0     p5engine.obj
 0003:000021d4       $unwind$?CanOverlap@@YAHPEAUgame_state@@PEAUsim_entity@@1@Z 00000001800251d4     p5engine.obj
 0003:000021e4       $unwind$?HandleOverlap@@YAXPEAUgame_state@@PEAUsim_entity@@1MPEAM@Z 00000001800251e4     p5engine.obj
 0003:000021f4       $unwind$?SpeculativeCollide@@YAHPEAUsim_entity@@0Tv3@@@Z 00000001800251f4     p5engine.obj
 0003:00002208       $unwind$?EntitiesOverlap@@YAHPEAUsim_entity@@0Tv3@@@Z 0000000180025208     p5engine.obj
 0003:0000222c       $unwind$?MoveEntity@@YAXPEAUgame_state@@PEAUsim_region@@PEAUsim_entity@@MPEAUmove_spec@@Tv3@@@Z 000000018002522c     p5engine.obj
 0003:0000227c       $unwind$?DefaultMoveSpec@@YA?AUmove_spec@@XZ 000000018002527c     p5engine.obj
 0003:00002284       $unwind$?RandomSeed@@YA?AUrandom_series@@I@Z 0000000180025284     p5engine.obj
 0003:0000228c       $unwind$?RandomNextUInt32@@YAIPEAUrandom_series@@@Z 000000018002528c     p5engine.obj
 0003:00002294       $unwind$?RandomChoice@@YAIPEAUrandom_series@@I@Z 0000000180025294     p5engine.obj
 0003:000022a4       $unwind$?RandomUnilateral@@YAMPEAUrandom_series@@@Z 00000001800252a4     p5engine.obj
 0003:000022ac       $unwind$?GameOutputSound@@YAXPEAUgame_state@@PEAUgame_sound_output_buffer@@H@Z 00000001800252ac     p5engine.obj
 0003:000022b4       $unwind$?DEBUGLoadBMP@@YA?AUloaded_bitmap@@PEAUthread_context@@P6A?AUdebug_read_file_result@@0PEAD@Z1@Z 00000001800252b4     p5engine.obj
 0003:000022c8       $chain$3$?DEBUGLoadBMP@@YA?AUloaded_bitmap@@PEAUthread_context@@P6A?AUdebug_read_file_result@@0PEAD@Z1@Z 00000001800252c8     p5engine.obj
 0003:000022ec       $chain$4$?DEBUGLoadBMP@@YA?AUloaded_bitmap@@PEAUthread_context@@P6A?AUdebug_read_file_result@@0PEAD@Z1@Z 00000001800252ec     p5engine.obj
 0003:00002304       $chain$5$?DEBUGLoadBMP@@YA?AUloaded_bitmap@@PEAUthread_context@@P6A?AUdebug_read_file_result@@0PEAD@Z1@Z 0000000180025304     p5engine.obj
 0003:00002318       $chain$6$?DEBUGLoadBMP@@YA?AUloaded_bitmap@@PEAUthread_context@@P6A?AUdebug_read_file_result@@0PEAD@Z1@Z 0000000180025318     p5engine.obj
 0003:0000232c       $unwind$?AddLowEntity@@YA?AUadd_low_entity_result@@PEAUgame_state@@W4entity_type@@Uworld_position@@@Z 000000018002532c     p5engine.obj
 0003:0000234c       $unwind$?AddGroundedEntity@@YA?AUadd_low_entity_result@@PEAUgame_state@@W4entity_type@@Uworld_position@@PEAUsim_entity_collision_volume_group@@@Z 000000018002534c     p5engine.obj
 0003:00002364       $unwind$?AddStandardRoom@@YA?AUadd_low_entity_result@@PEAUgame_state@@III@Z 0000000180025364     p5engine.obj
 0003:0000237c       $unwind$?AddWall@@YA?AUadd_low_entity_result@@PEAUgame_state@@III@Z 000000018002537c     p5engine.obj
 0003:00002394       $unwind$?AddStairs@@YA?AUadd_low_entity_result@@PEAUgame_state@@III@Z 0000000180025394     p5engine.obj
 0003:000023ac       $unwind$?InitHitPoints@@YAXPEAUlow_entity@@I@Z 00000001800253ac     p5engine.obj
 0003:000023bc       $unwind$?AddSword@@YA?AUadd_low_entity_result@@PEAUgame_state@@@Z 00000001800253bc     p5engine.obj
 0003:000023cc       $unwind$?AddPlayer@@YA?AUadd_low_entity_result@@PEAUgame_state@@@Z 00000001800253cc     p5engine.obj
 0003:000023dc       $unwind$?AddMonstar@@YA?AUadd_low_entity_result@@PEAUgame_state@@III@Z 00000001800253dc     p5engine.obj
 0003:000023f4       $unwind$?AddFamiliar@@YA?AUadd_low_entity_result@@PEAUgame_state@@III@Z 00000001800253f4     p5engine.obj
 0003:0000240c       $unwind$?DrawHitpoints@@YAXPEAUsim_entity@@PEAUrender_group@@@Z 000000018002540c     p5engine.obj
 0003:0000241c       $chain$6$?DrawHitpoints@@YAXPEAUsim_entity@@PEAUrender_group@@@Z 000000018002541c     p5engine.obj
 0003:0000244c       $chain$7$?DrawHitpoints@@YAXPEAUsim_entity@@PEAUrender_group@@@Z 000000018002544c     p5engine.obj
 0003:00002460       $unwind$?MakeSimpleGroundedCollision@@YAPEAUsim_entity_collision_volume_group@@PEAUgame_state@@MMM@Z 0000000180025460     p5engine.obj
 0003:0000247c       $unwind$?MakeNullCollision@@YAPEAUsim_entity_collision_volume_group@@PEAUgame_state@@@Z 000000018002547c     p5engine.obj
 0003:00002484       $unwind$?FillGroundChunk@@YAXPEAUtransient_state@@PEAUgame_state@@PEAUground_buffer@@PEAUworld_position@@@Z 0000000180025484     p5engine.obj
 0003:000024d4       $unwind$?ClearBitmap@@YAXPEAUloaded_bitmap@@@Z 00000001800254d4     p5engine.obj
 0003:000024dc       $unwind$?MakeEmptyBitmap@@YA?AUloaded_bitmap@@PEAUmemory_arena@@HHH@Z 00000001800254dc     p5engine.obj
 0003:000024f4       $unwind$GameUpdateAndRender 00000001800254f4     p5engine.obj
 0003:00002548       $unwind$GameGetSoundSamples 0000000180025548     p5engine.obj
 0003:00002558       $unwind$__CheckForDebuggerJustMyCode 0000000180025558     MSVCRTD:debugger_jmc.obj
 0003:00002560       $unwind$__GSHandlerCheckCommon 0000000180025560     MSVCRTD:gshandler.obj
 0003:00002568       $unwind$__GSHandlerCheck   0000000180025568     MSVCRTD:gshandler.obj
 0003:00002570       $xdatasym                  0000000180025570     MSVCRTD:amdsecgs.obj
 0003:00002574       $unwind$?dllmain_crt_process_attach@@YAHQEAUHINSTANCE__@@QEAX@Z 0000000180025574     MSVCRTD:dll_dllmain.obj
 0003:00002598       $unwind$?fin$0@?0??dllmain_crt_process_attach@@YAHQEAUHINSTANCE__@@QEAX@Z@4HA 0000000180025598     MSVCRTD:dll_dllmain.obj
 0003:000025a0       $unwind$?dllmain_crt_process_detach@@YAH_N@Z 00000001800255a0     MSVCRTD:dll_dllmain.obj
 0003:000025d4       $unwind$?fin$0@?0??dllmain_crt_process_detach@@YAH_N@Z@4HA 00000001800255d4     MSVCRTD:dll_dllmain.obj
 0003:000025dc       $unwind$?fin$1@?0??dllmain_crt_process_detach@@YAH_N@Z@4HA 00000001800255dc     MSVCRTD:dll_dllmain.obj
 0003:000025e4       $unwind$?dllmain_crt_dispatch@@YAHQEAUHINSTANCE__@@KQEAX@Z 00000001800255e4     MSVCRTD:dll_dllmain.obj
 0003:000025ec       $unwind$_CRT_INIT          00000001800255ec     MSVCRTD:dll_dllmain.obj
 0003:000025f4       $unwind$?dllmain_raw@@YAHQEAUHINSTANCE__@@KQEAX@Z 00000001800255f4     MSVCRTD:dll_dllmain.obj
 0003:000025fc       $unwind$?dllmain_dispatch@@YAHQEAUHINSTANCE__@@KQEAX@Z 00000001800255fc     MSVCRTD:dll_dllmain.obj
 0003:00002620       $unwind$?filt$0@?0??dllmain_dispatch@@YAHQEAUHINSTANCE__@@KQEAX@Z@4HA 0000000180025620     MSVCRTD:dll_dllmain.obj
 0003:00002628       $unwind$_DllMainCRTStartup 0000000180025628     MSVCRTD:dll_dllmain.obj
 0003:00002630       $unwind$__report_securityfailure 0000000180025630     MSVCRTD:gs_report.obj
 0003:00002638       $unwind$__report_securityfailureEx 0000000180025638     MSVCRTD:gs_report.obj
 0003:00002640       $unwind$__report_rangecheckfailure 0000000180025640     MSVCRTD:gs_report.obj
 0003:00002648       $unwind$__report_gsfailure 0000000180025648     MSVCRTD:gs_report.obj
 0003:00002650       $unwind$capture_current_context 0000000180025650     MSVCRTD:gs_report.obj
 0003:00002658       $unwind$capture_previous_context 0000000180025658     MSVCRTD:gs_report.obj
 0003:00002660       $unwind$__raise_securityfailure 0000000180025660     MSVCRTD:gs_report.obj
 0003:00002668       $unwind$__security_init_cookie 0000000180025668     MSVCRTD:gs_support.obj
 0003:00002670       $unwind$__get_entropy      0000000180025670     MSVCRTD:gs_support.obj
 0003:00002678       $unwind$DllMain            0000000180025678     MSVCRTD:dll_dllmain_stub.obj
 0003:00002680       $unwind$?__scrt_initialize_type_info@@YAXXZ 0000000180025680     MSVCRTD:tncleanup.obj
 0003:00002688       $unwind$?__scrt_uninitialize_type_info@@YAXXZ 0000000180025688     MSVCRTD:tncleanup.obj
 0003:00002690       $unwind$__scrt_initialize_default_local_stdio_options 0000000180025690     MSVCRTD:default_local_stdio_options.obj
 0003:00002698       $unwind$atexit             0000000180025698     MSVCRTD:utility.obj
 0003:000026a0       $unwind$_onexit            00000001800256a0     MSVCRTD:utility.obj
 0003:000026a8       $unwind$at_quick_exit      00000001800256a8     MSVCRTD:utility.obj
 0003:000026b0       $unwind$__scrt_is_nonwritable_in_current_image 00000001800256b0     MSVCRTD:utility.obj
 0003:000026d4       $unwind$__scrt_is_nonwritable_in_current_image$filt$0 00000001800256d4     MSVCRTD:utility.obj
 0003:000026dc       $unwind$__scrt_acquire_startup_lock 00000001800256dc     MSVCRTD:utility.obj
 0003:000026e4       $unwind$__scrt_release_startup_lock 00000001800256e4     MSVCRTD:utility.obj
 0003:000026ec       $unwind$__scrt_initialize_crt 00000001800256ec     MSVCRTD:utility.obj
 0003:000026f4       $unwind$__scrt_uninitialize_crt 00000001800256f4     MSVCRTD:utility.obj
 0003:000026fc       $unwind$__scrt_initialize_onexit_tables 00000001800256fc     MSVCRTD:utility.obj
 0003:0000270c       $unwind$__scrt_dllmain_exception_filter 000000018002570c     MSVCRTD:utility.obj
 0003:00002714       $unwind$__scrt_dllmain_before_initialize_c 0000000180025714     MSVCRTD:utility.obj
 0003:0000271c       $unwind$__scrt_dllmain_after_initialize_c 000000018002571c     MSVCRTD:utility.obj
 0003:00002724       $unwind$__scrt_dllmain_uninitialize_c 0000000180025724     MSVCRTD:utility.obj
 0003:0000272c       $unwind$__scrt_dllmain_uninitialize_critical 000000018002572c     MSVCRTD:utility.obj
 0003:00002734       $unwind$__scrt_dllmain_crt_thread_attach 0000000180025734     MSVCRTD:utility.obj
 0003:0000273c       $unwind$__scrt_dllmain_crt_thread_detach 000000018002573c     MSVCRTD:utility.obj
 0003:00002744       $unwind$?configure_argv@__scrt_narrow_argv_policy@@SAHXZ 0000000180025744     MSVCRTD:utility.obj
 0003:0000274c       $unwind$?initialize_environment@__scrt_narrow_environment_policy@@SAHXZ 000000018002574c     MSVCRTD:utility.obj
 0003:00002754       $unwind$?is_potentially_valid_image_base@@YA_NQEAX@Z 0000000180025754     MSVCRTD:utility.obj
 0003:0000275c       $unwind$?find_pe_section@@YAPEAU_IMAGE_SECTION_HEADER@@QEAE_K@Z 000000018002575c     MSVCRTD:utility.obj
 0003:00002764       $unwind$__scrt_get_show_window_mode 0000000180025764     MSVCRTD:utility_desktop.obj
 0003:00002774       $unwind$__scrt_is_managed_app 0000000180025774     MSVCRTD:utility_desktop.obj
 0003:0000277c       $unwind$__scrt_initialize_mta 000000018002577c     MSVCRTD:utility_desktop.obj
 0003:00002784       $unwind$__scrt_set_unhandled_exception_filter 0000000180025784     MSVCRTD:utility_desktop.obj
 0003:0000278c       $unwind$__scrt_fastfail    000000018002578c     MSVCRTD:utility_desktop.obj
 0003:0000279c       $unwind$__scrt_unhandled_exception_filter 000000018002579c     MSVCRTD:utility_desktop.obj
 0003:000027a4       $unwind$_RTC_Initialize    00000001800257a4     MSVCRTD:initsect.obj
 0003:000027b4       $unwind$_RTC_Terminate     00000001800257b4     MSVCRTD:initsect.obj
 0003:000027c4       $unwind$ReadNoFence64      00000001800257c4     MSVCRTD:guard_support.obj
 0003:000027cc       $unwind$ReadPointerNoFence 00000001800257cc     MSVCRTD:guard_support.obj
 0003:000027d4       $unwind$_guard_icall_checks_enforced 00000001800257d4     MSVCRTD:guard_support.obj
 0003:000027dc       $unwind$__castguard_compat_check 00000001800257dc     MSVCRTD:guard_support.obj
 0003:000027e4       $unwind$__castguard_check_failure_debugbreak 00000001800257e4     MSVCRTD:guard_support.obj
 0003:000027ec       $unwind$__castguard_check_failure_fastfail 00000001800257ec     MSVCRTD:guard_support.obj
 0003:000027f4       $unwind$__castguard_check_failure_os_handled 00000001800257f4     MSVCRTD:guard_support.obj
 0003:000027fc       $unwind$__castguard_slow_path_compat_check 00000001800257fc     MSVCRTD:guard_support.obj
 0003:00002804       $unwind$__castguard_slow_path_check_debugbreak 0000000180025804     MSVCRTD:guard_support.obj
 0003:0000280c       $unwind$__castguard_slow_path_check_fastfail 000000018002580c     MSVCRTD:guard_support.obj
 0003:00002814       $unwind$__castguard_slow_path_check_os_handled 0000000180025814     MSVCRTD:guard_support.obj
 0003:0000281c       $unwind$__isa_available_init 000000018002581c     MSVCRTD:cpu_disp.obj
 0003:00002830       $unwind$__scrt_is_ucrt_dll_in_use 0000000180025830     MSVCRTD:ucrt_detection.obj
 0003:00002838       $xdatasym                  0000000180025838     MSVCRTD:guard_dispatch.obj
 0003:00002840       $xdatasym                  0000000180025840     MSVCRTD:guard_xfg_dispatch.obj
 0003:00002ae0       .edata                     0000000180025ae0     P5Engine.exp
 0003:00002b08       rgpv                       0000000180025b08     P5Engine.exp
 0003:00002b10       rgszName                   0000000180025b10     P5Engine.exp
 0003:00002b18       rgwOrd                     0000000180025b18     P5Engine.exp
 0003:00002b1c       szName                     0000000180025b1c     P5Engine.exp
 0003:00002b29       $N00001                    0000000180025b29     P5Engine.exp
 0003:00002b3d       $N00002                    0000000180025b3d     P5Engine.exp
 0004:00000000       ?RandomNumberTable@@3PAIA  0000000180026000     p5engine.obj
 0004:00004e20       ?__proc_attached@@3HA      000000018002ae20     MSVCRTD:dll_dllmain.obj
 0004:00004e30       GS_ExceptionRecord         000000018002ae30     MSVCRTD:gs_report.obj
 0004:00004ed0       GS_ContextRecord           000000018002aed0     MSVCRTD:gs_report.obj
 0004:00005508       ?is_initialized_as_dll@@3_NA 000000018002b508     MSVCRTD:utility.obj
 0004:00005509       ?module_local_atexit_table_initialized@@3_NA 000000018002b509     MSVCRTD:utility.obj
 0004:00005510       ?module_local_atexit_table@@3U_onexit_table_t@@A 000000018002b510     MSVCRTD:utility.obj
 0004:00005528       ?module_local_at_quick_exit_table@@3U_onexit_table_t@@A 000000018002b528     MSVCRTD:utility.obj
 0006:000005c6       .idata$6                   000000018002f5c6     vcruntimed:VCRUNTIME140D.dll
 0006:000006fe       .idata$6                   000000018002f6fe     ucrtd:ucrtbased.dll
 0006:00000898       .idata$6                   000000018002f898     kernel32:KERNEL32.dll
 0007:00000000       __5C0B09BC_p5engine_platform@h 0000000180030000     p5engine.obj
 0007:00000001       __09340588_corecrt_math@h  0000000180030001     p5engine.obj
 0007:00000002       __B0C4CEA9_malloc@h        0000000180030002     p5engine.obj
 0007:00000003       __3A0418DB_p5engine_intrinsics@h 0000000180030003     p5engine.obj
 0007:00000004       __6D6C9F34_p5engine_math@h 0000000180030004     p5engine.obj
 0007:00000005       __326D9465_p5engine_entity@h 0000000180030005     p5engine.obj
 0007:00000006       __B7D51BCB_p5engine@h      0000000180030006     p5engine.obj
 0007:00000007       __ECDA994C_p5engine_render_group@cpp 0000000180030007     p5engine.obj
 0007:00000008       __DC0D61CC_p5engine_world@cpp 0000000180030008     p5engine.obj
 0007:00000009       __5DD8E4E4_p5engine_sim_region@cpp 0000000180030009     p5engine.obj
 0007:0000000a       __9C871DF9_p5engine_entity@cpp 000000018003000a     p5engine.obj
 0007:0000000b       __74B1E2C0_p5engine_random@h 000000018003000b     p5engine.obj
 0007:0000000c       __D1049797_p5engine@cpp    000000018003000c     p5engine.obj
 0009:00000170       $R000000                   0000000180032170     * linker generated manifest res *
