 P5Engine

 Timestamp is 6125ec70 (Wed Aug 25 00:08:32 2021)

 Preferred load address is 0000000180000000

 Start         Length     Name                   Class
 0001:00000000 00010000H .textbss                DATA
 0002:00000000 0000f5b0H .text$mn                CODE
 0002:0000f5b0 00001040H .text$mn$00             CODE
 0002:000105f0 00001141H .text$x                 CODE
 0003:00000000 00000110H .CRT$XCA                DATA
 0003:00000110 00000110H .CRT$XCZ                DATA
 0003:00000220 00000110H .CRT$XIA                DATA
 0003:00000330 00000110H .CRT$XIZ                DATA
 0003:00000440 00000110H .CRT$XPA                DATA
 0003:00000550 00000110H .CRT$XPZ                DATA
 0003:00000660 00000110H .CRT$XTA                DATA
 0003:00000770 00000110H .CRT$XTZ                DATA
 0003:00000880 00002e80H .rdata                  DATA
 0003:00003700 00000110H .rdata$CastGuardVftablesA DATA
 0003:00003810 0000010cH .rdata$CastGuardVftablesC DATA
 0003:0000391c 0000017cH .rdata$zzzdbg           DATA
 0003:00003a98 00000110H .rtc$IAA                DATA
 0003:00003ba8 00000110H .rtc$IMZ                DATA
 0003:00003cb8 00000110H .rtc$IZZ                DATA
 0003:00003dc8 00000110H .rtc$TAA                DATA
 0003:00003ed8 00000110H .rtc$TMZ                DATA
 0003:00003fe8 00000110H .rtc$TZZ                DATA
 0003:000040f8 00000f98H .xdata                  DATA
 0003:00005090 00000187H .edata                  DATA
 0004:00000000 00004e40H .data                   DATA
 0004:00004e40 00000788H .bss                    DATA
 0005:00000000 0000255cH .pdata                  DATA
 0006:00000000 00000340H .idata$5                DATA
 0006:00000340 0000003cH .idata$2                DATA
 0006:0000037c 00000014H .idata$3                DATA
 0006:00000390 00000340H .idata$4                DATA
 0006:000006d0 00000656H .idata$6                DATA
 0007:00000000 0000010dH .msvcjmc                DATA
 0008:00000000 00000151H .00cfg                  DATA
 0009:00000000 00000170H .rsrc$01                DATA
 0009:00000170 000001b6H .rsrc$02                DATA

  Address         Publics by Value              Rva+Base               Lib:Object

 0000:00000000       __hybrid_auxiliary_iat     0000000000000000     <absolute>
 0000:00000000       __guard_check_icall_a64n_fptr 0000000000000000     <absolute>
 0000:00000000       __arm64x_extra_rfe_table   0000000000000000     <absolute>
 0000:00000000       __dynamic_value_reloc_table 0000000000000000     <absolute>
 0000:00000000       __arm64x_redirection_metadata 0000000000000000     <absolute>
 0000:00000000       __hybrid_auxiliary_iat_copy 0000000000000000     <absolute>
 0000:00000000       __guard_fids_count         0000000000000000     <absolute>
 0000:00000000       __guard_iat_table          0000000000000000     <absolute>
 0000:00000000       __guard_fids_table         0000000000000000     <absolute>
 0000:00000000       __hybrid_code_map_count    0000000000000000     <absolute>
 0000:00000000       __x64_code_ranges_to_entry_points_count 0000000000000000     <absolute>
 0000:00000000       __hybrid_code_map          0000000000000000     <absolute>
 0000:00000000       __volatile_metadata        0000000000000000     <absolute>
 0000:00000000       __arm64x_extra_rfe_table_size 0000000000000000     <absolute>
 0000:00000000       __AbsoluteZero             0000000000000000     <absolute>
 0000:00000000       __x64_code_ranges_to_entry_points 0000000000000000     <absolute>
 0000:00000000       __guard_longjmp_count      0000000000000000     <absolute>
 0000:00000000       ___safe_se_handler_count   0000000000000000     <absolute>
 0000:00000000       __arm64x_native_entrypoint 0000000000000000     <absolute>
 0000:00000000       ___safe_se_handler_table   0000000000000000     <absolute>
 0000:00000000       __arm64x_redirection_metadata_count 0000000000000000     <absolute>
 0000:00000000       __guard_eh_cont_count      0000000000000000     <absolute>
 0000:00000000       __guard_eh_cont_table      0000000000000000     <absolute>
 0000:00000000       __enclave_config           0000000000000000     <absolute>
 0000:00000000       __guard_iat_count          0000000000000000     <absolute>
 0000:00000000       __guard_longjmp_table      0000000000000000     <absolute>
 0000:00000100       __guard_flags              0000000000000100     <absolute>
 0000:00000000       __ImageBase                0000000180000000     <linker-defined>
 0001:00000000       __enc$textbss$begin        0000000180001000     <linker-defined>
 0001:00010000       __enc$textbss$end          0000000180011000     <linker-defined>
 0002:00000910       ??D@YA?ATv2@@MT0@@Z        0000000180011910 f i p5engine.obj
 0002:00000a00       ??D@YA?ATv2@@T0@M@Z        0000000180011a00 f i p5engine.obj
 0002:00000aa0       ??D@YA?ATv3@@MT0@@Z        0000000180011aa0 f i p5engine.obj
 0002:00000be0       ??G@YA?ATv2@@T0@0@Z        0000000180011be0 f i p5engine.obj
 0002:00000cd0       ??H@YA?ATv2@@T0@0@Z        0000000180011cd0 f i p5engine.obj
 0002:00000dc0       ??X@YAAEATv2@@AEAT0@M@Z    0000000180011dc0 f i p5engine.obj
 0002:00000e40       ??X@YAAEATv3@@AEAT0@M@Z    0000000180011e40 f i p5engine.obj
 0002:00000f00       ??Y@YAAEATv2@@AEAT0@T0@@Z  0000000180011f00 f i p5engine.obj
 0002:00000f80       ??Z@YAAEATv2@@AEAT0@T0@@Z  0000000180011f80 f i p5engine.obj
 0002:00001000       ?AbsoluteValue@@YAMM@Z     0000000180012000 f i p5engine.obj
 0002:00001520       ?AddFlag@@YAXPEAUsim_entity@@W4entity_flag@@@Z 0000000180012520 f i p5engine.obj
 0002:00001b70       ?AddRadiusTo@@YA?AUrectangle2@@U1@MM@Z 0000000180012b70 f i p5engine.obj
 0002:00001fb0       ?AreInSameChunk@@YAHPEAUworld@@PEAUworld_position@@1@Z 0000000180012fb0 f i p5engine.obj
 0002:00002820       ?ChangeEntityLocationRaw@@YAXPEAUmemory_arena@@PEAUworld@@IPEAUworld_position@@2@Z 0000000180013820 f i p5engine.obj
 0002:00002d20       ?ChunkPositionFromTilePosition@@YA?AUworld_position@@PEAUworld@@HHH@Z 0000000180013d20 f i p5engine.obj
 0002:00002ee0       ?ClearFlag@@YAXPEAUsim_entity@@W4entity_flag@@@Z 0000000180013ee0 f i p5engine.obj
 0002:000033d0       ?DefaultMoveSpec@@YA?AUmove_spec@@XZ 00000001800143d0 f i p5engine.obj
 0002:00004360       ?FindLeastSignificantSetBit@@YA?AUbit_scan_result@@I@Z 0000000180015360 f i p5engine.obj
 0002:00004630       ?GetLowEntity@@YAPEAUlow_entity@@PEAUgame_state@@I@Z 0000000180015630 f i p5engine.obj
 0002:000046d0       ?GetMaxCorner@@YA?ATv2@@Urectangle2@@@Z 00000001800156d0 f i p5engine.obj
 0002:00004760       ?GetMinCorner@@YA?ATv2@@Urectangle2@@@Z 0000000180015760 f i p5engine.obj
 0002:000047f0       ?GetSimSpacePos@@YA?ATv2@@PEAUsim_region@@PEAUlow_entity@@@Z 00000001800157f0 f i p5engine.obj
 0002:00004920       ?GetWorldChunk@@YAPEAUworld_chunk@@PEAUworld@@HHHPEAUmemory_arena@@@Z 0000000180015920 f i p5engine.obj
 0002:00004ba0       ?HasFlag@@YAHPEAUsim_entity@@W4entity_flag@@@Z 0000000180015ba0 f i p5engine.obj
 0002:00004cc0       ?InitializeArena@@YAXPEAUmemory_arena@@_KPEAX@Z 0000000180015cc0 f i p5engine.obj
 0002:00004e30       ?Inner@@YAMTv2@@0@Z        0000000180015e30 f i p5engine.obj
 0002:00004eb0       ?IsCanonical@@YAHPEAUworld@@M@Z 0000000180015eb0 f i p5engine.obj
 0002:00004f90       ?IsCanonical@@YAHPEAUworld@@Tv2@@@Z 0000000180015f90 f i p5engine.obj
 0002:00005030       ?IsInRectangle@@YAHUrectangle2@@Tv2@@@Z 0000000180016030 f i p5engine.obj
 0002:00005100       ?IsValid@@YAHUworld_position@@@Z 0000000180016100 f i p5engine.obj
 0002:00005170       ?Length@@YAMTv2@@@Z        0000000180016170 f i p5engine.obj
 0002:000051d0       ?LengthSq@@YAMTv2@@@Z      00000001800161d0 f i p5engine.obj
 0002:00005230       ?LoadEntityReference@@YAXPEAUgame_state@@PEAUsim_region@@PEATentity_reference@@@Z 0000000180016230 f i p5engine.obj
 0002:00005350       ?MakeEntityNonSpatial@@YAXPEAUsim_entity@@@Z 0000000180016350 f i p5engine.obj
 0002:000053e0       ?MakeEntitySpatial@@YAXPEAUsim_entity@@Tv2@@1@Z 00000001800163e0 f i p5engine.obj
 0002:00005470       ?MapIntoChunkSpace@@YA?AUworld_position@@PEAUworld@@U1@Tv2@@@Z 0000000180016470 f i p5engine.obj
 0002:00006090       ?NullPosition@@YA?AUworld_position@@XZ 0000000180017090 f i p5engine.obj
 0002:00006170       ?PushBitmap@@YAXPEAUentity_visible_piece_group@@PEAUloaded_bitmap@@Tv2@@M2MM@Z 0000000180017170 f i p5engine.obj
 0002:00006310       ?PushPiece@@YAXPEAUentity_visible_piece_group@@PEAUloaded_bitmap@@Tv2@@2M2Tv4@@M@Z 0000000180017310 f i p5engine.obj
 0002:00006530       ?PushRect@@YAXPEAUentity_visible_piece_group@@Tv2@@M1Tv4@@M@Z 0000000180017530 f i p5engine.obj
 0002:00006620       ?PushSize_@@YAPEAXPEAUmemory_arena@@_K@Z 0000000180017620 f i p5engine.obj
 0002:000066e0       ?RecanonicalizeCoord@@YAXPEAUworld@@PEAHPEAM@Z 00000001800176e0 f i p5engine.obj
 0002:000067d0       ?RectCenterDim@@YA?AUrectangle2@@Tv2@@0@Z 00000001800177d0 f i p5engine.obj
 0002:000068d0       ?RectCenterHalfDim@@YA?AUrectangle2@@Tv2@@0@Z 00000001800178d0 f i p5engine.obj
 0002:00006a10       ?RotateLeft@@YAIIH@Z       0000000180017a10 f i p5engine.obj
 0002:00006a70       ?RoundReal32ToInt32@@YAHM@Z 0000000180017a70 f i p5engine.obj
 0002:00006ad0       ?RoundReal32ToUInt32@@YAIM@Z 0000000180017ad0 f i p5engine.obj
 0002:00006b30       ?Sin@@YAMM@Z               0000000180017b30 f i p5engine.obj
 0002:00006b90       ?Square@@YAMM@Z            0000000180017b90 f i p5engine.obj
 0002:00006bf0       ?SquareRoot@@YAMM@Z        0000000180017bf0 f i p5engine.obj
 0002:00006c50       ?StoreEntityReference@@YAXPEATentity_reference@@@Z 0000000180017c50 f i p5engine.obj
 0002:00007080       ?UpdateFamiliar@@YAXPEAUsim_region@@PEAUsim_entity@@M@Z 0000000180018080 f i p5engine.obj
 0002:00007420       ?UpdateMonster@@YAXPEAUsim_region@@PEAUsim_entity@@M@Z 0000000180018420 f i p5engine.obj
 0002:00007470       ?UpdateSword@@YAXPEAUsim_region@@PEAUsim_entity@@M@Z 0000000180018470 f i p5engine.obj
 0002:00007650       ?V2@@YA?ATv2@@MM@Z         0000000180018650 f i p5engine.obj
 0002:00007720       ?V3@@YA?ATv3@@MMM@Z        0000000180018720 f i p5engine.obj
 0002:00007840       ?V4@@YA?ATv4@@MMMM@Z       0000000180018840 f i p5engine.obj
 0002:00007970       ?ZeroSize@@YAX_KPEAX@Z     0000000180018970 f i p5engine.obj
 0002:00007a10       GameGetSoundSamples        0000000180018a10 f   p5engine.obj
 0002:00007a80       GameUpdateAndRender        0000000180018a80 f   p5engine.obj
 0002:00009fc0       GetController              000000018001afc0 f i p5engine.obj
 0002:0000a040       __JustMyCode_Default       000000018001b040 f i p5engine.obj
 0002:0000a050       _RTC_AllocaHelper          000000018001b050 f   MSVCRTD:stack.obj
 0002:0000a0a0       _RTC_CheckStackVars        000000018001b0a0 f   MSVCRTD:stack.obj
 0002:0000a150       _RTC_CheckStackVars2       000000018001b150 f   MSVCRTD:stack.obj
 0002:0000a2a0       _CRT_RTC_INIT              000000018001b2a0 f   MSVCRTD:init.obj
 0002:0000a2b0       _CRT_RTC_INITW             000000018001b2b0 f   MSVCRTD:init.obj
 0002:0000a2c0       _RTC_InitBase              000000018001b2c0 f   MSVCRTD:init.obj
 0002:0000a310       _RTC_Shutdown              000000018001b310 f   MSVCRTD:init.obj
 0002:0000a340       __CheckForDebuggerJustMyCode 000000018001b340 f   MSVCRTD:debugger_jmc.obj
 0002:0000a390       __GSHandlerCheck           000000018001b390 f   MSVCRTD:gshandler.obj
 0002:0000a3e0       __GSHandlerCheckCommon     000000018001b3e0 f   MSVCRTD:gshandler.obj
 0002:0000a530       _alloca_probe              000000018001b530 f   MSVCRTD:chkstk.obj
 0002:0000a530       __chkstk                   000000018001b530 f   MSVCRTD:chkstk.obj
 0002:0000a5b0       __security_check_cookie    000000018001b5b0 f   MSVCRTD:amdsecgs.obj
 0002:0000aae0       _CRT_INIT                  000000018001bae0 f   MSVCRTD:dll_dllmain.obj
 0002:0000ab20       _DllMainCRTStartup         000000018001bb20 f   MSVCRTD:dll_dllmain.obj
 0002:0000ac20       ?_RTC_AllocaFailure@@YAXPEAXPEAU_RTC_ALLOCA_NODE@@H@Z 000000018001bc20 f   MSVCRTD:error.obj
 0002:0000add0       ?_RTC_Failure@@YAXPEAXH@Z  000000018001bdd0 f   MSVCRTD:error.obj
 0002:0000ae40       ?_RTC_StackFailure@@YAXPEAXPEBD@Z 000000018001be40 f   MSVCRTD:error.obj
 0002:0000b380       _RTC_UninitUse             000000018001c380 f   MSVCRTD:error.obj
 0002:0000b480       __local_stdio_printf_options 000000018001c480 f i MSVCRTD:error.obj
 0002:0000b490       _vsprintf_s_l              000000018001c490 f i MSVCRTD:error.obj
 0002:0000b510       sprintf_s                  000000018001c510 f i MSVCRTD:error.obj
 0002:0000b540       ?_RTC_GetErrorFunc@@YAP6AHHPEBDH00ZZPEBX@Z 000000018001c540 f   MSVCRTD:userapi.obj
 0002:0000b550       ?_RTC_GetErrorFuncW@@YAP6AHHPEB_WH00ZZPEBX@Z 000000018001c550 f   MSVCRTD:userapi.obj
 0002:0000b560       _RTC_GetErrDesc            000000018001c560 f   MSVCRTD:userapi.obj
 0002:0000b580       _RTC_NumErrors             000000018001c580 f   MSVCRTD:userapi.obj
 0002:0000b590       _RTC_SetErrorFunc          000000018001c590 f   MSVCRTD:userapi.obj
 0002:0000b5b0       _RTC_SetErrorFuncW         000000018001c5b0 f   MSVCRTD:userapi.obj
 0002:0000b5d0       _RTC_SetErrorType          000000018001c5d0 f   MSVCRTD:userapi.obj
 0002:0000b600       __raise_securityfailure    000000018001c600 f   MSVCRTD:gs_report.obj
 0002:0000b650       __report_gsfailure         000000018001c650 f   MSVCRTD:gs_report.obj
 0002:0000b760       __report_rangecheckfailure 000000018001c760 f   MSVCRTD:gs_report.obj
 0002:0000b780       __report_securityfailure   000000018001c780 f   MSVCRTD:gs_report.obj
 0002:0000b850       __report_securityfailureEx 000000018001c850 f   MSVCRTD:gs_report.obj
 0002:0000bc40       __security_init_cookie     000000018001cc40 f   MSVCRTD:gs_support.obj
 0002:0000bce0       DllMain                    000000018001cce0 f   MSVCRTD:dll_dllmain_stub.obj
 0002:0000bd30       ?__scrt_initialize_type_info@@YAXXZ 000000018001cd30 f   MSVCRTD:tncleanup.obj
 0002:0000bd50       ?__scrt_uninitialize_type_info@@YAXXZ 000000018001cd50 f   MSVCRTD:tncleanup.obj
 0002:0000bd70       __local_stdio_scanf_options 000000018001cd70 f i MSVCRTD:default_local_stdio_options.obj
 0002:0000bd80       __scrt_initialize_default_local_stdio_options 000000018001cd80 f   MSVCRTD:default_local_stdio_options.obj
 0002:0000bde0       ?configure_argv@__scrt_narrow_argv_policy@@SAHXZ 000000018001cde0 f i MSVCRTD:utility.obj
 0002:0000bf00       ?initialize_environment@__scrt_narrow_environment_policy@@SAHXZ 000000018001cf00 f i MSVCRTD:utility.obj
 0002:0000bfd0       NtCurrentTeb               000000018001cfd0 f i MSVCRTD:utility.obj
 0002:0000bfe0       __scrt_acquire_startup_lock 000000018001cfe0 f   MSVCRTD:utility.obj
 0002:0000c060       __scrt_dllmain_after_initialize_c 000000018001d060 f   MSVCRTD:utility.obj
 0002:0000c0a0       __scrt_dllmain_before_initialize_c 000000018001d0a0 f   MSVCRTD:utility.obj
 0002:0000c0d0       __scrt_dllmain_crt_thread_attach 000000018001d0d0 f   MSVCRTD:utility.obj
 0002:0000c110       __scrt_dllmain_crt_thread_detach 000000018001d110 f   MSVCRTD:utility.obj
 0002:0000c130       __scrt_dllmain_exception_filter 000000018001d130 f   MSVCRTD:utility.obj
 0002:0000c1b0       __scrt_dllmain_uninitialize_c 000000018001d1b0 f   MSVCRTD:utility.obj
 0002:0000c1f0       __scrt_dllmain_uninitialize_critical 000000018001d1f0 f   MSVCRTD:utility.obj
 0002:0000c210       __scrt_initialize_crt      000000018001d210 f   MSVCRTD:utility.obj
 0002:0000c270       __scrt_initialize_onexit_tables 000000018001d270 f   MSVCRTD:utility.obj
 0002:0000c3c0       __scrt_is_nonwritable_in_current_image 000000018001d3c0 f   MSVCRTD:utility.obj
 0002:0000c470       __scrt_release_startup_lock 000000018001d470 f   MSVCRTD:utility.obj
 0002:0000c4b0       __scrt_uninitialize_crt    000000018001d4b0 f   MSVCRTD:utility.obj
 0002:0000c500       _onexit                    000000018001d500 f   MSVCRTD:utility.obj
 0002:0000c5a0       at_quick_exit              000000018001d5a0 f   MSVCRTD:utility.obj
 0002:0000c600       atexit                     000000018001d600 f   MSVCRTD:utility.obj
 0002:0000c640       __scrt_get_dyn_tls_init_callback 000000018001d640 f   MSVCRTD:dyn_tls_init.obj
 0002:0000c650       __crt_debugger_hook        000000018001d650 f   MSVCRTD:utility_desktop.obj
 0002:0000c670       __scrt_fastfail            000000018001d670 f   MSVCRTD:utility_desktop.obj
 0002:0000c870       __scrt_get_show_window_mode 000000018001d870 f   MSVCRTD:utility_desktop.obj
 0002:0000c8e0       __scrt_initialize_mta      000000018001d8e0 f   MSVCRTD:utility_desktop.obj
 0002:0000c900       __scrt_initialize_winrt    000000018001d900 f   MSVCRTD:utility_desktop.obj
 0002:0000c910       __scrt_is_managed_app      000000018001d910 f   MSVCRTD:utility_desktop.obj
 0002:0000c9e0       __scrt_set_unhandled_exception_filter 000000018001d9e0 f   MSVCRTD:utility_desktop.obj
 0002:0000ca00       __scrt_exe_initialize_mta  000000018001da00 f   MSVCRTD:utility_desktop.obj
 0002:0000ca00       __scrt_stub_for_initialize_mta 000000018001da00 f   MSVCRTD:utility_desktop.obj
 0002:0000ca10       __scrt_unhandled_exception_filter 000000018001da10 f   MSVCRTD:utility_desktop.obj
 0002:0000cad0       _RTC_Initialize            000000018001dad0 f   MSVCRTD:initsect.obj
 0002:0000cb30       _RTC_Terminate             000000018001db30 f   MSVCRTD:initsect.obj
 0002:0000cb90       _guard_check_icall_nop     000000018001db90 f i MSVCRTD:guard_support.obj
 0002:0000cba0       ReadNoFence64              000000018001dba0 f i MSVCRTD:guard_support.obj
 0002:0000cbd0       ReadPointerNoFence         000000018001dbd0 f i MSVCRTD:guard_support.obj
 0002:0000cbf0       __castguard_check_failure_debugbreak 000000018001dbf0 f i MSVCRTD:guard_support.obj
 0002:0000cc20       __castguard_check_failure_fastfail 000000018001dc20 f i MSVCRTD:guard_support.obj
 0002:0000cc50       __castguard_check_failure_nop 000000018001dc50 f i MSVCRTD:guard_support.obj
 0002:0000cc60       __castguard_check_failure_os_handled 000000018001dc60 f i MSVCRTD:guard_support.obj
 0002:0000cd50       __castguard_slow_path_check_debugbreak 000000018001dd50 f i MSVCRTD:guard_support.obj
 0002:0000cda0       __castguard_slow_path_check_fastfail 000000018001dda0 f i MSVCRTD:guard_support.obj
 0002:0000ce00       __castguard_slow_path_check_nop 000000018001de00 f i MSVCRTD:guard_support.obj
 0002:0000ce20       __castguard_slow_path_check_os_handled 000000018001de20 f i MSVCRTD:guard_support.obj
 0002:0000cf30       _guard_icall_checks_enforced 000000018001df30 f i MSVCRTD:guard_support.obj
 0002:0000cf80       _guard_rf_checks_enforced  000000018001df80 f i MSVCRTD:guard_support.obj
 0002:0000d5e0       ?_RTC_GetSrcLine@@YAHPEAEPEA_WKPEAH1K@Z 000000018001e5e0 f   MSVCRTD:pdblkup.obj
 0002:0000daa0       __isa_available_init       000000018001eaa0 f   MSVCRTD:cpu_disp.obj
 0002:0000df20       _get_startup_argv_mode     000000018001ef20 f   MSVCRTD:argv_mode.obj
 0002:0000df30       __scrt_is_ucrt_dll_in_use  000000018001ef30 f   MSVCRTD:ucrt_detection.obj
 0002:0000df60       __C_specific_handler       000000018001ef60 f   vcruntimed:VCRUNTIME140D.dll
 0002:0000df66       __C_specific_handler_noexcept 000000018001ef66 f   vcruntimed:VCRUNTIME140D.dll
 0002:0000df6c       __std_type_info_destroy_list 000000018001ef6c f   vcruntimed:VCRUNTIME140D.dll
 0002:0000df72       __current_exception        000000018001ef72 f   vcruntimed:VCRUNTIME140D.dll
 0002:0000df78       __current_exception_context 000000018001ef78 f   vcruntimed:VCRUNTIME140D.dll
 0002:0000df7e       __vcrt_GetModuleFileNameW  000000018001ef7e f   vcruntimed:VCRUNTIME140D.dll
 0002:0000df84       __vcrt_GetModuleHandleW    000000018001ef84 f   vcruntimed:VCRUNTIME140D.dll
 0002:0000df8a       __vcrt_LoadLibraryExW      000000018001ef8a f   vcruntimed:VCRUNTIME140D.dll
 0002:0000df90       fabs                       000000018001ef90 f   ucrtd:ucrtbased.dll
 0002:0000df96       roundf                     000000018001ef96 f   ucrtd:ucrtbased.dll
 0002:0000df9c       sinf                       000000018001ef9c f   ucrtd:ucrtbased.dll
 0002:0000dfa2       sqrtf                      000000018001efa2 f   ucrtd:ucrtbased.dll
 0002:0000dfa8       _rotl                      000000018001efa8 f   ucrtd:ucrtbased.dll
 0002:0000dfae       _CrtDbgReport              000000018001efae f   ucrtd:ucrtbased.dll
 0002:0000dfb4       _CrtDbgReportW             000000018001efb4 f   ucrtd:ucrtbased.dll
 0002:0000dfba       _initterm                  000000018001efba f   ucrtd:ucrtbased.dll
 0002:0000dfc0       _initterm_e                000000018001efc0 f   ucrtd:ucrtbased.dll
 0002:0000dfc6       strcpy_s                   000000018001efc6 f   ucrtd:ucrtbased.dll
 0002:0000dfcc       strcat_s                   000000018001efcc f   ucrtd:ucrtbased.dll
 0002:0000dfd2       __stdio_common_vsprintf_s  000000018001efd2 f   ucrtd:ucrtbased.dll
 0002:0000dfd8       _seh_filter_dll            000000018001efd8 f   ucrtd:ucrtbased.dll
 0002:0000dfde       _configure_narrow_argv     000000018001efde f   ucrtd:ucrtbased.dll
 0002:0000dfe4       _initialize_narrow_environment 000000018001efe4 f   ucrtd:ucrtbased.dll
 0002:0000dfea       _initialize_onexit_table   000000018001efea f   ucrtd:ucrtbased.dll
 0002:0000dff0       _register_onexit_function  000000018001eff0 f   ucrtd:ucrtbased.dll
 0002:0000dff6       _execute_onexit_table      000000018001eff6 f   ucrtd:ucrtbased.dll
 0002:0000dffc       _crt_atexit                000000018001effc f   ucrtd:ucrtbased.dll
 0002:0000e002       _crt_at_quick_exit         000000018001f002 f   ucrtd:ucrtbased.dll
 0002:0000e008       _cexit                     000000018001f008 f   ucrtd:ucrtbased.dll
 0002:0000e00e       terminate                  000000018001f00e f   ucrtd:ucrtbased.dll
 0002:0000e014       _wmakepath_s               000000018001f014 f   ucrtd:ucrtbased.dll
 0002:0000e01a       _wsplitpath_s              000000018001f01a f   ucrtd:ucrtbased.dll
 0002:0000e020       wcscpy_s                   000000018001f020 f   ucrtd:ucrtbased.dll
 0002:0000e026       GetCurrentThreadId         000000018001f026 f   kernel32:KERNEL32.dll
 0002:0000e02c       IsDebuggerPresent          000000018001f02c f   kernel32:KERNEL32.dll
 0002:0000e032       RaiseException             000000018001f032 f   kernel32:KERNEL32.dll
 0002:0000e038       MultiByteToWideChar        000000018001f038 f   kernel32:KERNEL32.dll
 0002:0000e03e       WideCharToMultiByte        000000018001f03e f   kernel32:KERNEL32.dll
 0002:0000e044       RtlCaptureContext          000000018001f044 f   kernel32:KERNEL32.dll
 0002:0000e04a       RtlLookupFunctionEntry     000000018001f04a f   kernel32:KERNEL32.dll
 0002:0000e050       RtlVirtualUnwind           000000018001f050 f   kernel32:KERNEL32.dll
 0002:0000e056       UnhandledExceptionFilter   000000018001f056 f   kernel32:KERNEL32.dll
 0002:0000e05c       SetUnhandledExceptionFilter 000000018001f05c f   kernel32:KERNEL32.dll
 0002:0000e062       GetCurrentProcess          000000018001f062 f   kernel32:KERNEL32.dll
 0002:0000e068       TerminateProcess           000000018001f068 f   kernel32:KERNEL32.dll
 0002:0000e06e       IsProcessorFeaturePresent  000000018001f06e f   kernel32:KERNEL32.dll
 0002:0000e074       QueryPerformanceCounter    000000018001f074 f   kernel32:KERNEL32.dll
 0002:0000e07a       GetCurrentProcessId        000000018001f07a f   kernel32:KERNEL32.dll
 0002:0000e080       GetSystemTimeAsFileTime    000000018001f080 f   kernel32:KERNEL32.dll
 0002:0000e086       DisableThreadLibraryCalls  000000018001f086 f   kernel32:KERNEL32.dll
 0002:0000e08c       InitializeSListHead        000000018001f08c f   kernel32:KERNEL32.dll
 0002:0000e092       GetStartupInfoW            000000018001f092 f   kernel32:KERNEL32.dll
 0002:0000e098       GetModuleHandleW           000000018001f098 f   kernel32:KERNEL32.dll
 0002:0000e09e       GetLastError               000000018001f09e f   kernel32:KERNEL32.dll
 0002:0000e0a4       HeapAlloc                  000000018001f0a4 f   kernel32:KERNEL32.dll
 0002:0000e0aa       HeapFree                   000000018001f0aa f   kernel32:KERNEL32.dll
 0002:0000e0b0       GetProcessHeap             000000018001f0b0 f   kernel32:KERNEL32.dll
 0002:0000e0b6       VirtualQuery               000000018001f0b6 f   kernel32:KERNEL32.dll
 0002:0000e0bc       FreeLibrary                000000018001f0bc f   kernel32:KERNEL32.dll
 0002:0000e0c2       GetProcAddress             000000018001f0c2 f   kernel32:KERNEL32.dll
 0002:0000e0d0       __acrt_initialize          000000018001f0d0 f   MSVCRTD:ucrt_stubs.obj
 0002:0000e0d0       __scrt_stub_for_acrt_initialize 000000018001f0d0 f   MSVCRTD:ucrt_stubs.obj
 0002:0000e0d0       __vcrt_initialize          000000018001f0d0 f   MSVCRTD:ucrt_stubs.obj
 0002:0000e0e0       __acrt_thread_attach       000000018001f0e0 f   MSVCRTD:ucrt_stubs.obj
 0002:0000e0e0       __vcrt_thread_attach       000000018001f0e0 f   MSVCRTD:ucrt_stubs.obj
 0002:0000e0e0       __scrt_stub_for_acrt_thread_attach 000000018001f0e0 f   MSVCRTD:ucrt_stubs.obj
 0002:0000e0f0       __vcrt_thread_detach       000000018001f0f0 f   MSVCRTD:ucrt_stubs.obj
 0002:0000e0f0       __scrt_stub_for_acrt_thread_detach 000000018001f0f0 f   MSVCRTD:ucrt_stubs.obj
 0002:0000e0f0       __acrt_thread_detach       000000018001f0f0 f   MSVCRTD:ucrt_stubs.obj
 0002:0000e100       __scrt_stub_for_acrt_uninitialize 000000018001f100 f   MSVCRTD:ucrt_stubs.obj
 0002:0000e100       __acrt_uninitialize        000000018001f100 f   MSVCRTD:ucrt_stubs.obj
 0002:0000e100       __vcrt_uninitialize        000000018001f100 f   MSVCRTD:ucrt_stubs.obj
 0002:0000e110       __vcrt_uninitialize_critical 000000018001f110 f   MSVCRTD:ucrt_stubs.obj
 0002:0000e110       __scrt_stub_for_acrt_uninitialize_critical 000000018001f110 f   MSVCRTD:ucrt_stubs.obj
 0002:0000e110       __acrt_uninitialize_critical 000000018001f110 f   MSVCRTD:ucrt_stubs.obj
 0002:0000e120       _is_c_termination_complete 000000018001f120 f   MSVCRTD:ucrt_stubs.obj
 0002:0000e120       __scrt_stub_for_is_c_termination_complete 000000018001f120 f   MSVCRTD:ucrt_stubs.obj
 0002:0000f5c0       _guard_dispatch_icall_nop  00000001800205c0 f   MSVCRTD:guard_dispatch.obj
 0002:0000f5e0       _guard_xfg_dispatch_icall_nop 00000001800205e0 f   MSVCRTD:guard_xfg_dispatch.obj
 0003:00000000       __xc_a                     0000000180023000     MSVCRTD:initializers.obj
 0003:00000110       __xc_z                     0000000180023110     MSVCRTD:initializers.obj
 0003:00000220       __xi_a                     0000000180023220     MSVCRTD:initializers.obj
 0003:00000330       __xi_z                     0000000180023330     MSVCRTD:initializers.obj
 0003:00000440       __xp_a                     0000000180023440     MSVCRTD:initializers.obj
 0003:00000550       __xp_z                     0000000180023550     MSVCRTD:initializers.obj
 0003:00000660       __xt_a                     0000000180023660     MSVCRTD:initializers.obj
 0003:00000770       __xt_z                     0000000180023770     MSVCRTD:initializers.obj
 0003:00002640       ??_C@_0BA@NMEIMCEK@InvalidCodePath@ 0000000180025640     p5engine.obj
 0003:00002658       ??_C@_0BF@HOIOEMCL@P5Engine?1data?1bg?4bmp@ 0000000180025658     p5engine.obj
 0003:00002678       ??_C@_0BJ@EPENJOEL@P5Engine?1data?1shadow?4bmp@ 0000000180025678     p5engine.obj
 0003:00002698       ??_C@_0BH@DDOBAHNL@P5Engine?1data?1tree?4bmp@ 0000000180025698     p5engine.obj
 0003:000026b8       ??_C@_0BI@EPGPCLAL@P5Engine?1data?1enemy?4bmp@ 00000001800256b8     p5engine.obj
 0003:000026d8       ??_C@_0BG@IEBKPHGI@P5Engine?1data?1orb?4bmp@ 00000001800256d8     p5engine.obj
 0003:000026f8       ??_C@_0BP@CIDLMIJA@P5Engine?1data?1char?9right?90?4bmp@ 00000001800256f8     p5engine.obj
 0003:00002720       ??_C@_0BO@PEBAPFLC@P5Engine?1data?1char?9back?90?4bmp@ 0000000180025720     p5engine.obj
 0003:00002748       ??_C@_0BO@EAIBBIAG@P5Engine?1data?1char?9left?90?4bmp@ 0000000180025748     p5engine.obj
 0003:00002770       ??_C@_0BP@MKDPGEOC@P5Engine?1data?1char?9front?90?4bmp@ 0000000180025770     p5engine.obj
 0003:00002798       ??_C@_0BO@KNNOBFKI@P5Engine?1data?1sword?9right?4bmp@ 0000000180025798     p5engine.obj
 0003:000027c0       ??_C@_0BN@LDDHILOB@P5Engine?1data?1sword?9back?4bmp@ 00000001800257c0     p5engine.obj
 0003:000027e8       ??_C@_0BN@FPAHMBGA@P5Engine?1data?1sword?9left?4bmp@ 00000001800257e8     p5engine.obj
 0003:00002810       ??_C@_0BO@BNDLMGBJ@P5Engine?1data?1sword?9front?4bmp@ 0000000180025810     p5engine.obj
 0003:00002834       __real@00000000            0000000180025834     p5engine.obj
 0003:00002838       __real@38d1b717            0000000180025838     p5engine.obj
 0003:0000283c       __real@3a83126f            000000018002583c     p5engine.obj
 0003:00002840       __real@3e4ccccd            0000000180025840     p5engine.obj
 0003:00002844       __real@3e800000            0000000180025844     p5engine.obj
 0003:00002848       __real@3f000000            0000000180025848     p5engine.obj
 0003:0000284c       __real@3f400000            000000018002584c     p5engine.obj
 0003:00002850       __real@3f800000            0000000180025850     p5engine.obj
 0003:00002854       __real@3fb33333            0000000180025854     p5engine.obj
 0003:00002858       __real@3fc00000            0000000180025858     p5engine.obj
 0003:0000285c       __real@40000000            000000018002585c     p5engine.obj
 0003:00002860       __real@400ccccd            0000000180025860     p5engine.obj
 0003:00002864       __real@40a00000            0000000180025864     p5engine.obj
 0003:00002868       __real@40c00000            0000000180025868     p5engine.obj
 0003:0000286c       __real@40c90fdb            000000018002586c     p5engine.obj
 0003:00002870       __real@40e00000            0000000180025870     p5engine.obj
 0003:00002874       __real@41200000            0000000180025874     p5engine.obj
 0003:00002878       __real@41800000            0000000180025878     p5engine.obj
 0003:0000287c       __real@41880000            000000018002587c     p5engine.obj
 0003:00002880       __real@41a00000            0000000180025880     p5engine.obj
 0003:00002884       __real@41c00000            0000000180025884     p5engine.obj
 0003:00002888       __real@42000000            0000000180025888     p5engine.obj
 0003:0000288c       __real@42600000            000000018002588c     p5engine.obj
 0003:00002890       __real@42800000            0000000180025890     p5engine.obj
 0003:00002894       __real@42820000            0000000180025894     p5engine.obj
 0003:00002898       __real@42960000            0000000180025898     p5engine.obj
 0003:0000289c       __real@437f0000            000000018002589c     p5engine.obj
 0003:000028a0       __real@47c35000            00000001800258a0     p5engine.obj
 0003:000028a4       __real@becccccd            00000001800258a4     p5engine.obj
 0003:000028a8       __real@bf000000            00000001800258a8     p5engine.obj
 0003:000028ac       __real@bf800000            00000001800258ac     p5engine.obj
 0003:000028b0       __real@c1f00000            00000001800258b0     p5engine.obj
 0003:000028c0       __xmm@80000000800000008000000080000000 00000001800258c0     p5engine.obj
 0003:000028d8       _pRawDllMain               00000001800258d8     MSVCRTD:dll_dllmain.obj
 0003:000028d8       _pDefaultRawDllMain        00000001800258d8     MSVCRTD:dll_dllmain.obj
 0003:000029d0       ??_C@_0NN@JMPELKLB@The?5value?5of?5ESP?5was?5not?5proper@ 00000001800259d0     MSVCRTD:error.obj
 0003:00002ae0       ??_C@_0BBN@ELNNILBE@A?5cast?5to?5a?5smaller?5data?5type?5h@ 0000000180025ae0     MSVCRTD:error.obj
 0003:00002c38       ??_C@_0BN@BPOGFMJL@Stack?5memory?5was?5corrupted?$AN?6@ 0000000180025c38     MSVCRTD:error.obj
 0003:00002c60       ??_C@_0DG@DAJCDLPN@A?5local?5variable?5was?5used?5befor@ 0000000180025c60     MSVCRTD:error.obj
 0003:00002ca0       ??_C@_0CM@JMIDGKLA@Stack?5memory?5around?5_alloca?5was@ 0000000180025ca0     MSVCRTD:error.obj
 0003:00002cd8       ??_C@_0BO@CHIONIOI@Unknown?5Runtime?5Check?5Error?$AN?6@ 0000000180025cd8     MSVCRTD:error.obj
 0003:00002d00       ??_C@_1GM@CNOOJIHC@?$AAR?$AAu?$AAn?$AAt?$AAi?$AAm?$AAe?$AA?5?$AAC?$AAh?$AAe?$AAc?$AAk?$AA?5?$AAE@ 0000000180025d00     MSVCRTD:error.obj
 0003:00002d90       ??_C@_1EA@NFKNIFJP@?$AAR?$AAu?$AAn?$AA?9?$AAT?$AAi?$AAm?$AAe?$AA?5?$AAC?$AAh?$AAe?$AAc?$AAk?$AA?5@ 0000000180025d90     MSVCRTD:error.obj
 0003:00002de0       ??_C@_0BB@PFFGGCJP@Unknown?5Filename@ 0000000180025de0     MSVCRTD:error.obj
 0003:00002df8       ??_C@_0BE@GNBOBNCK@Unknown?5Module?5Name@ 0000000180025df8     MSVCRTD:error.obj
 0003:00002e10       ??_C@_0CA@IODNCDPG@Run?9Time?5Check?5Failure?5?$CD?$CFd?5?9?5?$CFs@ 0000000180025e10     MSVCRTD:error.obj
 0003:00002e38       ??_C@_0CG@IAFNJNEE@Stack?5corrupted?5near?5unknown?5va@ 0000000180025e38     MSVCRTD:error.obj
 0003:00002e68       ??_C@_05MKKEDADM@?$CF?42X?5@ 0000000180025e68     MSVCRTD:error.obj
 0003:00002e70       ??_C@_0EJ@LJKNEOLN@Stack?5area?5around?5_alloca?5memor@ 0000000180025e70     MSVCRTD:error.obj
 0003:00002ec8       ??_C@_01EEMJAFIK@?6@       0000000180025ec8     MSVCRTD:error.obj
 0003:00002ecc       ??_C@_02LLMPMKNF@?$DO?5@   0000000180025ecc     MSVCRTD:error.obj
 0003:00002ed0       ??_C@_08OMAHNMHJ@?6Data?3?5?$DM@ 0000000180025ed0     MSVCRTD:error.obj
 0003:00002ee0       ??_C@_0CK@DKGBICFE@?6Allocation?5number?5within?5this?5@ 0000000180025ee0     MSVCRTD:error.obj
 0003:00002f18       ??_C@_07DFDJCKFN@?6Size?3?5@ 0000000180025f18     MSVCRTD:error.obj
 0003:00002f28       ??_C@_0N@MHFFIMFG@?6Address?3?50x@ 0000000180025f28     MSVCRTD:error.obj
 0003:00002f40       ??_C@_0EI@CLEPFNGI@Stack?5area?5around?5_alloca?5memor@ 0000000180025f40     MSVCRTD:error.obj
 0003:00002f98       ??_C@_0BK@ODNDAGKB@?$CFs?$CFs?$CFp?$CFs?$CFzd?$CFs?$CFd?$CFs?$CFs?$CFs?$CFs?$CFs@ 0000000180025f98     MSVCRTD:error.obj
 0003:00002fb8       ??_C@_0DE@OHJBPMBP@A?5variable?5is?5being?5used?5withou@ 0000000180025fb8     MSVCRTD:error.obj
 0003:00003028       ??_C@_0BJ@HEGAHDFO@Stack?5pointer?5corruption@ 0000000180026028     MSVCRTD:userapi.obj
 0003:00003048       ??_C@_0CK@FEGOIOPB@Cast?5to?5smaller?5type?5causing?5lo@ 0000000180026048     MSVCRTD:userapi.obj
 0003:00003080       ??_C@_0BI@CIGMDCBH@Stack?5memory?5corruption@ 0000000180026080     MSVCRTD:userapi.obj
 0003:000030a0       ??_C@_0CK@CNLNOEPB@Local?5variable?5used?5before?5init@ 00000001800260a0     MSVCRTD:userapi.obj
 0003:000030d8       ??_C@_0BP@OGBCLIBO@Stack?5around?5_alloca?5corrupted@ 00000001800260d8     MSVCRTD:userapi.obj
 0003:00003180       ??_C@_1EI@MLPKHBGE@?$AAa?$AAp?$AAi?$AA?9?$AAm?$AAs?$AA?9?$AAw?$AAi?$AAn?$AA?9?$AAc?$AAo?$AAr?$AAe@ 0000000180026180     MSVCRTD:pdblkup.obj
 0003:000031d8       ??_C@_1BK@JHLNAEJL@?$AAa?$AAd?$AAv?$AAa?$AAp?$AAi?$AA3?$AA2?$AA?4?$AAd?$AAl?$AAl@ 00000001800261d8     MSVCRTD:pdblkup.obj
 0003:000031f8       ??_C@_0O@COHOBMLB@RegOpenKeyExW@ 00000001800261f8     MSVCRTD:pdblkup.obj
 0003:00003208       ??_C@_0BB@GLNAEDBD@RegQueryValueExW@ 0000000180026208     MSVCRTD:pdblkup.obj
 0003:00003220       ??_C@_0M@HLOHPNFA@RegCloseKey@ 0000000180026220     MSVCRTD:pdblkup.obj
 0003:00003230       ??_C@_1HE@EBEAGLFB@?$AAS?$AAO?$AAF?$AAT?$AAW?$AAA?$AAR?$AAE?$AA?2?$AAW?$AAo?$AAw?$AA6?$AA4?$AA3@ 0000000180026230     MSVCRTD:pdblkup.obj
 0003:000032c0       ??_C@_1BG@EABPBLLF@?$AAP?$AAr?$AAo?$AAd?$AAu?$AAc?$AAt?$AAD?$AAi?$AAr@ 00000001800262c0     MSVCRTD:pdblkup.obj
 0003:00003308       ??_C@_1BC@JINFINNJ@?$AAM?$AAS?$AAP?$AAD?$AAB?$AA1?$AA4?$AA0@ 0000000180026308     MSVCRTD:pdblkup.obj
 0003:00003320       ??_C@_0BB@KCIACLNC@PDBOpenValidate5@ 0000000180026320     MSVCRTD:pdblkup.obj
 0003:00003334       ??_C@_01KDCPPGHE@r@        0000000180026334     MSVCRTD:pdblkup.obj
 0003:00003370       _load_config_used          0000000180026370     MSVCRTD:loadcfg.obj
 0003:00003700       __CastGuardVftablesStart   0000000180026700     MSVCRTD:guard_support.obj
 0003:00003810       __CastGuardVftablesEnd     0000000180026810     MSVCRTD:guard_support.obj
 0003:00003a98       __rtc_iaa                  0000000180026a98     MSVCRTD:initsect.obj
 0003:00003cb8       __rtc_izz                  0000000180026cb8     MSVCRTD:initsect.obj
 0003:00003dc8       __rtc_taa                  0000000180026dc8     MSVCRTD:initsect.obj
 0003:00003fe8       __rtc_tzz                  0000000180026fe8     MSVCRTD:initsect.obj
 0004:00004cd0       __security_cookie_complement 000000018002dcd0     MSVCRTD:gs_cookie.obj
 0004:00004cd8       __security_cookie          000000018002dcd8     MSVCRTD:gs_cookie.obj
 0004:00004ce4       _fltused                   000000018002dce4     MSVCRTD:fltused.obj
 0004:00004ce8       ?_RTC_ErrorLevels@@3PAHA   000000018002dce8     MSVCRTD:error.obj
 0004:00004d00       __scrt_native_dllmain_reason 000000018002dd00     MSVCRTD:utility.obj
 0004:00004d08       __isa_available            000000018002dd08     MSVCRTD:cpu_disp.obj
 0004:00004d0c       __isa_enabled              000000018002dd0c     MSVCRTD:cpu_disp.obj
 0004:00004d10       __memcpy_nt_iters          000000018002dd10     MSVCRTD:cpu_disp.obj
 0004:00004d18       __memset_nt_iters          000000018002dd18     MSVCRTD:cpu_disp.obj
 0004:00004d30       __scrt_ucrt_dll_is_in_use  000000018002dd30     MSVCRTD:ucrt_stubs.obj
 0004:00004e48       ?_OptionsStorage@?1??__local_stdio_printf_options@@9@4_KA 000000018002de48     MSVCRTD:error.obj
 0004:00005500       ?__type_info_root_node@@3U__type_info_node@@A 000000018002e500     MSVCRTD:tncleanup.obj
 0004:00005518       ?_OptionsStorage@?1??__local_stdio_scanf_options@@9@4_KA 000000018002e518     MSVCRTD:default_local_stdio_options.obj
 0004:00005528       __scrt_current_native_startup_state 000000018002e528     MSVCRTD:utility.obj
 0004:00005530       __scrt_native_startup_lock 000000018002e530     MSVCRTD:utility.obj
 0004:00005580       __scrt_debugger_hook_flag  000000018002e580     MSVCRTD:utility_desktop.obj
 0004:00005588       __castguard_check_failure_os_handled_fptr 000000018002e588     MSVCRTD:guard_support.obj
 0004:000055a4       __favor                    000000018002e5a4     MSVCRTD:cpu_disp.obj
 0004:000055a8       __dyn_tls_init_callback    000000018002e5a8     <common>
 0004:000055bc       __DebuggerCurrentSteppingThreadId 000000018002e5bc     <common>
 0006:00000000       __imp_DisableThreadLibraryCalls 0000000180032000     kernel32:KERNEL32.dll
 0006:00000008       __imp_IsDebuggerPresent    0000000180032008     kernel32:KERNEL32.dll
 0006:00000010       __imp_RaiseException       0000000180032010     kernel32:KERNEL32.dll
 0006:00000018       __imp_MultiByteToWideChar  0000000180032018     kernel32:KERNEL32.dll
 0006:00000020       __imp_WideCharToMultiByte  0000000180032020     kernel32:KERNEL32.dll
 0006:00000028       __imp_RtlCaptureContext    0000000180032028     kernel32:KERNEL32.dll
 0006:00000030       __imp_RtlLookupFunctionEntry 0000000180032030     kernel32:KERNEL32.dll
 0006:00000038       __imp_RtlVirtualUnwind     0000000180032038     kernel32:KERNEL32.dll
 0006:00000040       __imp_GetProcAddress       0000000180032040     kernel32:KERNEL32.dll
 0006:00000048       __imp_FreeLibrary          0000000180032048     kernel32:KERNEL32.dll
 0006:00000050       __imp_VirtualQuery         0000000180032050     kernel32:KERNEL32.dll
 0006:00000058       __imp_GetProcessHeap       0000000180032058     kernel32:KERNEL32.dll
 0006:00000060       __imp_HeapFree             0000000180032060     kernel32:KERNEL32.dll
 0006:00000068       __imp_HeapAlloc            0000000180032068     kernel32:KERNEL32.dll
 0006:00000070       __imp_GetLastError         0000000180032070     kernel32:KERNEL32.dll
 0006:00000078       __imp_GetModuleHandleW     0000000180032078     kernel32:KERNEL32.dll
 0006:00000080       __imp_GetStartupInfoW      0000000180032080     kernel32:KERNEL32.dll
 0006:00000088       __imp_InitializeSListHead  0000000180032088     kernel32:KERNEL32.dll
 0006:00000090       __imp_GetCurrentThreadId   0000000180032090     kernel32:KERNEL32.dll
 0006:00000098       __imp_GetSystemTimeAsFileTime 0000000180032098     kernel32:KERNEL32.dll
 0006:000000a0       __imp_GetCurrentProcessId  00000001800320a0     kernel32:KERNEL32.dll
 0006:000000a8       __imp_QueryPerformanceCounter 00000001800320a8     kernel32:KERNEL32.dll
 0006:000000b0       __imp_IsProcessorFeaturePresent 00000001800320b0     kernel32:KERNEL32.dll
 0006:000000b8       __imp_TerminateProcess     00000001800320b8     kernel32:KERNEL32.dll
 0006:000000c0       __imp_GetCurrentProcess    00000001800320c0     kernel32:KERNEL32.dll
 0006:000000c8       __imp_SetUnhandledExceptionFilter 00000001800320c8     kernel32:KERNEL32.dll
 0006:000000d0       __imp_UnhandledExceptionFilter 00000001800320d0     kernel32:KERNEL32.dll
 0006:000000d8       \177KERNEL32_NULL_THUNK_DATA 00000001800320d8     kernel32:KERNEL32.dll
 0006:00000158       __imp___vcrt_GetModuleHandleW 0000000180032158     vcruntimed:VCRUNTIME140D.dll
 0006:00000160       __imp___vcrt_GetModuleFileNameW 0000000180032160     vcruntimed:VCRUNTIME140D.dll
 0006:00000168       __imp___current_exception_context 0000000180032168     vcruntimed:VCRUNTIME140D.dll
 0006:00000170       __imp___C_specific_handler 0000000180032170     vcruntimed:VCRUNTIME140D.dll
 0006:00000178       __imp___current_exception  0000000180032178     vcruntimed:VCRUNTIME140D.dll
 0006:00000180       __imp___std_type_info_destroy_list 0000000180032180     vcruntimed:VCRUNTIME140D.dll
 0006:00000188       __imp___C_specific_handler_noexcept 0000000180032188     vcruntimed:VCRUNTIME140D.dll
 0006:00000190       __imp___vcrt_LoadLibraryExW 0000000180032190     vcruntimed:VCRUNTIME140D.dll
 0006:00000198       \177VCRUNTIME140D_NULL_THUNK_DATA 0000000180032198     vcruntimed:VCRUNTIME140D.dll
 0006:000001f8       __imp_wcscpy_s             00000001800321f8     ucrtd:ucrtbased.dll
 0006:00000200       __imp__wsplitpath_s        0000000180032200     ucrtd:ucrtbased.dll
 0006:00000208       __imp_terminate            0000000180032208     ucrtd:ucrtbased.dll
 0006:00000210       __imp__cexit               0000000180032210     ucrtd:ucrtbased.dll
 0006:00000218       __imp__crt_at_quick_exit   0000000180032218     ucrtd:ucrtbased.dll
 0006:00000220       __imp__crt_atexit          0000000180032220     ucrtd:ucrtbased.dll
 0006:00000228       __imp__execute_onexit_table 0000000180032228     ucrtd:ucrtbased.dll
 0006:00000230       __imp__register_onexit_function 0000000180032230     ucrtd:ucrtbased.dll
 0006:00000238       __imp__initialize_onexit_table 0000000180032238     ucrtd:ucrtbased.dll
 0006:00000240       __imp__initialize_narrow_environment 0000000180032240     ucrtd:ucrtbased.dll
 0006:00000248       __imp__configure_narrow_argv 0000000180032248     ucrtd:ucrtbased.dll
 0006:00000250       __imp__seh_filter_dll      0000000180032250     ucrtd:ucrtbased.dll
 0006:00000258       __imp__wmakepath_s         0000000180032258     ucrtd:ucrtbased.dll
 0006:00000260       __imp_strcat_s             0000000180032260     ucrtd:ucrtbased.dll
 0006:00000268       __imp_strcpy_s             0000000180032268     ucrtd:ucrtbased.dll
 0006:00000270       __imp__initterm_e          0000000180032270     ucrtd:ucrtbased.dll
 0006:00000278       __imp__initterm            0000000180032278     ucrtd:ucrtbased.dll
 0006:00000280       __imp__CrtDbgReportW       0000000180032280     ucrtd:ucrtbased.dll
 0006:00000288       __imp__CrtDbgReport        0000000180032288     ucrtd:ucrtbased.dll
 0006:00000290       __imp__rotl                0000000180032290     ucrtd:ucrtbased.dll
 0006:00000298       __imp_sqrtf                0000000180032298     ucrtd:ucrtbased.dll
 0006:000002a0       __imp_sinf                 00000001800322a0     ucrtd:ucrtbased.dll
 0006:000002a8       __imp_roundf               00000001800322a8     ucrtd:ucrtbased.dll
 0006:000002b0       __imp_fabs                 00000001800322b0     ucrtd:ucrtbased.dll
 0006:000002b8       __imp___stdio_common_vsprintf_s 00000001800322b8     ucrtd:ucrtbased.dll
 0006:000002c0       \177ucrtbased_NULL_THUNK_DATA 00000001800322c0     ucrtd:ucrtbased.dll
 0006:00000340       __IMPORT_DESCRIPTOR_VCRUNTIME140D 0000000180032340     vcruntimed:VCRUNTIME140D.dll
 0006:00000354       __IMPORT_DESCRIPTOR_ucrtbased 0000000180032354     ucrtd:ucrtbased.dll
 0006:00000368       __IMPORT_DESCRIPTOR_KERNEL32 0000000180032368     kernel32:KERNEL32.dll
 0006:0000037c       __NULL_IMPORT_DESCRIPTOR   000000018003237c     vcruntimed:VCRUNTIME140D.dll
 0008:00000000       __guard_check_icall_fptr   0000000180034000     MSVCRTD:guard_support.obj
 0008:00000010       __guard_xfg_check_icall_fptr 0000000180034010     MSVCRTD:guard_support.obj
 0008:00000020       __guard_dispatch_icall_fptr 0000000180034020     MSVCRTD:guard_support.obj
 0008:00000030       __guard_xfg_dispatch_icall_fptr 0000000180034030     MSVCRTD:guard_support.obj
 0008:00000040       __guard_xfg_table_dispatch_icall_fptr 0000000180034040     MSVCRTD:guard_support.obj

 entry point at        0002:0000000f

 Static symbols

 0000:fffc9000       .debug$S                   0000000180000000     P5Engine.exp
 0000:fffcc000       _volmd                     0000000180000000     p5engine.obj
 0000:fffcc000       _volmd                     0000000180000000     p5engine.obj
 0000:fffcc000       _volmd                     0000000180000000     p5engine.obj
 0000:fffcc000       _volmd                     0000000180000000     p5engine.obj
 0000:fffcc000       _volmd                     0000000180000000     p5engine.obj
 0000:fffcc000       _volmd                     0000000180000000     p5engine.obj
 0000:fffcc000       _volmd                     0000000180000000     p5engine.obj
 0000:fffcc000       _volmd                     0000000180000000     p5engine.obj
 0000:fffcc000       _volmd                     0000000180000000     p5engine.obj
 0000:fffcc000       _volmd                     0000000180000000     p5engine.obj
 0000:fffcc000       _volmd                     0000000180000000     p5engine.obj
 0000:fffcc000       _volmd                     0000000180000000     p5engine.obj
 0000:fffcc000       _volmd                     0000000180000000     p5engine.obj
 0000:fffcc000       _volmd                     0000000180000000     p5engine.obj
 0000:fffcc000       _volmd                     0000000180000000     p5engine.obj
 0000:fffcc000       _volmd                     0000000180000000     p5engine.obj
 0000:fffcc000       _volmd                     0000000180000000     p5engine.obj
 0000:fffcc000       _volmd                     0000000180000000     p5engine.obj
 0000:fffcc000       _volmd                     0000000180000000     p5engine.obj
 0000:fffcc000       _volmd                     0000000180000000     p5engine.obj
 0000:fffcc000       _volmd                     0000000180000000     p5engine.obj
 0000:fffcc000       _volmd                     0000000180000000     p5engine.obj
 0000:fffcc000       _volmd                     0000000180000000     MSVCRTD:cpu_disp.obj
 0000:fffcd000       __guard_ehcont_?dllmain_dispatch@@YAHQEAUHINSTANCE__@@KQEAX@Z 0000000180000000     MSVCRTD:dll_dllmain.obj
 0000:fffcd000       __guard_fids_?dllmain_dispatch@@YAHQEAUHINSTANCE__@@KQEAX@Z 0000000180000000     MSVCRTD:dll_dllmain.obj
 0000:fffcd000       __guard_ehcont_?notify_debugger@@YAXAEBUtagEXCEPTION_VISUALCPP_DEBUG_INFO@@@Z 0000000180000000     MSVCRTD:error.obj
 0000:fffcc000       _volmd                     0000000180000000     MSVCRTD:gs_report.obj
 0000:fffcc000       _volmd                     0000000180000000     MSVCRTD:gs_report.obj
 0000:fffcc000       _volmd                     0000000180000000     MSVCRTD:gs_report.obj
 0000:fffcd000       __guard_fids__             0000000180000000     MSVCRTD:guard_support.obj
 0000:fffcd000       __guard_fids__             0000000180000000     MSVCRTD:guard_support.obj
 0000:fffcd000       __guard_fids__guard_icall_checks_enforced 0000000180000000     MSVCRTD:guard_support.obj
 0000:fffcc000       _volmd                     0000000180000000     MSVCRTD:guard_support.obj
 0000:fffcc000       _volmd                     0000000180000000     MSVCRTD:guard_support.obj
 0000:fffcc000       _volmd                     0000000180000000     MSVCRTD:guard_support.obj
 0000:fffcd000       __guard_fids__CRT_RTC_INIT 0000000180000000     MSVCRTD:init.obj
 0000:fffcd000       __guard_fids__CRT_RTC_INITW 0000000180000000     MSVCRTD:init.obj
 0000:fffcd000       __guard_ehcont___scrt_is_nonwritable_in_current_image 0000000180000000     MSVCRTD:utility.obj
 0000:fffcc000       _volmd                     0000000180000000     MSVCRTD:utility.obj
 0000:fffcc000       _volmd                     0000000180000000     MSVCRTD:utility.obj
 0000:fffcc000       _volmd                     0000000180000000     MSVCRTD:utility.obj
 0000:fffcd000       __guard_fids___scrt_set_unhandled_exception_filter 0000000180000000     MSVCRTD:utility_desktop.obj
 0000:fffcc000       _volmd                     0000000180000000     MSVCRTD:utility_desktop.obj
 0000:fffc9000       .debug$S                   0000000180000000     vcruntimed:VCRUNTIME140D.dll
 0000:fffc9000       .debug$S                   0000000180000000     vcruntimed:VCRUNTIME140D.dll
 0000:fffc9000       .debug$S                   0000000180000000     vcruntimed:VCRUNTIME140D.dll
 0000:fffc9000       .debug$S                   0000000180000000     vcruntimed:VCRUNTIME140D.dll
 0000:fffc9000       .debug$S                   0000000180000000     vcruntimed:VCRUNTIME140D.dll
 0000:fffc9000       .debug$S                   0000000180000000     vcruntimed:VCRUNTIME140D.dll
 0000:fffc9000       .debug$S                   0000000180000000     vcruntimed:VCRUNTIME140D.dll
 0000:fffc9000       .debug$S                   0000000180000000     vcruntimed:VCRUNTIME140D.dll
 0000:fffc9000       .debug$S                   0000000180000000     ucrtd:ucrtbased.dll
 0000:fffc9000       .debug$S                   0000000180000000     ucrtd:ucrtbased.dll
 0000:fffc9000       .debug$S                   0000000180000000     ucrtd:ucrtbased.dll
 0000:fffc9000       .debug$S                   0000000180000000     ucrtd:ucrtbased.dll
 0000:fffc9000       .debug$S                   0000000180000000     ucrtd:ucrtbased.dll
 0000:fffc9000       .debug$S                   0000000180000000     ucrtd:ucrtbased.dll
 0000:fffc9000       .debug$S                   0000000180000000     ucrtd:ucrtbased.dll
 0000:fffc9000       .debug$S                   0000000180000000     ucrtd:ucrtbased.dll
 0000:fffc9000       .debug$S                   0000000180000000     ucrtd:ucrtbased.dll
 0000:fffc9000       .debug$S                   0000000180000000     ucrtd:ucrtbased.dll
 0000:fffc9000       .debug$S                   0000000180000000     ucrtd:ucrtbased.dll
 0000:fffc9000       .debug$S                   0000000180000000     ucrtd:ucrtbased.dll
 0000:fffc9000       .debug$S                   0000000180000000     ucrtd:ucrtbased.dll
 0000:fffc9000       .debug$S                   0000000180000000     ucrtd:ucrtbased.dll
 0000:fffc9000       .debug$S                   0000000180000000     ucrtd:ucrtbased.dll
 0000:fffc9000       .debug$S                   0000000180000000     ucrtd:ucrtbased.dll
 0000:fffc9000       .debug$S                   0000000180000000     ucrtd:ucrtbased.dll
 0000:fffc9000       .debug$S                   0000000180000000     ucrtd:ucrtbased.dll
 0000:fffc9000       .debug$S                   0000000180000000     ucrtd:ucrtbased.dll
 0000:fffc9000       .debug$S                   0000000180000000     ucrtd:ucrtbased.dll
 0000:fffc9000       .debug$S                   0000000180000000     ucrtd:ucrtbased.dll
 0000:fffc9000       .debug$S                   0000000180000000     ucrtd:ucrtbased.dll
 0000:fffc9000       .debug$S                   0000000180000000     ucrtd:ucrtbased.dll
 0000:fffc9000       .debug$S                   0000000180000000     ucrtd:ucrtbased.dll
 0000:fffc9000       .debug$S                   0000000180000000     ucrtd:ucrtbased.dll
 0000:fffc9000       .debug$S                   0000000180000000     kernel32:KERNEL32.dll
 0000:fffc9000       .debug$S                   0000000180000000     kernel32:KERNEL32.dll
 0000:fffc9000       .debug$S                   0000000180000000     kernel32:KERNEL32.dll
 0000:fffc9000       .debug$S                   0000000180000000     kernel32:KERNEL32.dll
 0000:fffc9000       .debug$S                   0000000180000000     kernel32:KERNEL32.dll
 0000:fffc9000       .debug$S                   0000000180000000     kernel32:KERNEL32.dll
 0000:fffc9000       .debug$S                   0000000180000000     kernel32:KERNEL32.dll
 0000:fffc9000       .debug$S                   0000000180000000     kernel32:KERNEL32.dll
 0000:fffc9000       .debug$S                   0000000180000000     kernel32:KERNEL32.dll
 0000:fffc9000       .debug$S                   0000000180000000     kernel32:KERNEL32.dll
 0000:fffc9000       .debug$S                   0000000180000000     kernel32:KERNEL32.dll
 0000:fffc9000       .debug$S                   0000000180000000     kernel32:KERNEL32.dll
 0000:fffc9000       .debug$S                   0000000180000000     kernel32:KERNEL32.dll
 0000:fffc9000       .debug$S                   0000000180000000     kernel32:KERNEL32.dll
 0000:fffc9000       .debug$S                   0000000180000000     kernel32:KERNEL32.dll
 0000:fffc9000       .debug$S                   0000000180000000     kernel32:KERNEL32.dll
 0000:fffc9000       .debug$S                   0000000180000000     kernel32:KERNEL32.dll
 0000:fffc9000       .debug$S                   0000000180000000     kernel32:KERNEL32.dll
 0000:fffc9000       .debug$S                   0000000180000000     kernel32:KERNEL32.dll
 0000:fffc9000       .debug$S                   0000000180000000     kernel32:KERNEL32.dll
 0000:fffc9000       .debug$S                   0000000180000000     kernel32:KERNEL32.dll
 0000:fffc9000       .debug$S                   0000000180000000     kernel32:KERNEL32.dll
 0000:fffc9000       .debug$S                   0000000180000000     kernel32:KERNEL32.dll
 0000:fffc9000       .debug$S                   0000000180000000     kernel32:KERNEL32.dll
 0000:fffc9000       .debug$S                   0000000180000000     kernel32:KERNEL32.dll
 0000:fffc9000       .debug$S                   0000000180000000     kernel32:KERNEL32.dll
 0000:fffc9000       .debug$S                   0000000180000000     kernel32:KERNEL32.dll
 0002:00001060       ?AddEntity@@YAPEAUsim_entity@@PEAUgame_state@@PEAUsim_region@@IPEAUlow_entity@@PEATv2@@@Z 0000000180012060 f   p5engine.obj
 0002:00001190       ?AddEntityRaw@@YAPEAUsim_entity@@PEAUgame_state@@PEAUsim_region@@IPEAUlow_entity@@@Z 0000000180012190 f   p5engine.obj
 0002:000013a0       ?AddFamiliar@@YA?AUadd_low_entity_result@@PEAUgame_state@@III@Z 00000001800123a0 f   p5engine.obj
 0002:00001580       ?AddLowEntity@@YA?AUadd_low_entity_result@@PEAUgame_state@@W4entity_type@@Uworld_position@@@Z 0000000180012580 f   p5engine.obj
 0002:000017f0       ?AddMonstar@@YA?AUadd_low_entity_result@@PEAUgame_state@@III@Z 00000001800127f0 f   p5engine.obj
 0002:000019a0       ?AddPlayer@@YA?AUadd_low_entity_result@@PEAUgame_state@@@Z 00000001800129a0 f   p5engine.obj
 0002:00001cd0       ?AddSword@@YA?AUadd_low_entity_result@@PEAUgame_state@@@Z 0000000180012cd0 f   p5engine.obj
 0002:00001e10       ?AddWall@@YA?AUadd_low_entity_result@@PEAUworld@@PEAUgame_state@@III@Z 0000000180012e10 f   p5engine.obj
 0002:000020d0       ?BeginSim@@YAPEAUsim_region@@PEAUmemory_arena@@PEAUgame_state@@PEAUworld@@Uworld_position@@Urectangle2@@@Z 00000001800130d0 f   p5engine.obj
 0002:00002640       ?ChangeEntityLocation@@YAXPEAUmemory_arena@@PEAUworld@@IPEAUlow_entity@@Uworld_position@@@Z 0000000180013640 f   p5engine.obj
 0002:00002f40       ?DEBUGLoadBMP@@YA?AUloaded_bitmap@@PEAUthread_context@@P6A?AUdebug_read_file_result@@0PEAD@Z1@Z 0000000180013f40 f   p5engine.obj
 0002:000034e0       ?DrawBitmap@@YAXPEAUgame_offscreen_buffer@@PEAUloaded_bitmap@@MMM@Z 00000001800144e0 f   p5engine.obj
 0002:00003a60       ?DrawHitpoints@@YAXPEAUsim_entity@@PEAUentity_visible_piece_group@@@Z 0000000180014a60 f   p5engine.obj
 0002:00003d60       ?DrawRectangle@@YAXPEAUgame_offscreen_buffer@@Tv2@@1MMM@Z 0000000180014d60 f   p5engine.obj
 0002:00004000       ?EndSim@@YAXPEAUsim_region@@PEAUgame_state@@@Z 0000000180015000 f   p5engine.obj
 0002:00004430       ?GameOutputSound@@YAXPEAUgame_state@@PEAUgame_sound_output_buffer@@H@Z 0000000180015430 f   p5engine.obj
 0002:00004520       ?GetHashFromStorageIndex@@YAPEAUsim_entity_hash@@PEAUsim_region@@I@Z 0000000180015520 f   p5engine.obj
 0002:00004c00       ?InitHitPoints@@YAXPEAUlow_entity@@I@Z 0000000180015c00 f   p5engine.obj
 0002:00004d40       ?InitializeWorld@@YAXPEAUworld@@M@Z 0000000180015d40 f   p5engine.obj
 0002:000055a0       ?MoveEntity@@YAXPEAUsim_region@@PEAUsim_entity@@MPEAUmove_spec@@Tv2@@@Z 00000001800165a0 f   p5engine.obj
 0002:00006cb0       ?Subtract@@YA?ATv3@@PEAUworld@@PEAUworld_position@@1@Z 0000000180017cb0 f   p5engine.obj
 0002:00006f00       ?TestWall@@YAHMMMMMPEAMMM@Z 0000000180017f00 f   p5engine.obj
 0002:0000a520       $$000000                   000000018001b520     MSVCRTD:chkstk.obj
 0002:0000a5a0       $$000000                   000000018001b5a0     MSVCRTD:amdsecgs.obj
 0002:0000a5e0       ?dllmain_crt_dispatch@@YAHQEAUHINSTANCE__@@KQEAX@Z 000000018001b5e0 f   MSVCRTD:dll_dllmain.obj
 0002:0000a690       ?dllmain_crt_process_attach@@YAHQEAUHINSTANCE__@@QEAX@Z 000000018001b690 f   MSVCRTD:dll_dllmain.obj
 0002:0000a820       ?dllmain_crt_process_detach@@YAH_N@Z 000000018001b820 f   MSVCRTD:dll_dllmain.obj
 0002:0000a8e0       ?dllmain_dispatch@@YAHQEAUHINSTANCE__@@KQEAX@Z 000000018001b8e0 f   MSVCRTD:dll_dllmain.obj
 0002:0000aa70       ?dllmain_raw@@YAHQEAUHINSTANCE__@@KQEAX@Z 000000018001ba70 f   MSVCRTD:dll_dllmain.obj
 0002:0000ab70       ?DebuggerProbe@@YA_NK@Z    000000018001bb70 f   MSVCRTD:error.obj
 0002:0000abc0       ?DebuggerRuntime@@YA_NKHPEAXPEB_W@Z 000000018001bbc0 f   MSVCRTD:error.obj
 0002:0000af50       ?_getMemBlockDataString@@YAXPEAD0PEBD_K@Z 000000018001bf50 f   MSVCRTD:error.obj
 0002:0000b030       ?_strlen_priv@@YA_KPEBD@Z  000000018001c030 f   MSVCRTD:error.obj
 0002:0000b050       ?failwithmessage@@YAXPEAXHHPEBD@Z 000000018001c050 f   MSVCRTD:error.obj
 0002:0000b350       ?notify_debugger@@YAXAEBUtagEXCEPTION_VISUALCPP_DEBUG_INFO@@@Z 000000018001c350 f   MSVCRTD:error.obj
 0002:0000b9b0       capture_current_context    000000018001c9b0 f   MSVCRTD:gs_report.obj
 0002:0000ba70       capture_previous_context   000000018001ca70 f   MSVCRTD:gs_report.obj
 0002:0000bb50       __get_entropy              000000018001cb50 f   MSVCRTD:gs_support.obj
 0002:0000be00       ?find_pe_section@@YAPEAU_IMAGE_SECTION_HEADER@@QEAE_K@Z 000000018001ce00 f   MSVCRTD:utility.obj
 0002:0000bf20       ?is_potentially_valid_image_base@@YA_NQEAX@Z 000000018001cf20 f   MSVCRTD:utility.obj
 0002:0000ccc0       __castguard_compat_check   000000018001dcc0 f   MSVCRTD:guard_support.obj
 0002:0000cea0       __castguard_slow_path_compat_check 000000018001dea0 f   MSVCRTD:guard_support.obj
 0002:0000cf90       ?GetPdbDll@@YAPEAUHINSTANCE__@@XZ 000000018001df90 f   MSVCRTD:pdblkup.obj
 0002:0000d130       ?GetPdbDllFromInstallPath@@YAPEAUHINSTANCE__@@XZ 000000018001e130 f   MSVCRTD:pdblkup.obj
 0002:0000d490       ?GetPdbDllPathFromFilePath@@YAHPEB_WPEA_W_K@Z 000000018001e490 f   MSVCRTD:pdblkup.obj
 0002:0000f5b0       $$000000                   00000001800205b0     MSVCRTD:guard_dispatch.obj
 0002:0000f5d0       $$000000                   00000001800205d0     MSVCRTD:guard_xfg_dispatch.obj
 0002:000105f0       ?fin$0@?0??dllmain_crt_process_attach@@YAHQEAUHINSTANCE__@@QEAX@Z@4HA 00000001800215f0 f   MSVCRTD:dll_dllmain.obj
 0002:00010610       ?fin$0@?0??dllmain_crt_process_detach@@YAH_N@Z@4HA 0000000180021610 f   MSVCRTD:dll_dllmain.obj
 0002:0001062a       ?fin$1@?0??dllmain_crt_process_detach@@YAH_N@Z@4HA 000000018002162a f   MSVCRTD:dll_dllmain.obj
 0002:00010650       ?filt$0@?0??dllmain_dispatch@@YAHQEAUHINSTANCE__@@KQEAX@Z@4HA 0000000180021650 f   MSVCRTD:dll_dllmain.obj
 0002:000106b0       ?filt$0@?0??notify_debugger@@YAXAEBUtagEXCEPTION_VISUALCPP_DEBUG_INFO@@@Z@4HA 00000001800216b0 f   MSVCRTD:error.obj
 0002:000106e0       __scrt_is_nonwritable_in_current_image$filt$0 00000001800216e0 f   MSVCRTD:utility.obj
 0003:00000880       ?FindLeastSignificantSetBit@@YA?AUbit_scan_result@@I@Z$rtcName$0 0000000180023880     p5engine.obj
 0003:00000890       ?FindLeastSignificantSetBit@@YA?AUbit_scan_result@@I@Z$rtcVarDesc 0000000180023890     p5engine.obj
 0003:000008d0       ?FindLeastSignificantSetBit@@YA?AUbit_scan_result@@I@Z$rtcFrameData 00000001800238d0     p5engine.obj
 0003:00000900       ?V2@@YA?ATv2@@MM@Z$rtcName$0 0000000180023900     p5engine.obj
 0003:00000910       ?V2@@YA?ATv2@@MM@Z$rtcVarDesc 0000000180023910     p5engine.obj
 0003:00000950       ?V2@@YA?ATv2@@MM@Z$rtcFrameData 0000000180023950     p5engine.obj
 0003:00000980       ?V3@@YA?ATv3@@MMM@Z$rtcName$0 0000000180023980     p5engine.obj
 0003:00000990       ?V3@@YA?ATv3@@MMM@Z$rtcVarDesc 0000000180023990     p5engine.obj
 0003:000009d0       ?V3@@YA?ATv3@@MMM@Z$rtcFrameData 00000001800239d0     p5engine.obj
 0003:00000a00       ?V4@@YA?ATv4@@MMMM@Z$rtcName$0 0000000180023a00     p5engine.obj
 0003:00000a10       ?V4@@YA?ATv4@@MMMM@Z$rtcVarDesc 0000000180023a10     p5engine.obj
 0003:00000a50       ?V4@@YA?ATv4@@MMMM@Z$rtcFrameData 0000000180023a50     p5engine.obj
 0003:00000a80       ??D@YA?ATv2@@MT0@@Z$rtcName$0 0000000180023a80     p5engine.obj
 0003:00000a90       ??D@YA?ATv2@@MT0@@Z$rtcVarDesc 0000000180023a90     p5engine.obj
 0003:00000ad0       ??D@YA?ATv2@@MT0@@Z$rtcFrameData 0000000180023ad0     p5engine.obj
 0003:00000b00       ??D@YA?ATv3@@MT0@@Z$rtcName$0 0000000180023b00     p5engine.obj
 0003:00000b10       ??D@YA?ATv3@@MT0@@Z$rtcVarDesc 0000000180023b10     p5engine.obj
 0003:00000b50       ??D@YA?ATv3@@MT0@@Z$rtcFrameData 0000000180023b50     p5engine.obj
 0003:00000b80       ??D@YA?ATv2@@T0@M@Z$rtcName$0 0000000180023b80     p5engine.obj
 0003:00000b90       ??D@YA?ATv2@@T0@M@Z$rtcVarDesc 0000000180023b90     p5engine.obj
 0003:00000bd0       ??D@YA?ATv2@@T0@M@Z$rtcFrameData 0000000180023bd0     p5engine.obj
 0003:00000c00       ??H@YA?ATv2@@T0@0@Z$rtcName$0 0000000180023c00     p5engine.obj
 0003:00000c10       ??H@YA?ATv2@@T0@0@Z$rtcVarDesc 0000000180023c10     p5engine.obj
 0003:00000c50       ??H@YA?ATv2@@T0@0@Z$rtcFrameData 0000000180023c50     p5engine.obj
 0003:00000c80       ??G@YA?ATv2@@T0@0@Z$rtcName$0 0000000180023c80     p5engine.obj
 0003:00000c90       ??G@YA?ATv2@@T0@0@Z$rtcVarDesc 0000000180023c90     p5engine.obj
 0003:00000cd0       ??G@YA?ATv2@@T0@0@Z$rtcFrameData 0000000180023cd0     p5engine.obj
 0003:00000d00       ?GetMinCorner@@YA?ATv2@@Urectangle2@@@Z$rtcName$0 0000000180023d00     p5engine.obj
 0003:00000d10       ?GetMinCorner@@YA?ATv2@@Urectangle2@@@Z$rtcVarDesc 0000000180023d10     p5engine.obj
 0003:00000d50       ?GetMinCorner@@YA?ATv2@@Urectangle2@@@Z$rtcFrameData 0000000180023d50     p5engine.obj
 0003:00000d80       ?GetMaxCorner@@YA?ATv2@@Urectangle2@@@Z$rtcName$0 0000000180023d80     p5engine.obj
 0003:00000d90       ?GetMaxCorner@@YA?ATv2@@Urectangle2@@@Z$rtcVarDesc 0000000180023d90     p5engine.obj
 0003:00000dd0       ?GetMaxCorner@@YA?ATv2@@Urectangle2@@@Z$rtcFrameData 0000000180023dd0     p5engine.obj
 0003:00000e00       ?RectCenterHalfDim@@YA?AUrectangle2@@Tv2@@0@Z$rtcName$0 0000000180023e00     p5engine.obj
 0003:00000e10       ?RectCenterHalfDim@@YA?AUrectangle2@@Tv2@@0@Z$rtcVarDesc 0000000180023e10     p5engine.obj
 0003:00000e50       ?RectCenterHalfDim@@YA?AUrectangle2@@Tv2@@0@Z$rtcFrameData 0000000180023e50     p5engine.obj
 0003:00000e80       ?AddRadiusTo@@YA?AUrectangle2@@U1@MM@Z$rtcName$0 0000000180023e80     p5engine.obj
 0003:00000e90       ?AddRadiusTo@@YA?AUrectangle2@@U1@MM@Z$rtcVarDesc 0000000180023e90     p5engine.obj
 0003:00000ed0       ?AddRadiusTo@@YA?AUrectangle2@@U1@MM@Z$rtcFrameData 0000000180023ed0     p5engine.obj
 0003:00000f00       ?RectCenterDim@@YA?AUrectangle2@@Tv2@@0@Z$rtcName$0 0000000180023f00     p5engine.obj
 0003:00000f10       ?RectCenterDim@@YA?AUrectangle2@@Tv2@@0@Z$rtcVarDesc 0000000180023f10     p5engine.obj
 0003:00000f50       ?RectCenterDim@@YA?AUrectangle2@@Tv2@@0@Z$rtcFrameData 0000000180023f50     p5engine.obj
 0003:00000f80       ?NullPosition@@YA?AUworld_position@@XZ$rtcName$0 0000000180023f80     p5engine.obj
 0003:00000f90       ?NullPosition@@YA?AUworld_position@@XZ$rtcVarDesc 0000000180023f90     p5engine.obj
 0003:00000fd0       ?NullPosition@@YA?AUworld_position@@XZ$rtcFrameData 0000000180023fd0     p5engine.obj
 0003:00001000       ?MapIntoChunkSpace@@YA?AUworld_position@@PEAUworld@@U1@Tv2@@@Z$rtcName$0 0000000180024000     p5engine.obj
 0003:00001010       ?MapIntoChunkSpace@@YA?AUworld_position@@PEAUworld@@U1@Tv2@@@Z$rtcVarDesc 0000000180024010     p5engine.obj
 0003:00001050       ?MapIntoChunkSpace@@YA?AUworld_position@@PEAUworld@@U1@Tv2@@@Z$rtcFrameData 0000000180024050     p5engine.obj
 0003:00001080       ?ChunkPositionFromTilePosition@@YA?AUworld_position@@PEAUworld@@HHH@Z$rtcName$0 0000000180024080     p5engine.obj
 0003:00001090       ?ChunkPositionFromTilePosition@@YA?AUworld_position@@PEAUworld@@HHH@Z$rtcVarDesc 0000000180024090     p5engine.obj
 0003:000010d0       ?ChunkPositionFromTilePosition@@YA?AUworld_position@@PEAUworld@@HHH@Z$rtcFrameData 00000001800240d0     p5engine.obj
 0003:00001100       ?Subtract@@YA?ATv3@@PEAUworld@@PEAUworld_position@@1@Z$rtcName$0 0000000180024100     p5engine.obj
 0003:00001110       ?Subtract@@YA?ATv3@@PEAUworld@@PEAUworld_position@@1@Z$rtcVarDesc 0000000180024110     p5engine.obj
 0003:00001150       ?Subtract@@YA?ATv3@@PEAUworld@@PEAUworld_position@@1@Z$rtcFrameData 0000000180024150     p5engine.obj
 0003:00001180       ?GetSimSpacePos@@YA?ATv2@@PEAUsim_region@@PEAUlow_entity@@@Z$rtcName$0 0000000180024180     p5engine.obj
 0003:00001188       ?GetSimSpacePos@@YA?ATv2@@PEAUsim_region@@PEAUlow_entity@@@Z$rtcName$1 0000000180024188     p5engine.obj
 0003:00001190       ?GetSimSpacePos@@YA?ATv2@@PEAUsim_region@@PEAUlow_entity@@@Z$rtcVarDesc 0000000180024190     p5engine.obj
 0003:00001210       ?GetSimSpacePos@@YA?ATv2@@PEAUsim_region@@PEAUlow_entity@@@Z$rtcFrameData 0000000180024210     p5engine.obj
 0003:00001240       ?BeginSim@@YAPEAUsim_region@@PEAUmemory_arena@@PEAUgame_state@@PEAUworld@@Uworld_position@@Urectangle2@@@Z$rtcName$0 0000000180024240     p5engine.obj
 0003:00001250       ?BeginSim@@YAPEAUsim_region@@PEAUmemory_arena@@PEAUgame_state@@PEAUworld@@Uworld_position@@Urectangle2@@@Z$rtcName$1 0000000180024250     p5engine.obj
 0003:00001260       ?BeginSim@@YAPEAUsim_region@@PEAUmemory_arena@@PEAUgame_state@@PEAUworld@@Uworld_position@@Urectangle2@@@Z$rtcName$2 0000000180024260     p5engine.obj
 0003:00001270       ?BeginSim@@YAPEAUsim_region@@PEAUmemory_arena@@PEAUgame_state@@PEAUworld@@Uworld_position@@Urectangle2@@@Z$rtcVarDesc 0000000180024270     p5engine.obj
 0003:00001330       ?BeginSim@@YAPEAUsim_region@@PEAUmemory_arena@@PEAUgame_state@@PEAUworld@@Uworld_position@@Urectangle2@@@Z$rtcFrameData 0000000180024330     p5engine.obj
 0003:00001380       ?EndSim@@YAXPEAUsim_region@@PEAUgame_state@@@Z$rtcName$0 0000000180024380     p5engine.obj
 0003:00001388       ?EndSim@@YAXPEAUsim_region@@PEAUgame_state@@@Z$rtcName$1 0000000180024388     p5engine.obj
 0003:000013a0       ?EndSim@@YAXPEAUsim_region@@PEAUgame_state@@@Z$rtcVarDesc 00000001800243a0     p5engine.obj
 0003:00001420       ?EndSim@@YAXPEAUsim_region@@PEAUgame_state@@@Z$rtcFrameData 0000000180024420     p5engine.obj
 0003:00001460       ?MoveEntity@@YAXPEAUsim_region@@PEAUsim_entity@@MPEAUmove_spec@@Tv2@@@Z$rtcName$0 0000000180024460     p5engine.obj
 0003:00001470       ?MoveEntity@@YAXPEAUsim_region@@PEAUsim_entity@@MPEAUmove_spec@@Tv2@@@Z$rtcName$1 0000000180024470     p5engine.obj
 0003:0000147c       ?MoveEntity@@YAXPEAUsim_region@@PEAUsim_entity@@MPEAUmove_spec@@Tv2@@@Z$rtcName$8 000000018002447c     p5engine.obj
 0003:00001480       ?MoveEntity@@YAXPEAUsim_region@@PEAUsim_entity@@MPEAUmove_spec@@Tv2@@@Z$rtcName$2 0000000180024480     p5engine.obj
 0003:0000148c       ?MoveEntity@@YAXPEAUsim_region@@PEAUsim_entity@@MPEAUmove_spec@@Tv2@@@Z$rtcName$3 000000018002448c     p5engine.obj
 0003:00001498       ?MoveEntity@@YAXPEAUsim_region@@PEAUsim_entity@@MPEAUmove_spec@@Tv2@@@Z$rtcName$4 0000000180024498     p5engine.obj
 0003:000014a8       ?MoveEntity@@YAXPEAUsim_region@@PEAUsim_entity@@MPEAUmove_spec@@Tv2@@@Z$rtcName$5 00000001800244a8     p5engine.obj
 0003:000014b8       ?MoveEntity@@YAXPEAUsim_region@@PEAUsim_entity@@MPEAUmove_spec@@Tv2@@@Z$rtcName$6 00000001800244b8     p5engine.obj
 0003:000014c8       ?MoveEntity@@YAXPEAUsim_region@@PEAUsim_entity@@MPEAUmove_spec@@Tv2@@@Z$rtcName$7 00000001800244c8     p5engine.obj
 0003:000014e0       ?MoveEntity@@YAXPEAUsim_region@@PEAUsim_entity@@MPEAUmove_spec@@Tv2@@@Z$rtcVarDesc 00000001800244e0     p5engine.obj
 0003:00001720       ?MoveEntity@@YAXPEAUsim_region@@PEAUsim_entity@@MPEAUmove_spec@@Tv2@@@Z$rtcFrameData 0000000180024720     p5engine.obj
 0003:000017c0       ?DefaultMoveSpec@@YA?AUmove_spec@@XZ$rtcName$0 00000001800247c0     p5engine.obj
 0003:000017d0       ?DefaultMoveSpec@@YA?AUmove_spec@@XZ$rtcVarDesc 00000001800247d0     p5engine.obj
 0003:00001810       ?DefaultMoveSpec@@YA?AUmove_spec@@XZ$rtcFrameData 0000000180024810     p5engine.obj
 0003:00001840       ?UpdateFamiliar@@YAXPEAUsim_region@@PEAUsim_entity@@M@Z$rtcName$0 0000000180024840     p5engine.obj
 0003:00001844       ?UpdateFamiliar@@YAXPEAUsim_region@@PEAUsim_entity@@M@Z$rtcName$1 0000000180024844     p5engine.obj
 0003:00001850       ?UpdateFamiliar@@YAXPEAUsim_region@@PEAUsim_entity@@M@Z$rtcVarDesc 0000000180024850     p5engine.obj
 0003:000018d0       ?UpdateFamiliar@@YAXPEAUsim_region@@PEAUsim_entity@@M@Z$rtcFrameData 00000001800248d0     p5engine.obj
 0003:00001900       ?UpdateSword@@YAXPEAUsim_region@@PEAUsim_entity@@M@Z$rtcName$0 0000000180024900     p5engine.obj
 0003:00001908       ?UpdateSword@@YAXPEAUsim_region@@PEAUsim_entity@@M@Z$rtcName$1 0000000180024908     p5engine.obj
 0003:00001910       ?UpdateSword@@YAXPEAUsim_region@@PEAUsim_entity@@M@Z$rtcVarDesc 0000000180024910     p5engine.obj
 0003:00001990       ?UpdateSword@@YAXPEAUsim_region@@PEAUsim_entity@@M@Z$rtcFrameData 0000000180024990     p5engine.obj
 0003:000019c0       ?DEBUGLoadBMP@@YA?AUloaded_bitmap@@PEAUthread_context@@P6A?AUdebug_read_file_result@@0PEAD@Z1@Z$rtcName$0 00000001800249c0     p5engine.obj
 0003:000019c8       ?DEBUGLoadBMP@@YA?AUloaded_bitmap@@PEAUthread_context@@P6A?AUdebug_read_file_result@@0PEAD@Z1@Z$rtcName$1 00000001800249c8     p5engine.obj
 0003:000019d8       ?DEBUGLoadBMP@@YA?AUloaded_bitmap@@PEAUthread_context@@P6A?AUdebug_read_file_result@@0PEAD@Z1@Z$rtcName$2 00000001800249d8     p5engine.obj
 0003:000019e0       ?DEBUGLoadBMP@@YA?AUloaded_bitmap@@PEAUthread_context@@P6A?AUdebug_read_file_result@@0PEAD@Z1@Z$rtcName$3 00000001800249e0     p5engine.obj
 0003:000019f0       ?DEBUGLoadBMP@@YA?AUloaded_bitmap@@PEAUthread_context@@P6A?AUdebug_read_file_result@@0PEAD@Z1@Z$rtcName$4 00000001800249f0     p5engine.obj
 0003:00001a00       ?DEBUGLoadBMP@@YA?AUloaded_bitmap@@PEAUthread_context@@P6A?AUdebug_read_file_result@@0PEAD@Z1@Z$rtcName$5 0000000180024a00     p5engine.obj
 0003:00001a10       ?DEBUGLoadBMP@@YA?AUloaded_bitmap@@PEAUthread_context@@P6A?AUdebug_read_file_result@@0PEAD@Z1@Z$rtcVarDesc 0000000180024a10     p5engine.obj
 0003:00001b90       ?DEBUGLoadBMP@@YA?AUloaded_bitmap@@PEAUthread_context@@P6A?AUdebug_read_file_result@@0PEAD@Z1@Z$rtcFrameData 0000000180024b90     p5engine.obj
 0003:00001c00       ?AddLowEntity@@YA?AUadd_low_entity_result@@PEAUgame_state@@W4entity_type@@Uworld_position@@@Z$rtcName$0 0000000180024c00     p5engine.obj
 0003:00001c10       ?AddLowEntity@@YA?AUadd_low_entity_result@@PEAUgame_state@@W4entity_type@@Uworld_position@@@Z$rtcVarDesc 0000000180024c10     p5engine.obj
 0003:00001c50       ?AddLowEntity@@YA?AUadd_low_entity_result@@PEAUgame_state@@W4entity_type@@Uworld_position@@@Z$rtcFrameData 0000000180024c50     p5engine.obj
 0003:00001c80       ?AddWall@@YA?AUadd_low_entity_result@@PEAUworld@@PEAUgame_state@@III@Z$rtcName$0 0000000180024c80     p5engine.obj
 0003:00001c84       ?AddWall@@YA?AUadd_low_entity_result@@PEAUworld@@PEAUgame_state@@III@Z$rtcName$1 0000000180024c84     p5engine.obj
 0003:00001c90       ?AddWall@@YA?AUadd_low_entity_result@@PEAUworld@@PEAUgame_state@@III@Z$rtcVarDesc 0000000180024c90     p5engine.obj
 0003:00001d10       ?AddWall@@YA?AUadd_low_entity_result@@PEAUworld@@PEAUgame_state@@III@Z$rtcFrameData 0000000180024d10     p5engine.obj
 0003:00001d40       ?AddSword@@YA?AUadd_low_entity_result@@PEAUgame_state@@@Z$rtcName$0 0000000180024d40     p5engine.obj
 0003:00001d50       ?AddSword@@YA?AUadd_low_entity_result@@PEAUgame_state@@@Z$rtcVarDesc 0000000180024d50     p5engine.obj
 0003:00001d90       ?AddSword@@YA?AUadd_low_entity_result@@PEAUgame_state@@@Z$rtcFrameData 0000000180024d90     p5engine.obj
 0003:00001dc0       ?AddPlayer@@YA?AUadd_low_entity_result@@PEAUgame_state@@@Z$rtcName$0 0000000180024dc0     p5engine.obj
 0003:00001dc4       ?AddPlayer@@YA?AUadd_low_entity_result@@PEAUgame_state@@@Z$rtcName$1 0000000180024dc4     p5engine.obj
 0003:00001dcc       ?AddPlayer@@YA?AUadd_low_entity_result@@PEAUgame_state@@@Z$rtcName$2 0000000180024dcc     p5engine.obj
 0003:00001de0       ?AddPlayer@@YA?AUadd_low_entity_result@@PEAUgame_state@@@Z$rtcVarDesc 0000000180024de0     p5engine.obj
 0003:00001ea0       ?AddPlayer@@YA?AUadd_low_entity_result@@PEAUgame_state@@@Z$rtcFrameData 0000000180024ea0     p5engine.obj
 0003:00001ee0       ?AddMonstar@@YA?AUadd_low_entity_result@@PEAUgame_state@@III@Z$rtcName$0 0000000180024ee0     p5engine.obj
 0003:00001ee4       ?AddMonstar@@YA?AUadd_low_entity_result@@PEAUgame_state@@III@Z$rtcName$1 0000000180024ee4     p5engine.obj
 0003:00001ef0       ?AddMonstar@@YA?AUadd_low_entity_result@@PEAUgame_state@@III@Z$rtcVarDesc 0000000180024ef0     p5engine.obj
 0003:00001f70       ?AddMonstar@@YA?AUadd_low_entity_result@@PEAUgame_state@@III@Z$rtcFrameData 0000000180024f70     p5engine.obj
 0003:00001fa0       ?AddFamiliar@@YA?AUadd_low_entity_result@@PEAUgame_state@@III@Z$rtcName$0 0000000180024fa0     p5engine.obj
 0003:00001fa4       ?AddFamiliar@@YA?AUadd_low_entity_result@@PEAUgame_state@@III@Z$rtcName$1 0000000180024fa4     p5engine.obj
 0003:00001fb0       ?AddFamiliar@@YA?AUadd_low_entity_result@@PEAUgame_state@@III@Z$rtcVarDesc 0000000180024fb0     p5engine.obj
 0003:00002030       ?AddFamiliar@@YA?AUadd_low_entity_result@@PEAUgame_state@@III@Z$rtcFrameData 0000000180025030     p5engine.obj
 0003:00002060       ?PushBitmap@@YAXPEAUentity_visible_piece_group@@PEAUloaded_bitmap@@Tv2@@M2MM@Z$rtcName$0 0000000180025060     p5engine.obj
 0003:00002064       ?PushBitmap@@YAXPEAUentity_visible_piece_group@@PEAUloaded_bitmap@@Tv2@@M2MM@Z$rtcName$1 0000000180025064     p5engine.obj
 0003:00002070       ?PushBitmap@@YAXPEAUentity_visible_piece_group@@PEAUloaded_bitmap@@Tv2@@M2MM@Z$rtcVarDesc 0000000180025070     p5engine.obj
 0003:000020f0       ?PushBitmap@@YAXPEAUentity_visible_piece_group@@PEAUloaded_bitmap@@Tv2@@M2MM@Z$rtcFrameData 00000001800250f0     p5engine.obj
 0003:00002120       ?DrawHitpoints@@YAXPEAUsim_entity@@PEAUentity_visible_piece_group@@@Z$rtcName$0 0000000180025120     p5engine.obj
 0003:0000212c       ?DrawHitpoints@@YAXPEAUsim_entity@@PEAUentity_visible_piece_group@@@Z$rtcName$1 000000018002512c     p5engine.obj
 0003:00002138       ?DrawHitpoints@@YAXPEAUsim_entity@@PEAUentity_visible_piece_group@@@Z$rtcName$2 0000000180025138     p5engine.obj
 0003:00002140       ?DrawHitpoints@@YAXPEAUsim_entity@@PEAUentity_visible_piece_group@@@Z$rtcName$3 0000000180025140     p5engine.obj
 0003:00002148       ?DrawHitpoints@@YAXPEAUsim_entity@@PEAUentity_visible_piece_group@@@Z$rtcFrameData 0000000180025148     p5engine.obj
 0003:00002160       ?DrawHitpoints@@YAXPEAUsim_entity@@PEAUentity_visible_piece_group@@@Z$rtcVarDesc 0000000180025160     p5engine.obj
 0003:000022a0       GameUpdateAndRender$rtcName$0 00000001800252a0     p5engine.obj
 0003:000022b0       GameUpdateAndRender$rtcName$1 00000001800252b0     p5engine.obj
 0003:000022c4       GameUpdateAndRender$rtcName$6 00000001800252c4     p5engine.obj
 0003:000022cc       GameUpdateAndRender$rtcName$8 00000001800252cc     p5engine.obj
 0003:000022d0       GameUpdateAndRender$rtcName$2 00000001800252d0     p5engine.obj
 0003:000022e0       GameUpdateAndRender$rtcName$3 00000001800252e0     p5engine.obj
 0003:000022ec       GameUpdateAndRender$rtcName$9 00000001800252ec     p5engine.obj
 0003:000022f0       GameUpdateAndRender$rtcName$4 00000001800252f0     p5engine.obj
 0003:000022fc       GameUpdateAndRender$rtcName$5 00000001800252fc     p5engine.obj
 0003:00002308       GameUpdateAndRender$rtcName$7 0000000180025308     p5engine.obj
 0003:00002310       GameUpdateAndRender$rtcVarDesc 0000000180025310     p5engine.obj
 0003:00002590       GameUpdateAndRender$rtcFrameData 0000000180025590     p5engine.obj
 0003:000028e8       ?_RTC_ErrorMessages@@3QBQEBDB 00000001800258e8     MSVCRTD:error.obj
 0003:00002918       ?_RTC_NoFalsePositives@@3QBHB 0000000180025918     MSVCRTD:error.obj
 0003:00002930       ?stack_premsg@@3QBDB       0000000180025930     MSVCRTD:error.obj
 0003:00002950       ?stack_postmsg@@3QBDB      0000000180025950     MSVCRTD:error.obj
 0003:00002968       ?uninit_premsg@@3QBDB      0000000180025968     MSVCRTD:error.obj
 0003:00002978       ?uninit_postmsg@@3QBDB     0000000180025978     MSVCRTD:error.obj
 0003:00002ff8       ?_RTC_errlist@@3QBQEBDB    0000000180025ff8     MSVCRTD:userapi.obj
 0003:00003100       GS_ExceptionPointers       0000000180026100     MSVCRTD:gs_report.obj
 0003:00003118       ?mspdbName@@3QB_WB         0000000180026118     MSVCRTD:pdblkup.obj
 0003:00003148       ?debugCrtFileName@@3QB_WB  0000000180026148     MSVCRTD:pdblkup.obj
 0003:000032e0       ?dllExt@?1??GetPdbDllPathFromFilePath@@YAHPEB_WPEA_W_K@Z@4QB_WB 00000001800262e0     MSVCRTD:pdblkup.obj
 0003:000032f0       ?mspdbFilename@?1??GetPdbDllPathFromFilePath@@YAHPEB_WPEA_W_K@Z@4QB_WB 00000001800262f0     MSVCRTD:pdblkup.obj
 0003:00003ba8       _RTC_InitBase.rtc$IMZ      0000000180026ba8     p5engine.obj
 0003:00003ed8       _RTC_Shutdown.rtc$TMZ      0000000180026ed8     p5engine.obj
 0003:000040f8       $unwind$GetController      00000001800270f8     p5engine.obj
 0003:0000410c       $unwind$?InitializeArena@@YAXPEAUmemory_arena@@_KPEAX@Z 000000018002710c     p5engine.obj
 0003:00004120       $unwind$?PushSize_@@YAPEAXPEAUmemory_arena@@_K@Z 0000000180027120     p5engine.obj
 0003:00004134       $unwind$?ZeroSize@@YAX_KPEAX@Z 0000000180027134     p5engine.obj
 0003:00004148       $unwind$?SquareRoot@@YAMM@Z 0000000180027148     p5engine.obj
 0003:0000415c       $unwind$?AbsoluteValue@@YAMM@Z 000000018002715c     p5engine.obj
 0003:00004170       $unwind$?RotateLeft@@YAIIH@Z 0000000180027170     p5engine.obj
 0003:00004184       $unwind$?RoundReal32ToInt32@@YAHM@Z 0000000180027184     p5engine.obj
 0003:00004198       $unwind$?RoundReal32ToUInt32@@YAIM@Z 0000000180027198     p5engine.obj
 0003:000041ac       $unwind$?Sin@@YAMM@Z       00000001800271ac     p5engine.obj
 0003:000041c0       $unwind$?FindLeastSignificantSetBit@@YA?AUbit_scan_result@@I@Z 00000001800271c0     p5engine.obj
[...]
 0003:00004438       $unwind$?GetLowEntity@@YAPEAUlow_entity@@PEAUgame_state@@I@Z 0000000180027438     p5engine.obj
 0003:0000444c       $unwind$?NullPosition@@YA?AUworld_position@@XZ 000000018002744c     p5engine.obj
 0003:00004468       $unwind$?IsValid@@YAHUworld_position@@@Z 0000000180027468     p5engine.obj
 0003:0000447c       $unwind$?IsCanonical@@YAHPEAUworld@@M@Z 000000018002747c     p5engine.obj
 0003:00004490       $unwind$?IsCanonical@@YAHPEAUworld@@Tv2@@@Z 0000000180027490     p5engine.obj
 0003:000044a4       $unwind$?AreInSameChunk@@YAHPEAUworld@@PEAUworld_position@@1@Z 00000001800274a4     p5engine.obj
 0003:000044b8       $unwind$?GetWorldChunk@@YAPEAUworld_chunk@@PEAUworld@@HHHPEAUmemory_arena@@@Z 00000001800274b8     p5engine.obj
 0003:000044cc       $unwind$?InitializeWorld@@YAXPEAUworld@@M@Z 00000001800274cc     p5engine.obj
 0003:000044e0       $unwind$?RecanonicalizeCoord@@YAXPEAUworld@@PEAHPEAM@Z 00000001800274e0     p5engine.obj
 0003:000044f4       $unwind$?MapIntoChunkSpace@@YA?AUworld_position@@PEAUworld@@U1@Tv2@@@Z 00000001800274f4     p5engine.obj
 0003:00004510       $unwind$?ChunkPositionFromTilePosition@@YA?AUworld_position@@PEAUworld@@HHH@Z 0000000180027510     p5engine.obj
 0003:0000452c       $unwind$?Subtract@@YA?ATv3@@PEAUworld@@PEAUworld_position@@1@Z 000000018002752c     p5engine.obj
 0003:00004548       $unwind$?ChangeEntityLocationRaw@@YAXPEAUmemory_arena@@PEAUworld@@IPEAUworld_position@@2@Z 0000000180027548     p5engine.obj
 0003:0000455c       $unwind$?ChangeEntityLocation@@YAXPEAUmemory_arena@@PEAUworld@@IPEAUlow_entity@@Uworld_position@@@Z 000000018002755c     p5engine.obj
 0003:00004570       $unwind$?GetHashFromStorageIndex@@YAPEAUsim_entity_hash@@PEAUsim_region@@I@Z 0000000180027570     p5engine.obj
 0003:00004584       $unwind$?AddEntity@@YAPEAUsim_entity@@PEAUgame_state@@PEAUsim_region@@IPEAUlow_entity@@PEATv2@@@Z 0000000180027584     p5engine.obj
 0003:00004598       $unwind$?LoadEntityReference@@YAXPEAUgame_state@@PEAUsim_region@@PEATentity_reference@@@Z 0000000180027598     p5engine.obj
 0003:000045ac       $unwind$?StoreEntityReference@@YAXPEATentity_reference@@@Z 00000001800275ac     p5engine.obj
 0003:000045c0       $unwind$?AddEntityRaw@@YAPEAUsim_entity@@PEAUgame_state@@PEAUsim_region@@IPEAUlow_entity@@@Z 00000001800275c0     p5engine.obj
 0003:000045d4       $unwind$?GetSimSpacePos@@YA?ATv2@@PEAUsim_region@@PEAUlow_entity@@@Z 00000001800275d4     p5engine.obj
 0003:000045e8       $unwind$?BeginSim@@YAPEAUsim_region@@PEAUmemory_arena@@PEAUgame_state@@PEAUworld@@Uworld_position@@Urectangle2@@@Z 00000001800275e8     p5engine.obj
 0003:00004604       $unwind$?EndSim@@YAXPEAUsim_region@@PEAUgame_state@@@Z 0000000180027604     p5engine.obj
 0003:00004618       $unwind$?TestWall@@YAHMMMMMPEAMMM@Z 0000000180027618     p5engine.obj
 0003:0000462c       $unwind$?MoveEntity@@YAXPEAUsim_region@@PEAUsim_entity@@MPEAUmove_spec@@Tv2@@@Z 000000018002762c     p5engine.obj
 0003:00004648       $unwind$?DefaultMoveSpec@@YA?AUmove_spec@@XZ 0000000180027648     p5engine.obj
 0003:00004664       $unwind$?UpdateFamiliar@@YAXPEAUsim_region@@PEAUsim_entity@@M@Z 0000000180027664     p5engine.obj
 0003:00004680       $unwind$?UpdateMonster@@YAXPEAUsim_region@@PEAUsim_entity@@M@Z 0000000180027680     p5engine.obj
 0003:00004694       $unwind$?UpdateSword@@YAXPEAUsim_region@@PEAUsim_entity@@M@Z 0000000180027694     p5engine.obj
 0003:000046b0       $unwind$?GameOutputSound@@YAXPEAUgame_state@@PEAUgame_sound_output_buffer@@H@Z 00000001800276b0     p5engine.obj
 0003:000046c4       $unwind$?DrawRectangle@@YAXPEAUgame_offscreen_buffer@@Tv2@@1MMM@Z 00000001800276c4     p5engine.obj
 0003:000046d8       $unwind$?DrawBitmap@@YAXPEAUgame_offscreen_buffer@@PEAUloaded_bitmap@@MMM@Z 00000001800276d8     p5engine.obj
 0003:000046ec       $unwind$?DEBUGLoadBMP@@YA?AUloaded_bitmap@@PEAUthread_context@@P6A?AUdebug_read_file_result@@0PEAD@Z1@Z 00000001800276ec     p5engine.obj
 0003:00004708       $unwind$?AddLowEntity@@YA?AUadd_low_entity_result@@PEAUgame_state@@W4entity_type@@Uworld_position@@@Z 0000000180027708     p5engine.obj
 0003:00004724       $unwind$?AddWall@@YA?AUadd_low_entity_result@@PEAUworld@@PEAUgame_state@@III@Z 0000000180027724     p5engine.obj
 0003:00004738       $unwind$?InitHitPoints@@YAXPEAUlow_entity@@I@Z 0000000180027738     p5engine.obj
 0003:0000474c       $unwind$?AddSword@@YA?AUadd_low_entity_result@@PEAUgame_state@@@Z 000000018002774c     p5engine.obj
 0003:00004760       $unwind$?AddPlayer@@YA?AUadd_low_entity_result@@PEAUgame_state@@@Z 0000000180027760     p5engine.obj
 0003:00004774       $unwind$?AddMonstar@@YA?AUadd_low_entity_result@@PEAUgame_state@@III@Z 0000000180027774     p5engine.obj
 0003:00004788       $unwind$?AddFamiliar@@YA?AUadd_low_entity_result@@PEAUgame_state@@III@Z 0000000180027788     p5engine.obj
 0003:0000479c       $unwind$?PushPiece@@YAXPEAUentity_visible_piece_group@@PEAUloaded_bitmap@@Tv2@@2M2Tv4@@M@Z 000000018002779c     p5engine.obj
 0003:000047b0       $unwind$?PushBitmap@@YAXPEAUentity_visible_piece_group@@PEAUloaded_bitmap@@Tv2@@M2MM@Z 00000001800277b0     p5engine.obj
 0003:000047c4       $unwind$?PushRect@@YAXPEAUentity_visible_piece_group@@Tv2@@M1Tv4@@M@Z 00000001800277c4     p5engine.obj
 0003:000047d8       $unwind$?DrawHitpoints@@YAXPEAUsim_entity@@PEAUentity_visible_piece_group@@@Z 00000001800277d8     p5engine.obj
 0003:000047f4       $unwind$GameUpdateAndRender 00000001800277f4     p5engine.obj
 0003:00004810       $unwind$GameGetSoundSamples 0000000180027810     p5engine.obj
 0003:00004824       $unwind$_RTC_CheckStackVars 0000000180027824     MSVCRTD:stack.obj
 0003:00004838       $chain$0$_RTC_CheckStackVars 0000000180027838     MSVCRTD:stack.obj
 0003:00004850       $chain$1$_RTC_CheckStackVars 0000000180027850     MSVCRTD:stack.obj
 0003:00004864       $unwind$_RTC_CheckStackVars2 0000000180027864     MSVCRTD:stack.obj
 0003:00004874       $chain$1$_RTC_CheckStackVars2 0000000180027874     MSVCRTD:stack.obj
 0003:00004890       $chain$2$_RTC_CheckStackVars2 0000000180027890     MSVCRTD:stack.obj
 0003:000048a8       $chain$3$_RTC_CheckStackVars2 00000001800278a8     MSVCRTD:stack.obj
 0003:000048c0       $chain$4$_RTC_CheckStackVars2 00000001800278c0     MSVCRTD:stack.obj
 0003:000048d4       $chain$5$_RTC_CheckStackVars2 00000001800278d4     MSVCRTD:stack.obj
 0003:000048e8       $chain$6$_RTC_CheckStackVars2 00000001800278e8     MSVCRTD:stack.obj
 0003:000048fc       $unwind$_RTC_AllocaHelper  00000001800278fc     MSVCRTD:stack.obj
 0003:00004904       $chain$0$_RTC_AllocaHelper 0000000180027904     MSVCRTD:stack.obj
 0003:0000491c       $chain$1$_RTC_AllocaHelper 000000018002791c     MSVCRTD:stack.obj
 0003:00004930       $unwind$_RTC_Shutdown      0000000180027930     MSVCRTD:init.obj
 0003:00004938       $unwind$_RTC_InitBase      0000000180027938     MSVCRTD:init.obj
 0003:00004940       $unwind$__CheckForDebuggerJustMyCode 0000000180027940     MSVCRTD:debugger_jmc.obj
 0003:00004948       $unwind$__GSHandlerCheckCommon 0000000180027948     MSVCRTD:gshandler.obj
 0003:00004950       $unwind$__GSHandlerCheck   0000000180027950     MSVCRTD:gshandler.obj
 0003:00004958       $xdatasym                  0000000180027958     MSVCRTD:chkstk.obj
 0003:00004960       $xdatasym                  0000000180027960     MSVCRTD:amdsecgs.obj
 0003:00004964       $unwind$?dllmain_crt_process_attach@@YAHQEAUHINSTANCE__@@QEAX@Z 0000000180027964     MSVCRTD:dll_dllmain.obj
 0003:00004988       $unwind$?fin$0@?0??dllmain_crt_process_attach@@YAHQEAUHINSTANCE__@@QEAX@Z@4HA 0000000180027988     MSVCRTD:dll_dllmain.obj
 0003:00004990       $unwind$?dllmain_crt_process_detach@@YAH_N@Z 0000000180027990     MSVCRTD:dll_dllmain.obj
 0003:000049c4       $unwind$?fin$0@?0??dllmain_crt_process_detach@@YAH_N@Z@4HA 00000001800279c4     MSVCRTD:dll_dllmain.obj
 0003:000049cc       $unwind$?fin$1@?0??dllmain_crt_process_detach@@YAH_N@Z@4HA 00000001800279cc     MSVCRTD:dll_dllmain.obj
 0003:000049d4       $unwind$?dllmain_crt_dispatch@@YAHQEAUHINSTANCE__@@KQEAX@Z 00000001800279d4     MSVCRTD:dll_dllmain.obj
 0003:000049dc       $unwind$_CRT_INIT          00000001800279dc     MSVCRTD:dll_dllmain.obj
 0003:000049e4       $unwind$?dllmain_raw@@YAHQEAUHINSTANCE__@@KQEAX@Z 00000001800279e4     MSVCRTD:dll_dllmain.obj
 0003:000049ec       $unwind$?dllmain_dispatch@@YAHQEAUHINSTANCE__@@KQEAX@Z 00000001800279ec     MSVCRTD:dll_dllmain.obj
 0003:00004a10       $unwind$?filt$0@?0??dllmain_dispatch@@YAHQEAUHINSTANCE__@@KQEAX@Z@4HA 0000000180027a10     MSVCRTD:dll_dllmain.obj
 0003:00004a18       $unwind$_DllMainCRTStartup 0000000180027a18     MSVCRTD:dll_dllmain.obj
 0003:00004a20       $unwind$_RTC_UninitUse     0000000180027a20     MSVCRTD:error.obj
 0003:00004a3c       $unwind$?_RTC_StackFailure@@YAXPEAXPEBD@Z 0000000180027a3c     MSVCRTD:error.obj
 0003:00004a5c       $unwind$?_RTC_AllocaFailure@@YAXPEAXPEAU_RTC_ALLOCA_NODE@@H@Z 0000000180027a5c     MSVCRTD:error.obj
 0003:00004a78       $chain$0$?_RTC_AllocaFailure@@YAXPEAXPEAU_RTC_ALLOCA_NODE@@H@Z 0000000180027a78     MSVCRTD:error.obj
 0003:00004a90       $chain$1$?_RTC_AllocaFailure@@YAXPEAXPEAU_RTC_ALLOCA_NODE@@H@Z 0000000180027a90     MSVCRTD:error.obj
 0003:00004aa4       $unwind$_vsprintf_s_l      0000000180027aa4     MSVCRTD:error.obj
 0003:00004abc       $unwind$sprintf_s          0000000180027abc     MSVCRTD:error.obj
 0003:00004ac4       $unwind$?notify_debugger@@YAXAEBUtagEXCEPTION_VISUALCPP_DEBUG_INFO@@@Z 0000000180027ac4     MSVCRTD:error.obj
 0003:00004ae8       $unwind$?filt$0@?0??notify_debugger@@YAXAEBUtagEXCEPTION_VISUALCPP_DEBUG_INFO@@@Z@4HA 0000000180027ae8     MSVCRTD:error.obj
 0003:00004af0       $unwind$?DebuggerProbe@@YA_NK@Z 0000000180027af0     MSVCRTD:error.obj
 0003:00004af8       $unwind$?DebuggerRuntime@@YA_NKHPEAXPEB_W@Z 0000000180027af8     MSVCRTD:error.obj
 0003:00004b00       $unwind$?failwithmessage@@YAXPEAXHHPEBD@Z 0000000180027b00     MSVCRTD:error.obj
 0003:00004b28       $unwind$?_getMemBlockDataString@@YAXPEAD0PEBD_K@Z 0000000180027b28     MSVCRTD:error.obj
 0003:00004b3c       $chain$3$?_getMemBlockDataString@@YAXPEAD0PEBD_K@Z 0000000180027b3c     MSVCRTD:error.obj
 0003:00004b60       $chain$4$?_getMemBlockDataString@@YAXPEAD0PEBD_K@Z 0000000180027b60     MSVCRTD:error.obj
 0003:00004b74       $unwind$__report_securityfailure 0000000180027b74     MSVCRTD:gs_report.obj
 0003:00004b7c       $unwind$__report_securityfailureEx 0000000180027b7c     MSVCRTD:gs_report.obj
 0003:00004b84       $unwind$__report_rangecheckfailure 0000000180027b84     MSVCRTD:gs_report.obj
 0003:00004b8c       $unwind$__report_gsfailure 0000000180027b8c     MSVCRTD:gs_report.obj
 0003:00004b94       $unwind$capture_current_context 0000000180027b94     MSVCRTD:gs_report.obj
 0003:00004b9c       $unwind$capture_previous_context 0000000180027b9c     MSVCRTD:gs_report.obj
 0003:00004ba4       $unwind$__raise_securityfailure 0000000180027ba4     MSVCRTD:gs_report.obj
 0003:00004bac       $unwind$__security_init_cookie 0000000180027bac     MSVCRTD:gs_support.obj
 0003:00004bb4       $unwind$__get_entropy      0000000180027bb4     MSVCRTD:gs_support.obj
 0003:00004bbc       $unwind$DllMain            0000000180027bbc     MSVCRTD:dll_dllmain_stub.obj
 0003:00004bc4       $unwind$?__scrt_initialize_type_info@@YAXXZ 0000000180027bc4     MSVCRTD:tncleanup.obj
 0003:00004bcc       $unwind$?__scrt_uninitialize_type_info@@YAXXZ 0000000180027bcc     MSVCRTD:tncleanup.obj
 0003:00004bd4       $unwind$__scrt_initialize_default_local_stdio_options 0000000180027bd4     MSVCRTD:default_local_stdio_options.obj
 0003:00004bdc       $unwind$atexit             0000000180027bdc     MSVCRTD:utility.obj
 0003:00004be4       $unwind$_onexit            0000000180027be4     MSVCRTD:utility.obj
 0003:00004bec       $unwind$at_quick_exit      0000000180027bec     MSVCRTD:utility.obj
 0003:00004bf4       $unwind$__scrt_is_nonwritable_in_current_image 0000000180027bf4     MSVCRTD:utility.obj
 0003:00004c18       $unwind$__scrt_is_nonwritable_in_current_image$filt$0 0000000180027c18     MSVCRTD:utility.obj
 0003:00004c20       $unwind$__scrt_acquire_startup_lock 0000000180027c20     MSVCRTD:utility.obj
 0003:00004c28       $unwind$__scrt_release_startup_lock 0000000180027c28     MSVCRTD:utility.obj
 0003:00004c30       $unwind$__scrt_initialize_crt 0000000180027c30     MSVCRTD:utility.obj
 0003:00004c38       $unwind$__scrt_uninitialize_crt 0000000180027c38     MSVCRTD:utility.obj
 0003:00004c40       $unwind$__scrt_initialize_onexit_tables 0000000180027c40     MSVCRTD:utility.obj
 0003:00004c50       $unwind$__scrt_dllmain_exception_filter 0000000180027c50     MSVCRTD:utility.obj
 0003:00004c58       $unwind$__scrt_dllmain_before_initialize_c 0000000180027c58     MSVCRTD:utility.obj
 0003:00004c60       $unwind$__scrt_dllmain_after_initialize_c 0000000180027c60     MSVCRTD:utility.obj
 0003:00004c68       $unwind$__scrt_dllmain_uninitialize_c 0000000180027c68     MSVCRTD:utility.obj
 0003:00004c70       $unwind$__scrt_dllmain_uninitialize_critical 0000000180027c70     MSVCRTD:utility.obj
 0003:00004c78       $unwind$__scrt_dllmain_crt_thread_attach 0000000180027c78     MSVCRTD:utility.obj
 0003:00004c80       $unwind$__scrt_dllmain_crt_thread_detach 0000000180027c80     MSVCRTD:utility.obj
 0003:00004c88       $unwind$?configure_argv@__scrt_narrow_argv_policy@@SAHXZ 0000000180027c88     MSVCRTD:utility.obj
 0003:00004c90       $unwind$?initialize_environment@__scrt_narrow_environment_policy@@SAHXZ 0000000180027c90     MSVCRTD:utility.obj
 0003:00004c98       $unwind$?is_potentially_valid_image_base@@YA_NQEAX@Z 0000000180027c98     MSVCRTD:utility.obj
 0003:00004ca0       $unwind$?find_pe_section@@YAPEAU_IMAGE_SECTION_HEADER@@QEAE_K@Z 0000000180027ca0     MSVCRTD:utility.obj
 0003:00004ca8       $unwind$__scrt_get_show_window_mode 0000000180027ca8     MSVCRTD:utility_desktop.obj
 0003:00004cb8       $unwind$__scrt_is_managed_app 0000000180027cb8     MSVCRTD:utility_desktop.obj
 0003:00004cc0       $unwind$__scrt_initialize_mta 0000000180027cc0     MSVCRTD:utility_desktop.obj
 0003:00004cc8       $unwind$__scrt_set_unhandled_exception_filter 0000000180027cc8     MSVCRTD:utility_desktop.obj
 0003:00004cd0       $unwind$__scrt_fastfail    0000000180027cd0     MSVCRTD:utility_desktop.obj
 0003:00004ce0       $unwind$__scrt_unhandled_exception_filter 0000000180027ce0     MSVCRTD:utility_desktop.obj
 0003:00004ce8       $unwind$_RTC_Initialize    0000000180027ce8     MSVCRTD:initsect.obj
 0003:00004cf8       $unwind$_RTC_Terminate     0000000180027cf8     MSVCRTD:initsect.obj
 0003:00004d08       $unwind$ReadNoFence64      0000000180027d08     MSVCRTD:guard_support.obj
 0003:00004d10       $unwind$ReadPointerNoFence 0000000180027d10     MSVCRTD:guard_support.obj
 0003:00004d18       $unwind$_guard_icall_checks_enforced 0000000180027d18     MSVCRTD:guard_support.obj
 0003:00004d20       $unwind$__castguard_compat_check 0000000180027d20     MSVCRTD:guard_support.obj
 0003:00004d28       $unwind$__castguard_check_failure_debugbreak 0000000180027d28     MSVCRTD:guard_support.obj
 0003:00004d30       $unwind$__castguard_check_failure_fastfail 0000000180027d30     MSVCRTD:guard_support.obj
 0003:00004d38       $unwind$__castguard_check_failure_os_handled 0000000180027d38     MSVCRTD:guard_support.obj
 0003:00004d40       $unwind$__castguard_slow_path_compat_check 0000000180027d40     MSVCRTD:guard_support.obj
 0003:00004d48       $unwind$__castguard_slow_path_check_debugbreak 0000000180027d48     MSVCRTD:guard_support.obj
 0003:00004d50       $unwind$__castguard_slow_path_check_fastfail 0000000180027d50     MSVCRTD:guard_support.obj
 0003:00004d58       $unwind$__castguard_slow_path_check_os_handled 0000000180027d58     MSVCRTD:guard_support.obj
 0003:00004d60       $unwind$?_RTC_GetSrcLine@@YAHPEAEPEA_WKPEAH1K@Z 0000000180027d60     MSVCRTD:pdblkup.obj
 0003:00004d7c       $unwind$?GetPdbDllFromInstallPath@@YAPEAUHINSTANCE__@@XZ 0000000180027d7c     MSVCRTD:pdblkup.obj
 0003:00004da4       $unwind$?GetPdbDllPathFromFilePath@@YAHPEB_WPEA_W_K@Z 0000000180027da4     MSVCRTD:pdblkup.obj
 0003:00004dc0       $unwind$?GetPdbDll@@YAPEAUHINSTANCE__@@XZ 0000000180027dc0     MSVCRTD:pdblkup.obj
 0003:00004dd4       $unwind$__isa_available_init 0000000180027dd4     MSVCRTD:cpu_disp.obj
 0003:00004de8       $unwind$__scrt_is_ucrt_dll_in_use 0000000180027de8     MSVCRTD:ucrt_detection.obj
 0003:00004df0       $xdatasym                  0000000180027df0     MSVCRTD:guard_dispatch.obj
 0003:00004df8       $xdatasym                  0000000180027df8     MSVCRTD:guard_xfg_dispatch.obj
 0003:00005090       .edata                     0000000180028090     P5Engine.exp
 0003:000050b8       rgpv                       00000001800280b8     P5Engine.exp
 0003:000050c0       rgszName                   00000001800280c0     P5Engine.exp
 0003:000050c8       rgwOrd                     00000001800280c8     P5Engine.exp
 0003:000050cc       szName                     00000001800280cc     P5Engine.exp
 0003:000050d9       $N00001                    00000001800280d9     P5Engine.exp
 0003:000050ed       $N00002                    00000001800280ed     P5Engine.exp
 0004:00000000       ?RandomNumberTable@@3PAIA  0000000180029000     p5engine.obj
 0004:00004e40       ?init@?1??_RTC_InitBase@@9@4_NA 000000018002de40     MSVCRTD:init.obj
 0004:00004e44       ?__proc_attached@@3HA      000000018002de44     MSVCRTD:dll_dllmain.obj
 0004:00004e58       ?_RTC_ErrorReportFunc@@3P6AHHPEBDH00ZZEA 000000018002de58     MSVCRTD:userapi.obj
 0004:00004e60       ?_RTC_ErrorReportFuncW@@3P6AHHPEB_WH00ZZEA 000000018002de60     MSVCRTD:userapi.obj
 0004:00004e70       GS_ExceptionRecord         000000018002de70     MSVCRTD:gs_report.obj
 0004:00004f10       GS_ContextRecord           000000018002df10     MSVCRTD:gs_report.obj
 0004:00005538       ?is_initialized_as_dll@@3_NA 000000018002e538     MSVCRTD:utility.obj
 0004:00005539       ?module_local_atexit_table_initialized@@3_NA 000000018002e539     MSVCRTD:utility.obj
 0004:00005540       ?module_local_atexit_table@@3U_onexit_table_t@@A 000000018002e540     MSVCRTD:utility.obj
 0004:00005558       ?module_local_at_quick_exit_table@@3U_onexit_table_t@@A 000000018002e558     MSVCRTD:utility.obj
 0004:00005598       ?mspdb@@3PEAUHINSTANCE__@@EA 000000018002e598     MSVCRTD:pdblkup.obj
 0004:000055a1       ?alreadyTried@?1??GetPdbDll@@YAPEAUHINSTANCE__@@XZ@4_NA 000000018002e5a1     MSVCRTD:pdblkup.obj
 0004:000055a2       ?PDBOK@?1??_RTC_GetSrcLine@@YAHPEAEPEA_WKPEAH1K@Z@4_NA 000000018002e5a2     MSVCRTD:pdblkup.obj
 0006:000007aa       .idata$6                   00000001800327aa     vcruntimed:VCRUNTIME140D.dll
 0006:0000095a       .idata$6                   000000018003295a     ucrtd:ucrtbased.dll
 0006:00000b9c       .idata$6                   0000000180032b9c     kernel32:KERNEL32.dll
 0007:00000000       __5C0B09BC_p5engine_platform@h 0000000180033000     p5engine.obj
 0007:00000001       __09340588_corecrt_math@h  0000000180033001     p5engine.obj
 0007:00000002       __B0C4CEA9_malloc@h        0000000180033002     p5engine.obj
 0007:00000003       __3A0418DB_p5engine_intrinsics@h 0000000180033003     p5engine.obj
 0007:00000004       __6D6C9F34_p5engine_math@h 0000000180033004     p5engine.obj
 0007:00000005       __326D9465_p5engine_entity@h 0000000180033005     p5engine.obj
 0007:00000006       __B7D51BCB_p5engine@h      0000000180033006     p5engine.obj
 0007:00000007       __DC0D61CC_p5engine_world@cpp 0000000180033007     p5engine.obj
 0007:00000008       __5DD8E4E4_p5engine_sim_region@cpp 0000000180033008     p5engine.obj
 0007:00000009       __9C871DF9_p5engine_entity@cpp 0000000180033009     p5engine.obj
 0007:0000000a       __D1049797_p5engine@cpp    000000018003300a     p5engine.obj
 0009:00000170       $R000000                   0000000180035170     * linker generated manifest res *
