 P5Engine

 Timestamp is 612c4489 (Sun Aug 29 19:38:01 2021)

 Preferred load address is 0000000180000000

 Start         Length     Name                   Class
 0001:00000000 00010000H .textbss                DATA
 0002:00000000 00011140H .text$mn                CODE
 0002:00011140 00001040H .text$mn$00             CODE
 0002:00012180 00001141H .text$x                 CODE
 0003:00000000 00000110H .CRT$XCA                DATA
 0003:00000110 00000110H .CRT$XCZ                DATA
 0003:00000220 00000110H .CRT$XIA                DATA
 0003:00000330 00000110H .CRT$XIZ                DATA
 0003:00000440 00000110H .CRT$XPA                DATA
 0003:00000550 00000110H .CRT$XPZ                DATA
 0003:00000660 00000110H .CRT$XTA                DATA
 0003:00000770 00000110H .CRT$XTZ                DATA
 0003:00000880 00003080H .rdata                  DATA
 0003:00003900 00000110H .rdata$CastGuardVftablesA DATA
 0003:00003a10 0000010cH .rdata$CastGuardVftablesC DATA
 0003:00003b1c 0000017cH .rdata$zzzdbg           DATA
 0003:00003c98 00000110H .rtc$IAA                DATA
 0003:00003da8 00000110H .rtc$IMZ                DATA
 0003:00003eb8 00000110H .rtc$IZZ                DATA
 0003:00003fc8 00000110H .rtc$TAA                DATA
 0003:000040d8 00000110H .rtc$TMZ                DATA
 0003:000041e8 00000110H .rtc$TZZ                DATA
 0003:000042f8 00000ff8H .xdata                  DATA
 0003:000052f0 00000187H .edata                  DATA
 0004:00000000 00004e40H .data                   DATA
 0004:00004e40 00000788H .bss                    DATA
 0005:00000000 0000258cH .pdata                  DATA
 0006:00000000 00000340H .idata$5                DATA
 0006:00000340 0000003cH .idata$2                DATA
 0006:0000037c 00000014H .idata$3                DATA
 0006:00000390 00000340H .idata$4                DATA
 0006:000006d0 00000656H .idata$6                DATA
 0007:00000000 0000010dH .msvcjmc                DATA
 0008:00000000 00000151H .00cfg                  DATA
 0009:00000000 00000170H .rsrc$01                DATA
 0009:00000170 000001b6H .rsrc$02                DATA

  Address         Publics by Value              Rva+Base               Lib:Object

 0000:00000000       __x64_code_ranges_to_entry_points_count 0000000000000000     <absolute>
 0000:00000000       __hybrid_auxiliary_iat_copy 0000000000000000     <absolute>
 0000:00000000       __hybrid_auxiliary_iat     0000000000000000     <absolute>
 0000:00000000       __dynamic_value_reloc_table 0000000000000000     <absolute>
 0000:00000000       __guard_longjmp_count      0000000000000000     <absolute>
 0000:00000000       __guard_iat_count          0000000000000000     <absolute>
 0000:00000000       __guard_iat_table          0000000000000000     <absolute>
 0000:00000000       __arm64x_redirection_metadata 0000000000000000     <absolute>
 0000:00000000       ___safe_se_handler_table   0000000000000000     <absolute>
 0000:00000000       __hybrid_code_map_count    0000000000000000     <absolute>
 0000:00000000       __AbsoluteZero             0000000000000000     <absolute>
 0000:00000000       __guard_check_icall_a64n_fptr 0000000000000000     <absolute>
 0000:00000000       __guard_longjmp_table      0000000000000000     <absolute>
 0000:00000000       __guard_fids_table         0000000000000000     <absolute>
 0000:00000000       __x64_code_ranges_to_entry_points 0000000000000000     <absolute>
 0000:00000000       __guard_fids_count         0000000000000000     <absolute>
 0000:00000000       __guard_eh_cont_count      0000000000000000     <absolute>
 0000:00000000       __arm64x_extra_rfe_table   0000000000000000     <absolute>
 0000:00000000       __arm64x_native_entrypoint 0000000000000000     <absolute>
 0000:00000000       __hybrid_code_map          0000000000000000     <absolute>
 0000:00000000       __volatile_metadata        0000000000000000     <absolute>
 0000:00000000       __arm64x_extra_rfe_table_size 0000000000000000     <absolute>
 0000:00000000       __guard_eh_cont_table      0000000000000000     <absolute>
 0000:00000000       ___safe_se_handler_count   0000000000000000     <absolute>
 0000:00000000       __arm64x_redirection_metadata_count 0000000000000000     <absolute>
 0000:00000000       __enclave_config           0000000000000000     <absolute>
 0000:00000100       __guard_flags              0000000000000100     <absolute>
 0000:00000000       __ImageBase                0000000180000000     <linker-defined>
 0001:00000000       __enc$textbss$begin        0000000180001000     <linker-defined>
 0001:00010000       __enc$textbss$end          0000000180011000     <linker-defined>
 0002:00000910       ??D@YA?ATv2@@MT0@@Z        0000000180011910 f i p5engine.obj
 0002:00000a00       ??D@YA?ATv3@@MT0@@Z        0000000180011a00 f i p5engine.obj
 0002:00000b40       ??D@YA?ATv3@@T0@M@Z        0000000180011b40 f i p5engine.obj
 0002:00000c40       ??G@YA?ATv2@@T0@0@Z        0000000180011c40 f i p5engine.obj
 0002:00000d30       ??G@YA?ATv3@@T0@0@Z        0000000180011d30 f i p5engine.obj
 0002:00000e80       ??H@YA?ATv2@@T0@0@Z        0000000180011e80 f i p5engine.obj
 0002:00000f70       ??H@YA?ATv3@@T0@0@Z        0000000180011f70 f i p5engine.obj
 0002:000010c0       ??X@YAAEATv3@@AEAT0@M@Z    00000001800120c0 f i p5engine.obj
 0002:00001180       ??Y@YAAEATv2@@AEAT0@T0@@Z  0000000180012180 f i p5engine.obj
 0002:00001200       ??Y@YAAEATv3@@AEAT0@T0@@Z  0000000180012200 f i p5engine.obj
 0002:000012e0       ??Z@YAAEATv3@@AEAT0@T0@@Z  00000001800122e0 f i p5engine.obj
 0002:000013c0       ?AbsoluteValue@@YAMM@Z     00000001800123c0 f i p5engine.obj
 0002:00001b20       ?AddFlag@@YAXPEAUsim_entity@@W4entity_flag@@@Z 0000000180012b20 f i p5engine.obj
 0002:00002170       ?AddRadiusTo@@YA?AUrectangle3@@U1@Tv3@@@Z 0000000180013170 f i p5engine.obj
 0002:00002660       ?AreInSameChunk@@YAHPEAUworld@@PEAUworld_position@@1@Z 0000000180013660 f i p5engine.obj
 0002:00003040       ?ChangeEntityLocationRaw@@YAXPEAUmemory_arena@@PEAUworld@@IPEAUworld_position@@2@Z 0000000180014040 f i p5engine.obj
 0002:00003540       ?ChunkPositionFromTilePosition@@YA?AUworld_position@@PEAUworld@@HHH@Z 0000000180014540 f i p5engine.obj
 0002:000038b0       ?ClearFlag@@YAXPEAUsim_entity@@W4entity_flag@@@Z 00000001800148b0 f i p5engine.obj
 0002:00003da0       ?DefaultMoveSpec@@YA?AUmove_spec@@XZ 0000000180014da0 f i p5engine.obj
 0002:00004d40       ?FindLeastSignificantSetBit@@YA?AUbit_scan_result@@I@Z 0000000180015d40 f i p5engine.obj
 0002:00005010       ?GetLowEntity@@YAPEAUlow_entity@@PEAUgame_state@@I@Z 0000000180016010 f i p5engine.obj
 0002:000050b0       ?GetMaxCorner@@YA?ATv3@@Urectangle3@@@Z 00000001800160b0 f i p5engine.obj
 0002:00005170       ?GetMinCorner@@YA?ATv3@@Urectangle3@@@Z 0000000180016170 f i p5engine.obj
 0002:00005230       ?GetSimSpacePos@@YA?ATv3@@PEAUsim_region@@PEAUlow_entity@@@Z 0000000180016230 f i p5engine.obj
 0002:000053b0       ?GetWorldChunk@@YAPEAUworld_chunk@@PEAUworld@@HHHPEAUmemory_arena@@@Z 00000001800163b0 f i p5engine.obj
 0002:00005630       ?Hadamard@@YA?ATv3@@T1@0@Z 0000000180016630 f i p5engine.obj
 0002:00005870       ?HasFlag@@YAHPEAUsim_entity@@W4entity_flag@@@Z 0000000180016870 f i p5engine.obj
 0002:00005990       ?InitializeArena@@YAXPEAUmemory_arena@@_KPEAX@Z 0000000180016990 f i p5engine.obj
 0002:00005b70       ?Inner@@YAMTv3@@0@Z        0000000180016b70 f i p5engine.obj
 0002:00005c20       ?IsCanonical@@YAHMM@Z      0000000180016c20 f i p5engine.obj
 0002:00005cf0       ?IsCanonical@@YAHPEAUworld@@Tv3@@@Z 0000000180016cf0 f i p5engine.obj
 0002:00005dd0       ?IsInRectangle@@YAHUrectangle3@@Tv3@@@Z 0000000180016dd0 f i p5engine.obj
 0002:00005ef0       ?IsValid@@YAHUworld_position@@@Z 0000000180016ef0 f i p5engine.obj
 0002:00005f60       ?Length@@YAMTv3@@@Z        0000000180016f60 f i p5engine.obj
 0002:00005fe0       ?LengthSq@@YAMTv3@@@Z      0000000180016fe0 f i p5engine.obj
 0002:00006080       ?LoadEntityReference@@YAXPEAUgame_state@@PEAUsim_region@@PEATentity_reference@@@Z 0000000180017080 f i p5engine.obj
 0002:00006220       ?MakeEntityNonSpatial@@YAXPEAUsim_entity@@@Z 0000000180017220 f i p5engine.obj
 0002:000062e0       ?MakeEntitySpatial@@YAXPEAUsim_entity@@Tv3@@1@Z 00000001800172e0 f i p5engine.obj
 0002:00006380       ?MapIntoChunkSpace@@YA?AUworld_position@@PEAUworld@@U1@Tv3@@@Z 0000000180017380 f i p5engine.obj
 0002:000077e0       ?NullPosition@@YA?AUworld_position@@XZ 00000001800187e0 f i p5engine.obj
 0002:000078c0       ?PushBitmap@@YAXPEAUentity_visible_piece_group@@PEAUloaded_bitmap@@Tv2@@M2MM@Z 00000001800188c0 f i p5engine.obj
 0002:00007a60       ?PushPiece@@YAXPEAUentity_visible_piece_group@@PEAUloaded_bitmap@@Tv2@@2M2Tv4@@M@Z 0000000180018a60 f i p5engine.obj
 0002:00007c80       ?PushRect@@YAXPEAUentity_visible_piece_group@@Tv2@@M1Tv4@@M@Z 0000000180018c80 f i p5engine.obj
 0002:00007d70       ?PushSize_@@YAPEAXPEAUmemory_arena@@_K@Z 0000000180018d70 f i p5engine.obj
 0002:00007e30       ?RecanonicalizeCoord@@YAXMPEAHPEAM@Z 0000000180018e30 f i p5engine.obj
 0002:00007f20       ?RectCenterDim@@YA?AUrectangle3@@Tv3@@0@Z 0000000180018f20 f i p5engine.obj
 0002:00008090       ?RectCenterHalfDim@@YA?AUrectangle3@@Tv3@@0@Z 0000000180019090 f i p5engine.obj
 0002:000082a0       ?RotateLeft@@YAIIH@Z       00000001800192a0 f i p5engine.obj
 0002:00008300       ?RoundReal32ToInt32@@YAHM@Z 0000000180019300 f i p5engine.obj
 0002:00008360       ?RoundReal32ToUInt32@@YAIM@Z 0000000180019360 f i p5engine.obj
 0002:00008570       ?Sin@@YAMM@Z               0000000180019570 f i p5engine.obj
 0002:000085d0       ?Square@@YAMM@Z            00000001800195d0 f i p5engine.obj
 0002:00008630       ?SquareRoot@@YAMM@Z        0000000180019630 f i p5engine.obj
 0002:00008690       ?StoreEntityReference@@YAXPEATentity_reference@@@Z 0000000180019690 f i p5engine.obj
 0002:00008ba0       ?V2@@YA?ATv2@@MM@Z         0000000180019ba0 f i p5engine.obj
 0002:00008c70       ?V3@@YA?ATv3@@MMM@Z        0000000180019c70 f i p5engine.obj
 0002:00008d90       ?V4@@YA?ATv4@@MMMM@Z       0000000180019d90 f i p5engine.obj
 0002:00008ec0       ?ZeroSize@@YAX_KPEAX@Z     0000000180019ec0 f i p5engine.obj
 0002:00008f60       GameGetSoundSamples        0000000180019f60 f   p5engine.obj
 0002:00008fd0       GameUpdateAndRender        0000000180019fd0 f   p5engine.obj
 0002:0000bb50       GetController              000000018001cb50 f i p5engine.obj
 0002:0000bbd0       __JustMyCode_Default       000000018001cbd0 f i p5engine.obj
 0002:0000bbe0       _RTC_AllocaHelper          000000018001cbe0 f   MSVCRTD:stack.obj
 0002:0000bc30       _RTC_CheckStackVars        000000018001cc30 f   MSVCRTD:stack.obj
 0002:0000bce0       _RTC_CheckStackVars2       000000018001cce0 f   MSVCRTD:stack.obj
 0002:0000be30       _CRT_RTC_INIT              000000018001ce30 f   MSVCRTD:init.obj
 0002:0000be40       _CRT_RTC_INITW             000000018001ce40 f   MSVCRTD:init.obj
 0002:0000be50       _RTC_InitBase              000000018001ce50 f   MSVCRTD:init.obj
 0002:0000bea0       _RTC_Shutdown              000000018001cea0 f   MSVCRTD:init.obj
 0002:0000bed0       __CheckForDebuggerJustMyCode 000000018001ced0 f   MSVCRTD:debugger_jmc.obj
 0002:0000bf20       __GSHandlerCheck           000000018001cf20 f   MSVCRTD:gshandler.obj
 0002:0000bf70       __GSHandlerCheckCommon     000000018001cf70 f   MSVCRTD:gshandler.obj
 0002:0000c0c0       __chkstk                   000000018001d0c0 f   MSVCRTD:chkstk.obj
 0002:0000c0c0       _alloca_probe              000000018001d0c0 f   MSVCRTD:chkstk.obj
 0002:0000c140       __security_check_cookie    000000018001d140 f   MSVCRTD:amdsecgs.obj
 0002:0000c670       _CRT_INIT                  000000018001d670 f   MSVCRTD:dll_dllmain.obj
 0002:0000c6b0       _DllMainCRTStartup         000000018001d6b0 f   MSVCRTD:dll_dllmain.obj
 0002:0000c7b0       ?_RTC_AllocaFailure@@YAXPEAXPEAU_RTC_ALLOCA_NODE@@H@Z 000000018001d7b0 f   MSVCRTD:error.obj
 0002:0000c960       ?_RTC_Failure@@YAXPEAXH@Z  000000018001d960 f   MSVCRTD:error.obj
 0002:0000c9d0       ?_RTC_StackFailure@@YAXPEAXPEBD@Z 000000018001d9d0 f   MSVCRTD:error.obj
 0002:0000cf10       _RTC_UninitUse             000000018001df10 f   MSVCRTD:error.obj
 0002:0000d010       __local_stdio_printf_options 000000018001e010 f i MSVCRTD:error.obj
 0002:0000d020       _vsprintf_s_l              000000018001e020 f i MSVCRTD:error.obj
 0002:0000d0a0       sprintf_s                  000000018001e0a0 f i MSVCRTD:error.obj
 0002:0000d0d0       ?_RTC_GetErrorFunc@@YAP6AHHPEBDH00ZZPEBX@Z 000000018001e0d0 f   MSVCRTD:userapi.obj
 0002:0000d0e0       ?_RTC_GetErrorFuncW@@YAP6AHHPEB_WH00ZZPEBX@Z 000000018001e0e0 f   MSVCRTD:userapi.obj
 0002:0000d0f0       _RTC_GetErrDesc            000000018001e0f0 f   MSVCRTD:userapi.obj
 0002:0000d110       _RTC_NumErrors             000000018001e110 f   MSVCRTD:userapi.obj
 0002:0000d120       _RTC_SetErrorFunc          000000018001e120 f   MSVCRTD:userapi.obj
 0002:0000d140       _RTC_SetErrorFuncW         000000018001e140 f   MSVCRTD:userapi.obj
 0002:0000d160       _RTC_SetErrorType          000000018001e160 f   MSVCRTD:userapi.obj
 0002:0000d190       __raise_securityfailure    000000018001e190 f   MSVCRTD:gs_report.obj
 0002:0000d1e0       __report_gsfailure         000000018001e1e0 f   MSVCRTD:gs_report.obj
 0002:0000d2f0       __report_rangecheckfailure 000000018001e2f0 f   MSVCRTD:gs_report.obj
 0002:0000d310       __report_securityfailure   000000018001e310 f   MSVCRTD:gs_report.obj
 0002:0000d3e0       __report_securityfailureEx 000000018001e3e0 f   MSVCRTD:gs_report.obj
 0002:0000d7d0       __security_init_cookie     000000018001e7d0 f   MSVCRTD:gs_support.obj
 0002:0000d870       DllMain                    000000018001e870 f   MSVCRTD:dll_dllmain_stub.obj
 0002:0000d8c0       ?__scrt_initialize_type_info@@YAXXZ 000000018001e8c0 f   MSVCRTD:tncleanup.obj
 0002:0000d8e0       ?__scrt_uninitialize_type_info@@YAXXZ 000000018001e8e0 f   MSVCRTD:tncleanup.obj
 0002:0000d900       __local_stdio_scanf_options 000000018001e900 f i MSVCRTD:default_local_stdio_options.obj
 0002:0000d910       __scrt_initialize_default_local_stdio_options 000000018001e910 f   MSVCRTD:default_local_stdio_options.obj
 0002:0000d970       ?configure_argv@__scrt_narrow_argv_policy@@SAHXZ 000000018001e970 f i MSVCRTD:utility.obj
 0002:0000da90       ?initialize_environment@__scrt_narrow_environment_policy@@SAHXZ 000000018001ea90 f i MSVCRTD:utility.obj
 0002:0000db60       NtCurrentTeb               000000018001eb60 f i MSVCRTD:utility.obj
 0002:0000db70       __scrt_acquire_startup_lock 000000018001eb70 f   MSVCRTD:utility.obj
 0002:0000dbf0       __scrt_dllmain_after_initialize_c 000000018001ebf0 f   MSVCRTD:utility.obj
 0002:0000dc30       __scrt_dllmain_before_initialize_c 000000018001ec30 f   MSVCRTD:utility.obj
 0002:0000dc60       __scrt_dllmain_crt_thread_attach 000000018001ec60 f   MSVCRTD:utility.obj
 0002:0000dca0       __scrt_dllmain_crt_thread_detach 000000018001eca0 f   MSVCRTD:utility.obj
 0002:0000dcc0       __scrt_dllmain_exception_filter 000000018001ecc0 f   MSVCRTD:utility.obj
 0002:0000dd40       __scrt_dllmain_uninitialize_c 000000018001ed40 f   MSVCRTD:utility.obj
 0002:0000dd80       __scrt_dllmain_uninitialize_critical 000000018001ed80 f   MSVCRTD:utility.obj
 0002:0000dda0       __scrt_initialize_crt      000000018001eda0 f   MSVCRTD:utility.obj
 0002:0000de00       __scrt_initialize_onexit_tables 000000018001ee00 f   MSVCRTD:utility.obj
 0002:0000df50       __scrt_is_nonwritable_in_current_image 000000018001ef50 f   MSVCRTD:utility.obj
 0002:0000e000       __scrt_release_startup_lock 000000018001f000 f   MSVCRTD:utility.obj
 0002:0000e040       __scrt_uninitialize_crt    000000018001f040 f   MSVCRTD:utility.obj
 0002:0000e090       _onexit                    000000018001f090 f   MSVCRTD:utility.obj
 0002:0000e130       at_quick_exit              000000018001f130 f   MSVCRTD:utility.obj
 0002:0000e190       atexit                     000000018001f190 f   MSVCRTD:utility.obj
 0002:0000e1d0       __scrt_get_dyn_tls_init_callback 000000018001f1d0 f   MSVCRTD:dyn_tls_init.obj
 0002:0000e1e0       __crt_debugger_hook        000000018001f1e0 f   MSVCRTD:utility_desktop.obj
 0002:0000e200       __scrt_fastfail            000000018001f200 f   MSVCRTD:utility_desktop.obj
 0002:0000e400       __scrt_get_show_window_mode 000000018001f400 f   MSVCRTD:utility_desktop.obj
 0002:0000e470       __scrt_initialize_mta      000000018001f470 f   MSVCRTD:utility_desktop.obj
 0002:0000e490       __scrt_initialize_winrt    000000018001f490 f   MSVCRTD:utility_desktop.obj
 0002:0000e4a0       __scrt_is_managed_app      000000018001f4a0 f   MSVCRTD:utility_desktop.obj
 0002:0000e570       __scrt_set_unhandled_exception_filter 000000018001f570 f   MSVCRTD:utility_desktop.obj
 0002:0000e590       __scrt_exe_initialize_mta  000000018001f590 f   MSVCRTD:utility_desktop.obj
 0002:0000e590       __scrt_stub_for_initialize_mta 000000018001f590 f   MSVCRTD:utility_desktop.obj
 0002:0000e5a0       __scrt_unhandled_exception_filter 000000018001f5a0 f   MSVCRTD:utility_desktop.obj
 0002:0000e660       _RTC_Initialize            000000018001f660 f   MSVCRTD:initsect.obj
 0002:0000e6c0       _RTC_Terminate             000000018001f6c0 f   MSVCRTD:initsect.obj
 0002:0000e720       _guard_check_icall_nop     000000018001f720 f i MSVCRTD:guard_support.obj
 0002:0000e730       ReadNoFence64              000000018001f730 f i MSVCRTD:guard_support.obj
 0002:0000e760       ReadPointerNoFence         000000018001f760 f i MSVCRTD:guard_support.obj
 0002:0000e780       __castguard_check_failure_debugbreak 000000018001f780 f i MSVCRTD:guard_support.obj
 0002:0000e7b0       __castguard_check_failure_fastfail 000000018001f7b0 f i MSVCRTD:guard_support.obj
 0002:0000e7e0       __castguard_check_failure_nop 000000018001f7e0 f i MSVCRTD:guard_support.obj
 0002:0000e7f0       __castguard_check_failure_os_handled 000000018001f7f0 f i MSVCRTD:guard_support.obj
 0002:0000e8e0       __castguard_slow_path_check_debugbreak 000000018001f8e0 f i MSVCRTD:guard_support.obj
 0002:0000e930       __castguard_slow_path_check_fastfail 000000018001f930 f i MSVCRTD:guard_support.obj
 0002:0000e990       __castguard_slow_path_check_nop 000000018001f990 f i MSVCRTD:guard_support.obj
 0002:0000e9b0       __castguard_slow_path_check_os_handled 000000018001f9b0 f i MSVCRTD:guard_support.obj
 0002:0000eac0       _guard_icall_checks_enforced 000000018001fac0 f i MSVCRTD:guard_support.obj
 0002:0000eb10       _guard_rf_checks_enforced  000000018001fb10 f i MSVCRTD:guard_support.obj
 0002:0000f170       ?_RTC_GetSrcLine@@YAHPEAEPEA_WKPEAH1K@Z 0000000180020170 f   MSVCRTD:pdblkup.obj
 0002:0000f630       __isa_available_init       0000000180020630 f   MSVCRTD:cpu_disp.obj
 0002:0000fab0       _get_startup_argv_mode     0000000180020ab0 f   MSVCRTD:argv_mode.obj
 0002:0000fac0       __scrt_is_ucrt_dll_in_use  0000000180020ac0 f   MSVCRTD:ucrt_detection.obj
 0002:0000faf0       __C_specific_handler       0000000180020af0 f   vcruntimed:VCRUNTIME140D.dll
 0002:0000faf6       __C_specific_handler_noexcept 0000000180020af6 f   vcruntimed:VCRUNTIME140D.dll
 0002:0000fafc       __std_type_info_destroy_list 0000000180020afc f   vcruntimed:VCRUNTIME140D.dll
 0002:0000fb02       __current_exception        0000000180020b02 f   vcruntimed:VCRUNTIME140D.dll
 0002:0000fb08       __current_exception_context 0000000180020b08 f   vcruntimed:VCRUNTIME140D.dll
 0002:0000fb0e       __vcrt_GetModuleFileNameW  0000000180020b0e f   vcruntimed:VCRUNTIME140D.dll
 0002:0000fb14       __vcrt_GetModuleHandleW    0000000180020b14 f   vcruntimed:VCRUNTIME140D.dll
 0002:0000fb1a       __vcrt_LoadLibraryExW      0000000180020b1a f   vcruntimed:VCRUNTIME140D.dll
 0002:0000fb20       fabs                       0000000180020b20 f   ucrtd:ucrtbased.dll
 0002:0000fb26       roundf                     0000000180020b26 f   ucrtd:ucrtbased.dll
 0002:0000fb2c       sinf                       0000000180020b2c f   ucrtd:ucrtbased.dll
 0002:0000fb32       sqrtf                      0000000180020b32 f   ucrtd:ucrtbased.dll
 0002:0000fb38       _rotl                      0000000180020b38 f   ucrtd:ucrtbased.dll
 0002:0000fb3e       _CrtDbgReport              0000000180020b3e f   ucrtd:ucrtbased.dll
 0002:0000fb44       _CrtDbgReportW             0000000180020b44 f   ucrtd:ucrtbased.dll
 0002:0000fb4a       _initterm                  0000000180020b4a f   ucrtd:ucrtbased.dll
 0002:0000fb50       _initterm_e                0000000180020b50 f   ucrtd:ucrtbased.dll
 0002:0000fb56       strcpy_s                   0000000180020b56 f   ucrtd:ucrtbased.dll
 0002:0000fb5c       strcat_s                   0000000180020b5c f   ucrtd:ucrtbased.dll
 0002:0000fb62       __stdio_common_vsprintf_s  0000000180020b62 f   ucrtd:ucrtbased.dll
 0002:0000fb68       _seh_filter_dll            0000000180020b68 f   ucrtd:ucrtbased.dll
 0002:0000fb6e       _configure_narrow_argv     0000000180020b6e f   ucrtd:ucrtbased.dll
 0002:0000fb74       _initialize_narrow_environment 0000000180020b74 f   ucrtd:ucrtbased.dll
 0002:0000fb7a       _initialize_onexit_table   0000000180020b7a f   ucrtd:ucrtbased.dll
 0002:0000fb80       _register_onexit_function  0000000180020b80 f   ucrtd:ucrtbased.dll
 0002:0000fb86       _execute_onexit_table      0000000180020b86 f   ucrtd:ucrtbased.dll
 0002:0000fb8c       _crt_atexit                0000000180020b8c f   ucrtd:ucrtbased.dll
 0002:0000fb92       _crt_at_quick_exit         0000000180020b92 f   ucrtd:ucrtbased.dll
 0002:0000fb98       _cexit                     0000000180020b98 f   ucrtd:ucrtbased.dll
 0002:0000fb9e       terminate                  0000000180020b9e f   ucrtd:ucrtbased.dll
 0002:0000fba4       _wmakepath_s               0000000180020ba4 f   ucrtd:ucrtbased.dll
 0002:0000fbaa       _wsplitpath_s              0000000180020baa f   ucrtd:ucrtbased.dll
 0002:0000fbb0       wcscpy_s                   0000000180020bb0 f   ucrtd:ucrtbased.dll
 0002:0000fbb6       GetCurrentThreadId         0000000180020bb6 f   kernel32:KERNEL32.dll
 0002:0000fbbc       IsDebuggerPresent          0000000180020bbc f   kernel32:KERNEL32.dll
 0002:0000fbc2       RaiseException             0000000180020bc2 f   kernel32:KERNEL32.dll
 0002:0000fbc8       MultiByteToWideChar        0000000180020bc8 f   kernel32:KERNEL32.dll
 0002:0000fbce       WideCharToMultiByte        0000000180020bce f   kernel32:KERNEL32.dll
 0002:0000fbd4       RtlCaptureContext          0000000180020bd4 f   kernel32:KERNEL32.dll
 0002:0000fbda       RtlLookupFunctionEntry     0000000180020bda f   kernel32:KERNEL32.dll
 0002:0000fbe0       RtlVirtualUnwind           0000000180020be0 f   kernel32:KERNEL32.dll
 0002:0000fbe6       UnhandledExceptionFilter   0000000180020be6 f   kernel32:KERNEL32.dll
 0002:0000fbec       SetUnhandledExceptionFilter 0000000180020bec f   kernel32:KERNEL32.dll
 0002:0000fbf2       GetCurrentProcess          0000000180020bf2 f   kernel32:KERNEL32.dll
 0002:0000fbf8       TerminateProcess           0000000180020bf8 f   kernel32:KERNEL32.dll
 0002:0000fbfe       IsProcessorFeaturePresent  0000000180020bfe f   kernel32:KERNEL32.dll
 0002:0000fc04       QueryPerformanceCounter    0000000180020c04 f   kernel32:KERNEL32.dll
 0002:0000fc0a       GetCurrentProcessId        0000000180020c0a f   kernel32:KERNEL32.dll
 0002:0000fc10       GetSystemTimeAsFileTime    0000000180020c10 f   kernel32:KERNEL32.dll
 0002:0000fc16       DisableThreadLibraryCalls  0000000180020c16 f   kernel32:KERNEL32.dll
 0002:0000fc1c       InitializeSListHead        0000000180020c1c f   kernel32:KERNEL32.dll
 0002:0000fc22       GetStartupInfoW            0000000180020c22 f   kernel32:KERNEL32.dll
 0002:0000fc28       GetModuleHandleW           0000000180020c28 f   kernel32:KERNEL32.dll
 0002:0000fc2e       GetLastError               0000000180020c2e f   kernel32:KERNEL32.dll
 0002:0000fc34       HeapAlloc                  0000000180020c34 f   kernel32:KERNEL32.dll
 0002:0000fc3a       HeapFree                   0000000180020c3a f   kernel32:KERNEL32.dll
 0002:0000fc40       GetProcessHeap             0000000180020c40 f   kernel32:KERNEL32.dll
 0002:0000fc46       VirtualQuery               0000000180020c46 f   kernel32:KERNEL32.dll
 0002:0000fc4c       FreeLibrary                0000000180020c4c f   kernel32:KERNEL32.dll
 0002:0000fc52       GetProcAddress             0000000180020c52 f   kernel32:KERNEL32.dll
 0002:0000fc60       __scrt_stub_for_acrt_initialize 0000000180020c60 f   MSVCRTD:ucrt_stubs.obj
 0002:0000fc60       __vcrt_initialize          0000000180020c60 f   MSVCRTD:ucrt_stubs.obj
 0002:0000fc60       __acrt_initialize          0000000180020c60 f   MSVCRTD:ucrt_stubs.obj
 0002:0000fc70       __acrt_thread_attach       0000000180020c70 f   MSVCRTD:ucrt_stubs.obj
 0002:0000fc70       __scrt_stub_for_acrt_thread_attach 0000000180020c70 f   MSVCRTD:ucrt_stubs.obj
 0002:0000fc70       __vcrt_thread_attach       0000000180020c70 f   MSVCRTD:ucrt_stubs.obj
 0002:0000fc80       __scrt_stub_for_acrt_thread_detach 0000000180020c80 f   MSVCRTD:ucrt_stubs.obj
 0002:0000fc80       __vcrt_thread_detach       0000000180020c80 f   MSVCRTD:ucrt_stubs.obj
 0002:0000fc80       __acrt_thread_detach       0000000180020c80 f   MSVCRTD:ucrt_stubs.obj
 0002:0000fc90       __vcrt_uninitialize        0000000180020c90 f   MSVCRTD:ucrt_stubs.obj
 0002:0000fc90       __acrt_uninitialize        0000000180020c90 f   MSVCRTD:ucrt_stubs.obj
 0002:0000fc90       __scrt_stub_for_acrt_uninitialize 0000000180020c90 f   MSVCRTD:ucrt_stubs.obj
 0002:0000fca0       __acrt_uninitialize_critical 0000000180020ca0 f   MSVCRTD:ucrt_stubs.obj
 0002:0000fca0       __vcrt_uninitialize_critical 0000000180020ca0 f   MSVCRTD:ucrt_stubs.obj
 0002:0000fca0       __scrt_stub_for_acrt_uninitialize_critical 0000000180020ca0 f   MSVCRTD:ucrt_stubs.obj
 0002:0000fcb0       _is_c_termination_complete 0000000180020cb0 f   MSVCRTD:ucrt_stubs.obj
 0002:0000fcb0       __scrt_stub_for_is_c_termination_complete 0000000180020cb0 f   MSVCRTD:ucrt_stubs.obj
 0002:00011150       _guard_dispatch_icall_nop  0000000180022150 f   MSVCRTD:guard_dispatch.obj
 0002:00011170       _guard_xfg_dispatch_icall_nop 0000000180022170 f   MSVCRTD:guard_xfg_dispatch.obj
 0003:00000000       __xc_a                     0000000180025000     MSVCRTD:initializers.obj
 0003:00000110       __xc_z                     0000000180025110     MSVCRTD:initializers.obj
 0003:00000220       __xi_a                     0000000180025220     MSVCRTD:initializers.obj
 0003:00000330       __xi_z                     0000000180025330     MSVCRTD:initializers.obj
 0003:00000440       __xp_a                     0000000180025440     MSVCRTD:initializers.obj
 0003:00000550       __xp_z                     0000000180025550     MSVCRTD:initializers.obj
 0003:00000660       __xt_a                     0000000180025660     MSVCRTD:initializers.obj
 0003:00000770       __xt_z                     0000000180025770     MSVCRTD:initializers.obj
 0003:000008e0       __real@bf800000            00000001800258e0     p5engine.obj
 0003:000008e4       __real@c11ccccd            00000001800258e4     p5engine.obj
 0003:00002880       ??_C@_0BA@NMEIMCEK@InvalidCodePath@ 0000000180027880     p5engine.obj
 0003:00002898       ??_C@_0BF@HOIOEMCL@P5Engine?1data?1bg?4bmp@ 0000000180027898     p5engine.obj
 0003:000028b8       ??_C@_0BJ@EPENJOEL@P5Engine?1data?1shadow?4bmp@ 00000001800278b8     p5engine.obj
 0003:000028d8       ??_C@_0BH@DDOBAHNL@P5Engine?1data?1tree?4bmp@ 00000001800278d8     p5engine.obj
 0003:000028f8       ??_C@_0BI@EPGPCLAL@P5Engine?1data?1enemy?4bmp@ 00000001800278f8     p5engine.obj
 0003:00002918       ??_C@_0BG@IEBKPHGI@P5Engine?1data?1orb?4bmp@ 0000000180027918     p5engine.obj
 0003:00002938       ??_C@_0BP@CIDLMIJA@P5Engine?1data?1char?9right?90?4bmp@ 0000000180027938     p5engine.obj
 0003:00002960       ??_C@_0BO@PEBAPFLC@P5Engine?1data?1char?9back?90?4bmp@ 0000000180027960     p5engine.obj
 0003:00002988       ??_C@_0BO@EAIBBIAG@P5Engine?1data?1char?9left?90?4bmp@ 0000000180027988     p5engine.obj
 0003:000029b0       ??_C@_0BP@MKDPGEOC@P5Engine?1data?1char?9front?90?4bmp@ 00000001800279b0     p5engine.obj
 0003:000029d8       ??_C@_0BO@KNNOBFKI@P5Engine?1data?1sword?9right?4bmp@ 00000001800279d8     p5engine.obj
 0003:00002a00       ??_C@_0BN@LDDHILOB@P5Engine?1data?1sword?9back?4bmp@ 0000000180027a00     p5engine.obj
 0003:00002a28       ??_C@_0BN@FPAHMBGA@P5Engine?1data?1sword?9left?4bmp@ 0000000180027a28     p5engine.obj
 0003:00002a50       ??_C@_0BO@BNDLMGBJ@P5Engine?1data?1sword?9front?4bmp@ 0000000180027a50     p5engine.obj
 0003:00002a74       __real@00000000            0000000180027a74     p5engine.obj
 0003:00002a78       __real@3a83126f            0000000180027a78     p5engine.obj
 0003:00002a7c       __real@3c23d70a            0000000180027a7c     p5engine.obj
 0003:00002a80       __real@3e4ccccd            0000000180027a80     p5engine.obj
 0003:00002a84       __real@3e800000            0000000180027a84     p5engine.obj
 0003:00002a88       __real@3f000000            0000000180027a88     p5engine.obj
 0003:00002a8c       __real@3f800000            0000000180027a8c     p5engine.obj
 0003:00002a90       __real@3fb33333            0000000180027a90     p5engine.obj
 0003:00002a94       __real@3fc00000            0000000180027a94     p5engine.obj
 0003:00002a98       __real@40000000            0000000180027a98     p5engine.obj
 0003:00002a9c       __real@400ccccd            0000000180027a9c     p5engine.obj
 0003:00002aa0       __real@40400000            0000000180027aa0     p5engine.obj
 0003:00002aa4       __real@40a00000            0000000180027aa4     p5engine.obj
 0003:00002aa8       __real@40c00000            0000000180027aa8     p5engine.obj
 0003:00002aac       __real@40c90fdb            0000000180027aac     p5engine.obj
 0003:00002ab0       __real@41200000            0000000180027ab0     p5engine.obj
 0003:00002ab4       __real@41800000            0000000180027ab4     p5engine.obj
 0003:00002ab8       __real@41880000            0000000180027ab8     p5engine.obj
 0003:00002abc       __real@41a00000            0000000180027abc     p5engine.obj
 0003:00002ac0       __real@41c00000            0000000180027ac0     p5engine.obj
 0003:00002ac4       __real@42000000            0000000180027ac4     p5engine.obj
 0003:00002ac8       __real@42600000            0000000180027ac8     p5engine.obj
 0003:00002acc       __real@42800000            0000000180027acc     p5engine.obj
 0003:00002ad0       __real@42820000            0000000180027ad0     p5engine.obj
 0003:00002ad4       __real@42960000            0000000180027ad4     p5engine.obj
 0003:00002ad8       __real@437f0000            0000000180027ad8     p5engine.obj
 0003:00002adc       __real@461c4000            0000000180027adc     p5engine.obj
 0003:00002ae0       __real@47c35000            0000000180027ae0     p5engine.obj
 0003:00002ae4       __real@becccccd            0000000180027ae4     p5engine.obj
 0003:00002ae8       __real@bf000000            0000000180027ae8     p5engine.obj
 0003:00002af0       __xmm@80000000800000008000000080000000 0000000180027af0     p5engine.obj
 0003:00002b08       _pDefaultRawDllMain        0000000180027b08     MSVCRTD:dll_dllmain.obj
 0003:00002b08       _pRawDllMain               0000000180027b08     MSVCRTD:dll_dllmain.obj
 0003:00002c00       ??_C@_0NN@JMPELKLB@The?5value?5of?5ESP?5was?5not?5proper@ 0000000180027c00     MSVCRTD:error.obj
 0003:00002d10       ??_C@_0BBN@ELNNILBE@A?5cast?5to?5a?5smaller?5data?5type?5h@ 0000000180027d10     MSVCRTD:error.obj
 0003:00002e68       ??_C@_0BN@BPOGFMJL@Stack?5memory?5was?5corrupted?$AN?6@ 0000000180027e68     MSVCRTD:error.obj
 0003:00002e90       ??_C@_0DG@DAJCDLPN@A?5local?5variable?5was?5used?5befor@ 0000000180027e90     MSVCRTD:error.obj
 0003:00002ed0       ??_C@_0CM@JMIDGKLA@Stack?5memory?5around?5_alloca?5was@ 0000000180027ed0     MSVCRTD:error.obj
 0003:00002f08       ??_C@_0BO@CHIONIOI@Unknown?5Runtime?5Check?5Error?$AN?6@ 0000000180027f08     MSVCRTD:error.obj
 0003:00002f30       ??_C@_1GM@CNOOJIHC@?$AAR?$AAu?$AAn?$AAt?$AAi?$AAm?$AAe?$AA?5?$AAC?$AAh?$AAe?$AAc?$AAk?$AA?5?$AAE@ 0000000180027f30     MSVCRTD:error.obj
 0003:00002fc0       ??_C@_1EA@NFKNIFJP@?$AAR?$AAu?$AAn?$AA?9?$AAT?$AAi?$AAm?$AAe?$AA?5?$AAC?$AAh?$AAe?$AAc?$AAk?$AA?5@ 0000000180027fc0     MSVCRTD:error.obj
 0003:00003010       ??_C@_0BB@PFFGGCJP@Unknown?5Filename@ 0000000180028010     MSVCRTD:error.obj
 0003:00003028       ??_C@_0BE@GNBOBNCK@Unknown?5Module?5Name@ 0000000180028028     MSVCRTD:error.obj
 0003:00003040       ??_C@_0CA@IODNCDPG@Run?9Time?5Check?5Failure?5?$CD?$CFd?5?9?5?$CFs@ 0000000180028040     MSVCRTD:error.obj
 0003:00003068       ??_C@_0CG@IAFNJNEE@Stack?5corrupted?5near?5unknown?5va@ 0000000180028068     MSVCRTD:error.obj
 0003:00003098       ??_C@_05MKKEDADM@?$CF?42X?5@ 0000000180028098     MSVCRTD:error.obj
 0003:000030a0       ??_C@_0EJ@LJKNEOLN@Stack?5area?5around?5_alloca?5memor@ 00000001800280a0     MSVCRTD:error.obj
 0003:000030f8       ??_C@_01EEMJAFIK@?6@       00000001800280f8     MSVCRTD:error.obj
 0003:000030fc       ??_C@_02LLMPMKNF@?$DO?5@   00000001800280fc     MSVCRTD:error.obj
 0003:00003100       ??_C@_08OMAHNMHJ@?6Data?3?5?$DM@ 0000000180028100     MSVCRTD:error.obj
 0003:00003110       ??_C@_0CK@DKGBICFE@?6Allocation?5number?5within?5this?5@ 0000000180028110     MSVCRTD:error.obj
 0003:00003148       ??_C@_07DFDJCKFN@?6Size?3?5@ 0000000180028148     MSVCRTD:error.obj
 0003:00003158       ??_C@_0N@MHFFIMFG@?6Address?3?50x@ 0000000180028158     MSVCRTD:error.obj
 0003:00003170       ??_C@_0EI@CLEPFNGI@Stack?5area?5around?5_alloca?5memor@ 0000000180028170     MSVCRTD:error.obj
 0003:000031c8       ??_C@_0BK@ODNDAGKB@?$CFs?$CFs?$CFp?$CFs?$CFzd?$CFs?$CFd?$CFs?$CFs?$CFs?$CFs?$CFs@ 00000001800281c8     MSVCRTD:error.obj
 0003:000031e8       ??_C@_0DE@OHJBPMBP@A?5variable?5is?5being?5used?5withou@ 00000001800281e8     MSVCRTD:error.obj
 0003:00003258       ??_C@_0BJ@HEGAHDFO@Stack?5pointer?5corruption@ 0000000180028258     MSVCRTD:userapi.obj
 0003:00003278       ??_C@_0CK@FEGOIOPB@Cast?5to?5smaller?5type?5causing?5lo@ 0000000180028278     MSVCRTD:userapi.obj
 0003:000032b0       ??_C@_0BI@CIGMDCBH@Stack?5memory?5corruption@ 00000001800282b0     MSVCRTD:userapi.obj
 0003:000032d0       ??_C@_0CK@CNLNOEPB@Local?5variable?5used?5before?5init@ 00000001800282d0     MSVCRTD:userapi.obj
 0003:00003308       ??_C@_0BP@OGBCLIBO@Stack?5around?5_alloca?5corrupted@ 0000000180028308     MSVCRTD:userapi.obj
 0003:000033b0       ??_C@_1EI@MLPKHBGE@?$AAa?$AAp?$AAi?$AA?9?$AAm?$AAs?$AA?9?$AAw?$AAi?$AAn?$AA?9?$AAc?$AAo?$AAr?$AAe@ 00000001800283b0     MSVCRTD:pdblkup.obj
 0003:00003408       ??_C@_1BK@JHLNAEJL@?$AAa?$AAd?$AAv?$AAa?$AAp?$AAi?$AA3?$AA2?$AA?4?$AAd?$AAl?$AAl@ 0000000180028408     MSVCRTD:pdblkup.obj
 0003:00003428       ??_C@_0O@COHOBMLB@RegOpenKeyExW@ 0000000180028428     MSVCRTD:pdblkup.obj
 0003:00003438       ??_C@_0BB@GLNAEDBD@RegQueryValueExW@ 0000000180028438     MSVCRTD:pdblkup.obj
 0003:00003450       ??_C@_0M@HLOHPNFA@RegCloseKey@ 0000000180028450     MSVCRTD:pdblkup.obj
 0003:00003460       ??_C@_1HE@EBEAGLFB@?$AAS?$AAO?$AAF?$AAT?$AAW?$AAA?$AAR?$AAE?$AA?2?$AAW?$AAo?$AAw?$AA6?$AA4?$AA3@ 0000000180028460     MSVCRTD:pdblkup.obj
 0003:000034f0       ??_C@_1BG@EABPBLLF@?$AAP?$AAr?$AAo?$AAd?$AAu?$AAc?$AAt?$AAD?$AAi?$AAr@ 00000001800284f0     MSVCRTD:pdblkup.obj
 0003:00003538       ??_C@_1BC@JINFINNJ@?$AAM?$AAS?$AAP?$AAD?$AAB?$AA1?$AA4?$AA0@ 0000000180028538     MSVCRTD:pdblkup.obj
 0003:00003550       ??_C@_0BB@KCIACLNC@PDBOpenValidate5@ 0000000180028550     MSVCRTD:pdblkup.obj
 0003:00003564       ??_C@_01KDCPPGHE@r@        0000000180028564     MSVCRTD:pdblkup.obj
 0003:000035a0       _load_config_used          00000001800285a0     MSVCRTD:loadcfg.obj
 0003:00003900       __CastGuardVftablesStart   0000000180028900     MSVCRTD:guard_support.obj
 0003:00003a10       __CastGuardVftablesEnd     0000000180028a10     MSVCRTD:guard_support.obj
 0003:00003c98       __rtc_iaa                  0000000180028c98     MSVCRTD:initsect.obj
 0003:00003eb8       __rtc_izz                  0000000180028eb8     MSVCRTD:initsect.obj
 0003:00003fc8       __rtc_taa                  0000000180028fc8     MSVCRTD:initsect.obj
 0003:000041e8       __rtc_tzz                  00000001800291e8     MSVCRTD:initsect.obj
 0004:00004cd0       __security_cookie_complement 000000018002fcd0     MSVCRTD:gs_cookie.obj
 0004:00004cd8       __security_cookie          000000018002fcd8     MSVCRTD:gs_cookie.obj
 0004:00004ce4       _fltused                   000000018002fce4     MSVCRTD:fltused.obj
 0004:00004ce8       ?_RTC_ErrorLevels@@3PAHA   000000018002fce8     MSVCRTD:error.obj
 0004:00004d00       __scrt_native_dllmain_reason 000000018002fd00     MSVCRTD:utility.obj
 0004:00004d08       __isa_available            000000018002fd08     MSVCRTD:cpu_disp.obj
 0004:00004d0c       __isa_enabled              000000018002fd0c     MSVCRTD:cpu_disp.obj
 0004:00004d10       __memcpy_nt_iters          000000018002fd10     MSVCRTD:cpu_disp.obj
 0004:00004d18       __memset_nt_iters          000000018002fd18     MSVCRTD:cpu_disp.obj
 0004:00004d30       __scrt_ucrt_dll_is_in_use  000000018002fd30     MSVCRTD:ucrt_stubs.obj
 0004:00004e48       ?_OptionsStorage@?1??__local_stdio_printf_options@@9@4_KA 000000018002fe48     MSVCRTD:error.obj
 0004:00005500       ?__type_info_root_node@@3U__type_info_node@@A 0000000180030500     MSVCRTD:tncleanup.obj
 0004:00005518       ?_OptionsStorage@?1??__local_stdio_scanf_options@@9@4_KA 0000000180030518     MSVCRTD:default_local_stdio_options.obj
 0004:00005528       __scrt_current_native_startup_state 0000000180030528     MSVCRTD:utility.obj
 0004:00005530       __scrt_native_startup_lock 0000000180030530     MSVCRTD:utility.obj
 0004:00005580       __scrt_debugger_hook_flag  0000000180030580     MSVCRTD:utility_desktop.obj
 0004:00005588       __castguard_check_failure_os_handled_fptr 0000000180030588     MSVCRTD:guard_support.obj
 0004:000055a4       __favor                    00000001800305a4     MSVCRTD:cpu_disp.obj
 0004:000055a8       __dyn_tls_init_callback    00000001800305a8     <common>
 0004:000055bc       __DebuggerCurrentSteppingThreadId 00000001800305bc     <common>
 0006:00000000       __imp_DisableThreadLibraryCalls 0000000180034000     kernel32:KERNEL32.dll
 0006:00000008       __imp_IsDebuggerPresent    0000000180034008     kernel32:KERNEL32.dll
 0006:00000010       __imp_RaiseException       0000000180034010     kernel32:KERNEL32.dll
 0006:00000018       __imp_MultiByteToWideChar  0000000180034018     kernel32:KERNEL32.dll
 0006:00000020       __imp_WideCharToMultiByte  0000000180034020     kernel32:KERNEL32.dll
 0006:00000028       __imp_RtlCaptureContext    0000000180034028     kernel32:KERNEL32.dll
 0006:00000030       __imp_RtlLookupFunctionEntry 0000000180034030     kernel32:KERNEL32.dll
 0006:00000038       __imp_RtlVirtualUnwind     0000000180034038     kernel32:KERNEL32.dll
 0006:00000040       __imp_GetProcAddress       0000000180034040     kernel32:KERNEL32.dll
 0006:00000048       __imp_FreeLibrary          0000000180034048     kernel32:KERNEL32.dll
 0006:00000050       __imp_VirtualQuery         0000000180034050     kernel32:KERNEL32.dll
 0006:00000058       __imp_GetProcessHeap       0000000180034058     kernel32:KERNEL32.dll
 0006:00000060       __imp_HeapFree             0000000180034060     kernel32:KERNEL32.dll
 0006:00000068       __imp_HeapAlloc            0000000180034068     kernel32:KERNEL32.dll
 0006:00000070       __imp_GetLastError         0000000180034070     kernel32:KERNEL32.dll
 0006:00000078       __imp_GetModuleHandleW     0000000180034078     kernel32:KERNEL32.dll
 0006:00000080       __imp_GetStartupInfoW      0000000180034080     kernel32:KERNEL32.dll
 0006:00000088       __imp_InitializeSListHead  0000000180034088     kernel32:KERNEL32.dll
 0006:00000090       __imp_GetCurrentThreadId   0000000180034090     kernel32:KERNEL32.dll
 0006:00000098       __imp_GetSystemTimeAsFileTime 0000000180034098     kernel32:KERNEL32.dll
 0006:000000a0       __imp_GetCurrentProcessId  00000001800340a0     kernel32:KERNEL32.dll
 0006:000000a8       __imp_QueryPerformanceCounter 00000001800340a8     kernel32:KERNEL32.dll
 0006:000000b0       __imp_IsProcessorFeaturePresent 00000001800340b0     kernel32:KERNEL32.dll
 0006:000000b8       __imp_TerminateProcess     00000001800340b8     kernel32:KERNEL32.dll
 0006:000000c0       __imp_GetCurrentProcess    00000001800340c0     kernel32:KERNEL32.dll
 0006:000000c8       __imp_SetUnhandledExceptionFilter 00000001800340c8     kernel32:KERNEL32.dll
 0006:000000d0       __imp_UnhandledExceptionFilter 00000001800340d0     kernel32:KERNEL32.dll
 0006:000000d8       \177KERNEL32_NULL_THUNK_DATA 00000001800340d8     kernel32:KERNEL32.dll
 0006:00000158       __imp___vcrt_GetModuleHandleW 0000000180034158     vcruntimed:VCRUNTIME140D.dll
 0006:00000160       __imp___vcrt_GetModuleFileNameW 0000000180034160     vcruntimed:VCRUNTIME140D.dll
 0006:00000168       __imp___current_exception_context 0000000180034168     vcruntimed:VCRUNTIME140D.dll
 0006:00000170       __imp___C_specific_handler 0000000180034170     vcruntimed:VCRUNTIME140D.dll
 0006:00000178       __imp___current_exception  0000000180034178     vcruntimed:VCRUNTIME140D.dll
 0006:00000180       __imp___std_type_info_destroy_list 0000000180034180     vcruntimed:VCRUNTIME140D.dll
 0006:00000188       __imp___C_specific_handler_noexcept 0000000180034188     vcruntimed:VCRUNTIME140D.dll
 0006:00000190       __imp___vcrt_LoadLibraryExW 0000000180034190     vcruntimed:VCRUNTIME140D.dll
 0006:00000198       \177VCRUNTIME140D_NULL_THUNK_DATA 0000000180034198     vcruntimed:VCRUNTIME140D.dll
 0006:000001f8       __imp_wcscpy_s             00000001800341f8     ucrtd:ucrtbased.dll
 0006:00000200       __imp__wsplitpath_s        0000000180034200     ucrtd:ucrtbased.dll
 0006:00000208       __imp_terminate            0000000180034208     ucrtd:ucrtbased.dll
 0006:00000210       __imp__cexit               0000000180034210     ucrtd:ucrtbased.dll
 0006:00000218       __imp__crt_at_quick_exit   0000000180034218     ucrtd:ucrtbased.dll
 0006:00000220       __imp__crt_atexit          0000000180034220     ucrtd:ucrtbased.dll
 0006:00000228       __imp__execute_onexit_table 0000000180034228     ucrtd:ucrtbased.dll
 0006:00000230       __imp__register_onexit_function 0000000180034230     ucrtd:ucrtbased.dll
 0006:00000238       __imp__initialize_onexit_table 0000000180034238     ucrtd:ucrtbased.dll
 0006:00000240       __imp__initialize_narrow_environment 0000000180034240     ucrtd:ucrtbased.dll
 0006:00000248       __imp__configure_narrow_argv 0000000180034248     ucrtd:ucrtbased.dll
 0006:00000250       __imp__seh_filter_dll      0000000180034250     ucrtd:ucrtbased.dll
 0006:00000258       __imp__wmakepath_s         0000000180034258     ucrtd:ucrtbased.dll
 0006:00000260       __imp_strcat_s             0000000180034260     ucrtd:ucrtbased.dll
 0006:00000268       __imp_strcpy_s             0000000180034268     ucrtd:ucrtbased.dll
 0006:00000270       __imp__initterm_e          0000000180034270     ucrtd:ucrtbased.dll
 0006:00000278       __imp__initterm            0000000180034278     ucrtd:ucrtbased.dll
 0006:00000280       __imp__CrtDbgReportW       0000000180034280     ucrtd:ucrtbased.dll
 0006:00000288       __imp__CrtDbgReport        0000000180034288     ucrtd:ucrtbased.dll
 0006:00000290       __imp__rotl                0000000180034290     ucrtd:ucrtbased.dll
 0006:00000298       __imp_sqrtf                0000000180034298     ucrtd:ucrtbased.dll
 0006:000002a0       __imp_sinf                 00000001800342a0     ucrtd:ucrtbased.dll
 0006:000002a8       __imp_roundf               00000001800342a8     ucrtd:ucrtbased.dll
 0006:000002b0       __imp_fabs                 00000001800342b0     ucrtd:ucrtbased.dll
 0006:000002b8       __imp___stdio_common_vsprintf_s 00000001800342b8     ucrtd:ucrtbased.dll
 0006:000002c0       \177ucrtbased_NULL_THUNK_DATA 00000001800342c0     ucrtd:ucrtbased.dll
 0006:00000340       __IMPORT_DESCRIPTOR_VCRUNTIME140D 0000000180034340     vcruntimed:VCRUNTIME140D.dll
 0006:00000354       __IMPORT_DESCRIPTOR_ucrtbased 0000000180034354     ucrtd:ucrtbased.dll
 0006:00000368       __IMPORT_DESCRIPTOR_KERNEL32 0000000180034368     kernel32:KERNEL32.dll
 0006:0000037c       __NULL_IMPORT_DESCRIPTOR   000000018003437c     vcruntimed:VCRUNTIME140D.dll
 0008:00000000       __guard_check_icall_fptr   0000000180036000     MSVCRTD:guard_support.obj
 0008:00000010       __guard_xfg_check_icall_fptr 0000000180036010     MSVCRTD:guard_support.obj
 0008:00000020       __guard_dispatch_icall_fptr 0000000180036020     MSVCRTD:guard_support.obj
 0008:00000030       __guard_xfg_dispatch_icall_fptr 0000000180036030     MSVCRTD:guard_support.obj
 0008:00000040       __guard_xfg_table_dispatch_icall_fptr 0000000180036040     MSVCRTD:guard_support.obj

 entry point at        0002:0000000f

 Static symbols

 0000:fffc7000       .debug$S                   0000000180000000     P5Engine.exp
 0000:fffca000       _volmd                     0000000180000000     p5engine.obj
 0000:fffca000       _volmd                     0000000180000000     p5engine.obj
 0000:fffca000       _volmd                     0000000180000000     p5engine.obj
 0000:fffca000       _volmd                     0000000180000000     p5engine.obj
 0000:fffca000       _volmd                     0000000180000000     p5engine.obj
 0000:fffca000       _volmd                     0000000180000000     p5engine.obj
 0000:fffca000       _volmd                     0000000180000000     p5engine.obj
 0000:fffca000       _volmd                     0000000180000000     p5engine.obj
 0000:fffca000       _volmd                     0000000180000000     p5engine.obj
 0000:fffca000       _volmd                     0000000180000000     p5engine.obj
 0000:fffca000       _volmd                     0000000180000000     p5engine.obj
 0000:fffca000       _volmd                     0000000180000000     p5engine.obj
 0000:fffca000       _volmd                     0000000180000000     p5engine.obj
 0000:fffca000       _volmd                     0000000180000000     p5engine.obj
 0000:fffca000       _volmd                     0000000180000000     p5engine.obj
 0000:fffca000       _volmd                     0000000180000000     p5engine.obj
 0000:fffca000       _volmd                     0000000180000000     p5engine.obj
 0000:fffca000       _volmd                     0000000180000000     p5engine.obj
 0000:fffca000       _volmd                     0000000180000000     p5engine.obj
 0000:fffca000       _volmd                     0000000180000000     p5engine.obj
 0000:fffca000       _volmd                     0000000180000000     p5engine.obj
 0000:fffca000       _volmd                     0000000180000000     p5engine.obj
 0000:fffca000       _volmd                     0000000180000000     p5engine.obj
 0000:fffca000       _volmd                     0000000180000000     p5engine.obj
 0000:fffca000       _volmd                     0000000180000000     p5engine.obj
 0000:fffca000       _volmd                     0000000180000000     MSVCRTD:cpu_disp.obj
 0000:fffcb000       __guard_ehcont_?dllmain_dispatch@@YAHQEAUHINSTANCE__@@KQEAX@Z 0000000180000000     MSVCRTD:dll_dllmain.obj
 0000:fffcb000       __guard_fids_?dllmain_dispatch@@YAHQEAUHINSTANCE__@@KQEAX@Z 0000000180000000     MSVCRTD:dll_dllmain.obj
 0000:fffcb000       __guard_ehcont_?notify_debugger@@YAXAEBUtagEXCEPTION_VISUALCPP_DEBUG_INFO@@@Z 0000000180000000     MSVCRTD:error.obj
 0000:fffca000       _volmd                     0000000180000000     MSVCRTD:gs_report.obj
 0000:fffca000       _volmd                     0000000180000000     MSVCRTD:gs_report.obj
 0000:fffca000       _volmd                     0000000180000000     MSVCRTD:gs_report.obj
 0000:fffcb000       __guard_fids__             0000000180000000     MSVCRTD:guard_support.obj
 0000:fffcb000       __guard_fids__             0000000180000000     MSVCRTD:guard_support.obj
 0000:fffcb000       __guard_fids__guard_icall_checks_enforced 0000000180000000     MSVCRTD:guard_support.obj
 0000:fffca000       _volmd                     0000000180000000     MSVCRTD:guard_support.obj
 0000:fffca000       _volmd                     0000000180000000     MSVCRTD:guard_support.obj
 0000:fffca000       _volmd                     0000000180000000     MSVCRTD:guard_support.obj
 0000:fffcb000       __guard_fids__CRT_RTC_INIT 0000000180000000     MSVCRTD:init.obj
 0000:fffcb000       __guard_fids__CRT_RTC_INITW 0000000180000000     MSVCRTD:init.obj
 0000:fffcb000       __guard_ehcont___scrt_is_nonwritable_in_current_image 0000000180000000     MSVCRTD:utility.obj
 0000:fffca000       _volmd                     0000000180000000     MSVCRTD:utility.obj
 0000:fffca000       _volmd                     0000000180000000     MSVCRTD:utility.obj
 0000:fffca000       _volmd                     0000000180000000     MSVCRTD:utility.obj
 0000:fffcb000       __guard_fids___scrt_set_unhandled_exception_filter 0000000180000000     MSVCRTD:utility_desktop.obj
 0000:fffca000       _volmd                     0000000180000000     MSVCRTD:utility_desktop.obj
 0000:fffc7000       .debug$S                   0000000180000000     vcruntimed:VCRUNTIME140D.dll
 0000:fffc7000       .debug$S                   0000000180000000     vcruntimed:VCRUNTIME140D.dll
 0000:fffc7000       .debug$S                   0000000180000000     vcruntimed:VCRUNTIME140D.dll
 0000:fffc7000       .debug$S                   0000000180000000     vcruntimed:VCRUNTIME140D.dll
 0000:fffc7000       .debug$S                   0000000180000000     vcruntimed:VCRUNTIME140D.dll
 0000:fffc7000       .debug$S                   0000000180000000     vcruntimed:VCRUNTIME140D.dll
 0000:fffc7000       .debug$S                   0000000180000000     vcruntimed:VCRUNTIME140D.dll
 0000:fffc7000       .debug$S                   0000000180000000     vcruntimed:VCRUNTIME140D.dll
 0000:fffc7000       .debug$S                   0000000180000000     ucrtd:ucrtbased.dll
 0000:fffc7000       .debug$S                   0000000180000000     ucrtd:ucrtbased.dll
 0000:fffc7000       .debug$S                   0000000180000000     ucrtd:ucrtbased.dll
 0000:fffc7000       .debug$S                   0000000180000000     ucrtd:ucrtbased.dll
 0000:fffc7000       .debug$S                   0000000180000000     ucrtd:ucrtbased.dll
 0000:fffc7000       .debug$S                   0000000180000000     ucrtd:ucrtbased.dll
 0000:fffc7000       .debug$S                   0000000180000000     ucrtd:ucrtbased.dll
 0000:fffc7000       .debug$S                   0000000180000000     ucrtd:ucrtbased.dll
 0000:fffc7000       .debug$S                   0000000180000000     ucrtd:ucrtbased.dll
 0000:fffc7000       .debug$S                   0000000180000000     ucrtd:ucrtbased.dll
 0000:fffc7000       .debug$S                   0000000180000000     ucrtd:ucrtbased.dll
 0000:fffc7000       .debug$S                   0000000180000000     ucrtd:ucrtbased.dll
 0000:fffc7000       .debug$S                   0000000180000000     ucrtd:ucrtbased.dll
 0000:fffc7000       .debug$S                   0000000180000000     ucrtd:ucrtbased.dll
 0000:fffc7000       .debug$S                   0000000180000000     ucrtd:ucrtbased.dll
 0000:fffc7000       .debug$S                   0000000180000000     ucrtd:ucrtbased.dll
 0000:fffc7000       .debug$S                   0000000180000000     ucrtd:ucrtbased.dll
 0000:fffc7000       .debug$S                   0000000180000000     ucrtd:ucrtbased.dll
 0000:fffc7000       .debug$S                   0000000180000000     ucrtd:ucrtbased.dll
 0000:fffc7000       .debug$S                   0000000180000000     ucrtd:ucrtbased.dll
 0000:fffc7000       .debug$S                   0000000180000000     ucrtd:ucrtbased.dll
 0000:fffc7000       .debug$S                   0000000180000000     ucrtd:ucrtbased.dll
 0000:fffc7000       .debug$S                   0000000180000000     ucrtd:ucrtbased.dll
 0000:fffc7000       .debug$S                   0000000180000000     ucrtd:ucrtbased.dll
 0000:fffc7000       .debug$S                   0000000180000000     ucrtd:ucrtbased.dll
 0000:fffc7000       .debug$S                   0000000180000000     kernel32:KERNEL32.dll
 0000:fffc7000       .debug$S                   0000000180000000     kernel32:KERNEL32.dll
 0000:fffc7000       .debug$S                   0000000180000000     kernel32:KERNEL32.dll
 0000:fffc7000       .debug$S                   0000000180000000     kernel32:KERNEL32.dll
 0000:fffc7000       .debug$S                   0000000180000000     kernel32:KERNEL32.dll
 0000:fffc7000       .debug$S                   0000000180000000     kernel32:KERNEL32.dll
 0000:fffc7000       .debug$S                   0000000180000000     kernel32:KERNEL32.dll
 0000:fffc7000       .debug$S                   0000000180000000     kernel32:KERNEL32.dll
 0000:fffc7000       .debug$S                   0000000180000000     kernel32:KERNEL32.dll
 0000:fffc7000       .debug$S                   0000000180000000     kernel32:KERNEL32.dll
 0000:fffc7000       .debug$S                   0000000180000000     kernel32:KERNEL32.dll
 0000:fffc7000       .debug$S                   0000000180000000     kernel32:KERNEL32.dll
 0000:fffc7000       .debug$S                   0000000180000000     kernel32:KERNEL32.dll
 0000:fffc7000       .debug$S                   0000000180000000     kernel32:KERNEL32.dll
 0000:fffc7000       .debug$S                   0000000180000000     kernel32:KERNEL32.dll
 0000:fffc7000       .debug$S                   0000000180000000     kernel32:KERNEL32.dll
 0000:fffc7000       .debug$S                   0000000180000000     kernel32:KERNEL32.dll
 0000:fffc7000       .debug$S                   0000000180000000     kernel32:KERNEL32.dll
 0000:fffc7000       .debug$S                   0000000180000000     kernel32:KERNEL32.dll
 0000:fffc7000       .debug$S                   0000000180000000     kernel32:KERNEL32.dll
 0000:fffc7000       .debug$S                   0000000180000000     kernel32:KERNEL32.dll
 0000:fffc7000       .debug$S                   0000000180000000     kernel32:KERNEL32.dll
 0000:fffc7000       .debug$S                   0000000180000000     kernel32:KERNEL32.dll
 0000:fffc7000       .debug$S                   0000000180000000     kernel32:KERNEL32.dll
 0000:fffc7000       .debug$S                   0000000180000000     kernel32:KERNEL32.dll
 0000:fffc7000       .debug$S                   0000000180000000     kernel32:KERNEL32.dll
 0000:fffc7000       .debug$S                   0000000180000000     kernel32:KERNEL32.dll
 0002:00001420       ?AddCollisionRule@@YAXPEAUgame_state@@IIH@Z 0000000180012420 f   p5engine.obj
 0002:00001620       ?AddEntity@@YAPEAUsim_entity@@PEAUgame_state@@PEAUsim_region@@IPEAUlow_entity@@PEATv3@@@Z 0000000180012620 f   p5engine.obj
 0002:00001790       ?AddEntityRaw@@YAPEAUsim_entity@@PEAUgame_state@@PEAUsim_region@@IPEAUlow_entity@@@Z 0000000180012790 f   p5engine.obj
 0002:000019a0       ?AddFamiliar@@YA?AUadd_low_entity_result@@PEAUgame_state@@III@Z 00000001800129a0 f   p5engine.obj
 0002:00001b80       ?AddLowEntity@@YA?AUadd_low_entity_result@@PEAUgame_state@@W4entity_type@@Uworld_position@@@Z 0000000180012b80 f   p5engine.obj
 0002:00001df0       ?AddMonstar@@YA?AUadd_low_entity_result@@PEAUgame_state@@III@Z 0000000180012df0 f   p5engine.obj
 0002:00001fa0       ?AddPlayer@@YA?AUadd_low_entity_result@@PEAUgame_state@@@Z 0000000180012fa0 f   p5engine.obj
 0002:00002380       ?AddSword@@YA?AUadd_low_entity_result@@PEAUgame_state@@@Z 0000000180013380 f   p5engine.obj
 0002:000024c0       ?AddWall@@YA?AUadd_low_entity_result@@PEAUworld@@PEAUgame_state@@III@Z 00000001800134c0 f   p5engine.obj
 0002:000027c0       ?BeginSim@@YAPEAUsim_region@@PEAUmemory_arena@@PEAUgame_state@@PEAUworld@@Uworld_position@@Urectangle3@@@Z 00000001800137c0 f   p5engine.obj
 0002:00002e60       ?ChangeEntityLocation@@YAXPEAUmemory_arena@@PEAUworld@@IPEAUlow_entity@@Uworld_position@@@Z 0000000180013e60 f   p5engine.obj
 0002:00003780       ?ClearCollisionRulesFor@@YAXPEAUgame_state@@I@Z 0000000180014780 f   p5engine.obj
 0002:00003910       ?DEBUGLoadBMP@@YA?AUloaded_bitmap@@PEAUthread_context@@P6A?AUdebug_read_file_result@@0PEAD@Z1@Z 0000000180014910 f   p5engine.obj
 0002:00003eb0       ?DrawBitmap@@YAXPEAUgame_offscreen_buffer@@PEAUloaded_bitmap@@MMM@Z 0000000180014eb0 f   p5engine.obj
 0002:00004430       ?DrawHitpoints@@YAXPEAUsim_entity@@PEAUentity_visible_piece_group@@@Z 0000000180015430 f   p5engine.obj
 0002:00004730       ?DrawRectangle@@YAXPEAUgame_offscreen_buffer@@Tv2@@1MMM@Z 0000000180015730 f   p5engine.obj
 0002:000049d0       ?EndSim@@YAXPEAUsim_region@@PEAUgame_state@@@Z 00000001800159d0 f   p5engine.obj
 0002:00004e10       ?GameOutputSound@@YAXPEAUgame_state@@PEAUgame_sound_output_buffer@@H@Z 0000000180015e10 f   p5engine.obj
 0002:00004f00       ?GetHashFromStorageIndex@@YAPEAUsim_entity_hash@@PEAUsim_region@@I@Z 0000000180015f00 f   p5engine.obj
 0002:00005770       ?HandleCollision@@YAHPEAUsim_entity@@0@Z 0000000180016770 f   p5engine.obj
 0002:000058d0       ?InitHitPoints@@YAXPEAUlow_entity@@I@Z 00000001800168d0 f   p5engine.obj
 0002:00005a10       ?InitializeWorld@@YAXPEAUworld@@M@Z 0000000180016a10 f   p5engine.obj
 0002:00006500       ?MoveEntity@@YAXPEAUgame_state@@PEAUsim_region@@PEAUsim_entity@@MPEAUmove_spec@@Tv3@@@Z 0000000180017500 f   p5engine.obj
 0002:000083c0       ?ShouldCollide@@YAHPEAUgame_state@@PEAUsim_entity@@1@Z 00000001800193c0 f   p5engine.obj
 0002:000086f0       ?Subtract@@YA?ATv3@@PEAUworld@@PEAUworld_position@@1@Z 00000001800196f0 f   p5engine.obj
 0002:00008a20       ?TestWall@@YAHMMMMMPEAMMM@Z 0000000180019a20 f   p5engine.obj
 0002:0000c0b0       $$000000                   000000018001d0b0     MSVCRTD:chkstk.obj
 0002:0000c130       $$000000                   000000018001d130     MSVCRTD:amdsecgs.obj
 0002:0000c170       ?dllmain_crt_dispatch@@YAHQEAUHINSTANCE__@@KQEAX@Z 000000018001d170 f   MSVCRTD:dll_dllmain.obj
 0002:0000c220       ?dllmain_crt_process_attach@@YAHQEAUHINSTANCE__@@QEAX@Z 000000018001d220 f   MSVCRTD:dll_dllmain.obj
 0002:0000c3b0       ?dllmain_crt_process_detach@@YAH_N@Z 000000018001d3b0 f   MSVCRTD:dll_dllmain.obj
 0002:0000c470       ?dllmain_dispatch@@YAHQEAUHINSTANCE__@@KQEAX@Z 000000018001d470 f   MSVCRTD:dll_dllmain.obj
 0002:0000c600       ?dllmain_raw@@YAHQEAUHINSTANCE__@@KQEAX@Z 000000018001d600 f   MSVCRTD:dll_dllmain.obj
 0002:0000c700       ?DebuggerProbe@@YA_NK@Z    000000018001d700 f   MSVCRTD:error.obj
 0002:0000c750       ?DebuggerRuntime@@YA_NKHPEAXPEB_W@Z 000000018001d750 f   MSVCRTD:error.obj
 0002:0000cae0       ?_getMemBlockDataString@@YAXPEAD0PEBD_K@Z 000000018001dae0 f   MSVCRTD:error.obj
 0002:0000cbc0       ?_strlen_priv@@YA_KPEBD@Z  000000018001dbc0 f   MSVCRTD:error.obj
 0002:0000cbe0       ?failwithmessage@@YAXPEAXHHPEBD@Z 000000018001dbe0 f   MSVCRTD:error.obj
 0002:0000cee0       ?notify_debugger@@YAXAEBUtagEXCEPTION_VISUALCPP_DEBUG_INFO@@@Z 000000018001dee0 f   MSVCRTD:error.obj
 0002:0000d540       capture_current_context    000000018001e540 f   MSVCRTD:gs_report.obj
 0002:0000d600       capture_previous_context   000000018001e600 f   MSVCRTD:gs_report.obj
 0002:0000d6e0       __get_entropy              000000018001e6e0 f   MSVCRTD:gs_support.obj
 0002:0000d990       ?find_pe_section@@YAPEAU_IMAGE_SECTION_HEADER@@QEAE_K@Z 000000018001e990 f   MSVCRTD:utility.obj
 0002:0000dab0       ?is_potentially_valid_image_base@@YA_NQEAX@Z 000000018001eab0 f   MSVCRTD:utility.obj
 0002:0000e850       __castguard_compat_check   000000018001f850 f   MSVCRTD:guard_support.obj
 0002:0000ea30       __castguard_slow_path_compat_check 000000018001fa30 f   MSVCRTD:guard_support.obj
 0002:0000eb20       ?GetPdbDll@@YAPEAUHINSTANCE__@@XZ 000000018001fb20 f   MSVCRTD:pdblkup.obj
 0002:0000ecc0       ?GetPdbDllFromInstallPath@@YAPEAUHINSTANCE__@@XZ 000000018001fcc0 f   MSVCRTD:pdblkup.obj
 0002:0000f020       ?GetPdbDllPathFromFilePath@@YAHPEB_WPEA_W_K@Z 0000000180020020 f   MSVCRTD:pdblkup.obj
 0002:00011140       $$000000                   0000000180022140     MSVCRTD:guard_dispatch.obj
 0002:00011160       $$000000                   0000000180022160     MSVCRTD:guard_xfg_dispatch.obj
 0002:00012180       ?fin$0@?0??dllmain_crt_process_attach@@YAHQEAUHINSTANCE__@@QEAX@Z@4HA 0000000180023180 f   MSVCRTD:dll_dllmain.obj
 0002:000121a0       ?fin$0@?0??dllmain_crt_process_detach@@YAH_N@Z@4HA 00000001800231a0 f   MSVCRTD:dll_dllmain.obj
 0002:000121ba       ?fin$1@?0??dllmain_crt_process_detach@@YAH_N@Z@4HA 00000001800231ba f   MSVCRTD:dll_dllmain.obj
 0002:000121e0       ?filt$0@?0??dllmain_dispatch@@YAHQEAUHINSTANCE__@@KQEAX@Z@4HA 00000001800231e0 f   MSVCRTD:dll_dllmain.obj
 0002:00012240       ?filt$0@?0??notify_debugger@@YAXAEBUtagEXCEPTION_VISUALCPP_DEBUG_INFO@@@Z@4HA 0000000180023240 f   MSVCRTD:error.obj
 0002:00012270       __scrt_is_nonwritable_in_current_image$filt$0 0000000180023270 f   MSVCRTD:utility.obj
 0003:00000880       ?FindLeastSignificantSetBit@@YA?AUbit_scan_result@@I@Z$rtcName$0 0000000180025880     p5engine.obj
 0003:00000890       ?FindLeastSignificantSetBit@@YA?AUbit_scan_result@@I@Z$rtcVarDesc 0000000180025890     p5engine.obj
 0003:000008d0       ?FindLeastSignificantSetBit@@YA?AUbit_scan_result@@I@Z$rtcFrameData 00000001800258d0     p5engine.obj
 0003:00000900       ?V2@@YA?ATv2@@MM@Z$rtcName$0 0000000180025900     p5engine.obj
 0003:00000910       ?V2@@YA?ATv2@@MM@Z$rtcVarDesc 0000000180025910     p5engine.obj
 0003:00000950       ?V2@@YA?ATv2@@MM@Z$rtcFrameData 0000000180025950     p5engine.obj
 0003:00000980       ??D@YA?ATv2@@MT0@@Z$rtcName$0 0000000180025980     p5engine.obj
 0003:00000990       ??D@YA?ATv2@@MT0@@Z$rtcVarDesc 0000000180025990     p5engine.obj
 0003:000009d0       ??D@YA?ATv2@@MT0@@Z$rtcFrameData 00000001800259d0     p5engine.obj
 0003:00000a00       ??H@YA?ATv2@@T0@0@Z$rtcName$0 0000000180025a00     p5engine.obj
 0003:00000a10       ??H@YA?ATv2@@T0@0@Z$rtcVarDesc 0000000180025a10     p5engine.obj
 0003:00000a50       ??H@YA?ATv2@@T0@0@Z$rtcFrameData 0000000180025a50     p5engine.obj
 0003:00000a80       ??G@YA?ATv2@@T0@0@Z$rtcName$0 0000000180025a80     p5engine.obj
 0003:00000a90       ??G@YA?ATv2@@T0@0@Z$rtcVarDesc 0000000180025a90     p5engine.obj
 0003:00000ad0       ??G@YA?ATv2@@T0@0@Z$rtcFrameData 0000000180025ad0     p5engine.obj
 0003:00000b00       ?V3@@YA?ATv3@@MMM@Z$rtcName$0 0000000180025b00     p5engine.obj
 0003:00000b10       ?V3@@YA?ATv3@@MMM@Z$rtcVarDesc 0000000180025b10     p5engine.obj
 0003:00000b50       ?V3@@YA?ATv3@@MMM@Z$rtcFrameData 0000000180025b50     p5engine.obj
 0003:00000b80       ??D@YA?ATv3@@MT0@@Z$rtcName$0 0000000180025b80     p5engine.obj
 0003:00000b90       ??D@YA?ATv3@@MT0@@Z$rtcVarDesc 0000000180025b90     p5engine.obj
 0003:00000bd0       ??D@YA?ATv3@@MT0@@Z$rtcFrameData 0000000180025bd0     p5engine.obj
 0003:00000c00       ??D@YA?ATv3@@T0@M@Z$rtcName$0 0000000180025c00     p5engine.obj
 0003:00000c10       ??D@YA?ATv3@@T0@M@Z$rtcVarDesc 0000000180025c10     p5engine.obj
 0003:00000c50       ??D@YA?ATv3@@T0@M@Z$rtcFrameData 0000000180025c50     p5engine.obj
 0003:00000c80       ??H@YA?ATv3@@T0@0@Z$rtcName$0 0000000180025c80     p5engine.obj
 0003:00000c90       ??H@YA?ATv3@@T0@0@Z$rtcVarDesc 0000000180025c90     p5engine.obj
 0003:00000cd0       ??H@YA?ATv3@@T0@0@Z$rtcFrameData 0000000180025cd0     p5engine.obj
 0003:00000d00       ??G@YA?ATv3@@T0@0@Z$rtcName$0 0000000180025d00     p5engine.obj
 0003:00000d10       ??G@YA?ATv3@@T0@0@Z$rtcVarDesc 0000000180025d10     p5engine.obj
 0003:00000d50       ??G@YA?ATv3@@T0@0@Z$rtcFrameData 0000000180025d50     p5engine.obj
 0003:00000d80       ?Hadamard@@YA?ATv3@@T1@0@Z$rtcName$0 0000000180025d80     p5engine.obj
 0003:00000d90       ?Hadamard@@YA?ATv3@@T1@0@Z$rtcVarDesc 0000000180025d90     p5engine.obj
 0003:00000dd0       ?Hadamard@@YA?ATv3@@T1@0@Z$rtcFrameData 0000000180025dd0     p5engine.obj
 0003:00000e00       ?V4@@YA?ATv4@@MMMM@Z$rtcName$0 0000000180025e00     p5engine.obj
 0003:00000e10       ?V4@@YA?ATv4@@MMMM@Z$rtcVarDesc 0000000180025e10     p5engine.obj
 0003:00000e50       ?V4@@YA?ATv4@@MMMM@Z$rtcFrameData 0000000180025e50     p5engine.obj
 0003:00000e80       ?GetMinCorner@@YA?ATv3@@Urectangle3@@@Z$rtcName$0 0000000180025e80     p5engine.obj
 0003:00000e90       ?GetMinCorner@@YA?ATv3@@Urectangle3@@@Z$rtcVarDesc 0000000180025e90     p5engine.obj
 0003:00000ed0       ?GetMinCorner@@YA?ATv3@@Urectangle3@@@Z$rtcFrameData 0000000180025ed0     p5engine.obj
 0003:00000f00       ?GetMaxCorner@@YA?ATv3@@Urectangle3@@@Z$rtcName$0 0000000180025f00     p5engine.obj
 0003:00000f10       ?GetMaxCorner@@YA?ATv3@@Urectangle3@@@Z$rtcVarDesc 0000000180025f10     p5engine.obj
 0003:00000f50       ?GetMaxCorner@@YA?ATv3@@Urectangle3@@@Z$rtcFrameData 0000000180025f50     p5engine.obj
 0003:00000f80       ?RectCenterHalfDim@@YA?AUrectangle3@@Tv3@@0@Z$rtcName$0 0000000180025f80     p5engine.obj
 0003:00000f90       ?RectCenterHalfDim@@YA?AUrectangle3@@Tv3@@0@Z$rtcVarDesc 0000000180025f90     p5engine.obj
 0003:00000fd0       ?RectCenterHalfDim@@YA?AUrectangle3@@Tv3@@0@Z$rtcFrameData 0000000180025fd0     p5engine.obj
 0003:00001000       ?AddRadiusTo@@YA?AUrectangle3@@U1@Tv3@@@Z$rtcName$0 0000000180026000     p5engine.obj
 0003:00001010       ?AddRadiusTo@@YA?AUrectangle3@@U1@Tv3@@@Z$rtcVarDesc 0000000180026010     p5engine.obj
 0003:00001050       ?AddRadiusTo@@YA?AUrectangle3@@U1@Tv3@@@Z$rtcFrameData 0000000180026050     p5engine.obj
 0003:00001080       ?RectCenterDim@@YA?AUrectangle3@@Tv3@@0@Z$rtcName$0 0000000180026080     p5engine.obj
 0003:00001090       ?RectCenterDim@@YA?AUrectangle3@@Tv3@@0@Z$rtcVarDesc 0000000180026090     p5engine.obj
 0003:000010d0       ?RectCenterDim@@YA?AUrectangle3@@Tv3@@0@Z$rtcFrameData 00000001800260d0     p5engine.obj
 0003:00001100       ?NullPosition@@YA?AUworld_position@@XZ$rtcName$0 0000000180026100     p5engine.obj
 0003:00001110       ?NullPosition@@YA?AUworld_position@@XZ$rtcVarDesc 0000000180026110     p5engine.obj
 0003:00001150       ?NullPosition@@YA?AUworld_position@@XZ$rtcFrameData 0000000180026150     p5engine.obj
 0003:00001180       ?MapIntoChunkSpace@@YA?AUworld_position@@PEAUworld@@U1@Tv3@@@Z$rtcName$0 0000000180026180     p5engine.obj
 0003:00001190       ?MapIntoChunkSpace@@YA?AUworld_position@@PEAUworld@@U1@Tv3@@@Z$rtcVarDesc 0000000180026190     p5engine.obj
 0003:000011d0       ?MapIntoChunkSpace@@YA?AUworld_position@@PEAUworld@@U1@Tv3@@@Z$rtcFrameData 00000001800261d0     p5engine.obj
 0003:00001200       ?ChunkPositionFromTilePosition@@YA?AUworld_position@@PEAUworld@@HHH@Z$rtcName$0 0000000180026200     p5engine.obj
 0003:00001208       ?ChunkPositionFromTilePosition@@YA?AUworld_position@@PEAUworld@@HHH@Z$rtcName$1 0000000180026208     p5engine.obj
 0003:00001210       ?ChunkPositionFromTilePosition@@YA?AUworld_position@@PEAUworld@@HHH@Z$rtcName$2 0000000180026210     p5engine.obj
 0003:00001220       ?ChunkPositionFromTilePosition@@YA?AUworld_position@@PEAUworld@@HHH@Z$rtcVarDesc 0000000180026220     p5engine.obj
 0003:000012e0       ?ChunkPositionFromTilePosition@@YA?AUworld_position@@PEAUworld@@HHH@Z$rtcFrameData 00000001800262e0     p5engine.obj
 0003:00001320       ?Subtract@@YA?ATv3@@PEAUworld@@PEAUworld_position@@1@Z$rtcName$0 0000000180026320     p5engine.obj
 0003:00001328       ?Subtract@@YA?ATv3@@PEAUworld@@PEAUworld_position@@1@Z$rtcName$1 0000000180026328     p5engine.obj
 0003:00001330       ?Subtract@@YA?ATv3@@PEAUworld@@PEAUworld_position@@1@Z$rtcVarDesc 0000000180026330     p5engine.obj
 0003:000013b0       ?Subtract@@YA?ATv3@@PEAUworld@@PEAUworld_position@@1@Z$rtcFrameData 00000001800263b0     p5engine.obj
 0003:000013e0       ?GetSimSpacePos@@YA?ATv3@@PEAUsim_region@@PEAUlow_entity@@@Z$rtcName$0 00000001800263e0     p5engine.obj
 0003:000013f0       ?GetSimSpacePos@@YA?ATv3@@PEAUsim_region@@PEAUlow_entity@@@Z$rtcVarDesc 00000001800263f0     p5engine.obj
 0003:00001430       ?GetSimSpacePos@@YA?ATv3@@PEAUsim_region@@PEAUlow_entity@@@Z$rtcFrameData 0000000180026430     p5engine.obj
 0003:00001460       ?LoadEntityReference@@YAXPEAUgame_state@@PEAUsim_region@@PEATentity_reference@@@Z$rtcName$0 0000000180026460     p5engine.obj
 0003:00001470       ?LoadEntityReference@@YAXPEAUgame_state@@PEAUsim_region@@PEATentity_reference@@@Z$rtcVarDesc 0000000180026470     p5engine.obj
 0003:000014b0       ?LoadEntityReference@@YAXPEAUgame_state@@PEAUsim_region@@PEATentity_reference@@@Z$rtcFrameData 00000001800264b0     p5engine.obj
 0003:000014e0       ?BeginSim@@YAPEAUsim_region@@PEAUmemory_arena@@PEAUgame_state@@PEAUworld@@Uworld_position@@Urectangle3@@@Z$rtcName$0 00000001800264e0     p5engine.obj
 0003:000014f0       ?BeginSim@@YAPEAUsim_region@@PEAUmemory_arena@@PEAUgame_state@@PEAUworld@@Uworld_position@@Urectangle3@@@Z$rtcName$1 00000001800264f0     p5engine.obj
 0003:00001500       ?BeginSim@@YAPEAUsim_region@@PEAUmemory_arena@@PEAUgame_state@@PEAUworld@@Uworld_position@@Urectangle3@@@Z$rtcName$2 0000000180026500     p5engine.obj
 0003:00001510       ?BeginSim@@YAPEAUsim_region@@PEAUmemory_arena@@PEAUgame_state@@PEAUworld@@Uworld_position@@Urectangle3@@@Z$rtcVarDesc 0000000180026510     p5engine.obj
 0003:000015d0       ?BeginSim@@YAPEAUsim_region@@PEAUmemory_arena@@PEAUgame_state@@PEAUworld@@Uworld_position@@Urectangle3@@@Z$rtcFrameData 00000001800265d0     p5engine.obj
 0003:00001620       ?EndSim@@YAXPEAUsim_region@@PEAUgame_state@@@Z$rtcName$0 0000000180026620     p5engine.obj
 0003:00001628       ?EndSim@@YAXPEAUsim_region@@PEAUgame_state@@@Z$rtcName$1 0000000180026628     p5engine.obj
 0003:00001640       ?EndSim@@YAXPEAUsim_region@@PEAUgame_state@@@Z$rtcVarDesc 0000000180026640     p5engine.obj
 0003:000016c0       ?EndSim@@YAXPEAUsim_region@@PEAUgame_state@@@Z$rtcFrameData 00000001800266c0     p5engine.obj
 0003:00001700       ?MoveEntity@@YAXPEAUgame_state@@PEAUsim_region@@PEAUsim_entity@@MPEAUmove_spec@@Tv3@@@Z$rtcName$0 0000000180026700     p5engine.obj
 0003:00001710       ?MoveEntity@@YAXPEAUgame_state@@PEAUsim_region@@PEAUsim_entity@@MPEAUmove_spec@@Tv3@@@Z$rtcName$1 0000000180026710     p5engine.obj
 0003:0000171c       ?MoveEntity@@YAXPEAUgame_state@@PEAUsim_region@@PEAUsim_entity@@MPEAUmove_spec@@Tv3@@@Z$rtcName$9 000000018002671c     p5engine.obj
 0003:00001720       ?MoveEntity@@YAXPEAUgame_state@@PEAUsim_region@@PEAUsim_entity@@MPEAUmove_spec@@Tv3@@@Z$rtcName$2 0000000180026720     p5engine.obj
 0003:0000172c       ?MoveEntity@@YAXPEAUgame_state@@PEAUsim_region@@PEAUsim_entity@@MPEAUmove_spec@@Tv3@@@Z$rtcName$3 000000018002672c     p5engine.obj
 0003:00001738       ?MoveEntity@@YAXPEAUgame_state@@PEAUsim_region@@PEAUsim_entity@@MPEAUmove_spec@@Tv3@@@Z$rtcName$4 0000000180026738     p5engine.obj
 0003:00001748       ?MoveEntity@@YAXPEAUgame_state@@PEAUsim_region@@PEAUsim_entity@@MPEAUmove_spec@@Tv3@@@Z$rtcName$5 0000000180026748     p5engine.obj
 0003:00001758       ?MoveEntity@@YAXPEAUgame_state@@PEAUsim_region@@PEAUsim_entity@@MPEAUmove_spec@@Tv3@@@Z$rtcName$6 0000000180026758     p5engine.obj
 0003:00001770       ?MoveEntity@@YAXPEAUgame_state@@PEAUsim_region@@PEAUsim_entity@@MPEAUmove_spec@@Tv3@@@Z$rtcName$7 0000000180026770     p5engine.obj
 0003:00001780       ?MoveEntity@@YAXPEAUgame_state@@PEAUsim_region@@PEAUsim_entity@@MPEAUmove_spec@@Tv3@@@Z$rtcName$8 0000000180026780     p5engine.obj
 0003:00001790       ?MoveEntity@@YAXPEAUgame_state@@PEAUsim_region@@PEAUsim_entity@@MPEAUmove_spec@@Tv3@@@Z$rtcVarDesc 0000000180026790     p5engine.obj
 0003:00001a10       ?MoveEntity@@YAXPEAUgame_state@@PEAUsim_region@@PEAUsim_entity@@MPEAUmove_spec@@Tv3@@@Z$rtcFrameData 0000000180026a10     p5engine.obj
 0003:00001ac0       ?DefaultMoveSpec@@YA?AUmove_spec@@XZ$rtcName$0 0000000180026ac0     p5engine.obj
 0003:00001ad0       ?DefaultMoveSpec@@YA?AUmove_spec@@XZ$rtcVarDesc 0000000180026ad0     p5engine.obj
 0003:00001b10       ?DefaultMoveSpec@@YA?AUmove_spec@@XZ$rtcFrameData 0000000180026b10     p5engine.obj
 0003:00001b40       ?DEBUGLoadBMP@@YA?AUloaded_bitmap@@PEAUthread_context@@P6A?AUdebug_read_file_result@@0PEAD@Z1@Z$rtcName$0 0000000180026b40     p5engine.obj
 0003:00001b48       ?DEBUGLoadBMP@@YA?AUloaded_bitmap@@PEAUthread_context@@P6A?AUdebug_read_file_result@@0PEAD@Z1@Z$rtcName$1 0000000180026b48     p5engine.obj
 0003:00001b58       ?DEBUGLoadBMP@@YA?AUloaded_bitmap@@PEAUthread_context@@P6A?AUdebug_read_file_result@@0PEAD@Z1@Z$rtcName$2 0000000180026b58     p5engine.obj
 0003:00001b60       ?DEBUGLoadBMP@@YA?AUloaded_bitmap@@PEAUthread_context@@P6A?AUdebug_read_file_result@@0PEAD@Z1@Z$rtcName$3 0000000180026b60     p5engine.obj
 0003:00001b70       ?DEBUGLoadBMP@@YA?AUloaded_bitmap@@PEAUthread_context@@P6A?AUdebug_read_file_result@@0PEAD@Z1@Z$rtcName$4 0000000180026b70     p5engine.obj
 0003:00001b80       ?DEBUGLoadBMP@@YA?AUloaded_bitmap@@PEAUthread_context@@P6A?AUdebug_read_file_result@@0PEAD@Z1@Z$rtcName$5 0000000180026b80     p5engine.obj
 0003:00001b90       ?DEBUGLoadBMP@@YA?AUloaded_bitmap@@PEAUthread_context@@P6A?AUdebug_read_file_result@@0PEAD@Z1@Z$rtcVarDesc 0000000180026b90     p5engine.obj
 0003:00001d10       ?DEBUGLoadBMP@@YA?AUloaded_bitmap@@PEAUthread_context@@P6A?AUdebug_read_file_result@@0PEAD@Z1@Z$rtcFrameData 0000000180026d10     p5engine.obj
 0003:00001d80       ?AddLowEntity@@YA?AUadd_low_entity_result@@PEAUgame_state@@W4entity_type@@Uworld_position@@@Z$rtcName$0 0000000180026d80     p5engine.obj
 0003:00001d90       ?AddLowEntity@@YA?AUadd_low_entity_result@@PEAUgame_state@@W4entity_type@@Uworld_position@@@Z$rtcVarDesc 0000000180026d90     p5engine.obj
 0003:00001dd0       ?AddLowEntity@@YA?AUadd_low_entity_result@@PEAUgame_state@@W4entity_type@@Uworld_position@@@Z$rtcFrameData 0000000180026dd0     p5engine.obj
 0003:00001e00       ?AddWall@@YA?AUadd_low_entity_result@@PEAUworld@@PEAUgame_state@@III@Z$rtcName$0 0000000180026e00     p5engine.obj
 0003:00001e04       ?AddWall@@YA?AUadd_low_entity_result@@PEAUworld@@PEAUgame_state@@III@Z$rtcName$1 0000000180026e04     p5engine.obj
 0003:00001e10       ?AddWall@@YA?AUadd_low_entity_result@@PEAUworld@@PEAUgame_state@@III@Z$rtcVarDesc 0000000180026e10     p5engine.obj
 0003:00001e90       ?AddWall@@YA?AUadd_low_entity_result@@PEAUworld@@PEAUgame_state@@III@Z$rtcFrameData 0000000180026e90     p5engine.obj
 0003:00001ec0       ?AddSword@@YA?AUadd_low_entity_result@@PEAUgame_state@@@Z$rtcName$0 0000000180026ec0     p5engine.obj
 0003:00001ed0       ?AddSword@@YA?AUadd_low_entity_result@@PEAUgame_state@@@Z$rtcVarDesc 0000000180026ed0     p5engine.obj
 0003:00001f10       ?AddSword@@YA?AUadd_low_entity_result@@PEAUgame_state@@@Z$rtcFrameData 0000000180026f10     p5engine.obj
 0003:00001f40       ?AddPlayer@@YA?AUadd_low_entity_result@@PEAUgame_state@@@Z$rtcName$0 0000000180026f40     p5engine.obj
 0003:00001f44       ?AddPlayer@@YA?AUadd_low_entity_result@@PEAUgame_state@@@Z$rtcName$1 0000000180026f44     p5engine.obj
 0003:00001f4c       ?AddPlayer@@YA?AUadd_low_entity_result@@PEAUgame_state@@@Z$rtcName$2 0000000180026f4c     p5engine.obj
 0003:00001f60       ?AddPlayer@@YA?AUadd_low_entity_result@@PEAUgame_state@@@Z$rtcVarDesc 0000000180026f60     p5engine.obj
 0003:00002020       ?AddPlayer@@YA?AUadd_low_entity_result@@PEAUgame_state@@@Z$rtcFrameData 0000000180027020     p5engine.obj
 0003:00002060       ?AddMonstar@@YA?AUadd_low_entity_result@@PEAUgame_state@@III@Z$rtcName$0 0000000180027060     p5engine.obj
 0003:00002064       ?AddMonstar@@YA?AUadd_low_entity_result@@PEAUgame_state@@III@Z$rtcName$1 0000000180027064     p5engine.obj
 0003:00002070       ?AddMonstar@@YA?AUadd_low_entity_result@@PEAUgame_state@@III@Z$rtcVarDesc 0000000180027070     p5engine.obj
 0003:000020f0       ?AddMonstar@@YA?AUadd_low_entity_result@@PEAUgame_state@@III@Z$rtcFrameData 00000001800270f0     p5engine.obj
 0003:00002120       ?AddFamiliar@@YA?AUadd_low_entity_result@@PEAUgame_state@@III@Z$rtcName$0 0000000180027120     p5engine.obj
 0003:00002124       ?AddFamiliar@@YA?AUadd_low_entity_result@@PEAUgame_state@@III@Z$rtcName$1 0000000180027124     p5engine.obj
 0003:00002130       ?AddFamiliar@@YA?AUadd_low_entity_result@@PEAUgame_state@@III@Z$rtcVarDesc 0000000180027130     p5engine.obj
 0003:000021b0       ?AddFamiliar@@YA?AUadd_low_entity_result@@PEAUgame_state@@III@Z$rtcFrameData 00000001800271b0     p5engine.obj
 0003:000021e0       ?PushBitmap@@YAXPEAUentity_visible_piece_group@@PEAUloaded_bitmap@@Tv2@@M2MM@Z$rtcName$0 00000001800271e0     p5engine.obj
 0003:000021e4       ?PushBitmap@@YAXPEAUentity_visible_piece_group@@PEAUloaded_bitmap@@Tv2@@M2MM@Z$rtcName$1 00000001800271e4     p5engine.obj
 0003:000021f0       ?PushBitmap@@YAXPEAUentity_visible_piece_group@@PEAUloaded_bitmap@@Tv2@@M2MM@Z$rtcVarDesc 00000001800271f0     p5engine.obj
 0003:00002270       ?PushBitmap@@YAXPEAUentity_visible_piece_group@@PEAUloaded_bitmap@@Tv2@@M2MM@Z$rtcFrameData 0000000180027270     p5engine.obj
 0003:000022a0       ?DrawHitpoints@@YAXPEAUsim_entity@@PEAUentity_visible_piece_group@@@Z$rtcName$0 00000001800272a0     p5engine.obj
 0003:000022ac       ?DrawHitpoints@@YAXPEAUsim_entity@@PEAUentity_visible_piece_group@@@Z$rtcName$1 00000001800272ac     p5engine.obj
 0003:000022b8       ?DrawHitpoints@@YAXPEAUsim_entity@@PEAUentity_visible_piece_group@@@Z$rtcName$2 00000001800272b8     p5engine.obj
 0003:000022c0       ?DrawHitpoints@@YAXPEAUsim_entity@@PEAUentity_visible_piece_group@@@Z$rtcName$3 00000001800272c0     p5engine.obj
 0003:000022c8       ?DrawHitpoints@@YAXPEAUsim_entity@@PEAUentity_visible_piece_group@@@Z$rtcFrameData 00000001800272c8     p5engine.obj
 0003:000022e0       ?DrawHitpoints@@YAXPEAUsim_entity@@PEAUentity_visible_piece_group@@@Z$rtcVarDesc 00000001800272e0     p5engine.obj
 0003:00002420       GameUpdateAndRender$rtcName$0 0000000180027420     p5engine.obj
 0003:00002430       GameUpdateAndRender$rtcName$1 0000000180027430     p5engine.obj
 0003:00002444       GameUpdateAndRender$rtcName$7 0000000180027444     p5engine.obj
 0003:0000244c       GameUpdateAndRender$rtcName$9 000000018002744c     p5engine.obj
 0003:00002450       GameUpdateAndRender$rtcName$2 0000000180027450     p5engine.obj
 0003:00002460       GameUpdateAndRender$rtcName$3 0000000180027460     p5engine.obj
 0003:0000246c       GameUpdateAndRender$rtcName$6 000000018002746c     p5engine.obj
 0003:00002474       GameUpdateAndRender$rtcName$10 0000000180027474     p5engine.obj
 0003:00002478       GameUpdateAndRender$rtcName$4 0000000180027478     p5engine.obj
 0003:00002488       GameUpdateAndRender$rtcName$5 0000000180027488     p5engine.obj
 0003:00002498       GameUpdateAndRender$rtcName$8 0000000180027498     p5engine.obj
 0003:000024a0       GameUpdateAndRender$rtcName$11 00000001800274a0     p5engine.obj
 0003:000024ac       GameUpdateAndRender$rtcName$12 00000001800274ac     p5engine.obj
 0003:000024b8       GameUpdateAndRender$rtcFrameData 00000001800274b8     p5engine.obj
 0003:000024d0       GameUpdateAndRender$rtcVarDesc 00000001800274d0     p5engine.obj
 0003:00002b18       ?_RTC_ErrorMessages@@3QBQEBDB 0000000180027b18     MSVCRTD:error.obj
 0003:00002b48       ?_RTC_NoFalsePositives@@3QBHB 0000000180027b48     MSVCRTD:error.obj
 0003:00002b60       ?stack_premsg@@3QBDB       0000000180027b60     MSVCRTD:error.obj
 0003:00002b80       ?stack_postmsg@@3QBDB      0000000180027b80     MSVCRTD:error.obj
 0003:00002b98       ?uninit_premsg@@3QBDB      0000000180027b98     MSVCRTD:error.obj
 0003:00002ba8       ?uninit_postmsg@@3QBDB     0000000180027ba8     MSVCRTD:error.obj
 0003:00003228       ?_RTC_errlist@@3QBQEBDB    0000000180028228     MSVCRTD:userapi.obj
[...]
 0003:000046a0       $unwind$?AddCollisionRule@@YAXPEAUgame_state@@IIH@Z 00000001800296a0     p5engine.obj
 0003:000046b4       $unwind$?ClearCollisionRulesFor@@YAXPEAUgame_state@@I@Z 00000001800296b4     p5engine.obj
 0003:000046c8       $unwind$?NullPosition@@YA?AUworld_position@@XZ 00000001800296c8     p5engine.obj
 0003:000046e4       $unwind$?IsValid@@YAHUworld_position@@@Z 00000001800296e4     p5engine.obj
 0003:000046f8       $unwind$?IsCanonical@@YAHMM@Z 00000001800296f8     p5engine.obj
 0003:0000470c       $unwind$?IsCanonical@@YAHPEAUworld@@Tv3@@@Z 000000018002970c     p5engine.obj
 0003:00004720       $unwind$?AreInSameChunk@@YAHPEAUworld@@PEAUworld_position@@1@Z 0000000180029720     p5engine.obj
 0003:00004734       $unwind$?GetWorldChunk@@YAPEAUworld_chunk@@PEAUworld@@HHHPEAUmemory_arena@@@Z 0000000180029734     p5engine.obj
 0003:00004748       $unwind$?InitializeWorld@@YAXPEAUworld@@M@Z 0000000180029748     p5engine.obj
 0003:0000475c       $unwind$?RecanonicalizeCoord@@YAXMPEAHPEAM@Z 000000018002975c     p5engine.obj
 0003:00004770       $unwind$?MapIntoChunkSpace@@YA?AUworld_position@@PEAUworld@@U1@Tv3@@@Z 0000000180029770     p5engine.obj
 0003:0000478c       $unwind$?ChunkPositionFromTilePosition@@YA?AUworld_position@@PEAUworld@@HHH@Z 000000018002978c     p5engine.obj
 0003:000047a8       $unwind$?Subtract@@YA?ATv3@@PEAUworld@@PEAUworld_position@@1@Z 00000001800297a8     p5engine.obj
 0003:000047c4       $unwind$?ChangeEntityLocationRaw@@YAXPEAUmemory_arena@@PEAUworld@@IPEAUworld_position@@2@Z 00000001800297c4     p5engine.obj
 0003:000047d8       $unwind$?ChangeEntityLocation@@YAXPEAUmemory_arena@@PEAUworld@@IPEAUlow_entity@@Uworld_position@@@Z 00000001800297d8     p5engine.obj
 0003:000047ec       $unwind$?GetHashFromStorageIndex@@YAPEAUsim_entity_hash@@PEAUsim_region@@I@Z 00000001800297ec     p5engine.obj
 0003:00004800       $unwind$?GetSimSpacePos@@YA?ATv3@@PEAUsim_region@@PEAUlow_entity@@@Z 0000000180029800     p5engine.obj
 0003:00004814       $unwind$?AddEntity@@YAPEAUsim_entity@@PEAUgame_state@@PEAUsim_region@@IPEAUlow_entity@@PEATv3@@@Z 0000000180029814     p5engine.obj
 0003:00004828       $unwind$?LoadEntityReference@@YAXPEAUgame_state@@PEAUsim_region@@PEATentity_reference@@@Z 0000000180029828     p5engine.obj
 0003:00004844       $unwind$?StoreEntityReference@@YAXPEATentity_reference@@@Z 0000000180029844     p5engine.obj
 0003:00004858       $unwind$?AddEntityRaw@@YAPEAUsim_entity@@PEAUgame_state@@PEAUsim_region@@IPEAUlow_entity@@@Z 0000000180029858     p5engine.obj
 0003:0000486c       $unwind$?BeginSim@@YAPEAUsim_region@@PEAUmemory_arena@@PEAUgame_state@@PEAUworld@@Uworld_position@@Urectangle3@@@Z 000000018002986c     p5engine.obj
 0003:00004884       $unwind$?EndSim@@YAXPEAUsim_region@@PEAUgame_state@@@Z 0000000180029884     p5engine.obj
 0003:0000489c       $unwind$?TestWall@@YAHMMMMMPEAMMM@Z 000000018002989c     p5engine.obj
 0003:000048b0       $unwind$?ShouldCollide@@YAHPEAUgame_state@@PEAUsim_entity@@1@Z 00000001800298b0     p5engine.obj
 0003:000048c4       $unwind$?HandleCollision@@YAHPEAUsim_entity@@0@Z 00000001800298c4     p5engine.obj
 0003:000048d8       $unwind$?MoveEntity@@YAXPEAUgame_state@@PEAUsim_region@@PEAUsim_entity@@MPEAUmove_spec@@Tv3@@@Z 00000001800298d8     p5engine.obj
 0003:000048f4       $unwind$?DefaultMoveSpec@@YA?AUmove_spec@@XZ 00000001800298f4     p5engine.obj
 0003:00004910       $unwind$?GameOutputSound@@YAXPEAUgame_state@@PEAUgame_sound_output_buffer@@H@Z 0000000180029910     p5engine.obj
 0003:00004924       $unwind$?DrawRectangle@@YAXPEAUgame_offscreen_buffer@@Tv2@@1MMM@Z 0000000180029924     p5engine.obj
 0003:00004938       $unwind$?DrawBitmap@@YAXPEAUgame_offscreen_buffer@@PEAUloaded_bitmap@@MMM@Z 0000000180029938     p5engine.obj
 0003:0000494c       $unwind$?DEBUGLoadBMP@@YA?AUloaded_bitmap@@PEAUthread_context@@P6A?AUdebug_read_file_result@@0PEAD@Z1@Z 000000018002994c     p5engine.obj
 0003:00004968       $unwind$?AddLowEntity@@YA?AUadd_low_entity_result@@PEAUgame_state@@W4entity_type@@Uworld_position@@@Z 0000000180029968     p5engine.obj
 0003:00004984       $unwind$?AddWall@@YA?AUadd_low_entity_result@@PEAUworld@@PEAUgame_state@@III@Z 0000000180029984     p5engine.obj
 0003:00004998       $unwind$?InitHitPoints@@YAXPEAUlow_entity@@I@Z 0000000180029998     p5engine.obj
 0003:000049ac       $unwind$?AddSword@@YA?AUadd_low_entity_result@@PEAUgame_state@@@Z 00000001800299ac     p5engine.obj
 0003:000049c0       $unwind$?AddPlayer@@YA?AUadd_low_entity_result@@PEAUgame_state@@@Z 00000001800299c0     p5engine.obj
 0003:000049d4       $unwind$?AddMonstar@@YA?AUadd_low_entity_result@@PEAUgame_state@@III@Z 00000001800299d4     p5engine.obj
 0003:000049e8       $unwind$?AddFamiliar@@YA?AUadd_low_entity_result@@PEAUgame_state@@III@Z 00000001800299e8     p5engine.obj
 0003:000049fc       $unwind$?PushPiece@@YAXPEAUentity_visible_piece_group@@PEAUloaded_bitmap@@Tv2@@2M2Tv4@@M@Z 00000001800299fc     p5engine.obj
 0003:00004a10       $unwind$?PushBitmap@@YAXPEAUentity_visible_piece_group@@PEAUloaded_bitmap@@Tv2@@M2MM@Z 0000000180029a10     p5engine.obj
 0003:00004a24       $unwind$?PushRect@@YAXPEAUentity_visible_piece_group@@Tv2@@M1Tv4@@M@Z 0000000180029a24     p5engine.obj
 0003:00004a38       $unwind$?DrawHitpoints@@YAXPEAUsim_entity@@PEAUentity_visible_piece_group@@@Z 0000000180029a38     p5engine.obj
 0003:00004a54       $unwind$GameUpdateAndRender 0000000180029a54     p5engine.obj
 0003:00004a70       $unwind$GameGetSoundSamples 0000000180029a70     p5engine.obj
 0003:00004a84       $unwind$_RTC_CheckStackVars 0000000180029a84     MSVCRTD:stack.obj
 0003:00004a98       $chain$0$_RTC_CheckStackVars 0000000180029a98     MSVCRTD:stack.obj
 0003:00004ab0       $chain$1$_RTC_CheckStackVars 0000000180029ab0     MSVCRTD:stack.obj
 0003:00004ac4       $unwind$_RTC_CheckStackVars2 0000000180029ac4     MSVCRTD:stack.obj
 0003:00004ad4       $chain$1$_RTC_CheckStackVars2 0000000180029ad4     MSVCRTD:stack.obj
 0003:00004af0       $chain$2$_RTC_CheckStackVars2 0000000180029af0     MSVCRTD:stack.obj
 0003:00004b08       $chain$3$_RTC_CheckStackVars2 0000000180029b08     MSVCRTD:stack.obj
 0003:00004b20       $chain$4$_RTC_CheckStackVars2 0000000180029b20     MSVCRTD:stack.obj
 0003:00004b34       $chain$5$_RTC_CheckStackVars2 0000000180029b34     MSVCRTD:stack.obj
 0003:00004b48       $chain$6$_RTC_CheckStackVars2 0000000180029b48     MSVCRTD:stack.obj
 0003:00004b5c       $unwind$_RTC_AllocaHelper  0000000180029b5c     MSVCRTD:stack.obj
 0003:00004b64       $chain$0$_RTC_AllocaHelper 0000000180029b64     MSVCRTD:stack.obj
 0003:00004b7c       $chain$1$_RTC_AllocaHelper 0000000180029b7c     MSVCRTD:stack.obj
 0003:00004b90       $unwind$_RTC_Shutdown      0000000180029b90     MSVCRTD:init.obj
 0003:00004b98       $unwind$_RTC_InitBase      0000000180029b98     MSVCRTD:init.obj
 0003:00004ba0       $unwind$__CheckForDebuggerJustMyCode 0000000180029ba0     MSVCRTD:debugger_jmc.obj
 0003:00004ba8       $unwind$__GSHandlerCheckCommon 0000000180029ba8     MSVCRTD:gshandler.obj
 0003:00004bb0       $unwind$__GSHandlerCheck   0000000180029bb0     MSVCRTD:gshandler.obj
 0003:00004bb8       $xdatasym                  0000000180029bb8     MSVCRTD:chkstk.obj
 0003:00004bc0       $xdatasym                  0000000180029bc0     MSVCRTD:amdsecgs.obj
 0003:00004bc4       $unwind$?dllmain_crt_process_attach@@YAHQEAUHINSTANCE__@@QEAX@Z 0000000180029bc4     MSVCRTD:dll_dllmain.obj
 0003:00004be8       $unwind$?fin$0@?0??dllmain_crt_process_attach@@YAHQEAUHINSTANCE__@@QEAX@Z@4HA 0000000180029be8     MSVCRTD:dll_dllmain.obj
 0003:00004bf0       $unwind$?dllmain_crt_process_detach@@YAH_N@Z 0000000180029bf0     MSVCRTD:dll_dllmain.obj
 0003:00004c24       $unwind$?fin$0@?0??dllmain_crt_process_detach@@YAH_N@Z@4HA 0000000180029c24     MSVCRTD:dll_dllmain.obj
 0003:00004c2c       $unwind$?fin$1@?0??dllmain_crt_process_detach@@YAH_N@Z@4HA 0000000180029c2c     MSVCRTD:dll_dllmain.obj
 0003:00004c34       $unwind$?dllmain_crt_dispatch@@YAHQEAUHINSTANCE__@@KQEAX@Z 0000000180029c34     MSVCRTD:dll_dllmain.obj
 0003:00004c3c       $unwind$_CRT_INIT          0000000180029c3c     MSVCRTD:dll_dllmain.obj
 0003:00004c44       $unwind$?dllmain_raw@@YAHQEAUHINSTANCE__@@KQEAX@Z 0000000180029c44     MSVCRTD:dll_dllmain.obj
 0003:00004c4c       $unwind$?dllmain_dispatch@@YAHQEAUHINSTANCE__@@KQEAX@Z 0000000180029c4c     MSVCRTD:dll_dllmain.obj
 0003:00004c70       $unwind$?filt$0@?0??dllmain_dispatch@@YAHQEAUHINSTANCE__@@KQEAX@Z@4HA 0000000180029c70     MSVCRTD:dll_dllmain.obj
 0003:00004c78       $unwind$_DllMainCRTStartup 0000000180029c78     MSVCRTD:dll_dllmain.obj
 0003:00004c80       $unwind$_RTC_UninitUse     0000000180029c80     MSVCRTD:error.obj
 0003:00004c9c       $unwind$?_RTC_StackFailure@@YAXPEAXPEBD@Z 0000000180029c9c     MSVCRTD:error.obj
 0003:00004cbc       $unwind$?_RTC_AllocaFailure@@YAXPEAXPEAU_RTC_ALLOCA_NODE@@H@Z 0000000180029cbc     MSVCRTD:error.obj
 0003:00004cd8       $chain$0$?_RTC_AllocaFailure@@YAXPEAXPEAU_RTC_ALLOCA_NODE@@H@Z 0000000180029cd8     MSVCRTD:error.obj
 0003:00004cf0       $chain$1$?_RTC_AllocaFailure@@YAXPEAXPEAU_RTC_ALLOCA_NODE@@H@Z 0000000180029cf0     MSVCRTD:error.obj
 0003:00004d04       $unwind$_vsprintf_s_l      0000000180029d04     MSVCRTD:error.obj
 0003:00004d1c       $unwind$sprintf_s          0000000180029d1c     MSVCRTD:error.obj
 0003:00004d24       $unwind$?notify_debugger@@YAXAEBUtagEXCEPTION_VISUALCPP_DEBUG_INFO@@@Z 0000000180029d24     MSVCRTD:error.obj
 0003:00004d48       $unwind$?filt$0@?0??notify_debugger@@YAXAEBUtagEXCEPTION_VISUALCPP_DEBUG_INFO@@@Z@4HA 0000000180029d48     MSVCRTD:error.obj
 0003:00004d50       $unwind$?DebuggerProbe@@YA_NK@Z 0000000180029d50     MSVCRTD:error.obj
 0003:00004d58       $unwind$?DebuggerRuntime@@YA_NKHPEAXPEB_W@Z 0000000180029d58     MSVCRTD:error.obj
 0003:00004d60       $unwind$?failwithmessage@@YAXPEAXHHPEBD@Z 0000000180029d60     MSVCRTD:error.obj
 0003:00004d88       $unwind$?_getMemBlockDataString@@YAXPEAD0PEBD_K@Z 0000000180029d88     MSVCRTD:error.obj
 0003:00004d9c       $chain$3$?_getMemBlockDataString@@YAXPEAD0PEBD_K@Z 0000000180029d9c     MSVCRTD:error.obj
 0003:00004dc0       $chain$4$?_getMemBlockDataString@@YAXPEAD0PEBD_K@Z 0000000180029dc0     MSVCRTD:error.obj
 0003:00004dd4       $unwind$__report_securityfailure 0000000180029dd4     MSVCRTD:gs_report.obj
 0003:00004ddc       $unwind$__report_securityfailureEx 0000000180029ddc     MSVCRTD:gs_report.obj
 0003:00004de4       $unwind$__report_rangecheckfailure 0000000180029de4     MSVCRTD:gs_report.obj
 0003:00004dec       $unwind$__report_gsfailure 0000000180029dec     MSVCRTD:gs_report.obj
 0003:00004df4       $unwind$capture_current_context 0000000180029df4     MSVCRTD:gs_report.obj
 0003:00004dfc       $unwind$capture_previous_context 0000000180029dfc     MSVCRTD:gs_report.obj
 0003:00004e04       $unwind$__raise_securityfailure 0000000180029e04     MSVCRTD:gs_report.obj
 0003:00004e0c       $unwind$__security_init_cookie 0000000180029e0c     MSVCRTD:gs_support.obj
 0003:00004e14       $unwind$__get_entropy      0000000180029e14     MSVCRTD:gs_support.obj
 0003:00004e1c       $unwind$DllMain            0000000180029e1c     MSVCRTD:dll_dllmain_stub.obj
 0003:00004e24       $unwind$?__scrt_initialize_type_info@@YAXXZ 0000000180029e24     MSVCRTD:tncleanup.obj
 0003:00004e2c       $unwind$?__scrt_uninitialize_type_info@@YAXXZ 0000000180029e2c     MSVCRTD:tncleanup.obj
 0003:00004e34       $unwind$__scrt_initialize_default_local_stdio_options 0000000180029e34     MSVCRTD:default_local_stdio_options.obj
 0003:00004e3c       $unwind$atexit             0000000180029e3c     MSVCRTD:utility.obj
 0003:00004e44       $unwind$_onexit            0000000180029e44     MSVCRTD:utility.obj
 0003:00004e4c       $unwind$at_quick_exit      0000000180029e4c     MSVCRTD:utility.obj
 0003:00004e54       $unwind$__scrt_is_nonwritable_in_current_image 0000000180029e54     MSVCRTD:utility.obj
 0003:00004e78       $unwind$__scrt_is_nonwritable_in_current_image$filt$0 0000000180029e78     MSVCRTD:utility.obj
 0003:00004e80       $unwind$__scrt_acquire_startup_lock 0000000180029e80     MSVCRTD:utility.obj
 0003:00004e88       $unwind$__scrt_release_startup_lock 0000000180029e88     MSVCRTD:utility.obj
 0003:00004e90       $unwind$__scrt_initialize_crt 0000000180029e90     MSVCRTD:utility.obj
 0003:00004e98       $unwind$__scrt_uninitialize_crt 0000000180029e98     MSVCRTD:utility.obj
 0003:00004ea0       $unwind$__scrt_initialize_onexit_tables 0000000180029ea0     MSVCRTD:utility.obj
 0003:00004eb0       $unwind$__scrt_dllmain_exception_filter 0000000180029eb0     MSVCRTD:utility.obj
 0003:00004eb8       $unwind$__scrt_dllmain_before_initialize_c 0000000180029eb8     MSVCRTD:utility.obj
 0003:00004ec0       $unwind$__scrt_dllmain_after_initialize_c 0000000180029ec0     MSVCRTD:utility.obj
 0003:00004ec8       $unwind$__scrt_dllmain_uninitialize_c 0000000180029ec8     MSVCRTD:utility.obj
 0003:00004ed0       $unwind$__scrt_dllmain_uninitialize_critical 0000000180029ed0     MSVCRTD:utility.obj
 0003:00004ed8       $unwind$__scrt_dllmain_crt_thread_attach 0000000180029ed8     MSVCRTD:utility.obj
 0003:00004ee0       $unwind$__scrt_dllmain_crt_thread_detach 0000000180029ee0     MSVCRTD:utility.obj
 0003:00004ee8       $unwind$?configure_argv@__scrt_narrow_argv_policy@@SAHXZ 0000000180029ee8     MSVCRTD:utility.obj
 0003:00004ef0       $unwind$?initialize_environment@__scrt_narrow_environment_policy@@SAHXZ 0000000180029ef0     MSVCRTD:utility.obj
 0003:00004ef8       $unwind$?is_potentially_valid_image_base@@YA_NQEAX@Z 0000000180029ef8     MSVCRTD:utility.obj
 0003:00004f00       $unwind$?find_pe_section@@YAPEAU_IMAGE_SECTION_HEADER@@QEAE_K@Z 0000000180029f00     MSVCRTD:utility.obj
 0003:00004f08       $unwind$__scrt_get_show_window_mode 0000000180029f08     MSVCRTD:utility_desktop.obj
 0003:00004f18       $unwind$__scrt_is_managed_app 0000000180029f18     MSVCRTD:utility_desktop.obj
 0003:00004f20       $unwind$__scrt_initialize_mta 0000000180029f20     MSVCRTD:utility_desktop.obj
 0003:00004f28       $unwind$__scrt_set_unhandled_exception_filter 0000000180029f28     MSVCRTD:utility_desktop.obj
 0003:00004f30       $unwind$__scrt_fastfail    0000000180029f30     MSVCRTD:utility_desktop.obj
 0003:00004f40       $unwind$__scrt_unhandled_exception_filter 0000000180029f40     MSVCRTD:utility_desktop.obj
 0003:00004f48       $unwind$_RTC_Initialize    0000000180029f48     MSVCRTD:initsect.obj
 0003:00004f58       $unwind$_RTC_Terminate     0000000180029f58     MSVCRTD:initsect.obj
 0003:00004f68       $unwind$ReadNoFence64      0000000180029f68     MSVCRTD:guard_support.obj
 0003:00004f70       $unwind$ReadPointerNoFence 0000000180029f70     MSVCRTD:guard_support.obj
 0003:00004f78       $unwind$_guard_icall_checks_enforced 0000000180029f78     MSVCRTD:guard_support.obj
 0003:00004f80       $unwind$__castguard_compat_check 0000000180029f80     MSVCRTD:guard_support.obj
 0003:00004f88       $unwind$__castguard_check_failure_debugbreak 0000000180029f88     MSVCRTD:guard_support.obj
 0003:00004f90       $unwind$__castguard_check_failure_fastfail 0000000180029f90     MSVCRTD:guard_support.obj
 0003:00004f98       $unwind$__castguard_check_failure_os_handled 0000000180029f98     MSVCRTD:guard_support.obj
 0003:00004fa0       $unwind$__castguard_slow_path_compat_check 0000000180029fa0     MSVCRTD:guard_support.obj
 0003:00004fa8       $unwind$__castguard_slow_path_check_debugbreak 0000000180029fa8     MSVCRTD:guard_support.obj
 0003:00004fb0       $unwind$__castguard_slow_path_check_fastfail 0000000180029fb0     MSVCRTD:guard_support.obj
 0003:00004fb8       $unwind$__castguard_slow_path_check_os_handled 0000000180029fb8     MSVCRTD:guard_support.obj
 0003:00004fc0       $unwind$?_RTC_GetSrcLine@@YAHPEAEPEA_WKPEAH1K@Z 0000000180029fc0     MSVCRTD:pdblkup.obj
 0003:00004fdc       $unwind$?GetPdbDllFromInstallPath@@YAPEAUHINSTANCE__@@XZ 0000000180029fdc     MSVCRTD:pdblkup.obj
 0003:00005004       $unwind$?GetPdbDllPathFromFilePath@@YAHPEB_WPEA_W_K@Z 000000018002a004     MSVCRTD:pdblkup.obj
 0003:00005020       $unwind$?GetPdbDll@@YAPEAUHINSTANCE__@@XZ 000000018002a020     MSVCRTD:pdblkup.obj
 0003:00005034       $unwind$__isa_available_init 000000018002a034     MSVCRTD:cpu_disp.obj
 0003:00005048       $unwind$__scrt_is_ucrt_dll_in_use 000000018002a048     MSVCRTD:ucrt_detection.obj
 0003:00005050       $xdatasym                  000000018002a050     MSVCRTD:guard_dispatch.obj
 0003:00005058       $xdatasym                  000000018002a058     MSVCRTD:guard_xfg_dispatch.obj
 0003:000052f0       .edata                     000000018002a2f0     P5Engine.exp
 0003:00005318       rgpv                       000000018002a318     P5Engine.exp
 0003:00005320       rgszName                   000000018002a320     P5Engine.exp
 0003:00005328       rgwOrd                     000000018002a328     P5Engine.exp
 0003:0000532c       szName                     000000018002a32c     P5Engine.exp
 0003:00005339       $N00001                    000000018002a339     P5Engine.exp
 0003:0000534d       $N00002                    000000018002a34d     P5Engine.exp
 0004:00000000       ?RandomNumberTable@@3PAIA  000000018002b000     p5engine.obj
 0004:00004e40       ?init@?1??_RTC_InitBase@@9@4_NA 000000018002fe40     MSVCRTD:init.obj
 0004:00004e44       ?__proc_attached@@3HA      000000018002fe44     MSVCRTD:dll_dllmain.obj
 0004:00004e58       ?_RTC_ErrorReportFunc@@3P6AHHPEBDH00ZZEA 000000018002fe58     MSVCRTD:userapi.obj
 0004:00004e60       ?_RTC_ErrorReportFuncW@@3P6AHHPEB_WH00ZZEA 000000018002fe60     MSVCRTD:userapi.obj
 0004:00004e70       GS_ExceptionRecord         000000018002fe70     MSVCRTD:gs_report.obj
 0004:00004f10       GS_ContextRecord           000000018002ff10     MSVCRTD:gs_report.obj
 0004:00005538       ?is_initialized_as_dll@@3_NA 0000000180030538     MSVCRTD:utility.obj
 0004:00005539       ?module_local_atexit_table_initialized@@3_NA 0000000180030539     MSVCRTD:utility.obj
 0004:00005540       ?module_local_atexit_table@@3U_onexit_table_t@@A 0000000180030540     MSVCRTD:utility.obj
 0004:00005558       ?module_local_at_quick_exit_table@@3U_onexit_table_t@@A 0000000180030558     MSVCRTD:utility.obj
 0004:00005598       ?mspdb@@3PEAUHINSTANCE__@@EA 0000000180030598     MSVCRTD:pdblkup.obj
 0004:000055a1       ?alreadyTried@?1??GetPdbDll@@YAPEAUHINSTANCE__@@XZ@4_NA 00000001800305a1     MSVCRTD:pdblkup.obj
 0004:000055a2       ?PDBOK@?1??_RTC_GetSrcLine@@YAHPEAEPEA_WKPEAH1K@Z@4_NA 00000001800305a2     MSVCRTD:pdblkup.obj
 0006:000007aa       .idata$6                   00000001800347aa     vcruntimed:VCRUNTIME140D.dll
 0006:0000095a       .idata$6                   000000018003495a     ucrtd:ucrtbased.dll
 0006:00000b9c       .idata$6                   0000000180034b9c     kernel32:KERNEL32.dll
 0007:00000000       __5C0B09BC_p5engine_platform@h 0000000180035000     p5engine.obj
 0007:00000001       __09340588_corecrt_math@h  0000000180035001     p5engine.obj
 0007:00000002       __B0C4CEA9_malloc@h        0000000180035002     p5engine.obj
 0007:00000003       __3A0418DB_p5engine_intrinsics@h 0000000180035003     p5engine.obj
 0007:00000004       __6D6C9F34_p5engine_math@h 0000000180035004     p5engine.obj
 0007:00000005       __326D9465_p5engine_entity@h 0000000180035005     p5engine.obj
 0007:00000006       __B7D51BCB_p5engine@h      0000000180035006     p5engine.obj
 0007:00000007       __DC0D61CC_p5engine_world@cpp 0000000180035007     p5engine.obj
 0007:00000008       __5DD8E4E4_p5engine_sim_region@cpp 0000000180035008     p5engine.obj
 0007:00000009       __9C871DF9_p5engine_entity@cpp 0000000180035009     p5engine.obj
 0007:0000000a       __D1049797_p5engine@cpp    000000018003500a     p5engine.obj
 0009:00000170       $R000000                   0000000180037170     * linker generated manifest res *
