 P5Engine

 Timestamp is 634cdb77 (Sun Oct 16 23:35:03 2022)

 Preferred load address is 0000000180000000

 Start         Length     Name                   Class
 0001:00000000 000150f0H .text$mn                CODE
 0001:000150f0 00000040H .text$mn$00             CODE
 0001:00015130 000000ddH .text$x                 CODE
 0002:00000000 00000100H .idata$5                DATA
 0002:00000100 00000028H .00cfg                  DATA
 0002:00000128 00000008H .CRT$XCA                DATA
 0002:00000130 00000008H .CRT$XCZ                DATA
 0002:00000138 00000008H .CRT$XIA                DATA
 0002:00000140 00000008H .CRT$XIZ                DATA
 0002:00000148 00000008H .CRT$XPA                DATA
 0002:00000150 00000008H .CRT$XPZ                DATA
 0002:00000158 00000008H .CRT$XTA                DATA
 0002:00000160 00000010H .CRT$XTZ                DATA
 0002:00000168 00000000H .gehcont$y              DATA
 0002:00000168 00000000H .gfids$y                DATA
 0002:00000170 00000410H .rdata                  DATA
 0002:00000580 00000000H .rdata$CastGuardVftablesA DATA
 0002:00000580 00000000H .rdata$CastGuardVftablesC DATA
 0002:00000580 00000164H .rdata$voltmd           DATA
 0002:000006e4 000002dcH .rdata$zzzdbg           DATA
 0002:000009c0 00000008H .rtc$IAA                DATA
 0002:000009c8 00000008H .rtc$IZZ                DATA
 0002:000009d0 00000008H .rtc$TAA                DATA
 0002:000009d8 00000008H .rtc$TZZ                DATA
 0002:000009e0 000007f0H .xdata                  DATA
 0002:000011d0 00000074H .edata                  DATA
 0002:00001244 0000003cH .idata$2                DATA
 0002:00001280 00000018H .idata$3                DATA
 0002:00001298 00000100H .idata$4                DATA
 0002:00001398 00000294H .idata$6                DATA
 0003:00000000 00004040H .data                   DATA
 0003:00004040 0000067cH .bss                    DATA
 0004:00000000 00000b64H .pdata                  DATA
 0005:00000000 0000001cH .msvcjmc                DATA
 0006:00000000 00000060H .rsrc$01                DATA
 0006:00000060 00000098H .rsrc$02                DATA

  Address         Publics by Value              Rva+Base               Lib:Object

 0000:00000000       __guard_fids_table         0000000000000000     <absolute>
 0000:00000000       __hybrid_auxiliary_iat_copy 0000000000000000     <absolute>
 0000:00000000       __dynamic_value_reloc_table 0000000000000000     <absolute>
 0000:00000000       __guard_longjmp_count      0000000000000000     <absolute>
 0000:00000000       __guard_iat_count          0000000000000000     <absolute>
 0000:00000000       __guard_iat_table          0000000000000000     <absolute>
 0000:00000000       __arm64x_redirection_metadata 0000000000000000     <absolute>
 0000:00000000       __AbsoluteZero             0000000000000000     <absolute>
 0000:00000000       __x64_code_ranges_to_entry_points_count 0000000000000000     <absolute>
 0000:00000000       __hybrid_code_map_count    0000000000000000     <absolute>
 0000:00000000       ___safe_se_handler_table   0000000000000000     <absolute>
 0000:00000000       __guard_check_icall_a64n_fptr 0000000000000000     <absolute>
 0000:00000000       __hybrid_auxiliary_iat     0000000000000000     <absolute>
 0000:00000000       __guard_longjmp_table      0000000000000000     <absolute>
 0000:00000000       __guard_eh_cont_count      0000000000000000     <absolute>
 0000:00000000       __x64_code_ranges_to_entry_points 0000000000000000     <absolute>
 0000:00000000       __guard_fids_count         0000000000000000     <absolute>
 0000:00000000       __arm64x_extra_rfe_table   0000000000000000     <absolute>
 0000:00000000       __arm64x_redirection_metadata_count 0000000000000000     <absolute>
 0000:00000000       __enclave_config           0000000000000000     <absolute>
 0000:00000000       __arm64x_native_entrypoint 0000000000000000     <absolute>
 0000:00000000       __hybrid_code_map          0000000000000000     <absolute>
 0000:00000000       ___safe_se_handler_count   0000000000000000     <absolute>
 0000:00000000       __guard_eh_cont_table      0000000000000000     <absolute>
 0000:00000000       __arm64x_extra_rfe_table_size 0000000000000000     <absolute>
 0000:00000100       __guard_flags              0000000000000100     <absolute>
 0000:00000000       __ImageBase                0000000180000000     <linker-defined>
 0001:000048a0       ?GetSizeOfAsset@@YA?AUasset_memory_size@@PEAUgame_assets@@II@Z 00000001800058a0 f   p5engine.obj
 0001:00009000       GameUpdateAndRender        000000018000a000 f   p5engine.obj
 0001:0000dbc0       GameGetSoundSamples        000000018000ebc0 f   p5engine.obj
 0001:0000dc30       ??D@YA?ATv2@@MT0@@Z        000000018000ec30 f i p5engine.obj
 0001:0000dcb0       ??D@YA?ATv3@@MT0@@Z        000000018000ecb0 f i p5engine.obj
 0001:0000dd60       ??D@YA?ATv3@@T0@M@Z        000000018000ed60 f i p5engine.obj
 0001:0000dde0       ??D@YA?ATv4@@MT0@@Z        000000018000ede0 f i p5engine.obj
 0001:0000deb0       ??G@YA?ATv2@@T0@0@Z        000000018000eeb0 f i p5engine.obj
 0001:0000df30       ??G@YA?ATv3@@T0@0@Z        000000018000ef30 f i p5engine.obj
 0001:0000dff0       ??H@YA?ATv2@@T0@0@Z        000000018000eff0 f i p5engine.obj
 0001:0000e070       ??H@YA?ATv3@@T0@0@Z        000000018000f070 f i p5engine.obj
 0001:0000e130       ??H@YA?ATv4@@T0@0@Z        000000018000f130 f i p5engine.obj
 0001:0000e210       ??X@YAAEATv3@@AEAT0@M@Z    000000018000f210 f i p5engine.obj
 0001:0000e290       ??Y@YAAEATv2@@AEAT0@T0@@Z  000000018000f290 f i p5engine.obj
 0001:0000e2e0       ??Y@YAAEATv3@@AEAT0@T0@@Z  000000018000f2e0 f i p5engine.obj
 0001:0000e380       ??Y@YAAEATv4@@AEAT0@T0@@Z  000000018000f380 f i p5engine.obj
 0001:0000e420       ??Z@YAAEATv3@@AEAT0@T0@@Z  000000018000f420 f i p5engine.obj
 0001:0000e4c0       ?ATan2@@YAMMM@Z            000000018000f4c0 f i p5engine.obj
 0001:0000e510       ?AbsoluteValue@@YAMM@Z     000000018000f510 f i p5engine.obj
 0001:0000e550       ?AcquireAssetMemory@@YAPEAXPEAUgame_assets@@_K@Z 000000018000f550 f i p5engine.obj
 0001:0000e5b0       ?AddFlags@@YAXPEAUsim_entity@@I@Z 000000018000f5b0 f i p5engine.obj
 0001:0000e5f0       ?AddRadiusTo@@YA?AUrectangle3@@U1@Tv3@@@Z 000000018000f5f0 f i p5engine.obj
 0001:0000e760       ?AllResourcesPresent@@YAHPEAUrender_group@@@Z 000000018000f760 f i p5engine.obj
 0001:0000e7b0       ?AreInSameChunk@@YAHPEAUworld@@PEAUworld_position@@1@Z 000000018000f7b0 f i p5engine.obj
 0001:0000e8b0       ?AtomicCompareExchangeUInt32@@YAIPECIII@Z 000000018000f8b0 f i p5engine.obj
 0001:0000e900       ?BeginTemporaryMemory@@YA?AUtemporary_memory@@PEAUmemory_arena@@@Z 000000018000f900 f i p5engine.obj
 0001:0000e9a0       ?CenteredChunkPoint@@YA?AUworld_position@@III@Z 000000018000f9a0 f i p5engine.obj
 0001:0000ea30       ?ChangeEntityLocationRaw@@YAXPEAUmemory_arena@@PEAUworld@@IPEAUworld_position@@2@Z 000000018000fa30 f i p5engine.obj
 0001:0000ee20       ?CheckArena@@YAXPEAUmemory_arena@@@Z 000000018000fe20 f i p5engine.obj
 0001:0000ee50       ?ChunkPositionFromTilePosition@@YA?AUworld_position@@PEAUworld@@HHHTv3@@@Z 000000018000fe50 f i p5engine.obj
 0001:0000f0f0       ?Clamp01@@YA?ATv2@@T1@@Z   00000001800100f0 f i p5engine.obj
 0001:0000f160       ?Clamp01@@YAMM@Z           0000000180010160 f i p5engine.obj
 0001:0000f1a0       ?Clamp01MapToRange@@YAMMMM@Z 00000001800101a0 f i p5engine.obj
 0001:0000f220       ?Clamp@@YAMMMM@Z           0000000180010220 f i p5engine.obj
 0001:0000f290       ?Clear@@YAXPEAUrender_group@@Tv4@@@Z 0000000180010290 f i p5engine.obj
 0001:0000f2f0       ?ClearFlags@@YAXPEAUsim_entity@@I@Z 00000001800102f0 f i p5engine.obj
 0001:0000f330       ?DefaultMoveSpec@@YA?AUmove_spec@@XZ 0000000180010330 f i p5engine.obj
 0001:0000f3d0       ?EndTemporaryMemory@@YAXUtemporary_memory@@@Z 00000001800103d0 f i p5engine.obj
 0001:0000f450       ?EntityOverlapsRectangle@@YAHTv3@@Usim_entity_collision_volume@@Urectangle3@@@Z 0000000180010450 f i p5engine.obj
 0001:0000f5e0       ?GetAlignmentOffset@@YA_KPEAUmemory_arena@@_K@Z 00000001800105e0 f i p5engine.obj
 0001:0000f670       ?GetArenaSizeRemaining@@YA_KPEAUmemory_arena@@_K@Z 0000000180010670 f i p5engine.obj
 0001:0000f6d0       ?GetBarycentric@@YA?ATv2@@Urectangle2@@T1@@Z 00000001800106d0 f i p5engine.obj
 0001:0000f780       ?GetBitmap@@YAPEAUloaded_bitmap@@PEAUgame_assets@@Ubitmap_id@@H@Z 0000000180010780 f i p5engine.obj
 0001:0000f830       ?GetCameraRectangleAtDistance@@YA?AUrectangle2@@PEAUrender_group@@M@Z 0000000180010830 f i p5engine.obj
 0001:0000f8d0       ?GetCameraRectangleAtTarget@@YA?AUrectangle2@@PEAUrender_group@@@Z 00000001800108d0 f i p5engine.obj
 0001:0000f940       ?GetDim@@YA?ATv2@@Urectangle2@@@Z 0000000180010940 f i p5engine.obj
 0001:0000f980       ?GetDim@@YA?ATv3@@Urectangle3@@@Z 0000000180010980 f i p5engine.obj
 0001:0000fa20       ?GetEntityGroundPoint@@YA?ATv3@@PEAUsim_entity@@@Z 0000000180010a20 f i p5engine.obj
 0001:0000faa0       ?GetEntityGroundPoint@@YA?ATv3@@PEAUsim_entity@@T1@@Z 0000000180010aa0 f i p5engine.obj
 0001:0000fb00       ?GetFileHandleFor@@YAPEAUplatform_file_handle@@PEAUgame_assets@@I@Z 0000000180010b00 f i p5engine.obj
 0001:0000fb60       ?GetLowEntity@@YAPEAUlow_entity@@PEAUgame_state@@I@Z 0000000180010b60 f i p5engine.obj
 0001:0000fbd0       ?GetMaxCorner@@YA?ATv3@@Urectangle3@@@Z 0000000180010bd0 f i p5engine.obj
 0001:0000fc30       ?GetMinCorner@@YA?ATv3@@Urectangle3@@@Z 0000000180010c30 f i p5engine.obj
 0001:0000fc80       ?GetNextSoundInChain@@YA?AUsound_id@@PEAUgame_assets@@U1@@Z 0000000180010c80 f i p5engine.obj
 0001:0000fd40       ?GetRenderEntityBasisPos@@YA?AUentity_basis_p_result@@PEAUrender_transform@@Tv3@@@Z 0000000180010d40 f i p5engine.obj
 0001:0000ffe0       ?GetSimSpacePos@@YA?ATv3@@PEAUsim_region@@PEAUlow_entity@@@Z 0000000180010fe0 f i p5engine.obj
 0001:000100d0       ?GetSound@@YAPEAUloaded_sound@@PEAUgame_assets@@Usound_id@@@Z 00000001800110d0 f i p5engine.obj
 0001:00010150       ?GetSoundInfo@@YAPEAUp5a_sound@@PEAUgame_assets@@Usound_id@@@Z 0000000180011150 f i p5engine.obj
 0001:000101b0       ?GetStairGround@@YAMPEAUsim_entity@@Tv3@@@Z 00000001800111b0 f i p5engine.obj
 0001:000102a0       ?GetState@@YAIPEAUasset_slot@@@Z 00000001800112a0 f i p5engine.obj
 0001:000102d0       ?GetType@@YAIPEAUasset_slot@@@Z 00000001800112d0 f i p5engine.obj
 0001:00010300       ?GetWorldChunk@@YAPEAUworld_chunk@@PEAUworld@@HHHPEAUmemory_arena@@@Z 0000000180011300 f i p5engine.obj
 0001:000104f0       ?Hadamard@@YA?ATv2@@T1@0@Z 00000001800114f0 f i p5engine.obj
 0001:00010550       ?Hadamard@@YA?ATv3@@T1@0@Z 0000000180011550 f i p5engine.obj
 0001:00010610       ?HasFlag@@YAHPEAUsim_entity@@I@Z 0000000180011610 f i p5engine.obj
 0001:00010650       ?InitializeArena@@YAXPEAUmemory_arena@@_KPEAX@Z 0000000180011650 f i p5engine.obj
 0001:000106b0       ?Inner@@YAMTv2@@0@Z        00000001800116b0 f i p5engine.obj
 0001:00010700       ?Inner@@YAMTv3@@0@Z        0000000180011700 f i p5engine.obj
 0001:00010770       ?Intersect@@YA?AUrectangle2i@@U1@0@Z 0000000180011770 f i p5engine.obj
 0001:00010880       ?IsCanonical@@YAHMM@Z      0000000180011880 f i p5engine.obj
 0001:00010920       ?IsCanonical@@YAHPEAUworld@@Tv3@@@Z 0000000180011920 f i p5engine.obj
 0001:000109c0       ?IsInRectangle@@YAHUrectangle3@@Tv3@@@Z 00000001800119c0 f i p5engine.obj
 0001:00010a80       ?IsValid@@YAHUsound_id@@@Z 0000000180011a80 f i p5engine.obj
 0001:00010ac0       ?IsValid@@YAHUworld_position@@@Z 0000000180011ac0 f i p5engine.obj
 0001:00010b10       ?Length@@YAMTv3@@@Z        0000000180011b10 f i p5engine.obj
 0001:00010b60       ?LengthSq@@YAMTv2@@@Z      0000000180011b60 f i p5engine.obj
 0001:00010ba0       ?LengthSq@@YAMTv3@@@Z      0000000180011ba0 f i p5engine.obj
 0001:00010c10       ?Lerp@@YAMMMM@Z            0000000180011c10 f i p5engine.obj
 0001:00010c70       ?LoadEntityReference@@YAXPEAUgame_state@@PEAUsim_region@@PEATentity_reference@@@Z 0000000180011c70 f i p5engine.obj
 0001:00010da0       ?MakeEntityNonSpatial@@YAXPEAUsim_entity@@@Z 0000000180011da0 f i p5engine.obj
 0001:00010e20       ?MakeEntitySpatial@@YAXPEAUsim_entity@@Tv3@@1@Z 0000000180011e20 f i p5engine.obj
 0001:00010e90       ?MapIntoChunkSpace@@YA?AUworld_position@@PEAUworld@@U1@Tv3@@@Z 0000000180011e90 f i p5engine.obj
 0001:00010f80       ?NullPosition@@YA?AUworld_position@@XZ 0000000180011f80 f i p5engine.obj
 0001:00010ff0       ?Orthographic@@YAXPEAUrender_group@@HHM@Z 0000000180011ff0 f i p5engine.obj
 0001:000110f0       ?Perspective@@YAXPEAUrender_group@@HHMMM@Z 00000001800120f0 f i p5engine.obj
 0001:000111e0       ?PrefetchSound@@YAXPEAUgame_assets@@Usound_id@@@Z 00000001800121e0 f i p5engine.obj
 0001:00011210       ?PushBitmap@@YAXPEAUrender_group@@PEAUloaded_bitmap@@Tv3@@MTv4@@@Z 0000000180012210 f i p5engine.obj
 0001:00011440       ?PushBitmap@@YAXPEAUrender_group@@Ubitmap_id@@Tv3@@MTv4@@@Z 0000000180012440 f i p5engine.obj
 0001:00011540       ?PushRect@@YAXPEAUrender_group@@Tv3@@Tv2@@Tv4@@@Z 0000000180012540 f i p5engine.obj
 0001:000116e0       ?PushRectOutline@@YAXPEAUrender_group@@Tv3@@Tv2@@Tv4@@@Z 00000001800126e0 f i p5engine.obj
 0001:00011b70       ?PushRenderElement_@@YAPEAXPEAUrender_group@@IW4render_group_entry_type@@@Z 0000000180012b70 f i p5engine.obj
 0001:00011c20       ?PushSize_@@YAPEAXPEAUmemory_arena@@_K1@Z 0000000180012c20 f i p5engine.obj
 0001:00011cf0       ?RandomBetween@@YAMPEAUrandom_series@@MM@Z 0000000180012cf0 f i p5engine.obj
 0001:00011d40       ?RandomBilateral@@YAMPEAUrandom_series@@@Z 0000000180012d40 f i p5engine.obj
 0001:00011d90       ?RandomChoice@@YAIPEAUrandom_series@@I@Z 0000000180012d90 f i p5engine.obj
 0001:00011dd0       ?RandomNextUInt32@@YAIPEAUrandom_series@@@Z 0000000180012dd0 f i p5engine.obj
 0001:00011e40       ?RandomSeed@@YA?AUrandom_series@@I@Z 0000000180012e40 f i p5engine.obj
 0001:00011eb0       ?RandomUnilateral@@YAMPEAUrandom_series@@@Z 0000000180012eb0 f i p5engine.obj
 0001:00011f10       ?RecanonicalizeCoord@@YAXMPEAHPEAM@Z 0000000180012f10 f i p5engine.obj
 0001:00011fb0       ?RectCenterDim@@YA?AUrectangle2@@Tv2@@0@Z 0000000180012fb0 f i p5engine.obj
 0001:00012040       ?RectCenterDim@@YA?AUrectangle3@@Tv3@@0@Z 0000000180013040 f i p5engine.obj
 0001:00012130       ?RectCenterHalfDim@@YA?AUrectangle2@@Tv2@@0@Z 0000000180013130 f i p5engine.obj
 0001:000121e0       ?RectCenterHalfDim@@YA?AUrectangle3@@Tv3@@0@Z 00000001800131e0 f i p5engine.obj
 0001:00012350       ?RectMinMax@@YA?AUrectangle3@@Tv3@@0@Z 0000000180013350 f i p5engine.obj
 0001:000123f0       ?RectanglesIntersect@@YAHUrectangle3@@0@Z 00000001800133f0 f i p5engine.obj
 0001:000124b0       ?ReleaseAssetMemory@@YAXPEAUgame_assets@@_KPEAX@Z 00000001800134b0 f i p5engine.obj
 0001:00012510       ?RoundReal32ToInt32@@YAHM@Z 0000000180013510 f i p5engine.obj
 0001:00012550       ?RoundReal32ToUInt32@@YAIM@Z 0000000180013550 f i p5engine.obj
 0001:00012590       ?SafeRatio1@@YAMMM@Z       0000000180013590 f i p5engine.obj
 0001:000125e0       ?SafeRatioN@@YAMMMM@Z      00000001800135e0 f i p5engine.obj
 0001:00012640       ?SignOf@@YAMM@Z            0000000180013640 f i p5engine.obj
 0001:000126a0       ?Sin@@YAMM@Z               00000001800136a0 f i p5engine.obj
 0001:000126e0       ?Square@@YAMM@Z            00000001800136e0 f i p5engine.obj
 0001:00012720       ?SquareRoot@@YAMM@Z        0000000180013720 f i p5engine.obj
 0001:00012760       ?StoreEntityReference@@YAXPEATentity_reference@@@Z 0000000180013760 f i p5engine.obj
 0001:000127a0       ?SubArena@@YAXPEAUmemory_arena@@0_K1@Z 00000001800137a0 f i p5engine.obj
 0001:00012810       ?ToV3@@YA?ATv3@@Tv2@@M@Z   0000000180013810 f i p5engine.obj
 0001:000128a0       ?Unproject@@YA?ATv2@@PEAUrender_group@@T1@M@Z 00000001800138a0 f i p5engine.obj
 0001:000128f0       ?V2@@YA?ATv2@@MM@Z         00000001800138f0 f i p5engine.obj
 0001:00012960       ?V2i@@YA?ATv2@@HH@Z        0000000180013960 f i p5engine.obj
 0001:000129b0       ?V3@@YA?ATv3@@MMM@Z        00000001800139b0 f i p5engine.obj
 0001:00012a50       ?V4@@YA?ATv4@@MMMM@Z       0000000180013a50 f i p5engine.obj
 0001:00012b00       ?ZeroSize@@YAX_KPEAX@Z     0000000180013b00 f i p5engine.obj
 0001:00012b60       GetController              0000000180013b60 f i p5engine.obj
 0001:00012bc0       SafeTruncateToInt16        0000000180013bc0 f i p5engine.obj
 0001:00012c20       SafeTruncateToUInt16       0000000180013c20 f i p5engine.obj
 0001:00012c70       TruncateReal32ToInt32      0000000180013c70 f i p5engine.obj
 0001:00012ca0       ?DrawRectangleQuickly@@YAXPEAUloaded_bitmap@@Tv2@@11Tv4@@0MUrectangle2i@@H@Z 0000000180013ca0 f   p5engine_optimized.obj
 0001:000139e0       __CheckForDebuggerJustMyCode 00000001800149e0 f   MSVCRTD:debugger_jmc.obj
 0001:00013a20       __GSHandlerCheck           0000000180014a20 f   MSVCRTD:gshandler.obj
 0001:00013a60       __GSHandlerCheckCommon     0000000180014a60 f   MSVCRTD:gshandler.obj
 0001:00013b70       __chkstk                   0000000180014b70 f   MSVCRTD:chkstk.obj
 0001:00013b70       _alloca_probe              0000000180014b70 f   MSVCRTD:chkstk.obj
 0001:00013bd0       __security_check_cookie    0000000180014bd0 f   MSVCRTD:amdsecgs.obj
 0001:00014000       _DllMainCRTStartup         0000000180015000 f   MSVCRTD:dll_dllmain.obj
 0001:00014040       __raise_securityfailure    0000000180015040 f   MSVCRTD:gs_report.obj
 0001:00014080       __report_gsfailure         0000000180015080 f   MSVCRTD:gs_report.obj
 0001:000142e0       __security_init_cookie     00000001800152e0 f   MSVCRTD:gs_support.obj
 0001:00014360       DllMain                    0000000180015360 f   MSVCRTD:dll_dllmain_stub.obj
 0001:000143a0       ?__scrt_initialize_type_info@@YAXXZ 00000001800153a0 f   MSVCRTD:tncleanup.obj
 0001:000143c0       ?__scrt_uninitialize_type_info@@YAXXZ 00000001800153c0 f   MSVCRTD:tncleanup.obj
 0001:000143e0       __local_stdio_printf_options 00000001800153e0 f i MSVCRTD:default_local_stdio_options.obj
 0001:000143f0       __local_stdio_scanf_options 00000001800153f0 f i MSVCRTD:default_local_stdio_options.obj
 0001:00014400       __scrt_initialize_default_local_stdio_options 0000000180015400 f   MSVCRTD:default_local_stdio_options.obj
 0001:00014450       ?configure_argv@__scrt_narrow_argv_policy@@SAHXZ 0000000180015450 f i MSVCRTD:utility.obj
 0001:00014540       ?initialize_environment@__scrt_narrow_environment_policy@@SAHXZ 0000000180015540 f i MSVCRTD:utility.obj
 0001:000145e0       NtCurrentTeb               00000001800155e0 f i MSVCRTD:utility.obj
 0001:000145f0       __scrt_acquire_startup_lock 00000001800155f0 f   MSVCRTD:utility.obj
 0001:00014660       __scrt_dllmain_after_initialize_c 0000000180015660 f   MSVCRTD:utility.obj
 0001:00014690       __scrt_dllmain_before_initialize_c 0000000180015690 f   MSVCRTD:utility.obj
 0001:000146b0       __scrt_dllmain_crt_thread_attach 00000001800156b0 f   MSVCRTD:utility.obj
 0001:000146e0       __scrt_dllmain_crt_thread_detach 00000001800156e0 f   MSVCRTD:utility.obj
 0001:00014700       __scrt_dllmain_exception_filter 0000000180015700 f   MSVCRTD:utility.obj
 0001:00014770       __scrt_dllmain_uninitialize_c 0000000180015770 f   MSVCRTD:utility.obj
 0001:000147a0       __scrt_dllmain_uninitialize_critical 00000001800157a0 f   MSVCRTD:utility.obj
 0001:000147c0       __scrt_initialize_crt      00000001800157c0 f   MSVCRTD:utility.obj
 0001:00014810       __scrt_initialize_onexit_tables 0000000180015810 f   MSVCRTD:utility.obj
 0001:00014920       __scrt_is_nonwritable_in_current_image 0000000180015920 f   MSVCRTD:utility.obj
 0001:000149b0       __scrt_release_startup_lock 00000001800159b0 f   MSVCRTD:utility.obj
 0001:000149e0       __scrt_uninitialize_crt    00000001800159e0 f   MSVCRTD:utility.obj
 0001:00014a20       __scrt_get_dyn_tls_init_callback 0000000180015a20 f   MSVCRTD:dyn_tls_init.obj
 0001:00014a30       __crt_debugger_hook        0000000180015a30 f   MSVCRTD:utility_desktop.obj
 0001:00014a40       __scrt_fastfail            0000000180015a40 f   MSVCRTD:utility_desktop.obj
 0001:00014be0       _RTC_Initialize            0000000180015be0 f   MSVCRTD:initsect.obj
 0001:00014c30       _RTC_Terminate             0000000180015c30 f   MSVCRTD:initsect.obj
 0001:00014c80       _guard_check_icall_nop     0000000180015c80 f i MSVCRTD:guard_support.obj
 0001:00014c90       __isa_available_init       0000000180015c90 f   MSVCRTD:cpu_disp.obj
 0001:00015030       _get_startup_argv_mode     0000000180016030 f   MSVCRTD:argv_mode.obj
 0001:00015040       __scrt_is_ucrt_dll_in_use  0000000180016040 f   MSVCRTD:ucrt_detection.obj
 0001:00015070       __C_specific_handler       0000000180016070 f   vcruntimed:VCRUNTIME140D.dll
 0001:00015076       __std_type_info_destroy_list 0000000180016076 f   vcruntimed:VCRUNTIME140D.dll
 0001:0001507c       atan2                      000000018001607c f   ucrtd:ucrtbased.dll
 0001:00015082       sinf                       0000000180016082 f   ucrtd:ucrtbased.dll
 0001:00015088       sqrtf                      0000000180016088 f   ucrtd:ucrtbased.dll
 0001:0001508e       _initterm                  000000018001608e f   ucrtd:ucrtbased.dll
 0001:00015094       _initterm_e                0000000180016094 f   ucrtd:ucrtbased.dll
 0001:0001509a       _seh_filter_dll            000000018001609a f   ucrtd:ucrtbased.dll
 0001:000150a0       _configure_narrow_argv     00000001800160a0 f   ucrtd:ucrtbased.dll
 0001:000150a6       _initialize_narrow_environment 00000001800160a6 f   ucrtd:ucrtbased.dll
 0001:000150ac       _initialize_onexit_table   00000001800160ac f   ucrtd:ucrtbased.dll
 0001:000150b2       _execute_onexit_table      00000001800160b2 f   ucrtd:ucrtbased.dll
 0001:000150b8       _cexit                     00000001800160b8 f   ucrtd:ucrtbased.dll
 0001:000150c0       __acrt_initialize          00000001800160c0 f   MSVCRTD:ucrt_stubs.obj
 0001:000150c0       __vcrt_thread_detach       00000001800160c0 f   MSVCRTD:ucrt_stubs.obj
 0001:000150c0       __scrt_stub_for_acrt_thread_attach 00000001800160c0 f   MSVCRTD:ucrt_stubs.obj
 0001:000150c0       __scrt_stub_for_acrt_thread_detach 00000001800160c0 f   MSVCRTD:ucrt_stubs.obj
 0001:000150c0       __vcrt_thread_attach       00000001800160c0 f   MSVCRTD:ucrt_stubs.obj
 0001:000150c0       __acrt_thread_attach       00000001800160c0 f   MSVCRTD:ucrt_stubs.obj
 0001:000150c0       __vcrt_initialize          00000001800160c0 f   MSVCRTD:ucrt_stubs.obj
 0001:000150c0       __acrt_thread_detach       00000001800160c0 f   MSVCRTD:ucrt_stubs.obj
 0001:000150c0       __scrt_stub_for_acrt_initialize 00000001800160c0 f   MSVCRTD:ucrt_stubs.obj
 0001:000150d0       __scrt_stub_for_acrt_uninitialize_critical 00000001800160d0 f   MSVCRTD:ucrt_stubs.obj
 0001:000150d0       __vcrt_uninitialize        00000001800160d0 f   MSVCRTD:ucrt_stubs.obj
 0001:000150d0       __vcrt_uninitialize_critical 00000001800160d0 f   MSVCRTD:ucrt_stubs.obj
 0001:000150d0       __acrt_uninitialize_critical 00000001800160d0 f   MSVCRTD:ucrt_stubs.obj
 0001:000150d0       __acrt_uninitialize        00000001800160d0 f   MSVCRTD:ucrt_stubs.obj
 0001:000150d0       __scrt_stub_for_acrt_uninitialize 00000001800160d0 f   MSVCRTD:ucrt_stubs.obj
 0001:000150e0       _is_c_termination_complete 00000001800160e0 f   MSVCRTD:ucrt_stubs.obj
 0001:000150e0       __scrt_stub_for_is_c_termination_complete 00000001800160e0 f   MSVCRTD:ucrt_stubs.obj
 0001:00015100       _guard_dispatch_icall_nop  0000000180016100 f   MSVCRTD:guard_dispatch.obj
 0001:00015120       _guard_xfg_dispatch_icall_nop 0000000180016120 f   MSVCRTD:guard_xfg_dispatch.obj
 0002:00000000       __imp_QueryPerformanceCounter 0000000180017000     kernel32:KERNEL32.dll
 0002:00000008       __imp_RtlCaptureContext    0000000180017008     kernel32:KERNEL32.dll
 0002:00000010       __imp_RtlLookupFunctionEntry 0000000180017010     kernel32:KERNEL32.dll
 0002:00000018       __imp_RtlVirtualUnwind     0000000180017018     kernel32:KERNEL32.dll
 0002:00000020       __imp_IsDebuggerPresent    0000000180017020     kernel32:KERNEL32.dll
 0002:00000028       __imp_InitializeSListHead  0000000180017028     kernel32:KERNEL32.dll
 0002:00000030       __imp_DisableThreadLibraryCalls 0000000180017030     kernel32:KERNEL32.dll
 0002:00000038       __imp_GetSystemTimeAsFileTime 0000000180017038     kernel32:KERNEL32.dll
 0002:00000040       __imp_GetCurrentProcessId  0000000180017040     kernel32:KERNEL32.dll
 0002:00000048       __imp_GetCurrentThreadId   0000000180017048     kernel32:KERNEL32.dll
 0002:00000050       __imp_IsProcessorFeaturePresent 0000000180017050     kernel32:KERNEL32.dll
 0002:00000058       __imp_TerminateProcess     0000000180017058     kernel32:KERNEL32.dll
 0002:00000060       __imp_GetCurrentProcess    0000000180017060     kernel32:KERNEL32.dll
 0002:00000068       __imp_SetUnhandledExceptionFilter 0000000180017068     kernel32:KERNEL32.dll
 0002:00000070       __imp_UnhandledExceptionFilter 0000000180017070     kernel32:KERNEL32.dll
 0002:00000078       \177KERNEL32_NULL_THUNK_DATA 0000000180017078     kernel32:KERNEL32.dll
 0002:00000080       __imp___std_type_info_destroy_list 0000000180017080     vcruntimed:VCRUNTIME140D.dll
 0002:00000088       __imp___C_specific_handler 0000000180017088     vcruntimed:VCRUNTIME140D.dll
 0002:00000090       \177VCRUNTIME140D_NULL_THUNK_DATA 0000000180017090     vcruntimed:VCRUNTIME140D.dll
 0002:00000098       __imp__cexit               0000000180017098     ucrtd:ucrtbased.dll
 0002:000000a0       __imp__execute_onexit_table 00000001800170a0     ucrtd:ucrtbased.dll
 0002:000000a8       __imp__initialize_onexit_table 00000001800170a8     ucrtd:ucrtbased.dll
 0002:000000b0       __imp__initialize_narrow_environment 00000001800170b0     ucrtd:ucrtbased.dll
 0002:000000b8       __imp__configure_narrow_argv 00000001800170b8     ucrtd:ucrtbased.dll
 0002:000000c0       __imp__initterm_e          00000001800170c0     ucrtd:ucrtbased.dll
 0002:000000c8       __imp__initterm            00000001800170c8     ucrtd:ucrtbased.dll
 0002:000000d0       __imp_sqrtf                00000001800170d0     ucrtd:ucrtbased.dll
 0002:000000d8       __imp_sinf                 00000001800170d8     ucrtd:ucrtbased.dll
 0002:000000e0       __imp_atan2                00000001800170e0     ucrtd:ucrtbased.dll
 0002:000000e8       __imp_roundf               00000001800170e8     ucrtd:ucrtbased.dll
 0002:000000f0       __imp__seh_filter_dll      00000001800170f0     ucrtd:ucrtbased.dll
 0002:000000f8       \177ucrtbased_NULL_THUNK_DATA 00000001800170f8     ucrtd:ucrtbased.dll
 0002:00000100       __guard_check_icall_fptr   0000000180017100     MSVCRTD:guard_support.obj
 0002:00000108       __guard_xfg_check_icall_fptr 0000000180017108     MSVCRTD:guard_support.obj
 0002:00000110       __guard_dispatch_icall_fptr 0000000180017110     MSVCRTD:guard_support.obj
 0002:00000118       __guard_xfg_dispatch_icall_fptr 0000000180017118     MSVCRTD:guard_support.obj
 0002:00000120       __guard_xfg_table_dispatch_icall_fptr 0000000180017120     MSVCRTD:guard_support.obj
 0002:00000128       __xc_a                     0000000180017128     MSVCRTD:initializers.obj
 0002:00000130       __xc_z                     0000000180017130     MSVCRTD:initializers.obj
 0002:00000138       __xi_a                     0000000180017138     MSVCRTD:initializers.obj
 0002:00000140       __xi_z                     0000000180017140     MSVCRTD:initializers.obj
 0002:00000148       __xp_a                     0000000180017148     MSVCRTD:initializers.obj
 0002:00000150       __xp_z                     0000000180017150     MSVCRTD:initializers.obj
 0002:00000158       __xt_a                     0000000180017158     MSVCRTD:initializers.obj
 0002:00000160       __xt_z                     0000000180017160     MSVCRTD:initializers.obj
 0002:00000210       ??_C@_0BA@NMEIMCEK@InvalidCodePath@ 0000000180017210     p5engine.obj
 0002:00000220       __real@00000000            0000000180017220     p5engine.obj
 0002:00000224       __real@308992b1            0000000180017224     p5engine.obj
 0002:00000228       __real@3a83126f            0000000180017228     p5engine.obj
 0002:0000022c       __real@3c23d70a            000000018001722c     p5engine.obj
 0002:00000230       __real@3cc30c31            0000000180017230     p5engine.obj
 0002:00000234       __real@3d4ccccd            0000000180017234     p5engine.obj
 0002:00000238       __real@3dcccccd            0000000180017238     p5engine.obj
 0002:0000023c       __real@3e4ccccd            000000018001723c     p5engine.obj
 0002:00000240       __real@3e800000            0000000180017240     p5engine.obj
 0002:00000244       __real@3e99999a            0000000180017244     p5engine.obj
 0002:00000248       __real@3ecccccd            0000000180017248     p5engine.obj
 0002:0000024c       __real@3ee147ae            000000018001724c     p5engine.obj
 0002:00000250       __real@3f000000            0000000180017250     p5engine.obj
 0002:00000254       __real@3f19999a            0000000180017254     p5engine.obj
 0002:00000258       __real@3f228f5c            0000000180017258     p5engine.obj
 0002:0000025c       __real@3f333333            000000018001725c     p5engine.obj
 0002:00000260       __real@3f3504f3            0000000180017260     p5engine.obj
 0002:00000264       __real@3f400000            0000000180017264     p5engine.obj
 0002:00000268       __real@3f666666            0000000180017268     p5engine.obj
 0002:0000026c       __real@3f800000            000000018001726c     p5engine.obj
 0002:00000270       __real@3f8ccccd            0000000180017270     p5engine.obj
 0002:00000274       __real@3f99999a            0000000180017274     p5engine.obj
 0002:00000278       __real@3fa66666            0000000180017278     p5engine.obj
 0002:0000027c       __real@3fb33333            000000018001727c     p5engine.obj
 0002:00000280       __real@3fc00000            0000000180017280     p5engine.obj
 0002:00000284       __real@40000000            0000000180017284     p5engine.obj
 0002:00000288       __real@400ccccd            0000000180017288     p5engine.obj
 0002:0000028c       __real@40400000            000000018001728c     p5engine.obj
 0002:00000290       __real@40800000            0000000180017290     p5engine.obj
 0002:00000294       __real@40a00000            0000000180017294     p5engine.obj
 0002:00000298       __real@40c00000            0000000180017298     p5engine.obj
 0002:0000029c       __real@40c90fdb            000000018001729c     p5engine.obj
 0002:000002a0       __real@40e00000            00000001800172a0     p5engine.obj
 0002:000002a4       __real@41100000            00000001800172a4     p5engine.obj
 0002:000002a8       __real@41700000            00000001800172a8     p5engine.obj
 0002:000002ac       __real@41800000            00000001800172ac     p5engine.obj
 0002:000002b0       __real@41880000            00000001800172b0     p5engine.obj
 0002:000002b4       __real@41a00000            00000001800172b4     p5engine.obj
 0002:000002b8       __real@41f00000            00000001800172b8     p5engine.obj
 0002:000002bc       __real@42340000            00000001800172bc     p5engine.obj
 0002:000002c0       __real@437f0000            00000001800172c0     p5engine.obj
 0002:000002c4       __real@461c4000            00000001800172c4     p5engine.obj
 0002:000002c8       __real@47c35000            00000001800172c8     p5engine.obj
 0002:000002cc       __real@49742400            00000001800172cc     p5engine.obj
 0002:000002d0       __real@7f7fffff            00000001800172d0     p5engine.obj
 0002:000002d4       __real@bc23d70a            00000001800172d4     p5engine.obj
 0002:000002d8       __real@bd4ccccd            00000001800172d8     p5engine.obj
 0002:000002dc       __real@be800000            00000001800172dc     p5engine.obj
 0002:000002e0       __real@becccccd            00000001800172e0     p5engine.obj
 0002:000002e4       __real@bf000000            00000001800172e4     p5engine.obj
 0002:000002e8       __real@bf800000            00000001800172e8     p5engine.obj
 0002:000002ec       __real@c0000000            00000001800172ec     p5engine.obj
 0002:000002f0       __real@c0100000            00000001800172f0     p5engine.obj
 0002:000002f4       __real@c0400000            00000001800172f4     p5engine.obj
 0002:000002f8       __real@c11ccccd            00000001800172f8     p5engine.obj
 0002:00000300       __xmm@00000000000000000000000000000000 0000000180017300     p5engine.obj
 0002:00000310       __xmm@3f8000003f8000003f8000003f800000 0000000180017310     p5engine.obj
 0002:00000320       __xmm@7fffffffffffffff7fffffffffffffff 0000000180017320     p5engine.obj
 0002:00000330       __xmm@80000000800000008000000080000000 0000000180017330     p5engine.obj
 0002:00000340       __xmm@000000ff000000ff000000ff000000ff 0000000180017340     p5engine_optimized.obj
 0002:00000350       __xmm@0000ffff0000ffff0000ffff0000ffff 0000000180017350     p5engine_optimized.obj
 0002:00000360       __xmm@00ff00ff00ff00ff00ff00ff00ff00ff 0000000180017360     p5engine_optimized.obj
 0002:00000370       __xmm@3b8080813b8080813b8080813b808081 0000000180017370     p5engine_optimized.obj
 0002:00000380       __xmm@3f0000003f0000003f0000003f000000 0000000180017380     p5engine_optimized.obj
 0002:00000390       __xmm@40800000408000004080000040800000 0000000180017390     p5engine_optimized.obj
 0002:000003a0       __xmm@477e0100477e0100477e0100477e0100 00000001800173a0     p5engine_optimized.obj
 0002:000003b0       __xmm@ffffffffffffffffffffffffffffffff 00000001800173b0     p5engine_optimized.obj
 0002:000003c0       _pRawDllMain               00000001800173c0     MSVCRTD:dll_dllmain.obj
 0002:000003c0       _pDefaultRawDllMain        00000001800173c0     MSVCRTD:dll_dllmain.obj
 0002:00000430       _load_config_used          0000000180017430     MSVCRTD:loadcfg.obj
 0002:00000580       __volatile_metadata        0000000180017580     <linker-defined>
 0002:000009c0       __rtc_iaa                  00000001800179c0     MSVCRTD:initsect.obj
 0002:000009c8       __rtc_izz                  00000001800179c8     MSVCRTD:initsect.obj
 0002:000009d0       __rtc_taa                  00000001800179d0     MSVCRTD:initsect.obj
 0002:000009d8       __rtc_tzz                  00000001800179d8     MSVCRTD:initsect.obj
 0002:00001244       __IMPORT_DESCRIPTOR_VCRUNTIME140D 0000000180018244     vcruntimed:VCRUNTIME140D.dll
 0002:00001258       __IMPORT_DESCRIPTOR_ucrtbased 0000000180018258     ucrtd:ucrtbased.dll
 0002:0000126c       __IMPORT_DESCRIPTOR_KERNEL32 000000018001826c     kernel32:KERNEL32.dll
 0002:00001280       __NULL_IMPORT_DESCRIPTOR   0000000180018280     vcruntimed:VCRUNTIME140D.dll
 0003:00004000       __security_cookie_complement 000000018001d000     MSVCRTD:gs_cookie.obj
 0003:00004008       __security_cookie          000000018001d008     MSVCRTD:gs_cookie.obj
 0003:00004010       _fltused                   000000018001d010     MSVCRTD:fltused.obj
 0003:00004014       __scrt_native_dllmain_reason 000000018001d014     MSVCRTD:utility.obj
 0003:00004018       __isa_available            000000018001d018     MSVCRTD:cpu_disp.obj
 0003:0000401c       __isa_enabled              000000018001d01c     MSVCRTD:cpu_disp.obj
 0003:00004020       __memcpy_nt_iters          000000018001d020     MSVCRTD:cpu_disp.obj
 0003:00004028       __memset_nt_iters          000000018001d028     MSVCRTD:cpu_disp.obj
 0003:00004030       __scrt_ucrt_dll_is_in_use  000000018001d030     MSVCRTD:ucrt_stubs.obj
 0003:00004040       DebugGlobalMemory          000000018001d040     p5engine.obj
 0003:00004630       ?__type_info_root_node@@3U__type_info_node@@A 000000018001d630     MSVCRTD:tncleanup.obj
 0003:00004640       ?_OptionsStorage@?1??__local_stdio_printf_options@@9@4_KA 000000018001d640     MSVCRTD:default_local_stdio_options.obj
 0003:00004648       ?_OptionsStorage@?1??__local_stdio_scanf_options@@9@4_KA 000000018001d648     MSVCRTD:default_local_stdio_options.obj
 0003:00004650       __scrt_current_native_startup_state 000000018001d650     MSVCRTD:utility.obj
 0003:00004658       __scrt_native_startup_lock 000000018001d658     MSVCRTD:utility.obj
 0003:00004698       __scrt_debugger_hook_flag  000000018001d698     MSVCRTD:utility_desktop.obj
 0003:000046a0       __castguard_check_failure_os_handled_fptr 000000018001d6a0     MSVCRTD:guard_support.obj
 0003:000046a8       __favor                    000000018001d6a8     MSVCRTD:cpu_disp.obj
 0003:000046b0       __dyn_tls_init_callback    000000018001d6b0     <common>
 0003:000046b8       __DebuggerCurrentSteppingThreadId 000000018001d6b8     <common>

 entry point at        0001:00014000

 Static symbols

 0000:fffde000       .debug$S                   0000000180000000     P5Engine.exp
 0000:fffde000       .debug$S                   0000000180000000     vcruntimed:VCRUNTIME140D.dll
 0000:fffde000       .debug$S                   0000000180000000     vcruntimed:VCRUNTIME140D.dll
 0000:fffde000       .debug$S                   0000000180000000     vcruntimed:VCRUNTIME140D.dll
 0000:fffde000       .debug$S                   0000000180000000     vcruntimed:VCRUNTIME140D.dll
 0000:fffde000       .debug$S                   0000000180000000     ucrtd:ucrtbased.dll
 0000:fffde000       .debug$S                   0000000180000000     ucrtd:ucrtbased.dll
 0000:fffde000       .debug$S                   0000000180000000     ucrtd:ucrtbased.dll
 0000:fffde000       .debug$S                   0000000180000000     ucrtd:ucrtbased.dll
 0000:fffde000       .debug$S                   0000000180000000     ucrtd:ucrtbased.dll
 0000:fffde000       .debug$S                   0000000180000000     ucrtd:ucrtbased.dll
 0000:fffde000       .debug$S                   0000000180000000     ucrtd:ucrtbased.dll
 0000:fffde000       .debug$S                   0000000180000000     ucrtd:ucrtbased.dll
 0000:fffde000       .debug$S                   0000000180000000     ucrtd:ucrtbased.dll
 0000:fffde000       .debug$S                   0000000180000000     ucrtd:ucrtbased.dll
 0000:fffde000       .debug$S                   0000000180000000     ucrtd:ucrtbased.dll
 0000:fffde000       .debug$S                   0000000180000000     ucrtd:ucrtbased.dll
 0000:fffde000       .debug$S                   0000000180000000     ucrtd:ucrtbased.dll
 0000:fffde000       .debug$S                   0000000180000000     ucrtd:ucrtbased.dll
 0000:fffde000       .debug$S                   0000000180000000     ucrtd:ucrtbased.dll
 0000:fffde000       .debug$S                   0000000180000000     ucrtd:ucrtbased.dll
 0000:fffde000       .debug$S                   0000000180000000     kernel32:KERNEL32.dll
 0000:fffde000       .debug$S                   0000000180000000     kernel32:KERNEL32.dll
 0000:fffde000       .debug$S                   0000000180000000     kernel32:KERNEL32.dll
 0000:fffde000       .debug$S                   0000000180000000     kernel32:KERNEL32.dll
 0000:fffde000       .debug$S                   0000000180000000     kernel32:KERNEL32.dll
 0000:fffde000       .debug$S                   0000000180000000     kernel32:KERNEL32.dll
 0000:fffde000       .debug$S                   0000000180000000     kernel32:KERNEL32.dll
 0000:fffde000       .debug$S                   0000000180000000     kernel32:KERNEL32.dll
 0000:fffde000       .debug$S                   0000000180000000     kernel32:KERNEL32.dll
 0000:fffde000       .debug$S                   0000000180000000     kernel32:KERNEL32.dll
 0000:fffde000       .debug$S                   0000000180000000     kernel32:KERNEL32.dll
 0000:fffde000       .debug$S                   0000000180000000     kernel32:KERNEL32.dll
 0000:fffde000       .debug$S                   0000000180000000     kernel32:KERNEL32.dll
 0000:fffde000       .debug$S                   0000000180000000     kernel32:KERNEL32.dll
 0000:fffde000       .debug$S                   0000000180000000     kernel32:KERNEL32.dll
 0000:fffde000       .debug$S                   0000000180000000     kernel32:KERNEL32.dll
 0000:fffde000       .debug$S                   0000000180000000     kernel32:KERNEL32.dll
 0001:00000000       ?LoadBitmap@@YAXPEAUgame_assets@@Ubitmap_id@@H@Z 0000000180001000 f   p5engine.obj
 0001:00000340       ?LoadSound@@YAXPEAUgame_assets@@Usound_id@@@Z 0000000180001340 f   p5engine.obj
 0001:00000600       ?AddCollisionRule@@YAXPEAUgame_state@@IIH@Z 0000000180001600 f   p5engine.obj
 0001:00000780       ?ClearCollisionRulesFor@@YAXPEAUgame_state@@I@Z 0000000180001780 f   p5engine.obj
 0001:00000880       ?BeginTaskWithMemory@@YAPEAUtask_with_memory@@PEAUtransient_state@@@Z 0000000180001880 f   p5engine.obj
 0001:00000960       ?EndTaskWithMemory@@YAXPEAUtask_with_memory@@@Z 0000000180001960 f   p5engine.obj
 0001:000009c0       ?DrawRectangle@@YAXPEAUloaded_bitmap@@Tv2@@1Tv4@@Urectangle2i@@H@Z 00000001800019c0 f   p5engine.obj
 0001:00000c80       ?RenderGroupToOutput@@YAXPEAUrender_group@@PEAUloaded_bitmap@@Urectangle2i@@H@Z 0000000180001c80 f   p5engine.obj
 0001:00001080       ?DoTiledRenderWork@@YAXPEAUplatform_work_queue@@PEAX@Z 0000000180002080 f   p5engine.obj
 0001:00001130       ?RenderGroupToOutput@@YAXPEAUrender_group@@PEAUloaded_bitmap@@@Z 0000000180002130 f   p5engine.obj
 0001:00001220       ?TiledRenderGroupToOutput@@YAXPEAUplatform_work_queue@@PEAUrender_group@@PEAUloaded_bitmap@@@Z 0000000180002220 f   p5engine.obj
 0001:00001460       ?AllocateRenderGroup@@YAPEAUrender_group@@PEAUgame_assets@@PEAUmemory_arena@@IH@Z 0000000180002460 f   p5engine.obj
 0001:000015a0       ?InitializeWorld@@YAXPEAUworld@@Tv3@@@Z 00000001800025a0 f   p5engine.obj
 0001:00001640       ?Subtract@@YA?ATv3@@PEAUworld@@PEAUworld_position@@1@Z 0000000180002640 f   p5engine.obj
 0001:000018b0       ?ChangeEntityLocation@@YAXPEAUmemory_arena@@PEAUworld@@IPEAUlow_entity@@Uworld_position@@@Z 00000001800028b0 f   p5engine.obj
 0001:00001a40       ?GetHashFromStorageIndex@@YAPEAUsim_entity_hash@@PEAUsim_region@@I@Z 0000000180002a40 f   p5engine.obj
 0001:00001b10       ?AddEntity@@YAPEAUsim_entity@@PEAUgame_state@@PEAUsim_region@@IPEAUlow_entity@@PEATv3@@@Z 0000000180002b10 f   p5engine.obj
 0001:00001c70       ?AddEntityRaw@@YAPEAUsim_entity@@PEAUgame_state@@PEAUsim_region@@IPEAUlow_entity@@@Z 0000000180002c70 f   p5engine.obj
 0001:00001df0       ?BeginSim@@YAPEAUsim_region@@PEAUmemory_arena@@PEAUgame_state@@PEAUworld@@Uworld_position@@Urectangle3@@M@Z 0000000180002df0 f   p5engine.obj
 0001:00002460       ?EndSim@@YAXPEAUsim_region@@PEAUgame_state@@@Z 0000000180003460 f   p5engine.obj
 0001:00002720       ?CanCollide@@YAHPEAUgame_state@@PEAUsim_entity@@1@Z 0000000180003720 f   p5engine.obj
 0001:00002870       ?HandleCollision@@YAHPEAUgame_state@@PEAUsim_entity@@1@Z 0000000180003870 f   p5engine.obj
 0001:00002950       ?CanOverlap@@YAHPEAUgame_state@@PEAUsim_entity@@1@Z 0000000180003950 f   p5engine.obj
 0001:000029b0       ?HandleOverlap@@YAXPEAUgame_state@@PEAUsim_entity@@1MPEAM@Z 00000001800039b0 f   p5engine.obj
 0001:00002a50       ?SpeculativeCollide@@YAHPEAUsim_entity@@0Tv3@@@Z 0000000180003a50 f   p5engine.obj
 0001:00002b50       ?EntitiesOverlap@@YAHPEAUsim_entity@@0Tv3@@@Z 0000000180003b50 f   p5engine.obj
 0001:00002e90       ?MoveEntity@@YAXPEAUgame_state@@PEAUsim_region@@PEAUsim_entity@@MPEAUmove_spec@@Tv3@@@Z 0000000180003e90 f   p5engine.obj
 0001:000047f0       ?LoadAssetWork@@YAXPEAUplatform_work_queue@@PEAX@Z 00000001800057f0 f   p5engine.obj
 0001:00004a00       ?AddAssetHeaderToList@@YAXPEAUgame_assets@@IPEAXUasset_memory_size@@@Z 0000000180005a00 f   p5engine.obj
 0001:00004aa0       ?RemoveAssetHeaderFromList@@YAXPEAUasset_memory_header@@@Z 0000000180005aa0 f   p5engine.obj
 0001:00004b10       ?GetBestMatchAssetFrom@@YAIPEAUgame_assets@@W4asset_type_id@@PEAUasset_vector@@2@Z 0000000180005b10 f   p5engine.obj
 0001:00004d50       ?GetRandomAssetFrom@@YAIPEAUgame_assets@@W4asset_type_id@@PEAUrandom_series@@@Z 0000000180005d50 f   p5engine.obj
 0001:00004df0       ?GetFirstAssetFrom@@YAIPEAUgame_assets@@W4asset_type_id@@@Z 0000000180005df0 f   p5engine.obj
 0001:00004e60       ?GetBestMatchBitmapFrom@@YA?AUbitmap_id@@PEAUgame_assets@@W4asset_type_id@@PEAUasset_vector@@2@Z 0000000180005e60 f   p5engine.obj
 0001:00004eb0       ?GetFirstBitmapFrom@@YA?AUbitmap_id@@PEAUgame_assets@@W4asset_type_id@@@Z 0000000180005eb0 f   p5engine.obj
 0001:00004ef0       ?GetRandomBitmapFrom@@YA?AUbitmap_id@@PEAUgame_assets@@W4asset_type_id@@PEAUrandom_series@@@Z 0000000180005ef0 f   p5engine.obj
 0001:00004f40       ?GetFirstSoundFrom@@YA?AUsound_id@@PEAUgame_assets@@W4asset_type_id@@@Z 0000000180005f40 f   p5engine.obj
 0001:00004f80       ?GetRandomSoundFrom@@YA?AUsound_id@@PEAUgame_assets@@W4asset_type_id@@PEAUrandom_series@@@Z 0000000180005f80 f   p5engine.obj
 0001:00004fd0       ?AllocateGameAssets@@YAPEAUgame_assets@@PEAUmemory_arena@@_KPEAUtransient_state@@@Z 0000000180005fd0 f   p5engine.obj
 0001:00005830       ?EvictAsset@@YAXPEAUgame_assets@@PEAUasset_memory_header@@@Z 0000000180006830 f   p5engine.obj
 0001:00005970       ?EvictAssetsAsNecessary@@YAXPEAUgame_assets@@@Z 0000000180006970 f   p5engine.obj
 0001:00005a20       ?PlaySound@@YAPEAUplaying_sound@@PEAUaudio_state@@Usound_id@@@Z 0000000180006a20 f   p5engine.obj
 0001:00005b50       ?ChangeVolume@@YAXPEAUaudio_state@@PEAUplaying_sound@@MTv2@@@Z 0000000180006b50 f   p5engine.obj
 0001:00005c20       ?OutputPlayingSounds@@YAXPEAUaudio_state@@PEAUgame_sound_output_buffer@@PEAUgame_assets@@PEAUmemory_arena@@@Z 0000000180006c20 f   p5engine.obj
 0001:00006d00       ?InitializeAudioState@@YAXPEAUaudio_state@@PEAUmemory_arena@@@Z 0000000180007d00 f   p5engine.obj
 0001:00006d80       ?AddLowEntity@@YA?AUadd_low_entity_result@@PEAUgame_state@@W4entity_type@@Uworld_position@@@Z 0000000180007d80 f   p5engine.obj
 0001:00006f80       ?AddGroundedEntity@@YA?AUadd_low_entity_result@@PEAUgame_state@@W4entity_type@@Uworld_position@@PEAUsim_entity_collision_volume_group@@@Z 0000000180007f80 f   p5engine.obj
 0001:00007030       ?AddStandardRoom@@YA?AUadd_low_entity_result@@PEAUgame_state@@III@Z 0000000180008030 f   p5engine.obj
 0001:00007190       ?AddWall@@YA?AUadd_low_entity_result@@PEAUgame_state@@III@Z 0000000180008190 f   p5engine.obj
 0001:000072f0       ?AddStairs@@YA?AUadd_low_entity_result@@PEAUgame_state@@III@Z 00000001800082f0 f   p5engine.obj
 0001:00007480       ?InitHitPoints@@YAXPEAUlow_entity@@I@Z 0000000180008480 f   p5engine.obj
 0001:00007510       ?AddSword@@YA?AUadd_low_entity_result@@PEAUgame_state@@@Z 0000000180008510 f   p5engine.obj
 0001:00007600       ?AddPlayer@@YA?AUadd_low_entity_result@@PEAUgame_state@@@Z 0000000180008600 f   p5engine.obj
 0001:00007740       ?AddMonstar@@YA?AUadd_low_entity_result@@PEAUgame_state@@III@Z 0000000180008740 f   p5engine.obj
 0001:000078b0       ?AddFamiliar@@YA?AUadd_low_entity_result@@PEAUgame_state@@III@Z 00000001800088b0 f   p5engine.obj
 0001:00007a10       ?DrawHitpoints@@YAXPEAUsim_entity@@PEAUrender_group@@@Z 0000000180008a10 f   p5engine.obj
 0001:00007c80       ?MakeSimpleGroundedCollision@@YAPEAUsim_entity_collision_volume_group@@PEAUgame_state@@MMM@Z 0000000180008c80 f   p5engine.obj
 0001:00007de0       ?MakeNullCollision@@YAPEAUsim_entity_collision_volume_group@@PEAUgame_state@@@Z 0000000180008de0 f   p5engine.obj
 0001:00007ec0       ?FillGroundChunkWork@@YAXPEAUplatform_work_queue@@PEAX@Z 0000000180008ec0 f   p5engine.obj
 0001:00007f20       ?FillGroundChunk@@YAXPEAUtransient_state@@PEAUgame_state@@PEAUground_buffer@@PEAUworld_position@@@Z 0000000180008f20 f   p5engine.obj
 0001:000087a0       ?ClearBitmap@@YAXPEAUloaded_bitmap@@@Z 00000001800097a0 f   p5engine.obj
 0001:00008800       ?MakeEmptyBitmap@@YA?AUloaded_bitmap@@PEAUmemory_arena@@HHH@Z 0000000180009800 f   p5engine.obj
 0001:000088f0       ?MakeSphereDiffuseMap@@YAXPEAUloaded_bitmap@@MM@Z 00000001800098f0 f   p5engine.obj
 0001:00008c20       ?MakeSphereNormalMap@@YAXPEAUloaded_bitmap@@MMM@Z 0000000180009c20 f   p5engine.obj
 0001:0000db94       $LN167                     000000018000eb94     p5engine.obj
 0001:00013b60       $$000000                   0000000180014b60     MSVCRTD:chkstk.obj
 0001:00013bc0       $$000000                   0000000180014bc0     MSVCRTD:amdsecgs.obj
 0001:00013bf0       ?dllmain_crt_dispatch@@YAHQEAUHINSTANCE__@@KQEAX@Z 0000000180014bf0 f   MSVCRTD:dll_dllmain.obj
 0001:00013c80       ?dllmain_crt_process_attach@@YAHQEAUHINSTANCE__@@QEAX@Z 0000000180014c80 f   MSVCRTD:dll_dllmain.obj
 0001:00013dc0       ?dllmain_crt_process_detach@@YAH_N@Z 0000000180014dc0 f   MSVCRTD:dll_dllmain.obj
 0001:00013e60       ?dllmain_dispatch@@YAHQEAUHINSTANCE__@@KQEAX@Z 0000000180014e60 f   MSVCRTD:dll_dllmain.obj
 0001:00013fa0       ?dllmain_raw@@YAHQEAUHINSTANCE__@@KQEAX@Z 0000000180014fa0 f   MSVCRTD:dll_dllmain.obj
 0001:00014160       capture_previous_context   0000000180015160 f   MSVCRTD:gs_report.obj
 0001:00014220       __get_entropy              0000000180015220 f   MSVCRTD:gs_support.obj
 0001:00014470       ?find_pe_section@@YAPEAU_IMAGE_SECTION_HEADER@@QEAE_K@Z 0000000180015470 f   MSVCRTD:utility.obj
 0001:00014550       ?is_potentially_valid_image_base@@YA_NQEAX@Z 0000000180015550 f   MSVCRTD:utility.obj
 0001:000150f0       $$000000                   00000001800160f0     MSVCRTD:guard_dispatch.obj
 0001:00015110       $$000000                   0000000180016110     MSVCRTD:guard_xfg_dispatch.obj
 0001:00015130       ?fin$0@?0??dllmain_crt_process_attach@@YAHQEAUHINSTANCE__@@QEAX@Z@4HA 0000000180016130 f   MSVCRTD:dll_dllmain.obj
 0001:00015150       ?fin$0@?0??dllmain_crt_process_detach@@YAH_N@Z@4HA 0000000180016150 f   MSVCRTD:dll_dllmain.obj
 0001:0001516a       ?fin$1@?0??dllmain_crt_process_detach@@YAH_N@Z@4HA 000000018001616a f   MSVCRTD:dll_dllmain.obj
 0001:00015180       ?filt$0@?0??dllmain_dispatch@@YAHQEAUHINSTANCE__@@KQEAX@Z@4HA 0000000180016180 f   MSVCRTD:dll_dllmain.obj
 0001:000151d0       __scrt_is_nonwritable_in_current_image$filt$0 00000001800161d0 f   MSVCRTD:utility.obj
 0002:00000170       $SG29546                   0000000180017170     p5engine.obj
 0002:00000180       $SG29975                   0000000180017180     p5engine.obj
 0002:00000190       $SG30774                   0000000180017190     p5engine.obj
 0002:00000198       $SG30776                   0000000180017198     p5engine.obj
 0002:000001c0       $SG30778                   00000001800171c0     p5engine.obj
 0002:000001e0       $SG30782                   00000001800171e0     p5engine.obj
 0002:000001f0       $SG30817                   00000001800171f0     p5engine.obj
 0002:00000200       $SG32122                   0000000180017200     p5engine.obj
 0002:000003c8       GS_ExceptionPointers       00000001800173c8     MSVCRTD:gs_report.obj
 0002:000009e0       $unwind$?AbsoluteValue@@YAMM@Z 00000001800179e0     p5engine.obj
 0002:000009e0       $unwind$?Clamp01@@YAMM@Z   00000001800179e0     p5engine.obj
 0002:000009e0       $unwind$?RoundReal32ToInt32@@YAHM@Z 00000001800179e0     p5engine.obj
 0002:000009e0       $unwind$?RoundReal32ToUInt32@@YAIM@Z 00000001800179e0     p5engine.obj
 0002:000009e0       $unwind$?SignOf@@YAMM@Z    00000001800179e0     p5engine.obj
 0002:000009e0       $unwind$?Sin@@YAMM@Z       00000001800179e0     p5engine.obj
 0002:000009e0       $unwind$?Square@@YAMM@Z    00000001800179e0     p5engine.obj
 0002:000009e0       $unwind$?SquareRoot@@YAMM@Z 00000001800179e0     p5engine.obj
 0002:000009e0       $unwind$TruncateReal32ToInt32 00000001800179e0     p5engine.obj
 0002:000009e8       $unwind$?IsValid@@YAHUsound_id@@@Z 00000001800179e8     p5engine.obj
 0002:000009e8       $unwind$SafeTruncateToInt16 00000001800179e8     p5engine.obj
 0002:000009e8       $unwind$SafeTruncateToUInt16 00000001800179e8     p5engine.obj
 0002:000009f0       $unwind$?GetFileHandleFor@@YAPEAUplatform_file_handle@@PEAUgame_assets@@I@Z 00000001800179f0     p5engine.obj
 0002:000009f0       $unwind$?GetLowEntity@@YAPEAUlow_entity@@PEAUgame_state@@I@Z 00000001800179f0     p5engine.obj
 0002:000009f0       $unwind$?GetSound@@YAPEAUloaded_sound@@PEAUgame_assets@@Usound_id@@@Z 00000001800179f0     p5engine.obj
 0002:000009f0       $unwind$?GetSoundInfo@@YAPEAUp5a_sound@@PEAUgame_assets@@Usound_id@@@Z 00000001800179f0     p5engine.obj
 0002:000009f0       $unwind$?HasFlag@@YAHPEAUsim_entity@@I@Z 00000001800179f0     p5engine.obj
 0002:000009f0       $unwind$?RandomChoice@@YAIPEAUrandom_series@@I@Z 00000001800179f0     p5engine.obj
 0002:000009f0       $unwind$GetController      00000001800179f0     p5engine.obj
 0002:000009f8       $unwind$?InitializeArena@@YAXPEAUmemory_arena@@_KPEAX@Z 00000001800179f8     p5engine.obj
 0002:00000a00       $unwind$?GetAlignmentOffset@@YA_KPEAUmemory_arena@@_K@Z 0000000180017a00     p5engine.obj
 0002:00000a08       $unwind$??Y@YAAEATv2@@AEAT0@T0@@Z 0000000180017a08     p5engine.obj
 0002:00000a08       $unwind$?AcquireAssetMemory@@YAPEAXPEAUgame_assets@@_K@Z 0000000180017a08     p5engine.obj
 0002:00000a08       $unwind$?GetArenaSizeRemaining@@YA_KPEAUmemory_arena@@_K@Z 0000000180017a08     p5engine.obj
 0002:00000a08       $unwind$?Hadamard@@YA?ATv2@@T1@0@Z 0000000180017a08     p5engine.obj
 0002:00000a08       $unwind$?Inner@@YAMTv2@@0@Z 0000000180017a08     p5engine.obj
 0002:00000a08       $unwind$?Inner@@YAMTv3@@0@Z 0000000180017a08     p5engine.obj
 0002:00000a08       $unwind$?IsCanonical@@YAHPEAUworld@@Tv3@@@Z 0000000180017a08     p5engine.obj
 0002:00000a08       $unwind$?IsInRectangle@@YAHUrectangle3@@Tv3@@@Z 0000000180017a08     p5engine.obj
 0002:00000a08       $unwind$?RectanglesIntersect@@YAHUrectangle3@@0@Z 0000000180017a08     p5engine.obj
 0002:00000a08       $unwind$?ZeroSize@@YAX_KPEAX@Z 0000000180017a08     p5engine.obj
 0002:00000a08       $unwind$?find_pe_section@@YAPEAU_IMAGE_SECTION_HEADER@@QEAE_K@Z 0000000180017a08     MSVCRTD:utility.obj
 0002:00000a10       $unwind$?PushSize_@@YAPEAXPEAUmemory_arena@@_K1@Z 0000000180017a10     p5engine.obj
 0002:00000a18       $unwind$?BeginTemporaryMemory@@YA?AUtemporary_memory@@PEAUmemory_arena@@@Z 0000000180017a18     p5engine.obj
 0002:00000a2c       $unwind$?AllResourcesPresent@@YAHPEAUrender_group@@@Z 0000000180017a2c     p5engine.obj
 0002:00000a2c       $unwind$?EndTemporaryMemory@@YAXUtemporary_memory@@@Z 0000000180017a2c     p5engine.obj
 0002:00000a2c       $unwind$?GetDim@@YA?ATv2@@Urectangle2@@@Z 0000000180017a2c     p5engine.obj
 0002:00000a2c       $unwind$?GetState@@YAIPEAUasset_slot@@@Z 0000000180017a2c     p5engine.obj
 0002:00000a2c       $unwind$?GetType@@YAIPEAUasset_slot@@@Z 0000000180017a2c     p5engine.obj
 0002:00000a2c       $unwind$?IsValid@@YAHUworld_position@@@Z 0000000180017a2c     p5engine.obj
 0002:00000a2c       $unwind$?LengthSq@@YAMTv2@@@Z 0000000180017a2c     p5engine.obj
 0002:00000a2c       $unwind$?RandomBilateral@@YAMPEAUrandom_series@@@Z 0000000180017a2c     p5engine.obj
 0002:00000a2c       $unwind$?RandomNextUInt32@@YAIPEAUrandom_series@@@Z 0000000180017a2c     p5engine.obj
 0002:00000a2c       $unwind$?RandomUnilateral@@YAMPEAUrandom_series@@@Z 0000000180017a2c     p5engine.obj
 0002:00000a2c       $unwind$__CheckForDebuggerJustMyCode 0000000180017a2c     MSVCRTD:debugger_jmc.obj
 0002:00000a2c       $unwind$__report_gsfailure 0000000180017a2c     MSVCRTD:gs_report.obj
 0002:00000a34       $unwind$?CheckArena@@YAXPEAUmemory_arena@@@Z 0000000180017a34     p5engine.obj
 0002:00000a34       $unwind$?StoreEntityReference@@YAXPEATentity_reference@@@Z 0000000180017a34     p5engine.obj
 0002:00000a34       $unwind$__raise_securityfailure 0000000180017a34     MSVCRTD:gs_report.obj
 0002:00000a34       $unwind$?is_potentially_valid_image_base@@YA_NQEAX@Z 0000000180017a34     MSVCRTD:utility.obj
 0002:00000a3c       $unwind$?SubArena@@YAXPEAUmemory_arena@@0_K1@Z 0000000180017a3c     p5engine.obj
 0002:00000a3c       $unwind$__GSHandlerCheck   0000000180017a3c     MSVCRTD:gshandler.obj
 0002:00000a44       $unwind$?AtomicCompareExchangeUInt32@@YAIPECIII@Z 0000000180017a44     p5engine.obj
 0002:00000a44       $unwind$?GetBitmap@@YAPEAUloaded_bitmap@@PEAUgame_assets@@Ubitmap_id@@H@Z 0000000180017a44     p5engine.obj
 0002:00000a44       $unwind$?PushRenderElement_@@YAPEAXPEAUrender_group@@IW4render_group_entry_type@@@Z 0000000180017a44     p5engine.obj
 0002:00000a44       $unwind$?dllmain_crt_dispatch@@YAHQEAUHINSTANCE__@@KQEAX@Z 0000000180017a44     MSVCRTD:dll_dllmain.obj
 0002:00000a44       $unwind$?dllmain_raw@@YAHQEAUHINSTANCE__@@KQEAX@Z 0000000180017a44     MSVCRTD:dll_dllmain.obj
 0002:00000a4c       $unwind$?ATan2@@YAMMM@Z    0000000180017a4c     p5engine.obj
 0002:00000a4c       $unwind$?IsCanonical@@YAHMM@Z 0000000180017a4c     p5engine.obj
 0002:00000a4c       $unwind$?SafeRatio1@@YAMMM@Z 0000000180017a4c     p5engine.obj
 0002:00000a54       $unwind$?Clamp01MapToRange@@YAMMMM@Z 0000000180017a54     p5engine.obj
 0002:00000a54       $unwind$?Clamp@@YAMMMM@Z   0000000180017a54     p5engine.obj
 0002:00000a54       $unwind$?Lerp@@YAMMMM@Z    0000000180017a54     p5engine.obj
 0002:00000a54       $unwind$?SafeRatioN@@YAMMMM@Z 0000000180017a54     p5engine.obj
 0002:00000a5c       $unwind$?V2@@YA?ATv2@@MM@Z 0000000180017a5c     p5engine.obj
 0002:00000a6c       $unwind$?V2i@@YA?ATv2@@HH@Z 0000000180017a6c     p5engine.obj
 0002:00000a74       $unwind$??D@YA?ATv2@@MT0@@Z 0000000180017a74     p5engine.obj
 0002:00000a84       $unwind$??G@YA?ATv2@@T0@0@Z 0000000180017a84     p5engine.obj
 0002:00000a84       $unwind$??H@YA?ATv2@@T0@0@Z 0000000180017a84     p5engine.obj
 0002:00000a84       $unwind$?GetBarycentric@@YA?ATv2@@Urectangle2@@T1@@Z 0000000180017a84     p5engine.obj
 0002:00000a94       $unwind$?Clamp01@@YA?ATv2@@T1@@Z 0000000180017a94     p5engine.obj
 0002:00000aa4       $unwind$?V3@@YA?ATv3@@MMM@Z 0000000180017aa4     p5engine.obj
 0002:00000aa4       $unwind$?V4@@YA?ATv4@@MMMM@Z 0000000180017aa4     p5engine.obj
 0002:00000ab8       $unwind$??D@YA?ATv3@@MT0@@Z 0000000180017ab8     p5engine.obj
 0002:00000ab8       $unwind$??D@YA?ATv4@@MT0@@Z 0000000180017ab8     p5engine.obj
 0002:00000ab8       $unwind$?ToV3@@YA?ATv3@@Tv2@@M@Z 0000000180017ab8     p5engine.obj
 0002:00000acc       $unwind$??D@YA?ATv3@@T0@M@Z 0000000180017acc     p5engine.obj
 0002:00000acc       $unwind$?GetCameraRectangleAtDistance@@YA?AUrectangle2@@PEAUrender_group@@M@Z 0000000180017acc     p5engine.obj
 0002:00000ad8       $unwind$??X@YAAEATv3@@AEAT0@M@Z 0000000180017ad8     p5engine.obj
 0002:00000ae4       $unwind$??G@YA?ATv3@@T0@0@Z 0000000180017ae4     p5engine.obj
 0002:00000ae4       $unwind$??H@YA?ATv3@@T0@0@Z 0000000180017ae4     p5engine.obj
 0002:00000ae4       $unwind$??H@YA?ATv4@@T0@0@Z 0000000180017ae4     p5engine.obj
 0002:00000af8       $unwind$??Y@YAAEATv3@@AEAT0@T0@@Z 0000000180017af8     p5engine.obj
 0002:00000af8       $unwind$??Y@YAAEATv4@@AEAT0@T0@@Z 0000000180017af8     p5engine.obj
 0002:00000af8       $unwind$??Z@YAAEATv3@@AEAT0@T0@@Z 0000000180017af8     p5engine.obj
 0002:00000af8       $unwind$?GetDim@@YA?ATv3@@Urectangle3@@@Z 0000000180017af8     p5engine.obj
 0002:00000b04       $unwind$?AreInSameChunk@@YAHPEAUworld@@PEAUworld_position@@1@Z 0000000180017b04     p5engine.obj
 0002:00000b04       $unwind$?Hadamard@@YA?ATv3@@T1@0@Z 0000000180017b04     p5engine.obj
 0002:00000b04       $unwind$?RectCenterDim@@YA?AUrectangle2@@Tv2@@0@Z 0000000180017b04     p5engine.obj
 0002:00000b10       $unwind$?LengthSq@@YAMTv3@@@Z 0000000180017b10     p5engine.obj
 0002:00000b1c       $unwind$?Length@@YAMTv3@@@Z 0000000180017b1c     p5engine.obj
 0002:00000b1c       $unwind$?MakeEntityNonSpatial@@YAXPEAUsim_entity@@@Z 0000000180017b1c     p5engine.obj
 0002:00000b28       $unwind$?RectCenterHalfDim@@YA?AUrectangle2@@Tv2@@0@Z 0000000180017b28     p5engine.obj
 0002:00000b3c       $unwind$?Intersect@@YA?AUrectangle2i@@U1@0@Z 0000000180017b3c     p5engine.obj
 0002:00000b48       $unwind$?Clear@@YAXPEAUrender_group@@Tv4@@@Z 0000000180017b48     p5engine.obj
 0002:00000b48       $unwind$?GetMaxCorner@@YA?ATv3@@Urectangle3@@@Z 0000000180017b48     p5engine.obj
 0002:00000b48       $unwind$?GetMinCorner@@YA?ATv3@@Urectangle3@@@Z 0000000180017b48     p5engine.obj
 0002:00000b54       $unwind$?RectMinMax@@YA?AUrectangle3@@Tv3@@0@Z 0000000180017b54     p5engine.obj
 0002:00000b68       $unwind$?AddRadiusTo@@YA?AUrectangle3@@U1@Tv3@@@Z 0000000180017b68     p5engine.obj
 0002:00000b68       $unwind$?RectCenterHalfDim@@YA?AUrectangle3@@Tv3@@0@Z 0000000180017b68     p5engine.obj
 0002:00000b7c       $unwind$?RectCenterDim@@YA?AUrectangle3@@Tv3@@0@Z 0000000180017b7c     p5engine.obj
 0002:00000b88       $unwind$?RandomSeed@@YA?AUrandom_series@@I@Z 0000000180017b88     p5engine.obj
 0002:00000b98       $unwind$?RandomBetween@@YAMPEAUrandom_series@@MM@Z 0000000180017b98     p5engine.obj
 0002:00000ba0       $unwind$?AddFlags@@YAXPEAUsim_entity@@I@Z 0000000180017ba0     p5engine.obj
 0002:00000ba0       $unwind$?ClearFlags@@YAXPEAUsim_entity@@I@Z 0000000180017ba0     p5engine.obj
 0002:00000ba0       $unwind$?PrefetchSound@@YAXPEAUgame_assets@@Usound_id@@@Z 0000000180017ba0     p5engine.obj
 0002:00000ba8       $unwind$?MakeEntitySpatial@@YAXPEAUsim_entity@@Tv3@@1@Z 0000000180017ba8     p5engine.obj
 0002:00000bb4       $unwind$?GetEntityGroundPoint@@YA?ATv3@@PEAUsim_entity@@T1@@Z 0000000180017bb4     p5engine.obj
 0002:00000bc0       $unwind$?GetEntityGroundPoint@@YA?ATv3@@PEAUsim_entity@@@Z 0000000180017bc0     p5engine.obj
 0002:00000bcc       $unwind$?GetStairGround@@YAMPEAUsim_entity@@Tv3@@@Z 0000000180017bcc     p5engine.obj
 0002:00000bd8       $unwind$?LoadBitmap@@YAXPEAUgame_assets@@Ubitmap_id@@H@Z 0000000180017bd8     p5engine.obj
 0002:00000be4       $unwind$?LoadSound@@YAXPEAUgame_assets@@Usound_id@@@Z 0000000180017be4     p5engine.obj
 0002:00000bf0       $unwind$?AddCollisionRule@@YAXPEAUgame_state@@IIH@Z 0000000180017bf0     p5engine.obj
 0002:00000bf8       $unwind$?ClearCollisionRulesFor@@YAXPEAUgame_state@@I@Z 0000000180017bf8     p5engine.obj
 0002:00000c00       $unwind$?BeginTaskWithMemory@@YAPEAUtask_with_memory@@PEAUtransient_state@@@Z 0000000180017c00     p5engine.obj
 0002:00000c0c       $unwind$?EndTaskWithMemory@@YAXPEAUtask_with_memory@@@Z 0000000180017c0c     p5engine.obj
 0002:00000c18       $unwind$?DrawRectangle@@YAXPEAUloaded_bitmap@@Tv2@@1Tv4@@Urectangle2i@@H@Z 0000000180017c18     p5engine.obj
 0002:00000c24       $unwind$?RenderGroupToOutput@@YAXPEAUrender_group@@PEAUloaded_bitmap@@Urectangle2i@@H@Z 0000000180017c24     p5engine.obj
 0002:00000c30       $unwind$?DoTiledRenderWork@@YAXPEAUplatform_work_queue@@PEAX@Z 0000000180017c30     p5engine.obj
 0002:00000c3c       $unwind$?RenderGroupToOutput@@YAXPEAUrender_group@@PEAUloaded_bitmap@@@Z 0000000180017c3c     p5engine.obj
 0002:00000c50       $unwind$?TiledRenderGroupToOutput@@YAXPEAUplatform_work_queue@@PEAUrender_group@@PEAUloaded_bitmap@@@Z 0000000180017c50     p5engine.obj
 0002:00000c64       $unwind$?AllocateRenderGroup@@YAPEAUrender_group@@PEAUgame_assets@@PEAUmemory_arena@@IH@Z 0000000180017c64     p5engine.obj
 0002:00000c70       $unwind$?InitializeWorld@@YAXPEAUworld@@Tv3@@@Z 0000000180017c70     p5engine.obj
 0002:00000c7c       $unwind$?Subtract@@YA?ATv3@@PEAUworld@@PEAUworld_position@@1@Z 0000000180017c7c     p5engine.obj
 0002:00000c90       $unwind$?ChangeEntityLocation@@YAXPEAUmemory_arena@@PEAUworld@@IPEAUlow_entity@@Uworld_position@@@Z 0000000180017c90     p5engine.obj
 0002:00000c9c       $unwind$?GetHashFromStorageIndex@@YAPEAUsim_entity_hash@@PEAUsim_region@@I@Z 0000000180017c9c     p5engine.obj
 0002:00000ca4       $unwind$?AddEntity@@YAPEAUsim_entity@@PEAUgame_state@@PEAUsim_region@@IPEAUlow_entity@@PEATv3@@@Z 0000000180017ca4     p5engine.obj
 0002:00000cb0       $unwind$?AddEntityRaw@@YAPEAUsim_entity@@PEAUgame_state@@PEAUsim_region@@IPEAUlow_entity@@@Z 0000000180017cb0     p5engine.obj
 0002:00000cbc       $unwind$?BeginSim@@YAPEAUsim_region@@PEAUmemory_arena@@PEAUgame_state@@PEAUworld@@Uworld_position@@Urectangle3@@M@Z 0000000180017cbc     p5engine.obj
 0002:00000cd0       $unwind$?EndSim@@YAXPEAUsim_region@@PEAUgame_state@@@Z 0000000180017cd0     p5engine.obj
 0002:00000cdc       $unwind$?CanCollide@@YAHPEAUgame_state@@PEAUsim_entity@@1@Z 0000000180017cdc     p5engine.obj
 0002:00000ce4       $unwind$?HandleCollision@@YAHPEAUgame_state@@PEAUsim_entity@@1@Z 0000000180017ce4     p5engine.obj
 0002:00000cec       $unwind$?CanOverlap@@YAHPEAUgame_state@@PEAUsim_entity@@1@Z 0000000180017cec     p5engine.obj
 0002:00000cf4       $unwind$?HandleOverlap@@YAXPEAUgame_state@@PEAUsim_entity@@1MPEAM@Z 0000000180017cf4     p5engine.obj
 0002:00000d00       $unwind$?SpeculativeCollide@@YAHPEAUsim_entity@@0Tv3@@@Z 0000000180017d00     p5engine.obj
 0002:00000d0c       $unwind$?EntitiesOverlap@@YAHPEAUsim_entity@@0Tv3@@@Z 0000000180017d0c     p5engine.obj
 0002:00000d18       $unwind$?MoveEntity@@YAXPEAUgame_state@@PEAUsim_region@@PEAUsim_entity@@MPEAUmove_spec@@Tv3@@@Z 0000000180017d18     p5engine.obj
 0002:00000d2c       $unwind$?LoadAssetWork@@YAXPEAUplatform_work_queue@@PEAX@Z 0000000180017d2c     p5engine.obj
 0002:00000d34       $unwind$?GetSizeOfAsset@@YA?AUasset_memory_size@@PEAUgame_assets@@II@Z 0000000180017d34     p5engine.obj
 0002:00000d48       $unwind$?AddAssetHeaderToList@@YAXPEAUgame_assets@@IPEAXUasset_memory_size@@@Z 0000000180017d48     p5engine.obj
 0002:00000d50       $unwind$?RemoveAssetHeaderFromList@@YAXPEAUasset_memory_header@@@Z 0000000180017d50     p5engine.obj
 0002:00000d58       $unwind$?GetBestMatchAssetFrom@@YAIPEAUgame_assets@@W4asset_type_id@@PEAUasset_vector@@2@Z 0000000180017d58     p5engine.obj
 0002:00000d60       $unwind$?GetRandomAssetFrom@@YAIPEAUgame_assets@@W4asset_type_id@@PEAUrandom_series@@@Z 0000000180017d60     p5engine.obj
 0002:00000d68       $unwind$?GetFirstAssetFrom@@YAIPEAUgame_assets@@W4asset_type_id@@@Z 0000000180017d68     p5engine.obj
 0002:00000d70       $unwind$?GetBestMatchBitmapFrom@@YA?AUbitmap_id@@PEAUgame_assets@@W4asset_type_id@@PEAUasset_vector@@2@Z 0000000180017d70     p5engine.obj
 0002:00000d78       $unwind$?GetFirstBitmapFrom@@YA?AUbitmap_id@@PEAUgame_assets@@W4asset_type_id@@@Z 0000000180017d78     p5engine.obj
 0002:00000d80       $unwind$?GetRandomBitmapFrom@@YA?AUbitmap_id@@PEAUgame_assets@@W4asset_type_id@@PEAUrandom_series@@@Z 0000000180017d80     p5engine.obj
 0002:00000d88       $unwind$?GetFirstSoundFrom@@YA?AUsound_id@@PEAUgame_assets@@W4asset_type_id@@@Z 0000000180017d88     p5engine.obj
 0002:00000d90       $unwind$?GetRandomSoundFrom@@YA?AUsound_id@@PEAUgame_assets@@W4asset_type_id@@PEAUrandom_series@@@Z 0000000180017d90     p5engine.obj
 0002:00000d98       $unwind$?AllocateGameAssets@@YAPEAUgame_assets@@PEAUmemory_arena@@_KPEAUtransient_state@@@Z 0000000180017d98     p5engine.obj
 0002:00000da4       $unwind$?EvictAsset@@YAXPEAUgame_assets@@PEAUasset_memory_header@@@Z 0000000180017da4     p5engine.obj
 0002:00000db0       $unwind$?EvictAssetsAsNecessary@@YAXPEAUgame_assets@@@Z 0000000180017db0     p5engine.obj
 0002:00000db8       $unwind$?PlaySound@@YAPEAUplaying_sound@@PEAUaudio_state@@Usound_id@@@Z 0000000180017db8     p5engine.obj
 0002:00000dc0       $unwind$?ChangeVolume@@YAXPEAUaudio_state@@PEAUplaying_sound@@MTv2@@@Z 0000000180017dc0     p5engine.obj
 0002:00000dc8       $unwind$?OutputPlayingSounds@@YAXPEAUaudio_state@@PEAUgame_sound_output_buffer@@PEAUgame_assets@@PEAUmemory_arena@@@Z 0000000180017dc8     p5engine.obj
 0002:00000ddc       $unwind$?InitializeAudioState@@YAXPEAUaudio_state@@PEAUmemory_arena@@@Z 0000000180017ddc     p5engine.obj
 0002:00000de4       $unwind$?AddLowEntity@@YA?AUadd_low_entity_result@@PEAUgame_state@@W4entity_type@@Uworld_position@@@Z 0000000180017de4     p5engine.obj
 0002:00000df8       $unwind$?AddGroundedEntity@@YA?AUadd_low_entity_result@@PEAUgame_state@@W4entity_type@@Uworld_position@@PEAUsim_entity_collision_volume_group@@@Z 0000000180017df8     p5engine.obj
 0002:00000e04       $unwind$?AddStandardRoom@@YA?AUadd_low_entity_result@@PEAUgame_state@@III@Z 0000000180017e04     p5engine.obj
 0002:00000e10       $unwind$?AddWall@@YA?AUadd_low_entity_result@@PEAUgame_state@@III@Z 0000000180017e10     p5engine.obj
 0002:00000e1c       $unwind$?AddStairs@@YA?AUadd_low_entity_result@@PEAUgame_state@@III@Z 0000000180017e1c     p5engine.obj
 0002:00000e28       $unwind$?InitHitPoints@@YAXPEAUlow_entity@@I@Z 0000000180017e28     p5engine.obj
 0002:00000e30       $unwind$?AddSword@@YA?AUadd_low_entity_result@@PEAUgame_state@@@Z 0000000180017e30     p5engine.obj
 0002:00000e3c       $unwind$?AddPlayer@@YA?AUadd_low_entity_result@@PEAUgame_state@@@Z 0000000180017e3c     p5engine.obj
 0002:00000e48       $unwind$?AddMonstar@@YA?AUadd_low_entity_result@@PEAUgame_state@@III@Z 0000000180017e48     p5engine.obj
 0002:00000e54       $unwind$?AddFamiliar@@YA?AUadd_low_entity_result@@PEAUgame_state@@III@Z 0000000180017e54     p5engine.obj
 0002:00000e60       $unwind$?DrawHitpoints@@YAXPEAUsim_entity@@PEAUrender_group@@@Z 0000000180017e60     p5engine.obj
 0002:00000e74       $unwind$?MakeSimpleGroundedCollision@@YAPEAUsim_entity_collision_volume_group@@PEAUgame_state@@MMM@Z 0000000180017e74     p5engine.obj
 0002:00000e80       $unwind$?MakeNullCollision@@YAPEAUsim_entity_collision_volume_group@@PEAUgame_state@@@Z 0000000180017e80     p5engine.obj
 0002:00000e8c       $unwind$?FillGroundChunkWork@@YAXPEAUplatform_work_queue@@PEAX@Z 0000000180017e8c     p5engine.obj
 0002:00000e94       $unwind$?FillGroundChunk@@YAXPEAUtransient_state@@PEAUgame_state@@PEAUground_buffer@@PEAUworld_position@@@Z 0000000180017e94     p5engine.obj
 0002:00000ea8       $unwind$?ClearBitmap@@YAXPEAUloaded_bitmap@@@Z 0000000180017ea8     p5engine.obj
 0002:00000eb0       $unwind$?MakeEmptyBitmap@@YA?AUloaded_bitmap@@PEAUmemory_arena@@HHH@Z 0000000180017eb0     p5engine.obj
 0002:00000ec4       $unwind$?MakeSphereDiffuseMap@@YAXPEAUloaded_bitmap@@MM@Z 0000000180017ec4     p5engine.obj
 0002:00000ed0       $unwind$?MakeSphereNormalMap@@YAXPEAUloaded_bitmap@@MMM@Z 0000000180017ed0     p5engine.obj
 0002:00000edc       $unwind$GameUpdateAndRender 0000000180017edc     p5engine.obj
 0002:00000ef0       $unwind$GameGetSoundSamples 0000000180017ef0     p5engine.obj
 0002:00000ef8       $unwind$?GetNextSoundInChain@@YA?AUsound_id@@PEAUgame_assets@@U1@@Z 0000000180017ef8     p5engine.obj
 0002:00000f08       $unwind$?GetRenderEntityBasisPos@@YA?AUentity_basis_p_result@@PEAUrender_transform@@Tv3@@@Z 0000000180017f08     p5engine.obj
 0002:00000f1c       $unwind$?PushBitmap@@YAXPEAUrender_group@@PEAUloaded_bitmap@@Tv3@@MTv4@@@Z 0000000180017f1c     p5engine.obj
 0002:00000f28       $unwind$?PushBitmap@@YAXPEAUrender_group@@Ubitmap_id@@Tv3@@MTv4@@@Z 0000000180017f28     p5engine.obj
 0002:00000f34       $unwind$?PushRect@@YAXPEAUrender_group@@Tv3@@Tv2@@Tv4@@@Z 0000000180017f34     p5engine.obj
 0002:00000f40       $unwind$?PushRectOutline@@YAXPEAUrender_group@@Tv3@@Tv2@@Tv4@@@Z 0000000180017f40     p5engine.obj
 0002:00000f4c       $unwind$?Orthographic@@YAXPEAUrender_group@@HHM@Z 0000000180017f4c     p5engine.obj
 0002:00000f4c       $unwind$?Perspective@@YAXPEAUrender_group@@HHMMM@Z 0000000180017f4c     p5engine.obj
 0002:00000f54       $unwind$?RecanonicalizeCoord@@YAXMPEAHPEAM@Z 0000000180017f54     p5engine.obj
 0002:00000f54       $unwind$?Unproject@@YA?ATv2@@PEAUrender_group@@T1@M@Z 0000000180017f54     p5engine.obj
 0002:00000f5c       $unwind$?GetCameraRectangleAtTarget@@YA?AUrectangle2@@PEAUrender_group@@@Z 0000000180017f5c     p5engine.obj
 0002:00000f68       $unwind$?NullPosition@@YA?AUworld_position@@XZ 0000000180017f68     p5engine.obj
 0002:00000f7c       $unwind$?GetWorldChunk@@YAPEAUworld_chunk@@PEAUworld@@HHHPEAUmemory_arena@@@Z 0000000180017f7c     p5engine.obj
 0002:00000f7c       $unwind$__scrt_dllmain_exception_filter 0000000180017f7c     MSVCRTD:utility.obj
 0002:00000f84       $unwind$?MapIntoChunkSpace@@YA?AUworld_position@@PEAUworld@@U1@Tv3@@@Z 0000000180017f84     p5engine.obj
 0002:00000f98       $unwind$?ChunkPositionFromTilePosition@@YA?AUworld_position@@PEAUworld@@HHHTv3@@@Z 0000000180017f98     p5engine.obj
 0002:00000fac       $unwind$?CenteredChunkPoint@@YA?AUworld_position@@III@Z 0000000180017fac     p5engine.obj
 0002:00000fc0       $unwind$?ChangeEntityLocationRaw@@YAXPEAUmemory_arena@@PEAUworld@@IPEAUworld_position@@2@Z 0000000180017fc0     p5engine.obj
 0002:00000fcc       $unwind$?GetSimSpacePos@@YA?ATv3@@PEAUsim_region@@PEAUlow_entity@@@Z 0000000180017fcc     p5engine.obj
 0002:00000fd8       $unwind$?LoadEntityReference@@YAXPEAUgame_state@@PEAUsim_region@@PEATentity_reference@@@Z 0000000180017fd8     p5engine.obj
 0002:00000fec       $unwind$?EntityOverlapsRectangle@@YAHTv3@@Usim_entity_collision_volume@@Urectangle3@@@Z 0000000180017fec     p5engine.obj
 0002:00000ff8       $unwind$?DefaultMoveSpec@@YA?AUmove_spec@@XZ 0000000180017ff8     p5engine.obj
 0002:0000100c       $unwind$?ReleaseAssetMemory@@YAXPEAUgame_assets@@_KPEAX@Z 000000018001800c     p5engine.obj
 0002:00001014       $unwind$?DrawRectangleQuickly@@YAXPEAUloaded_bitmap@@Tv2@@11Tv4@@0MUrectangle2i@@H@Z 0000000180018014     p5engine_optimized.obj
 0002:0000103c       $chain$9$?DrawRectangleQuickly@@YAXPEAUloaded_bitmap@@Tv2@@11Tv4@@0MUrectangle2i@@H@Z 000000018001803c     p5engine_optimized.obj
 0002:00001074       $chain$10$?DrawRectangleQuickly@@YAXPEAUloaded_bitmap@@Tv2@@11Tv4@@0MUrectangle2i@@H@Z 0000000180018074     p5engine_optimized.obj
 0002:00001084       $unwind$__GSHandlerCheckCommon 0000000180018084     MSVCRTD:gshandler.obj
 0002:00001090       $xdatasym                  0000000180018090     MSVCRTD:chkstk.obj
 0002:00001098       $xdatasym                  0000000180018098     MSVCRTD:amdsecgs.obj
 0002:0000109c       $unwind$?dllmain_crt_process_attach@@YAHQEAUHINSTANCE__@@QEAX@Z 000000018001809c     MSVCRTD:dll_dllmain.obj
 0002:000010bc       $unwind$?fin$0@?0??dllmain_crt_process_attach@@YAHQEAUHINSTANCE__@@QEAX@Z@4HA 00000001800180bc     MSVCRTD:dll_dllmain.obj
 0002:000010bc       $unwind$?fin$0@?0??dllmain_crt_process_detach@@YAH_N@Z@4HA 00000001800180bc     MSVCRTD:dll_dllmain.obj
 0002:000010bc       $unwind$?fin$1@?0??dllmain_crt_process_detach@@YAH_N@Z@4HA 00000001800180bc     MSVCRTD:dll_dllmain.obj
 0002:000010bc       $unwind$__scrt_is_nonwritable_in_current_image$filt$0 00000001800180bc     MSVCRTD:utility.obj
 0002:000010c4       $unwind$?dllmain_crt_process_detach@@YAH_N@Z 00000001800180c4     MSVCRTD:dll_dllmain.obj
 0002:000010f4       $unwind$?dllmain_dispatch@@YAHQEAUHINSTANCE__@@KQEAX@Z 00000001800180f4     MSVCRTD:dll_dllmain.obj
 0002:00001114       $unwind$?filt$0@?0??dllmain_dispatch@@YAHQEAUHINSTANCE__@@KQEAX@Z@4HA 0000000180018114     MSVCRTD:dll_dllmain.obj
 0002:0000111c       $unwind$_DllMainCRTStartup 000000018001811c     MSVCRTD:dll_dllmain.obj
 0002:0000111c       $unwind$DllMain            000000018001811c     MSVCRTD:dll_dllmain_stub.obj
 0002:00001124       $unwind$capture_previous_context 0000000180018124     MSVCRTD:gs_report.obj
 0002:0000112c       $unwind$__scrt_initialize_default_local_stdio_options 000000018001812c     MSVCRTD:default_local_stdio_options.obj
 0002:0000112c       $unwind$__security_init_cookie 000000018001812c     MSVCRTD:gs_support.obj
 0002:00001134       $unwind$__get_entropy      0000000180018134     MSVCRTD:gs_support.obj
 0002:0000113c       $unwind$?__scrt_initialize_type_info@@YAXXZ 000000018001813c     MSVCRTD:tncleanup.obj
 0002:0000113c       $unwind$?__scrt_uninitialize_type_info@@YAXXZ 000000018001813c     MSVCRTD:tncleanup.obj
 0002:0000113c       $unwind$?configure_argv@__scrt_narrow_argv_policy@@SAHXZ 000000018001813c     MSVCRTD:utility.obj
 0002:0000113c       $unwind$?initialize_environment@__scrt_narrow_environment_policy@@SAHXZ 000000018001813c     MSVCRTD:utility.obj
 0002:0000113c       $unwind$__scrt_dllmain_after_initialize_c 000000018001813c     MSVCRTD:utility.obj
 0002:0000113c       $unwind$__scrt_dllmain_before_initialize_c 000000018001813c     MSVCRTD:utility.obj
 0002:0000113c       $unwind$__scrt_dllmain_crt_thread_attach 000000018001813c     MSVCRTD:utility.obj
 0002:0000113c       $unwind$__scrt_dllmain_crt_thread_detach 000000018001813c     MSVCRTD:utility.obj
 0002:0000113c       $unwind$__scrt_dllmain_uninitialize_c 000000018001813c     MSVCRTD:utility.obj
 0002:0000113c       $unwind$__scrt_dllmain_uninitialize_critical 000000018001813c     MSVCRTD:utility.obj
 0002:00001144       $unwind$__scrt_is_nonwritable_in_current_image 0000000180018144     MSVCRTD:utility.obj
 0002:00001164       $unwind$__scrt_acquire_startup_lock 0000000180018164     MSVCRTD:utility.obj
 0002:0000116c       $unwind$__scrt_initialize_crt 000000018001816c     MSVCRTD:utility.obj
 0002:0000116c       $unwind$__scrt_release_startup_lock 000000018001816c     MSVCRTD:utility.obj
 0002:00001174       $unwind$__scrt_uninitialize_crt 0000000180018174     MSVCRTD:utility.obj
 0002:0000117c       $unwind$__scrt_initialize_onexit_tables 000000018001817c     MSVCRTD:utility.obj
 0002:00001188       $unwind$__scrt_fastfail    0000000180018188     MSVCRTD:utility_desktop.obj
 0002:00001194       $unwind$_RTC_Initialize    0000000180018194     MSVCRTD:initsect.obj
 0002:00001194       $unwind$_RTC_Terminate     0000000180018194     MSVCRTD:initsect.obj
 0002:000011a0       $unwind$__isa_available_init 00000001800181a0     MSVCRTD:cpu_disp.obj
 0002:000011b0       $unwind$__scrt_is_ucrt_dll_in_use 00000001800181b0     MSVCRTD:ucrt_detection.obj
 0002:000011b8       $xdatasym                  00000001800181b8     MSVCRTD:guard_dispatch.obj
 0002:000011c0       $xdatasym                  00000001800181c0     MSVCRTD:guard_xfg_dispatch.obj
 0002:000011d0       .edata                     00000001800181d0     P5Engine.exp
 0002:000011f8       rgpv                       00000001800181f8     P5Engine.exp
 0002:00001200       rgszName                   0000000180018200     P5Engine.exp
 0002:00001208       rgwOrd                     0000000180018208     P5Engine.exp
 0002:0000120c       szName                     000000018001820c     P5Engine.exp
 0002:00001219       $N00001                    0000000180018219     P5Engine.exp
 0002:0000122d       $N00002                    000000018001822d     P5Engine.exp
 0002:000013d0       .idata$6                   00000001800183d0     vcruntimed:VCRUNTIME140D.dll
 0002:000014aa       .idata$6                   00000001800184aa     ucrtd:ucrtbased.dll
 0002:0000161e       .idata$6                   000000018001861e     kernel32:KERNEL32.dll
 0003:00000000       ?RandomNumberTable@@3PAIA  0000000180019000     p5engine.obj
 0003:00004050       ?Platform@@3Uplatform_api@@A 000000018001d050     p5engine.obj
 0003:000040b0       ?__proc_attached@@3HA      000000018001d0b0     MSVCRTD:dll_dllmain.obj
 0003:000040c0       GS_ExceptionRecord         000000018001d0c0     MSVCRTD:gs_report.obj
 0003:00004160       GS_ContextRecord           000000018001d160     MSVCRTD:gs_report.obj
 0003:00004660       ?is_initialized_as_dll@@3_NA 000000018001d660     MSVCRTD:utility.obj
 0003:00004661       ?module_local_atexit_table_initialized@@3_NA 000000018001d661     MSVCRTD:utility.obj
 0003:00004668       ?module_local_atexit_table@@3U_onexit_table_t@@A 000000018001d668     MSVCRTD:utility.obj
 0003:00004680       ?module_local_at_quick_exit_table@@3U_onexit_table_t@@A 000000018001d680     MSVCRTD:utility.obj
 0005:00000000       __20BB4341_malloc@h        000000018001f000     p5engine.obj
 0005:00000001       __A435B42B_p5engine_types@h 000000018001f001     p5engine.obj
 0005:00000002       __7D4BEAAE_p5engine_platform@h 000000018001f002     p5engine.obj
 0005:00000003       __741AE07E_corecrt_math@h  000000018001f003     p5engine.obj
 0005:00000004       __7BF3FA8A_p5engine_intrinsics@h 000000018001f004     p5engine.obj
 0005:00000005       __87290AA6_p5engine_math@h 000000018001f005     p5engine.obj
 0005:00000006       __B7A387D6_p5engine_random@h 000000018001f006     p5engine.obj
 0005:00000007       __F17FF173_p5engine_entity@h 000000018001f007     p5engine.obj
 0005:00000008       __72A74871_p5engine_asset@h 000000018001f008     p5engine.obj
 0005:00000009       __BD87FD4A_p5engine@h      000000018001f009     p5engine.obj
 0005:0000000a       __6F2BF339_p5engine_render_group@cpp 000000018001f00a     p5engine.obj
 0005:0000000b       __281AC6F8_p5engine_world@cpp 000000018001f00b     p5engine.obj
 0005:0000000c       __B07C4A52_p5engine_sim_region@cpp 000000018001f00c     p5engine.obj
 0005:0000000d       __BDC7FEEB_p5engine_entity@cpp 000000018001f00d     p5engine.obj
 0005:0000000e       __3D4C1499_p5engine_asset@cpp 000000018001f00e     p5engine.obj
 0005:0000000f       __39A8D9B6_p5engine_audio@cpp 000000018001f00f     p5engine.obj
 0005:00000010       __BAF57382_p5engine@cpp    000000018001f010     p5engine.obj
 0005:00000011       __20BB4341_malloc@h        000000018001f011     p5engine_optimized.obj
 0005:00000012       __A435B42B_p5engine_types@h 000000018001f012     p5engine_optimized.obj
 0005:00000013       __7D4BEAAE_p5engine_platform@h 000000018001f013     p5engine_optimized.obj
 0005:00000014       __741AE07E_corecrt_math@h  000000018001f014     p5engine_optimized.obj
 0005:00000015       __7BF3FA8A_p5engine_intrinsics@h 000000018001f015     p5engine_optimized.obj
 0005:00000016       __87290AA6_p5engine_math@h 000000018001f016     p5engine_optimized.obj
 0005:00000017       __B7A387D6_p5engine_random@h 000000018001f017     p5engine_optimized.obj
 0005:00000018       __F17FF173_p5engine_entity@h 000000018001f018     p5engine_optimized.obj
 0005:00000019       __72A74871_p5engine_asset@h 000000018001f019     p5engine_optimized.obj
 0005:0000001a       __BD87FD4A_p5engine@h      000000018001f01a     p5engine_optimized.obj
 0005:0000001b       __03FC23C0_p5engine_optimized@cpp 000000018001f01b     p5engine_optimized.obj
 0006:00000060       $R000000                   0000000180020060     * linker generated manifest res *
