 P5Engine

 Timestamp is 632e6751 (Fri Sep 23 21:11:29 2022)

 Preferred load address is 0000000180000000

 Start         Length     Name                   Class
 0001:00000000 000147f0H .text$mn                CODE
 0001:000147f0 00000040H .text$mn$00             CODE
 0001:00014830 000000ddH .text$x                 CODE
 0002:00000000 00000100H .idata$5                DATA
 0002:00000100 00000028H .00cfg                  DATA
 0002:00000128 00000008H .CRT$XCA                DATA
 0002:00000130 00000008H .CRT$XCZ                DATA
 0002:00000138 00000008H .CRT$XIA                DATA
 0002:00000140 00000008H .CRT$XIZ                DATA
 0002:00000148 00000008H .CRT$XPA                DATA
 0002:00000150 00000008H .CRT$XPZ                DATA
 0002:00000158 00000008H .CRT$XTA                DATA
 0002:00000160 00000010H .CRT$XTZ                DATA
 0002:00000168 00000000H .gehcont$y              DATA
 0002:00000168 00000000H .gfids$y                DATA
 0002:00000170 00000790H .rdata                  DATA
 0002:00000900 00000000H .rdata$CastGuardVftablesA DATA
 0002:00000900 00000000H .rdata$CastGuardVftablesC DATA
 0002:00000900 0000017cH .rdata$voltmd           DATA
 0002:00000a7c 000002dcH .rdata$zzzdbg           DATA
 0002:00000d58 00000008H .rtc$IAA                DATA
 0002:00000d60 00000008H .rtc$IZZ                DATA
 0002:00000d68 00000008H .rtc$TAA                DATA
 0002:00000d70 00000008H .rtc$TZZ                DATA
 0002:00000d78 00000808H .xdata                  DATA
 0002:00001580 00000074H .edata                  DATA
 0002:000015f4 0000003cH .idata$2                DATA
 0002:00001630 00000018H .idata$3                DATA
 0002:00001648 00000100H .idata$4                DATA
 0002:00001748 00000294H .idata$6                DATA
 0003:00000000 00004040H .data                   DATA
 0003:00004040 0000062cH .bss                    DATA
 0004:00000000 00000b64H .pdata                  DATA
 0005:00000000 0000001aH .msvcjmc                DATA
 0006:00000000 00000060H .rsrc$01                DATA
 0006:00000060 00000098H .rsrc$02                DATA

  Address         Publics by Value              Rva+Base               Lib:Object

 0000:00000000       __guard_longjmp_table      0000000000000000     <absolute>
 0000:00000000       __hybrid_auxiliary_iat_copy 0000000000000000     <absolute>
 0000:00000000       __AbsoluteZero             0000000000000000     <absolute>
 0000:00000000       __hybrid_auxiliary_iat     0000000000000000     <absolute>
 0000:00000000       __dynamic_value_reloc_table 0000000000000000     <absolute>
 0000:00000000       __x64_code_ranges_to_entry_points 0000000000000000     <absolute>
 0000:00000000       __guard_longjmp_count      0000000000000000     <absolute>
 0000:00000000       __guard_iat_count          0000000000000000     <absolute>
 0000:00000000       __guard_check_icall_a64n_fptr 0000000000000000     <absolute>
 0000:00000000       __guard_fids_table         0000000000000000     <absolute>
 0000:00000000       ___safe_se_handler_count   0000000000000000     <absolute>
 0000:00000000       __arm64x_extra_rfe_table_size 0000000000000000     <absolute>
 0000:00000000       __hybrid_code_map_count    0000000000000000     <absolute>
 0000:00000000       __guard_iat_table          0000000000000000     <absolute>
 0000:00000000       __arm64x_redirection_metadata 0000000000000000     <absolute>
 0000:00000000       __hybrid_code_map          0000000000000000     <absolute>
 0000:00000000       __guard_eh_cont_count      0000000000000000     <absolute>
 0000:00000000       __arm64x_extra_rfe_table   0000000000000000     <absolute>
 0000:00000000       __x64_code_ranges_to_entry_points_count 0000000000000000     <absolute>
 0000:00000000       __arm64x_redirection_metadata_count 0000000000000000     <absolute>
 0000:00000000       __enclave_config           0000000000000000     <absolute>
 0000:00000000       __guard_fids_count         0000000000000000     <absolute>
 0000:00000000       ___safe_se_handler_table   0000000000000000     <absolute>
 0000:00000000       __arm64x_native_entrypoint 0000000000000000     <absolute>
 0000:00000000       __guard_eh_cont_table      0000000000000000     <absolute>
 0000:00000100       __guard_flags              0000000000000100     <absolute>
 0000:00000000       __ImageBase                0000000180000000     <linker-defined>
 0001:00009960       GameUpdateAndRender        000000018000a960 f   p5engine.obj
 0001:0000d3d0       GameGetSoundSamples        000000018000e3d0 f   p5engine.obj
 0001:0000d440       ??D@YA?ATv2@@MT0@@Z        000000018000e440 f i p5engine.obj
 0001:0000d4c0       ??D@YA?ATv3@@MT0@@Z        000000018000e4c0 f i p5engine.obj
 0001:0000d570       ??D@YA?ATv3@@T0@M@Z        000000018000e570 f i p5engine.obj
 0001:0000d5f0       ??D@YA?ATv4@@MT0@@Z        000000018000e5f0 f i p5engine.obj
 0001:0000d6c0       ??G@YA?ATv2@@T0@0@Z        000000018000e6c0 f i p5engine.obj
 0001:0000d740       ??G@YA?ATv3@@T0@0@Z        000000018000e740 f i p5engine.obj
 0001:0000d800       ??H@YA?ATv2@@T0@0@Z        000000018000e800 f i p5engine.obj
 0001:0000d880       ??H@YA?ATv3@@T0@0@Z        000000018000e880 f i p5engine.obj
 0001:0000d940       ??X@YAAEATv3@@AEAT0@M@Z    000000018000e940 f i p5engine.obj
 0001:0000d9c0       ??Y@YAAEATv2@@AEAT0@T0@@Z  000000018000e9c0 f i p5engine.obj
 0001:0000da10       ??Y@YAAEATv3@@AEAT0@T0@@Z  000000018000ea10 f i p5engine.obj
 0001:0000dab0       ??Z@YAAEATv3@@AEAT0@T0@@Z  000000018000eab0 f i p5engine.obj
 0001:0000db50       ?ATan2@@YAMMM@Z            000000018000eb50 f i p5engine.obj
 0001:0000dba0       ?AbsoluteValue@@YAMM@Z     000000018000eba0 f i p5engine.obj
 0001:0000dbe0       ?AddFlags@@YAXPEAUsim_entity@@I@Z 000000018000ebe0 f i p5engine.obj
 0001:0000dc20       ?AddRadiusTo@@YA?AUrectangle3@@U1@Tv3@@@Z 000000018000ec20 f i p5engine.obj
 0001:0000dd90       ?AllResourcesPresent@@YAHPEAUrender_group@@@Z 000000018000ed90 f i p5engine.obj
 0001:0000dde0       ?AreInSameChunk@@YAHPEAUworld@@PEAUworld_position@@1@Z 000000018000ede0 f i p5engine.obj
 0001:0000dee0       ?AtomicCompareExchangeUInt32@@YAIPECIII@Z 000000018000eee0 f i p5engine.obj
 0001:0000df30       ?BeginTemporaryMemory@@YA?AUtemporary_memory@@PEAUmemory_arena@@@Z 000000018000ef30 f i p5engine.obj
 0001:0000dfd0       ?CenteredChunkPoint@@YA?AUworld_position@@III@Z 000000018000efd0 f i p5engine.obj
 0001:0000e060       ?ChangeEntityLocationRaw@@YAXPEAUmemory_arena@@PEAUworld@@IPEAUworld_position@@2@Z 000000018000f060 f i p5engine.obj
 0001:0000e450       ?CheckArena@@YAXPEAUmemory_arena@@@Z 000000018000f450 f i p5engine.obj
 0001:0000e480       ?ChunkPositionFromTilePosition@@YA?AUworld_position@@PEAUworld@@HHHTv3@@@Z 000000018000f480 f i p5engine.obj
 0001:0000e720       ?Clamp01@@YA?ATv2@@T1@@Z   000000018000f720 f i p5engine.obj
 0001:0000e790       ?Clamp01@@YAMM@Z           000000018000f790 f i p5engine.obj
 0001:0000e7d0       ?Clamp01MapToRange@@YAMMMM@Z 000000018000f7d0 f i p5engine.obj
 0001:0000e850       ?Clamp@@YAMMMM@Z           000000018000f850 f i p5engine.obj
 0001:0000e8c0       ?Clear@@YAXPEAUrender_group@@Tv4@@@Z 000000018000f8c0 f i p5engine.obj
 0001:0000e920       ?ClearFlags@@YAXPEAUsim_entity@@I@Z 000000018000f920 f i p5engine.obj
 0001:0000e960       ?DefaultMoveSpec@@YA?AUmove_spec@@XZ 000000018000f960 f i p5engine.obj
 0001:0000ea00       ?EndTemporaryMemory@@YAXUtemporary_memory@@@Z 000000018000fa00 f i p5engine.obj
 0001:0000ea80       ?EntityOverlapsRectangle@@YAHTv3@@Usim_entity_collision_volume@@Urectangle3@@@Z 000000018000fa80 f i p5engine.obj
 0001:0000ec10       ?FindLeastSignificantSetBit@@YA?AUbit_scan_result@@I@Z 000000018000fc10 f i p5engine.obj
 0001:0000ec80       ?GetAlignmentOffset@@YA_KPEAUmemory_arena@@_K@Z 000000018000fc80 f i p5engine.obj
 0001:0000ed10       ?GetArenaSizeRemaining@@YA_KPEAUmemory_arena@@_K@Z 000000018000fd10 f i p5engine.obj
 0001:0000ed70       ?GetBarycentric@@YA?ATv2@@Urectangle2@@T1@@Z 000000018000fd70 f i p5engine.obj
 0001:0000ee20       ?GetSound@@YAPEAUloaded_sound@@PEAUgame_assets@@Usound_id@@@Z 000000018000fe20 f i p5engine.obj
 0001:0000ee20       ?GetBitmap@@YAPEAUloaded_bitmap@@PEAUgame_assets@@Ubitmap_id@@@Z 000000018000fe20 f i p5engine.obj
 0001:0000ee80       ?GetCameraRectangleAtDistance@@YA?AUrectangle2@@PEAUrender_group@@M@Z 000000018000fe80 f i p5engine.obj
 0001:0000ef20       ?GetCameraRectangleAtTarget@@YA?AUrectangle2@@PEAUrender_group@@@Z 000000018000ff20 f i p5engine.obj
 0001:0000ef90       ?GetChunkData@@YAPEAXUriff_iterator@@@Z 000000018000ff90 f i p5engine.obj
 0001:0000efc0       ?GetChunkDataSize@@YAIUriff_iterator@@@Z 000000018000ffc0 f i p5engine.obj
 0001:0000f000       ?GetDim@@YA?ATv2@@Urectangle2@@@Z 0000000180010000 f i p5engine.obj
 0001:0000f040       ?GetDim@@YA?ATv3@@Urectangle3@@@Z 0000000180010040 f i p5engine.obj
 0001:0000f0e0       ?GetEntityGroundPoint@@YA?ATv3@@PEAUsim_entity@@@Z 00000001800100e0 f i p5engine.obj
 0001:0000f160       ?GetEntityGroundPoint@@YA?ATv3@@PEAUsim_entity@@T1@@Z 0000000180010160 f i p5engine.obj
 0001:0000f1c0       ?GetLowEntity@@YAPEAUlow_entity@@PEAUgame_state@@I@Z 00000001800101c0 f i p5engine.obj
 0001:0000f230       ?GetMaxCorner@@YA?ATv3@@Urectangle3@@@Z 0000000180010230 f i p5engine.obj
 0001:0000f290       ?GetMinCorner@@YA?ATv3@@Urectangle3@@@Z 0000000180010290 f i p5engine.obj
 0001:0000f2e0       ?GetRenderEntityBasisPos@@YA?AUentity_basis_p_result@@PEAUrender_transform@@Tv3@@@Z 00000001800102e0 f i p5engine.obj
 0001:0000f580       ?GetSimSpacePos@@YA?ATv3@@PEAUsim_region@@PEAUlow_entity@@@Z 0000000180010580 f i p5engine.obj
 0001:0000f670       ?GetSoundInfo@@YAPEAUasset_sound_info@@PEAUgame_assets@@Usound_id@@@Z 0000000180010670 f i p5engine.obj
 0001:0000f6d0       ?GetStairGround@@YAMPEAUsim_entity@@Tv3@@@Z 00000001800106d0 f i p5engine.obj
 0001:0000f7c0       ?GetType@@YAIUriff_iterator@@@Z 00000001800107c0 f i p5engine.obj
 0001:0000f800       ?GetWorldChunk@@YAPEAUworld_chunk@@PEAUworld@@HHHPEAUmemory_arena@@@Z 0000000180010800 f i p5engine.obj
 0001:0000f9f0       ?Hadamard@@YA?ATv2@@T1@0@Z 00000001800109f0 f i p5engine.obj
 0001:0000fa50       ?Hadamard@@YA?ATv3@@T1@0@Z 0000000180010a50 f i p5engine.obj
 0001:0000fb10       ?HasFlag@@YAHPEAUsim_entity@@I@Z 0000000180010b10 f i p5engine.obj
 0001:0000fb50       ?InitializeArena@@YAXPEAUmemory_arena@@_KPEAX@Z 0000000180010b50 f i p5engine.obj
 0001:0000fbb0       ?Inner@@YAMTv2@@0@Z        0000000180010bb0 f i p5engine.obj
 0001:0000fc00       ?Inner@@YAMTv3@@0@Z        0000000180010c00 f i p5engine.obj
 0001:0000fc70       ?Intersect@@YA?AUrectangle2i@@U1@0@Z 0000000180010c70 f i p5engine.obj
 0001:0000fd80       ?IsCanonical@@YAHMM@Z      0000000180010d80 f i p5engine.obj
 0001:0000fe20       ?IsCanonical@@YAHPEAUworld@@Tv3@@@Z 0000000180010e20 f i p5engine.obj
 0001:0000fec0       ?IsInRectangle@@YAHUrectangle3@@Tv3@@@Z 0000000180010ec0 f i p5engine.obj
 0001:0000ff80       ?IsValid@@YAHUriff_iterator@@@Z 0000000180010f80 f i p5engine.obj
 0001:0000ffd0       ?IsValid@@YAHUsound_id@@@Z 0000000180010fd0 f i p5engine.obj
 0001:00010010       ?IsValid@@YAHUworld_position@@@Z 0000000180011010 f i p5engine.obj
 0001:00010060       ?Length@@YAMTv3@@@Z        0000000180011060 f i p5engine.obj
 0001:000100b0       ?LengthSq@@YAMTv2@@@Z      00000001800110b0 f i p5engine.obj
 0001:000100f0       ?LengthSq@@YAMTv3@@@Z      00000001800110f0 f i p5engine.obj
 0001:00010160       ?Linear1ToSRGB255@@YA?ATv4@@T1@@Z 0000000180011160 f i p5engine.obj
 0001:00010260       ?LoadEntityReference@@YAXPEAUgame_state@@PEAUsim_region@@PEATentity_reference@@@Z 0000000180011260 f i p5engine.obj
 0001:00010390       ?MakeEntityNonSpatial@@YAXPEAUsim_entity@@@Z 0000000180011390 f i p5engine.obj
 0001:00010410       ?MakeEntitySpatial@@YAXPEAUsim_entity@@Tv3@@1@Z 0000000180011410 f i p5engine.obj
 0001:00010480       ?MapIntoChunkSpace@@YA?AUworld_position@@PEAUworld@@U1@Tv3@@@Z 0000000180011480 f i p5engine.obj
 0001:00010570       ?NextChunk@@YA?AUriff_iterator@@U1@@Z 0000000180011570 f i p5engine.obj
 0001:000105e0       ?NullPosition@@YA?AUworld_position@@XZ 00000001800115e0 f i p5engine.obj
 0001:00010650       ?Orthographic@@YAXPEAUrender_group@@HHM@Z 0000000180011650 f i p5engine.obj
 0001:00010750       ?ParseChunkAt@@YA?AUriff_iterator@@PEAX0@Z 0000000180011750 f i p5engine.obj
 0001:000107b0       ?Perspective@@YAXPEAUrender_group@@HHMMM@Z 00000001800117b0 f i p5engine.obj
 0001:000108a0       ?PrefetchSound@@YAXPEAUgame_assets@@Usound_id@@@Z 00000001800118a0 f i p5engine.obj
 0001:000108d0       ?PushBitmap@@YAXPEAUrender_group@@PEAUloaded_bitmap@@Tv3@@MTv4@@@Z 00000001800118d0 f i p5engine.obj
 0001:00010b00       ?PushBitmap@@YAXPEAUrender_group@@Ubitmap_id@@Tv3@@MTv4@@@Z 0000000180011b00 f i p5engine.obj
 0001:00010be0       ?PushRect@@YAXPEAUrender_group@@Tv3@@Tv2@@Tv4@@@Z 0000000180011be0 f i p5engine.obj
 0001:00010d80       ?PushRectOutline@@YAXPEAUrender_group@@Tv3@@Tv2@@Tv4@@@Z 0000000180011d80 f i p5engine.obj
 0001:00011210       ?PushRenderElement_@@YAPEAXPEAUrender_group@@IW4render_group_entry_type@@@Z 0000000180012210 f i p5engine.obj
 0001:000112c0       ?PushSize_@@YAPEAXPEAUmemory_arena@@_K1@Z 00000001800122c0 f i p5engine.obj
 0001:00011390       ?PushString@@YAPEADPEAUmemory_arena@@PEAD@Z 0000000180012390 f i p5engine.obj
 0001:00011450       ?RandomBilateral@@YAMPEAUrandom_series@@@Z 0000000180012450 f i p5engine.obj
 0001:000114a0       ?RandomChoice@@YAIPEAUrandom_series@@I@Z 00000001800124a0 f i p5engine.obj
 0001:000114e0       ?RandomNextUInt32@@YAIPEAUrandom_series@@@Z 00000001800124e0 f i p5engine.obj
 0001:00011550       ?RandomSeed@@YA?AUrandom_series@@I@Z 0000000180012550 f i p5engine.obj
 0001:000115c0       ?RandomUnilateral@@YAMPEAUrandom_series@@@Z 00000001800125c0 f i p5engine.obj
 0001:00011620       ?RecanonicalizeCoord@@YAXMPEAHPEAM@Z 0000000180012620 f i p5engine.obj
 0001:000116c0       ?RectCenterDim@@YA?AUrectangle2@@Tv2@@0@Z 00000001800126c0 f i p5engine.obj
 0001:00011750       ?RectCenterDim@@YA?AUrectangle3@@Tv3@@0@Z 0000000180012750 f i p5engine.obj
 0001:00011840       ?RectCenterHalfDim@@YA?AUrectangle2@@Tv2@@0@Z 0000000180012840 f i p5engine.obj
 0001:000118f0       ?RectCenterHalfDim@@YA?AUrectangle3@@Tv3@@0@Z 00000001800128f0 f i p5engine.obj
 0001:00011a60       ?RectMinMax@@YA?AUrectangle3@@Tv3@@0@Z 0000000180012a60 f i p5engine.obj
 0001:00011b00       ?RectanglesIntersect@@YAHUrectangle3@@0@Z 0000000180012b00 f i p5engine.obj
 0001:00011bc0       ?RoundReal32ToInt32@@YAHM@Z 0000000180012bc0 f i p5engine.obj
 0001:00011c00       ?RoundReal32ToUInt32@@YAIM@Z 0000000180012c00 f i p5engine.obj
 0001:00011c40       ?SRGB255ToLinear1@@YA?ATv4@@T1@@Z 0000000180012c40 f i p5engine.obj
 0001:00011d20       ?SafeRatio0@@YAMMM@Z       0000000180012d20 f i p5engine.obj
 0001:00011d70       ?SafeRatio1@@YAMMM@Z       0000000180012d70 f i p5engine.obj
 0001:00011dc0       ?SafeRatioN@@YAMMMM@Z      0000000180012dc0 f i p5engine.obj
 0001:00011e20       ?SignOf@@YAMM@Z            0000000180012e20 f i p5engine.obj
 0001:00011e80       ?Sin@@YAMM@Z               0000000180012e80 f i p5engine.obj
 0001:00011ec0       ?Square@@YAMM@Z            0000000180012ec0 f i p5engine.obj
 0001:00011f00       ?SquareRoot@@YAMM@Z        0000000180012f00 f i p5engine.obj
 0001:00011f40       ?StoreEntityReference@@YAXPEATentity_reference@@@Z 0000000180012f40 f i p5engine.obj
 0001:00011f80       ?SubArena@@YAXPEAUmemory_arena@@0_K1@Z 0000000180012f80 f i p5engine.obj
 0001:00011ff0       ?ToV3@@YA?ATv3@@Tv2@@M@Z   0000000180012ff0 f i p5engine.obj
 0001:00012080       ?Unproject@@YA?ATv2@@PEAUrender_group@@T1@M@Z 0000000180013080 f i p5engine.obj
 0001:000120d0       ?V2@@YA?ATv2@@MM@Z         00000001800130d0 f i p5engine.obj
 0001:00012140       ?V2i@@YA?ATv2@@HH@Z        0000000180013140 f i p5engine.obj
 0001:00012190       ?V3@@YA?ATv3@@MMM@Z        0000000180013190 f i p5engine.obj
 0001:00012230       ?V4@@YA?ATv4@@MMMM@Z       0000000180013230 f i p5engine.obj
 0001:000122e0       ?ZeroSize@@YAX_KPEAX@Z     00000001800132e0 f i p5engine.obj
 0001:00012340       GetController              0000000180013340 f i p5engine.obj
 0001:000123a0       ?DrawRectangleQuickly@@YAXPEAUloaded_bitmap@@Tv2@@11Tv4@@0MUrectangle2i@@H@Z 00000001800133a0 f   p5engine_optimized.obj
 0001:000130e0       __CheckForDebuggerJustMyCode 00000001800140e0 f   MSVCRTD:debugger_jmc.obj
 0001:00013120       __GSHandlerCheck           0000000180014120 f   MSVCRTD:gshandler.obj
 0001:00013160       __GSHandlerCheckCommon     0000000180014160 f   MSVCRTD:gshandler.obj
 0001:00013270       _alloca_probe              0000000180014270 f   MSVCRTD:chkstk.obj
 0001:00013270       __chkstk                   0000000180014270 f   MSVCRTD:chkstk.obj
 0001:000132d0       __security_check_cookie    00000001800142d0 f   MSVCRTD:amdsecgs.obj
 0001:00013700       _DllMainCRTStartup         0000000180014700 f   MSVCRTD:dll_dllmain.obj
 0001:00013740       __raise_securityfailure    0000000180014740 f   MSVCRTD:gs_report.obj
 0001:00013780       __report_gsfailure         0000000180014780 f   MSVCRTD:gs_report.obj
 0001:000139e0       __security_init_cookie     00000001800149e0 f   MSVCRTD:gs_support.obj
 0001:00013a60       DllMain                    0000000180014a60 f   MSVCRTD:dll_dllmain_stub.obj
 0001:00013aa0       ?__scrt_initialize_type_info@@YAXXZ 0000000180014aa0 f   MSVCRTD:tncleanup.obj
 0001:00013ac0       ?__scrt_uninitialize_type_info@@YAXXZ 0000000180014ac0 f   MSVCRTD:tncleanup.obj
 0001:00013ae0       __local_stdio_printf_options 0000000180014ae0 f i MSVCRTD:default_local_stdio_options.obj
 0001:00013af0       __local_stdio_scanf_options 0000000180014af0 f i MSVCRTD:default_local_stdio_options.obj
 0001:00013b00       __scrt_initialize_default_local_stdio_options 0000000180014b00 f   MSVCRTD:default_local_stdio_options.obj
 0001:00013b50       ?configure_argv@__scrt_narrow_argv_policy@@SAHXZ 0000000180014b50 f i MSVCRTD:utility.obj
 0001:00013c40       ?initialize_environment@__scrt_narrow_environment_policy@@SAHXZ 0000000180014c40 f i MSVCRTD:utility.obj
 0001:00013ce0       NtCurrentTeb               0000000180014ce0 f i MSVCRTD:utility.obj
 0001:00013cf0       __scrt_acquire_startup_lock 0000000180014cf0 f   MSVCRTD:utility.obj
 0001:00013d60       __scrt_dllmain_after_initialize_c 0000000180014d60 f   MSVCRTD:utility.obj
 0001:00013d90       __scrt_dllmain_before_initialize_c 0000000180014d90 f   MSVCRTD:utility.obj
 0001:00013db0       __scrt_dllmain_crt_thread_attach 0000000180014db0 f   MSVCRTD:utility.obj
 0001:00013de0       __scrt_dllmain_crt_thread_detach 0000000180014de0 f   MSVCRTD:utility.obj
 0001:00013e00       __scrt_dllmain_exception_filter 0000000180014e00 f   MSVCRTD:utility.obj
 0001:00013e70       __scrt_dllmain_uninitialize_c 0000000180014e70 f   MSVCRTD:utility.obj
 0001:00013ea0       __scrt_dllmain_uninitialize_critical 0000000180014ea0 f   MSVCRTD:utility.obj
 0001:00013ec0       __scrt_initialize_crt      0000000180014ec0 f   MSVCRTD:utility.obj
 0001:00013f10       __scrt_initialize_onexit_tables 0000000180014f10 f   MSVCRTD:utility.obj
 0001:00014020       __scrt_is_nonwritable_in_current_image 0000000180015020 f   MSVCRTD:utility.obj
 0001:000140b0       __scrt_release_startup_lock 00000001800150b0 f   MSVCRTD:utility.obj
 0001:000140e0       __scrt_uninitialize_crt    00000001800150e0 f   MSVCRTD:utility.obj
 0001:00014120       __scrt_get_dyn_tls_init_callback 0000000180015120 f   MSVCRTD:dyn_tls_init.obj
 0001:00014130       __crt_debugger_hook        0000000180015130 f   MSVCRTD:utility_desktop.obj
 0001:00014140       __scrt_fastfail            0000000180015140 f   MSVCRTD:utility_desktop.obj
 0001:000142e0       _RTC_Initialize            00000001800152e0 f   MSVCRTD:initsect.obj
 0001:00014330       _RTC_Terminate             0000000180015330 f   MSVCRTD:initsect.obj
 0001:00014380       _guard_check_icall_nop     0000000180015380 f i MSVCRTD:guard_support.obj
 0001:00014390       __isa_available_init       0000000180015390 f   MSVCRTD:cpu_disp.obj
 0001:00014730       _get_startup_argv_mode     0000000180015730 f   MSVCRTD:argv_mode.obj
 0001:00014740       __scrt_is_ucrt_dll_in_use  0000000180015740 f   MSVCRTD:ucrt_detection.obj
 0001:00014770       __C_specific_handler       0000000180015770 f   vcruntimed:VCRUNTIME140D.dll
 0001:00014776       __std_type_info_destroy_list 0000000180015776 f   vcruntimed:VCRUNTIME140D.dll
 0001:0001477c       atan2                      000000018001577c f   ucrtd:ucrtbased.dll
 0001:00014782       sinf                       0000000180015782 f   ucrtd:ucrtbased.dll
 0001:00014788       sqrtf                      0000000180015788 f   ucrtd:ucrtbased.dll
 0001:0001478e       _initterm                  000000018001578e f   ucrtd:ucrtbased.dll
 0001:00014794       _initterm_e                0000000180015794 f   ucrtd:ucrtbased.dll
 0001:0001479a       _seh_filter_dll            000000018001579a f   ucrtd:ucrtbased.dll
 0001:000147a0       _configure_narrow_argv     00000001800157a0 f   ucrtd:ucrtbased.dll
 0001:000147a6       _initialize_narrow_environment 00000001800157a6 f   ucrtd:ucrtbased.dll
 0001:000147ac       _initialize_onexit_table   00000001800157ac f   ucrtd:ucrtbased.dll
 0001:000147b2       _execute_onexit_table      00000001800157b2 f   ucrtd:ucrtbased.dll
 0001:000147b8       _cexit                     00000001800157b8 f   ucrtd:ucrtbased.dll
 0001:000147c0       __acrt_thread_detach       00000001800157c0 f   MSVCRTD:ucrt_stubs.obj
 0001:000147c0       __vcrt_thread_attach       00000001800157c0 f   MSVCRTD:ucrt_stubs.obj
 0001:000147c0       __vcrt_thread_detach       00000001800157c0 f   MSVCRTD:ucrt_stubs.obj
 0001:000147c0       __scrt_stub_for_acrt_thread_attach 00000001800157c0 f   MSVCRTD:ucrt_stubs.obj
 0001:000147c0       __vcrt_initialize          00000001800157c0 f   MSVCRTD:ucrt_stubs.obj
 0001:000147c0       __acrt_thread_attach       00000001800157c0 f   MSVCRTD:ucrt_stubs.obj
 0001:000147c0       __acrt_initialize          00000001800157c0 f   MSVCRTD:ucrt_stubs.obj
 0001:000147c0       __scrt_stub_for_acrt_thread_detach 00000001800157c0 f   MSVCRTD:ucrt_stubs.obj
 0001:000147c0       __scrt_stub_for_acrt_initialize 00000001800157c0 f   MSVCRTD:ucrt_stubs.obj
 0001:000147d0       __scrt_stub_for_acrt_uninitialize 00000001800157d0 f   MSVCRTD:ucrt_stubs.obj
 0001:000147d0       __vcrt_uninitialize_critical 00000001800157d0 f   MSVCRTD:ucrt_stubs.obj
 0001:000147d0       __acrt_uninitialize_critical 00000001800157d0 f   MSVCRTD:ucrt_stubs.obj
 0001:000147d0       __vcrt_uninitialize        00000001800157d0 f   MSVCRTD:ucrt_stubs.obj
 0001:000147d0       __acrt_uninitialize        00000001800157d0 f   MSVCRTD:ucrt_stubs.obj
 0001:000147d0       __scrt_stub_for_acrt_uninitialize_critical 00000001800157d0 f   MSVCRTD:ucrt_stubs.obj
 0001:000147e0       _is_c_termination_complete 00000001800157e0 f   MSVCRTD:ucrt_stubs.obj
 0001:000147e0       __scrt_stub_for_is_c_termination_complete 00000001800157e0 f   MSVCRTD:ucrt_stubs.obj
 0001:00014800       _guard_dispatch_icall_nop  0000000180015800 f   MSVCRTD:guard_dispatch.obj
 0001:00014820       _guard_xfg_dispatch_icall_nop 0000000180015820 f   MSVCRTD:guard_xfg_dispatch.obj
 0002:00000000       __imp_QueryPerformanceCounter 0000000180016000     kernel32:KERNEL32.dll
 0002:00000008       __imp_RtlCaptureContext    0000000180016008     kernel32:KERNEL32.dll
 0002:00000010       __imp_RtlLookupFunctionEntry 0000000180016010     kernel32:KERNEL32.dll
 0002:00000018       __imp_RtlVirtualUnwind     0000000180016018     kernel32:KERNEL32.dll
 0002:00000020       __imp_IsDebuggerPresent    0000000180016020     kernel32:KERNEL32.dll
 0002:00000028       __imp_InitializeSListHead  0000000180016028     kernel32:KERNEL32.dll
 0002:00000030       __imp_DisableThreadLibraryCalls 0000000180016030     kernel32:KERNEL32.dll
 0002:00000038       __imp_GetSystemTimeAsFileTime 0000000180016038     kernel32:KERNEL32.dll
 0002:00000040       __imp_GetCurrentProcessId  0000000180016040     kernel32:KERNEL32.dll
 0002:00000048       __imp_GetCurrentThreadId   0000000180016048     kernel32:KERNEL32.dll
 0002:00000050       __imp_IsProcessorFeaturePresent 0000000180016050     kernel32:KERNEL32.dll
 0002:00000058       __imp_TerminateProcess     0000000180016058     kernel32:KERNEL32.dll
 0002:00000060       __imp_GetCurrentProcess    0000000180016060     kernel32:KERNEL32.dll
 0002:00000068       __imp_SetUnhandledExceptionFilter 0000000180016068     kernel32:KERNEL32.dll
 0002:00000070       __imp_UnhandledExceptionFilter 0000000180016070     kernel32:KERNEL32.dll
 0002:00000078       \177KERNEL32_NULL_THUNK_DATA 0000000180016078     kernel32:KERNEL32.dll
 0002:00000080       __imp___std_type_info_destroy_list 0000000180016080     vcruntimed:VCRUNTIME140D.dll
 0002:00000088       __imp___C_specific_handler 0000000180016088     vcruntimed:VCRUNTIME140D.dll
 0002:00000090       \177VCRUNTIME140D_NULL_THUNK_DATA 0000000180016090     vcruntimed:VCRUNTIME140D.dll
 0002:00000098       __imp__cexit               0000000180016098     ucrtd:ucrtbased.dll
 0002:000000a0       __imp__execute_onexit_table 00000001800160a0     ucrtd:ucrtbased.dll
 0002:000000a8       __imp__initialize_onexit_table 00000001800160a8     ucrtd:ucrtbased.dll
 0002:000000b0       __imp__initialize_narrow_environment 00000001800160b0     ucrtd:ucrtbased.dll
 0002:000000b8       __imp__configure_narrow_argv 00000001800160b8     ucrtd:ucrtbased.dll
 0002:000000c0       __imp__initterm_e          00000001800160c0     ucrtd:ucrtbased.dll
 0002:000000c8       __imp__initterm            00000001800160c8     ucrtd:ucrtbased.dll
 0002:000000d0       __imp_sqrtf                00000001800160d0     ucrtd:ucrtbased.dll
 0002:000000d8       __imp_sinf                 00000001800160d8     ucrtd:ucrtbased.dll
 0002:000000e0       __imp_atan2                00000001800160e0     ucrtd:ucrtbased.dll
 0002:000000e8       __imp_roundf               00000001800160e8     ucrtd:ucrtbased.dll
 0002:000000f0       __imp__seh_filter_dll      00000001800160f0     ucrtd:ucrtbased.dll
 0002:000000f8       \177ucrtbased_NULL_THUNK_DATA 00000001800160f8     ucrtd:ucrtbased.dll
 0002:00000100       __guard_check_icall_fptr   0000000180016100     MSVCRTD:guard_support.obj
 0002:00000108       __guard_xfg_check_icall_fptr 0000000180016108     MSVCRTD:guard_support.obj
 0002:00000110       __guard_dispatch_icall_fptr 0000000180016110     MSVCRTD:guard_support.obj
 0002:00000118       __guard_xfg_dispatch_icall_fptr 0000000180016118     MSVCRTD:guard_support.obj
 0002:00000120       __guard_xfg_table_dispatch_icall_fptr 0000000180016120     MSVCRTD:guard_support.obj
 0002:00000128       __xc_a                     0000000180016128     MSVCRTD:initializers.obj
 0002:00000130       __xc_z                     0000000180016130     MSVCRTD:initializers.obj
 0002:00000138       __xi_a                     0000000180016138     MSVCRTD:initializers.obj
 0002:00000140       __xi_z                     0000000180016140     MSVCRTD:initializers.obj
 0002:00000148       __xp_a                     0000000180016148     MSVCRTD:initializers.obj
 0002:00000150       __xp_z                     0000000180016150     MSVCRTD:initializers.obj
 0002:00000158       __xt_a                     0000000180016158     MSVCRTD:initializers.obj
 0002:00000160       __xt_z                     0000000180016160     MSVCRTD:initializers.obj
 0002:00000570       ??_C@_0BA@NMEIMCEK@InvalidCodePath@ 0000000180016570     p5engine.obj
 0002:00000580       __real@00000000            0000000180016580     p5engine.obj
 0002:00000584       __real@308992b1            0000000180016584     p5engine.obj
 0002:00000588       __real@3a83126f            0000000180016588     p5engine.obj
 0002:0000058c       __real@3b808081            000000018001658c     p5engine.obj
 0002:00000590       __real@3c23d70a            0000000180016590     p5engine.obj
 0002:00000594       __real@3cc30c31            0000000180016594     p5engine.obj
 0002:00000598       __real@3dcccccd            0000000180016598     p5engine.obj
 0002:0000059c       __real@3de00000            000000018001659c     p5engine.obj
 0002:000005a0       __real@3e4ccccd            00000001800165a0     p5engine.obj
 0002:000005a4       __real@3e800000            00000001800165a4     p5engine.obj
 0002:000005a8       __real@3e99999a            00000001800165a8     p5engine.obj
 0002:000005ac       __real@3eae4c41            00000001800165ac     p5engine.obj
 0002:000005b0       __real@3ecccccd            00000001800165b0     p5engine.obj
 0002:000005b4       __real@3ee147ae            00000001800165b4     p5engine.obj
 0002:000005b8       __real@3f000000            00000001800165b8     p5engine.obj
 0002:000005bc       __real@3f19999a            00000001800165bc     p5engine.obj
 0002:000005c0       __real@3f228f5c            00000001800165c0     p5engine.obj
 0002:000005c4       __real@3f3504f3            00000001800165c4     p5engine.obj
 0002:000005c8       __real@3f400000            00000001800165c8     p5engine.obj
 0002:000005cc       __real@3f540000            00000001800165cc     p5engine.obj
 0002:000005d0       __real@3f666666            00000001800165d0     p5engine.obj
 0002:000005d4       __real@3f800000            00000001800165d4     p5engine.obj
 0002:000005d8       __real@3f8ba2e9            00000001800165d8     p5engine.obj
 0002:000005dc       __real@3f8ccccd            00000001800165dc     p5engine.obj
 0002:000005e0       __real@3f99999a            00000001800165e0     p5engine.obj
 0002:000005e4       __real@3fa66666            00000001800165e4     p5engine.obj
 0002:000005e8       __real@3fb33333            00000001800165e8     p5engine.obj
 0002:000005ec       __real@3fc00000            00000001800165ec     p5engine.obj
 0002:000005f0       __real@3fc90fdb            00000001800165f0     p5engine.obj
 0002:000005f4       __real@40000000            00000001800165f4     p5engine.obj
 0002:000005f8       __real@400ccccd            00000001800165f8     p5engine.obj
 0002:000005fc       __real@40400000            00000001800165fc     p5engine.obj
 0002:00000600       __real@40490fdb            0000000180016600     p5engine.obj
 0002:00000604       __real@40800000            0000000180016604     p5engine.obj
 0002:00000608       __real@4096cbe4            0000000180016608     p5engine.obj
 0002:0000060c       __real@40a00000            000000018001660c     p5engine.obj
 0002:00000610       __real@40c00000            0000000180016610     p5engine.obj
 0002:00000614       __real@40c90fdb            0000000180016614     p5engine.obj
 0002:00000618       __real@41100000            0000000180016618     p5engine.obj
 0002:0000061c       __real@41700000            000000018001661c     p5engine.obj
 0002:00000620       __real@41880000            0000000180016620     p5engine.obj
 0002:00000624       __real@41a00000            0000000180016624     p5engine.obj
 0002:00000628       __real@41f00000            0000000180016628     p5engine.obj
 0002:0000062c       __real@42340000            000000018001662c     p5engine.obj
 0002:00000630       __real@437f0000            0000000180016630     p5engine.obj
 0002:00000634       __real@461c4000            0000000180016634     p5engine.obj
 0002:00000638       __real@47c35000            0000000180016638     p5engine.obj
 0002:0000063c       __real@49742400            000000018001663c     p5engine.obj
 0002:00000640       __real@7f7fffff            0000000180016640     p5engine.obj
 0002:00000644       __real@becccccd            0000000180016644     p5engine.obj
 0002:00000648       __real@bf000000            0000000180016648     p5engine.obj
 0002:0000064c       __real@bf800000            000000018001664c     p5engine.obj
 0002:00000650       __real@c0000000            0000000180016650     p5engine.obj
 0002:00000654       __real@c0100000            0000000180016654     p5engine.obj
 0002:00000658       __real@c0400000            0000000180016658     p5engine.obj
 0002:0000065c       __real@c11ccccd            000000018001665c     p5engine.obj
 0002:00000660       __xmm@00000000000000000000000000000000 0000000180016660     p5engine.obj
 0002:00000670       __xmm@3f8000003f8000003f8000003f800000 0000000180016670     p5engine.obj
 0002:00000680       __xmm@7fffffffffffffff7fffffffffffffff 0000000180016680     p5engine.obj
 0002:00000690       __xmm@80000000800000008000000080000000 0000000180016690     p5engine.obj
 0002:000006a0       __xmm@000000ff000000ff000000ff000000ff 00000001800166a0     p5engine_optimized.obj
 0002:000006b0       __xmm@0000ffff0000ffff0000ffff0000ffff 00000001800166b0     p5engine_optimized.obj
 0002:000006c0       __xmm@00ff00ff00ff00ff00ff00ff00ff00ff 00000001800166c0     p5engine_optimized.obj
 0002:000006d0       __xmm@3b8080813b8080813b8080813b808081 00000001800166d0     p5engine_optimized.obj
 0002:000006e0       __xmm@3f0000003f0000003f0000003f000000 00000001800166e0     p5engine_optimized.obj
 0002:000006f0       __xmm@40800000408000004080000040800000 00000001800166f0     p5engine_optimized.obj
 0002:00000700       __xmm@477e0100477e0100477e0100477e0100 0000000180016700     p5engine_optimized.obj
 0002:00000710       __xmm@ffffffffffffffffffffffffffffffff 0000000180016710     p5engine_optimized.obj
 0002:00000720       _pRawDllMain               0000000180016720     MSVCRTD:dll_dllmain.obj
 0002:00000720       _pDefaultRawDllMain        0000000180016720     MSVCRTD:dll_dllmain.obj
 0002:00000790       _load_config_used          0000000180016790     MSVCRTD:loadcfg.obj
 0002:00000900       __volatile_metadata        0000000180016900     <linker-defined>
 0002:00000d58       __rtc_iaa                  0000000180016d58     MSVCRTD:initsect.obj
 0002:00000d60       __rtc_izz                  0000000180016d60     MSVCRTD:initsect.obj
 0002:00000d68       __rtc_taa                  0000000180016d68     MSVCRTD:initsect.obj
 0002:00000d70       __rtc_tzz                  0000000180016d70     MSVCRTD:initsect.obj
 0002:000015f4       __IMPORT_DESCRIPTOR_VCRUNTIME140D 00000001800175f4     vcruntimed:VCRUNTIME140D.dll
 0002:00001608       __IMPORT_DESCRIPTOR_ucrtbased 0000000180017608     ucrtd:ucrtbased.dll
 0002:0000161c       __IMPORT_DESCRIPTOR_KERNEL32 000000018001761c     kernel32:KERNEL32.dll
 0002:00001630       __NULL_IMPORT_DESCRIPTOR   0000000180017630     vcruntimed:VCRUNTIME140D.dll
 0003:00004000       __security_cookie_complement 000000018001c000     MSVCRTD:gs_cookie.obj
 0003:00004008       __security_cookie          000000018001c008     MSVCRTD:gs_cookie.obj
 0003:00004010       _fltused                   000000018001c010     MSVCRTD:fltused.obj
 0003:00004014       __scrt_native_dllmain_reason 000000018001c014     MSVCRTD:utility.obj
 0003:00004018       __isa_available            000000018001c018     MSVCRTD:cpu_disp.obj
 0003:0000401c       __isa_enabled              000000018001c01c     MSVCRTD:cpu_disp.obj
 0003:00004020       __memcpy_nt_iters          000000018001c020     MSVCRTD:cpu_disp.obj
 0003:00004028       __memset_nt_iters          000000018001c028     MSVCRTD:cpu_disp.obj
 0003:00004030       __scrt_ucrt_dll_is_in_use  000000018001c030     MSVCRTD:ucrt_stubs.obj
 0003:00004040       DebugGlobalMemory          000000018001c040     p5engine.obj
 0003:000045e0       ?__type_info_root_node@@3U__type_info_node@@A 000000018001c5e0     MSVCRTD:tncleanup.obj
 0003:000045f0       ?_OptionsStorage@?1??__local_stdio_printf_options@@9@4_KA 000000018001c5f0     MSVCRTD:default_local_stdio_options.obj
 0003:000045f8       ?_OptionsStorage@?1??__local_stdio_scanf_options@@9@4_KA 000000018001c5f8     MSVCRTD:default_local_stdio_options.obj
 0003:00004600       __scrt_current_native_startup_state 000000018001c600     MSVCRTD:utility.obj
 0003:00004608       __scrt_native_startup_lock 000000018001c608     MSVCRTD:utility.obj
 0003:00004648       __scrt_debugger_hook_flag  000000018001c648     MSVCRTD:utility_desktop.obj
 0003:00004650       __castguard_check_failure_os_handled_fptr 000000018001c650     MSVCRTD:guard_support.obj
 0003:00004658       __favor                    000000018001c658     MSVCRTD:cpu_disp.obj
 0003:00004660       __dyn_tls_init_callback    000000018001c660     <common>
 0003:00004668       __DebuggerCurrentSteppingThreadId 000000018001c668     <common>

 entry point at        0001:00013700

 Static symbols

 0000:fffdf000       .debug$S                   0000000180000000     P5Engine.exp
 0000:fffdf000       .debug$S                   0000000180000000     vcruntimed:VCRUNTIME140D.dll
 0000:fffdf000       .debug$S                   0000000180000000     vcruntimed:VCRUNTIME140D.dll
 0000:fffdf000       .debug$S                   0000000180000000     vcruntimed:VCRUNTIME140D.dll
 0000:fffdf000       .debug$S                   0000000180000000     vcruntimed:VCRUNTIME140D.dll
 0000:fffdf000       .debug$S                   0000000180000000     ucrtd:ucrtbased.dll
 0000:fffdf000       .debug$S                   0000000180000000     ucrtd:ucrtbased.dll
 0000:fffdf000       .debug$S                   0000000180000000     ucrtd:ucrtbased.dll
 0000:fffdf000       .debug$S                   0000000180000000     ucrtd:ucrtbased.dll
 0000:fffdf000       .debug$S                   0000000180000000     ucrtd:ucrtbased.dll
 0000:fffdf000       .debug$S                   0000000180000000     ucrtd:ucrtbased.dll
 0000:fffdf000       .debug$S                   0000000180000000     ucrtd:ucrtbased.dll
 0000:fffdf000       .debug$S                   0000000180000000     ucrtd:ucrtbased.dll
 0000:fffdf000       .debug$S                   0000000180000000     ucrtd:ucrtbased.dll
 0000:fffdf000       .debug$S                   0000000180000000     ucrtd:ucrtbased.dll
 0000:fffdf000       .debug$S                   0000000180000000     ucrtd:ucrtbased.dll
 0000:fffdf000       .debug$S                   0000000180000000     ucrtd:ucrtbased.dll
 0000:fffdf000       .debug$S                   0000000180000000     ucrtd:ucrtbased.dll
 0000:fffdf000       .debug$S                   0000000180000000     ucrtd:ucrtbased.dll
 0000:fffdf000       .debug$S                   0000000180000000     ucrtd:ucrtbased.dll
 0000:fffdf000       .debug$S                   0000000180000000     ucrtd:ucrtbased.dll
 0000:fffdf000       .debug$S                   0000000180000000     kernel32:KERNEL32.dll
 0000:fffdf000       .debug$S                   0000000180000000     kernel32:KERNEL32.dll
 0000:fffdf000       .debug$S                   0000000180000000     kernel32:KERNEL32.dll
 0000:fffdf000       .debug$S                   0000000180000000     kernel32:KERNEL32.dll
 0000:fffdf000       .debug$S                   0000000180000000     kernel32:KERNEL32.dll
 0000:fffdf000       .debug$S                   0000000180000000     kernel32:KERNEL32.dll
 0000:fffdf000       .debug$S                   0000000180000000     kernel32:KERNEL32.dll
 0000:fffdf000       .debug$S                   0000000180000000     kernel32:KERNEL32.dll
 0000:fffdf000       .debug$S                   0000000180000000     kernel32:KERNEL32.dll
 0000:fffdf000       .debug$S                   0000000180000000     kernel32:KERNEL32.dll
 0000:fffdf000       .debug$S                   0000000180000000     kernel32:KERNEL32.dll
 0000:fffdf000       .debug$S                   0000000180000000     kernel32:KERNEL32.dll
 0000:fffdf000       .debug$S                   0000000180000000     kernel32:KERNEL32.dll
 0000:fffdf000       .debug$S                   0000000180000000     kernel32:KERNEL32.dll
 0000:fffdf000       .debug$S                   0000000180000000     kernel32:KERNEL32.dll
 0000:fffdf000       .debug$S                   0000000180000000     kernel32:KERNEL32.dll
 0000:fffdf000       .debug$S                   0000000180000000     kernel32:KERNEL32.dll
 0001:00000000       ?LoadBitmap@@YAXPEAUgame_assets@@Ubitmap_id@@@Z 0000000180001000 f   p5engine.obj
 0001:00000140       ?LoadSound@@YAXPEAUgame_assets@@Usound_id@@@Z 0000000180001140 f   p5engine.obj
 0001:00000280       ?AddCollisionRule@@YAXPEAUgame_state@@IIH@Z 0000000180001280 f   p5engine.obj
 0001:00000400       ?ClearCollisionRulesFor@@YAXPEAUgame_state@@I@Z 0000000180001400 f   p5engine.obj
 0001:00000500       ?BeginTaskWithMemory@@YAPEAUtask_with_memory@@PEAUtransient_state@@@Z 0000000180001500 f   p5engine.obj
 0001:000005e0       ?EndTaskWithMemory@@YAXPEAUtask_with_memory@@@Z 00000001800015e0 f   p5engine.obj
 0001:00000640       ?DrawRectangle@@YAXPEAUloaded_bitmap@@Tv2@@1Tv4@@Urectangle2i@@H@Z 0000000180001640 f   p5engine.obj
 0001:00000900       ?RenderGroupToOutput@@YAXPEAUrender_group@@PEAUloaded_bitmap@@Urectangle2i@@H@Z 0000000180001900 f   p5engine.obj
 0001:00000cf0       ?DoTiledRenderWork@@YAXPEAUplatform_work_queue@@PEAX@Z 0000000180001cf0 f   p5engine.obj
 0001:00000da0       ?RenderGroupToOutput@@YAXPEAUrender_group@@PEAUloaded_bitmap@@@Z 0000000180001da0 f   p5engine.obj
 0001:00000e90       ?TiledRenderGroupToOutput@@YAXPEAUplatform_work_queue@@PEAUrender_group@@PEAUloaded_bitmap@@@Z 0000000180001e90 f   p5engine.obj
 0001:000010c0       ?AllocateRenderGroup@@YAPEAUrender_group@@PEAUgame_assets@@PEAUmemory_arena@@I@Z 00000001800020c0 f   p5engine.obj
 0001:000011f0       ?InitializeWorld@@YAXPEAUworld@@Tv3@@@Z 00000001800021f0 f   p5engine.obj
 0001:00001290       ?Subtract@@YA?ATv3@@PEAUworld@@PEAUworld_position@@1@Z 0000000180002290 f   p5engine.obj
 0001:00001500       ?ChangeEntityLocation@@YAXPEAUmemory_arena@@PEAUworld@@IPEAUlow_entity@@Uworld_position@@@Z 0000000180002500 f   p5engine.obj
 0001:00001690       ?GetHashFromStorageIndex@@YAPEAUsim_entity_hash@@PEAUsim_region@@I@Z 0000000180002690 f   p5engine.obj
 0001:00001760       ?AddEntity@@YAPEAUsim_entity@@PEAUgame_state@@PEAUsim_region@@IPEAUlow_entity@@PEATv3@@@Z 0000000180002760 f   p5engine.obj
 0001:000018c0       ?AddEntityRaw@@YAPEAUsim_entity@@PEAUgame_state@@PEAUsim_region@@IPEAUlow_entity@@@Z 00000001800028c0 f   p5engine.obj
 0001:00001a40       ?BeginSim@@YAPEAUsim_region@@PEAUmemory_arena@@PEAUgame_state@@PEAUworld@@Uworld_position@@Urectangle3@@M@Z 0000000180002a40 f   p5engine.obj
 0001:000020b0       ?EndSim@@YAXPEAUsim_region@@PEAUgame_state@@@Z 00000001800030b0 f   p5engine.obj
 0001:00002370       ?CanCollide@@YAHPEAUgame_state@@PEAUsim_entity@@1@Z 0000000180003370 f   p5engine.obj
 0001:000024c0       ?HandleCollision@@YAHPEAUgame_state@@PEAUsim_entity@@1@Z 00000001800034c0 f   p5engine.obj
 0001:000025a0       ?CanOverlap@@YAHPEAUgame_state@@PEAUsim_entity@@1@Z 00000001800035a0 f   p5engine.obj
 0001:00002600       ?HandleOverlap@@YAXPEAUgame_state@@PEAUsim_entity@@1MPEAM@Z 0000000180003600 f   p5engine.obj
 0001:000026a0       ?SpeculativeCollide@@YAHPEAUsim_entity@@0Tv3@@@Z 00000001800036a0 f   p5engine.obj
 0001:000027a0       ?EntitiesOverlap@@YAHPEAUsim_entity@@0Tv3@@@Z 00000001800037a0 f   p5engine.obj
 0001:00002ae0       ?MoveEntity@@YAXPEAUgame_state@@PEAUsim_region@@PEAUsim_entity@@MPEAUmove_spec@@Tv3@@@Z 0000000180003ae0 f   p5engine.obj
 0001:00004440       ?DEBUGLoadBMP@@YA?AUloaded_bitmap@@PEADTv2@@@Z 0000000180005440 f   p5engine.obj
 0001:00004950       ?DEBUGLoadWAV@@YA?AUloaded_sound@@PEADII@Z 0000000180005950 f   p5engine.obj
 0001:00004f30       ?LoadBitmapWork@@YAXPEAUplatform_work_queue@@PEAX@Z 0000000180005f30 f   p5engine.obj
 0001:00005030       ?LoadSoundWork@@YAXPEAUplatform_work_queue@@PEAX@Z 0000000180006030 f   p5engine.obj
 0001:00005140       ?GetBestMatchAssetFrom@@YAIPEAUgame_assets@@W4asset_type_id@@PEAUasset_vector@@2@Z 0000000180006140 f   p5engine.obj
 0001:00005370       ?GetRandomAssetFrom@@YAIPEAUgame_assets@@W4asset_type_id@@PEAUrandom_series@@@Z 0000000180006370 f   p5engine.obj
 0001:00005400       ?GetFirstAssetFrom@@YAIPEAUgame_assets@@W4asset_type_id@@@Z 0000000180006400 f   p5engine.obj
 0001:00005460       ?GetBestMatchBitmapFrom@@YA?AUbitmap_id@@PEAUgame_assets@@W4asset_type_id@@PEAUasset_vector@@2@Z 0000000180006460 f   p5engine.obj
 0001:000054b0       ?GetFirstBitmapFrom@@YA?AUbitmap_id@@PEAUgame_assets@@W4asset_type_id@@@Z 00000001800064b0 f   p5engine.obj
 0001:000054f0       ?GetRandomBitmapFrom@@YA?AUbitmap_id@@PEAUgame_assets@@W4asset_type_id@@PEAUrandom_series@@@Z 00000001800064f0 f   p5engine.obj
 0001:00005540       ?GetFirstSoundFrom@@YA?AUsound_id@@PEAUgame_assets@@W4asset_type_id@@@Z 0000000180006540 f   p5engine.obj
 0001:00005580       ?GetRandomSoundFrom@@YA?AUsound_id@@PEAUgame_assets@@W4asset_type_id@@PEAUrandom_series@@@Z 0000000180006580 f   p5engine.obj
 0001:000055d0       ?BeginAssetType@@YAXPEAUgame_assets@@W4asset_type_id@@@Z 00000001800065d0 f   p5engine.obj
 0001:00005660       ?AddBitmapAsset@@YA?AUbitmap_id@@PEAUgame_assets@@PEADTv2@@@Z 0000000180006660 f   p5engine.obj
 0001:00005780       ?AddSoundAsset@@YA?AUsound_id@@PEAUgame_assets@@PEADII@Z 0000000180006780 f   p5engine.obj
 0001:000058c0       ?AddTag@@YAXPEAUgame_assets@@W4asset_tag_id@@M@Z 00000001800068c0 f   p5engine.obj
 0001:00005980       ?EndAssetType@@YAXPEAUgame_assets@@@Z 0000000180006980 f   p5engine.obj
 0001:00005a00       ?AllocateGameAssets@@YAPEAUgame_assets@@PEAUmemory_arena@@_KPEAUtransient_state@@@Z 0000000180006a00 f   p5engine.obj
 0001:00006370       ?PlaySound@@YAPEAUplaying_sound@@PEAUaudio_state@@Usound_id@@@Z 0000000180007370 f   p5engine.obj
 0001:000064a0       ?ChangeVolume@@YAXPEAUaudio_state@@PEAUplaying_sound@@MTv2@@@Z 00000001800074a0 f   p5engine.obj
 0001:00006560       ?OutputPlayingSounds@@YAXPEAUaudio_state@@PEAUgame_sound_output_buffer@@PEAUgame_assets@@PEAUmemory_arena@@@Z 0000000180007560 f   p5engine.obj
 0001:00007660       ?InitializeAudioState@@YAXPEAUaudio_state@@PEAUmemory_arena@@@Z 0000000180008660 f   p5engine.obj
 0001:000076e0       ?AddLowEntity@@YA?AUadd_low_entity_result@@PEAUgame_state@@W4entity_type@@Uworld_position@@@Z 00000001800086e0 f   p5engine.obj
 0001:000078e0       ?AddGroundedEntity@@YA?AUadd_low_entity_result@@PEAUgame_state@@W4entity_type@@Uworld_position@@PEAUsim_entity_collision_volume_group@@@Z 00000001800088e0 f   p5engine.obj
 0001:00007990       ?AddStandardRoom@@YA?AUadd_low_entity_result@@PEAUgame_state@@III@Z 0000000180008990 f   p5engine.obj
 0001:00007af0       ?AddWall@@YA?AUadd_low_entity_result@@PEAUgame_state@@III@Z 0000000180008af0 f   p5engine.obj
 0001:00007c50       ?AddStairs@@YA?AUadd_low_entity_result@@PEAUgame_state@@III@Z 0000000180008c50 f   p5engine.obj
 0001:00007de0       ?InitHitPoints@@YAXPEAUlow_entity@@I@Z 0000000180008de0 f   p5engine.obj
 0001:00007e70       ?AddSword@@YA?AUadd_low_entity_result@@PEAUgame_state@@@Z 0000000180008e70 f   p5engine.obj
 0001:00007f60       ?AddPlayer@@YA?AUadd_low_entity_result@@PEAUgame_state@@@Z 0000000180008f60 f   p5engine.obj
 0001:000080a0       ?AddMonstar@@YA?AUadd_low_entity_result@@PEAUgame_state@@III@Z 00000001800090a0 f   p5engine.obj
 0001:00008210       ?AddFamiliar@@YA?AUadd_low_entity_result@@PEAUgame_state@@III@Z 0000000180009210 f   p5engine.obj
 0001:00008370       ?DrawHitpoints@@YAXPEAUsim_entity@@PEAUrender_group@@@Z 0000000180009370 f   p5engine.obj
 0001:000085e0       ?MakeSimpleGroundedCollision@@YAPEAUsim_entity_collision_volume_group@@PEAUgame_state@@MMM@Z 00000001800095e0 f   p5engine.obj
 0001:00008740       ?MakeNullCollision@@YAPEAUsim_entity_collision_volume_group@@PEAUgame_state@@@Z 0000000180009740 f   p5engine.obj
 0001:00008820       ?FillGroundChunkWork@@YAXPEAUplatform_work_queue@@PEAX@Z 0000000180009820 f   p5engine.obj
 0001:00008880       ?FillGroundChunk@@YAXPEAUtransient_state@@PEAUgame_state@@PEAUground_buffer@@PEAUworld_position@@@Z 0000000180009880 f   p5engine.obj
 0001:00009100       ?ClearBitmap@@YAXPEAUloaded_bitmap@@@Z 000000018000a100 f   p5engine.obj
 0001:00009160       ?MakeEmptyBitmap@@YA?AUloaded_bitmap@@PEAUmemory_arena@@HHH@Z 000000018000a160 f   p5engine.obj
 0001:00009250       ?MakeSphereDiffuseMap@@YAXPEAUloaded_bitmap@@MM@Z 000000018000a250 f   p5engine.obj
 0001:00009580       ?MakeSphereNormalMap@@YAXPEAUloaded_bitmap@@MMM@Z 000000018000a580 f   p5engine.obj
 0001:0000d3a8       $LN147                     000000018000e3a8     p5engine.obj
 0001:00013260       $$000000                   0000000180014260     MSVCRTD:chkstk.obj
 0001:000132c0       $$000000                   00000001800142c0     MSVCRTD:amdsecgs.obj
 0001:000132f0       ?dllmain_crt_dispatch@@YAHQEAUHINSTANCE__@@KQEAX@Z 00000001800142f0 f   MSVCRTD:dll_dllmain.obj
 0001:00013380       ?dllmain_crt_process_attach@@YAHQEAUHINSTANCE__@@QEAX@Z 0000000180014380 f   MSVCRTD:dll_dllmain.obj
 0001:000134c0       ?dllmain_crt_process_detach@@YAH_N@Z 00000001800144c0 f   MSVCRTD:dll_dllmain.obj
 0001:00013560       ?dllmain_dispatch@@YAHQEAUHINSTANCE__@@KQEAX@Z 0000000180014560 f   MSVCRTD:dll_dllmain.obj
 0001:000136a0       ?dllmain_raw@@YAHQEAUHINSTANCE__@@KQEAX@Z 00000001800146a0 f   MSVCRTD:dll_dllmain.obj
 0001:00013860       capture_previous_context   0000000180014860 f   MSVCRTD:gs_report.obj
 0001:00013920       __get_entropy              0000000180014920 f   MSVCRTD:gs_support.obj
 0001:00013b70       ?find_pe_section@@YAPEAU_IMAGE_SECTION_HEADER@@QEAE_K@Z 0000000180014b70 f   MSVCRTD:utility.obj
 0001:00013c50       ?is_potentially_valid_image_base@@YA_NQEAX@Z 0000000180014c50 f   MSVCRTD:utility.obj
 0001:000147f0       $$000000                   00000001800157f0     MSVCRTD:guard_dispatch.obj
 0001:00014810       $$000000                   0000000180015810     MSVCRTD:guard_xfg_dispatch.obj
 0001:00014830       ?fin$0@?0??dllmain_crt_process_attach@@YAHQEAUHINSTANCE__@@QEAX@Z@4HA 0000000180015830 f   MSVCRTD:dll_dllmain.obj
 0001:00014850       ?fin$0@?0??dllmain_crt_process_detach@@YAH_N@Z@4HA 0000000180015850 f   MSVCRTD:dll_dllmain.obj
 0001:0001486a       ?fin$1@?0??dllmain_crt_process_detach@@YAH_N@Z@4HA 000000018001586a f   MSVCRTD:dll_dllmain.obj
 0001:00014880       ?filt$0@?0??dllmain_dispatch@@YAHQEAUHINSTANCE__@@KQEAX@Z@4HA 0000000180015880 f   MSVCRTD:dll_dllmain.obj
 0001:000148d0       __scrt_is_nonwritable_in_current_image$filt$0 00000001800158d0 f   MSVCRTD:utility.obj
 0002:00000170       $SG29292                   0000000180016170     p5engine.obj
 0002:00000180       $SG29720                   0000000180016180     p5engine.obj
 0002:00000190       $SG30501                   0000000180016190     p5engine.obj
 0002:000001b8       $SG30851                   00000001800161b8     p5engine.obj
 0002:000001d8       $SG30852                   00000001800161d8     p5engine.obj
 0002:000001f8       $SG30853                   00000001800161f8     p5engine.obj
 0002:00000218       $SG30854                   0000000180016218     p5engine.obj
 0002:00000230       $SG30855                   0000000180016230     p5engine.obj
 0002:00000250       $SG30856                   0000000180016250     p5engine.obj
 0002:00000270       $SG30857                   0000000180016270     p5engine.obj
 0002:00000290       $SG30858                   0000000180016290     p5engine.obj
 0002:000002b0       $SG30859                   00000001800162b0     p5engine.obj
 0002:000002d0       $SG30860                   00000001800162d0     p5engine.obj
 0002:000002f0       $SG30861                   00000001800162f0     p5engine.obj
 0002:00000318       $SG30862                   0000000180016318     p5engine.obj
 0002:00000338       $SG30863                   0000000180016338     p5engine.obj
 0002:00000358       $SG30864                   0000000180016358     p5engine.obj
 0002:00000380       $SG30865                   0000000180016380     p5engine.obj
 0002:000003a0       $SG30866                   00000001800163a0     p5engine.obj
 0002:000003c0       $SG30867                   00000001800163c0     p5engine.obj
 0002:000003e0       $SG30868                   00000001800163e0     p5engine.obj
 0002:00000400       $SG30869                   0000000180016400     p5engine.obj
 0002:00000420       $SG30870                   0000000180016420     p5engine.obj
 0002:00000440       $SG30871                   0000000180016440     p5engine.obj
 0002:00000460       $SG30872                   0000000180016460     p5engine.obj
 0002:00000480       $SG30873                   0000000180016480     p5engine.obj
 0002:000004a0       $SG30874                   00000001800164a0     p5engine.obj
 0002:000004c0       $SG30875                   00000001800164c0     p5engine.obj
 0002:000004e0       $SG30876                   00000001800164e0     p5engine.obj
 0002:00000500       $SG30878                   0000000180016500     p5engine.obj
 0002:00000520       $SG30880                   0000000180016520     p5engine.obj
 0002:00000540       $SG30881                   0000000180016540     p5engine.obj
 0002:00000560       $SG32092                   0000000180016560     p5engine.obj
 0002:00000728       GS_ExceptionPointers       0000000180016728     MSVCRTD:gs_report.obj
 0002:00000d78       $unwind$?GetBitmap@@YAPEAUloaded_bitmap@@PEAUgame_assets@@Ubitmap_id@@@Z 0000000180016d78     p5engine.obj
 0002:00000d78       $unwind$?GetLowEntity@@YAPEAUlow_entity@@PEAUgame_state@@I@Z 0000000180016d78     p5engine.obj
 0002:00000d78       $unwind$?GetSound@@YAPEAUloaded_sound@@PEAUgame_assets@@Usound_id@@@Z 0000000180016d78     p5engine.obj
 0002:00000d78       $unwind$?GetSoundInfo@@YAPEAUasset_sound_info@@PEAUgame_assets@@Usound_id@@@Z 0000000180016d78     p5engine.obj
 0002:00000d78       $unwind$?HasFlag@@YAHPEAUsim_entity@@I@Z 0000000180016d78     p5engine.obj
 0002:00000d78       $unwind$?RandomChoice@@YAIPEAUrandom_series@@I@Z 0000000180016d78     p5engine.obj
 0002:00000d78       $unwind$GetController      0000000180016d78     p5engine.obj
 0002:00000d80       $unwind$?InitializeArena@@YAXPEAUmemory_arena@@_KPEAX@Z 0000000180016d80     p5engine.obj
 0002:00000d88       $unwind$?GetAlignmentOffset@@YA_KPEAUmemory_arena@@_K@Z 0000000180016d88     p5engine.obj
 0002:00000d88       $unwind$?PushString@@YAPEADPEAUmemory_arena@@PEAD@Z 0000000180016d88     p5engine.obj
 0002:00000d90       $unwind$??Y@YAAEATv2@@AEAT0@T0@@Z 0000000180016d90     p5engine.obj
 0002:00000d90       $unwind$?GetArenaSizeRemaining@@YA_KPEAUmemory_arena@@_K@Z 0000000180016d90     p5engine.obj
 0002:00000d90       $unwind$?Hadamard@@YA?ATv2@@T1@0@Z 0000000180016d90     p5engine.obj
 0002:00000d90       $unwind$?Inner@@YAMTv2@@0@Z 0000000180016d90     p5engine.obj
 0002:00000d90       $unwind$?Inner@@YAMTv3@@0@Z 0000000180016d90     p5engine.obj
 0002:00000d90       $unwind$?IsCanonical@@YAHPEAUworld@@Tv3@@@Z 0000000180016d90     p5engine.obj
 0002:00000d90       $unwind$?IsInRectangle@@YAHUrectangle3@@Tv3@@@Z 0000000180016d90     p5engine.obj
 0002:00000d90       $unwind$?RectanglesIntersect@@YAHUrectangle3@@0@Z 0000000180016d90     p5engine.obj
 0002:00000d90       $unwind$?ZeroSize@@YAX_KPEAX@Z 0000000180016d90     p5engine.obj
 0002:00000d90       $unwind$?find_pe_section@@YAPEAU_IMAGE_SECTION_HEADER@@QEAE_K@Z 0000000180016d90     MSVCRTD:utility.obj
 0002:00000d98       $unwind$?PushSize_@@YAPEAXPEAUmemory_arena@@_K1@Z 0000000180016d98     p5engine.obj
 0002:00000da0       $unwind$?BeginTemporaryMemory@@YA?AUtemporary_memory@@PEAUmemory_arena@@@Z 0000000180016da0     p5engine.obj
 0002:00000db4       $unwind$?AllResourcesPresent@@YAHPEAUrender_group@@@Z 0000000180016db4     p5engine.obj
 0002:00000db4       $unwind$?EndTemporaryMemory@@YAXUtemporary_memory@@@Z 0000000180016db4     p5engine.obj
 0002:00000db4       $unwind$?GetChunkData@@YAPEAXUriff_iterator@@@Z 0000000180016db4     p5engine.obj
 0002:00000db4       $unwind$?GetChunkDataSize@@YAIUriff_iterator@@@Z 0000000180016db4     p5engine.obj
 0002:00000db4       $unwind$?GetDim@@YA?ATv2@@Urectangle2@@@Z 0000000180016db4     p5engine.obj
 0002:00000db4       $unwind$?GetType@@YAIUriff_iterator@@@Z 0000000180016db4     p5engine.obj
 0002:00000db4       $unwind$?IsValid@@YAHUriff_iterator@@@Z 0000000180016db4     p5engine.obj
 0002:00000db4       $unwind$?IsValid@@YAHUworld_position@@@Z 0000000180016db4     p5engine.obj
 0002:00000db4       $unwind$?LengthSq@@YAMTv2@@@Z 0000000180016db4     p5engine.obj
 0002:00000db4       $unwind$?RandomBilateral@@YAMPEAUrandom_series@@@Z 0000000180016db4     p5engine.obj
 0002:00000db4       $unwind$?RandomNextUInt32@@YAIPEAUrandom_series@@@Z 0000000180016db4     p5engine.obj
 0002:00000db4       $unwind$?RandomUnilateral@@YAMPEAUrandom_series@@@Z 0000000180016db4     p5engine.obj
 0002:00000db4       $unwind$__CheckForDebuggerJustMyCode 0000000180016db4     MSVCRTD:debugger_jmc.obj
 0002:00000db4       $unwind$__report_gsfailure 0000000180016db4     MSVCRTD:gs_report.obj
 0002:00000dbc       $unwind$?CheckArena@@YAXPEAUmemory_arena@@@Z 0000000180016dbc     p5engine.obj
 0002:00000dbc       $unwind$?StoreEntityReference@@YAXPEATentity_reference@@@Z 0000000180016dbc     p5engine.obj
 0002:00000dbc       $unwind$__raise_securityfailure 0000000180016dbc     MSVCRTD:gs_report.obj
 0002:00000dbc       $unwind$?is_potentially_valid_image_base@@YA_NQEAX@Z 0000000180016dbc     MSVCRTD:utility.obj
 0002:00000dc4       $unwind$?SubArena@@YAXPEAUmemory_arena@@0_K1@Z 0000000180016dc4     p5engine.obj
 0002:00000dc4       $unwind$__GSHandlerCheck   0000000180016dc4     MSVCRTD:gshandler.obj
 0002:00000dcc       $unwind$?AtomicCompareExchangeUInt32@@YAIPECIII@Z 0000000180016dcc     p5engine.obj
 0002:00000dcc       $unwind$?PushRenderElement_@@YAPEAXPEAUrender_group@@IW4render_group_entry_type@@@Z 0000000180016dcc     p5engine.obj
 0002:00000dcc       $unwind$?dllmain_crt_dispatch@@YAHQEAUHINSTANCE__@@KQEAX@Z 0000000180016dcc     MSVCRTD:dll_dllmain.obj
 0002:00000dcc       $unwind$?dllmain_raw@@YAHQEAUHINSTANCE__@@KQEAX@Z 0000000180016dcc     MSVCRTD:dll_dllmain.obj
 0002:00000dd4       $unwind$?AbsoluteValue@@YAMM@Z 0000000180016dd4     p5engine.obj
 0002:00000dd4       $unwind$?Clamp01@@YAMM@Z   0000000180016dd4     p5engine.obj
 0002:00000dd4       $unwind$?RoundReal32ToInt32@@YAHM@Z 0000000180016dd4     p5engine.obj
 0002:00000dd4       $unwind$?RoundReal32ToUInt32@@YAIM@Z 0000000180016dd4     p5engine.obj
 0002:00000dd4       $unwind$?SignOf@@YAMM@Z    0000000180016dd4     p5engine.obj
 0002:00000dd4       $unwind$?Sin@@YAMM@Z       0000000180016dd4     p5engine.obj
 0002:00000dd4       $unwind$?Square@@YAMM@Z    0000000180016dd4     p5engine.obj
 0002:00000dd4       $unwind$?SquareRoot@@YAMM@Z 0000000180016dd4     p5engine.obj
 0002:00000ddc       $unwind$?ATan2@@YAMMM@Z    0000000180016ddc     p5engine.obj
 0002:00000ddc       $unwind$?IsCanonical@@YAHMM@Z 0000000180016ddc     p5engine.obj
 0002:00000ddc       $unwind$?SafeRatio0@@YAMMM@Z 0000000180016ddc     p5engine.obj
 0002:00000ddc       $unwind$?SafeRatio1@@YAMMM@Z 0000000180016ddc     p5engine.obj
 0002:00000de4       $unwind$?FindLeastSignificantSetBit@@YA?AUbit_scan_result@@I@Z 0000000180016de4     p5engine.obj
 0002:00000de4       $unwind$?RandomSeed@@YA?AUrandom_series@@I@Z 0000000180016de4     p5engine.obj
 0002:00000df4       $unwind$?Clamp01MapToRange@@YAMMMM@Z 0000000180016df4     p5engine.obj
 0002:00000df4       $unwind$?Clamp@@YAMMMM@Z   0000000180016df4     p5engine.obj
 0002:00000df4       $unwind$?SafeRatioN@@YAMMMM@Z 0000000180016df4     p5engine.obj
 0002:00000dfc       $unwind$?V2@@YA?ATv2@@MM@Z 0000000180016dfc     p5engine.obj
 0002:00000e0c       $unwind$?V2i@@YA?ATv2@@HH@Z 0000000180016e0c     p5engine.obj
 0002:00000e14       $unwind$??D@YA?ATv2@@MT0@@Z 0000000180016e14     p5engine.obj
 0002:00000e24       $unwind$??G@YA?ATv2@@T0@0@Z 0000000180016e24     p5engine.obj
 0002:00000e24       $unwind$??H@YA?ATv2@@T0@0@Z 0000000180016e24     p5engine.obj
 0002:00000e24       $unwind$?GetBarycentric@@YA?ATv2@@Urectangle2@@T1@@Z 0000000180016e24     p5engine.obj
 0002:00000e34       $unwind$?Clamp01@@YA?ATv2@@T1@@Z 0000000180016e34     p5engine.obj
 0002:00000e44       $unwind$?V3@@YA?ATv3@@MMM@Z 0000000180016e44     p5engine.obj
 0002:00000e44       $unwind$?V4@@YA?ATv4@@MMMM@Z 0000000180016e44     p5engine.obj
 0002:00000e58       $unwind$??D@YA?ATv3@@MT0@@Z 0000000180016e58     p5engine.obj
 0002:00000e58       $unwind$??D@YA?ATv4@@MT0@@Z 0000000180016e58     p5engine.obj
 0002:00000e58       $unwind$?ToV3@@YA?ATv3@@Tv2@@M@Z 0000000180016e58     p5engine.obj
 0002:00000e6c       $unwind$??D@YA?ATv3@@T0@M@Z 0000000180016e6c     p5engine.obj
 0002:00000e6c       $unwind$?GetCameraRectangleAtDistance@@YA?AUrectangle2@@PEAUrender_group@@M@Z 0000000180016e6c     p5engine.obj
 0002:00000e78       $unwind$??X@YAAEATv3@@AEAT0@M@Z 0000000180016e78     p5engine.obj
 0002:00000e84       $unwind$??G@YA?ATv3@@T0@0@Z 0000000180016e84     p5engine.obj
 0002:00000e84       $unwind$??H@YA?ATv3@@T0@0@Z 0000000180016e84     p5engine.obj
 0002:00000e98       $unwind$??Y@YAAEATv3@@AEAT0@T0@@Z 0000000180016e98     p5engine.obj
 0002:00000e98       $unwind$??Z@YAAEATv3@@AEAT0@T0@@Z 0000000180016e98     p5engine.obj
 0002:00000e98       $unwind$?GetDim@@YA?ATv3@@Urectangle3@@@Z 0000000180016e98     p5engine.obj
 0002:00000ea4       $unwind$?AreInSameChunk@@YAHPEAUworld@@PEAUworld_position@@1@Z 0000000180016ea4     p5engine.obj
 0002:00000ea4       $unwind$?Hadamard@@YA?ATv3@@T1@0@Z 0000000180016ea4     p5engine.obj
 0002:00000ea4       $unwind$?RectCenterDim@@YA?AUrectangle2@@Tv2@@0@Z 0000000180016ea4     p5engine.obj
 0002:00000eb0       $unwind$?LengthSq@@YAMTv3@@@Z 0000000180016eb0     p5engine.obj
 0002:00000ebc       $unwind$?Length@@YAMTv3@@@Z 0000000180016ebc     p5engine.obj
 0002:00000ebc       $unwind$?MakeEntityNonSpatial@@YAXPEAUsim_entity@@@Z 0000000180016ebc     p5engine.obj
 0002:00000ec8       $unwind$?RectCenterHalfDim@@YA?AUrectangle2@@Tv2@@0@Z 0000000180016ec8     p5engine.obj
 0002:00000edc       $unwind$?Intersect@@YA?AUrectangle2i@@U1@0@Z 0000000180016edc     p5engine.obj
 0002:00000ee8       $unwind$?Clear@@YAXPEAUrender_group@@Tv4@@@Z 0000000180016ee8     p5engine.obj
 0002:00000ee8       $unwind$?GetMaxCorner@@YA?ATv3@@Urectangle3@@@Z 0000000180016ee8     p5engine.obj
 0002:00000ee8       $unwind$?GetMinCorner@@YA?ATv3@@Urectangle3@@@Z 0000000180016ee8     p5engine.obj
 0002:00000ee8       $unwind$?NextChunk@@YA?AUriff_iterator@@U1@@Z 0000000180016ee8     p5engine.obj
 0002:00000ef4       $unwind$?RectMinMax@@YA?AUrectangle3@@Tv3@@0@Z 0000000180016ef4     p5engine.obj
 0002:00000f08       $unwind$?AddRadiusTo@@YA?AUrectangle3@@U1@Tv3@@@Z 0000000180016f08     p5engine.obj
 0002:00000f08       $unwind$?RectCenterHalfDim@@YA?AUrectangle3@@Tv3@@0@Z 0000000180016f08     p5engine.obj
 0002:00000f1c       $unwind$?RectCenterDim@@YA?AUrectangle3@@Tv3@@0@Z 0000000180016f1c     p5engine.obj
 0002:00000f28       $unwind$?AddFlags@@YAXPEAUsim_entity@@I@Z 0000000180016f28     p5engine.obj
 0002:00000f28       $unwind$?ClearFlags@@YAXPEAUsim_entity@@I@Z 0000000180016f28     p5engine.obj
 0002:00000f28       $unwind$?PrefetchSound@@YAXPEAUgame_assets@@Usound_id@@@Z 0000000180016f28     p5engine.obj
 0002:00000f30       $unwind$?MakeEntitySpatial@@YAXPEAUsim_entity@@Tv3@@1@Z 0000000180016f30     p5engine.obj
 0002:00000f3c       $unwind$?GetEntityGroundPoint@@YA?ATv3@@PEAUsim_entity@@T1@@Z 0000000180016f3c     p5engine.obj
 0002:00000f3c       $unwind$?ParseChunkAt@@YA?AUriff_iterator@@PEAX0@Z 0000000180016f3c     p5engine.obj
 0002:00000f48       $unwind$?GetEntityGroundPoint@@YA?ATv3@@PEAUsim_entity@@@Z 0000000180016f48     p5engine.obj
 0002:00000f54       $unwind$?GetStairGround@@YAMPEAUsim_entity@@Tv3@@@Z 0000000180016f54     p5engine.obj
 0002:00000f60       $unwind$?IsValid@@YAHUsound_id@@@Z 0000000180016f60     p5engine.obj
 0002:00000f68       $unwind$?LoadBitmap@@YAXPEAUgame_assets@@Ubitmap_id@@@Z 0000000180016f68     p5engine.obj
 0002:00000f70       $unwind$?LoadSound@@YAXPEAUgame_assets@@Usound_id@@@Z 0000000180016f70     p5engine.obj
 0002:00000f78       $unwind$?AddCollisionRule@@YAXPEAUgame_state@@IIH@Z 0000000180016f78     p5engine.obj
 0002:00000f80       $unwind$?ClearCollisionRulesFor@@YAXPEAUgame_state@@I@Z 0000000180016f80     p5engine.obj
 0002:00000f88       $unwind$?BeginTaskWithMemory@@YAPEAUtask_with_memory@@PEAUtransient_state@@@Z 0000000180016f88     p5engine.obj
 0002:00000f94       $unwind$?EndTaskWithMemory@@YAXPEAUtask_with_memory@@@Z 0000000180016f94     p5engine.obj
 0002:00000fa0       $unwind$?DrawRectangle@@YAXPEAUloaded_bitmap@@Tv2@@1Tv4@@Urectangle2i@@H@Z 0000000180016fa0     p5engine.obj
 0002:00000fac       $unwind$?RenderGroupToOutput@@YAXPEAUrender_group@@PEAUloaded_bitmap@@Urectangle2i@@H@Z 0000000180016fac     p5engine.obj
 0002:00000fb8       $unwind$?DoTiledRenderWork@@YAXPEAUplatform_work_queue@@PEAX@Z 0000000180016fb8     p5engine.obj
 0002:00000fc4       $unwind$?RenderGroupToOutput@@YAXPEAUrender_group@@PEAUloaded_bitmap@@@Z 0000000180016fc4     p5engine.obj
 0002:00000fd8       $unwind$?TiledRenderGroupToOutput@@YAXPEAUplatform_work_queue@@PEAUrender_group@@PEAUloaded_bitmap@@@Z 0000000180016fd8     p5engine.obj
 0002:00000fec       $unwind$?AllocateRenderGroup@@YAPEAUrender_group@@PEAUgame_assets@@PEAUmemory_arena@@I@Z 0000000180016fec     p5engine.obj
 0002:00000ff8       $unwind$?InitializeWorld@@YAXPEAUworld@@Tv3@@@Z 0000000180016ff8     p5engine.obj
 0002:00001004       $unwind$?Subtract@@YA?ATv3@@PEAUworld@@PEAUworld_position@@1@Z 0000000180017004     p5engine.obj
 0002:00001018       $unwind$?ChangeEntityLocation@@YAXPEAUmemory_arena@@PEAUworld@@IPEAUlow_entity@@Uworld_position@@@Z 0000000180017018     p5engine.obj
 0002:00001024       $unwind$?GetHashFromStorageIndex@@YAPEAUsim_entity_hash@@PEAUsim_region@@I@Z 0000000180017024     p5engine.obj
 0002:0000102c       $unwind$?AddEntity@@YAPEAUsim_entity@@PEAUgame_state@@PEAUsim_region@@IPEAUlow_entity@@PEATv3@@@Z 000000018001702c     p5engine.obj
 0002:00001038       $unwind$?AddEntityRaw@@YAPEAUsim_entity@@PEAUgame_state@@PEAUsim_region@@IPEAUlow_entity@@@Z 0000000180017038     p5engine.obj
 0002:00001044       $unwind$?BeginSim@@YAPEAUsim_region@@PEAUmemory_arena@@PEAUgame_state@@PEAUworld@@Uworld_position@@Urectangle3@@M@Z 0000000180017044     p5engine.obj
 0002:00001058       $unwind$?EndSim@@YAXPEAUsim_region@@PEAUgame_state@@@Z 0000000180017058     p5engine.obj
 0002:00001064       $unwind$?CanCollide@@YAHPEAUgame_state@@PEAUsim_entity@@1@Z 0000000180017064     p5engine.obj
 0002:0000106c       $unwind$?HandleCollision@@YAHPEAUgame_state@@PEAUsim_entity@@1@Z 000000018001706c     p5engine.obj
 0002:00001074       $unwind$?CanOverlap@@YAHPEAUgame_state@@PEAUsim_entity@@1@Z 0000000180017074     p5engine.obj
 0002:0000107c       $unwind$?HandleOverlap@@YAXPEAUgame_state@@PEAUsim_entity@@1MPEAM@Z 000000018001707c     p5engine.obj
 0002:00001088       $unwind$?SpeculativeCollide@@YAHPEAUsim_entity@@0Tv3@@@Z 0000000180017088     p5engine.obj
 0002:00001094       $unwind$?EntitiesOverlap@@YAHPEAUsim_entity@@0Tv3@@@Z 0000000180017094     p5engine.obj
 0002:000010a0       $unwind$?MoveEntity@@YAXPEAUgame_state@@PEAUsim_region@@PEAUsim_entity@@MPEAUmove_spec@@Tv3@@@Z 00000001800170a0     p5engine.obj
 0002:000010b4       $unwind$?DEBUGLoadBMP@@YA?AUloaded_bitmap@@PEADTv2@@@Z 00000001800170b4     p5engine.obj
 0002:000010c8       $unwind$?DEBUGLoadWAV@@YA?AUloaded_sound@@PEADII@Z 00000001800170c8     p5engine.obj
 0002:000010dc       $unwind$?LoadBitmapWork@@YAXPEAUplatform_work_queue@@PEAX@Z 00000001800170dc     p5engine.obj
 0002:000010e8       $unwind$?LoadSoundWork@@YAXPEAUplatform_work_queue@@PEAX@Z 00000001800170e8     p5engine.obj
 0002:000010f4       $unwind$?GetBestMatchAssetFrom@@YAIPEAUgame_assets@@W4asset_type_id@@PEAUasset_vector@@2@Z 00000001800170f4     p5engine.obj
 0002:000010fc       $unwind$?GetRandomAssetFrom@@YAIPEAUgame_assets@@W4asset_type_id@@PEAUrandom_series@@@Z 00000001800170fc     p5engine.obj
 0002:00001104       $unwind$?GetFirstAssetFrom@@YAIPEAUgame_assets@@W4asset_type_id@@@Z 0000000180017104     p5engine.obj
 0002:0000110c       $unwind$?GetBestMatchBitmapFrom@@YA?AUbitmap_id@@PEAUgame_assets@@W4asset_type_id@@PEAUasset_vector@@2@Z 000000018001710c     p5engine.obj
 0002:00001114       $unwind$?GetFirstBitmapFrom@@YA?AUbitmap_id@@PEAUgame_assets@@W4asset_type_id@@@Z 0000000180017114     p5engine.obj
 0002:0000111c       $unwind$?GetRandomBitmapFrom@@YA?AUbitmap_id@@PEAUgame_assets@@W4asset_type_id@@PEAUrandom_series@@@Z 000000018001711c     p5engine.obj
 0002:00001124       $unwind$?GetFirstSoundFrom@@YA?AUsound_id@@PEAUgame_assets@@W4asset_type_id@@@Z 0000000180017124     p5engine.obj
 0002:0000112c       $unwind$?GetRandomSoundFrom@@YA?AUsound_id@@PEAUgame_assets@@W4asset_type_id@@PEAUrandom_series@@@Z 000000018001712c     p5engine.obj
 0002:00001134       $unwind$?BeginAssetType@@YAXPEAUgame_assets@@W4asset_type_id@@@Z 0000000180017134     p5engine.obj
 0002:0000113c       $unwind$?AddBitmapAsset@@YA?AUbitmap_id@@PEAUgame_assets@@PEADTv2@@@Z 000000018001713c     p5engine.obj
 0002:00001144       $unwind$?AddSoundAsset@@YA?AUsound_id@@PEAUgame_assets@@PEADII@Z 0000000180017144     p5engine.obj
 0002:0000114c       $unwind$?AddTag@@YAXPEAUgame_assets@@W4asset_tag_id@@M@Z 000000018001714c     p5engine.obj
 0002:00001154       $unwind$?EndAssetType@@YAXPEAUgame_assets@@@Z 0000000180017154     p5engine.obj
 0002:0000115c       $unwind$?AllocateGameAssets@@YAPEAUgame_assets@@PEAUmemory_arena@@_KPEAUtransient_state@@@Z 000000018001715c     p5engine.obj
 0002:00001170       $unwind$?PlaySound@@YAPEAUplaying_sound@@PEAUaudio_state@@Usound_id@@@Z 0000000180017170     p5engine.obj
 0002:00001178       $unwind$?ChangeVolume@@YAXPEAUaudio_state@@PEAUplaying_sound@@MTv2@@@Z 0000000180017178     p5engine.obj
 0002:00001180       $unwind$?OutputPlayingSounds@@YAXPEAUaudio_state@@PEAUgame_sound_output_buffer@@PEAUgame_assets@@PEAUmemory_arena@@@Z 0000000180017180     p5engine.obj
 0002:00001194       $unwind$?InitializeAudioState@@YAXPEAUaudio_state@@PEAUmemory_arena@@@Z 0000000180017194     p5engine.obj
 0002:0000119c       $unwind$?AddLowEntity@@YA?AUadd_low_entity_result@@PEAUgame_state@@W4entity_type@@Uworld_position@@@Z 000000018001719c     p5engine.obj
 0002:000011b0       $unwind$?AddGroundedEntity@@YA?AUadd_low_entity_result@@PEAUgame_state@@W4entity_type@@Uworld_position@@PEAUsim_entity_collision_volume_group@@@Z 00000001800171b0     p5engine.obj
 0002:000011bc       $unwind$?AddStandardRoom@@YA?AUadd_low_entity_result@@PEAUgame_state@@III@Z 00000001800171bc     p5engine.obj
 0002:000011c8       $unwind$?AddWall@@YA?AUadd_low_entity_result@@PEAUgame_state@@III@Z 00000001800171c8     p5engine.obj
 0002:000011d4       $unwind$?AddStairs@@YA?AUadd_low_entity_result@@PEAUgame_state@@III@Z 00000001800171d4     p5engine.obj
 0002:000011e0       $unwind$?InitHitPoints@@YAXPEAUlow_entity@@I@Z 00000001800171e0     p5engine.obj
 0002:000011e8       $unwind$?AddSword@@YA?AUadd_low_entity_result@@PEAUgame_state@@@Z 00000001800171e8     p5engine.obj
 0002:000011f4       $unwind$?AddPlayer@@YA?AUadd_low_entity_result@@PEAUgame_state@@@Z 00000001800171f4     p5engine.obj
 0002:00001200       $unwind$?AddMonstar@@YA?AUadd_low_entity_result@@PEAUgame_state@@III@Z 0000000180017200     p5engine.obj
 0002:0000120c       $unwind$?AddFamiliar@@YA?AUadd_low_entity_result@@PEAUgame_state@@III@Z 000000018001720c     p5engine.obj
 0002:00001218       $unwind$?DrawHitpoints@@YAXPEAUsim_entity@@PEAUrender_group@@@Z 0000000180017218     p5engine.obj
 0002:0000122c       $unwind$?MakeSimpleGroundedCollision@@YAPEAUsim_entity_collision_volume_group@@PEAUgame_state@@MMM@Z 000000018001722c     p5engine.obj
 0002:00001238       $unwind$?MakeNullCollision@@YAPEAUsim_entity_collision_volume_group@@PEAUgame_state@@@Z 0000000180017238     p5engine.obj
 0002:00001244       $unwind$?FillGroundChunkWork@@YAXPEAUplatform_work_queue@@PEAX@Z 0000000180017244     p5engine.obj
 0002:0000124c       $unwind$?FillGroundChunk@@YAXPEAUtransient_state@@PEAUgame_state@@PEAUground_buffer@@PEAUworld_position@@@Z 000000018001724c     p5engine.obj
 0002:00001260       $unwind$?ClearBitmap@@YAXPEAUloaded_bitmap@@@Z 0000000180017260     p5engine.obj
 0002:00001268       $unwind$?MakeEmptyBitmap@@YA?AUloaded_bitmap@@PEAUmemory_arena@@HHH@Z 0000000180017268     p5engine.obj
 0002:0000127c       $unwind$?MakeSphereDiffuseMap@@YAXPEAUloaded_bitmap@@MM@Z 000000018001727c     p5engine.obj
 0002:00001288       $unwind$?MakeSphereNormalMap@@YAXPEAUloaded_bitmap@@MMM@Z 0000000180017288     p5engine.obj
 0002:00001294       $unwind$GameUpdateAndRender 0000000180017294     p5engine.obj
 0002:000012a8       $unwind$GameGetSoundSamples 00000001800172a8     p5engine.obj
 0002:000012b0       $unwind$?Linear1ToSRGB255@@YA?ATv4@@T1@@Z 00000001800172b0     p5engine.obj
 0002:000012b0       $unwind$?SRGB255ToLinear1@@YA?ATv4@@T1@@Z 00000001800172b0     p5engine.obj
 0002:000012c4       $unwind$?GetRenderEntityBasisPos@@YA?AUentity_basis_p_result@@PEAUrender_transform@@Tv3@@@Z 00000001800172c4     p5engine.obj
 0002:000012d8       $unwind$?PushBitmap@@YAXPEAUrender_group@@PEAUloaded_bitmap@@Tv3@@MTv4@@@Z 00000001800172d8     p5engine.obj
 0002:000012e4       $unwind$?PushBitmap@@YAXPEAUrender_group@@Ubitmap_id@@Tv3@@MTv4@@@Z 00000001800172e4     p5engine.obj
 0002:000012f0       $unwind$?PushRect@@YAXPEAUrender_group@@Tv3@@Tv2@@Tv4@@@Z 00000001800172f0     p5engine.obj
 0002:000012fc       $unwind$?PushRectOutline@@YAXPEAUrender_group@@Tv3@@Tv2@@Tv4@@@Z 00000001800172fc     p5engine.obj
 0002:00001308       $unwind$?Orthographic@@YAXPEAUrender_group@@HHM@Z 0000000180017308     p5engine.obj
 0002:00001308       $unwind$?Perspective@@YAXPEAUrender_group@@HHMMM@Z 0000000180017308     p5engine.obj
 0002:00001310       $unwind$?RecanonicalizeCoord@@YAXMPEAHPEAM@Z 0000000180017310     p5engine.obj
 0002:00001310       $unwind$?Unproject@@YA?ATv2@@PEAUrender_group@@T1@M@Z 0000000180017310     p5engine.obj
 0002:00001318       $unwind$?GetCameraRectangleAtTarget@@YA?AUrectangle2@@PEAUrender_group@@@Z 0000000180017318     p5engine.obj
 0002:00001324       $unwind$?NullPosition@@YA?AUworld_position@@XZ 0000000180017324     p5engine.obj
 0002:00001338       $unwind$?GetWorldChunk@@YAPEAUworld_chunk@@PEAUworld@@HHHPEAUmemory_arena@@@Z 0000000180017338     p5engine.obj
 0002:00001338       $unwind$__scrt_dllmain_exception_filter 0000000180017338     MSVCRTD:utility.obj
 0002:00001340       $unwind$?MapIntoChunkSpace@@YA?AUworld_position@@PEAUworld@@U1@Tv3@@@Z 0000000180017340     p5engine.obj
 0002:00001354       $unwind$?ChunkPositionFromTilePosition@@YA?AUworld_position@@PEAUworld@@HHHTv3@@@Z 0000000180017354     p5engine.obj
 0002:00001368       $unwind$?CenteredChunkPoint@@YA?AUworld_position@@III@Z 0000000180017368     p5engine.obj
 0002:0000137c       $unwind$?ChangeEntityLocationRaw@@YAXPEAUmemory_arena@@PEAUworld@@IPEAUworld_position@@2@Z 000000018001737c     p5engine.obj
 0002:00001388       $unwind$?GetSimSpacePos@@YA?ATv3@@PEAUsim_region@@PEAUlow_entity@@@Z 0000000180017388     p5engine.obj
 0002:00001394       $unwind$?LoadEntityReference@@YAXPEAUgame_state@@PEAUsim_region@@PEATentity_reference@@@Z 0000000180017394     p5engine.obj
 0002:000013a8       $unwind$?EntityOverlapsRectangle@@YAHTv3@@Usim_entity_collision_volume@@Urectangle3@@@Z 00000001800173a8     p5engine.obj
 0002:000013b4       $unwind$?DefaultMoveSpec@@YA?AUmove_spec@@XZ 00000001800173b4     p5engine.obj
 0002:000013c8       $unwind$?DrawRectangleQuickly@@YAXPEAUloaded_bitmap@@Tv2@@11Tv4@@0MUrectangle2i@@H@Z 00000001800173c8     p5engine_optimized.obj
 0002:000013f0       $chain$9$?DrawRectangleQuickly@@YAXPEAUloaded_bitmap@@Tv2@@11Tv4@@0MUrectangle2i@@H@Z 00000001800173f0     p5engine_optimized.obj
 0002:00001428       $chain$10$?DrawRectangleQuickly@@YAXPEAUloaded_bitmap@@Tv2@@11Tv4@@0MUrectangle2i@@H@Z 0000000180017428     p5engine_optimized.obj
 0002:00001438       $unwind$__GSHandlerCheckCommon 0000000180017438     MSVCRTD:gshandler.obj
 0002:00001440       $xdatasym                  0000000180017440     MSVCRTD:chkstk.obj
 0002:00001448       $xdatasym                  0000000180017448     MSVCRTD:amdsecgs.obj
 0002:0000144c       $unwind$?dllmain_crt_process_attach@@YAHQEAUHINSTANCE__@@QEAX@Z 000000018001744c     MSVCRTD:dll_dllmain.obj
 0002:0000146c       $unwind$?fin$0@?0??dllmain_crt_process_attach@@YAHQEAUHINSTANCE__@@QEAX@Z@4HA 000000018001746c     MSVCRTD:dll_dllmain.obj
 0002:0000146c       $unwind$?fin$0@?0??dllmain_crt_process_detach@@YAH_N@Z@4HA 000000018001746c     MSVCRTD:dll_dllmain.obj
 0002:0000146c       $unwind$?fin$1@?0??dllmain_crt_process_detach@@YAH_N@Z@4HA 000000018001746c     MSVCRTD:dll_dllmain.obj
 0002:0000146c       $unwind$__scrt_is_nonwritable_in_current_image$filt$0 000000018001746c     MSVCRTD:utility.obj
 0002:00001474       $unwind$?dllmain_crt_process_detach@@YAH_N@Z 0000000180017474     MSVCRTD:dll_dllmain.obj
 0002:000014a4       $unwind$?dllmain_dispatch@@YAHQEAUHINSTANCE__@@KQEAX@Z 00000001800174a4     MSVCRTD:dll_dllmain.obj
 0002:000014c4       $unwind$?filt$0@?0??dllmain_dispatch@@YAHQEAUHINSTANCE__@@KQEAX@Z@4HA 00000001800174c4     MSVCRTD:dll_dllmain.obj
 0002:000014cc       $unwind$_DllMainCRTStartup 00000001800174cc     MSVCRTD:dll_dllmain.obj
 0002:000014cc       $unwind$DllMain            00000001800174cc     MSVCRTD:dll_dllmain_stub.obj
 0002:000014d4       $unwind$capture_previous_context 00000001800174d4     MSVCRTD:gs_report.obj
 0002:000014dc       $unwind$__scrt_initialize_default_local_stdio_options 00000001800174dc     MSVCRTD:default_local_stdio_options.obj
 0002:000014dc       $unwind$__security_init_cookie 00000001800174dc     MSVCRTD:gs_support.obj
 0002:000014e4       $unwind$__get_entropy      00000001800174e4     MSVCRTD:gs_support.obj
 0002:000014ec       $unwind$?__scrt_initialize_type_info@@YAXXZ 00000001800174ec     MSVCRTD:tncleanup.obj
 0002:000014ec       $unwind$?__scrt_uninitialize_type_info@@YAXXZ 00000001800174ec     MSVCRTD:tncleanup.obj
 0002:000014ec       $unwind$?configure_argv@__scrt_narrow_argv_policy@@SAHXZ 00000001800174ec     MSVCRTD:utility.obj
 0002:000014ec       $unwind$?initialize_environment@__scrt_narrow_environment_policy@@SAHXZ 00000001800174ec     MSVCRTD:utility.obj
 0002:000014ec       $unwind$__scrt_dllmain_after_initialize_c 00000001800174ec     MSVCRTD:utility.obj
 0002:000014ec       $unwind$__scrt_dllmain_before_initialize_c 00000001800174ec     MSVCRTD:utility.obj
 0002:000014ec       $unwind$__scrt_dllmain_crt_thread_attach 00000001800174ec     MSVCRTD:utility.obj
 0002:000014ec       $unwind$__scrt_dllmain_crt_thread_detach 00000001800174ec     MSVCRTD:utility.obj
 0002:000014ec       $unwind$__scrt_dllmain_uninitialize_c 00000001800174ec     MSVCRTD:utility.obj
 0002:000014ec       $unwind$__scrt_dllmain_uninitialize_critical 00000001800174ec     MSVCRTD:utility.obj
 0002:000014f4       $unwind$__scrt_is_nonwritable_in_current_image 00000001800174f4     MSVCRTD:utility.obj
 0002:00001514       $unwind$__scrt_acquire_startup_lock 0000000180017514     MSVCRTD:utility.obj
 0002:0000151c       $unwind$__scrt_initialize_crt 000000018001751c     MSVCRTD:utility.obj
 0002:0000151c       $unwind$__scrt_release_startup_lock 000000018001751c     MSVCRTD:utility.obj
 0002:00001524       $unwind$__scrt_uninitialize_crt 0000000180017524     MSVCRTD:utility.obj
 0002:0000152c       $unwind$__scrt_initialize_onexit_tables 000000018001752c     MSVCRTD:utility.obj
 0002:00001538       $unwind$__scrt_fastfail    0000000180017538     MSVCRTD:utility_desktop.obj
 0002:00001544       $unwind$_RTC_Initialize    0000000180017544     MSVCRTD:initsect.obj
 0002:00001544       $unwind$_RTC_Terminate     0000000180017544     MSVCRTD:initsect.obj
 0002:00001550       $unwind$__isa_available_init 0000000180017550     MSVCRTD:cpu_disp.obj
 0002:00001560       $unwind$__scrt_is_ucrt_dll_in_use 0000000180017560     MSVCRTD:ucrt_detection.obj
 0002:00001568       $xdatasym                  0000000180017568     MSVCRTD:guard_dispatch.obj
 0002:00001570       $xdatasym                  0000000180017570     MSVCRTD:guard_xfg_dispatch.obj
 0002:00001580       .edata                     0000000180017580     P5Engine.exp
 0002:000015a8       rgpv                       00000001800175a8     P5Engine.exp
 0002:000015b0       rgszName                   00000001800175b0     P5Engine.exp
 0002:000015b8       rgwOrd                     00000001800175b8     P5Engine.exp
 0002:000015bc       szName                     00000001800175bc     P5Engine.exp
 0002:000015c9       $N00001                    00000001800175c9     P5Engine.exp
 0002:000015dd       $N00002                    00000001800175dd     P5Engine.exp
 0002:00001780       .idata$6                   0000000180017780     vcruntimed:VCRUNTIME140D.dll
 0002:0000185a       .idata$6                   000000018001785a     ucrtd:ucrtbased.dll
 0002:000019ce       .idata$6                   00000001800179ce     kernel32:KERNEL32.dll
 0003:00000000       ?RandomNumberTable@@3PAIA  0000000180018000     p5engine.obj
 0003:00004048       ?PlatformAddEntry@@3P6AXPEAUplatform_work_queue@@P6AX0PEAX@Z1@ZEA 000000018001c048     p5engine.obj
 0003:00004050       ?PlatformCompleteAllWork@@3P6AXPEAUplatform_work_queue@@@ZEA 000000018001c050     p5engine.obj
 0003:00004058       ?PlatformReadEntireFile@@3P6A?AUdebug_read_file_result@@PEAD@ZEA 000000018001c058     p5engine.obj
 0003:00004060       ?__proc_attached@@3HA      000000018001c060     MSVCRTD:dll_dllmain.obj
 0003:00004070       GS_ExceptionRecord         000000018001c070     MSVCRTD:gs_report.obj
 0003:00004110       GS_ContextRecord           000000018001c110     MSVCRTD:gs_report.obj
 0003:00004610       ?is_initialized_as_dll@@3_NA 000000018001c610     MSVCRTD:utility.obj
 0003:00004611       ?module_local_atexit_table_initialized@@3_NA 000000018001c611     MSVCRTD:utility.obj
 0003:00004618       ?module_local_atexit_table@@3U_onexit_table_t@@A 000000018001c618     MSVCRTD:utility.obj
 0003:00004630       ?module_local_at_quick_exit_table@@3U_onexit_table_t@@A 000000018001c630     MSVCRTD:utility.obj
 0005:00000000       __20BB4341_malloc@h        000000018001e000     p5engine.obj
 0005:00000001       __7D4BEAAE_p5engine_platform@h 000000018001e001     p5engine.obj
 0005:00000002       __741AE07E_corecrt_math@h  000000018001e002     p5engine.obj
 0005:00000003       __7BF3FA8A_p5engine_intrinsics@h 000000018001e003     p5engine.obj
 0005:00000004       __87290AA6_p5engine_math@h 000000018001e004     p5engine.obj
 0005:00000005       __B7A387D6_p5engine_random@h 000000018001e005     p5engine.obj
 0005:00000006       __F17FF173_p5engine_entity@h 000000018001e006     p5engine.obj
 0005:00000007       __72A74871_p5engine_asset@h 000000018001e007     p5engine.obj
 0005:00000008       __BD87FD4A_p5engine@h      000000018001e008     p5engine.obj
 0005:00000009       __6F2BF339_p5engine_render_group@cpp 000000018001e009     p5engine.obj
 0005:0000000a       __281AC6F8_p5engine_world@cpp 000000018001e00a     p5engine.obj
 0005:0000000b       __B07C4A52_p5engine_sim_region@cpp 000000018001e00b     p5engine.obj
 0005:0000000c       __BDC7FEEB_p5engine_entity@cpp 000000018001e00c     p5engine.obj
 0005:0000000d       __3D4C1499_p5engine_asset@cpp 000000018001e00d     p5engine.obj
 0005:0000000e       __39A8D9B6_p5engine_audio@cpp 000000018001e00e     p5engine.obj
 0005:0000000f       __BAF57382_p5engine@cpp    000000018001e00f     p5engine.obj
 0005:00000010       __20BB4341_malloc@h        000000018001e010     p5engine_optimized.obj
 0005:00000011       __7D4BEAAE_p5engine_platform@h 000000018001e011     p5engine_optimized.obj
 0005:00000012       __741AE07E_corecrt_math@h  000000018001e012     p5engine_optimized.obj
 0005:00000013       __7BF3FA8A_p5engine_intrinsics@h 000000018001e013     p5engine_optimized.obj
 0005:00000014       __87290AA6_p5engine_math@h 000000018001e014     p5engine_optimized.obj
 0005:00000015       __B7A387D6_p5engine_random@h 000000018001e015     p5engine_optimized.obj
 0005:00000016       __F17FF173_p5engine_entity@h 000000018001e016     p5engine_optimized.obj
 0005:00000017       __72A74871_p5engine_asset@h 000000018001e017     p5engine_optimized.obj
 0005:00000018       __BD87FD4A_p5engine@h      000000018001e018     p5engine_optimized.obj
 0005:00000019       __03FC23C0_p5engine_optimized@cpp 000000018001e019     p5engine_optimized.obj
 0006:00000060       $R000000                   000000018001f060     * linker generated manifest res *
