 P5Engine

 Timestamp is 6365c5d9 (Fri Nov  4 21:09:29 2022)

 Preferred load address is 0000000180000000

 Start         Length     Name                   Class
 0001:00000000 00015080H .text$mn                CODE
 0001:00015080 00000040H .text$mn$00             CODE
 0001:000150c0 000000ddH .text$x                 CODE
 0002:00000000 00000100H .idata$5                DATA
 0002:00000100 00000028H .00cfg                  DATA
 0002:00000128 00000008H .CRT$XCA                DATA
 0002:00000130 00000008H .CRT$XCZ                DATA
 0002:00000138 00000008H .CRT$XIA                DATA
 0002:00000140 00000008H .CRT$XIZ                DATA
 0002:00000148 00000008H .CRT$XPA                DATA
 0002:00000150 00000008H .CRT$XPZ                DATA
 0002:00000158 00000008H .CRT$XTA                DATA
 0002:00000160 00000010H .CRT$XTZ                DATA
 0002:00000168 00000000H .gehcont$y              DATA
 0002:00000168 00000000H .gfids$y                DATA
 0002:00000170 00000490H .rdata                  DATA
 0002:00000600 00000000H .rdata$CastGuardVftablesA DATA
 0002:00000600 00000000H .rdata$CastGuardVftablesC DATA
 0002:00000600 0000018cH .rdata$voltmd           DATA
 0002:0000078c 000002dcH .rdata$zzzdbg           DATA
 0002:00000a68 00000008H .rtc$IAA                DATA
 0002:00000a70 00000008H .rtc$IZZ                DATA
 0002:00000a78 00000008H .rtc$TAA                DATA
 0002:00000a80 00000008H .rtc$TZZ                DATA
 0002:00000a88 00000858H .xdata                  DATA
 0002:000012e0 00000074H .edata                  DATA
 0002:00001354 0000003cH .idata$2                DATA
 0002:00001390 00000018H .idata$3                DATA
 0002:000013a8 00000100H .idata$4                DATA
 0002:000014a8 00000294H .idata$6                DATA
 0003:00000000 00004040H .data                   DATA
 0003:00004040 0000067cH .bss                    DATA
 0004:00000000 00000bd0H .pdata                  DATA
 0005:00000000 0000001cH .msvcjmc                DATA
 0006:00000000 00000060H .rsrc$01                DATA
 0006:00000060 00000098H .rsrc$02                DATA

  Address         Publics by Value              Rva+Base               Lib:Object

 0000:00000000       __guard_longjmp_table      0000000000000000     <absolute>
 0000:00000000       __arm64x_extra_rfe_table_size 0000000000000000     <absolute>
 0000:00000000       __hybrid_auxiliary_iat_copy 0000000000000000     <absolute>
 0000:00000000       __x64_code_ranges_to_entry_points_count 0000000000000000     <absolute>
 0000:00000000       ___safe_se_handler_count   0000000000000000     <absolute>
 0000:00000000       __hybrid_auxiliary_iat     0000000000000000     <absolute>
 0000:00000000       __AbsoluteZero             0000000000000000     <absolute>
 0000:00000000       __arm64x_extra_rfe_table   0000000000000000     <absolute>
 0000:00000000       __dynamic_value_reloc_table 0000000000000000     <absolute>
 0000:00000000       __hybrid_code_map_count    0000000000000000     <absolute>
 0000:00000000       __guard_longjmp_count      0000000000000000     <absolute>
 0000:00000000       __guard_fids_count         0000000000000000     <absolute>
 0000:00000000       __guard_iat_count          0000000000000000     <absolute>
 0000:00000000       __guard_check_icall_a64n_fptr 0000000000000000     <absolute>
 0000:00000000       __guard_fids_table         0000000000000000     <absolute>
 0000:00000000       __x64_code_ranges_to_entry_points 0000000000000000     <absolute>
 0000:00000000       __guard_eh_cont_count      0000000000000000     <absolute>
 0000:00000000       ___safe_se_handler_table   0000000000000000     <absolute>
 0000:00000000       __hybrid_code_map          0000000000000000     <absolute>
 0000:00000000       __guard_iat_table          0000000000000000     <absolute>
 0000:00000000       __arm64x_redirection_metadata 0000000000000000     <absolute>
 0000:00000000       __arm64x_native_entrypoint 0000000000000000     <absolute>
 0000:00000000       __arm64x_redirection_metadata_count 0000000000000000     <absolute>
 0000:00000000       __enclave_config           0000000000000000     <absolute>
 0000:00000000       __guard_eh_cont_table      0000000000000000     <absolute>
 0000:00000100       __guard_flags              0000000000000100     <absolute>
 0000:00000000       __ImageBase                0000000180000000     <linker-defined>
 0001:00009f30       GameUpdateAndRender        000000018000af30 f   p5engine.obj
 0001:0000dac0       GameGetSoundSamples        000000018000eac0 f   p5engine.obj
 0001:0000db30       ??D@YA?ATv2@@MT0@@Z        000000018000eb30 f i p5engine.obj
 0001:0000dbb0       ??D@YA?ATv3@@MT0@@Z        000000018000ebb0 f i p5engine.obj
 0001:0000dc60       ??D@YA?ATv3@@T0@M@Z        000000018000ec60 f i p5engine.obj
 0001:0000dce0       ??D@YA?ATv4@@MT0@@Z        000000018000ece0 f i p5engine.obj
 0001:0000ddb0       ??G@YA?ATv2@@T0@0@Z        000000018000edb0 f i p5engine.obj
 0001:0000de30       ??G@YA?ATv3@@T0@0@Z        000000018000ee30 f i p5engine.obj
 0001:0000def0       ??G@YA?ATv3@@T0@@Z         000000018000eef0 f i p5engine.obj
 0001:0000dfa0       ??H@YA?ATv2@@T0@0@Z        000000018000efa0 f i p5engine.obj
 0001:0000e020       ??H@YA?ATv3@@T0@0@Z        000000018000f020 f i p5engine.obj
 0001:0000e0e0       ??X@YAAEATv3@@AEAT0@M@Z    000000018000f0e0 f i p5engine.obj
 0001:0000e160       ??Y@YAAEATv2@@AEAT0@T0@@Z  000000018000f160 f i p5engine.obj
 0001:0000e1b0       ??Y@YAAEATv3@@AEAT0@T0@@Z  000000018000f1b0 f i p5engine.obj
 0001:0000e250       ??Z@YAAEATv3@@AEAT0@T0@@Z  000000018000f250 f i p5engine.obj
 0001:0000e2f0       ?ATan2@@YAMMM@Z            000000018000f2f0 f i p5engine.obj
 0001:0000e340       ?AbsoluteValue@@YAMM@Z     000000018000f340 f i p5engine.obj
 0001:0000e380       ?AddFlags@@YAXPEAUsim_entity@@I@Z 000000018000f380 f i p5engine.obj
 0001:0000e3c0       ?AddRadiusTo@@YA?AUrectangle3@@U1@Tv3@@@Z 000000018000f3c0 f i p5engine.obj
 0001:0000e530       ?AllResourcesPresent@@YAHPEAUrender_group@@@Z 000000018000f530 f i p5engine.obj
 0001:0000e580       ?AreInSameChunk@@YAHPEAUworld@@PEAUworld_position@@1@Z 000000018000f580 f i p5engine.obj
 0001:0000e680       ?AtomicCompareExchangeUInt32@@YAIPECIII@Z 000000018000f680 f i p5engine.obj
 0001:0000e6d0       ?BeginAssetLock@@YAXPEAUgame_assets@@@Z 000000018000f6d0 f i p5engine.obj
 0001:0000e710       ?BeginGeneration@@YAIPEAUgame_assets@@@Z 000000018000f710 f i p5engine.obj
 0001:0000e7c0       ?BeginTemporaryMemory@@YA?AUtemporary_memory@@PEAUmemory_arena@@@Z 000000018000f7c0 f i p5engine.obj
 0001:0000e860       ?CenteredChunkPoint@@YA?AUworld_position@@III@Z 000000018000f860 f i p5engine.obj
 0001:0000e8f0       ?ChangeEntityLocationRaw@@YAXPEAUmemory_arena@@PEAUworld@@IPEAUworld_position@@2@Z 000000018000f8f0 f i p5engine.obj
 0001:0000ece0       ?CheckArena@@YAXPEAUmemory_arena@@@Z 000000018000fce0 f i p5engine.obj
 0001:0000ed10       ?ChunkPositionFromTilePosition@@YA?AUworld_position@@PEAUworld@@HHHTv3@@@Z 000000018000fd10 f i p5engine.obj
 0001:0000efb0       ?Clamp01@@YA?ATv2@@T1@@Z   000000018000ffb0 f i p5engine.obj
 0001:0000f020       ?Clamp01@@YAMM@Z           0000000180010020 f i p5engine.obj
 0001:0000f060       ?Clamp01MapToRange@@YAMMMM@Z 0000000180010060 f i p5engine.obj
 0001:0000f0e0       ?Clamp@@YAMMMM@Z           00000001800100e0 f i p5engine.obj
 0001:0000f150       ?Clear@@YAXPEAUrender_group@@Tv4@@@Z 0000000180010150 f i p5engine.obj
 0001:0000f1b0       ?ClearFlags@@YAXPEAUsim_entity@@I@Z 00000001800101b0 f i p5engine.obj
 0001:0000f1f0       ?DefaultMoveSpec@@YA?AUmove_spec@@XZ 00000001800101f0 f i p5engine.obj
 0001:0000f290       ?EndAssetLock@@YAXPEAUgame_assets@@@Z 0000000180010290 f i p5engine.obj
 0001:0000f2c0       ?EndGeneration@@YAXPEAUgame_assets@@I@Z 00000001800102c0 f i p5engine.obj
 0001:0000f380       ?EndTemporaryMemory@@YAXUtemporary_memory@@@Z 0000000180010380 f i p5engine.obj
 0001:0000f400       ?EntityOverlapsRectangle@@YAHTv3@@Usim_entity_collision_volume@@Urectangle3@@@Z 0000000180010400 f i p5engine.obj
 0001:0000f590       ?GetAlignmentOffset@@YA_KPEAUmemory_arena@@_K@Z 0000000180010590 f i p5engine.obj
 0001:0000f620       ?GetArenaSizeRemaining@@YA_KPEAUmemory_arena@@_K@Z 0000000180010620 f i p5engine.obj
 0001:0000f680       ?GetAsset@@YAPEAUasset_memory_header@@PEAUgame_assets@@II@Z 0000000180010680 f i p5engine.obj
 0001:0000f750       ?GetBarycentric@@YA?ATv2@@Urectangle2@@T1@@Z 0000000180010750 f i p5engine.obj
 0001:0000f800       ?GetBitmap@@YAPEAUloaded_bitmap@@PEAUgame_assets@@Ubitmap_id@@I@Z 0000000180010800 f i p5engine.obj
 0001:0000f800       ?GetFont@@YAPEAUloaded_font@@PEAUgame_assets@@Ufont_id@@I@Z 0000000180010800 f i p5engine.obj
 0001:0000f800       ?GetSound@@YAPEAUloaded_sound@@PEAUgame_assets@@Usound_id@@I@Z 0000000180010800 f i p5engine.obj
 0001:0000f870       ?GetSoundInfo@@YAPEAUp5a_sound@@PEAUgame_assets@@Usound_id@@@Z 0000000180010870 f i p5engine.obj
 0001:0000f870       ?GetBitmapInfo@@YAPEAUp5a_bitmap@@PEAUgame_assets@@Ubitmap_id@@@Z 0000000180010870 f i p5engine.obj
 0001:0000f870       ?GetFontInfo@@YAPEAUp5a_font@@PEAUgame_assets@@Ufont_id@@@Z 0000000180010870 f i p5engine.obj
 0001:0000f8d0       ?GetCameraRectangleAtDistance@@YA?AUrectangle2@@PEAUrender_group@@M@Z 00000001800108d0 f i p5engine.obj
 0001:0000f970       ?GetCameraRectangleAtTarget@@YA?AUrectangle2@@PEAUrender_group@@@Z 0000000180010970 f i p5engine.obj
 0001:0000f9e0       ?GetClampedCodepoint@@YAIPEAUp5a_font@@I@Z 00000001800109e0 f i p5engine.obj
 0001:0000fa20       ?GetDim@@YA?ATv2@@Urectangle2@@@Z 0000000180010a20 f i p5engine.obj
 0001:0000fa60       ?GetDim@@YA?ATv3@@Urectangle3@@@Z 0000000180010a60 f i p5engine.obj
 0001:0000fb00       ?GetEntityGroundPoint@@YA?ATv3@@PEAUsim_entity@@@Z 0000000180010b00 f i p5engine.obj
 0001:0000fb80       ?GetEntityGroundPoint@@YA?ATv3@@PEAUsim_entity@@T1@@Z 0000000180010b80 f i p5engine.obj
 0001:0000fbe0       ?GetFile@@YAPEAUasset_file@@PEAUgame_assets@@I@Z 0000000180010be0 f i p5engine.obj
 0001:0000fc40       ?GetFileHandleFor@@YAPEAUplatform_file_handle@@PEAUgame_assets@@I@Z 0000000180010c40 f i p5engine.obj
 0001:0000fca0       ?GetLowEntity@@YAPEAUlow_entity@@PEAUgame_state@@I@Z 0000000180010ca0 f i p5engine.obj
 0001:0000fd10       ?GetMaxCorner@@YA?ATv3@@Urectangle3@@@Z 0000000180010d10 f i p5engine.obj
 0001:0000fd70       ?GetMinCorner@@YA?ATv3@@Urectangle3@@@Z 0000000180010d70 f i p5engine.obj
 0001:0000fdc0       ?GetNextSoundInChain@@YA?AUsound_id@@PEAUgame_assets@@U1@@Z 0000000180010dc0 f i p5engine.obj
 0001:0000fe80       ?GetRenderEntityBasisPos@@YA?AUentity_basis_p_result@@PEAUrender_transform@@Tv3@@@Z 0000000180010e80 f i p5engine.obj
 0001:00010120       ?GetSimSpacePos@@YA?ATv3@@PEAUsim_region@@PEAUlow_entity@@@Z 0000000180011120 f i p5engine.obj
 0001:00010210       ?GetStairGround@@YAMPEAUsim_entity@@Tv3@@@Z 0000000180011210 f i p5engine.obj
 0001:00010300       ?GetWorldChunk@@YAPEAUworld_chunk@@PEAUworld@@HHHPEAUmemory_arena@@@Z 0000000180011300 f i p5engine.obj
 0001:000104f0       ?Hadamard@@YA?ATv2@@T1@0@Z 00000001800114f0 f i p5engine.obj
 0001:00010550       ?Hadamard@@YA?ATv3@@T1@0@Z 0000000180011550 f i p5engine.obj
 0001:00010610       ?HasFlag@@YAHPEAUsim_entity@@I@Z 0000000180011610 f i p5engine.obj
 0001:00010650       ?InitializeArena@@YAXPEAUmemory_arena@@_KPEAX@Z 0000000180011650 f i p5engine.obj
 0001:000106b0       ?Inner@@YAMTv2@@0@Z        00000001800116b0 f i p5engine.obj
 0001:00010700       ?Inner@@YAMTv3@@0@Z        0000000180011700 f i p5engine.obj
 0001:00010770       ?InsertAssetHeaderAtFront@@YAXPEAUgame_assets@@PEAUasset_memory_header@@@Z 0000000180011770 f i p5engine.obj
 0001:000107e0       ?Intersect@@YA?AUrectangle2i@@U1@0@Z 00000001800117e0 f i p5engine.obj
 0001:000108f0       ?IsCanonical@@YAHMM@Z      00000001800118f0 f i p5engine.obj
 0001:00010990       ?IsCanonical@@YAHPEAUworld@@Tv3@@@Z 0000000180011990 f i p5engine.obj
 0001:00010a30       ?IsInRectangle@@YAHUrectangle3@@Tv3@@@Z 0000000180011a30 f i p5engine.obj
 0001:00010af0       ?IsValid@@YAHUsound_id@@@Z 0000000180011af0 f i p5engine.obj
 0001:00010b30       ?IsValid@@YAHUworld_position@@@Z 0000000180011b30 f i p5engine.obj
 0001:00010b80       ?Length@@YAMTv3@@@Z        0000000180011b80 f i p5engine.obj
 0001:00010bd0       ?LengthSq@@YAMTv2@@@Z      0000000180011bd0 f i p5engine.obj
 0001:00010c10       ?LengthSq@@YAMTv3@@@Z      0000000180011c10 f i p5engine.obj
 0001:00010c80       ?LoadEntityReference@@YAXPEAUgame_state@@PEAUsim_region@@PEATentity_reference@@@Z 0000000180011c80 f i p5engine.obj
 0001:00010db0       ?MakeEntityNonSpatial@@YAXPEAUsim_entity@@@Z 0000000180011db0 f i p5engine.obj
 0001:00010e30       ?MakeEntitySpatial@@YAXPEAUsim_entity@@Tv3@@1@Z 0000000180011e30 f i p5engine.obj
 0001:00010ea0       ?MapIntoChunkSpace@@YA?AUworld_position@@PEAUworld@@U1@Tv3@@@Z 0000000180011ea0 f i p5engine.obj
 0001:00010f90       ?NullPosition@@YA?AUworld_position@@XZ 0000000180011f90 f i p5engine.obj
 0001:00011000       ?Orthographic@@YAXPEAUrender_group@@HHM@Z 0000000180012000 f i p5engine.obj
 0001:00011100       ?Perspective@@YAXPEAUrender_group@@HHMMM@Z 0000000180012100 f i p5engine.obj
 0001:000111f0       ?PrefetchSound@@YAXPEAUgame_assets@@Usound_id@@@Z 00000001800121f0 f i p5engine.obj
 0001:00011220       ?PushBitmap@@YAXPEAUrender_group@@PEAUloaded_bitmap@@Tv3@@MTv4@@@Z 0000000180012220 f i p5engine.obj
 0001:00011450       ?PushBitmap@@YAXPEAUrender_group@@Ubitmap_id@@Tv3@@MTv4@@@Z 0000000180012450 f i p5engine.obj
 0001:000115b0       ?PushFont@@YAPEAUloaded_font@@PEAUrender_group@@Ufont_id@@@Z 00000001800125b0 f i p5engine.obj
 0001:00011640       ?PushRect@@YAXPEAUrender_group@@Tv3@@Tv2@@Tv4@@@Z 0000000180012640 f i p5engine.obj
 0001:000117e0       ?PushRectOutline@@YAXPEAUrender_group@@Tv3@@Tv2@@Tv4@@@Z 00000001800127e0 f i p5engine.obj
 0001:00011c70       ?PushRenderElement_@@YAPEAXPEAUrender_group@@IW4render_group_entry_type@@@Z 0000000180012c70 f i p5engine.obj
 0001:00011d40       ?PushSize_@@YAPEAXPEAUmemory_arena@@_K1@Z 0000000180012d40 f i p5engine.obj
 0001:00011e10       ?RandomBilateral@@YAMPEAUrandom_series@@@Z 0000000180012e10 f i p5engine.obj
 0001:00011e60       ?RandomChoice@@YAIPEAUrandom_series@@I@Z 0000000180012e60 f i p5engine.obj
 0001:00011ea0       ?RandomNextUInt32@@YAIPEAUrandom_series@@@Z 0000000180012ea0 f i p5engine.obj
 0001:00011f10       ?RandomSeed@@YA?AUrandom_series@@I@Z 0000000180012f10 f i p5engine.obj
 0001:00011f80       ?RandomUnilateral@@YAMPEAUrandom_series@@@Z 0000000180012f80 f i p5engine.obj
 0001:00011fe0       ?RecanonicalizeCoord@@YAXMPEAHPEAM@Z 0000000180012fe0 f i p5engine.obj
 0001:00012080       ?RectCenterDim@@YA?AUrectangle2@@Tv2@@0@Z 0000000180013080 f i p5engine.obj
 0001:00012110       ?RectCenterDim@@YA?AUrectangle3@@Tv3@@0@Z 0000000180013110 f i p5engine.obj
 0001:00012200       ?RectCenterHalfDim@@YA?AUrectangle2@@Tv2@@0@Z 0000000180013200 f i p5engine.obj
 0001:000122b0       ?RectCenterHalfDim@@YA?AUrectangle3@@Tv3@@0@Z 00000001800132b0 f i p5engine.obj
 0001:00012420       ?RectMinMax@@YA?AUrectangle3@@Tv3@@0@Z 0000000180013420 f i p5engine.obj
 0001:000124c0       ?RectanglesIntersect@@YAHUrectangle3@@0@Z 00000001800134c0 f i p5engine.obj
 0001:00012580       ?RoundReal32ToInt32@@YAHM@Z 0000000180013580 f i p5engine.obj
 0001:000125c0       ?RoundReal32ToUInt32@@YAIM@Z 00000001800135c0 f i p5engine.obj
 0001:00012600       ?SafeRatio1@@YAMMM@Z       0000000180013600 f i p5engine.obj
 0001:00012650       ?SafeRatioN@@YAMMMM@Z      0000000180013650 f i p5engine.obj
 0001:000126b0       ?SignOf@@YAMM@Z            00000001800136b0 f i p5engine.obj
 0001:00012710       ?Sin@@YAMM@Z               0000000180013710 f i p5engine.obj
 0001:00012750       ?Square@@YAMM@Z            0000000180013750 f i p5engine.obj
 0001:00012790       ?SquareRoot@@YAMM@Z        0000000180013790 f i p5engine.obj
 0001:000127d0       ?StoreEntityReference@@YAXPEATentity_reference@@@Z 00000001800137d0 f i p5engine.obj
 0001:00012810       ?SubArena@@YAXPEAUmemory_arena@@0_K1@Z 0000000180013810 f i p5engine.obj
 0001:00012880       ?ToV3@@YA?ATv3@@Tv2@@M@Z   0000000180013880 f i p5engine.obj
 0001:00012910       ?Unproject@@YA?ATv2@@PEAUrender_group@@T1@M@Z 0000000180013910 f i p5engine.obj
 0001:00012960       ?V2@@YA?ATv2@@MM@Z         0000000180013960 f i p5engine.obj
 0001:000129d0       ?V2i@@YA?ATv2@@HH@Z        00000001800139d0 f i p5engine.obj
 0001:00012a20       ?V3@@YA?ATv3@@MMM@Z        0000000180013a20 f i p5engine.obj
 0001:00012ac0       ?V4@@YA?ATv4@@MMMM@Z       0000000180013ac0 f i p5engine.obj
 0001:00012b70       ?ZeroSize@@YAX_KPEAX@Z     0000000180013b70 f i p5engine.obj
 0001:00012bd0       GetController              0000000180013bd0 f i p5engine.obj
 0001:00012c30       ?DrawRectangleQuickly@@YAXPEAUloaded_bitmap@@Tv2@@11Tv4@@0MUrectangle2i@@H@Z 0000000180013c30 f   p5engine_optimized.obj
 0001:00013970       __CheckForDebuggerJustMyCode 0000000180014970 f   MSVCRTD:debugger_jmc.obj
 0001:000139b0       __GSHandlerCheck           00000001800149b0 f   MSVCRTD:gshandler.obj
 0001:000139f0       __GSHandlerCheckCommon     00000001800149f0 f   MSVCRTD:gshandler.obj
 0001:00013b00       __chkstk                   0000000180014b00 f   MSVCRTD:chkstk.obj
 0001:00013b00       _alloca_probe              0000000180014b00 f   MSVCRTD:chkstk.obj
 0001:00013b60       __security_check_cookie    0000000180014b60 f   MSVCRTD:amdsecgs.obj
 0001:00013f90       _DllMainCRTStartup         0000000180014f90 f   MSVCRTD:dll_dllmain.obj
 0001:00013fd0       __raise_securityfailure    0000000180014fd0 f   MSVCRTD:gs_report.obj
 0001:00014010       __report_gsfailure         0000000180015010 f   MSVCRTD:gs_report.obj
 0001:00014270       __security_init_cookie     0000000180015270 f   MSVCRTD:gs_support.obj
 0001:000142f0       DllMain                    00000001800152f0 f   MSVCRTD:dll_dllmain_stub.obj
 0001:00014330       ?__scrt_initialize_type_info@@YAXXZ 0000000180015330 f   MSVCRTD:tncleanup.obj
 0001:00014350       ?__scrt_uninitialize_type_info@@YAXXZ 0000000180015350 f   MSVCRTD:tncleanup.obj
 0001:00014370       __local_stdio_printf_options 0000000180015370 f i MSVCRTD:default_local_stdio_options.obj
 0001:00014380       __local_stdio_scanf_options 0000000180015380 f i MSVCRTD:default_local_stdio_options.obj
 0001:00014390       __scrt_initialize_default_local_stdio_options 0000000180015390 f   MSVCRTD:default_local_stdio_options.obj
 0001:000143e0       ?configure_argv@__scrt_narrow_argv_policy@@SAHXZ 00000001800153e0 f i MSVCRTD:utility.obj
 0001:000144d0       ?initialize_environment@__scrt_narrow_environment_policy@@SAHXZ 00000001800154d0 f i MSVCRTD:utility.obj
 0001:00014570       NtCurrentTeb               0000000180015570 f i MSVCRTD:utility.obj
 0001:00014580       __scrt_acquire_startup_lock 0000000180015580 f   MSVCRTD:utility.obj
 0001:000145f0       __scrt_dllmain_after_initialize_c 00000001800155f0 f   MSVCRTD:utility.obj
 0001:00014620       __scrt_dllmain_before_initialize_c 0000000180015620 f   MSVCRTD:utility.obj
 0001:00014640       __scrt_dllmain_crt_thread_attach 0000000180015640 f   MSVCRTD:utility.obj
 0001:00014670       __scrt_dllmain_crt_thread_detach 0000000180015670 f   MSVCRTD:utility.obj
 0001:00014690       __scrt_dllmain_exception_filter 0000000180015690 f   MSVCRTD:utility.obj
 0001:00014700       __scrt_dllmain_uninitialize_c 0000000180015700 f   MSVCRTD:utility.obj
 0001:00014730       __scrt_dllmain_uninitialize_critical 0000000180015730 f   MSVCRTD:utility.obj
 0001:00014750       __scrt_initialize_crt      0000000180015750 f   MSVCRTD:utility.obj
 0001:000147a0       __scrt_initialize_onexit_tables 00000001800157a0 f   MSVCRTD:utility.obj
 0001:000148b0       __scrt_is_nonwritable_in_current_image 00000001800158b0 f   MSVCRTD:utility.obj
 0001:00014940       __scrt_release_startup_lock 0000000180015940 f   MSVCRTD:utility.obj
 0001:00014970       __scrt_uninitialize_crt    0000000180015970 f   MSVCRTD:utility.obj
 0001:000149b0       __scrt_get_dyn_tls_init_callback 00000001800159b0 f   MSVCRTD:dyn_tls_init.obj
 0001:000149c0       __crt_debugger_hook        00000001800159c0 f   MSVCRTD:utility_desktop.obj
 0001:000149d0       __scrt_fastfail            00000001800159d0 f   MSVCRTD:utility_desktop.obj
 0001:00014b70       _RTC_Initialize            0000000180015b70 f   MSVCRTD:initsect.obj
 0001:00014bc0       _RTC_Terminate             0000000180015bc0 f   MSVCRTD:initsect.obj
 0001:00014c10       _guard_check_icall_nop     0000000180015c10 f i MSVCRTD:guard_support.obj
 0001:00014c20       __isa_available_init       0000000180015c20 f   MSVCRTD:cpu_disp.obj
 0001:00014fc0       _get_startup_argv_mode     0000000180015fc0 f   MSVCRTD:argv_mode.obj
 0001:00014fd0       __scrt_is_ucrt_dll_in_use  0000000180015fd0 f   MSVCRTD:ucrt_detection.obj
 0001:00015000       __C_specific_handler       0000000180016000 f   vcruntimed:VCRUNTIME140D.dll
 0001:00015006       __std_type_info_destroy_list 0000000180016006 f   vcruntimed:VCRUNTIME140D.dll
 0001:0001500c       atan2                      000000018001600c f   ucrtd:ucrtbased.dll
 0001:00015012       sinf                       0000000180016012 f   ucrtd:ucrtbased.dll
 0001:00015018       sqrtf                      0000000180016018 f   ucrtd:ucrtbased.dll
 0001:0001501e       _initterm                  000000018001601e f   ucrtd:ucrtbased.dll
 0001:00015024       _initterm_e                0000000180016024 f   ucrtd:ucrtbased.dll
 0001:0001502a       _seh_filter_dll            000000018001602a f   ucrtd:ucrtbased.dll
 0001:00015030       _configure_narrow_argv     0000000180016030 f   ucrtd:ucrtbased.dll
 0001:00015036       _initialize_narrow_environment 0000000180016036 f   ucrtd:ucrtbased.dll
 0001:0001503c       _initialize_onexit_table   000000018001603c f   ucrtd:ucrtbased.dll
 0001:00015042       _execute_onexit_table      0000000180016042 f   ucrtd:ucrtbased.dll
 0001:00015048       _cexit                     0000000180016048 f   ucrtd:ucrtbased.dll
 0001:00015050       __vcrt_thread_detach       0000000180016050 f   MSVCRTD:ucrt_stubs.obj
 0001:00015050       __vcrt_initialize          0000000180016050 f   MSVCRTD:ucrt_stubs.obj
 0001:00015050       __acrt_thread_detach       0000000180016050 f   MSVCRTD:ucrt_stubs.obj
 0001:00015050       __vcrt_thread_attach       0000000180016050 f   MSVCRTD:ucrt_stubs.obj
 0001:00015050       __acrt_thread_attach       0000000180016050 f   MSVCRTD:ucrt_stubs.obj
 0001:00015050       __scrt_stub_for_acrt_thread_detach 0000000180016050 f   MSVCRTD:ucrt_stubs.obj
 0001:00015050       __scrt_stub_for_acrt_thread_attach 0000000180016050 f   MSVCRTD:ucrt_stubs.obj
 0001:00015050       __acrt_initialize          0000000180016050 f   MSVCRTD:ucrt_stubs.obj
 0001:00015050       __scrt_stub_for_acrt_initialize 0000000180016050 f   MSVCRTD:ucrt_stubs.obj
 0001:00015060       __acrt_uninitialize        0000000180016060 f   MSVCRTD:ucrt_stubs.obj
 0001:00015060       __vcrt_uninitialize        0000000180016060 f   MSVCRTD:ucrt_stubs.obj
 0001:00015060       __vcrt_uninitialize_critical 0000000180016060 f   MSVCRTD:ucrt_stubs.obj
 0001:00015060       __scrt_stub_for_acrt_uninitialize_critical 0000000180016060 f   MSVCRTD:ucrt_stubs.obj
 0001:00015060       __scrt_stub_for_acrt_uninitialize 0000000180016060 f   MSVCRTD:ucrt_stubs.obj
 0001:00015060       __acrt_uninitialize_critical 0000000180016060 f   MSVCRTD:ucrt_stubs.obj
 0001:00015070       _is_c_termination_complete 0000000180016070 f   MSVCRTD:ucrt_stubs.obj
 0001:00015070       __scrt_stub_for_is_c_termination_complete 0000000180016070 f   MSVCRTD:ucrt_stubs.obj
 0001:00015090       _guard_dispatch_icall_nop  0000000180016090 f   MSVCRTD:guard_dispatch.obj
 0001:000150b0       _guard_xfg_dispatch_icall_nop 00000001800160b0 f   MSVCRTD:guard_xfg_dispatch.obj
 0002:00000000       __imp_QueryPerformanceCounter 0000000180017000     kernel32:KERNEL32.dll
 0002:00000008       __imp_RtlCaptureContext    0000000180017008     kernel32:KERNEL32.dll
 0002:00000010       __imp_RtlLookupFunctionEntry 0000000180017010     kernel32:KERNEL32.dll
 0002:00000018       __imp_RtlVirtualUnwind     0000000180017018     kernel32:KERNEL32.dll
 0002:00000020       __imp_IsDebuggerPresent    0000000180017020     kernel32:KERNEL32.dll
 0002:00000028       __imp_InitializeSListHead  0000000180017028     kernel32:KERNEL32.dll
 0002:00000030       __imp_DisableThreadLibraryCalls 0000000180017030     kernel32:KERNEL32.dll
 0002:00000038       __imp_GetSystemTimeAsFileTime 0000000180017038     kernel32:KERNEL32.dll
 0002:00000040       __imp_GetCurrentProcessId  0000000180017040     kernel32:KERNEL32.dll
 0002:00000048       __imp_GetCurrentThreadId   0000000180017048     kernel32:KERNEL32.dll
 0002:00000050       __imp_IsProcessorFeaturePresent 0000000180017050     kernel32:KERNEL32.dll
 0002:00000058       __imp_TerminateProcess     0000000180017058     kernel32:KERNEL32.dll
 0002:00000060       __imp_GetCurrentProcess    0000000180017060     kernel32:KERNEL32.dll
 0002:00000068       __imp_SetUnhandledExceptionFilter 0000000180017068     kernel32:KERNEL32.dll
 0002:00000070       __imp_UnhandledExceptionFilter 0000000180017070     kernel32:KERNEL32.dll
 0002:00000078       \177KERNEL32_NULL_THUNK_DATA 0000000180017078     kernel32:KERNEL32.dll
 0002:00000080       __imp___std_type_info_destroy_list 0000000180017080     vcruntimed:VCRUNTIME140D.dll
 0002:00000088       __imp___C_specific_handler 0000000180017088     vcruntimed:VCRUNTIME140D.dll
 0002:00000090       \177VCRUNTIME140D_NULL_THUNK_DATA 0000000180017090     vcruntimed:VCRUNTIME140D.dll
 0002:00000098       __imp__cexit               0000000180017098     ucrtd:ucrtbased.dll
 0002:000000a0       __imp__execute_onexit_table 00000001800170a0     ucrtd:ucrtbased.dll
 0002:000000a8       __imp__initialize_onexit_table 00000001800170a8     ucrtd:ucrtbased.dll
 0002:000000b0       __imp__initialize_narrow_environment 00000001800170b0     ucrtd:ucrtbased.dll
 0002:000000b8       __imp__configure_narrow_argv 00000001800170b8     ucrtd:ucrtbased.dll
 0002:000000c0       __imp__initterm_e          00000001800170c0     ucrtd:ucrtbased.dll
 0002:000000c8       __imp__initterm            00000001800170c8     ucrtd:ucrtbased.dll
 0002:000000d0       __imp_sqrtf                00000001800170d0     ucrtd:ucrtbased.dll
 0002:000000d8       __imp_sinf                 00000001800170d8     ucrtd:ucrtbased.dll
 0002:000000e0       __imp_atan2                00000001800170e0     ucrtd:ucrtbased.dll
 0002:000000e8       __imp_roundf               00000001800170e8     ucrtd:ucrtbased.dll
 0002:000000f0       __imp__seh_filter_dll      00000001800170f0     ucrtd:ucrtbased.dll
 0002:000000f8       \177ucrtbased_NULL_THUNK_DATA 00000001800170f8     ucrtd:ucrtbased.dll
 0002:00000100       __guard_check_icall_fptr   0000000180017100     MSVCRTD:guard_support.obj
 0002:00000108       __guard_xfg_check_icall_fptr 0000000180017108     MSVCRTD:guard_support.obj
 0002:00000110       __guard_dispatch_icall_fptr 0000000180017110     MSVCRTD:guard_support.obj
 0002:00000118       __guard_xfg_dispatch_icall_fptr 0000000180017118     MSVCRTD:guard_support.obj
 0002:00000120       __guard_xfg_table_dispatch_icall_fptr 0000000180017120     MSVCRTD:guard_support.obj
 0002:00000128       __xc_a                     0000000180017128     MSVCRTD:initializers.obj
 0002:00000130       __xc_z                     0000000180017130     MSVCRTD:initializers.obj
 0002:00000138       __xi_a                     0000000180017138     MSVCRTD:initializers.obj
 0002:00000140       __xi_z                     0000000180017140     MSVCRTD:initializers.obj
 0002:00000148       __xp_a                     0000000180017148     MSVCRTD:initializers.obj
 0002:00000150       __xp_z                     0000000180017150     MSVCRTD:initializers.obj
 0002:00000158       __xt_a                     0000000180017158     MSVCRTD:initializers.obj
 0002:00000160       __xt_z                     0000000180017160     MSVCRTD:initializers.obj
 0002:00000290       ??_C@_0BA@NMEIMCEK@InvalidCodePath@ 0000000180017290     p5engine.obj
 0002:000002a0       __real@00000000            00000001800172a0     p5engine.obj
 0002:000002a4       __real@308992b1            00000001800172a4     p5engine.obj
 0002:000002a8       __real@3a83126f            00000001800172a8     p5engine.obj
 0002:000002ac       __real@3c23d70a            00000001800172ac     p5engine.obj
 0002:000002b0       __real@3cc30c31            00000001800172b0     p5engine.obj
 0002:000002b4       __real@3dcccccd            00000001800172b4     p5engine.obj
 0002:000002b8       __real@3de38e39            00000001800172b8     p5engine.obj
 0002:000002bc       __real@3e4ccccd            00000001800172bc     p5engine.obj
 0002:000002c0       __real@3e800000            00000001800172c0     p5engine.obj
 0002:000002c4       __real@3e99999a            00000001800172c4     p5engine.obj
 0002:000002c8       __real@3ecccccd            00000001800172c8     p5engine.obj
 0002:000002cc       __real@3ee147ae            00000001800172cc     p5engine.obj
 0002:000002d0       __real@3f000000            00000001800172d0     p5engine.obj
 0002:000002d4       __real@3f19999a            00000001800172d4     p5engine.obj
 0002:000002d8       __real@3f228f5c            00000001800172d8     p5engine.obj
 0002:000002dc       __real@3f333333            00000001800172dc     p5engine.obj
 0002:000002e0       __real@3f3504f3            00000001800172e0     p5engine.obj
 0002:000002e4       __real@3f400000            00000001800172e4     p5engine.obj
 0002:000002e8       __real@3f666666            00000001800172e8     p5engine.obj
 0002:000002ec       __real@3f800000            00000001800172ec     p5engine.obj
 0002:000002f0       __real@3f8ccccd            00000001800172f0     p5engine.obj
 0002:000002f4       __real@3f99999a            00000001800172f4     p5engine.obj
 0002:000002f8       __real@3fa66666            00000001800172f8     p5engine.obj
 0002:000002fc       __real@3fb33333            00000001800172fc     p5engine.obj
 0002:00000300       __real@3fc00000            0000000180017300     p5engine.obj
 0002:00000304       __real@40000000            0000000180017304     p5engine.obj
 0002:00000308       __real@400ccccd            0000000180017308     p5engine.obj
 0002:0000030c       __real@40400000            000000018001730c     p5engine.obj
 0002:00000310       __real@40800000            0000000180017310     p5engine.obj
 0002:00000314       __real@40a00000            0000000180017314     p5engine.obj
 0002:00000318       __real@40c00000            0000000180017318     p5engine.obj
 0002:0000031c       __real@40c90fdb            000000018001731c     p5engine.obj
 0002:00000320       __real@41100000            0000000180017320     p5engine.obj
 0002:00000324       __real@41700000            0000000180017324     p5engine.obj
 0002:00000328       __real@41880000            0000000180017328     p5engine.obj
 0002:0000032c       __real@41a00000            000000018001732c     p5engine.obj
 0002:00000330       __real@41f00000            0000000180017330     p5engine.obj
 0002:00000334       __real@42340000            0000000180017334     p5engine.obj
 0002:00000338       __real@437f0000            0000000180017338     p5engine.obj
 0002:0000033c       __real@461c4000            000000018001733c     p5engine.obj
 0002:00000340       __real@47c35000            0000000180017340     p5engine.obj
 0002:00000344       __real@49742400            0000000180017344     p5engine.obj
 0002:00000348       __real@7f7fffff            0000000180017348     p5engine.obj
 0002:0000034c       __real@becccccd            000000018001734c     p5engine.obj
 0002:00000350       __real@bf000000            0000000180017350     p5engine.obj
 0002:00000354       __real@bf800000            0000000180017354     p5engine.obj
 0002:00000358       __real@c0000000            0000000180017358     p5engine.obj
 0002:0000035c       __real@c0100000            000000018001735c     p5engine.obj
 0002:00000360       __real@c0400000            0000000180017360     p5engine.obj
 0002:00000364       __real@c11ccccd            0000000180017364     p5engine.obj
 0002:00000370       __xmm@00000000000000000000000000000000 0000000180017370     p5engine.obj
 0002:00000380       __xmm@3f8000003f8000003f8000003f800000 0000000180017380     p5engine.obj
 0002:00000390       __xmm@7fffffffffffffff7fffffffffffffff 0000000180017390     p5engine.obj
 0002:000003a0       __xmm@80000000800000008000000080000000 00000001800173a0     p5engine.obj
 0002:000003b0       __xmm@000000ff000000ff000000ff000000ff 00000001800173b0     p5engine_optimized.obj
 0002:000003c0       __xmm@0000ffff0000ffff0000ffff0000ffff 00000001800173c0     p5engine_optimized.obj
 0002:000003d0       __xmm@00ff00ff00ff00ff00ff00ff00ff00ff 00000001800173d0     p5engine_optimized.obj
 0002:000003e0       __xmm@3b8080813b8080813b8080813b808081 00000001800173e0     p5engine_optimized.obj
 0002:000003f0       __xmm@3f0000003f0000003f0000003f000000 00000001800173f0     p5engine_optimized.obj
 0002:00000400       __xmm@40800000408000004080000040800000 0000000180017400     p5engine_optimized.obj
 0002:00000410       __xmm@477e0100477e0100477e0100477e0100 0000000180017410     p5engine_optimized.obj
 0002:00000420       __xmm@ffffffffffffffffffffffffffffffff 0000000180017420     p5engine_optimized.obj
 0002:00000430       _pRawDllMain               0000000180017430     MSVCRTD:dll_dllmain.obj
 0002:00000430       _pDefaultRawDllMain        0000000180017430     MSVCRTD:dll_dllmain.obj
 0002:000004a0       _load_config_used          00000001800174a0     MSVCRTD:loadcfg.obj
 0002:00000600       __volatile_metadata        0000000180017600     <linker-defined>
 0002:00000a68       __rtc_iaa                  0000000180017a68     MSVCRTD:initsect.obj
 0002:00000a70       __rtc_izz                  0000000180017a70     MSVCRTD:initsect.obj
 0002:00000a78       __rtc_taa                  0000000180017a78     MSVCRTD:initsect.obj
 0002:00000a80       __rtc_tzz                  0000000180017a80     MSVCRTD:initsect.obj
 0002:00001354       __IMPORT_DESCRIPTOR_VCRUNTIME140D 0000000180018354     vcruntimed:VCRUNTIME140D.dll
 0002:00001368       __IMPORT_DESCRIPTOR_ucrtbased 0000000180018368     ucrtd:ucrtbased.dll
 0002:0000137c       __IMPORT_DESCRIPTOR_KERNEL32 000000018001837c     kernel32:KERNEL32.dll
 0002:00001390       __NULL_IMPORT_DESCRIPTOR   0000000180018390     vcruntimed:VCRUNTIME140D.dll
 0003:00004000       __security_cookie_complement 000000018001d000     MSVCRTD:gs_cookie.obj
 0003:00004008       __security_cookie          000000018001d008     MSVCRTD:gs_cookie.obj
 0003:00004010       _fltused                   000000018001d010     MSVCRTD:fltused.obj
 0003:00004014       __scrt_native_dllmain_reason 000000018001d014     MSVCRTD:utility.obj
 0003:00004018       __isa_available            000000018001d018     MSVCRTD:cpu_disp.obj
 0003:0000401c       __isa_enabled              000000018001d01c     MSVCRTD:cpu_disp.obj
 0003:00004020       __memcpy_nt_iters          000000018001d020     MSVCRTD:cpu_disp.obj
 0003:00004028       __memset_nt_iters          000000018001d028     MSVCRTD:cpu_disp.obj
 0003:00004030       __scrt_ucrt_dll_is_in_use  000000018001d030     MSVCRTD:ucrt_stubs.obj
 0003:00004040       DebugGlobalMemory          000000018001d040     p5engine.obj
 0003:00004630       ?__type_info_root_node@@3U__type_info_node@@A 000000018001d630     MSVCRTD:tncleanup.obj
 0003:00004640       ?_OptionsStorage@?1??__local_stdio_printf_options@@9@4_KA 000000018001d640     MSVCRTD:default_local_stdio_options.obj
 0003:00004648       ?_OptionsStorage@?1??__local_stdio_scanf_options@@9@4_KA 000000018001d648     MSVCRTD:default_local_stdio_options.obj
 0003:00004650       __scrt_current_native_startup_state 000000018001d650     MSVCRTD:utility.obj
 0003:00004658       __scrt_native_startup_lock 000000018001d658     MSVCRTD:utility.obj
 0003:00004698       __scrt_debugger_hook_flag  000000018001d698     MSVCRTD:utility_desktop.obj
 0003:000046a0       __castguard_check_failure_os_handled_fptr 000000018001d6a0     MSVCRTD:guard_support.obj
 0003:000046a8       __favor                    000000018001d6a8     MSVCRTD:cpu_disp.obj
 0003:000046b0       __dyn_tls_init_callback    000000018001d6b0     <common>
 0003:000046b8       __DebuggerCurrentSteppingThreadId 000000018001d6b8     <common>

 entry point at        0001:00013f90

 Static symbols

 0000:fffde000       .debug$S                   0000000180000000     P5Engine.exp
 0000:fffde000       .debug$S                   0000000180000000     vcruntimed:VCRUNTIME140D.dll
 0000:fffde000       .debug$S                   0000000180000000     vcruntimed:VCRUNTIME140D.dll
 0000:fffde000       .debug$S                   0000000180000000     vcruntimed:VCRUNTIME140D.dll
 0000:fffde000       .debug$S                   0000000180000000     vcruntimed:VCRUNTIME140D.dll
 0000:fffde000       .debug$S                   0000000180000000     ucrtd:ucrtbased.dll
 0000:fffde000       .debug$S                   0000000180000000     ucrtd:ucrtbased.dll
 0000:fffde000       .debug$S                   0000000180000000     ucrtd:ucrtbased.dll
 0000:fffde000       .debug$S                   0000000180000000     ucrtd:ucrtbased.dll
 0000:fffde000       .debug$S                   0000000180000000     ucrtd:ucrtbased.dll
 0000:fffde000       .debug$S                   0000000180000000     ucrtd:ucrtbased.dll
 0000:fffde000       .debug$S                   0000000180000000     ucrtd:ucrtbased.dll
 0000:fffde000       .debug$S                   0000000180000000     ucrtd:ucrtbased.dll
 0000:fffde000       .debug$S                   0000000180000000     ucrtd:ucrtbased.dll
 0000:fffde000       .debug$S                   0000000180000000     ucrtd:ucrtbased.dll
 0000:fffde000       .debug$S                   0000000180000000     ucrtd:ucrtbased.dll
 0000:fffde000       .debug$S                   0000000180000000     ucrtd:ucrtbased.dll
 0000:fffde000       .debug$S                   0000000180000000     ucrtd:ucrtbased.dll
 0000:fffde000       .debug$S                   0000000180000000     ucrtd:ucrtbased.dll
 0000:fffde000       .debug$S                   0000000180000000     ucrtd:ucrtbased.dll
 0000:fffde000       .debug$S                   0000000180000000     ucrtd:ucrtbased.dll
 0000:fffde000       .debug$S                   0000000180000000     kernel32:KERNEL32.dll
 0000:fffde000       .debug$S                   0000000180000000     kernel32:KERNEL32.dll
 0000:fffde000       .debug$S                   0000000180000000     kernel32:KERNEL32.dll
 0000:fffde000       .debug$S                   0000000180000000     kernel32:KERNEL32.dll
 0000:fffde000       .debug$S                   0000000180000000     kernel32:KERNEL32.dll
 0000:fffde000       .debug$S                   0000000180000000     kernel32:KERNEL32.dll
 0000:fffde000       .debug$S                   0000000180000000     kernel32:KERNEL32.dll
 0000:fffde000       .debug$S                   0000000180000000     kernel32:KERNEL32.dll
 0000:fffde000       .debug$S                   0000000180000000     kernel32:KERNEL32.dll
 0000:fffde000       .debug$S                   0000000180000000     kernel32:KERNEL32.dll
 0000:fffde000       .debug$S                   0000000180000000     kernel32:KERNEL32.dll
 0000:fffde000       .debug$S                   0000000180000000     kernel32:KERNEL32.dll
 0000:fffde000       .debug$S                   0000000180000000     kernel32:KERNEL32.dll
 0000:fffde000       .debug$S                   0000000180000000     kernel32:KERNEL32.dll
 0000:fffde000       .debug$S                   0000000180000000     kernel32:KERNEL32.dll
 0000:fffde000       .debug$S                   0000000180000000     kernel32:KERNEL32.dll
 0000:fffde000       .debug$S                   0000000180000000     kernel32:KERNEL32.dll
 0001:00000000       ?RemoveAssetHeaderFromList@@YAXPEAUasset_memory_header@@@Z 0000000180001000 f   p5engine.obj
 0001:00000070       ?LoadBitmap@@YAXPEAUgame_assets@@Ubitmap_id@@H@Z 0000000180001070 f   p5engine.obj
 0001:000003e0       ?LoadSound@@YAXPEAUgame_assets@@Usound_id@@@Z 00000001800013e0 f   p5engine.obj
 0001:00000680       ?LoadFont@@YAXPEAUgame_assets@@Ufont_id@@H@Z 0000000180001680 f   p5engine.obj
 0001:00000940       ?AddCollisionRule@@YAXPEAUgame_state@@IIH@Z 0000000180001940 f   p5engine.obj
 0001:00000ac0       ?ClearCollisionRulesFor@@YAXPEAUgame_state@@I@Z 0000000180001ac0 f   p5engine.obj
 0001:00000bc0       ?BeginTaskWithMemory@@YAPEAUtask_with_memory@@PEAUtransient_state@@@Z 0000000180001bc0 f   p5engine.obj
 0001:00000ca0       ?EndTaskWithMemory@@YAXPEAUtask_with_memory@@@Z 0000000180001ca0 f   p5engine.obj
 0001:00000d00       ?DrawRectangle@@YAXPEAUloaded_bitmap@@Tv2@@1Tv4@@Urectangle2i@@H@Z 0000000180001d00 f   p5engine.obj
 0001:00000fb0       ?RenderGroupToOutput@@YAXPEAUrender_group@@PEAUloaded_bitmap@@Urectangle2i@@H@Z 0000000180001fb0 f   p5engine.obj
 0001:000013a0       ?DoTiledRenderWork@@YAXPEAUplatform_work_queue@@PEAX@Z 00000001800023a0 f   p5engine.obj
 0001:00001450       ?RenderGroupToOutput@@YAXPEAUrender_group@@PEAUloaded_bitmap@@@Z 0000000180002450 f   p5engine.obj
 0001:00001550       ?TiledRenderGroupToOutput@@YAXPEAUplatform_work_queue@@PEAUrender_group@@PEAUloaded_bitmap@@@Z 0000000180002550 f   p5engine.obj
 0001:000017a0       ?AllocateRenderGroup@@YAPEAUrender_group@@PEAUgame_assets@@PEAUmemory_arena@@IH@Z 00000001800027a0 f   p5engine.obj
 0001:000018f0       ?BeginRender@@YAXPEAUrender_group@@@Z 00000001800028f0 f   p5engine.obj
 0001:00001950       ?EndRender@@YAXPEAUrender_group@@@Z 0000000180002950 f   p5engine.obj
 0001:000019d0       ?InitializeWorld@@YAXPEAUworld@@Tv3@@@Z 00000001800029d0 f   p5engine.obj
 0001:00001a70       ?Subtract@@YA?ATv3@@PEAUworld@@PEAUworld_position@@1@Z 0000000180002a70 f   p5engine.obj
 0001:00001ce0       ?ChangeEntityLocation@@YAXPEAUmemory_arena@@PEAUworld@@IPEAUlow_entity@@Uworld_position@@@Z 0000000180002ce0 f   p5engine.obj
 0001:00001e70       ?GetHashFromStorageIndex@@YAPEAUsim_entity_hash@@PEAUsim_region@@I@Z 0000000180002e70 f   p5engine.obj
 0001:00001f40       ?AddEntity@@YAPEAUsim_entity@@PEAUgame_state@@PEAUsim_region@@IPEAUlow_entity@@PEATv3@@@Z 0000000180002f40 f   p5engine.obj
 0001:000020a0       ?AddEntityRaw@@YAPEAUsim_entity@@PEAUgame_state@@PEAUsim_region@@IPEAUlow_entity@@@Z 00000001800030a0 f   p5engine.obj
 0001:00002220       ?BeginSim@@YAPEAUsim_region@@PEAUmemory_arena@@PEAUgame_state@@PEAUworld@@Uworld_position@@Urectangle3@@M@Z 0000000180003220 f   p5engine.obj
 0001:00002890       ?EndSim@@YAXPEAUsim_region@@PEAUgame_state@@@Z 0000000180003890 f   p5engine.obj
 0001:00002b50       ?CanCollide@@YAHPEAUgame_state@@PEAUsim_entity@@1@Z 0000000180003b50 f   p5engine.obj
 0001:00002ca0       ?HandleCollision@@YAHPEAUgame_state@@PEAUsim_entity@@1@Z 0000000180003ca0 f   p5engine.obj
 0001:00002d80       ?CanOverlap@@YAHPEAUgame_state@@PEAUsim_entity@@1@Z 0000000180003d80 f   p5engine.obj
 0001:00002de0       ?HandleOverlap@@YAXPEAUgame_state@@PEAUsim_entity@@1MPEAM@Z 0000000180003de0 f   p5engine.obj
 0001:00002e80       ?SpeculativeCollide@@YAHPEAUsim_entity@@0Tv3@@@Z 0000000180003e80 f   p5engine.obj
 0001:00002f80       ?EntitiesOverlap@@YAHPEAUsim_entity@@0Tv3@@@Z 0000000180003f80 f   p5engine.obj
 0001:000032c0       ?MoveEntity@@YAXPEAUgame_state@@PEAUsim_region@@PEAUsim_entity@@MPEAUmove_spec@@Tv3@@@Z 00000001800042c0 f   p5engine.obj
 0001:00004c20       ?LoadAssetWorkDirectly@@YAXPEAUload_asset_work@@@Z 0000000180005c20 f   p5engine.obj
 0001:00004cb0       ?LoadAssetWork@@YAXPEAUplatform_work_queue@@PEAX@Z 0000000180005cb0 f   p5engine.obj
 0001:00004d00       ?InsertBlock@@YAPEAUasset_memory_block@@PEAU1@_KPEAX@Z 0000000180005d00 f   p5engine.obj
 0001:00004db0       ?FindBlockForSize@@YAPEAUasset_memory_block@@PEAUgame_assets@@_K@Z 0000000180005db0 f   p5engine.obj
 0001:00004e50       ?MergeIfPossible@@YAHPEAUgame_assets@@PEAUasset_memory_block@@1@Z 0000000180005e50 f   p5engine.obj
 0001:00004f50       ?GenerationHasCompleted@@YAHPEAUgame_assets@@I@Z 0000000180005f50 f   p5engine.obj
 0001:00004fd0       ?AcquireAssetMemory@@YAPEAUasset_memory_header@@PEAUgame_assets@@II@Z 0000000180005fd0 f   p5engine.obj
 0001:00005280       ?GetBestMatchAssetFrom@@YAIPEAUgame_assets@@W4asset_type_id@@PEAUasset_vector@@2@Z 0000000180006280 f   p5engine.obj
 0001:000054c0       ?GetRandomAssetFrom@@YAIPEAUgame_assets@@W4asset_type_id@@PEAUrandom_series@@@Z 00000001800064c0 f   p5engine.obj
 0001:00005560       ?GetFirstAssetFrom@@YAIPEAUgame_assets@@W4asset_type_id@@@Z 0000000180006560 f   p5engine.obj
 0001:000055d0       ?GetBestMatchBitmapFrom@@YA?AUbitmap_id@@PEAUgame_assets@@W4asset_type_id@@PEAUasset_vector@@2@Z 00000001800065d0 f   p5engine.obj
 0001:00005620       ?GetFirstBitmapFrom@@YA?AUbitmap_id@@PEAUgame_assets@@W4asset_type_id@@@Z 0000000180006620 f   p5engine.obj
 0001:00005660       ?GetRandomBitmapFrom@@YA?AUbitmap_id@@PEAUgame_assets@@W4asset_type_id@@PEAUrandom_series@@@Z 0000000180006660 f   p5engine.obj
 0001:000056b0       ?GetRandomSoundFrom@@YA?AUsound_id@@PEAUgame_assets@@W4asset_type_id@@PEAUrandom_series@@@Z 00000001800066b0 f   p5engine.obj
 0001:00005700       ?GetBestMatchFontFrom@@YA?AUfont_id@@PEAUgame_assets@@W4asset_type_id@@PEAUasset_vector@@2@Z 0000000180006700 f   p5engine.obj
 0001:00005750       ?AllocateGameAssets@@YAPEAUgame_assets@@PEAUmemory_arena@@_KPEAUtransient_state@@@Z 0000000180006750 f   p5engine.obj
 0001:000060a0       ?GetHorizontalAdvanceForPair@@YAMPEAUp5a_font@@PEAUloaded_font@@II@Z 00000001800070a0 f   p5engine.obj
 0001:00006130       ?GetBitmapForGlyph@@YA?AUbitmap_id@@PEAUgame_assets@@PEAUp5a_font@@PEAUloaded_font@@I@Z 0000000180007130 f   p5engine.obj
 0001:000061a0       ?GetLineAdvanceFor@@YAMPEAUp5a_font@@@Z 00000001800071a0 f   p5engine.obj
 0001:000061e0       ?PlaySound@@YAPEAUplaying_sound@@PEAUaudio_state@@Usound_id@@@Z 00000001800071e0 f   p5engine.obj
 0001:00006310       ?ChangeVolume@@YAXPEAUaudio_state@@PEAUplaying_sound@@MTv2@@@Z 0000000180007310 f   p5engine.obj
 0001:000063e0       ?OutputPlayingSounds@@YAXPEAUaudio_state@@PEAUgame_sound_output_buffer@@PEAUgame_assets@@PEAUmemory_arena@@@Z 00000001800073e0 f   p5engine.obj
 0001:000074f0       ?InitializeAudioState@@YAXPEAUaudio_state@@PEAUmemory_arena@@@Z 00000001800084f0 f   p5engine.obj
 0001:00007570       ?AddLowEntity@@YA?AUadd_low_entity_result@@PEAUgame_state@@W4entity_type@@Uworld_position@@@Z 0000000180008570 f   p5engine.obj
 0001:00007770       ?AddGroundedEntity@@YA?AUadd_low_entity_result@@PEAUgame_state@@W4entity_type@@Uworld_position@@PEAUsim_entity_collision_volume_group@@@Z 0000000180008770 f   p5engine.obj
 0001:00007820       ?AddStandardRoom@@YA?AUadd_low_entity_result@@PEAUgame_state@@III@Z 0000000180008820 f   p5engine.obj
 0001:00007980       ?AddWall@@YA?AUadd_low_entity_result@@PEAUgame_state@@III@Z 0000000180008980 f   p5engine.obj
 0001:00007ae0       ?AddStairs@@YA?AUadd_low_entity_result@@PEAUgame_state@@III@Z 0000000180008ae0 f   p5engine.obj
 0001:00007c70       ?InitHitPoints@@YAXPEAUlow_entity@@I@Z 0000000180008c70 f   p5engine.obj
 0001:00007d00       ?AddSword@@YA?AUadd_low_entity_result@@PEAUgame_state@@@Z 0000000180008d00 f   p5engine.obj
 0001:00007df0       ?AddPlayer@@YA?AUadd_low_entity_result@@PEAUgame_state@@@Z 0000000180008df0 f   p5engine.obj
 0001:00007f30       ?AddMonstar@@YA?AUadd_low_entity_result@@PEAUgame_state@@III@Z 0000000180008f30 f   p5engine.obj
 0001:000080a0       ?AddFamiliar@@YA?AUadd_low_entity_result@@PEAUgame_state@@III@Z 00000001800090a0 f   p5engine.obj
 0001:00008200       ?DrawHitpoints@@YAXPEAUsim_entity@@PEAUrender_group@@@Z 0000000180009200 f   p5engine.obj
 0001:00008470       ?MakeSimpleGroundedCollision@@YAPEAUsim_entity_collision_volume_group@@PEAUgame_state@@MMM@Z 0000000180009470 f   p5engine.obj
 0001:000085d0       ?MakeNullCollision@@YAPEAUsim_entity_collision_volume_group@@PEAUgame_state@@@Z 00000001800095d0 f   p5engine.obj
 0001:000086b0       ?FillGroundChunkWork@@YAXPEAUplatform_work_queue@@PEAX@Z 00000001800096b0 f   p5engine.obj
 0001:00008ea0       ?FillGroundChunk@@YAXPEAUtransient_state@@PEAUgame_state@@PEAUground_buffer@@PEAUworld_position@@@Z 0000000180009ea0 f   p5engine.obj
 0001:00008fa0       ?ClearBitmap@@YAXPEAUloaded_bitmap@@@Z 0000000180009fa0 f   p5engine.obj
 0001:00009000       ?MakeEmptyBitmap@@YA?AUloaded_bitmap@@PEAUmemory_arena@@HHH@Z 000000018000a000 f   p5engine.obj
 0001:00009140       ?MakeSphereDiffuseMap@@YAXPEAUloaded_bitmap@@MM@Z 000000018000a140 f   p5engine.obj
 0001:00009470       ?MakeSphereNormalMap@@YAXPEAUloaded_bitmap@@MMM@Z 000000018000a470 f   p5engine.obj
 0001:00009850       ?DEBUGReset@@YAXII@Z       000000018000a850 f   p5engine.obj
 0001:00009910       ?DEBUGTextLine@@YAXPEAD@Z  000000018000a910 f   p5engine.obj
 0001:00009e70       ?OverlayCycleCounters@@YAXPEAUgame_memory@@@Z 000000018000ae70 f   p5engine.obj
 0001:0000da94       $LN149                     000000018000ea94     p5engine.obj
 0001:00013af0       $$000000                   0000000180014af0     MSVCRTD:chkstk.obj
 0001:00013b50       $$000000                   0000000180014b50     MSVCRTD:amdsecgs.obj
 0001:00013b80       ?dllmain_crt_dispatch@@YAHQEAUHINSTANCE__@@KQEAX@Z 0000000180014b80 f   MSVCRTD:dll_dllmain.obj
 0001:00013c10       ?dllmain_crt_process_attach@@YAHQEAUHINSTANCE__@@QEAX@Z 0000000180014c10 f   MSVCRTD:dll_dllmain.obj
 0001:00013d50       ?dllmain_crt_process_detach@@YAH_N@Z 0000000180014d50 f   MSVCRTD:dll_dllmain.obj
 0001:00013df0       ?dllmain_dispatch@@YAHQEAUHINSTANCE__@@KQEAX@Z 0000000180014df0 f   MSVCRTD:dll_dllmain.obj
 0001:00013f30       ?dllmain_raw@@YAHQEAUHINSTANCE__@@KQEAX@Z 0000000180014f30 f   MSVCRTD:dll_dllmain.obj
 0001:000140f0       capture_previous_context   00000001800150f0 f   MSVCRTD:gs_report.obj
 0001:000141b0       __get_entropy              00000001800151b0 f   MSVCRTD:gs_support.obj
 0001:00014400       ?find_pe_section@@YAPEAU_IMAGE_SECTION_HEADER@@QEAE_K@Z 0000000180015400 f   MSVCRTD:utility.obj
 0001:000144e0       ?is_potentially_valid_image_base@@YA_NQEAX@Z 00000001800154e0 f   MSVCRTD:utility.obj
 0001:00015080       $$000000                   0000000180016080     MSVCRTD:guard_dispatch.obj
 0001:000150a0       $$000000                   00000001800160a0     MSVCRTD:guard_xfg_dispatch.obj
 0001:000150c0       ?fin$0@?0??dllmain_crt_process_attach@@YAHQEAUHINSTANCE__@@QEAX@Z@4HA 00000001800160c0 f   MSVCRTD:dll_dllmain.obj
 0001:000150e0       ?fin$0@?0??dllmain_crt_process_detach@@YAH_N@Z@4HA 00000001800160e0 f   MSVCRTD:dll_dllmain.obj
 0001:000150fa       ?fin$1@?0??dllmain_crt_process_detach@@YAH_N@Z@4HA 00000001800160fa f   MSVCRTD:dll_dllmain.obj
 0001:00015110       ?filt$0@?0??dllmain_dispatch@@YAHQEAUHINSTANCE__@@KQEAX@Z@4HA 0000000180016110 f   MSVCRTD:dll_dllmain.obj
 0001:00015160       __scrt_is_nonwritable_in_current_image$filt$0 0000000180016160 f   MSVCRTD:utility.obj
 0002:00000170       $SG33246                   0000000180017170     p5engine.obj
 0002:00000198       $SG33248                   0000000180017198     p5engine.obj
 0002:000001b8       $SG33252                   00000001800171b8     p5engine.obj
 0002:000001c8       $SG34119                   00000001800171c8     p5engine.obj
 0002:000001e0       $SG34120                   00000001800171e0     p5engine.obj
 0002:000001f8       $SG34121                   00000001800171f8     p5engine.obj
 0002:00000210       $SG34122                   0000000180017210     p5engine.obj
 0002:00000220       $SG34123                   0000000180017220     p5engine.obj
 0002:00000238       $SG34124                   0000000180017238     p5engine.obj
 0002:00000260       $SG34545                   0000000180017260     p5engine.obj
 0002:00000270       $SG31917                   0000000180017270     p5engine.obj
 0002:00000280       $SG32356                   0000000180017280     p5engine.obj
 0002:00000438       GS_ExceptionPointers       0000000180017438     MSVCRTD:gs_report.obj
 0002:00000a88       $unwind$?EndGeneration@@YAXPEAUgame_assets@@I@Z 0000000180017a88     p5engine.obj
 0002:00000a88       $unwind$?GetBitmapInfo@@YAPEAUp5a_bitmap@@PEAUgame_assets@@Ubitmap_id@@@Z 0000000180017a88     p5engine.obj
 0002:00000a88       $unwind$?GetClampedCodepoint@@YAIPEAUp5a_font@@I@Z 0000000180017a88     p5engine.obj
 0002:00000a88       $unwind$?GetFile@@YAPEAUasset_file@@PEAUgame_assets@@I@Z 0000000180017a88     p5engine.obj
 0002:00000a88       $unwind$?GetFileHandleFor@@YAPEAUplatform_file_handle@@PEAUgame_assets@@I@Z 0000000180017a88     p5engine.obj
 0002:00000a88       $unwind$?GetFontInfo@@YAPEAUp5a_font@@PEAUgame_assets@@Ufont_id@@@Z 0000000180017a88     p5engine.obj
 0002:00000a88       $unwind$?GetLowEntity@@YAPEAUlow_entity@@PEAUgame_state@@I@Z 0000000180017a88     p5engine.obj
 0002:00000a88       $unwind$?GetSoundInfo@@YAPEAUp5a_sound@@PEAUgame_assets@@Usound_id@@@Z 0000000180017a88     p5engine.obj
 0002:00000a88       $unwind$?HasFlag@@YAHPEAUsim_entity@@I@Z 0000000180017a88     p5engine.obj
 0002:00000a88       $unwind$?PushFont@@YAPEAUloaded_font@@PEAUrender_group@@Ufont_id@@@Z 0000000180017a88     p5engine.obj
 0002:00000a88       $unwind$?RandomChoice@@YAIPEAUrandom_series@@I@Z 0000000180017a88     p5engine.obj
 0002:00000a88       $unwind$GetController      0000000180017a88     p5engine.obj
 0002:00000a90       $unwind$?InitializeArena@@YAXPEAUmemory_arena@@_KPEAX@Z 0000000180017a90     p5engine.obj
 0002:00000a98       $unwind$?GetAlignmentOffset@@YA_KPEAUmemory_arena@@_K@Z 0000000180017a98     p5engine.obj
 0002:00000aa0       $unwind$??Y@YAAEATv2@@AEAT0@T0@@Z 0000000180017aa0     p5engine.obj
 0002:00000aa0       $unwind$?GetArenaSizeRemaining@@YA_KPEAUmemory_arena@@_K@Z 0000000180017aa0     p5engine.obj
 0002:00000aa0       $unwind$?Hadamard@@YA?ATv2@@T1@0@Z 0000000180017aa0     p5engine.obj
 0002:00000aa0       $unwind$?Inner@@YAMTv2@@0@Z 0000000180017aa0     p5engine.obj
 0002:00000aa0       $unwind$?Inner@@YAMTv3@@0@Z 0000000180017aa0     p5engine.obj
 0002:00000aa0       $unwind$?InsertAssetHeaderAtFront@@YAXPEAUgame_assets@@PEAUasset_memory_header@@@Z 0000000180017aa0     p5engine.obj
 0002:00000aa0       $unwind$?IsCanonical@@YAHPEAUworld@@Tv3@@@Z 0000000180017aa0     p5engine.obj
 0002:00000aa0       $unwind$?IsInRectangle@@YAHUrectangle3@@Tv3@@@Z 0000000180017aa0     p5engine.obj
 0002:00000aa0       $unwind$?RectanglesIntersect@@YAHUrectangle3@@0@Z 0000000180017aa0     p5engine.obj
 0002:00000aa0       $unwind$?ZeroSize@@YAX_KPEAX@Z 0000000180017aa0     p5engine.obj
 0002:00000aa0       $unwind$?find_pe_section@@YAPEAU_IMAGE_SECTION_HEADER@@QEAE_K@Z 0000000180017aa0     MSVCRTD:utility.obj
 0002:00000aa8       $unwind$?PushSize_@@YAPEAXPEAUmemory_arena@@_K1@Z 0000000180017aa8     p5engine.obj
 0002:00000ab0       $unwind$??G@YA?ATv3@@T0@@Z 0000000180017ab0     p5engine.obj
 0002:00000ab0       $unwind$?BeginTemporaryMemory@@YA?AUtemporary_memory@@PEAUmemory_arena@@@Z 0000000180017ab0     p5engine.obj
 0002:00000ac4       $unwind$?AllResourcesPresent@@YAHPEAUrender_group@@@Z 0000000180017ac4     p5engine.obj
 0002:00000ac4       $unwind$?BeginGeneration@@YAIPEAUgame_assets@@@Z 0000000180017ac4     p5engine.obj
 0002:00000ac4       $unwind$?EndTemporaryMemory@@YAXUtemporary_memory@@@Z 0000000180017ac4     p5engine.obj
 0002:00000ac4       $unwind$?GetDim@@YA?ATv2@@Urectangle2@@@Z 0000000180017ac4     p5engine.obj
 0002:00000ac4       $unwind$?IsValid@@YAHUworld_position@@@Z 0000000180017ac4     p5engine.obj
 0002:00000ac4       $unwind$?LengthSq@@YAMTv2@@@Z 0000000180017ac4     p5engine.obj
 0002:00000ac4       $unwind$?RandomBilateral@@YAMPEAUrandom_series@@@Z 0000000180017ac4     p5engine.obj
 0002:00000ac4       $unwind$?RandomNextUInt32@@YAIPEAUrandom_series@@@Z 0000000180017ac4     p5engine.obj
 0002:00000ac4       $unwind$?RandomUnilateral@@YAMPEAUrandom_series@@@Z 0000000180017ac4     p5engine.obj
 0002:00000ac4       $unwind$__CheckForDebuggerJustMyCode 0000000180017ac4     MSVCRTD:debugger_jmc.obj
 0002:00000ac4       $unwind$__report_gsfailure 0000000180017ac4     MSVCRTD:gs_report.obj
 0002:00000acc       $unwind$?BeginAssetLock@@YAXPEAUgame_assets@@@Z 0000000180017acc     p5engine.obj
 0002:00000acc       $unwind$?CheckArena@@YAXPEAUmemory_arena@@@Z 0000000180017acc     p5engine.obj
 0002:00000acc       $unwind$?EndAssetLock@@YAXPEAUgame_assets@@@Z 0000000180017acc     p5engine.obj
 0002:00000acc       $unwind$?StoreEntityReference@@YAXPEATentity_reference@@@Z 0000000180017acc     p5engine.obj
 0002:00000acc       $unwind$__raise_securityfailure 0000000180017acc     MSVCRTD:gs_report.obj
 0002:00000acc       $unwind$?is_potentially_valid_image_base@@YA_NQEAX@Z 0000000180017acc     MSVCRTD:utility.obj
 0002:00000ad4       $unwind$?SubArena@@YAXPEAUmemory_arena@@0_K1@Z 0000000180017ad4     p5engine.obj
 0002:00000ad4       $unwind$__GSHandlerCheck   0000000180017ad4     MSVCRTD:gshandler.obj
 0002:00000adc       $unwind$?AtomicCompareExchangeUInt32@@YAIPECIII@Z 0000000180017adc     p5engine.obj
 0002:00000adc       $unwind$?GetAsset@@YAPEAUasset_memory_header@@PEAUgame_assets@@II@Z 0000000180017adc     p5engine.obj
 0002:00000adc       $unwind$?PushRenderElement_@@YAPEAXPEAUrender_group@@IW4render_group_entry_type@@@Z 0000000180017adc     p5engine.obj
 0002:00000adc       $unwind$?dllmain_crt_dispatch@@YAHQEAUHINSTANCE__@@KQEAX@Z 0000000180017adc     MSVCRTD:dll_dllmain.obj
 0002:00000adc       $unwind$?dllmain_raw@@YAHQEAUHINSTANCE__@@KQEAX@Z 0000000180017adc     MSVCRTD:dll_dllmain.obj
 0002:00000ae4       $unwind$?AbsoluteValue@@YAMM@Z 0000000180017ae4     p5engine.obj
 0002:00000ae4       $unwind$?Clamp01@@YAMM@Z   0000000180017ae4     p5engine.obj
 0002:00000ae4       $unwind$?RoundReal32ToInt32@@YAHM@Z 0000000180017ae4     p5engine.obj
 0002:00000ae4       $unwind$?RoundReal32ToUInt32@@YAIM@Z 0000000180017ae4     p5engine.obj
 0002:00000ae4       $unwind$?SignOf@@YAMM@Z    0000000180017ae4     p5engine.obj
 0002:00000ae4       $unwind$?Sin@@YAMM@Z       0000000180017ae4     p5engine.obj
 0002:00000ae4       $unwind$?Square@@YAMM@Z    0000000180017ae4     p5engine.obj
 0002:00000ae4       $unwind$?SquareRoot@@YAMM@Z 0000000180017ae4     p5engine.obj
 0002:00000aec       $unwind$?ATan2@@YAMMM@Z    0000000180017aec     p5engine.obj
 0002:00000aec       $unwind$?IsCanonical@@YAHMM@Z 0000000180017aec     p5engine.obj
 0002:00000aec       $unwind$?SafeRatio1@@YAMMM@Z 0000000180017aec     p5engine.obj
 0002:00000af4       $unwind$?Clamp01MapToRange@@YAMMMM@Z 0000000180017af4     p5engine.obj
 0002:00000af4       $unwind$?Clamp@@YAMMMM@Z   0000000180017af4     p5engine.obj
 0002:00000af4       $unwind$?SafeRatioN@@YAMMMM@Z 0000000180017af4     p5engine.obj
 0002:00000afc       $unwind$?V2@@YA?ATv2@@MM@Z 0000000180017afc     p5engine.obj
 0002:00000b0c       $unwind$?V2i@@YA?ATv2@@HH@Z 0000000180017b0c     p5engine.obj
 0002:00000b14       $unwind$??D@YA?ATv2@@MT0@@Z 0000000180017b14     p5engine.obj
 0002:00000b24       $unwind$??G@YA?ATv2@@T0@0@Z 0000000180017b24     p5engine.obj
 0002:00000b24       $unwind$??H@YA?ATv2@@T0@0@Z 0000000180017b24     p5engine.obj
 0002:00000b24       $unwind$?GetBarycentric@@YA?ATv2@@Urectangle2@@T1@@Z 0000000180017b24     p5engine.obj
 0002:00000b34       $unwind$?Clamp01@@YA?ATv2@@T1@@Z 0000000180017b34     p5engine.obj
 0002:00000b44       $unwind$?V3@@YA?ATv3@@MMM@Z 0000000180017b44     p5engine.obj
 0002:00000b44       $unwind$?V4@@YA?ATv4@@MMMM@Z 0000000180017b44     p5engine.obj
 0002:00000b58       $unwind$??D@YA?ATv3@@MT0@@Z 0000000180017b58     p5engine.obj
 0002:00000b58       $unwind$??D@YA?ATv4@@MT0@@Z 0000000180017b58     p5engine.obj
 0002:00000b58       $unwind$?ToV3@@YA?ATv3@@Tv2@@M@Z 0000000180017b58     p5engine.obj
 0002:00000b6c       $unwind$??D@YA?ATv3@@T0@M@Z 0000000180017b6c     p5engine.obj
 0002:00000b6c       $unwind$?GetCameraRectangleAtDistance@@YA?AUrectangle2@@PEAUrender_group@@M@Z 0000000180017b6c     p5engine.obj
 0002:00000b78       $unwind$??X@YAAEATv3@@AEAT0@M@Z 0000000180017b78     p5engine.obj
 0002:00000b84       $unwind$??G@YA?ATv3@@T0@0@Z 0000000180017b84     p5engine.obj
 0002:00000b84       $unwind$??H@YA?ATv3@@T0@0@Z 0000000180017b84     p5engine.obj
 0002:00000b98       $unwind$??Y@YAAEATv3@@AEAT0@T0@@Z 0000000180017b98     p5engine.obj
 0002:00000b98       $unwind$??Z@YAAEATv3@@AEAT0@T0@@Z 0000000180017b98     p5engine.obj
 0002:00000b98       $unwind$?GetDim@@YA?ATv3@@Urectangle3@@@Z 0000000180017b98     p5engine.obj
 0002:00000ba4       $unwind$?AreInSameChunk@@YAHPEAUworld@@PEAUworld_position@@1@Z 0000000180017ba4     p5engine.obj
 0002:00000ba4       $unwind$?Hadamard@@YA?ATv3@@T1@0@Z 0000000180017ba4     p5engine.obj
 0002:00000ba4       $unwind$?RectCenterDim@@YA?AUrectangle2@@Tv2@@0@Z 0000000180017ba4     p5engine.obj
 0002:00000bb0       $unwind$?LengthSq@@YAMTv3@@@Z 0000000180017bb0     p5engine.obj
 0002:00000bbc       $unwind$?Length@@YAMTv3@@@Z 0000000180017bbc     p5engine.obj
 0002:00000bbc       $unwind$?MakeEntityNonSpatial@@YAXPEAUsim_entity@@@Z 0000000180017bbc     p5engine.obj
 0002:00000bc8       $unwind$?RectCenterHalfDim@@YA?AUrectangle2@@Tv2@@0@Z 0000000180017bc8     p5engine.obj
 0002:00000bdc       $unwind$?Intersect@@YA?AUrectangle2i@@U1@0@Z 0000000180017bdc     p5engine.obj
 0002:00000be8       $unwind$?Clear@@YAXPEAUrender_group@@Tv4@@@Z 0000000180017be8     p5engine.obj
 0002:00000be8       $unwind$?GetMaxCorner@@YA?ATv3@@Urectangle3@@@Z 0000000180017be8     p5engine.obj
 0002:00000be8       $unwind$?GetMinCorner@@YA?ATv3@@Urectangle3@@@Z 0000000180017be8     p5engine.obj
 0002:00000bf4       $unwind$?RectMinMax@@YA?AUrectangle3@@Tv3@@0@Z 0000000180017bf4     p5engine.obj
 0002:00000c08       $unwind$?AddRadiusTo@@YA?AUrectangle3@@U1@Tv3@@@Z 0000000180017c08     p5engine.obj
 0002:00000c08       $unwind$?RectCenterHalfDim@@YA?AUrectangle3@@Tv3@@0@Z 0000000180017c08     p5engine.obj
 0002:00000c1c       $unwind$?RectCenterDim@@YA?AUrectangle3@@Tv3@@0@Z 0000000180017c1c     p5engine.obj
 0002:00000c28       $unwind$?RandomSeed@@YA?AUrandom_series@@I@Z 0000000180017c28     p5engine.obj
 0002:00000c38       $unwind$?AddFlags@@YAXPEAUsim_entity@@I@Z 0000000180017c38     p5engine.obj
 0002:00000c38       $unwind$?ClearFlags@@YAXPEAUsim_entity@@I@Z 0000000180017c38     p5engine.obj
 0002:00000c38       $unwind$?PrefetchSound@@YAXPEAUgame_assets@@Usound_id@@@Z 0000000180017c38     p5engine.obj
 0002:00000c40       $unwind$?MakeEntitySpatial@@YAXPEAUsim_entity@@Tv3@@1@Z 0000000180017c40     p5engine.obj
 0002:00000c4c       $unwind$?GetEntityGroundPoint@@YA?ATv3@@PEAUsim_entity@@T1@@Z 0000000180017c4c     p5engine.obj
 0002:00000c58       $unwind$?GetEntityGroundPoint@@YA?ATv3@@PEAUsim_entity@@@Z 0000000180017c58     p5engine.obj
 0002:00000c64       $unwind$?GetStairGround@@YAMPEAUsim_entity@@Tv3@@@Z 0000000180017c64     p5engine.obj
 0002:00000c70       $unwind$?RemoveAssetHeaderFromList@@YAXPEAUasset_memory_header@@@Z 0000000180017c70     p5engine.obj
 0002:00000c78       $unwind$?LoadBitmap@@YAXPEAUgame_assets@@Ubitmap_id@@H@Z 0000000180017c78     p5engine.obj
 0002:00000c8c       $unwind$?LoadSound@@YAXPEAUgame_assets@@Usound_id@@@Z 0000000180017c8c     p5engine.obj
 0002:00000ca0       $unwind$?LoadFont@@YAXPEAUgame_assets@@Ufont_id@@H@Z 0000000180017ca0     p5engine.obj
 0002:00000cb4       $unwind$?AddCollisionRule@@YAXPEAUgame_state@@IIH@Z 0000000180017cb4     p5engine.obj
 0002:00000cbc       $unwind$?ClearCollisionRulesFor@@YAXPEAUgame_state@@I@Z 0000000180017cbc     p5engine.obj
 0002:00000cc4       $unwind$?BeginTaskWithMemory@@YAPEAUtask_with_memory@@PEAUtransient_state@@@Z 0000000180017cc4     p5engine.obj
 0002:00000cd0       $unwind$?EndTaskWithMemory@@YAXPEAUtask_with_memory@@@Z 0000000180017cd0     p5engine.obj
 0002:00000cdc       $unwind$?DrawRectangle@@YAXPEAUloaded_bitmap@@Tv2@@1Tv4@@Urectangle2i@@H@Z 0000000180017cdc     p5engine.obj
 0002:00000ce8       $unwind$?RenderGroupToOutput@@YAXPEAUrender_group@@PEAUloaded_bitmap@@Urectangle2i@@H@Z 0000000180017ce8     p5engine.obj
 0002:00000cf4       $unwind$?DoTiledRenderWork@@YAXPEAUplatform_work_queue@@PEAX@Z 0000000180017cf4     p5engine.obj
 0002:00000d00       $unwind$?RenderGroupToOutput@@YAXPEAUrender_group@@PEAUloaded_bitmap@@@Z 0000000180017d00     p5engine.obj
 0002:00000d14       $unwind$?TiledRenderGroupToOutput@@YAXPEAUplatform_work_queue@@PEAUrender_group@@PEAUloaded_bitmap@@@Z 0000000180017d14     p5engine.obj
 0002:00000d28       $unwind$?AllocateRenderGroup@@YAPEAUrender_group@@PEAUgame_assets@@PEAUmemory_arena@@IH@Z 0000000180017d28     p5engine.obj
 0002:00000d34       $unwind$?BeginRender@@YAXPEAUrender_group@@@Z 0000000180017d34     p5engine.obj
 0002:00000d3c       $unwind$?EndRender@@YAXPEAUrender_group@@@Z 0000000180017d3c     p5engine.obj
 0002:00000d44       $unwind$?InitializeWorld@@YAXPEAUworld@@Tv3@@@Z 0000000180017d44     p5engine.obj
 0002:00000d50       $unwind$?Subtract@@YA?ATv3@@PEAUworld@@PEAUworld_position@@1@Z 0000000180017d50     p5engine.obj
 0002:00000d64       $unwind$?ChangeEntityLocation@@YAXPEAUmemory_arena@@PEAUworld@@IPEAUlow_entity@@Uworld_position@@@Z 0000000180017d64     p5engine.obj
 0002:00000d70       $unwind$?GetHashFromStorageIndex@@YAPEAUsim_entity_hash@@PEAUsim_region@@I@Z 0000000180017d70     p5engine.obj
 0002:00000d78       $unwind$?AddEntity@@YAPEAUsim_entity@@PEAUgame_state@@PEAUsim_region@@IPEAUlow_entity@@PEATv3@@@Z 0000000180017d78     p5engine.obj
 0002:00000d84       $unwind$?AddEntityRaw@@YAPEAUsim_entity@@PEAUgame_state@@PEAUsim_region@@IPEAUlow_entity@@@Z 0000000180017d84     p5engine.obj
 0002:00000d90       $unwind$?BeginSim@@YAPEAUsim_region@@PEAUmemory_arena@@PEAUgame_state@@PEAUworld@@Uworld_position@@Urectangle3@@M@Z 0000000180017d90     p5engine.obj
 0002:00000da4       $unwind$?EndSim@@YAXPEAUsim_region@@PEAUgame_state@@@Z 0000000180017da4     p5engine.obj
 0002:00000db0       $unwind$?CanCollide@@YAHPEAUgame_state@@PEAUsim_entity@@1@Z 0000000180017db0     p5engine.obj
 0002:00000db8       $unwind$?HandleCollision@@YAHPEAUgame_state@@PEAUsim_entity@@1@Z 0000000180017db8     p5engine.obj
 0002:00000dc0       $unwind$?CanOverlap@@YAHPEAUgame_state@@PEAUsim_entity@@1@Z 0000000180017dc0     p5engine.obj
 0002:00000dc8       $unwind$?HandleOverlap@@YAXPEAUgame_state@@PEAUsim_entity@@1MPEAM@Z 0000000180017dc8     p5engine.obj
 0002:00000dd4       $unwind$?SpeculativeCollide@@YAHPEAUsim_entity@@0Tv3@@@Z 0000000180017dd4     p5engine.obj
 0002:00000de0       $unwind$?EntitiesOverlap@@YAHPEAUsim_entity@@0Tv3@@@Z 0000000180017de0     p5engine.obj
 0002:00000dec       $unwind$?MoveEntity@@YAXPEAUgame_state@@PEAUsim_region@@PEAUsim_entity@@MPEAUmove_spec@@Tv3@@@Z 0000000180017dec     p5engine.obj
 0002:00000e00       $unwind$?LoadAssetWorkDirectly@@YAXPEAUload_asset_work@@@Z 0000000180017e00     p5engine.obj
 0002:00000e08       $unwind$?LoadAssetWork@@YAXPEAUplatform_work_queue@@PEAX@Z 0000000180017e08     p5engine.obj
 0002:00000e10       $unwind$?InsertBlock@@YAPEAUasset_memory_block@@PEAU1@_KPEAX@Z 0000000180017e10     p5engine.obj
 0002:00000e18       $unwind$?FindBlockForSize@@YAPEAUasset_memory_block@@PEAUgame_assets@@_K@Z 0000000180017e18     p5engine.obj
 0002:00000e20       $unwind$?MergeIfPossible@@YAHPEAUgame_assets@@PEAUasset_memory_block@@1@Z 0000000180017e20     p5engine.obj
 0002:00000e28       $unwind$?GenerationHasCompleted@@YAHPEAUgame_assets@@I@Z 0000000180017e28     p5engine.obj
 0002:00000e30       $unwind$?AcquireAssetMemory@@YAPEAUasset_memory_header@@PEAUgame_assets@@II@Z 0000000180017e30     p5engine.obj
 0002:00000e38       $unwind$?GetBestMatchAssetFrom@@YAIPEAUgame_assets@@W4asset_type_id@@PEAUasset_vector@@2@Z 0000000180017e38     p5engine.obj
 0002:00000e40       $unwind$?GetRandomAssetFrom@@YAIPEAUgame_assets@@W4asset_type_id@@PEAUrandom_series@@@Z 0000000180017e40     p5engine.obj
 0002:00000e48       $unwind$?GetFirstAssetFrom@@YAIPEAUgame_assets@@W4asset_type_id@@@Z 0000000180017e48     p5engine.obj
 0002:00000e50       $unwind$?GetBestMatchBitmapFrom@@YA?AUbitmap_id@@PEAUgame_assets@@W4asset_type_id@@PEAUasset_vector@@2@Z 0000000180017e50     p5engine.obj
 0002:00000e58       $unwind$?GetFirstBitmapFrom@@YA?AUbitmap_id@@PEAUgame_assets@@W4asset_type_id@@@Z 0000000180017e58     p5engine.obj
 0002:00000e60       $unwind$?GetRandomBitmapFrom@@YA?AUbitmap_id@@PEAUgame_assets@@W4asset_type_id@@PEAUrandom_series@@@Z 0000000180017e60     p5engine.obj
 0002:00000e68       $unwind$?GetRandomSoundFrom@@YA?AUsound_id@@PEAUgame_assets@@W4asset_type_id@@PEAUrandom_series@@@Z 0000000180017e68     p5engine.obj
 0002:00000e70       $unwind$?GetBestMatchFontFrom@@YA?AUfont_id@@PEAUgame_assets@@W4asset_type_id@@PEAUasset_vector@@2@Z 0000000180017e70     p5engine.obj
 0002:00000e78       $unwind$?AllocateGameAssets@@YAPEAUgame_assets@@PEAUmemory_arena@@_KPEAUtransient_state@@@Z 0000000180017e78     p5engine.obj
 0002:00000e8c       $unwind$?GetHorizontalAdvanceForPair@@YAMPEAUp5a_font@@PEAUloaded_font@@II@Z 0000000180017e8c     p5engine.obj
 0002:00000e94       $unwind$?GetBitmapForGlyph@@YA?AUbitmap_id@@PEAUgame_assets@@PEAUp5a_font@@PEAUloaded_font@@I@Z 0000000180017e94     p5engine.obj
 0002:00000e9c       $unwind$?GetLineAdvanceFor@@YAMPEAUp5a_font@@@Z 0000000180017e9c     p5engine.obj
 0002:00000ea4       $unwind$?PlaySound@@YAPEAUplaying_sound@@PEAUaudio_state@@Usound_id@@@Z 0000000180017ea4     p5engine.obj
 0002:00000eac       $unwind$?ChangeVolume@@YAXPEAUaudio_state@@PEAUplaying_sound@@MTv2@@@Z 0000000180017eac     p5engine.obj
 0002:00000eb4       $unwind$?OutputPlayingSounds@@YAXPEAUaudio_state@@PEAUgame_sound_output_buffer@@PEAUgame_assets@@PEAUmemory_arena@@@Z 0000000180017eb4     p5engine.obj
 0002:00000ec8       $unwind$?InitializeAudioState@@YAXPEAUaudio_state@@PEAUmemory_arena@@@Z 0000000180017ec8     p5engine.obj
 0002:00000ed0       $unwind$?AddLowEntity@@YA?AUadd_low_entity_result@@PEAUgame_state@@W4entity_type@@Uworld_position@@@Z 0000000180017ed0     p5engine.obj
 0002:00000ee4       $unwind$?AddGroundedEntity@@YA?AUadd_low_entity_result@@PEAUgame_state@@W4entity_type@@Uworld_position@@PEAUsim_entity_collision_volume_group@@@Z 0000000180017ee4     p5engine.obj
 0002:00000ef0       $unwind$?AddStandardRoom@@YA?AUadd_low_entity_result@@PEAUgame_state@@III@Z 0000000180017ef0     p5engine.obj
 0002:00000efc       $unwind$?AddWall@@YA?AUadd_low_entity_result@@PEAUgame_state@@III@Z 0000000180017efc     p5engine.obj
 0002:00000f08       $unwind$?AddStairs@@YA?AUadd_low_entity_result@@PEAUgame_state@@III@Z 0000000180017f08     p5engine.obj
 0002:00000f14       $unwind$?InitHitPoints@@YAXPEAUlow_entity@@I@Z 0000000180017f14     p5engine.obj
 0002:00000f1c       $unwind$?AddSword@@YA?AUadd_low_entity_result@@PEAUgame_state@@@Z 0000000180017f1c     p5engine.obj
 0002:00000f28       $unwind$?AddPlayer@@YA?AUadd_low_entity_result@@PEAUgame_state@@@Z 0000000180017f28     p5engine.obj
 0002:00000f34       $unwind$?AddMonstar@@YA?AUadd_low_entity_result@@PEAUgame_state@@III@Z 0000000180017f34     p5engine.obj
 0002:00000f40       $unwind$?AddFamiliar@@YA?AUadd_low_entity_result@@PEAUgame_state@@III@Z 0000000180017f40     p5engine.obj
 0002:00000f4c       $unwind$?DrawHitpoints@@YAXPEAUsim_entity@@PEAUrender_group@@@Z 0000000180017f4c     p5engine.obj
 0002:00000f60       $unwind$?MakeSimpleGroundedCollision@@YAPEAUsim_entity_collision_volume_group@@PEAUgame_state@@MMM@Z 0000000180017f60     p5engine.obj
 0002:00000f6c       $unwind$?MakeNullCollision@@YAPEAUsim_entity_collision_volume_group@@PEAUgame_state@@@Z 0000000180017f6c     p5engine.obj
 0002:00000f78       $unwind$?FillGroundChunkWork@@YAXPEAUplatform_work_queue@@PEAX@Z 0000000180017f78     p5engine.obj
 0002:00000f8c       $unwind$?FillGroundChunk@@YAXPEAUtransient_state@@PEAUgame_state@@PEAUground_buffer@@PEAUworld_position@@@Z 0000000180017f8c     p5engine.obj
 0002:00000f98       $unwind$?ClearBitmap@@YAXPEAUloaded_bitmap@@@Z 0000000180017f98     p5engine.obj
 0002:00000fa0       $unwind$?MakeEmptyBitmap@@YA?AUloaded_bitmap@@PEAUmemory_arena@@HHH@Z 0000000180017fa0     p5engine.obj
 0002:00000fb4       $unwind$?MakeSphereDiffuseMap@@YAXPEAUloaded_bitmap@@MM@Z 0000000180017fb4     p5engine.obj
 0002:00000fc0       $unwind$?MakeSphereNormalMap@@YAXPEAUloaded_bitmap@@MMM@Z 0000000180017fc0     p5engine.obj
 0002:00000fcc       $unwind$?DEBUGReset@@YAXII@Z 0000000180017fcc     p5engine.obj
 0002:00000fd4       $unwind$?DEBUGTextLine@@YAXPEAD@Z 0000000180017fd4     p5engine.obj
 0002:00000fe8       $unwind$?OverlayCycleCounters@@YAXPEAUgame_memory@@@Z 0000000180017fe8     p5engine.obj
 0002:00000ff0       $unwind$GameUpdateAndRender 0000000180017ff0     p5engine.obj
 0002:00001004       $unwind$GameGetSoundSamples 0000000180018004     p5engine.obj
 0002:0000100c       $unwind$?GetBitmap@@YAPEAUloaded_bitmap@@PEAUgame_assets@@Ubitmap_id@@I@Z 000000018001800c     p5engine.obj
 0002:0000100c       $unwind$?GetFont@@YAPEAUloaded_font@@PEAUgame_assets@@Ufont_id@@I@Z 000000018001800c     p5engine.obj
 0002:0000100c       $unwind$?GetSound@@YAPEAUloaded_sound@@PEAUgame_assets@@Usound_id@@I@Z 000000018001800c     p5engine.obj
 0002:00001014       $unwind$?IsValid@@YAHUsound_id@@@Z 0000000180018014     p5engine.obj
 0002:0000101c       $unwind$?GetNextSoundInChain@@YA?AUsound_id@@PEAUgame_assets@@U1@@Z 000000018001801c     p5engine.obj
 0002:0000102c       $unwind$?GetRenderEntityBasisPos@@YA?AUentity_basis_p_result@@PEAUrender_transform@@Tv3@@@Z 000000018001802c     p5engine.obj
 0002:00001040       $unwind$?PushBitmap@@YAXPEAUrender_group@@PEAUloaded_bitmap@@Tv3@@MTv4@@@Z 0000000180018040     p5engine.obj
 0002:0000104c       $unwind$?PushBitmap@@YAXPEAUrender_group@@Ubitmap_id@@Tv3@@MTv4@@@Z 000000018001804c     p5engine.obj
 0002:00001058       $unwind$?PushRect@@YAXPEAUrender_group@@Tv3@@Tv2@@Tv4@@@Z 0000000180018058     p5engine.obj
 0002:00001064       $unwind$?PushRectOutline@@YAXPEAUrender_group@@Tv3@@Tv2@@Tv4@@@Z 0000000180018064     p5engine.obj
 0002:00001070       $unwind$?Orthographic@@YAXPEAUrender_group@@HHM@Z 0000000180018070     p5engine.obj
 0002:00001070       $unwind$?Perspective@@YAXPEAUrender_group@@HHMMM@Z 0000000180018070     p5engine.obj
 0002:00001078       $unwind$?RecanonicalizeCoord@@YAXMPEAHPEAM@Z 0000000180018078     p5engine.obj
 0002:00001078       $unwind$?Unproject@@YA?ATv2@@PEAUrender_group@@T1@M@Z 0000000180018078     p5engine.obj
 0002:00001080       $unwind$?GetCameraRectangleAtTarget@@YA?AUrectangle2@@PEAUrender_group@@@Z 0000000180018080     p5engine.obj
 0002:0000108c       $unwind$?NullPosition@@YA?AUworld_position@@XZ 000000018001808c     p5engine.obj
 0002:000010a0       $unwind$?GetWorldChunk@@YAPEAUworld_chunk@@PEAUworld@@HHHPEAUmemory_arena@@@Z 00000001800180a0     p5engine.obj
 0002:000010a0       $unwind$__scrt_dllmain_exception_filter 00000001800180a0     MSVCRTD:utility.obj
 0002:000010a8       $unwind$?MapIntoChunkSpace@@YA?AUworld_position@@PEAUworld@@U1@Tv3@@@Z 00000001800180a8     p5engine.obj
 0002:000010bc       $unwind$?ChunkPositionFromTilePosition@@YA?AUworld_position@@PEAUworld@@HHHTv3@@@Z 00000001800180bc     p5engine.obj
 0002:000010d0       $unwind$?CenteredChunkPoint@@YA?AUworld_position@@III@Z 00000001800180d0     p5engine.obj
 0002:000010e4       $unwind$?ChangeEntityLocationRaw@@YAXPEAUmemory_arena@@PEAUworld@@IPEAUworld_position@@2@Z 00000001800180e4     p5engine.obj
 0002:000010f0       $unwind$?GetSimSpacePos@@YA?ATv3@@PEAUsim_region@@PEAUlow_entity@@@Z 00000001800180f0     p5engine.obj
 0002:000010fc       $unwind$?LoadEntityReference@@YAXPEAUgame_state@@PEAUsim_region@@PEATentity_reference@@@Z 00000001800180fc     p5engine.obj
 0002:00001110       $unwind$?EntityOverlapsRectangle@@YAHTv3@@Usim_entity_collision_volume@@Urectangle3@@@Z 0000000180018110     p5engine.obj
 0002:0000111c       $unwind$?DefaultMoveSpec@@YA?AUmove_spec@@XZ 000000018001811c     p5engine.obj
 0002:00001130       $unwind$?DrawRectangleQuickly@@YAXPEAUloaded_bitmap@@Tv2@@11Tv4@@0MUrectangle2i@@H@Z 0000000180018130     p5engine_optimized.obj
 0002:00001158       $chain$9$?DrawRectangleQuickly@@YAXPEAUloaded_bitmap@@Tv2@@11Tv4@@0MUrectangle2i@@H@Z 0000000180018158     p5engine_optimized.obj
 0002:00001190       $chain$10$?DrawRectangleQuickly@@YAXPEAUloaded_bitmap@@Tv2@@11Tv4@@0MUrectangle2i@@H@Z 0000000180018190     p5engine_optimized.obj
 0002:000011a0       $unwind$__GSHandlerCheckCommon 00000001800181a0     MSVCRTD:gshandler.obj
 0002:000011a8       $xdatasym                  00000001800181a8     MSVCRTD:chkstk.obj
 0002:000011b0       $xdatasym                  00000001800181b0     MSVCRTD:amdsecgs.obj
 0002:000011b4       $unwind$?dllmain_crt_process_attach@@YAHQEAUHINSTANCE__@@QEAX@Z 00000001800181b4     MSVCRTD:dll_dllmain.obj
 0002:000011d4       $unwind$?fin$0@?0??dllmain_crt_process_attach@@YAHQEAUHINSTANCE__@@QEAX@Z@4HA 00000001800181d4     MSVCRTD:dll_dllmain.obj
 0002:000011d4       $unwind$?fin$0@?0??dllmain_crt_process_detach@@YAH_N@Z@4HA 00000001800181d4     MSVCRTD:dll_dllmain.obj
 0002:000011d4       $unwind$?fin$1@?0??dllmain_crt_process_detach@@YAH_N@Z@4HA 00000001800181d4     MSVCRTD:dll_dllmain.obj
 0002:000011d4       $unwind$__scrt_is_nonwritable_in_current_image$filt$0 00000001800181d4     MSVCRTD:utility.obj
 0002:000011dc       $unwind$?dllmain_crt_process_detach@@YAH_N@Z 00000001800181dc     MSVCRTD:dll_dllmain.obj
 0002:0000120c       $unwind$?dllmain_dispatch@@YAHQEAUHINSTANCE__@@KQEAX@Z 000000018001820c     MSVCRTD:dll_dllmain.obj
 0002:0000122c       $unwind$?filt$0@?0??dllmain_dispatch@@YAHQEAUHINSTANCE__@@KQEAX@Z@4HA 000000018001822c     MSVCRTD:dll_dllmain.obj
 0002:00001234       $unwind$_DllMainCRTStartup 0000000180018234     MSVCRTD:dll_dllmain.obj
 0002:00001234       $unwind$DllMain            0000000180018234     MSVCRTD:dll_dllmain_stub.obj
 0002:0000123c       $unwind$capture_previous_context 000000018001823c     MSVCRTD:gs_report.obj
 0002:00001244       $unwind$__scrt_initialize_default_local_stdio_options 0000000180018244     MSVCRTD:default_local_stdio_options.obj
 0002:00001244       $unwind$__security_init_cookie 0000000180018244     MSVCRTD:gs_support.obj
 0002:0000124c       $unwind$__get_entropy      000000018001824c     MSVCRTD:gs_support.obj
 0002:00001254       $unwind$?__scrt_initialize_type_info@@YAXXZ 0000000180018254     MSVCRTD:tncleanup.obj
 0002:00001254       $unwind$?__scrt_uninitialize_type_info@@YAXXZ 0000000180018254     MSVCRTD:tncleanup.obj
 0002:00001254       $unwind$?configure_argv@__scrt_narrow_argv_policy@@SAHXZ 0000000180018254     MSVCRTD:utility.obj
 0002:00001254       $unwind$?initialize_environment@__scrt_narrow_environment_policy@@SAHXZ 0000000180018254     MSVCRTD:utility.obj
 0002:00001254       $unwind$__scrt_dllmain_after_initialize_c 0000000180018254     MSVCRTD:utility.obj
 0002:00001254       $unwind$__scrt_dllmain_before_initialize_c 0000000180018254     MSVCRTD:utility.obj
 0002:00001254       $unwind$__scrt_dllmain_crt_thread_attach 0000000180018254     MSVCRTD:utility.obj
 0002:00001254       $unwind$__scrt_dllmain_crt_thread_detach 0000000180018254     MSVCRTD:utility.obj
 0002:00001254       $unwind$__scrt_dllmain_uninitialize_c 0000000180018254     MSVCRTD:utility.obj
 0002:00001254       $unwind$__scrt_dllmain_uninitialize_critical 0000000180018254     MSVCRTD:utility.obj
 0002:0000125c       $unwind$__scrt_is_nonwritable_in_current_image 000000018001825c     MSVCRTD:utility.obj
 0002:0000127c       $unwind$__scrt_acquire_startup_lock 000000018001827c     MSVCRTD:utility.obj
 0002:00001284       $unwind$__scrt_initialize_crt 0000000180018284     MSVCRTD:utility.obj
 0002:00001284       $unwind$__scrt_release_startup_lock 0000000180018284     MSVCRTD:utility.obj
 0002:0000128c       $unwind$__scrt_uninitialize_crt 000000018001828c     MSVCRTD:utility.obj
 0002:00001294       $unwind$__scrt_initialize_onexit_tables 0000000180018294     MSVCRTD:utility.obj
 0002:000012a0       $unwind$__scrt_fastfail    00000001800182a0     MSVCRTD:utility_desktop.obj
 0002:000012ac       $unwind$_RTC_Initialize    00000001800182ac     MSVCRTD:initsect.obj
 0002:000012ac       $unwind$_RTC_Terminate     00000001800182ac     MSVCRTD:initsect.obj
 0002:000012b8       $unwind$__isa_available_init 00000001800182b8     MSVCRTD:cpu_disp.obj
 0002:000012c8       $unwind$__scrt_is_ucrt_dll_in_use 00000001800182c8     MSVCRTD:ucrt_detection.obj
 0002:000012d0       $xdatasym                  00000001800182d0     MSVCRTD:guard_dispatch.obj
 0002:000012d8       $xdatasym                  00000001800182d8     MSVCRTD:guard_xfg_dispatch.obj
 0002:000012e0       .edata                     00000001800182e0     P5Engine.exp
 0002:00001308       rgpv                       0000000180018308     P5Engine.exp
 0002:00001310       rgszName                   0000000180018310     P5Engine.exp
 0002:00001318       rgwOrd                     0000000180018318     P5Engine.exp
 0002:0000131c       szName                     000000018001831c     P5Engine.exp
 0002:00001329       $N00001                    0000000180018329     P5Engine.exp
 0002:0000133d       $N00002                    000000018001833d     P5Engine.exp
 0002:000014e0       .idata$6                   00000001800184e0     vcruntimed:VCRUNTIME140D.dll
 0002:000015ba       .idata$6                   00000001800185ba     ucrtd:ucrtbased.dll
 0002:0000172e       .idata$6                   000000018001872e     kernel32:KERNEL32.dll
 0003:00000000       ?RandomNumberTable@@3PAIA  0000000180019000     p5engine.obj
 0003:00004048       ?DEBUGRenderGroup@@3PEAUrender_group@@EA 000000018001d048     p5engine.obj
 0003:00004050       ?Platform@@3Uplatform_api@@A 000000018001d050     p5engine.obj
 0003:000040b0       ?LeftEdge@@3MA             000000018001d0b0     p5engine.obj
 0003:000040b4       ?AtY@@3MA                  000000018001d0b4     p5engine.obj
 0003:000040b8       ?FontScale@@3MA            000000018001d0b8     p5engine.obj
 0003:000040bc       ?__proc_attached@@3HA      000000018001d0bc     MSVCRTD:dll_dllmain.obj
 0003:000040c0       GS_ExceptionRecord         000000018001d0c0     MSVCRTD:gs_report.obj
 0003:00004160       GS_ContextRecord           000000018001d160     MSVCRTD:gs_report.obj
 0003:00004660       ?is_initialized_as_dll@@3_NA 000000018001d660     MSVCRTD:utility.obj
 0003:00004661       ?module_local_atexit_table_initialized@@3_NA 000000018001d661     MSVCRTD:utility.obj
 0003:00004668       ?module_local_atexit_table@@3U_onexit_table_t@@A 000000018001d668     MSVCRTD:utility.obj
 0003:00004680       ?module_local_at_quick_exit_table@@3U_onexit_table_t@@A 000000018001d680     MSVCRTD:utility.obj
 0005:00000000       __20BB4341_malloc@h        000000018001f000     p5engine.obj
 0005:00000001       __A435B42B_p5engine_types@h 000000018001f001     p5engine.obj
 0005:00000002       __7D4BEAAE_p5engine_platform@h 000000018001f002     p5engine.obj
 0005:00000003       __741AE07E_corecrt_math@h  000000018001f003     p5engine.obj
 0005:00000004       __7BF3FA8A_p5engine_intrinsics@h 000000018001f004     p5engine.obj
 0005:00000005       __87290AA6_p5engine_math@h 000000018001f005     p5engine.obj
 0005:00000006       __B7A387D6_p5engine_random@h 000000018001f006     p5engine.obj
 0005:00000007       __F17FF173_p5engine_entity@h 000000018001f007     p5engine.obj
 0005:00000008       __72A74871_p5engine_asset@h 000000018001f008     p5engine.obj
 0005:00000009       __BD87FD4A_p5engine@h      000000018001f009     p5engine.obj
 0005:0000000a       __6F2BF339_p5engine_render_group@cpp 000000018001f00a     p5engine.obj
 0005:0000000b       __281AC6F8_p5engine_world@cpp 000000018001f00b     p5engine.obj
 0005:0000000c       __B07C4A52_p5engine_sim_region@cpp 000000018001f00c     p5engine.obj
 0005:0000000d       __BDC7FEEB_p5engine_entity@cpp 000000018001f00d     p5engine.obj
 0005:0000000e       __3D4C1499_p5engine_asset@cpp 000000018001f00e     p5engine.obj
 0005:0000000f       __39A8D9B6_p5engine_audio@cpp 000000018001f00f     p5engine.obj
 0005:00000010       __BAF57382_p5engine@cpp    000000018001f010     p5engine.obj
 0005:00000011       __20BB4341_malloc@h        000000018001f011     p5engine_optimized.obj
 0005:00000012       __A435B42B_p5engine_types@h 000000018001f012     p5engine_optimized.obj
 0005:00000013       __7D4BEAAE_p5engine_platform@h 000000018001f013     p5engine_optimized.obj
 0005:00000014       __741AE07E_corecrt_math@h  000000018001f014     p5engine_optimized.obj
 0005:00000015       __7BF3FA8A_p5engine_intrinsics@h 000000018001f015     p5engine_optimized.obj
 0005:00000016       __87290AA6_p5engine_math@h 000000018001f016     p5engine_optimized.obj
 0005:00000017       __B7A387D6_p5engine_random@h 000000018001f017     p5engine_optimized.obj
 0005:00000018       __F17FF173_p5engine_entity@h 000000018001f018     p5engine_optimized.obj
 0005:00000019       __72A74871_p5engine_asset@h 000000018001f019     p5engine_optimized.obj
 0005:0000001a       __BD87FD4A_p5engine@h      000000018001f01a     p5engine_optimized.obj
 0005:0000001b       __03FC23C0_p5engine_optimized@cpp 000000018001f01b     p5engine_optimized.obj
 0006:00000060       $R000000                   0000000180020060     * linker generated manifest res *
