 P5Engine

 Timestamp is 634f25e9 (Tue Oct 18 17:17:13 2022)

 Preferred load address is 0000000180000000

 Start         Length     Name                   Class
 0001:00000000 00015190H .text$mn                CODE
 0001:00015190 00000040H .text$mn$00             CODE
 0001:000151d0 000000ddH .text$x                 CODE
 0002:00000000 00000100H .idata$5                DATA
 0002:00000100 00000028H .00cfg                  DATA
 0002:00000128 00000008H .CRT$XCA                DATA
 0002:00000130 00000008H .CRT$XCZ                DATA
 0002:00000138 00000008H .CRT$XIA                DATA
 0002:00000140 00000008H .CRT$XIZ                DATA
 0002:00000148 00000008H .CRT$XPA                DATA
 0002:00000150 00000008H .CRT$XPZ                DATA
 0002:00000158 00000008H .CRT$XTA                DATA
 0002:00000160 00000010H .CRT$XTZ                DATA
 0002:00000168 00000000H .gehcont$y              DATA
 0002:00000168 00000000H .gfids$y                DATA
 0002:00000170 00000410H .rdata                  DATA
 0002:00000580 00000000H .rdata$CastGuardVftablesA DATA
 0002:00000580 00000000H .rdata$CastGuardVftablesC DATA
 0002:00000580 00000174H .rdata$voltmd           DATA
 0002:000006f4 000002dcH .rdata$zzzdbg           DATA
 0002:000009d0 00000008H .rtc$IAA                DATA
 0002:000009d8 00000008H .rtc$IZZ                DATA
 0002:000009e0 00000008H .rtc$TAA                DATA
 0002:000009e8 00000008H .rtc$TZZ                DATA
 0002:000009f0 000007f0H .xdata                  DATA
 0002:000011e0 00000074H .edata                  DATA
 0002:00001254 0000003cH .idata$2                DATA
 0002:00001290 00000018H .idata$3                DATA
 0002:000012a8 00000100H .idata$4                DATA
 0002:000013a8 00000294H .idata$6                DATA
 0003:00000000 00004040H .data                   DATA
 0003:00004040 0000067cH .bss                    DATA
 0004:00000000 00000b34H .pdata                  DATA
 0005:00000000 0000001cH .msvcjmc                DATA
 0006:00000000 00000060H .rsrc$01                DATA
 0006:00000060 00000098H .rsrc$02                DATA

  Address         Publics by Value              Rva+Base               Lib:Object

 0000:00000000       ___safe_se_handler_count   0000000000000000     <absolute>
 0000:00000000       __guard_longjmp_table      0000000000000000     <absolute>
 0000:00000000       __hybrid_auxiliary_iat_copy 0000000000000000     <absolute>
 0000:00000000       __hybrid_auxiliary_iat     0000000000000000     <absolute>
 0000:00000000       __AbsoluteZero             0000000000000000     <absolute>
 0000:00000000       __dynamic_value_reloc_table 0000000000000000     <absolute>
 0000:00000000       __guard_longjmp_count      0000000000000000     <absolute>
 0000:00000000       __guard_iat_count          0000000000000000     <absolute>
 0000:00000000       __arm64x_extra_rfe_table_size 0000000000000000     <absolute>
 0000:00000000       __guard_check_icall_a64n_fptr 0000000000000000     <absolute>
 0000:00000000       __hybrid_code_map_count    0000000000000000     <absolute>
 0000:00000000       __guard_fids_table         0000000000000000     <absolute>
 0000:00000000       __hybrid_code_map          0000000000000000     <absolute>
 0000:00000000       __guard_iat_table          0000000000000000     <absolute>
 0000:00000000       __x64_code_ranges_to_entry_points 0000000000000000     <absolute>
 0000:00000000       __arm64x_redirection_metadata 0000000000000000     <absolute>
 0000:00000000       __guard_eh_cont_count      0000000000000000     <absolute>
 0000:00000000       __arm64x_extra_rfe_table   0000000000000000     <absolute>
 0000:00000000       __x64_code_ranges_to_entry_points_count 0000000000000000     <absolute>
 0000:00000000       __guard_fids_count         0000000000000000     <absolute>
 0000:00000000       __arm64x_redirection_metadata_count 0000000000000000     <absolute>
 0000:00000000       __arm64x_native_entrypoint 0000000000000000     <absolute>
 0000:00000000       __enclave_config           0000000000000000     <absolute>
 0000:00000000       ___safe_se_handler_table   0000000000000000     <absolute>
 0000:00000000       __guard_eh_cont_table      0000000000000000     <absolute>
 0000:00000100       __guard_flags              0000000000000100     <absolute>
 0000:00000000       __ImageBase                0000000180000000     <linker-defined>
 0001:00009160       GameUpdateAndRender        000000018000a160 f   p5engine.obj
 0001:0000dd60       GameGetSoundSamples        000000018000ed60 f   p5engine.obj
 0001:0000ddd0       ??D@YA?ATv2@@MT0@@Z        000000018000edd0 f i p5engine.obj
 0001:0000de50       ??D@YA?ATv3@@MT0@@Z        000000018000ee50 f i p5engine.obj
 0001:0000df00       ??D@YA?ATv3@@T0@M@Z        000000018000ef00 f i p5engine.obj
 0001:0000df80       ??D@YA?ATv4@@MT0@@Z        000000018000ef80 f i p5engine.obj
 0001:0000e050       ??G@YA?ATv2@@T0@0@Z        000000018000f050 f i p5engine.obj
 0001:0000e0d0       ??G@YA?ATv3@@T0@0@Z        000000018000f0d0 f i p5engine.obj
 0001:0000e190       ??H@YA?ATv2@@T0@0@Z        000000018000f190 f i p5engine.obj
 0001:0000e210       ??H@YA?ATv3@@T0@0@Z        000000018000f210 f i p5engine.obj
 0001:0000e2d0       ??H@YA?ATv4@@T0@0@Z        000000018000f2d0 f i p5engine.obj
 0001:0000e3b0       ??X@YAAEATv3@@AEAT0@M@Z    000000018000f3b0 f i p5engine.obj
 0001:0000e430       ??Y@YAAEATv2@@AEAT0@T0@@Z  000000018000f430 f i p5engine.obj
 0001:0000e480       ??Y@YAAEATv3@@AEAT0@T0@@Z  000000018000f480 f i p5engine.obj
 0001:0000e520       ??Y@YAAEATv4@@AEAT0@T0@@Z  000000018000f520 f i p5engine.obj
 0001:0000e5c0       ??Z@YAAEATv3@@AEAT0@T0@@Z  000000018000f5c0 f i p5engine.obj
 0001:0000e660       ?ATan2@@YAMMM@Z            000000018000f660 f i p5engine.obj
 0001:0000e6b0       ?AbsoluteValue@@YAMM@Z     000000018000f6b0 f i p5engine.obj
 0001:0000e6f0       ?AddAssetHeaderToList@@YAXPEAUgame_assets@@IUasset_memory_size@@@Z 000000018000f6f0 f i p5engine.obj
 0001:0000e760       ?AddFlags@@YAXPEAUsim_entity@@I@Z 000000018000f760 f i p5engine.obj
 0001:0000e7a0       ?AddRadiusTo@@YA?AUrectangle3@@U1@Tv3@@@Z 000000018000f7a0 f i p5engine.obj
 0001:0000e910       ?AllResourcesPresent@@YAHPEAUrender_group@@@Z 000000018000f910 f i p5engine.obj
 0001:0000e960       ?AreInSameChunk@@YAHPEAUworld@@PEAUworld_position@@1@Z 000000018000f960 f i p5engine.obj
 0001:0000ea60       ?AtomicCompareExchangeUInt32@@YAIPECIII@Z 000000018000fa60 f i p5engine.obj
 0001:0000eab0       ?BeginTemporaryMemory@@YA?AUtemporary_memory@@PEAUmemory_arena@@@Z 000000018000fab0 f i p5engine.obj
 0001:0000eb50       ?CenteredChunkPoint@@YA?AUworld_position@@III@Z 000000018000fb50 f i p5engine.obj
 0001:0000ebe0       ?ChangeEntityLocationRaw@@YAXPEAUmemory_arena@@PEAUworld@@IPEAUworld_position@@2@Z 000000018000fbe0 f i p5engine.obj
 0001:0000efd0       ?CheckArena@@YAXPEAUmemory_arena@@@Z 000000018000ffd0 f i p5engine.obj
 0001:0000f000       ?ChunkPositionFromTilePosition@@YA?AUworld_position@@PEAUworld@@HHHTv3@@@Z 0000000180010000 f i p5engine.obj
 0001:0000f2a0       ?Clamp01@@YA?ATv2@@T1@@Z   00000001800102a0 f i p5engine.obj
 0001:0000f310       ?Clamp01@@YAMM@Z           0000000180010310 f i p5engine.obj
 0001:0000f350       ?Clamp01MapToRange@@YAMMMM@Z 0000000180010350 f i p5engine.obj
 0001:0000f3d0       ?Clamp@@YAMMMM@Z           00000001800103d0 f i p5engine.obj
 0001:0000f440       ?Clear@@YAXPEAUrender_group@@Tv4@@@Z 0000000180010440 f i p5engine.obj
 0001:0000f4a0       ?ClearFlags@@YAXPEAUsim_entity@@I@Z 00000001800104a0 f i p5engine.obj
 0001:0000f4e0       ?DefaultMoveSpec@@YA?AUmove_spec@@XZ 00000001800104e0 f i p5engine.obj
 0001:0000f580       ?EndTemporaryMemory@@YAXUtemporary_memory@@@Z 0000000180010580 f i p5engine.obj
 0001:0000f600       ?EntityOverlapsRectangle@@YAHTv3@@Usim_entity_collision_volume@@Urectangle3@@@Z 0000000180010600 f i p5engine.obj
 0001:0000f790       ?GetAlignmentOffset@@YA_KPEAUmemory_arena@@_K@Z 0000000180010790 f i p5engine.obj
 0001:0000f820       ?GetArenaSizeRemaining@@YA_KPEAUmemory_arena@@_K@Z 0000000180010820 f i p5engine.obj
 0001:0000f880       ?GetAsset@@YAPEAUasset_memory_header@@PEAUgame_assets@@I@Z 0000000180010880 f i p5engine.obj
 0001:0000f950       ?GetBarycentric@@YA?ATv2@@Urectangle2@@T1@@Z 0000000180010950 f i p5engine.obj
 0001:0000fa00       ?GetBitmap@@YAPEAUloaded_bitmap@@PEAUgame_assets@@Ubitmap_id@@@Z 0000000180010a00 f i p5engine.obj
 0001:0000fa00       ?GetSound@@YAPEAUloaded_sound@@PEAUgame_assets@@Usound_id@@@Z 0000000180010a00 f i p5engine.obj
 0001:0000fa70       ?GetCameraRectangleAtDistance@@YA?AUrectangle2@@PEAUrender_group@@M@Z 0000000180010a70 f i p5engine.obj
 0001:0000fb10       ?GetCameraRectangleAtTarget@@YA?AUrectangle2@@PEAUrender_group@@@Z 0000000180010b10 f i p5engine.obj
 0001:0000fb80       ?GetDim@@YA?ATv2@@Urectangle2@@@Z 0000000180010b80 f i p5engine.obj
 0001:0000fbc0       ?GetDim@@YA?ATv3@@Urectangle3@@@Z 0000000180010bc0 f i p5engine.obj
 0001:0000fc60       ?GetEntityGroundPoint@@YA?ATv3@@PEAUsim_entity@@@Z 0000000180010c60 f i p5engine.obj
 0001:0000fce0       ?GetEntityGroundPoint@@YA?ATv3@@PEAUsim_entity@@T1@@Z 0000000180010ce0 f i p5engine.obj
 0001:0000fd40       ?GetFileHandleFor@@YAPEAUplatform_file_handle@@PEAUgame_assets@@I@Z 0000000180010d40 f i p5engine.obj
 0001:0000fda0       ?GetLowEntity@@YAPEAUlow_entity@@PEAUgame_state@@I@Z 0000000180010da0 f i p5engine.obj
 0001:0000fe10       ?GetMaxCorner@@YA?ATv3@@Urectangle3@@@Z 0000000180010e10 f i p5engine.obj
 0001:0000fe70       ?GetMinCorner@@YA?ATv3@@Urectangle3@@@Z 0000000180010e70 f i p5engine.obj
 0001:0000fec0       ?GetNextSoundInChain@@YA?AUsound_id@@PEAUgame_assets@@U1@@Z 0000000180010ec0 f i p5engine.obj
 0001:0000ff80       ?GetRenderEntityBasisPos@@YA?AUentity_basis_p_result@@PEAUrender_transform@@Tv3@@@Z 0000000180010f80 f i p5engine.obj
 0001:00010220       ?GetSimSpacePos@@YA?ATv3@@PEAUsim_region@@PEAUlow_entity@@@Z 0000000180011220 f i p5engine.obj
 0001:00010310       ?GetSoundInfo@@YAPEAUp5a_sound@@PEAUgame_assets@@Usound_id@@@Z 0000000180011310 f i p5engine.obj
 0001:00010370       ?GetStairGround@@YAMPEAUsim_entity@@Tv3@@@Z 0000000180011370 f i p5engine.obj
 0001:00010460       ?GetWorldChunk@@YAPEAUworld_chunk@@PEAUworld@@HHHPEAUmemory_arena@@@Z 0000000180011460 f i p5engine.obj
 0001:00010650       ?Hadamard@@YA?ATv2@@T1@0@Z 0000000180011650 f i p5engine.obj
 0001:000106b0       ?Hadamard@@YA?ATv3@@T1@0@Z 00000001800116b0 f i p5engine.obj
 0001:00010770       ?HasFlag@@YAHPEAUsim_entity@@I@Z 0000000180011770 f i p5engine.obj
 0001:000107b0       ?InitializeArena@@YAXPEAUmemory_arena@@_KPEAX@Z 00000001800117b0 f i p5engine.obj
 0001:00010810       ?Inner@@YAMTv2@@0@Z        0000000180011810 f i p5engine.obj
 0001:00010860       ?Inner@@YAMTv3@@0@Z        0000000180011860 f i p5engine.obj
 0001:000108d0       ?InsertAssetHeaderAtFront@@YAXPEAUgame_assets@@PEAUasset_memory_header@@@Z 00000001800118d0 f i p5engine.obj
 0001:00010940       ?Intersect@@YA?AUrectangle2i@@U1@0@Z 0000000180011940 f i p5engine.obj
 0001:00010a50       ?IsCanonical@@YAHMM@Z      0000000180011a50 f i p5engine.obj
 0001:00010af0       ?IsCanonical@@YAHPEAUworld@@Tv3@@@Z 0000000180011af0 f i p5engine.obj
 0001:00010b90       ?IsInRectangle@@YAHUrectangle3@@Tv3@@@Z 0000000180011b90 f i p5engine.obj
 0001:00010c50       ?IsValid@@YAHUsound_id@@@Z 0000000180011c50 f i p5engine.obj
 0001:00010c90       ?IsValid@@YAHUworld_position@@@Z 0000000180011c90 f i p5engine.obj
 0001:00010ce0       ?Length@@YAMTv3@@@Z        0000000180011ce0 f i p5engine.obj
 0001:00010d30       ?LengthSq@@YAMTv2@@@Z      0000000180011d30 f i p5engine.obj
 0001:00010d70       ?LengthSq@@YAMTv3@@@Z      0000000180011d70 f i p5engine.obj
 0001:00010de0       ?Lerp@@YAMMMM@Z            0000000180011de0 f i p5engine.obj
 0001:00010e40       ?LoadEntityReference@@YAXPEAUgame_state@@PEAUsim_region@@PEATentity_reference@@@Z 0000000180011e40 f i p5engine.obj
 0001:00010f70       ?MakeEntityNonSpatial@@YAXPEAUsim_entity@@@Z 0000000180011f70 f i p5engine.obj
 0001:00010ff0       ?MakeEntitySpatial@@YAXPEAUsim_entity@@Tv3@@1@Z 0000000180011ff0 f i p5engine.obj
 0001:00011060       ?MapIntoChunkSpace@@YA?AUworld_position@@PEAUworld@@U1@Tv3@@@Z 0000000180012060 f i p5engine.obj
 0001:00011150       ?NullPosition@@YA?AUworld_position@@XZ 0000000180012150 f i p5engine.obj
 0001:000111c0       ?Orthographic@@YAXPEAUrender_group@@HHM@Z 00000001800121c0 f i p5engine.obj
 0001:000112c0       ?Perspective@@YAXPEAUrender_group@@HHMMM@Z 00000001800122c0 f i p5engine.obj
 0001:000113b0       ?PrefetchSound@@YAXPEAUgame_assets@@Usound_id@@@Z 00000001800123b0 f i p5engine.obj
 0001:000113e0       ?PushBitmap@@YAXPEAUrender_group@@PEAUloaded_bitmap@@Tv3@@MTv4@@@Z 00000001800123e0 f i p5engine.obj
 0001:00011610       ?PushBitmap@@YAXPEAUrender_group@@Ubitmap_id@@Tv3@@MTv4@@@Z 0000000180012610 f i p5engine.obj
 0001:000116f0       ?PushRect@@YAXPEAUrender_group@@Tv3@@Tv2@@Tv4@@@Z 00000001800126f0 f i p5engine.obj
 0001:00011890       ?PushRectOutline@@YAXPEAUrender_group@@Tv3@@Tv2@@Tv4@@@Z 0000000180012890 f i p5engine.obj
 0001:00011d20       ?PushRenderElement_@@YAPEAXPEAUrender_group@@IW4render_group_entry_type@@@Z 0000000180012d20 f i p5engine.obj
 0001:00011dd0       ?PushSize_@@YAPEAXPEAUmemory_arena@@_K1@Z 0000000180012dd0 f i p5engine.obj
 0001:00011ea0       ?RandomBetween@@YAMPEAUrandom_series@@MM@Z 0000000180012ea0 f i p5engine.obj
 0001:00011ef0       ?RandomBilateral@@YAMPEAUrandom_series@@@Z 0000000180012ef0 f i p5engine.obj
 0001:00011f40       ?RandomChoice@@YAIPEAUrandom_series@@I@Z 0000000180012f40 f i p5engine.obj
 0001:00011f80       ?RandomNextUInt32@@YAIPEAUrandom_series@@@Z 0000000180012f80 f i p5engine.obj
 0001:00011ff0       ?RandomSeed@@YA?AUrandom_series@@I@Z 0000000180012ff0 f i p5engine.obj
 0001:00012060       ?RandomUnilateral@@YAMPEAUrandom_series@@@Z 0000000180013060 f i p5engine.obj
 0001:000120c0       ?RecanonicalizeCoord@@YAXMPEAHPEAM@Z 00000001800130c0 f i p5engine.obj
 0001:00012160       ?RectCenterDim@@YA?AUrectangle2@@Tv2@@0@Z 0000000180013160 f i p5engine.obj
 0001:000121f0       ?RectCenterDim@@YA?AUrectangle3@@Tv3@@0@Z 00000001800131f0 f i p5engine.obj
 0001:000122e0       ?RectCenterHalfDim@@YA?AUrectangle2@@Tv2@@0@Z 00000001800132e0 f i p5engine.obj
 0001:00012390       ?RectCenterHalfDim@@YA?AUrectangle3@@Tv3@@0@Z 0000000180013390 f i p5engine.obj
 0001:00012500       ?RectMinMax@@YA?AUrectangle3@@Tv3@@0@Z 0000000180013500 f i p5engine.obj
 0001:000125a0       ?RectanglesIntersect@@YAHUrectangle3@@0@Z 00000001800135a0 f i p5engine.obj
 0001:00012660       ?RoundReal32ToInt32@@YAHM@Z 0000000180013660 f i p5engine.obj
 0001:000126a0       ?RoundReal32ToUInt32@@YAIM@Z 00000001800136a0 f i p5engine.obj
 0001:000126e0       ?SafeRatio1@@YAMMM@Z       00000001800136e0 f i p5engine.obj
 0001:00012730       ?SafeRatioN@@YAMMMM@Z      0000000180013730 f i p5engine.obj
 0001:00012790       ?SignOf@@YAMM@Z            0000000180013790 f i p5engine.obj
 0001:000127f0       ?Sin@@YAMM@Z               00000001800137f0 f i p5engine.obj
 0001:00012830       ?Square@@YAMM@Z            0000000180013830 f i p5engine.obj
 0001:00012870       ?SquareRoot@@YAMM@Z        0000000180013870 f i p5engine.obj
 0001:000128b0       ?StoreEntityReference@@YAXPEATentity_reference@@@Z 00000001800138b0 f i p5engine.obj
 0001:000128f0       ?SubArena@@YAXPEAUmemory_arena@@0_K1@Z 00000001800138f0 f i p5engine.obj
 0001:00012960       ?ToV3@@YA?ATv3@@Tv2@@M@Z   0000000180013960 f i p5engine.obj
 0001:000129f0       ?Unproject@@YA?ATv2@@PEAUrender_group@@T1@M@Z 00000001800139f0 f i p5engine.obj
 0001:00012a40       ?V2@@YA?ATv2@@MM@Z         0000000180013a40 f i p5engine.obj
 0001:00012ab0       ?V2i@@YA?ATv2@@HH@Z        0000000180013ab0 f i p5engine.obj
 0001:00012b00       ?V3@@YA?ATv3@@MMM@Z        0000000180013b00 f i p5engine.obj
 0001:00012ba0       ?V4@@YA?ATv4@@MMMM@Z       0000000180013ba0 f i p5engine.obj
 0001:00012c50       ?ZeroSize@@YAX_KPEAX@Z     0000000180013c50 f i p5engine.obj
 0001:00012cb0       GetController              0000000180013cb0 f i p5engine.obj
 0001:00012d10       TruncateReal32ToInt32      0000000180013d10 f i p5engine.obj
 0001:00012d40       ?DrawRectangleQuickly@@YAXPEAUloaded_bitmap@@Tv2@@11Tv4@@0MUrectangle2i@@H@Z 0000000180013d40 f   p5engine_optimized.obj
 0001:00013a80       __CheckForDebuggerJustMyCode 0000000180014a80 f   MSVCRTD:debugger_jmc.obj
 0001:00013ac0       __GSHandlerCheck           0000000180014ac0 f   MSVCRTD:gshandler.obj
 0001:00013b00       __GSHandlerCheckCommon     0000000180014b00 f   MSVCRTD:gshandler.obj
 0001:00013c10       _alloca_probe              0000000180014c10 f   MSVCRTD:chkstk.obj
 0001:00013c10       __chkstk                   0000000180014c10 f   MSVCRTD:chkstk.obj
 0001:00013c70       __security_check_cookie    0000000180014c70 f   MSVCRTD:amdsecgs.obj
 0001:000140a0       _DllMainCRTStartup         00000001800150a0 f   MSVCRTD:dll_dllmain.obj
 0001:000140e0       __raise_securityfailure    00000001800150e0 f   MSVCRTD:gs_report.obj
 0001:00014120       __report_gsfailure         0000000180015120 f   MSVCRTD:gs_report.obj
 0001:00014380       __security_init_cookie     0000000180015380 f   MSVCRTD:gs_support.obj
 0001:00014400       DllMain                    0000000180015400 f   MSVCRTD:dll_dllmain_stub.obj
 0001:00014440       ?__scrt_initialize_type_info@@YAXXZ 0000000180015440 f   MSVCRTD:tncleanup.obj
 0001:00014460       ?__scrt_uninitialize_type_info@@YAXXZ 0000000180015460 f   MSVCRTD:tncleanup.obj
 0001:00014480       __local_stdio_printf_options 0000000180015480 f i MSVCRTD:default_local_stdio_options.obj
 0001:00014490       __local_stdio_scanf_options 0000000180015490 f i MSVCRTD:default_local_stdio_options.obj
 0001:000144a0       __scrt_initialize_default_local_stdio_options 00000001800154a0 f   MSVCRTD:default_local_stdio_options.obj
 0001:000144f0       ?configure_argv@__scrt_narrow_argv_policy@@SAHXZ 00000001800154f0 f i MSVCRTD:utility.obj
 0001:000145e0       ?initialize_environment@__scrt_narrow_environment_policy@@SAHXZ 00000001800155e0 f i MSVCRTD:utility.obj
 0001:00014680       NtCurrentTeb               0000000180015680 f i MSVCRTD:utility.obj
 0001:00014690       __scrt_acquire_startup_lock 0000000180015690 f   MSVCRTD:utility.obj
 0001:00014700       __scrt_dllmain_after_initialize_c 0000000180015700 f   MSVCRTD:utility.obj
 0001:00014730       __scrt_dllmain_before_initialize_c 0000000180015730 f   MSVCRTD:utility.obj
 0001:00014750       __scrt_dllmain_crt_thread_attach 0000000180015750 f   MSVCRTD:utility.obj
 0001:00014780       __scrt_dllmain_crt_thread_detach 0000000180015780 f   MSVCRTD:utility.obj
 0001:000147a0       __scrt_dllmain_exception_filter 00000001800157a0 f   MSVCRTD:utility.obj
 0001:00014810       __scrt_dllmain_uninitialize_c 0000000180015810 f   MSVCRTD:utility.obj
 0001:00014840       __scrt_dllmain_uninitialize_critical 0000000180015840 f   MSVCRTD:utility.obj
 0001:00014860       __scrt_initialize_crt      0000000180015860 f   MSVCRTD:utility.obj
 0001:000148b0       __scrt_initialize_onexit_tables 00000001800158b0 f   MSVCRTD:utility.obj
 0001:000149c0       __scrt_is_nonwritable_in_current_image 00000001800159c0 f   MSVCRTD:utility.obj
 0001:00014a50       __scrt_release_startup_lock 0000000180015a50 f   MSVCRTD:utility.obj
 0001:00014a80       __scrt_uninitialize_crt    0000000180015a80 f   MSVCRTD:utility.obj
 0001:00014ac0       __scrt_get_dyn_tls_init_callback 0000000180015ac0 f   MSVCRTD:dyn_tls_init.obj
 0001:00014ad0       __crt_debugger_hook        0000000180015ad0 f   MSVCRTD:utility_desktop.obj
 0001:00014ae0       __scrt_fastfail            0000000180015ae0 f   MSVCRTD:utility_desktop.obj
 0001:00014c80       _RTC_Initialize            0000000180015c80 f   MSVCRTD:initsect.obj
 0001:00014cd0       _RTC_Terminate             0000000180015cd0 f   MSVCRTD:initsect.obj
 0001:00014d20       _guard_check_icall_nop     0000000180015d20 f i MSVCRTD:guard_support.obj
 0001:00014d30       __isa_available_init       0000000180015d30 f   MSVCRTD:cpu_disp.obj
 0001:000150d0       _get_startup_argv_mode     00000001800160d0 f   MSVCRTD:argv_mode.obj
 0001:000150e0       __scrt_is_ucrt_dll_in_use  00000001800160e0 f   MSVCRTD:ucrt_detection.obj
 0001:00015110       __C_specific_handler       0000000180016110 f   vcruntimed:VCRUNTIME140D.dll
 0001:00015116       __std_type_info_destroy_list 0000000180016116 f   vcruntimed:VCRUNTIME140D.dll
 0001:0001511c       atan2                      000000018001611c f   ucrtd:ucrtbased.dll
 0001:00015122       sinf                       0000000180016122 f   ucrtd:ucrtbased.dll
 0001:00015128       sqrtf                      0000000180016128 f   ucrtd:ucrtbased.dll
 0001:0001512e       _initterm                  000000018001612e f   ucrtd:ucrtbased.dll
 0001:00015134       _initterm_e                0000000180016134 f   ucrtd:ucrtbased.dll
 0001:0001513a       _seh_filter_dll            000000018001613a f   ucrtd:ucrtbased.dll
 0001:00015140       _configure_narrow_argv     0000000180016140 f   ucrtd:ucrtbased.dll
 0001:00015146       _initialize_narrow_environment 0000000180016146 f   ucrtd:ucrtbased.dll
 0001:0001514c       _initialize_onexit_table   000000018001614c f   ucrtd:ucrtbased.dll
 0001:00015152       _execute_onexit_table      0000000180016152 f   ucrtd:ucrtbased.dll
 0001:00015158       _cexit                     0000000180016158 f   ucrtd:ucrtbased.dll
 0001:00015160       __scrt_stub_for_acrt_initialize 0000000180016160 f   MSVCRTD:ucrt_stubs.obj
 0001:00015160       __vcrt_thread_detach       0000000180016160 f   MSVCRTD:ucrt_stubs.obj
 0001:00015160       __scrt_stub_for_acrt_thread_detach 0000000180016160 f   MSVCRTD:ucrt_stubs.obj
 0001:00015160       __scrt_stub_for_acrt_thread_attach 0000000180016160 f   MSVCRTD:ucrt_stubs.obj
 0001:00015160       __vcrt_thread_attach       0000000180016160 f   MSVCRTD:ucrt_stubs.obj
 0001:00015160       __acrt_initialize          0000000180016160 f   MSVCRTD:ucrt_stubs.obj
 0001:00015160       __vcrt_initialize          0000000180016160 f   MSVCRTD:ucrt_stubs.obj
 0001:00015160       __acrt_thread_attach       0000000180016160 f   MSVCRTD:ucrt_stubs.obj
 0001:00015160       __acrt_thread_detach       0000000180016160 f   MSVCRTD:ucrt_stubs.obj
 0001:00015170       __acrt_uninitialize_critical 0000000180016170 f   MSVCRTD:ucrt_stubs.obj
 0001:00015170       __scrt_stub_for_acrt_uninitialize_critical 0000000180016170 f   MSVCRTD:ucrt_stubs.obj
 0001:00015170       __vcrt_uninitialize_critical 0000000180016170 f   MSVCRTD:ucrt_stubs.obj
 0001:00015170       __vcrt_uninitialize        0000000180016170 f   MSVCRTD:ucrt_stubs.obj
 0001:00015170       __scrt_stub_for_acrt_uninitialize 0000000180016170 f   MSVCRTD:ucrt_stubs.obj
 0001:00015170       __acrt_uninitialize        0000000180016170 f   MSVCRTD:ucrt_stubs.obj
 0001:00015180       __scrt_stub_for_is_c_termination_complete 0000000180016180 f   MSVCRTD:ucrt_stubs.obj
 0001:00015180       _is_c_termination_complete 0000000180016180 f   MSVCRTD:ucrt_stubs.obj
 0001:000151a0       _guard_dispatch_icall_nop  00000001800161a0 f   MSVCRTD:guard_dispatch.obj
 0001:000151c0       _guard_xfg_dispatch_icall_nop 00000001800161c0 f   MSVCRTD:guard_xfg_dispatch.obj
 0002:00000000       __imp_QueryPerformanceCounter 0000000180017000     kernel32:KERNEL32.dll
 0002:00000008       __imp_RtlCaptureContext    0000000180017008     kernel32:KERNEL32.dll
 0002:00000010       __imp_RtlLookupFunctionEntry 0000000180017010     kernel32:KERNEL32.dll
 0002:00000018       __imp_RtlVirtualUnwind     0000000180017018     kernel32:KERNEL32.dll
 0002:00000020       __imp_IsDebuggerPresent    0000000180017020     kernel32:KERNEL32.dll
 0002:00000028       __imp_InitializeSListHead  0000000180017028     kernel32:KERNEL32.dll
 0002:00000030       __imp_DisableThreadLibraryCalls 0000000180017030     kernel32:KERNEL32.dll
 0002:00000038       __imp_GetSystemTimeAsFileTime 0000000180017038     kernel32:KERNEL32.dll
 0002:00000040       __imp_GetCurrentProcessId  0000000180017040     kernel32:KERNEL32.dll
 0002:00000048       __imp_GetCurrentThreadId   0000000180017048     kernel32:KERNEL32.dll
 0002:00000050       __imp_IsProcessorFeaturePresent 0000000180017050     kernel32:KERNEL32.dll
 0002:00000058       __imp_TerminateProcess     0000000180017058     kernel32:KERNEL32.dll
 0002:00000060       __imp_GetCurrentProcess    0000000180017060     kernel32:KERNEL32.dll
 0002:00000068       __imp_SetUnhandledExceptionFilter 0000000180017068     kernel32:KERNEL32.dll
 0002:00000070       __imp_UnhandledExceptionFilter 0000000180017070     kernel32:KERNEL32.dll
 0002:00000078       \177KERNEL32_NULL_THUNK_DATA 0000000180017078     kernel32:KERNEL32.dll
 0002:00000080       __imp___std_type_info_destroy_list 0000000180017080     vcruntimed:VCRUNTIME140D.dll
 0002:00000088       __imp___C_specific_handler 0000000180017088     vcruntimed:VCRUNTIME140D.dll
 0002:00000090       \177VCRUNTIME140D_NULL_THUNK_DATA 0000000180017090     vcruntimed:VCRUNTIME140D.dll
 0002:00000098       __imp__cexit               0000000180017098     ucrtd:ucrtbased.dll
 0002:000000a0       __imp__execute_onexit_table 00000001800170a0     ucrtd:ucrtbased.dll
 0002:000000a8       __imp__initialize_onexit_table 00000001800170a8     ucrtd:ucrtbased.dll
 0002:000000b0       __imp__initialize_narrow_environment 00000001800170b0     ucrtd:ucrtbased.dll
 0002:000000b8       __imp__configure_narrow_argv 00000001800170b8     ucrtd:ucrtbased.dll
 0002:000000c0       __imp__initterm_e          00000001800170c0     ucrtd:ucrtbased.dll
 0002:000000c8       __imp__initterm            00000001800170c8     ucrtd:ucrtbased.dll
 0002:000000d0       __imp_sqrtf                00000001800170d0     ucrtd:ucrtbased.dll
 0002:000000d8       __imp_sinf                 00000001800170d8     ucrtd:ucrtbased.dll
 0002:000000e0       __imp_atan2                00000001800170e0     ucrtd:ucrtbased.dll
 0002:000000e8       __imp_roundf               00000001800170e8     ucrtd:ucrtbased.dll
 0002:000000f0       __imp__seh_filter_dll      00000001800170f0     ucrtd:ucrtbased.dll
 0002:000000f8       \177ucrtbased_NULL_THUNK_DATA 00000001800170f8     ucrtd:ucrtbased.dll
 0002:00000100       __guard_check_icall_fptr   0000000180017100     MSVCRTD:guard_support.obj
 0002:00000108       __guard_xfg_check_icall_fptr 0000000180017108     MSVCRTD:guard_support.obj
 0002:00000110       __guard_dispatch_icall_fptr 0000000180017110     MSVCRTD:guard_support.obj
 0002:00000118       __guard_xfg_dispatch_icall_fptr 0000000180017118     MSVCRTD:guard_support.obj
 0002:00000120       __guard_xfg_table_dispatch_icall_fptr 0000000180017120     MSVCRTD:guard_support.obj
 0002:00000128       __xc_a                     0000000180017128     MSVCRTD:initializers.obj
 0002:00000130       __xc_z                     0000000180017130     MSVCRTD:initializers.obj
 0002:00000138       __xi_a                     0000000180017138     MSVCRTD:initializers.obj
 0002:00000140       __xi_z                     0000000180017140     MSVCRTD:initializers.obj
 0002:00000148       __xp_a                     0000000180017148     MSVCRTD:initializers.obj
 0002:00000150       __xp_z                     0000000180017150     MSVCRTD:initializers.obj
 0002:00000158       __xt_a                     0000000180017158     MSVCRTD:initializers.obj
 0002:00000160       __xt_z                     0000000180017160     MSVCRTD:initializers.obj
 0002:00000208       ??_C@_0BA@NMEIMCEK@InvalidCodePath@ 0000000180017208     p5engine.obj
 0002:00000218       __real@00000000            0000000180017218     p5engine.obj
 0002:0000021c       __real@308992b1            000000018001721c     p5engine.obj
 0002:00000220       __real@3a83126f            0000000180017220     p5engine.obj
 0002:00000224       __real@3c23d70a            0000000180017224     p5engine.obj
 0002:00000228       __real@3cc30c31            0000000180017228     p5engine.obj
 0002:0000022c       __real@3d4ccccd            000000018001722c     p5engine.obj
 0002:00000230       __real@3dcccccd            0000000180017230     p5engine.obj
 0002:00000234       __real@3e4ccccd            0000000180017234     p5engine.obj
 0002:00000238       __real@3e800000            0000000180017238     p5engine.obj
 0002:0000023c       __real@3e99999a            000000018001723c     p5engine.obj
 0002:00000240       __real@3ecccccd            0000000180017240     p5engine.obj
 0002:00000244       __real@3ee147ae            0000000180017244     p5engine.obj
 0002:00000248       __real@3f000000            0000000180017248     p5engine.obj
 0002:0000024c       __real@3f19999a            000000018001724c     p5engine.obj
 0002:00000250       __real@3f228f5c            0000000180017250     p5engine.obj
 0002:00000254       __real@3f333333            0000000180017254     p5engine.obj
 0002:00000258       __real@3f3504f3            0000000180017258     p5engine.obj
 0002:0000025c       __real@3f400000            000000018001725c     p5engine.obj
 0002:00000260       __real@3f666666            0000000180017260     p5engine.obj
 0002:00000264       __real@3f800000            0000000180017264     p5engine.obj
 0002:00000268       __real@3f8ccccd            0000000180017268     p5engine.obj
 0002:0000026c       __real@3f99999a            000000018001726c     p5engine.obj
 0002:00000270       __real@3fa66666            0000000180017270     p5engine.obj
 0002:00000274       __real@3fb33333            0000000180017274     p5engine.obj
 0002:00000278       __real@3fc00000            0000000180017278     p5engine.obj
 0002:0000027c       __real@40000000            000000018001727c     p5engine.obj
 0002:00000280       __real@400ccccd            0000000180017280     p5engine.obj
 0002:00000284       __real@40400000            0000000180017284     p5engine.obj
 0002:00000288       __real@40800000            0000000180017288     p5engine.obj
 0002:0000028c       __real@40a00000            000000018001728c     p5engine.obj
 0002:00000290       __real@40c00000            0000000180017290     p5engine.obj
 0002:00000294       __real@40c90fdb            0000000180017294     p5engine.obj
 0002:00000298       __real@40e00000            0000000180017298     p5engine.obj
 0002:0000029c       __real@41100000            000000018001729c     p5engine.obj
 0002:000002a0       __real@41700000            00000001800172a0     p5engine.obj
 0002:000002a4       __real@41800000            00000001800172a4     p5engine.obj
 0002:000002a8       __real@41880000            00000001800172a8     p5engine.obj
 0002:000002ac       __real@41a00000            00000001800172ac     p5engine.obj
 0002:000002b0       __real@41f00000            00000001800172b0     p5engine.obj
 0002:000002b4       __real@42340000            00000001800172b4     p5engine.obj
 0002:000002b8       __real@437f0000            00000001800172b8     p5engine.obj
 0002:000002bc       __real@461c4000            00000001800172bc     p5engine.obj
 0002:000002c0       __real@47c35000            00000001800172c0     p5engine.obj
 0002:000002c4       __real@49742400            00000001800172c4     p5engine.obj
 0002:000002c8       __real@7f7fffff            00000001800172c8     p5engine.obj
 0002:000002cc       __real@bc23d70a            00000001800172cc     p5engine.obj
 0002:000002d0       __real@bd4ccccd            00000001800172d0     p5engine.obj
 0002:000002d4       __real@be800000            00000001800172d4     p5engine.obj
 0002:000002d8       __real@becccccd            00000001800172d8     p5engine.obj
 0002:000002dc       __real@bf000000            00000001800172dc     p5engine.obj
 0002:000002e0       __real@bf800000            00000001800172e0     p5engine.obj
 0002:000002e4       __real@c0000000            00000001800172e4     p5engine.obj
 0002:000002e8       __real@c0100000            00000001800172e8     p5engine.obj
 0002:000002ec       __real@c0400000            00000001800172ec     p5engine.obj
 0002:000002f0       __real@c11ccccd            00000001800172f0     p5engine.obj
 0002:00000300       __xmm@00000000000000000000000000000000 0000000180017300     p5engine.obj
 0002:00000310       __xmm@3f8000003f8000003f8000003f800000 0000000180017310     p5engine.obj
 0002:00000320       __xmm@7fffffffffffffff7fffffffffffffff 0000000180017320     p5engine.obj
 0002:00000330       __xmm@80000000800000008000000080000000 0000000180017330     p5engine.obj
 0002:00000340       __xmm@000000ff000000ff000000ff000000ff 0000000180017340     p5engine_optimized.obj
 0002:00000350       __xmm@0000ffff0000ffff0000ffff0000ffff 0000000180017350     p5engine_optimized.obj
 0002:00000360       __xmm@00ff00ff00ff00ff00ff00ff00ff00ff 0000000180017360     p5engine_optimized.obj
 0002:00000370       __xmm@3b8080813b8080813b8080813b808081 0000000180017370     p5engine_optimized.obj
 0002:00000380       __xmm@3f0000003f0000003f0000003f000000 0000000180017380     p5engine_optimized.obj
 0002:00000390       __xmm@40800000408000004080000040800000 0000000180017390     p5engine_optimized.obj
 0002:000003a0       __xmm@477e0100477e0100477e0100477e0100 00000001800173a0     p5engine_optimized.obj
 0002:000003b0       __xmm@ffffffffffffffffffffffffffffffff 00000001800173b0     p5engine_optimized.obj
 0002:000003c0       _pRawDllMain               00000001800173c0     MSVCRTD:dll_dllmain.obj
 0002:000003c0       _pDefaultRawDllMain        00000001800173c0     MSVCRTD:dll_dllmain.obj
 0002:00000430       _load_config_used          0000000180017430     MSVCRTD:loadcfg.obj
 0002:00000580       __volatile_metadata        0000000180017580     <linker-defined>
 0002:000009d0       __rtc_iaa                  00000001800179d0     MSVCRTD:initsect.obj
 0002:000009d8       __rtc_izz                  00000001800179d8     MSVCRTD:initsect.obj
 0002:000009e0       __rtc_taa                  00000001800179e0     MSVCRTD:initsect.obj
 0002:000009e8       __rtc_tzz                  00000001800179e8     MSVCRTD:initsect.obj
 0002:00001254       __IMPORT_DESCRIPTOR_VCRUNTIME140D 0000000180018254     vcruntimed:VCRUNTIME140D.dll
 0002:00001268       __IMPORT_DESCRIPTOR_ucrtbased 0000000180018268     ucrtd:ucrtbased.dll
 0002:0000127c       __IMPORT_DESCRIPTOR_KERNEL32 000000018001827c     kernel32:KERNEL32.dll
 0002:00001290       __NULL_IMPORT_DESCRIPTOR   0000000180018290     vcruntimed:VCRUNTIME140D.dll
 0003:00004000       __security_cookie_complement 000000018001d000     MSVCRTD:gs_cookie.obj
 0003:00004008       __security_cookie          000000018001d008     MSVCRTD:gs_cookie.obj
 0003:00004010       _fltused                   000000018001d010     MSVCRTD:fltused.obj
 0003:00004014       __scrt_native_dllmain_reason 000000018001d014     MSVCRTD:utility.obj
 0003:00004018       __isa_available            000000018001d018     MSVCRTD:cpu_disp.obj
 0003:0000401c       __isa_enabled              000000018001d01c     MSVCRTD:cpu_disp.obj
 0003:00004020       __memcpy_nt_iters          000000018001d020     MSVCRTD:cpu_disp.obj
 0003:00004028       __memset_nt_iters          000000018001d028     MSVCRTD:cpu_disp.obj
 0003:00004030       __scrt_ucrt_dll_is_in_use  000000018001d030     MSVCRTD:ucrt_stubs.obj
 0003:00004040       DebugGlobalMemory          000000018001d040     p5engine.obj
 0003:00004630       ?__type_info_root_node@@3U__type_info_node@@A 000000018001d630     MSVCRTD:tncleanup.obj
 0003:00004640       ?_OptionsStorage@?1??__local_stdio_printf_options@@9@4_KA 000000018001d640     MSVCRTD:default_local_stdio_options.obj
 0003:00004648       ?_OptionsStorage@?1??__local_stdio_scanf_options@@9@4_KA 000000018001d648     MSVCRTD:default_local_stdio_options.obj
 0003:00004650       __scrt_current_native_startup_state 000000018001d650     MSVCRTD:utility.obj
 0003:00004658       __scrt_native_startup_lock 000000018001d658     MSVCRTD:utility.obj
 0003:00004698       __scrt_debugger_hook_flag  000000018001d698     MSVCRTD:utility_desktop.obj
 0003:000046a0       __castguard_check_failure_os_handled_fptr 000000018001d6a0     MSVCRTD:guard_support.obj
 0003:000046a8       __favor                    000000018001d6a8     MSVCRTD:cpu_disp.obj
 0003:000046b0       __dyn_tls_init_callback    000000018001d6b0     <common>
 0003:000046b8       __DebuggerCurrentSteppingThreadId 000000018001d6b8     <common>

 entry point at        0001:000140a0

 Static symbols

 0000:fffde000       .debug$S                   0000000180000000     P5Engine.exp
 0000:fffde000       .debug$S                   0000000180000000     vcruntimed:VCRUNTIME140D.dll
 0000:fffde000       .debug$S                   0000000180000000     vcruntimed:VCRUNTIME140D.dll
 0000:fffde000       .debug$S                   0000000180000000     vcruntimed:VCRUNTIME140D.dll
 0000:fffde000       .debug$S                   0000000180000000     vcruntimed:VCRUNTIME140D.dll
 0000:fffde000       .debug$S                   0000000180000000     ucrtd:ucrtbased.dll
 0000:fffde000       .debug$S                   0000000180000000     ucrtd:ucrtbased.dll
 0000:fffde000       .debug$S                   0000000180000000     ucrtd:ucrtbased.dll
 0000:fffde000       .debug$S                   0000000180000000     ucrtd:ucrtbased.dll
 0000:fffde000       .debug$S                   0000000180000000     ucrtd:ucrtbased.dll
 0000:fffde000       .debug$S                   0000000180000000     ucrtd:ucrtbased.dll
 0000:fffde000       .debug$S                   0000000180000000     ucrtd:ucrtbased.dll
 0000:fffde000       .debug$S                   0000000180000000     ucrtd:ucrtbased.dll
 0000:fffde000       .debug$S                   0000000180000000     ucrtd:ucrtbased.dll
 0000:fffde000       .debug$S                   0000000180000000     ucrtd:ucrtbased.dll
 0000:fffde000       .debug$S                   0000000180000000     ucrtd:ucrtbased.dll
 0000:fffde000       .debug$S                   0000000180000000     ucrtd:ucrtbased.dll
 0000:fffde000       .debug$S                   0000000180000000     ucrtd:ucrtbased.dll
 0000:fffde000       .debug$S                   0000000180000000     ucrtd:ucrtbased.dll
 0000:fffde000       .debug$S                   0000000180000000     ucrtd:ucrtbased.dll
 0000:fffde000       .debug$S                   0000000180000000     ucrtd:ucrtbased.dll
 0000:fffde000       .debug$S                   0000000180000000     kernel32:KERNEL32.dll
 0000:fffde000       .debug$S                   0000000180000000     kernel32:KERNEL32.dll
 0000:fffde000       .debug$S                   0000000180000000     kernel32:KERNEL32.dll
 0000:fffde000       .debug$S                   0000000180000000     kernel32:KERNEL32.dll
 0000:fffde000       .debug$S                   0000000180000000     kernel32:KERNEL32.dll
 0000:fffde000       .debug$S                   0000000180000000     kernel32:KERNEL32.dll
 0000:fffde000       .debug$S                   0000000180000000     kernel32:KERNEL32.dll
 0000:fffde000       .debug$S                   0000000180000000     kernel32:KERNEL32.dll
 0000:fffde000       .debug$S                   0000000180000000     kernel32:KERNEL32.dll
 0000:fffde000       .debug$S                   0000000180000000     kernel32:KERNEL32.dll
 0000:fffde000       .debug$S                   0000000180000000     kernel32:KERNEL32.dll
 0000:fffde000       .debug$S                   0000000180000000     kernel32:KERNEL32.dll
 0000:fffde000       .debug$S                   0000000180000000     kernel32:KERNEL32.dll
 0000:fffde000       .debug$S                   0000000180000000     kernel32:KERNEL32.dll
 0000:fffde000       .debug$S                   0000000180000000     kernel32:KERNEL32.dll
 0000:fffde000       .debug$S                   0000000180000000     kernel32:KERNEL32.dll
 0000:fffde000       .debug$S                   0000000180000000     kernel32:KERNEL32.dll
 0001:00000000       ?MoveHeaderToFront@@YAXPEAUgame_assets@@PEAUasset@@@Z 0000000180001000 f   p5engine.obj
 0001:00000050       ?LoadBitmap@@YAXPEAUgame_assets@@Ubitmap_id@@@Z 0000000180001050 f   p5engine.obj
 0001:00000380       ?LoadSound@@YAXPEAUgame_assets@@Usound_id@@@Z 0000000180001380 f   p5engine.obj
 0001:00000660       ?AddCollisionRule@@YAXPEAUgame_state@@IIH@Z 0000000180001660 f   p5engine.obj
 0001:000007e0       ?ClearCollisionRulesFor@@YAXPEAUgame_state@@I@Z 00000001800017e0 f   p5engine.obj
 0001:000008e0       ?BeginTaskWithMemory@@YAPEAUtask_with_memory@@PEAUtransient_state@@@Z 00000001800018e0 f   p5engine.obj
 0001:000009c0       ?EndTaskWithMemory@@YAXPEAUtask_with_memory@@@Z 00000001800019c0 f   p5engine.obj
 0001:00000a20       ?DrawRectangle@@YAXPEAUloaded_bitmap@@Tv2@@1Tv4@@Urectangle2i@@H@Z 0000000180001a20 f   p5engine.obj
 0001:00000cd0       ?RenderGroupToOutput@@YAXPEAUrender_group@@PEAUloaded_bitmap@@Urectangle2i@@H@Z 0000000180001cd0 f   p5engine.obj
 0001:000010c0       ?DoTiledRenderWork@@YAXPEAUplatform_work_queue@@PEAX@Z 00000001800020c0 f   p5engine.obj
 0001:00001170       ?RenderGroupToOutput@@YAXPEAUrender_group@@PEAUloaded_bitmap@@@Z 0000000180002170 f   p5engine.obj
 0001:00001250       ?TiledRenderGroupToOutput@@YAXPEAUplatform_work_queue@@PEAUrender_group@@PEAUloaded_bitmap@@@Z 0000000180002250 f   p5engine.obj
 0001:00001480       ?AllocateRenderGroup@@YAPEAUrender_group@@PEAUgame_assets@@PEAUmemory_arena@@IH@Z 0000000180002480 f   p5engine.obj
 0001:000015b0       ?InitializeWorld@@YAXPEAUworld@@Tv3@@@Z 00000001800025b0 f   p5engine.obj
 0001:00001650       ?Subtract@@YA?ATv3@@PEAUworld@@PEAUworld_position@@1@Z 0000000180002650 f   p5engine.obj
 0001:000018c0       ?ChangeEntityLocation@@YAXPEAUmemory_arena@@PEAUworld@@IPEAUlow_entity@@Uworld_position@@@Z 00000001800028c0 f   p5engine.obj
 0001:00001a50       ?GetHashFromStorageIndex@@YAPEAUsim_entity_hash@@PEAUsim_region@@I@Z 0000000180002a50 f   p5engine.obj
 0001:00001b20       ?AddEntity@@YAPEAUsim_entity@@PEAUgame_state@@PEAUsim_region@@IPEAUlow_entity@@PEATv3@@@Z 0000000180002b20 f   p5engine.obj
 0001:00001c80       ?AddEntityRaw@@YAPEAUsim_entity@@PEAUgame_state@@PEAUsim_region@@IPEAUlow_entity@@@Z 0000000180002c80 f   p5engine.obj
 0001:00001e00       ?BeginSim@@YAPEAUsim_region@@PEAUmemory_arena@@PEAUgame_state@@PEAUworld@@Uworld_position@@Urectangle3@@M@Z 0000000180002e00 f   p5engine.obj
 0001:00002470       ?EndSim@@YAXPEAUsim_region@@PEAUgame_state@@@Z 0000000180003470 f   p5engine.obj
 0001:00002730       ?CanCollide@@YAHPEAUgame_state@@PEAUsim_entity@@1@Z 0000000180003730 f   p5engine.obj
 0001:00002880       ?HandleCollision@@YAHPEAUgame_state@@PEAUsim_entity@@1@Z 0000000180003880 f   p5engine.obj
 0001:00002960       ?CanOverlap@@YAHPEAUgame_state@@PEAUsim_entity@@1@Z 0000000180003960 f   p5engine.obj
 0001:000029c0       ?HandleOverlap@@YAXPEAUgame_state@@PEAUsim_entity@@1MPEAM@Z 00000001800039c0 f   p5engine.obj
 0001:00002a60       ?SpeculativeCollide@@YAHPEAUsim_entity@@0Tv3@@@Z 0000000180003a60 f   p5engine.obj
 0001:00002b60       ?EntitiesOverlap@@YAHPEAUsim_entity@@0Tv3@@@Z 0000000180003b60 f   p5engine.obj
 0001:00002ea0       ?MoveEntity@@YAXPEAUgame_state@@PEAUsim_region@@PEAUsim_entity@@MPEAUmove_spec@@Tv3@@@Z 0000000180003ea0 f   p5engine.obj
 0001:00004800       ?LoadAssetWork@@YAXPEAUplatform_work_queue@@PEAX@Z 0000000180005800 f   p5engine.obj
 0001:000048b0       ?InsertBlock@@YAPEAUasset_memory_block@@PEAU1@_KPEAX@Z 00000001800058b0 f   p5engine.obj
 0001:00004960       ?RemoveAssetHeaderFromList@@YAXPEAUasset_memory_header@@@Z 0000000180005960 f   p5engine.obj
 0001:000049d0       ?FindBlockForSize@@YAPEAUasset_memory_block@@PEAUgame_assets@@_K@Z 00000001800059d0 f   p5engine.obj
 0001:00004a70       ?MergeIfPossible@@YAHPEAUgame_assets@@PEAUasset_memory_block@@1@Z 0000000180005a70 f   p5engine.obj
 0001:00004b70       ?AcquireAssetMemory@@YAPEAXPEAUgame_assets@@_K@Z 0000000180005b70 f   p5engine.obj
 0001:00004dc0       ?GetBestMatchAssetFrom@@YAIPEAUgame_assets@@W4asset_type_id@@PEAUasset_vector@@2@Z 0000000180005dc0 f   p5engine.obj
 0001:00005000       ?GetRandomAssetFrom@@YAIPEAUgame_assets@@W4asset_type_id@@PEAUrandom_series@@@Z 0000000180006000 f   p5engine.obj
 0001:000050a0       ?GetFirstAssetFrom@@YAIPEAUgame_assets@@W4asset_type_id@@@Z 00000001800060a0 f   p5engine.obj
 0001:00005110       ?GetBestMatchBitmapFrom@@YA?AUbitmap_id@@PEAUgame_assets@@W4asset_type_id@@PEAUasset_vector@@2@Z 0000000180006110 f   p5engine.obj
 0001:00005160       ?GetFirstBitmapFrom@@YA?AUbitmap_id@@PEAUgame_assets@@W4asset_type_id@@@Z 0000000180006160 f   p5engine.obj
 0001:000051a0       ?GetRandomBitmapFrom@@YA?AUbitmap_id@@PEAUgame_assets@@W4asset_type_id@@PEAUrandom_series@@@Z 00000001800061a0 f   p5engine.obj
 0001:000051f0       ?GetRandomSoundFrom@@YA?AUsound_id@@PEAUgame_assets@@W4asset_type_id@@PEAUrandom_series@@@Z 00000001800061f0 f   p5engine.obj
 0001:00005240       ?AllocateGameAssets@@YAPEAUgame_assets@@PEAUmemory_arena@@_KPEAUtransient_state@@@Z 0000000180006240 f   p5engine.obj
 0001:00005b30       ?PlaySound@@YAPEAUplaying_sound@@PEAUaudio_state@@Usound_id@@@Z 0000000180006b30 f   p5engine.obj
 0001:00005c60       ?ChangeVolume@@YAXPEAUaudio_state@@PEAUplaying_sound@@MTv2@@@Z 0000000180006c60 f   p5engine.obj
 0001:00005d30       ?OutputPlayingSounds@@YAXPEAUaudio_state@@PEAUgame_sound_output_buffer@@PEAUgame_assets@@PEAUmemory_arena@@@Z 0000000180006d30 f   p5engine.obj
 0001:00006e10       ?InitializeAudioState@@YAXPEAUaudio_state@@PEAUmemory_arena@@@Z 0000000180007e10 f   p5engine.obj
 0001:00006e90       ?AddLowEntity@@YA?AUadd_low_entity_result@@PEAUgame_state@@W4entity_type@@Uworld_position@@@Z 0000000180007e90 f   p5engine.obj
 0001:00007090       ?AddGroundedEntity@@YA?AUadd_low_entity_result@@PEAUgame_state@@W4entity_type@@Uworld_position@@PEAUsim_entity_collision_volume_group@@@Z 0000000180008090 f   p5engine.obj
 0001:00007140       ?AddStandardRoom@@YA?AUadd_low_entity_result@@PEAUgame_state@@III@Z 0000000180008140 f   p5engine.obj
 0001:000072a0       ?AddWall@@YA?AUadd_low_entity_result@@PEAUgame_state@@III@Z 00000001800082a0 f   p5engine.obj
 0001:00007400       ?AddStairs@@YA?AUadd_low_entity_result@@PEAUgame_state@@III@Z 0000000180008400 f   p5engine.obj
 0001:00007590       ?InitHitPoints@@YAXPEAUlow_entity@@I@Z 0000000180008590 f   p5engine.obj
 0001:00007620       ?AddSword@@YA?AUadd_low_entity_result@@PEAUgame_state@@@Z 0000000180008620 f   p5engine.obj
 0001:00007710       ?AddPlayer@@YA?AUadd_low_entity_result@@PEAUgame_state@@@Z 0000000180008710 f   p5engine.obj
 0001:00007850       ?AddMonstar@@YA?AUadd_low_entity_result@@PEAUgame_state@@III@Z 0000000180008850 f   p5engine.obj
 0001:000079c0       ?AddFamiliar@@YA?AUadd_low_entity_result@@PEAUgame_state@@III@Z 00000001800089c0 f   p5engine.obj
 0001:00007b20       ?DrawHitpoints@@YAXPEAUsim_entity@@PEAUrender_group@@@Z 0000000180008b20 f   p5engine.obj
 0001:00007d90       ?MakeSimpleGroundedCollision@@YAPEAUsim_entity_collision_volume_group@@PEAUgame_state@@MMM@Z 0000000180008d90 f   p5engine.obj
 0001:00007ef0       ?MakeNullCollision@@YAPEAUsim_entity_collision_volume_group@@PEAUgame_state@@@Z 0000000180008ef0 f   p5engine.obj
 0001:00007fd0       ?FillGroundChunkWork@@YAXPEAUplatform_work_queue@@PEAX@Z 0000000180008fd0 f   p5engine.obj
 0001:00008030       ?FillGroundChunk@@YAXPEAUtransient_state@@PEAUgame_state@@PEAUground_buffer@@PEAUworld_position@@@Z 0000000180009030 f   p5engine.obj
 0001:000088b0       ?ClearBitmap@@YAXPEAUloaded_bitmap@@@Z 00000001800098b0 f   p5engine.obj
 0001:00008910       ?MakeEmptyBitmap@@YA?AUloaded_bitmap@@PEAUmemory_arena@@HHH@Z 0000000180009910 f   p5engine.obj
 0001:00008a50       ?MakeSphereDiffuseMap@@YAXPEAUloaded_bitmap@@MM@Z 0000000180009a50 f   p5engine.obj
 0001:00008d80       ?MakeSphereNormalMap@@YAXPEAUloaded_bitmap@@MMM@Z 0000000180009d80 f   p5engine.obj
 0001:0000dd38       $LN167                     000000018000ed38     p5engine.obj
 0001:00013c00       $$000000                   0000000180014c00     MSVCRTD:chkstk.obj
 0001:00013c60       $$000000                   0000000180014c60     MSVCRTD:amdsecgs.obj
 0001:00013c90       ?dllmain_crt_dispatch@@YAHQEAUHINSTANCE__@@KQEAX@Z 0000000180014c90 f   MSVCRTD:dll_dllmain.obj
 0001:00013d20       ?dllmain_crt_process_attach@@YAHQEAUHINSTANCE__@@QEAX@Z 0000000180014d20 f   MSVCRTD:dll_dllmain.obj
 0001:00013e60       ?dllmain_crt_process_detach@@YAH_N@Z 0000000180014e60 f   MSVCRTD:dll_dllmain.obj
 0001:00013f00       ?dllmain_dispatch@@YAHQEAUHINSTANCE__@@KQEAX@Z 0000000180014f00 f   MSVCRTD:dll_dllmain.obj
 0001:00014040       ?dllmain_raw@@YAHQEAUHINSTANCE__@@KQEAX@Z 0000000180015040 f   MSVCRTD:dll_dllmain.obj
 0001:00014200       capture_previous_context   0000000180015200 f   MSVCRTD:gs_report.obj
 0001:000142c0       __get_entropy              00000001800152c0 f   MSVCRTD:gs_support.obj
 0001:00014510       ?find_pe_section@@YAPEAU_IMAGE_SECTION_HEADER@@QEAE_K@Z 0000000180015510 f   MSVCRTD:utility.obj
 0001:000145f0       ?is_potentially_valid_image_base@@YA_NQEAX@Z 00000001800155f0 f   MSVCRTD:utility.obj
 0001:00015190       $$000000                   0000000180016190     MSVCRTD:guard_dispatch.obj
 0001:000151b0       $$000000                   00000001800161b0     MSVCRTD:guard_xfg_dispatch.obj
 0001:000151d0       ?fin$0@?0??dllmain_crt_process_attach@@YAHQEAUHINSTANCE__@@QEAX@Z@4HA 00000001800161d0 f   MSVCRTD:dll_dllmain.obj
 0001:000151f0       ?fin$0@?0??dllmain_crt_process_detach@@YAH_N@Z@4HA 00000001800161f0 f   MSVCRTD:dll_dllmain.obj
 0001:0001520a       ?fin$1@?0??dllmain_crt_process_detach@@YAH_N@Z@4HA 000000018001620a f   MSVCRTD:dll_dllmain.obj
 0001:00015220       ?filt$0@?0??dllmain_dispatch@@YAHQEAUHINSTANCE__@@KQEAX@Z@4HA 0000000180016220 f   MSVCRTD:dll_dllmain.obj
 0001:00015270       __scrt_is_nonwritable_in_current_image$filt$0 0000000180016270 f   MSVCRTD:utility.obj
 0002:00000170       $SG33030                   0000000180017170     p5engine.obj
 0002:00000198       $SG33032                   0000000180017198     p5engine.obj
 0002:000001b8       $SG33036                   00000001800171b8     p5engine.obj
 0002:000001c8       $SG34303                   00000001800171c8     p5engine.obj
 0002:000001d8       $SG34323                   00000001800171d8     p5engine.obj
 0002:000001e8       $SG31796                   00000001800171e8     p5engine.obj
 0002:000001f8       $SG32219                   00000001800171f8     p5engine.obj
 0002:000003c8       GS_ExceptionPointers       00000001800173c8     MSVCRTD:gs_report.obj
 0002:000009f0       $unwind$?AbsoluteValue@@YAMM@Z 00000001800179f0     p5engine.obj
 0002:000009f0       $unwind$?Clamp01@@YAMM@Z   00000001800179f0     p5engine.obj
 0002:000009f0       $unwind$?RoundReal32ToInt32@@YAHM@Z 00000001800179f0     p5engine.obj
 0002:000009f0       $unwind$?RoundReal32ToUInt32@@YAIM@Z 00000001800179f0     p5engine.obj
 0002:000009f0       $unwind$?SignOf@@YAMM@Z    00000001800179f0     p5engine.obj
 0002:000009f0       $unwind$?Sin@@YAMM@Z       00000001800179f0     p5engine.obj
 0002:000009f0       $unwind$?Square@@YAMM@Z    00000001800179f0     p5engine.obj
 0002:000009f0       $unwind$?SquareRoot@@YAMM@Z 00000001800179f0     p5engine.obj
 0002:000009f0       $unwind$TruncateReal32ToInt32 00000001800179f0     p5engine.obj
 0002:000009f8       $unwind$?GetFileHandleFor@@YAPEAUplatform_file_handle@@PEAUgame_assets@@I@Z 00000001800179f8     p5engine.obj
 0002:000009f8       $unwind$?GetLowEntity@@YAPEAUlow_entity@@PEAUgame_state@@I@Z 00000001800179f8     p5engine.obj
 0002:000009f8       $unwind$?GetSoundInfo@@YAPEAUp5a_sound@@PEAUgame_assets@@Usound_id@@@Z 00000001800179f8     p5engine.obj
 0002:000009f8       $unwind$?HasFlag@@YAHPEAUsim_entity@@I@Z 00000001800179f8     p5engine.obj
 0002:000009f8       $unwind$?RandomChoice@@YAIPEAUrandom_series@@I@Z 00000001800179f8     p5engine.obj
 0002:000009f8       $unwind$GetController      00000001800179f8     p5engine.obj
 0002:00000a00       $unwind$?InitializeArena@@YAXPEAUmemory_arena@@_KPEAX@Z 0000000180017a00     p5engine.obj
 0002:00000a08       $unwind$?GetAlignmentOffset@@YA_KPEAUmemory_arena@@_K@Z 0000000180017a08     p5engine.obj
 0002:00000a10       $unwind$??Y@YAAEATv2@@AEAT0@T0@@Z 0000000180017a10     p5engine.obj
 0002:00000a10       $unwind$?GetArenaSizeRemaining@@YA_KPEAUmemory_arena@@_K@Z 0000000180017a10     p5engine.obj
 0002:00000a10       $unwind$?Hadamard@@YA?ATv2@@T1@0@Z 0000000180017a10     p5engine.obj
 0002:00000a10       $unwind$?Inner@@YAMTv2@@0@Z 0000000180017a10     p5engine.obj
 0002:00000a10       $unwind$?Inner@@YAMTv3@@0@Z 0000000180017a10     p5engine.obj
 0002:00000a10       $unwind$?InsertAssetHeaderAtFront@@YAXPEAUgame_assets@@PEAUasset_memory_header@@@Z 0000000180017a10     p5engine.obj
 0002:00000a10       $unwind$?IsCanonical@@YAHPEAUworld@@Tv3@@@Z 0000000180017a10     p5engine.obj
 0002:00000a10       $unwind$?IsInRectangle@@YAHUrectangle3@@Tv3@@@Z 0000000180017a10     p5engine.obj
 0002:00000a10       $unwind$?RectanglesIntersect@@YAHUrectangle3@@0@Z 0000000180017a10     p5engine.obj
 0002:00000a10       $unwind$?ZeroSize@@YAX_KPEAX@Z 0000000180017a10     p5engine.obj
 0002:00000a10       $unwind$?find_pe_section@@YAPEAU_IMAGE_SECTION_HEADER@@QEAE_K@Z 0000000180017a10     MSVCRTD:utility.obj
 0002:00000a18       $unwind$?PushSize_@@YAPEAXPEAUmemory_arena@@_K1@Z 0000000180017a18     p5engine.obj
 0002:00000a20       $unwind$?BeginTemporaryMemory@@YA?AUtemporary_memory@@PEAUmemory_arena@@@Z 0000000180017a20     p5engine.obj
 0002:00000a34       $unwind$?AllResourcesPresent@@YAHPEAUrender_group@@@Z 0000000180017a34     p5engine.obj
 0002:00000a34       $unwind$?EndTemporaryMemory@@YAXUtemporary_memory@@@Z 0000000180017a34     p5engine.obj
 0002:00000a34       $unwind$?GetDim@@YA?ATv2@@Urectangle2@@@Z 0000000180017a34     p5engine.obj
 0002:00000a34       $unwind$?IsValid@@YAHUworld_position@@@Z 0000000180017a34     p5engine.obj
 0002:00000a34       $unwind$?LengthSq@@YAMTv2@@@Z 0000000180017a34     p5engine.obj
 0002:00000a34       $unwind$?RandomBilateral@@YAMPEAUrandom_series@@@Z 0000000180017a34     p5engine.obj
 0002:00000a34       $unwind$?RandomNextUInt32@@YAIPEAUrandom_series@@@Z 0000000180017a34     p5engine.obj
 0002:00000a34       $unwind$?RandomUnilateral@@YAMPEAUrandom_series@@@Z 0000000180017a34     p5engine.obj
 0002:00000a34       $unwind$__CheckForDebuggerJustMyCode 0000000180017a34     MSVCRTD:debugger_jmc.obj
 0002:00000a34       $unwind$__report_gsfailure 0000000180017a34     MSVCRTD:gs_report.obj
 0002:00000a3c       $unwind$?CheckArena@@YAXPEAUmemory_arena@@@Z 0000000180017a3c     p5engine.obj
 0002:00000a3c       $unwind$?StoreEntityReference@@YAXPEATentity_reference@@@Z 0000000180017a3c     p5engine.obj
 0002:00000a3c       $unwind$__raise_securityfailure 0000000180017a3c     MSVCRTD:gs_report.obj
 0002:00000a3c       $unwind$?is_potentially_valid_image_base@@YA_NQEAX@Z 0000000180017a3c     MSVCRTD:utility.obj
 0002:00000a44       $unwind$?SubArena@@YAXPEAUmemory_arena@@0_K1@Z 0000000180017a44     p5engine.obj
 0002:00000a44       $unwind$__GSHandlerCheck   0000000180017a44     MSVCRTD:gshandler.obj
 0002:00000a4c       $unwind$?AddAssetHeaderToList@@YAXPEAUgame_assets@@IUasset_memory_size@@@Z 0000000180017a4c     p5engine.obj
 0002:00000a4c       $unwind$?AtomicCompareExchangeUInt32@@YAIPECIII@Z 0000000180017a4c     p5engine.obj
 0002:00000a4c       $unwind$?PushRenderElement_@@YAPEAXPEAUrender_group@@IW4render_group_entry_type@@@Z 0000000180017a4c     p5engine.obj
 0002:00000a4c       $unwind$?dllmain_crt_dispatch@@YAHQEAUHINSTANCE__@@KQEAX@Z 0000000180017a4c     MSVCRTD:dll_dllmain.obj
 0002:00000a4c       $unwind$?dllmain_raw@@YAHQEAUHINSTANCE__@@KQEAX@Z 0000000180017a4c     MSVCRTD:dll_dllmain.obj
 0002:00000a54       $unwind$?ATan2@@YAMMM@Z    0000000180017a54     p5engine.obj
 0002:00000a54       $unwind$?IsCanonical@@YAHMM@Z 0000000180017a54     p5engine.obj
 0002:00000a54       $unwind$?SafeRatio1@@YAMMM@Z 0000000180017a54     p5engine.obj
 0002:00000a5c       $unwind$?Clamp01MapToRange@@YAMMMM@Z 0000000180017a5c     p5engine.obj
 0002:00000a5c       $unwind$?Clamp@@YAMMMM@Z   0000000180017a5c     p5engine.obj
 0002:00000a5c       $unwind$?Lerp@@YAMMMM@Z    0000000180017a5c     p5engine.obj
 0002:00000a5c       $unwind$?SafeRatioN@@YAMMMM@Z 0000000180017a5c     p5engine.obj
 0002:00000a64       $unwind$?V2@@YA?ATv2@@MM@Z 0000000180017a64     p5engine.obj
 0002:00000a74       $unwind$?V2i@@YA?ATv2@@HH@Z 0000000180017a74     p5engine.obj
 0002:00000a7c       $unwind$??D@YA?ATv2@@MT0@@Z 0000000180017a7c     p5engine.obj
 0002:00000a8c       $unwind$??G@YA?ATv2@@T0@0@Z 0000000180017a8c     p5engine.obj
 0002:00000a8c       $unwind$??H@YA?ATv2@@T0@0@Z 0000000180017a8c     p5engine.obj
 0002:00000a8c       $unwind$?GetBarycentric@@YA?ATv2@@Urectangle2@@T1@@Z 0000000180017a8c     p5engine.obj
 0002:00000a9c       $unwind$?Clamp01@@YA?ATv2@@T1@@Z 0000000180017a9c     p5engine.obj
 0002:00000aac       $unwind$?V3@@YA?ATv3@@MMM@Z 0000000180017aac     p5engine.obj
 0002:00000aac       $unwind$?V4@@YA?ATv4@@MMMM@Z 0000000180017aac     p5engine.obj
 0002:00000ac0       $unwind$??D@YA?ATv3@@MT0@@Z 0000000180017ac0     p5engine.obj
 0002:00000ac0       $unwind$??D@YA?ATv4@@MT0@@Z 0000000180017ac0     p5engine.obj
 0002:00000ac0       $unwind$?ToV3@@YA?ATv3@@Tv2@@M@Z 0000000180017ac0     p5engine.obj
 0002:00000ad4       $unwind$??D@YA?ATv3@@T0@M@Z 0000000180017ad4     p5engine.obj
 0002:00000ad4       $unwind$?GetCameraRectangleAtDistance@@YA?AUrectangle2@@PEAUrender_group@@M@Z 0000000180017ad4     p5engine.obj
 0002:00000ae0       $unwind$??X@YAAEATv3@@AEAT0@M@Z 0000000180017ae0     p5engine.obj
 0002:00000aec       $unwind$??G@YA?ATv3@@T0@0@Z 0000000180017aec     p5engine.obj
 0002:00000aec       $unwind$??H@YA?ATv3@@T0@0@Z 0000000180017aec     p5engine.obj
 0002:00000aec       $unwind$??H@YA?ATv4@@T0@0@Z 0000000180017aec     p5engine.obj
 0002:00000b00       $unwind$??Y@YAAEATv3@@AEAT0@T0@@Z 0000000180017b00     p5engine.obj
 0002:00000b00       $unwind$??Y@YAAEATv4@@AEAT0@T0@@Z 0000000180017b00     p5engine.obj
 0002:00000b00       $unwind$??Z@YAAEATv3@@AEAT0@T0@@Z 0000000180017b00     p5engine.obj
 0002:00000b00       $unwind$?GetDim@@YA?ATv3@@Urectangle3@@@Z 0000000180017b00     p5engine.obj
 0002:00000b0c       $unwind$?AreInSameChunk@@YAHPEAUworld@@PEAUworld_position@@1@Z 0000000180017b0c     p5engine.obj
 0002:00000b0c       $unwind$?Hadamard@@YA?ATv3@@T1@0@Z 0000000180017b0c     p5engine.obj
 0002:00000b0c       $unwind$?RectCenterDim@@YA?AUrectangle2@@Tv2@@0@Z 0000000180017b0c     p5engine.obj
 0002:00000b18       $unwind$?LengthSq@@YAMTv3@@@Z 0000000180017b18     p5engine.obj
 0002:00000b24       $unwind$?Length@@YAMTv3@@@Z 0000000180017b24     p5engine.obj
 0002:00000b24       $unwind$?MakeEntityNonSpatial@@YAXPEAUsim_entity@@@Z 0000000180017b24     p5engine.obj
 0002:00000b30       $unwind$?RectCenterHalfDim@@YA?AUrectangle2@@Tv2@@0@Z 0000000180017b30     p5engine.obj
 0002:00000b44       $unwind$?Intersect@@YA?AUrectangle2i@@U1@0@Z 0000000180017b44     p5engine.obj
 0002:00000b50       $unwind$?Clear@@YAXPEAUrender_group@@Tv4@@@Z 0000000180017b50     p5engine.obj
 0002:00000b50       $unwind$?GetMaxCorner@@YA?ATv3@@Urectangle3@@@Z 0000000180017b50     p5engine.obj
 0002:00000b50       $unwind$?GetMinCorner@@YA?ATv3@@Urectangle3@@@Z 0000000180017b50     p5engine.obj
 0002:00000b5c       $unwind$?RectMinMax@@YA?AUrectangle3@@Tv3@@0@Z 0000000180017b5c     p5engine.obj
 0002:00000b70       $unwind$?AddRadiusTo@@YA?AUrectangle3@@U1@Tv3@@@Z 0000000180017b70     p5engine.obj
 0002:00000b70       $unwind$?RectCenterHalfDim@@YA?AUrectangle3@@Tv3@@0@Z 0000000180017b70     p5engine.obj
 0002:00000b84       $unwind$?RectCenterDim@@YA?AUrectangle3@@Tv3@@0@Z 0000000180017b84     p5engine.obj
 0002:00000b90       $unwind$?RandomSeed@@YA?AUrandom_series@@I@Z 0000000180017b90     p5engine.obj
 0002:00000ba0       $unwind$?RandomBetween@@YAMPEAUrandom_series@@MM@Z 0000000180017ba0     p5engine.obj
 0002:00000ba8       $unwind$?AddFlags@@YAXPEAUsim_entity@@I@Z 0000000180017ba8     p5engine.obj
 0002:00000ba8       $unwind$?ClearFlags@@YAXPEAUsim_entity@@I@Z 0000000180017ba8     p5engine.obj
 0002:00000ba8       $unwind$?PrefetchSound@@YAXPEAUgame_assets@@Usound_id@@@Z 0000000180017ba8     p5engine.obj
 0002:00000bb0       $unwind$?MakeEntitySpatial@@YAXPEAUsim_entity@@Tv3@@1@Z 0000000180017bb0     p5engine.obj
 0002:00000bbc       $unwind$?GetEntityGroundPoint@@YA?ATv3@@PEAUsim_entity@@T1@@Z 0000000180017bbc     p5engine.obj
 0002:00000bc8       $unwind$?GetEntityGroundPoint@@YA?ATv3@@PEAUsim_entity@@@Z 0000000180017bc8     p5engine.obj
 0002:00000bd4       $unwind$?GetStairGround@@YAMPEAUsim_entity@@Tv3@@@Z 0000000180017bd4     p5engine.obj
 0002:00000be0       $unwind$?MoveHeaderToFront@@YAXPEAUgame_assets@@PEAUasset@@@Z 0000000180017be0     p5engine.obj
 0002:00000be8       $unwind$?LoadBitmap@@YAXPEAUgame_assets@@Ubitmap_id@@@Z 0000000180017be8     p5engine.obj
 0002:00000bfc       $unwind$?LoadSound@@YAXPEAUgame_assets@@Usound_id@@@Z 0000000180017bfc     p5engine.obj
 0002:00000c10       $unwind$?AddCollisionRule@@YAXPEAUgame_state@@IIH@Z 0000000180017c10     p5engine.obj
 0002:00000c18       $unwind$?ClearCollisionRulesFor@@YAXPEAUgame_state@@I@Z 0000000180017c18     p5engine.obj
 0002:00000c20       $unwind$?BeginTaskWithMemory@@YAPEAUtask_with_memory@@PEAUtransient_state@@@Z 0000000180017c20     p5engine.obj
 0002:00000c2c       $unwind$?EndTaskWithMemory@@YAXPEAUtask_with_memory@@@Z 0000000180017c2c     p5engine.obj
 0002:00000c38       $unwind$?DrawRectangle@@YAXPEAUloaded_bitmap@@Tv2@@1Tv4@@Urectangle2i@@H@Z 0000000180017c38     p5engine.obj
 0002:00000c44       $unwind$?RenderGroupToOutput@@YAXPEAUrender_group@@PEAUloaded_bitmap@@Urectangle2i@@H@Z 0000000180017c44     p5engine.obj
 0002:00000c50       $unwind$?DoTiledRenderWork@@YAXPEAUplatform_work_queue@@PEAX@Z 0000000180017c50     p5engine.obj
 0002:00000c5c       $unwind$?RenderGroupToOutput@@YAXPEAUrender_group@@PEAUloaded_bitmap@@@Z 0000000180017c5c     p5engine.obj
 0002:00000c70       $unwind$?TiledRenderGroupToOutput@@YAXPEAUplatform_work_queue@@PEAUrender_group@@PEAUloaded_bitmap@@@Z 0000000180017c70     p5engine.obj
 0002:00000c84       $unwind$?AllocateRenderGroup@@YAPEAUrender_group@@PEAUgame_assets@@PEAUmemory_arena@@IH@Z 0000000180017c84     p5engine.obj
 0002:00000c90       $unwind$?InitializeWorld@@YAXPEAUworld@@Tv3@@@Z 0000000180017c90     p5engine.obj
 0002:00000c9c       $unwind$?Subtract@@YA?ATv3@@PEAUworld@@PEAUworld_position@@1@Z 0000000180017c9c     p5engine.obj
 0002:00000cb0       $unwind$?ChangeEntityLocation@@YAXPEAUmemory_arena@@PEAUworld@@IPEAUlow_entity@@Uworld_position@@@Z 0000000180017cb0     p5engine.obj
 0002:00000cbc       $unwind$?GetHashFromStorageIndex@@YAPEAUsim_entity_hash@@PEAUsim_region@@I@Z 0000000180017cbc     p5engine.obj
 0002:00000cc4       $unwind$?AddEntity@@YAPEAUsim_entity@@PEAUgame_state@@PEAUsim_region@@IPEAUlow_entity@@PEATv3@@@Z 0000000180017cc4     p5engine.obj
 0002:00000cd0       $unwind$?AddEntityRaw@@YAPEAUsim_entity@@PEAUgame_state@@PEAUsim_region@@IPEAUlow_entity@@@Z 0000000180017cd0     p5engine.obj
 0002:00000cdc       $unwind$?BeginSim@@YAPEAUsim_region@@PEAUmemory_arena@@PEAUgame_state@@PEAUworld@@Uworld_position@@Urectangle3@@M@Z 0000000180017cdc     p5engine.obj
 0002:00000cf0       $unwind$?EndSim@@YAXPEAUsim_region@@PEAUgame_state@@@Z 0000000180017cf0     p5engine.obj
 0002:00000cfc       $unwind$?CanCollide@@YAHPEAUgame_state@@PEAUsim_entity@@1@Z 0000000180017cfc     p5engine.obj
 0002:00000d04       $unwind$?HandleCollision@@YAHPEAUgame_state@@PEAUsim_entity@@1@Z 0000000180017d04     p5engine.obj
 0002:00000d0c       $unwind$?CanOverlap@@YAHPEAUgame_state@@PEAUsim_entity@@1@Z 0000000180017d0c     p5engine.obj
 0002:00000d14       $unwind$?HandleOverlap@@YAXPEAUgame_state@@PEAUsim_entity@@1MPEAM@Z 0000000180017d14     p5engine.obj
 0002:00000d20       $unwind$?SpeculativeCollide@@YAHPEAUsim_entity@@0Tv3@@@Z 0000000180017d20     p5engine.obj
 0002:00000d2c       $unwind$?EntitiesOverlap@@YAHPEAUsim_entity@@0Tv3@@@Z 0000000180017d2c     p5engine.obj
 0002:00000d38       $unwind$?MoveEntity@@YAXPEAUgame_state@@PEAUsim_region@@PEAUsim_entity@@MPEAUmove_spec@@Tv3@@@Z 0000000180017d38     p5engine.obj
 0002:00000d4c       $unwind$?LoadAssetWork@@YAXPEAUplatform_work_queue@@PEAX@Z 0000000180017d4c     p5engine.obj
 0002:00000d54       $unwind$?InsertBlock@@YAPEAUasset_memory_block@@PEAU1@_KPEAX@Z 0000000180017d54     p5engine.obj
 0002:00000d5c       $unwind$?RemoveAssetHeaderFromList@@YAXPEAUasset_memory_header@@@Z 0000000180017d5c     p5engine.obj
 0002:00000d64       $unwind$?FindBlockForSize@@YAPEAUasset_memory_block@@PEAUgame_assets@@_K@Z 0000000180017d64     p5engine.obj
 0002:00000d6c       $unwind$?MergeIfPossible@@YAHPEAUgame_assets@@PEAUasset_memory_block@@1@Z 0000000180017d6c     p5engine.obj
 0002:00000d74       $unwind$?AcquireAssetMemory@@YAPEAXPEAUgame_assets@@_K@Z 0000000180017d74     p5engine.obj
 0002:00000d7c       $unwind$?GetBestMatchAssetFrom@@YAIPEAUgame_assets@@W4asset_type_id@@PEAUasset_vector@@2@Z 0000000180017d7c     p5engine.obj
 0002:00000d84       $unwind$?GetRandomAssetFrom@@YAIPEAUgame_assets@@W4asset_type_id@@PEAUrandom_series@@@Z 0000000180017d84     p5engine.obj
 0002:00000d8c       $unwind$?GetFirstAssetFrom@@YAIPEAUgame_assets@@W4asset_type_id@@@Z 0000000180017d8c     p5engine.obj
 0002:00000d94       $unwind$?GetBestMatchBitmapFrom@@YA?AUbitmap_id@@PEAUgame_assets@@W4asset_type_id@@PEAUasset_vector@@2@Z 0000000180017d94     p5engine.obj
 0002:00000d9c       $unwind$?GetFirstBitmapFrom@@YA?AUbitmap_id@@PEAUgame_assets@@W4asset_type_id@@@Z 0000000180017d9c     p5engine.obj
 0002:00000da4       $unwind$?GetRandomBitmapFrom@@YA?AUbitmap_id@@PEAUgame_assets@@W4asset_type_id@@PEAUrandom_series@@@Z 0000000180017da4     p5engine.obj
 0002:00000dac       $unwind$?GetRandomSoundFrom@@YA?AUsound_id@@PEAUgame_assets@@W4asset_type_id@@PEAUrandom_series@@@Z 0000000180017dac     p5engine.obj
 0002:00000db4       $unwind$?AllocateGameAssets@@YAPEAUgame_assets@@PEAUmemory_arena@@_KPEAUtransient_state@@@Z 0000000180017db4     p5engine.obj
 0002:00000dc8       $unwind$?PlaySound@@YAPEAUplaying_sound@@PEAUaudio_state@@Usound_id@@@Z 0000000180017dc8     p5engine.obj
 0002:00000dd0       $unwind$?ChangeVolume@@YAXPEAUaudio_state@@PEAUplaying_sound@@MTv2@@@Z 0000000180017dd0     p5engine.obj
 0002:00000dd8       $unwind$?OutputPlayingSounds@@YAXPEAUaudio_state@@PEAUgame_sound_output_buffer@@PEAUgame_assets@@PEAUmemory_arena@@@Z 0000000180017dd8     p5engine.obj
 0002:00000dec       $unwind$?InitializeAudioState@@YAXPEAUaudio_state@@PEAUmemory_arena@@@Z 0000000180017dec     p5engine.obj
 0002:00000df4       $unwind$?AddLowEntity@@YA?AUadd_low_entity_result@@PEAUgame_state@@W4entity_type@@Uworld_position@@@Z 0000000180017df4     p5engine.obj
 0002:00000e08       $unwind$?AddGroundedEntity@@YA?AUadd_low_entity_result@@PEAUgame_state@@W4entity_type@@Uworld_position@@PEAUsim_entity_collision_volume_group@@@Z 0000000180017e08     p5engine.obj
 0002:00000e14       $unwind$?AddStandardRoom@@YA?AUadd_low_entity_result@@PEAUgame_state@@III@Z 0000000180017e14     p5engine.obj
 0002:00000e20       $unwind$?AddWall@@YA?AUadd_low_entity_result@@PEAUgame_state@@III@Z 0000000180017e20     p5engine.obj
 0002:00000e2c       $unwind$?AddStairs@@YA?AUadd_low_entity_result@@PEAUgame_state@@III@Z 0000000180017e2c     p5engine.obj
 0002:00000e38       $unwind$?InitHitPoints@@YAXPEAUlow_entity@@I@Z 0000000180017e38     p5engine.obj
 0002:00000e40       $unwind$?AddSword@@YA?AUadd_low_entity_result@@PEAUgame_state@@@Z 0000000180017e40     p5engine.obj
 0002:00000e4c       $unwind$?AddPlayer@@YA?AUadd_low_entity_result@@PEAUgame_state@@@Z 0000000180017e4c     p5engine.obj
 0002:00000e58       $unwind$?AddMonstar@@YA?AUadd_low_entity_result@@PEAUgame_state@@III@Z 0000000180017e58     p5engine.obj
 0002:00000e64       $unwind$?AddFamiliar@@YA?AUadd_low_entity_result@@PEAUgame_state@@III@Z 0000000180017e64     p5engine.obj
 0002:00000e70       $unwind$?DrawHitpoints@@YAXPEAUsim_entity@@PEAUrender_group@@@Z 0000000180017e70     p5engine.obj
 0002:00000e84       $unwind$?MakeSimpleGroundedCollision@@YAPEAUsim_entity_collision_volume_group@@PEAUgame_state@@MMM@Z 0000000180017e84     p5engine.obj
 0002:00000e90       $unwind$?MakeNullCollision@@YAPEAUsim_entity_collision_volume_group@@PEAUgame_state@@@Z 0000000180017e90     p5engine.obj
 0002:00000e9c       $unwind$?FillGroundChunkWork@@YAXPEAUplatform_work_queue@@PEAX@Z 0000000180017e9c     p5engine.obj
 0002:00000ea4       $unwind$?FillGroundChunk@@YAXPEAUtransient_state@@PEAUgame_state@@PEAUground_buffer@@PEAUworld_position@@@Z 0000000180017ea4     p5engine.obj
 0002:00000eb8       $unwind$?ClearBitmap@@YAXPEAUloaded_bitmap@@@Z 0000000180017eb8     p5engine.obj
 0002:00000ec0       $unwind$?MakeEmptyBitmap@@YA?AUloaded_bitmap@@PEAUmemory_arena@@HHH@Z 0000000180017ec0     p5engine.obj
 0002:00000ed4       $unwind$?MakeSphereDiffuseMap@@YAXPEAUloaded_bitmap@@MM@Z 0000000180017ed4     p5engine.obj
 0002:00000ee0       $unwind$?MakeSphereNormalMap@@YAXPEAUloaded_bitmap@@MMM@Z 0000000180017ee0     p5engine.obj
 0002:00000eec       $unwind$GameUpdateAndRender 0000000180017eec     p5engine.obj
 0002:00000f00       $unwind$GameGetSoundSamples 0000000180017f00     p5engine.obj
 0002:00000f08       $unwind$?GetAsset@@YAPEAUasset_memory_header@@PEAUgame_assets@@I@Z 0000000180017f08     p5engine.obj
 0002:00000f08       $unwind$?GetBitmap@@YAPEAUloaded_bitmap@@PEAUgame_assets@@Ubitmap_id@@@Z 0000000180017f08     p5engine.obj
 0002:00000f08       $unwind$?GetSound@@YAPEAUloaded_sound@@PEAUgame_assets@@Usound_id@@@Z 0000000180017f08     p5engine.obj
 0002:00000f10       $unwind$?IsValid@@YAHUsound_id@@@Z 0000000180017f10     p5engine.obj
 0002:00000f18       $unwind$?GetNextSoundInChain@@YA?AUsound_id@@PEAUgame_assets@@U1@@Z 0000000180017f18     p5engine.obj
 0002:00000f28       $unwind$?GetRenderEntityBasisPos@@YA?AUentity_basis_p_result@@PEAUrender_transform@@Tv3@@@Z 0000000180017f28     p5engine.obj
 0002:00000f3c       $unwind$?PushBitmap@@YAXPEAUrender_group@@PEAUloaded_bitmap@@Tv3@@MTv4@@@Z 0000000180017f3c     p5engine.obj
 0002:00000f48       $unwind$?PushBitmap@@YAXPEAUrender_group@@Ubitmap_id@@Tv3@@MTv4@@@Z 0000000180017f48     p5engine.obj
 0002:00000f54       $unwind$?PushRect@@YAXPEAUrender_group@@Tv3@@Tv2@@Tv4@@@Z 0000000180017f54     p5engine.obj
 0002:00000f60       $unwind$?PushRectOutline@@YAXPEAUrender_group@@Tv3@@Tv2@@Tv4@@@Z 0000000180017f60     p5engine.obj
 0002:00000f6c       $unwind$?Orthographic@@YAXPEAUrender_group@@HHM@Z 0000000180017f6c     p5engine.obj
 0002:00000f6c       $unwind$?Perspective@@YAXPEAUrender_group@@HHMMM@Z 0000000180017f6c     p5engine.obj
 0002:00000f74       $unwind$?RecanonicalizeCoord@@YAXMPEAHPEAM@Z 0000000180017f74     p5engine.obj
 0002:00000f74       $unwind$?Unproject@@YA?ATv2@@PEAUrender_group@@T1@M@Z 0000000180017f74     p5engine.obj
 0002:00000f7c       $unwind$?GetCameraRectangleAtTarget@@YA?AUrectangle2@@PEAUrender_group@@@Z 0000000180017f7c     p5engine.obj
 0002:00000f88       $unwind$?NullPosition@@YA?AUworld_position@@XZ 0000000180017f88     p5engine.obj
 0002:00000f9c       $unwind$?GetWorldChunk@@YAPEAUworld_chunk@@PEAUworld@@HHHPEAUmemory_arena@@@Z 0000000180017f9c     p5engine.obj
 0002:00000f9c       $unwind$__scrt_dllmain_exception_filter 0000000180017f9c     MSVCRTD:utility.obj
 0002:00000fa4       $unwind$?MapIntoChunkSpace@@YA?AUworld_position@@PEAUworld@@U1@Tv3@@@Z 0000000180017fa4     p5engine.obj
 0002:00000fb8       $unwind$?ChunkPositionFromTilePosition@@YA?AUworld_position@@PEAUworld@@HHHTv3@@@Z 0000000180017fb8     p5engine.obj
 0002:00000fcc       $unwind$?CenteredChunkPoint@@YA?AUworld_position@@III@Z 0000000180017fcc     p5engine.obj
 0002:00000fe0       $unwind$?ChangeEntityLocationRaw@@YAXPEAUmemory_arena@@PEAUworld@@IPEAUworld_position@@2@Z 0000000180017fe0     p5engine.obj
 0002:00000fec       $unwind$?GetSimSpacePos@@YA?ATv3@@PEAUsim_region@@PEAUlow_entity@@@Z 0000000180017fec     p5engine.obj
 0002:00000ff8       $unwind$?LoadEntityReference@@YAXPEAUgame_state@@PEAUsim_region@@PEATentity_reference@@@Z 0000000180017ff8     p5engine.obj
 0002:0000100c       $unwind$?EntityOverlapsRectangle@@YAHTv3@@Usim_entity_collision_volume@@Urectangle3@@@Z 000000018001800c     p5engine.obj
 0002:00001018       $unwind$?DefaultMoveSpec@@YA?AUmove_spec@@XZ 0000000180018018     p5engine.obj
 0002:0000102c       $unwind$?DrawRectangleQuickly@@YAXPEAUloaded_bitmap@@Tv2@@11Tv4@@0MUrectangle2i@@H@Z 000000018001802c     p5engine_optimized.obj
 0002:00001054       $chain$9$?DrawRectangleQuickly@@YAXPEAUloaded_bitmap@@Tv2@@11Tv4@@0MUrectangle2i@@H@Z 0000000180018054     p5engine_optimized.obj
 0002:0000108c       $chain$10$?DrawRectangleQuickly@@YAXPEAUloaded_bitmap@@Tv2@@11Tv4@@0MUrectangle2i@@H@Z 000000018001808c     p5engine_optimized.obj
 0002:0000109c       $unwind$__GSHandlerCheckCommon 000000018001809c     MSVCRTD:gshandler.obj
 0002:000010a8       $xdatasym                  00000001800180a8     MSVCRTD:chkstk.obj
 0002:000010b0       $xdatasym                  00000001800180b0     MSVCRTD:amdsecgs.obj
 0002:000010b4       $unwind$?dllmain_crt_process_attach@@YAHQEAUHINSTANCE__@@QEAX@Z 00000001800180b4     MSVCRTD:dll_dllmain.obj
 0002:000010d4       $unwind$?fin$0@?0??dllmain_crt_process_attach@@YAHQEAUHINSTANCE__@@QEAX@Z@4HA 00000001800180d4     MSVCRTD:dll_dllmain.obj
 0002:000010d4       $unwind$?fin$0@?0??dllmain_crt_process_detach@@YAH_N@Z@4HA 00000001800180d4     MSVCRTD:dll_dllmain.obj
 0002:000010d4       $unwind$?fin$1@?0??dllmain_crt_process_detach@@YAH_N@Z@4HA 00000001800180d4     MSVCRTD:dll_dllmain.obj
 0002:000010d4       $unwind$__scrt_is_nonwritable_in_current_image$filt$0 00000001800180d4     MSVCRTD:utility.obj
 0002:000010dc       $unwind$?dllmain_crt_process_detach@@YAH_N@Z 00000001800180dc     MSVCRTD:dll_dllmain.obj
 0002:0000110c       $unwind$?dllmain_dispatch@@YAHQEAUHINSTANCE__@@KQEAX@Z 000000018001810c     MSVCRTD:dll_dllmain.obj
 0002:0000112c       $unwind$?filt$0@?0??dllmain_dispatch@@YAHQEAUHINSTANCE__@@KQEAX@Z@4HA 000000018001812c     MSVCRTD:dll_dllmain.obj
 0002:00001134       $unwind$_DllMainCRTStartup 0000000180018134     MSVCRTD:dll_dllmain.obj
 0002:00001134       $unwind$DllMain            0000000180018134     MSVCRTD:dll_dllmain_stub.obj
 0002:0000113c       $unwind$capture_previous_context 000000018001813c     MSVCRTD:gs_report.obj
 0002:00001144       $unwind$__scrt_initialize_default_local_stdio_options 0000000180018144     MSVCRTD:default_local_stdio_options.obj
 0002:00001144       $unwind$__security_init_cookie 0000000180018144     MSVCRTD:gs_support.obj
 0002:0000114c       $unwind$__get_entropy      000000018001814c     MSVCRTD:gs_support.obj
 0002:00001154       $unwind$?__scrt_initialize_type_info@@YAXXZ 0000000180018154     MSVCRTD:tncleanup.obj
 0002:00001154       $unwind$?__scrt_uninitialize_type_info@@YAXXZ 0000000180018154     MSVCRTD:tncleanup.obj
 0002:00001154       $unwind$?configure_argv@__scrt_narrow_argv_policy@@SAHXZ 0000000180018154     MSVCRTD:utility.obj
 0002:00001154       $unwind$?initialize_environment@__scrt_narrow_environment_policy@@SAHXZ 0000000180018154     MSVCRTD:utility.obj
 0002:00001154       $unwind$__scrt_dllmain_after_initialize_c 0000000180018154     MSVCRTD:utility.obj
 0002:00001154       $unwind$__scrt_dllmain_before_initialize_c 0000000180018154     MSVCRTD:utility.obj
 0002:00001154       $unwind$__scrt_dllmain_crt_thread_attach 0000000180018154     MSVCRTD:utility.obj
 0002:00001154       $unwind$__scrt_dllmain_crt_thread_detach 0000000180018154     MSVCRTD:utility.obj
 0002:00001154       $unwind$__scrt_dllmain_uninitialize_c 0000000180018154     MSVCRTD:utility.obj
 0002:00001154       $unwind$__scrt_dllmain_uninitialize_critical 0000000180018154     MSVCRTD:utility.obj
 0002:0000115c       $unwind$__scrt_is_nonwritable_in_current_image 000000018001815c     MSVCRTD:utility.obj
 0002:0000117c       $unwind$__scrt_acquire_startup_lock 000000018001817c     MSVCRTD:utility.obj
 0002:00001184       $unwind$__scrt_initialize_crt 0000000180018184     MSVCRTD:utility.obj
 0002:00001184       $unwind$__scrt_release_startup_lock 0000000180018184     MSVCRTD:utility.obj
 0002:0000118c       $unwind$__scrt_uninitialize_crt 000000018001818c     MSVCRTD:utility.obj
 0002:00001194       $unwind$__scrt_initialize_onexit_tables 0000000180018194     MSVCRTD:utility.obj
 0002:000011a0       $unwind$__scrt_fastfail    00000001800181a0     MSVCRTD:utility_desktop.obj
 0002:000011ac       $unwind$_RTC_Initialize    00000001800181ac     MSVCRTD:initsect.obj
 0002:000011ac       $unwind$_RTC_Terminate     00000001800181ac     MSVCRTD:initsect.obj
 0002:000011b8       $unwind$__isa_available_init 00000001800181b8     MSVCRTD:cpu_disp.obj
 0002:000011c8       $unwind$__scrt_is_ucrt_dll_in_use 00000001800181c8     MSVCRTD:ucrt_detection.obj
 0002:000011d0       $xdatasym                  00000001800181d0     MSVCRTD:guard_dispatch.obj
 0002:000011d8       $xdatasym                  00000001800181d8     MSVCRTD:guard_xfg_dispatch.obj
 0002:000011e0       .edata                     00000001800181e0     P5Engine.exp
 0002:00001208       rgpv                       0000000180018208     P5Engine.exp
 0002:00001210       rgszName                   0000000180018210     P5Engine.exp
 0002:00001218       rgwOrd                     0000000180018218     P5Engine.exp
 0002:0000121c       szName                     000000018001821c     P5Engine.exp
 0002:00001229       $N00001                    0000000180018229     P5Engine.exp
 0002:0000123d       $N00002                    000000018001823d     P5Engine.exp
 0002:000013e0       .idata$6                   00000001800183e0     vcruntimed:VCRUNTIME140D.dll
 0002:000014ba       .idata$6                   00000001800184ba     ucrtd:ucrtbased.dll
 0002:0000162e       .idata$6                   000000018001862e     kernel32:KERNEL32.dll
 0003:00000000       ?RandomNumberTable@@3PAIA  0000000180019000     p5engine.obj
 0003:00004050       ?Platform@@3Uplatform_api@@A 000000018001d050     p5engine.obj
 0003:000040b0       ?__proc_attached@@3HA      000000018001d0b0     MSVCRTD:dll_dllmain.obj
 0003:000040c0       GS_ExceptionRecord         000000018001d0c0     MSVCRTD:gs_report.obj
 0003:00004160       GS_ContextRecord           000000018001d160     MSVCRTD:gs_report.obj
 0003:00004660       ?is_initialized_as_dll@@3_NA 000000018001d660     MSVCRTD:utility.obj
 0003:00004661       ?module_local_atexit_table_initialized@@3_NA 000000018001d661     MSVCRTD:utility.obj
 0003:00004668       ?module_local_atexit_table@@3U_onexit_table_t@@A 000000018001d668     MSVCRTD:utility.obj
 0003:00004680       ?module_local_at_quick_exit_table@@3U_onexit_table_t@@A 000000018001d680     MSVCRTD:utility.obj
 0005:00000000       __20BB4341_malloc@h        000000018001f000     p5engine.obj
 0005:00000001       __A435B42B_p5engine_types@h 000000018001f001     p5engine.obj
 0005:00000002       __7D4BEAAE_p5engine_platform@h 000000018001f002     p5engine.obj
 0005:00000003       __741AE07E_corecrt_math@h  000000018001f003     p5engine.obj
 0005:00000004       __7BF3FA8A_p5engine_intrinsics@h 000000018001f004     p5engine.obj
 0005:00000005       __87290AA6_p5engine_math@h 000000018001f005     p5engine.obj
 0005:00000006       __B7A387D6_p5engine_random@h 000000018001f006     p5engine.obj
 0005:00000007       __F17FF173_p5engine_entity@h 000000018001f007     p5engine.obj
 0005:00000008       __72A74871_p5engine_asset@h 000000018001f008     p5engine.obj
 0005:00000009       __BD87FD4A_p5engine@h      000000018001f009     p5engine.obj
 0005:0000000a       __6F2BF339_p5engine_render_group@cpp 000000018001f00a     p5engine.obj
 0005:0000000b       __281AC6F8_p5engine_world@cpp 000000018001f00b     p5engine.obj
 0005:0000000c       __B07C4A52_p5engine_sim_region@cpp 000000018001f00c     p5engine.obj
 0005:0000000d       __BDC7FEEB_p5engine_entity@cpp 000000018001f00d     p5engine.obj
 0005:0000000e       __3D4C1499_p5engine_asset@cpp 000000018001f00e     p5engine.obj
 0005:0000000f       __39A8D9B6_p5engine_audio@cpp 000000018001f00f     p5engine.obj
 0005:00000010       __BAF57382_p5engine@cpp    000000018001f010     p5engine.obj
 0005:00000011       __20BB4341_malloc@h        000000018001f011     p5engine_optimized.obj
 0005:00000012       __A435B42B_p5engine_types@h 000000018001f012     p5engine_optimized.obj
 0005:00000013       __7D4BEAAE_p5engine_platform@h 000000018001f013     p5engine_optimized.obj
 0005:00000014       __741AE07E_corecrt_math@h  000000018001f014     p5engine_optimized.obj
 0005:00000015       __7BF3FA8A_p5engine_intrinsics@h 000000018001f015     p5engine_optimized.obj
 0005:00000016       __87290AA6_p5engine_math@h 000000018001f016     p5engine_optimized.obj
 0005:00000017       __B7A387D6_p5engine_random@h 000000018001f017     p5engine_optimized.obj
 0005:00000018       __F17FF173_p5engine_entity@h 000000018001f018     p5engine_optimized.obj
 0005:00000019       __72A74871_p5engine_asset@h 000000018001f019     p5engine_optimized.obj
 0005:0000001a       __BD87FD4A_p5engine@h      000000018001f01a     p5engine_optimized.obj
 0005:0000001b       __03FC23C0_p5engine_optimized@cpp 000000018001f01b     p5engine_optimized.obj
 0006:00000060       $R000000                   0000000180020060     * linker generated manifest res *
